sysbench 1.0.20-ebf1c90 (using bundled LuaJIT 2.1.0-beta2)

Running the test with following options:
Number of threads: 200
Report intermediate results every 10 second(s)
Initializing random number generator from current time


Initializing worker threads...

Threads started!

[ 10s ] thds: 200 tps: 6966.96 qps: 139539.61 (r/w/o: 97708.34/27878.05/13953.22) lat (ms,95%): 34.95 err/s: 0.00 reconn/s: 0.00
[ 20s ] thds: 200 tps: 8237.09 qps: 164737.85 (r/w/o: 115310.99/32952.67/16474.18) lat (ms,95%): 24.38 err/s: 0.00 reconn/s: 0.00
[ 30s ] thds: 200 tps: 8605.91 qps: 172135.41 (r/w/o: 120504.64/34419.44/17211.32) lat (ms,95%): 23.95 err/s: 0.10 reconn/s: 0.00
[ 40s ] thds: 200 tps: 8581.09 qps: 171602.11 (r/w/o: 120114.40/34325.14/17162.57) lat (ms,95%): 23.95 err/s: 0.00 reconn/s: 0.00
[ 50s ] thds: 200 tps: 8615.61 qps: 172316.42 (r/w/o: 120623.39/34462.42/17230.61) lat (ms,95%): 23.95 err/s: 0.00 reconn/s: 0.00
[ 60s ] thds: 200 tps: 8615.72 qps: 172354.93 (r/w/o: 120658.53/34463.47/17232.93) lat (ms,95%): 23.95 err/s: 0.10 reconn/s: 0.00
[ 70s ] thds: 200 tps: 8443.50 qps: 168789.08 (r/w/o: 118137.19/33764.70/16887.20) lat (ms,95%): 26.68 err/s: 0.00 reconn/s: 0.00
[ 80s ] thds: 200 tps: 8280.29 qps: 165633.34 (r/w/o: 115949.79/33123.17/16560.38) lat (ms,95%): 28.16 err/s: 0.00 reconn/s: 0.00
[ 90s ] thds: 200 tps: 8586.19 qps: 171701.51 (r/w/o: 120179.16/34350.46/17171.88) lat (ms,95%): 24.38 err/s: 0.00 reconn/s: 0.00
[ 100s ] thds: 200 tps: 8606.08 qps: 172183.07 (r/w/o: 120538.27/34434.13/17210.67) lat (ms,95%): 23.95 err/s: 0.00 reconn/s: 0.00
[ 110s ] thds: 200 tps: 8611.70 qps: 172265.23 (r/w/o: 120588.75/34452.29/17224.19) lat (ms,95%): 23.95 err/s: 0.00 reconn/s: 0.00
[ 120s ] thds: 200 tps: 8607.12 qps: 172088.09 (r/w/o: 120457.94/34415.80/17214.35) lat (ms,95%): 23.95 err/s: 0.00 reconn/s: 0.00
[ 130s ] thds: 200 tps: 8617.27 qps: 172334.87 (r/w/o: 120633.36/34465.77/17235.74) lat (ms,95%): 23.95 err/s: 0.00 reconn/s: 0.00
[ 140s ] thds: 200 tps: 8459.42 qps: 169171.40 (r/w/o: 118419.28/33833.58/16918.54) lat (ms,95%): 25.74 err/s: 0.00 reconn/s: 0.00
[ 150s ] thds: 200 tps: 8215.30 qps: 164275.12 (r/w/o: 114981.94/32862.48/16430.69) lat (ms,95%): 27.66 err/s: 0.00 reconn/s: 0.00
[ 160s ] thds: 200 tps: 8590.80 qps: 171836.82 (r/w/o: 120293.01/34362.50/17181.30) lat (ms,95%): 24.38 err/s: 0.00 reconn/s: 0.00
[ 170s ] thds: 200 tps: 8607.80 qps: 172167.44 (r/w/o: 120515.23/34436.51/17215.70) lat (ms,95%): 23.95 err/s: 0.10 reconn/s: 0.00
[ 180s ] thds: 200 tps: 8583.58 qps: 171707.04 (r/w/o: 120198.45/34342.43/17166.16) lat (ms,95%): 24.38 err/s: 0.00 reconn/s: 0.00
[ 190s ] thds: 200 tps: 8594.42 qps: 171819.99 (r/w/o: 120261.87/34369.88/17188.24) lat (ms,95%): 24.38 err/s: 0.00 reconn/s: 0.00
[ 200s ] thds: 200 tps: 8593.40 qps: 171970.71 (r/w/o: 120405.94/34375.88/17188.89) lat (ms,95%): 24.38 err/s: 0.00 reconn/s: 0.00
[ 210s ] thds: 200 tps: 8483.50 qps: 169631.75 (r/w/o: 118743.43/33920.81/16967.50) lat (ms,95%): 25.74 err/s: 0.00 reconn/s: 0.00
[ 220s ] thds: 200 tps: 8190.59 qps: 163865.32 (r/w/o: 114711.77/32772.76/16380.78) lat (ms,95%): 28.16 err/s: 0.00 reconn/s: 0.00
[ 230s ] thds: 200 tps: 8545.81 qps: 170778.48 (r/w/o: 119509.12/34177.84/17091.52) lat (ms,95%): 24.38 err/s: 0.00 reconn/s: 0.00
[ 240s ] thds: 200 tps: 8497.60 qps: 170050.18 (r/w/o: 119061.58/33992.80/16995.80) lat (ms,95%): 24.83 err/s: 0.00 reconn/s: 0.00
[ 250s ] thds: 200 tps: 8370.91 qps: 167317.40 (r/w/o: 117098.34/33478.14/16740.92) lat (ms,95%): 27.17 err/s: 0.00 reconn/s: 0.00
[ 260s ] thds: 200 tps: 8491.60 qps: 169994.74 (r/w/o: 119019.43/33992.31/16983.00) lat (ms,95%): 24.83 err/s: 0.00 reconn/s: 0.00
[ 270s ] thds: 200 tps: 8595.07 qps: 171886.19 (r/w/o: 120328.77/34366.88/17190.54) lat (ms,95%): 24.38 err/s: 0.00 reconn/s: 0.00
[ 280s ] thds: 200 tps: 8460.52 qps: 169047.32 (r/w/o: 118292.39/33834.98/16919.94) lat (ms,95%): 25.74 err/s: 0.00 reconn/s: 0.00
[ 290s ] thds: 200 tps: 8172.71 qps: 163516.30 (r/w/o: 114485.44/32683.74/16347.12) lat (ms,95%): 28.16 err/s: 0.00 reconn/s: 0.00
[ 300s ] thds: 200 tps: 8472.76 qps: 169513.45 (r/w/o: 118674.50/33893.63/16945.32) lat (ms,95%): 24.83 err/s: 0.00 reconn/s: 0.00
[ 310s ] thds: 200 tps: 8499.33 qps: 170032.01 (r/w/o: 119028.46/34004.70/16998.85) lat (ms,95%): 24.83 err/s: 0.10 reconn/s: 0.00
[ 320s ] thds: 200 tps: 8564.38 qps: 171154.26 (r/w/o: 119777.26/34248.53/17128.47) lat (ms,95%): 24.38 err/s: 0.00 reconn/s: 0.00
[ 330s ] thds: 200 tps: 8518.02 qps: 170406.12 (r/w/o: 119295.39/34074.08/17036.64) lat (ms,95%): 24.83 err/s: 0.00 reconn/s: 0.00
[ 340s ] thds: 200 tps: 8574.00 qps: 171508.63 (r/w/o: 120058.55/34302.69/17147.39) lat (ms,95%): 24.38 err/s: 0.00 reconn/s: 0.00
[ 350s ] thds: 200 tps: 8445.80 qps: 169004.49 (r/w/o: 118312.16/33800.52/16891.81) lat (ms,95%): 25.74 err/s: 0.00 reconn/s: 0.00
[ 360s ] thds: 200 tps: 8159.71 qps: 163051.80 (r/w/o: 114119.74/32612.04/16320.02) lat (ms,95%): 28.16 err/s: 0.00 reconn/s: 0.00
[ 370s ] thds: 200 tps: 8457.99 qps: 169115.90 (r/w/o: 118365.86/33834.06/16915.98) lat (ms,95%): 25.28 err/s: 0.00 reconn/s: 0.00
[ 380s ] thds: 200 tps: 8514.70 qps: 170416.66 (r/w/o: 119305.87/34082.69/17028.10) lat (ms,95%): 24.83 err/s: 0.10 reconn/s: 0.00
[ 390s ] thds: 200 tps: 8529.00 qps: 170469.69 (r/w/o: 119309.69/34104.10/17055.90) lat (ms,95%): 24.83 err/s: 0.10 reconn/s: 0.00
[ 400s ] thds: 200 tps: 8498.80 qps: 170133.64 (r/w/o: 119142.83/33989.41/17001.40) lat (ms,95%): 24.83 err/s: 0.00 reconn/s: 0.00
[ 410s ] thds: 200 tps: 8501.10 qps: 170026.87 (r/w/o: 119006.28/34018.69/17001.90) lat (ms,95%): 24.83 err/s: 0.10 reconn/s: 0.00
[ 420s ] thds: 200 tps: 8399.90 qps: 168011.00 (r/w/o: 117615.70/33595.40/16799.90) lat (ms,95%): 25.74 err/s: 0.00 reconn/s: 0.00
[ 430s ] thds: 200 tps: 8166.61 qps: 163273.03 (r/w/o: 114289.96/32649.35/16333.72) lat (ms,95%): 28.16 err/s: 0.00 reconn/s: 0.00
[ 440s ] thds: 200 tps: 8437.10 qps: 168689.54 (r/w/o: 118066.33/33749.11/16874.10) lat (ms,95%): 25.28 err/s: 0.00 reconn/s: 0.00
[ 450s ] thds: 200 tps: 8518.87 qps: 170294.00 (r/w/o: 119182.05/34078.50/17033.45) lat (ms,95%): 24.83 err/s: 0.00 reconn/s: 0.00
[ 460s ] thds: 200 tps: 8529.18 qps: 170746.98 (r/w/o: 119558.60/34126.82/17061.56) lat (ms,95%): 24.38 err/s: 0.00 reconn/s: 0.00
[ 470s ] thds: 200 tps: 8518.54 qps: 170194.40 (r/w/o: 119096.39/34062.24/17035.77) lat (ms,95%): 24.83 err/s: 0.00 reconn/s: 0.00
[ 480s ] thds: 200 tps: 8469.21 qps: 169590.51 (r/w/o: 118758.75/33891.04/16940.72) lat (ms,95%): 24.83 err/s: 0.00 reconn/s: 0.00
[ 490s ] thds: 200 tps: 8402.99 qps: 168016.45 (r/w/o: 117611.32/33598.95/16806.17) lat (ms,95%): 26.20 err/s: 0.00 reconn/s: 0.00
[ 500s ] thds: 200 tps: 8186.80 qps: 163609.44 (r/w/o: 114492.06/32743.89/16373.49) lat (ms,95%): 28.16 err/s: 0.00 reconn/s: 0.00
[ 510s ] thds: 200 tps: 8211.82 qps: 164368.74 (r/w/o: 115093.14/32851.77/16423.83) lat (ms,95%): 28.16 err/s: 0.10 reconn/s: 0.00
[ 520s ] thds: 200 tps: 8508.06 qps: 170155.52 (r/w/o: 119092.05/34048.64/17014.82) lat (ms,95%): 24.83 err/s: 0.00 reconn/s: 0.00
[ 530s ] thds: 200 tps: 8525.32 qps: 170554.23 (r/w/o: 119385.30/34118.49/17050.44) lat (ms,95%): 24.38 err/s: 0.00 reconn/s: 0.00
[ 540s ] thds: 200 tps: 8452.52 qps: 169016.61 (r/w/o: 118333.72/33776.26/16906.63) lat (ms,95%): 24.83 err/s: 0.00 reconn/s: 0.00
[ 550s ] thds: 200 tps: 8533.89 qps: 170656.30 (r/w/o: 119440.89/34149.34/17066.07) lat (ms,95%): 24.38 err/s: 0.00 reconn/s: 0.00
[ 560s ] thds: 200 tps: 8388.21 qps: 167650.48 (r/w/o: 117334.90/33537.26/16778.33) lat (ms,95%): 25.74 err/s: 0.10 reconn/s: 0.00
[ 570s ] thds: 200 tps: 8239.49 qps: 164946.00 (r/w/o: 115503.86/32962.96/16479.18) lat (ms,95%): 27.17 err/s: 0.00 reconn/s: 0.00
[ 580s ] thds: 200 tps: 8242.41 qps: 164832.31 (r/w/o: 115360.68/32987.92/16483.71) lat (ms,95%): 27.66 err/s: 0.00 reconn/s: 0.00
[ 590s ] thds: 200 tps: 8412.19 qps: 168202.93 (r/w/o: 117753.28/33624.17/16825.48) lat (ms,95%): 25.28 err/s: 0.00 reconn/s: 0.00
[ 600s ] thds: 200 tps: 8474.40 qps: 169393.88 (r/w/o: 118544.28/33902.40/16947.20) lat (ms,95%): 24.83 err/s: 0.00 reconn/s: 0.00
[ 610s ] thds: 200 tps: 8437.51 qps: 168744.77 (r/w/o: 118118.59/33750.65/16875.53) lat (ms,95%): 24.83 err/s: 0.00 reconn/s: 0.00
[ 620s ] thds: 200 tps: 8510.70 qps: 170362.27 (r/w/o: 119277.48/34063.59/17021.20) lat (ms,95%): 24.83 err/s: 0.00 reconn/s: 0.00
[ 630s ] thds: 200 tps: 8373.88 qps: 167399.29 (r/w/o: 117181.31/33468.82/16749.16) lat (ms,95%): 25.28 err/s: 0.00 reconn/s: 0.00
[ 640s ] thds: 200 tps: 8240.71 qps: 164736.85 (r/w/o: 115292.80/32962.63/16481.41) lat (ms,95%): 27.66 err/s: 0.00 reconn/s: 0.00
[ 650s ] thds: 200 tps: 8145.20 qps: 162985.52 (r/w/o: 114114.11/32581.00/16290.40) lat (ms,95%): 28.16 err/s: 0.00 reconn/s: 0.00
[ 660s ] thds: 200 tps: 8436.51 qps: 168685.93 (r/w/o: 118067.66/33745.35/16872.92) lat (ms,95%): 24.83 err/s: 0.00 reconn/s: 0.00
[ 670s ] thds: 200 tps: 8399.09 qps: 167981.86 (r/w/o: 117587.13/33596.65/16798.08) lat (ms,95%): 25.28 err/s: 0.00 reconn/s: 0.00
[ 680s ] thds: 200 tps: 8441.80 qps: 168793.78 (r/w/o: 118142.28/33767.90/16883.60) lat (ms,95%): 25.28 err/s: 0.00 reconn/s: 0.00
[ 690s ] thds: 200 tps: 8481.70 qps: 169783.25 (r/w/o: 118887.43/33931.81/16964.00) lat (ms,95%): 24.83 err/s: 0.00 reconn/s: 0.00
[ 700s ] thds: 200 tps: 8417.00 qps: 168266.88 (r/w/o: 117771.96/33661.02/16833.91) lat (ms,95%): 25.28 err/s: 0.00 reconn/s: 0.00
[ 710s ] thds: 200 tps: 8268.41 qps: 165425.51 (r/w/o: 115794.58/33096.12/16534.81) lat (ms,95%): 27.17 err/s: 0.00 reconn/s: 0.00
[ 720s ] thds: 200 tps: 8157.48 qps: 163178.52 (r/w/o: 114238.47/32623.30/16316.75) lat (ms,95%): 28.16 err/s: 0.00 reconn/s: 0.00
[ 730s ] thds: 200 tps: 8310.31 qps: 166103.34 (r/w/o: 116257.17/33225.35/16620.82) lat (ms,95%): 26.20 err/s: 0.00 reconn/s: 0.00
[ 740s ] thds: 200 tps: 8401.09 qps: 167988.24 (r/w/o: 117580.39/33605.77/16802.08) lat (ms,95%): 25.28 err/s: 0.00 reconn/s: 0.00
[ 750s ] thds: 200 tps: 8364.76 qps: 167430.26 (r/w/o: 117213.28/33488.05/16728.93) lat (ms,95%): 26.20 err/s: 0.00 reconn/s: 0.00
[ 760s ] thds: 200 tps: 8394.54 qps: 167848.07 (r/w/o: 117508.14/33550.05/16789.88) lat (ms,95%): 25.28 err/s: 0.00 reconn/s: 0.00
[ 770s ] thds: 200 tps: 8356.01 qps: 167117.24 (r/w/o: 116983.00/33422.13/16712.11) lat (ms,95%): 25.28 err/s: 0.00 reconn/s: 0.00
[ 780s ] thds: 200 tps: 8242.97 qps: 164733.35 (r/w/o: 115271.35/32977.77/16484.24) lat (ms,95%): 27.17 err/s: 0.00 reconn/s: 0.00
[ 790s ] thds: 200 tps: 8141.34 qps: 162833.76 (r/w/o: 113983.70/32568.17/16281.89) lat (ms,95%): 28.16 err/s: 0.00 reconn/s: 0.00
[ 800s ] thds: 200 tps: 8398.68 qps: 167967.70 (r/w/o: 117578.05/33590.80/16798.85) lat (ms,95%): 25.28 err/s: 0.10 reconn/s: 0.00
[ 810s ] thds: 200 tps: 8462.98 qps: 169418.04 (r/w/o: 118641.88/33849.01/16927.15) lat (ms,95%): 24.83 err/s: 0.00 reconn/s: 0.00
[ 820s ] thds: 200 tps: 8439.22 qps: 168810.60 (r/w/o: 118160.75/33771.30/16878.55) lat (ms,95%): 24.83 err/s: 0.10 reconn/s: 0.00
[ 830s ] thds: 200 tps: 8393.92 qps: 167893.35 (r/w/o: 117529.91/33575.59/16787.84) lat (ms,95%): 25.28 err/s: 0.00 reconn/s: 0.00
[ 840s ] thds: 200 tps: 8398.79 qps: 167803.43 (r/w/o: 117423.41/33582.65/16797.37) lat (ms,95%): 25.28 err/s: 0.00 reconn/s: 0.00
SQL statistics:
    queries performed:
        read:                            98954422
        write:                           28272655
        other:                           14136361
        total:                           141363438
    transactions:                        7068162 (8410.94 per sec.)
    queries:                             141363438 (168219.06 per sec.)
    ignored errors:                      11     (0.01 per sec.)
    reconnects:                          0      (0.00 per sec.)

General statistics:
    total time:                          840.3523s
    total number of events:              7068162

Latency (ms):
         min:                                   21.54
         avg:                                   23.77
         max:                                  376.25
         95th percentile:                       25.28
         sum:                            168014419.50

Threads fairness:
    events (avg/stddev):           35340.8100/49.96
    execution time (avg/stddev):   840.0721/0.08

