sysbench 1.0.20-ebf1c90 (using bundled LuaJIT 2.1.0-beta2)

Running the test with following options:
Number of threads: 200
Report intermediate results every 10 second(s)
Initializing random number generator from current time


Initializing worker threads...

Threads started!

[ 10s ] thds: 200 tps: 6945.64 qps: 139094.03 (r/w/o: 97391.71/27791.75/13910.57) lat (ms,95%): 34.95 err/s: 0.00 reconn/s: 0.00
[ 20s ] thds: 200 tps: 8234.52 qps: 164716.75 (r/w/o: 115306.45/32941.87/16468.44) lat (ms,95%): 24.38 err/s: 0.00 reconn/s: 0.00
[ 30s ] thds: 200 tps: 8608.30 qps: 172123.93 (r/w/o: 120480.52/34426.71/17216.70) lat (ms,95%): 23.95 err/s: 0.00 reconn/s: 0.00
[ 40s ] thds: 200 tps: 8580.95 qps: 171664.34 (r/w/o: 120172.46/34329.79/17162.09) lat (ms,95%): 23.95 err/s: 0.00 reconn/s: 0.00
[ 50s ] thds: 200 tps: 8615.56 qps: 172295.66 (r/w/o: 120603.21/34460.93/17231.52) lat (ms,95%): 23.95 err/s: 0.00 reconn/s: 0.00
[ 60s ] thds: 200 tps: 8619.92 qps: 172371.79 (r/w/o: 120656.87/34475.08/17239.84) lat (ms,95%): 23.95 err/s: 0.00 reconn/s: 0.00
[ 70s ] thds: 200 tps: 8444.80 qps: 168896.05 (r/w/o: 118221.37/33792.19/16882.50) lat (ms,95%): 26.68 err/s: 0.00 reconn/s: 0.00
[ 80s ] thds: 200 tps: 8280.28 qps: 165617.03 (r/w/o: 115929.07/33119.71/16568.25) lat (ms,95%): 28.16 err/s: 0.00 reconn/s: 0.00
[ 90s ] thds: 200 tps: 8579.51 qps: 171640.63 (r/w/o: 120171.36/34310.55/17158.72) lat (ms,95%): 24.38 err/s: 0.00 reconn/s: 0.00
[ 100s ] thds: 200 tps: 8612.15 qps: 172203.67 (r/w/o: 120537.85/34441.41/17224.41) lat (ms,95%): 23.95 err/s: 0.00 reconn/s: 0.00
[ 110s ] thds: 200 tps: 8615.03 qps: 172300.34 (r/w/o: 120610.05/34459.93/17230.36) lat (ms,95%): 23.95 err/s: 0.10 reconn/s: 0.00
[ 120s ] thds: 200 tps: 8606.60 qps: 172130.25 (r/w/o: 120485.67/34432.19/17212.40) lat (ms,95%): 23.95 err/s: 0.10 reconn/s: 0.00
[ 130s ] thds: 200 tps: 8615.40 qps: 172323.27 (r/w/o: 120620.95/34471.01/17231.31) lat (ms,95%): 23.95 err/s: 0.00 reconn/s: 0.00
[ 140s ] thds: 200 tps: 8463.59 qps: 169292.76 (r/w/o: 118503.20/33861.97/16927.59) lat (ms,95%): 25.74 err/s: 0.00 reconn/s: 0.00
[ 150s ] thds: 200 tps: 8209.90 qps: 164242.95 (r/w/o: 114990.33/32833.71/16418.90) lat (ms,95%): 27.66 err/s: 0.00 reconn/s: 0.00
[ 160s ] thds: 200 tps: 8595.90 qps: 171857.48 (r/w/o: 120287.59/34377.90/17192.00) lat (ms,95%): 24.38 err/s: 0.00 reconn/s: 0.00
[ 170s ] thds: 200 tps: 8609.20 qps: 172201.85 (r/w/o: 120547.26/34436.19/17218.39) lat (ms,95%): 23.95 err/s: 0.00 reconn/s: 0.00
[ 180s ] thds: 200 tps: 8588.79 qps: 171731.02 (r/w/o: 120205.98/34347.16/17177.88) lat (ms,95%): 24.38 err/s: 0.00 reconn/s: 0.00
[ 190s ] thds: 200 tps: 8590.01 qps: 171866.97 (r/w/o: 120325.19/34360.85/17180.93) lat (ms,95%): 24.38 err/s: 0.10 reconn/s: 0.00
[ 200s ] thds: 200 tps: 8602.62 qps: 171981.02 (r/w/o: 120363.32/34412.96/17204.73) lat (ms,95%): 24.38 err/s: 0.00 reconn/s: 0.00
[ 210s ] thds: 200 tps: 8492.07 qps: 169787.88 (r/w/o: 118842.23/33960.80/16984.85) lat (ms,95%): 25.28 err/s: 0.00 reconn/s: 0.00
[ 220s ] thds: 200 tps: 8191.90 qps: 163844.14 (r/w/o: 114693.56/32767.79/16382.79) lat (ms,95%): 28.16 err/s: 0.00 reconn/s: 0.00
[ 230s ] thds: 200 tps: 8529.61 qps: 170758.85 (r/w/o: 119562.20/34136.43/17060.21) lat (ms,95%): 24.38 err/s: 0.00 reconn/s: 0.00
[ 240s ] thds: 200 tps: 8513.20 qps: 170109.94 (r/w/o: 119038.66/34047.09/17024.19) lat (ms,95%): 24.83 err/s: 0.10 reconn/s: 0.00
[ 250s ] thds: 200 tps: 8362.93 qps: 167407.20 (r/w/o: 117215.92/33463.82/16727.46) lat (ms,95%): 27.17 err/s: 0.00 reconn/s: 0.00
[ 260s ] thds: 200 tps: 8510.17 qps: 170093.38 (r/w/o: 119057.16/34015.18/17021.04) lat (ms,95%): 24.83 err/s: 0.00 reconn/s: 0.00
[ 270s ] thds: 200 tps: 8594.93 qps: 171886.41 (r/w/o: 120311.75/34384.70/17189.95) lat (ms,95%): 24.38 err/s: 0.10 reconn/s: 0.00
[ 280s ] thds: 200 tps: 8449.90 qps: 169107.92 (r/w/o: 118402.92/33805.00/16900.00) lat (ms,95%): 25.74 err/s: 0.00 reconn/s: 0.00
[ 290s ] thds: 200 tps: 8180.38 qps: 163563.17 (r/w/o: 114461.27/32743.33/16358.57) lat (ms,95%): 28.16 err/s: 0.10 reconn/s: 0.00
[ 300s ] thds: 200 tps: 8483.24 qps: 169545.30 (r/w/o: 118672.49/33904.04/16968.77) lat (ms,95%): 24.83 err/s: 0.10 reconn/s: 0.00
[ 310s ] thds: 200 tps: 8500.59 qps: 170060.80 (r/w/o: 119057.49/34001.54/17001.77) lat (ms,95%): 24.83 err/s: 0.00 reconn/s: 0.00
[ 320s ] thds: 200 tps: 8552.59 qps: 171182.12 (r/w/o: 119839.97/34237.76/17104.38) lat (ms,95%): 24.38 err/s: 0.00 reconn/s: 0.00
[ 330s ] thds: 200 tps: 8524.52 qps: 170426.62 (r/w/o: 119284.19/34095.88/17046.54) lat (ms,95%): 24.83 err/s: 0.00 reconn/s: 0.00
[ 340s ] thds: 200 tps: 8576.37 qps: 171501.12 (r/w/o: 120058.93/34286.16/17156.03) lat (ms,95%): 24.38 err/s: 0.00 reconn/s: 0.00
[ 350s ] thds: 200 tps: 8454.71 qps: 169109.49 (r/w/o: 118388.11/33811.66/16909.73) lat (ms,95%): 25.74 err/s: 0.00 reconn/s: 0.00
[ 360s ] thds: 200 tps: 8162.15 qps: 163120.16 (r/w/o: 114146.07/32651.29/16322.80) lat (ms,95%): 28.16 err/s: 0.00 reconn/s: 0.00
[ 370s ] thds: 200 tps: 8440.35 qps: 169017.12 (r/w/o: 118360.45/33774.48/16882.19) lat (ms,95%): 25.28 err/s: 0.00 reconn/s: 0.00
[ 380s ] thds: 200 tps: 8525.30 qps: 170420.45 (r/w/o: 119282.84/34086.71/17050.91) lat (ms,95%): 24.83 err/s: 0.10 reconn/s: 0.00
[ 390s ] thds: 200 tps: 8522.56 qps: 170488.17 (r/w/o: 119352.82/34090.13/17045.22) lat (ms,95%): 24.83 err/s: 0.00 reconn/s: 0.00
[ 400s ] thds: 200 tps: 8515.00 qps: 170197.31 (r/w/o: 119107.80/34059.50/17030.00) lat (ms,95%): 24.83 err/s: 0.00 reconn/s: 0.00
[ 410s ] thds: 200 tps: 8500.22 qps: 170022.53 (r/w/o: 119022.90/33999.19/17000.44) lat (ms,95%): 24.83 err/s: 0.00 reconn/s: 0.00
[ 420s ] thds: 200 tps: 8398.39 qps: 167990.68 (r/w/o: 117599.74/33593.86/16797.08) lat (ms,95%): 25.74 err/s: 0.10 reconn/s: 0.00
[ 430s ] thds: 200 tps: 8170.25 qps: 163320.09 (r/w/o: 114296.79/32683.60/16339.70) lat (ms,95%): 28.16 err/s: 0.10 reconn/s: 0.00
[ 440s ] thds: 200 tps: 8429.58 qps: 168692.85 (r/w/o: 118097.49/33739.21/16856.16) lat (ms,95%): 25.28 err/s: 0.20 reconn/s: 0.00
[ 450s ] thds: 200 tps: 8512.29 qps: 170310.42 (r/w/o: 119246.47/34034.76/17029.18) lat (ms,95%): 24.83 err/s: 0.00 reconn/s: 0.00
[ 460s ] thds: 200 tps: 8543.99 qps: 170770.13 (r/w/o: 119514.28/34168.57/17087.28) lat (ms,95%): 24.38 err/s: 0.00 reconn/s: 0.00
[ 470s ] thds: 200 tps: 8505.39 qps: 170251.04 (r/w/o: 119204.72/34034.85/17011.47) lat (ms,95%): 24.83 err/s: 0.10 reconn/s: 0.00
[ 480s ] thds: 200 tps: 8488.33 qps: 169710.91 (r/w/o: 118794.35/33939.60/16976.95) lat (ms,95%): 24.83 err/s: 0.00 reconn/s: 0.00
[ 490s ] thds: 200 tps: 8404.62 qps: 168006.47 (r/w/o: 117578.76/33618.57/16809.14) lat (ms,95%): 26.20 err/s: 0.00 reconn/s: 0.00
[ 500s ] thds: 200 tps: 8174.87 qps: 163580.30 (r/w/o: 114506.68/32726.68/16346.94) lat (ms,95%): 28.16 err/s: 0.10 reconn/s: 0.00
[ 510s ] thds: 200 tps: 8224.39 qps: 164389.16 (r/w/o: 115064.20/32873.77/16451.19) lat (ms,95%): 28.16 err/s: 0.00 reconn/s: 0.00
[ 520s ] thds: 200 tps: 8505.22 qps: 170162.90 (r/w/o: 119135.01/34016.76/17011.13) lat (ms,95%): 24.83 err/s: 0.00 reconn/s: 0.00
[ 530s ] thds: 200 tps: 8528.88 qps: 170582.64 (r/w/o: 119408.68/34116.01/17057.95) lat (ms,95%): 24.38 err/s: 0.10 reconn/s: 0.00
[ 540s ] thds: 200 tps: 8453.02 qps: 169006.75 (r/w/o: 118286.22/33814.39/16906.15) lat (ms,95%): 24.83 err/s: 0.00 reconn/s: 0.00
[ 550s ] thds: 200 tps: 8530.12 qps: 170657.82 (r/w/o: 119477.73/34120.16/17059.93) lat (ms,95%): 24.38 err/s: 0.00 reconn/s: 0.00
[ 560s ] thds: 200 tps: 8380.10 qps: 167706.00 (r/w/o: 117401.50/33544.50/16760.00) lat (ms,95%): 25.74 err/s: 0.00 reconn/s: 0.00
[ 570s ] thds: 200 tps: 8255.89 qps: 164971.65 (r/w/o: 115462.63/32996.75/16512.28) lat (ms,95%): 27.17 err/s: 0.00 reconn/s: 0.00
[ 580s ] thds: 200 tps: 8237.49 qps: 164789.90 (r/w/o: 115364.36/32950.46/16475.08) lat (ms,95%): 27.66 err/s: 0.00 reconn/s: 0.00
[ 590s ] thds: 200 tps: 8413.62 qps: 168186.58 (r/w/o: 117703.86/33657.68/16825.04) lat (ms,95%): 25.28 err/s: 0.00 reconn/s: 0.00
[ 600s ] thds: 200 tps: 8464.68 qps: 169415.78 (r/w/o: 118622.41/33862.22/16931.16) lat (ms,95%): 24.83 err/s: 0.00 reconn/s: 0.00
[ 610s ] thds: 200 tps: 8437.21 qps: 168779.95 (r/w/o: 118154.87/33750.45/16874.62) lat (ms,95%): 24.83 err/s: 0.00 reconn/s: 0.00
[ 620s ] thds: 200 tps: 8521.72 qps: 170355.52 (r/w/o: 119231.52/34080.46/17043.53) lat (ms,95%): 24.83 err/s: 0.00 reconn/s: 0.00
[ 630s ] thds: 200 tps: 8373.67 qps: 167418.54 (r/w/o: 117168.41/33505.79/16744.34) lat (ms,95%): 25.28 err/s: 0.00 reconn/s: 0.00
[ 640s ] thds: 200 tps: 8233.94 qps: 164729.62 (r/w/o: 115317.30/32944.14/16468.17) lat (ms,95%): 27.66 err/s: 0.10 reconn/s: 0.00
[ 650s ] thds: 200 tps: 8145.79 qps: 162889.58 (r/w/o: 114022.14/32575.36/16292.08) lat (ms,95%): 28.16 err/s: 0.00 reconn/s: 0.00
[ 660s ] thds: 200 tps: 8433.70 qps: 168733.15 (r/w/o: 118118.43/33747.41/16867.30) lat (ms,95%): 24.83 err/s: 0.00 reconn/s: 0.00
[ 670s ] thds: 200 tps: 8397.00 qps: 167989.57 (r/w/o: 117601.55/33592.11/16795.91) lat (ms,95%): 25.28 err/s: 0.10 reconn/s: 0.00
[ 680s ] thds: 200 tps: 8439.89 qps: 168805.05 (r/w/o: 118181.42/33742.65/16880.97) lat (ms,95%): 25.28 err/s: 0.10 reconn/s: 0.00
[ 690s ] thds: 200 tps: 8495.96 qps: 169788.11 (r/w/o: 118819.95/33975.94/16992.22) lat (ms,95%): 24.83 err/s: 0.00 reconn/s: 0.00
[ 700s ] thds: 200 tps: 8412.22 qps: 168281.07 (r/w/o: 117794.73/33663.89/16822.45) lat (ms,95%): 25.28 err/s: 0.00 reconn/s: 0.00
[ 710s ] thds: 200 tps: 8269.20 qps: 165432.13 (r/w/o: 115834.95/33056.69/16540.49) lat (ms,95%): 27.17 err/s: 0.00 reconn/s: 0.00
[ 720s ] thds: 200 tps: 8162.32 qps: 163213.38 (r/w/o: 114238.37/32650.38/16324.64) lat (ms,95%): 28.16 err/s: 0.00 reconn/s: 0.00
[ 730s ] thds: 200 tps: 8314.90 qps: 166221.19 (r/w/o: 116332.69/33260.60/16627.90) lat (ms,95%): 25.74 err/s: 0.00 reconn/s: 0.00
[ 740s ] thds: 200 tps: 8388.79 qps: 167914.57 (r/w/o: 117566.01/33569.87/16778.69) lat (ms,95%): 25.28 err/s: 0.10 reconn/s: 0.00
[ 750s ] thds: 200 tps: 8373.81 qps: 167458.01 (r/w/o: 117226.35/33482.94/16748.72) lat (ms,95%): 26.68 err/s: 0.10 reconn/s: 0.00
[ 760s ] thds: 200 tps: 8398.17 qps: 167851.44 (r/w/o: 117463.34/33593.37/16794.73) lat (ms,95%): 25.28 err/s: 0.00 reconn/s: 0.00
[ 770s ] thds: 200 tps: 8359.30 qps: 167165.56 (r/w/o: 117009.77/33435.99/16719.80) lat (ms,95%): 25.28 err/s: 0.00 reconn/s: 0.00
[ 780s ] thds: 200 tps: 8226.61 qps: 164725.77 (r/w/o: 115358.39/32913.65/16453.73) lat (ms,95%): 27.17 err/s: 0.00 reconn/s: 0.00
[ 790s ] thds: 200 tps: 8140.88 qps: 162779.67 (r/w/o: 113941.70/32556.41/16281.56) lat (ms,95%): 28.16 err/s: 0.00 reconn/s: 0.00
[ 800s ] thds: 200 tps: 8398.09 qps: 168001.87 (r/w/o: 117598.71/33607.17/16795.99) lat (ms,95%): 25.28 err/s: 0.00 reconn/s: 0.00
[ 810s ] thds: 200 tps: 8480.34 qps: 169423.19 (r/w/o: 118559.36/33903.36/16960.48) lat (ms,95%): 24.83 err/s: 0.00 reconn/s: 0.00
[ 820s ] thds: 200 tps: 8441.72 qps: 168872.21 (r/w/o: 118222.62/33765.26/16884.33) lat (ms,95%): 24.83 err/s: 0.00 reconn/s: 0.00
[ 830s ] thds: 200 tps: 8397.79 qps: 167959.00 (r/w/o: 117572.06/33591.26/16795.68) lat (ms,95%): 25.28 err/s: 0.10 reconn/s: 0.00
[ 840s ] thds: 200 tps: 8403.30 qps: 168208.22 (r/w/o: 117774.64/33626.78/16806.79) lat (ms,95%): 25.28 err/s: 0.00 reconn/s: 0.00
SQL statistics:
    queries performed:
        read:                            98964992
        write:                           28275644
        other:                           14137882
        total:                           141378518
    transactions:                        7068907 (8414.04 per sec.)
    queries:                             141378518 (168281.17 per sec.)
    ignored errors:                      21     (0.02 per sec.)
    reconnects:                          0      (0.00 per sec.)

General statistics:
    total time:                          840.1318s
    total number of events:              7068907

Latency (ms):
         min:                                   21.43
         avg:                                   23.76
         max:                                  160.08
         95th percentile:                       25.28
         sum:                            167991080.29

Threads fairness:
    events (avg/stddev):           35344.5350/47.25
    execution time (avg/stddev):   839.9554/0.02

