sysbench 1.0.20-ebf1c90 (using bundled LuaJIT 2.1.0-beta2)

Running the test with following options:
Number of threads: 200
Report intermediate results every 10 second(s)
Initializing random number generator from current time


Initializing worker threads...

Threads started!

[ 10s ] thds: 200 tps: 6949.10 qps: 139183.60 (r/w/o: 97459.72/27806.08/13917.79) lat (ms,95%): 34.95 err/s: 0.00 reconn/s: 0.00
[ 20s ] thds: 200 tps: 8237.35 qps: 164738.22 (r/w/o: 115315.51/32948.70/16474.00) lat (ms,95%): 24.38 err/s: 0.00 reconn/s: 0.00
[ 30s ] thds: 200 tps: 8608.37 qps: 172187.60 (r/w/o: 120537.68/34432.38/17217.54) lat (ms,95%): 23.95 err/s: 0.00 reconn/s: 0.00
[ 40s ] thds: 200 tps: 8583.04 qps: 171633.33 (r/w/o: 120135.28/34332.57/17165.48) lat (ms,95%): 23.95 err/s: 0.00 reconn/s: 0.00
[ 50s ] thds: 200 tps: 8615.60 qps: 172346.03 (r/w/o: 120643.55/34471.39/17231.09) lat (ms,95%): 23.95 err/s: 0.00 reconn/s: 0.00
[ 60s ] thds: 200 tps: 8620.40 qps: 172396.94 (r/w/o: 120682.86/34472.59/17241.49) lat (ms,95%): 23.95 err/s: 0.00 reconn/s: 0.00
[ 70s ] thds: 200 tps: 8449.82 qps: 168908.03 (r/w/o: 118214.23/33794.17/16899.63) lat (ms,95%): 26.68 err/s: 0.00 reconn/s: 0.00
[ 80s ] thds: 200 tps: 8281.88 qps: 165687.70 (r/w/o: 115995.02/33129.22/16563.46) lat (ms,95%): 28.16 err/s: 0.00 reconn/s: 0.00
[ 90s ] thds: 200 tps: 8585.60 qps: 171737.37 (r/w/o: 120212.68/34354.50/17170.20) lat (ms,95%): 24.38 err/s: 0.00 reconn/s: 0.00
[ 100s ] thds: 200 tps: 8609.00 qps: 172214.09 (r/w/o: 120567.19/34427.90/17219.00) lat (ms,95%): 23.95 err/s: 0.10 reconn/s: 0.00
[ 110s ] thds: 200 tps: 8613.49 qps: 172315.64 (r/w/o: 120627.52/34460.35/17227.77) lat (ms,95%): 23.95 err/s: 0.10 reconn/s: 0.00
[ 120s ] thds: 200 tps: 8611.72 qps: 172157.11 (r/w/o: 120492.32/34441.36/17223.43) lat (ms,95%): 23.95 err/s: 0.10 reconn/s: 0.00
[ 130s ] thds: 200 tps: 8620.71 qps: 172381.94 (r/w/o: 120659.67/34480.75/17241.52) lat (ms,95%): 23.95 err/s: 0.00 reconn/s: 0.00
[ 140s ] thds: 200 tps: 8464.95 qps: 169315.27 (r/w/o: 118526.65/33858.61/16930.01) lat (ms,95%): 25.74 err/s: 0.00 reconn/s: 0.00
[ 150s ] thds: 200 tps: 8216.94 qps: 164273.03 (r/w/o: 114972.41/32870.35/16430.27) lat (ms,95%): 27.66 err/s: 0.00 reconn/s: 0.00
[ 160s ] thds: 200 tps: 8592.60 qps: 171899.12 (r/w/o: 120341.11/34370.30/17187.70) lat (ms,95%): 24.38 err/s: 0.00 reconn/s: 0.00
[ 170s ] thds: 200 tps: 8610.43 qps: 172243.99 (r/w/o: 120572.98/34450.04/17220.97) lat (ms,95%): 23.95 err/s: 0.00 reconn/s: 0.00
[ 180s ] thds: 200 tps: 8586.06 qps: 171775.94 (r/w/o: 120260.07/34342.55/17173.32) lat (ms,95%): 24.38 err/s: 0.00 reconn/s: 0.00
[ 190s ] thds: 200 tps: 8595.12 qps: 171904.75 (r/w/o: 120318.65/34396.97/17189.14) lat (ms,95%): 24.38 err/s: 0.00 reconn/s: 0.00
[ 200s ] thds: 200 tps: 8605.88 qps: 172062.98 (r/w/o: 120454.91/34395.72/17212.36) lat (ms,95%): 24.38 err/s: 0.00 reconn/s: 0.00
[ 210s ] thds: 200 tps: 8488.32 qps: 169776.46 (r/w/o: 118849.32/33949.79/16977.35) lat (ms,95%): 25.74 err/s: 0.00 reconn/s: 0.00
[ 220s ] thds: 200 tps: 8193.45 qps: 163883.46 (r/w/o: 114720.45/32776.31/16386.71) lat (ms,95%): 28.16 err/s: 0.00 reconn/s: 0.00
[ 230s ] thds: 200 tps: 8543.35 qps: 170760.97 (r/w/o: 119496.98/34178.89/17085.10) lat (ms,95%): 24.38 err/s: 0.00 reconn/s: 0.00
[ 240s ] thds: 200 tps: 8503.17 qps: 170119.19 (r/w/o: 119104.07/34007.08/17008.04) lat (ms,95%): 24.83 err/s: 0.00 reconn/s: 0.00
[ 250s ] thds: 200 tps: 8372.96 qps: 167385.43 (r/w/o: 117147.76/33493.45/16744.22) lat (ms,95%): 27.17 err/s: 0.00 reconn/s: 0.00
[ 260s ] thds: 200 tps: 8497.11 qps: 170120.65 (r/w/o: 119127.91/33996.73/16996.02) lat (ms,95%): 24.83 err/s: 0.00 reconn/s: 0.00
[ 270s ] thds: 200 tps: 8598.86 qps: 171938.69 (r/w/o: 120354.10/34386.66/17197.93) lat (ms,95%): 24.38 err/s: 0.00 reconn/s: 0.00
[ 280s ] thds: 200 tps: 8460.11 qps: 169127.18 (r/w/o: 118352.03/33858.54/16916.62) lat (ms,95%): 25.74 err/s: 0.00 reconn/s: 0.00
[ 290s ] thds: 200 tps: 8178.75 qps: 163528.24 (r/w/o: 114472.86/32694.79/16360.59) lat (ms,95%): 28.16 err/s: 0.00 reconn/s: 0.00
[ 300s ] thds: 200 tps: 8476.14 qps: 169589.08 (r/w/o: 118729.72/33906.88/16952.49) lat (ms,95%): 24.83 err/s: 0.00 reconn/s: 0.00
[ 310s ] thds: 200 tps: 8501.49 qps: 170076.49 (r/w/o: 119068.65/34005.06/17002.78) lat (ms,95%): 24.83 err/s: 0.00 reconn/s: 0.00
[ 320s ] thds: 200 tps: 8566.33 qps: 171210.89 (r/w/o: 119810.88/34267.44/17132.57) lat (ms,95%): 24.38 err/s: 0.00 reconn/s: 0.00
[ 330s ] thds: 200 tps: 8524.28 qps: 170507.65 (r/w/o: 119364.05/34094.73/17048.86) lat (ms,95%): 24.83 err/s: 0.00 reconn/s: 0.00
[ 340s ] thds: 200 tps: 8572.87 qps: 171529.77 (r/w/o: 120085.66/34298.77/17145.34) lat (ms,95%): 24.38 err/s: 0.00 reconn/s: 0.00
[ 350s ] thds: 200 tps: 8450.42 qps: 169088.54 (r/w/o: 118377.84/33809.27/16901.43) lat (ms,95%): 25.74 err/s: 0.00 reconn/s: 0.00
[ 360s ] thds: 200 tps: 8162.94 qps: 163143.17 (r/w/o: 114181.74/32635.35/16326.08) lat (ms,95%): 28.16 err/s: 0.00 reconn/s: 0.00
[ 370s ] thds: 200 tps: 8456.59 qps: 169071.06 (r/w/o: 118325.13/33835.85/16910.08) lat (ms,95%): 25.28 err/s: 0.00 reconn/s: 0.00
[ 380s ] thds: 200 tps: 8516.50 qps: 170463.89 (r/w/o: 119358.09/34071.50/17034.30) lat (ms,95%): 24.83 err/s: 0.00 reconn/s: 0.00
[ 390s ] thds: 200 tps: 8527.18 qps: 170535.20 (r/w/o: 119362.02/34120.32/17052.86) lat (ms,95%): 24.83 err/s: 0.00 reconn/s: 0.00
[ 400s ] thds: 200 tps: 8510.70 qps: 170212.46 (r/w/o: 119171.07/34016.79/17024.60) lat (ms,95%): 24.83 err/s: 0.00 reconn/s: 0.00
[ 410s ] thds: 200 tps: 8500.67 qps: 170032.96 (r/w/o: 119024.85/34007.27/17000.84) lat (ms,95%): 24.83 err/s: 0.00 reconn/s: 0.00
[ 420s ] thds: 200 tps: 8402.12 qps: 168050.28 (r/w/o: 117635.34/33610.70/16804.25) lat (ms,95%): 25.74 err/s: 0.00 reconn/s: 0.00
[ 430s ] thds: 200 tps: 8168.11 qps: 163283.61 (r/w/o: 114283.08/32663.52/16337.01) lat (ms,95%): 28.16 err/s: 0.10 reconn/s: 0.00
[ 440s ] thds: 200 tps: 8437.82 qps: 168714.73 (r/w/o: 118084.50/33754.89/16875.34) lat (ms,95%): 25.28 err/s: 0.00 reconn/s: 0.00
[ 450s ] thds: 200 tps: 8511.38 qps: 170320.02 (r/w/o: 119229.43/34070.02/17020.56) lat (ms,95%): 24.83 err/s: 0.00 reconn/s: 0.00
[ 460s ] thds: 200 tps: 8539.47 qps: 170799.39 (r/w/o: 119581.07/34136.88/17081.44) lat (ms,95%): 24.38 err/s: 0.00 reconn/s: 0.00
[ 470s ] thds: 200 tps: 8520.24 qps: 170270.67 (r/w/o: 119150.24/34083.45/17036.98) lat (ms,95%): 24.83 err/s: 0.00 reconn/s: 0.00
[ 480s ] thds: 200 tps: 8477.16 qps: 169716.87 (r/w/o: 118833.09/33926.85/16956.93) lat (ms,95%): 24.83 err/s: 0.00 reconn/s: 0.00
[ 490s ] thds: 200 tps: 8406.12 qps: 168089.89 (r/w/o: 117672.98/33603.48/16813.44) lat (ms,95%): 26.20 err/s: 0.20 reconn/s: 0.00
[ 500s ] thds: 200 tps: 8187.28 qps: 163617.37 (r/w/o: 114497.97/32744.83/16374.57) lat (ms,95%): 28.16 err/s: 0.00 reconn/s: 0.00
[ 510s ] thds: 200 tps: 8217.65 qps: 164443.03 (r/w/o: 115138.05/32869.59/16435.39) lat (ms,95%): 28.16 err/s: 0.00 reconn/s: 0.00
[ 520s ] thds: 200 tps: 8506.63 qps: 170185.06 (r/w/o: 119131.16/34041.23/17012.67) lat (ms,95%): 24.83 err/s: 0.00 reconn/s: 0.00
[ 530s ] thds: 200 tps: 8531.69 qps: 170654.00 (r/w/o: 119465.99/34123.94/17064.07) lat (ms,95%): 24.38 err/s: 0.00 reconn/s: 0.00
[ 540s ] thds: 200 tps: 8457.34 qps: 169091.16 (r/w/o: 118359.80/33816.47/16914.89) lat (ms,95%): 24.83 err/s: 0.00 reconn/s: 0.00
[ 550s ] thds: 200 tps: 8532.93 qps: 170679.87 (r/w/o: 119471.80/34142.92/17065.16) lat (ms,95%): 24.38 err/s: 0.00 reconn/s: 0.00
[ 560s ] thds: 200 tps: 8394.01 qps: 167727.78 (r/w/o: 117371.20/33568.86/16787.73) lat (ms,95%): 25.74 err/s: 0.00 reconn/s: 0.00
[ 570s ] thds: 200 tps: 8240.84 qps: 164977.63 (r/w/o: 115530.38/32964.97/16482.28) lat (ms,95%): 27.17 err/s: 0.00 reconn/s: 0.00
[ 580s ] thds: 200 tps: 8242.71 qps: 164875.09 (r/w/o: 115412.40/32976.96/16485.73) lat (ms,95%): 27.66 err/s: 0.00 reconn/s: 0.00
[ 590s ] thds: 200 tps: 8413.81 qps: 168197.52 (r/w/o: 117724.38/33645.42/16827.71) lat (ms,95%): 25.28 err/s: 0.00 reconn/s: 0.00
[ 600s ] thds: 200 tps: 8473.09 qps: 169470.69 (r/w/o: 118617.02/33909.28/16944.39) lat (ms,95%): 24.83 err/s: 0.00 reconn/s: 0.00
[ 610s ] thds: 200 tps: 8438.70 qps: 168795.59 (r/w/o: 118152.09/33764.90/16878.60) lat (ms,95%): 24.83 err/s: 0.10 reconn/s: 0.00
[ 620s ] thds: 200 tps: 8520.63 qps: 170455.62 (r/w/o: 119347.94/34066.32/17041.36) lat (ms,95%): 24.83 err/s: 0.00 reconn/s: 0.00
[ 630s ] thds: 200 tps: 8378.11 qps: 167444.93 (r/w/o: 117186.69/33501.33/16756.91) lat (ms,95%): 25.28 err/s: 0.00 reconn/s: 0.00
[ 640s ] thds: 200 tps: 8241.50 qps: 164787.45 (r/w/o: 115337.77/32967.89/16481.80) lat (ms,95%): 27.17 err/s: 0.00 reconn/s: 0.00
[ 650s ] thds: 200 tps: 8146.55 qps: 162971.07 (r/w/o: 114091.08/32585.89/16294.10) lat (ms,95%): 28.16 err/s: 0.00 reconn/s: 0.00
[ 660s ] thds: 200 tps: 8439.02 qps: 168747.59 (r/w/o: 118115.57/33754.18/16877.84) lat (ms,95%): 24.83 err/s: 0.00 reconn/s: 0.00
[ 670s ] thds: 200 tps: 8401.79 qps: 168049.89 (r/w/o: 117635.93/33609.88/16804.09) lat (ms,95%): 25.28 err/s: 0.00 reconn/s: 0.00
[ 680s ] thds: 200 tps: 8441.80 qps: 168799.75 (r/w/o: 118149.07/33769.39/16881.30) lat (ms,95%): 25.28 err/s: 0.00 reconn/s: 0.00
[ 690s ] thds: 200 tps: 8486.10 qps: 169821.54 (r/w/o: 118908.76/33938.49/16974.29) lat (ms,95%): 24.83 err/s: 0.00 reconn/s: 0.00
[ 700s ] thds: 200 tps: 8420.60 qps: 168349.82 (r/w/o: 117825.61/33683.00/16841.20) lat (ms,95%): 25.28 err/s: 0.00 reconn/s: 0.00
[ 710s ] thds: 200 tps: 8264.75 qps: 165460.36 (r/w/o: 115848.94/33081.41/16530.01) lat (ms,95%): 27.17 err/s: 0.10 reconn/s: 0.00
[ 720s ] thds: 200 tps: 8163.57 qps: 163242.29 (r/w/o: 114270.67/32644.58/16327.04) lat (ms,95%): 28.16 err/s: 0.00 reconn/s: 0.00
[ 730s ] thds: 200 tps: 8314.38 qps: 166216.02 (r/w/o: 116342.86/33244.20/16628.95) lat (ms,95%): 25.74 err/s: 0.00 reconn/s: 0.00
[ 740s ] thds: 200 tps: 8402.08 qps: 167982.52 (r/w/o: 117562.36/33616.80/16803.35) lat (ms,95%): 25.28 err/s: 0.00 reconn/s: 0.00
[ 750s ] thds: 200 tps: 8369.82 qps: 167524.23 (r/w/o: 117295.33/33489.17/16739.73) lat (ms,95%): 26.68 err/s: 0.00 reconn/s: 0.00
[ 760s ] thds: 200 tps: 8397.39 qps: 167863.12 (r/w/o: 117495.51/33571.84/16795.77) lat (ms,95%): 25.28 err/s: 0.10 reconn/s: 0.00
[ 770s ] thds: 200 tps: 8359.04 qps: 167186.68 (r/w/o: 117032.61/33435.88/16718.19) lat (ms,95%): 25.28 err/s: 0.00 reconn/s: 0.00
[ 780s ] thds: 200 tps: 8239.28 qps: 164755.92 (r/w/o: 115306.13/32973.12/16476.66) lat (ms,95%): 27.17 err/s: 0.10 reconn/s: 0.00
[ 790s ] thds: 200 tps: 8139.50 qps: 162858.77 (r/w/o: 114011.78/32568.49/16278.50) lat (ms,95%): 28.16 err/s: 0.00 reconn/s: 0.00
[ 800s ] thds: 200 tps: 8402.80 qps: 167985.69 (r/w/o: 117576.76/33603.82/16805.11) lat (ms,95%): 25.28 err/s: 0.00 reconn/s: 0.00
[ 810s ] thds: 200 tps: 8471.50 qps: 169486.76 (r/w/o: 118673.97/33866.59/16946.20) lat (ms,95%): 24.83 err/s: 0.00 reconn/s: 0.00
[ 820s ] thds: 200 tps: 8444.09 qps: 168914.16 (r/w/o: 118246.70/33779.27/16888.19) lat (ms,95%): 24.83 err/s: 0.00 reconn/s: 0.00
[ 830s ] thds: 200 tps: 8398.43 qps: 167977.15 (r/w/o: 117588.49/33591.91/16796.76) lat (ms,95%): 25.28 err/s: 0.00 reconn/s: 0.00
[ 840s ] thds: 200 tps: 8415.41 qps: 168237.73 (r/w/o: 117724.30/33685.12/16828.31) lat (ms,95%): 25.28 err/s: 0.00 reconn/s: 0.00
SQL statistics:
    queries performed:
        read:                            98985404
        write:                           28281509
        other:                           14140787
        total:                           141407700
    transactions:                        7070376 (8413.32 per sec.)
    queries:                             141407700 (168266.59 per sec.)
    ignored errors:                      10     (0.01 per sec.)
    reconnects:                          0      (0.00 per sec.)

General statistics:
    total time:                          840.3780s
    total number of events:              7070376

Latency (ms):
         min:                                   21.52
         avg:                                   23.76
         max:                                  377.41
         95th percentile:                       25.28
         sum:                            168005674.37

Threads fairness:
    events (avg/stddev):           35351.8800/47.74
    execution time (avg/stddev):   840.0284/0.09

