sysbench 1.0.20-ebf1c90 (using bundled LuaJIT 2.1.0-beta2)

Running the test with following options:
Number of threads: 200
Report intermediate results every 10 second(s)
Initializing random number generator from current time


Initializing worker threads...

Threads started!

[ 10s ] thds: 200 tps: 6965.41 qps: 139502.04 (r/w/o: 97682.40/27869.83/13949.81) lat (ms,95%): 34.95 err/s: 0.00 reconn/s: 0.00
[ 20s ] thds: 200 tps: 8235.83 qps: 164734.92 (r/w/o: 115314.24/32948.62/16472.06) lat (ms,95%): 24.38 err/s: 0.00 reconn/s: 0.00
[ 30s ] thds: 200 tps: 8605.01 qps: 172100.12 (r/w/o: 120476.98/34412.82/17210.31) lat (ms,95%): 23.95 err/s: 0.10 reconn/s: 0.00
[ 40s ] thds: 200 tps: 8582.40 qps: 171633.18 (r/w/o: 120133.39/34335.20/17164.60) lat (ms,95%): 23.95 err/s: 0.00 reconn/s: 0.00
[ 50s ] thds: 200 tps: 8611.80 qps: 172255.91 (r/w/o: 120584.91/34447.50/17223.50) lat (ms,95%): 23.95 err/s: 0.00 reconn/s: 0.00
[ 60s ] thds: 200 tps: 8613.87 qps: 172282.64 (r/w/o: 120601.51/34453.09/17228.04) lat (ms,95%): 23.95 err/s: 0.00 reconn/s: 0.00
[ 70s ] thds: 200 tps: 8445.12 qps: 168785.98 (r/w/o: 118122.14/33774.70/16889.15) lat (ms,95%): 26.68 err/s: 0.00 reconn/s: 0.00
[ 80s ] thds: 200 tps: 8276.51 qps: 165578.99 (r/w/o: 115917.03/33107.74/16554.22) lat (ms,95%): 28.16 err/s: 0.00 reconn/s: 0.00
[ 90s ] thds: 200 tps: 8580.39 qps: 171658.46 (r/w/o: 120164.23/34334.35/17159.88) lat (ms,95%): 24.38 err/s: 0.00 reconn/s: 0.00
[ 100s ] thds: 200 tps: 8603.79 qps: 172100.32 (r/w/o: 120483.67/34408.36/17208.28) lat (ms,95%): 23.95 err/s: 0.00 reconn/s: 0.00
[ 110s ] thds: 200 tps: 8609.74 qps: 172224.50 (r/w/o: 120567.39/34437.24/17219.87) lat (ms,95%): 23.95 err/s: 0.00 reconn/s: 0.00
[ 120s ] thds: 200 tps: 8606.77 qps: 172059.74 (r/w/o: 120419.84/34426.77/17213.13) lat (ms,95%): 23.95 err/s: 0.00 reconn/s: 0.00
[ 130s ] thds: 200 tps: 8615.73 qps: 172286.81 (r/w/o: 120596.26/34458.90/17231.65) lat (ms,95%): 23.95 err/s: 0.00 reconn/s: 0.00
[ 140s ] thds: 200 tps: 8458.28 qps: 169156.82 (r/w/o: 118406.83/33834.02/16915.96) lat (ms,95%): 25.74 err/s: 0.00 reconn/s: 0.00
[ 150s ] thds: 200 tps: 8213.38 qps: 164255.94 (r/w/o: 114969.38/32861.01/16425.55) lat (ms,95%): 27.66 err/s: 0.00 reconn/s: 0.00
[ 160s ] thds: 200 tps: 8588.37 qps: 171794.06 (r/w/o: 120265.35/34350.57/17178.14) lat (ms,95%): 24.38 err/s: 0.00 reconn/s: 0.00
[ 170s ] thds: 200 tps: 8605.47 qps: 172124.90 (r/w/o: 120490.21/34423.46/17211.23) lat (ms,95%): 23.95 err/s: 0.00 reconn/s: 0.00
[ 180s ] thds: 200 tps: 8581.87 qps: 171702.35 (r/w/o: 120208.35/34329.67/17164.34) lat (ms,95%): 24.38 err/s: 0.00 reconn/s: 0.00
[ 190s ] thds: 200 tps: 8589.02 qps: 171796.66 (r/w/o: 120250.12/34369.89/17176.65) lat (ms,95%): 24.38 err/s: 0.00 reconn/s: 0.00
[ 200s ] thds: 200 tps: 8599.96 qps: 171950.28 (r/w/o: 120373.39/34375.46/17201.43) lat (ms,95%): 24.38 err/s: 0.00 reconn/s: 0.00
[ 210s ] thds: 200 tps: 8483.63 qps: 169600.76 (r/w/o: 118703.46/33930.43/16966.87) lat (ms,95%): 25.74 err/s: 0.00 reconn/s: 0.00
[ 220s ] thds: 200 tps: 8187.57 qps: 163831.50 (r/w/o: 114703.55/32752.30/16375.65) lat (ms,95%): 28.16 err/s: 0.00 reconn/s: 0.00
[ 230s ] thds: 200 tps: 8538.01 qps: 170647.39 (r/w/o: 119415.80/34157.26/17074.33) lat (ms,95%): 24.38 err/s: 0.00 reconn/s: 0.00
[ 240s ] thds: 200 tps: 8500.27 qps: 170054.57 (r/w/o: 119057.56/33994.67/17002.34) lat (ms,95%): 24.83 err/s: 0.00 reconn/s: 0.00
[ 250s ] thds: 200 tps: 8366.30 qps: 167278.44 (r/w/o: 117074.56/33473.29/16730.59) lat (ms,95%): 27.17 err/s: 0.10 reconn/s: 0.00
[ 260s ] thds: 200 tps: 8490.01 qps: 169965.83 (r/w/o: 119022.89/33960.83/16982.11) lat (ms,95%): 24.83 err/s: 0.00 reconn/s: 0.00
[ 270s ] thds: 200 tps: 8592.54 qps: 171814.95 (r/w/o: 120263.52/34366.35/17185.08) lat (ms,95%): 24.38 err/s: 0.00 reconn/s: 0.00
[ 280s ] thds: 200 tps: 8449.48 qps: 168958.47 (r/w/o: 118243.07/33821.13/16894.27) lat (ms,95%): 25.74 err/s: 0.00 reconn/s: 0.00
[ 290s ] thds: 200 tps: 8181.82 qps: 163534.59 (r/w/o: 114466.94/32699.10/16368.55) lat (ms,95%): 28.16 err/s: 0.00 reconn/s: 0.00
[ 300s ] thds: 200 tps: 8472.76 qps: 169525.31 (r/w/o: 118686.15/33893.64/16945.52) lat (ms,95%): 24.83 err/s: 0.00 reconn/s: 0.00
[ 310s ] thds: 200 tps: 8496.37 qps: 169981.95 (r/w/o: 119002.81/33985.99/16993.14) lat (ms,95%): 24.83 err/s: 0.00 reconn/s: 0.00
[ 320s ] thds: 200 tps: 8560.93 qps: 171098.07 (r/w/o: 119732.17/34245.03/17120.87) lat (ms,95%): 24.38 err/s: 0.00 reconn/s: 0.00
[ 330s ] thds: 200 tps: 8518.10 qps: 170388.21 (r/w/o: 119281.61/34070.10/17036.50) lat (ms,95%): 24.83 err/s: 0.00 reconn/s: 0.00
[ 340s ] thds: 200 tps: 8567.19 qps: 171419.46 (r/w/o: 120009.40/34276.07/17133.99) lat (ms,95%): 24.38 err/s: 0.00 reconn/s: 0.00
[ 350s ] thds: 200 tps: 8445.07 qps: 168981.46 (r/w/o: 118308.55/33781.57/16891.34) lat (ms,95%): 25.74 err/s: 0.00 reconn/s: 0.00
[ 360s ] thds: 200 tps: 8156.86 qps: 162961.18 (r/w/o: 114027.89/32621.46/16311.83) lat (ms,95%): 28.16 err/s: 0.00 reconn/s: 0.00
[ 370s ] thds: 200 tps: 8453.19 qps: 169081.89 (r/w/o: 118354.82/33822.08/16904.99) lat (ms,95%): 24.83 err/s: 0.00 reconn/s: 0.00
[ 380s ] thds: 200 tps: 8512.20 qps: 170372.23 (r/w/o: 119300.62/34044.71/17026.90) lat (ms,95%): 24.83 err/s: 0.10 reconn/s: 0.00
[ 390s ] thds: 200 tps: 8521.01 qps: 170438.96 (r/w/o: 119294.08/34103.65/17041.23) lat (ms,95%): 24.83 err/s: 0.00 reconn/s: 0.00
[ 400s ] thds: 200 tps: 8508.18 qps: 170109.97 (r/w/o: 119088.80/34003.01/17018.16) lat (ms,95%): 24.83 err/s: 0.00 reconn/s: 0.00
[ 410s ] thds: 200 tps: 8495.49 qps: 169948.87 (r/w/o: 118970.11/33987.67/16991.09) lat (ms,95%): 24.83 err/s: 0.00 reconn/s: 0.00
[ 420s ] thds: 200 tps: 8398.42 qps: 167967.97 (r/w/o: 117579.33/33591.99/16796.65) lat (ms,95%): 25.74 err/s: 0.00 reconn/s: 0.00
[ 430s ] thds: 200 tps: 8165.50 qps: 163224.48 (r/w/o: 114236.08/32657.10/16331.30) lat (ms,95%): 28.16 err/s: 0.00 reconn/s: 0.00
[ 440s ] thds: 200 tps: 8434.49 qps: 168647.79 (r/w/o: 118037.92/33741.38/16868.49) lat (ms,95%): 25.28 err/s: 0.00 reconn/s: 0.00
[ 450s ] thds: 200 tps: 8505.30 qps: 170237.90 (r/w/o: 119176.47/34052.72/17008.71) lat (ms,95%): 24.83 err/s: 0.00 reconn/s: 0.00
[ 460s ] thds: 200 tps: 8535.92 qps: 170688.40 (r/w/o: 119499.61/34114.66/17074.13) lat (ms,95%): 24.38 err/s: 0.00 reconn/s: 0.00
[ 470s ] thds: 200 tps: 8507.98 qps: 170169.32 (r/w/o: 119093.34/34062.32/17013.66) lat (ms,95%): 24.83 err/s: 0.00 reconn/s: 0.00
[ 480s ] thds: 200 tps: 8476.73 qps: 169566.62 (r/w/o: 118731.53/33879.22/16955.86) lat (ms,95%): 24.83 err/s: 0.00 reconn/s: 0.00
[ 490s ] thds: 200 tps: 8402.39 qps: 167991.02 (r/w/o: 117583.57/33602.66/16804.78) lat (ms,95%): 26.20 err/s: 0.00 reconn/s: 0.00
[ 500s ] thds: 200 tps: 8183.79 qps: 163556.89 (r/w/o: 114453.45/32738.56/16364.88) lat (ms,95%): 28.16 err/s: 0.10 reconn/s: 0.00
[ 510s ] thds: 200 tps: 8214.54 qps: 164392.77 (r/w/o: 115106.34/32854.45/16431.98) lat (ms,95%): 28.16 err/s: 0.00 reconn/s: 0.00
[ 520s ] thds: 200 tps: 8502.75 qps: 170122.22 (r/w/o: 119092.71/34024.50/17005.00) lat (ms,95%): 24.83 err/s: 0.00 reconn/s: 0.00
[ 530s ] thds: 200 tps: 8526.30 qps: 170531.33 (r/w/o: 119381.85/34096.59/17052.89) lat (ms,95%): 24.38 err/s: 0.00 reconn/s: 0.00
[ 540s ] thds: 200 tps: 8451.67 qps: 168963.87 (r/w/o: 118259.83/33800.49/16903.55) lat (ms,95%): 24.83 err/s: 0.00 reconn/s: 0.00
[ 550s ] thds: 200 tps: 8528.58 qps: 170624.80 (r/w/o: 119440.42/34127.72/17056.66) lat (ms,95%): 24.38 err/s: 0.00 reconn/s: 0.00
[ 560s ] thds: 200 tps: 8390.03 qps: 167637.30 (r/w/o: 117305.05/33553.80/16778.45) lat (ms,95%): 25.74 err/s: 0.00 reconn/s: 0.00
[ 570s ] thds: 200 tps: 8237.80 qps: 164893.74 (r/w/o: 115467.86/32948.29/16477.59) lat (ms,95%): 27.17 err/s: 0.00 reconn/s: 0.00
[ 580s ] thds: 200 tps: 8236.40 qps: 164766.46 (r/w/o: 115341.97/32951.79/16472.70) lat (ms,95%): 27.66 err/s: 0.00 reconn/s: 0.00
[ 590s ] thds: 200 tps: 8412.42 qps: 168171.63 (r/w/o: 117705.70/33641.19/16824.74) lat (ms,95%): 25.28 err/s: 0.00 reconn/s: 0.00
[ 600s ] thds: 200 tps: 8468.38 qps: 169398.64 (r/w/o: 118568.98/33894.41/16935.25) lat (ms,95%): 24.83 err/s: 0.00 reconn/s: 0.00
[ 610s ] thds: 200 tps: 8436.22 qps: 168710.39 (r/w/o: 118090.64/33747.20/16872.55) lat (ms,95%): 24.83 err/s: 0.00 reconn/s: 0.00
[ 620s ] thds: 200 tps: 8515.47 qps: 170367.44 (r/w/o: 119287.91/34047.19/17032.34) lat (ms,95%): 24.83 err/s: 0.00 reconn/s: 0.00
[ 630s ] thds: 200 tps: 8375.37 qps: 167380.20 (r/w/o: 117137.71/33491.36/16751.13) lat (ms,95%): 25.28 err/s: 0.00 reconn/s: 0.00
[ 640s ] thds: 200 tps: 8232.44 qps: 164614.85 (r/w/o: 115212.80/32939.47/16462.59) lat (ms,95%): 27.66 err/s: 0.00 reconn/s: 0.00
[ 650s ] thds: 200 tps: 8145.58 qps: 162942.85 (r/w/o: 114076.06/32573.43/16293.37) lat (ms,95%): 28.16 err/s: 0.00 reconn/s: 0.00
[ 660s ] thds: 200 tps: 8434.91 qps: 168658.97 (r/w/o: 118048.89/33740.45/16869.63) lat (ms,95%): 24.83 err/s: 0.00 reconn/s: 0.00
[ 670s ] thds: 200 tps: 8398.12 qps: 167981.32 (r/w/o: 117591.92/33592.36/16797.03) lat (ms,95%): 25.28 err/s: 0.10 reconn/s: 0.00
[ 680s ] thds: 200 tps: 8440.38 qps: 168803.90 (r/w/o: 118158.55/33768.80/16876.55) lat (ms,95%): 25.28 err/s: 0.00 reconn/s: 0.00
[ 690s ] thds: 200 tps: 8482.83 qps: 169748.30 (r/w/o: 118856.52/33921.92/16969.86) lat (ms,95%): 24.83 err/s: 0.00 reconn/s: 0.00
[ 700s ] thds: 200 tps: 8414.48 qps: 168208.84 (r/w/o: 117720.34/33659.33/16829.16) lat (ms,95%): 25.28 err/s: 0.00 reconn/s: 0.00
[ 710s ] thds: 200 tps: 8260.34 qps: 165359.99 (r/w/o: 115787.85/33051.56/16520.58) lat (ms,95%): 27.17 err/s: 0.00 reconn/s: 0.00
[ 720s ] thds: 200 tps: 8161.95 qps: 163221.44 (r/w/o: 114251.43/32646.21/16323.80) lat (ms,95%): 28.16 err/s: 0.00 reconn/s: 0.00
[ 730s ] thds: 200 tps: 8311.14 qps: 166076.46 (r/w/o: 116218.33/33236.15/16621.98) lat (ms,95%): 26.20 err/s: 0.00 reconn/s: 0.00
[ 740s ] thds: 200 tps: 8397.15 qps: 167963.92 (r/w/o: 117575.25/33595.28/16793.39) lat (ms,95%): 25.28 err/s: 0.00 reconn/s: 0.00
[ 750s ] thds: 200 tps: 8363.15 qps: 167392.04 (r/w/o: 117209.63/33454.71/16727.70) lat (ms,95%): 26.20 err/s: 0.00 reconn/s: 0.00
[ 760s ] thds: 200 tps: 8394.49 qps: 167797.73 (r/w/o: 117440.08/33568.37/16789.28) lat (ms,95%): 25.28 err/s: 0.00 reconn/s: 0.00
[ 770s ] thds: 200 tps: 8357.37 qps: 167141.66 (r/w/o: 116998.35/33428.47/16714.84) lat (ms,95%): 25.28 err/s: 0.00 reconn/s: 0.00
[ 780s ] thds: 200 tps: 8229.97 qps: 164674.58 (r/w/o: 115267.24/32950.20/16457.15) lat (ms,95%): 27.17 err/s: 0.00 reconn/s: 0.00
[ 790s ] thds: 200 tps: 8139.66 qps: 162805.20 (r/w/o: 113963.14/32561.54/16280.52) lat (ms,95%): 28.16 err/s: 0.00 reconn/s: 0.00
[ 800s ] thds: 200 tps: 8398.32 qps: 167928.64 (r/w/o: 117543.61/33589.99/16795.04) lat (ms,95%): 25.28 err/s: 0.00 reconn/s: 0.00
[ 810s ] thds: 200 tps: 8471.02 qps: 169402.54 (r/w/o: 118604.01/33853.29/16945.24) lat (ms,95%): 24.83 err/s: 0.00 reconn/s: 0.00
[ 820s ] thds: 200 tps: 8437.02 qps: 168779.82 (r/w/o: 118154.59/33750.98/16874.24) lat (ms,95%): 24.83 err/s: 0.00 reconn/s: 0.00
[ 830s ] thds: 200 tps: 8394.22 qps: 167898.69 (r/w/o: 117533.77/33576.48/16788.44) lat (ms,95%): 25.28 err/s: 0.00 reconn/s: 0.00
[ 840s ] thds: 200 tps: 8399.14 qps: 167851.09 (r/w/o: 117454.02/33599.98/16797.09) lat (ms,95%): 25.28 err/s: 0.00 reconn/s: 0.00
SQL statistics:
    queries performed:
        read:                            98934794
        write:                           28267049
        other:                           14133567
        total:                           141335410
    transactions:                        7066766 (8409.28 per sec.)
    queries:                             141335410 (168185.70 per sec.)
    ignored errors:                      5      (0.01 per sec.)
    reconnects:                          0      (0.00 per sec.)

General statistics:
    total time:                          840.3523s
    total number of events:              7066766

Latency (ms):
         min:                                   21.37
         avg:                                   23.78
         max:                                  374.82
         95th percentile:                       25.28
         sum:                            168015242.67

Threads fairness:
    events (avg/stddev):           35333.8300/45.72
    execution time (avg/stddev):   840.0762/0.09

