sysbench 1.0.20-ebf1c90 (using bundled LuaJIT 2.1.0-beta2)

Running the test with following options:
Number of threads: 200
Report intermediate results every 10 second(s)
Initializing random number generator from current time


Initializing worker threads...

Threads started!

[ 10s ] thds: 200 tps: 6965.82 qps: 139521.02 (r/w/o: 97696.92/27872.87/13951.23) lat (ms,95%): 101.13 err/s: 0.00 reconn/s: 0.00
[ 20s ] thds: 200 tps: 8418.82 qps: 168354.46 (r/w/o: 117843.05/33674.17/16837.24) lat (ms,95%): 23.95 err/s: 0.10 reconn/s: 0.00
[ 30s ] thds: 200 tps: 8698.12 qps: 173960.43 (r/w/o: 121769.13/34795.37/17395.93) lat (ms,95%): 23.52 err/s: 0.00 reconn/s: 0.00
[ 40s ] thds: 200 tps: 8675.57 qps: 173518.10 (r/w/o: 121466.25/34700.00/17351.85) lat (ms,95%): 23.52 err/s: 0.00 reconn/s: 0.00
[ 50s ] thds: 200 tps: 8704.99 qps: 174096.49 (r/w/o: 121868.02/34818.98/17409.49) lat (ms,95%): 23.52 err/s: 0.00 reconn/s: 0.00
[ 60s ] thds: 200 tps: 8702.95 qps: 174096.83 (r/w/o: 121873.65/34815.99/17407.19) lat (ms,95%): 23.52 err/s: 0.00 reconn/s: 0.00
[ 70s ] thds: 200 tps: 8612.01 qps: 172207.91 (r/w/o: 120545.38/34439.12/17223.41) lat (ms,95%): 25.28 err/s: 0.00 reconn/s: 0.00
[ 80s ] thds: 200 tps: 8550.90 qps: 171006.21 (r/w/o: 119696.64/34207.88/17101.69) lat (ms,95%): 25.74 err/s: 0.00 reconn/s: 0.00
[ 90s ] thds: 200 tps: 8696.68 qps: 173930.60 (r/w/o: 121750.25/34786.50/17393.85) lat (ms,95%): 23.52 err/s: 0.00 reconn/s: 0.00
[ 100s ] thds: 200 tps: 8691.91 qps: 173869.30 (r/w/o: 121718.27/34767.72/17383.31) lat (ms,95%): 23.52 err/s: 0.00 reconn/s: 0.00
[ 110s ] thds: 200 tps: 8699.21 qps: 173974.72 (r/w/o: 121778.95/34797.14/17398.62) lat (ms,95%): 23.52 err/s: 0.00 reconn/s: 0.00
[ 120s ] thds: 200 tps: 8692.19 qps: 173839.18 (r/w/o: 121686.92/34767.88/17384.39) lat (ms,95%): 23.52 err/s: 0.00 reconn/s: 0.00
[ 130s ] thds: 200 tps: 8696.20 qps: 173924.39 (r/w/o: 121744.29/34788.00/17392.10) lat (ms,95%): 23.52 err/s: 0.10 reconn/s: 0.00
[ 140s ] thds: 200 tps: 8580.19 qps: 171595.79 (r/w/o: 120121.32/34312.88/17161.59) lat (ms,95%): 25.28 err/s: 0.00 reconn/s: 0.00
[ 150s ] thds: 200 tps: 8563.75 qps: 171304.66 (r/w/o: 119919.37/34258.29/17127.00) lat (ms,95%): 25.28 err/s: 0.00 reconn/s: 0.00
[ 160s ] thds: 200 tps: 8689.46 qps: 173787.41 (r/w/o: 121650.18/34758.42/17378.81) lat (ms,95%): 23.52 err/s: 0.00 reconn/s: 0.00
[ 170s ] thds: 200 tps: 8697.10 qps: 173897.75 (r/w/o: 121715.66/34788.59/17393.49) lat (ms,95%): 23.52 err/s: 0.00 reconn/s: 0.00
[ 180s ] thds: 200 tps: 8683.20 qps: 173670.69 (r/w/o: 121570.69/34732.90/17367.10) lat (ms,95%): 23.95 err/s: 0.00 reconn/s: 0.00
[ 190s ] thds: 200 tps: 8687.57 qps: 173785.43 (r/w/o: 121655.70/34754.79/17374.94) lat (ms,95%): 23.52 err/s: 0.00 reconn/s: 0.00
[ 200s ] thds: 200 tps: 8693.38 qps: 173846.92 (r/w/o: 121688.63/34771.32/17386.96) lat (ms,95%): 23.52 err/s: 0.00 reconn/s: 0.00
[ 210s ] thds: 200 tps: 8620.18 qps: 172391.91 (r/w/o: 120670.73/34481.12/17240.06) lat (ms,95%): 24.83 err/s: 0.00 reconn/s: 0.00
[ 220s ] thds: 200 tps: 8555.57 qps: 171121.86 (r/w/o: 119788.65/34222.47/17110.74) lat (ms,95%): 25.28 err/s: 0.00 reconn/s: 0.00
[ 230s ] thds: 200 tps: 8657.62 qps: 173170.40 (r/w/o: 121226.38/34628.28/17315.74) lat (ms,95%): 23.95 err/s: 0.00 reconn/s: 0.00
[ 240s ] thds: 200 tps: 8634.80 qps: 172676.99 (r/w/o: 120865.76/34541.02/17270.21) lat (ms,95%): 24.38 err/s: 0.00 reconn/s: 0.00
[ 250s ] thds: 200 tps: 8635.93 qps: 172727.43 (r/w/o: 120911.37/34544.71/17271.35) lat (ms,95%): 24.38 err/s: 0.00 reconn/s: 0.00
[ 260s ] thds: 200 tps: 8682.59 qps: 173634.69 (r/w/o: 121540.73/34728.58/17365.39) lat (ms,95%): 23.52 err/s: 0.00 reconn/s: 0.00
[ 270s ] thds: 200 tps: 8681.73 qps: 173651.96 (r/w/o: 121559.39/34729.71/17362.86) lat (ms,95%): 23.52 err/s: 0.00 reconn/s: 0.00
[ 280s ] thds: 200 tps: 8620.08 qps: 172410.72 (r/w/o: 120690.13/34480.52/17240.06) lat (ms,95%): 24.83 err/s: 0.00 reconn/s: 0.00
[ 290s ] thds: 200 tps: 8581.51 qps: 171643.96 (r/w/o: 120149.09/34331.55/17163.33) lat (ms,95%): 24.83 err/s: 0.00 reconn/s: 0.00
[ 300s ] thds: 200 tps: 8668.59 qps: 173345.19 (r/w/o: 121341.52/34665.78/17337.89) lat (ms,95%): 23.95 err/s: 0.00 reconn/s: 0.00
[ 310s ] thds: 200 tps: 8685.31 qps: 173724.98 (r/w/o: 121610.03/34744.24/17370.72) lat (ms,95%): 23.52 err/s: 0.00 reconn/s: 0.00
[ 320s ] thds: 200 tps: 8682.39 qps: 173656.34 (r/w/o: 121558.72/34732.55/17365.07) lat (ms,95%): 23.52 err/s: 0.00 reconn/s: 0.00
[ 330s ] thds: 200 tps: 8675.22 qps: 173488.44 (r/w/o: 121436.71/34702.59/17349.14) lat (ms,95%): 23.95 err/s: 0.00 reconn/s: 0.00
[ 340s ] thds: 200 tps: 8682.09 qps: 173653.75 (r/w/o: 121564.83/34724.25/17364.68) lat (ms,95%): 23.52 err/s: 0.00 reconn/s: 0.00
[ 350s ] thds: 200 tps: 8615.69 qps: 172310.43 (r/w/o: 120618.68/34459.57/17232.18) lat (ms,95%): 24.83 err/s: 0.10 reconn/s: 0.00
[ 360s ] thds: 200 tps: 8547.82 qps: 170970.58 (r/w/o: 119684.07/34191.18/17095.34) lat (ms,95%): 25.28 err/s: 0.00 reconn/s: 0.00
[ 370s ] thds: 200 tps: 8673.41 qps: 173438.70 (r/w/o: 121399.04/34692.54/17347.12) lat (ms,95%): 23.52 err/s: 0.00 reconn/s: 0.00
[ 380s ] thds: 200 tps: 8673.70 qps: 173488.64 (r/w/o: 121444.73/34696.41/17347.50) lat (ms,95%): 23.52 err/s: 0.00 reconn/s: 0.00
[ 390s ] thds: 200 tps: 8673.72 qps: 173442.32 (r/w/o: 121399.39/34695.88/17347.04) lat (ms,95%): 23.95 err/s: 0.00 reconn/s: 0.00
[ 400s ] thds: 200 tps: 8679.92 qps: 173607.68 (r/w/o: 121530.87/34717.88/17358.94) lat (ms,95%): 23.52 err/s: 0.00 reconn/s: 0.00
[ 410s ] thds: 200 tps: 8673.62 qps: 173464.05 (r/w/o: 121420.95/34695.37/17347.74) lat (ms,95%): 23.95 err/s: 0.00 reconn/s: 0.00
[ 420s ] thds: 200 tps: 8624.63 qps: 172522.01 (r/w/o: 120777.55/34494.40/17250.05) lat (ms,95%): 24.38 err/s: 0.00 reconn/s: 0.00
[ 430s ] thds: 200 tps: 8508.51 qps: 170192.68 (r/w/o: 119140.39/34035.36/17016.93) lat (ms,95%): 25.74 err/s: 0.00 reconn/s: 0.00
[ 440s ] thds: 200 tps: 8664.69 qps: 173272.60 (r/w/o: 121278.49/34665.04/17329.07) lat (ms,95%): 23.95 err/s: 0.00 reconn/s: 0.00
[ 450s ] thds: 200 tps: 8678.59 qps: 173557.32 (r/w/o: 121487.87/34712.56/17356.88) lat (ms,95%): 23.52 err/s: 0.00 reconn/s: 0.00
[ 460s ] thds: 200 tps: 8658.44 qps: 173203.32 (r/w/o: 121246.17/34639.46/17317.68) lat (ms,95%): 23.95 err/s: 0.00 reconn/s: 0.00
[ 470s ] thds: 200 tps: 8659.86 qps: 173172.75 (r/w/o: 121219.51/34633.73/17319.52) lat (ms,95%): 23.95 err/s: 0.00 reconn/s: 0.00
[ 480s ] thds: 200 tps: 8625.07 qps: 172485.52 (r/w/o: 120734.22/34500.36/17250.93) lat (ms,95%): 24.38 err/s: 0.00 reconn/s: 0.00
[ 490s ] thds: 200 tps: 8566.31 qps: 171375.87 (r/w/o: 119970.59/34274.45/17130.83) lat (ms,95%): 25.28 err/s: 0.00 reconn/s: 0.00
[ 500s ] thds: 200 tps: 8511.53 qps: 170215.15 (r/w/o: 119151.38/34039.31/17024.45) lat (ms,95%): 25.74 err/s: 0.00 reconn/s: 0.00
[ 510s ] thds: 200 tps: 8650.89 qps: 173001.14 (r/w/o: 121100.92/34598.05/17302.17) lat (ms,95%): 23.95 err/s: 0.00 reconn/s: 0.00
[ 520s ] thds: 200 tps: 8667.52 qps: 173336.89 (r/w/o: 121330.67/34671.78/17334.44) lat (ms,95%): 23.52 err/s: 0.00 reconn/s: 0.00
[ 530s ] thds: 200 tps: 8669.40 qps: 173365.69 (r/w/o: 121355.19/34671.90/17338.60) lat (ms,95%): 23.52 err/s: 0.00 reconn/s: 0.00
[ 540s ] thds: 200 tps: 8667.54 qps: 173363.24 (r/w/o: 121353.18/34674.97/17335.08) lat (ms,95%): 23.52 err/s: 0.00 reconn/s: 0.00
[ 550s ] thds: 200 tps: 8670.39 qps: 173432.22 (r/w/o: 121410.38/34681.36/17340.48) lat (ms,95%): 23.52 err/s: 0.00 reconn/s: 0.00
[ 560s ] thds: 200 tps: 8614.60 qps: 172260.50 (r/w/o: 120568.23/34462.38/17229.89) lat (ms,95%): 24.38 err/s: 0.10 reconn/s: 0.00
[ 570s ] thds: 200 tps: 8483.41 qps: 169680.28 (r/w/o: 118781.89/33931.66/16966.73) lat (ms,95%): 26.20 err/s: 0.10 reconn/s: 0.00
[ 580s ] thds: 200 tps: 8651.41 qps: 173052.81 (r/w/o: 121145.87/34603.72/17303.21) lat (ms,95%): 23.95 err/s: 0.00 reconn/s: 0.00
[ 590s ] thds: 200 tps: 8664.48 qps: 173285.39 (r/w/o: 121293.18/34663.64/17328.57) lat (ms,95%): 23.95 err/s: 0.00 reconn/s: 0.00
[ 600s ] thds: 200 tps: 8659.72 qps: 173181.20 (r/w/o: 121227.31/34634.26/17319.63) lat (ms,95%): 23.52 err/s: 0.00 reconn/s: 0.00
[ 610s ] thds: 200 tps: 8656.25 qps: 173127.57 (r/w/o: 121190.98/34624.19/17312.40) lat (ms,95%): 23.52 err/s: 0.00 reconn/s: 0.00
[ 620s ] thds: 200 tps: 8654.80 qps: 173103.47 (r/w/o: 121171.38/34622.39/17309.70) lat (ms,95%): 23.52 err/s: 0.00 reconn/s: 0.00
[ 630s ] thds: 200 tps: 8613.74 qps: 172286.82 (r/w/o: 120599.80/34460.04/17226.97) lat (ms,95%): 24.38 err/s: 0.00 reconn/s: 0.00
[ 640s ] thds: 200 tps: 8517.32 qps: 170309.72 (r/w/o: 119215.72/34058.76/17035.23) lat (ms,95%): 25.74 err/s: 0.00 reconn/s: 0.00
[ 650s ] thds: 200 tps: 8647.54 qps: 172965.52 (r/w/o: 121078.97/34591.36/17295.18) lat (ms,95%): 23.95 err/s: 0.00 reconn/s: 0.00
[ 660s ] thds: 200 tps: 8665.25 qps: 173305.20 (r/w/o: 121309.20/34666.30/17329.70) lat (ms,95%): 23.52 err/s: 0.00 reconn/s: 0.00
[ 670s ] thds: 200 tps: 8660.12 qps: 173199.98 (r/w/o: 121244.27/34635.68/17320.04) lat (ms,95%): 23.95 err/s: 0.00 reconn/s: 0.00
[ 680s ] thds: 200 tps: 8654.73 qps: 173108.43 (r/w/o: 121174.67/34622.61/17311.15) lat (ms,95%): 23.95 err/s: 0.00 reconn/s: 0.00
[ 690s ] thds: 200 tps: 8641.46 qps: 172815.86 (r/w/o: 120972.08/34561.05/17282.73) lat (ms,95%): 23.95 err/s: 0.00 reconn/s: 0.00
[ 700s ] thds: 200 tps: 8611.24 qps: 172226.67 (r/w/o: 120559.81/34443.57/17223.29) lat (ms,95%): 24.38 err/s: 0.20 reconn/s: 0.00
[ 710s ] thds: 200 tps: 8452.69 qps: 169119.63 (r/w/o: 118384.08/33831.87/16903.68) lat (ms,95%): 26.20 err/s: 0.00 reconn/s: 0.00
[ 720s ] thds: 200 tps: 8578.75 qps: 171537.86 (r/w/o: 120080.17/34298.69/17159.00) lat (ms,95%): 24.83 err/s: 0.10 reconn/s: 0.00
[ 730s ] thds: 200 tps: 8616.94 qps: 172330.37 (r/w/o: 120630.04/34466.85/17233.48) lat (ms,95%): 24.38 err/s: 0.10 reconn/s: 0.00
[ 740s ] thds: 200 tps: 8654.22 qps: 173075.06 (r/w/o: 121145.62/34620.69/17308.75) lat (ms,95%): 23.95 err/s: 0.00 reconn/s: 0.00
[ 750s ] thds: 200 tps: 8664.47 qps: 173251.76 (r/w/o: 121271.55/34651.47/17328.74) lat (ms,95%): 23.52 err/s: 0.00 reconn/s: 0.00
[ 760s ] thds: 200 tps: 8652.90 qps: 173112.62 (r/w/o: 121189.81/34616.60/17306.20) lat (ms,95%): 23.52 err/s: 0.00 reconn/s: 0.00
[ 770s ] thds: 200 tps: 8626.59 qps: 172492.08 (r/w/o: 120737.85/34501.46/17252.78) lat (ms,95%): 24.38 err/s: 0.00 reconn/s: 0.00
[ 780s ] thds: 200 tps: 8491.25 qps: 169877.28 (r/w/o: 118930.49/33963.70/16983.10) lat (ms,95%): 26.20 err/s: 0.00 reconn/s: 0.00
[ 790s ] thds: 200 tps: 8577.32 qps: 171562.76 (r/w/o: 120084.45/34323.97/17154.34) lat (ms,95%): 24.38 err/s: 0.00 reconn/s: 0.00
[ 800s ] thds: 200 tps: 8654.18 qps: 173031.23 (r/w/o: 121116.44/34606.33/17308.46) lat (ms,95%): 23.95 err/s: 0.00 reconn/s: 0.00
[ 810s ] thds: 200 tps: 8652.09 qps: 173043.36 (r/w/o: 121131.93/34607.25/17304.18) lat (ms,95%): 23.52 err/s: 0.10 reconn/s: 0.00
[ 820s ] thds: 200 tps: 8653.98 qps: 173097.35 (r/w/o: 121172.16/34617.33/17307.87) lat (ms,95%): 23.52 err/s: 0.00 reconn/s: 0.00
[ 830s ] thds: 200 tps: 8650.74 qps: 172987.95 (r/w/o: 121085.42/34600.85/17301.67) lat (ms,95%): 23.52 err/s: 0.00 reconn/s: 0.00
[ 840s ] thds: 200 tps: 8583.86 qps: 171673.84 (r/w/o: 120170.50/34335.63/17167.71) lat (ms,95%): 24.38 err/s: 0.00 reconn/s: 0.00
SQL statistics:
    queries performed:
        read:                            101325364
        write:                           28950065
        other:                           14475071
        total:                           144750500
    transactions:                        7237516 (8612.60 per sec.)
    queries:                             144750500 (172252.14 per sec.)
    ignored errors:                      10     (0.01 per sec.)
    reconnects:                          0      (0.00 per sec.)

General statistics:
    total time:                          840.3398s
    total number of events:              7237516

Latency (ms):
         min:                                   21.37
         avg:                                   23.21
         max:                                  361.57
         95th percentile:                       23.95
         sum:                            168005723.71

Threads fairness:
    events (avg/stddev):           36187.5800/56.16
    execution time (avg/stddev):   840.0286/0.08

