sysbench 1.0.20-ebf1c90 (using bundled LuaJIT 2.1.0-beta2)

Running the test with following options:
Number of threads: 200
Report intermediate results every 10 second(s)
Initializing random number generator from current time


Initializing worker threads...

Threads started!

[ 10s ] thds: 200 tps: 6952.54 qps: 139276.94 (r/w/o: 97535.68/27816.48/13924.78) lat (ms,95%): 34.33 err/s: 0.00 reconn/s: 0.00
[ 20s ] thds: 200 tps: 8413.53 qps: 168230.02 (r/w/o: 117744.74/33658.02/16827.26) lat (ms,95%): 23.95 err/s: 0.00 reconn/s: 0.00
[ 30s ] thds: 200 tps: 8695.11 qps: 173894.39 (r/w/o: 121722.33/34782.84/17389.22) lat (ms,95%): 23.52 err/s: 0.00 reconn/s: 0.00
[ 40s ] thds: 200 tps: 8672.31 qps: 173456.03 (r/w/o: 121425.09/34686.23/17344.71) lat (ms,95%): 23.52 err/s: 0.00 reconn/s: 0.00
[ 50s ] thds: 200 tps: 8701.40 qps: 174044.37 (r/w/o: 121834.55/34806.71/17403.11) lat (ms,95%): 23.52 err/s: 0.00 reconn/s: 0.00
[ 60s ] thds: 200 tps: 8700.80 qps: 174041.12 (r/w/o: 121832.81/34806.10/17402.20) lat (ms,95%): 23.52 err/s: 0.00 reconn/s: 0.00
[ 70s ] thds: 200 tps: 8609.98 qps: 172170.58 (r/w/o: 120521.88/34428.34/17220.37) lat (ms,95%): 25.28 err/s: 0.00 reconn/s: 0.00
[ 80s ] thds: 200 tps: 8548.03 qps: 170950.70 (r/w/o: 119657.02/34198.02/17095.66) lat (ms,95%): 25.74 err/s: 0.00 reconn/s: 0.00
[ 90s ] thds: 200 tps: 8694.98 qps: 173884.51 (r/w/o: 121713.83/34780.62/17390.06) lat (ms,95%): 23.52 err/s: 0.00 reconn/s: 0.00
[ 100s ] thds: 200 tps: 8688.70 qps: 173814.05 (r/w/o: 121682.34/34754.51/17377.21) lat (ms,95%): 23.52 err/s: 0.00 reconn/s: 0.00
[ 110s ] thds: 200 tps: 8696.90 qps: 173918.36 (r/w/o: 121736.27/34788.29/17393.80) lat (ms,95%): 23.52 err/s: 0.00 reconn/s: 0.00
[ 120s ] thds: 200 tps: 8688.70 qps: 173769.76 (r/w/o: 121639.24/34753.01/17377.51) lat (ms,95%): 23.52 err/s: 0.00 reconn/s: 0.00
[ 130s ] thds: 200 tps: 8694.00 qps: 173879.84 (r/w/o: 121714.66/34777.69/17387.49) lat (ms,95%): 23.52 err/s: 0.00 reconn/s: 0.00
[ 140s ] thds: 200 tps: 8578.50 qps: 171574.89 (r/w/o: 120110.67/34306.12/17158.11) lat (ms,95%): 25.28 err/s: 0.00 reconn/s: 0.00
[ 150s ] thds: 200 tps: 8560.70 qps: 171227.26 (r/w/o: 119860.07/34246.09/17121.10) lat (ms,95%): 25.28 err/s: 0.00 reconn/s: 0.00
[ 160s ] thds: 200 tps: 8688.16 qps: 173764.90 (r/w/o: 121631.54/34757.14/17376.22) lat (ms,95%): 23.52 err/s: 0.00 reconn/s: 0.00
[ 170s ] thds: 200 tps: 8695.24 qps: 173875.89 (r/w/o: 121703.55/34782.26/17390.08) lat (ms,95%): 23.52 err/s: 0.00 reconn/s: 0.00
[ 180s ] thds: 200 tps: 8681.59 qps: 173626.27 (r/w/o: 121539.01/34724.27/17362.99) lat (ms,95%): 23.95 err/s: 0.00 reconn/s: 0.00
[ 190s ] thds: 200 tps: 8685.50 qps: 173743.23 (r/w/o: 121627.92/34743.81/17371.50) lat (ms,95%): 23.52 err/s: 0.10 reconn/s: 0.00
[ 200s ] thds: 200 tps: 8690.57 qps: 173784.94 (r/w/o: 121642.44/34761.67/17380.83) lat (ms,95%): 23.52 err/s: 0.00 reconn/s: 0.00
[ 210s ] thds: 200 tps: 8618.42 qps: 172360.22 (r/w/o: 120649.60/34473.58/17237.04) lat (ms,95%): 24.83 err/s: 0.10 reconn/s: 0.00
[ 220s ] thds: 200 tps: 8551.61 qps: 171040.35 (r/w/o: 119728.57/34208.55/17103.22) lat (ms,95%): 25.28 err/s: 0.00 reconn/s: 0.00
[ 230s ] thds: 200 tps: 8655.60 qps: 173142.09 (r/w/o: 121211.29/34619.30/17311.50) lat (ms,95%): 23.95 err/s: 0.00 reconn/s: 0.00
[ 240s ] thds: 200 tps: 8632.40 qps: 172620.04 (r/w/o: 120827.33/34527.81/17264.90) lat (ms,95%): 24.38 err/s: 0.00 reconn/s: 0.00
[ 250s ] thds: 200 tps: 8631.90 qps: 172646.16 (r/w/o: 120852.24/34530.21/17263.71) lat (ms,95%): 24.38 err/s: 0.00 reconn/s: 0.00
[ 260s ] thds: 200 tps: 8679.79 qps: 173576.99 (r/w/o: 121499.13/34718.08/17359.79) lat (ms,95%): 23.52 err/s: 0.00 reconn/s: 0.00
[ 270s ] thds: 200 tps: 8680.11 qps: 173610.80 (r/w/o: 121527.97/34722.72/17360.11) lat (ms,95%): 23.52 err/s: 0.00 reconn/s: 0.00
[ 280s ] thds: 200 tps: 8615.99 qps: 172351.04 (r/w/o: 120649.99/34469.17/17231.88) lat (ms,95%): 24.83 err/s: 0.00 reconn/s: 0.00
[ 290s ] thds: 200 tps: 8580.41 qps: 171614.86 (r/w/o: 120130.01/34323.83/17161.02) lat (ms,95%): 24.83 err/s: 0.00 reconn/s: 0.00
[ 300s ] thds: 200 tps: 8666.15 qps: 173286.55 (r/w/o: 121301.53/34652.81/17332.20) lat (ms,95%): 23.95 err/s: 0.00 reconn/s: 0.00
[ 310s ] thds: 200 tps: 8682.05 qps: 173684.76 (r/w/o: 121584.38/34736.19/17364.20) lat (ms,95%): 23.52 err/s: 0.00 reconn/s: 0.00
[ 320s ] thds: 200 tps: 8679.49 qps: 173575.71 (r/w/o: 121499.10/34717.84/17358.77) lat (ms,95%): 23.52 err/s: 0.00 reconn/s: 0.00
[ 330s ] thds: 200 tps: 8672.50 qps: 173429.61 (r/w/o: 121396.64/34687.98/17344.99) lat (ms,95%): 23.95 err/s: 0.00 reconn/s: 0.00
[ 340s ] thds: 200 tps: 8680.21 qps: 173610.78 (r/w/o: 121529.93/34719.84/17361.02) lat (ms,95%): 23.52 err/s: 0.00 reconn/s: 0.00
[ 350s ] thds: 200 tps: 8614.10 qps: 172283.16 (r/w/o: 120598.74/34457.31/17227.11) lat (ms,95%): 24.83 err/s: 0.00 reconn/s: 0.00
[ 360s ] thds: 200 tps: 8541.01 qps: 170852.20 (r/w/o: 119606.34/34162.44/17083.42) lat (ms,95%): 25.74 err/s: 0.00 reconn/s: 0.00
[ 370s ] thds: 200 tps: 8673.69 qps: 173437.04 (r/w/o: 121396.09/34694.17/17346.78) lat (ms,95%): 23.52 err/s: 0.00 reconn/s: 0.00
[ 380s ] thds: 200 tps: 8672.10 qps: 173446.51 (r/w/o: 121417.03/34684.98/17344.49) lat (ms,95%): 23.52 err/s: 0.00 reconn/s: 0.00
[ 390s ] thds: 200 tps: 8671.51 qps: 173385.81 (r/w/o: 121357.68/34685.62/17342.51) lat (ms,95%): 23.95 err/s: 0.00 reconn/s: 0.00
[ 400s ] thds: 200 tps: 8674.97 qps: 173531.26 (r/w/o: 121479.92/34700.79/17350.55) lat (ms,95%): 23.52 err/s: 0.00 reconn/s: 0.00
[ 410s ] thds: 200 tps: 8670.71 qps: 173392.67 (r/w/o: 121365.52/34686.73/17340.42) lat (ms,95%): 23.95 err/s: 0.00 reconn/s: 0.00
[ 420s ] thds: 200 tps: 8622.92 qps: 172499.85 (r/w/o: 120762.61/34490.39/17246.84) lat (ms,95%): 24.38 err/s: 0.00 reconn/s: 0.00
[ 430s ] thds: 200 tps: 8502.39 qps: 170101.18 (r/w/o: 119082.62/34013.38/17005.19) lat (ms,95%): 25.74 err/s: 0.00 reconn/s: 0.00
[ 440s ] thds: 200 tps: 8664.00 qps: 173217.00 (r/w/o: 121232.17/34657.32/17327.51) lat (ms,95%): 23.95 err/s: 0.00 reconn/s: 0.00
[ 450s ] thds: 200 tps: 8676.30 qps: 173516.66 (r/w/o: 121464.04/34700.31/17352.31) lat (ms,95%): 23.52 err/s: 0.00 reconn/s: 0.00
[ 460s ] thds: 200 tps: 8655.10 qps: 173135.18 (r/w/o: 121195.89/34629.60/17309.70) lat (ms,95%): 23.95 err/s: 0.00 reconn/s: 0.00
[ 470s ] thds: 200 tps: 8656.66 qps: 173116.04 (r/w/o: 121179.47/34622.05/17314.52) lat (ms,95%): 23.95 err/s: 0.00 reconn/s: 0.00
[ 480s ] thds: 200 tps: 8623.11 qps: 172421.36 (r/w/o: 120691.41/34484.93/17245.02) lat (ms,95%): 24.38 err/s: 0.00 reconn/s: 0.00
[ 490s ] thds: 200 tps: 8562.82 qps: 171317.16 (r/w/o: 119927.92/34263.19/17126.05) lat (ms,95%): 25.28 err/s: 0.00 reconn/s: 0.00
[ 500s ] thds: 200 tps: 8505.20 qps: 170100.26 (r/w/o: 119074.17/34014.89/17011.20) lat (ms,95%): 25.74 err/s: 0.10 reconn/s: 0.00
[ 510s ] thds: 200 tps: 8648.00 qps: 172955.75 (r/w/o: 121075.94/34583.91/17295.91) lat (ms,95%): 23.95 err/s: 0.00 reconn/s: 0.00
[ 520s ] thds: 200 tps: 8666.97 qps: 173304.04 (r/w/o: 121298.01/34672.29/17333.74) lat (ms,95%): 23.52 err/s: 0.00 reconn/s: 0.00
[ 530s ] thds: 200 tps: 8665.82 qps: 173312.52 (r/w/o: 121319.00/34661.28/17332.24) lat (ms,95%): 23.52 err/s: 0.00 reconn/s: 0.00
[ 540s ] thds: 200 tps: 8663.60 qps: 173296.01 (r/w/o: 121311.71/34657.50/17326.80) lat (ms,95%): 23.52 err/s: 0.10 reconn/s: 0.00
[ 550s ] thds: 200 tps: 8668.11 qps: 173380.11 (r/w/o: 121372.28/34671.22/17336.61) lat (ms,95%): 23.52 err/s: 0.00 reconn/s: 0.00
[ 560s ] thds: 200 tps: 8614.11 qps: 172218.42 (r/w/o: 120534.68/34456.62/17227.11) lat (ms,95%): 24.38 err/s: 0.00 reconn/s: 0.00
[ 570s ] thds: 200 tps: 8480.39 qps: 169643.67 (r/w/o: 118754.81/33926.67/16962.19) lat (ms,95%): 26.20 err/s: 0.10 reconn/s: 0.00
[ 580s ] thds: 200 tps: 8648.30 qps: 173007.20 (r/w/o: 121120.80/34590.40/17296.00) lat (ms,95%): 23.95 err/s: 0.00 reconn/s: 0.00
[ 590s ] thds: 200 tps: 8661.51 qps: 173203.26 (r/w/o: 121230.81/34649.53/17322.92) lat (ms,95%): 23.95 err/s: 0.00 reconn/s: 0.00
[ 600s ] thds: 200 tps: 8657.79 qps: 173128.59 (r/w/o: 121188.56/34624.26/17315.78) lat (ms,95%): 23.52 err/s: 0.00 reconn/s: 0.00
[ 610s ] thds: 200 tps: 8652.80 qps: 173072.53 (r/w/o: 121154.82/34612.51/17305.20) lat (ms,95%): 23.52 err/s: 0.00 reconn/s: 0.00
[ 620s ] thds: 200 tps: 8653.41 qps: 173074.53 (r/w/o: 121150.09/34618.03/17306.41) lat (ms,95%): 23.52 err/s: 0.00 reconn/s: 0.00
[ 630s ] thds: 200 tps: 8612.21 qps: 172233.70 (r/w/o: 120560.94/34447.94/17224.82) lat (ms,95%): 24.38 err/s: 0.00 reconn/s: 0.00
[ 640s ] thds: 200 tps: 8512.39 qps: 170242.93 (r/w/o: 119173.98/34043.87/17025.08) lat (ms,95%): 25.74 err/s: 0.00 reconn/s: 0.00
[ 650s ] thds: 200 tps: 8646.10 qps: 172936.78 (r/w/o: 121055.29/34589.80/17291.70) lat (ms,95%): 23.95 err/s: 0.00 reconn/s: 0.00
[ 660s ] thds: 200 tps: 8662.40 qps: 173243.96 (r/w/o: 121269.17/34650.09/17324.70) lat (ms,95%): 23.52 err/s: 0.10 reconn/s: 0.00
[ 670s ] thds: 200 tps: 8656.69 qps: 173140.63 (r/w/o: 121202.98/34623.57/17314.08) lat (ms,95%): 23.95 err/s: 0.00 reconn/s: 0.00
[ 680s ] thds: 200 tps: 8654.79 qps: 173074.18 (r/w/o: 121146.74/34618.06/17309.38) lat (ms,95%): 23.95 err/s: 0.00 reconn/s: 0.00
[ 690s ] thds: 200 tps: 8637.73 qps: 172769.17 (r/w/o: 120943.40/34548.91/17276.86) lat (ms,95%): 23.95 err/s: 0.00 reconn/s: 0.00
[ 700s ] thds: 200 tps: 8606.78 qps: 172157.02 (r/w/o: 120517.06/34426.50/17213.45) lat (ms,95%): 24.38 err/s: 0.00 reconn/s: 0.00
[ 710s ] thds: 200 tps: 8453.81 qps: 169090.54 (r/w/o: 118350.77/33834.15/16905.62) lat (ms,95%): 26.20 err/s: 0.00 reconn/s: 0.00
[ 720s ] thds: 200 tps: 8575.80 qps: 171492.92 (r/w/o: 120054.14/34286.08/17152.69) lat (ms,95%): 24.83 err/s: 0.00 reconn/s: 0.00
[ 730s ] thds: 200 tps: 8613.92 qps: 172280.06 (r/w/o: 120595.35/34455.97/17228.74) lat (ms,95%): 24.38 err/s: 0.00 reconn/s: 0.00
[ 740s ] thds: 200 tps: 8651.05 qps: 173006.18 (r/w/o: 121095.95/34609.22/17301.01) lat (ms,95%): 23.95 err/s: 0.00 reconn/s: 0.00
[ 750s ] thds: 200 tps: 8658.44 qps: 173147.73 (r/w/o: 121201.41/34628.15/17318.17) lat (ms,95%): 23.52 err/s: 0.00 reconn/s: 0.00
[ 760s ] thds: 200 tps: 8650.30 qps: 173051.30 (r/w/o: 121143.83/34607.18/17300.29) lat (ms,95%): 23.52 err/s: 0.00 reconn/s: 0.00
[ 770s ] thds: 200 tps: 8623.67 qps: 172436.87 (r/w/o: 120703.26/34486.07/17247.54) lat (ms,95%): 24.38 err/s: 0.00 reconn/s: 0.00
[ 780s ] thds: 200 tps: 8489.04 qps: 169835.82 (r/w/o: 118901.30/33956.14/16978.37) lat (ms,95%): 26.20 err/s: 0.00 reconn/s: 0.00
[ 790s ] thds: 200 tps: 8574.86 qps: 171482.33 (r/w/o: 120022.69/34310.73/17148.91) lat (ms,95%): 24.83 err/s: 0.00 reconn/s: 0.00
[ 800s ] thds: 200 tps: 8650.44 qps: 172993.11 (r/w/o: 121095.86/34595.76/17301.48) lat (ms,95%): 23.95 err/s: 0.00 reconn/s: 0.00
[ 810s ] thds: 200 tps: 8651.20 qps: 173012.33 (r/w/o: 121108.15/34602.09/17302.09) lat (ms,95%): 23.52 err/s: 0.00 reconn/s: 0.00
[ 820s ] thds: 200 tps: 8651.80 qps: 173052.76 (r/w/o: 121140.95/34608.01/17303.81) lat (ms,95%): 23.52 err/s: 0.00 reconn/s: 0.00
[ 830s ] thds: 200 tps: 8648.50 qps: 172925.49 (r/w/o: 121035.26/34593.62/17296.61) lat (ms,95%): 23.52 err/s: 0.00 reconn/s: 0.00
[ 840s ] thds: 200 tps: 8589.26 qps: 171825.58 (r/w/o: 120292.40/34354.46/17178.73) lat (ms,95%): 24.38 err/s: 0.00 reconn/s: 0.00
SQL statistics:
    queries performed:
        read:                            101293276
        write:                           28940903
        other:                           14470489
        total:                           144704668
    transactions:                        7235228 (8611.58 per sec.)
    queries:                             144704668 (172231.82 per sec.)
    ignored errors:                      6      (0.01 per sec.)
    reconnects:                          0      (0.00 per sec.)

General statistics:
    total time:                          840.1729s
    total number of events:              7235228

Latency (ms):
         min:                                   21.47
         avg:                                   23.22
         max:                                  172.34
         95th percentile:                       23.95
         sum:                            167992709.26

Threads fairness:
    events (avg/stddev):           36176.1400/53.15
    execution time (avg/stddev):   839.9635/0.03

