sysbench 1.0.20-ebf1c90 (using bundled LuaJIT 2.1.0-beta2)

Running the test with following options:
Number of threads: 200
Report intermediate results every 10 second(s)
Initializing random number generator from current time


Initializing worker threads...

Threads started!

[ 10s ] thds: 200 tps: 6954.00 qps: 139321.76 (r/w/o: 97566.37/27827.70/13927.70) lat (ms,95%): 36.89 err/s: 0.10 reconn/s: 0.00
[ 20s ] thds: 200 tps: 8414.96 qps: 168250.31 (r/w/o: 117763.45/33657.24/16829.62) lat (ms,95%): 23.95 err/s: 0.10 reconn/s: 0.00
[ 30s ] thds: 200 tps: 8694.87 qps: 173888.66 (r/w/o: 121719.95/34778.87/17389.84) lat (ms,95%): 23.52 err/s: 0.00 reconn/s: 0.00
[ 40s ] thds: 200 tps: 8670.61 qps: 173434.64 (r/w/o: 121410.97/34682.15/17341.52) lat (ms,95%): 23.52 err/s: 0.00 reconn/s: 0.00
[ 50s ] thds: 200 tps: 8701.70 qps: 174020.98 (r/w/o: 121809.15/34808.02/17403.81) lat (ms,95%): 23.52 err/s: 0.00 reconn/s: 0.00
[ 60s ] thds: 200 tps: 8702.51 qps: 174014.11 (r/w/o: 121800.78/34810.02/17403.31) lat (ms,95%): 23.52 err/s: 0.00 reconn/s: 0.00
[ 70s ] thds: 200 tps: 8603.20 qps: 172167.29 (r/w/o: 120538.39/34421.20/17207.70) lat (ms,95%): 25.28 err/s: 0.00 reconn/s: 0.00
[ 80s ] thds: 200 tps: 8550.09 qps: 170936.55 (r/w/o: 119647.82/34189.15/17099.58) lat (ms,95%): 25.74 err/s: 0.00 reconn/s: 0.00
[ 90s ] thds: 200 tps: 8692.03 qps: 173857.74 (r/w/o: 121701.75/34771.73/17384.26) lat (ms,95%): 23.52 err/s: 0.10 reconn/s: 0.00
[ 100s ] thds: 200 tps: 8690.85 qps: 173804.71 (r/w/o: 121658.81/34764.30/17381.60) lat (ms,95%): 23.52 err/s: 0.00 reconn/s: 0.00
[ 110s ] thds: 200 tps: 8694.59 qps: 173890.94 (r/w/o: 121723.89/34777.37/17389.68) lat (ms,95%): 23.52 err/s: 0.00 reconn/s: 0.00
[ 120s ] thds: 200 tps: 8686.63 qps: 173746.94 (r/w/o: 121623.65/34749.73/17373.56) lat (ms,95%): 23.52 err/s: 0.00 reconn/s: 0.00
[ 130s ] thds: 200 tps: 8693.14 qps: 173849.12 (r/w/o: 121691.41/34771.04/17386.67) lat (ms,95%): 23.52 err/s: 0.00 reconn/s: 0.00
[ 140s ] thds: 200 tps: 8576.96 qps: 171603.67 (r/w/o: 120140.09/34309.55/17154.03) lat (ms,95%): 25.28 err/s: 0.00 reconn/s: 0.00
[ 150s ] thds: 200 tps: 8560.49 qps: 171200.34 (r/w/o: 119829.49/34250.07/17120.78) lat (ms,95%): 25.28 err/s: 0.00 reconn/s: 0.00
[ 160s ] thds: 200 tps: 8687.87 qps: 173712.59 (r/w/o: 121597.37/34739.98/17375.24) lat (ms,95%): 23.52 err/s: 0.00 reconn/s: 0.00
[ 170s ] thds: 200 tps: 8691.14 qps: 173820.64 (r/w/o: 121677.02/34760.95/17382.67) lat (ms,95%): 23.52 err/s: 0.00 reconn/s: 0.00
[ 180s ] thds: 200 tps: 8679.30 qps: 173566.26 (r/w/o: 121489.64/34718.81/17357.81) lat (ms,95%): 23.95 err/s: 0.10 reconn/s: 0.00
[ 190s ] thds: 200 tps: 8685.30 qps: 173703.49 (r/w/o: 121590.09/34742.70/17370.70) lat (ms,95%): 23.52 err/s: 0.00 reconn/s: 0.00
[ 200s ] thds: 200 tps: 8688.19 qps: 173769.35 (r/w/o: 121643.60/34748.67/17377.09) lat (ms,95%): 23.52 err/s: 0.10 reconn/s: 0.00
[ 210s ] thds: 200 tps: 8615.00 qps: 172303.47 (r/w/o: 120611.65/34461.01/17230.81) lat (ms,95%): 24.83 err/s: 0.00 reconn/s: 0.00
[ 220s ] thds: 200 tps: 8553.30 qps: 171056.63 (r/w/o: 119733.62/34217.31/17105.70) lat (ms,95%): 25.28 err/s: 0.00 reconn/s: 0.00
[ 230s ] thds: 200 tps: 8650.73 qps: 173074.59 (r/w/o: 121162.18/34610.54/17301.87) lat (ms,95%): 23.95 err/s: 0.00 reconn/s: 0.00
[ 240s ] thds: 200 tps: 8629.36 qps: 172572.19 (r/w/o: 120800.31/34513.06/17258.83) lat (ms,95%): 24.38 err/s: 0.00 reconn/s: 0.00
[ 250s ] thds: 200 tps: 8633.27 qps: 172630.18 (r/w/o: 120834.57/34529.28/17266.34) lat (ms,95%): 24.38 err/s: 0.00 reconn/s: 0.00
[ 260s ] thds: 200 tps: 8677.54 qps: 173562.44 (r/w/o: 121498.82/34708.45/17355.17) lat (ms,95%): 23.52 err/s: 0.00 reconn/s: 0.00
[ 270s ] thds: 200 tps: 8678.69 qps: 173573.06 (r/w/o: 121498.33/34717.75/17356.98) lat (ms,95%): 23.52 err/s: 0.00 reconn/s: 0.00
[ 280s ] thds: 200 tps: 8618.81 qps: 172320.64 (r/w/o: 120611.87/34471.65/17237.12) lat (ms,95%): 24.83 err/s: 0.00 reconn/s: 0.00
[ 290s ] thds: 200 tps: 8577.59 qps: 171559.87 (r/w/o: 120093.31/34310.67/17155.89) lat (ms,95%): 24.83 err/s: 0.00 reconn/s: 0.00
[ 300s ] thds: 200 tps: 8660.28 qps: 173259.12 (r/w/o: 121291.24/34647.42/17320.46) lat (ms,95%): 23.95 err/s: 0.00 reconn/s: 0.00
[ 310s ] thds: 200 tps: 8683.12 qps: 173655.58 (r/w/o: 121559.36/34729.68/17366.54) lat (ms,95%): 23.52 err/s: 0.00 reconn/s: 0.00
[ 320s ] thds: 200 tps: 8679.40 qps: 173565.40 (r/w/o: 121491.77/34715.52/17358.11) lat (ms,95%): 23.52 err/s: 0.00 reconn/s: 0.00
[ 330s ] thds: 200 tps: 8670.69 qps: 173408.95 (r/w/o: 121385.92/34680.75/17342.27) lat (ms,95%): 23.95 err/s: 0.00 reconn/s: 0.00
[ 340s ] thds: 200 tps: 8678.00 qps: 173582.26 (r/w/o: 121511.04/34715.51/17355.71) lat (ms,95%): 23.52 err/s: 0.00 reconn/s: 0.00
[ 350s ] thds: 200 tps: 8612.70 qps: 172259.65 (r/w/o: 120580.23/34454.41/17225.00) lat (ms,95%): 24.83 err/s: 0.00 reconn/s: 0.00
[ 360s ] thds: 200 tps: 8541.70 qps: 170843.84 (r/w/o: 119592.66/34167.59/17083.59) lat (ms,95%): 25.74 err/s: 0.00 reconn/s: 0.00
[ 370s ] thds: 200 tps: 8669.60 qps: 173392.67 (r/w/o: 121373.65/34680.41/17338.61) lat (ms,95%): 23.52 err/s: 0.00 reconn/s: 0.00
[ 380s ] thds: 200 tps: 8670.11 qps: 173403.45 (r/w/o: 121384.91/34678.03/17340.52) lat (ms,95%): 23.52 err/s: 0.00 reconn/s: 0.00
[ 390s ] thds: 200 tps: 8668.79 qps: 173365.99 (r/w/o: 121359.85/34667.76/17338.38) lat (ms,95%): 23.95 err/s: 0.00 reconn/s: 0.00
[ 400s ] thds: 200 tps: 8673.61 qps: 173487.86 (r/w/o: 121440.21/34700.13/17347.52) lat (ms,95%): 23.95 err/s: 0.00 reconn/s: 0.00
[ 410s ] thds: 200 tps: 8670.19 qps: 173370.95 (r/w/o: 121355.69/34675.17/17340.08) lat (ms,95%): 23.95 err/s: 0.00 reconn/s: 0.00
[ 420s ] thds: 200 tps: 8624.11 qps: 172477.07 (r/w/o: 120731.22/34498.93/17246.92) lat (ms,95%): 24.38 err/s: 0.00 reconn/s: 0.00
[ 430s ] thds: 200 tps: 8501.35 qps: 170072.08 (r/w/o: 119051.66/34016.52/17003.91) lat (ms,95%): 25.74 err/s: 0.00 reconn/s: 0.00
[ 440s ] thds: 200 tps: 8661.34 qps: 173172.37 (r/w/o: 121215.51/34633.97/17322.89) lat (ms,95%): 23.95 err/s: 0.00 reconn/s: 0.00
[ 450s ] thds: 200 tps: 8671.37 qps: 173458.00 (r/w/o: 121429.08/34686.28/17342.64) lat (ms,95%): 23.52 err/s: 0.00 reconn/s: 0.00
[ 460s ] thds: 200 tps: 8656.29 qps: 173117.97 (r/w/o: 121181.11/34624.07/17312.79) lat (ms,95%): 23.95 err/s: 0.00 reconn/s: 0.00
[ 470s ] thds: 200 tps: 8654.33 qps: 173098.82 (r/w/o: 121170.76/34619.30/17308.75) lat (ms,95%): 23.95 err/s: 0.00 reconn/s: 0.00
[ 480s ] thds: 200 tps: 8621.21 qps: 172411.49 (r/w/o: 120688.03/34481.04/17242.42) lat (ms,95%): 24.38 err/s: 0.00 reconn/s: 0.00
[ 490s ] thds: 200 tps: 8567.10 qps: 171282.19 (r/w/o: 119881.29/34267.60/17133.30) lat (ms,95%): 25.28 err/s: 0.00 reconn/s: 0.00
[ 500s ] thds: 200 tps: 8503.00 qps: 170113.84 (r/w/o: 119090.43/34016.41/17007.00) lat (ms,95%): 25.74 err/s: 0.00 reconn/s: 0.00
[ 510s ] thds: 200 tps: 8642.97 qps: 172905.97 (r/w/o: 121044.06/34576.77/17285.14) lat (ms,95%): 23.95 err/s: 0.00 reconn/s: 0.00
[ 520s ] thds: 200 tps: 8664.69 qps: 173268.22 (r/w/o: 121287.91/34650.34/17329.97) lat (ms,95%): 23.52 err/s: 0.00 reconn/s: 0.00
[ 530s ] thds: 200 tps: 8663.82 qps: 173295.35 (r/w/o: 121308.62/34658.89/17327.85) lat (ms,95%): 23.52 err/s: 0.00 reconn/s: 0.00
[ 540s ] thds: 200 tps: 8665.10 qps: 173271.59 (r/w/o: 121284.36/34657.62/17329.61) lat (ms,95%): 23.52 err/s: 0.00 reconn/s: 0.00
[ 550s ] thds: 200 tps: 8665.72 qps: 173332.43 (r/w/o: 121329.50/34671.29/17331.64) lat (ms,95%): 23.52 err/s: 0.00 reconn/s: 0.00
[ 560s ] thds: 200 tps: 8610.69 qps: 172188.56 (r/w/o: 120532.03/34434.55/17221.98) lat (ms,95%): 24.38 err/s: 0.00 reconn/s: 0.00
[ 570s ] thds: 200 tps: 8479.97 qps: 169589.22 (r/w/o: 118709.99/33919.18/16960.04) lat (ms,95%): 26.20 err/s: 0.00 reconn/s: 0.00
[ 580s ] thds: 200 tps: 8647.54 qps: 172980.38 (r/w/o: 121090.05/34595.66/17294.68) lat (ms,95%): 23.95 err/s: 0.10 reconn/s: 0.00
[ 590s ] thds: 200 tps: 8661.72 qps: 173197.90 (r/w/o: 121232.98/34641.58/17323.34) lat (ms,95%): 23.95 err/s: 0.00 reconn/s: 0.00
[ 600s ] thds: 200 tps: 8654.95 qps: 173127.19 (r/w/o: 121198.37/34619.02/17309.81) lat (ms,95%): 23.52 err/s: 0.00 reconn/s: 0.00
[ 610s ] thds: 200 tps: 8651.20 qps: 173026.95 (r/w/o: 121116.74/34607.51/17302.71) lat (ms,95%): 23.52 err/s: 0.00 reconn/s: 0.00
[ 620s ] thds: 200 tps: 8653.82 qps: 173067.01 (r/w/o: 121141.81/34617.46/17307.73) lat (ms,95%): 23.52 err/s: 0.00 reconn/s: 0.00
[ 630s ] thds: 200 tps: 8611.20 qps: 172203.53 (r/w/o: 120541.62/34439.21/17222.70) lat (ms,95%): 24.38 err/s: 0.00 reconn/s: 0.00
[ 640s ] thds: 200 tps: 8509.71 qps: 170246.77 (r/w/o: 119186.19/34040.45/17020.13) lat (ms,95%): 25.74 err/s: 0.00 reconn/s: 0.00
[ 650s ] thds: 200 tps: 8646.99 qps: 172905.12 (r/w/o: 121026.77/34585.46/17292.88) lat (ms,95%): 23.95 err/s: 0.00 reconn/s: 0.00
[ 660s ] thds: 200 tps: 8663.80 qps: 173260.23 (r/w/o: 121276.32/34656.11/17327.80) lat (ms,95%): 23.52 err/s: 0.00 reconn/s: 0.00
[ 670s ] thds: 200 tps: 8654.60 qps: 173120.71 (r/w/o: 121187.91/34624.00/17308.80) lat (ms,95%): 23.95 err/s: 0.00 reconn/s: 0.00
[ 680s ] thds: 200 tps: 8654.10 qps: 173066.44 (r/w/o: 121142.13/34615.21/17309.10) lat (ms,95%): 23.52 err/s: 0.00 reconn/s: 0.00
[ 690s ] thds: 200 tps: 8635.40 qps: 172741.97 (r/w/o: 120929.25/34542.01/17270.71) lat (ms,95%): 23.95 err/s: 0.00 reconn/s: 0.00
[ 700s ] thds: 200 tps: 8606.79 qps: 172140.67 (r/w/o: 120498.14/34428.75/17213.78) lat (ms,95%): 24.38 err/s: 0.10 reconn/s: 0.00
[ 710s ] thds: 200 tps: 8456.09 qps: 169033.39 (r/w/o: 118304.52/33816.78/16912.09) lat (ms,95%): 26.20 err/s: 0.00 reconn/s: 0.00
[ 720s ] thds: 200 tps: 8569.31 qps: 171452.49 (r/w/o: 120026.53/34288.24/17137.72) lat (ms,95%): 24.83 err/s: 0.10 reconn/s: 0.00
[ 730s ] thds: 200 tps: 8612.71 qps: 172263.52 (r/w/o: 120593.38/34443.92/17226.21) lat (ms,95%): 24.38 err/s: 0.00 reconn/s: 0.00
[ 740s ] thds: 200 tps: 8650.40 qps: 172982.77 (r/w/o: 121081.98/34600.09/17300.70) lat (ms,95%): 23.95 err/s: 0.00 reconn/s: 0.00
[ 750s ] thds: 200 tps: 8656.63 qps: 173146.65 (r/w/o: 121206.75/34625.93/17313.96) lat (ms,95%): 23.52 err/s: 0.00 reconn/s: 0.00
[ 760s ] thds: 200 tps: 8651.87 qps: 173038.75 (r/w/o: 121129.14/34605.97/17303.63) lat (ms,95%): 23.52 err/s: 0.00 reconn/s: 0.00
[ 770s ] thds: 200 tps: 8619.49 qps: 172401.89 (r/w/o: 120680.52/34481.88/17239.49) lat (ms,95%): 24.38 err/s: 0.00 reconn/s: 0.00
[ 780s ] thds: 200 tps: 8486.70 qps: 169786.77 (r/w/o: 118853.68/33959.89/16973.20) lat (ms,95%): 26.20 err/s: 0.00 reconn/s: 0.00
[ 790s ] thds: 200 tps: 8579.20 qps: 171489.55 (r/w/o: 120030.53/34301.21/17157.80) lat (ms,95%): 24.83 err/s: 0.00 reconn/s: 0.00
[ 800s ] thds: 200 tps: 8646.40 qps: 172979.14 (r/w/o: 121096.03/34589.71/17293.40) lat (ms,95%): 23.95 err/s: 0.00 reconn/s: 0.00
[ 810s ] thds: 200 tps: 8649.11 qps: 172963.41 (r/w/o: 121070.68/34594.72/17298.01) lat (ms,95%): 23.52 err/s: 0.00 reconn/s: 0.00
[ 820s ] thds: 200 tps: 8651.00 qps: 173038.83 (r/w/o: 121126.92/34610.01/17301.90) lat (ms,95%): 23.52 err/s: 0.00 reconn/s: 0.00
[ 830s ] thds: 200 tps: 8646.27 qps: 172907.49 (r/w/o: 121035.24/34579.40/17292.85) lat (ms,95%): 23.52 err/s: 0.00 reconn/s: 0.00
[ 840s ] thds: 200 tps: 8588.62 qps: 171781.63 (r/w/o: 120246.53/34358.57/17176.53) lat (ms,95%): 24.38 err/s: 0.00 reconn/s: 0.00
SQL statistics:
    queries performed:
        read:                            101278954
        write:                           28936812
        other:                           14468438
        total:                           144684204
    transactions:                        7234203 (8608.47 per sec.)
    queries:                             144684204 (172169.62 per sec.)
    ignored errors:                      8      (0.01 per sec.)
    reconnects:                          0      (0.00 per sec.)

General statistics:
    total time:                          840.3575s
    total number of events:              7234203

Latency (ms):
         min:                                   21.40
         avg:                                   23.22
         max:                                  356.81
         95th percentile:                       23.95
         sum:                            167999269.91

Threads fairness:
    events (avg/stddev):           36171.0150/53.72
    execution time (avg/stddev):   839.9963/0.07

