sysbench 1.0.20-ebf1c90 (using bundled LuaJIT 2.1.0-beta2)

Running the test with following options:
Number of threads: 200
Report intermediate results every 10 second(s)
Initializing random number generator from current time


Initializing worker threads...

Threads started!

[ 10s ] thds: 200 tps: 6924.43 qps: 138686.68 (r/w/o: 97110.43/27708.30/13867.95) lat (ms,95%): 41.85 err/s: 0.00 reconn/s: 0.00
[ 20s ] thds: 200 tps: 8229.45 qps: 164591.46 (r/w/o: 115212.54/32920.01/16458.91) lat (ms,95%): 24.38 err/s: 0.00 reconn/s: 0.00
[ 30s ] thds: 200 tps: 8597.10 qps: 171994.79 (r/w/o: 120410.39/34389.60/17194.80) lat (ms,95%): 23.95 err/s: 0.00 reconn/s: 0.00
[ 40s ] thds: 200 tps: 8573.50 qps: 171452.87 (r/w/o: 120009.38/34296.39/17147.10) lat (ms,95%): 24.38 err/s: 0.10 reconn/s: 0.00
[ 50s ] thds: 200 tps: 8621.20 qps: 172349.77 (r/w/o: 120631.15/34476.91/17241.71) lat (ms,95%): 23.95 err/s: 0.00 reconn/s: 0.00
[ 60s ] thds: 200 tps: 8622.07 qps: 172526.38 (r/w/o: 120786.66/34494.48/17245.24) lat (ms,95%): 23.95 err/s: 0.00 reconn/s: 0.00
[ 70s ] thds: 200 tps: 8408.72 qps: 168192.38 (r/w/o: 117724.97/33651.98/16815.44) lat (ms,95%): 27.66 err/s: 0.00 reconn/s: 0.00
[ 80s ] thds: 200 tps: 8228.81 qps: 164582.84 (r/w/o: 115212.10/32912.53/16458.21) lat (ms,95%): 28.67 err/s: 0.10 reconn/s: 0.00
[ 90s ] thds: 200 tps: 8598.49 qps: 171865.28 (r/w/o: 120301.45/34365.26/17198.58) lat (ms,95%): 24.38 err/s: 0.00 reconn/s: 0.00
[ 100s ] thds: 200 tps: 8603.80 qps: 172081.92 (r/w/o: 120458.21/34416.00/17207.70) lat (ms,95%): 24.38 err/s: 0.00 reconn/s: 0.00
[ 110s ] thds: 200 tps: 8596.79 qps: 171947.01 (r/w/o: 120358.37/34396.56/17192.08) lat (ms,95%): 24.38 err/s: 0.00 reconn/s: 0.00
[ 120s ] thds: 200 tps: 8616.90 qps: 172367.27 (r/w/o: 120662.48/34469.69/17235.10) lat (ms,95%): 23.95 err/s: 0.00 reconn/s: 0.00
[ 130s ] thds: 200 tps: 8628.42 qps: 172532.83 (r/w/o: 120769.03/34506.87/17256.93) lat (ms,95%): 23.95 err/s: 0.10 reconn/s: 0.00
[ 140s ] thds: 200 tps: 8401.86 qps: 168075.04 (r/w/o: 117662.57/33608.55/16803.92) lat (ms,95%): 26.68 err/s: 0.00 reconn/s: 0.00
[ 150s ] thds: 200 tps: 8263.64 qps: 165354.77 (r/w/o: 115760.14/33067.45/16527.18) lat (ms,95%): 27.66 err/s: 0.00 reconn/s: 0.00
[ 160s ] thds: 200 tps: 8575.40 qps: 171351.65 (r/w/o: 119914.57/34286.29/17150.80) lat (ms,95%): 24.38 err/s: 0.00 reconn/s: 0.00
[ 170s ] thds: 200 tps: 8569.00 qps: 171505.18 (r/w/o: 120057.28/34311.70/17136.20) lat (ms,95%): 24.38 err/s: 0.00 reconn/s: 0.00
[ 180s ] thds: 200 tps: 8587.09 qps: 171646.47 (r/w/o: 120152.61/34318.57/17175.29) lat (ms,95%): 24.38 err/s: 0.00 reconn/s: 0.00
[ 190s ] thds: 200 tps: 8611.10 qps: 172205.50 (r/w/o: 120541.60/34441.30/17222.60) lat (ms,95%): 23.95 err/s: 0.00 reconn/s: 0.00
[ 200s ] thds: 200 tps: 8606.70 qps: 172122.37 (r/w/o: 120484.35/34424.41/17213.61) lat (ms,95%): 24.38 err/s: 0.00 reconn/s: 0.00
[ 210s ] thds: 200 tps: 8373.40 qps: 167579.58 (r/w/o: 117338.85/33493.12/16747.61) lat (ms,95%): 26.68 err/s: 0.20 reconn/s: 0.00
[ 220s ] thds: 200 tps: 8236.07 qps: 164744.38 (r/w/o: 115296.06/32979.47/16468.84) lat (ms,95%): 28.16 err/s: 0.00 reconn/s: 0.00
[ 230s ] thds: 200 tps: 8523.03 qps: 170410.37 (r/w/o: 119305.77/34054.83/17049.77) lat (ms,95%): 24.83 err/s: 0.10 reconn/s: 0.00
[ 240s ] thds: 200 tps: 8482.89 qps: 169645.39 (r/w/o: 118743.15/33936.26/16965.98) lat (ms,95%): 25.74 err/s: 0.00 reconn/s: 0.00
[ 250s ] thds: 200 tps: 8370.31 qps: 167473.39 (r/w/o: 117249.23/33483.44/16740.72) lat (ms,95%): 26.68 err/s: 0.00 reconn/s: 0.00
[ 260s ] thds: 200 tps: 8518.29 qps: 170325.25 (r/w/o: 119197.29/34094.57/17033.38) lat (ms,95%): 24.83 err/s: 0.00 reconn/s: 0.00
[ 270s ] thds: 200 tps: 8582.00 qps: 171667.18 (r/w/o: 120187.45/34313.22/17166.51) lat (ms,95%): 24.38 err/s: 0.00 reconn/s: 0.00
[ 280s ] thds: 200 tps: 8357.58 qps: 167061.62 (r/w/o: 116926.63/33419.32/16715.66) lat (ms,95%): 27.17 err/s: 0.00 reconn/s: 0.00
[ 290s ] thds: 200 tps: 8304.62 qps: 166081.90 (r/w/o: 116258.08/33214.38/16609.44) lat (ms,95%): 27.66 err/s: 0.00 reconn/s: 0.00
[ 300s ] thds: 200 tps: 8452.70 qps: 169181.79 (r/w/o: 118453.29/33822.80/16905.70) lat (ms,95%): 25.28 err/s: 0.10 reconn/s: 0.00
[ 310s ] thds: 200 tps: 8526.30 qps: 170420.55 (r/w/o: 119272.44/34095.81/17052.31) lat (ms,95%): 24.83 err/s: 0.10 reconn/s: 0.00
[ 320s ] thds: 200 tps: 8530.12 qps: 170530.65 (r/w/o: 119350.42/34119.79/17060.45) lat (ms,95%): 24.83 err/s: 0.20 reconn/s: 0.00
[ 330s ] thds: 200 tps: 8609.87 qps: 172281.58 (r/w/o: 120616.26/34445.88/17219.44) lat (ms,95%): 23.95 err/s: 0.00 reconn/s: 0.00
[ 340s ] thds: 200 tps: 8591.67 qps: 171906.36 (r/w/o: 120351.92/34370.59/17183.85) lat (ms,95%): 24.38 err/s: 0.00 reconn/s: 0.00
[ 350s ] thds: 200 tps: 8363.44 qps: 167232.26 (r/w/o: 117061.83/33443.05/16727.38) lat (ms,95%): 26.68 err/s: 0.00 reconn/s: 0.00
[ 360s ] thds: 200 tps: 8277.28 qps: 165566.17 (r/w/o: 115901.40/33109.91/16554.86) lat (ms,95%): 27.66 err/s: 0.00 reconn/s: 0.00
[ 370s ] thds: 200 tps: 8417.20 qps: 168373.05 (r/w/o: 117854.33/33685.01/16833.70) lat (ms,95%): 25.28 err/s: 0.00 reconn/s: 0.00
[ 380s ] thds: 200 tps: 8499.92 qps: 169987.34 (r/w/o: 118981.64/34006.57/16999.13) lat (ms,95%): 24.83 err/s: 0.10 reconn/s: 0.00
[ 390s ] thds: 200 tps: 8511.89 qps: 170197.33 (r/w/o: 119147.81/34024.05/17025.47) lat (ms,95%): 24.83 err/s: 0.00 reconn/s: 0.00
[ 400s ] thds: 200 tps: 8517.11 qps: 170378.80 (r/w/o: 119273.81/34070.76/17034.23) lat (ms,95%): 24.83 err/s: 0.00 reconn/s: 0.00
[ 410s ] thds: 200 tps: 8522.79 qps: 170476.43 (r/w/o: 119315.38/34117.57/17043.48) lat (ms,95%): 24.83 err/s: 0.00 reconn/s: 0.00
[ 420s ] thds: 200 tps: 8354.50 qps: 166928.89 (r/w/o: 116828.26/33389.82/16710.81) lat (ms,95%): 26.68 err/s: 0.00 reconn/s: 0.00
[ 430s ] thds: 200 tps: 8276.20 qps: 165670.57 (r/w/o: 116010.78/33106.99/16552.80) lat (ms,95%): 27.66 err/s: 0.00 reconn/s: 0.00
[ 440s ] thds: 200 tps: 8357.50 qps: 167128.70 (r/w/o: 116973.17/33441.82/16713.71) lat (ms,95%): 25.74 err/s: 0.00 reconn/s: 0.00
[ 450s ] thds: 200 tps: 8491.90 qps: 169823.70 (r/w/o: 118885.73/33953.08/16984.89) lat (ms,95%): 24.83 err/s: 0.00 reconn/s: 0.00
[ 460s ] thds: 200 tps: 8540.58 qps: 170743.48 (r/w/o: 119496.38/34166.34/17080.77) lat (ms,95%): 24.38 err/s: 0.00 reconn/s: 0.00
[ 470s ] thds: 200 tps: 8494.42 qps: 169839.78 (r/w/o: 118875.27/33975.88/16988.64) lat (ms,95%): 24.83 err/s: 0.00 reconn/s: 0.00
[ 480s ] thds: 200 tps: 8414.08 qps: 168265.25 (r/w/o: 117779.65/33659.63/16825.96) lat (ms,95%): 25.74 err/s: 0.00 reconn/s: 0.00
[ 490s ] thds: 200 tps: 8310.67 qps: 166294.64 (r/w/o: 116415.31/33258.49/16620.84) lat (ms,95%): 27.17 err/s: 0.00 reconn/s: 0.00
[ 500s ] thds: 200 tps: 8158.91 qps: 163257.45 (r/w/o: 114300.28/32636.65/16320.53) lat (ms,95%): 28.16 err/s: 0.10 reconn/s: 0.00
[ 510s ] thds: 200 tps: 8372.11 qps: 167449.86 (r/w/o: 117236.49/33468.15/16745.23) lat (ms,95%): 25.74 err/s: 0.00 reconn/s: 0.00
[ 520s ] thds: 200 tps: 8470.32 qps: 169287.38 (r/w/o: 118456.77/33893.38/16937.24) lat (ms,95%): 24.83 err/s: 0.00 reconn/s: 0.00
[ 530s ] thds: 200 tps: 8490.39 qps: 169891.05 (r/w/o: 118939.02/33970.35/16981.67) lat (ms,95%): 24.83 err/s: 0.00 reconn/s: 0.00
[ 540s ] thds: 200 tps: 8517.90 qps: 170412.63 (r/w/o: 119292.92/34082.71/17037.00) lat (ms,95%): 24.83 err/s: 0.00 reconn/s: 0.00
[ 550s ] thds: 200 tps: 8475.30 qps: 169432.94 (r/w/o: 118609.26/33872.09/16951.59) lat (ms,95%): 24.83 err/s: 0.00 reconn/s: 0.00
[ 560s ] thds: 200 tps: 8325.02 qps: 166590.36 (r/w/o: 116624.85/33315.27/16650.24) lat (ms,95%): 26.68 err/s: 0.10 reconn/s: 0.00
[ 570s ] thds: 200 tps: 8285.50 qps: 165687.93 (r/w/o: 115983.65/33133.79/16570.49) lat (ms,95%): 27.17 err/s: 0.00 reconn/s: 0.00
[ 580s ] thds: 200 tps: 8393.09 qps: 167763.31 (r/w/o: 117410.67/33566.06/16786.58) lat (ms,95%): 25.74 err/s: 0.00 reconn/s: 0.00
[ 590s ] thds: 200 tps: 8480.21 qps: 169728.69 (r/w/o: 118836.04/33931.64/16961.02) lat (ms,95%): 24.83 err/s: 0.00 reconn/s: 0.00
[ 600s ] thds: 200 tps: 8479.79 qps: 169465.20 (r/w/o: 118604.26/33901.26/16959.68) lat (ms,95%): 24.83 err/s: 0.00 reconn/s: 0.00
[ 610s ] thds: 200 tps: 8432.40 qps: 168679.98 (r/w/o: 118084.69/33730.50/16864.80) lat (ms,95%): 24.83 err/s: 0.00 reconn/s: 0.00
[ 620s ] thds: 200 tps: 8420.51 qps: 168309.51 (r/w/o: 117787.88/33682.82/16838.81) lat (ms,95%): 25.28 err/s: 0.00 reconn/s: 0.00
[ 630s ] thds: 200 tps: 8270.49 qps: 165472.31 (r/w/o: 115832.27/33100.76/16539.28) lat (ms,95%): 27.17 err/s: 0.00 reconn/s: 0.00
[ 640s ] thds: 200 tps: 8270.70 qps: 165349.88 (r/w/o: 115740.46/33065.62/16543.81) lat (ms,95%): 27.17 err/s: 0.00 reconn/s: 0.00
[ 650s ] thds: 200 tps: 8325.22 qps: 166650.12 (r/w/o: 116695.62/33302.46/16652.03) lat (ms,95%): 25.74 err/s: 0.10 reconn/s: 0.00
[ 660s ] thds: 200 tps: 8462.98 qps: 169247.05 (r/w/o: 118464.89/33856.91/16925.26) lat (ms,95%): 24.83 err/s: 0.00 reconn/s: 0.00
[ 670s ] thds: 200 tps: 8480.71 qps: 169531.27 (r/w/o: 118654.49/33914.95/16961.83) lat (ms,95%): 24.83 err/s: 0.00 reconn/s: 0.00
[ 680s ] thds: 200 tps: 8434.52 qps: 168657.86 (r/w/o: 118051.15/33737.57/16869.14) lat (ms,95%): 24.83 err/s: 0.00 reconn/s: 0.00
[ 690s ] thds: 200 tps: 8391.16 qps: 167820.21 (r/w/o: 117468.47/33571.22/16780.51) lat (ms,95%): 25.28 err/s: 0.00 reconn/s: 0.00
[ 700s ] thds: 200 tps: 8238.33 qps: 164927.76 (r/w/o: 115492.19/32957.11/16478.46) lat (ms,95%): 27.17 err/s: 0.00 reconn/s: 0.00
[ 710s ] thds: 200 tps: 8250.19 qps: 164879.38 (r/w/o: 115373.75/33007.86/16497.78) lat (ms,95%): 27.17 err/s: 0.00 reconn/s: 0.00
[ 720s ] thds: 200 tps: 8261.91 qps: 165308.27 (r/w/o: 115751.72/33029.83/16526.72) lat (ms,95%): 27.17 err/s: 0.00 reconn/s: 0.00
[ 730s ] thds: 200 tps: 8358.32 qps: 167077.58 (r/w/o: 116927.46/33433.78/16716.34) lat (ms,95%): 25.74 err/s: 0.00 reconn/s: 0.00
[ 740s ] thds: 200 tps: 8367.68 qps: 167475.10 (r/w/o: 117252.92/33487.42/16734.76) lat (ms,95%): 25.74 err/s: 0.00 reconn/s: 0.00
[ 750s ] thds: 200 tps: 8331.60 qps: 166524.56 (r/w/o: 116542.57/33321.29/16660.70) lat (ms,95%): 26.20 err/s: 0.00 reconn/s: 0.00
[ 760s ] thds: 200 tps: 8429.81 qps: 168650.53 (r/w/o: 118079.59/33707.83/16863.11) lat (ms,95%): 25.28 err/s: 0.00 reconn/s: 0.00
[ 770s ] thds: 200 tps: 8259.71 qps: 165262.63 (r/w/o: 115693.69/33049.83/16519.11) lat (ms,95%): 27.17 err/s: 0.10 reconn/s: 0.00
[ 780s ] thds: 200 tps: 8280.97 qps: 165519.14 (r/w/o: 115844.64/33112.57/16561.93) lat (ms,95%): 27.17 err/s: 0.00 reconn/s: 0.00
[ 790s ] thds: 200 tps: 8264.23 qps: 165371.38 (r/w/o: 115768.81/33074.82/16527.76) lat (ms,95%): 26.68 err/s: 0.00 reconn/s: 0.00
[ 800s ] thds: 200 tps: 8391.09 qps: 167655.95 (r/w/o: 117327.20/33546.07/16782.69) lat (ms,95%): 25.28 err/s: 0.00 reconn/s: 0.00
[ 810s ] thds: 200 tps: 8438.99 qps: 168829.14 (r/w/o: 118190.29/33761.37/16877.48) lat (ms,95%): 24.83 err/s: 0.10 reconn/s: 0.00
[ 820s ] thds: 200 tps: 8405.41 qps: 168258.90 (r/w/o: 117809.14/33638.14/16811.62) lat (ms,95%): 25.28 err/s: 0.10 reconn/s: 0.00
[ 830s ] thds: 200 tps: 8372.08 qps: 167359.75 (r/w/o: 117148.95/33465.93/16744.86) lat (ms,95%): 25.28 err/s: 0.00 reconn/s: 0.00
[ 840s ] thds: 200 tps: 8259.32 qps: 165272.60 (r/w/o: 115701.51/33052.46/16518.63) lat (ms,95%): 26.68 err/s: 0.00 reconn/s: 0.00
SQL statistics:
    queries performed:
        read:                            98915936
        write:                           28261644
        other:                           14130866
        total:                           141308446
    transactions:                        7065407 (8409.38 per sec.)
    queries:                             141308446 (168187.90 per sec.)
    ignored errors:                      17     (0.02 per sec.)
    reconnects:                          0      (0.00 per sec.)

General statistics:
    total time:                          840.1810s
    total number of events:              7065407

Latency (ms):
         min:                                   21.19
         avg:                                   23.78
         max:                                  179.65
         95th percentile:                       25.28
         sum:                            167993438.91

Threads fairness:
    events (avg/stddev):           35327.0350/47.12
    execution time (avg/stddev):   839.9672/0.03

