sysbench 1.0.20-ebf1c90 (using bundled LuaJIT 2.1.0-beta2)

Running the test with following options:
Number of threads: 200
Report intermediate results every 10 second(s)
Initializing random number generator from current time


Initializing worker threads...

Threads started!

[ 10s ] thds: 200 tps: 6925.58 qps: 138714.90 (r/w/o: 97130.25/27714.50/13870.15) lat (ms,95%): 36.89 err/s: 0.00 reconn/s: 0.00
[ 20s ] thds: 200 tps: 8234.15 qps: 164681.19 (r/w/o: 115277.99/32934.80/16468.40) lat (ms,95%): 24.38 err/s: 0.00 reconn/s: 0.00
[ 30s ] thds: 200 tps: 8603.51 qps: 172067.77 (r/w/o: 120454.19/34406.35/17207.23) lat (ms,95%): 23.95 err/s: 0.00 reconn/s: 0.00
[ 40s ] thds: 200 tps: 8577.29 qps: 171551.27 (r/w/o: 120082.61/34313.57/17155.09) lat (ms,95%): 24.38 err/s: 0.10 reconn/s: 0.00
[ 50s ] thds: 200 tps: 8621.52 qps: 172426.91 (r/w/o: 120692.59/34492.08/17242.24) lat (ms,95%): 23.95 err/s: 0.00 reconn/s: 0.00
[ 60s ] thds: 200 tps: 8632.37 qps: 172638.38 (r/w/o: 120854.34/34518.70/17265.35) lat (ms,95%): 23.95 err/s: 0.00 reconn/s: 0.00
[ 70s ] thds: 200 tps: 8409.31 qps: 168277.14 (r/w/o: 117813.30/33644.53/16819.31) lat (ms,95%): 27.66 err/s: 0.00 reconn/s: 0.00
[ 80s ] thds: 200 tps: 8232.87 qps: 164645.53 (r/w/o: 115250.23/32929.57/16465.73) lat (ms,95%): 28.16 err/s: 0.00 reconn/s: 0.00
[ 90s ] thds: 200 tps: 8603.74 qps: 171939.04 (r/w/o: 120317.29/34414.77/17206.98) lat (ms,95%): 24.38 err/s: 0.00 reconn/s: 0.00
[ 100s ] thds: 200 tps: 8607.56 qps: 172140.28 (r/w/o: 120496.00/34429.26/17215.03) lat (ms,95%): 24.38 err/s: 0.00 reconn/s: 0.00
[ 110s ] thds: 200 tps: 8598.21 qps: 172047.67 (r/w/o: 120455.92/34395.13/17196.62) lat (ms,95%): 24.38 err/s: 0.00 reconn/s: 0.00
[ 120s ] thds: 200 tps: 8624.19 qps: 172467.77 (r/w/o: 120723.74/34495.75/17248.28) lat (ms,95%): 23.95 err/s: 0.00 reconn/s: 0.00
[ 130s ] thds: 200 tps: 8630.50 qps: 172597.35 (r/w/o: 120811.84/34524.71/17260.81) lat (ms,95%): 23.95 err/s: 0.00 reconn/s: 0.00
[ 140s ] thds: 200 tps: 8409.51 qps: 168185.85 (r/w/o: 117732.78/33633.65/16819.43) lat (ms,95%): 26.68 err/s: 0.00 reconn/s: 0.00
[ 150s ] thds: 200 tps: 8267.04 qps: 165402.78 (r/w/o: 115804.85/33063.26/16534.68) lat (ms,95%): 27.66 err/s: 0.00 reconn/s: 0.00
[ 160s ] thds: 200 tps: 8572.15 qps: 171372.72 (r/w/o: 119927.52/34303.60/17141.60) lat (ms,95%): 24.38 err/s: 0.00 reconn/s: 0.00
[ 170s ] thds: 200 tps: 8572.30 qps: 171565.32 (r/w/o: 120137.04/34281.08/17147.19) lat (ms,95%): 24.38 err/s: 0.00 reconn/s: 0.00
[ 180s ] thds: 200 tps: 8589.80 qps: 171721.15 (r/w/o: 120177.03/34364.91/17179.20) lat (ms,95%): 24.38 err/s: 0.10 reconn/s: 0.00
[ 190s ] thds: 200 tps: 8616.01 qps: 172264.34 (r/w/o: 120572.47/34460.05/17231.82) lat (ms,95%): 23.95 err/s: 0.00 reconn/s: 0.00
[ 200s ] thds: 200 tps: 8609.81 qps: 172163.34 (r/w/o: 120507.80/34439.53/17216.01) lat (ms,95%): 24.38 err/s: 0.00 reconn/s: 0.00
[ 210s ] thds: 200 tps: 8379.80 qps: 167651.28 (r/w/o: 117376.65/33510.22/16764.41) lat (ms,95%): 26.68 err/s: 0.10 reconn/s: 0.00
[ 220s ] thds: 200 tps: 8234.68 qps: 164798.28 (r/w/o: 115383.00/32945.82/16469.46) lat (ms,95%): 28.16 err/s: 0.00 reconn/s: 0.00
[ 230s ] thds: 200 tps: 8528.51 qps: 170433.23 (r/w/o: 119268.19/34107.93/17057.11) lat (ms,95%): 24.83 err/s: 0.00 reconn/s: 0.00
[ 240s ] thds: 200 tps: 8485.11 qps: 169698.70 (r/w/o: 118787.04/33942.34/16969.32) lat (ms,95%): 25.74 err/s: 0.00 reconn/s: 0.00
[ 250s ] thds: 200 tps: 8373.89 qps: 167540.78 (r/w/o: 117300.74/33491.46/16748.58) lat (ms,95%): 26.68 err/s: 0.00 reconn/s: 0.00
[ 260s ] thds: 200 tps: 8513.99 qps: 170344.96 (r/w/o: 119250.80/34065.77/17028.39) lat (ms,95%): 24.83 err/s: 0.00 reconn/s: 0.00
[ 270s ] thds: 200 tps: 8587.29 qps: 171718.77 (r/w/o: 120197.24/34346.65/17174.88) lat (ms,95%): 24.38 err/s: 0.10 reconn/s: 0.00
[ 280s ] thds: 200 tps: 8359.24 qps: 167085.17 (r/w/o: 116931.84/33435.55/16717.78) lat (ms,95%): 27.17 err/s: 0.00 reconn/s: 0.00
[ 290s ] thds: 200 tps: 8308.37 qps: 166139.11 (r/w/o: 116289.82/33233.16/16616.13) lat (ms,95%): 27.66 err/s: 0.00 reconn/s: 0.00
[ 300s ] thds: 200 tps: 8457.10 qps: 169244.93 (r/w/o: 118504.92/33824.61/16915.40) lat (ms,95%): 25.28 err/s: 0.00 reconn/s: 0.00
[ 310s ] thds: 200 tps: 8524.11 qps: 170415.50 (r/w/o: 119268.34/34099.54/17047.62) lat (ms,95%): 24.83 err/s: 0.00 reconn/s: 0.00
[ 320s ] thds: 200 tps: 8524.43 qps: 170576.63 (r/w/o: 119405.74/34123.33/17047.56) lat (ms,95%): 24.83 err/s: 0.00 reconn/s: 0.00
[ 330s ] thds: 200 tps: 8618.70 qps: 172311.22 (r/w/o: 120621.41/34451.10/17238.70) lat (ms,95%): 23.95 err/s: 0.00 reconn/s: 0.00
[ 340s ] thds: 200 tps: 8597.67 qps: 171986.08 (r/w/o: 120404.73/34385.10/17196.25) lat (ms,95%): 24.38 err/s: 0.00 reconn/s: 0.00
[ 350s ] thds: 200 tps: 8365.63 qps: 167262.48 (r/w/o: 117068.38/33462.74/16731.37) lat (ms,95%): 26.68 err/s: 0.00 reconn/s: 0.00
[ 360s ] thds: 200 tps: 8280.18 qps: 165619.46 (r/w/o: 115938.96/33119.93/16560.57) lat (ms,95%): 27.66 err/s: 0.00 reconn/s: 0.00
[ 370s ] thds: 200 tps: 8418.79 qps: 168445.48 (r/w/o: 117930.55/33677.36/16837.58) lat (ms,95%): 25.28 err/s: 0.00 reconn/s: 0.00
[ 380s ] thds: 200 tps: 8502.22 qps: 170067.12 (r/w/o: 119049.50/34013.48/17004.14) lat (ms,95%): 24.83 err/s: 0.00 reconn/s: 0.00
[ 390s ] thds: 200 tps: 8515.69 qps: 170201.72 (r/w/o: 119114.40/34055.84/17031.47) lat (ms,95%): 24.83 err/s: 0.00 reconn/s: 0.00
[ 400s ] thds: 200 tps: 8521.10 qps: 170453.42 (r/w/o: 119327.65/34083.98/17041.79) lat (ms,95%): 24.83 err/s: 0.00 reconn/s: 0.00
[ 410s ] thds: 200 tps: 8522.41 qps: 170520.43 (r/w/o: 119381.89/34092.83/17045.71) lat (ms,95%): 24.83 err/s: 0.10 reconn/s: 0.00
[ 420s ] thds: 200 tps: 8354.30 qps: 166977.40 (r/w/o: 116839.70/33432.60/16705.10) lat (ms,95%): 26.68 err/s: 0.00 reconn/s: 0.00
[ 430s ] thds: 200 tps: 8286.01 qps: 165759.25 (r/w/o: 116058.81/33124.93/16575.52) lat (ms,95%): 27.66 err/s: 0.00 reconn/s: 0.00
[ 440s ] thds: 200 tps: 8355.18 qps: 167157.76 (r/w/o: 117018.90/33429.01/16709.86) lat (ms,95%): 25.74 err/s: 0.00 reconn/s: 0.00
[ 450s ] thds: 200 tps: 8497.84 qps: 169873.32 (r/w/o: 118892.87/33984.26/16996.18) lat (ms,95%): 24.83 err/s: 0.00 reconn/s: 0.00
[ 460s ] thds: 200 tps: 8536.48 qps: 170783.35 (r/w/o: 119547.66/34163.83/17071.87) lat (ms,95%): 24.38 err/s: 0.10 reconn/s: 0.00
[ 470s ] thds: 200 tps: 8496.10 qps: 169898.12 (r/w/o: 118918.15/33989.68/16990.29) lat (ms,95%): 24.83 err/s: 0.00 reconn/s: 0.00
[ 480s ] thds: 200 tps: 8412.90 qps: 168350.58 (r/w/o: 117865.75/33658.12/16826.71) lat (ms,95%): 25.28 err/s: 0.00 reconn/s: 0.00
[ 490s ] thds: 200 tps: 8316.29 qps: 166342.83 (r/w/o: 116452.41/33255.45/16634.97) lat (ms,95%): 27.17 err/s: 0.00 reconn/s: 0.00
[ 500s ] thds: 200 tps: 8168.91 qps: 163336.03 (r/w/o: 114337.46/32660.85/16337.72) lat (ms,95%): 28.16 err/s: 0.00 reconn/s: 0.00
[ 510s ] thds: 200 tps: 8382.50 qps: 167585.63 (r/w/o: 117295.35/33525.19/16765.09) lat (ms,95%): 25.74 err/s: 0.00 reconn/s: 0.00
[ 520s ] thds: 200 tps: 8460.70 qps: 169315.81 (r/w/o: 118531.01/33863.90/16920.90) lat (ms,95%): 24.83 err/s: 0.00 reconn/s: 0.00
[ 530s ] thds: 200 tps: 8496.29 qps: 169921.76 (r/w/o: 118955.60/33972.87/16993.29) lat (ms,95%): 24.83 err/s: 0.00 reconn/s: 0.00
[ 540s ] thds: 200 tps: 8526.89 qps: 170521.11 (r/w/o: 119362.57/34104.86/17053.68) lat (ms,95%): 24.83 err/s: 0.00 reconn/s: 0.00
[ 550s ] thds: 200 tps: 8479.32 qps: 169497.42 (r/w/o: 118624.40/33914.88/16958.14) lat (ms,95%): 24.83 err/s: 0.00 reconn/s: 0.00
[ 560s ] thds: 200 tps: 8331.19 qps: 166682.79 (r/w/o: 116697.13/33322.78/16662.89) lat (ms,95%): 26.68 err/s: 0.00 reconn/s: 0.00
[ 570s ] thds: 200 tps: 8287.20 qps: 165768.21 (r/w/o: 116041.21/33152.40/16574.60) lat (ms,95%): 27.17 err/s: 0.10 reconn/s: 0.00
[ 580s ] thds: 200 tps: 8393.40 qps: 167767.75 (r/w/o: 117408.56/33573.09/16786.09) lat (ms,95%): 25.74 err/s: 0.00 reconn/s: 0.00
[ 590s ] thds: 200 tps: 8487.00 qps: 169813.06 (r/w/o: 118894.74/33943.51/16974.81) lat (ms,95%): 24.83 err/s: 0.10 reconn/s: 0.00
[ 600s ] thds: 200 tps: 8481.59 qps: 169506.46 (r/w/o: 118616.90/33926.97/16962.59) lat (ms,95%): 24.83 err/s: 0.00 reconn/s: 0.00
[ 610s ] thds: 200 tps: 8435.91 qps: 168744.40 (r/w/o: 118128.51/33743.56/16872.33) lat (ms,95%): 24.83 err/s: 0.00 reconn/s: 0.00
[ 620s ] thds: 200 tps: 8414.39 qps: 168374.05 (r/w/o: 117865.52/33681.95/16826.57) lat (ms,95%): 25.28 err/s: 0.00 reconn/s: 0.00
[ 630s ] thds: 200 tps: 8270.45 qps: 165498.36 (r/w/o: 115875.07/33080.09/16543.20) lat (ms,95%): 27.17 err/s: 0.00 reconn/s: 0.00
[ 640s ] thds: 200 tps: 8272.33 qps: 165400.49 (r/w/o: 115761.68/33095.54/16543.27) lat (ms,95%): 27.17 err/s: 0.00 reconn/s: 0.00
[ 650s ] thds: 200 tps: 8338.18 qps: 166689.28 (r/w/o: 116687.58/33323.84/16677.87) lat (ms,95%): 25.74 err/s: 0.00 reconn/s: 0.00
[ 660s ] thds: 200 tps: 8464.13 qps: 169274.03 (r/w/o: 118487.54/33858.63/16927.86) lat (ms,95%): 24.83 err/s: 0.00 reconn/s: 0.00
[ 670s ] thds: 200 tps: 8479.42 qps: 169524.27 (r/w/o: 118645.46/33921.47/16957.34) lat (ms,95%): 24.83 err/s: 0.10 reconn/s: 0.00
[ 680s ] thds: 200 tps: 8429.53 qps: 168655.78 (r/w/o: 118064.07/33733.04/16858.67) lat (ms,95%): 24.83 err/s: 0.00 reconn/s: 0.00
[ 690s ] thds: 200 tps: 8387.34 qps: 167843.64 (r/w/o: 117508.72/33559.45/16775.47) lat (ms,95%): 25.28 err/s: 0.00 reconn/s: 0.00
[ 700s ] thds: 200 tps: 8252.59 qps: 164968.03 (r/w/o: 115482.01/32979.05/16506.97) lat (ms,95%): 27.17 err/s: 0.00 reconn/s: 0.00
[ 710s ] thds: 200 tps: 8242.80 qps: 164979.75 (r/w/o: 115493.93/33000.11/16485.70) lat (ms,95%): 27.17 err/s: 0.00 reconn/s: 0.00
[ 720s ] thds: 200 tps: 8275.01 qps: 165317.61 (r/w/o: 115698.48/33069.12/16550.01) lat (ms,95%): 27.17 err/s: 0.00 reconn/s: 0.00
[ 730s ] thds: 200 tps: 8355.02 qps: 167109.71 (r/w/o: 116966.52/33435.56/16707.63) lat (ms,95%): 25.74 err/s: 0.00 reconn/s: 0.00
[ 740s ] thds: 200 tps: 8371.28 qps: 167529.95 (r/w/o: 117305.66/33479.33/16744.97) lat (ms,95%): 25.74 err/s: 0.00 reconn/s: 0.00
[ 750s ] thds: 200 tps: 8328.89 qps: 166614.09 (r/w/o: 116628.22/33328.18/16657.69) lat (ms,95%): 26.20 err/s: 0.10 reconn/s: 0.00
[ 760s ] thds: 200 tps: 8443.48 qps: 168704.92 (r/w/o: 118065.66/33752.10/16887.15) lat (ms,95%): 25.28 err/s: 0.00 reconn/s: 0.00
[ 770s ] thds: 200 tps: 8260.81 qps: 165339.73 (r/w/o: 115769.16/33048.45/16522.12) lat (ms,95%): 27.17 err/s: 0.10 reconn/s: 0.00
[ 780s ] thds: 200 tps: 8284.22 qps: 165565.05 (r/w/o: 115861.02/33136.59/16567.45) lat (ms,95%): 26.68 err/s: 0.00 reconn/s: 0.00
[ 790s ] thds: 200 tps: 8263.33 qps: 165385.53 (r/w/o: 115805.24/33052.93/16527.36) lat (ms,95%): 26.68 err/s: 0.00 reconn/s: 0.00
[ 800s ] thds: 200 tps: 8384.36 qps: 167678.70 (r/w/o: 117347.64/33564.04/16767.02) lat (ms,95%): 25.28 err/s: 0.10 reconn/s: 0.00
[ 810s ] thds: 200 tps: 8447.61 qps: 168936.88 (r/w/o: 118263.20/33777.86/16895.83) lat (ms,95%): 24.83 err/s: 0.10 reconn/s: 0.00
[ 820s ] thds: 200 tps: 8415.50 qps: 168343.22 (r/w/o: 117862.54/33647.88/16832.79) lat (ms,95%): 25.28 err/s: 0.00 reconn/s: 0.00
[ 830s ] thds: 200 tps: 8376.08 qps: 167417.09 (r/w/o: 117164.38/33500.54/16752.17) lat (ms,95%): 25.28 err/s: 0.00 reconn/s: 0.00
[ 840s ] thds: 200 tps: 8264.01 qps: 165368.10 (r/w/o: 115783.34/33056.74/16528.02) lat (ms,95%): 26.68 err/s: 0.00 reconn/s: 0.00
SQL statistics:
    queries performed:
        read:                            98949928
        write:                           28271357
        other:                           14135729
        total:                           141357014
    transactions:                        7067839 (8410.32 per sec.)
    queries:                             141357014 (168206.78 per sec.)
    ignored errors:                      13     (0.02 per sec.)
    reconnects:                          0      (0.00 per sec.)

General statistics:
    total time:                          840.3755s
    total number of events:              7067839

Latency (ms):
         min:                                   21.43
         avg:                                   23.77
         max:                                  378.32
         95th percentile:                       25.28
         sum:                            167994489.87

Threads fairness:
    events (avg/stddev):           35339.1950/53.43
    execution time (avg/stddev):   839.9724/0.04

