sysbench 1.0.20-ebf1c90 (using bundled LuaJIT 2.1.0-beta2)

Running the test with following options:
Number of threads: 200
Report intermediate results every 10 second(s)
Initializing random number generator from current time


Initializing worker threads...

Threads started!

[ 10s ] thds: 200 tps: 7069.85 qps: 141582.27 (r/w/o: 99140.64/28281.92/14159.71) lat (ms,95%): 32.53 err/s: 0.00 reconn/s: 0.00
[ 20s ] thds: 200 tps: 8358.58 qps: 167167.97 (r/w/o: 117012.20/33438.91/16716.86) lat (ms,95%): 23.95 err/s: 0.00 reconn/s: 0.00
[ 30s ] thds: 200 tps: 8697.96 qps: 174004.69 (r/w/o: 121809.93/34799.34/17395.42) lat (ms,95%): 23.52 err/s: 0.00 reconn/s: 0.00
[ 40s ] thds: 200 tps: 8671.46 qps: 173407.72 (r/w/o: 121380.89/34683.32/17343.51) lat (ms,95%): 23.52 err/s: 0.00 reconn/s: 0.00
[ 50s ] thds: 200 tps: 8708.60 qps: 174160.05 (r/w/o: 121909.23/34834.21/17416.60) lat (ms,95%): 23.52 err/s: 0.00 reconn/s: 0.00
[ 60s ] thds: 200 tps: 8712.87 qps: 174234.75 (r/w/o: 121960.01/34848.89/17425.84) lat (ms,95%): 23.52 err/s: 0.00 reconn/s: 0.00
[ 70s ] thds: 200 tps: 8606.04 qps: 172204.15 (r/w/o: 120554.20/34438.97/17210.99) lat (ms,95%): 25.28 err/s: 0.00 reconn/s: 0.00
[ 80s ] thds: 200 tps: 8565.67 qps: 171215.27 (r/w/o: 119834.33/34248.39/17132.55) lat (ms,95%): 25.74 err/s: 0.00 reconn/s: 0.00
[ 90s ] thds: 200 tps: 8693.40 qps: 173911.50 (r/w/o: 121755.03/34769.88/17386.59) lat (ms,95%): 23.52 err/s: 0.00 reconn/s: 0.00
[ 100s ] thds: 200 tps: 8705.42 qps: 174097.78 (r/w/o: 121861.37/34825.18/17411.24) lat (ms,95%): 23.52 err/s: 0.00 reconn/s: 0.00
[ 110s ] thds: 200 tps: 8702.44 qps: 174034.14 (r/w/o: 121820.72/34809.05/17404.37) lat (ms,95%): 23.52 err/s: 0.00 reconn/s: 0.00
[ 120s ] thds: 200 tps: 8698.04 qps: 173998.06 (r/w/o: 121804.33/34797.45/17396.28) lat (ms,95%): 23.52 err/s: 0.00 reconn/s: 0.00
[ 130s ] thds: 200 tps: 8700.80 qps: 174003.27 (r/w/o: 121800.18/34801.39/17401.70) lat (ms,95%): 23.52 err/s: 0.00 reconn/s: 0.00
[ 140s ] thds: 200 tps: 8589.50 qps: 171784.35 (r/w/o: 120256.04/34349.11/17179.21) lat (ms,95%): 24.83 err/s: 0.00 reconn/s: 0.00
[ 150s ] thds: 200 tps: 8563.40 qps: 171288.49 (r/w/o: 119892.70/34270.20/17125.60) lat (ms,95%): 25.74 err/s: 0.00 reconn/s: 0.00
[ 160s ] thds: 200 tps: 8696.96 qps: 173903.82 (r/w/o: 121736.25/34772.14/17395.42) lat (ms,95%): 23.95 err/s: 0.00 reconn/s: 0.00
[ 170s ] thds: 200 tps: 8691.63 qps: 173873.82 (r/w/o: 121715.83/34775.32/17382.66) lat (ms,95%): 23.52 err/s: 0.00 reconn/s: 0.00
[ 180s ] thds: 200 tps: 8689.34 qps: 173774.52 (r/w/o: 121640.18/34755.26/17379.08) lat (ms,95%): 23.52 err/s: 0.00 reconn/s: 0.00
[ 190s ] thds: 200 tps: 8700.16 qps: 173966.95 (r/w/o: 121768.80/34799.13/17399.01) lat (ms,95%): 23.52 err/s: 0.00 reconn/s: 0.00
[ 200s ] thds: 200 tps: 8700.12 qps: 174001.57 (r/w/o: 121797.83/34803.09/17400.65) lat (ms,95%): 23.52 err/s: 0.10 reconn/s: 0.00
[ 210s ] thds: 200 tps: 8614.73 qps: 172271.31 (r/w/o: 120584.03/34456.92/17230.36) lat (ms,95%): 24.83 err/s: 0.00 reconn/s: 0.00
[ 220s ] thds: 200 tps: 8516.45 qps: 170334.65 (r/w/o: 119241.14/34062.41/17031.10) lat (ms,95%): 25.74 err/s: 0.00 reconn/s: 0.00
[ 230s ] thds: 200 tps: 8657.11 qps: 173160.73 (r/w/o: 121214.99/34630.23/17315.51) lat (ms,95%): 23.95 err/s: 0.00 reconn/s: 0.00
[ 240s ] thds: 200 tps: 8642.21 qps: 172848.74 (r/w/o: 120995.10/34568.73/17284.91) lat (ms,95%): 24.38 err/s: 0.00 reconn/s: 0.00
[ 250s ] thds: 200 tps: 8638.69 qps: 172788.78 (r/w/o: 120954.21/34556.98/17277.59) lat (ms,95%): 24.38 err/s: 0.00 reconn/s: 0.00
[ 260s ] thds: 200 tps: 8692.97 qps: 173841.18 (r/w/o: 121686.26/34769.78/17385.14) lat (ms,95%): 23.52 err/s: 0.10 reconn/s: 0.00
[ 270s ] thds: 200 tps: 8688.39 qps: 173779.39 (r/w/o: 121648.82/34753.48/17377.09) lat (ms,95%): 23.52 err/s: 0.00 reconn/s: 0.00
[ 280s ] thds: 200 tps: 8616.71 qps: 172346.17 (r/w/o: 120635.22/34478.73/17232.22) lat (ms,95%): 24.83 err/s: 0.00 reconn/s: 0.00
[ 290s ] thds: 200 tps: 8526.59 qps: 170522.56 (r/w/o: 119376.73/34090.25/17055.58) lat (ms,95%): 26.20 err/s: 0.00 reconn/s: 0.00
[ 300s ] thds: 200 tps: 8676.30 qps: 173534.72 (r/w/o: 121473.82/34708.80/17352.10) lat (ms,95%): 23.95 err/s: 0.00 reconn/s: 0.00
[ 310s ] thds: 200 tps: 8693.93 qps: 173872.69 (r/w/o: 121708.29/34776.54/17387.87) lat (ms,95%): 23.52 err/s: 0.00 reconn/s: 0.00
[ 320s ] thds: 200 tps: 8683.40 qps: 173676.64 (r/w/o: 121576.86/34732.49/17367.29) lat (ms,95%): 23.52 err/s: 0.00 reconn/s: 0.00
[ 330s ] thds: 200 tps: 8685.57 qps: 173698.83 (r/w/o: 121582.83/34745.47/17370.53) lat (ms,95%): 23.52 err/s: 0.00 reconn/s: 0.00
[ 340s ] thds: 200 tps: 8680.82 qps: 173664.98 (r/w/o: 121579.87/34723.28/17361.84) lat (ms,95%): 23.52 err/s: 0.00 reconn/s: 0.00
[ 350s ] thds: 200 tps: 8619.36 qps: 172338.56 (r/w/o: 120626.38/34473.55/17238.63) lat (ms,95%): 24.83 err/s: 0.00 reconn/s: 0.00
[ 360s ] thds: 200 tps: 8566.96 qps: 171314.68 (r/w/o: 119912.79/34268.26/17133.63) lat (ms,95%): 25.28 err/s: 0.00 reconn/s: 0.00
[ 370s ] thds: 200 tps: 8674.08 qps: 173536.37 (r/w/o: 121485.30/34702.41/17348.66) lat (ms,95%): 23.52 err/s: 0.00 reconn/s: 0.00
[ 380s ] thds: 200 tps: 8679.70 qps: 173589.00 (r/w/o: 121512.23/34717.68/17359.09) lat (ms,95%): 23.52 err/s: 0.00 reconn/s: 0.00
[ 390s ] thds: 200 tps: 8680.60 qps: 173586.80 (r/w/o: 121504.83/34721.38/17360.59) lat (ms,95%): 23.52 err/s: 0.00 reconn/s: 0.00
[ 400s ] thds: 200 tps: 8681.01 qps: 173651.31 (r/w/o: 121563.45/34725.44/17362.42) lat (ms,95%): 23.52 err/s: 0.00 reconn/s: 0.00
[ 410s ] thds: 200 tps: 8674.02 qps: 173431.54 (r/w/o: 121392.14/34691.17/17348.23) lat (ms,95%): 23.95 err/s: 0.00 reconn/s: 0.00
[ 420s ] thds: 200 tps: 8607.10 qps: 172147.78 (r/w/o: 120502.49/34431.50/17213.80) lat (ms,95%): 24.83 err/s: 0.00 reconn/s: 0.00
[ 430s ] thds: 200 tps: 8555.88 qps: 171154.61 (r/w/o: 119821.83/34220.22/17112.56) lat (ms,95%): 25.28 err/s: 0.00 reconn/s: 0.00
[ 440s ] thds: 200 tps: 8670.81 qps: 173386.32 (r/w/o: 121362.48/34682.02/17341.81) lat (ms,95%): 23.95 err/s: 0.00 reconn/s: 0.00
[ 450s ] thds: 200 tps: 8678.26 qps: 173591.85 (r/w/o: 121518.81/34717.33/17355.72) lat (ms,95%): 23.52 err/s: 0.00 reconn/s: 0.00
[ 460s ] thds: 200 tps: 8661.63 qps: 173211.28 (r/w/o: 121240.20/34646.52/17324.56) lat (ms,95%): 23.95 err/s: 0.10 reconn/s: 0.00
[ 470s ] thds: 200 tps: 8649.49 qps: 172980.49 (r/w/o: 121089.16/34593.76/17297.58) lat (ms,95%): 23.95 err/s: 0.00 reconn/s: 0.00
[ 480s ] thds: 200 tps: 8637.39 qps: 172766.06 (r/w/o: 120937.60/34552.97/17275.49) lat (ms,95%): 24.38 err/s: 0.00 reconn/s: 0.00
[ 490s ] thds: 200 tps: 8525.22 qps: 170473.49 (r/w/o: 119320.97/34102.08/17050.44) lat (ms,95%): 25.74 err/s: 0.00 reconn/s: 0.00
[ 500s ] thds: 200 tps: 8586.42 qps: 171750.22 (r/w/o: 120233.09/34344.88/17172.24) lat (ms,95%): 24.83 err/s: 0.00 reconn/s: 0.00
[ 510s ] thds: 200 tps: 8664.05 qps: 173297.92 (r/w/o: 121313.35/34655.18/17329.39) lat (ms,95%): 23.95 err/s: 0.00 reconn/s: 0.00
[ 520s ] thds: 200 tps: 8674.66 qps: 173468.79 (r/w/o: 121424.23/34695.94/17348.62) lat (ms,95%): 23.52 err/s: 0.00 reconn/s: 0.00
[ 530s ] thds: 200 tps: 8665.55 qps: 173323.44 (r/w/o: 121323.86/34668.89/17330.69) lat (ms,95%): 23.52 err/s: 0.00 reconn/s: 0.00
[ 540s ] thds: 200 tps: 8670.01 qps: 173414.28 (r/w/o: 121396.30/34677.26/17340.73) lat (ms,95%): 23.52 err/s: 0.10 reconn/s: 0.00
[ 550s ] thds: 200 tps: 8638.27 qps: 172758.88 (r/w/o: 120930.97/34551.18/17276.74) lat (ms,95%): 23.95 err/s: 0.00 reconn/s: 0.00
[ 560s ] thds: 200 tps: 8616.94 qps: 172342.98 (r/w/o: 120642.05/34466.56/17234.38) lat (ms,95%): 24.38 err/s: 0.10 reconn/s: 0.00
[ 570s ] thds: 200 tps: 8586.39 qps: 171706.55 (r/w/o: 120187.49/34347.67/17171.38) lat (ms,95%): 24.83 err/s: 0.00 reconn/s: 0.00
[ 580s ] thds: 200 tps: 8645.07 qps: 172916.63 (r/w/o: 121047.40/34577.39/17291.84) lat (ms,95%): 23.95 err/s: 0.00 reconn/s: 0.00
[ 590s ] thds: 200 tps: 8671.87 qps: 173409.65 (r/w/o: 121378.25/34688.37/17343.04) lat (ms,95%): 23.95 err/s: 0.00 reconn/s: 0.00
[ 600s ] thds: 200 tps: 8656.57 qps: 173178.82 (r/w/o: 121236.40/34628.98/17313.44) lat (ms,95%): 23.95 err/s: 0.00 reconn/s: 0.00
[ 610s ] thds: 200 tps: 8667.02 qps: 173350.65 (r/w/o: 121347.01/34669.19/17334.44) lat (ms,95%): 23.52 err/s: 0.00 reconn/s: 0.00
[ 620s ] thds: 200 tps: 8617.30 qps: 172341.65 (r/w/o: 120639.46/34467.89/17234.29) lat (ms,95%): 24.38 err/s: 0.00 reconn/s: 0.00
[ 630s ] thds: 200 tps: 8605.61 qps: 172063.84 (r/w/o: 120431.67/34421.25/17210.92) lat (ms,95%): 24.83 err/s: 0.00 reconn/s: 0.00
[ 640s ] thds: 200 tps: 8568.96 qps: 171396.25 (r/w/o: 119984.01/34273.73/17138.52) lat (ms,95%): 25.28 err/s: 0.00 reconn/s: 0.00
[ 650s ] thds: 200 tps: 8634.00 qps: 172687.94 (r/w/o: 120885.06/34534.69/17268.19) lat (ms,95%): 23.95 err/s: 0.00 reconn/s: 0.00
[ 660s ] thds: 200 tps: 8667.39 qps: 173357.87 (r/w/o: 121346.44/34677.55/17333.88) lat (ms,95%): 23.52 err/s: 0.00 reconn/s: 0.00
[ 670s ] thds: 200 tps: 8658.77 qps: 173157.05 (r/w/o: 121209.31/34630.69/17317.04) lat (ms,95%): 23.95 err/s: 0.00 reconn/s: 0.00
[ 680s ] thds: 200 tps: 8666.68 qps: 173351.26 (r/w/o: 121347.49/34669.61/17334.16) lat (ms,95%): 23.52 err/s: 0.00 reconn/s: 0.00
[ 690s ] thds: 200 tps: 8620.99 qps: 172411.77 (r/w/o: 120685.31/34484.67/17241.79) lat (ms,95%): 24.38 err/s: 0.00 reconn/s: 0.00
[ 700s ] thds: 200 tps: 8591.09 qps: 171804.53 (r/w/o: 120261.98/34360.07/17182.48) lat (ms,95%): 24.83 err/s: 0.00 reconn/s: 0.00
[ 710s ] thds: 200 tps: 8504.21 qps: 170082.37 (r/w/o: 119049.02/34026.03/17007.32) lat (ms,95%): 25.74 err/s: 0.00 reconn/s: 0.00
[ 720s ] thds: 200 tps: 8569.96 qps: 171430.52 (r/w/o: 120020.75/34268.04/17141.72) lat (ms,95%): 25.28 err/s: 0.00 reconn/s: 0.00
[ 730s ] thds: 200 tps: 8632.40 qps: 172641.81 (r/w/o: 120841.34/34536.48/17263.99) lat (ms,95%): 24.38 err/s: 0.00 reconn/s: 0.00
[ 740s ] thds: 200 tps: 8650.66 qps: 173046.18 (r/w/o: 121142.23/34601.24/17302.72) lat (ms,95%): 23.95 err/s: 0.10 reconn/s: 0.00
[ 750s ] thds: 200 tps: 8661.68 qps: 173217.92 (r/w/o: 121246.74/34648.72/17322.46) lat (ms,95%): 23.95 err/s: 0.10 reconn/s: 0.00
[ 760s ] thds: 200 tps: 8618.39 qps: 172350.27 (r/w/o: 120645.91/34466.67/17237.69) lat (ms,95%): 24.38 err/s: 0.00 reconn/s: 0.00
[ 770s ] thds: 200 tps: 8583.48 qps: 171697.71 (r/w/o: 120193.32/34337.62/17166.76) lat (ms,95%): 24.83 err/s: 0.00 reconn/s: 0.00
[ 780s ] thds: 200 tps: 8562.62 qps: 171215.20 (r/w/o: 119841.48/34248.18/17125.54) lat (ms,95%): 25.28 err/s: 0.00 reconn/s: 0.00
[ 790s ] thds: 200 tps: 8653.76 qps: 173053.68 (r/w/o: 121132.09/34615.56/17306.03) lat (ms,95%): 23.95 err/s: 0.00 reconn/s: 0.00
[ 800s ] thds: 200 tps: 8662.39 qps: 173288.08 (r/w/o: 121312.92/34649.28/17325.89) lat (ms,95%): 23.52 err/s: 0.10 reconn/s: 0.00
[ 810s ] thds: 200 tps: 8651.25 qps: 173012.23 (r/w/o: 121102.32/34607.31/17302.60) lat (ms,95%): 23.95 err/s: 0.00 reconn/s: 0.00
[ 820s ] thds: 200 tps: 8649.28 qps: 173010.76 (r/w/o: 121110.79/34601.51/17298.46) lat (ms,95%): 23.95 err/s: 0.10 reconn/s: 0.00
[ 830s ] thds: 200 tps: 8616.43 qps: 172316.35 (r/w/o: 120619.95/34464.03/17232.36) lat (ms,95%): 24.38 err/s: 0.00 reconn/s: 0.00
[ 840s ] thds: 200 tps: 8589.03 qps: 171725.59 (r/w/o: 120200.28/34346.94/17178.37) lat (ms,95%): 24.83 err/s: 0.00 reconn/s: 0.00
SQL statistics:
    queries performed:
        read:                            101373762
        write:                           28963896
        other:                           14481984
        total:                           144819642
    transactions:                        7240974 (8616.43 per sec.)
    queries:                             144819642 (172328.75 per sec.)
    ignored errors:                      9      (0.01 per sec.)
    reconnects:                          0      (0.00 per sec.)

General statistics:
    total time:                          840.3674s
    total number of events:              7240974

Latency (ms):
         min:                                   21.42
         avg:                                   23.20
         max:                                  366.87
         95th percentile:                       23.95
         sum:                            167998576.98

Threads fairness:
    events (avg/stddev):           36204.8700/59.21
    execution time (avg/stddev):   839.9929/0.07

