sysbench 1.0.20-ebf1c90 (using bundled LuaJIT 2.1.0-beta2)

Running the test with following options:
Number of threads: 200
Report intermediate results every 10 second(s)
Initializing random number generator from current time


Initializing worker threads...

Threads started!

[ 10s ] thds: 200 tps: 7062.22 qps: 141437.75 (r/w/o: 99041.54/28251.78/14144.43) lat (ms,95%): 32.53 err/s: 0.00 reconn/s: 0.00
[ 20s ] thds: 200 tps: 8399.62 qps: 167983.27 (r/w/o: 117580.56/33603.87/16798.84) lat (ms,95%): 23.95 err/s: 0.00 reconn/s: 0.00
[ 30s ] thds: 200 tps: 8697.50 qps: 173974.60 (r/w/o: 121789.57/34790.22/17394.81) lat (ms,95%): 23.52 err/s: 0.00 reconn/s: 0.00
[ 40s ] thds: 200 tps: 8673.28 qps: 173450.09 (r/w/o: 121410.81/34693.52/17345.76) lat (ms,95%): 23.52 err/s: 0.00 reconn/s: 0.00
[ 50s ] thds: 200 tps: 8705.74 qps: 174119.45 (r/w/o: 121883.30/34823.57/17412.59) lat (ms,95%): 23.52 err/s: 0.00 reconn/s: 0.00
[ 60s ] thds: 200 tps: 8713.18 qps: 174235.52 (r/w/o: 121957.63/34852.02/17425.86) lat (ms,95%): 23.52 err/s: 0.00 reconn/s: 0.00
[ 70s ] thds: 200 tps: 8601.50 qps: 172119.28 (r/w/o: 120502.65/34413.72/17202.91) lat (ms,95%): 25.28 err/s: 0.00 reconn/s: 0.00
[ 80s ] thds: 200 tps: 8569.49 qps: 171266.88 (r/w/o: 119858.85/34269.36/17138.68) lat (ms,95%): 25.74 err/s: 0.00 reconn/s: 0.00
[ 90s ] thds: 200 tps: 8695.47 qps: 173966.06 (r/w/o: 121796.62/34778.19/17391.25) lat (ms,95%): 23.52 err/s: 0.00 reconn/s: 0.00
[ 100s ] thds: 200 tps: 8706.63 qps: 174119.08 (r/w/o: 121875.28/34830.34/17413.47) lat (ms,95%): 23.52 err/s: 0.00 reconn/s: 0.00
[ 110s ] thds: 200 tps: 8700.89 qps: 174020.54 (r/w/o: 121813.09/34805.27/17402.18) lat (ms,95%): 23.52 err/s: 0.00 reconn/s: 0.00
[ 120s ] thds: 200 tps: 8699.41 qps: 174005.32 (r/w/o: 121808.78/34798.12/17398.41) lat (ms,95%): 23.52 err/s: 0.00 reconn/s: 0.00
[ 130s ] thds: 200 tps: 8701.90 qps: 174019.25 (r/w/o: 121809.07/34806.49/17403.70) lat (ms,95%): 23.52 err/s: 0.00 reconn/s: 0.00
[ 140s ] thds: 200 tps: 8583.69 qps: 171686.86 (r/w/o: 120187.73/34330.85/17168.28) lat (ms,95%): 24.83 err/s: 0.00 reconn/s: 0.00
[ 150s ] thds: 200 tps: 8563.41 qps: 171290.33 (r/w/o: 119894.19/34271.53/17124.61) lat (ms,95%): 25.74 err/s: 0.00 reconn/s: 0.00
[ 160s ] thds: 200 tps: 8697.27 qps: 173929.90 (r/w/o: 121761.18/34772.28/17396.44) lat (ms,95%): 23.52 err/s: 0.00 reconn/s: 0.00
[ 170s ] thds: 200 tps: 8693.71 qps: 173874.04 (r/w/o: 121706.37/34781.15/17386.52) lat (ms,95%): 23.52 err/s: 0.00 reconn/s: 0.00
[ 180s ] thds: 200 tps: 8690.93 qps: 173809.20 (r/w/o: 121666.55/34761.10/17381.55) lat (ms,95%): 23.52 err/s: 0.00 reconn/s: 0.00
[ 190s ] thds: 200 tps: 8699.24 qps: 173968.93 (r/w/o: 121771.78/34797.57/17399.58) lat (ms,95%): 23.52 err/s: 0.00 reconn/s: 0.00
[ 200s ] thds: 200 tps: 8700.33 qps: 173995.45 (r/w/o: 121793.49/34802.91/17399.06) lat (ms,95%): 23.52 err/s: 0.00 reconn/s: 0.00
[ 210s ] thds: 200 tps: 8616.29 qps: 172279.21 (r/w/o: 120585.20/34459.94/17234.07) lat (ms,95%): 24.83 err/s: 0.00 reconn/s: 0.00
[ 220s ] thds: 200 tps: 8510.34 qps: 170250.17 (r/w/o: 119187.14/34043.15/17019.88) lat (ms,95%): 25.74 err/s: 0.00 reconn/s: 0.00
[ 230s ] thds: 200 tps: 8657.60 qps: 173165.39 (r/w/o: 121219.87/34629.92/17315.61) lat (ms,95%): 24.38 err/s: 0.00 reconn/s: 0.00
[ 240s ] thds: 200 tps: 8643.38 qps: 172884.29 (r/w/o: 121019.31/34577.82/17287.16) lat (ms,95%): 24.38 err/s: 0.00 reconn/s: 0.00
[ 250s ] thds: 200 tps: 8639.71 qps: 172798.98 (r/w/o: 120956.80/34563.46/17278.73) lat (ms,95%): 24.38 err/s: 0.00 reconn/s: 0.00
[ 260s ] thds: 200 tps: 8695.49 qps: 173879.45 (r/w/o: 121715.92/34772.55/17390.97) lat (ms,95%): 23.52 err/s: 0.00 reconn/s: 0.00
[ 270s ] thds: 200 tps: 8687.97 qps: 173794.93 (r/w/o: 121663.53/34754.57/17376.83) lat (ms,95%): 23.52 err/s: 0.00 reconn/s: 0.00
[ 280s ] thds: 200 tps: 8615.15 qps: 172324.66 (r/w/o: 120634.45/34459.91/17230.31) lat (ms,95%): 24.83 err/s: 0.00 reconn/s: 0.00
[ 290s ] thds: 200 tps: 8532.29 qps: 170595.10 (r/w/o: 119405.36/34124.76/17064.98) lat (ms,95%): 26.20 err/s: 0.00 reconn/s: 0.00
[ 300s ] thds: 200 tps: 8676.42 qps: 173539.27 (r/w/o: 121480.43/34706.49/17352.35) lat (ms,95%): 23.95 err/s: 0.00 reconn/s: 0.00
[ 310s ] thds: 200 tps: 8694.38 qps: 173882.11 (r/w/o: 121715.23/34777.92/17388.96) lat (ms,95%): 23.52 err/s: 0.00 reconn/s: 0.00
[ 320s ] thds: 200 tps: 8683.80 qps: 173695.07 (r/w/o: 121590.48/34736.89/17367.70) lat (ms,95%): 23.52 err/s: 0.00 reconn/s: 0.00
[ 330s ] thds: 200 tps: 8685.31 qps: 173698.31 (r/w/o: 121584.45/34743.44/17370.42) lat (ms,95%): 23.52 err/s: 0.00 reconn/s: 0.00
[ 340s ] thds: 200 tps: 8681.89 qps: 173659.61 (r/w/o: 121566.80/34729.14/17363.67) lat (ms,95%): 23.52 err/s: 0.00 reconn/s: 0.00
[ 350s ] thds: 200 tps: 8619.66 qps: 172371.39 (r/w/o: 120658.40/34473.96/17239.03) lat (ms,95%): 24.83 err/s: 0.00 reconn/s: 0.00
[ 360s ] thds: 200 tps: 8567.88 qps: 171326.71 (r/w/o: 119920.03/34270.42/17136.26) lat (ms,95%): 25.28 err/s: 0.00 reconn/s: 0.00
[ 370s ] thds: 200 tps: 8674.60 qps: 173520.63 (r/w/o: 121469.32/34702.21/17349.10) lat (ms,95%): 23.52 err/s: 0.00 reconn/s: 0.00
[ 380s ] thds: 200 tps: 8679.69 qps: 173599.41 (r/w/o: 121525.27/34714.76/17359.38) lat (ms,95%): 23.52 err/s: 0.00 reconn/s: 0.00
[ 390s ] thds: 200 tps: 8678.48 qps: 173579.92 (r/w/o: 121503.07/34718.91/17357.95) lat (ms,95%): 23.52 err/s: 0.00 reconn/s: 0.00
[ 400s ] thds: 200 tps: 8682.68 qps: 173658.62 (r/w/o: 121561.66/34732.80/17364.15) lat (ms,95%): 23.52 err/s: 0.00 reconn/s: 0.00
[ 410s ] thds: 200 tps: 8674.03 qps: 173477.83 (r/w/o: 121431.47/34697.31/17349.05) lat (ms,95%): 23.52 err/s: 0.00 reconn/s: 0.00
[ 420s ] thds: 200 tps: 8606.86 qps: 172108.35 (r/w/o: 120472.80/34422.73/17212.81) lat (ms,95%): 24.83 err/s: 0.00 reconn/s: 0.00
[ 430s ] thds: 200 tps: 8558.18 qps: 171194.68 (r/w/o: 119846.48/34231.14/17117.07) lat (ms,95%): 25.28 err/s: 0.00 reconn/s: 0.00
[ 440s ] thds: 200 tps: 8670.96 qps: 173401.57 (r/w/o: 121376.09/34683.65/17341.83) lat (ms,95%): 23.52 err/s: 0.10 reconn/s: 0.00
[ 450s ] thds: 200 tps: 8680.99 qps: 173622.84 (r/w/o: 121534.19/34727.07/17361.58) lat (ms,95%): 23.52 err/s: 0.00 reconn/s: 0.00
[ 460s ] thds: 200 tps: 8663.48 qps: 173250.68 (r/w/o: 121272.58/34650.14/17327.97) lat (ms,95%): 23.95 err/s: 0.10 reconn/s: 0.00
[ 470s ] thds: 200 tps: 8648.00 qps: 172965.70 (r/w/o: 121077.17/34593.52/17295.01) lat (ms,95%): 23.95 err/s: 0.00 reconn/s: 0.00
[ 480s ] thds: 200 tps: 8638.21 qps: 172788.70 (r/w/o: 120956.57/34555.12/17277.01) lat (ms,95%): 24.38 err/s: 0.00 reconn/s: 0.00
[ 490s ] thds: 200 tps: 8520.38 qps: 170397.60 (r/w/o: 119271.29/34086.04/17040.27) lat (ms,95%): 25.74 err/s: 0.00 reconn/s: 0.00
[ 500s ] thds: 200 tps: 8590.92 qps: 171822.56 (r/w/o: 120281.92/34358.29/17182.35) lat (ms,95%): 24.83 err/s: 0.10 reconn/s: 0.00
[ 510s ] thds: 200 tps: 8666.80 qps: 173342.53 (r/w/o: 121343.82/34664.71/17334.00) lat (ms,95%): 23.95 err/s: 0.00 reconn/s: 0.00
[ 520s ] thds: 200 tps: 8675.49 qps: 173488.67 (r/w/o: 121436.81/34700.97/17350.89) lat (ms,95%): 23.52 err/s: 0.10 reconn/s: 0.00
[ 530s ] thds: 200 tps: 8665.39 qps: 173328.63 (r/w/o: 121333.41/34664.85/17330.37) lat (ms,95%): 23.52 err/s: 0.00 reconn/s: 0.00
[ 540s ] thds: 200 tps: 8671.25 qps: 173419.05 (r/w/o: 121391.94/34684.01/17343.11) lat (ms,95%): 23.52 err/s: 0.00 reconn/s: 0.00
[ 550s ] thds: 200 tps: 8636.95 qps: 172748.36 (r/w/o: 120927.94/34545.71/17274.71) lat (ms,95%): 23.95 err/s: 0.00 reconn/s: 0.00
[ 560s ] thds: 200 tps: 8618.71 qps: 172352.07 (r/w/o: 120642.42/34473.03/17236.62) lat (ms,95%): 24.38 err/s: 0.00 reconn/s: 0.00
[ 570s ] thds: 200 tps: 8585.70 qps: 171693.65 (r/w/o: 120177.44/34345.61/17170.61) lat (ms,95%): 24.83 err/s: 0.00 reconn/s: 0.00
[ 580s ] thds: 200 tps: 8641.80 qps: 172876.82 (r/w/o: 121024.61/34567.30/17284.90) lat (ms,95%): 23.95 err/s: 0.00 reconn/s: 0.00
[ 590s ] thds: 200 tps: 8672.92 qps: 173430.18 (r/w/o: 121393.74/34690.70/17345.75) lat (ms,95%): 23.95 err/s: 0.00 reconn/s: 0.00
[ 600s ] thds: 200 tps: 8657.28 qps: 173180.74 (r/w/o: 121234.68/34631.01/17315.05) lat (ms,95%): 23.95 err/s: 0.10 reconn/s: 0.00
[ 610s ] thds: 200 tps: 8667.23 qps: 173356.60 (r/w/o: 121350.69/34671.54/17334.37) lat (ms,95%): 23.52 err/s: 0.00 reconn/s: 0.00
[ 620s ] thds: 200 tps: 8618.80 qps: 172358.53 (r/w/o: 120646.95/34474.39/17237.19) lat (ms,95%): 24.38 err/s: 0.00 reconn/s: 0.00
[ 630s ] thds: 200 tps: 8604.17 qps: 172055.27 (r/w/o: 120430.33/34415.99/17208.95) lat (ms,95%): 24.83 err/s: 0.00 reconn/s: 0.00
[ 640s ] thds: 200 tps: 8568.01 qps: 171395.32 (r/w/o: 119985.78/34272.72/17136.81) lat (ms,95%): 25.28 err/s: 0.10 reconn/s: 0.00
[ 650s ] thds: 200 tps: 8638.28 qps: 172738.91 (r/w/o: 120914.93/34548.92/17275.06) lat (ms,95%): 23.95 err/s: 0.00 reconn/s: 0.00
[ 660s ] thds: 200 tps: 8666.96 qps: 173366.93 (r/w/o: 121359.49/34672.83/17334.61) lat (ms,95%): 23.52 err/s: 0.00 reconn/s: 0.00
[ 670s ] thds: 200 tps: 8659.17 qps: 173156.68 (r/w/o: 121205.26/34633.48/17317.94) lat (ms,95%): 23.95 err/s: 0.00 reconn/s: 0.00
[ 680s ] thds: 200 tps: 8667.02 qps: 173365.03 (r/w/o: 121360.83/34669.87/17334.33) lat (ms,95%): 23.52 err/s: 0.00 reconn/s: 0.00
[ 690s ] thds: 200 tps: 8621.45 qps: 172421.76 (r/w/o: 120692.87/34486.29/17242.60) lat (ms,95%): 24.38 err/s: 0.00 reconn/s: 0.00
[ 700s ] thds: 200 tps: 8590.35 qps: 171799.08 (r/w/o: 120255.78/34362.70/17180.60) lat (ms,95%): 24.83 err/s: 0.00 reconn/s: 0.00
[ 710s ] thds: 200 tps: 8499.07 qps: 170033.13 (r/w/o: 119035.63/34000.67/16996.83) lat (ms,95%): 25.74 err/s: 0.00 reconn/s: 0.00
[ 720s ] thds: 200 tps: 8578.51 qps: 171521.43 (r/w/o: 120058.69/34303.23/17159.51) lat (ms,95%): 24.83 err/s: 0.00 reconn/s: 0.00
[ 730s ] thds: 200 tps: 8632.75 qps: 172643.67 (r/w/o: 120842.05/34537.11/17264.51) lat (ms,95%): 24.38 err/s: 0.00 reconn/s: 0.00
[ 740s ] thds: 200 tps: 8652.71 qps: 173070.30 (r/w/o: 121156.94/34607.54/17305.82) lat (ms,95%): 23.95 err/s: 0.00 reconn/s: 0.00
[ 750s ] thds: 200 tps: 8658.20 qps: 173187.66 (r/w/o: 121235.57/34635.49/17316.60) lat (ms,95%): 23.95 err/s: 0.10 reconn/s: 0.00
[ 760s ] thds: 200 tps: 8618.02 qps: 172344.08 (r/w/o: 120638.44/34469.30/17236.35) lat (ms,95%): 24.38 err/s: 0.00 reconn/s: 0.00
[ 770s ] thds: 200 tps: 8583.92 qps: 171705.82 (r/w/o: 120197.49/34340.38/17167.94) lat (ms,95%): 24.83 err/s: 0.00 reconn/s: 0.00
[ 780s ] thds: 200 tps: 8562.89 qps: 171225.73 (r/w/o: 119855.88/34244.57/17125.28) lat (ms,95%): 25.28 err/s: 0.00 reconn/s: 0.00
[ 790s ] thds: 200 tps: 8654.89 qps: 173075.92 (r/w/o: 121141.37/34624.46/17310.08) lat (ms,95%): 23.95 err/s: 0.00 reconn/s: 0.00
[ 800s ] thds: 200 tps: 8661.70 qps: 173274.46 (r/w/o: 121302.64/34648.61/17323.21) lat (ms,95%): 23.52 err/s: 0.00 reconn/s: 0.00
[ 810s ] thds: 200 tps: 8653.39 qps: 173030.48 (r/w/o: 121117.92/34605.78/17306.79) lat (ms,95%): 23.95 err/s: 0.00 reconn/s: 0.00
[ 820s ] thds: 200 tps: 8649.51 qps: 173029.00 (r/w/o: 121122.77/34607.32/17298.91) lat (ms,95%): 23.95 err/s: 0.00 reconn/s: 0.00
[ 830s ] thds: 200 tps: 8615.49 qps: 172313.89 (r/w/o: 120613.85/34468.66/17231.38) lat (ms,95%): 24.38 err/s: 0.00 reconn/s: 0.00
[ 840s ] thds: 200 tps: 8564.02 qps: 171246.30 (r/w/o: 119871.78/34247.58/17126.94) lat (ms,95%): 24.83 err/s: 0.00 reconn/s: 0.00
SQL statistics:
    queries performed:
        read:                            101378326
        write:                           28965203
        other:                           14482637
        total:                           144826166
    transactions:                        7241302 (8617.74 per sec.)
    queries:                             144826166 (172354.93 per sec.)
    ignored errors:                      7      (0.01 per sec.)
    reconnects:                          0      (0.00 per sec.)

General statistics:
    total time:                          840.2776s
    total number of events:              7241302

Latency (ms):
         min:                                   21.35
         avg:                                   23.20
         max:                                  305.90
         95th percentile:                       23.95
         sum:                            168008521.17

Threads fairness:
    events (avg/stddev):           36206.5100/49.07
    execution time (avg/stddev):   840.0426/0.07

