sysbench 1.0.20-ebf1c90 (using bundled LuaJIT 2.1.0-beta2)

Running the test with following options:
Number of threads: 200
Report intermediate results every 10 second(s)
Initializing random number generator from current time


Initializing worker threads...

Threads started!

[ 10s ] thds: 200 tps: 7067.64 qps: 141533.38 (r/w/o: 99106.14/28271.96/14155.28) lat (ms,95%): 32.53 err/s: 0.00 reconn/s: 0.00
[ 20s ] thds: 200 tps: 8372.77 qps: 167467.42 (r/w/o: 117221.30/33500.98/16745.14) lat (ms,95%): 23.95 err/s: 0.00 reconn/s: 0.00
[ 30s ] thds: 200 tps: 8699.61 qps: 173972.10 (r/w/o: 121780.54/34792.44/17399.12) lat (ms,95%): 23.52 err/s: 0.00 reconn/s: 0.00
[ 40s ] thds: 200 tps: 8668.80 qps: 173394.40 (r/w/o: 121378.60/34678.70/17337.10) lat (ms,95%): 23.52 err/s: 0.10 reconn/s: 0.00
[ 50s ] thds: 200 tps: 8705.70 qps: 174118.41 (r/w/o: 121882.01/34824.70/17411.70) lat (ms,95%): 23.52 err/s: 0.00 reconn/s: 0.00
[ 60s ] thds: 200 tps: 8710.30 qps: 174196.15 (r/w/o: 121935.26/34841.19/17419.69) lat (ms,95%): 23.52 err/s: 0.00 reconn/s: 0.00
[ 70s ] thds: 200 tps: 8606.32 qps: 172146.18 (r/w/o: 120514.97/34416.78/17214.44) lat (ms,95%): 25.28 err/s: 0.00 reconn/s: 0.00
[ 80s ] thds: 200 tps: 8556.57 qps: 171167.48 (r/w/o: 119808.54/34246.80/17112.15) lat (ms,95%): 25.74 err/s: 0.00 reconn/s: 0.00
[ 90s ] thds: 200 tps: 8699.12 qps: 173916.14 (r/w/o: 121737.24/34780.07/17398.83) lat (ms,95%): 23.52 err/s: 0.10 reconn/s: 0.00
[ 100s ] thds: 200 tps: 8702.58 qps: 174080.90 (r/w/o: 121857.12/34819.12/17404.66) lat (ms,95%): 23.52 err/s: 0.00 reconn/s: 0.00
[ 110s ] thds: 200 tps: 8699.51 qps: 174003.00 (r/w/o: 121803.01/34801.56/17398.43) lat (ms,95%): 23.52 err/s: 0.00 reconn/s: 0.00
[ 120s ] thds: 200 tps: 8699.39 qps: 173973.07 (r/w/o: 121785.51/34787.77/17399.79) lat (ms,95%): 23.52 err/s: 0.00 reconn/s: 0.00
[ 130s ] thds: 200 tps: 8699.20 qps: 173975.87 (r/w/o: 121780.75/34796.51/17398.61) lat (ms,95%): 23.52 err/s: 0.00 reconn/s: 0.00
[ 140s ] thds: 200 tps: 8587.39 qps: 171707.35 (r/w/o: 120184.82/34347.85/17174.67) lat (ms,95%): 24.83 err/s: 0.00 reconn/s: 0.00
[ 150s ] thds: 200 tps: 8556.80 qps: 171210.16 (r/w/o: 119870.77/34225.29/17114.10) lat (ms,95%): 25.74 err/s: 0.00 reconn/s: 0.00
[ 160s ] thds: 200 tps: 8697.52 qps: 173896.17 (r/w/o: 121703.76/34798.77/17393.64) lat (ms,95%): 23.95 err/s: 0.00 reconn/s: 0.00
[ 170s ] thds: 200 tps: 8692.39 qps: 173871.67 (r/w/o: 121721.51/34764.37/17385.79) lat (ms,95%): 23.52 err/s: 0.00 reconn/s: 0.00
[ 180s ] thds: 200 tps: 8689.47 qps: 173776.49 (r/w/o: 121637.94/34759.90/17378.65) lat (ms,95%): 23.52 err/s: 0.00 reconn/s: 0.00
[ 190s ] thds: 200 tps: 8694.90 qps: 173940.56 (r/w/o: 121768.44/34782.41/17389.71) lat (ms,95%): 23.52 err/s: 0.00 reconn/s: 0.00
[ 200s ] thds: 200 tps: 8697.10 qps: 173950.96 (r/w/o: 121769.17/34787.29/17394.50) lat (ms,95%): 23.52 err/s: 0.10 reconn/s: 0.00
[ 210s ] thds: 200 tps: 8610.03 qps: 172240.92 (r/w/o: 120575.76/34444.60/17220.55) lat (ms,95%): 24.83 err/s: 0.00 reconn/s: 0.00
[ 220s ] thds: 200 tps: 8520.60 qps: 170371.51 (r/w/o: 119250.11/34081.00/17040.40) lat (ms,95%): 25.74 err/s: 0.00 reconn/s: 0.00
[ 230s ] thds: 200 tps: 8656.29 qps: 173119.78 (r/w/o: 121185.94/34621.16/17312.68) lat (ms,95%): 24.38 err/s: 0.00 reconn/s: 0.00
[ 240s ] thds: 200 tps: 8641.90 qps: 172810.35 (r/w/o: 120960.14/34566.11/17284.11) lat (ms,95%): 24.38 err/s: 0.10 reconn/s: 0.00
[ 250s ] thds: 200 tps: 8637.30 qps: 172763.01 (r/w/o: 120939.34/34549.18/17274.49) lat (ms,95%): 24.38 err/s: 0.00 reconn/s: 0.00
[ 260s ] thds: 200 tps: 8690.22 qps: 173818.68 (r/w/o: 121671.47/34766.68/17380.54) lat (ms,95%): 23.52 err/s: 0.00 reconn/s: 0.00
[ 270s ] thds: 200 tps: 8689.20 qps: 173740.79 (r/w/o: 121609.89/34753.10/17377.80) lat (ms,95%): 23.52 err/s: 0.00 reconn/s: 0.00
[ 280s ] thds: 200 tps: 8614.11 qps: 172330.75 (r/w/o: 120646.01/34455.53/17229.22) lat (ms,95%): 24.83 err/s: 0.00 reconn/s: 0.00
[ 290s ] thds: 200 tps: 8531.30 qps: 170531.21 (r/w/o: 119346.71/34123.00/17061.50) lat (ms,95%): 26.20 err/s: 0.00 reconn/s: 0.00
[ 300s ] thds: 200 tps: 8672.49 qps: 173525.25 (r/w/o: 121482.42/34696.35/17346.47) lat (ms,95%): 23.95 err/s: 0.00 reconn/s: 0.00
[ 310s ] thds: 200 tps: 8693.50 qps: 173850.84 (r/w/o: 121696.53/34767.91/17386.40) lat (ms,95%): 23.52 err/s: 0.00 reconn/s: 0.00
[ 320s ] thds: 200 tps: 8682.66 qps: 173643.57 (r/w/o: 121544.19/34734.25/17365.13) lat (ms,95%): 23.52 err/s: 0.00 reconn/s: 0.00
[ 330s ] thds: 200 tps: 8680.51 qps: 173653.90 (r/w/o: 121566.01/34726.16/17361.73) lat (ms,95%): 23.52 err/s: 0.00 reconn/s: 0.00
[ 340s ] thds: 200 tps: 8684.41 qps: 173644.84 (r/w/o: 121550.30/34725.23/17369.31) lat (ms,95%): 23.52 err/s: 0.20 reconn/s: 0.00
[ 350s ] thds: 200 tps: 8617.00 qps: 172321.82 (r/w/o: 120616.24/34472.78/17232.79) lat (ms,95%): 24.83 err/s: 0.00 reconn/s: 0.00
[ 360s ] thds: 200 tps: 8562.48 qps: 171280.43 (r/w/o: 119900.74/34255.13/17124.56) lat (ms,95%): 25.28 err/s: 0.00 reconn/s: 0.00
[ 370s ] thds: 200 tps: 8674.49 qps: 173500.89 (r/w/o: 121452.65/34697.46/17350.78) lat (ms,95%): 23.52 err/s: 0.00 reconn/s: 0.00
[ 380s ] thds: 200 tps: 8678.15 qps: 173549.44 (r/w/o: 121487.63/34706.21/17355.60) lat (ms,95%): 23.52 err/s: 0.00 reconn/s: 0.00
[ 390s ] thds: 200 tps: 8675.87 qps: 173536.75 (r/w/o: 121479.21/34705.59/17351.94) lat (ms,95%): 23.52 err/s: 0.00 reconn/s: 0.00
[ 400s ] thds: 200 tps: 8681.90 qps: 173618.07 (r/w/o: 121529.35/34725.51/17363.21) lat (ms,95%): 23.52 err/s: 0.00 reconn/s: 0.00
[ 410s ] thds: 200 tps: 8670.36 qps: 173413.36 (r/w/o: 121388.61/34683.63/17341.12) lat (ms,95%): 23.95 err/s: 0.00 reconn/s: 0.00
[ 420s ] thds: 200 tps: 8603.83 qps: 172111.79 (r/w/o: 120479.98/34423.64/17208.17) lat (ms,95%): 24.83 err/s: 0.10 reconn/s: 0.00
[ 430s ] thds: 200 tps: 8558.40 qps: 171110.06 (r/w/o: 119769.04/34223.91/17117.11) lat (ms,95%): 25.28 err/s: 0.00 reconn/s: 0.00
[ 440s ] thds: 200 tps: 8666.30 qps: 173356.52 (r/w/o: 121354.41/34669.60/17332.50) lat (ms,95%): 23.95 err/s: 0.00 reconn/s: 0.00
[ 450s ] thds: 200 tps: 8678.66 qps: 173561.21 (r/w/o: 121492.95/34710.54/17357.72) lat (ms,95%): 23.52 err/s: 0.00 reconn/s: 0.00
[ 460s ] thds: 200 tps: 8657.43 qps: 173193.19 (r/w/o: 121241.91/34636.52/17314.76) lat (ms,95%): 23.95 err/s: 0.00 reconn/s: 0.00
[ 470s ] thds: 200 tps: 8649.49 qps: 172948.88 (r/w/o: 121060.52/34589.68/17298.69) lat (ms,95%): 23.95 err/s: 0.00 reconn/s: 0.00
[ 480s ] thds: 200 tps: 8636.80 qps: 172730.73 (r/w/o: 120908.22/34549.21/17273.30) lat (ms,95%): 24.38 err/s: 0.10 reconn/s: 0.00
[ 490s ] thds: 200 tps: 8518.02 qps: 170404.97 (r/w/o: 119292.06/34076.17/17036.74) lat (ms,95%): 25.74 err/s: 0.00 reconn/s: 0.00
[ 500s ] thds: 200 tps: 8589.71 qps: 171757.18 (r/w/o: 120221.50/34357.26/17178.43) lat (ms,95%): 24.83 err/s: 0.00 reconn/s: 0.00
[ 510s ] thds: 200 tps: 8664.55 qps: 173286.07 (r/w/o: 121300.35/34655.81/17329.91) lat (ms,95%): 23.95 err/s: 0.00 reconn/s: 0.00
[ 520s ] thds: 200 tps: 8673.13 qps: 173455.08 (r/w/o: 121413.21/34695.92/17345.96) lat (ms,95%): 23.52 err/s: 0.00 reconn/s: 0.00
[ 530s ] thds: 200 tps: 8663.44 qps: 173292.67 (r/w/o: 121315.21/34650.78/17326.69) lat (ms,95%): 23.52 err/s: 0.00 reconn/s: 0.00
[ 540s ] thds: 200 tps: 8669.39 qps: 173364.01 (r/w/o: 121346.00/34678.84/17339.17) lat (ms,95%): 23.52 err/s: 0.00 reconn/s: 0.00
[ 550s ] thds: 200 tps: 8635.80 qps: 172719.12 (r/w/o: 120904.75/34542.78/17271.59) lat (ms,95%): 23.95 err/s: 0.00 reconn/s: 0.00
[ 560s ] thds: 200 tps: 8614.18 qps: 172297.44 (r/w/o: 120613.95/34455.13/17228.36) lat (ms,95%): 24.38 err/s: 0.00 reconn/s: 0.00
[ 570s ] thds: 200 tps: 8580.98 qps: 171637.59 (r/w/o: 120146.91/34328.42/17162.26) lat (ms,95%): 24.83 err/s: 0.10 reconn/s: 0.00
[ 580s ] thds: 200 tps: 8643.52 qps: 172833.92 (r/w/o: 120976.50/34570.78/17286.64) lat (ms,95%): 23.95 err/s: 0.00 reconn/s: 0.00
[ 590s ] thds: 200 tps: 8666.40 qps: 173375.95 (r/w/o: 121372.13/34670.51/17333.30) lat (ms,95%): 23.95 err/s: 0.00 reconn/s: 0.00
[ 600s ] thds: 200 tps: 8659.41 qps: 173137.67 (r/w/o: 121187.32/34631.33/17319.02) lat (ms,95%): 23.95 err/s: 0.00 reconn/s: 0.00
[ 610s ] thds: 200 tps: 8665.00 qps: 173310.19 (r/w/o: 121320.79/34659.30/17330.10) lat (ms,95%): 23.52 err/s: 0.00 reconn/s: 0.00
[ 620s ] thds: 200 tps: 8615.31 qps: 172302.45 (r/w/o: 120608.67/34463.25/17230.52) lat (ms,95%): 24.38 err/s: 0.10 reconn/s: 0.00
[ 630s ] thds: 200 tps: 8597.70 qps: 171992.57 (r/w/o: 120401.88/34395.59/17195.10) lat (ms,95%): 24.83 err/s: 0.00 reconn/s: 0.00
[ 640s ] thds: 200 tps: 8568.48 qps: 171366.59 (r/w/o: 119953.48/34275.74/17137.37) lat (ms,95%): 25.28 err/s: 0.00 reconn/s: 0.00
[ 650s ] thds: 200 tps: 8634.51 qps: 172663.08 (r/w/o: 120858.59/34535.16/17269.33) lat (ms,95%): 23.95 err/s: 0.00 reconn/s: 0.00
[ 660s ] thds: 200 tps: 8664.50 qps: 173310.81 (r/w/o: 121327.41/34654.90/17328.50) lat (ms,95%): 23.52 err/s: 0.00 reconn/s: 0.00
[ 670s ] thds: 200 tps: 8655.15 qps: 173104.57 (r/w/o: 121170.28/34624.09/17310.20) lat (ms,95%): 23.95 err/s: 0.00 reconn/s: 0.00
[ 680s ] thds: 200 tps: 8667.42 qps: 173310.97 (r/w/o: 121311.66/34663.97/17335.34) lat (ms,95%): 23.52 err/s: 0.00 reconn/s: 0.00
[ 690s ] thds: 200 tps: 8617.90 qps: 172363.97 (r/w/o: 120656.18/34472.49/17235.30) lat (ms,95%): 24.38 err/s: 0.00 reconn/s: 0.00
[ 700s ] thds: 200 tps: 8586.72 qps: 171765.65 (r/w/o: 120240.94/34350.37/17174.33) lat (ms,95%): 24.83 err/s: 0.00 reconn/s: 0.00
[ 710s ] thds: 200 tps: 8500.73 qps: 170033.71 (r/w/o: 119037.86/33994.50/17001.35) lat (ms,95%): 25.74 err/s: 0.00 reconn/s: 0.00
[ 720s ] thds: 200 tps: 8575.39 qps: 171425.12 (r/w/o: 119968.67/34306.36/17150.08) lat (ms,95%): 25.28 err/s: 0.00 reconn/s: 0.00
[ 730s ] thds: 200 tps: 8625.87 qps: 172576.02 (r/w/o: 120820.92/34503.06/17252.03) lat (ms,95%): 24.38 err/s: 0.00 reconn/s: 0.00
[ 740s ] thds: 200 tps: 8652.42 qps: 173007.39 (r/w/o: 121093.27/34608.78/17305.34) lat (ms,95%): 23.95 err/s: 0.00 reconn/s: 0.00
[ 750s ] thds: 200 tps: 8656.00 qps: 173156.71 (r/w/o: 121220.44/34624.28/17311.99) lat (ms,95%): 23.95 err/s: 0.00 reconn/s: 0.00
[ 760s ] thds: 200 tps: 8618.22 qps: 172333.70 (r/w/o: 120622.41/34476.36/17234.93) lat (ms,95%): 24.38 err/s: 0.00 reconn/s: 0.00
[ 770s ] thds: 200 tps: 8582.56 qps: 171664.82 (r/w/o: 120174.05/34323.74/17167.02) lat (ms,95%): 24.83 err/s: 0.00 reconn/s: 0.00
[ 780s ] thds: 200 tps: 8559.32 qps: 171174.18 (r/w/o: 119810.27/34246.78/17117.14) lat (ms,95%): 25.28 err/s: 0.00 reconn/s: 0.00
[ 790s ] thds: 200 tps: 8648.00 qps: 172999.68 (r/w/o: 121112.98/34589.60/17297.10) lat (ms,95%): 23.95 err/s: 0.00 reconn/s: 0.00
[ 800s ] thds: 200 tps: 8662.39 qps: 173233.64 (r/w/o: 121260.69/34648.67/17324.28) lat (ms,95%): 23.52 err/s: 0.00 reconn/s: 0.00
[ 810s ] thds: 200 tps: 8647.62 qps: 172962.85 (r/w/o: 121077.71/34589.09/17296.04) lat (ms,95%): 23.95 err/s: 0.00 reconn/s: 0.00
[ 820s ] thds: 200 tps: 8649.32 qps: 172982.70 (r/w/o: 121088.38/34596.18/17298.14) lat (ms,95%): 23.95 err/s: 0.00 reconn/s: 0.00
[ 830s ] thds: 200 tps: 8612.53 qps: 172258.88 (r/w/o: 120580.71/34453.32/17224.86) lat (ms,95%): 24.38 err/s: 0.10 reconn/s: 0.00
[ 840s ] thds: 200 tps: 8575.93 qps: 171567.53 (r/w/o: 120103.24/34311.53/17152.76) lat (ms,95%): 24.83 err/s: 0.00 reconn/s: 0.00
SQL statistics:
    queries performed:
        read:                            101354134
        write:                           28958289
        other:                           14479175
        total:                           144791598
    transactions:                        7239570 (8615.48 per sec.)
    queries:                             144791598 (172309.76 per sec.)
    ignored errors:                      11     (0.01 per sec.)
    reconnects:                          0      (0.00 per sec.)

General statistics:
    total time:                          840.2973s
    total number of events:              7239570

Latency (ms):
         min:                                   21.01
         avg:                                   23.21
         max:                                  312.37
         95th percentile:                       23.95
         sum:                            167998814.19

Threads fairness:
    events (avg/stddev):           36197.8500/54.56
    execution time (avg/stddev):   839.9941/0.07

