sysbench 1.0.20-ebf1c90 (using bundled LuaJIT 2.1.0-beta2)

Running the test with following options:
Number of threads: 200
Report intermediate results every 10 second(s)
Initializing random number generator from current time


Initializing worker threads...

Threads started!

[ 10s ] thds: 200 tps: 7068.96 qps: 141578.05 (r/w/o: 99141.57/28278.56/14157.93) lat (ms,95%): 32.53 err/s: 0.00 reconn/s: 0.00
[ 20s ] thds: 200 tps: 8360.72 qps: 167177.25 (r/w/o: 117010.82/33445.99/16720.45) lat (ms,95%): 23.95 err/s: 0.00 reconn/s: 0.00
[ 30s ] thds: 200 tps: 8695.80 qps: 173974.74 (r/w/o: 121793.13/34789.51/17392.10) lat (ms,95%): 23.52 err/s: 0.00 reconn/s: 0.00
[ 40s ] thds: 200 tps: 8668.69 qps: 173349.73 (r/w/o: 121339.08/34673.47/17337.18) lat (ms,95%): 23.52 err/s: 0.00 reconn/s: 0.00
[ 50s ] thds: 200 tps: 8705.48 qps: 174115.60 (r/w/o: 121883.22/34821.52/17410.86) lat (ms,95%): 23.52 err/s: 0.00 reconn/s: 0.00
[ 60s ] thds: 200 tps: 8711.83 qps: 174208.69 (r/w/o: 121939.08/34846.94/17422.67) lat (ms,95%): 23.52 err/s: 0.00 reconn/s: 0.00
[ 70s ] thds: 200 tps: 8604.50 qps: 172180.29 (r/w/o: 120544.19/34425.90/17210.20) lat (ms,95%): 25.28 err/s: 0.00 reconn/s: 0.00
[ 80s ] thds: 200 tps: 8563.90 qps: 171165.26 (r/w/o: 119790.55/34248.01/17126.71) lat (ms,95%): 25.74 err/s: 0.00 reconn/s: 0.00
[ 90s ] thds: 200 tps: 8692.80 qps: 173901.52 (r/w/o: 121744.62/34770.50/17386.40) lat (ms,95%): 23.52 err/s: 0.00 reconn/s: 0.00
[ 100s ] thds: 200 tps: 8705.30 qps: 174095.34 (r/w/o: 121864.86/34819.99/17410.49) lat (ms,95%): 23.52 err/s: 0.00 reconn/s: 0.00
[ 110s ] thds: 200 tps: 8701.30 qps: 174001.47 (r/w/o: 121792.58/34805.99/17402.90) lat (ms,95%): 23.52 err/s: 0.00 reconn/s: 0.00
[ 120s ] thds: 200 tps: 8697.00 qps: 173976.65 (r/w/o: 121793.66/34789.39/17393.59) lat (ms,95%): 23.52 err/s: 0.00 reconn/s: 0.00
[ 130s ] thds: 200 tps: 8699.24 qps: 173976.95 (r/w/o: 121782.19/34796.07/17398.68) lat (ms,95%): 23.52 err/s: 0.00 reconn/s: 0.00
[ 140s ] thds: 200 tps: 8584.36 qps: 171689.83 (r/w/o: 120186.76/34333.94/17169.12) lat (ms,95%): 24.83 err/s: 0.00 reconn/s: 0.00
[ 150s ] thds: 200 tps: 8561.05 qps: 171265.68 (r/w/o: 119883.68/34260.90/17121.10) lat (ms,95%): 25.74 err/s: 0.00 reconn/s: 0.00
[ 160s ] thds: 200 tps: 8700.35 qps: 173942.90 (r/w/o: 121756.70/34784.70/17401.50) lat (ms,95%): 23.52 err/s: 0.00 reconn/s: 0.00
[ 170s ] thds: 200 tps: 8691.20 qps: 173851.31 (r/w/o: 121700.11/34769.10/17382.10) lat (ms,95%): 23.52 err/s: 0.00 reconn/s: 0.00
[ 180s ] thds: 200 tps: 8688.65 qps: 173773.34 (r/w/o: 121642.66/34753.09/17377.59) lat (ms,95%): 23.52 err/s: 0.00 reconn/s: 0.00
[ 190s ] thds: 200 tps: 8697.85 qps: 173946.88 (r/w/o: 121756.15/34795.22/17395.51) lat (ms,95%): 23.52 err/s: 0.00 reconn/s: 0.00
[ 200s ] thds: 200 tps: 8698.16 qps: 173992.11 (r/w/o: 121793.88/34802.52/17395.71) lat (ms,95%): 23.52 err/s: 0.00 reconn/s: 0.00
[ 210s ] thds: 200 tps: 8616.42 qps: 172258.71 (r/w/o: 120570.52/34455.76/17232.43) lat (ms,95%): 24.83 err/s: 0.00 reconn/s: 0.00
[ 220s ] thds: 200 tps: 8517.32 qps: 170380.00 (r/w/o: 119272.28/34071.98/17035.74) lat (ms,95%): 25.74 err/s: 0.00 reconn/s: 0.00
[ 230s ] thds: 200 tps: 8659.17 qps: 173169.00 (r/w/o: 121222.55/34629.80/17316.65) lat (ms,95%): 23.95 err/s: 0.00 reconn/s: 0.00
[ 240s ] thds: 200 tps: 8639.92 qps: 172816.78 (r/w/o: 120973.74/34561.90/17281.15) lat (ms,95%): 24.38 err/s: 0.00 reconn/s: 0.00
[ 250s ] thds: 200 tps: 8637.15 qps: 172772.42 (r/w/o: 120942.52/34555.10/17274.80) lat (ms,95%): 24.38 err/s: 0.20 reconn/s: 0.00
[ 260s ] thds: 200 tps: 8692.85 qps: 173829.18 (r/w/o: 121678.59/34765.00/17385.60) lat (ms,95%): 23.52 err/s: 0.00 reconn/s: 0.00
[ 270s ] thds: 200 tps: 8686.41 qps: 173744.55 (r/w/o: 121625.18/34746.25/17373.13) lat (ms,95%): 23.52 err/s: 0.00 reconn/s: 0.00
[ 280s ] thds: 200 tps: 8616.36 qps: 172349.68 (r/w/o: 120639.60/34478.06/17232.03) lat (ms,95%): 24.83 err/s: 0.00 reconn/s: 0.00
[ 290s ] thds: 200 tps: 8529.03 qps: 170512.88 (r/w/o: 119356.70/34096.62/17059.56) lat (ms,95%): 26.20 err/s: 0.00 reconn/s: 0.00
[ 300s ] thds: 200 tps: 8675.00 qps: 173521.70 (r/w/o: 121468.10/34704.60/17349.00) lat (ms,95%): 23.95 err/s: 0.00 reconn/s: 0.00
[ 310s ] thds: 200 tps: 8692.79 qps: 173858.06 (r/w/o: 121699.30/34772.77/17385.99) lat (ms,95%): 23.52 err/s: 0.00 reconn/s: 0.00
[ 320s ] thds: 200 tps: 8681.20 qps: 173630.46 (r/w/o: 121546.04/34721.61/17362.81) lat (ms,95%): 23.52 err/s: 0.00 reconn/s: 0.00
[ 330s ] thds: 200 tps: 8684.21 qps: 173683.71 (r/w/o: 121573.65/34742.04/17368.02) lat (ms,95%): 23.52 err/s: 0.00 reconn/s: 0.00
[ 340s ] thds: 200 tps: 8679.00 qps: 173622.81 (r/w/o: 121549.64/34714.18/17358.99) lat (ms,95%): 23.52 err/s: 0.00 reconn/s: 0.00
[ 350s ] thds: 200 tps: 8618.70 qps: 172329.71 (r/w/o: 120619.34/34472.98/17237.39) lat (ms,95%): 24.83 err/s: 0.00 reconn/s: 0.00
[ 360s ] thds: 200 tps: 8565.76 qps: 171279.81 (r/w/o: 119887.88/34261.52/17130.41) lat (ms,95%): 25.28 err/s: 0.00 reconn/s: 0.00
[ 370s ] thds: 200 tps: 8673.35 qps: 173513.56 (r/w/o: 121468.87/34696.89/17347.80) lat (ms,95%): 23.52 err/s: 0.00 reconn/s: 0.00
[ 380s ] thds: 200 tps: 8677.49 qps: 173559.54 (r/w/o: 121493.31/34711.95/17354.27) lat (ms,95%): 23.52 err/s: 0.00 reconn/s: 0.00
[ 390s ] thds: 200 tps: 8677.01 qps: 173539.74 (r/w/o: 121477.87/34708.55/17353.32) lat (ms,95%): 23.52 err/s: 0.00 reconn/s: 0.00
[ 400s ] thds: 200 tps: 8681.50 qps: 173614.24 (r/w/o: 121530.66/34719.89/17363.69) lat (ms,95%): 23.52 err/s: 0.00 reconn/s: 0.00
[ 410s ] thds: 200 tps: 8671.30 qps: 173421.34 (r/w/o: 121389.93/34688.61/17342.80) lat (ms,95%): 23.95 err/s: 0.00 reconn/s: 0.00
[ 420s ] thds: 200 tps: 8605.56 qps: 172117.27 (r/w/o: 120479.72/34427.03/17210.52) lat (ms,95%): 24.83 err/s: 0.00 reconn/s: 0.00
[ 430s ] thds: 200 tps: 8555.43 qps: 171111.50 (r/w/o: 119788.52/34211.12/17111.86) lat (ms,95%): 25.28 err/s: 0.00 reconn/s: 0.00
[ 440s ] thds: 200 tps: 8668.11 qps: 173359.96 (r/w/o: 121347.68/34676.65/17335.63) lat (ms,95%): 23.95 err/s: 0.00 reconn/s: 0.00
[ 450s ] thds: 200 tps: 8678.41 qps: 173586.50 (r/w/o: 121511.37/34718.22/17356.91) lat (ms,95%): 23.52 err/s: 0.00 reconn/s: 0.00
[ 460s ] thds: 200 tps: 8663.16 qps: 173221.53 (r/w/o: 121248.39/34647.73/17325.41) lat (ms,95%): 23.95 err/s: 0.00 reconn/s: 0.00
[ 470s ] thds: 200 tps: 8646.24 qps: 172949.81 (r/w/o: 121069.00/34588.84/17291.97) lat (ms,95%): 23.95 err/s: 0.00 reconn/s: 0.00
[ 480s ] thds: 200 tps: 8636.90 qps: 172751.54 (r/w/o: 120930.26/34545.89/17275.39) lat (ms,95%): 24.38 err/s: 0.00 reconn/s: 0.00
[ 490s ] thds: 200 tps: 8524.14 qps: 170455.65 (r/w/o: 119309.10/34099.27/17047.29) lat (ms,95%): 25.74 err/s: 0.00 reconn/s: 0.00
[ 500s ] thds: 200 tps: 8586.06 qps: 171731.53 (r/w/o: 120215.96/34342.55/17173.02) lat (ms,95%): 24.83 err/s: 0.00 reconn/s: 0.00
[ 510s ] thds: 200 tps: 8663.01 qps: 173267.65 (r/w/o: 121293.91/34647.53/17326.22) lat (ms,95%): 23.95 err/s: 0.00 reconn/s: 0.00
[ 520s ] thds: 200 tps: 8674.19 qps: 173448.99 (r/w/o: 121407.53/34693.38/17348.09) lat (ms,95%): 23.52 err/s: 0.00 reconn/s: 0.00
[ 530s ] thds: 200 tps: 8661.40 qps: 173278.83 (r/w/o: 121303.22/34652.11/17323.50) lat (ms,95%): 23.95 err/s: 0.10 reconn/s: 0.00
[ 540s ] thds: 200 tps: 8670.07 qps: 173384.90 (r/w/o: 121365.05/34679.90/17339.95) lat (ms,95%): 23.52 err/s: 0.10 reconn/s: 0.00
[ 550s ] thds: 200 tps: 8637.32 qps: 172735.87 (r/w/o: 120913.06/34547.77/17275.04) lat (ms,95%): 23.95 err/s: 0.00 reconn/s: 0.00
[ 560s ] thds: 200 tps: 8616.41 qps: 172322.00 (r/w/o: 120626.74/34463.04/17232.22) lat (ms,95%): 24.38 err/s: 0.00 reconn/s: 0.00
[ 570s ] thds: 200 tps: 8582.60 qps: 171659.36 (r/w/o: 120155.94/34338.21/17165.21) lat (ms,95%): 24.83 err/s: 0.00 reconn/s: 0.00
[ 580s ] thds: 200 tps: 8641.80 qps: 172840.54 (r/w/o: 120994.73/34560.81/17285.00) lat (ms,95%): 23.95 err/s: 0.00 reconn/s: 0.00
[ 590s ] thds: 200 tps: 8668.59 qps: 173364.50 (r/w/o: 121350.46/34677.86/17336.18) lat (ms,95%): 23.95 err/s: 0.00 reconn/s: 0.00
[ 600s ] thds: 200 tps: 8656.20 qps: 173152.07 (r/w/o: 121216.35/34622.61/17313.11) lat (ms,95%): 23.95 err/s: 0.00 reconn/s: 0.00
[ 610s ] thds: 200 tps: 8666.06 qps: 173324.87 (r/w/o: 121329.29/34662.55/17333.03) lat (ms,95%): 23.52 err/s: 0.10 reconn/s: 0.00
[ 620s ] thds: 200 tps: 8616.93 qps: 172328.66 (r/w/o: 120625.69/34469.61/17233.36) lat (ms,95%): 24.38 err/s: 0.00 reconn/s: 0.00
[ 630s ] thds: 200 tps: 8601.61 qps: 172018.71 (r/w/o: 120409.25/34406.44/17203.02) lat (ms,95%): 24.83 err/s: 0.00 reconn/s: 0.00
[ 640s ] thds: 200 tps: 8568.50 qps: 171345.22 (r/w/o: 119936.74/34271.58/17136.89) lat (ms,95%): 25.28 err/s: 0.00 reconn/s: 0.00
[ 650s ] thds: 200 tps: 8631.71 qps: 172643.40 (r/w/o: 120853.94/34526.44/17263.02) lat (ms,95%): 23.95 err/s: 0.00 reconn/s: 0.00
[ 660s ] thds: 200 tps: 8664.70 qps: 173318.01 (r/w/o: 121324.14/34664.18/17329.69) lat (ms,95%): 23.52 err/s: 0.00 reconn/s: 0.00
[ 670s ] thds: 200 tps: 8657.57 qps: 173140.95 (r/w/o: 121196.12/34629.89/17314.95) lat (ms,95%): 23.95 err/s: 0.00 reconn/s: 0.00
[ 680s ] thds: 200 tps: 8666.10 qps: 173325.01 (r/w/o: 121330.54/34661.18/17333.29) lat (ms,95%): 23.52 err/s: 0.00 reconn/s: 0.00
[ 690s ] thds: 200 tps: 8620.73 qps: 172403.49 (r/w/o: 120680.01/34482.92/17240.56) lat (ms,95%): 24.38 err/s: 0.00 reconn/s: 0.00
[ 700s ] thds: 200 tps: 8588.58 qps: 171789.97 (r/w/o: 120255.20/34357.51/17177.26) lat (ms,95%): 24.83 err/s: 0.00 reconn/s: 0.00
[ 710s ] thds: 200 tps: 8501.87 qps: 170048.69 (r/w/o: 119027.67/34018.68/17002.34) lat (ms,95%): 25.74 err/s: 0.00 reconn/s: 0.00
[ 720s ] thds: 200 tps: 8572.32 qps: 171415.13 (r/w/o: 119998.93/34269.57/17146.63) lat (ms,95%): 25.28 err/s: 0.00 reconn/s: 0.00
[ 730s ] thds: 200 tps: 8628.40 qps: 172606.16 (r/w/o: 120825.27/34524.39/17256.50) lat (ms,95%): 24.38 err/s: 0.00 reconn/s: 0.00
[ 740s ] thds: 200 tps: 8651.53 qps: 173026.79 (r/w/o: 121122.91/34600.12/17303.76) lat (ms,95%): 23.95 err/s: 0.00 reconn/s: 0.00
[ 750s ] thds: 200 tps: 8658.61 qps: 173159.74 (r/w/o: 121207.30/34636.33/17316.11) lat (ms,95%): 23.95 err/s: 0.00 reconn/s: 0.00
[ 760s ] thds: 200 tps: 8618.59 qps: 172349.11 (r/w/o: 120641.60/34469.64/17237.87) lat (ms,95%): 24.38 err/s: 0.00 reconn/s: 0.00
[ 770s ] thds: 200 tps: 8581.38 qps: 171665.51 (r/w/o: 120175.13/34328.02/17162.36) lat (ms,95%): 24.83 err/s: 0.00 reconn/s: 0.00
[ 780s ] thds: 200 tps: 8562.64 qps: 171208.03 (r/w/o: 119833.71/34248.75/17125.57) lat (ms,95%): 25.28 err/s: 0.00 reconn/s: 0.00
[ 790s ] thds: 200 tps: 8651.36 qps: 173033.33 (r/w/o: 121121.06/34609.95/17302.32) lat (ms,95%): 23.95 err/s: 0.00 reconn/s: 0.00
[ 800s ] thds: 200 tps: 8660.33 qps: 173235.92 (r/w/o: 121273.66/34641.20/17321.05) lat (ms,95%): 23.52 err/s: 0.00 reconn/s: 0.00
[ 810s ] thds: 200 tps: 8649.31 qps: 172962.29 (r/w/o: 121070.24/34594.64/17297.42) lat (ms,95%): 23.95 err/s: 0.10 reconn/s: 0.00
[ 820s ] thds: 200 tps: 8647.80 qps: 172979.16 (r/w/o: 121087.27/34595.39/17296.50) lat (ms,95%): 23.95 err/s: 0.00 reconn/s: 0.00
[ 830s ] thds: 200 tps: 8614.50 qps: 172289.11 (r/w/o: 120603.41/34455.90/17229.80) lat (ms,95%): 24.38 err/s: 0.00 reconn/s: 0.00
[ 840s ] thds: 200 tps: 8586.88 qps: 171691.02 (r/w/o: 120173.64/34343.42/17173.96) lat (ms,95%): 24.83 err/s: 0.00 reconn/s: 0.00
SQL statistics:
    queries performed:
        read:                            101359160
        write:                           28959729
        other:                           14479899
        total:                           144798788
    transactions:                        7239934 (8615.22 per sec.)
    queries:                             144798788 (172304.54 per sec.)
    ignored errors:                      6      (0.01 per sec.)
    reconnects:                          0      (0.00 per sec.)

General statistics:
    total time:                          840.3645s
    total number of events:              7239934

Latency (ms):
         min:                                   21.31
         avg:                                   23.20
         max:                                  366.67
         95th percentile:                       23.95
         sum:                            167995502.30

Threads fairness:
    events (avg/stddev):           36199.6700/51.91
    execution time (avg/stddev):   839.9775/0.06

