sysbench 1.0.20-ebf1c90 (using bundled LuaJIT 2.1.0-beta2)

Running the test with following options:
Number of threads: 200
Report intermediate results every 10 second(s)
Initializing random number generator from current time


Initializing worker threads...

Threads started!

[ 10s ] thds: 200 tps: 7052.50 qps: 141247.98 (r/w/o: 98902.21/28221.78/14123.99) lat (ms,95%): 34.33 err/s: 0.00 reconn/s: 0.00
[ 20s ] thds: 200 tps: 8329.99 qps: 166607.35 (r/w/o: 116626.43/33320.65/16660.28) lat (ms,95%): 23.95 err/s: 0.00 reconn/s: 0.00
[ 30s ] thds: 200 tps: 8700.30 qps: 173969.15 (r/w/o: 121772.33/34795.91/17400.90) lat (ms,95%): 23.52 err/s: 0.00 reconn/s: 0.00
[ 40s ] thds: 200 tps: 8673.18 qps: 173482.38 (r/w/o: 121441.41/34694.62/17346.36) lat (ms,95%): 23.52 err/s: 0.00 reconn/s: 0.00
[ 50s ] thds: 200 tps: 8698.81 qps: 173999.57 (r/w/o: 121800.89/34800.95/17397.73) lat (ms,95%): 23.52 err/s: 0.00 reconn/s: 0.00
[ 60s ] thds: 200 tps: 8707.06 qps: 174137.56 (r/w/o: 121900.01/34823.63/17413.92) lat (ms,95%): 23.52 err/s: 0.00 reconn/s: 0.00
[ 70s ] thds: 200 tps: 8604.36 qps: 172051.74 (r/w/o: 120425.37/34418.35/17208.02) lat (ms,95%): 25.28 err/s: 0.00 reconn/s: 0.00
[ 80s ] thds: 200 tps: 8567.07 qps: 171367.69 (r/w/o: 119968.87/34264.28/17134.54) lat (ms,95%): 25.28 err/s: 0.00 reconn/s: 0.00
[ 90s ] thds: 200 tps: 8702.02 qps: 174022.54 (r/w/o: 121808.81/34809.39/17404.34) lat (ms,95%): 23.52 err/s: 0.00 reconn/s: 0.00
[ 100s ] thds: 200 tps: 8689.40 qps: 173791.57 (r/w/o: 121652.95/34760.91/17377.71) lat (ms,95%): 23.52 err/s: 0.00 reconn/s: 0.00
[ 110s ] thds: 200 tps: 8693.22 qps: 173855.87 (r/w/o: 121698.63/34770.99/17386.25) lat (ms,95%): 23.52 err/s: 0.00 reconn/s: 0.00
[ 120s ] thds: 200 tps: 8693.57 qps: 173887.96 (r/w/o: 121728.65/34771.07/17388.24) lat (ms,95%): 23.52 err/s: 0.10 reconn/s: 0.00
[ 130s ] thds: 200 tps: 8697.59 qps: 173964.34 (r/w/o: 121772.62/34796.55/17395.17) lat (ms,95%): 23.52 err/s: 0.00 reconn/s: 0.00
[ 140s ] thds: 200 tps: 8576.62 qps: 171480.38 (r/w/o: 120028.54/34297.90/17153.95) lat (ms,95%): 25.28 err/s: 0.00 reconn/s: 0.00
[ 150s ] thds: 200 tps: 8564.49 qps: 171326.36 (r/w/o: 119932.81/34265.87/17127.69) lat (ms,95%): 25.28 err/s: 0.00 reconn/s: 0.00
[ 160s ] thds: 200 tps: 8692.06 qps: 173875.08 (r/w/o: 121720.12/34769.64/17385.32) lat (ms,95%): 23.52 err/s: 0.00 reconn/s: 0.00
[ 170s ] thds: 200 tps: 8688.44 qps: 173730.53 (r/w/o: 121604.88/34748.77/17376.88) lat (ms,95%): 23.95 err/s: 0.00 reconn/s: 0.00
[ 180s ] thds: 200 tps: 8687.90 qps: 173775.66 (r/w/o: 121647.04/34752.51/17376.11) lat (ms,95%): 23.52 err/s: 0.00 reconn/s: 0.00
[ 190s ] thds: 200 tps: 8688.78 qps: 173767.36 (r/w/o: 121634.39/34755.71/17377.26) lat (ms,95%): 23.52 err/s: 0.00 reconn/s: 0.00
[ 200s ] thds: 200 tps: 8693.42 qps: 173882.34 (r/w/o: 121723.81/34771.49/17387.04) lat (ms,95%): 23.52 err/s: 0.00 reconn/s: 0.00
[ 210s ] thds: 200 tps: 8617.49 qps: 172355.42 (r/w/o: 120648.60/34472.04/17234.77) lat (ms,95%): 24.83 err/s: 0.00 reconn/s: 0.00
[ 220s ] thds: 200 tps: 8555.84 qps: 171105.11 (r/w/o: 119775.00/34217.74/17112.37) lat (ms,95%): 25.28 err/s: 0.10 reconn/s: 0.00
[ 230s ] thds: 200 tps: 8662.59 qps: 173245.53 (r/w/o: 121266.18/34654.97/17324.38) lat (ms,95%): 23.95 err/s: 0.00 reconn/s: 0.00
[ 240s ] thds: 200 tps: 8631.31 qps: 172624.91 (r/w/o: 120835.95/34526.14/17262.82) lat (ms,95%): 24.38 err/s: 0.00 reconn/s: 0.00
[ 250s ] thds: 200 tps: 8642.47 qps: 172867.60 (r/w/o: 121007.88/34575.38/17284.34) lat (ms,95%): 24.38 err/s: 0.00 reconn/s: 0.00
[ 260s ] thds: 200 tps: 8680.69 qps: 173589.94 (r/w/o: 121510.59/34717.87/17361.48) lat (ms,95%): 23.52 err/s: 0.00 reconn/s: 0.00
[ 270s ] thds: 200 tps: 8689.31 qps: 173798.62 (r/w/o: 121660.46/34759.64/17378.52) lat (ms,95%): 23.52 err/s: 0.00 reconn/s: 0.00
[ 280s ] thds: 200 tps: 8623.42 qps: 172428.97 (r/w/o: 120693.56/34488.47/17246.94) lat (ms,95%): 24.83 err/s: 0.00 reconn/s: 0.00
[ 290s ] thds: 200 tps: 8520.83 qps: 170476.97 (r/w/o: 119350.70/34083.91/17042.36) lat (ms,95%): 25.74 err/s: 0.00 reconn/s: 0.00
[ 300s ] thds: 200 tps: 8668.83 qps: 173322.71 (r/w/o: 121310.45/34674.60/17337.65) lat (ms,95%): 23.95 err/s: 0.10 reconn/s: 0.00
[ 310s ] thds: 200 tps: 8685.31 qps: 173739.98 (r/w/o: 121621.63/34748.34/17370.02) lat (ms,95%): 23.52 err/s: 0.00 reconn/s: 0.00
[ 320s ] thds: 200 tps: 8687.70 qps: 173753.79 (r/w/o: 121632.06/34745.12/17376.61) lat (ms,95%): 23.52 err/s: 0.00 reconn/s: 0.00
[ 330s ] thds: 200 tps: 8677.54 qps: 173557.06 (r/w/o: 121491.00/34711.37/17354.69) lat (ms,95%): 23.52 err/s: 0.00 reconn/s: 0.00
[ 340s ] thds: 200 tps: 8684.76 qps: 173678.86 (r/w/o: 121571.61/34738.53/17368.72) lat (ms,95%): 23.52 err/s: 0.00 reconn/s: 0.00
[ 350s ] thds: 200 tps: 8581.22 qps: 171600.71 (r/w/o: 120118.82/34318.26/17163.63) lat (ms,95%): 25.28 err/s: 0.00 reconn/s: 0.00
[ 360s ] thds: 200 tps: 8558.70 qps: 171219.08 (r/w/o: 119863.05/34238.62/17117.41) lat (ms,95%): 25.28 err/s: 0.00 reconn/s: 0.00
[ 370s ] thds: 200 tps: 8676.29 qps: 173510.89 (r/w/o: 121451.36/34707.26/17352.28) lat (ms,95%): 23.52 err/s: 0.00 reconn/s: 0.00
[ 380s ] thds: 200 tps: 8675.49 qps: 173513.54 (r/w/o: 121463.72/34698.75/17351.07) lat (ms,95%): 23.52 err/s: 0.00 reconn/s: 0.00
[ 390s ] thds: 200 tps: 8676.89 qps: 173554.44 (r/w/o: 121490.32/34710.05/17354.07) lat (ms,95%): 23.52 err/s: 0.00 reconn/s: 0.00
[ 400s ] thds: 200 tps: 8677.93 qps: 173546.89 (r/w/o: 121478.11/34713.02/17355.76) lat (ms,95%): 23.52 err/s: 0.00 reconn/s: 0.00
[ 410s ] thds: 200 tps: 8677.28 qps: 173585.33 (r/w/o: 121515.24/34715.23/17354.86) lat (ms,95%): 23.52 err/s: 0.00 reconn/s: 0.00
[ 420s ] thds: 200 tps: 8516.88 qps: 170302.67 (r/w/o: 119204.70/34064.81/17033.16) lat (ms,95%): 25.74 err/s: 0.00 reconn/s: 0.00
[ 430s ] thds: 200 tps: 8639.67 qps: 172795.84 (r/w/o: 120952.34/34564.57/17278.93) lat (ms,95%): 24.38 err/s: 0.00 reconn/s: 0.00
[ 440s ] thds: 200 tps: 8678.59 qps: 173562.59 (r/w/o: 121501.35/34703.96/17357.28) lat (ms,95%): 23.52 err/s: 0.00 reconn/s: 0.00
[ 450s ] thds: 200 tps: 8676.83 qps: 173532.49 (r/w/o: 121470.52/34707.52/17354.46) lat (ms,95%): 23.52 err/s: 0.00 reconn/s: 0.00
[ 460s ] thds: 200 tps: 8657.28 qps: 173133.94 (r/w/o: 121191.65/34628.63/17313.66) lat (ms,95%): 23.95 err/s: 0.00 reconn/s: 0.00
[ 470s ] thds: 200 tps: 8649.60 qps: 172994.93 (r/w/o: 121092.85/34603.09/17298.99) lat (ms,95%): 23.95 err/s: 0.00 reconn/s: 0.00
[ 480s ] thds: 200 tps: 8613.49 qps: 172267.99 (r/w/o: 120591.92/34448.08/17227.99) lat (ms,95%): 24.83 err/s: 0.00 reconn/s: 0.00
[ 490s ] thds: 200 tps: 8515.10 qps: 170324.80 (r/w/o: 119232.50/34062.30/17030.00) lat (ms,95%): 25.74 err/s: 0.00 reconn/s: 0.00
[ 500s ] thds: 200 tps: 8605.56 qps: 172103.14 (r/w/o: 120471.97/34420.15/17211.02) lat (ms,95%): 24.83 err/s: 0.00 reconn/s: 0.00
[ 510s ] thds: 200 tps: 8672.31 qps: 173427.54 (r/w/o: 121392.77/34690.15/17344.62) lat (ms,95%): 23.52 err/s: 0.00 reconn/s: 0.00
[ 520s ] thds: 200 tps: 8672.62 qps: 173463.72 (r/w/o: 121422.92/34695.36/17345.43) lat (ms,95%): 23.52 err/s: 0.00 reconn/s: 0.00
[ 530s ] thds: 200 tps: 8664.49 qps: 173266.83 (r/w/o: 121284.68/34653.07/17329.08) lat (ms,95%): 23.95 err/s: 0.00 reconn/s: 0.00
[ 540s ] thds: 200 tps: 8671.90 qps: 173431.90 (r/w/o: 121399.80/34688.60/17343.50) lat (ms,95%): 23.52 err/s: 0.00 reconn/s: 0.00
[ 550s ] thds: 200 tps: 8628.30 qps: 172566.05 (r/w/o: 120797.13/34512.51/17256.40) lat (ms,95%): 24.38 err/s: 0.00 reconn/s: 0.00
[ 560s ] thds: 200 tps: 8585.80 qps: 171735.95 (r/w/o: 120218.67/34345.29/17172.00) lat (ms,95%): 24.83 err/s: 0.00 reconn/s: 0.00
[ 570s ] thds: 200 tps: 8603.30 qps: 172085.59 (r/w/o: 120460.16/34419.12/17206.31) lat (ms,95%): 24.83 err/s: 0.00 reconn/s: 0.00
[ 580s ] thds: 200 tps: 8669.69 qps: 173395.52 (r/w/o: 121384.18/34671.86/17339.48) lat (ms,95%): 23.52 err/s: 0.00 reconn/s: 0.00
[ 590s ] thds: 200 tps: 8662.48 qps: 173233.68 (r/w/o: 121256.51/34652.42/17324.76) lat (ms,95%): 23.52 err/s: 0.00 reconn/s: 0.00
[ 600s ] thds: 200 tps: 8660.21 qps: 173227.08 (r/w/o: 121264.32/34641.94/17320.82) lat (ms,95%): 23.95 err/s: 0.00 reconn/s: 0.00
[ 610s ] thds: 200 tps: 8667.91 qps: 173333.36 (r/w/o: 121327.88/34669.55/17335.93) lat (ms,95%): 23.52 err/s: 0.00 reconn/s: 0.00
[ 620s ] thds: 200 tps: 8633.60 qps: 172684.23 (r/w/o: 120885.12/34531.91/17267.20) lat (ms,95%): 23.95 err/s: 0.00 reconn/s: 0.00
[ 630s ] thds: 200 tps: 8569.22 qps: 171384.34 (r/w/o: 119968.11/34278.39/17137.84) lat (ms,95%): 25.28 err/s: 0.00 reconn/s: 0.00
[ 640s ] thds: 200 tps: 8595.18 qps: 171890.55 (r/w/o: 120323.28/34376.51/17190.75) lat (ms,95%): 24.83 err/s: 0.00 reconn/s: 0.00
[ 650s ] thds: 200 tps: 8657.72 qps: 173140.84 (r/w/o: 121191.14/34634.17/17315.53) lat (ms,95%): 23.95 err/s: 0.00 reconn/s: 0.00
[ 660s ] thds: 200 tps: 8655.50 qps: 173109.41 (r/w/o: 121177.91/34620.60/17310.90) lat (ms,95%): 23.95 err/s: 0.00 reconn/s: 0.00
[ 670s ] thds: 200 tps: 8658.19 qps: 173211.84 (r/w/o: 121257.49/34637.67/17316.68) lat (ms,95%): 23.52 err/s: 0.10 reconn/s: 0.00
[ 680s ] thds: 200 tps: 8668.51 qps: 173330.51 (r/w/o: 121320.98/34673.42/17336.11) lat (ms,95%): 23.52 err/s: 0.00 reconn/s: 0.00
[ 690s ] thds: 200 tps: 8634.88 qps: 172702.09 (r/w/o: 120893.02/34538.42/17270.66) lat (ms,95%): 23.95 err/s: 0.00 reconn/s: 0.00
[ 700s ] thds: 200 tps: 8527.98 qps: 170536.47 (r/w/o: 119372.70/34108.11/17055.66) lat (ms,95%): 25.74 err/s: 0.00 reconn/s: 0.00
[ 710s ] thds: 200 tps: 8541.72 qps: 170847.98 (r/w/o: 119595.03/34168.90/17084.05) lat (ms,95%): 25.74 err/s: 0.00 reconn/s: 0.00
[ 720s ] thds: 200 tps: 8632.99 qps: 172696.97 (r/w/o: 120896.74/34534.65/17265.58) lat (ms,95%): 23.95 err/s: 0.00 reconn/s: 0.00
[ 730s ] thds: 200 tps: 8600.40 qps: 171989.76 (r/w/o: 120388.77/34400.59/17200.40) lat (ms,95%): 24.83 err/s: 0.00 reconn/s: 0.00
[ 740s ] thds: 200 tps: 8655.32 qps: 173101.04 (r/w/o: 121170.94/34618.97/17311.13) lat (ms,95%): 23.95 err/s: 0.00 reconn/s: 0.00
[ 750s ] thds: 200 tps: 8667.80 qps: 173345.33 (r/w/o: 121339.65/34670.39/17335.29) lat (ms,95%): 23.52 err/s: 0.10 reconn/s: 0.00
[ 760s ] thds: 200 tps: 8637.41 qps: 172736.29 (r/w/o: 120909.03/34553.64/17273.62) lat (ms,95%): 23.95 err/s: 0.00 reconn/s: 0.00
[ 770s ] thds: 200 tps: 8493.61 qps: 169950.71 (r/w/o: 118984.68/33976.52/16989.51) lat (ms,95%): 26.20 err/s: 0.10 reconn/s: 0.00
[ 780s ] thds: 200 tps: 8576.80 qps: 171495.50 (r/w/o: 120037.53/34304.48/17153.49) lat (ms,95%): 24.83 err/s: 0.00 reconn/s: 0.00
[ 790s ] thds: 200 tps: 8657.40 qps: 173155.99 (r/w/o: 121207.96/34632.92/17315.11) lat (ms,95%): 23.95 err/s: 0.00 reconn/s: 0.00
[ 800s ] thds: 200 tps: 8656.79 qps: 173128.72 (r/w/o: 121192.57/34623.06/17313.08) lat (ms,95%): 23.95 err/s: 0.00 reconn/s: 0.00
[ 810s ] thds: 200 tps: 8649.21 qps: 172962.05 (r/w/o: 121065.38/34597.75/17298.93) lat (ms,95%): 23.95 err/s: 0.00 reconn/s: 0.00
[ 820s ] thds: 200 tps: 8655.80 qps: 173120.71 (r/w/o: 121186.44/34623.48/17310.79) lat (ms,95%): 23.95 err/s: 0.00 reconn/s: 0.00
[ 830s ] thds: 200 tps: 8635.99 qps: 172715.92 (r/w/o: 120902.48/34541.46/17271.98) lat (ms,95%): 23.95 err/s: 0.00 reconn/s: 0.00
[ 840s ] thds: 200 tps: 8531.44 qps: 170602.43 (r/w/o: 119412.41/34128.95/17061.07) lat (ms,95%): 25.28 err/s: 0.00 reconn/s: 0.00
SQL statistics:
    queries performed:
        read:                            101343116
        write:                           28955151
        other:                           14477601
        total:                           144775868
    transactions:                        7238788 (8614.63 per sec.)
    queries:                             144775868 (172292.72 per sec.)
    ignored errors:                      6      (0.01 per sec.)
    reconnects:                          0      (0.00 per sec.)

General statistics:
    total time:                          840.2891s
    total number of events:              7238788

Latency (ms):
         min:                                   21.19
         avg:                                   23.21
         max:                                  314.04
         95th percentile:                       23.95
         sum:                            168010573.58

Threads fairness:
    events (avg/stddev):           36193.9400/52.65
    execution time (avg/stddev):   840.0529/0.08

