sysbench 1.0.20-ebf1c90 (using bundled LuaJIT 2.1.0-beta2)

Running the test with following options:
Number of threads: 200
Report intermediate results every 10 second(s)
Initializing random number generator from current time


Initializing worker threads...

Threads started!

[ 10s ] thds: 200 tps: 7036.31 qps: 140908.33 (r/w/o: 98662.79/28154.23/14091.31) lat (ms,95%): 33.72 err/s: 0.00 reconn/s: 0.00
[ 20s ] thds: 200 tps: 8330.04 qps: 166609.17 (r/w/o: 116627.21/33321.87/16660.09) lat (ms,95%): 23.95 err/s: 0.00 reconn/s: 0.00
[ 30s ] thds: 200 tps: 8699.55 qps: 173985.90 (r/w/o: 121790.37/34796.12/17399.41) lat (ms,95%): 23.52 err/s: 0.10 reconn/s: 0.00
[ 40s ] thds: 200 tps: 8677.41 qps: 173551.84 (r/w/o: 121486.60/34709.83/17355.41) lat (ms,95%): 23.52 err/s: 0.00 reconn/s: 0.00
[ 50s ] thds: 200 tps: 8698.01 qps: 173978.49 (r/w/o: 121785.30/34797.26/17395.93) lat (ms,95%): 23.52 err/s: 0.10 reconn/s: 0.00
[ 60s ] thds: 200 tps: 8706.12 qps: 174111.73 (r/w/o: 121880.23/34818.47/17413.03) lat (ms,95%): 23.52 err/s: 0.00 reconn/s: 0.00
[ 70s ] thds: 200 tps: 8606.68 qps: 172113.48 (r/w/o: 120471.81/34428.02/17213.66) lat (ms,95%): 25.28 err/s: 0.10 reconn/s: 0.00
[ 80s ] thds: 200 tps: 8565.12 qps: 171341.51 (r/w/o: 119952.48/34259.58/17129.44) lat (ms,95%): 25.28 err/s: 0.00 reconn/s: 0.00
[ 90s ] thds: 200 tps: 8702.09 qps: 174011.82 (r/w/o: 121798.90/34808.14/17404.77) lat (ms,95%): 23.52 err/s: 0.00 reconn/s: 0.00
[ 100s ] thds: 200 tps: 8688.40 qps: 173776.24 (r/w/o: 121644.53/34755.41/17376.30) lat (ms,95%): 23.95 err/s: 0.10 reconn/s: 0.00
[ 110s ] thds: 200 tps: 8693.42 qps: 173854.83 (r/w/o: 121695.93/34772.77/17386.13) lat (ms,95%): 23.52 err/s: 0.00 reconn/s: 0.00
[ 120s ] thds: 200 tps: 8693.69 qps: 173876.69 (r/w/o: 121714.85/34773.46/17388.38) lat (ms,95%): 23.52 err/s: 0.00 reconn/s: 0.00
[ 130s ] thds: 200 tps: 8694.90 qps: 173947.63 (r/w/o: 121770.95/34786.09/17390.59) lat (ms,95%): 23.52 err/s: 0.10 reconn/s: 0.00
[ 140s ] thds: 200 tps: 8578.69 qps: 171510.31 (r/w/o: 120047.17/34305.56/17157.58) lat (ms,95%): 25.28 err/s: 0.00 reconn/s: 0.00
[ 150s ] thds: 200 tps: 8564.00 qps: 171296.51 (r/w/o: 119907.51/34262.10/17126.90) lat (ms,95%): 25.28 err/s: 0.00 reconn/s: 0.00
[ 160s ] thds: 200 tps: 8690.11 qps: 173847.16 (r/w/o: 121703.91/34762.33/17380.92) lat (ms,95%): 23.52 err/s: 0.00 reconn/s: 0.00
[ 170s ] thds: 200 tps: 8687.46 qps: 173707.10 (r/w/o: 121588.84/34743.24/17375.02) lat (ms,95%): 23.95 err/s: 0.00 reconn/s: 0.00
[ 180s ] thds: 200 tps: 8688.51 qps: 173774.17 (r/w/o: 121641.69/34755.15/17377.33) lat (ms,95%): 23.52 err/s: 0.00 reconn/s: 0.00
[ 190s ] thds: 200 tps: 8688.15 qps: 173771.23 (r/w/o: 121639.35/34755.79/17376.09) lat (ms,95%): 23.52 err/s: 0.00 reconn/s: 0.00
[ 200s ] thds: 200 tps: 8691.70 qps: 173851.01 (r/w/o: 121702.94/34764.68/17383.39) lat (ms,95%): 23.52 err/s: 0.00 reconn/s: 0.00
[ 210s ] thds: 200 tps: 8617.29 qps: 172353.62 (r/w/o: 120646.67/34472.36/17234.58) lat (ms,95%): 24.83 err/s: 0.00 reconn/s: 0.00
[ 220s ] thds: 200 tps: 8554.27 qps: 171073.48 (r/w/o: 119754.94/34209.90/17108.65) lat (ms,95%): 25.28 err/s: 0.00 reconn/s: 0.00
[ 230s ] thds: 200 tps: 8662.82 qps: 173238.55 (r/w/o: 121257.92/34655.39/17325.25) lat (ms,95%): 23.95 err/s: 0.00 reconn/s: 0.00
[ 240s ] thds: 200 tps: 8631.87 qps: 172637.05 (r/w/o: 120847.22/34526.29/17263.55) lat (ms,95%): 24.38 err/s: 0.00 reconn/s: 0.00
[ 250s ] thds: 200 tps: 8644.74 qps: 172870.27 (r/w/o: 121002.84/34577.45/17289.98) lat (ms,95%): 24.38 err/s: 0.00 reconn/s: 0.00
[ 260s ] thds: 200 tps: 8676.98 qps: 173574.88 (r/w/o: 121507.30/34713.32/17354.26) lat (ms,95%): 23.95 err/s: 0.10 reconn/s: 0.00
[ 270s ] thds: 200 tps: 8689.51 qps: 173793.19 (r/w/o: 121657.80/34757.26/17378.13) lat (ms,95%): 23.52 err/s: 0.00 reconn/s: 0.00
[ 280s ] thds: 200 tps: 8623.52 qps: 172432.29 (r/w/o: 120693.37/34490.98/17247.94) lat (ms,95%): 24.83 err/s: 0.00 reconn/s: 0.00
[ 290s ] thds: 200 tps: 8525.48 qps: 170568.60 (r/w/o: 119416.69/34101.14/17050.77) lat (ms,95%): 25.74 err/s: 0.00 reconn/s: 0.00
[ 300s ] thds: 200 tps: 8667.10 qps: 173272.07 (r/w/o: 121268.08/34668.99/17335.00) lat (ms,95%): 23.95 err/s: 0.00 reconn/s: 0.00
[ 310s ] thds: 200 tps: 8683.29 qps: 173717.25 (r/w/o: 121607.22/34744.65/17365.37) lat (ms,95%): 23.52 err/s: 0.00 reconn/s: 0.00
[ 320s ] thds: 200 tps: 8686.90 qps: 173721.97 (r/w/o: 121611.48/34735.99/17374.50) lat (ms,95%): 23.52 err/s: 0.00 reconn/s: 0.00
[ 330s ] thds: 200 tps: 8676.50 qps: 173565.11 (r/w/o: 121499.04/34713.08/17352.99) lat (ms,95%): 23.52 err/s: 0.00 reconn/s: 0.00
[ 340s ] thds: 200 tps: 8684.02 qps: 173676.37 (r/w/o: 121571.46/34736.77/17368.14) lat (ms,95%): 23.52 err/s: 0.00 reconn/s: 0.00
[ 350s ] thds: 200 tps: 8583.08 qps: 171611.38 (r/w/o: 120123.81/34320.92/17166.66) lat (ms,95%): 25.28 err/s: 0.00 reconn/s: 0.00
[ 360s ] thds: 200 tps: 8556.27 qps: 171172.99 (r/w/o: 119831.25/34229.00/17112.75) lat (ms,95%): 25.28 err/s: 0.10 reconn/s: 0.00
[ 370s ] thds: 200 tps: 8676.10 qps: 173502.98 (r/w/o: 121445.66/34705.52/17351.81) lat (ms,95%): 23.52 err/s: 0.00 reconn/s: 0.00
[ 380s ] thds: 200 tps: 8675.79 qps: 173505.12 (r/w/o: 121453.78/34699.46/17351.88) lat (ms,95%): 23.52 err/s: 0.00 reconn/s: 0.00
[ 390s ] thds: 200 tps: 8676.85 qps: 173554.15 (r/w/o: 121490.86/34709.59/17353.69) lat (ms,95%): 23.52 err/s: 0.00 reconn/s: 0.00
[ 400s ] thds: 200 tps: 8675.80 qps: 173525.85 (r/w/o: 121468.04/34706.11/17351.71) lat (ms,95%): 23.52 err/s: 0.00 reconn/s: 0.00
[ 410s ] thds: 200 tps: 8679.45 qps: 173588.99 (r/w/o: 121508.67/34722.02/17358.31) lat (ms,95%): 23.52 err/s: 0.00 reconn/s: 0.00
[ 420s ] thds: 200 tps: 8517.10 qps: 170340.96 (r/w/o: 119238.47/34067.79/17034.70) lat (ms,95%): 25.74 err/s: 0.10 reconn/s: 0.00
[ 430s ] thds: 200 tps: 8639.60 qps: 172792.14 (r/w/o: 120951.52/34561.71/17278.90) lat (ms,95%): 24.38 err/s: 0.00 reconn/s: 0.00
[ 440s ] thds: 200 tps: 8676.88 qps: 173541.58 (r/w/o: 121485.61/34701.62/17354.36) lat (ms,95%): 23.52 err/s: 0.00 reconn/s: 0.00
[ 450s ] thds: 200 tps: 8677.32 qps: 173506.30 (r/w/o: 121446.78/34704.58/17354.94) lat (ms,95%): 23.52 err/s: 0.00 reconn/s: 0.00
[ 460s ] thds: 200 tps: 8654.54 qps: 173129.71 (r/w/o: 121197.20/34623.54/17308.97) lat (ms,95%): 23.95 err/s: 0.00 reconn/s: 0.00
[ 470s ] thds: 200 tps: 8648.95 qps: 172974.11 (r/w/o: 121079.34/34596.78/17297.99) lat (ms,95%): 23.95 err/s: 0.00 reconn/s: 0.00
[ 480s ] thds: 200 tps: 8614.05 qps: 172269.89 (r/w/o: 120590.00/34451.60/17228.30) lat (ms,95%): 24.83 err/s: 0.00 reconn/s: 0.00
[ 490s ] thds: 200 tps: 8516.67 qps: 170361.43 (r/w/o: 119257.10/34071.09/17033.24) lat (ms,95%): 25.74 err/s: 0.10 reconn/s: 0.00
[ 500s ] thds: 200 tps: 8604.90 qps: 172094.15 (r/w/o: 120468.66/34415.39/17210.09) lat (ms,95%): 24.83 err/s: 0.00 reconn/s: 0.00
[ 510s ] thds: 200 tps: 8671.89 qps: 173408.33 (r/w/o: 121376.11/34688.55/17343.67) lat (ms,95%): 23.52 err/s: 0.00 reconn/s: 0.00
[ 520s ] thds: 200 tps: 8671.81 qps: 173443.72 (r/w/o: 121412.98/34687.72/17343.01) lat (ms,95%): 23.52 err/s: 0.00 reconn/s: 0.00
[ 530s ] thds: 200 tps: 8663.84 qps: 173270.73 (r/w/o: 121287.38/34655.47/17327.88) lat (ms,95%): 23.95 err/s: 0.00 reconn/s: 0.00
[ 540s ] thds: 200 tps: 8672.47 qps: 173429.28 (r/w/o: 121396.33/34687.70/17345.25) lat (ms,95%): 23.52 err/s: 0.00 reconn/s: 0.00
[ 550s ] thds: 200 tps: 8627.09 qps: 172540.87 (r/w/o: 120775.81/34511.07/17253.99) lat (ms,95%): 24.38 err/s: 0.00 reconn/s: 0.00
[ 560s ] thds: 200 tps: 8587.57 qps: 171762.57 (r/w/o: 120240.03/34347.39/17175.15) lat (ms,95%): 24.83 err/s: 0.00 reconn/s: 0.00
[ 570s ] thds: 200 tps: 8600.66 qps: 172039.60 (r/w/o: 120422.67/34416.12/17200.81) lat (ms,95%): 24.83 err/s: 0.00 reconn/s: 0.00
[ 580s ] thds: 200 tps: 8669.38 qps: 173373.53 (r/w/o: 121370.27/34663.91/17339.35) lat (ms,95%): 23.52 err/s: 0.00 reconn/s: 0.00
[ 590s ] thds: 200 tps: 8661.31 qps: 173229.54 (r/w/o: 121256.87/34650.25/17322.42) lat (ms,95%): 23.52 err/s: 0.00 reconn/s: 0.00
[ 600s ] thds: 200 tps: 8660.18 qps: 173204.69 (r/w/o: 121245.62/34639.22/17319.86) lat (ms,95%): 23.95 err/s: 0.00 reconn/s: 0.00
[ 610s ] thds: 200 tps: 8667.51 qps: 173331.36 (r/w/o: 121327.98/34668.05/17335.33) lat (ms,95%): 23.52 err/s: 0.10 reconn/s: 0.00
[ 620s ] thds: 200 tps: 8635.38 qps: 172735.86 (r/w/o: 120919.76/34545.13/17270.97) lat (ms,95%): 23.95 err/s: 0.00 reconn/s: 0.00
[ 630s ] thds: 200 tps: 8568.80 qps: 171393.51 (r/w/o: 119981.11/34274.10/17138.30) lat (ms,95%): 25.28 err/s: 0.00 reconn/s: 0.00
[ 640s ] thds: 200 tps: 8596.85 qps: 171909.93 (r/w/o: 120332.82/34383.61/17193.50) lat (ms,95%): 24.83 err/s: 0.00 reconn/s: 0.00
[ 650s ] thds: 200 tps: 8658.38 qps: 173149.84 (r/w/o: 121197.58/34636.41/17315.85) lat (ms,95%): 23.95 err/s: 0.00 reconn/s: 0.00
[ 660s ] thds: 200 tps: 8655.37 qps: 173116.34 (r/w/o: 121182.91/34622.09/17311.34) lat (ms,95%): 23.95 err/s: 0.00 reconn/s: 0.00
[ 670s ] thds: 200 tps: 8660.40 qps: 173224.76 (r/w/o: 121264.54/34639.91/17320.31) lat (ms,95%): 23.52 err/s: 0.00 reconn/s: 0.00
[ 680s ] thds: 200 tps: 8667.92 qps: 173352.83 (r/w/o: 121339.30/34676.99/17336.54) lat (ms,95%): 23.52 err/s: 0.00 reconn/s: 0.00
[ 690s ] thds: 200 tps: 8636.48 qps: 172709.61 (r/w/o: 120900.52/34536.22/17272.86) lat (ms,95%): 23.95 err/s: 0.00 reconn/s: 0.00
[ 700s ] thds: 200 tps: 8529.51 qps: 170586.59 (r/w/o: 119406.51/34120.56/17059.53) lat (ms,95%): 25.74 err/s: 0.00 reconn/s: 0.00
[ 710s ] thds: 200 tps: 8542.18 qps: 170841.96 (r/w/o: 119588.66/34170.03/17083.27) lat (ms,95%): 25.74 err/s: 0.00 reconn/s: 0.00
[ 720s ] thds: 200 tps: 8634.50 qps: 172716.12 (r/w/o: 120908.42/34538.20/17269.50) lat (ms,95%): 23.95 err/s: 0.00 reconn/s: 0.00
[ 730s ] thds: 200 tps: 8600.51 qps: 172006.41 (r/w/o: 120401.78/34403.32/17201.31) lat (ms,95%): 24.83 err/s: 0.00 reconn/s: 0.00
[ 740s ] thds: 200 tps: 8655.20 qps: 173112.61 (r/w/o: 121179.64/34622.48/17310.49) lat (ms,95%): 23.52 err/s: 0.00 reconn/s: 0.00
[ 750s ] thds: 200 tps: 8668.85 qps: 173354.93 (r/w/o: 121346.75/34670.39/17337.79) lat (ms,95%): 23.52 err/s: 0.00 reconn/s: 0.00
[ 760s ] thds: 200 tps: 8636.88 qps: 172759.96 (r/w/o: 120927.59/34558.91/17273.46) lat (ms,95%): 23.95 err/s: 0.00 reconn/s: 0.00
[ 770s ] thds: 200 tps: 8495.92 qps: 169953.39 (r/w/o: 118984.24/33977.00/16992.15) lat (ms,95%): 26.20 err/s: 0.00 reconn/s: 0.00
[ 780s ] thds: 200 tps: 8577.75 qps: 171502.60 (r/w/o: 120038.60/34309.00/17155.00) lat (ms,95%): 24.83 err/s: 0.00 reconn/s: 0.00
[ 790s ] thds: 200 tps: 8656.30 qps: 173153.35 (r/w/o: 121213.54/34626.61/17313.21) lat (ms,95%): 23.95 err/s: 0.00 reconn/s: 0.00
[ 800s ] thds: 200 tps: 8658.30 qps: 173153.07 (r/w/o: 121206.25/34630.41/17316.41) lat (ms,95%): 23.95 err/s: 0.00 reconn/s: 0.00
[ 810s ] thds: 200 tps: 8650.53 qps: 172994.19 (r/w/o: 121089.48/34604.14/17300.57) lat (ms,95%): 23.95 err/s: 0.00 reconn/s: 0.00
[ 820s ] thds: 200 tps: 8656.46 qps: 173123.08 (r/w/o: 121186.83/34623.54/17312.72) lat (ms,95%): 23.95 err/s: 0.00 reconn/s: 0.00
[ 830s ] thds: 200 tps: 8637.35 qps: 172747.83 (r/w/o: 120925.25/34547.49/17275.09) lat (ms,95%): 23.95 err/s: 0.00 reconn/s: 0.00
[ 840s ] thds: 200 tps: 8544.02 qps: 170947.27 (r/w/o: 119666.23/34192.59/17088.45) lat (ms,95%): 25.28 err/s: 0.00 reconn/s: 0.00
SQL statistics:
    queries performed:
        read:                            101342850
        write:                           28955062
        other:                           14477568
        total:                           144775480
    transactions:                        7238765 (8614.86 per sec.)
    queries:                             144775480 (172297.42 per sec.)
    ignored errors:                      10     (0.01 per sec.)
    reconnects:                          0      (0.00 per sec.)

General statistics:
    total time:                          840.2639s
    total number of events:              7238765

Latency (ms):
         min:                                   21.24
         avg:                                   23.21
         max:                                  262.92
         95th percentile:                       23.95
         sum:                            167999711.71

Threads fairness:
    events (avg/stddev):           36193.8250/54.61
    execution time (avg/stddev):   839.9986/0.07

