sysbench 1.0.20-ebf1c90 (using bundled LuaJIT 2.1.0-beta2)

Running the test with following options:
Number of threads: 200
Report intermediate results every 10 second(s)
Initializing random number generator from current time


Initializing worker threads...

Threads started!

[ 10s ] thds: 200 tps: 7032.57 qps: 140840.65 (r/w/o: 98617.74/28139.07/14083.83) lat (ms,95%): 33.72 err/s: 0.00 reconn/s: 0.00
[ 20s ] thds: 200 tps: 8330.46 qps: 166608.31 (r/w/o: 116629.68/33317.22/16661.41) lat (ms,95%): 23.95 err/s: 0.00 reconn/s: 0.00
[ 30s ] thds: 200 tps: 8696.49 qps: 173948.88 (r/w/o: 121763.82/34792.38/17392.69) lat (ms,95%): 23.52 err/s: 0.00 reconn/s: 0.00
[ 40s ] thds: 200 tps: 8672.21 qps: 173434.29 (r/w/o: 121400.90/34688.46/17344.93) lat (ms,95%): 23.52 err/s: 0.00 reconn/s: 0.00
[ 50s ] thds: 200 tps: 8697.29 qps: 173944.50 (r/w/o: 121763.86/34786.46/17394.18) lat (ms,95%): 23.52 err/s: 0.00 reconn/s: 0.00
[ 60s ] thds: 200 tps: 8703.31 qps: 174063.39 (r/w/o: 121839.44/34817.64/17406.32) lat (ms,95%): 23.52 err/s: 0.00 reconn/s: 0.00
[ 70s ] thds: 200 tps: 8601.70 qps: 172045.52 (r/w/o: 120432.24/34411.18/17202.09) lat (ms,95%): 25.28 err/s: 0.00 reconn/s: 0.00
[ 80s ] thds: 200 tps: 8567.67 qps: 171314.76 (r/w/o: 119918.02/34259.79/17136.95) lat (ms,95%): 25.28 err/s: 0.00 reconn/s: 0.00
[ 90s ] thds: 200 tps: 8698.97 qps: 173984.29 (r/w/o: 121786.64/34799.90/17397.75) lat (ms,95%): 23.52 err/s: 0.00 reconn/s: 0.00
[ 100s ] thds: 200 tps: 8685.88 qps: 173738.43 (r/w/o: 121623.64/34742.93/17371.86) lat (ms,95%): 23.95 err/s: 0.00 reconn/s: 0.00
[ 110s ] thds: 200 tps: 8690.33 qps: 173822.77 (r/w/o: 121678.50/34763.21/17381.06) lat (ms,95%): 23.52 err/s: 0.10 reconn/s: 0.00
[ 120s ] thds: 200 tps: 8692.92 qps: 173833.59 (r/w/o: 121676.47/34772.18/17384.94) lat (ms,95%): 23.52 err/s: 0.00 reconn/s: 0.00
[ 130s ] thds: 200 tps: 8695.72 qps: 173924.84 (r/w/o: 121751.64/34780.67/17392.53) lat (ms,95%): 23.52 err/s: 0.00 reconn/s: 0.00
[ 140s ] thds: 200 tps: 8568.96 qps: 171394.47 (r/w/o: 119968.32/34289.23/17136.92) lat (ms,95%): 25.28 err/s: 0.00 reconn/s: 0.00
[ 150s ] thds: 200 tps: 8562.02 qps: 171254.79 (r/w/o: 119895.44/34233.80/17125.55) lat (ms,95%): 25.28 err/s: 0.00 reconn/s: 0.00
[ 160s ] thds: 200 tps: 8693.49 qps: 173824.85 (r/w/o: 121666.92/34771.45/17386.47) lat (ms,95%): 23.52 err/s: 0.00 reconn/s: 0.00
[ 170s ] thds: 200 tps: 8681.50 qps: 173644.80 (r/w/o: 121550.30/34731.70/17362.80) lat (ms,95%): 23.95 err/s: 0.00 reconn/s: 0.00
[ 180s ] thds: 200 tps: 8686.93 qps: 173729.33 (r/w/o: 121606.84/34748.03/17374.46) lat (ms,95%): 23.52 err/s: 0.00 reconn/s: 0.00
[ 190s ] thds: 200 tps: 8685.80 qps: 173752.20 (r/w/o: 121635.17/34745.52/17371.51) lat (ms,95%): 23.52 err/s: 0.00 reconn/s: 0.00
[ 200s ] thds: 200 tps: 8693.47 qps: 173819.06 (r/w/o: 121667.25/34765.37/17386.44) lat (ms,95%): 23.52 err/s: 0.00 reconn/s: 0.00
[ 210s ] thds: 200 tps: 8616.48 qps: 172339.94 (r/w/o: 120639.88/34467.21/17232.85) lat (ms,95%): 24.83 err/s: 0.00 reconn/s: 0.00
[ 220s ] thds: 200 tps: 8552.84 qps: 171019.92 (r/w/o: 119702.91/34211.14/17105.87) lat (ms,95%): 25.28 err/s: 0.10 reconn/s: 0.00
[ 230s ] thds: 200 tps: 8656.79 qps: 173177.66 (r/w/o: 121234.73/34629.55/17313.38) lat (ms,95%): 23.95 err/s: 0.00 reconn/s: 0.00
[ 240s ] thds: 200 tps: 8629.05 qps: 172585.69 (r/w/o: 120809.36/34517.62/17258.71) lat (ms,95%): 24.38 err/s: 0.00 reconn/s: 0.00
[ 250s ] thds: 200 tps: 8640.16 qps: 172821.81 (r/w/o: 120979.48/34562.02/17280.31) lat (ms,95%): 24.38 err/s: 0.10 reconn/s: 0.00
[ 260s ] thds: 200 tps: 8675.10 qps: 173529.94 (r/w/o: 121479.73/34699.61/17350.60) lat (ms,95%): 23.95 err/s: 0.00 reconn/s: 0.00
[ 270s ] thds: 200 tps: 8689.31 qps: 173742.96 (r/w/o: 121612.58/34751.75/17378.63) lat (ms,95%): 23.52 err/s: 0.00 reconn/s: 0.00
[ 280s ] thds: 200 tps: 8616.59 qps: 172371.36 (r/w/o: 120662.80/34475.47/17233.09) lat (ms,95%): 24.83 err/s: 0.00 reconn/s: 0.00
[ 290s ] thds: 200 tps: 8526.27 qps: 170481.50 (r/w/o: 119332.78/34095.78/17052.94) lat (ms,95%): 25.74 err/s: 0.00 reconn/s: 0.00
[ 300s ] thds: 200 tps: 8660.01 qps: 173231.12 (r/w/o: 121260.18/34652.02/17318.91) lat (ms,95%): 23.95 err/s: 0.00 reconn/s: 0.00
[ 310s ] thds: 200 tps: 8684.59 qps: 173699.02 (r/w/o: 121597.80/34731.04/17370.17) lat (ms,95%): 23.52 err/s: 0.00 reconn/s: 0.00
[ 320s ] thds: 200 tps: 8684.75 qps: 173668.54 (r/w/o: 121555.26/34744.39/17368.89) lat (ms,95%): 23.52 err/s: 0.00 reconn/s: 0.00
[ 330s ] thds: 200 tps: 8676.40 qps: 173511.27 (r/w/o: 121459.58/34698.19/17353.50) lat (ms,95%): 23.52 err/s: 0.00 reconn/s: 0.00
[ 340s ] thds: 200 tps: 8680.40 qps: 173637.94 (r/w/o: 121555.56/34721.49/17360.89) lat (ms,95%): 23.52 err/s: 0.10 reconn/s: 0.00
[ 350s ] thds: 200 tps: 8578.19 qps: 171521.55 (r/w/o: 120048.00/34317.97/17155.59) lat (ms,95%): 25.28 err/s: 0.10 reconn/s: 0.00
[ 360s ] thds: 200 tps: 8556.49 qps: 171129.17 (r/w/o: 119794.54/34220.95/17113.68) lat (ms,95%): 25.28 err/s: 0.00 reconn/s: 0.00
[ 370s ] thds: 200 tps: 8671.05 qps: 173445.14 (r/w/o: 121415.96/34687.19/17341.99) lat (ms,95%): 23.52 err/s: 0.00 reconn/s: 0.00
[ 380s ] thds: 200 tps: 8673.62 qps: 173467.53 (r/w/o: 121426.43/34693.77/17347.33) lat (ms,95%): 23.52 err/s: 0.00 reconn/s: 0.00
[ 390s ] thds: 200 tps: 8675.32 qps: 173480.83 (r/w/o: 121431.63/34698.67/17350.53) lat (ms,95%): 23.52 err/s: 0.00 reconn/s: 0.00
[ 400s ] thds: 200 tps: 8672.95 qps: 173470.98 (r/w/o: 121430.76/34694.72/17345.51) lat (ms,95%): 23.52 err/s: 0.00 reconn/s: 0.00
[ 410s ] thds: 200 tps: 8674.08 qps: 173509.98 (r/w/o: 121467.48/34693.84/17348.67) lat (ms,95%): 23.52 err/s: 0.00 reconn/s: 0.00
[ 420s ] thds: 200 tps: 8512.38 qps: 170248.37 (r/w/o: 119173.90/34049.41/17025.06) lat (ms,95%): 25.74 err/s: 0.00 reconn/s: 0.00
[ 430s ] thds: 200 tps: 8635.02 qps: 172712.39 (r/w/o: 120902.64/34539.40/17270.35) lat (ms,95%): 24.38 err/s: 0.00 reconn/s: 0.00
[ 440s ] thds: 200 tps: 8674.38 qps: 173481.07 (r/w/o: 121430.57/34701.93/17348.57) lat (ms,95%): 23.52 err/s: 0.00 reconn/s: 0.00
[ 450s ] thds: 200 tps: 8674.51 qps: 173473.17 (r/w/o: 121423.59/34701.65/17347.93) lat (ms,95%): 23.52 err/s: 0.00 reconn/s: 0.00
[ 460s ] thds: 200 tps: 8653.65 qps: 173070.68 (r/w/o: 121154.16/34608.12/17308.41) lat (ms,95%): 23.95 err/s: 0.00 reconn/s: 0.00
[ 470s ] thds: 200 tps: 8645.65 qps: 172917.60 (r/w/o: 121045.73/34581.18/17290.69) lat (ms,95%): 23.95 err/s: 0.00 reconn/s: 0.00
[ 480s ] thds: 200 tps: 8610.82 qps: 172196.16 (r/w/o: 120526.62/34447.79/17221.75) lat (ms,95%): 24.83 err/s: 0.00 reconn/s: 0.00
[ 490s ] thds: 200 tps: 8512.54 qps: 170267.61 (r/w/o: 119196.56/34045.76/17025.28) lat (ms,95%): 25.74 err/s: 0.00 reconn/s: 0.00
[ 500s ] thds: 200 tps: 8602.80 qps: 172050.43 (r/w/o: 120431.25/34413.49/17205.69) lat (ms,95%): 24.83 err/s: 0.00 reconn/s: 0.00
[ 510s ] thds: 200 tps: 8668.21 qps: 173368.88 (r/w/o: 121357.82/34674.74/17336.32) lat (ms,95%): 23.52 err/s: 0.00 reconn/s: 0.00
[ 520s ] thds: 200 tps: 8669.22 qps: 173409.10 (r/w/o: 121395.65/34674.70/17338.75) lat (ms,95%): 23.52 err/s: 0.00 reconn/s: 0.00
[ 530s ] thds: 200 tps: 8659.98 qps: 173180.23 (r/w/o: 121216.97/34644.51/17318.75) lat (ms,95%): 23.95 err/s: 0.00 reconn/s: 0.00
[ 540s ] thds: 200 tps: 8666.73 qps: 173365.43 (r/w/o: 121362.64/34669.03/17333.76) lat (ms,95%): 23.52 err/s: 0.00 reconn/s: 0.00
[ 550s ] thds: 200 tps: 8624.62 qps: 172489.37 (r/w/o: 120742.76/34496.67/17249.94) lat (ms,95%): 24.38 err/s: 0.00 reconn/s: 0.00
[ 560s ] thds: 200 tps: 8584.79 qps: 171690.17 (r/w/o: 120182.34/34338.05/17169.78) lat (ms,95%): 24.83 err/s: 0.00 reconn/s: 0.00
[ 570s ] thds: 200 tps: 8598.36 qps: 171972.98 (r/w/o: 120383.72/34392.74/17196.52) lat (ms,95%): 24.83 err/s: 0.10 reconn/s: 0.00
[ 580s ] thds: 200 tps: 8668.21 qps: 173312.96 (r/w/o: 121307.88/34668.05/17337.03) lat (ms,95%): 23.52 err/s: 0.00 reconn/s: 0.00
[ 590s ] thds: 200 tps: 8656.33 qps: 173155.92 (r/w/o: 121217.66/34626.00/17312.25) lat (ms,95%): 23.52 err/s: 0.00 reconn/s: 0.00
[ 600s ] thds: 200 tps: 8657.89 qps: 173147.91 (r/w/o: 121198.17/34634.06/17315.68) lat (ms,95%): 23.95 err/s: 0.00 reconn/s: 0.00
[ 610s ] thds: 200 tps: 8662.74 qps: 173291.95 (r/w/o: 121311.80/34654.07/17326.09) lat (ms,95%): 23.52 err/s: 0.00 reconn/s: 0.00
[ 620s ] thds: 200 tps: 8634.06 qps: 172658.45 (r/w/o: 120858.51/34532.33/17267.62) lat (ms,95%): 23.95 err/s: 0.00 reconn/s: 0.00
[ 630s ] thds: 200 tps: 8566.00 qps: 171293.33 (r/w/o: 119898.35/34263.19/17131.79) lat (ms,95%): 25.28 err/s: 0.00 reconn/s: 0.00
[ 640s ] thds: 200 tps: 8590.40 qps: 171811.19 (r/w/o: 120266.09/34364.40/17180.70) lat (ms,95%): 24.83 err/s: 0.00 reconn/s: 0.00
[ 650s ] thds: 200 tps: 8651.75 qps: 173053.87 (r/w/o: 121146.18/34603.69/17304.00) lat (ms,95%): 23.95 err/s: 0.00 reconn/s: 0.00
[ 660s ] thds: 200 tps: 8652.07 qps: 173053.07 (r/w/o: 121135.56/34614.27/17303.24) lat (ms,95%): 23.95 err/s: 0.00 reconn/s: 0.00
[ 670s ] thds: 200 tps: 8657.16 qps: 173141.67 (r/w/o: 121206.42/34619.53/17315.72) lat (ms,95%): 23.52 err/s: 0.00 reconn/s: 0.00
[ 680s ] thds: 200 tps: 8663.71 qps: 173281.19 (r/w/o: 121294.83/34659.44/17326.92) lat (ms,95%): 23.52 err/s: 0.00 reconn/s: 0.00
[ 690s ] thds: 200 tps: 8631.23 qps: 172626.41 (r/w/o: 120835.12/34528.22/17263.06) lat (ms,95%): 23.95 err/s: 0.00 reconn/s: 0.00
[ 700s ] thds: 200 tps: 8527.09 qps: 170526.75 (r/w/o: 119363.90/34109.17/17053.69) lat (ms,95%): 25.74 err/s: 0.00 reconn/s: 0.00
[ 710s ] thds: 200 tps: 8537.36 qps: 170752.81 (r/w/o: 119530.15/34147.54/17075.12) lat (ms,95%): 25.74 err/s: 0.00 reconn/s: 0.00
[ 720s ] thds: 200 tps: 8632.74 qps: 172642.65 (r/w/o: 120849.03/34528.45/17265.18) lat (ms,95%): 23.95 err/s: 0.00 reconn/s: 0.00
[ 730s ] thds: 200 tps: 8597.02 qps: 171945.33 (r/w/o: 120364.40/34386.79/17194.14) lat (ms,95%): 24.83 err/s: 0.10 reconn/s: 0.00
[ 740s ] thds: 200 tps: 8653.19 qps: 173039.68 (r/w/o: 121123.14/34610.46/17306.08) lat (ms,95%): 23.95 err/s: 0.00 reconn/s: 0.00
[ 750s ] thds: 200 tps: 8662.39 qps: 173304.88 (r/w/o: 121320.25/34659.46/17325.18) lat (ms,95%): 23.52 err/s: 0.00 reconn/s: 0.00
[ 760s ] thds: 200 tps: 8633.41 qps: 172681.11 (r/w/o: 120886.85/34526.94/17267.32) lat (ms,95%): 23.95 err/s: 0.00 reconn/s: 0.00
[ 770s ] thds: 200 tps: 8497.29 qps: 169873.83 (r/w/o: 118893.91/33985.75/16994.17) lat (ms,95%): 26.20 err/s: 0.10 reconn/s: 0.00
[ 780s ] thds: 200 tps: 8568.29 qps: 171400.81 (r/w/o: 119981.47/34283.06/17136.28) lat (ms,95%): 24.83 err/s: 0.00 reconn/s: 0.00
[ 790s ] thds: 200 tps: 8654.86 qps: 173090.88 (r/w/o: 121165.12/34615.34/17310.42) lat (ms,95%): 23.95 err/s: 0.00 reconn/s: 0.00
[ 800s ] thds: 200 tps: 8653.86 qps: 173086.03 (r/w/o: 121164.49/34613.73/17307.81) lat (ms,95%): 23.95 err/s: 0.00 reconn/s: 0.00
[ 810s ] thds: 200 tps: 8646.09 qps: 172931.59 (r/w/o: 121051.73/34588.08/17291.79) lat (ms,95%): 23.95 err/s: 0.00 reconn/s: 0.00
[ 820s ] thds: 200 tps: 8654.11 qps: 173065.28 (r/w/o: 121141.23/34616.24/17307.82) lat (ms,95%): 23.95 err/s: 0.00 reconn/s: 0.00
[ 830s ] thds: 200 tps: 8632.77 qps: 172655.47 (r/w/o: 120859.46/34530.17/17265.84) lat (ms,95%): 23.95 err/s: 0.00 reconn/s: 0.00
[ 840s ] thds: 200 tps: 8546.20 qps: 170944.78 (r/w/o: 119663.26/34188.22/17093.31) lat (ms,95%): 25.28 err/s: 0.00 reconn/s: 0.00
SQL statistics:
    queries performed:
        read:                            101308452
        write:                           28945246
        other:                           14472646
        total:                           144726344
    transactions:                        7236310 (8612.04 per sec.)
    queries:                             144726344 (172241.04 per sec.)
    ignored errors:                      8      (0.01 per sec.)
    reconnects:                          0      (0.00 per sec.)

General statistics:
    total time:                          840.2538s
    total number of events:              7236310

Latency (ms):
         min:                                   21.45
         avg:                                   23.22
         max:                                  261.04
         95th percentile:                       24.38
         sum:                            167998851.48

Threads fairness:
    events (avg/stddev):           36181.5500/51.92
    execution time (avg/stddev):   839.9943/0.05

