sysbench 1.0.20-ebf1c90 (using bundled LuaJIT 2.1.0-beta2)

Running the test with following options:
Number of threads: 200
Report intermediate results every 10 second(s)
Initializing random number generator from current time


Initializing worker threads...

Threads started!

[ 10s ] thds: 200 tps: 7017.04 qps: 140528.55 (r/w/o: 98396.42/28078.96/14053.18) lat (ms,95%): 33.12 err/s: 0.00 reconn/s: 0.00
[ 20s ] thds: 200 tps: 8329.18 qps: 166602.07 (r/w/o: 116627.20/33316.71/16658.16) lat (ms,95%): 23.95 err/s: 0.00 reconn/s: 0.00
[ 30s ] thds: 200 tps: 8697.40 qps: 173954.12 (r/w/o: 121772.11/34786.40/17395.60) lat (ms,95%): 23.52 err/s: 0.00 reconn/s: 0.00
[ 40s ] thds: 200 tps: 8677.44 qps: 173519.99 (r/w/o: 121456.85/34709.36/17353.78) lat (ms,95%): 23.52 err/s: 0.00 reconn/s: 0.00
[ 50s ] thds: 200 tps: 8697.68 qps: 173955.85 (r/w/o: 121769.09/34790.41/17396.36) lat (ms,95%): 23.52 err/s: 0.10 reconn/s: 0.00
[ 60s ] thds: 200 tps: 8703.59 qps: 174069.05 (r/w/o: 121843.82/34818.45/17406.77) lat (ms,95%): 23.52 err/s: 0.00 reconn/s: 0.00
[ 70s ] thds: 200 tps: 8601.27 qps: 172067.41 (r/w/o: 120454.79/34410.18/17202.44) lat (ms,95%): 25.28 err/s: 0.00 reconn/s: 0.00
[ 80s ] thds: 200 tps: 8565.16 qps: 171246.40 (r/w/o: 119863.41/34252.46/17130.53) lat (ms,95%): 25.28 err/s: 0.00 reconn/s: 0.00
[ 90s ] thds: 200 tps: 8697.41 qps: 173992.61 (r/w/o: 121797.75/34800.44/17394.42) lat (ms,95%): 23.52 err/s: 0.00 reconn/s: 0.00
[ 100s ] thds: 200 tps: 8686.78 qps: 173731.88 (r/w/o: 121619.00/34738.42/17374.46) lat (ms,95%): 23.95 err/s: 0.00 reconn/s: 0.00
[ 110s ] thds: 200 tps: 8692.57 qps: 173837.66 (r/w/o: 121683.22/34769.79/17384.65) lat (ms,95%): 23.52 err/s: 0.00 reconn/s: 0.00
[ 120s ] thds: 200 tps: 8692.25 qps: 173854.67 (r/w/o: 121699.98/34769.69/17385.00) lat (ms,95%): 23.52 err/s: 0.00 reconn/s: 0.00
[ 130s ] thds: 200 tps: 8698.49 qps: 173936.17 (r/w/o: 121749.04/34790.75/17396.38) lat (ms,95%): 23.52 err/s: 0.00 reconn/s: 0.00
[ 140s ] thds: 200 tps: 8567.40 qps: 171434.90 (r/w/o: 120005.57/34293.22/17136.11) lat (ms,95%): 25.28 err/s: 0.00 reconn/s: 0.00
[ 150s ] thds: 200 tps: 8564.60 qps: 171233.85 (r/w/o: 119871.64/34233.41/17128.81) lat (ms,95%): 25.28 err/s: 0.00 reconn/s: 0.00
[ 160s ] thds: 200 tps: 8691.81 qps: 173813.92 (r/w/o: 121661.59/34769.02/17383.31) lat (ms,95%): 23.52 err/s: 0.00 reconn/s: 0.00
[ 170s ] thds: 200 tps: 8680.79 qps: 173644.84 (r/w/o: 121551.89/34731.67/17361.28) lat (ms,95%): 23.95 err/s: 0.00 reconn/s: 0.00
[ 180s ] thds: 200 tps: 8687.71 qps: 173712.02 (r/w/o: 121593.79/34742.52/17375.71) lat (ms,95%): 23.52 err/s: 0.00 reconn/s: 0.00
[ 190s ] thds: 200 tps: 8682.88 qps: 173717.79 (r/w/o: 121615.39/34736.74/17365.67) lat (ms,95%): 23.52 err/s: 0.00 reconn/s: 0.00
[ 200s ] thds: 200 tps: 8693.91 qps: 173830.74 (r/w/o: 121672.00/34770.73/17388.01) lat (ms,95%): 23.52 err/s: 0.00 reconn/s: 0.00
[ 210s ] thds: 200 tps: 8616.19 qps: 172324.96 (r/w/o: 120629.60/34463.47/17231.89) lat (ms,95%): 24.83 err/s: 0.00 reconn/s: 0.00
[ 220s ] thds: 200 tps: 8552.63 qps: 171010.39 (r/w/o: 119695.28/34210.24/17104.87) lat (ms,95%): 25.28 err/s: 0.00 reconn/s: 0.00
[ 230s ] thds: 200 tps: 8657.97 qps: 173204.79 (r/w/o: 121253.88/34634.88/17316.04) lat (ms,95%): 23.95 err/s: 0.00 reconn/s: 0.00
[ 240s ] thds: 200 tps: 8629.43 qps: 172587.19 (r/w/o: 120810.72/34517.52/17258.96) lat (ms,95%): 24.38 err/s: 0.00 reconn/s: 0.00
[ 250s ] thds: 200 tps: 8640.16 qps: 172816.96 (r/w/o: 120974.61/34561.83/17280.52) lat (ms,95%): 24.38 err/s: 0.10 reconn/s: 0.00
[ 260s ] thds: 200 tps: 8676.52 qps: 173523.25 (r/w/o: 121470.24/34699.27/17353.73) lat (ms,95%): 23.95 err/s: 0.00 reconn/s: 0.00
[ 270s ] thds: 200 tps: 8688.11 qps: 173757.29 (r/w/o: 121628.10/34752.76/17376.43) lat (ms,95%): 23.52 err/s: 0.00 reconn/s: 0.00
[ 280s ] thds: 200 tps: 8618.32 qps: 172406.57 (r/w/o: 120689.66/34480.17/17236.74) lat (ms,95%): 24.83 err/s: 0.00 reconn/s: 0.00
[ 290s ] thds: 200 tps: 8529.28 qps: 170518.82 (r/w/o: 119349.76/34110.40/17058.65) lat (ms,95%): 25.74 err/s: 0.00 reconn/s: 0.00
[ 300s ] thds: 200 tps: 8655.51 qps: 173207.92 (r/w/o: 121263.98/34633.22/17310.71) lat (ms,95%): 23.95 err/s: 0.00 reconn/s: 0.00
[ 310s ] thds: 200 tps: 8685.62 qps: 173677.66 (r/w/o: 121572.25/34733.47/17371.94) lat (ms,95%): 23.52 err/s: 0.00 reconn/s: 0.00
[ 320s ] thds: 200 tps: 8686.39 qps: 173688.70 (r/w/o: 121569.03/34748.18/17371.49) lat (ms,95%): 23.52 err/s: 0.00 reconn/s: 0.00
[ 330s ] thds: 200 tps: 8676.16 qps: 173530.49 (r/w/o: 121471.84/34705.74/17352.92) lat (ms,95%): 23.52 err/s: 0.00 reconn/s: 0.00
[ 340s ] thds: 200 tps: 8681.51 qps: 173624.72 (r/w/o: 121541.45/34720.14/17363.12) lat (ms,95%): 23.52 err/s: 0.00 reconn/s: 0.00
[ 350s ] thds: 200 tps: 8576.31 qps: 171568.67 (r/w/o: 120091.42/34325.33/17151.92) lat (ms,95%): 25.28 err/s: 0.00 reconn/s: 0.00
[ 360s ] thds: 200 tps: 8558.69 qps: 171110.21 (r/w/o: 119776.40/34215.74/17118.07) lat (ms,95%): 25.28 err/s: 0.00 reconn/s: 0.00
[ 370s ] thds: 200 tps: 8671.52 qps: 173454.94 (r/w/o: 121422.34/34690.07/17342.53) lat (ms,95%): 23.52 err/s: 0.00 reconn/s: 0.00
[ 380s ] thds: 200 tps: 8671.91 qps: 173451.50 (r/w/o: 121417.84/34688.94/17344.72) lat (ms,95%): 23.52 err/s: 0.00 reconn/s: 0.00
[ 390s ] thds: 200 tps: 8675.87 qps: 173460.66 (r/w/o: 121411.25/34698.97/17350.44) lat (ms,95%): 23.52 err/s: 0.00 reconn/s: 0.00
[ 400s ] thds: 200 tps: 8672.73 qps: 173488.16 (r/w/o: 121447.56/34694.23/17346.37) lat (ms,95%): 23.52 err/s: 0.00 reconn/s: 0.00
[ 410s ] thds: 200 tps: 8676.08 qps: 173530.26 (r/w/o: 121477.76/34700.73/17351.77) lat (ms,95%): 23.52 err/s: 0.00 reconn/s: 0.00
[ 420s ] thds: 200 tps: 8513.32 qps: 170282.95 (r/w/o: 119201.42/34054.29/17027.25) lat (ms,95%): 25.74 err/s: 0.00 reconn/s: 0.00
[ 430s ] thds: 200 tps: 8634.79 qps: 172692.84 (r/w/o: 120886.19/34536.97/17269.68) lat (ms,95%): 24.38 err/s: 0.00 reconn/s: 0.00
[ 440s ] thds: 200 tps: 8674.92 qps: 173491.91 (r/w/o: 121438.62/34704.06/17349.23) lat (ms,95%): 23.52 err/s: 0.00 reconn/s: 0.00
[ 450s ] thds: 200 tps: 8672.18 qps: 173458.57 (r/w/o: 121423.07/34690.73/17344.77) lat (ms,95%): 23.52 err/s: 0.00 reconn/s: 0.00
[ 460s ] thds: 200 tps: 8655.31 qps: 173068.31 (r/w/o: 121141.48/34616.72/17310.11) lat (ms,95%): 23.95 err/s: 0.00 reconn/s: 0.00
[ 470s ] thds: 200 tps: 8644.41 qps: 172911.03 (r/w/o: 121044.36/34577.75/17288.92) lat (ms,95%): 23.95 err/s: 0.00 reconn/s: 0.00
[ 480s ] thds: 200 tps: 8610.69 qps: 172188.44 (r/w/o: 120521.59/34445.47/17221.38) lat (ms,95%): 24.83 err/s: 0.00 reconn/s: 0.00
[ 490s ] thds: 200 tps: 8515.89 qps: 170335.38 (r/w/o: 119244.52/34058.48/17032.39) lat (ms,95%): 25.74 err/s: 0.00 reconn/s: 0.00
[ 500s ] thds: 200 tps: 8600.41 qps: 172002.26 (r/w/o: 120394.88/34406.55/17200.83) lat (ms,95%): 24.83 err/s: 0.00 reconn/s: 0.00
[ 510s ] thds: 200 tps: 8666.29 qps: 173368.46 (r/w/o: 121367.33/34669.35/17331.78) lat (ms,95%): 23.52 err/s: 0.00 reconn/s: 0.00
[ 520s ] thds: 200 tps: 8670.08 qps: 173378.26 (r/w/o: 121361.66/34675.53/17341.07) lat (ms,95%): 23.52 err/s: 0.00 reconn/s: 0.00
[ 530s ] thds: 200 tps: 8660.12 qps: 173208.53 (r/w/o: 121243.23/34646.37/17318.93) lat (ms,95%): 23.95 err/s: 0.00 reconn/s: 0.00
[ 540s ] thds: 200 tps: 8666.69 qps: 173371.07 (r/w/o: 121368.54/34668.05/17334.48) lat (ms,95%): 23.52 err/s: 0.00 reconn/s: 0.00
[ 550s ] thds: 200 tps: 8627.01 qps: 172502.09 (r/w/o: 120746.90/34500.96/17254.23) lat (ms,95%): 24.38 err/s: 0.00 reconn/s: 0.00
[ 560s ] thds: 200 tps: 8586.30 qps: 171718.43 (r/w/o: 120200.42/34345.81/17172.20) lat (ms,95%): 24.83 err/s: 0.00 reconn/s: 0.00
[ 570s ] thds: 200 tps: 8598.40 qps: 171994.31 (r/w/o: 120405.14/34391.48/17197.69) lat (ms,95%): 24.83 err/s: 0.20 reconn/s: 0.00
[ 580s ] thds: 200 tps: 8669.41 qps: 173332.95 (r/w/o: 121316.20/34678.53/17338.21) lat (ms,95%): 23.52 err/s: 0.00 reconn/s: 0.00
[ 590s ] thds: 200 tps: 8657.10 qps: 173168.78 (r/w/o: 121226.09/34628.30/17314.40) lat (ms,95%): 23.52 err/s: 0.00 reconn/s: 0.00
[ 600s ] thds: 200 tps: 8659.70 qps: 173192.25 (r/w/o: 121233.86/34639.29/17319.09) lat (ms,95%): 23.95 err/s: 0.00 reconn/s: 0.00
[ 610s ] thds: 200 tps: 8663.30 qps: 173288.05 (r/w/o: 121304.44/34656.71/17326.91) lat (ms,95%): 23.52 err/s: 0.00 reconn/s: 0.00
[ 620s ] thds: 200 tps: 8633.95 qps: 172696.17 (r/w/o: 120891.75/34535.51/17268.91) lat (ms,95%): 23.95 err/s: 0.10 reconn/s: 0.00
[ 630s ] thds: 200 tps: 8568.01 qps: 171316.48 (r/w/o: 119910.60/34270.06/17135.83) lat (ms,95%): 25.28 err/s: 0.10 reconn/s: 0.00
[ 640s ] thds: 200 tps: 8592.42 qps: 171866.87 (r/w/o: 120310.86/34371.47/17184.54) lat (ms,95%): 24.83 err/s: 0.00 reconn/s: 0.00
[ 650s ] thds: 200 tps: 8654.51 qps: 173108.83 (r/w/o: 121180.46/34618.75/17309.62) lat (ms,95%): 23.95 err/s: 0.00 reconn/s: 0.00
[ 660s ] thds: 200 tps: 8654.40 qps: 173086.83 (r/w/o: 121158.35/34620.29/17308.19) lat (ms,95%): 23.95 err/s: 0.00 reconn/s: 0.00
[ 670s ] thds: 200 tps: 8660.09 qps: 173181.69 (r/w/o: 121228.92/34631.58/17321.19) lat (ms,95%): 23.52 err/s: 0.10 reconn/s: 0.00
[ 680s ] thds: 200 tps: 8664.41 qps: 173306.71 (r/w/o: 121315.85/34662.44/17328.42) lat (ms,95%): 23.52 err/s: 0.00 reconn/s: 0.00
[ 690s ] thds: 200 tps: 8633.49 qps: 172665.34 (r/w/o: 120864.69/34534.07/17266.58) lat (ms,95%): 23.95 err/s: 0.00 reconn/s: 0.00
[ 700s ] thds: 200 tps: 8526.11 qps: 170533.16 (r/w/o: 119373.18/34107.35/17052.63) lat (ms,95%): 25.74 err/s: 0.00 reconn/s: 0.00
[ 710s ] thds: 200 tps: 8541.79 qps: 170815.07 (r/w/o: 119566.91/34164.97/17083.19) lat (ms,95%): 25.74 err/s: 0.00 reconn/s: 0.00
[ 720s ] thds: 200 tps: 8630.20 qps: 172614.95 (r/w/o: 120832.96/34520.99/17260.99) lat (ms,95%): 23.95 err/s: 0.00 reconn/s: 0.00
[ 730s ] thds: 200 tps: 8598.01 qps: 171950.97 (r/w/o: 120366.12/34388.93/17195.92) lat (ms,95%): 24.83 err/s: 0.00 reconn/s: 0.00
[ 740s ] thds: 200 tps: 8654.88 qps: 173075.04 (r/w/o: 121146.65/34618.93/17309.46) lat (ms,95%): 23.95 err/s: 0.00 reconn/s: 0.00
[ 750s ] thds: 200 tps: 8665.21 qps: 173347.30 (r/w/o: 121350.94/34665.34/17331.02) lat (ms,95%): 23.52 err/s: 0.00 reconn/s: 0.00
[ 760s ] thds: 200 tps: 8636.39 qps: 172724.40 (r/w/o: 120911.66/34539.86/17272.88) lat (ms,95%): 23.95 err/s: 0.00 reconn/s: 0.00
[ 770s ] thds: 200 tps: 8498.60 qps: 169924.26 (r/w/o: 118934.34/33993.11/16996.81) lat (ms,95%): 26.20 err/s: 0.00 reconn/s: 0.00
[ 780s ] thds: 200 tps: 8568.29 qps: 171421.10 (r/w/o: 120002.76/34281.16/17137.18) lat (ms,95%): 24.83 err/s: 0.00 reconn/s: 0.00
[ 790s ] thds: 200 tps: 8656.85 qps: 173095.87 (r/w/o: 121159.45/34623.51/17312.91) lat (ms,95%): 23.95 err/s: 0.00 reconn/s: 0.00
[ 800s ] thds: 200 tps: 8655.07 qps: 173096.90 (r/w/o: 121168.58/34617.68/17310.64) lat (ms,95%): 23.95 err/s: 0.00 reconn/s: 0.00
[ 810s ] thds: 200 tps: 8645.60 qps: 172954.99 (r/w/o: 121079.00/34585.30/17290.70) lat (ms,95%): 23.95 err/s: 0.00 reconn/s: 0.00
[ 820s ] thds: 200 tps: 8654.90 qps: 173078.60 (r/w/o: 121149.10/34620.30/17309.20) lat (ms,95%): 23.52 err/s: 0.00 reconn/s: 0.00
[ 830s ] thds: 200 tps: 8635.39 qps: 172702.22 (r/w/o: 120890.37/34540.56/17271.28) lat (ms,95%): 23.95 err/s: 0.10 reconn/s: 0.00
[ 840s ] thds: 200 tps: 8557.95 qps: 171162.25 (r/w/o: 119813.17/34232.69/17116.40) lat (ms,95%): 25.28 err/s: 0.00 reconn/s: 0.00
SQL statistics:
    queries performed:
        read:                            101314724
        write:                           28947032
        other:                           14473548
        total:                           144735304
    transactions:                        7236758 (8613.35 per sec.)
    queries:                             144735304 (172267.22 per sec.)
    ignored errors:                      8      (0.01 per sec.)
    reconnects:                          0      (0.00 per sec.)

General statistics:
    total time:                          840.1780s
    total number of events:              7236758

Latency (ms):
         min:                                   21.47
         avg:                                   23.21
         max:                                  261.77
         95th percentile:                       23.95
         sum:                            167992782.66

Threads fairness:
    events (avg/stddev):           36183.7900/48.16
    execution time (avg/stddev):   839.9639/0.03

