sysbench 1.0.20-ebf1c90 (using bundled LuaJIT 2.1.0-beta2)

Running the test with following options:
Number of threads: 200
Report intermediate results every 10 second(s)
Initializing random number generator from current time


Initializing worker threads...

Threads started!

[ 10s ] thds: 200 tps: 6998.34 qps: 140154.05 (r/w/o: 98135.29/28003.18/14015.58) lat (ms,95%): 33.12 err/s: 0.00 reconn/s: 0.00
[ 20s ] thds: 200 tps: 8239.52 qps: 164785.82 (r/w/o: 115348.99/32957.58/16479.24) lat (ms,95%): 24.38 err/s: 0.00 reconn/s: 0.00
[ 30s ] thds: 200 tps: 8604.21 qps: 172083.66 (r/w/o: 120463.79/34411.05/17208.83) lat (ms,95%): 23.95 err/s: 0.00 reconn/s: 0.00
[ 40s ] thds: 200 tps: 8586.60 qps: 171723.53 (r/w/o: 120197.65/34353.89/17171.99) lat (ms,95%): 23.95 err/s: 0.00 reconn/s: 0.00
[ 50s ] thds: 200 tps: 8615.70 qps: 172294.82 (r/w/o: 120600.75/34461.48/17232.59) lat (ms,95%): 23.95 err/s: 0.00 reconn/s: 0.00
[ 60s ] thds: 200 tps: 8627.19 qps: 172549.94 (r/w/o: 120790.32/34505.65/17253.97) lat (ms,95%): 23.95 err/s: 0.00 reconn/s: 0.00
[ 70s ] thds: 200 tps: 8459.79 qps: 169329.00 (r/w/o: 118532.53/33877.68/16918.79) lat (ms,95%): 26.20 err/s: 0.00 reconn/s: 0.00
[ 80s ] thds: 200 tps: 8261.23 qps: 165130.90 (r/w/o: 115588.99/33020.04/16521.87) lat (ms,95%): 28.16 err/s: 0.00 reconn/s: 0.00
[ 90s ] thds: 200 tps: 8570.89 qps: 171447.45 (r/w/o: 120037.90/34265.77/17143.79) lat (ms,95%): 24.38 err/s: 0.00 reconn/s: 0.00
[ 100s ] thds: 200 tps: 8603.98 qps: 172076.41 (r/w/o: 120447.66/34420.60/17208.15) lat (ms,95%): 24.38 err/s: 0.00 reconn/s: 0.00
[ 110s ] thds: 200 tps: 8612.83 qps: 172173.32 (r/w/o: 120501.06/34446.90/17225.35) lat (ms,95%): 23.95 err/s: 0.00 reconn/s: 0.00
[ 120s ] thds: 200 tps: 8614.79 qps: 172370.34 (r/w/o: 120666.19/34474.87/17229.28) lat (ms,95%): 23.95 err/s: 0.00 reconn/s: 0.00
[ 130s ] thds: 200 tps: 8622.71 qps: 172417.21 (r/w/o: 120688.85/34483.24/17245.12) lat (ms,95%): 23.95 err/s: 0.10 reconn/s: 0.00
[ 140s ] thds: 200 tps: 8465.74 qps: 169341.27 (r/w/o: 118555.31/33853.17/16932.79) lat (ms,95%): 25.74 err/s: 0.00 reconn/s: 0.00
[ 150s ] thds: 200 tps: 8173.22 qps: 163502.53 (r/w/o: 114460.30/32695.49/16346.74) lat (ms,95%): 28.16 err/s: 0.00 reconn/s: 0.00
[ 160s ] thds: 200 tps: 8560.24 qps: 171252.61 (r/w/o: 119882.60/34249.54/17120.47) lat (ms,95%): 24.38 err/s: 0.00 reconn/s: 0.00
[ 170s ] thds: 200 tps: 8559.40 qps: 171185.10 (r/w/o: 119814.70/34252.00/17118.40) lat (ms,95%): 24.38 err/s: 0.00 reconn/s: 0.00
[ 180s ] thds: 200 tps: 8574.99 qps: 171351.45 (r/w/o: 119926.29/34274.87/17150.28) lat (ms,95%): 24.38 err/s: 0.00 reconn/s: 0.00
[ 190s ] thds: 200 tps: 8590.30 qps: 171779.64 (r/w/o: 120236.13/34363.61/17179.90) lat (ms,95%): 24.38 err/s: 0.00 reconn/s: 0.00
[ 200s ] thds: 200 tps: 8596.49 qps: 172024.49 (r/w/o: 120432.15/34400.16/17192.18) lat (ms,95%): 23.95 err/s: 0.00 reconn/s: 0.00
[ 210s ] thds: 200 tps: 8513.60 qps: 170348.99 (r/w/o: 119272.16/34048.02/17028.81) lat (ms,95%): 25.28 err/s: 0.00 reconn/s: 0.00
[ 220s ] thds: 200 tps: 8168.91 qps: 163347.23 (r/w/o: 114342.96/32666.25/16338.02) lat (ms,95%): 28.16 err/s: 0.00 reconn/s: 0.00
[ 230s ] thds: 200 tps: 8515.48 qps: 170242.64 (r/w/o: 119130.47/34083.91/17028.25) lat (ms,95%): 24.83 err/s: 0.00 reconn/s: 0.00
[ 240s ] thds: 200 tps: 8520.32 qps: 170327.08 (r/w/o: 119222.17/34062.78/17042.14) lat (ms,95%): 24.83 err/s: 0.00 reconn/s: 0.00
[ 250s ] thds: 200 tps: 8372.70 qps: 167614.45 (r/w/o: 117376.06/33491.89/16746.49) lat (ms,95%): 26.68 err/s: 0.10 reconn/s: 0.00
[ 260s ] thds: 200 tps: 8488.46 qps: 169672.80 (r/w/o: 118729.21/33969.56/16974.03) lat (ms,95%): 24.83 err/s: 0.00 reconn/s: 0.00
[ 270s ] thds: 200 tps: 8576.53 qps: 171568.20 (r/w/o: 120124.15/34287.70/17156.35) lat (ms,95%): 24.38 err/s: 0.20 reconn/s: 0.00
[ 280s ] thds: 200 tps: 8453.91 qps: 169045.52 (r/w/o: 118305.95/33833.14/16906.42) lat (ms,95%): 25.74 err/s: 0.00 reconn/s: 0.00
[ 290s ] thds: 200 tps: 8153.10 qps: 163119.70 (r/w/o: 114196.27/32617.82/16305.61) lat (ms,95%): 28.16 err/s: 0.10 reconn/s: 0.00
[ 300s ] thds: 200 tps: 8473.39 qps: 169480.26 (r/w/o: 118629.03/33904.45/16946.78) lat (ms,95%): 24.83 err/s: 0.00 reconn/s: 0.00
[ 310s ] thds: 200 tps: 8511.41 qps: 170228.40 (r/w/o: 119188.04/34015.34/17025.02) lat (ms,95%): 24.83 err/s: 0.00 reconn/s: 0.00
[ 320s ] thds: 200 tps: 8539.99 qps: 170842.24 (r/w/o: 119591.69/34169.97/17080.58) lat (ms,95%): 24.38 err/s: 0.00 reconn/s: 0.00
[ 330s ] thds: 200 tps: 8566.80 qps: 171245.88 (r/w/o: 119861.88/34250.50/17133.50) lat (ms,95%): 24.38 err/s: 0.00 reconn/s: 0.00
[ 340s ] thds: 200 tps: 8589.46 qps: 171722.79 (r/w/o: 120184.53/34359.74/17178.52) lat (ms,95%): 24.38 err/s: 0.00 reconn/s: 0.00
[ 350s ] thds: 200 tps: 8442.04 qps: 168998.86 (r/w/o: 118327.63/33787.35/16883.88) lat (ms,95%): 25.74 err/s: 0.00 reconn/s: 0.00
[ 360s ] thds: 200 tps: 8177.71 qps: 163426.06 (r/w/o: 114380.28/32689.85/16355.93) lat (ms,95%): 28.16 err/s: 0.00 reconn/s: 0.00
[ 370s ] thds: 200 tps: 8429.78 qps: 168542.54 (r/w/o: 117961.25/33721.63/16859.66) lat (ms,95%): 25.28 err/s: 0.00 reconn/s: 0.00
[ 380s ] thds: 200 tps: 8474.81 qps: 169634.96 (r/w/o: 118781.08/33904.35/16949.53) lat (ms,95%): 24.83 err/s: 0.00 reconn/s: 0.00
[ 390s ] thds: 200 tps: 8515.20 qps: 170305.94 (r/w/o: 119220.53/34054.71/17030.70) lat (ms,95%): 24.83 err/s: 0.00 reconn/s: 0.00
[ 400s ] thds: 200 tps: 8539.70 qps: 170704.54 (r/w/o: 119467.86/34157.69/17078.99) lat (ms,95%): 24.83 err/s: 0.00 reconn/s: 0.00
[ 410s ] thds: 200 tps: 8517.49 qps: 170390.94 (r/w/o: 119285.39/34070.47/17035.08) lat (ms,95%): 24.83 err/s: 0.00 reconn/s: 0.00
[ 420s ] thds: 200 tps: 8453.22 qps: 169008.60 (r/w/o: 118289.58/33812.68/16906.34) lat (ms,95%): 25.28 err/s: 0.00 reconn/s: 0.00
[ 430s ] thds: 200 tps: 8159.29 qps: 163139.69 (r/w/o: 114182.55/32638.76/16318.38) lat (ms,95%): 28.16 err/s: 0.00 reconn/s: 0.00
[ 440s ] thds: 200 tps: 8396.19 qps: 168037.10 (r/w/o: 117661.36/33582.46/16793.28) lat (ms,95%): 25.74 err/s: 0.10 reconn/s: 0.00
[ 450s ] thds: 200 tps: 8471.22 qps: 169356.70 (r/w/o: 118527.78/33886.68/16942.24) lat (ms,95%): 24.83 err/s: 0.00 reconn/s: 0.00
[ 460s ] thds: 200 tps: 8480.38 qps: 169718.28 (r/w/o: 118813.67/33945.54/16959.07) lat (ms,95%): 24.83 err/s: 0.00 reconn/s: 0.00
[ 470s ] thds: 200 tps: 8560.60 qps: 171129.45 (r/w/o: 119785.44/34222.41/17121.61) lat (ms,95%): 24.38 err/s: 0.00 reconn/s: 0.00
[ 480s ] thds: 200 tps: 8577.82 qps: 171597.65 (r/w/o: 120131.01/34310.39/17156.24) lat (ms,95%): 24.38 err/s: 0.00 reconn/s: 0.00
[ 490s ] thds: 200 tps: 8326.57 qps: 166589.73 (r/w/o: 116624.10/33311.69/16653.94) lat (ms,95%): 27.17 err/s: 0.00 reconn/s: 0.00
[ 500s ] thds: 200 tps: 8243.71 qps: 164730.80 (r/w/o: 115277.04/32967.14/16486.62) lat (ms,95%): 27.66 err/s: 0.00 reconn/s: 0.00
[ 510s ] thds: 200 tps: 8204.40 qps: 164206.98 (r/w/o: 114980.29/32817.00/16409.70) lat (ms,95%): 28.16 err/s: 0.00 reconn/s: 0.00
[ 520s ] thds: 200 tps: 8462.79 qps: 169227.21 (r/w/o: 118450.66/33850.86/16925.68) lat (ms,95%): 24.83 err/s: 0.00 reconn/s: 0.00
[ 530s ] thds: 200 tps: 8504.88 qps: 170095.52 (r/w/o: 119054.44/34033.02/17008.06) lat (ms,95%): 24.83 err/s: 0.00 reconn/s: 0.00
[ 540s ] thds: 200 tps: 8514.93 qps: 170208.17 (r/w/o: 119125.10/34054.81/17028.26) lat (ms,95%): 24.83 err/s: 0.00 reconn/s: 0.00
[ 550s ] thds: 200 tps: 8463.30 qps: 169389.47 (r/w/o: 118606.25/33853.71/16929.51) lat (ms,95%): 24.83 err/s: 0.00 reconn/s: 0.00
[ 560s ] thds: 200 tps: 8404.78 qps: 168080.02 (r/w/o: 117661.46/33608.70/16809.85) lat (ms,95%): 25.74 err/s: 0.00 reconn/s: 0.00
[ 570s ] thds: 200 tps: 8233.01 qps: 164624.12 (r/w/o: 115227.18/32930.92/16466.01) lat (ms,95%): 27.66 err/s: 0.00 reconn/s: 0.00
[ 580s ] thds: 200 tps: 8237.61 qps: 164765.06 (r/w/o: 115338.21/32951.63/16475.22) lat (ms,95%): 27.66 err/s: 0.00 reconn/s: 0.00
[ 590s ] thds: 200 tps: 8484.00 qps: 169719.82 (r/w/o: 118805.11/33946.80/16967.90) lat (ms,95%): 24.83 err/s: 0.00 reconn/s: 0.00
[ 600s ] thds: 200 tps: 8538.51 qps: 170672.00 (r/w/o: 119440.24/34158.34/17073.42) lat (ms,95%): 24.38 err/s: 0.00 reconn/s: 0.00
[ 610s ] thds: 200 tps: 8428.99 qps: 168670.16 (r/w/o: 118078.80/33731.17/16860.19) lat (ms,95%): 24.83 err/s: 0.00 reconn/s: 0.00
[ 620s ] thds: 200 tps: 8460.80 qps: 169207.31 (r/w/o: 118463.24/33821.38/16922.69) lat (ms,95%): 24.83 err/s: 0.00 reconn/s: 0.00
[ 630s ] thds: 200 tps: 8376.71 qps: 167421.33 (r/w/o: 117167.36/33500.85/16753.12) lat (ms,95%): 25.74 err/s: 0.10 reconn/s: 0.00
[ 640s ] thds: 200 tps: 8219.29 qps: 164429.17 (r/w/o: 115115.91/32873.57/16439.69) lat (ms,95%): 27.66 err/s: 0.00 reconn/s: 0.00
[ 650s ] thds: 200 tps: 8194.69 qps: 164023.64 (r/w/o: 114843.29/32790.87/16389.48) lat (ms,95%): 27.66 err/s: 0.00 reconn/s: 0.00
[ 660s ] thds: 200 tps: 8420.18 qps: 168237.54 (r/w/o: 117728.05/33669.63/16839.86) lat (ms,95%): 25.28 err/s: 0.00 reconn/s: 0.00
[ 670s ] thds: 200 tps: 8416.81 qps: 168433.59 (r/w/o: 117932.10/33667.46/16834.03) lat (ms,95%): 25.28 err/s: 0.00 reconn/s: 0.00
[ 680s ] thds: 200 tps: 8414.97 qps: 168377.02 (r/w/o: 117870.12/33677.06/16829.83) lat (ms,95%): 25.28 err/s: 0.00 reconn/s: 0.00
[ 690s ] thds: 200 tps: 8455.76 qps: 169073.55 (r/w/o: 118343.81/33819.13/16910.62) lat (ms,95%): 24.83 err/s: 0.00 reconn/s: 0.00
[ 700s ] thds: 200 tps: 8333.63 qps: 166694.94 (r/w/o: 116697.34/33329.03/16668.56) lat (ms,95%): 25.74 err/s: 0.10 reconn/s: 0.00
[ 710s ] thds: 200 tps: 8197.56 qps: 163946.70 (r/w/o: 114762.44/32789.04/16395.22) lat (ms,95%): 27.66 err/s: 0.00 reconn/s: 0.00
[ 720s ] thds: 200 tps: 8216.35 qps: 164346.06 (r/w/o: 115042.87/32870.59/16432.60) lat (ms,95%): 27.66 err/s: 0.00 reconn/s: 0.00
[ 730s ] thds: 200 tps: 8372.43 qps: 167270.87 (r/w/o: 117047.87/33479.53/16743.47) lat (ms,95%): 25.74 err/s: 0.10 reconn/s: 0.00
[ 740s ] thds: 200 tps: 8308.71 qps: 166330.89 (r/w/o: 116455.21/33258.66/16617.03) lat (ms,95%): 26.20 err/s: 0.00 reconn/s: 0.00
[ 750s ] thds: 200 tps: 8360.80 qps: 167137.38 (r/w/o: 116993.05/33420.62/16723.71) lat (ms,95%): 26.20 err/s: 0.00 reconn/s: 0.00
[ 760s ] thds: 200 tps: 8364.49 qps: 167322.55 (r/w/o: 117138.40/33454.97/16729.19) lat (ms,95%): 25.74 err/s: 0.00 reconn/s: 0.00
[ 770s ] thds: 200 tps: 8315.21 qps: 166265.71 (r/w/o: 116374.58/33260.52/16630.61) lat (ms,95%): 25.74 err/s: 0.10 reconn/s: 0.00
[ 780s ] thds: 200 tps: 8294.48 qps: 165814.76 (r/w/o: 116048.19/33178.01/16588.56) lat (ms,95%): 26.20 err/s: 0.00 reconn/s: 0.00
[ 790s ] thds: 200 tps: 8186.42 qps: 163869.58 (r/w/o: 114721.44/32777.20/16370.95) lat (ms,95%): 27.66 err/s: 0.00 reconn/s: 0.00
[ 800s ] thds: 200 tps: 8378.69 qps: 167560.50 (r/w/o: 117292.36/33511.26/16756.88) lat (ms,95%): 25.74 err/s: 0.00 reconn/s: 0.00
[ 810s ] thds: 200 tps: 8437.00 qps: 168758.02 (r/w/o: 118132.75/33750.38/16874.89) lat (ms,95%): 24.83 err/s: 0.10 reconn/s: 0.00
[ 820s ] thds: 200 tps: 8412.97 qps: 168294.12 (r/w/o: 117828.60/33637.58/16827.94) lat (ms,95%): 25.28 err/s: 0.00 reconn/s: 0.00
[ 830s ] thds: 200 tps: 8419.35 qps: 168293.63 (r/w/o: 117793.15/33661.49/16838.99) lat (ms,95%): 25.28 err/s: 0.00 reconn/s: 0.00
[ 840s ] thds: 200 tps: 8301.05 qps: 166107.43 (r/w/o: 116273.82/33234.01/16599.60) lat (ms,95%): 25.74 err/s: 0.00 reconn/s: 0.00
SQL statistics:
    queries performed:
        read:                            98910504
        write:                           28260103
        other:                           14130091
        total:                           141300698
    transactions:                        7065025 (8407.96 per sec.)
    queries:                             141300698 (168159.40 per sec.)
    ignored errors:                      11     (0.01 per sec.)
    reconnects:                          0      (0.00 per sec.)

General statistics:
    total time:                          840.2773s
    total number of events:              7065025

Latency (ms):
         min:                                   21.60
         avg:                                   23.78
         max:                                  280.56
         95th percentile:                       25.28
         sum:                            167992309.50

Threads fairness:
    events (avg/stddev):           35325.1250/45.82
    execution time (avg/stddev):   839.9615/0.03

