sysbench 1.0.20-ebf1c90 (using bundled LuaJIT 2.1.0-beta2)

Running the test with following options:
Number of threads: 200
Report intermediate results every 10 second(s)
Initializing random number generator from current time


Initializing worker threads...

Threads started!

[ 10s ] thds: 200 tps: 7037.18 qps: 140920.62 (r/w/o: 98670.33/28157.13/14093.16) lat (ms,95%): 34.33 err/s: 0.00 reconn/s: 0.00
[ 20s ] thds: 200 tps: 8239.46 qps: 164787.91 (r/w/o: 115353.17/32955.32/16479.41) lat (ms,95%): 24.38 err/s: 0.00 reconn/s: 0.00
[ 30s ] thds: 200 tps: 8601.67 qps: 172054.47 (r/w/o: 120443.43/34407.19/17203.85) lat (ms,95%): 23.95 err/s: 0.00 reconn/s: 0.00
[ 40s ] thds: 200 tps: 8584.18 qps: 171661.46 (r/w/o: 120153.46/34340.43/17167.57) lat (ms,95%): 23.95 err/s: 0.00 reconn/s: 0.00
[ 50s ] thds: 200 tps: 8613.79 qps: 172258.42 (r/w/o: 120577.18/34453.46/17227.78) lat (ms,95%): 23.95 err/s: 0.00 reconn/s: 0.00
[ 60s ] thds: 200 tps: 8629.40 qps: 172587.22 (r/w/o: 120815.14/34513.48/17258.59) lat (ms,95%): 23.95 err/s: 0.00 reconn/s: 0.00
[ 70s ] thds: 200 tps: 8453.20 qps: 169191.01 (r/w/o: 118461.04/33822.88/16907.09) lat (ms,95%): 26.68 err/s: 0.00 reconn/s: 0.00
[ 80s ] thds: 200 tps: 8266.59 qps: 165204.21 (r/w/o: 115610.47/33061.56/16532.18) lat (ms,95%): 28.16 err/s: 0.00 reconn/s: 0.00
[ 90s ] thds: 200 tps: 8565.46 qps: 171414.00 (r/w/o: 120021.71/34260.26/17132.03) lat (ms,95%): 24.38 err/s: 0.00 reconn/s: 0.00
[ 100s ] thds: 200 tps: 8606.48 qps: 172100.87 (r/w/o: 120459.57/34428.43/17212.87) lat (ms,95%): 24.38 err/s: 0.10 reconn/s: 0.00
[ 110s ] thds: 200 tps: 8609.47 qps: 172146.13 (r/w/o: 120489.43/34436.97/17219.73) lat (ms,95%): 24.38 err/s: 0.20 reconn/s: 0.00
[ 120s ] thds: 200 tps: 8619.48 qps: 172376.06 (r/w/o: 120660.06/34477.93/17238.07) lat (ms,95%): 23.95 err/s: 0.00 reconn/s: 0.00
[ 130s ] thds: 200 tps: 8620.96 qps: 172419.46 (r/w/o: 120693.71/34483.23/17242.52) lat (ms,95%): 23.95 err/s: 0.00 reconn/s: 0.00
[ 140s ] thds: 200 tps: 8462.63 qps: 169220.36 (r/w/o: 118451.16/33843.73/16925.47) lat (ms,95%): 26.20 err/s: 0.00 reconn/s: 0.00
[ 150s ] thds: 200 tps: 8176.03 qps: 163642.11 (r/w/o: 114579.06/32710.90/16352.15) lat (ms,95%): 28.16 err/s: 0.00 reconn/s: 0.00
[ 160s ] thds: 200 tps: 8562.14 qps: 171251.82 (r/w/o: 119869.08/34260.36/17122.38) lat (ms,95%): 24.38 err/s: 0.00 reconn/s: 0.00
[ 170s ] thds: 200 tps: 8559.81 qps: 171188.75 (r/w/o: 119817.20/34251.53/17120.01) lat (ms,95%): 24.38 err/s: 0.00 reconn/s: 0.00
[ 180s ] thds: 200 tps: 8572.97 qps: 171369.95 (r/w/o: 119960.44/34262.17/17147.33) lat (ms,95%): 24.38 err/s: 0.00 reconn/s: 0.00
[ 190s ] thds: 200 tps: 8589.02 qps: 171755.79 (r/w/o: 120220.94/34357.00/17177.85) lat (ms,95%): 24.38 err/s: 0.00 reconn/s: 0.00
[ 200s ] thds: 200 tps: 8599.41 qps: 172000.46 (r/w/o: 120400.68/34402.05/17197.73) lat (ms,95%): 23.95 err/s: 0.00 reconn/s: 0.00
[ 210s ] thds: 200 tps: 8506.17 qps: 170262.50 (r/w/o: 119213.28/34035.38/17013.84) lat (ms,95%): 25.28 err/s: 0.00 reconn/s: 0.00
[ 220s ] thds: 200 tps: 8168.88 qps: 163368.04 (r/w/o: 114364.88/32665.31/16337.85) lat (ms,95%): 28.16 err/s: 0.00 reconn/s: 0.00
[ 230s ] thds: 200 tps: 8522.60 qps: 170262.25 (r/w/o: 119129.46/34089.19/17043.60) lat (ms,95%): 24.83 err/s: 0.00 reconn/s: 0.00
[ 240s ] thds: 200 tps: 8511.28 qps: 170270.34 (r/w/o: 119197.38/34050.61/17022.35) lat (ms,95%): 24.83 err/s: 0.00 reconn/s: 0.00
[ 250s ] thds: 200 tps: 8377.47 qps: 167637.48 (r/w/o: 117381.33/33499.39/16756.75) lat (ms,95%): 26.68 err/s: 0.00 reconn/s: 0.00
[ 260s ] thds: 200 tps: 8494.20 qps: 169757.89 (r/w/o: 118789.26/33980.92/16987.71) lat (ms,95%): 24.83 err/s: 0.10 reconn/s: 0.00
[ 270s ] thds: 200 tps: 8570.20 qps: 171532.98 (r/w/o: 120115.98/34275.70/17141.30) lat (ms,95%): 24.38 err/s: 0.00 reconn/s: 0.00
[ 280s ] thds: 200 tps: 8457.35 qps: 169005.57 (r/w/o: 118261.55/33833.31/16910.71) lat (ms,95%): 25.74 err/s: 0.00 reconn/s: 0.00
[ 290s ] thds: 200 tps: 8148.05 qps: 163117.63 (r/w/o: 114198.82/32620.81/16298.00) lat (ms,95%): 28.16 err/s: 0.10 reconn/s: 0.00
[ 300s ] thds: 200 tps: 8478.19 qps: 169464.20 (r/w/o: 118609.53/33900.08/16954.59) lat (ms,95%): 24.83 err/s: 0.00 reconn/s: 0.00
[ 310s ] thds: 200 tps: 8504.68 qps: 170215.02 (r/w/o: 119187.44/34014.83/17012.76) lat (ms,95%): 24.83 err/s: 0.00 reconn/s: 0.00
[ 320s ] thds: 200 tps: 8541.77 qps: 170821.69 (r/w/o: 119561.57/34178.08/17082.04) lat (ms,95%): 24.38 err/s: 0.00 reconn/s: 0.00
[ 330s ] thds: 200 tps: 8564.36 qps: 171248.77 (r/w/o: 119885.42/34232.23/17131.12) lat (ms,95%): 24.38 err/s: 0.10 reconn/s: 0.00
[ 340s ] thds: 200 tps: 8587.63 qps: 171681.65 (r/w/o: 120157.78/34348.61/17175.25) lat (ms,95%): 24.38 err/s: 0.10 reconn/s: 0.00
[ 350s ] thds: 200 tps: 8439.07 qps: 168930.78 (r/w/o: 118273.27/33779.48/16878.04) lat (ms,95%): 25.74 err/s: 0.00 reconn/s: 0.00
[ 360s ] thds: 200 tps: 8177.78 qps: 163448.70 (r/w/o: 114403.62/32689.22/16355.86) lat (ms,95%): 28.16 err/s: 0.00 reconn/s: 0.00
[ 370s ] thds: 200 tps: 8428.82 qps: 168513.07 (r/w/o: 117941.53/33713.89/16857.65) lat (ms,95%): 25.28 err/s: 0.00 reconn/s: 0.00
[ 380s ] thds: 200 tps: 8478.56 qps: 169690.51 (r/w/o: 118806.75/33927.14/16956.62) lat (ms,95%): 24.83 err/s: 0.00 reconn/s: 0.00
[ 390s ] thds: 200 tps: 8510.38 qps: 170247.70 (r/w/o: 119183.72/34042.62/17021.36) lat (ms,95%): 24.83 err/s: 0.00 reconn/s: 0.00
[ 400s ] thds: 200 tps: 8539.65 qps: 170706.44 (r/w/o: 119481.06/34145.99/17079.39) lat (ms,95%): 24.83 err/s: 0.00 reconn/s: 0.00
[ 410s ] thds: 200 tps: 8519.03 qps: 170407.71 (r/w/o: 119294.46/34075.00/17038.25) lat (ms,95%): 24.83 err/s: 0.10 reconn/s: 0.00
[ 420s ] thds: 200 tps: 8452.49 qps: 169000.56 (r/w/o: 118283.83/33811.95/16904.78) lat (ms,95%): 25.28 err/s: 0.00 reconn/s: 0.00
[ 430s ] thds: 200 tps: 8161.30 qps: 163152.77 (r/w/o: 114185.35/32645.01/16322.41) lat (ms,95%): 28.16 err/s: 0.00 reconn/s: 0.00
[ 440s ] thds: 200 tps: 8395.10 qps: 168029.28 (r/w/o: 117660.26/33578.32/16790.71) lat (ms,95%): 25.74 err/s: 0.00 reconn/s: 0.00
[ 450s ] thds: 200 tps: 8472.29 qps: 169389.71 (r/w/o: 118553.50/33891.84/16944.37) lat (ms,95%): 24.83 err/s: 0.00 reconn/s: 0.00
[ 460s ] thds: 200 tps: 8483.10 qps: 169659.32 (r/w/o: 118746.24/33949.28/16963.79) lat (ms,95%): 24.83 err/s: 0.00 reconn/s: 0.00
[ 470s ] thds: 200 tps: 8554.00 qps: 171094.03 (r/w/o: 119784.22/34200.11/17109.70) lat (ms,95%): 24.38 err/s: 0.00 reconn/s: 0.00
[ 480s ] thds: 200 tps: 8578.50 qps: 171611.02 (r/w/o: 120134.54/34318.18/17158.29) lat (ms,95%): 24.38 err/s: 0.10 reconn/s: 0.00
[ 490s ] thds: 200 tps: 8326.40 qps: 166528.85 (r/w/o: 116577.33/33298.91/16652.60) lat (ms,95%): 27.17 err/s: 0.00 reconn/s: 0.00
[ 500s ] thds: 200 tps: 8244.40 qps: 164806.82 (r/w/o: 115339.71/32978.60/16488.50) lat (ms,95%): 27.66 err/s: 0.00 reconn/s: 0.00
[ 510s ] thds: 200 tps: 8205.68 qps: 164235.91 (r/w/o: 114996.76/32827.50/16411.65) lat (ms,95%): 28.16 err/s: 0.00 reconn/s: 0.00
[ 520s ] thds: 200 tps: 8461.79 qps: 169222.06 (r/w/o: 118451.60/33846.57/16923.89) lat (ms,95%): 24.83 err/s: 0.10 reconn/s: 0.00
[ 530s ] thds: 200 tps: 8506.65 qps: 170063.93 (r/w/o: 119013.45/34040.19/17010.29) lat (ms,95%): 24.83 err/s: 0.10 reconn/s: 0.00
[ 540s ] thds: 200 tps: 8511.09 qps: 170144.69 (r/w/o: 119092.92/34029.18/17022.59) lat (ms,95%): 24.83 err/s: 0.00 reconn/s: 0.00
[ 550s ] thds: 200 tps: 8462.87 qps: 169425.75 (r/w/o: 118631.72/33865.79/16928.24) lat (ms,95%): 24.83 err/s: 0.00 reconn/s: 0.00
[ 560s ] thds: 200 tps: 8403.22 qps: 168043.41 (r/w/o: 117639.89/33596.68/16806.84) lat (ms,95%): 25.74 err/s: 0.00 reconn/s: 0.00
[ 570s ] thds: 200 tps: 8235.91 qps: 164673.76 (r/w/o: 115260.68/32941.35/16471.73) lat (ms,95%): 27.66 err/s: 0.00 reconn/s: 0.00
[ 580s ] thds: 200 tps: 8236.42 qps: 164759.50 (r/w/o: 115339.61/32947.16/16472.73) lat (ms,95%): 27.66 err/s: 0.00 reconn/s: 0.00
[ 590s ] thds: 200 tps: 8485.37 qps: 169682.74 (r/w/o: 118762.31/33950.39/16970.04) lat (ms,95%): 24.83 err/s: 0.00 reconn/s: 0.00
[ 600s ] thds: 200 tps: 8539.64 qps: 170729.20 (r/w/o: 119490.89/34159.94/17078.37) lat (ms,95%): 24.38 err/s: 0.00 reconn/s: 0.00
[ 610s ] thds: 200 tps: 8435.21 qps: 168726.27 (r/w/o: 118109.12/33748.63/16868.52) lat (ms,95%): 24.83 err/s: 0.00 reconn/s: 0.00
[ 620s ] thds: 200 tps: 8456.25 qps: 169221.28 (r/w/o: 118480.16/33825.82/16915.31) lat (ms,95%): 24.83 err/s: 0.10 reconn/s: 0.00
[ 630s ] thds: 200 tps: 8375.05 qps: 167379.27 (r/w/o: 117147.88/33480.19/16751.20) lat (ms,95%): 25.74 err/s: 0.00 reconn/s: 0.00
[ 640s ] thds: 200 tps: 8219.69 qps: 164419.13 (r/w/o: 115101.81/32877.85/16439.47) lat (ms,95%): 27.66 err/s: 0.00 reconn/s: 0.00
[ 650s ] thds: 200 tps: 8195.60 qps: 164047.96 (r/w/o: 114853.44/32803.51/16391.01) lat (ms,95%): 27.66 err/s: 0.00 reconn/s: 0.00
[ 660s ] thds: 200 tps: 8419.59 qps: 168236.98 (r/w/o: 117740.11/33657.48/16839.39) lat (ms,95%): 25.28 err/s: 0.00 reconn/s: 0.00
[ 670s ] thds: 200 tps: 8418.99 qps: 168472.02 (r/w/o: 117953.50/33680.54/16837.97) lat (ms,95%): 25.28 err/s: 0.00 reconn/s: 0.00
[ 680s ] thds: 200 tps: 8416.31 qps: 168371.12 (r/w/o: 117851.75/33687.84/16831.52) lat (ms,95%): 25.28 err/s: 0.00 reconn/s: 0.00
[ 690s ] thds: 200 tps: 8457.57 qps: 169124.32 (r/w/o: 118388.69/33819.68/16915.94) lat (ms,95%): 24.83 err/s: 0.00 reconn/s: 0.00
[ 700s ] thds: 200 tps: 8333.82 qps: 166713.57 (r/w/o: 116707.43/33338.69/16667.45) lat (ms,95%): 25.74 err/s: 0.00 reconn/s: 0.00
[ 710s ] thds: 200 tps: 8196.79 qps: 163919.31 (r/w/o: 114747.90/32777.14/16394.27) lat (ms,95%): 27.66 err/s: 0.00 reconn/s: 0.00
[ 720s ] thds: 200 tps: 8218.07 qps: 164377.45 (r/w/o: 115057.21/32884.99/16435.24) lat (ms,95%): 27.66 err/s: 0.00 reconn/s: 0.00
[ 730s ] thds: 200 tps: 8372.32 qps: 167285.81 (r/w/o: 117069.02/33471.76/16745.03) lat (ms,95%): 25.74 err/s: 0.00 reconn/s: 0.00
[ 740s ] thds: 200 tps: 8309.93 qps: 166309.02 (r/w/o: 116428.97/33261.70/16618.35) lat (ms,95%): 26.20 err/s: 0.00 reconn/s: 0.00
[ 750s ] thds: 200 tps: 8358.21 qps: 167120.33 (r/w/o: 116990.46/33411.55/16718.32) lat (ms,95%): 26.20 err/s: 0.10 reconn/s: 0.00
[ 760s ] thds: 200 tps: 8365.16 qps: 167334.16 (r/w/o: 117147.21/33456.13/16730.82) lat (ms,95%): 25.74 err/s: 0.00 reconn/s: 0.00
[ 770s ] thds: 200 tps: 8313.01 qps: 166218.52 (r/w/o: 116341.86/33250.54/16626.12) lat (ms,95%): 25.74 err/s: 0.00 reconn/s: 0.00
[ 780s ] thds: 200 tps: 8295.20 qps: 165831.24 (r/w/o: 116059.73/33181.31/16590.20) lat (ms,95%): 26.20 err/s: 0.00 reconn/s: 0.00
[ 790s ] thds: 200 tps: 8187.70 qps: 163881.41 (r/w/o: 114725.84/32782.18/16373.39) lat (ms,95%): 27.66 err/s: 0.10 reconn/s: 0.00
[ 800s ] thds: 200 tps: 8382.49 qps: 167580.86 (r/w/o: 117298.13/33519.45/16763.28) lat (ms,95%): 25.74 err/s: 0.00 reconn/s: 0.00
[ 810s ] thds: 200 tps: 8436.41 qps: 168745.50 (r/w/o: 118123.77/33747.52/16874.21) lat (ms,95%): 24.83 err/s: 0.00 reconn/s: 0.00
[ 820s ] thds: 200 tps: 8408.31 qps: 168274.43 (r/w/o: 117822.29/33633.13/16819.01) lat (ms,95%): 25.28 err/s: 0.00 reconn/s: 0.00
[ 830s ] thds: 200 tps: 8417.77 qps: 168200.37 (r/w/o: 117716.43/33648.19/16835.75) lat (ms,95%): 25.28 err/s: 0.00 reconn/s: 0.00
[ 840s ] thds: 200 tps: 8276.83 qps: 165551.19 (r/w/o: 115887.48/33110.94/16552.77) lat (ms,95%): 25.74 err/s: 0.00 reconn/s: 0.00
SQL statistics:
    queries performed:
        read:                            98910014
        write:                           28259962
        other:                           14130016
        total:                           141299992
    transactions:                        7064987 (8407.32 per sec.)
    queries:                             141299992 (168146.63 per sec.)
    ignored errors:                      14     (0.02 per sec.)
    reconnects:                          0      (0.00 per sec.)

General statistics:
    total time:                          840.3370s
    total number of events:              7064987

Latency (ms):
         min:                                   21.62
         avg:                                   23.78
         max:                                  378.04
         95th percentile:                       25.28
         sum:                            168013328.81

Threads fairness:
    events (avg/stddev):           35324.9350/46.10
    execution time (avg/stddev):   840.0666/0.09

