sysbench 1.0.20-ebf1c90 (using bundled LuaJIT 2.1.0-beta2)

Running the test with following options:
Number of threads: 200
Report intermediate results every 10 second(s)
Initializing random number generator from current time


Initializing worker threads...

Threads started!

[ 10s ] thds: 200 tps: 6999.77 qps: 140183.76 (r/w/o: 98157.25/28008.48/14018.04) lat (ms,95%): 33.72 err/s: 0.00 reconn/s: 0.00
[ 20s ] thds: 200 tps: 8237.38 qps: 164728.50 (r/w/o: 115304.65/32948.60/16475.25) lat (ms,95%): 24.38 err/s: 0.00 reconn/s: 0.00
[ 30s ] thds: 200 tps: 8603.20 qps: 172064.78 (r/w/o: 120451.49/34406.90/17206.40) lat (ms,95%): 23.95 err/s: 0.00 reconn/s: 0.00
[ 40s ] thds: 200 tps: 8587.30 qps: 171743.54 (r/w/o: 120214.06/34354.49/17174.99) lat (ms,95%): 23.95 err/s: 0.00 reconn/s: 0.00
[ 50s ] thds: 200 tps: 8615.70 qps: 172291.94 (r/w/o: 120600.16/34461.19/17230.59) lat (ms,95%): 23.95 err/s: 0.00 reconn/s: 0.00
[ 60s ] thds: 200 tps: 8626.61 qps: 172550.82 (r/w/o: 120790.25/34506.54/17254.02) lat (ms,95%): 23.95 err/s: 0.10 reconn/s: 0.00
[ 70s ] thds: 200 tps: 8464.28 qps: 169309.28 (r/w/o: 118511.28/33874.54/16923.47) lat (ms,95%): 26.20 err/s: 0.00 reconn/s: 0.00
[ 80s ] thds: 200 tps: 8258.12 qps: 165147.08 (r/w/o: 115606.06/33021.68/16519.34) lat (ms,95%): 28.16 err/s: 0.00 reconn/s: 0.00
[ 90s ] thds: 200 tps: 8567.60 qps: 171423.34 (r/w/o: 120024.73/34260.71/17137.90) lat (ms,95%): 24.38 err/s: 0.00 reconn/s: 0.00
[ 100s ] thds: 200 tps: 8606.59 qps: 172109.03 (r/w/o: 120464.31/34431.85/17212.87) lat (ms,95%): 24.38 err/s: 0.00 reconn/s: 0.00
[ 110s ] thds: 200 tps: 8608.69 qps: 172131.01 (r/w/o: 120480.80/34432.44/17217.77) lat (ms,95%): 23.95 err/s: 0.10 reconn/s: 0.00
[ 120s ] thds: 200 tps: 8617.89 qps: 172368.57 (r/w/o: 120656.31/34477.87/17234.39) lat (ms,95%): 23.95 err/s: 0.00 reconn/s: 0.00
[ 130s ] thds: 200 tps: 8621.23 qps: 172418.64 (r/w/o: 120692.18/34483.01/17243.45) lat (ms,95%): 23.95 err/s: 0.00 reconn/s: 0.00
[ 140s ] thds: 200 tps: 8463.59 qps: 169314.58 (r/w/o: 118541.95/33844.76/16927.88) lat (ms,95%): 25.74 err/s: 0.00 reconn/s: 0.00
[ 150s ] thds: 200 tps: 8173.70 qps: 163506.78 (r/w/o: 114457.65/32701.52/16347.61) lat (ms,95%): 28.16 err/s: 0.10 reconn/s: 0.00
[ 160s ] thds: 200 tps: 8560.50 qps: 171250.56 (r/w/o: 119874.97/34254.89/17120.70) lat (ms,95%): 24.38 err/s: 0.00 reconn/s: 0.00
[ 170s ] thds: 200 tps: 8559.41 qps: 171175.82 (r/w/o: 119810.68/34246.62/17118.51) lat (ms,95%): 24.38 err/s: 0.00 reconn/s: 0.00
[ 180s ] thds: 200 tps: 8575.30 qps: 171382.26 (r/w/o: 119956.37/34274.69/17151.20) lat (ms,95%): 24.38 err/s: 0.00 reconn/s: 0.00
[ 190s ] thds: 200 tps: 8590.01 qps: 171774.98 (r/w/o: 120233.10/34362.16/17179.73) lat (ms,95%): 24.38 err/s: 0.00 reconn/s: 0.00
[ 200s ] thds: 200 tps: 8600.69 qps: 172064.35 (r/w/o: 120454.32/34409.25/17200.77) lat (ms,95%): 23.95 err/s: 0.10 reconn/s: 0.00
[ 210s ] thds: 200 tps: 8511.48 qps: 170350.34 (r/w/o: 119269.18/34057.21/17023.95) lat (ms,95%): 25.28 err/s: 0.00 reconn/s: 0.00
[ 220s ] thds: 200 tps: 8171.12 qps: 163389.44 (r/w/o: 114379.30/32667.59/16342.54) lat (ms,95%): 28.16 err/s: 0.00 reconn/s: 0.00
[ 230s ] thds: 200 tps: 8516.20 qps: 170198.49 (r/w/o: 119092.29/34076.20/17030.00) lat (ms,95%): 24.83 err/s: 0.00 reconn/s: 0.00
[ 240s ] thds: 200 tps: 8519.30 qps: 170371.56 (r/w/o: 119266.44/34065.51/17039.61) lat (ms,95%): 24.83 err/s: 0.00 reconn/s: 0.00
[ 250s ] thds: 200 tps: 8375.29 qps: 167643.58 (r/w/o: 117388.51/33503.68/16751.39) lat (ms,95%): 26.68 err/s: 0.00 reconn/s: 0.00
[ 260s ] thds: 200 tps: 8493.21 qps: 169711.36 (r/w/o: 118750.31/33976.23/16984.82) lat (ms,95%): 24.83 err/s: 0.00 reconn/s: 0.00
[ 270s ] thds: 200 tps: 8574.00 qps: 171579.12 (r/w/o: 120142.54/34286.78/17149.79) lat (ms,95%): 24.38 err/s: 0.00 reconn/s: 0.00
[ 280s ] thds: 200 tps: 8456.59 qps: 169055.39 (r/w/o: 118306.02/33837.78/16911.59) lat (ms,95%): 25.74 err/s: 0.00 reconn/s: 0.00
[ 290s ] thds: 200 tps: 8151.60 qps: 163129.98 (r/w/o: 114202.29/32623.90/16303.80) lat (ms,95%): 28.16 err/s: 0.00 reconn/s: 0.00
[ 300s ] thds: 200 tps: 8478.41 qps: 169478.75 (r/w/o: 118622.51/33902.13/16954.12) lat (ms,95%): 24.83 err/s: 0.10 reconn/s: 0.00
[ 310s ] thds: 200 tps: 8502.98 qps: 170178.57 (r/w/o: 119166.47/34001.93/17010.17) lat (ms,95%): 24.83 err/s: 0.00 reconn/s: 0.00
[ 320s ] thds: 200 tps: 8542.72 qps: 170884.30 (r/w/o: 119608.31/34191.46/17084.53) lat (ms,95%): 24.38 err/s: 0.00 reconn/s: 0.00
[ 330s ] thds: 200 tps: 8566.69 qps: 171233.82 (r/w/o: 119862.00/34237.44/17134.37) lat (ms,95%): 24.38 err/s: 0.00 reconn/s: 0.00
[ 340s ] thds: 200 tps: 8588.83 qps: 171713.01 (r/w/o: 120179.83/34355.42/17177.76) lat (ms,95%): 24.38 err/s: 0.00 reconn/s: 0.00
[ 350s ] thds: 200 tps: 8441.76 qps: 168991.72 (r/w/o: 118318.26/33790.54/16882.92) lat (ms,95%): 25.74 err/s: 0.10 reconn/s: 0.00
[ 360s ] thds: 200 tps: 8176.03 qps: 163414.03 (r/w/o: 114380.47/32680.41/16353.15) lat (ms,95%): 28.16 err/s: 0.00 reconn/s: 0.00
[ 370s ] thds: 200 tps: 8428.10 qps: 168497.20 (r/w/o: 117926.93/33714.48/16855.79) lat (ms,95%): 25.28 err/s: 0.00 reconn/s: 0.00
[ 380s ] thds: 200 tps: 8475.99 qps: 169656.96 (r/w/o: 118796.53/33908.65/16951.78) lat (ms,95%): 24.83 err/s: 0.00 reconn/s: 0.00
[ 390s ] thds: 200 tps: 8513.91 qps: 170283.30 (r/w/o: 119200.84/34054.04/17028.42) lat (ms,95%): 24.83 err/s: 0.00 reconn/s: 0.00
[ 400s ] thds: 200 tps: 8541.89 qps: 170743.39 (r/w/o: 119496.72/34163.28/17083.39) lat (ms,95%): 24.38 err/s: 0.00 reconn/s: 0.00
[ 410s ] thds: 200 tps: 8517.22 qps: 170390.90 (r/w/o: 119286.81/34069.16/17034.93) lat (ms,95%): 24.83 err/s: 0.00 reconn/s: 0.00
[ 420s ] thds: 200 tps: 8454.50 qps: 169027.12 (r/w/o: 118301.11/33817.30/16908.70) lat (ms,95%): 24.83 err/s: 0.00 reconn/s: 0.00
[ 430s ] thds: 200 tps: 8159.30 qps: 163138.93 (r/w/o: 114183.12/32637.11/16318.70) lat (ms,95%): 28.16 err/s: 0.00 reconn/s: 0.00
[ 440s ] thds: 200 tps: 8396.97 qps: 168064.10 (r/w/o: 117681.38/33588.08/16794.64) lat (ms,95%): 25.74 err/s: 0.10 reconn/s: 0.00
[ 450s ] thds: 200 tps: 8474.02 qps: 169403.12 (r/w/o: 118558.49/33896.88/16947.74) lat (ms,95%): 24.83 err/s: 0.00 reconn/s: 0.00
[ 460s ] thds: 200 tps: 8481.79 qps: 169700.43 (r/w/o: 118789.48/33950.77/16960.18) lat (ms,95%): 24.83 err/s: 0.00 reconn/s: 0.00
[ 470s ] thds: 200 tps: 8556.32 qps: 171096.77 (r/w/o: 119775.56/34205.37/17115.84) lat (ms,95%): 24.38 err/s: 0.00 reconn/s: 0.00
[ 480s ] thds: 200 tps: 8579.08 qps: 171629.15 (r/w/o: 120151.46/34319.13/17158.57) lat (ms,95%): 24.38 err/s: 0.10 reconn/s: 0.00
[ 490s ] thds: 200 tps: 8326.60 qps: 166586.14 (r/w/o: 116618.26/33314.29/16653.59) lat (ms,95%): 27.17 err/s: 0.00 reconn/s: 0.00
[ 500s ] thds: 200 tps: 8245.81 qps: 164763.68 (r/w/o: 115303.53/32969.24/16490.92) lat (ms,95%): 27.66 err/s: 0.00 reconn/s: 0.00
[ 510s ] thds: 200 tps: 8204.59 qps: 164211.01 (r/w/o: 114980.70/32820.34/16409.97) lat (ms,95%): 28.16 err/s: 0.00 reconn/s: 0.00
[ 520s ] thds: 200 tps: 8463.02 qps: 169245.74 (r/w/o: 118468.60/33851.39/16925.74) lat (ms,95%): 24.83 err/s: 0.00 reconn/s: 0.00
[ 530s ] thds: 200 tps: 8508.09 qps: 170127.48 (r/w/o: 119065.01/34048.88/17013.59) lat (ms,95%): 24.83 err/s: 0.00 reconn/s: 0.00
[ 540s ] thds: 200 tps: 8515.30 qps: 170220.72 (r/w/o: 119141.71/34047.40/17031.60) lat (ms,95%): 24.83 err/s: 0.10 reconn/s: 0.00
[ 550s ] thds: 200 tps: 8463.80 qps: 169417.95 (r/w/o: 118625.07/33863.69/16929.20) lat (ms,95%): 24.83 err/s: 0.00 reconn/s: 0.00
[ 560s ] thds: 200 tps: 8406.70 qps: 168122.91 (r/w/o: 117694.61/33614.50/16813.80) lat (ms,95%): 25.74 err/s: 0.00 reconn/s: 0.00
[ 570s ] thds: 200 tps: 8234.49 qps: 164653.18 (r/w/o: 115248.52/32935.68/16468.99) lat (ms,95%): 27.66 err/s: 0.00 reconn/s: 0.00
[ 580s ] thds: 200 tps: 8236.10 qps: 164745.30 (r/w/o: 115327.37/32945.42/16472.51) lat (ms,95%): 27.66 err/s: 0.10 reconn/s: 0.00
[ 590s ] thds: 200 tps: 8487.40 qps: 169765.25 (r/w/o: 118828.34/33963.21/16973.71) lat (ms,95%): 24.83 err/s: 0.00 reconn/s: 0.00
[ 600s ] thds: 200 tps: 8540.61 qps: 170715.42 (r/w/o: 119473.88/34161.02/17080.51) lat (ms,95%): 24.38 err/s: 0.00 reconn/s: 0.00
[ 610s ] thds: 200 tps: 8432.29 qps: 168757.02 (r/w/o: 118140.37/33750.16/16866.48) lat (ms,95%): 24.83 err/s: 0.10 reconn/s: 0.00
[ 620s ] thds: 200 tps: 8462.11 qps: 169226.91 (r/w/o: 118473.88/33829.32/16923.71) lat (ms,95%): 24.83 err/s: 0.00 reconn/s: 0.00
[ 630s ] thds: 200 tps: 8379.30 qps: 167469.80 (r/w/o: 117207.50/33503.10/16759.20) lat (ms,95%): 25.74 err/s: 0.00 reconn/s: 0.00
[ 640s ] thds: 200 tps: 8220.38 qps: 164455.84 (r/w/o: 115134.68/32880.31/16440.85) lat (ms,95%): 27.66 err/s: 0.00 reconn/s: 0.00
[ 650s ] thds: 200 tps: 8198.62 qps: 164104.40 (r/w/o: 114892.68/32814.08/16397.64) lat (ms,95%): 27.66 err/s: 0.10 reconn/s: 0.00
[ 660s ] thds: 200 tps: 8421.40 qps: 168267.86 (r/w/o: 117757.28/33668.09/16842.50) lat (ms,95%): 25.28 err/s: 0.00 reconn/s: 0.00
[ 670s ] thds: 200 tps: 8417.11 qps: 168442.91 (r/w/o: 117937.08/33671.32/16834.51) lat (ms,95%): 25.28 err/s: 0.00 reconn/s: 0.00
[ 680s ] thds: 200 tps: 8416.39 qps: 168379.63 (r/w/o: 117860.78/33686.57/16832.28) lat (ms,95%): 25.28 err/s: 0.10 reconn/s: 0.00
[ 690s ] thds: 200 tps: 8456.40 qps: 169102.76 (r/w/o: 118368.97/33820.99/16912.80) lat (ms,95%): 24.83 err/s: 0.00 reconn/s: 0.00
[ 700s ] thds: 200 tps: 8336.41 qps: 166742.55 (r/w/o: 116729.71/33339.33/16673.52) lat (ms,95%): 25.74 err/s: 0.00 reconn/s: 0.00
[ 710s ] thds: 200 tps: 8197.30 qps: 163944.39 (r/w/o: 114765.69/32783.70/16395.00) lat (ms,95%): 27.66 err/s: 0.00 reconn/s: 0.00
[ 720s ] thds: 200 tps: 8217.59 qps: 164367.81 (r/w/o: 115051.60/32881.44/16434.77) lat (ms,95%): 27.66 err/s: 0.00 reconn/s: 0.00
[ 730s ] thds: 200 tps: 8375.00 qps: 167312.47 (r/w/o: 117080.58/33483.39/16748.50) lat (ms,95%): 25.74 err/s: 0.00 reconn/s: 0.00
[ 740s ] thds: 200 tps: 8309.51 qps: 166319.47 (r/w/o: 116440.79/33259.35/16619.33) lat (ms,95%): 26.20 err/s: 0.30 reconn/s: 0.00
[ 750s ] thds: 200 tps: 8361.20 qps: 167197.22 (r/w/o: 117046.15/33426.78/16724.29) lat (ms,95%): 26.20 err/s: 0.00 reconn/s: 0.00
[ 760s ] thds: 200 tps: 8366.21 qps: 167360.22 (r/w/o: 117167.78/33460.02/16732.41) lat (ms,95%): 25.74 err/s: 0.00 reconn/s: 0.00
[ 770s ] thds: 200 tps: 8314.49 qps: 166244.65 (r/w/o: 116359.30/33256.17/16629.19) lat (ms,95%): 25.74 err/s: 0.00 reconn/s: 0.00
[ 780s ] thds: 200 tps: 8293.51 qps: 165777.39 (r/w/o: 116016.90/33173.56/16586.93) lat (ms,95%): 26.20 err/s: 0.00 reconn/s: 0.00
[ 790s ] thds: 200 tps: 8192.69 qps: 163937.76 (r/w/o: 114758.63/32796.35/16382.78) lat (ms,95%): 27.66 err/s: 0.00 reconn/s: 0.00
[ 800s ] thds: 200 tps: 8379.11 qps: 167602.64 (r/w/o: 117327.80/33516.23/16758.61) lat (ms,95%): 25.74 err/s: 0.00 reconn/s: 0.00
[ 810s ] thds: 200 tps: 8438.50 qps: 168761.27 (r/w/o: 118134.78/33749.99/16876.50) lat (ms,95%): 24.83 err/s: 0.00 reconn/s: 0.00
[ 820s ] thds: 200 tps: 8410.80 qps: 168310.74 (r/w/o: 117844.83/33641.41/16824.50) lat (ms,95%): 25.28 err/s: 0.00 reconn/s: 0.00
[ 830s ] thds: 200 tps: 8419.70 qps: 168305.56 (r/w/o: 117805.77/33660.09/16839.70) lat (ms,95%): 25.28 err/s: 0.00 reconn/s: 0.00
[ 840s ] thds: 200 tps: 8302.48 qps: 166116.29 (r/w/o: 116272.71/33241.02/16602.56) lat (ms,95%): 25.74 err/s: 0.00 reconn/s: 0.00
SQL statistics:
    queries performed:
        read:                            98917770
        write:                           28262163
        other:                           14131135
        total:                           141311068
    transactions:                        7065539 (8407.58 per sec.)
    queries:                             141311068 (168151.96 per sec.)
    ignored errors:                      16     (0.02 per sec.)
    reconnects:                          0      (0.00 per sec.)

General statistics:
    total time:                          840.3762s
    total number of events:              7065539

Latency (ms):
         min:                                   21.29
         avg:                                   23.78
         max:                                  375.74
         95th percentile:                       25.28
         sum:                            167996066.88

Threads fairness:
    events (avg/stddev):           35327.6950/45.93
    execution time (avg/stddev):   839.9803/0.06

