sysbench 1.0.20-ebf1c90 (using bundled LuaJIT 2.1.0-beta2)

Running the test with following options:
Number of threads: 200
Report intermediate results every 10 second(s)
Initializing random number generator from current time


Initializing worker threads...

Threads started!

[ 10s ] thds: 200 tps: 7101.14 qps: 142221.78 (r/w/o: 99586.14/28414.46/14221.18) lat (ms,95%): 32.53 err/s: 0.00 reconn/s: 0.00
[ 20s ] thds: 200 tps: 8325.88 qps: 166508.19 (r/w/o: 116553.01/33303.52/16651.66) lat (ms,95%): 23.95 err/s: 0.00 reconn/s: 0.00
[ 30s ] thds: 200 tps: 8701.48 qps: 174024.97 (r/w/o: 121814.30/34807.31/17403.36) lat (ms,95%): 23.52 err/s: 0.00 reconn/s: 0.00
[ 40s ] thds: 200 tps: 8674.49 qps: 173475.26 (r/w/o: 121431.30/34694.87/17349.09) lat (ms,95%): 23.52 err/s: 0.00 reconn/s: 0.00
[ 50s ] thds: 200 tps: 8699.02 qps: 173972.79 (r/w/o: 121781.27/34793.38/17398.14) lat (ms,95%): 23.52 err/s: 0.00 reconn/s: 0.00
[ 60s ] thds: 200 tps: 8704.71 qps: 174129.61 (r/w/o: 121893.35/34827.04/17409.22) lat (ms,95%): 23.52 err/s: 0.00 reconn/s: 0.00
[ 70s ] thds: 200 tps: 8598.14 qps: 171906.86 (r/w/o: 120330.20/34379.77/17196.89) lat (ms,95%): 25.28 err/s: 0.00 reconn/s: 0.00
[ 80s ] thds: 200 tps: 8544.13 qps: 170924.05 (r/w/o: 119652.26/34184.63/17087.17) lat (ms,95%): 25.74 err/s: 0.00 reconn/s: 0.00
[ 90s ] thds: 200 tps: 8696.39 qps: 173946.78 (r/w/o: 121767.65/34786.06/17393.08) lat (ms,95%): 23.52 err/s: 0.00 reconn/s: 0.00
[ 100s ] thds: 200 tps: 8698.92 qps: 173986.66 (r/w/o: 121789.56/34798.77/17398.34) lat (ms,95%): 23.52 err/s: 0.00 reconn/s: 0.00
[ 110s ] thds: 200 tps: 8699.49 qps: 173991.89 (r/w/o: 121795.22/34797.38/17399.29) lat (ms,95%): 23.52 err/s: 0.00 reconn/s: 0.00
[ 120s ] thds: 200 tps: 8695.08 qps: 173868.16 (r/w/o: 121700.09/34778.71/17389.36) lat (ms,95%): 23.52 err/s: 0.00 reconn/s: 0.00
[ 130s ] thds: 200 tps: 8693.83 qps: 173889.58 (r/w/o: 121726.61/34775.22/17387.76) lat (ms,95%): 23.52 err/s: 0.00 reconn/s: 0.00
[ 140s ] thds: 200 tps: 8669.32 qps: 173376.51 (r/w/o: 121364.12/34673.36/17339.03) lat (ms,95%): 23.95 err/s: 0.00 reconn/s: 0.00
[ 150s ] thds: 200 tps: 8492.67 qps: 169882.56 (r/w/o: 118925.82/33971.19/16985.55) lat (ms,95%): 25.74 err/s: 0.00 reconn/s: 0.00
[ 160s ] thds: 200 tps: 8693.32 qps: 173840.64 (r/w/o: 121681.94/34771.87/17386.83) lat (ms,95%): 23.52 err/s: 0.10 reconn/s: 0.00
[ 170s ] thds: 200 tps: 8696.19 qps: 173947.45 (r/w/o: 121764.80/34789.97/17392.69) lat (ms,95%): 23.52 err/s: 0.10 reconn/s: 0.00
[ 180s ] thds: 200 tps: 8679.71 qps: 173594.99 (r/w/o: 121519.74/34715.94/17359.32) lat (ms,95%): 23.95 err/s: 0.00 reconn/s: 0.00
[ 190s ] thds: 200 tps: 8693.60 qps: 173853.27 (r/w/o: 121689.78/34776.89/17386.60) lat (ms,95%): 23.52 err/s: 0.00 reconn/s: 0.00
[ 200s ] thds: 200 tps: 8694.00 qps: 173890.78 (r/w/o: 121726.76/34775.62/17388.41) lat (ms,95%): 23.52 err/s: 0.00 reconn/s: 0.00
[ 210s ] thds: 200 tps: 8677.88 qps: 173550.04 (r/w/o: 121483.45/34710.13/17356.46) lat (ms,95%): 23.95 err/s: 0.00 reconn/s: 0.00
[ 220s ] thds: 200 tps: 8512.73 qps: 170259.42 (r/w/o: 119186.97/34046.60/17025.85) lat (ms,95%): 25.74 err/s: 0.00 reconn/s: 0.00
[ 230s ] thds: 200 tps: 8650.88 qps: 173005.94 (r/w/o: 121094.35/34611.13/17300.46) lat (ms,95%): 23.95 err/s: 0.00 reconn/s: 0.00
[ 240s ] thds: 200 tps: 8602.02 qps: 172073.35 (r/w/o: 120464.44/34403.57/17205.34) lat (ms,95%): 24.83 err/s: 0.00 reconn/s: 0.00
[ 250s ] thds: 200 tps: 8643.89 qps: 172834.51 (r/w/o: 120970.87/34576.46/17287.18) lat (ms,95%): 24.38 err/s: 0.00 reconn/s: 0.00
[ 260s ] thds: 200 tps: 8688.70 qps: 173804.23 (r/w/o: 121666.25/34760.99/17376.99) lat (ms,95%): 23.52 err/s: 0.00 reconn/s: 0.00
[ 270s ] thds: 200 tps: 8693.50 qps: 173851.96 (r/w/o: 121696.17/34768.49/17387.30) lat (ms,95%): 23.52 err/s: 0.00 reconn/s: 0.00
[ 280s ] thds: 200 tps: 8681.80 qps: 173669.88 (r/w/o: 121578.66/34727.12/17364.11) lat (ms,95%): 23.52 err/s: 0.00 reconn/s: 0.00
[ 290s ] thds: 200 tps: 8484.97 qps: 169727.96 (r/w/o: 118812.72/33944.89/16970.35) lat (ms,95%): 25.74 err/s: 0.10 reconn/s: 0.00
[ 300s ] thds: 200 tps: 8677.03 qps: 173492.60 (r/w/o: 121436.82/34701.72/17354.06) lat (ms,95%): 23.95 err/s: 0.00 reconn/s: 0.00
[ 310s ] thds: 200 tps: 8685.49 qps: 173695.39 (r/w/o: 121580.32/34744.68/17370.39) lat (ms,95%): 23.52 err/s: 0.00 reconn/s: 0.00
[ 320s ] thds: 200 tps: 8678.00 qps: 173596.72 (r/w/o: 121523.45/34717.48/17355.79) lat (ms,95%): 23.95 err/s: 0.00 reconn/s: 0.00
[ 330s ] thds: 200 tps: 8682.07 qps: 173595.61 (r/w/o: 121510.62/34720.66/17364.33) lat (ms,95%): 23.52 err/s: 0.00 reconn/s: 0.00
[ 340s ] thds: 200 tps: 8680.93 qps: 173632.63 (r/w/o: 121545.47/34725.61/17361.55) lat (ms,95%): 23.52 err/s: 0.00 reconn/s: 0.00
[ 350s ] thds: 200 tps: 8675.61 qps: 173541.95 (r/w/o: 121488.20/34701.53/17352.21) lat (ms,95%): 23.52 err/s: 0.00 reconn/s: 0.00
[ 360s ] thds: 200 tps: 8478.21 qps: 169523.21 (r/w/o: 118656.35/33910.74/16956.12) lat (ms,95%): 26.20 err/s: 0.00 reconn/s: 0.00
[ 370s ] thds: 200 tps: 8651.40 qps: 173038.56 (r/w/o: 121128.74/34608.11/17301.71) lat (ms,95%): 23.95 err/s: 0.00 reconn/s: 0.00
[ 380s ] thds: 200 tps: 8678.37 qps: 173587.99 (r/w/o: 121515.58/34714.18/17358.24) lat (ms,95%): 23.52 err/s: 0.00 reconn/s: 0.00
[ 390s ] thds: 200 tps: 8672.30 qps: 173444.90 (r/w/o: 121410.47/34690.52/17343.91) lat (ms,95%): 23.95 err/s: 0.00 reconn/s: 0.00
[ 400s ] thds: 200 tps: 8670.72 qps: 173395.46 (r/w/o: 121373.02/34681.19/17341.25) lat (ms,95%): 23.95 err/s: 0.00 reconn/s: 0.00
[ 410s ] thds: 200 tps: 8681.40 qps: 173627.11 (r/w/o: 121540.63/34722.98/17363.49) lat (ms,95%): 23.52 err/s: 0.00 reconn/s: 0.00
[ 420s ] thds: 200 tps: 8668.13 qps: 173377.39 (r/w/o: 121362.39/34678.94/17336.07) lat (ms,95%): 23.95 err/s: 0.00 reconn/s: 0.00
[ 430s ] thds: 200 tps: 8501.96 qps: 170001.26 (r/w/o: 118997.51/34000.03/17003.72) lat (ms,95%): 25.74 err/s: 0.00 reconn/s: 0.00
[ 440s ] thds: 200 tps: 8649.30 qps: 173012.49 (r/w/o: 121109.79/34604.50/17298.20) lat (ms,95%): 23.95 err/s: 0.00 reconn/s: 0.00
[ 450s ] thds: 200 tps: 8677.60 qps: 173558.32 (r/w/o: 121492.62/34710.00/17355.70) lat (ms,95%): 23.52 err/s: 0.00 reconn/s: 0.00
[ 460s ] thds: 200 tps: 8668.86 qps: 173382.10 (r/w/o: 121371.71/34672.56/17337.83) lat (ms,95%): 23.95 err/s: 0.10 reconn/s: 0.00
[ 470s ] thds: 200 tps: 8652.33 qps: 173028.96 (r/w/o: 121112.67/34611.43/17304.87) lat (ms,95%): 23.95 err/s: 0.00 reconn/s: 0.00
[ 480s ] thds: 200 tps: 8588.62 qps: 171781.49 (r/w/o: 120253.57/34350.58/17177.34) lat (ms,95%): 24.83 err/s: 0.10 reconn/s: 0.00
[ 490s ] thds: 200 tps: 8629.05 qps: 172569.74 (r/w/o: 120796.83/34515.01/17257.90) lat (ms,95%): 24.38 err/s: 0.00 reconn/s: 0.00
[ 500s ] thds: 200 tps: 8514.33 qps: 170284.88 (r/w/o: 119190.91/34066.12/17027.86) lat (ms,95%): 25.74 err/s: 0.00 reconn/s: 0.00
[ 510s ] thds: 200 tps: 8635.81 qps: 172723.25 (r/w/o: 120910.91/34541.03/17271.32) lat (ms,95%): 23.95 err/s: 0.00 reconn/s: 0.00
[ 520s ] thds: 200 tps: 8675.71 qps: 173534.21 (r/w/o: 121481.18/34699.72/17353.31) lat (ms,95%): 23.95 err/s: 0.00 reconn/s: 0.00
[ 530s ] thds: 200 tps: 8666.17 qps: 173329.62 (r/w/o: 121330.39/34667.28/17331.94) lat (ms,95%): 23.52 err/s: 0.10 reconn/s: 0.00
[ 540s ] thds: 200 tps: 8664.03 qps: 173262.33 (r/w/o: 121282.67/34651.71/17327.95) lat (ms,95%): 23.95 err/s: 0.00 reconn/s: 0.00
[ 550s ] thds: 200 tps: 8668.48 qps: 173369.48 (r/w/o: 121357.81/34674.82/17336.86) lat (ms,95%): 23.52 err/s: 0.00 reconn/s: 0.00
[ 560s ] thds: 200 tps: 8667.42 qps: 173348.97 (r/w/o: 121340.73/34673.29/17334.95) lat (ms,95%): 23.52 err/s: 0.10 reconn/s: 0.00
[ 570s ] thds: 200 tps: 8488.69 qps: 169816.60 (r/w/o: 118889.66/33948.56/16978.38) lat (ms,95%): 25.74 err/s: 0.00 reconn/s: 0.00
[ 580s ] thds: 200 tps: 8638.52 qps: 172719.62 (r/w/o: 120888.63/34554.96/17276.03) lat (ms,95%): 23.95 err/s: 0.00 reconn/s: 0.00
[ 590s ] thds: 200 tps: 8666.09 qps: 173345.34 (r/w/o: 121349.08/34663.47/17332.78) lat (ms,95%): 23.52 err/s: 0.00 reconn/s: 0.00
[ 600s ] thds: 200 tps: 8660.89 qps: 173215.31 (r/w/o: 121245.50/34648.54/17321.27) lat (ms,95%): 23.95 err/s: 0.00 reconn/s: 0.00
[ 610s ] thds: 200 tps: 8657.41 qps: 173122.72 (r/w/o: 121178.75/34629.54/17314.42) lat (ms,95%): 23.95 err/s: 0.00 reconn/s: 0.00
[ 620s ] thds: 200 tps: 8664.11 qps: 173286.95 (r/w/o: 121305.48/34652.45/17329.03) lat (ms,95%): 23.52 err/s: 0.00 reconn/s: 0.00
[ 630s ] thds: 200 tps: 8657.18 qps: 173164.38 (r/w/o: 121218.77/34631.14/17314.47) lat (ms,95%): 23.95 err/s: 0.00 reconn/s: 0.00
[ 640s ] thds: 200 tps: 8495.17 qps: 169874.19 (r/w/o: 118895.84/33989.10/16989.25) lat (ms,95%): 25.74 err/s: 0.10 reconn/s: 0.00
[ 650s ] thds: 200 tps: 8629.32 qps: 172605.97 (r/w/o: 120836.13/34509.69/17260.15) lat (ms,95%): 23.95 err/s: 0.00 reconn/s: 0.00
[ 660s ] thds: 200 tps: 8666.40 qps: 173325.58 (r/w/o: 121328.39/34665.50/17331.70) lat (ms,95%): 23.52 err/s: 0.00 reconn/s: 0.00
[ 670s ] thds: 200 tps: 8655.39 qps: 173121.99 (r/w/o: 121188.25/34621.56/17312.18) lat (ms,95%): 23.95 err/s: 0.00 reconn/s: 0.00
[ 680s ] thds: 200 tps: 8661.83 qps: 173239.44 (r/w/o: 121269.38/34645.81/17324.25) lat (ms,95%): 23.52 err/s: 0.10 reconn/s: 0.00
[ 690s ] thds: 200 tps: 8661.78 qps: 173237.74 (r/w/o: 121265.08/34650.21/17322.45) lat (ms,95%): 23.95 err/s: 0.00 reconn/s: 0.00
[ 700s ] thds: 200 tps: 8640.30 qps: 172778.31 (r/w/o: 120941.51/34556.00/17280.80) lat (ms,95%): 23.95 err/s: 0.00 reconn/s: 0.00
[ 710s ] thds: 200 tps: 8552.20 qps: 171063.59 (r/w/o: 119751.97/34206.62/17105.01) lat (ms,95%): 25.28 err/s: 0.00 reconn/s: 0.00
[ 720s ] thds: 200 tps: 8426.00 qps: 168508.08 (r/w/o: 117951.09/33704.60/16852.40) lat (ms,95%): 26.68 err/s: 0.00 reconn/s: 0.00
[ 730s ] thds: 200 tps: 8663.20 qps: 173253.46 (r/w/o: 121271.24/34656.71/17325.51) lat (ms,95%): 23.52 err/s: 0.00 reconn/s: 0.00
[ 740s ] thds: 200 tps: 8651.19 qps: 173050.45 (r/w/o: 121140.32/34608.05/17302.07) lat (ms,95%): 23.95 err/s: 0.00 reconn/s: 0.00
[ 750s ] thds: 200 tps: 8657.68 qps: 173112.49 (r/w/o: 121172.28/34625.64/17314.57) lat (ms,95%): 23.95 err/s: 0.00 reconn/s: 0.00
[ 760s ] thds: 200 tps: 8653.22 qps: 173107.52 (r/w/o: 121182.82/34616.86/17307.83) lat (ms,95%): 23.95 err/s: 0.00 reconn/s: 0.00
[ 770s ] thds: 200 tps: 8651.52 qps: 173038.09 (r/w/o: 121132.57/34601.68/17303.84) lat (ms,95%): 23.95 err/s: 0.00 reconn/s: 0.00
[ 780s ] thds: 200 tps: 8559.71 qps: 171180.42 (r/w/o: 119819.98/34241.92/17118.51) lat (ms,95%): 25.28 err/s: 0.00 reconn/s: 0.00
[ 790s ] thds: 200 tps: 8500.08 qps: 170050.94 (r/w/o: 119046.75/34003.73/17000.46) lat (ms,95%): 25.74 err/s: 0.10 reconn/s: 0.00
[ 800s ] thds: 200 tps: 8662.81 qps: 173210.95 (r/w/o: 121239.51/34645.63/17325.82) lat (ms,95%): 23.52 err/s: 0.00 reconn/s: 0.00
[ 810s ] thds: 200 tps: 8652.11 qps: 173017.07 (r/w/o: 121101.12/34612.63/17303.32) lat (ms,95%): 23.95 err/s: 0.00 reconn/s: 0.00
[ 820s ] thds: 200 tps: 8650.49 qps: 173035.67 (r/w/o: 121130.34/34603.25/17302.08) lat (ms,95%): 23.52 err/s: 0.00 reconn/s: 0.00
[ 830s ] thds: 200 tps: 8656.51 qps: 173114.04 (r/w/o: 121179.40/34622.63/17312.01) lat (ms,95%): 23.52 err/s: 0.00 reconn/s: 0.00
[ 840s ] thds: 200 tps: 8645.29 qps: 172944.09 (r/w/o: 121069.32/34583.38/17291.39) lat (ms,95%): 23.95 err/s: 0.00 reconn/s: 0.00
SQL statistics:
    queries performed:
        read:                            101356360
        write:                           28958921
        other:                           14479499
        total:                           144794780
    transactions:                        7239730 (8615.05 per sec.)
    queries:                             144794780 (172301.24 per sec.)
    ignored errors:                      10     (0.01 per sec.)
    reconnects:                          0      (0.00 per sec.)

General statistics:
    total time:                          840.3573s
    total number of events:              7239730

Latency (ms):
         min:                                   21.39
         avg:                                   23.21
         max:                                  364.09
         95th percentile:                       23.95
         sum:                            167998251.34

Threads fairness:
    events (avg/stddev):           36198.6500/49.71
    execution time (avg/stddev):   839.9913/0.06

