sysbench 1.0.20-ebf1c90 (using bundled LuaJIT 2.1.0-beta2)

Running the test with following options:
Number of threads: 200
Report intermediate results every 10 second(s)
Initializing random number generator from current time


Initializing worker threads...

Threads started!

[ 10s ] thds: 200 tps: 7103.90 qps: 142251.95 (r/w/o: 99599.46/28425.29/14227.19) lat (ms,95%): 32.53 err/s: 0.00 reconn/s: 0.00
[ 20s ] thds: 200 tps: 8327.04 qps: 166546.45 (r/w/o: 116585.93/33307.15/16653.38) lat (ms,95%): 23.95 err/s: 0.00 reconn/s: 0.00
[ 30s ] thds: 200 tps: 8702.39 qps: 174072.06 (r/w/o: 121854.70/34811.97/17405.39) lat (ms,95%): 23.52 err/s: 0.00 reconn/s: 0.00
[ 40s ] thds: 200 tps: 8680.81 qps: 173580.33 (r/w/o: 121500.79/34718.03/17361.51) lat (ms,95%): 23.52 err/s: 0.00 reconn/s: 0.00
[ 50s ] thds: 200 tps: 8699.81 qps: 174018.85 (r/w/o: 121818.67/34800.65/17399.52) lat (ms,95%): 23.52 err/s: 0.00 reconn/s: 0.00
[ 60s ] thds: 200 tps: 8709.30 qps: 174162.91 (r/w/o: 121905.11/34838.90/17418.90) lat (ms,95%): 23.52 err/s: 0.00 reconn/s: 0.00
[ 70s ] thds: 200 tps: 8596.21 qps: 171933.61 (r/w/o: 120361.88/34378.52/17193.21) lat (ms,95%): 25.28 err/s: 0.00 reconn/s: 0.00
[ 80s ] thds: 200 tps: 8547.87 qps: 170954.02 (r/w/o: 119663.32/34196.06/17094.63) lat (ms,95%): 25.74 err/s: 0.00 reconn/s: 0.00
[ 90s ] thds: 200 tps: 8698.31 qps: 173996.64 (r/w/o: 121805.97/34794.25/17396.42) lat (ms,95%): 23.52 err/s: 0.00 reconn/s: 0.00
[ 100s ] thds: 200 tps: 8701.80 qps: 174017.56 (r/w/o: 121804.64/34809.31/17403.61) lat (ms,95%): 23.52 err/s: 0.00 reconn/s: 0.00
[ 110s ] thds: 200 tps: 8698.71 qps: 174002.43 (r/w/o: 121806.39/34798.53/17397.51) lat (ms,95%): 23.52 err/s: 0.00 reconn/s: 0.00
[ 120s ] thds: 200 tps: 8697.38 qps: 173917.00 (r/w/o: 121737.69/34784.64/17394.67) lat (ms,95%): 23.52 err/s: 0.00 reconn/s: 0.00
[ 130s ] thds: 200 tps: 8697.11 qps: 173946.43 (r/w/o: 121760.56/34791.55/17394.32) lat (ms,95%): 23.52 err/s: 0.00 reconn/s: 0.00
[ 140s ] thds: 200 tps: 8666.91 qps: 173342.67 (r/w/o: 121348.79/34658.85/17335.03) lat (ms,95%): 23.95 err/s: 0.00 reconn/s: 0.00
[ 150s ] thds: 200 tps: 8492.88 qps: 169879.21 (r/w/o: 118919.63/33974.52/16985.06) lat (ms,95%): 25.74 err/s: 0.00 reconn/s: 0.00
[ 160s ] thds: 200 tps: 8695.45 qps: 173878.07 (r/w/o: 121705.18/34781.99/17390.90) lat (ms,95%): 23.52 err/s: 0.00 reconn/s: 0.00
[ 170s ] thds: 200 tps: 8698.37 qps: 173990.01 (r/w/o: 121794.39/34799.08/17396.54) lat (ms,95%): 23.52 err/s: 0.00 reconn/s: 0.00
[ 180s ] thds: 200 tps: 8681.89 qps: 173647.39 (r/w/o: 121554.95/34728.26/17364.18) lat (ms,95%): 23.95 err/s: 0.00 reconn/s: 0.00
[ 190s ] thds: 200 tps: 8696.60 qps: 173899.06 (r/w/o: 121724.04/34782.21/17392.81) lat (ms,95%): 23.52 err/s: 0.00 reconn/s: 0.00
[ 200s ] thds: 200 tps: 8695.21 qps: 173932.63 (r/w/o: 121758.99/34782.43/17391.21) lat (ms,95%): 23.52 err/s: 0.00 reconn/s: 0.00
[ 210s ] thds: 200 tps: 8679.85 qps: 173575.79 (r/w/o: 121496.59/34719.50/17359.70) lat (ms,95%): 23.95 err/s: 0.00 reconn/s: 0.00
[ 220s ] thds: 200 tps: 8514.34 qps: 170310.20 (r/w/o: 119230.46/34050.56/17029.18) lat (ms,95%): 25.74 err/s: 0.00 reconn/s: 0.00
[ 230s ] thds: 200 tps: 8655.37 qps: 173072.36 (r/w/o: 121136.85/34625.47/17310.04) lat (ms,95%): 23.95 err/s: 0.10 reconn/s: 0.00
[ 240s ] thds: 200 tps: 8603.51 qps: 172113.34 (r/w/o: 120490.47/34415.45/17207.42) lat (ms,95%): 24.83 err/s: 0.00 reconn/s: 0.00
[ 250s ] thds: 200 tps: 8645.81 qps: 172881.41 (r/w/o: 121007.85/34582.14/17291.42) lat (ms,95%): 24.38 err/s: 0.00 reconn/s: 0.00
[ 260s ] thds: 200 tps: 8692.10 qps: 173842.76 (r/w/o: 121686.57/34772.29/17383.90) lat (ms,95%): 23.52 err/s: 0.00 reconn/s: 0.00
[ 270s ] thds: 200 tps: 8692.90 qps: 173874.33 (r/w/o: 121715.52/34772.61/17386.20) lat (ms,95%): 23.52 err/s: 0.00 reconn/s: 0.00
[ 280s ] thds: 200 tps: 8686.41 qps: 173735.73 (r/w/o: 121620.06/34742.55/17373.12) lat (ms,95%): 23.52 err/s: 0.10 reconn/s: 0.00
[ 290s ] thds: 200 tps: 8484.99 qps: 169736.03 (r/w/o: 118819.71/33946.45/16969.87) lat (ms,95%): 25.74 err/s: 0.00 reconn/s: 0.00
[ 300s ] thds: 200 tps: 8676.90 qps: 173505.43 (r/w/o: 121451.62/34699.71/17354.10) lat (ms,95%): 23.95 err/s: 0.00 reconn/s: 0.00
[ 310s ] thds: 200 tps: 8687.66 qps: 173719.10 (r/w/o: 121593.21/34750.46/17375.43) lat (ms,95%): 23.52 err/s: 0.00 reconn/s: 0.00
[ 320s ] thds: 200 tps: 8678.61 qps: 173611.40 (r/w/o: 121531.11/34722.96/17357.33) lat (ms,95%): 23.95 err/s: 0.10 reconn/s: 0.00
[ 330s ] thds: 200 tps: 8684.59 qps: 173651.99 (r/w/o: 121554.95/34728.26/17368.78) lat (ms,95%): 23.52 err/s: 0.00 reconn/s: 0.00
[ 340s ] thds: 200 tps: 8682.53 qps: 173674.05 (r/w/o: 121574.76/34734.43/17364.87) lat (ms,95%): 23.52 err/s: 0.00 reconn/s: 0.00
[ 350s ] thds: 200 tps: 8677.11 qps: 173560.62 (r/w/o: 121496.85/34708.94/17354.82) lat (ms,95%): 23.52 err/s: 0.00 reconn/s: 0.00
[ 360s ] thds: 200 tps: 8479.78 qps: 169564.31 (r/w/o: 118692.53/33912.02/16959.76) lat (ms,95%): 26.20 err/s: 0.00 reconn/s: 0.00
[ 370s ] thds: 200 tps: 8652.79 qps: 173069.52 (r/w/o: 121147.08/34617.06/17305.38) lat (ms,95%): 23.95 err/s: 0.00 reconn/s: 0.00
[ 380s ] thds: 200 tps: 8682.29 qps: 173628.06 (r/w/o: 121538.63/34725.55/17363.88) lat (ms,95%): 23.52 err/s: 0.00 reconn/s: 0.00
[ 390s ] thds: 200 tps: 8673.90 qps: 173494.05 (r/w/o: 121444.54/34701.61/17347.91) lat (ms,95%): 23.52 err/s: 0.00 reconn/s: 0.00
[ 400s ] thds: 200 tps: 8672.01 qps: 173419.14 (r/w/o: 121391.07/34683.55/17344.52) lat (ms,95%): 23.95 err/s: 0.00 reconn/s: 0.00
[ 410s ] thds: 200 tps: 8681.60 qps: 173639.82 (r/w/o: 121550.21/34726.60/17363.00) lat (ms,95%): 23.52 err/s: 0.00 reconn/s: 0.00
[ 420s ] thds: 200 tps: 8669.32 qps: 173395.11 (r/w/o: 121373.81/34683.46/17337.83) lat (ms,95%): 23.95 err/s: 0.00 reconn/s: 0.00
[ 430s ] thds: 200 tps: 8502.36 qps: 170036.21 (r/w/o: 119030.78/33999.42/17006.01) lat (ms,95%): 25.74 err/s: 0.00 reconn/s: 0.00
[ 440s ] thds: 200 tps: 8651.62 qps: 173040.61 (r/w/o: 121122.89/34615.18/17302.54) lat (ms,95%): 23.95 err/s: 0.10 reconn/s: 0.00
[ 450s ] thds: 200 tps: 8680.77 qps: 173595.25 (r/w/o: 121513.55/34720.77/17360.94) lat (ms,95%): 23.52 err/s: 0.00 reconn/s: 0.00
[ 460s ] thds: 200 tps: 8667.41 qps: 173395.47 (r/w/o: 121388.82/34670.83/17335.82) lat (ms,95%): 23.52 err/s: 0.00 reconn/s: 0.00
[ 470s ] thds: 200 tps: 8652.93 qps: 173055.91 (r/w/o: 121134.63/34614.82/17306.46) lat (ms,95%): 23.95 err/s: 0.00 reconn/s: 0.00
[ 480s ] thds: 200 tps: 8591.48 qps: 171821.32 (r/w/o: 120274.57/34363.70/17183.05) lat (ms,95%): 24.83 err/s: 0.00 reconn/s: 0.00
[ 490s ] thds: 200 tps: 8633.11 qps: 172639.08 (r/w/o: 120846.00/34527.26/17265.83) lat (ms,95%): 24.38 err/s: 0.00 reconn/s: 0.00
[ 500s ] thds: 200 tps: 8517.52 qps: 170322.25 (r/w/o: 119216.45/34071.07/17034.74) lat (ms,95%): 25.74 err/s: 0.00 reconn/s: 0.00
[ 510s ] thds: 200 tps: 8636.48 qps: 172754.24 (r/w/o: 120931.98/34549.91/17272.35) lat (ms,95%): 23.95 err/s: 0.10 reconn/s: 0.00
[ 520s ] thds: 200 tps: 8676.21 qps: 173553.13 (r/w/o: 121498.89/34700.33/17353.91) lat (ms,95%): 23.52 err/s: 0.00 reconn/s: 0.00
[ 530s ] thds: 200 tps: 8669.50 qps: 173367.94 (r/w/o: 121351.13/34678.11/17338.70) lat (ms,95%): 23.52 err/s: 0.00 reconn/s: 0.00
[ 540s ] thds: 200 tps: 8664.98 qps: 173301.10 (r/w/o: 121309.59/34662.14/17329.37) lat (ms,95%): 23.52 err/s: 0.00 reconn/s: 0.00
[ 550s ] thds: 200 tps: 8668.30 qps: 173389.28 (r/w/o: 121376.96/34674.92/17337.41) lat (ms,95%): 23.52 err/s: 0.00 reconn/s: 0.00
[ 560s ] thds: 200 tps: 8670.02 qps: 173386.59 (r/w/o: 121369.25/34677.70/17339.65) lat (ms,95%): 23.52 err/s: 0.00 reconn/s: 0.00
[ 570s ] thds: 200 tps: 8489.38 qps: 169826.14 (r/w/o: 118892.18/33954.21/16979.75) lat (ms,95%): 25.74 err/s: 0.00 reconn/s: 0.00
[ 580s ] thds: 200 tps: 8639.00 qps: 172753.31 (r/w/o: 120915.41/34560.40/17277.50) lat (ms,95%): 23.95 err/s: 0.00 reconn/s: 0.00
[ 590s ] thds: 200 tps: 8667.40 qps: 173350.08 (r/w/o: 121346.56/34668.72/17334.81) lat (ms,95%): 23.52 err/s: 0.00 reconn/s: 0.00
[ 600s ] thds: 200 tps: 8660.80 qps: 173209.21 (r/w/o: 121243.31/34644.50/17321.40) lat (ms,95%): 23.95 err/s: 0.00 reconn/s: 0.00
[ 610s ] thds: 200 tps: 8658.00 qps: 173158.35 (r/w/o: 121209.76/34632.69/17315.89) lat (ms,95%): 23.95 err/s: 0.00 reconn/s: 0.00
[ 620s ] thds: 200 tps: 8665.90 qps: 173323.25 (r/w/o: 121330.87/34660.09/17332.30) lat (ms,95%): 23.52 err/s: 0.00 reconn/s: 0.00
[ 630s ] thds: 200 tps: 8660.81 qps: 173212.97 (r/w/o: 121244.49/34646.96/17321.53) lat (ms,95%): 23.95 err/s: 0.10 reconn/s: 0.00
[ 640s ] thds: 200 tps: 8497.98 qps: 169922.88 (r/w/o: 118937.11/33990.22/16995.56) lat (ms,95%): 25.74 err/s: 0.00 reconn/s: 0.00
[ 650s ] thds: 200 tps: 8628.92 qps: 172614.22 (r/w/o: 120842.12/34513.76/17258.33) lat (ms,95%): 23.95 err/s: 0.00 reconn/s: 0.00
[ 660s ] thds: 200 tps: 8666.69 qps: 173337.94 (r/w/o: 121338.52/34666.15/17333.27) lat (ms,95%): 23.52 err/s: 0.00 reconn/s: 0.00
[ 670s ] thds: 200 tps: 8658.10 qps: 173152.60 (r/w/o: 121207.10/34629.30/17316.20) lat (ms,95%): 23.52 err/s: 0.00 reconn/s: 0.00
[ 680s ] thds: 200 tps: 8661.71 qps: 173253.29 (r/w/o: 121275.80/34654.16/17323.33) lat (ms,95%): 23.52 err/s: 0.00 reconn/s: 0.00
[ 690s ] thds: 200 tps: 8663.59 qps: 173274.84 (r/w/o: 121294.29/34653.17/17327.38) lat (ms,95%): 23.52 err/s: 0.00 reconn/s: 0.00
[ 700s ] thds: 200 tps: 8640.60 qps: 172796.28 (r/w/o: 120955.49/34559.50/17281.30) lat (ms,95%): 23.95 err/s: 0.10 reconn/s: 0.00
[ 710s ] thds: 200 tps: 8553.97 qps: 171095.08 (r/w/o: 119775.23/34211.50/17108.35) lat (ms,95%): 25.28 err/s: 0.00 reconn/s: 0.00
[ 720s ] thds: 200 tps: 8425.81 qps: 168509.60 (r/w/o: 117951.37/33706.92/16851.31) lat (ms,95%): 26.68 err/s: 0.10 reconn/s: 0.00
[ 730s ] thds: 200 tps: 8666.34 qps: 173314.01 (r/w/o: 121312.80/34668.44/17332.77) lat (ms,95%): 23.52 err/s: 0.00 reconn/s: 0.00
[ 740s ] thds: 200 tps: 8652.28 qps: 173058.91 (r/w/o: 121142.05/34612.60/17304.25) lat (ms,95%): 23.95 err/s: 0.00 reconn/s: 0.00
[ 750s ] thds: 200 tps: 8658.32 qps: 173129.95 (r/w/o: 121187.91/34625.69/17316.34) lat (ms,95%): 23.52 err/s: 0.00 reconn/s: 0.00
[ 760s ] thds: 200 tps: 8655.69 qps: 173131.15 (r/w/o: 121194.22/34625.55/17311.37) lat (ms,95%): 23.95 err/s: 0.00 reconn/s: 0.00
[ 770s ] thds: 200 tps: 8652.50 qps: 173090.33 (r/w/o: 121174.12/34609.71/17306.50) lat (ms,95%): 23.95 err/s: 0.10 reconn/s: 0.00
[ 780s ] thds: 200 tps: 8562.22 qps: 171215.09 (r/w/o: 119839.37/34252.08/17123.64) lat (ms,95%): 25.28 err/s: 0.00 reconn/s: 0.00
[ 790s ] thds: 200 tps: 8501.65 qps: 170075.46 (r/w/o: 119061.14/34011.31/17003.01) lat (ms,95%): 25.74 err/s: 0.00 reconn/s: 0.00
[ 800s ] thds: 200 tps: 8664.13 qps: 173245.85 (r/w/o: 121267.15/34650.13/17328.56) lat (ms,95%): 23.52 err/s: 0.00 reconn/s: 0.00
[ 810s ] thds: 200 tps: 8654.31 qps: 173053.23 (r/w/o: 121128.79/34615.73/17308.71) lat (ms,95%): 23.95 err/s: 0.00 reconn/s: 0.00
[ 820s ] thds: 200 tps: 8653.92 qps: 173083.07 (r/w/o: 121158.66/34617.17/17307.24) lat (ms,95%): 23.52 err/s: 0.00 reconn/s: 0.00
[ 830s ] thds: 200 tps: 8654.85 qps: 173130.17 (r/w/o: 121197.75/34621.21/17311.21) lat (ms,95%): 23.52 err/s: 0.00 reconn/s: 0.00
[ 840s ] thds: 200 tps: 8647.26 qps: 172962.69 (r/w/o: 121075.31/34593.46/17293.93) lat (ms,95%): 23.95 err/s: 0.00 reconn/s: 0.00
SQL statistics:
    queries performed:
        read:                            101375190
        write:                           28964305
        other:                           14482187
        total:                           144821682
    transactions:                        7241076 (8616.68 per sec.)
    queries:                             144821682 (172333.75 per sec.)
    ignored errors:                      9      (0.01 per sec.)
    reconnects:                          0      (0.00 per sec.)

General statistics:
    total time:                          840.3549s
    total number of events:              7241076

Latency (ms):
         min:                                   21.38
         avg:                                   23.20
         max:                                  357.85
         95th percentile:                       23.95
         sum:                            168002553.87

Threads fairness:
    events (avg/stddev):           36205.3800/56.80
    execution time (avg/stddev):   840.0128/0.08

