sysbench 1.0.20-ebf1c90 (using bundled LuaJIT 2.1.0-beta2)

Running the test with following options:
Number of threads: 200
Report intermediate results every 10 second(s)
Initializing random number generator from current time


Initializing worker threads...

Threads started!

[ 10s ] thds: 200 tps: 7100.39 qps: 142205.41 (r/w/o: 99571.29/28414.25/14219.87) lat (ms,95%): 32.53 err/s: 0.00 reconn/s: 0.00
[ 20s ] thds: 200 tps: 8325.82 qps: 166497.87 (r/w/o: 116546.33/33300.49/16651.05) lat (ms,95%): 23.95 err/s: 0.00 reconn/s: 0.00
[ 30s ] thds: 200 tps: 8700.52 qps: 174026.53 (r/w/o: 121823.30/34801.29/17401.94) lat (ms,95%): 23.52 err/s: 0.00 reconn/s: 0.00
[ 40s ] thds: 200 tps: 8676.29 qps: 173506.80 (r/w/o: 121451.26/34702.56/17352.98) lat (ms,95%): 23.52 err/s: 0.00 reconn/s: 0.00
[ 50s ] thds: 200 tps: 8699.21 qps: 173985.00 (r/w/o: 121790.94/34796.04/17398.02) lat (ms,95%): 23.52 err/s: 0.00 reconn/s: 0.00
[ 60s ] thds: 200 tps: 8706.40 qps: 174124.24 (r/w/o: 121882.16/34829.19/17412.89) lat (ms,95%): 23.52 err/s: 0.00 reconn/s: 0.00
[ 70s ] thds: 200 tps: 8594.10 qps: 171893.76 (r/w/o: 120336.04/34368.71/17189.01) lat (ms,95%): 25.28 err/s: 0.00 reconn/s: 0.00
[ 80s ] thds: 200 tps: 8545.60 qps: 170908.57 (r/w/o: 119631.18/34187.09/17090.30) lat (ms,95%): 25.74 err/s: 0.00 reconn/s: 0.00
[ 90s ] thds: 200 tps: 8697.80 qps: 173969.03 (r/w/o: 121778.52/34794.91/17395.60) lat (ms,95%): 23.52 err/s: 0.00 reconn/s: 0.00
[ 100s ] thds: 200 tps: 8699.15 qps: 173990.43 (r/w/o: 121794.95/34797.39/17398.09) lat (ms,95%): 23.52 err/s: 0.00 reconn/s: 0.00
[ 110s ] thds: 200 tps: 8697.95 qps: 173974.75 (r/w/o: 121785.16/34793.49/17396.09) lat (ms,95%): 23.52 err/s: 0.00 reconn/s: 0.00
[ 120s ] thds: 200 tps: 8694.61 qps: 173863.31 (r/w/o: 121700.08/34773.32/17389.91) lat (ms,95%): 23.52 err/s: 0.00 reconn/s: 0.00
[ 130s ] thds: 200 tps: 8694.70 qps: 173903.56 (r/w/o: 121730.67/34784.29/17388.60) lat (ms,95%): 23.52 err/s: 0.00 reconn/s: 0.00
[ 140s ] thds: 200 tps: 8669.40 qps: 173382.19 (r/w/o: 121371.19/34671.50/17339.50) lat (ms,95%): 23.95 err/s: 0.00 reconn/s: 0.00
[ 150s ] thds: 200 tps: 8490.89 qps: 169846.66 (r/w/o: 118898.63/33966.35/16981.68) lat (ms,95%): 25.74 err/s: 0.00 reconn/s: 0.00
[ 160s ] thds: 200 tps: 8694.01 qps: 173845.93 (r/w/o: 121683.39/34774.63/17387.91) lat (ms,95%): 23.52 err/s: 0.00 reconn/s: 0.00
[ 170s ] thds: 200 tps: 8696.11 qps: 173940.74 (r/w/o: 121763.00/34785.63/17392.11) lat (ms,95%): 23.52 err/s: 0.00 reconn/s: 0.00
[ 180s ] thds: 200 tps: 8679.40 qps: 173598.07 (r/w/o: 121517.98/34720.99/17359.10) lat (ms,95%): 23.95 err/s: 0.00 reconn/s: 0.00
[ 190s ] thds: 200 tps: 8693.39 qps: 173847.86 (r/w/o: 121689.43/34771.85/17386.58) lat (ms,95%): 23.52 err/s: 0.00 reconn/s: 0.00
[ 200s ] thds: 200 tps: 8694.11 qps: 173872.36 (r/w/o: 121712.18/34772.45/17387.73) lat (ms,95%): 23.52 err/s: 0.00 reconn/s: 0.00
[ 210s ] thds: 200 tps: 8677.57 qps: 173541.24 (r/w/o: 121475.44/34710.17/17355.63) lat (ms,95%): 23.95 err/s: 0.00 reconn/s: 0.00
[ 220s ] thds: 200 tps: 8511.43 qps: 170268.45 (r/w/o: 119201.55/34043.83/17023.06) lat (ms,95%): 25.74 err/s: 0.00 reconn/s: 0.00
[ 230s ] thds: 200 tps: 8654.66 qps: 173055.45 (r/w/o: 121127.38/34619.25/17308.83) lat (ms,95%): 23.95 err/s: 0.00 reconn/s: 0.00
[ 240s ] thds: 200 tps: 8599.22 qps: 172048.52 (r/w/o: 120444.52/34405.06/17198.93) lat (ms,95%): 24.83 err/s: 0.00 reconn/s: 0.00
[ 250s ] thds: 200 tps: 8644.81 qps: 172831.53 (r/w/o: 120968.59/34573.53/17289.41) lat (ms,95%): 24.38 err/s: 0.00 reconn/s: 0.00
[ 260s ] thds: 200 tps: 8689.22 qps: 173807.20 (r/w/o: 121669.41/34759.66/17378.13) lat (ms,95%): 23.52 err/s: 0.10 reconn/s: 0.00
[ 270s ] thds: 200 tps: 8691.60 qps: 173838.29 (r/w/o: 121689.39/34765.10/17383.80) lat (ms,95%): 23.52 err/s: 0.00 reconn/s: 0.00
[ 280s ] thds: 200 tps: 8683.50 qps: 173680.44 (r/w/o: 121580.92/34732.31/17367.20) lat (ms,95%): 23.52 err/s: 0.00 reconn/s: 0.00
[ 290s ] thds: 200 tps: 8484.79 qps: 169712.52 (r/w/o: 118794.51/33949.54/16968.47) lat (ms,95%): 25.74 err/s: 0.00 reconn/s: 0.00
[ 300s ] thds: 200 tps: 8675.08 qps: 173468.94 (r/w/o: 121424.88/34693.31/17350.75) lat (ms,95%): 23.95 err/s: 0.00 reconn/s: 0.00
[ 310s ] thds: 200 tps: 8685.42 qps: 173670.64 (r/w/o: 121563.04/34736.47/17371.13) lat (ms,95%): 23.52 err/s: 0.10 reconn/s: 0.00
[ 320s ] thds: 200 tps: 8677.22 qps: 173602.77 (r/w/o: 121528.36/34720.57/17353.84) lat (ms,95%): 23.52 err/s: 0.00 reconn/s: 0.00
[ 330s ] thds: 200 tps: 8680.90 qps: 173576.20 (r/w/o: 121500.70/34712.70/17362.80) lat (ms,95%): 23.52 err/s: 0.00 reconn/s: 0.00
[ 340s ] thds: 200 tps: 8680.99 qps: 173632.80 (r/w/o: 121544.13/34727.38/17361.29) lat (ms,95%): 23.52 err/s: 0.00 reconn/s: 0.00
[ 350s ] thds: 200 tps: 8673.21 qps: 173504.41 (r/w/o: 121464.18/34693.22/17347.01) lat (ms,95%): 23.52 err/s: 0.00 reconn/s: 0.00
[ 360s ] thds: 200 tps: 8476.85 qps: 169498.98 (r/w/o: 118643.76/33901.42/16953.81) lat (ms,95%): 26.20 err/s: 0.00 reconn/s: 0.00
[ 370s ] thds: 200 tps: 8650.45 qps: 173005.70 (r/w/o: 121099.93/34605.18/17300.59) lat (ms,95%): 23.95 err/s: 0.00 reconn/s: 0.00
[ 380s ] thds: 200 tps: 8678.90 qps: 173585.85 (r/w/o: 121511.34/34717.11/17357.41) lat (ms,95%): 23.52 err/s: 0.00 reconn/s: 0.00
[ 390s ] thds: 200 tps: 8672.68 qps: 173437.01 (r/w/o: 121400.12/34691.42/17345.46) lat (ms,95%): 23.95 err/s: 0.00 reconn/s: 0.00
[ 400s ] thds: 200 tps: 8668.30 qps: 173373.02 (r/w/o: 121362.74/34673.28/17336.99) lat (ms,95%): 23.95 err/s: 0.00 reconn/s: 0.00
[ 410s ] thds: 200 tps: 8681.22 qps: 173624.65 (r/w/o: 121538.72/34724.09/17361.85) lat (ms,95%): 23.52 err/s: 0.00 reconn/s: 0.00
[ 420s ] thds: 200 tps: 8668.30 qps: 173372.97 (r/w/o: 121357.88/34678.39/17336.70) lat (ms,95%): 23.95 err/s: 0.00 reconn/s: 0.00
[ 430s ] thds: 200 tps: 8500.99 qps: 170007.85 (r/w/o: 119013.02/33991.75/17003.07) lat (ms,95%): 25.74 err/s: 0.00 reconn/s: 0.00
[ 440s ] thds: 200 tps: 8650.38 qps: 172988.53 (r/w/o: 121081.77/34606.51/17300.25) lat (ms,95%): 23.95 err/s: 0.00 reconn/s: 0.00
[ 450s ] thds: 200 tps: 8677.44 qps: 173562.84 (r/w/o: 121498.12/34710.15/17354.57) lat (ms,95%): 23.52 err/s: 0.00 reconn/s: 0.00
[ 460s ] thds: 200 tps: 8665.50 qps: 173351.08 (r/w/o: 121352.69/34667.20/17331.20) lat (ms,95%): 23.52 err/s: 0.00 reconn/s: 0.00
[ 470s ] thds: 200 tps: 8651.90 qps: 172998.84 (r/w/o: 121091.06/34603.69/17304.09) lat (ms,95%): 23.95 err/s: 0.00 reconn/s: 0.00
[ 480s ] thds: 200 tps: 8587.00 qps: 171781.10 (r/w/o: 120254.87/34351.92/17174.31) lat (ms,95%): 24.83 err/s: 0.00 reconn/s: 0.00
[ 490s ] thds: 200 tps: 8630.69 qps: 172578.57 (r/w/o: 120801.21/34516.57/17260.79) lat (ms,95%): 24.38 err/s: 0.00 reconn/s: 0.00
[ 500s ] thds: 200 tps: 8517.11 qps: 170304.00 (r/w/o: 119200.47/34069.82/17033.71) lat (ms,95%): 25.74 err/s: 0.00 reconn/s: 0.00
[ 510s ] thds: 200 tps: 8634.98 qps: 172710.67 (r/w/o: 120899.57/34541.73/17269.37) lat (ms,95%): 23.95 err/s: 0.00 reconn/s: 0.00
[ 520s ] thds: 200 tps: 8673.10 qps: 173502.78 (r/w/o: 121462.85/34692.52/17347.41) lat (ms,95%): 23.95 err/s: 0.00 reconn/s: 0.00
[ 530s ] thds: 200 tps: 8666.51 qps: 173324.74 (r/w/o: 121326.07/34665.65/17333.02) lat (ms,95%): 23.52 err/s: 0.00 reconn/s: 0.00
[ 540s ] thds: 200 tps: 8663.60 qps: 173273.62 (r/w/o: 121293.21/34653.30/17327.10) lat (ms,95%): 23.52 err/s: 0.00 reconn/s: 0.00
[ 550s ] thds: 200 tps: 8665.79 qps: 173339.58 (r/w/o: 121338.25/34669.06/17332.28) lat (ms,95%): 23.52 err/s: 0.00 reconn/s: 0.00
[ 560s ] thds: 200 tps: 8669.90 qps: 173353.09 (r/w/o: 121340.59/34673.00/17339.50) lat (ms,95%): 23.52 err/s: 0.00 reconn/s: 0.00
[ 570s ] thds: 200 tps: 8486.81 qps: 169801.47 (r/w/o: 118879.49/33947.75/16974.23) lat (ms,95%): 25.74 err/s: 0.00 reconn/s: 0.00
[ 580s ] thds: 200 tps: 8637.00 qps: 172713.27 (r/w/o: 120890.28/34549.09/17273.90) lat (ms,95%): 23.95 err/s: 0.00 reconn/s: 0.00
[ 590s ] thds: 200 tps: 8666.27 qps: 173327.96 (r/w/o: 121330.35/34665.57/17332.04) lat (ms,95%): 23.52 err/s: 0.00 reconn/s: 0.00
[ 600s ] thds: 200 tps: 8658.73 qps: 173169.34 (r/w/o: 121214.48/34637.31/17317.55) lat (ms,95%): 23.95 err/s: 0.00 reconn/s: 0.00
[ 610s ] thds: 200 tps: 8656.90 qps: 173106.08 (r/w/o: 121165.86/34626.52/17313.71) lat (ms,95%): 23.95 err/s: 0.00 reconn/s: 0.00
[ 620s ] thds: 200 tps: 8661.57 qps: 173274.71 (r/w/o: 121306.59/34644.78/17323.34) lat (ms,95%): 23.52 err/s: 0.00 reconn/s: 0.00
[ 630s ] thds: 200 tps: 8660.13 qps: 173164.26 (r/w/o: 121205.79/34639.01/17319.46) lat (ms,95%): 23.95 err/s: 0.00 reconn/s: 0.00
[ 640s ] thds: 200 tps: 8494.90 qps: 169868.03 (r/w/o: 118897.45/33980.69/16989.89) lat (ms,95%): 25.74 err/s: 0.00 reconn/s: 0.00
[ 650s ] thds: 200 tps: 8625.70 qps: 172559.83 (r/w/o: 120803.65/34504.39/17251.79) lat (ms,95%): 23.95 err/s: 0.00 reconn/s: 0.00
[ 660s ] thds: 200 tps: 8666.76 qps: 173324.20 (r/w/o: 121327.34/34663.74/17333.12) lat (ms,95%): 23.52 err/s: 0.00 reconn/s: 0.00
[ 670s ] thds: 200 tps: 8655.04 qps: 173110.20 (r/w/o: 121180.26/34619.36/17310.58) lat (ms,95%): 23.52 err/s: 0.00 reconn/s: 0.00
[ 680s ] thds: 200 tps: 8659.78 qps: 173194.58 (r/w/o: 121233.58/34641.84/17319.17) lat (ms,95%): 23.52 err/s: 0.00 reconn/s: 0.00
[ 690s ] thds: 200 tps: 8660.13 qps: 173211.11 (r/w/o: 121250.36/34639.90/17320.85) lat (ms,95%): 23.52 err/s: 0.00 reconn/s: 0.00
[ 700s ] thds: 200 tps: 8639.69 qps: 172771.57 (r/w/o: 120936.04/34556.35/17279.18) lat (ms,95%): 23.95 err/s: 0.00 reconn/s: 0.00
[ 710s ] thds: 200 tps: 8550.31 qps: 171040.02 (r/w/o: 119737.85/34201.04/17101.12) lat (ms,95%): 25.28 err/s: 0.00 reconn/s: 0.00
[ 720s ] thds: 200 tps: 8425.09 qps: 168499.39 (r/w/o: 117946.95/33702.46/16849.98) lat (ms,95%): 26.68 err/s: 0.00 reconn/s: 0.00
[ 730s ] thds: 200 tps: 8663.58 qps: 173243.67 (r/w/o: 121264.87/34652.03/17326.77) lat (ms,95%): 23.52 err/s: 0.00 reconn/s: 0.00
[ 740s ] thds: 200 tps: 8649.57 qps: 173009.93 (r/w/o: 121106.20/34604.89/17298.84) lat (ms,95%): 23.95 err/s: 0.00 reconn/s: 0.00
[ 750s ] thds: 200 tps: 8656.65 qps: 173095.44 (r/w/o: 121160.33/34621.31/17313.80) lat (ms,95%): 23.52 err/s: 0.00 reconn/s: 0.00
[ 760s ] thds: 200 tps: 8652.39 qps: 173068.89 (r/w/o: 121153.42/34610.88/17304.59) lat (ms,95%): 23.95 err/s: 0.00 reconn/s: 0.00
[ 770s ] thds: 200 tps: 8650.47 qps: 173034.83 (r/w/o: 121132.73/34600.97/17301.13) lat (ms,95%): 23.95 err/s: 0.00 reconn/s: 0.00
[ 780s ] thds: 200 tps: 8559.54 qps: 171180.38 (r/w/o: 119818.12/34243.28/17118.99) lat (ms,95%): 25.28 err/s: 0.00 reconn/s: 0.00
[ 790s ] thds: 200 tps: 8498.47 qps: 170011.17 (r/w/o: 119014.26/34000.17/16996.74) lat (ms,95%): 25.74 err/s: 0.00 reconn/s: 0.00
[ 800s ] thds: 200 tps: 8662.13 qps: 173201.84 (r/w/o: 121239.45/34637.83/17324.56) lat (ms,95%): 23.52 err/s: 0.00 reconn/s: 0.00
[ 810s ] thds: 200 tps: 8650.50 qps: 172987.28 (r/w/o: 121084.19/34601.90/17301.20) lat (ms,95%): 23.95 err/s: 0.00 reconn/s: 0.00
[ 820s ] thds: 200 tps: 8650.70 qps: 173011.05 (r/w/o: 121108.47/34601.69/17300.90) lat (ms,95%): 23.52 err/s: 0.00 reconn/s: 0.00
[ 830s ] thds: 200 tps: 8653.40 qps: 173085.84 (r/w/o: 121163.13/34615.61/17307.10) lat (ms,95%): 23.52 err/s: 0.00 reconn/s: 0.00
[ 840s ] thds: 200 tps: 8644.40 qps: 172906.51 (r/w/o: 121035.14/34582.88/17288.49) lat (ms,95%): 23.95 err/s: 0.00 reconn/s: 0.00
SQL statistics:
    queries performed:
        read:                            101349990
        write:                           28957120
        other:                           14478586
        total:                           144785696
    transactions:                        7239283 (8614.49 per sec.)
    queries:                             144785696 (172289.94 per sec.)
    ignored errors:                      2      (0.00 per sec.)
    reconnects:                          0      (0.00 per sec.)

General statistics:
    total time:                          840.3597s
    total number of events:              7239283

Latency (ms):
         min:                                   21.44
         avg:                                   23.21
         max:                                  368.39
         95th percentile:                       23.95
         sum:                            168003100.69

Threads fairness:
    events (avg/stddev):           36196.4150/58.09
    execution time (avg/stddev):   840.0155/0.08

