sysbench 1.0.20-ebf1c90 (using bundled LuaJIT 2.1.0-beta2)

Running the test with following options:
Number of threads: 200
Report intermediate results every 10 second(s)
Initializing random number generator from current time


Initializing worker threads...

Threads started!

[ 10s ] thds: 200 tps: 7108.41 qps: 142366.68 (r/w/o: 99686.85/28444.12/14235.71) lat (ms,95%): 32.53 err/s: 0.00 reconn/s: 0.00
[ 20s ] thds: 200 tps: 8325.89 qps: 166501.24 (r/w/o: 116545.79/33303.67/16651.78) lat (ms,95%): 23.95 err/s: 0.00 reconn/s: 0.00
[ 30s ] thds: 200 tps: 8700.37 qps: 174007.26 (r/w/o: 121805.46/34801.07/17400.74) lat (ms,95%): 23.52 err/s: 0.00 reconn/s: 0.00
[ 40s ] thds: 200 tps: 8673.45 qps: 173485.55 (r/w/o: 121446.47/34691.29/17347.80) lat (ms,95%): 23.52 err/s: 0.00 reconn/s: 0.00
[ 50s ] thds: 200 tps: 8697.72 qps: 173972.10 (r/w/o: 121779.08/34798.28/17394.74) lat (ms,95%): 23.52 err/s: 0.00 reconn/s: 0.00
[ 60s ] thds: 200 tps: 8706.71 qps: 174097.67 (r/w/o: 121866.12/34818.43/17413.12) lat (ms,95%): 23.52 err/s: 0.00 reconn/s: 0.00
[ 70s ] thds: 200 tps: 8590.68 qps: 171897.12 (r/w/o: 120345.06/34369.60/17182.45) lat (ms,95%): 25.28 err/s: 0.00 reconn/s: 0.00
[ 80s ] thds: 200 tps: 8546.91 qps: 170861.60 (r/w/o: 119582.77/34186.42/17092.41) lat (ms,95%): 25.74 err/s: 0.00 reconn/s: 0.00
[ 90s ] thds: 200 tps: 8699.60 qps: 173982.85 (r/w/o: 121787.96/34795.69/17399.19) lat (ms,95%): 23.52 err/s: 0.00 reconn/s: 0.00
[ 100s ] thds: 200 tps: 8698.22 qps: 173974.56 (r/w/o: 121786.95/34790.37/17397.24) lat (ms,95%): 23.52 err/s: 0.00 reconn/s: 0.00
[ 110s ] thds: 200 tps: 8700.78 qps: 174008.16 (r/w/o: 121799.66/34807.03/17401.47) lat (ms,95%): 23.52 err/s: 0.00 reconn/s: 0.00
[ 120s ] thds: 200 tps: 8691.01 qps: 173862.19 (r/w/o: 121715.50/34764.36/17382.33) lat (ms,95%): 23.52 err/s: 0.00 reconn/s: 0.00
[ 130s ] thds: 200 tps: 8697.30 qps: 173921.25 (r/w/o: 121741.96/34784.29/17394.99) lat (ms,95%): 23.52 err/s: 0.00 reconn/s: 0.00
[ 140s ] thds: 200 tps: 8665.59 qps: 173351.34 (r/w/o: 121348.19/34672.37/17330.78) lat (ms,95%): 23.95 err/s: 0.00 reconn/s: 0.00
[ 150s ] thds: 200 tps: 8493.50 qps: 169804.58 (r/w/o: 118847.66/33971.62/16985.31) lat (ms,95%): 25.74 err/s: 0.00 reconn/s: 0.00
[ 160s ] thds: 200 tps: 8690.10 qps: 173832.37 (r/w/o: 121692.35/34758.51/17381.51) lat (ms,95%): 23.52 err/s: 0.00 reconn/s: 0.00
[ 170s ] thds: 200 tps: 8695.90 qps: 173921.39 (r/w/o: 121744.79/34785.40/17391.20) lat (ms,95%): 23.52 err/s: 0.00 reconn/s: 0.00
[ 180s ] thds: 200 tps: 8679.24 qps: 173573.60 (r/w/o: 121497.86/34716.46/17359.28) lat (ms,95%): 23.95 err/s: 0.00 reconn/s: 0.00
[ 190s ] thds: 200 tps: 8691.89 qps: 173857.09 (r/w/o: 121706.75/34766.46/17383.88) lat (ms,95%): 23.52 err/s: 0.00 reconn/s: 0.00
[ 200s ] thds: 200 tps: 8694.34 qps: 173859.89 (r/w/o: 121692.35/34779.06/17388.48) lat (ms,95%): 23.52 err/s: 0.00 reconn/s: 0.00
[ 210s ] thds: 200 tps: 8676.43 qps: 173539.34 (r/w/o: 121486.25/34699.83/17353.26) lat (ms,95%): 23.95 err/s: 0.00 reconn/s: 0.00
[ 220s ] thds: 200 tps: 8513.16 qps: 170273.63 (r/w/o: 119186.96/34061.15/17025.52) lat (ms,95%): 25.74 err/s: 0.10 reconn/s: 0.00
[ 230s ] thds: 200 tps: 8650.34 qps: 172985.66 (r/w/o: 121094.13/34590.55/17300.98) lat (ms,95%): 23.95 err/s: 0.00 reconn/s: 0.00
[ 240s ] thds: 200 tps: 8601.89 qps: 172031.75 (r/w/o: 120415.69/34411.87/17204.18) lat (ms,95%): 24.83 err/s: 0.00 reconn/s: 0.00
[ 250s ] thds: 200 tps: 8638.60 qps: 172792.64 (r/w/o: 120964.33/34550.51/17277.80) lat (ms,95%): 24.38 err/s: 0.00 reconn/s: 0.00
[ 260s ] thds: 200 tps: 8688.91 qps: 173762.35 (r/w/o: 121626.30/34759.43/17376.61) lat (ms,95%): 23.52 err/s: 0.00 reconn/s: 0.00
[ 270s ] thds: 200 tps: 8691.56 qps: 173827.88 (r/w/o: 121678.73/34765.44/17383.72) lat (ms,95%): 23.52 err/s: 0.00 reconn/s: 0.00
[ 280s ] thds: 200 tps: 8683.44 qps: 173664.41 (r/w/o: 121564.07/34733.16/17367.18) lat (ms,95%): 23.52 err/s: 0.00 reconn/s: 0.00
[ 290s ] thds: 200 tps: 8483.79 qps: 169662.43 (r/w/o: 118758.31/33937.05/16967.07) lat (ms,95%): 25.74 err/s: 0.00 reconn/s: 0.00
[ 300s ] thds: 200 tps: 8668.90 qps: 173406.20 (r/w/o: 121390.97/34677.32/17337.91) lat (ms,95%): 23.95 err/s: 0.00 reconn/s: 0.00
[ 310s ] thds: 200 tps: 8686.52 qps: 173724.10 (r/w/o: 121609.91/34740.66/17373.53) lat (ms,95%): 23.52 err/s: 0.10 reconn/s: 0.00
[ 320s ] thds: 200 tps: 8680.09 qps: 173583.97 (r/w/o: 121505.21/34718.47/17360.29) lat (ms,95%): 23.52 err/s: 0.00 reconn/s: 0.00
[ 330s ] thds: 200 tps: 8676.19 qps: 173563.28 (r/w/o: 121505.22/34705.88/17352.19) lat (ms,95%): 23.52 err/s: 0.00 reconn/s: 0.00
[ 340s ] thds: 200 tps: 8680.42 qps: 173592.74 (r/w/o: 121505.03/34726.57/17361.13) lat (ms,95%): 23.52 err/s: 0.00 reconn/s: 0.00
[ 350s ] thds: 200 tps: 8675.18 qps: 173488.61 (r/w/o: 121437.86/34700.60/17350.15) lat (ms,95%): 23.52 err/s: 0.00 reconn/s: 0.00
[ 360s ] thds: 200 tps: 8472.42 qps: 169506.57 (r/w/o: 118667.56/33894.37/16944.64) lat (ms,95%): 26.20 err/s: 0.00 reconn/s: 0.00
[ 370s ] thds: 200 tps: 8652.39 qps: 173012.09 (r/w/o: 121102.23/34604.58/17305.29) lat (ms,95%): 23.95 err/s: 0.00 reconn/s: 0.00
[ 380s ] thds: 200 tps: 8678.85 qps: 173574.50 (r/w/o: 121504.50/34712.40/17357.60) lat (ms,95%): 23.52 err/s: 0.00 reconn/s: 0.00
[ 390s ] thds: 200 tps: 8671.74 qps: 173422.49 (r/w/o: 121389.62/34688.88/17343.99) lat (ms,95%): 23.52 err/s: 0.00 reconn/s: 0.00
[ 400s ] thds: 200 tps: 8666.28 qps: 173340.70 (r/w/o: 121343.92/34664.32/17332.46) lat (ms,95%): 23.95 err/s: 0.00 reconn/s: 0.00
[ 410s ] thds: 200 tps: 8679.32 qps: 173599.50 (r/w/o: 121520.48/34720.28/17358.74) lat (ms,95%): 23.52 err/s: 0.10 reconn/s: 0.00
[ 420s ] thds: 200 tps: 8667.96 qps: 173339.66 (r/w/o: 121337.08/34666.55/17336.03) lat (ms,95%): 23.95 err/s: 0.00 reconn/s: 0.00
[ 430s ] thds: 200 tps: 8495.94 qps: 169963.33 (r/w/o: 118982.48/33989.17/16991.68) lat (ms,95%): 25.74 err/s: 0.00 reconn/s: 0.00
[ 440s ] thds: 200 tps: 8652.00 qps: 172987.29 (r/w/o: 121080.27/34603.12/17303.91) lat (ms,95%): 23.95 err/s: 0.10 reconn/s: 0.00
[ 450s ] thds: 200 tps: 8675.89 qps: 173547.96 (r/w/o: 121488.80/34706.57/17352.59) lat (ms,95%): 23.52 err/s: 0.00 reconn/s: 0.00
[ 460s ] thds: 200 tps: 8667.79 qps: 173328.84 (r/w/o: 121320.49/34672.67/17335.68) lat (ms,95%): 23.52 err/s: 0.00 reconn/s: 0.00
[ 470s ] thds: 200 tps: 8647.59 qps: 172980.59 (r/w/o: 121094.92/34590.58/17295.09) lat (ms,95%): 23.95 err/s: 0.00 reconn/s: 0.00
[ 480s ] thds: 200 tps: 8590.08 qps: 171760.37 (r/w/o: 120224.30/34356.21/17179.86) lat (ms,95%): 24.83 err/s: 0.00 reconn/s: 0.00
[ 490s ] thds: 200 tps: 8626.50 qps: 172561.73 (r/w/o: 120797.25/34511.99/17252.49) lat (ms,95%): 24.38 err/s: 0.00 reconn/s: 0.00
[ 500s ] thds: 200 tps: 8513.82 qps: 170262.18 (r/w/o: 119189.53/34044.00/17028.65) lat (ms,95%): 25.74 err/s: 0.00 reconn/s: 0.00
[ 510s ] thds: 200 tps: 8634.71 qps: 172693.50 (r/w/o: 120879.61/34544.66/17269.23) lat (ms,95%): 23.95 err/s: 0.10 reconn/s: 0.00
[ 520s ] thds: 200 tps: 8671.95 qps: 173448.27 (r/w/o: 121413.15/34691.01/17344.11) lat (ms,95%): 23.95 err/s: 0.00 reconn/s: 0.00
[ 530s ] thds: 200 tps: 8663.93 qps: 173299.83 (r/w/o: 121317.74/34654.23/17327.86) lat (ms,95%): 23.52 err/s: 0.00 reconn/s: 0.00
[ 540s ] thds: 200 tps: 8662.61 qps: 173230.04 (r/w/o: 121255.70/34649.33/17325.01) lat (ms,95%): 23.52 err/s: 0.00 reconn/s: 0.00
[ 550s ] thds: 200 tps: 8667.60 qps: 173323.65 (r/w/o: 121320.44/34669.01/17334.21) lat (ms,95%): 23.52 err/s: 0.00 reconn/s: 0.00
[ 560s ] thds: 200 tps: 8664.51 qps: 173319.53 (r/w/o: 121328.66/34661.25/17329.62) lat (ms,95%): 23.52 err/s: 0.00 reconn/s: 0.00
[ 570s ] thds: 200 tps: 8489.05 qps: 169759.85 (r/w/o: 118822.97/33959.79/16977.10) lat (ms,95%): 25.74 err/s: 0.00 reconn/s: 0.00
[ 580s ] thds: 200 tps: 8634.03 qps: 172690.36 (r/w/o: 120886.59/34534.61/17269.16) lat (ms,95%): 23.95 err/s: 0.00 reconn/s: 0.00
[ 590s ] thds: 200 tps: 8666.89 qps: 173330.35 (r/w/o: 121331.50/34665.57/17333.29) lat (ms,95%): 23.52 err/s: 0.00 reconn/s: 0.00
[ 600s ] thds: 200 tps: 8659.03 qps: 173180.04 (r/w/o: 121228.48/34633.41/17318.15) lat (ms,95%): 23.95 err/s: 0.00 reconn/s: 0.00
[ 610s ] thds: 200 tps: 8656.20 qps: 173122.61 (r/w/o: 121187.14/34622.88/17312.59) lat (ms,95%): 23.95 err/s: 0.00 reconn/s: 0.00
[ 620s ] thds: 200 tps: 8662.69 qps: 173278.52 (r/w/o: 121297.90/34655.34/17325.27) lat (ms,95%): 23.52 err/s: 0.00 reconn/s: 0.00
[ 630s ] thds: 200 tps: 8659.11 qps: 173162.35 (r/w/o: 121206.90/34637.63/17317.81) lat (ms,95%): 23.95 err/s: 0.00 reconn/s: 0.00
[ 640s ] thds: 200 tps: 8492.90 qps: 169861.01 (r/w/o: 118910.14/33963.58/16987.29) lat (ms,95%): 25.74 err/s: 0.00 reconn/s: 0.00
[ 650s ] thds: 200 tps: 8627.62 qps: 172537.59 (r/w/o: 120769.78/34513.38/17254.44) lat (ms,95%): 23.95 err/s: 0.00 reconn/s: 0.00
[ 660s ] thds: 200 tps: 8662.98 qps: 173280.33 (r/w/o: 121300.47/34653.51/17326.35) lat (ms,95%): 23.52 err/s: 0.00 reconn/s: 0.00
[ 670s ] thds: 200 tps: 8654.11 qps: 173086.25 (r/w/o: 121158.61/34620.03/17307.62) lat (ms,95%): 23.52 err/s: 0.00 reconn/s: 0.00
[ 680s ] thds: 200 tps: 8659.28 qps: 173186.58 (r/w/o: 121232.00/34635.02/17319.56) lat (ms,95%): 23.52 err/s: 0.10 reconn/s: 0.00
[ 690s ] thds: 200 tps: 8660.34 qps: 173184.27 (r/w/o: 121220.74/34642.65/17320.88) lat (ms,95%): 23.52 err/s: 0.10 reconn/s: 0.00
[ 700s ] thds: 200 tps: 8634.45 qps: 172736.70 (r/w/o: 120927.43/34540.28/17268.99) lat (ms,95%): 23.95 err/s: 0.10 reconn/s: 0.00
[ 710s ] thds: 200 tps: 8551.22 qps: 171006.90 (r/w/o: 119698.98/34205.88/17102.04) lat (ms,95%): 25.28 err/s: 0.00 reconn/s: 0.00
[ 720s ] thds: 200 tps: 8421.82 qps: 168428.33 (r/w/o: 117901.00/33683.69/16843.64) lat (ms,95%): 26.68 err/s: 0.00 reconn/s: 0.00
[ 730s ] thds: 200 tps: 8659.81 qps: 173231.40 (r/w/o: 121267.27/34643.82/17320.31) lat (ms,95%): 23.52 err/s: 0.10 reconn/s: 0.00
[ 740s ] thds: 200 tps: 8651.07 qps: 172992.85 (r/w/o: 121092.61/34598.09/17302.14) lat (ms,95%): 23.95 err/s: 0.00 reconn/s: 0.00
[ 750s ] thds: 200 tps: 8652.93 qps: 173067.08 (r/w/o: 121151.81/34609.62/17305.66) lat (ms,95%): 23.95 err/s: 0.00 reconn/s: 0.00
[ 760s ] thds: 200 tps: 8653.85 qps: 173062.98 (r/w/o: 121136.66/34618.22/17308.11) lat (ms,95%): 23.95 err/s: 0.00 reconn/s: 0.00
[ 770s ] thds: 200 tps: 8651.11 qps: 173033.55 (r/w/o: 121122.81/34609.13/17301.62) lat (ms,95%): 23.95 err/s: 0.00 reconn/s: 0.00
[ 780s ] thds: 200 tps: 8558.13 qps: 171156.89 (r/w/o: 119814.08/34225.94/17116.87) lat (ms,95%): 25.28 err/s: 0.00 reconn/s: 0.00
[ 790s ] thds: 200 tps: 8504.88 qps: 170028.89 (r/w/o: 119003.18/34016.14/17009.57) lat (ms,95%): 25.74 err/s: 0.00 reconn/s: 0.00
[ 800s ] thds: 200 tps: 8654.42 qps: 173170.29 (r/w/o: 121235.34/34625.40/17309.55) lat (ms,95%): 23.52 err/s: 0.10 reconn/s: 0.00
[ 810s ] thds: 200 tps: 8648.88 qps: 172980.07 (r/w/o: 121091.87/34590.13/17298.07) lat (ms,95%): 23.95 err/s: 0.00 reconn/s: 0.00
[ 820s ] thds: 200 tps: 8650.81 qps: 172996.92 (r/w/o: 121092.39/34603.22/17301.31) lat (ms,95%): 23.52 err/s: 0.00 reconn/s: 0.00
[ 830s ] thds: 200 tps: 8652.38 qps: 173062.49 (r/w/o: 121146.59/34610.74/17305.17) lat (ms,95%): 23.52 err/s: 0.00 reconn/s: 0.00
[ 840s ] thds: 200 tps: 8640.96 qps: 172805.02 (r/w/o: 120956.58/34567.92/17280.51) lat (ms,95%): 23.95 err/s: 0.00 reconn/s: 0.00
SQL statistics:
    queries performed:
        read:                            101340414
        write:                           28954366
        other:                           14477220
        total:                           144772000
    transactions:                        7238591 (8613.69 per sec.)
    queries:                             144772000 (172273.95 per sec.)
    ignored errors:                      10     (0.01 per sec.)
    reconnects:                          0      (0.00 per sec.)

General statistics:
    total time:                          840.3582s
    total number of events:              7238591

Latency (ms):
         min:                                   21.39
         avg:                                   23.21
         max:                                  358.62
         95th percentile:                       23.95
         sum:                            168007809.80

Threads fairness:
    events (avg/stddev):           36192.9550/49.75
    execution time (avg/stddev):   840.0390/0.08

