sysbench 1.0.20-ebf1c90 (using bundled LuaJIT 2.1.0-beta2)

Running the test with following options:
Number of threads: 200
Report intermediate results every 10 second(s)
Initializing random number generator from current time


Initializing worker threads...

Threads started!

[ 10s ] thds: 200 tps: 7043.50 qps: 141077.58 (r/w/o: 98786.91/28184.38/14106.29) lat (ms,95%): 33.72 err/s: 0.00 reconn/s: 0.00
[ 20s ] thds: 200 tps: 8237.44 qps: 164742.80 (r/w/o: 115318.33/32949.78/16474.69) lat (ms,95%): 24.38 err/s: 0.10 reconn/s: 0.00
[ 30s ] thds: 200 tps: 8606.81 qps: 172156.45 (r/w/o: 120519.70/34422.53/17214.21) lat (ms,95%): 23.95 err/s: 0.00 reconn/s: 0.00
[ 40s ] thds: 200 tps: 8583.40 qps: 171635.52 (r/w/o: 120132.14/34336.58/17166.79) lat (ms,95%): 23.95 err/s: 0.00 reconn/s: 0.00
[ 50s ] thds: 200 tps: 8602.30 qps: 172147.01 (r/w/o: 120529.01/34412.70/17205.30) lat (ms,95%): 24.38 err/s: 0.00 reconn/s: 0.00
[ 60s ] thds: 200 tps: 8603.30 qps: 172020.47 (r/w/o: 120392.85/34422.31/17205.31) lat (ms,95%): 24.38 err/s: 0.00 reconn/s: 0.00
[ 70s ] thds: 200 tps: 8413.13 qps: 168185.38 (r/w/o: 117709.00/33653.12/16823.26) lat (ms,95%): 27.66 err/s: 0.00 reconn/s: 0.00
[ 80s ] thds: 200 tps: 8259.68 qps: 165201.13 (r/w/o: 115658.37/33019.31/16523.45) lat (ms,95%): 28.16 err/s: 0.10 reconn/s: 0.00
[ 90s ] thds: 200 tps: 8593.52 qps: 171819.50 (r/w/o: 120254.51/34380.96/17184.03) lat (ms,95%): 24.38 err/s: 0.00 reconn/s: 0.00
[ 100s ] thds: 200 tps: 8603.17 qps: 172163.55 (r/w/o: 120541.41/34413.59/17208.54) lat (ms,95%): 24.38 err/s: 0.00 reconn/s: 0.00
[ 110s ] thds: 200 tps: 8597.21 qps: 171853.29 (r/w/o: 120276.53/34381.24/17195.52) lat (ms,95%): 24.38 err/s: 0.00 reconn/s: 0.00
[ 120s ] thds: 200 tps: 8601.29 qps: 172004.25 (r/w/o: 120394.62/34407.95/17201.67) lat (ms,95%): 24.38 err/s: 0.10 reconn/s: 0.00
[ 130s ] thds: 200 tps: 8612.42 qps: 172361.49 (r/w/o: 120681.38/34454.88/17225.24) lat (ms,95%): 23.95 err/s: 0.00 reconn/s: 0.00
[ 140s ] thds: 200 tps: 8394.65 qps: 167901.61 (r/w/o: 117521.01/33592.80/16787.80) lat (ms,95%): 26.68 err/s: 0.00 reconn/s: 0.00
[ 150s ] thds: 200 tps: 8253.63 qps: 165084.08 (r/w/o: 115571.08/33003.54/16509.47) lat (ms,95%): 28.16 err/s: 0.10 reconn/s: 0.00
[ 160s ] thds: 200 tps: 8574.51 qps: 171440.91 (r/w/o: 120002.35/34289.34/17149.22) lat (ms,95%): 24.38 err/s: 0.00 reconn/s: 0.00
[ 170s ] thds: 200 tps: 8586.87 qps: 171712.46 (r/w/o: 120194.85/34343.67/17173.94) lat (ms,95%): 24.38 err/s: 0.00 reconn/s: 0.00
[ 180s ] thds: 200 tps: 8564.79 qps: 171347.79 (r/w/o: 119955.63/34262.58/17129.59) lat (ms,95%): 24.38 err/s: 0.00 reconn/s: 0.00
[ 190s ] thds: 200 tps: 8587.65 qps: 171731.87 (r/w/o: 120207.85/34349.01/17175.01) lat (ms,95%): 24.38 err/s: 0.00 reconn/s: 0.00
[ 200s ] thds: 200 tps: 8588.44 qps: 171790.57 (r/w/o: 120261.94/34351.95/17176.68) lat (ms,95%): 24.38 err/s: 0.00 reconn/s: 0.00
[ 210s ] thds: 200 tps: 8466.29 qps: 169198.39 (r/w/o: 118395.52/33872.18/16930.69) lat (ms,95%): 25.74 err/s: 0.00 reconn/s: 0.00
[ 220s ] thds: 200 tps: 8215.70 qps: 164355.51 (r/w/o: 115056.64/32867.78/16431.09) lat (ms,95%): 28.16 err/s: 0.00 reconn/s: 0.00
[ 230s ] thds: 200 tps: 8567.43 qps: 171391.22 (r/w/o: 119985.03/34270.02/17136.16) lat (ms,95%): 24.38 err/s: 0.00 reconn/s: 0.00
[ 240s ] thds: 200 tps: 8553.98 qps: 171019.79 (r/w/o: 119702.29/34208.34/17109.17) lat (ms,95%): 24.83 err/s: 0.00 reconn/s: 0.00
[ 250s ] thds: 200 tps: 8434.81 qps: 168728.27 (r/w/o: 118111.62/33749.23/16867.42) lat (ms,95%): 26.20 err/s: 0.00 reconn/s: 0.00
[ 260s ] thds: 200 tps: 8555.79 qps: 171175.08 (r/w/o: 119849.91/34211.28/17113.89) lat (ms,95%): 24.38 err/s: 0.00 reconn/s: 0.00
[ 270s ] thds: 200 tps: 8611.49 qps: 172207.05 (r/w/o: 120534.19/34449.67/17223.18) lat (ms,95%): 23.95 err/s: 0.00 reconn/s: 0.00
[ 280s ] thds: 200 tps: 8425.51 qps: 168581.92 (r/w/o: 118032.46/33698.24/16851.22) lat (ms,95%): 26.68 err/s: 0.00 reconn/s: 0.00
[ 290s ] thds: 200 tps: 8198.39 qps: 163984.07 (r/w/o: 114792.24/32794.65/16397.18) lat (ms,95%): 28.16 err/s: 0.00 reconn/s: 0.00
[ 300s ] thds: 200 tps: 8549.50 qps: 170982.58 (r/w/o: 119678.28/34205.70/17098.60) lat (ms,95%): 24.38 err/s: 0.00 reconn/s: 0.00
[ 310s ] thds: 200 tps: 8542.41 qps: 170778.88 (r/w/o: 119530.03/34163.84/17085.02) lat (ms,95%): 24.83 err/s: 0.00 reconn/s: 0.00
[ 320s ] thds: 200 tps: 8600.61 qps: 172056.77 (r/w/o: 120444.72/34411.83/17200.22) lat (ms,95%): 23.95 err/s: 0.00 reconn/s: 0.00
[ 330s ] thds: 200 tps: 8540.09 qps: 170743.27 (r/w/o: 119516.14/34145.65/17081.48) lat (ms,95%): 24.38 err/s: 0.00 reconn/s: 0.00
[ 340s ] thds: 200 tps: 8587.61 qps: 171817.98 (r/w/o: 120287.62/34355.74/17174.62) lat (ms,95%): 24.38 err/s: 0.00 reconn/s: 0.00
[ 350s ] thds: 200 tps: 8426.50 qps: 168544.73 (r/w/o: 117989.22/33701.81/16853.70) lat (ms,95%): 26.20 err/s: 0.00 reconn/s: 0.00
[ 360s ] thds: 200 tps: 8154.90 qps: 162944.07 (r/w/o: 114016.35/32618.21/16309.51) lat (ms,95%): 28.16 err/s: 0.00 reconn/s: 0.00
[ 370s ] thds: 200 tps: 8450.21 qps: 169025.94 (r/w/o: 118325.40/33800.33/16900.21) lat (ms,95%): 24.83 err/s: 0.00 reconn/s: 0.00
[ 380s ] thds: 200 tps: 8476.71 qps: 169691.09 (r/w/o: 118818.60/33918.66/16953.83) lat (ms,95%): 24.83 err/s: 0.00 reconn/s: 0.00
[ 390s ] thds: 200 tps: 8515.79 qps: 170139.22 (r/w/o: 119051.31/34057.74/17030.17) lat (ms,95%): 24.83 err/s: 0.00 reconn/s: 0.00
[ 400s ] thds: 200 tps: 8459.10 qps: 169214.26 (r/w/o: 118462.87/33832.19/16919.20) lat (ms,95%): 24.83 err/s: 0.00 reconn/s: 0.00
[ 410s ] thds: 200 tps: 8481.05 qps: 169725.24 (r/w/o: 118816.96/33946.29/16961.99) lat (ms,95%): 24.83 err/s: 0.00 reconn/s: 0.00
[ 420s ] thds: 200 tps: 8408.36 qps: 168156.86 (r/w/o: 117729.81/33610.03/16817.02) lat (ms,95%): 26.20 err/s: 0.00 reconn/s: 0.00
[ 430s ] thds: 200 tps: 8134.01 qps: 162515.80 (r/w/o: 113713.51/32535.66/16266.63) lat (ms,95%): 28.67 err/s: 0.10 reconn/s: 0.00
[ 440s ] thds: 200 tps: 8440.25 qps: 168943.78 (r/w/o: 118301.38/33760.00/16882.40) lat (ms,95%): 25.28 err/s: 0.00 reconn/s: 0.00
[ 450s ] thds: 200 tps: 8484.51 qps: 169753.02 (r/w/o: 118833.45/33950.64/16968.92) lat (ms,95%): 24.83 err/s: 0.10 reconn/s: 0.00
[ 460s ] thds: 200 tps: 8497.34 qps: 169781.89 (r/w/o: 118805.42/33983.38/16993.09) lat (ms,95%): 24.83 err/s: 0.00 reconn/s: 0.00
[ 470s ] thds: 200 tps: 8483.99 qps: 169860.56 (r/w/o: 118940.73/33950.65/16969.18) lat (ms,95%): 24.83 err/s: 0.00 reconn/s: 0.00
[ 480s ] thds: 200 tps: 8451.61 qps: 168860.67 (r/w/o: 118167.39/33791.45/16901.83) lat (ms,95%): 25.28 err/s: 0.00 reconn/s: 0.00
[ 490s ] thds: 200 tps: 8349.38 qps: 167009.18 (r/w/o: 116916.11/33392.12/16700.96) lat (ms,95%): 26.68 err/s: 0.00 reconn/s: 0.00
[ 500s ] thds: 200 tps: 8194.99 qps: 163958.97 (r/w/o: 114772.91/32799.17/16386.89) lat (ms,95%): 28.16 err/s: 0.00 reconn/s: 0.00
[ 510s ] thds: 200 tps: 8274.72 qps: 165479.70 (r/w/o: 115843.38/33084.18/16552.14) lat (ms,95%): 27.66 err/s: 0.00 reconn/s: 0.00
[ 520s ] thds: 200 tps: 8566.40 qps: 171303.36 (r/w/o: 119896.74/34275.81/17130.81) lat (ms,95%): 24.38 err/s: 0.00 reconn/s: 0.00
[ 530s ] thds: 200 tps: 8440.41 qps: 168880.83 (r/w/o: 118251.26/33746.45/16883.12) lat (ms,95%): 24.83 err/s: 0.00 reconn/s: 0.00
[ 540s ] thds: 200 tps: 8482.12 qps: 169655.77 (r/w/o: 118739.86/33953.77/16962.14) lat (ms,95%): 24.83 err/s: 0.10 reconn/s: 0.00
[ 550s ] thds: 200 tps: 8570.54 qps: 171386.50 (r/w/o: 119983.16/34260.06/17143.28) lat (ms,95%): 24.38 err/s: 0.00 reconn/s: 0.00
[ 560s ] thds: 200 tps: 8426.03 qps: 168412.02 (r/w/o: 117855.97/33704.40/16851.65) lat (ms,95%): 25.74 err/s: 0.00 reconn/s: 0.00
[ 570s ] thds: 200 tps: 8277.91 qps: 165559.65 (r/w/o: 115890.38/33113.85/16555.43) lat (ms,95%): 27.17 err/s: 0.00 reconn/s: 0.00
[ 580s ] thds: 200 tps: 8241.89 qps: 164883.57 (r/w/o: 115436.31/32962.47/16484.79) lat (ms,95%): 27.17 err/s: 0.00 reconn/s: 0.00
[ 590s ] thds: 200 tps: 8435.10 qps: 168689.26 (r/w/o: 118078.44/33740.21/16870.61) lat (ms,95%): 25.28 err/s: 0.10 reconn/s: 0.00
[ 600s ] thds: 200 tps: 8461.99 qps: 169312.30 (r/w/o: 118539.46/33848.86/16923.98) lat (ms,95%): 24.83 err/s: 0.00 reconn/s: 0.00
[ 610s ] thds: 200 tps: 8554.50 qps: 171117.56 (r/w/o: 119782.07/34227.19/17108.30) lat (ms,95%): 24.38 err/s: 0.00 reconn/s: 0.00
[ 620s ] thds: 200 tps: 8441.80 qps: 168792.13 (r/w/o: 118128.15/33783.29/16880.69) lat (ms,95%): 24.83 err/s: 0.00 reconn/s: 0.00
[ 630s ] thds: 200 tps: 8329.79 qps: 166682.90 (r/w/o: 116715.86/33303.86/16663.18) lat (ms,95%): 26.20 err/s: 0.00 reconn/s: 0.00
[ 640s ] thds: 200 tps: 8324.03 qps: 166497.18 (r/w/o: 116545.60/33303.62/16647.96) lat (ms,95%): 26.68 err/s: 0.00 reconn/s: 0.00
[ 650s ] thds: 200 tps: 8261.81 qps: 165043.55 (r/w/o: 115488.17/33033.55/16521.82) lat (ms,95%): 27.17 err/s: 0.00 reconn/s: 0.00
[ 660s ] thds: 200 tps: 8422.94 qps: 168549.22 (r/w/o: 118014.91/33686.44/16847.87) lat (ms,95%): 25.28 err/s: 0.00 reconn/s: 0.00
[ 670s ] thds: 200 tps: 8478.05 qps: 169539.58 (r/w/o: 118649.98/33936.10/16953.50) lat (ms,95%): 24.83 err/s: 0.10 reconn/s: 0.00
[ 680s ] thds: 200 tps: 8471.77 qps: 169557.61 (r/w/o: 118733.38/33877.78/16946.44) lat (ms,95%): 24.83 err/s: 0.00 reconn/s: 0.00
[ 690s ] thds: 200 tps: 8480.02 qps: 169407.77 (r/w/o: 118537.76/33912.88/16957.14) lat (ms,95%): 24.83 err/s: 0.00 reconn/s: 0.00
[ 700s ] thds: 200 tps: 8380.97 qps: 167707.46 (r/w/o: 117405.42/33539.39/16762.65) lat (ms,95%): 25.74 err/s: 0.00 reconn/s: 0.00
[ 710s ] thds: 200 tps: 8291.80 qps: 165815.69 (r/w/o: 116084.79/33144.90/16586.00) lat (ms,95%): 26.68 err/s: 0.00 reconn/s: 0.00
[ 720s ] thds: 200 tps: 8156.11 qps: 163162.07 (r/w/o: 114225.89/32623.95/16312.23) lat (ms,95%): 28.16 err/s: 0.00 reconn/s: 0.00
[ 730s ] thds: 200 tps: 8322.20 qps: 166512.40 (r/w/o: 116572.07/33295.62/16644.71) lat (ms,95%): 26.20 err/s: 0.10 reconn/s: 0.00
[ 740s ] thds: 200 tps: 8373.22 qps: 167324.36 (r/w/o: 117090.25/33487.77/16746.34) lat (ms,95%): 25.28 err/s: 0.00 reconn/s: 0.00
[ 750s ] thds: 200 tps: 8272.80 qps: 165616.21 (r/w/o: 115957.54/33113.38/16545.29) lat (ms,95%): 27.17 err/s: 0.00 reconn/s: 0.00
[ 760s ] thds: 200 tps: 8422.60 qps: 168346.97 (r/w/o: 117813.38/33691.49/16842.10) lat (ms,95%): 25.28 err/s: 0.00 reconn/s: 0.00
[ 770s ] thds: 200 tps: 8316.64 qps: 166310.85 (r/w/o: 116412.40/33263.57/16634.89) lat (ms,95%): 25.74 err/s: 0.00 reconn/s: 0.00
[ 780s ] thds: 200 tps: 8259.65 qps: 165228.46 (r/w/o: 115667.14/33042.51/16518.81) lat (ms,95%): 27.17 err/s: 0.00 reconn/s: 0.00
[ 790s ] thds: 200 tps: 8146.89 qps: 162876.00 (r/w/o: 114004.79/32578.24/16292.97) lat (ms,95%): 28.16 err/s: 0.00 reconn/s: 0.00
[ 800s ] thds: 200 tps: 8382.02 qps: 167791.50 (r/w/o: 117486.68/33538.38/16766.44) lat (ms,95%): 25.28 err/s: 0.00 reconn/s: 0.00
[ 810s ] thds: 200 tps: 8434.70 qps: 168603.05 (r/w/o: 118020.47/33712.29/16870.30) lat (ms,95%): 24.83 err/s: 0.00 reconn/s: 0.00
[ 820s ] thds: 200 tps: 8398.26 qps: 167940.36 (r/w/o: 117551.68/33592.05/16796.63) lat (ms,95%): 25.28 err/s: 0.00 reconn/s: 0.00
[ 830s ] thds: 200 tps: 8373.22 qps: 167396.02 (r/w/o: 117156.92/33493.06/16746.03) lat (ms,95%): 25.28 err/s: 0.00 reconn/s: 0.00
[ 840s ] thds: 200 tps: 8274.05 qps: 165512.27 (r/w/o: 115865.15/33099.31/16547.81) lat (ms,95%): 26.20 err/s: 0.00 reconn/s: 0.00
SQL statistics:
    queries performed:
        read:                            98970858
        write:                           28277344
        other:                           14138718
        total:                           141386920
    transactions:                        7069337 (8412.50 per sec.)
    queries:                             141386920 (168250.29 per sec.)
    ignored errors:                      10     (0.01 per sec.)
    reconnects:                          0      (0.00 per sec.)

General statistics:
    total time:                          840.3359s
    total number of events:              7069337

Latency (ms):
         min:                                   21.54
         avg:                                   23.77
         max:                                  367.90
         95th percentile:                       25.28
         sum:                            168008893.40

Threads fairness:
    events (avg/stddev):           35346.6850/46.05
    execution time (avg/stddev):   840.0445/0.07

