sysbench 1.0.20-ebf1c90 (using bundled LuaJIT 2.1.0-beta2)

Running the test with following options:
Number of threads: 200
Report intermediate results every 10 second(s)
Initializing random number generator from current time


Initializing worker threads...

Threads started!

[ 10s ] thds: 200 tps: 7016.80 qps: 140529.40 (r/w/o: 98399.33/28077.09/14052.99) lat (ms,95%): 33.72 err/s: 0.00 reconn/s: 0.00
[ 20s ] thds: 200 tps: 8239.25 qps: 164772.85 (r/w/o: 115339.03/32956.41/16477.40) lat (ms,95%): 24.38 err/s: 0.00 reconn/s: 0.00
[ 30s ] thds: 200 tps: 8606.16 qps: 172173.01 (r/w/o: 120519.67/34440.62/17212.71) lat (ms,95%): 23.95 err/s: 0.00 reconn/s: 0.00
[ 40s ] thds: 200 tps: 8586.20 qps: 171685.57 (r/w/o: 120185.18/34327.69/17172.70) lat (ms,95%): 23.95 err/s: 0.00 reconn/s: 0.00
[ 50s ] thds: 200 tps: 8609.98 qps: 172160.76 (r/w/o: 120491.20/34452.01/17217.56) lat (ms,95%): 24.38 err/s: 0.10 reconn/s: 0.00
[ 60s ] thds: 200 tps: 8601.80 qps: 172015.95 (r/w/o: 120414.16/34395.09/17206.69) lat (ms,95%): 24.38 err/s: 0.00 reconn/s: 0.00
[ 70s ] thds: 200 tps: 8412.72 qps: 168302.89 (r/w/o: 117833.24/33643.80/16825.85) lat (ms,95%): 27.66 err/s: 0.00 reconn/s: 0.00
[ 80s ] thds: 200 tps: 8252.97 qps: 165126.01 (r/w/o: 115603.32/33016.56/16506.13) lat (ms,95%): 28.16 err/s: 0.00 reconn/s: 0.00
[ 90s ] thds: 200 tps: 8597.42 qps: 171856.65 (r/w/o: 120274.24/34388.17/17194.23) lat (ms,95%): 24.38 err/s: 0.00 reconn/s: 0.00
[ 100s ] thds: 200 tps: 8607.92 qps: 172160.01 (r/w/o: 120504.71/34440.46/17214.83) lat (ms,95%): 24.38 err/s: 0.00 reconn/s: 0.00
[ 110s ] thds: 200 tps: 8589.84 qps: 171861.50 (r/w/o: 120332.73/34347.48/17181.29) lat (ms,95%): 24.38 err/s: 0.00 reconn/s: 0.00
[ 120s ] thds: 200 tps: 8604.85 qps: 172043.54 (r/w/o: 120412.03/34422.21/17209.30) lat (ms,95%): 24.38 err/s: 0.00 reconn/s: 0.00
[ 130s ] thds: 200 tps: 8617.51 qps: 172369.65 (r/w/o: 120652.71/34482.43/17234.52) lat (ms,95%): 23.95 err/s: 0.10 reconn/s: 0.00
[ 140s ] thds: 200 tps: 8400.16 qps: 167951.48 (r/w/o: 117559.29/33592.06/16800.13) lat (ms,95%): 26.68 err/s: 0.00 reconn/s: 0.00
[ 150s ] thds: 200 tps: 8255.28 qps: 165081.72 (r/w/o: 115551.53/33021.22/16508.96) lat (ms,95%): 28.16 err/s: 0.00 reconn/s: 0.00
[ 160s ] thds: 200 tps: 8564.50 qps: 171413.90 (r/w/o: 120021.93/34260.38/17131.59) lat (ms,95%): 24.38 err/s: 0.00 reconn/s: 0.00
[ 170s ] thds: 200 tps: 8582.61 qps: 171679.13 (r/w/o: 120188.36/34325.15/17165.62) lat (ms,95%): 24.38 err/s: 0.00 reconn/s: 0.00
[ 180s ] thds: 200 tps: 8568.11 qps: 171350.42 (r/w/o: 119930.38/34285.22/17134.81) lat (ms,95%): 24.38 err/s: 0.00 reconn/s: 0.00
[ 190s ] thds: 200 tps: 8586.59 qps: 171723.61 (r/w/o: 120211.37/34338.06/17174.18) lat (ms,95%): 24.38 err/s: 0.00 reconn/s: 0.00
[ 200s ] thds: 200 tps: 8590.00 qps: 171848.12 (r/w/o: 120289.21/34378.80/17180.10) lat (ms,95%): 24.38 err/s: 0.00 reconn/s: 0.00
[ 210s ] thds: 200 tps: 8467.61 qps: 169217.60 (r/w/o: 118438.44/33843.84/16935.32) lat (ms,95%): 26.20 err/s: 0.00 reconn/s: 0.00
[ 220s ] thds: 200 tps: 8216.38 qps: 164306.36 (r/w/o: 115008.46/32865.33/16432.57) lat (ms,95%): 28.16 err/s: 0.00 reconn/s: 0.00
[ 230s ] thds: 200 tps: 8567.21 qps: 171374.12 (r/w/o: 119966.99/34272.52/17134.61) lat (ms,95%): 24.38 err/s: 0.00 reconn/s: 0.00
[ 240s ] thds: 200 tps: 8551.32 qps: 171084.67 (r/w/o: 119779.06/34202.67/17102.94) lat (ms,95%): 24.83 err/s: 0.00 reconn/s: 0.00
[ 250s ] thds: 200 tps: 8440.47 qps: 168768.28 (r/w/o: 118127.03/33760.80/16880.45) lat (ms,95%): 26.20 err/s: 0.00 reconn/s: 0.00
[ 260s ] thds: 200 tps: 8549.71 qps: 171067.37 (r/w/o: 119752.59/34215.35/17099.43) lat (ms,95%): 24.38 err/s: 0.00 reconn/s: 0.00
[ 270s ] thds: 200 tps: 8614.18 qps: 172241.26 (r/w/o: 120566.79/34446.41/17228.06) lat (ms,95%): 23.95 err/s: 0.00 reconn/s: 0.00
[ 280s ] thds: 200 tps: 8439.00 qps: 168657.15 (r/w/o: 118027.14/33753.61/16876.41) lat (ms,95%): 26.20 err/s: 0.00 reconn/s: 0.00
[ 290s ] thds: 200 tps: 8196.02 qps: 163971.53 (r/w/o: 114784.80/32797.69/16389.04) lat (ms,95%): 28.16 err/s: 0.00 reconn/s: 0.00
[ 300s ] thds: 200 tps: 8546.89 qps: 170966.46 (r/w/o: 119684.53/34186.25/17095.68) lat (ms,95%): 24.38 err/s: 0.00 reconn/s: 0.00
[ 310s ] thds: 200 tps: 8536.29 qps: 170766.25 (r/w/o: 119557.13/34133.55/17075.58) lat (ms,95%): 24.83 err/s: 0.00 reconn/s: 0.00
[ 320s ] thds: 200 tps: 8605.00 qps: 172045.46 (r/w/o: 120411.95/34424.11/17209.41) lat (ms,95%): 23.95 err/s: 0.00 reconn/s: 0.00
[ 330s ] thds: 200 tps: 8533.10 qps: 170776.25 (r/w/o: 119581.14/34127.71/17067.41) lat (ms,95%): 24.38 err/s: 0.00 reconn/s: 0.00
[ 340s ] thds: 200 tps: 8592.10 qps: 171807.32 (r/w/o: 120237.42/34386.41/17183.50) lat (ms,95%): 24.38 err/s: 0.00 reconn/s: 0.00
[ 350s ] thds: 200 tps: 8430.71 qps: 168597.93 (r/w/o: 118007.86/33731.55/16858.52) lat (ms,95%): 26.20 err/s: 0.00 reconn/s: 0.00
[ 360s ] thds: 200 tps: 8149.99 qps: 162979.36 (r/w/o: 114106.90/32568.87/16303.59) lat (ms,95%): 28.16 err/s: 0.00 reconn/s: 0.00
[ 370s ] thds: 200 tps: 8449.48 qps: 169028.48 (r/w/o: 118331.48/33797.74/16899.27) lat (ms,95%): 24.83 err/s: 0.00 reconn/s: 0.00
[ 380s ] thds: 200 tps: 8491.84 qps: 169703.20 (r/w/o: 118745.18/33978.94/16979.07) lat (ms,95%): 24.83 err/s: 0.00 reconn/s: 0.00
[ 390s ] thds: 200 tps: 8504.53 qps: 170167.72 (r/w/o: 119146.06/34007.90/17013.75) lat (ms,95%): 24.83 err/s: 0.00 reconn/s: 0.00
[ 400s ] thds: 200 tps: 8456.77 qps: 169177.19 (r/w/o: 118437.44/33826.40/16913.35) lat (ms,95%): 24.83 err/s: 0.00 reconn/s: 0.00
[ 410s ] thds: 200 tps: 8490.16 qps: 169695.29 (r/w/o: 118752.93/33962.54/16979.82) lat (ms,95%): 24.83 err/s: 0.00 reconn/s: 0.00
[ 420s ] thds: 200 tps: 8404.23 qps: 168200.07 (r/w/o: 117752.07/33640.93/16807.07) lat (ms,95%): 26.20 err/s: 0.00 reconn/s: 0.00
[ 430s ] thds: 200 tps: 8131.57 qps: 162616.01 (r/w/o: 113851.28/32499.18/16265.54) lat (ms,95%): 28.67 err/s: 0.10 reconn/s: 0.00
[ 440s ] thds: 200 tps: 8442.38 qps: 168938.51 (r/w/o: 118265.93/33787.82/16884.76) lat (ms,95%): 25.28 err/s: 0.00 reconn/s: 0.00
[ 450s ] thds: 200 tps: 8495.75 qps: 169752.48 (r/w/o: 118786.05/33979.12/16987.31) lat (ms,95%): 24.83 err/s: 0.00 reconn/s: 0.00
[ 460s ] thds: 200 tps: 8487.71 qps: 169788.71 (r/w/o: 118869.55/33939.34/16979.82) lat (ms,95%): 24.83 err/s: 0.10 reconn/s: 0.00
[ 470s ] thds: 200 tps: 8494.40 qps: 169856.80 (r/w/o: 118880.97/33989.42/16986.41) lat (ms,95%): 24.83 err/s: 0.00 reconn/s: 0.00
[ 480s ] thds: 200 tps: 8441.53 qps: 168875.38 (r/w/o: 118237.91/33751.72/16885.76) lat (ms,95%): 25.28 err/s: 0.00 reconn/s: 0.00
[ 490s ] thds: 200 tps: 8347.73 qps: 167017.93 (r/w/o: 116926.77/33395.61/16695.55) lat (ms,95%): 26.68 err/s: 0.00 reconn/s: 0.00
[ 500s ] thds: 200 tps: 8204.21 qps: 164031.15 (r/w/o: 114808.38/32814.45/16408.33) lat (ms,95%): 28.16 err/s: 0.00 reconn/s: 0.00
[ 510s ] thds: 200 tps: 8267.19 qps: 165363.42 (r/w/o: 115755.41/33073.94/16534.07) lat (ms,95%): 27.66 err/s: 0.00 reconn/s: 0.00
[ 520s ] thds: 200 tps: 8569.26 qps: 171324.35 (r/w/o: 119914.38/34271.65/17138.33) lat (ms,95%): 24.38 err/s: 0.00 reconn/s: 0.00
[ 530s ] thds: 200 tps: 8438.69 qps: 168928.16 (r/w/o: 118264.33/33786.35/16877.48) lat (ms,95%): 24.83 err/s: 0.00 reconn/s: 0.00
[ 540s ] thds: 200 tps: 8491.90 qps: 169634.50 (r/w/o: 118713.67/33937.42/16983.41) lat (ms,95%): 24.83 err/s: 0.00 reconn/s: 0.00
[ 550s ] thds: 200 tps: 8562.48 qps: 171392.92 (r/w/o: 120005.17/34262.90/17124.85) lat (ms,95%): 24.38 err/s: 0.00 reconn/s: 0.00
[ 560s ] thds: 200 tps: 8424.01 qps: 168449.11 (r/w/o: 117919.87/33680.12/16849.11) lat (ms,95%): 25.74 err/s: 0.00 reconn/s: 0.00
[ 570s ] thds: 200 tps: 8278.71 qps: 165534.99 (r/w/o: 115863.03/33114.54/16557.42) lat (ms,95%): 27.17 err/s: 0.00 reconn/s: 0.00
[ 580s ] thds: 200 tps: 8240.01 qps: 164865.79 (r/w/o: 115420.13/32965.84/16479.82) lat (ms,95%): 27.17 err/s: 0.00 reconn/s: 0.00
[ 590s ] thds: 200 tps: 8436.59 qps: 168745.97 (r/w/o: 118129.21/33743.07/16873.69) lat (ms,95%): 25.28 err/s: 0.10 reconn/s: 0.00
[ 600s ] thds: 200 tps: 8466.37 qps: 169334.26 (r/w/o: 118525.42/33876.69/16932.15) lat (ms,95%): 24.83 err/s: 0.10 reconn/s: 0.00
[ 610s ] thds: 200 tps: 8563.92 qps: 171150.12 (r/w/o: 119774.59/34250.28/17125.24) lat (ms,95%): 24.38 err/s: 0.00 reconn/s: 0.00
[ 620s ] thds: 200 tps: 8441.47 qps: 168823.36 (r/w/o: 118178.95/33757.87/16886.54) lat (ms,95%): 24.83 err/s: 0.10 reconn/s: 0.00
[ 630s ] thds: 200 tps: 8337.20 qps: 166724.78 (r/w/o: 116694.68/33357.70/16672.40) lat (ms,95%): 26.20 err/s: 0.00 reconn/s: 0.00
[ 640s ] thds: 200 tps: 8329.32 qps: 166593.31 (r/w/o: 116623.89/33309.58/16659.84) lat (ms,95%): 26.68 err/s: 0.00 reconn/s: 0.00
[ 650s ] thds: 200 tps: 8247.32 qps: 165004.04 (r/w/o: 115519.14/32989.37/16495.53) lat (ms,95%): 27.17 err/s: 0.00 reconn/s: 0.00
[ 660s ] thds: 200 tps: 8422.39 qps: 168548.73 (r/w/o: 118002.21/33702.75/16843.77) lat (ms,95%): 25.28 err/s: 0.00 reconn/s: 0.00
[ 670s ] thds: 200 tps: 8483.64 qps: 169557.61 (r/w/o: 118669.47/33919.76/16968.38) lat (ms,95%): 24.83 err/s: 0.00 reconn/s: 0.00
[ 680s ] thds: 200 tps: 8481.34 qps: 169581.85 (r/w/o: 118684.29/33938.67/16958.88) lat (ms,95%): 24.83 err/s: 0.00 reconn/s: 0.00
[ 690s ] thds: 200 tps: 8465.04 qps: 169363.88 (r/w/o: 118582.74/33847.26/16933.88) lat (ms,95%): 24.83 err/s: 0.00 reconn/s: 0.00
[ 700s ] thds: 200 tps: 8388.71 qps: 167748.42 (r/w/o: 117416.39/33554.82/16777.21) lat (ms,95%): 25.74 err/s: 0.00 reconn/s: 0.00
[ 710s ] thds: 200 tps: 8286.05 qps: 165855.47 (r/w/o: 116106.78/33178.59/16570.10) lat (ms,95%): 26.68 err/s: 0.00 reconn/s: 0.00
[ 720s ] thds: 200 tps: 8155.34 qps: 163109.58 (r/w/o: 114193.42/32603.88/16312.29) lat (ms,95%): 28.16 err/s: 0.00 reconn/s: 0.00
[ 730s ] thds: 200 tps: 8334.00 qps: 166516.98 (r/w/o: 116519.69/33333.00/16664.30) lat (ms,95%): 26.20 err/s: 0.00 reconn/s: 0.00
[ 740s ] thds: 200 tps: 8360.65 qps: 167358.61 (r/w/o: 117195.50/33437.50/16725.60) lat (ms,95%): 25.28 err/s: 0.00 reconn/s: 0.00
[ 750s ] thds: 200 tps: 8287.51 qps: 165580.94 (r/w/o: 115863.17/33143.55/16574.22) lat (ms,95%): 27.17 err/s: 0.00 reconn/s: 0.00
[ 760s ] thds: 200 tps: 8416.63 qps: 168368.02 (r/w/o: 117869.43/33664.62/16833.96) lat (ms,95%): 25.28 err/s: 0.00 reconn/s: 0.00
[ 770s ] thds: 200 tps: 8316.16 qps: 166343.34 (r/w/o: 116448.10/33262.53/16632.71) lat (ms,95%): 25.74 err/s: 0.00 reconn/s: 0.00
[ 780s ] thds: 200 tps: 8263.16 qps: 165236.91 (r/w/o: 115656.38/33053.92/16526.61) lat (ms,95%): 27.17 err/s: 0.10 reconn/s: 0.00
[ 790s ] thds: 200 tps: 8142.64 qps: 162915.24 (r/w/o: 114058.62/32571.45/16285.17) lat (ms,95%): 28.16 err/s: 0.00 reconn/s: 0.00
[ 800s ] thds: 200 tps: 8392.75 qps: 167768.67 (r/w/o: 117407.55/33577.42/16783.71) lat (ms,95%): 25.28 err/s: 0.00 reconn/s: 0.00
[ 810s ] thds: 200 tps: 8420.31 qps: 168584.45 (r/w/o: 118055.11/33686.73/16842.62) lat (ms,95%): 24.83 err/s: 0.00 reconn/s: 0.00
[ 820s ] thds: 200 tps: 8395.42 qps: 167916.56 (r/w/o: 117543.22/33582.29/16791.05) lat (ms,95%): 25.28 err/s: 0.00 reconn/s: 0.00
[ 830s ] thds: 200 tps: 8375.18 qps: 167422.65 (r/w/o: 117184.66/33487.63/16750.36) lat (ms,95%): 25.28 err/s: 0.00 reconn/s: 0.00
[ 840s ] thds: 200 tps: 8299.63 qps: 166068.44 (r/w/o: 116248.98/33220.51/16598.95) lat (ms,95%): 26.20 err/s: 0.00 reconn/s: 0.00
SQL statistics:
    queries performed:
        read:                            98976038
        write:                           28278827
        other:                           14139459
        total:                           141394324
    transactions:                        7069709 (8413.64 per sec.)
    queries:                             141394324 (168273.03 per sec.)
    ignored errors:                      8      (0.01 per sec.)
    reconnects:                          0      (0.00 per sec.)

General statistics:
    total time:                          840.2663s
    total number of events:              7069709

Latency (ms):
         min:                                   21.57
         avg:                                   23.76
         max:                                  269.24
         95th percentile:                       25.28
         sum:                            167992351.73

Threads fairness:
    events (avg/stddev):           35348.5450/49.44
    execution time (avg/stddev):   839.9618/0.04

