sysbench 1.0.20-ebf1c90 (using bundled LuaJIT 2.1.0-beta2)

Running the test with following options:
Number of threads: 200
Report intermediate results every 10 second(s)
Initializing random number generator from current time


Initializing worker threads...

Threads started!

[ 10s ] thds: 200 tps: 7025.85 qps: 140704.05 (r/w/o: 98519.46/28113.69/14070.89) lat (ms,95%): 33.12 err/s: 0.00 reconn/s: 0.00
[ 20s ] thds: 200 tps: 8237.65 qps: 164767.32 (r/w/o: 115341.62/32949.90/16475.80) lat (ms,95%): 24.38 err/s: 0.00 reconn/s: 0.00
[ 30s ] thds: 200 tps: 8612.19 qps: 172229.99 (r/w/o: 120562.55/34443.06/17224.38) lat (ms,95%): 23.95 err/s: 0.00 reconn/s: 0.00
[ 40s ] thds: 200 tps: 8584.03 qps: 171682.76 (r/w/o: 120174.19/34340.51/17168.06) lat (ms,95%): 23.95 err/s: 0.10 reconn/s: 0.00
[ 50s ] thds: 200 tps: 8608.48 qps: 172197.05 (r/w/o: 120553.59/34425.71/17217.76) lat (ms,95%): 24.38 err/s: 0.00 reconn/s: 0.00
[ 60s ] thds: 200 tps: 8601.02 qps: 172043.75 (r/w/o: 120429.81/34412.49/17201.44) lat (ms,95%): 24.38 err/s: 0.00 reconn/s: 0.00
[ 70s ] thds: 200 tps: 8418.50 qps: 168281.69 (r/w/o: 117767.10/33683.60/16831.00) lat (ms,95%): 27.66 err/s: 0.10 reconn/s: 0.00
[ 80s ] thds: 200 tps: 8258.31 qps: 165150.71 (r/w/o: 115607.18/33020.42/16523.11) lat (ms,95%): 28.16 err/s: 0.10 reconn/s: 0.00
[ 90s ] thds: 200 tps: 8588.19 qps: 171855.83 (r/w/o: 120313.18/34367.47/17175.18) lat (ms,95%): 24.38 err/s: 0.00 reconn/s: 0.00
[ 100s ] thds: 200 tps: 8610.49 qps: 172209.17 (r/w/o: 120557.44/34429.95/17221.78) lat (ms,95%): 24.38 err/s: 0.00 reconn/s: 0.00
[ 110s ] thds: 200 tps: 8600.99 qps: 171925.65 (r/w/o: 120318.90/34405.07/17201.69) lat (ms,95%): 24.38 err/s: 0.00 reconn/s: 0.00
[ 120s ] thds: 200 tps: 8598.21 qps: 172040.86 (r/w/o: 120436.48/34407.55/17196.83) lat (ms,95%): 24.38 err/s: 0.00 reconn/s: 0.00
[ 130s ] thds: 200 tps: 8620.29 qps: 172411.83 (r/w/o: 120705.81/34465.25/17240.77) lat (ms,95%): 23.95 err/s: 0.00 reconn/s: 0.00
[ 140s ] thds: 200 tps: 8396.97 qps: 167992.02 (r/w/o: 117601.79/33595.98/16794.24) lat (ms,95%): 26.68 err/s: 0.00 reconn/s: 0.00
[ 150s ] thds: 200 tps: 8254.90 qps: 165080.17 (r/w/o: 115556.18/33013.99/16510.00) lat (ms,95%): 28.16 err/s: 0.00 reconn/s: 0.00
[ 160s ] thds: 200 tps: 8578.38 qps: 171474.04 (r/w/o: 120009.78/34307.81/17156.45) lat (ms,95%): 24.38 err/s: 0.00 reconn/s: 0.00
[ 170s ] thds: 200 tps: 8587.87 qps: 171718.95 (r/w/o: 120193.35/34349.57/17176.04) lat (ms,95%): 24.38 err/s: 0.00 reconn/s: 0.00
[ 180s ] thds: 200 tps: 8566.60 qps: 171374.70 (r/w/o: 119975.47/34265.62/17133.61) lat (ms,95%): 24.38 err/s: 0.00 reconn/s: 0.00
[ 190s ] thds: 200 tps: 8588.49 qps: 171763.47 (r/w/o: 120230.41/34356.27/17176.79) lat (ms,95%): 24.38 err/s: 0.00 reconn/s: 0.00
[ 200s ] thds: 200 tps: 8591.89 qps: 171859.69 (r/w/o: 120311.16/34364.96/17183.58) lat (ms,95%): 24.38 err/s: 0.00 reconn/s: 0.00
[ 210s ] thds: 200 tps: 8453.83 qps: 169204.60 (r/w/o: 118438.35/33858.50/16907.75) lat (ms,95%): 26.20 err/s: 0.00 reconn/s: 0.00
[ 220s ] thds: 200 tps: 8217.28 qps: 164324.97 (r/w/o: 115032.70/32859.01/16433.26) lat (ms,95%): 28.16 err/s: 0.00 reconn/s: 0.00
[ 230s ] thds: 200 tps: 8572.63 qps: 171379.32 (r/w/o: 119962.67/34271.70/17144.95) lat (ms,95%): 24.38 err/s: 0.00 reconn/s: 0.00
[ 240s ] thds: 200 tps: 8561.01 qps: 171130.90 (r/w/o: 119772.57/34235.12/17123.21) lat (ms,95%): 24.83 err/s: 0.00 reconn/s: 0.00
[ 250s ] thds: 200 tps: 8434.39 qps: 168761.35 (r/w/o: 118145.83/33747.65/16867.88) lat (ms,95%): 26.20 err/s: 0.00 reconn/s: 0.00
[ 260s ] thds: 200 tps: 8558.60 qps: 171149.60 (r/w/o: 119806.97/34224.02/17118.61) lat (ms,95%): 24.38 err/s: 0.00 reconn/s: 0.00
[ 270s ] thds: 200 tps: 8614.51 qps: 172271.68 (r/w/o: 120585.93/34456.54/17229.22) lat (ms,95%): 23.95 err/s: 0.00 reconn/s: 0.00
[ 280s ] thds: 200 tps: 8426.80 qps: 168651.59 (r/w/o: 118091.26/33706.22/16854.11) lat (ms,95%): 26.20 err/s: 0.00 reconn/s: 0.00
[ 290s ] thds: 200 tps: 8202.38 qps: 164005.06 (r/w/o: 114794.96/32805.53/16404.57) lat (ms,95%): 28.16 err/s: 0.00 reconn/s: 0.00
[ 300s ] thds: 200 tps: 8548.75 qps: 170975.50 (r/w/o: 119680.67/34197.12/17097.71) lat (ms,95%): 24.38 err/s: 0.10 reconn/s: 0.00
[ 310s ] thds: 200 tps: 8543.00 qps: 170815.96 (r/w/o: 119549.34/34180.81/17085.81) lat (ms,95%): 24.83 err/s: 0.00 reconn/s: 0.00
[ 320s ] thds: 200 tps: 8603.13 qps: 172101.88 (r/w/o: 120488.71/34406.92/17206.26) lat (ms,95%): 23.95 err/s: 0.00 reconn/s: 0.00
[ 330s ] thds: 200 tps: 8544.22 qps: 170789.81 (r/w/o: 119528.92/34172.56/17088.33) lat (ms,95%): 24.38 err/s: 0.00 reconn/s: 0.00
[ 340s ] thds: 200 tps: 8587.64 qps: 171838.75 (r/w/o: 120309.33/34353.65/17175.78) lat (ms,95%): 24.38 err/s: 0.00 reconn/s: 0.00
[ 350s ] thds: 200 tps: 8430.66 qps: 168618.07 (r/w/o: 118037.92/33718.63/16861.52) lat (ms,95%): 26.20 err/s: 0.00 reconn/s: 0.00
[ 360s ] thds: 200 tps: 8151.91 qps: 162965.52 (r/w/o: 114042.75/32622.14/16300.62) lat (ms,95%): 28.16 err/s: 0.00 reconn/s: 0.00
[ 370s ] thds: 200 tps: 8455.43 qps: 169057.00 (r/w/o: 118333.62/33810.02/16913.36) lat (ms,95%): 24.83 err/s: 0.00 reconn/s: 0.00
[ 380s ] thds: 200 tps: 8478.05 qps: 169718.33 (r/w/o: 118851.45/33909.89/16956.99) lat (ms,95%): 24.83 err/s: 0.00 reconn/s: 0.00
[ 390s ] thds: 200 tps: 8509.50 qps: 170164.93 (r/w/o: 119083.82/34063.91/17017.20) lat (ms,95%): 24.83 err/s: 0.00 reconn/s: 0.00
[ 400s ] thds: 200 tps: 8468.61 qps: 169276.09 (r/w/o: 118484.13/33854.14/16937.82) lat (ms,95%): 24.83 err/s: 0.10 reconn/s: 0.00
[ 410s ] thds: 200 tps: 8481.83 qps: 169750.75 (r/w/o: 118856.65/33929.23/16964.86) lat (ms,95%): 24.83 err/s: 0.00 reconn/s: 0.00
[ 420s ] thds: 200 tps: 8411.78 qps: 168195.44 (r/w/o: 117732.28/33639.01/16824.15) lat (ms,95%): 26.20 err/s: 0.00 reconn/s: 0.00
[ 430s ] thds: 200 tps: 8129.55 qps: 162539.64 (r/w/o: 113745.43/32538.31/16255.90) lat (ms,95%): 28.67 err/s: 0.00 reconn/s: 0.00
[ 440s ] thds: 200 tps: 8449.17 qps: 168987.47 (r/w/o: 118309.16/33776.87/16901.44) lat (ms,95%): 24.83 err/s: 0.00 reconn/s: 0.00
[ 450s ] thds: 200 tps: 8484.40 qps: 169762.03 (r/w/o: 118853.82/33939.31/16968.90) lat (ms,95%): 24.83 err/s: 0.00 reconn/s: 0.00
[ 460s ] thds: 200 tps: 8489.25 qps: 169791.41 (r/w/o: 118832.10/33982.70/16976.60) lat (ms,95%): 24.83 err/s: 0.10 reconn/s: 0.00
[ 470s ] thds: 200 tps: 8495.27 qps: 169918.84 (r/w/o: 118970.34/33955.57/16992.93) lat (ms,95%): 24.83 err/s: 0.00 reconn/s: 0.00
[ 480s ] thds: 200 tps: 8446.95 qps: 168870.80 (r/w/o: 118174.33/33806.68/16889.79) lat (ms,95%): 25.28 err/s: 0.00 reconn/s: 0.00
[ 490s ] thds: 200 tps: 8355.68 qps: 167044.46 (r/w/o: 116925.46/33404.73/16714.27) lat (ms,95%): 26.68 err/s: 0.00 reconn/s: 0.00
[ 500s ] thds: 200 tps: 8198.31 qps: 164060.69 (r/w/o: 114847.74/32817.64/16395.32) lat (ms,95%): 28.16 err/s: 0.00 reconn/s: 0.00
[ 510s ] thds: 200 tps: 8274.73 qps: 165456.46 (r/w/o: 115828.09/33077.41/16550.96) lat (ms,95%): 27.66 err/s: 0.00 reconn/s: 0.00
[ 520s ] thds: 200 tps: 8565.58 qps: 171386.98 (r/w/o: 119976.50/34280.02/17130.46) lat (ms,95%): 24.38 err/s: 0.00 reconn/s: 0.00
[ 530s ] thds: 200 tps: 8450.30 qps: 168945.89 (r/w/o: 118266.36/33777.12/16902.41) lat (ms,95%): 24.83 err/s: 0.00 reconn/s: 0.00
[ 540s ] thds: 200 tps: 8476.39 qps: 169634.75 (r/w/o: 118762.72/33919.55/16952.47) lat (ms,95%): 24.83 err/s: 0.00 reconn/s: 0.00
[ 550s ] thds: 200 tps: 8575.81 qps: 171413.09 (r/w/o: 119969.93/34291.54/17151.62) lat (ms,95%): 24.38 err/s: 0.00 reconn/s: 0.00
[ 560s ] thds: 200 tps: 8423.40 qps: 168468.29 (r/w/o: 117910.39/33713.70/16844.20) lat (ms,95%): 25.74 err/s: 0.00 reconn/s: 0.00
[ 570s ] thds: 200 tps: 8278.30 qps: 165585.11 (r/w/o: 115911.31/33116.50/16557.30) lat (ms,95%): 27.17 err/s: 0.00 reconn/s: 0.00
[ 580s ] thds: 200 tps: 8249.10 qps: 164889.39 (r/w/o: 115417.99/32971.60/16499.80) lat (ms,95%): 27.17 err/s: 0.00 reconn/s: 0.00
[ 590s ] thds: 200 tps: 8435.99 qps: 168719.77 (r/w/o: 118102.01/33745.57/16872.19) lat (ms,95%): 25.28 err/s: 0.00 reconn/s: 0.00
[ 600s ] thds: 200 tps: 8465.89 qps: 169365.09 (r/w/o: 118571.42/33861.58/16932.09) lat (ms,95%): 24.83 err/s: 0.00 reconn/s: 0.00
[ 610s ] thds: 200 tps: 8556.70 qps: 171206.01 (r/w/o: 119858.94/34234.38/17112.69) lat (ms,95%): 24.38 err/s: 0.00 reconn/s: 0.00
[ 620s ] thds: 200 tps: 8437.00 qps: 168819.11 (r/w/o: 118173.04/33771.78/16874.29) lat (ms,95%): 24.83 err/s: 0.00 reconn/s: 0.00
[ 630s ] thds: 200 tps: 8339.81 qps: 166743.97 (r/w/o: 116735.22/33328.73/16680.02) lat (ms,95%): 26.20 err/s: 0.00 reconn/s: 0.00
[ 640s ] thds: 200 tps: 8328.53 qps: 166617.73 (r/w/o: 116626.57/33334.01/16657.15) lat (ms,95%): 26.68 err/s: 0.00 reconn/s: 0.00
[ 650s ] thds: 200 tps: 8254.30 qps: 165005.52 (r/w/o: 115476.11/33022.10/16507.30) lat (ms,95%): 27.17 err/s: 0.10 reconn/s: 0.00
[ 660s ] thds: 200 tps: 8433.08 qps: 168598.49 (r/w/o: 118022.21/33709.22/16867.06) lat (ms,95%): 25.28 err/s: 0.00 reconn/s: 0.00
[ 670s ] thds: 200 tps: 8472.21 qps: 169568.75 (r/w/o: 118713.91/33910.03/16944.82) lat (ms,95%): 24.83 err/s: 0.10 reconn/s: 0.00
[ 680s ] thds: 200 tps: 8482.11 qps: 169617.15 (r/w/o: 118745.78/33906.35/16965.03) lat (ms,95%): 24.83 err/s: 0.00 reconn/s: 0.00
[ 690s ] thds: 200 tps: 8473.19 qps: 169410.02 (r/w/o: 118551.11/33916.94/16941.97) lat (ms,95%): 24.83 err/s: 0.00 reconn/s: 0.00
[ 700s ] thds: 200 tps: 8384.39 qps: 167775.14 (r/w/o: 117464.39/33538.67/16772.08) lat (ms,95%): 25.74 err/s: 0.00 reconn/s: 0.00
[ 710s ] thds: 200 tps: 8301.76 qps: 165937.08 (r/w/o: 116152.99/33179.36/16604.73) lat (ms,95%): 26.68 err/s: 0.10 reconn/s: 0.00
[ 720s ] thds: 200 tps: 8156.53 qps: 163095.78 (r/w/o: 114156.87/32626.24/16312.67) lat (ms,95%): 28.16 err/s: 0.00 reconn/s: 0.00
[ 730s ] thds: 200 tps: 8321.32 qps: 166508.47 (r/w/o: 116580.73/33284.89/16642.85) lat (ms,95%): 26.20 err/s: 0.00 reconn/s: 0.00
[ 740s ] thds: 200 tps: 8374.97 qps: 167394.48 (r/w/o: 117142.94/33501.50/16750.05) lat (ms,95%): 25.28 err/s: 0.00 reconn/s: 0.00
[ 750s ] thds: 200 tps: 8271.85 qps: 165586.02 (r/w/o: 115946.24/33095.88/16543.89) lat (ms,95%): 27.17 err/s: 0.00 reconn/s: 0.00
[ 760s ] thds: 200 tps: 8420.48 qps: 168413.09 (r/w/o: 117870.98/33702.04/16840.07) lat (ms,95%): 25.28 err/s: 0.00 reconn/s: 0.00
[ 770s ] thds: 200 tps: 8317.79 qps: 166303.76 (r/w/o: 116404.00/33263.97/16635.79) lat (ms,95%): 25.74 err/s: 0.10 reconn/s: 0.00
[ 780s ] thds: 200 tps: 8260.88 qps: 165290.11 (r/w/o: 115715.56/33052.90/16521.65) lat (ms,95%): 27.17 err/s: 0.00 reconn/s: 0.00
[ 790s ] thds: 200 tps: 8145.39 qps: 162847.37 (r/w/o: 113978.64/32577.55/16291.18) lat (ms,95%): 28.16 err/s: 0.10 reconn/s: 0.00
[ 800s ] thds: 200 tps: 8387.13 qps: 167769.58 (r/w/o: 117466.77/33527.43/16775.37) lat (ms,95%): 25.28 err/s: 0.00 reconn/s: 0.00
[ 810s ] thds: 200 tps: 8435.93 qps: 168607.88 (r/w/o: 117998.00/33738.22/16871.66) lat (ms,95%): 24.83 err/s: 0.00 reconn/s: 0.00
[ 820s ] thds: 200 tps: 8399.17 qps: 167962.92 (r/w/o: 117567.73/33596.76/16798.43) lat (ms,95%): 25.28 err/s: 0.00 reconn/s: 0.00
[ 830s ] thds: 200 tps: 8369.62 qps: 167370.47 (r/w/o: 117146.63/33487.30/16736.55) lat (ms,95%): 25.28 err/s: 0.00 reconn/s: 0.00
[ 840s ] thds: 200 tps: 8294.77 qps: 165943.93 (r/w/o: 116165.50/33187.29/16591.14) lat (ms,95%): 26.20 err/s: 0.00 reconn/s: 0.00
SQL statistics:
    queries performed:
        read:                            98989870
        write:                           28282768
        other:                           14141440
        total:                           141414078
    transactions:                        7070694 (8413.91 per sec.)
    queries:                             141414078 (168278.38 per sec.)
    ignored errors:                      11     (0.01 per sec.)
    reconnects:                          0      (0.00 per sec.)

General statistics:
    total time:                          840.3569s
    total number of events:              7070694

Latency (ms):
         min:                                   21.50
         avg:                                   23.76
         max:                                  362.99
         95th percentile:                       25.28
         sum:                            168004774.93

Threads fairness:
    events (avg/stddev):           35353.4700/48.47
    execution time (avg/stddev):   840.0239/0.07

