sysbench 1.0.20-ebf1c90 (using bundled LuaJIT 2.1.0-beta2)

Running the test with following options:
Number of threads: 200
Report intermediate results every 10 second(s)
Initializing random number generator from current time


Initializing worker threads...

Threads started!

[ 10s ] thds: 200 tps: 7019.13 qps: 140583.22 (r/w/o: 98438.73/28086.93/14057.56) lat (ms,95%): 33.72 err/s: 0.00 reconn/s: 0.00
[ 20s ] thds: 200 tps: 8234.49 qps: 164686.03 (r/w/o: 115277.41/32940.05/16468.57) lat (ms,95%): 24.38 err/s: 0.00 reconn/s: 0.00
[ 30s ] thds: 200 tps: 8608.60 qps: 172126.10 (r/w/o: 120476.47/34432.42/17217.21) lat (ms,95%): 23.95 err/s: 0.00 reconn/s: 0.00
[ 40s ] thds: 200 tps: 8576.00 qps: 171579.12 (r/w/o: 120119.95/34306.78/17152.39) lat (ms,95%): 23.95 err/s: 0.00 reconn/s: 0.00
[ 50s ] thds: 200 tps: 8610.20 qps: 172106.93 (r/w/o: 120456.42/34429.71/17220.80) lat (ms,95%): 24.38 err/s: 0.00 reconn/s: 0.00
[ 60s ] thds: 200 tps: 8596.08 qps: 171975.11 (r/w/o: 120398.22/34384.82/17192.06) lat (ms,95%): 24.38 err/s: 0.00 reconn/s: 0.00
[ 70s ] thds: 200 tps: 8403.92 qps: 168172.47 (r/w/o: 117747.33/33617.29/16807.85) lat (ms,95%): 27.66 err/s: 0.00 reconn/s: 0.00
[ 80s ] thds: 200 tps: 8255.39 qps: 165092.66 (r/w/o: 115536.70/33046.47/16509.49) lat (ms,95%): 28.16 err/s: 0.10 reconn/s: 0.00
[ 90s ] thds: 200 tps: 8591.07 qps: 171797.25 (r/w/o: 120271.74/34341.87/17183.63) lat (ms,95%): 24.38 err/s: 0.00 reconn/s: 0.00
[ 100s ] thds: 200 tps: 8607.34 qps: 172085.62 (r/w/o: 120444.70/34425.74/17215.17) lat (ms,95%): 24.38 err/s: 0.00 reconn/s: 0.00
[ 110s ] thds: 200 tps: 8586.80 qps: 171853.40 (r/w/o: 120315.20/34364.50/17173.70) lat (ms,95%): 24.38 err/s: 0.10 reconn/s: 0.00
[ 120s ] thds: 200 tps: 8601.30 qps: 171987.33 (r/w/o: 120396.85/34387.69/17202.79) lat (ms,95%): 24.38 err/s: 0.00 reconn/s: 0.00
[ 130s ] thds: 200 tps: 8619.79 qps: 172324.70 (r/w/o: 120604.49/34481.14/17239.07) lat (ms,95%): 23.95 err/s: 0.00 reconn/s: 0.00
[ 140s ] thds: 200 tps: 8391.22 qps: 167855.90 (r/w/o: 117509.78/33562.88/16783.24) lat (ms,95%): 27.17 err/s: 0.00 reconn/s: 0.00
[ 150s ] thds: 200 tps: 8253.95 qps: 165040.80 (r/w/o: 115518.70/33014.20/16507.90) lat (ms,95%): 28.16 err/s: 0.00 reconn/s: 0.00
[ 160s ] thds: 200 tps: 8565.54 qps: 171359.22 (r/w/o: 119946.27/34283.06/17129.88) lat (ms,95%): 24.38 err/s: 0.00 reconn/s: 0.00
[ 170s ] thds: 200 tps: 8582.37 qps: 171671.91 (r/w/o: 120169.32/34339.56/17163.03) lat (ms,95%): 24.38 err/s: 0.00 reconn/s: 0.00
[ 180s ] thds: 200 tps: 8569.74 qps: 171307.88 (r/w/o: 119906.75/34261.76/17139.38) lat (ms,95%): 24.38 err/s: 0.00 reconn/s: 0.00
[ 190s ] thds: 200 tps: 8582.69 qps: 171706.64 (r/w/o: 120200.99/34339.47/17166.18) lat (ms,95%): 24.38 err/s: 0.00 reconn/s: 0.00
[ 200s ] thds: 200 tps: 8593.11 qps: 171768.12 (r/w/o: 120227.15/34352.84/17188.12) lat (ms,95%): 24.38 err/s: 0.00 reconn/s: 0.00
[ 210s ] thds: 200 tps: 8452.99 qps: 169208.73 (r/w/o: 118492.18/33810.07/16906.48) lat (ms,95%): 25.74 err/s: 0.00 reconn/s: 0.00
[ 220s ] thds: 200 tps: 8214.11 qps: 164257.14 (r/w/o: 114973.80/32855.13/16428.21) lat (ms,95%): 28.16 err/s: 0.00 reconn/s: 0.00
[ 230s ] thds: 200 tps: 8566.00 qps: 171304.24 (r/w/o: 119904.42/34268.91/17130.90) lat (ms,95%): 24.38 err/s: 0.00 reconn/s: 0.00
[ 240s ] thds: 200 tps: 8547.30 qps: 171023.25 (r/w/o: 119718.36/34209.69/17095.19) lat (ms,95%): 24.83 err/s: 0.10 reconn/s: 0.00
[ 250s ] thds: 200 tps: 8436.80 qps: 168718.49 (r/w/o: 118112.46/33731.92/16874.11) lat (ms,95%): 26.20 err/s: 0.00 reconn/s: 0.00
[ 260s ] thds: 200 tps: 8557.79 qps: 171031.81 (r/w/o: 119687.07/34231.86/17112.88) lat (ms,95%): 24.38 err/s: 0.10 reconn/s: 0.00
[ 270s ] thds: 200 tps: 8607.40 qps: 172224.02 (r/w/o: 120570.05/34437.58/17216.39) lat (ms,95%): 23.95 err/s: 0.10 reconn/s: 0.00
[ 280s ] thds: 200 tps: 8433.51 qps: 168615.39 (r/w/o: 118031.23/33715.44/16868.72) lat (ms,95%): 26.20 err/s: 0.00 reconn/s: 0.00
[ 290s ] thds: 200 tps: 8196.90 qps: 163909.85 (r/w/o: 114726.14/32789.91/16393.81) lat (ms,95%): 28.16 err/s: 0.00 reconn/s: 0.00
[ 300s ] thds: 200 tps: 8546.30 qps: 170926.23 (r/w/o: 119649.25/34184.99/17091.99) lat (ms,95%): 24.38 err/s: 0.00 reconn/s: 0.00
[ 310s ] thds: 200 tps: 8532.01 qps: 170728.01 (r/w/o: 119521.45/34143.64/17062.92) lat (ms,95%): 24.83 err/s: 0.00 reconn/s: 0.00
[ 320s ] thds: 200 tps: 8605.20 qps: 172037.40 (r/w/o: 120420.53/34405.38/17211.49) lat (ms,95%): 23.95 err/s: 0.00 reconn/s: 0.00
[ 330s ] thds: 200 tps: 8532.00 qps: 170684.69 (r/w/o: 119469.59/34154.90/17060.20) lat (ms,95%): 24.38 err/s: 0.00 reconn/s: 0.00
[ 340s ] thds: 200 tps: 8594.00 qps: 171808.40 (r/w/o: 120266.40/34349.90/17192.10) lat (ms,95%): 24.38 err/s: 0.00 reconn/s: 0.00
[ 350s ] thds: 200 tps: 8428.00 qps: 168540.99 (r/w/o: 117975.79/33709.40/16855.80) lat (ms,95%): 26.20 err/s: 0.00 reconn/s: 0.00
[ 360s ] thds: 200 tps: 8135.78 qps: 162882.57 (r/w/o: 114057.50/32552.91/16272.16) lat (ms,95%): 28.16 err/s: 0.00 reconn/s: 0.00
[ 370s ] thds: 200 tps: 8447.82 qps: 168993.52 (r/w/o: 118283.89/33813.98/16895.64) lat (ms,95%): 24.83 err/s: 0.10 reconn/s: 0.00
[ 380s ] thds: 200 tps: 8493.90 qps: 169693.55 (r/w/o: 118763.57/33941.99/16988.00) lat (ms,95%): 24.83 err/s: 0.00 reconn/s: 0.00
[ 390s ] thds: 200 tps: 8497.67 qps: 170084.43 (r/w/o: 119089.73/33999.57/16995.13) lat (ms,95%): 24.83 err/s: 0.00 reconn/s: 0.00
[ 400s ] thds: 200 tps: 8457.93 qps: 169182.38 (r/w/o: 118420.57/33846.64/16915.17) lat (ms,95%): 24.83 err/s: 0.00 reconn/s: 0.00
[ 410s ] thds: 200 tps: 8488.27 qps: 169668.44 (r/w/o: 118760.51/33930.49/16977.44) lat (ms,95%): 24.83 err/s: 0.00 reconn/s: 0.00
[ 420s ] thds: 200 tps: 8410.22 qps: 168135.38 (r/w/o: 117671.34/33644.00/16820.05) lat (ms,95%): 26.20 err/s: 0.00 reconn/s: 0.00
[ 430s ] thds: 200 tps: 8118.20 qps: 162542.28 (r/w/o: 113823.18/32482.00/16237.10) lat (ms,95%): 28.67 err/s: 0.00 reconn/s: 0.00
[ 440s ] thds: 200 tps: 8454.60 qps: 168915.91 (r/w/o: 118189.31/33820.30/16906.30) lat (ms,95%): 25.28 err/s: 0.00 reconn/s: 0.00
[ 450s ] thds: 200 tps: 8483.20 qps: 169691.95 (r/w/o: 118803.63/33918.91/16969.40) lat (ms,95%): 24.83 err/s: 0.00 reconn/s: 0.00
[ 460s ] thds: 200 tps: 8480.30 qps: 169703.92 (r/w/o: 118819.21/33924.40/16960.30) lat (ms,95%): 24.83 err/s: 0.00 reconn/s: 0.00
[ 470s ] thds: 200 tps: 8495.60 qps: 169812.90 (r/w/o: 118842.43/33979.08/16991.39) lat (ms,95%): 24.83 err/s: 0.00 reconn/s: 0.00
[ 480s ] thds: 200 tps: 8435.87 qps: 168832.84 (r/w/o: 118213.04/33748.37/16871.43) lat (ms,95%): 25.28 err/s: 0.00 reconn/s: 0.00
[ 490s ] thds: 200 tps: 8347.04 qps: 166941.37 (r/w/o: 116846.14/33401.75/16693.48) lat (ms,95%): 26.68 err/s: 0.00 reconn/s: 0.00
[ 500s ] thds: 200 tps: 8199.98 qps: 163994.87 (r/w/o: 114805.00/32789.01/16400.86) lat (ms,95%): 28.16 err/s: 0.20 reconn/s: 0.00
[ 510s ] thds: 200 tps: 8270.80 qps: 165372.99 (r/w/o: 115742.89/33089.10/16541.00) lat (ms,95%): 27.66 err/s: 0.10 reconn/s: 0.00
[ 520s ] thds: 200 tps: 8563.92 qps: 171289.44 (r/w/o: 119916.21/34244.09/17129.14) lat (ms,95%): 24.38 err/s: 0.00 reconn/s: 0.00
[ 530s ] thds: 200 tps: 8448.09 qps: 168840.64 (r/w/o: 118150.49/33795.47/16894.68) lat (ms,95%): 24.83 err/s: 0.10 reconn/s: 0.00
[ 540s ] thds: 200 tps: 8476.60 qps: 169622.08 (r/w/o: 118765.96/33900.92/16955.21) lat (ms,95%): 24.83 err/s: 0.00 reconn/s: 0.00
[ 550s ] thds: 200 tps: 8568.11 qps: 171320.23 (r/w/o: 119903.09/34282.03/17135.11) lat (ms,95%): 24.38 err/s: 0.00 reconn/s: 0.00
[ 560s ] thds: 200 tps: 8411.80 qps: 168381.54 (r/w/o: 117901.96/33655.09/16824.49) lat (ms,95%): 25.74 err/s: 0.00 reconn/s: 0.00
[ 570s ] thds: 200 tps: 8276.80 qps: 165503.70 (r/w/o: 115856.77/33093.02/16553.91) lat (ms,95%): 27.17 err/s: 0.00 reconn/s: 0.00
[ 580s ] thds: 200 tps: 8241.10 qps: 164823.33 (r/w/o: 115354.75/32988.39/16480.19) lat (ms,95%): 27.17 err/s: 0.00 reconn/s: 0.00
[ 590s ] thds: 200 tps: 8434.60 qps: 168690.86 (r/w/o: 118078.04/33743.61/16869.21) lat (ms,95%): 24.83 err/s: 0.00 reconn/s: 0.00
[ 600s ] thds: 200 tps: 8467.80 qps: 169257.03 (r/w/o: 118467.02/33855.21/16934.80) lat (ms,95%): 24.83 err/s: 0.00 reconn/s: 0.00
[ 610s ] thds: 200 tps: 8555.69 qps: 171113.20 (r/w/o: 119790.76/34208.66/17113.78) lat (ms,95%): 24.38 err/s: 0.00 reconn/s: 0.00
[ 620s ] thds: 200 tps: 8436.60 qps: 168797.71 (r/w/o: 118180.64/33743.38/16873.69) lat (ms,95%): 24.83 err/s: 0.00 reconn/s: 0.00
[ 630s ] thds: 200 tps: 8336.21 qps: 166650.55 (r/w/o: 116632.67/33345.55/16672.32) lat (ms,95%): 26.20 err/s: 0.00 reconn/s: 0.00
[ 640s ] thds: 200 tps: 8325.40 qps: 166556.07 (r/w/o: 116604.68/33300.49/16650.90) lat (ms,95%): 26.68 err/s: 0.00 reconn/s: 0.00
[ 650s ] thds: 200 tps: 8244.29 qps: 164944.39 (r/w/o: 115470.02/32986.08/16488.29) lat (ms,95%): 27.17 err/s: 0.00 reconn/s: 0.00
[ 660s ] thds: 200 tps: 8430.31 qps: 168526.22 (r/w/o: 117932.38/33734.52/16859.31) lat (ms,95%): 25.28 err/s: 0.10 reconn/s: 0.00
[ 670s ] thds: 200 tps: 8472.90 qps: 169521.85 (r/w/o: 118701.46/33872.49/16947.89) lat (ms,95%): 24.83 err/s: 0.20 reconn/s: 0.00
[ 680s ] thds: 200 tps: 8481.71 qps: 169545.57 (r/w/o: 118657.22/33924.53/16963.82) lat (ms,95%): 24.83 err/s: 0.10 reconn/s: 0.00
[ 690s ] thds: 200 tps: 8462.44 qps: 169358.70 (r/w/o: 118581.03/33852.88/16924.79) lat (ms,95%): 24.83 err/s: 0.00 reconn/s: 0.00
[ 700s ] thds: 200 tps: 8387.45 qps: 167725.42 (r/w/o: 117402.74/33547.88/16774.79) lat (ms,95%): 25.74 err/s: 0.00 reconn/s: 0.00
[ 710s ] thds: 200 tps: 8298.10 qps: 165823.70 (r/w/o: 116032.77/33195.52/16595.41) lat (ms,95%): 26.68 err/s: 0.00 reconn/s: 0.00
[ 720s ] thds: 200 tps: 8151.70 qps: 163073.07 (r/w/o: 114153.78/32617.59/16301.70) lat (ms,95%): 28.16 err/s: 0.00 reconn/s: 0.00
[ 730s ] thds: 200 tps: 8323.39 qps: 166462.21 (r/w/o: 116533.47/33279.16/16649.58) lat (ms,95%): 26.20 err/s: 0.00 reconn/s: 0.00
[ 740s ] thds: 200 tps: 8362.50 qps: 167317.10 (r/w/o: 117121.00/33473.20/16722.90) lat (ms,95%): 25.28 err/s: 0.00 reconn/s: 0.00
[ 750s ] thds: 200 tps: 8277.71 qps: 165542.50 (r/w/o: 115897.24/33087.54/16557.72) lat (ms,95%): 27.17 err/s: 0.00 reconn/s: 0.00
[ 760s ] thds: 200 tps: 8413.10 qps: 168307.37 (r/w/o: 117829.85/33651.41/16826.11) lat (ms,95%): 25.28 err/s: 0.00 reconn/s: 0.00
[ 770s ] thds: 200 tps: 8313.48 qps: 166303.37 (r/w/o: 116415.37/33261.13/16626.87) lat (ms,95%): 25.74 err/s: 0.00 reconn/s: 0.00
[ 780s ] thds: 200 tps: 8261.41 qps: 165194.67 (r/w/o: 115632.79/33038.75/16523.13) lat (ms,95%): 27.17 err/s: 0.10 reconn/s: 0.00
[ 790s ] thds: 200 tps: 8141.21 qps: 162866.56 (r/w/o: 114010.11/32573.83/16282.62) lat (ms,95%): 28.16 err/s: 0.10 reconn/s: 0.00
[ 800s ] thds: 200 tps: 8391.29 qps: 167720.96 (r/w/o: 117381.73/33556.35/16782.88) lat (ms,95%): 25.28 err/s: 0.10 reconn/s: 0.00
[ 810s ] thds: 200 tps: 8429.30 qps: 168574.01 (r/w/o: 117985.11/33734.40/16854.50) lat (ms,95%): 24.83 err/s: 0.00 reconn/s: 0.00
[ 820s ] thds: 200 tps: 8394.07 qps: 167884.54 (r/w/o: 117517.84/33576.97/16789.73) lat (ms,95%): 25.28 err/s: 0.00 reconn/s: 0.00
[ 830s ] thds: 200 tps: 8359.91 qps: 167339.45 (r/w/o: 117177.28/33439.75/16722.43) lat (ms,95%): 25.28 err/s: 0.00 reconn/s: 0.00
[ 840s ] thds: 200 tps: 8306.07 qps: 165997.87 (r/w/o: 116159.83/33229.09/16608.95) lat (ms,95%): 26.20 err/s: 0.00 reconn/s: 0.00
SQL statistics:
    queries performed:
        read:                            98949662
        write:                           28271275
        other:                           14135689
        total:                           141356626
    transactions:                        7067816 (8410.43 per sec.)
    queries:                             141356626 (168208.98 per sec.)
    ignored errors:                      17     (0.02 per sec.)
    reconnects:                          0      (0.00 per sec.)

General statistics:
    total time:                          840.3621s
    total number of events:              7067816

Latency (ms):
         min:                                   21.50
         avg:                                   23.77
         max:                                  363.75
         95th percentile:                       25.28
         sum:                            168004394.34

Threads fairness:
    events (avg/stddev):           35339.0800/47.51
    execution time (avg/stddev):   840.0220/0.07

