=== [08:13:45] sb24 start
=== [08:13:45] 1 dataset 250 x 1.2M
tmpfs           450G     0  450G   0% /mnt/pgramdisk
1G hugepages: 201 (want 201), per node 101 100
CREATE ROLE
CREATE DATABASE
init done
sbtest size: 74 GB
WARNING:  permission denied to vacuum "pg_authid", skipping it
WARNING:  permission denied to vacuum "pg_database", skipping it
WARNING:  permission denied to vacuum "pg_tablespace", skipping it
WARNING:  permission denied to vacuum "pg_auth_members", skipping it
WARNING:  permission denied to vacuum "pg_shdescription", skipping it
WARNING:  permission denied to vacuum "pg_db_role_setting", skipping it
WARNING:  permission denied to vacuum "pg_shdepend", skipping it
WARNING:  permission denied to vacuum "pg_replication_origin", skipping it
WARNING:  permission denied to vacuum "pg_shseclabel", skipping it
WARNING:  permission denied to vacuum "pg_parameter_acl", skipping it
WARNING:  permission denied to vacuum "pg_subscription", skipping it
golden: 138G
/opt/g15-pg18-base 6085cabc1498 bolt=0
/opt/g15sb-pg18-pgoltob 81a3c772a9b4 bolt=1
/opt/g15-pg18-pgoltob 2b4d8844dc0c bolt=1
=== [08:18:26] 2 ladder: mirrored, 32..1024 threads, 120 s warm + 240 s each
started base md5=6085cabc1498 aff=0-95 autovacuum=off ckpt=1h age=112545
01-base	32	12862.9	9.6	7.1	3.65	0	0	0
01-base	64	23529.3	24.5	12.5	3.46	0	0	0
01-base	128	33960.0	37.3	19.4	4.59	0	0	0
01-base	256	50668.4	58.8	32.3	7.08	0	0	0
01-base	512	69441.8	90.3	48.0	11.75	0	0	0
01-base	1024	69148.4	94.2	47.6	26.67	0	0	0
started sbpgoltob md5=81a3c772a9b4 aff=0-95 autovacuum=off ckpt=1h age=112545
02-sbpgoltob	32	13317.7	9.2	7.4	3.47	0	0	0
02-sbpgoltob	64	24518.2	23.1	13.2	3.30	0	0	0
02-sbpgoltob	128	36476.2	37.8	21.2	4.40	0	0	0
02-sbpgoltob	256	53088.1	54.9	34.7	6.80	0	0	0
02-sbpgoltob	512	74425.6	87.1	51.0	10.90	0	0	0
02-sbpgoltob	1024	76886.1	92.9	53.5	23.86	0	0	0
started hdbpgoltob md5=2b4d8844dc0c aff=0-95 autovacuum=off ckpt=1h age=112545
03-hdbpgoltob	32	13638.2	9.4	7.5	3.27	0	0	0
03-hdbpgoltob	64	24512.5	22.6	13.1	3.30	0	0	0
03-hdbpgoltob	128	36145.4	36.7	20.9	4.35	0	0	0
03-hdbpgoltob	256	52641.1	54.8	34.6	6.76	0	0	0
03-hdbpgoltob	512	73627.3	89.1	50.8	10.91	0	0	0
03-hdbpgoltob	1024	75060.9	94.0	52.2	23.99	0	0	0
started hdbpgoltob md5=2b4d8844dc0c aff=0-95 autovacuum=off ckpt=1h age=112545
04-hdbpgoltob	32	13053.2	9.3	7.2	3.62	0	0	0
04-hdbpgoltob	64	24749.0	23.9	13.2	3.26	0	0	0
04-hdbpgoltob	128	35754.7	37.0	20.7	4.42	0	0	0
04-hdbpgoltob	256	51667.6	55.1	33.8	7.03	0	0	0
04-hdbpgoltob	512	73888.7	88.9	51.7	10.92	0	0	0
04-hdbpgoltob	1024	75977.2	93.8	53.0	24.17	0	0	0
started sbpgoltob md5=81a3c772a9b4 aff=0-95 autovacuum=off ckpt=1h age=112545
05-sbpgoltob	32	13269.2	8.9	7.3	3.45	0	0	0
05-sbpgoltob	64	24589.4	22.1	13.3	3.29	0	0	0
05-sbpgoltob	128	36999.6	37.1	21.7	4.34	0	0	0
05-sbpgoltob	256	52532.2	53.4	34.3	6.85	0	0	0
05-sbpgoltob	512	75294.6	87.4	51.5	10.60	0	0	0
05-sbpgoltob	1024	78107.0	93.2	52.7	23.03	0	0	0
started base md5=6085cabc1498 aff=0-95 autovacuum=off ckpt=1h age=112545
06-base	32	13040.5	10.2	7.0	3.44	0	0	0
06-base	64	23393.0	25.1	12.5	3.45	0	0	0
06-base	128	33334.5	37.3	19.0	4.75	0	0	0
06-base	256	50494.3	60.0	32.5	7.17	0	0	0
06-base	512	70092.8	90.3	48.4	11.68	0	0	0
06-base	1024	71039.2	94.3	49.6	25.81	0	0	0
=== [12:13:11] 3 summary
| threads | base tps | sbpgoltob | vs base | hdbpgoltob | vs base | busy base/sb/hdb | CPU/txn sb / hdb |
|---|---|---|---|---|---|---|---|
| 32 | 12952 | 13293 | +2.64% | 13346 | +3.04% | 9.9/9.1/9.4 | -10.9% / -8.3% |
| 64 | 23461 | 24554 | +4.66% | 24631 | +4.99% | 24.8/22.6/23.2 | -12.9% / -10.7% |
| 128 | 33647 | 36738 | +9.19% | 35950 | +6.84% | 37.3/37.5/36.9 | -8.0% / -7.5% |
| 256 | 50581 | 52810 | +4.41% | 52154 | +3.11% | 59.4/54.1/55.0 | -12.7% / -10.3% |
| 512 | 69767 | 74860 | +7.30% | 73758 | +5.72% | 90.3/87.2/89.0 | -10.0% / -6.8% |
| 1024 | 70094 | 77497 | +10.56% | 75519 | +7.74% | 94.2/93.1/93.9 | -10.7% / -7.5% |
| mean | | | +6.46% | | +5.24% | | |
=== [12:13:11] SB24_DONE
