sysbench 1.0.20-ebf1c90 (using bundled LuaJIT 2.1.0-beta2)

Running the test with following options:
Number of threads: 128
Report intermediate results every 10 second(s)
Initializing random number generator from current time


Initializing worker threads...

Threads started!

[ 10s ] thds: 128 tps: 18159.27 qps: 363321.02 (r/w/o: 254345.29/72644.79/36330.94) lat (ms,95%): 9.56 err/s: 0.00 reconn/s: 0.00
[ 20s ] thds: 128 tps: 31634.72 qps: 632685.96 (r/w/o: 442880.92/126535.59/63269.45) lat (ms,95%): 8.13 err/s: 0.00 reconn/s: 0.00
[ 30s ] thds: 128 tps: 40977.97 qps: 819563.62 (r/w/o: 573693.92/163913.56/81956.13) lat (ms,95%): 7.84 err/s: 0.10 reconn/s: 0.00
[ 40s ] thds: 128 tps: 45871.40 qps: 917454.34 (r/w/o: 642224.26/183486.99/91743.09) lat (ms,95%): 7.56 err/s: 0.10 reconn/s: 0.00
[ 50s ] thds: 128 tps: 44410.51 qps: 888217.71 (r/w/o: 621750.85/177645.74/88821.12) lat (ms,95%): 7.70 err/s: 0.00 reconn/s: 0.00
[ 60s ] thds: 128 tps: 45102.97 qps: 902045.57 (r/w/o: 631430.43/180409.39/90205.75) lat (ms,95%): 7.56 err/s: 0.00 reconn/s: 0.00
[ 70s ] thds: 128 tps: 43907.16 qps: 878147.11 (r/w/o: 614702.55/175630.34/87814.22) lat (ms,95%): 7.70 err/s: 0.00 reconn/s: 0.00
[ 80s ] thds: 128 tps: 45280.53 qps: 905588.04 (r/w/o: 633909.35/181117.53/90561.16) lat (ms,95%): 7.56 err/s: 0.00 reconn/s: 0.00
[ 90s ] thds: 128 tps: 44163.11 qps: 883286.59 (r/w/o: 618305.01/176655.46/88326.13) lat (ms,95%): 7.70 err/s: 0.00 reconn/s: 0.00
[ 100s ] thds: 128 tps: 45295.82 qps: 905915.17 (r/w/o: 634140.93/181182.49/90591.75) lat (ms,95%): 7.56 err/s: 0.00 reconn/s: 0.00
[ 110s ] thds: 128 tps: 43748.80 qps: 874968.48 (r/w/o: 612476.06/174994.72/87497.71) lat (ms,95%): 7.70 err/s: 0.00 reconn/s: 0.00
[ 120s ] thds: 128 tps: 44521.21 qps: 890449.28 (r/w/o: 623321.12/178085.34/89042.82) lat (ms,95%): 7.70 err/s: 0.00 reconn/s: 0.00
[ 130s ] thds: 128 tps: 43825.16 qps: 876469.98 (r/w/o: 613520.19/175299.86/87649.93) lat (ms,95%): 7.70 err/s: 0.00 reconn/s: 0.00
[ 140s ] thds: 128 tps: 45272.08 qps: 905447.90 (r/w/o: 633815.39/181088.34/90544.17) lat (ms,95%): 7.56 err/s: 0.00 reconn/s: 0.00
[ 150s ] thds: 128 tps: 43223.40 qps: 864472.23 (r/w/o: 605130.52/172894.91/86446.80) lat (ms,95%): 7.70 err/s: 0.00 reconn/s: 0.00
[ 160s ] thds: 128 tps: 43068.61 qps: 861380.26 (r/w/o: 602970.48/172272.15/86137.63) lat (ms,95%): 7.84 err/s: 0.00 reconn/s: 0.00
[ 170s ] thds: 128 tps: 37533.29 qps: 750639.83 (r/w/o: 525438.48/150134.77/75066.58) lat (ms,95%): 8.28 err/s: 0.00 reconn/s: 0.00
[ 180s ] thds: 128 tps: 38255.37 qps: 765109.22 (r/w/o: 535581.69/153017.08/76510.44) lat (ms,95%): 8.28 err/s: 0.00 reconn/s: 0.00
[ 190s ] thds: 128 tps: 42063.76 qps: 841280.61 (r/w/o: 588893.44/168259.74/84127.42) lat (ms,95%): 7.84 err/s: 0.00 reconn/s: 0.00
[ 200s ] thds: 128 tps: 42637.43 qps: 852765.48 (r/w/o: 596942.68/170547.44/85275.37) lat (ms,95%): 7.84 err/s: 0.00 reconn/s: 0.00
[ 210s ] thds: 128 tps: 41629.31 qps: 832575.17 (r/w/o: 582797.69/166519.25/83258.23) lat (ms,95%): 7.84 err/s: 0.00 reconn/s: 0.00
[ 220s ] thds: 128 tps: 42039.76 qps: 840804.45 (r/w/o: 588566.10/168158.63/84079.71) lat (ms,95%): 7.84 err/s: 0.00 reconn/s: 0.00
[ 230s ] thds: 128 tps: 41122.53 qps: 822426.68 (r/w/o: 575693.48/164488.14/82245.07) lat (ms,95%): 7.84 err/s: 0.00 reconn/s: 0.00
[ 240s ] thds: 128 tps: 42288.53 qps: 845769.40 (r/w/o: 592042.05/169150.80/84576.55) lat (ms,95%): 7.84 err/s: 0.00 reconn/s: 0.00
[ 250s ] thds: 128 tps: 40922.36 qps: 818461.51 (r/w/o: 572923.38/163693.12/81845.01) lat (ms,95%): 7.84 err/s: 0.00 reconn/s: 0.00
[ 260s ] thds: 128 tps: 41442.09 qps: 828851.11 (r/w/o: 580199.00/165768.04/82884.07) lat (ms,95%): 7.84 err/s: 0.00 reconn/s: 0.00
[ 270s ] thds: 128 tps: 40122.15 qps: 802436.35 (r/w/o: 561702.53/160489.51/80244.30) lat (ms,95%): 7.98 err/s: 0.00 reconn/s: 0.00
[ 280s ] thds: 128 tps: 41620.29 qps: 832398.82 (r/w/o: 582679.10/166479.14/83240.57) lat (ms,95%): 7.84 err/s: 0.00 reconn/s: 0.00
[ 290s ] thds: 128 tps: 41764.62 qps: 835302.50 (r/w/o: 584711.58/167061.18/83529.74) lat (ms,95%): 7.84 err/s: 0.00 reconn/s: 0.00
[ 300s ] thds: 128 tps: 40600.09 qps: 811993.47 (r/w/o: 568391.74/162401.65/81200.08) lat (ms,95%): 7.84 err/s: 0.00 reconn/s: 0.00
[ 310s ] thds: 128 tps: 39817.00 qps: 796332.67 (r/w/o: 557431.38/159267.69/79633.60) lat (ms,95%): 7.98 err/s: 0.00 reconn/s: 0.00
[ 320s ] thds: 128 tps: 40507.39 qps: 810163.23 (r/w/o: 567122.41/162025.65/81015.17) lat (ms,95%): 7.84 err/s: 0.00 reconn/s: 0.00
[ 330s ] thds: 128 tps: 35732.84 qps: 714644.68 (r/w/o: 500245.45/142933.76/71465.48) lat (ms,95%): 8.28 err/s: 0.00 reconn/s: 0.00
[ 340s ] thds: 128 tps: 36519.02 qps: 730369.21 (r/w/o: 511258.62/146072.56/73038.03) lat (ms,95%): 8.28 err/s: 0.00 reconn/s: 0.00
[ 350s ] thds: 128 tps: 37155.47 qps: 743131.45 (r/w/o: 520194.11/148626.09/74311.24) lat (ms,95%): 8.28 err/s: 0.00 reconn/s: 0.00
[ 360s ] thds: 128 tps: 40475.17 qps: 809513.60 (r/w/o: 566662.65/161900.80/80950.15) lat (ms,95%): 7.98 err/s: 0.00 reconn/s: 0.00
[ 370s ] thds: 128 tps: 39558.86 qps: 791147.86 (r/w/o: 553796.48/158233.65/79117.73) lat (ms,95%): 7.98 err/s: 0.00 reconn/s: 0.00
[ 380s ] thds: 128 tps: 40517.28 qps: 810360.41 (r/w/o: 567256.76/162069.20/81034.45) lat (ms,95%): 7.84 err/s: 0.00 reconn/s: 0.00
[ 390s ] thds: 128 tps: 39916.25 qps: 798316.97 (r/w/o: 558818.15/159666.51/79832.31) lat (ms,95%): 7.98 err/s: 0.00 reconn/s: 0.00
[ 400s ] thds: 128 tps: 41080.14 qps: 821607.56 (r/w/o: 575126.43/164320.85/82160.28) lat (ms,95%): 7.84 err/s: 0.00 reconn/s: 0.00
[ 410s ] thds: 128 tps: 40683.53 qps: 813683.34 (r/w/o: 569579.68/162736.61/81367.05) lat (ms,95%): 7.84 err/s: 0.00 reconn/s: 0.00
[ 420s ] thds: 128 tps: 40808.44 qps: 816166.16 (r/w/o: 571317.93/163231.15/81617.08) lat (ms,95%): 7.84 err/s: 0.00 reconn/s: 0.00
[ 430s ] thds: 128 tps: 40006.11 qps: 800099.07 (r/w/o: 560064.62/160022.43/80012.02) lat (ms,95%): 7.98 err/s: 0.00 reconn/s: 0.00
[ 440s ] thds: 128 tps: 40711.31 qps: 814231.74 (r/w/o: 569964.87/162844.05/81422.82) lat (ms,95%): 7.84 err/s: 0.00 reconn/s: 0.00
[ 450s ] thds: 128 tps: 40218.16 qps: 804369.63 (r/w/o: 563060.06/160873.25/80436.32) lat (ms,95%): 7.84 err/s: 0.00 reconn/s: 0.00
[ 460s ] thds: 128 tps: 40878.35 qps: 817568.84 (r/w/o: 572299.23/163512.81/81756.80) lat (ms,95%): 7.84 err/s: 0.00 reconn/s: 0.00
[ 470s ] thds: 128 tps: 39547.77 qps: 790958.36 (r/w/o: 553668.12/158194.59/79095.65) lat (ms,95%): 7.98 err/s: 0.00 reconn/s: 0.00
[ 480s ] thds: 128 tps: 40420.48 qps: 808418.18 (r/w/o: 565897.18/161680.14/80840.87) lat (ms,95%): 7.98 err/s: 0.00 reconn/s: 0.00
[ 490s ] thds: 128 tps: 37652.67 qps: 753040.29 (r/w/o: 527122.67/150612.08/75305.54) lat (ms,95%): 8.13 err/s: 0.00 reconn/s: 0.00
[ 500s ] thds: 128 tps: 36721.79 qps: 734442.36 (r/w/o: 514114.94/146884.25/73443.18) lat (ms,95%): 8.28 err/s: 0.00 reconn/s: 0.00
[ 510s ] thds: 128 tps: 35827.44 qps: 716549.78 (r/w/o: 501582.42/143312.08/71655.29) lat (ms,95%): 8.43 err/s: 0.00 reconn/s: 0.00
[ 520s ] thds: 128 tps: 38875.68 qps: 777514.48 (r/w/o: 544262.91/155500.32/77751.26) lat (ms,95%): 8.13 err/s: 0.00 reconn/s: 0.00
[ 530s ] thds: 128 tps: 39012.41 qps: 780252.90 (r/w/o: 546173.37/156054.72/78024.81) lat (ms,95%): 7.98 err/s: 0.00 reconn/s: 0.00
[ 540s ] thds: 128 tps: 39988.93 qps: 799785.39 (r/w/o: 559854.71/159952.92/79977.76) lat (ms,95%): 7.98 err/s: 0.00 reconn/s: 0.00
[ 550s ] thds: 128 tps: 39078.38 qps: 781548.05 (r/w/o: 547079.98/156311.41/78156.65) lat (ms,95%): 7.98 err/s: 0.00 reconn/s: 0.00
[ 560s ] thds: 128 tps: 40196.97 qps: 803947.25 (r/w/o: 562761.41/160791.49/80394.34) lat (ms,95%): 7.84 err/s: 0.00 reconn/s: 0.00
[ 570s ] thds: 128 tps: 39110.14 qps: 782204.52 (r/w/o: 547544.01/156440.64/78219.87) lat (ms,95%): 7.98 err/s: 0.00 reconn/s: 0.00
[ 580s ] thds: 128 tps: 39453.25 qps: 789073.52 (r/w/o: 552355.54/157811.18/78906.79) lat (ms,95%): 7.98 err/s: 0.00 reconn/s: 0.00
[ 590s ] thds: 128 tps: 39432.68 qps: 788638.93 (r/w/o: 552041.44/157732.13/78865.36) lat (ms,95%): 7.98 err/s: 0.00 reconn/s: 0.00
[ 600s ] thds: 128 tps: 36192.57 qps: 723862.64 (r/w/o: 506709.91/144767.59/72385.14) lat (ms,95%): 8.28 err/s: 0.00 reconn/s: 0.00
[ 610s ] thds: 128 tps: 34698.02 qps: 693950.75 (r/w/o: 485763.64/138791.27/69395.83) lat (ms,95%): 8.43 err/s: 0.00 reconn/s: 0.00
[ 620s ] thds: 128 tps: 39362.76 qps: 787251.64 (r/w/o: 551068.50/157458.13/78725.01) lat (ms,95%): 7.98 err/s: 0.00 reconn/s: 0.00
[ 630s ] thds: 128 tps: 38225.81 qps: 764508.42 (r/w/o: 535157.28/152899.12/76452.01) lat (ms,95%): 7.98 err/s: 0.00 reconn/s: 0.00
[ 640s ] thds: 128 tps: 39070.83 qps: 781422.71 (r/w/o: 546998.32/156282.72/78141.66) lat (ms,95%): 7.98 err/s: 0.00 reconn/s: 0.00
[ 650s ] thds: 128 tps: 38526.94 qps: 770541.97 (r/w/o: 539379.51/154108.47/77053.99) lat (ms,95%): 7.98 err/s: 0.00 reconn/s: 0.00
[ 660s ] thds: 128 tps: 37862.58 qps: 757273.79 (r/w/o: 530093.68/151454.94/75725.17) lat (ms,95%): 8.13 err/s: 0.00 reconn/s: 0.00
[ 670s ] thds: 128 tps: 35688.84 qps: 713761.90 (r/w/o: 499634.66/142749.46/71377.78) lat (ms,95%): 8.43 err/s: 0.00 reconn/s: 0.00
[ 680s ] thds: 128 tps: 36528.27 qps: 730584.17 (r/w/o: 511415.86/146111.67/73056.64) lat (ms,95%): 8.28 err/s: 0.00 reconn/s: 0.00
[ 690s ] thds: 128 tps: 35369.63 qps: 707375.29 (r/w/o: 495154.38/141482.04/70738.87) lat (ms,95%): 8.43 err/s: 0.00 reconn/s: 0.00
[ 700s ] thds: 128 tps: 39577.40 qps: 791540.57 (r/w/o: 554077.65/158308.11/79154.81) lat (ms,95%): 7.98 err/s: 0.00 reconn/s: 0.00
[ 710s ] thds: 128 tps: 38026.06 qps: 760522.44 (r/w/o: 532364.77/152105.25/76052.42) lat (ms,95%): 7.98 err/s: 0.00 reconn/s: 0.00
[ 720s ] thds: 128 tps: 38799.70 qps: 776023.03 (r/w/o: 543224.85/155198.59/77599.59) lat (ms,95%): 7.98 err/s: 0.00 reconn/s: 0.00
[ 730s ] thds: 128 tps: 37964.72 qps: 759272.03 (r/w/o: 531483.93/151859.37/75928.73) lat (ms,95%): 7.98 err/s: 0.00 reconn/s: 0.00
[ 740s ] thds: 128 tps: 39606.90 qps: 792128.35 (r/w/o: 554490.03/158423.91/79214.40) lat (ms,95%): 7.98 err/s: 0.00 reconn/s: 0.00
[ 750s ] thds: 128 tps: 38047.50 qps: 760945.50 (r/w/o: 532658.93/152191.78/76094.79) lat (ms,95%): 8.13 err/s: 0.00 reconn/s: 0.00
[ 760s ] thds: 128 tps: 39221.18 qps: 784435.76 (r/w/o: 549110.99/156882.21/78442.56) lat (ms,95%): 7.98 err/s: 0.00 reconn/s: 0.00
[ 770s ] thds: 128 tps: 39154.59 qps: 783085.78 (r/w/o: 548155.95/156620.96/78308.88) lat (ms,95%): 7.98 err/s: 0.00 reconn/s: 0.00
[ 780s ] thds: 128 tps: 39270.19 qps: 785365.07 (r/w/o: 549749.04/157081.25/78534.78) lat (ms,95%): 7.98 err/s: 0.00 reconn/s: 0.00
SQL statistics:
    queries performed:
        read:                            434505862
        write:                           124144525
        other:                           62072269
        total:                           620722656
    transactions:                        31036131 (39783.72 per sec.)
    queries:                             620722656 (795674.54 per sec.)
    ignored errors:                      2      (0.00 per sec.)
    reconnects:                          0      (0.00 per sec.)

General statistics:
    total time:                          780.1203s
    total number of events:              31036131

Latency (ms):
         min:                                    0.80
         avg:                                    3.22
         max:                                  140.90
         95th percentile:                        7.98
         sum:                             99805417.78

Threads fairness:
    events (avg/stddev):           242469.7734/2535.26
    execution time (avg/stddev):   779.7298/0.01

