sysbench 1.0.20-ebf1c90 (using bundled LuaJIT 2.1.0-beta2)

Running the test with following options:
Number of threads: 128
Report intermediate results every 10 second(s)
Initializing random number generator from current time


Initializing worker threads...

Threads started!

[ 10s ] thds: 128 tps: 21307.25 qps: 426279.82 (r/w/o: 298417.34/85235.79/42626.69) lat (ms,95%): 8.90 err/s: 0.00 reconn/s: 0.00
[ 20s ] thds: 128 tps: 41974.29 qps: 839489.66 (r/w/o: 587642.33/167898.45/83948.88) lat (ms,95%): 7.17 err/s: 0.00 reconn/s: 0.00
[ 30s ] thds: 128 tps: 51472.63 qps: 1029432.97 (r/w/o: 720600.50/205887.31/102945.16) lat (ms,95%): 7.04 err/s: 0.00 reconn/s: 0.00
[ 40s ] thds: 128 tps: 56238.85 qps: 1124793.52 (r/w/o: 787359.11/224956.70/112477.70) lat (ms,95%): 6.79 err/s: 0.10 reconn/s: 0.00
[ 50s ] thds: 128 tps: 52954.48 qps: 1059099.82 (r/w/o: 741370.63/211819.82/105909.36) lat (ms,95%): 7.04 err/s: 0.00 reconn/s: 0.00
[ 60s ] thds: 128 tps: 54531.77 qps: 1090623.28 (r/w/o: 763434.84/218124.80/109063.65) lat (ms,95%): 6.91 err/s: 0.00 reconn/s: 0.00
[ 70s ] thds: 128 tps: 53019.22 qps: 1060393.63 (r/w/o: 742275.30/212080.39/106037.94) lat (ms,95%): 7.04 err/s: 0.00 reconn/s: 0.00
[ 80s ] thds: 128 tps: 53910.04 qps: 1078200.69 (r/w/o: 754743.62/215636.58/107820.49) lat (ms,95%): 6.91 err/s: 0.00 reconn/s: 0.00
[ 90s ] thds: 128 tps: 52230.87 qps: 1044621.62 (r/w/o: 731234.13/208925.96/104461.53) lat (ms,95%): 7.04 err/s: 0.00 reconn/s: 0.00
[ 100s ] thds: 128 tps: 54111.67 qps: 1082224.20 (r/w/o: 757555.85/216444.80/108223.55) lat (ms,95%): 6.91 err/s: 0.00 reconn/s: 0.00
[ 110s ] thds: 128 tps: 52121.76 qps: 1042431.62 (r/w/o: 729702.65/208485.34/104243.62) lat (ms,95%): 7.04 err/s: 0.00 reconn/s: 0.00
[ 120s ] thds: 128 tps: 53691.79 qps: 1073848.68 (r/w/o: 751696.04/214769.66/107382.98) lat (ms,95%): 6.91 err/s: 0.00 reconn/s: 0.00
[ 130s ] thds: 128 tps: 49424.26 qps: 988486.87 (r/w/o: 691940.29/197697.45/98849.13) lat (ms,95%): 7.30 err/s: 0.00 reconn/s: 0.00
[ 140s ] thds: 128 tps: 45944.32 qps: 918873.32 (r/w/o: 643209.09/183775.78/91888.44) lat (ms,95%): 7.70 err/s: 0.00 reconn/s: 0.00
[ 150s ] thds: 128 tps: 45605.37 qps: 912121.88 (r/w/o: 638488.77/182422.28/91210.84) lat (ms,95%): 7.56 err/s: 0.00 reconn/s: 0.00
[ 160s ] thds: 128 tps: 51686.38 qps: 1033712.17 (r/w/o: 723595.17/206744.33/103372.67) lat (ms,95%): 7.04 err/s: 0.00 reconn/s: 0.00
[ 170s ] thds: 128 tps: 49288.48 qps: 985789.09 (r/w/o: 690053.79/197157.94/98577.37) lat (ms,95%): 7.30 err/s: 0.00 reconn/s: 0.00
[ 180s ] thds: 128 tps: 50047.16 qps: 1000930.26 (r/w/o: 700649.48/200187.05/100093.73) lat (ms,95%): 7.17 err/s: 0.00 reconn/s: 0.00
[ 190s ] thds: 128 tps: 48092.07 qps: 961845.02 (r/w/o: 673291.39/192369.28/96184.34) lat (ms,95%): 7.43 err/s: 0.00 reconn/s: 0.00
[ 200s ] thds: 128 tps: 50068.12 qps: 1001364.08 (r/w/o: 700958.34/200269.40/100136.35) lat (ms,95%): 7.17 err/s: 0.00 reconn/s: 0.00
[ 210s ] thds: 128 tps: 47142.63 qps: 942859.37 (r/w/o: 659999.47/188574.63/94285.27) lat (ms,95%): 7.43 err/s: 0.00 reconn/s: 0.00
[ 220s ] thds: 128 tps: 49572.52 qps: 991453.68 (r/w/o: 694021.93/198286.60/99145.15) lat (ms,95%): 7.17 err/s: 0.00 reconn/s: 0.00
[ 230s ] thds: 128 tps: 47119.19 qps: 942361.63 (r/w/o: 659645.61/188477.85/94238.17) lat (ms,95%): 7.43 err/s: 0.00 reconn/s: 0.00
[ 240s ] thds: 128 tps: 48255.77 qps: 965121.87 (r/w/o: 675586.23/193024.09/96511.55) lat (ms,95%): 7.30 err/s: 0.00 reconn/s: 0.00
[ 250s ] thds: 128 tps: 45769.11 qps: 915376.29 (r/w/o: 640764.63/183073.74/91537.92) lat (ms,95%): 7.43 err/s: 0.00 reconn/s: 0.00
[ 260s ] thds: 128 tps: 48114.46 qps: 962297.26 (r/w/o: 673608.38/192459.25/96229.63) lat (ms,95%): 7.30 err/s: 0.00 reconn/s: 0.00
[ 270s ] thds: 128 tps: 45282.93 qps: 905660.60 (r/w/o: 633962.52/181132.62/90565.46) lat (ms,95%): 7.56 err/s: 0.00 reconn/s: 0.00
[ 280s ] thds: 128 tps: 42974.08 qps: 859487.26 (r/w/o: 601639.16/171900.13/85947.97) lat (ms,95%): 7.84 err/s: 0.00 reconn/s: 0.00
[ 290s ] thds: 128 tps: 41153.09 qps: 823048.72 (r/w/o: 576136.31/164605.75/82306.67) lat (ms,95%): 7.98 err/s: 0.00 reconn/s: 0.00
[ 300s ] thds: 128 tps: 47142.89 qps: 942845.24 (r/w/o: 659988.62/188571.15/94285.47) lat (ms,95%): 7.43 err/s: 0.00 reconn/s: 0.00
[ 310s ] thds: 128 tps: 47027.32 qps: 940563.84 (r/w/o: 658397.04/188112.57/94054.23) lat (ms,95%): 7.30 err/s: 0.00 reconn/s: 0.00
[ 320s ] thds: 128 tps: 48041.07 qps: 960830.65 (r/w/o: 672582.61/192164.99/96083.04) lat (ms,95%): 7.30 err/s: 0.00 reconn/s: 0.00
[ 330s ] thds: 128 tps: 45155.97 qps: 903115.07 (r/w/o: 632183.56/180619.77/90311.74) lat (ms,95%): 7.56 err/s: 0.00 reconn/s: 0.00
[ 340s ] thds: 128 tps: 50272.92 qps: 1005459.75 (r/w/o: 703819.25/201095.07/100545.44) lat (ms,95%): 7.17 err/s: 0.00 reconn/s: 0.00
[ 350s ] thds: 128 tps: 45707.20 qps: 914136.30 (r/w/o: 639895.83/182825.98/91414.49) lat (ms,95%): 7.43 err/s: 0.00 reconn/s: 0.00
[ 360s ] thds: 128 tps: 47968.89 qps: 959372.84 (r/w/o: 671558.29/191876.57/95937.98) lat (ms,95%): 7.30 err/s: 0.00 reconn/s: 0.00
[ 370s ] thds: 128 tps: 45599.78 qps: 911985.34 (r/w/o: 638388.88/182396.51/91199.95) lat (ms,95%): 7.56 err/s: 0.00 reconn/s: 0.00
[ 380s ] thds: 128 tps: 47604.09 qps: 952102.71 (r/w/o: 666473.17/190421.66/95207.88) lat (ms,95%): 7.30 err/s: 0.00 reconn/s: 0.00
[ 390s ] thds: 128 tps: 45673.13 qps: 913440.25 (r/w/o: 639405.99/182688.41/91345.86) lat (ms,95%): 7.43 err/s: 0.00 reconn/s: 0.00
[ 400s ] thds: 128 tps: 47321.86 qps: 946464.80 (r/w/o: 662529.74/189290.84/94644.22) lat (ms,95%): 7.30 err/s: 0.00 reconn/s: 0.00
[ 410s ] thds: 128 tps: 44443.31 qps: 888843.36 (r/w/o: 622186.18/177770.55/88886.63) lat (ms,95%): 7.56 err/s: 0.00 reconn/s: 0.00
[ 420s ] thds: 128 tps: 45564.45 qps: 911292.71 (r/w/o: 637905.44/182258.68/91128.59) lat (ms,95%): 7.56 err/s: 0.00 reconn/s: 0.00
[ 430s ] thds: 128 tps: 40774.60 qps: 815499.04 (r/w/o: 570850.66/163099.09/81549.29) lat (ms,95%): 7.98 err/s: 0.00 reconn/s: 0.00
[ 440s ] thds: 128 tps: 43045.26 qps: 860908.52 (r/w/o: 602636.98/172180.92/86090.61) lat (ms,95%): 7.70 err/s: 0.00 reconn/s: 0.00
[ 450s ] thds: 128 tps: 44534.29 qps: 890693.27 (r/w/o: 623489.54/178135.15/89068.58) lat (ms,95%): 7.56 err/s: 0.00 reconn/s: 0.00
[ 460s ] thds: 128 tps: 46214.18 qps: 924265.92 (r/w/o: 646979.56/184858.00/92428.35) lat (ms,95%): 7.43 err/s: 0.00 reconn/s: 0.00
[ 470s ] thds: 128 tps: 43694.54 qps: 873899.75 (r/w/o: 611731.83/174778.65/87389.28) lat (ms,95%): 7.56 err/s: 0.00 reconn/s: 0.00
[ 480s ] thds: 128 tps: 46311.41 qps: 926228.42 (r/w/o: 648360.16/185245.44/92622.82) lat (ms,95%): 7.43 err/s: 0.00 reconn/s: 0.00
[ 490s ] thds: 128 tps: 43556.87 qps: 871133.83 (r/w/o: 609792.13/174227.97/87113.73) lat (ms,95%): 7.56 err/s: 0.00 reconn/s: 0.00
[ 500s ] thds: 128 tps: 45738.26 qps: 914749.62 (r/w/o: 640323.78/182949.72/91476.11) lat (ms,95%): 7.43 err/s: 0.00 reconn/s: 0.00
[ 510s ] thds: 128 tps: 40536.14 qps: 810731.20 (r/w/o: 567510.83/162147.58/81072.79) lat (ms,95%): 7.84 err/s: 0.00 reconn/s: 0.00
[ 520s ] thds: 128 tps: 42232.33 qps: 844657.72 (r/w/o: 591265.37/168927.80/84464.55) lat (ms,95%): 7.84 err/s: 0.00 reconn/s: 0.00
[ 530s ] thds: 128 tps: 42461.62 qps: 849233.64 (r/w/o: 594464.94/169845.57/84923.13) lat (ms,95%): 7.70 err/s: 0.00 reconn/s: 0.00
[ 540s ] thds: 128 tps: 46003.99 qps: 920074.54 (r/w/o: 644049.59/184016.87/92008.08) lat (ms,95%): 7.43 err/s: 0.00 reconn/s: 0.00
[ 550s ] thds: 128 tps: 43337.15 qps: 866732.86 (r/w/o: 606711.24/173347.31/86674.31) lat (ms,95%): 7.56 err/s: 0.00 reconn/s: 0.00
[ 560s ] thds: 128 tps: 45083.66 qps: 901687.13 (r/w/o: 631180.76/180339.35/90167.02) lat (ms,95%): 7.43 err/s: 0.00 reconn/s: 0.00
[ 570s ] thds: 128 tps: 42031.84 qps: 840639.90 (r/w/o: 588447.33/168128.68/84063.89) lat (ms,95%): 7.70 err/s: 0.00 reconn/s: 0.00
[ 580s ] thds: 128 tps: 42776.58 qps: 855527.83 (r/w/o: 598871.64/171103.13/85553.06) lat (ms,95%): 7.70 err/s: 0.00 reconn/s: 0.00
[ 590s ] thds: 128 tps: 39365.02 qps: 787290.99 (r/w/o: 551100.84/157460.40/78729.75) lat (ms,95%): 7.98 err/s: 0.00 reconn/s: 0.00
[ 600s ] thds: 128 tps: 43039.00 qps: 860787.23 (r/w/o: 602552.72/172156.11/86078.40) lat (ms,95%): 7.70 err/s: 0.00 reconn/s: 0.00
[ 610s ] thds: 128 tps: 43024.25 qps: 860494.19 (r/w/o: 602348.19/172097.60/86048.40) lat (ms,95%): 7.56 err/s: 0.00 reconn/s: 0.00
[ 620s ] thds: 128 tps: 45438.95 qps: 908778.61 (r/w/o: 636145.61/181754.90/90878.10) lat (ms,95%): 7.43 err/s: 0.00 reconn/s: 0.00
[ 630s ] thds: 128 tps: 43632.48 qps: 872639.07 (r/w/o: 610846.20/174528.31/87264.56) lat (ms,95%): 7.56 err/s: 0.00 reconn/s: 0.00
[ 640s ] thds: 128 tps: 45667.42 qps: 913391.13 (r/w/o: 639386.43/182669.67/91335.03) lat (ms,95%): 7.30 err/s: 0.00 reconn/s: 0.00
[ 650s ] thds: 128 tps: 44122.48 qps: 882413.49 (r/w/o: 617675.11/176493.32/88245.06) lat (ms,95%): 7.43 err/s: 0.00 reconn/s: 0.00
[ 660s ] thds: 128 tps: 45354.50 qps: 907087.01 (r/w/o: 634962.94/181415.18/90708.89) lat (ms,95%): 7.43 err/s: 0.00 reconn/s: 0.00
[ 670s ] thds: 128 tps: 42708.28 qps: 854162.35 (r/w/o: 597912.65/170832.83/85416.86) lat (ms,95%): 7.56 err/s: 0.00 reconn/s: 0.00
[ 680s ] thds: 128 tps: 44419.82 qps: 888406.23 (r/w/o: 621885.93/177681.17/88839.13) lat (ms,95%): 7.43 err/s: 0.00 reconn/s: 0.00
[ 690s ] thds: 128 tps: 42043.17 qps: 840845.07 (r/w/o: 588587.56/168171.17/84086.34) lat (ms,95%): 7.70 err/s: 0.00 reconn/s: 0.00
[ 700s ] thds: 128 tps: 44675.12 qps: 893511.39 (r/w/o: 625461.37/178699.38/89350.64) lat (ms,95%): 7.43 err/s: 0.00 reconn/s: 0.00
[ 710s ] thds: 128 tps: 41899.73 qps: 838012.19 (r/w/o: 586611.58/167600.94/83799.67) lat (ms,95%): 7.56 err/s: 0.00 reconn/s: 0.00
[ 720s ] thds: 128 tps: 43883.59 qps: 877677.52 (r/w/o: 614375.98/175534.36/87767.18) lat (ms,95%): 7.56 err/s: 0.00 reconn/s: 0.00
[ 730s ] thds: 128 tps: 40127.88 qps: 802548.57 (r/w/o: 561781.17/160511.63/80255.77) lat (ms,95%): 7.84 err/s: 0.10 reconn/s: 0.00
[ 740s ] thds: 128 tps: 41136.27 qps: 822722.34 (r/w/o: 575903.91/164545.79/82272.64) lat (ms,95%): 7.84 err/s: 0.00 reconn/s: 0.00
[ 750s ] thds: 128 tps: 38553.95 qps: 771075.70 (r/w/o: 539753.20/154214.90/77107.60) lat (ms,95%): 7.98 err/s: 0.00 reconn/s: 0.00
[ 760s ] thds: 128 tps: 43996.04 qps: 879909.76 (r/w/o: 615931.20/175986.57/87991.99) lat (ms,95%): 7.43 err/s: 0.00 reconn/s: 0.00
[ 770s ] thds: 128 tps: 41132.52 qps: 822660.26 (r/w/o: 575867.15/164527.57/82265.54) lat (ms,95%): 7.70 err/s: 0.00 reconn/s: 0.00
[ 780s ] thds: 128 tps: 43803.43 qps: 876061.12 (r/w/o: 613243.77/175211.80/87605.55) lat (ms,95%): 7.43 err/s: 0.00 reconn/s: 0.00
SQL statistics:
    queries performed:
        read:                            499379930
        write:                           142679971
        other:                           71339995
        total:                           713399896
    transactions:                        35669993 (45723.77 per sec.)
    queries:                             713399896 (914475.44 per sec.)
    ignored errors:                      2      (0.00 per sec.)
    reconnects:                          0      (0.00 per sec.)

General statistics:
    total time:                          780.1183s
    total number of events:              35669993

Latency (ms):
         min:                                    0.70
         avg:                                    2.80
         max:                                  131.03
         95th percentile:                        7.43
         sum:                             99801488.47

Threads fairness:
    events (avg/stddev):           278671.8203/3286.65
    execution time (avg/stddev):   779.6991/0.01

