sysbench 1.0.20-ebf1c90 (using bundled LuaJIT 2.1.0-beta2)

Running the test with following options:
Number of threads: 128
Report intermediate results every 10 second(s)
Initializing random number generator from current time


Initializing worker threads...

Threads started!

[ 10s ] thds: 128 tps: 23062.73 qps: 461370.80 (r/w/o: 322977.55/92255.40/46137.85) lat (ms,95%): 8.58 err/s: 0.00 reconn/s: 0.00
[ 20s ] thds: 128 tps: 44300.70 qps: 885977.77 (r/w/o: 620177.48/177199.09/88601.20) lat (ms,95%): 6.91 err/s: 0.00 reconn/s: 0.00
[ 30s ] thds: 128 tps: 57000.89 qps: 1140063.37 (r/w/o: 798054.84/228006.25/114002.28) lat (ms,95%): 6.55 err/s: 0.00 reconn/s: 0.00
[ 40s ] thds: 128 tps: 57521.84 qps: 1150476.98 (r/w/o: 805341.91/230091.68/115043.39) lat (ms,95%): 6.67 err/s: 0.00 reconn/s: 0.00
[ 50s ] thds: 128 tps: 58211.57 qps: 1164198.97 (r/w/o: 814930.06/232846.37/116422.54) lat (ms,95%): 6.43 err/s: 0.00 reconn/s: 0.00
[ 60s ] thds: 128 tps: 57262.28 qps: 1145236.57 (r/w/o: 801665.57/229045.93/114525.07) lat (ms,95%): 6.55 err/s: 0.00 reconn/s: 0.00
[ 70s ] thds: 128 tps: 58118.43 qps: 1162389.26 (r/w/o: 813676.66/232475.43/116237.17) lat (ms,95%): 6.43 err/s: 0.00 reconn/s: 0.00
[ 80s ] thds: 128 tps: 56853.34 qps: 1137056.84 (r/w/o: 795939.72/227410.45/113706.67) lat (ms,95%): 6.67 err/s: 0.00 reconn/s: 0.00
[ 90s ] thds: 128 tps: 57256.61 qps: 1145106.18 (r/w/o: 801567.83/229025.14/114513.22) lat (ms,95%): 6.55 err/s: 0.00 reconn/s: 0.00
[ 100s ] thds: 128 tps: 57348.68 qps: 1147007.66 (r/w/o: 802911.86/229398.23/114697.57) lat (ms,95%): 6.55 err/s: 0.00 reconn/s: 0.00
[ 110s ] thds: 128 tps: 57281.44 qps: 1145621.00 (r/w/o: 801932.83/229125.18/114562.99) lat (ms,95%): 6.55 err/s: 0.00 reconn/s: 0.00
[ 120s ] thds: 128 tps: 55938.91 qps: 1118775.27 (r/w/o: 783144.22/223753.33/111877.72) lat (ms,95%): 6.67 err/s: 0.00 reconn/s: 0.00
[ 130s ] thds: 128 tps: 54589.16 qps: 1091783.98 (r/w/o: 764246.49/218359.26/109178.23) lat (ms,95%): 6.67 err/s: 0.00 reconn/s: 0.00
[ 140s ] thds: 128 tps: 47339.03 qps: 946785.47 (r/w/o: 662752.30/189355.11/94678.06) lat (ms,95%): 7.43 err/s: 0.00 reconn/s: 0.00
[ 150s ] thds: 128 tps: 52471.01 qps: 1049425.37 (r/w/o: 734597.49/209885.75/104942.13) lat (ms,95%): 6.91 err/s: 0.00 reconn/s: 0.00
[ 160s ] thds: 128 tps: 52722.38 qps: 1054455.56 (r/w/o: 738120.26/210890.33/105444.97) lat (ms,95%): 7.04 err/s: 0.00 reconn/s: 0.00
[ 170s ] thds: 128 tps: 53577.55 qps: 1071515.58 (r/w/o: 750054.05/214307.02/107154.51) lat (ms,95%): 6.91 err/s: 0.00 reconn/s: 0.00
[ 180s ] thds: 128 tps: 51902.11 qps: 1038074.10 (r/w/o: 726657.61/207611.86/103804.63) lat (ms,95%): 7.04 err/s: 0.10 reconn/s: 0.00
[ 190s ] thds: 128 tps: 53561.86 qps: 1071220.44 (r/w/o: 749851.17/214245.15/107124.12) lat (ms,95%): 6.91 err/s: 0.10 reconn/s: 0.00
[ 200s ] thds: 128 tps: 51466.17 qps: 1029330.01 (r/w/o: 720534.22/205863.56/102932.23) lat (ms,95%): 7.04 err/s: 0.00 reconn/s: 0.00
[ 210s ] thds: 128 tps: 52610.13 qps: 1052197.07 (r/w/o: 736533.07/210443.73/105220.27) lat (ms,95%): 7.04 err/s: 0.00 reconn/s: 0.00
[ 220s ] thds: 128 tps: 50779.66 qps: 1015603.64 (r/w/o: 710926.17/203118.05/101559.42) lat (ms,95%): 7.17 err/s: 0.00 reconn/s: 0.00
[ 230s ] thds: 128 tps: 51305.54 qps: 1026104.80 (r/w/o: 718273.09/205220.74/102610.97) lat (ms,95%): 7.04 err/s: 0.00 reconn/s: 0.00
[ 240s ] thds: 128 tps: 50778.87 qps: 1015582.93 (r/w/o: 710910.40/203114.49/101558.04) lat (ms,95%): 7.17 err/s: 0.00 reconn/s: 0.00
[ 250s ] thds: 128 tps: 52211.43 qps: 1044210.79 (r/w/o: 730942.62/208845.22/104422.96) lat (ms,95%): 7.04 err/s: 0.00 reconn/s: 0.00
[ 260s ] thds: 128 tps: 50126.25 qps: 1002538.19 (r/w/o: 701779.69/200506.20/100252.30) lat (ms,95%): 7.17 err/s: 0.00 reconn/s: 0.00
[ 270s ] thds: 128 tps: 46293.88 qps: 925863.54 (r/w/o: 648101.18/185174.61/92587.75) lat (ms,95%): 7.56 err/s: 0.00 reconn/s: 0.00
[ 280s ] thds: 128 tps: 42749.01 qps: 855004.78 (r/w/o: 598509.73/170997.04/85498.02) lat (ms,95%): 7.84 err/s: 0.10 reconn/s: 0.00
[ 290s ] thds: 128 tps: 51142.73 qps: 1022835.10 (r/w/o: 715977.92/204571.52/102285.66) lat (ms,95%): 7.04 err/s: 0.00 reconn/s: 0.00
[ 300s ] thds: 128 tps: 49433.03 qps: 988673.65 (r/w/o: 692073.88/197733.61/98866.15) lat (ms,95%): 7.17 err/s: 0.00 reconn/s: 0.00
[ 310s ] thds: 128 tps: 50907.90 qps: 1018136.56 (r/w/o: 712692.07/203629.19/101815.30) lat (ms,95%): 7.04 err/s: 0.00 reconn/s: 0.00
[ 320s ] thds: 128 tps: 49345.67 qps: 986938.14 (r/w/o: 690863.64/197382.87/98691.63) lat (ms,95%): 7.17 err/s: 0.00 reconn/s: 0.00
[ 330s ] thds: 128 tps: 51238.55 qps: 1024769.57 (r/w/o: 717336.55/204956.01/102477.01) lat (ms,95%): 7.04 err/s: 0.00 reconn/s: 0.00
[ 340s ] thds: 128 tps: 49206.07 qps: 984126.11 (r/w/o: 688890.72/196823.26/98412.13) lat (ms,95%): 7.30 err/s: 0.00 reconn/s: 0.00
[ 350s ] thds: 128 tps: 50636.92 qps: 1012732.09 (r/w/o: 708908.14/202550.00/101273.95) lat (ms,95%): 7.17 err/s: 0.00 reconn/s: 0.00
[ 360s ] thds: 128 tps: 48803.69 qps: 976082.94 (r/w/o: 683263.02/195212.25/97607.67) lat (ms,95%): 7.30 err/s: 0.00 reconn/s: 0.00
[ 370s ] thds: 128 tps: 50854.47 qps: 1017070.65 (r/w/o: 711943.74/203418.07/101708.83) lat (ms,95%): 7.04 err/s: 0.00 reconn/s: 0.00
[ 380s ] thds: 128 tps: 48969.90 qps: 979409.95 (r/w/o: 685591.44/195878.61/97939.91) lat (ms,95%): 7.30 err/s: 0.00 reconn/s: 0.00
[ 390s ] thds: 128 tps: 50017.36 qps: 1000325.38 (r/w/o: 700221.13/200069.64/100034.62) lat (ms,95%): 7.17 err/s: 0.00 reconn/s: 0.00
[ 400s ] thds: 128 tps: 48559.42 qps: 971213.80 (r/w/o: 679854.21/194240.66/97118.93) lat (ms,95%): 7.30 err/s: 0.00 reconn/s: 0.00
[ 410s ] thds: 128 tps: 45728.80 qps: 914559.25 (r/w/o: 640186.17/182916.19/91456.90) lat (ms,95%): 7.56 err/s: 0.00 reconn/s: 0.00
[ 420s ] thds: 128 tps: 42549.40 qps: 851001.58 (r/w/o: 595707.36/170195.12/85099.11) lat (ms,95%): 7.84 err/s: 0.00 reconn/s: 0.00
[ 430s ] thds: 128 tps: 49371.05 qps: 987398.59 (r/w/o: 691174.39/197481.70/98742.50) lat (ms,95%): 7.17 err/s: 0.00 reconn/s: 0.00
[ 440s ] thds: 128 tps: 48177.90 qps: 963560.54 (r/w/o: 674492.63/192712.91/96355.00) lat (ms,95%): 7.30 err/s: 0.00 reconn/s: 0.00
[ 450s ] thds: 128 tps: 49383.76 qps: 987687.81 (r/w/o: 691383.58/197536.22/98768.01) lat (ms,95%): 7.17 err/s: 0.00 reconn/s: 0.00
[ 460s ] thds: 128 tps: 47475.32 qps: 949515.33 (r/w/o: 664663.40/189901.09/94950.84) lat (ms,95%): 7.30 err/s: 0.00 reconn/s: 0.00
[ 470s ] thds: 128 tps: 46591.45 qps: 931821.67 (r/w/o: 652271.28/186367.49/93182.90) lat (ms,95%): 7.43 err/s: 0.00 reconn/s: 0.00
[ 480s ] thds: 128 tps: 42681.46 qps: 853641.91 (r/w/o: 597553.47/170725.82/85362.61) lat (ms,95%): 7.70 err/s: 0.00 reconn/s: 0.00
[ 490s ] thds: 128 tps: 43520.15 qps: 870391.33 (r/w/o: 609272.35/174078.59/87040.39) lat (ms,95%): 7.56 err/s: 0.00 reconn/s: 0.00
[ 500s ] thds: 128 tps: 46865.18 qps: 937300.29 (r/w/o: 656110.42/187459.62/93730.26) lat (ms,95%): 7.30 err/s: 0.00 reconn/s: 0.00
[ 510s ] thds: 128 tps: 48590.51 qps: 971800.65 (r/w/o: 680257.77/194361.65/97181.22) lat (ms,95%): 7.17 err/s: 0.00 reconn/s: 0.00
[ 520s ] thds: 128 tps: 46866.55 qps: 937348.15 (r/w/o: 656147.37/187467.59/93733.20) lat (ms,95%): 7.30 err/s: 0.00 reconn/s: 0.00
[ 530s ] thds: 128 tps: 48059.90 qps: 961186.56 (r/w/o: 672828.77/192238.09/96119.70) lat (ms,95%): 7.17 err/s: 0.00 reconn/s: 0.00
[ 540s ] thds: 128 tps: 44470.75 qps: 889421.87 (r/w/o: 622597.78/177882.39/88941.70) lat (ms,95%): 7.56 err/s: 0.00 reconn/s: 0.00
[ 550s ] thds: 128 tps: 44344.94 qps: 886889.94 (r/w/o: 620819.31/177380.75/88689.87) lat (ms,95%): 7.56 err/s: 0.00 reconn/s: 0.00
[ 560s ] thds: 128 tps: 43261.97 qps: 865272.20 (r/w/o: 605696.38/173051.78/86524.04) lat (ms,95%): 7.70 err/s: 0.00 reconn/s: 0.00
[ 570s ] thds: 128 tps: 45485.87 qps: 909685.55 (r/w/o: 636774.81/181939.39/90971.34) lat (ms,95%): 7.43 err/s: 0.00 reconn/s: 0.00
[ 580s ] thds: 128 tps: 46818.59 qps: 936384.34 (r/w/o: 655472.62/187274.75/93636.97) lat (ms,95%): 7.30 err/s: 0.00 reconn/s: 0.00
[ 590s ] thds: 128 tps: 47265.17 qps: 945296.81 (r/w/o: 661704.78/189061.28/94530.74) lat (ms,95%): 7.30 err/s: 0.00 reconn/s: 0.00
[ 600s ] thds: 128 tps: 45899.99 qps: 918006.38 (r/w/o: 642606.72/183599.68/91799.99) lat (ms,95%): 7.30 err/s: 0.00 reconn/s: 0.00
[ 610s ] thds: 128 tps: 48031.05 qps: 960603.14 (r/w/o: 672416.93/192124.11/96062.10) lat (ms,95%): 7.17 err/s: 0.00 reconn/s: 0.00
[ 620s ] thds: 128 tps: 45724.09 qps: 914502.39 (r/w/o: 640159.05/182895.06/91448.28) lat (ms,95%): 7.30 err/s: 0.00 reconn/s: 0.00
[ 630s ] thds: 128 tps: 47353.74 qps: 947069.57 (r/w/o: 662945.71/189416.27/94707.59) lat (ms,95%): 7.17 err/s: 0.00 reconn/s: 0.00
[ 640s ] thds: 128 tps: 44560.09 qps: 891200.85 (r/w/o: 623840.32/178240.75/89119.77) lat (ms,95%): 7.43 err/s: 0.00 reconn/s: 0.00
[ 650s ] thds: 128 tps: 46839.31 qps: 936774.59 (r/w/o: 655739.03/187356.54/93679.02) lat (ms,95%): 7.30 err/s: 0.00 reconn/s: 0.00
[ 660s ] thds: 128 tps: 45019.58 qps: 900406.33 (r/w/o: 630290.67/180076.51/90039.15) lat (ms,95%): 7.43 err/s: 0.00 reconn/s: 0.00
[ 670s ] thds: 128 tps: 46906.20 qps: 938095.03 (r/w/o: 656658.35/187624.09/93812.59) lat (ms,95%): 7.17 err/s: 0.00 reconn/s: 0.00
[ 680s ] thds: 128 tps: 42832.84 qps: 856682.12 (r/w/o: 599683.28/171333.66/85665.18) lat (ms,95%): 7.56 err/s: 0.00 reconn/s: 0.00
[ 690s ] thds: 128 tps: 44851.36 qps: 897011.99 (r/w/o: 627905.83/179403.04/89703.12) lat (ms,95%): 7.43 err/s: 0.00 reconn/s: 0.00
[ 700s ] thds: 128 tps: 43549.86 qps: 871020.41 (r/w/o: 609719.35/174201.34/87099.72) lat (ms,95%): 7.56 err/s: 0.00 reconn/s: 0.00
[ 710s ] thds: 128 tps: 43185.29 qps: 863685.79 (r/w/o: 604575.05/172740.16/86370.58) lat (ms,95%): 7.56 err/s: 0.00 reconn/s: 0.00
[ 720s ] thds: 128 tps: 43120.75 qps: 862423.75 (r/w/o: 603697.36/172484.79/86241.59) lat (ms,95%): 7.56 err/s: 0.00 reconn/s: 0.00
[ 730s ] thds: 128 tps: 45245.06 qps: 904883.98 (r/w/o: 633415.29/180978.86/90489.83) lat (ms,95%): 7.30 err/s: 0.00 reconn/s: 0.00
[ 740s ] thds: 128 tps: 43487.44 qps: 869775.09 (r/w/o: 608849.55/173950.56/86974.98) lat (ms,95%): 7.43 err/s: 0.00 reconn/s: 0.00
[ 750s ] thds: 128 tps: 45025.24 qps: 900490.94 (r/w/o: 630339.09/180101.37/90050.48) lat (ms,95%): 7.30 err/s: 0.00 reconn/s: 0.00
[ 760s ] thds: 128 tps: 42474.47 qps: 849505.31 (r/w/o: 594658.62/169897.56/84949.13) lat (ms,95%): 7.56 err/s: 0.10 reconn/s: 0.00
[ 770s ] thds: 128 tps: 44944.80 qps: 898877.98 (r/w/o: 629210.68/179777.70/89889.60) lat (ms,95%): 7.30 err/s: 0.00 reconn/s: 0.00
[ 780s ] thds: 128 tps: 42804.59 qps: 856102.18 (r/w/o: 599273.22/171220.98/85607.99) lat (ms,95%): 7.56 err/s: 0.00 reconn/s: 0.00
SQL statistics:
    queries performed:
        read:                            529639138
        write:                           151325454
        other:                           75662740
        total:                           756627332
    transactions:                        37831363 (48494.21 per sec.)
    queries:                             756627332 (969884.19 per sec.)
    ignored errors:                      4      (0.01 per sec.)
    reconnects:                          0      (0.00 per sec.)

General statistics:
    total time:                          780.1204s
    total number of events:              37831363

Latency (ms):
         min:                                    0.58
         avg:                                    2.64
         max:                                  127.77
         95th percentile:                        7.17
         sum:                             99799568.67

Threads fairness:
    events (avg/stddev):           295557.5234/3571.90
    execution time (avg/stddev):   779.6841/0.01

