sysbench 1.0.20-ebf1c90 (using bundled LuaJIT 2.1.0-beta2)

Running the test with following options:
Number of threads: 128
Report intermediate results every 10 second(s)
Initializing random number generator from current time


Initializing worker threads...

Threads started!

[ 10s ] thds: 128 tps: 20366.01 qps: 407475.47 (r/w/o: 285252.68/81478.26/40744.53) lat (ms,95%): 9.06 err/s: 0.00 reconn/s: 0.00
[ 20s ] thds: 128 tps: 36926.25 qps: 738526.21 (r/w/o: 516971.41/147702.10/73852.70) lat (ms,95%): 7.70 err/s: 0.00 reconn/s: 0.00
[ 30s ] thds: 128 tps: 49714.82 qps: 994299.40 (r/w/o: 696009.38/198860.58/99429.44) lat (ms,95%): 7.17 err/s: 0.00 reconn/s: 0.00
[ 40s ] thds: 128 tps: 50027.46 qps: 1000533.60 (r/w/o: 700368.61/200110.16/100054.83) lat (ms,95%): 7.17 err/s: 0.00 reconn/s: 0.00
[ 50s ] thds: 128 tps: 52240.22 qps: 1044797.31 (r/w/o: 731360.11/208956.76/104480.43) lat (ms,95%): 7.04 err/s: 0.00 reconn/s: 0.00
[ 60s ] thds: 128 tps: 49530.93 qps: 990629.88 (r/w/o: 693441.48/198126.94/99061.47) lat (ms,95%): 7.30 err/s: 0.00 reconn/s: 0.00
[ 70s ] thds: 128 tps: 52173.24 qps: 1043466.59 (r/w/o: 730427.25/208692.46/104346.88) lat (ms,95%): 7.04 err/s: 0.00 reconn/s: 0.00
[ 80s ] thds: 128 tps: 49530.25 qps: 990600.95 (r/w/o: 693418.46/198122.19/99060.29) lat (ms,95%): 7.30 err/s: 0.00 reconn/s: 0.00
[ 90s ] thds: 128 tps: 50726.20 qps: 1014507.33 (r/w/o: 710156.15/202898.69/101452.49) lat (ms,95%): 7.17 err/s: 0.00 reconn/s: 0.00
[ 100s ] thds: 128 tps: 49409.26 qps: 988208.63 (r/w/o: 691746.86/197643.15/98818.62) lat (ms,95%): 7.30 err/s: 0.00 reconn/s: 0.00
[ 110s ] thds: 128 tps: 51363.77 qps: 1027289.26 (r/w/o: 719104.65/205456.77/102727.84) lat (ms,95%): 7.17 err/s: 0.00 reconn/s: 0.00
[ 120s ] thds: 128 tps: 48933.39 qps: 978656.84 (r/w/o: 685061.89/195728.17/97866.78) lat (ms,95%): 7.30 err/s: 0.00 reconn/s: 0.00
[ 130s ] thds: 128 tps: 50595.43 qps: 1011886.47 (r/w/o: 708312.97/202382.43/101191.07) lat (ms,95%): 7.17 err/s: 0.00 reconn/s: 0.00
[ 140s ] thds: 128 tps: 46814.61 qps: 936293.92 (r/w/o: 655406.15/187258.74/93629.02) lat (ms,95%): 7.43 err/s: 0.10 reconn/s: 0.00
[ 150s ] thds: 128 tps: 44057.15 qps: 881155.08 (r/w/o: 616811.46/176228.92/88114.71) lat (ms,95%): 7.70 err/s: 0.10 reconn/s: 0.00
[ 160s ] thds: 128 tps: 44220.45 qps: 884404.48 (r/w/o: 619084.16/176879.92/88440.41) lat (ms,95%): 7.70 err/s: 0.00 reconn/s: 0.00
[ 170s ] thds: 128 tps: 48851.74 qps: 977053.77 (r/w/o: 683939.04/195411.05/97703.68) lat (ms,95%): 7.30 err/s: 0.00 reconn/s: 0.00
[ 180s ] thds: 128 tps: 46407.61 qps: 928142.47 (r/w/o: 649697.19/185630.25/92815.03) lat (ms,95%): 7.43 err/s: 0.00 reconn/s: 0.00
[ 190s ] thds: 128 tps: 48461.46 qps: 969223.21 (r/w/o: 678457.25/193842.34/96923.62) lat (ms,95%): 7.30 err/s: 0.00 reconn/s: 0.00
[ 200s ] thds: 128 tps: 46031.26 qps: 920628.87 (r/w/o: 644440.02/184126.73/92062.12) lat (ms,95%): 7.43 err/s: 0.00 reconn/s: 0.00
[ 210s ] thds: 128 tps: 47838.81 qps: 956781.88 (r/w/o: 669749.72/191354.44/95677.72) lat (ms,95%): 7.30 err/s: 0.00 reconn/s: 0.00
[ 220s ] thds: 128 tps: 45452.01 qps: 909028.19 (r/w/o: 636313.53/181810.64/90904.02) lat (ms,95%): 7.43 err/s: 0.00 reconn/s: 0.00
[ 230s ] thds: 128 tps: 47086.52 qps: 941723.31 (r/w/o: 659207.29/188343.68/94172.34) lat (ms,95%): 7.43 err/s: 0.00 reconn/s: 0.00
[ 240s ] thds: 128 tps: 44409.97 qps: 888204.96 (r/w/o: 621745.22/177639.09/88820.65) lat (ms,95%): 7.56 err/s: 0.00 reconn/s: 0.00
[ 250s ] thds: 128 tps: 47086.16 qps: 941749.31 (r/w/o: 659228.88/188347.92/94172.51) lat (ms,95%): 7.43 err/s: 0.00 reconn/s: 0.00
[ 260s ] thds: 128 tps: 43779.55 qps: 875589.31 (r/w/o: 612911.00/175119.40/87558.90) lat (ms,95%): 7.56 err/s: 0.00 reconn/s: 0.00
[ 270s ] thds: 128 tps: 46721.30 qps: 934429.85 (r/w/o: 654103.74/186883.31/93442.81) lat (ms,95%): 7.43 err/s: 0.00 reconn/s: 0.00
[ 280s ] thds: 128 tps: 43012.71 qps: 860222.86 (r/w/o: 602148.71/172048.93/86025.22) lat (ms,95%): 7.70 err/s: 0.00 reconn/s: 0.00
[ 290s ] thds: 128 tps: 43997.96 qps: 879986.96 (r/w/o: 615996.88/175993.85/87996.23) lat (ms,95%): 7.56 err/s: 0.00 reconn/s: 0.00
[ 300s ] thds: 128 tps: 38944.56 qps: 778886.47 (r/w/o: 545218.29/155779.35/77888.83) lat (ms,95%): 8.13 err/s: 0.00 reconn/s: 0.00
[ 310s ] thds: 128 tps: 42156.56 qps: 843143.80 (r/w/o: 590202.84/168627.44/84313.52) lat (ms,95%): 7.84 err/s: 0.00 reconn/s: 0.00
[ 320s ] thds: 128 tps: 43495.07 qps: 869881.22 (r/w/o: 608916.12/173974.86/86990.23) lat (ms,95%): 7.70 err/s: 0.00 reconn/s: 0.00
[ 330s ] thds: 128 tps: 45768.25 qps: 915370.07 (r/w/o: 640758.95/183074.71/91536.41) lat (ms,95%): 7.43 err/s: 0.00 reconn/s: 0.00
[ 340s ] thds: 128 tps: 43342.44 qps: 866820.82 (r/w/o: 606767.80/173368.44/86684.57) lat (ms,95%): 7.70 err/s: 0.00 reconn/s: 0.00
[ 350s ] thds: 128 tps: 46516.80 qps: 930375.38 (r/w/o: 651268.55/186073.12/93033.71) lat (ms,95%): 7.43 err/s: 0.00 reconn/s: 0.00
[ 360s ] thds: 128 tps: 44077.51 qps: 881526.09 (r/w/o: 617066.23/176304.84/88155.02) lat (ms,95%): 7.56 err/s: 0.00 reconn/s: 0.00
[ 370s ] thds: 128 tps: 45870.40 qps: 917411.01 (r/w/o: 642190.53/183479.68/91740.79) lat (ms,95%): 7.43 err/s: 0.00 reconn/s: 0.00
[ 380s ] thds: 128 tps: 43916.09 qps: 878335.84 (r/w/o: 614835.72/175667.95/87832.17) lat (ms,95%): 7.56 err/s: 0.00 reconn/s: 0.00
[ 390s ] thds: 128 tps: 46369.34 qps: 927382.70 (r/w/o: 649164.93/185478.98/92738.79) lat (ms,95%): 7.43 err/s: 0.00 reconn/s: 0.00
[ 400s ] thds: 128 tps: 43749.75 qps: 874982.59 (r/w/o: 612488.09/174995.20/87499.30) lat (ms,95%): 7.56 err/s: 0.00 reconn/s: 0.00
[ 410s ] thds: 128 tps: 45424.44 qps: 908487.82 (r/w/o: 635939.41/181699.24/90849.17) lat (ms,95%): 7.43 err/s: 0.00 reconn/s: 0.00
[ 420s ] thds: 128 tps: 43582.97 qps: 871663.63 (r/w/o: 610168.20/174329.99/87165.44) lat (ms,95%): 7.56 err/s: 0.00 reconn/s: 0.00
[ 430s ] thds: 128 tps: 45053.99 qps: 901089.24 (r/w/o: 630761.32/180219.85/90108.07) lat (ms,95%): 7.56 err/s: 0.00 reconn/s: 0.00
[ 440s ] thds: 128 tps: 41175.25 qps: 823500.95 (r/w/o: 576450.16/164700.09/82350.69) lat (ms,95%): 7.84 err/s: 0.00 reconn/s: 0.00
[ 450s ] thds: 128 tps: 41660.56 qps: 833210.52 (r/w/o: 583248.36/166641.04/83321.12) lat (ms,95%): 7.84 err/s: 0.00 reconn/s: 0.00
[ 460s ] thds: 128 tps: 40113.54 qps: 802272.50 (r/w/o: 561590.56/160455.06/80226.88) lat (ms,95%): 7.98 err/s: 0.00 reconn/s: 0.00
[ 470s ] thds: 128 tps: 44219.53 qps: 884391.41 (r/w/o: 619074.46/176877.70/88439.25) lat (ms,95%): 7.56 err/s: 0.00 reconn/s: 0.00
[ 480s ] thds: 128 tps: 42546.59 qps: 850923.14 (r/w/o: 595645.42/170184.65/85093.07) lat (ms,95%): 7.70 err/s: 0.00 reconn/s: 0.00
[ 490s ] thds: 128 tps: 44564.08 qps: 891284.14 (r/w/o: 623894.98/178260.81/89128.35) lat (ms,95%): 7.43 err/s: 0.00 reconn/s: 0.00
[ 500s ] thds: 128 tps: 42409.55 qps: 848203.85 (r/w/o: 593748.86/169635.79/84819.19) lat (ms,95%): 7.70 err/s: 0.00 reconn/s: 0.00
[ 510s ] thds: 128 tps: 45167.18 qps: 903344.80 (r/w/o: 632340.69/180669.74/90334.37) lat (ms,95%): 7.43 err/s: 0.00 reconn/s: 0.00
[ 520s ] thds: 128 tps: 41575.71 qps: 831493.74 (r/w/o: 582039.50/166302.93/83151.31) lat (ms,95%): 7.70 err/s: 0.00 reconn/s: 0.00
[ 530s ] thds: 128 tps: 41508.47 qps: 830184.05 (r/w/o: 581134.85/166032.47/83016.74) lat (ms,95%): 7.70 err/s: 0.00 reconn/s: 0.00
[ 540s ] thds: 128 tps: 37923.02 qps: 758455.65 (r/w/o: 530917.55/151692.07/75846.04) lat (ms,95%): 8.13 err/s: 0.00 reconn/s: 0.00
[ 550s ] thds: 128 tps: 41113.94 qps: 822250.18 (r/w/o: 575571.32/164451.28/82227.59) lat (ms,95%): 7.84 err/s: 0.00 reconn/s: 0.00
[ 560s ] thds: 128 tps: 41634.03 qps: 832692.35 (r/w/o: 582884.15/166540.03/83268.16) lat (ms,95%): 7.70 err/s: 0.00 reconn/s: 0.00
[ 570s ] thds: 128 tps: 43588.84 qps: 871806.23 (r/w/o: 610269.28/174358.97/87177.98) lat (ms,95%): 7.56 err/s: 0.00 reconn/s: 0.00
[ 580s ] thds: 128 tps: 41422.55 qps: 828445.58 (r/w/o: 579913.58/165686.90/82845.10) lat (ms,95%): 7.70 err/s: 0.00 reconn/s: 0.00
[ 590s ] thds: 128 tps: 43411.84 qps: 868232.45 (r/w/o: 607760.82/173648.25/86823.37) lat (ms,95%): 7.56 err/s: 0.00 reconn/s: 0.00
[ 600s ] thds: 128 tps: 40565.91 qps: 811308.87 (r/w/o: 567915.02/162261.73/81132.12) lat (ms,95%): 7.84 err/s: 0.00 reconn/s: 0.00
[ 610s ] thds: 128 tps: 40352.18 qps: 807049.85 (r/w/o: 564937.16/161408.53/80704.17) lat (ms,95%): 7.98 err/s: 0.00 reconn/s: 0.00
[ 620s ] thds: 128 tps: 38215.77 qps: 764314.80 (r/w/o: 535019.91/152863.36/76431.53) lat (ms,95%): 7.98 err/s: 0.00 reconn/s: 0.00
[ 630s ] thds: 128 tps: 43370.61 qps: 867410.51 (r/w/o: 607186.65/173482.24/86741.62) lat (ms,95%): 7.56 err/s: 0.00 reconn/s: 0.00
[ 640s ] thds: 128 tps: 41325.35 qps: 826493.60 (r/w/o: 578542.33/165300.98/82650.29) lat (ms,95%): 7.70 err/s: 0.00 reconn/s: 0.00
[ 650s ] thds: 128 tps: 43934.08 qps: 878703.33 (r/w/o: 615095.94/175738.93/87868.46) lat (ms,95%): 7.43 err/s: 0.00 reconn/s: 0.00
[ 660s ] thds: 128 tps: 41508.44 qps: 830161.98 (r/w/o: 581112.22/166032.68/83017.09) lat (ms,95%): 7.70 err/s: 0.00 reconn/s: 0.00
[ 670s ] thds: 128 tps: 43255.62 qps: 865103.93 (r/w/o: 605572.13/173020.97/86510.83) lat (ms,95%): 7.56 err/s: 0.00 reconn/s: 0.00
[ 680s ] thds: 128 tps: 40996.53 qps: 819933.78 (r/w/o: 573954.77/163986.04/81992.97) lat (ms,95%): 7.70 err/s: 0.00 reconn/s: 0.00
[ 690s ] thds: 128 tps: 43879.62 qps: 877594.17 (r/w/o: 614315.26/175519.07/87759.84) lat (ms,95%): 7.43 err/s: 0.10 reconn/s: 0.00
[ 700s ] thds: 128 tps: 41004.84 qps: 820093.44 (r/w/o: 574064.09/164019.87/82009.48) lat (ms,95%): 7.70 err/s: 0.00 reconn/s: 0.00
[ 710s ] thds: 128 tps: 43552.16 qps: 871044.67 (r/w/o: 609732.22/174208.33/87104.12) lat (ms,95%): 7.56 err/s: 0.00 reconn/s: 0.00
[ 720s ] thds: 128 tps: 40462.21 qps: 809253.73 (r/w/o: 566479.79/161849.53/80924.41) lat (ms,95%): 7.70 err/s: 0.00 reconn/s: 0.00
[ 730s ] thds: 128 tps: 43432.22 qps: 868631.77 (r/w/o: 608038.96/173728.07/86864.74) lat (ms,95%): 7.56 err/s: 0.00 reconn/s: 0.00
[ 740s ] thds: 128 tps: 40390.18 qps: 807807.11 (r/w/o: 565466.75/161560.10/80780.25) lat (ms,95%): 7.70 err/s: 0.00 reconn/s: 0.00
[ 750s ] thds: 128 tps: 42388.96 qps: 847793.58 (r/w/o: 593457.82/169557.64/84778.12) lat (ms,95%): 7.56 err/s: 0.00 reconn/s: 0.00
[ 760s ] thds: 128 tps: 40777.95 qps: 815557.33 (r/w/o: 570887.02/163114.41/81555.90) lat (ms,95%): 7.84 err/s: 0.00 reconn/s: 0.00
[ 770s ] thds: 128 tps: 40671.83 qps: 813443.90 (r/w/o: 569414.02/162686.12/81343.76) lat (ms,95%): 7.84 err/s: 0.00 reconn/s: 0.00
[ 780s ] thds: 128 tps: 37004.64 qps: 740089.22 (r/w/o: 518060.98/148019.16/74009.08) lat (ms,95%): 8.13 err/s: 0.00 reconn/s: 0.00
SQL statistics:
    queries performed:
        read:                            479524332
        write:                           137006941
        other:                           68503481
        total:                           685034754
    transactions:                        34251735 (43905.56 per sec.)
    queries:                             685034754 (878111.23 per sec.)
    ignored errors:                      3      (0.00 per sec.)
    reconnects:                          0      (0.00 per sec.)

General statistics:
    total time:                          780.1220s
    total number of events:              34251735

Latency (ms):
         min:                                    0.74
         avg:                                    2.91
         max:                                  133.90
         95th percentile:                        7.56
         sum:                             99802824.21

Threads fairness:
    events (avg/stddev):           267591.6797/2681.30
    execution time (avg/stddev):   779.7096/0.01

