sysbench 1.0.20-ebf1c90 (using bundled LuaJIT 2.1.0-beta2)

Running the test with following options:
Number of threads: 128
Report intermediate results every 10 second(s)
Initializing random number generator from current time


Initializing worker threads...

Threads started!

[ 10s ] thds: 128 tps: 19222.02 qps: 384546.93 (r/w/o: 269199.13/76890.97/38456.83) lat (ms,95%): 9.39 err/s: 0.00 reconn/s: 0.00
[ 20s ] thds: 128 tps: 34098.86 qps: 681999.49 (r/w/o: 477401.13/136401.14/68197.22) lat (ms,95%): 7.98 err/s: 0.00 reconn/s: 0.00
[ 30s ] thds: 128 tps: 44689.77 qps: 893796.83 (r/w/o: 625660.70/178755.99/89380.14) lat (ms,95%): 7.56 err/s: 0.10 reconn/s: 0.00
[ 40s ] thds: 128 tps: 47353.76 qps: 947082.05 (r/w/o: 662950.78/189424.35/94706.93) lat (ms,95%): 7.43 err/s: 0.00 reconn/s: 0.00
[ 50s ] thds: 128 tps: 48456.53 qps: 969112.96 (r/w/o: 678383.29/193816.21/96913.46) lat (ms,95%): 7.43 err/s: 0.00 reconn/s: 0.00
[ 60s ] thds: 128 tps: 47611.09 qps: 952238.53 (r/w/o: 666564.68/190452.07/95221.78) lat (ms,95%): 7.43 err/s: 0.10 reconn/s: 0.00
[ 70s ] thds: 128 tps: 47748.26 qps: 954936.80 (r/w/o: 668456.74/190983.54/95496.52) lat (ms,95%): 7.43 err/s: 0.00 reconn/s: 0.00
[ 80s ] thds: 128 tps: 48356.20 qps: 967142.96 (r/w/o: 676998.04/193432.71/96712.21) lat (ms,95%): 7.43 err/s: 0.00 reconn/s: 0.00
[ 90s ] thds: 128 tps: 46840.45 qps: 936803.91 (r/w/o: 655764.74/187357.68/93681.49) lat (ms,95%): 7.56 err/s: 0.00 reconn/s: 0.00
[ 100s ] thds: 128 tps: 47049.60 qps: 941006.84 (r/w/o: 658704.03/188203.31/94099.50) lat (ms,95%): 7.56 err/s: 0.00 reconn/s: 0.00
[ 110s ] thds: 128 tps: 47574.01 qps: 951482.65 (r/w/o: 666046.28/190288.25/95148.13) lat (ms,95%): 7.43 err/s: 0.00 reconn/s: 0.00
[ 120s ] thds: 128 tps: 46920.65 qps: 938386.84 (r/w/o: 656859.96/187686.69/93840.19) lat (ms,95%): 7.43 err/s: 0.00 reconn/s: 0.00
[ 130s ] thds: 128 tps: 47047.97 qps: 940992.16 (r/w/o: 658703.52/188191.79/94096.85) lat (ms,95%): 7.43 err/s: 0.00 reconn/s: 0.00
[ 140s ] thds: 128 tps: 46840.06 qps: 936780.07 (r/w/o: 655739.59/187360.95/93679.53) lat (ms,95%): 7.56 err/s: 0.00 reconn/s: 0.00
[ 150s ] thds: 128 tps: 44940.10 qps: 898787.62 (r/w/o: 629148.12/179758.60/89880.90) lat (ms,95%): 7.70 err/s: 0.00 reconn/s: 0.00
[ 160s ] thds: 128 tps: 39778.25 qps: 795563.46 (r/w/o: 556894.57/159112.39/79556.50) lat (ms,95%): 8.13 err/s: 0.00 reconn/s: 0.00
[ 170s ] thds: 128 tps: 40662.54 qps: 813274.99 (r/w/o: 569301.45/162648.46/81325.08) lat (ms,95%): 8.13 err/s: 0.00 reconn/s: 0.00
[ 180s ] thds: 128 tps: 45280.45 qps: 905615.51 (r/w/o: 633924.43/181130.88/90560.19) lat (ms,95%): 7.56 err/s: 0.00 reconn/s: 0.00
[ 190s ] thds: 128 tps: 44995.36 qps: 899898.05 (r/w/o: 629934.41/179972.23/89991.42) lat (ms,95%): 7.56 err/s: 0.00 reconn/s: 0.00
[ 200s ] thds: 128 tps: 44528.73 qps: 890577.00 (r/w/o: 623396.89/178122.74/89057.37) lat (ms,95%): 7.56 err/s: 0.00 reconn/s: 0.00
[ 210s ] thds: 128 tps: 44545.23 qps: 890895.85 (r/w/o: 623629.69/178175.91/89090.26) lat (ms,95%): 7.70 err/s: 0.00 reconn/s: 0.00
[ 220s ] thds: 128 tps: 44863.32 qps: 897275.98 (r/w/o: 628091.86/179457.38/89726.74) lat (ms,95%): 7.56 err/s: 0.00 reconn/s: 0.00
[ 230s ] thds: 128 tps: 43643.56 qps: 872865.68 (r/w/o: 611005.93/174573.04/87286.72) lat (ms,95%): 7.70 err/s: 0.00 reconn/s: 0.00
[ 240s ] thds: 128 tps: 43405.13 qps: 868112.04 (r/w/o: 607679.58/173622.11/86810.35) lat (ms,95%): 7.70 err/s: 0.00 reconn/s: 0.00
[ 250s ] thds: 128 tps: 43274.61 qps: 865460.17 (r/w/o: 605817.02/173093.63/86549.52) lat (ms,95%): 7.70 err/s: 0.00 reconn/s: 0.00
[ 260s ] thds: 128 tps: 42648.06 qps: 852991.72 (r/w/o: 597097.69/170598.72/85295.31) lat (ms,95%): 7.70 err/s: 0.00 reconn/s: 0.00
[ 270s ] thds: 128 tps: 42764.03 qps: 855268.56 (r/w/o: 598694.46/171045.33/85528.77) lat (ms,95%): 7.70 err/s: 0.00 reconn/s: 0.00
[ 280s ] thds: 128 tps: 42217.68 qps: 844359.75 (r/w/o: 591045.15/168879.13/84435.46) lat (ms,95%): 7.70 err/s: 0.00 reconn/s: 0.00
[ 290s ] thds: 128 tps: 42427.74 qps: 848560.17 (r/w/o: 593998.91/169705.27/84855.99) lat (ms,95%): 7.70 err/s: 0.00 reconn/s: 0.00
[ 300s ] thds: 128 tps: 42302.94 qps: 846036.79 (r/w/o: 592220.13/169211.28/84605.39) lat (ms,95%): 7.84 err/s: 0.00 reconn/s: 0.00
[ 310s ] thds: 128 tps: 40020.63 qps: 800417.43 (r/w/o: 560293.64/160082.73/80041.06) lat (ms,95%): 7.98 err/s: 0.00 reconn/s: 0.00
[ 320s ] thds: 128 tps: 37506.42 qps: 750132.00 (r/w/o: 525088.08/150030.88/75013.04) lat (ms,95%): 8.28 err/s: 0.00 reconn/s: 0.00
[ 330s ] thds: 128 tps: 39364.71 qps: 787298.97 (r/w/o: 551115.82/157453.43/78729.72) lat (ms,95%): 8.13 err/s: 0.00 reconn/s: 0.00
[ 340s ] thds: 128 tps: 42660.99 qps: 853226.22 (r/w/o: 597252.70/170652.04/85321.47) lat (ms,95%): 7.70 err/s: 0.00 reconn/s: 0.00
[ 350s ] thds: 128 tps: 42347.10 qps: 847020.00 (r/w/o: 592921.10/169404.00/84694.90) lat (ms,95%): 7.84 err/s: 0.00 reconn/s: 0.00
[ 360s ] thds: 128 tps: 42198.56 qps: 843893.82 (r/w/o: 590721.39/168775.82/84396.61) lat (ms,95%): 7.84 err/s: 0.00 reconn/s: 0.00
[ 370s ] thds: 128 tps: 42755.03 qps: 855090.72 (r/w/o: 598564.86/171015.70/85510.15) lat (ms,95%): 7.70 err/s: 0.00 reconn/s: 0.00
[ 380s ] thds: 128 tps: 42959.98 qps: 859214.89 (r/w/o: 601446.81/171848.32/85919.76) lat (ms,95%): 7.70 err/s: 0.00 reconn/s: 0.00
[ 390s ] thds: 128 tps: 42383.21 qps: 847650.66 (r/w/o: 593359.21/169524.93/84766.52) lat (ms,95%): 7.84 err/s: 0.10 reconn/s: 0.00
[ 400s ] thds: 128 tps: 42736.53 qps: 854747.79 (r/w/o: 598322.89/170951.94/85472.97) lat (ms,95%): 7.70 err/s: 0.00 reconn/s: 0.00
[ 410s ] thds: 128 tps: 42735.04 qps: 854674.71 (r/w/o: 598272.07/170932.06/85470.58) lat (ms,95%): 7.70 err/s: 0.00 reconn/s: 0.00
[ 420s ] thds: 128 tps: 43026.36 qps: 860544.68 (r/w/o: 602380.43/172111.44/86052.82) lat (ms,95%): 7.70 err/s: 0.00 reconn/s: 0.00
[ 430s ] thds: 128 tps: 42327.08 qps: 846533.04 (r/w/o: 592572.88/169305.81/84654.35) lat (ms,95%): 7.70 err/s: 0.00 reconn/s: 0.00
[ 440s ] thds: 128 tps: 42321.94 qps: 846467.26 (r/w/o: 592526.53/169297.25/84643.48) lat (ms,95%): 7.70 err/s: 0.00 reconn/s: 0.00
[ 450s ] thds: 128 tps: 42018.16 qps: 840347.40 (r/w/o: 588248.64/168061.84/84036.92) lat (ms,95%): 7.84 err/s: 0.00 reconn/s: 0.00
[ 460s ] thds: 128 tps: 41673.63 qps: 833470.93 (r/w/o: 583426.84/166697.42/83346.66) lat (ms,95%): 7.84 err/s: 0.00 reconn/s: 0.00
[ 470s ] thds: 128 tps: 39920.74 qps: 798401.94 (r/w/o: 558881.22/159679.25/79841.47) lat (ms,95%): 7.98 err/s: 0.10 reconn/s: 0.00
[ 480s ] thds: 128 tps: 37880.47 qps: 757630.98 (r/w/o: 530339.84/151530.00/75761.15) lat (ms,95%): 8.28 err/s: 0.00 reconn/s: 0.00
[ 490s ] thds: 128 tps: 39163.30 qps: 783258.56 (r/w/o: 548286.64/156645.41/78326.51) lat (ms,95%): 8.13 err/s: 0.00 reconn/s: 0.00
[ 500s ] thds: 128 tps: 41735.96 qps: 834733.98 (r/w/o: 584306.49/166955.46/83472.03) lat (ms,95%): 7.84 err/s: 0.00 reconn/s: 0.00
[ 510s ] thds: 128 tps: 41443.40 qps: 828850.06 (r/w/o: 580202.37/165760.49/82887.20) lat (ms,95%): 7.84 err/s: 0.00 reconn/s: 0.00
[ 520s ] thds: 128 tps: 43432.25 qps: 868658.29 (r/w/o: 608053.37/173740.72/86864.21) lat (ms,95%): 7.70 err/s: 0.00 reconn/s: 0.00
[ 530s ] thds: 128 tps: 41579.40 qps: 831561.63 (r/w/o: 582094.95/166307.89/83158.79) lat (ms,95%): 7.84 err/s: 0.00 reconn/s: 0.00
[ 540s ] thds: 128 tps: 41149.24 qps: 822998.80 (r/w/o: 576095.49/164605.14/82298.17) lat (ms,95%): 7.84 err/s: 0.00 reconn/s: 0.00
[ 550s ] thds: 128 tps: 40940.68 qps: 818816.40 (r/w/o: 573179.82/163755.22/81881.36) lat (ms,95%): 7.84 err/s: 0.00 reconn/s: 0.00
[ 560s ] thds: 128 tps: 38903.23 qps: 778072.22 (r/w/o: 544645.66/155620.00/77806.55) lat (ms,95%): 7.98 err/s: 0.00 reconn/s: 0.00
[ 570s ] thds: 128 tps: 37489.63 qps: 749812.48 (r/w/o: 524875.11/149957.62/74979.76) lat (ms,95%): 8.13 err/s: 0.00 reconn/s: 0.00
[ 580s ] thds: 128 tps: 37845.61 qps: 756881.14 (r/w/o: 529807.19/151382.83/75691.11) lat (ms,95%): 8.13 err/s: 0.00 reconn/s: 0.00
[ 590s ] thds: 128 tps: 40745.26 qps: 814907.90 (r/w/o: 570442.97/162974.92/81490.01) lat (ms,95%): 7.84 err/s: 0.00 reconn/s: 0.00
[ 600s ] thds: 128 tps: 41161.88 qps: 823261.57 (r/w/o: 576279.70/164657.91/82323.96) lat (ms,95%): 7.84 err/s: 0.10 reconn/s: 0.00
[ 610s ] thds: 128 tps: 40588.74 qps: 811742.05 (r/w/o: 568218.70/162345.67/81177.69) lat (ms,95%): 7.84 err/s: 0.00 reconn/s: 0.00
[ 620s ] thds: 128 tps: 39999.61 qps: 799998.92 (r/w/o: 559996.16/160004.34/79998.42) lat (ms,95%): 7.98 err/s: 0.00 reconn/s: 0.00
[ 630s ] thds: 128 tps: 38129.52 qps: 762600.59 (r/w/o: 533829.88/152510.48/76260.24) lat (ms,95%): 8.13 err/s: 0.00 reconn/s: 0.00
[ 640s ] thds: 128 tps: 38462.28 qps: 769222.74 (r/w/o: 538445.68/153853.31/76923.75) lat (ms,95%): 8.13 err/s: 0.00 reconn/s: 0.00
[ 650s ] thds: 128 tps: 37133.54 qps: 742696.45 (r/w/o: 519894.32/148534.55/74267.57) lat (ms,95%): 8.28 err/s: 0.00 reconn/s: 0.00
[ 660s ] thds: 128 tps: 38926.94 qps: 778538.47 (r/w/o: 544971.11/155713.57/77853.79) lat (ms,95%): 7.98 err/s: 0.00 reconn/s: 0.00
[ 670s ] thds: 128 tps: 40395.96 qps: 807930.57 (r/w/o: 565558.69/161579.35/80792.53) lat (ms,95%): 7.84 err/s: 0.00 reconn/s: 0.00
[ 680s ] thds: 128 tps: 40714.57 qps: 814267.01 (r/w/o: 569980.31/162858.46/81428.23) lat (ms,95%): 7.84 err/s: 0.00 reconn/s: 0.00
[ 690s ] thds: 128 tps: 40918.14 qps: 818360.38 (r/w/o: 572859.44/163663.86/81837.08) lat (ms,95%): 7.84 err/s: 0.00 reconn/s: 0.00
[ 700s ] thds: 128 tps: 39983.83 qps: 799695.11 (r/w/o: 559783.65/159944.20/79967.25) lat (ms,95%): 7.84 err/s: 0.00 reconn/s: 0.00
[ 710s ] thds: 128 tps: 40081.18 qps: 801614.19 (r/w/o: 561134.18/160317.14/80162.87) lat (ms,95%): 7.84 err/s: 0.00 reconn/s: 0.00
[ 720s ] thds: 128 tps: 40071.61 qps: 801433.14 (r/w/o: 560996.77/160293.75/80142.62) lat (ms,95%): 7.84 err/s: 0.00 reconn/s: 0.00
[ 730s ] thds: 128 tps: 39992.92 qps: 799848.92 (r/w/o: 559899.30/159963.38/79986.24) lat (ms,95%): 7.84 err/s: 0.00 reconn/s: 0.00
[ 740s ] thds: 128 tps: 40885.67 qps: 817737.13 (r/w/o: 572412.10/163553.59/81771.44) lat (ms,95%): 7.84 err/s: 0.10 reconn/s: 0.00
[ 750s ] thds: 128 tps: 39773.23 qps: 795454.52 (r/w/o: 556823.44/159084.32/79546.76) lat (ms,95%): 7.84 err/s: 0.00 reconn/s: 0.00
[ 760s ] thds: 128 tps: 40490.04 qps: 809808.84 (r/w/o: 566860.69/161968.67/80979.48) lat (ms,95%): 7.84 err/s: 0.00 reconn/s: 0.00
[ 770s ] thds: 128 tps: 39749.09 qps: 794972.02 (r/w/o: 556486.40/158987.34/79498.27) lat (ms,95%): 7.84 err/s: 0.00 reconn/s: 0.00
[ 780s ] thds: 128 tps: 39804.31 qps: 796087.26 (r/w/o: 557253.79/159226.35/79607.13) lat (ms,95%): 7.84 err/s: 0.10 reconn/s: 0.00
SQL statistics:
    queries performed:
        read:                            456488158
        write:                           130425170
        other:                           65212598
        total:                           652125926
    transactions:                        32606290 (41796.00 per sec.)
    queries:                             652125926 (835920.11 per sec.)
    ignored errors:                      7      (0.01 per sec.)
    reconnects:                          0      (0.00 per sec.)

General statistics:
    total time:                          780.1285s
    total number of events:              32606290

Latency (ms):
         min:                                    0.74
         avg:                                    3.06
         max:                                  131.40
         95th percentile:                        7.84
         sum:                             99804316.61

Threads fairness:
    events (avg/stddev):           254736.6406/2602.40
    execution time (avg/stddev):   779.7212/0.01

