sysbench 1.0.20-ebf1c90 (using bundled LuaJIT 2.1.0-beta2)

Running the test with following options:
Number of threads: 128
Report intermediate results every 10 second(s)
Initializing random number generator from current time


Initializing worker threads...

Threads started!

[ 10s ] thds: 128 tps: 23831.55 qps: 476746.68 (r/w/o: 333740.49/95330.70/47675.50) lat (ms,95%): 8.58 err/s: 0.00 reconn/s: 0.00
[ 20s ] thds: 128 tps: 47942.27 qps: 958865.80 (r/w/o: 671211.25/191769.70/95884.85) lat (ms,95%): 6.67 err/s: 0.00 reconn/s: 0.00
[ 30s ] thds: 128 tps: 59594.64 qps: 1191886.06 (r/w/o: 834317.90/238379.07/119189.09) lat (ms,95%): 6.21 err/s: 0.00 reconn/s: 0.00
[ 40s ] thds: 128 tps: 61694.57 qps: 1233912.43 (r/w/o: 863743.30/246779.69/123389.44) lat (ms,95%): 5.99 err/s: 0.00 reconn/s: 0.00
[ 50s ] thds: 128 tps: 60293.41 qps: 1205872.19 (r/w/o: 844111.23/241174.34/120586.62) lat (ms,95%): 6.21 err/s: 0.00 reconn/s: 0.00
[ 60s ] thds: 128 tps: 62034.43 qps: 1240671.74 (r/w/o: 868468.65/248134.03/124069.06) lat (ms,95%): 5.99 err/s: 0.00 reconn/s: 0.00
[ 70s ] thds: 128 tps: 60579.96 qps: 1211603.79 (r/w/o: 848122.11/242321.76/121159.93) lat (ms,95%): 6.21 err/s: 0.00 reconn/s: 0.00
[ 80s ] thds: 128 tps: 61032.14 qps: 1220630.33 (r/w/o: 854437.88/244128.37/122064.08) lat (ms,95%): 6.09 err/s: 0.00 reconn/s: 0.00
[ 90s ] thds: 128 tps: 59458.04 qps: 1189174.78 (r/w/o: 832423.22/237835.68/118915.89) lat (ms,95%): 6.32 err/s: 0.00 reconn/s: 0.00
[ 100s ] thds: 128 tps: 60356.22 qps: 1207113.95 (r/w/o: 844980.84/241420.47/120712.63) lat (ms,95%): 6.09 err/s: 0.00 reconn/s: 0.00
[ 110s ] thds: 128 tps: 59269.18 qps: 1185387.53 (r/w/o: 829773.24/237076.03/118538.26) lat (ms,95%): 6.32 err/s: 0.00 reconn/s: 0.00
[ 120s ] thds: 128 tps: 60169.34 qps: 1203400.96 (r/w/o: 842379.30/240682.87/120338.79) lat (ms,95%): 6.21 err/s: 0.00 reconn/s: 0.00
[ 130s ] thds: 128 tps: 52096.72 qps: 1041916.49 (r/w/o: 729342.07/208380.88/104193.54) lat (ms,95%): 6.91 err/s: 0.00 reconn/s: 0.00
[ 140s ] thds: 128 tps: 52407.88 qps: 1048182.74 (r/w/o: 733731.88/209635.01/104815.85) lat (ms,95%): 6.79 err/s: 0.00 reconn/s: 0.00
[ 150s ] thds: 128 tps: 56400.16 qps: 1127978.65 (r/w/o: 789578.80/225600.03/112799.81) lat (ms,95%): 6.55 err/s: 0.00 reconn/s: 0.00
[ 160s ] thds: 128 tps: 58164.06 qps: 1163291.99 (r/w/o: 814308.60/232654.76/116328.63) lat (ms,95%): 6.21 err/s: 0.00 reconn/s: 0.00
[ 170s ] thds: 128 tps: 55375.53 qps: 1107495.21 (r/w/o: 775243.23/221500.92/110751.06) lat (ms,95%): 6.55 err/s: 0.00 reconn/s: 0.00
[ 180s ] thds: 128 tps: 57166.76 qps: 1143360.74 (r/w/o: 800352.80/228674.33/114333.61) lat (ms,95%): 6.32 err/s: 0.10 reconn/s: 0.00
[ 190s ] thds: 128 tps: 54613.49 qps: 1092242.59 (r/w/o: 764569.62/218446.08/109226.89) lat (ms,95%): 6.67 err/s: 0.00 reconn/s: 0.00
[ 200s ] thds: 128 tps: 55997.94 qps: 1119986.95 (r/w/o: 783994.72/223996.25/111995.97) lat (ms,95%): 6.43 err/s: 0.00 reconn/s: 0.00
[ 210s ] thds: 128 tps: 53966.61 qps: 1079326.53 (r/w/o: 755526.16/215867.35/107933.02) lat (ms,95%): 6.67 err/s: 0.00 reconn/s: 0.00
[ 220s ] thds: 128 tps: 55042.78 qps: 1100850.01 (r/w/o: 770595.23/220169.52/110085.26) lat (ms,95%): 6.55 err/s: 0.00 reconn/s: 0.00
[ 230s ] thds: 128 tps: 52093.44 qps: 1041860.11 (r/w/o: 729300.80/208372.04/104187.27) lat (ms,95%): 7.04 err/s: 0.00 reconn/s: 0.00
[ 240s ] thds: 128 tps: 53392.64 qps: 1067860.13 (r/w/o: 747501.28/213573.57/106785.28) lat (ms,95%): 6.91 err/s: 0.00 reconn/s: 0.00
[ 250s ] thds: 128 tps: 48042.03 qps: 960837.79 (r/w/o: 672586.32/192167.12/96084.36) lat (ms,95%): 7.30 err/s: 0.10 reconn/s: 0.00
[ 260s ] thds: 128 tps: 48833.18 qps: 976665.66 (r/w/o: 683665.96/195333.43/97666.27) lat (ms,95%): 7.30 err/s: 0.00 reconn/s: 0.00
[ 270s ] thds: 128 tps: 47734.59 qps: 954702.05 (r/w/o: 668293.69/190938.97/95469.38) lat (ms,95%): 7.43 err/s: 0.00 reconn/s: 0.00
[ 280s ] thds: 128 tps: 53078.38 qps: 1061552.95 (r/w/o: 743085.59/212310.61/106156.76) lat (ms,95%): 6.91 err/s: 0.00 reconn/s: 0.00
[ 290s ] thds: 128 tps: 51343.95 qps: 1026885.64 (r/w/o: 718820.73/205377.11/102687.80) lat (ms,95%): 7.04 err/s: 0.00 reconn/s: 0.00
[ 300s ] thds: 128 tps: 54011.96 qps: 1080242.52 (r/w/o: 756170.88/216047.72/108023.91) lat (ms,95%): 6.79 err/s: 0.00 reconn/s: 0.00
[ 310s ] thds: 128 tps: 51729.08 qps: 1034568.34 (r/w/o: 724194.18/206916.11/103458.05) lat (ms,95%): 7.04 err/s: 0.00 reconn/s: 0.00
[ 320s ] thds: 128 tps: 53011.79 qps: 1060242.21 (r/w/o: 742171.37/212047.06/106023.78) lat (ms,95%): 6.91 err/s: 0.00 reconn/s: 0.00
[ 330s ] thds: 128 tps: 51252.03 qps: 1025038.63 (r/w/o: 717528.34/205006.33/102503.96) lat (ms,95%): 7.04 err/s: 0.00 reconn/s: 0.00
[ 340s ] thds: 128 tps: 52606.33 qps: 1052125.57 (r/w/o: 736484.77/210427.93/105212.87) lat (ms,95%): 6.91 err/s: 0.00 reconn/s: 0.00
[ 350s ] thds: 128 tps: 50745.95 qps: 1014913.91 (r/w/o: 710440.61/202981.60/101491.70) lat (ms,95%): 7.17 err/s: 0.00 reconn/s: 0.00
[ 360s ] thds: 128 tps: 52333.65 qps: 1046675.87 (r/w/o: 732674.48/209334.19/104667.20) lat (ms,95%): 7.04 err/s: 0.00 reconn/s: 0.00
[ 370s ] thds: 128 tps: 50434.09 qps: 1008684.02 (r/w/o: 706079.17/201736.56/100868.28) lat (ms,95%): 7.04 err/s: 0.00 reconn/s: 0.00
[ 380s ] thds: 128 tps: 47986.21 qps: 959723.12 (r/w/o: 671804.46/191946.34/95972.32) lat (ms,95%): 7.30 err/s: 0.00 reconn/s: 0.00
[ 390s ] thds: 128 tps: 46142.66 qps: 922850.52 (r/w/o: 645995.75/184569.44/92285.32) lat (ms,95%): 7.43 err/s: 0.00 reconn/s: 0.00
[ 400s ] thds: 128 tps: 47184.83 qps: 943698.51 (r/w/o: 660590.06/188739.10/94369.35) lat (ms,95%): 7.43 err/s: 0.00 reconn/s: 0.00
[ 410s ] thds: 128 tps: 49558.07 qps: 991180.15 (r/w/o: 693827.22/198236.19/99116.75) lat (ms,95%): 7.17 err/s: 0.00 reconn/s: 0.00
[ 420s ] thds: 128 tps: 51539.97 qps: 1030787.77 (r/w/o: 721550.73/206157.09/103079.95) lat (ms,95%): 7.04 err/s: 0.00 reconn/s: 0.00
[ 430s ] thds: 128 tps: 49657.83 qps: 993149.70 (r/w/o: 695203.85/198630.10/99315.75) lat (ms,95%): 7.17 err/s: 0.10 reconn/s: 0.00
[ 440s ] thds: 128 tps: 50353.84 qps: 1007085.23 (r/w/o: 704960.18/201417.27/100707.78) lat (ms,95%): 7.04 err/s: 0.00 reconn/s: 0.00
[ 450s ] thds: 128 tps: 47145.44 qps: 942904.03 (r/w/o: 660032.28/188581.17/94290.58) lat (ms,95%): 7.30 err/s: 0.00 reconn/s: 0.00
[ 460s ] thds: 128 tps: 46920.97 qps: 938418.22 (r/w/o: 656892.09/187683.98/93842.14) lat (ms,95%): 7.30 err/s: 0.00 reconn/s: 0.00
[ 470s ] thds: 128 tps: 42693.23 qps: 853871.80 (r/w/o: 597713.65/170771.60/85386.55) lat (ms,95%): 7.70 err/s: 0.00 reconn/s: 0.00
[ 480s ] thds: 128 tps: 50633.10 qps: 1012654.68 (r/w/o: 708854.46/202534.02/101266.21) lat (ms,95%): 7.04 err/s: 0.00 reconn/s: 0.00
[ 490s ] thds: 128 tps: 48656.25 qps: 973134.50 (r/w/o: 681197.70/194624.30/97312.50) lat (ms,95%): 7.17 err/s: 0.00 reconn/s: 0.00
[ 500s ] thds: 128 tps: 50504.13 qps: 1010067.80 (r/w/o: 707043.39/202016.34/101008.07) lat (ms,95%): 7.04 err/s: 0.00 reconn/s: 0.00
[ 510s ] thds: 128 tps: 47929.62 qps: 958609.30 (r/w/o: 671029.91/191719.86/95859.53) lat (ms,95%): 7.17 err/s: 0.00 reconn/s: 0.00
[ 520s ] thds: 128 tps: 47063.43 qps: 941263.76 (r/w/o: 658885.39/188251.81/94126.56) lat (ms,95%): 7.30 err/s: 0.00 reconn/s: 0.00
[ 530s ] thds: 128 tps: 44211.94 qps: 884249.96 (r/w/o: 618975.03/176850.85/88424.08) lat (ms,95%): 7.56 err/s: 0.00 reconn/s: 0.00
[ 540s ] thds: 128 tps: 45690.28 qps: 913787.19 (r/w/o: 639646.68/182760.14/91380.37) lat (ms,95%): 7.43 err/s: 0.00 reconn/s: 0.00
[ 550s ] thds: 128 tps: 48764.31 qps: 975288.95 (r/w/o: 682704.97/195055.25/97528.72) lat (ms,95%): 7.17 err/s: 0.00 reconn/s: 0.00
[ 560s ] thds: 128 tps: 49494.62 qps: 989902.03 (r/w/o: 692935.13/197977.77/98989.13) lat (ms,95%): 7.04 err/s: 0.00 reconn/s: 0.00
[ 570s ] thds: 128 tps: 47150.64 qps: 943008.40 (r/w/o: 660101.69/188605.44/94301.27) lat (ms,95%): 7.30 err/s: 0.00 reconn/s: 0.00
[ 580s ] thds: 128 tps: 49341.90 qps: 986835.91 (r/w/o: 690785.54/197366.38/98683.99) lat (ms,95%): 7.04 err/s: 0.00 reconn/s: 0.00
[ 590s ] thds: 128 tps: 47185.95 qps: 943722.28 (r/w/o: 660605.18/188745.50/94371.60) lat (ms,95%): 7.17 err/s: 0.00 reconn/s: 0.00
[ 600s ] thds: 128 tps: 49079.47 qps: 981581.04 (r/w/o: 687105.64/196316.57/98158.83) lat (ms,95%): 7.04 err/s: 0.00 reconn/s: 0.00
[ 610s ] thds: 128 tps: 46385.72 qps: 927721.53 (r/w/o: 649407.80/185541.99/92771.74) lat (ms,95%): 7.30 err/s: 0.00 reconn/s: 0.00
[ 620s ] thds: 128 tps: 48986.92 qps: 979732.61 (r/w/o: 685809.98/195948.48/97974.14) lat (ms,95%): 7.04 err/s: 0.10 reconn/s: 0.00
[ 630s ] thds: 128 tps: 46574.24 qps: 931491.44 (r/w/o: 652046.52/186296.45/93148.47) lat (ms,95%): 7.30 err/s: 0.00 reconn/s: 0.00
[ 640s ] thds: 128 tps: 50625.38 qps: 1012515.03 (r/w/o: 708761.17/202503.31/101250.55) lat (ms,95%): 6.91 err/s: 0.00 reconn/s: 0.00
[ 650s ] thds: 128 tps: 45726.46 qps: 914519.46 (r/w/o: 640162.01/182904.33/91453.12) lat (ms,95%): 7.30 err/s: 0.00 reconn/s: 0.00
[ 660s ] thds: 128 tps: 45178.48 qps: 903566.65 (r/w/o: 632497.26/180712.53/90356.87) lat (ms,95%): 7.43 err/s: 0.00 reconn/s: 0.00
[ 670s ] thds: 128 tps: 42744.81 qps: 854905.05 (r/w/o: 598434.80/170980.83/85489.41) lat (ms,95%): 7.56 err/s: 0.00 reconn/s: 0.00
[ 680s ] thds: 128 tps: 44502.52 qps: 890052.19 (r/w/o: 623036.37/178010.38/89005.44) lat (ms,95%): 7.43 err/s: 0.00 reconn/s: 0.00
[ 690s ] thds: 128 tps: 45466.47 qps: 909312.64 (r/w/o: 636515.11/181864.99/90932.54) lat (ms,95%): 7.30 err/s: 0.00 reconn/s: 0.00
[ 700s ] thds: 128 tps: 47611.02 qps: 952240.02 (r/w/o: 666571.73/190446.06/95222.23) lat (ms,95%): 7.17 err/s: 0.00 reconn/s: 0.00
[ 710s ] thds: 128 tps: 45290.83 qps: 905801.80 (r/w/o: 634060.19/181159.84/90581.77) lat (ms,95%): 7.30 err/s: 0.00 reconn/s: 0.00
[ 720s ] thds: 128 tps: 46749.98 qps: 935004.12 (r/w/o: 654503.73/187000.12/93500.26) lat (ms,95%): 7.17 err/s: 0.10 reconn/s: 0.00
[ 730s ] thds: 128 tps: 44684.07 qps: 893693.56 (r/w/o: 625585.96/178739.47/89368.14) lat (ms,95%): 7.30 err/s: 0.00 reconn/s: 0.00
[ 740s ] thds: 128 tps: 46807.81 qps: 936142.26 (r/w/o: 655298.81/187227.93/93615.52) lat (ms,95%): 7.17 err/s: 0.00 reconn/s: 0.00
[ 750s ] thds: 128 tps: 43706.61 qps: 874140.03 (r/w/o: 611898.06/174828.95/87413.02) lat (ms,95%): 7.43 err/s: 0.00 reconn/s: 0.00
[ 760s ] thds: 128 tps: 46773.55 qps: 935457.30 (r/w/o: 654817.00/187093.20/93547.10) lat (ms,95%): 7.17 err/s: 0.00 reconn/s: 0.00
[ 770s ] thds: 128 tps: 43950.70 qps: 879038.21 (r/w/o: 615331.71/175804.80/87901.70) lat (ms,95%): 7.30 err/s: 0.00 reconn/s: 0.00
[ 780s ] thds: 128 tps: 46854.67 qps: 937065.93 (r/w/o: 655941.13/187415.97/93708.83) lat (ms,95%): 7.17 err/s: 0.00 reconn/s: 0.00
SQL statistics:
    queries performed:
        read:                            550431784
        write:                           157266211
        other:                           78633115
        total:                           786331110
    transactions:                        39316551 (50398.15 per sec.)
    queries:                             786331110 (1007963.10 per sec.)
    ignored errors:                      5      (0.01 per sec.)
    reconnects:                          0      (0.00 per sec.)

General statistics:
    total time:                          780.1180s
    total number of events:              39316551

Latency (ms):
         min:                                    0.65
         avg:                                    2.54
         max:                                  132.14
         95th percentile:                        7.04
         sum:                             99798380.66

Threads fairness:
    events (avg/stddev):           307160.5547/3953.11
    execution time (avg/stddev):   779.6748/0.02

