sysbench 1.0.20-ebf1c90 (using bundled LuaJIT 2.1.0-beta2)

Running the test with following options:
Number of threads: 128
Report intermediate results every 10 second(s)
Initializing random number generator from current time


Initializing worker threads...

Threads started!

[ 10s ] thds: 128 tps: 21569.69 qps: 431532.19 (r/w/o: 302094.48/86285.94/43151.77) lat (ms,95%): 8.90 err/s: 0.00 reconn/s: 0.00
[ 20s ] thds: 128 tps: 41812.54 qps: 836234.20 (r/w/o: 585361.63/167247.38/83625.19) lat (ms,95%): 7.17 err/s: 0.00 reconn/s: 0.00
[ 30s ] thds: 128 tps: 50883.43 qps: 1017687.64 (r/w/o: 712385.78/203534.91/101766.95) lat (ms,95%): 7.04 err/s: 0.10 reconn/s: 0.00
[ 40s ] thds: 128 tps: 54787.11 qps: 1095725.05 (r/w/o: 767003.70/219147.43/109573.91) lat (ms,95%): 6.91 err/s: 0.00 reconn/s: 0.00
[ 50s ] thds: 128 tps: 52573.49 qps: 1051474.12 (r/w/o: 736032.37/210294.36/105147.38) lat (ms,95%): 7.04 err/s: 0.00 reconn/s: 0.00
[ 60s ] thds: 128 tps: 54380.54 qps: 1087604.27 (r/w/o: 761321.71/217521.27/108761.29) lat (ms,95%): 6.91 err/s: 0.00 reconn/s: 0.00
[ 70s ] thds: 128 tps: 53196.44 qps: 1063937.35 (r/w/o: 744755.12/212789.55/106392.67) lat (ms,95%): 7.04 err/s: 0.00 reconn/s: 0.00
[ 80s ] thds: 128 tps: 53702.62 qps: 1074059.32 (r/w/o: 751845.73/214808.16/107405.43) lat (ms,95%): 6.91 err/s: 0.00 reconn/s: 0.00
[ 90s ] thds: 128 tps: 52069.71 qps: 1041380.48 (r/w/o: 728963.22/208278.04/104139.22) lat (ms,95%): 7.04 err/s: 0.00 reconn/s: 0.00
[ 100s ] thds: 128 tps: 53794.27 qps: 1075920.38 (r/w/o: 753145.17/215186.38/107588.84) lat (ms,95%): 6.91 err/s: 0.00 reconn/s: 0.00
[ 110s ] thds: 128 tps: 51433.79 qps: 1028636.85 (r/w/o: 720042.89/205726.57/102867.38) lat (ms,95%): 7.04 err/s: 0.10 reconn/s: 0.00
[ 120s ] thds: 128 tps: 53758.49 qps: 1075187.94 (r/w/o: 752635.42/215035.15/107517.37) lat (ms,95%): 6.91 err/s: 0.00 reconn/s: 0.00
[ 130s ] thds: 128 tps: 49933.28 qps: 998655.48 (r/w/o: 699056.58/199733.84/99865.07) lat (ms,95%): 7.17 err/s: 0.00 reconn/s: 0.00
[ 140s ] thds: 128 tps: 45884.23 qps: 917701.93 (r/w/o: 642392.74/183539.43/91769.76) lat (ms,95%): 7.56 err/s: 0.00 reconn/s: 0.00
[ 150s ] thds: 128 tps: 45404.41 qps: 908080.04 (r/w/o: 635656.90/181614.53/90808.61) lat (ms,95%): 7.56 err/s: 0.00 reconn/s: 0.00
[ 160s ] thds: 128 tps: 51583.99 qps: 1031686.56 (r/w/o: 722180.40/206337.77/103168.39) lat (ms,95%): 7.04 err/s: 0.00 reconn/s: 0.00
[ 170s ] thds: 128 tps: 49162.61 qps: 983241.28 (r/w/o: 688265.42/196650.94/98324.92) lat (ms,95%): 7.17 err/s: 0.00 reconn/s: 0.00
[ 180s ] thds: 128 tps: 50163.91 qps: 1003285.35 (r/w/o: 702304.31/200653.03/100328.02) lat (ms,95%): 7.17 err/s: 0.00 reconn/s: 0.00
[ 190s ] thds: 128 tps: 48214.28 qps: 964265.96 (r/w/o: 674981.99/192855.31/96428.66) lat (ms,95%): 7.30 err/s: 0.00 reconn/s: 0.00
[ 200s ] thds: 128 tps: 50074.32 qps: 1001486.02 (r/w/o: 701041.30/200296.38/100148.34) lat (ms,95%): 7.17 err/s: 0.00 reconn/s: 0.00
[ 210s ] thds: 128 tps: 47900.92 qps: 958029.49 (r/w/o: 670620.15/191607.40/95801.95) lat (ms,95%): 7.30 err/s: 0.00 reconn/s: 0.00
[ 220s ] thds: 128 tps: 49542.21 qps: 990865.46 (r/w/o: 693608.38/198172.65/99084.43) lat (ms,95%): 7.17 err/s: 0.00 reconn/s: 0.00
[ 230s ] thds: 128 tps: 46927.61 qps: 938542.07 (r/w/o: 656981.59/187705.15/93855.33) lat (ms,95%): 7.43 err/s: 0.00 reconn/s: 0.00
[ 240s ] thds: 128 tps: 48692.92 qps: 973842.13 (r/w/o: 681685.20/194771.19/97385.74) lat (ms,95%): 7.30 err/s: 0.00 reconn/s: 0.00
[ 250s ] thds: 128 tps: 46070.65 qps: 921430.00 (r/w/o: 645002.97/184285.82/92141.21) lat (ms,95%): 7.43 err/s: 0.00 reconn/s: 0.00
[ 260s ] thds: 128 tps: 48145.83 qps: 962905.15 (r/w/o: 674033.25/192579.93/96291.96) lat (ms,95%): 7.30 err/s: 0.00 reconn/s: 0.00
[ 270s ] thds: 128 tps: 45585.18 qps: 911689.45 (r/w/o: 638179.98/182339.41/91170.05) lat (ms,95%): 7.43 err/s: 0.00 reconn/s: 0.00
[ 280s ] thds: 128 tps: 43203.53 qps: 864088.58 (r/w/o: 604869.21/172812.02/86407.36) lat (ms,95%): 7.70 err/s: 0.00 reconn/s: 0.00
[ 290s ] thds: 128 tps: 40674.48 qps: 813489.62 (r/w/o: 569437.57/162702.90/81349.15) lat (ms,95%): 7.98 err/s: 0.00 reconn/s: 0.00
[ 300s ] thds: 128 tps: 48775.77 qps: 975517.42 (r/w/o: 682865.60/195100.68/97551.14) lat (ms,95%): 7.17 err/s: 0.00 reconn/s: 0.00
[ 310s ] thds: 128 tps: 46578.84 qps: 931560.66 (r/w/o: 652087.33/186315.95/93157.38) lat (ms,95%): 7.43 err/s: 0.00 reconn/s: 0.00
[ 320s ] thds: 128 tps: 48130.82 qps: 962641.22 (r/w/o: 673849.42/192529.86/96261.93) lat (ms,95%): 7.17 err/s: 0.00 reconn/s: 0.00
[ 330s ] thds: 128 tps: 45431.23 qps: 908617.95 (r/w/o: 636030.78/181724.61/90862.55) lat (ms,95%): 7.43 err/s: 0.00 reconn/s: 0.00
[ 340s ] thds: 128 tps: 48576.93 qps: 971531.83 (r/w/o: 680072.44/194305.33/97154.06) lat (ms,95%): 7.17 err/s: 0.10 reconn/s: 0.00
[ 350s ] thds: 128 tps: 45872.21 qps: 917459.42 (r/w/o: 642229.25/183485.84/91744.32) lat (ms,95%): 7.43 err/s: 0.00 reconn/s: 0.00
[ 360s ] thds: 128 tps: 48232.88 qps: 964658.96 (r/w/o: 675257.46/192935.63/96465.87) lat (ms,95%): 7.17 err/s: 0.00 reconn/s: 0.00
[ 370s ] thds: 128 tps: 45768.58 qps: 915345.45 (r/w/o: 640738.09/183070.81/91536.56) lat (ms,95%): 7.43 err/s: 0.00 reconn/s: 0.00
[ 380s ] thds: 128 tps: 47680.63 qps: 953643.42 (r/w/o: 667553.03/190728.52/95361.86) lat (ms,95%): 7.30 err/s: 0.00 reconn/s: 0.00
[ 390s ] thds: 128 tps: 47490.67 qps: 949791.77 (r/w/o: 664852.56/189957.57/94981.64) lat (ms,95%): 7.30 err/s: 0.00 reconn/s: 0.00
[ 400s ] thds: 128 tps: 47883.40 qps: 957667.89 (r/w/o: 670367.09/191534.40/95766.40) lat (ms,95%): 7.30 err/s: 0.00 reconn/s: 0.00
[ 410s ] thds: 128 tps: 44905.42 qps: 898128.15 (r/w/o: 628688.45/179628.77/89810.94) lat (ms,95%): 7.43 err/s: 0.00 reconn/s: 0.00
[ 420s ] thds: 128 tps: 44727.15 qps: 894538.65 (r/w/o: 626180.07/178903.69/89454.90) lat (ms,95%): 7.56 err/s: 0.00 reconn/s: 0.00
[ 430s ] thds: 128 tps: 41220.47 qps: 824399.92 (r/w/o: 577078.19/164880.98/82440.74) lat (ms,95%): 7.84 err/s: 0.00 reconn/s: 0.00
[ 440s ] thds: 128 tps: 43562.35 qps: 871252.94 (r/w/o: 609881.56/174246.89/87124.49) lat (ms,95%): 7.70 err/s: 0.00 reconn/s: 0.00
[ 450s ] thds: 128 tps: 44914.10 qps: 898262.84 (r/w/o: 628779.93/179654.91/89828.00) lat (ms,95%): 7.43 err/s: 0.00 reconn/s: 0.00
[ 460s ] thds: 128 tps: 46242.49 qps: 924854.36 (r/w/o: 647397.60/184971.67/92485.09) lat (ms,95%): 7.43 err/s: 0.00 reconn/s: 0.00
[ 470s ] thds: 128 tps: 43974.88 qps: 879508.67 (r/w/o: 615657.90/175901.11/87949.66) lat (ms,95%): 7.56 err/s: 0.00 reconn/s: 0.00
[ 480s ] thds: 128 tps: 46254.64 qps: 925085.49 (r/w/o: 647559.15/185016.76/92509.58) lat (ms,95%): 7.30 err/s: 0.00 reconn/s: 0.00
[ 490s ] thds: 128 tps: 44088.20 qps: 881752.20 (r/w/o: 617226.10/176349.80/88176.30) lat (ms,95%): 7.43 err/s: 0.00 reconn/s: 0.00
[ 500s ] thds: 128 tps: 45995.70 qps: 919925.83 (r/w/o: 643950.22/183984.51/91991.10) lat (ms,95%): 7.30 err/s: 0.00 reconn/s: 0.00
[ 510s ] thds: 128 tps: 41102.88 qps: 822064.10 (r/w/o: 575446.32/164411.52/82206.26) lat (ms,95%): 7.70 err/s: 0.00 reconn/s: 0.00
[ 520s ] thds: 128 tps: 42037.77 qps: 840757.21 (r/w/o: 588529.11/168153.26/84074.83) lat (ms,95%): 7.70 err/s: 0.00 reconn/s: 0.00
[ 530s ] thds: 128 tps: 39263.97 qps: 785263.42 (r/w/o: 549678.02/157057.26/78528.13) lat (ms,95%): 7.98 err/s: 0.00 reconn/s: 0.00
[ 540s ] thds: 128 tps: 46648.78 qps: 932974.16 (r/w/o: 653085.56/186590.83/93297.77) lat (ms,95%): 7.30 err/s: 0.00 reconn/s: 0.00
[ 550s ] thds: 128 tps: 43306.73 qps: 866145.57 (r/w/o: 606303.77/173228.73/86613.07) lat (ms,95%): 7.56 err/s: 0.00 reconn/s: 0.00
[ 560s ] thds: 128 tps: 44609.45 qps: 892188.89 (r/w/o: 624534.27/178435.42/89219.21) lat (ms,95%): 7.43 err/s: 0.00 reconn/s: 0.00
[ 570s ] thds: 128 tps: 41411.73 qps: 828242.23 (r/w/o: 579770.37/165648.11/82823.75) lat (ms,95%): 7.70 err/s: 0.00 reconn/s: 0.00
[ 580s ] thds: 128 tps: 43431.40 qps: 868611.52 (r/w/o: 608021.82/173727.60/86862.10) lat (ms,95%): 7.56 err/s: 0.00 reconn/s: 0.00
[ 590s ] thds: 128 tps: 40423.52 qps: 808467.71 (r/w/o: 565929.71/161690.36/80847.63) lat (ms,95%): 7.84 err/s: 0.00 reconn/s: 0.00
[ 600s ] thds: 128 tps: 44894.75 qps: 897918.81 (r/w/o: 628546.74/179582.08/89789.99) lat (ms,95%): 7.43 err/s: 0.10 reconn/s: 0.00
[ 610s ] thds: 128 tps: 42757.67 qps: 855137.48 (r/w/o: 598594.64/171027.90/85514.95) lat (ms,95%): 7.56 err/s: 0.00 reconn/s: 0.00
[ 620s ] thds: 128 tps: 45470.46 qps: 909435.72 (r/w/o: 636605.29/181889.12/90941.31) lat (ms,95%): 7.30 err/s: 0.10 reconn/s: 0.00
[ 630s ] thds: 128 tps: 42750.26 qps: 855007.29 (r/w/o: 598507.10/170999.66/85500.53) lat (ms,95%): 7.56 err/s: 0.00 reconn/s: 0.00
[ 640s ] thds: 128 tps: 45191.47 qps: 903808.45 (r/w/o: 632663.42/180761.99/90383.05) lat (ms,95%): 7.30 err/s: 0.00 reconn/s: 0.00
[ 650s ] thds: 128 tps: 42927.27 qps: 858551.33 (r/w/o: 600985.70/171711.19/85854.44) lat (ms,95%): 7.56 err/s: 0.00 reconn/s: 0.00
[ 660s ] thds: 128 tps: 46145.93 qps: 922911.97 (r/w/o: 646036.80/184583.21/92291.96) lat (ms,95%): 7.30 err/s: 0.00 reconn/s: 0.00
[ 670s ] thds: 128 tps: 42590.55 qps: 851806.47 (r/w/o: 596264.05/170361.71/85180.71) lat (ms,95%): 7.56 err/s: 0.00 reconn/s: 0.00
[ 680s ] thds: 128 tps: 44534.16 qps: 890704.82 (r/w/o: 623501.05/178134.84/89068.92) lat (ms,95%): 7.43 err/s: 0.00 reconn/s: 0.00
[ 690s ] thds: 128 tps: 42730.96 qps: 854605.38 (r/w/o: 598218.69/170925.16/85461.53) lat (ms,95%): 7.56 err/s: 0.00 reconn/s: 0.00
[ 700s ] thds: 128 tps: 45598.48 qps: 911970.75 (r/w/o: 638379.35/182395.43/91195.96) lat (ms,95%): 7.30 err/s: 0.00 reconn/s: 0.00
[ 710s ] thds: 128 tps: 41325.19 qps: 826502.77 (r/w/o: 578551.44/165300.25/82651.08) lat (ms,95%): 7.56 err/s: 0.00 reconn/s: 0.00
[ 720s ] thds: 128 tps: 42904.60 qps: 858086.94 (r/w/o: 600659.56/171617.79/85809.59) lat (ms,95%): 7.56 err/s: 0.00 reconn/s: 0.00
[ 730s ] thds: 128 tps: 39812.78 qps: 796273.95 (r/w/o: 557393.36/159254.93/79625.67) lat (ms,95%): 7.84 err/s: 0.00 reconn/s: 0.00
[ 740s ] thds: 128 tps: 41554.37 qps: 831065.18 (r/w/o: 581740.77/166215.98/83108.44) lat (ms,95%): 7.70 err/s: 0.00 reconn/s: 0.00
[ 750s ] thds: 128 tps: 40103.28 qps: 802078.18 (r/w/o: 561459.98/160411.24/80206.97) lat (ms,95%): 7.70 err/s: 0.00 reconn/s: 0.00
[ 760s ] thds: 128 tps: 43986.04 qps: 879732.37 (r/w/o: 615813.41/175946.97/87971.99) lat (ms,95%): 7.43 err/s: 0.00 reconn/s: 0.00
[ 770s ] thds: 128 tps: 41490.18 qps: 829797.08 (r/w/o: 580856.68/165960.24/82980.17) lat (ms,95%): 7.56 err/s: 0.00 reconn/s: 0.00
[ 780s ] thds: 128 tps: 44461.44 qps: 889221.09 (r/w/o: 622454.75/177844.06/88922.28) lat (ms,95%): 7.43 err/s: 0.00 reconn/s: 0.00
SQL statistics:
    queries performed:
        read:                            499928030
        write:                           142836564
        other:                           71418296
        total:                           714182890
    transactions:                        35709140 (45773.86 per sec.)
    queries:                             714182890 (915477.41 per sec.)
    ignored errors:                      5      (0.01 per sec.)
    reconnects:                          0      (0.00 per sec.)

General statistics:
    total time:                          780.1198s
    total number of events:              35709140

Latency (ms):
         min:                                    0.71
         avg:                                    2.79
         max:                                  139.30
         95th percentile:                        7.43
         sum:                             99801062.66

Threads fairness:
    events (avg/stddev):           278977.6562/3034.61
    execution time (avg/stddev):   779.6958/0.01

