sysbench 1.0.20-ebf1c90 (using bundled LuaJIT 2.1.0-beta2)

Running the test with following options:
Number of threads: 128
Report intermediate results every 10 second(s)
Initializing random number generator from current time


Initializing worker threads...

Threads started!

[ 10s ] thds: 128 tps: 21456.67 qps: 429249.32 (r/w/o: 300492.59/85831.29/42925.44) lat (ms,95%): 8.90 err/s: 0.00 reconn/s: 0.00
[ 20s ] thds: 128 tps: 42006.66 qps: 840127.27 (r/w/o: 588085.79/168027.95/84013.53) lat (ms,95%): 7.17 err/s: 0.00 reconn/s: 0.00
[ 30s ] thds: 128 tps: 52094.73 qps: 1041900.49 (r/w/o: 729330.52/208380.62/104189.36) lat (ms,95%): 6.91 err/s: 0.00 reconn/s: 0.00
[ 40s ] thds: 128 tps: 54966.80 qps: 1099342.42 (r/w/o: 769541.81/219866.80/109933.80) lat (ms,95%): 6.91 err/s: 0.00 reconn/s: 0.00
[ 50s ] thds: 128 tps: 53196.87 qps: 1063941.96 (r/w/o: 744758.62/212789.79/106393.55) lat (ms,95%): 7.04 err/s: 0.00 reconn/s: 0.00
[ 60s ] thds: 128 tps: 54806.40 qps: 1096112.11 (r/w/o: 767276.11/219223.20/109612.80) lat (ms,95%): 6.91 err/s: 0.00 reconn/s: 0.00
[ 70s ] thds: 128 tps: 53674.70 qps: 1073516.52 (r/w/o: 751464.41/214702.50/107349.60) lat (ms,95%): 7.04 err/s: 0.00 reconn/s: 0.00
[ 80s ] thds: 128 tps: 54503.02 qps: 1090042.82 (r/w/o: 763026.73/218010.06/109006.03) lat (ms,95%): 6.91 err/s: 0.00 reconn/s: 0.00
[ 90s ] thds: 128 tps: 52858.78 qps: 1057188.86 (r/w/o: 740035.36/211436.13/105717.37) lat (ms,95%): 7.04 err/s: 0.00 reconn/s: 0.00
[ 100s ] thds: 128 tps: 54092.88 qps: 1081843.96 (r/w/o: 757289.36/216368.43/108186.17) lat (ms,95%): 6.91 err/s: 0.00 reconn/s: 0.00
[ 110s ] thds: 128 tps: 52124.51 qps: 1042490.24 (r/w/o: 729743.77/208497.75/104248.72) lat (ms,95%): 7.04 err/s: 0.00 reconn/s: 0.00
[ 120s ] thds: 128 tps: 53749.00 qps: 1074982.30 (r/w/o: 752487.53/214996.38/107498.39) lat (ms,95%): 6.91 err/s: 0.00 reconn/s: 0.00
[ 130s ] thds: 128 tps: 50140.96 qps: 1002827.69 (r/w/o: 701978.30/200567.86/100281.53) lat (ms,95%): 7.30 err/s: 0.00 reconn/s: 0.00
[ 140s ] thds: 128 tps: 46767.84 qps: 935363.38 (r/w/o: 654757.25/187070.06/93536.08) lat (ms,95%): 7.56 err/s: 0.00 reconn/s: 0.00
[ 150s ] thds: 128 tps: 47844.89 qps: 956895.40 (r/w/o: 669829.13/191376.58/95689.69) lat (ms,95%): 7.43 err/s: 0.00 reconn/s: 0.00
[ 160s ] thds: 128 tps: 51747.58 qps: 1034949.80 (r/w/o: 724460.82/206994.02/103494.96) lat (ms,95%): 7.17 err/s: 0.00 reconn/s: 0.00
[ 170s ] thds: 128 tps: 49970.49 qps: 999395.79 (r/w/o: 699572.35/199882.56/99940.88) lat (ms,95%): 7.17 err/s: 0.00 reconn/s: 0.00
[ 180s ] thds: 128 tps: 51470.39 qps: 1029430.52 (r/w/o: 720606.37/205883.06/102941.08) lat (ms,95%): 7.17 err/s: 0.00 reconn/s: 0.00
[ 190s ] thds: 128 tps: 49048.96 qps: 980972.29 (r/w/o: 686681.21/196193.26/98097.83) lat (ms,95%): 7.30 err/s: 0.00 reconn/s: 0.00
[ 200s ] thds: 128 tps: 50838.37 qps: 1016756.51 (r/w/o: 711725.39/203354.98/101676.14) lat (ms,95%): 7.17 err/s: 0.00 reconn/s: 0.00
[ 210s ] thds: 128 tps: 48008.65 qps: 960171.22 (r/w/o: 672122.92/192030.20/96018.10) lat (ms,95%): 7.30 err/s: 0.00 reconn/s: 0.00
[ 220s ] thds: 128 tps: 49808.59 qps: 996187.11 (r/w/o: 697330.17/199239.86/99617.08) lat (ms,95%): 7.17 err/s: 0.00 reconn/s: 0.00
[ 230s ] thds: 128 tps: 48157.57 qps: 963137.55 (r/w/o: 674195.34/192627.47/96314.73) lat (ms,95%): 7.30 err/s: 0.00 reconn/s: 0.00
[ 240s ] thds: 128 tps: 49024.23 qps: 980489.72 (r/w/o: 686344.97/196096.30/98048.45) lat (ms,95%): 7.30 err/s: 0.00 reconn/s: 0.00
[ 250s ] thds: 128 tps: 46537.74 qps: 930744.79 (r/w/o: 651518.25/186151.96/93074.58) lat (ms,95%): 7.43 err/s: 0.00 reconn/s: 0.00
[ 260s ] thds: 128 tps: 48068.13 qps: 961382.86 (r/w/o: 672973.89/192271.51/96137.46) lat (ms,95%): 7.30 err/s: 0.00 reconn/s: 0.00
[ 270s ] thds: 128 tps: 45121.40 qps: 902446.31 (r/w/o: 631715.21/180488.40/90242.70) lat (ms,95%): 7.56 err/s: 0.00 reconn/s: 0.00
[ 280s ] thds: 128 tps: 43661.38 qps: 873199.40 (r/w/o: 611235.45/174641.20/87322.75) lat (ms,95%): 7.70 err/s: 0.00 reconn/s: 0.00
[ 290s ] thds: 128 tps: 42004.03 qps: 840063.28 (r/w/o: 588039.81/168016.02/84007.46) lat (ms,95%): 7.84 err/s: 0.00 reconn/s: 0.00
[ 300s ] thds: 128 tps: 48798.44 qps: 975994.30 (r/w/o: 683202.63/195193.88/97597.79) lat (ms,95%): 7.30 err/s: 0.00 reconn/s: 0.00
[ 310s ] thds: 128 tps: 47525.37 qps: 950513.45 (r/w/o: 665360.24/190102.37/95050.83) lat (ms,95%): 7.43 err/s: 0.00 reconn/s: 0.00
[ 320s ] thds: 128 tps: 48213.55 qps: 964249.68 (r/w/o: 674971.49/192851.20/96427.00) lat (ms,95%): 7.30 err/s: 0.00 reconn/s: 0.00
[ 330s ] thds: 128 tps: 46370.08 qps: 927411.49 (r/w/o: 649186.49/185485.64/92739.37) lat (ms,95%): 7.43 err/s: 0.00 reconn/s: 0.00
[ 340s ] thds: 128 tps: 48943.82 qps: 978869.33 (r/w/o: 685210.10/195770.39/97888.84) lat (ms,95%): 7.30 err/s: 0.00 reconn/s: 0.00
[ 350s ] thds: 128 tps: 46579.35 qps: 931605.14 (r/w/o: 652124.46/186322.89/93157.79) lat (ms,95%): 7.43 err/s: 0.00 reconn/s: 0.00
[ 360s ] thds: 128 tps: 48436.73 qps: 968733.98 (r/w/o: 678112.28/193747.74/96873.97) lat (ms,95%): 7.30 err/s: 0.00 reconn/s: 0.00
[ 370s ] thds: 128 tps: 46887.58 qps: 937722.79 (r/w/o: 656402.79/187545.24/93774.77) lat (ms,95%): 7.43 err/s: 0.00 reconn/s: 0.00
[ 380s ] thds: 128 tps: 48155.15 qps: 963107.67 (r/w/o: 674177.88/192619.09/96310.70) lat (ms,95%): 7.30 err/s: 0.00 reconn/s: 0.00
[ 390s ] thds: 128 tps: 46469.54 qps: 929388.97 (r/w/o: 650568.34/185881.95/92938.68) lat (ms,95%): 7.43 err/s: 0.00 reconn/s: 0.00
[ 400s ] thds: 128 tps: 47560.11 qps: 951217.41 (r/w/o: 665853.25/190244.04/95120.12) lat (ms,95%): 7.43 err/s: 0.00 reconn/s: 0.00
[ 410s ] thds: 128 tps: 45067.22 qps: 901346.93 (r/w/o: 630945.43/180266.67/90134.83) lat (ms,95%): 7.56 err/s: 0.00 reconn/s: 0.00
[ 420s ] thds: 128 tps: 45335.33 qps: 906698.82 (r/w/o: 634687.46/181341.40/90669.95) lat (ms,95%): 7.56 err/s: 0.00 reconn/s: 0.00
[ 430s ] thds: 128 tps: 40852.18 qps: 817056.23 (r/w/o: 571940.17/163411.21/81704.85) lat (ms,95%): 7.84 err/s: 0.00 reconn/s: 0.00
[ 440s ] thds: 128 tps: 45305.56 qps: 906087.13 (r/w/o: 634261.89/181214.13/90611.11) lat (ms,95%): 7.56 err/s: 0.00 reconn/s: 0.00
[ 450s ] thds: 128 tps: 46221.72 qps: 924448.84 (r/w/o: 647113.44/184891.67/92443.73) lat (ms,95%): 7.43 err/s: 0.00 reconn/s: 0.00
[ 460s ] thds: 128 tps: 46930.99 qps: 938621.03 (r/w/o: 657035.48/187723.57/93861.98) lat (ms,95%): 7.30 err/s: 0.00 reconn/s: 0.00
[ 470s ] thds: 128 tps: 45167.76 qps: 903336.95 (r/w/o: 632329.98/180671.55/90335.42) lat (ms,95%): 7.43 err/s: 0.00 reconn/s: 0.00
[ 480s ] thds: 128 tps: 46650.83 qps: 933030.57 (r/w/o: 653125.77/186603.63/93301.17) lat (ms,95%): 7.30 err/s: 0.00 reconn/s: 0.00
[ 490s ] thds: 128 tps: 44085.66 qps: 881702.49 (r/w/o: 617195.23/176335.14/88172.12) lat (ms,95%): 7.56 err/s: 0.00 reconn/s: 0.00
[ 500s ] thds: 128 tps: 43569.03 qps: 871398.26 (r/w/o: 609976.76/174283.63/87137.87) lat (ms,95%): 7.56 err/s: 0.00 reconn/s: 0.00
[ 510s ] thds: 128 tps: 41087.41 qps: 821752.41 (r/w/o: 575224.97/164352.92/82174.51) lat (ms,95%): 7.84 err/s: 0.00 reconn/s: 0.00
[ 520s ] thds: 128 tps: 42172.71 qps: 843442.79 (r/w/o: 590410.30/168687.26/84345.23) lat (ms,95%): 7.84 err/s: 0.00 reconn/s: 0.00
[ 530s ] thds: 128 tps: 44509.68 qps: 890173.33 (r/w/o: 623117.87/178036.51/89018.95) lat (ms,95%): 7.56 err/s: 0.00 reconn/s: 0.00
[ 540s ] thds: 128 tps: 46200.04 qps: 924029.57 (r/w/o: 646824.54/184804.05/92400.98) lat (ms,95%): 7.30 err/s: 0.00 reconn/s: 0.00
[ 550s ] thds: 128 tps: 43052.43 qps: 861063.78 (r/w/o: 602745.31/172213.72/86104.76) lat (ms,95%): 7.56 err/s: 0.00 reconn/s: 0.00
[ 560s ] thds: 128 tps: 45020.35 qps: 900401.21 (r/w/o: 630278.04/180082.58/90040.59) lat (ms,95%): 7.43 err/s: 0.00 reconn/s: 0.00
[ 570s ] thds: 128 tps: 40540.57 qps: 810787.87 (r/w/o: 567550.16/162156.67/81081.04) lat (ms,95%): 7.84 err/s: 0.00 reconn/s: 0.00
[ 580s ] thds: 128 tps: 42722.11 qps: 854450.62 (r/w/o: 598118.99/170887.12/85444.51) lat (ms,95%): 7.70 err/s: 0.00 reconn/s: 0.00
[ 590s ] thds: 128 tps: 40686.20 qps: 813731.56 (r/w/o: 569614.97/162744.49/81372.10) lat (ms,95%): 7.84 err/s: 0.00 reconn/s: 0.00
[ 600s ] thds: 128 tps: 45887.77 qps: 917760.14 (r/w/o: 642429.91/183554.19/91776.04) lat (ms,95%): 7.43 err/s: 0.00 reconn/s: 0.00
[ 610s ] thds: 128 tps: 43761.59 qps: 875225.84 (r/w/o: 612657.22/175046.35/87522.27) lat (ms,95%): 7.56 err/s: 0.00 reconn/s: 0.00
[ 620s ] thds: 128 tps: 45593.79 qps: 911870.07 (r/w/o: 638310.74/182371.35/91187.98) lat (ms,95%): 7.30 err/s: 0.00 reconn/s: 0.00
[ 630s ] thds: 128 tps: 43197.49 qps: 863958.40 (r/w/o: 604770.26/172792.86/86395.28) lat (ms,95%): 7.56 err/s: 0.00 reconn/s: 0.00
[ 640s ] thds: 128 tps: 45230.28 qps: 904595.23 (r/w/o: 633214.07/180920.91/90460.25) lat (ms,95%): 7.43 err/s: 0.00 reconn/s: 0.00
[ 650s ] thds: 128 tps: 43050.91 qps: 861003.93 (r/w/o: 602702.96/172199.05/86101.92) lat (ms,95%): 7.56 err/s: 0.00 reconn/s: 0.00
[ 660s ] thds: 128 tps: 45784.65 qps: 915706.98 (r/w/o: 640993.46/183144.02/91569.51) lat (ms,95%): 7.30 err/s: 0.00 reconn/s: 0.00
[ 670s ] thds: 128 tps: 42628.67 qps: 852584.37 (r/w/o: 596812.46/170514.37/85257.54) lat (ms,95%): 7.56 err/s: 0.00 reconn/s: 0.00
[ 680s ] thds: 128 tps: 45595.42 qps: 911893.10 (r/w/o: 638327.85/182374.90/91190.35) lat (ms,95%): 7.43 err/s: 0.00 reconn/s: 0.00
[ 690s ] thds: 128 tps: 42172.10 qps: 843453.63 (r/w/o: 590414.05/168695.69/84343.89) lat (ms,95%): 7.56 err/s: 0.00 reconn/s: 0.00
[ 700s ] thds: 128 tps: 44244.20 qps: 884889.61 (r/w/o: 619424.80/176977.80/88487.00) lat (ms,95%): 7.43 err/s: 0.00 reconn/s: 0.00
[ 710s ] thds: 128 tps: 41451.42 qps: 829030.18 (r/w/o: 580319.24/165806.60/82904.35) lat (ms,95%): 7.70 err/s: 0.00 reconn/s: 0.00
[ 720s ] thds: 128 tps: 43059.85 qps: 861171.74 (r/w/o: 602818.93/172232.91/86119.90) lat (ms,95%): 7.56 err/s: 0.00 reconn/s: 0.00
[ 730s ] thds: 128 tps: 39545.61 qps: 790937.60 (r/w/o: 553656.34/158190.34/79090.92) lat (ms,95%): 7.84 err/s: 0.00 reconn/s: 0.00
[ 740s ] thds: 128 tps: 41376.23 qps: 827505.67 (r/w/o: 579250.20/165503.01/82752.46) lat (ms,95%): 7.84 err/s: 0.00 reconn/s: 0.00
[ 750s ] thds: 128 tps: 42344.50 qps: 846901.60 (r/w/o: 592843.93/169367.78/84689.89) lat (ms,95%): 7.70 err/s: 0.00 reconn/s: 0.00
[ 760s ] thds: 128 tps: 44829.35 qps: 896582.24 (r/w/o: 627601.43/179323.01/89657.80) lat (ms,95%): 7.43 err/s: 0.00 reconn/s: 0.00
[ 770s ] thds: 128 tps: 41785.20 qps: 835691.57 (r/w/o: 584978.25/167142.71/83570.61) lat (ms,95%): 7.56 err/s: 0.00 reconn/s: 0.00
[ 780s ] thds: 128 tps: 43851.65 qps: 877036.55 (r/w/o: 613928.26/175404.79/87703.49) lat (ms,95%): 7.43 err/s: 0.00 reconn/s: 0.00
SQL statistics:
    queries performed:
        read:                            504318612
        write:                           144091028
        other:                           72045520
        total:                           720455160
    transactions:                        36022758 (46174.78 per sec.)
    queries:                             720455160 (923495.54 per sec.)
    ignored errors:                      0      (0.00 per sec.)
    reconnects:                          0      (0.00 per sec.)

General statistics:
    total time:                          780.1384s
    total number of events:              36022758

Latency (ms):
         min:                                    0.71
         avg:                                    2.77
         max:                                  134.07
         95th percentile:                        7.43
         sum:                             99801882.11

Threads fairness:
    events (avg/stddev):           281427.7969/2236.76
    execution time (avg/stddev):   779.7022/0.02

