sysbench 1.0.20-ebf1c90 (using bundled LuaJIT 2.1.0-beta2)

Running the test with following options:
Number of threads: 128
Report intermediate results every 10 second(s)
Initializing random number generator from current time


Initializing worker threads...

Threads started!

[ 10s ] thds: 128 tps: 28884.82 qps: 577818.03 (r/w/o: 404491.70/115544.09/57782.24) lat (ms,95%): 4.49 err/s: 0.00 reconn/s: 0.00
[ 20s ] thds: 128 tps: 50214.01 qps: 1004282.79 (r/w/o: 702998.11/200857.06/100427.63) lat (ms,95%): 5.88 err/s: 0.00 reconn/s: 0.00
[ 30s ] thds: 128 tps: 54647.13 qps: 1092975.81 (r/w/o: 765092.53/218588.42/109294.86) lat (ms,95%): 6.67 err/s: 0.00 reconn/s: 0.00
[ 40s ] thds: 128 tps: 56037.91 qps: 1120735.11 (r/w/o: 784506.25/224153.44/112075.42) lat (ms,95%): 6.55 err/s: 0.00 reconn/s: 0.00
[ 50s ] thds: 128 tps: 55216.41 qps: 1104352.66 (r/w/o: 773055.91/220863.63/110433.12) lat (ms,95%): 6.67 err/s: 0.00 reconn/s: 0.00
[ 60s ] thds: 128 tps: 55610.24 qps: 1112195.59 (r/w/o: 778528.93/222446.58/111220.09) lat (ms,95%): 6.67 err/s: 0.00 reconn/s: 0.00
[ 70s ] thds: 128 tps: 55183.21 qps: 1103661.33 (r/w/o: 772565.59/220729.23/110366.51) lat (ms,95%): 6.67 err/s: 0.00 reconn/s: 0.00
[ 80s ] thds: 128 tps: 54841.45 qps: 1096806.20 (r/w/o: 767757.60/219366.00/109682.60) lat (ms,95%): 6.67 err/s: 0.00 reconn/s: 0.00
[ 90s ] thds: 128 tps: 54177.64 qps: 1083580.14 (r/w/o: 758511.89/216712.77/108355.48) lat (ms,95%): 6.67 err/s: 0.00 reconn/s: 0.00
[ 100s ] thds: 128 tps: 54776.64 qps: 1095513.16 (r/w/o: 766856.73/219102.85/109553.58) lat (ms,95%): 6.67 err/s: 0.00 reconn/s: 0.00
[ 110s ] thds: 128 tps: 53577.10 qps: 1071555.00 (r/w/o: 750094.13/214306.68/107154.19) lat (ms,95%): 6.91 err/s: 0.00 reconn/s: 0.00
[ 120s ] thds: 128 tps: 53251.23 qps: 1065028.35 (r/w/o: 745516.39/213009.21/106502.76) lat (ms,95%): 7.04 err/s: 0.00 reconn/s: 0.00
[ 130s ] thds: 128 tps: 50328.10 qps: 1006552.39 (r/w/o: 704586.49/201310.30/100655.60) lat (ms,95%): 7.30 err/s: 0.00 reconn/s: 0.00
[ 140s ] thds: 128 tps: 45753.00 qps: 915064.66 (r/w/o: 640544.27/183014.09/91506.30) lat (ms,95%): 7.70 err/s: 0.00 reconn/s: 0.00
[ 150s ] thds: 128 tps: 46548.32 qps: 930979.81 (r/w/o: 651693.29/186189.88/93096.64) lat (ms,95%): 7.56 err/s: 0.00 reconn/s: 0.00
[ 160s ] thds: 128 tps: 51299.33 qps: 1025982.46 (r/w/o: 718180.89/205202.81/102598.76) lat (ms,95%): 7.17 err/s: 0.00 reconn/s: 0.00
[ 170s ] thds: 128 tps: 49647.61 qps: 992942.98 (r/w/o: 695062.20/198585.56/99295.23) lat (ms,95%): 7.30 err/s: 0.00 reconn/s: 0.00
[ 180s ] thds: 128 tps: 50205.63 qps: 1004112.85 (r/w/o: 702874.75/200826.93/100411.16) lat (ms,95%): 7.30 err/s: 0.00 reconn/s: 0.00
[ 190s ] thds: 128 tps: 49327.22 qps: 986551.65 (r/w/o: 690593.24/197303.97/98654.43) lat (ms,95%): 7.30 err/s: 0.00 reconn/s: 0.00
[ 200s ] thds: 128 tps: 49455.65 qps: 989087.32 (r/w/o: 692352.41/197824.30/98910.60) lat (ms,95%): 7.30 err/s: 0.00 reconn/s: 0.00
[ 210s ] thds: 128 tps: 50322.65 qps: 1006460.02 (r/w/o: 704524.41/201289.80/100645.80) lat (ms,95%): 7.17 err/s: 0.00 reconn/s: 0.00
[ 220s ] thds: 128 tps: 48932.97 qps: 978665.65 (r/w/o: 685063.84/195735.77/97866.03) lat (ms,95%): 7.30 err/s: 0.00 reconn/s: 0.00
[ 230s ] thds: 128 tps: 48142.48 qps: 962844.72 (r/w/o: 673993.27/192566.70/96284.75) lat (ms,95%): 7.30 err/s: 0.00 reconn/s: 0.00
[ 240s ] thds: 128 tps: 47867.16 qps: 957332.71 (r/w/o: 670132.88/191465.02/95734.81) lat (ms,95%): 7.30 err/s: 0.00 reconn/s: 0.00
[ 250s ] thds: 128 tps: 47856.94 qps: 957158.46 (r/w/o: 670014.53/191430.05/95713.88) lat (ms,95%): 7.43 err/s: 0.00 reconn/s: 0.00
[ 260s ] thds: 128 tps: 46599.53 qps: 931987.93 (r/w/o: 652389.77/186399.31/93198.85) lat (ms,95%): 7.43 err/s: 0.00 reconn/s: 0.00
[ 270s ] thds: 128 tps: 46065.49 qps: 921267.41 (r/w/o: 644866.20/184272.64/92128.57) lat (ms,95%): 7.56 err/s: 0.00 reconn/s: 0.00
[ 280s ] thds: 128 tps: 42763.83 qps: 855320.11 (r/w/o: 598747.93/171042.42/85529.76) lat (ms,95%): 7.84 err/s: 0.00 reconn/s: 0.00
[ 290s ] thds: 128 tps: 42672.60 qps: 853476.60 (r/w/o: 597438.60/170692.30/85345.70) lat (ms,95%): 7.84 err/s: 0.00 reconn/s: 0.00
[ 300s ] thds: 128 tps: 48316.27 qps: 966293.51 (r/w/o: 676395.49/193266.08/96631.94) lat (ms,95%): 7.30 err/s: 0.00 reconn/s: 0.00
[ 310s ] thds: 128 tps: 47784.83 qps: 955707.64 (r/w/o: 668999.18/191138.81/95569.65) lat (ms,95%): 7.30 err/s: 0.00 reconn/s: 0.00
[ 320s ] thds: 128 tps: 47621.27 qps: 952404.11 (r/w/o: 666677.42/190484.26/95242.43) lat (ms,95%): 7.43 err/s: 0.00 reconn/s: 0.00
[ 330s ] thds: 128 tps: 47341.91 qps: 946858.04 (r/w/o: 662807.10/189366.73/94684.21) lat (ms,95%): 7.43 err/s: 0.00 reconn/s: 0.00
[ 340s ] thds: 128 tps: 47834.82 qps: 956679.98 (r/w/o: 669669.14/191341.70/95669.15) lat (ms,95%): 7.30 err/s: 0.00 reconn/s: 0.00
[ 350s ] thds: 128 tps: 47363.87 qps: 947308.37 (r/w/o: 663123.03/189457.39/94727.95) lat (ms,95%): 7.43 err/s: 0.00 reconn/s: 0.00
[ 360s ] thds: 128 tps: 47971.45 qps: 959400.81 (r/w/o: 671572.44/191884.98/95943.39) lat (ms,95%): 7.30 err/s: 0.00 reconn/s: 0.00
[ 370s ] thds: 128 tps: 47553.28 qps: 951071.25 (r/w/o: 665757.08/190207.91/95106.25) lat (ms,95%): 7.43 err/s: 0.00 reconn/s: 0.00
[ 380s ] thds: 128 tps: 47537.15 qps: 950760.26 (r/w/o: 665529.94/190155.71/95074.61) lat (ms,95%): 7.30 err/s: 0.00 reconn/s: 0.00
[ 390s ] thds: 128 tps: 47159.45 qps: 943176.21 (r/w/o: 660223.24/188633.88/94319.09) lat (ms,95%): 7.43 err/s: 0.00 reconn/s: 0.00
[ 400s ] thds: 128 tps: 46462.05 qps: 929240.47 (r/w/o: 650468.98/185847.59/92923.90) lat (ms,95%): 7.43 err/s: 0.00 reconn/s: 0.00
[ 410s ] thds: 128 tps: 45599.47 qps: 911986.21 (r/w/o: 638395.89/182391.38/91198.94) lat (ms,95%): 7.56 err/s: 0.00 reconn/s: 0.00
[ 420s ] thds: 128 tps: 44364.14 qps: 887267.76 (r/w/o: 621077.80/177461.67/88728.29) lat (ms,95%): 7.56 err/s: 0.00 reconn/s: 0.00
[ 430s ] thds: 128 tps: 41563.94 qps: 831316.33 (r/w/o: 581925.58/166262.87/83127.88) lat (ms,95%): 7.84 err/s: 0.00 reconn/s: 0.00
[ 440s ] thds: 128 tps: 43352.08 qps: 867001.65 (r/w/o: 606896.18/173402.11/86703.35) lat (ms,95%): 7.70 err/s: 0.00 reconn/s: 0.00
[ 450s ] thds: 128 tps: 45732.02 qps: 914660.25 (r/w/o: 640270.12/182925.29/91464.85) lat (ms,95%): 7.43 err/s: 0.00 reconn/s: 0.00
[ 460s ] thds: 128 tps: 46320.72 qps: 926414.28 (r/w/o: 648484.63/185288.00/92641.65) lat (ms,95%): 7.43 err/s: 0.00 reconn/s: 0.00
[ 470s ] thds: 128 tps: 45687.88 qps: 913793.47 (r/w/o: 639643.27/182776.03/91374.17) lat (ms,95%): 7.43 err/s: 0.00 reconn/s: 0.00
[ 480s ] thds: 128 tps: 46202.40 qps: 924015.84 (r/w/o: 646821.63/184787.81/92406.40) lat (ms,95%): 7.43 err/s: 0.00 reconn/s: 0.00
[ 490s ] thds: 128 tps: 44723.70 qps: 894464.96 (r/w/o: 626128.58/178888.69/89447.70) lat (ms,95%): 7.56 err/s: 0.10 reconn/s: 0.00
[ 500s ] thds: 128 tps: 42273.17 qps: 845461.48 (r/w/o: 591819.66/169095.98/84545.84) lat (ms,95%): 7.70 err/s: 0.00 reconn/s: 0.00
[ 510s ] thds: 128 tps: 42353.80 qps: 847037.84 (r/w/o: 592922.86/169407.09/84707.89) lat (ms,95%): 7.84 err/s: 0.00 reconn/s: 0.00
[ 520s ] thds: 128 tps: 43166.58 qps: 863383.18 (r/w/o: 604375.10/172674.92/86333.16) lat (ms,95%): 7.70 err/s: 0.00 reconn/s: 0.00
[ 530s ] thds: 128 tps: 45012.68 qps: 900240.05 (r/w/o: 630164.95/180049.83/90025.26) lat (ms,95%): 7.43 err/s: 0.00 reconn/s: 0.00
[ 540s ] thds: 128 tps: 45410.71 qps: 908226.41 (r/w/o: 635760.44/181644.54/90821.42) lat (ms,95%): 7.43 err/s: 0.00 reconn/s: 0.00
[ 550s ] thds: 128 tps: 43680.47 qps: 873602.59 (r/w/o: 611520.57/174720.98/87361.04) lat (ms,95%): 7.56 err/s: 0.00 reconn/s: 0.00
[ 560s ] thds: 128 tps: 43888.24 qps: 877768.71 (r/w/o: 614437.37/175555.06/87776.28) lat (ms,95%): 7.56 err/s: 0.00 reconn/s: 0.00
[ 570s ] thds: 128 tps: 41552.50 qps: 831059.30 (r/w/o: 581749.50/166204.90/83104.90) lat (ms,95%): 7.84 err/s: 0.00 reconn/s: 0.00
[ 580s ] thds: 128 tps: 41795.26 qps: 835900.66 (r/w/o: 585124.08/167185.95/83590.63) lat (ms,95%): 7.70 err/s: 0.00 reconn/s: 0.00
[ 590s ] thds: 128 tps: 41579.99 qps: 831615.64 (r/w/o: 582136.02/166319.65/83159.97) lat (ms,95%): 7.84 err/s: 0.00 reconn/s: 0.00
[ 600s ] thds: 128 tps: 44317.66 qps: 886327.36 (r/w/o: 620423.98/177268.05/88635.33) lat (ms,95%): 7.56 err/s: 0.00 reconn/s: 0.00
[ 610s ] thds: 128 tps: 44401.10 qps: 888019.20 (r/w/o: 621613.37/177603.42/88802.41) lat (ms,95%): 7.43 err/s: 0.00 reconn/s: 0.00
[ 620s ] thds: 128 tps: 44244.54 qps: 884899.29 (r/w/o: 619431.42/176979.28/88488.59) lat (ms,95%): 7.43 err/s: 0.00 reconn/s: 0.00
[ 630s ] thds: 128 tps: 44489.37 qps: 889795.47 (r/w/o: 622860.66/177955.37/88979.44) lat (ms,95%): 7.43 err/s: 0.00 reconn/s: 0.00
[ 640s ] thds: 128 tps: 44568.75 qps: 891361.44 (r/w/o: 623946.63/178277.81/89137.00) lat (ms,95%): 7.43 err/s: 0.00 reconn/s: 0.00
[ 650s ] thds: 128 tps: 43815.10 qps: 876310.57 (r/w/o: 613421.28/175258.59/87630.70) lat (ms,95%): 7.56 err/s: 0.00 reconn/s: 0.00
[ 660s ] thds: 128 tps: 43582.17 qps: 871636.67 (r/w/o: 610143.16/174329.17/87164.34) lat (ms,95%): 7.56 err/s: 0.10 reconn/s: 0.00
[ 670s ] thds: 128 tps: 43143.20 qps: 862865.16 (r/w/o: 604008.17/172570.59/86286.40) lat (ms,95%): 7.56 err/s: 0.00 reconn/s: 0.00
[ 680s ] thds: 128 tps: 43904.08 qps: 878080.82 (r/w/o: 614651.84/175621.52/87807.46) lat (ms,95%): 7.56 err/s: 0.00 reconn/s: 0.00
[ 690s ] thds: 128 tps: 43666.04 qps: 873320.41 (r/w/o: 611326.10/174661.74/87332.57) lat (ms,95%): 7.56 err/s: 0.00 reconn/s: 0.00
[ 700s ] thds: 128 tps: 43845.86 qps: 876923.26 (r/w/o: 613847.61/175383.83/87691.82) lat (ms,95%): 7.56 err/s: 0.00 reconn/s: 0.00
[ 710s ] thds: 128 tps: 42717.08 qps: 854337.07 (r/w/o: 598039.70/170863.01/85434.36) lat (ms,95%): 7.56 err/s: 0.00 reconn/s: 0.00
[ 720s ] thds: 128 tps: 41357.83 qps: 827162.98 (r/w/o: 579008.61/165438.62/82715.76) lat (ms,95%): 7.70 err/s: 0.00 reconn/s: 0.00
[ 730s ] thds: 128 tps: 40209.68 qps: 804189.33 (r/w/o: 562936.07/160834.21/80419.05) lat (ms,95%): 7.84 err/s: 0.00 reconn/s: 0.00
[ 740s ] thds: 128 tps: 40885.83 qps: 817718.96 (r/w/o: 572400.59/163546.81/81771.56) lat (ms,95%): 7.84 err/s: 0.00 reconn/s: 0.00
[ 750s ] thds: 128 tps: 41583.45 qps: 831661.84 (r/w/o: 582165.23/166329.71/83166.90) lat (ms,95%): 7.70 err/s: 0.00 reconn/s: 0.00
[ 760s ] thds: 128 tps: 43425.28 qps: 868488.20 (r/w/o: 607935.92/173701.72/86850.56) lat (ms,95%): 7.56 err/s: 0.00 reconn/s: 0.00
[ 770s ] thds: 128 tps: 42988.98 qps: 859804.39 (r/w/o: 601859.71/171967.02/85977.66) lat (ms,95%): 7.56 err/s: 0.00 reconn/s: 0.00
[ 780s ] thds: 128 tps: 42880.71 qps: 857617.30 (r/w/o: 600340.51/171515.26/85761.53) lat (ms,95%): 7.56 err/s: 0.00 reconn/s: 0.00
SQL statistics:
    queries performed:
        read:                            506443714
        write:                           144698197
        other:                           72349105
        total:                           723491016
    transactions:                        36174549 (46371.15 per sec.)
    queries:                             723491016 (927422.97 per sec.)
    ignored errors:                      2      (0.00 per sec.)
    reconnects:                          0      (0.00 per sec.)

General statistics:
    total time:                          780.1081s
    total number of events:              36174549

Latency (ms):
         min:                                    0.73
         avg:                                    2.76
         max:                                  126.05
         95th percentile:                        7.43
         sum:                             99800390.55

Threads fairness:
    events (avg/stddev):           282613.6641/3607.95
    execution time (avg/stddev):   779.6906/0.01

