sysbench 1.0.20-ebf1c90 (using bundled LuaJIT 2.1.0-beta2)

Running the test with following options:
Number of threads: 128
Report intermediate results every 10 second(s)
Initializing random number generator from current time


Initializing worker threads...

Threads started!

[ 10s ] thds: 128 tps: 28848.42 qps: 577107.93 (r/w/o: 404000.50/115397.89/57709.54) lat (ms,95%): 4.57 err/s: 0.00 reconn/s: 0.00
[ 20s ] thds: 128 tps: 53129.32 qps: 1062578.55 (r/w/o: 743802.21/212518.59/106257.74) lat (ms,95%): 3.36 err/s: 0.00 reconn/s: 0.00
[ 30s ] thds: 128 tps: 63599.01 qps: 1271988.75 (r/w/o: 890393.20/254396.53/127199.01) lat (ms,95%): 3.30 err/s: 0.10 reconn/s: 0.00
[ 40s ] thds: 128 tps: 59261.18 qps: 1185233.01 (r/w/o: 829663.96/237046.70/118522.35) lat (ms,95%): 6.09 err/s: 0.00 reconn/s: 0.00
[ 50s ] thds: 128 tps: 54812.68 qps: 1096238.71 (r/w/o: 767365.83/219247.82/109625.06) lat (ms,95%): 6.67 err/s: 0.00 reconn/s: 0.00
[ 60s ] thds: 128 tps: 53573.24 qps: 1071466.38 (r/w/o: 750026.22/214293.48/107146.69) lat (ms,95%): 6.79 err/s: 0.00 reconn/s: 0.00
[ 70s ] thds: 128 tps: 54786.52 qps: 1095741.43 (r/w/o: 767018.60/219149.59/109573.24) lat (ms,95%): 6.67 err/s: 0.00 reconn/s: 0.00
[ 80s ] thds: 128 tps: 52015.51 qps: 1040292.72 (r/w/o: 728204.75/208057.04/104030.92) lat (ms,95%): 7.04 err/s: 0.00 reconn/s: 0.00
[ 90s ] thds: 128 tps: 53401.70 qps: 1068046.03 (r/w/o: 747635.42/213607.21/106803.40) lat (ms,95%): 6.91 err/s: 0.00 reconn/s: 0.00
[ 100s ] thds: 128 tps: 51007.41 qps: 1020144.44 (r/w/o: 714097.80/204031.63/102015.01) lat (ms,95%): 7.17 err/s: 0.00 reconn/s: 0.00
[ 110s ] thds: 128 tps: 53135.71 qps: 1062726.17 (r/w/o: 743912.09/212542.75/106271.33) lat (ms,95%): 6.91 err/s: 0.00 reconn/s: 0.00
[ 120s ] thds: 128 tps: 51437.04 qps: 1028733.02 (r/w/o: 720111.77/205747.36/102873.88) lat (ms,95%): 7.17 err/s: 0.00 reconn/s: 0.00
[ 130s ] thds: 128 tps: 50558.65 qps: 1011175.63 (r/w/o: 707821.82/202236.51/101117.30) lat (ms,95%): 7.17 err/s: 0.00 reconn/s: 0.00
[ 140s ] thds: 128 tps: 43227.07 qps: 864528.29 (r/w/o: 605166.97/172907.28/86454.04) lat (ms,95%): 7.84 err/s: 0.00 reconn/s: 0.00
[ 150s ] thds: 128 tps: 46306.68 qps: 926142.23 (r/w/o: 648304.67/185224.11/92613.45) lat (ms,95%): 7.56 err/s: 0.00 reconn/s: 0.00
[ 160s ] thds: 128 tps: 49331.01 qps: 986605.86 (r/w/o: 690619.81/197323.93/98662.12) lat (ms,95%): 7.30 err/s: 0.00 reconn/s: 0.00
[ 170s ] thds: 128 tps: 49806.10 qps: 996130.53 (r/w/o: 697295.12/199223.41/99612.00) lat (ms,95%): 7.17 err/s: 0.00 reconn/s: 0.00
[ 180s ] thds: 128 tps: 47986.20 qps: 959719.68 (r/w/o: 671799.85/191947.52/95972.31) lat (ms,95%): 7.43 err/s: 0.00 reconn/s: 0.00
[ 190s ] thds: 128 tps: 49794.74 qps: 995890.89 (r/w/o: 697123.53/199177.68/99589.69) lat (ms,95%): 7.17 err/s: 0.00 reconn/s: 0.00
[ 200s ] thds: 128 tps: 47648.50 qps: 952974.43 (r/w/o: 667079.62/190597.51/95297.30) lat (ms,95%): 7.43 err/s: 0.00 reconn/s: 0.00
[ 210s ] thds: 128 tps: 48757.97 qps: 975160.09 (r/w/o: 682614.44/195030.10/97515.55) lat (ms,95%): 7.30 err/s: 0.00 reconn/s: 0.00
[ 220s ] thds: 128 tps: 46575.12 qps: 931509.10 (r/w/o: 652057.18/186301.48/93150.44) lat (ms,95%): 7.43 err/s: 0.00 reconn/s: 0.00
[ 230s ] thds: 128 tps: 48334.41 qps: 966681.91 (r/w/o: 676677.18/193336.12/96668.61) lat (ms,95%): 7.30 err/s: 0.00 reconn/s: 0.00
[ 240s ] thds: 128 tps: 46433.70 qps: 928690.53 (r/w/o: 650084.55/185738.39/92867.59) lat (ms,95%): 7.43 err/s: 0.00 reconn/s: 0.00
[ 250s ] thds: 128 tps: 48046.64 qps: 960922.87 (r/w/o: 672645.24/192184.95/96092.68) lat (ms,95%): 7.30 err/s: 0.00 reconn/s: 0.00
[ 260s ] thds: 128 tps: 46354.72 qps: 927092.05 (r/w/o: 648963.82/185417.99/92710.25) lat (ms,95%): 7.43 err/s: 0.00 reconn/s: 0.00
[ 270s ] thds: 128 tps: 48418.61 qps: 968355.55 (r/w/o: 677846.77/193672.05/96836.72) lat (ms,95%): 7.30 err/s: 0.00 reconn/s: 0.00
[ 280s ] thds: 128 tps: 40882.43 qps: 817653.94 (r/w/o: 572358.15/163530.63/81765.16) lat (ms,95%): 7.98 err/s: 0.00 reconn/s: 0.00
[ 290s ] thds: 128 tps: 42502.51 qps: 850081.37 (r/w/o: 595060.99/170015.35/85005.03) lat (ms,95%): 7.84 err/s: 0.00 reconn/s: 0.00
[ 300s ] thds: 128 tps: 44845.58 qps: 896896.34 (r/w/o: 627825.25/179380.03/89691.06) lat (ms,95%): 7.56 err/s: 0.00 reconn/s: 0.00
[ 310s ] thds: 128 tps: 48293.41 qps: 965849.60 (r/w/o: 676094.61/193169.06/96585.93) lat (ms,95%): 7.30 err/s: 0.00 reconn/s: 0.00
[ 320s ] thds: 128 tps: 45632.57 qps: 912663.63 (r/w/o: 638863.40/182533.99/91266.24) lat (ms,95%): 7.43 err/s: 0.00 reconn/s: 0.00
[ 330s ] thds: 128 tps: 47928.81 qps: 958568.33 (r/w/o: 670999.86/191711.15/95857.32) lat (ms,95%): 7.30 err/s: 0.00 reconn/s: 0.00
[ 340s ] thds: 128 tps: 45622.36 qps: 912462.64 (r/w/o: 638721.97/182495.75/91244.92) lat (ms,95%): 7.43 err/s: 0.00 reconn/s: 0.00
[ 350s ] thds: 128 tps: 47437.55 qps: 948739.92 (r/w/o: 664119.31/189745.40/94875.20) lat (ms,95%): 7.30 err/s: 0.00 reconn/s: 0.00
[ 360s ] thds: 128 tps: 45615.60 qps: 912300.92 (r/w/o: 638607.92/182462.00/91231.00) lat (ms,95%): 7.43 err/s: 0.00 reconn/s: 0.00
[ 370s ] thds: 128 tps: 47621.29 qps: 952438.55 (r/w/o: 666711.80/190483.87/95242.89) lat (ms,95%): 7.30 err/s: 0.00 reconn/s: 0.00
[ 380s ] thds: 128 tps: 45057.00 qps: 901138.84 (r/w/o: 630796.23/180228.91/90113.70) lat (ms,95%): 7.43 err/s: 0.00 reconn/s: 0.00
[ 390s ] thds: 128 tps: 47870.25 qps: 957422.71 (r/w/o: 670199.21/191482.80/95740.70) lat (ms,95%): 7.30 err/s: 0.00 reconn/s: 0.00
[ 400s ] thds: 128 tps: 45695.10 qps: 913921.89 (r/w/o: 639749.46/182781.92/91390.51) lat (ms,95%): 7.43 err/s: 0.00 reconn/s: 0.00
[ 410s ] thds: 128 tps: 46198.80 qps: 923943.50 (r/w/o: 646753.70/184792.40/92397.40) lat (ms,95%): 7.43 err/s: 0.00 reconn/s: 0.00
[ 420s ] thds: 128 tps: 43810.19 qps: 876213.60 (r/w/o: 613347.79/175245.64/87620.17) lat (ms,95%): 7.56 err/s: 0.00 reconn/s: 0.00
[ 430s ] thds: 128 tps: 42940.20 qps: 858790.14 (r/w/o: 601153.36/171756.29/85880.49) lat (ms,95%): 7.70 err/s: 0.00 reconn/s: 0.00
[ 440s ] thds: 128 tps: 39735.16 qps: 794732.38 (r/w/o: 556313.39/158948.86/79470.13) lat (ms,95%): 7.98 err/s: 0.00 reconn/s: 0.00
[ 450s ] thds: 128 tps: 46070.79 qps: 921385.27 (r/w/o: 644967.21/184276.37/92141.69) lat (ms,95%): 7.43 err/s: 0.00 reconn/s: 0.00
[ 460s ] thds: 128 tps: 44363.12 qps: 887277.81 (r/w/o: 621095.39/177456.18/88726.24) lat (ms,95%): 7.56 err/s: 0.00 reconn/s: 0.00
[ 470s ] thds: 128 tps: 46870.57 qps: 937397.73 (r/w/o: 656178.23/187478.57/93740.93) lat (ms,95%): 7.30 err/s: 0.00 reconn/s: 0.00
[ 480s ] thds: 128 tps: 43311.40 qps: 866225.23 (r/w/o: 606356.02/173246.61/86622.60) lat (ms,95%): 7.56 err/s: 0.00 reconn/s: 0.00
[ 490s ] thds: 128 tps: 45571.22 qps: 911447.24 (r/w/o: 638020.74/182283.47/91143.03) lat (ms,95%): 7.43 err/s: 0.00 reconn/s: 0.00
[ 500s ] thds: 128 tps: 42635.06 qps: 852677.30 (r/w/o: 596868.74/170538.84/85269.72) lat (ms,95%): 7.70 err/s: 0.00 reconn/s: 0.00
[ 510s ] thds: 128 tps: 43020.80 qps: 860423.02 (r/w/o: 602294.52/172086.50/86042.00) lat (ms,95%): 7.70 err/s: 0.00 reconn/s: 0.00
[ 520s ] thds: 128 tps: 39268.80 qps: 785391.73 (r/w/o: 549781.95/157072.09/78537.69) lat (ms,95%): 7.98 err/s: 0.00 reconn/s: 0.00
[ 530s ] thds: 128 tps: 44244.27 qps: 884864.10 (r/w/o: 619399.51/176976.26/88488.33) lat (ms,95%): 7.56 err/s: 0.00 reconn/s: 0.00
[ 540s ] thds: 128 tps: 43174.25 qps: 863500.09 (r/w/o: 604451.99/172699.40/86348.70) lat (ms,95%): 7.56 err/s: 0.00 reconn/s: 0.00
[ 550s ] thds: 128 tps: 45730.18 qps: 914605.19 (r/w/o: 640223.32/182921.72/91460.16) lat (ms,95%): 7.30 err/s: 0.00 reconn/s: 0.00
[ 560s ] thds: 128 tps: 42029.19 qps: 840565.88 (r/w/o: 588392.35/168114.86/84058.68) lat (ms,95%): 7.70 err/s: 0.00 reconn/s: 0.00
[ 570s ] thds: 128 tps: 46227.29 qps: 924555.03 (r/w/o: 647190.81/184909.95/92454.27) lat (ms,95%): 7.30 err/s: 0.00 reconn/s: 0.00
[ 580s ] thds: 128 tps: 40130.93 qps: 802623.15 (r/w/o: 561836.69/160524.51/80261.96) lat (ms,95%): 7.84 err/s: 0.00 reconn/s: 0.00
[ 590s ] thds: 128 tps: 42259.43 qps: 845188.30 (r/w/o: 591627.59/169041.84/84518.87) lat (ms,95%): 7.70 err/s: 0.00 reconn/s: 0.00
[ 600s ] thds: 128 tps: 40814.94 qps: 816294.91 (r/w/o: 571410.00/163255.44/81629.47) lat (ms,95%): 7.84 err/s: 0.00 reconn/s: 0.00
[ 610s ] thds: 128 tps: 45622.49 qps: 912449.40 (r/w/o: 638713.06/182491.46/91244.88) lat (ms,95%): 7.43 err/s: 0.00 reconn/s: 0.00
[ 620s ] thds: 128 tps: 43060.63 qps: 861197.26 (r/w/o: 602833.79/172241.71/86121.76) lat (ms,95%): 7.56 err/s: 0.00 reconn/s: 0.00
[ 630s ] thds: 128 tps: 45219.22 qps: 904394.03 (r/w/o: 633079.30/180876.19/90438.54) lat (ms,95%): 7.43 err/s: 0.00 reconn/s: 0.00
[ 640s ] thds: 128 tps: 41679.61 qps: 833597.64 (r/w/o: 583519.70/166718.73/83359.21) lat (ms,95%): 7.70 err/s: 0.00 reconn/s: 0.00
[ 650s ] thds: 128 tps: 44778.16 qps: 895564.67 (r/w/o: 626896.32/179111.73/89556.62) lat (ms,95%): 7.43 err/s: 0.00 reconn/s: 0.00
[ 660s ] thds: 128 tps: 42664.66 qps: 853283.23 (r/w/o: 597298.39/170656.03/85328.81) lat (ms,95%): 7.56 err/s: 0.00 reconn/s: 0.00
[ 670s ] thds: 128 tps: 44308.90 qps: 886196.76 (r/w/o: 620338.44/177240.21/88618.11) lat (ms,95%): 7.43 err/s: 0.00 reconn/s: 0.00
[ 680s ] thds: 128 tps: 42176.34 qps: 843526.83 (r/w/o: 590467.88/168707.07/84351.88) lat (ms,95%): 7.56 err/s: 0.00 reconn/s: 0.00
[ 690s ] thds: 128 tps: 44783.00 qps: 895648.92 (r/w/o: 626954.14/179127.88/89566.89) lat (ms,95%): 7.43 err/s: 0.00 reconn/s: 0.00
[ 700s ] thds: 128 tps: 42782.22 qps: 855634.77 (r/w/o: 598944.86/171125.67/85564.24) lat (ms,95%): 7.56 err/s: 0.00 reconn/s: 0.00
[ 710s ] thds: 128 tps: 43404.94 qps: 868108.73 (r/w/o: 607675.58/173624.07/86809.08) lat (ms,95%): 7.56 err/s: 0.00 reconn/s: 0.00
[ 720s ] thds: 128 tps: 41015.08 qps: 820308.28 (r/w/o: 574215.31/164062.02/82030.96) lat (ms,95%): 7.70 err/s: 0.00 reconn/s: 0.00
[ 730s ] thds: 128 tps: 42209.56 qps: 844197.56 (r/w/o: 590938.88/168839.45/84419.23) lat (ms,95%): 7.70 err/s: 0.00 reconn/s: 0.00
[ 740s ] thds: 128 tps: 39521.98 qps: 790438.60 (r/w/o: 553309.79/158084.84/79043.97) lat (ms,95%): 7.84 err/s: 0.10 reconn/s: 0.00
[ 750s ] thds: 128 tps: 41625.10 qps: 832468.35 (r/w/o: 582720.04/166497.71/83250.61) lat (ms,95%): 7.70 err/s: 0.00 reconn/s: 0.00
[ 760s ] thds: 128 tps: 40566.43 qps: 811356.82 (r/w/o: 567952.93/162271.32/81132.56) lat (ms,95%): 7.70 err/s: 0.00 reconn/s: 0.00
[ 770s ] thds: 128 tps: 43991.75 qps: 879853.76 (r/w/o: 615907.74/175962.41/87983.61) lat (ms,95%): 7.43 err/s: 0.00 reconn/s: 0.00
[ 780s ] thds: 128 tps: 40914.75 qps: 818254.34 (r/w/o: 572767.16/163658.29/81828.89) lat (ms,95%): 7.70 err/s: 0.00 reconn/s: 0.00
SQL statistics:
    queries performed:
        read:                            501247544
        write:                           143213576
        other:                           71606796
        total:                           716067916
    transactions:                        35803394 (45894.70 per sec.)
    queries:                             716067916 (917894.05 per sec.)
    ignored errors:                      2      (0.00 per sec.)
    reconnects:                          0      (0.00 per sec.)

General statistics:
    total time:                          780.1195s
    total number of events:              35803394

Latency (ms):
         min:                                    0.69
         avg:                                    2.79
         max:                                  125.88
         95th percentile:                        7.43
         sum:                             99800818.95

Threads fairness:
    events (avg/stddev):           279714.0156/3573.52
    execution time (avg/stddev):   779.6939/0.01

