sysbench 1.0.20-ebf1c90 (using bundled LuaJIT 2.1.0-beta2)

Running the test with following options:
Number of threads: 128
Report intermediate results every 10 second(s)
Initializing random number generator from current time


Initializing worker threads...

Threads started!

[ 10s ] thds: 128 tps: 24276.76 qps: 485680.74 (r/w/o: 340000.76/97113.75/48566.22) lat (ms,95%): 8.43 err/s: 0.00 reconn/s: 0.00
[ 20s ] thds: 128 tps: 47997.30 qps: 959932.81 (r/w/o: 671949.34/191988.98/95994.49) lat (ms,95%): 6.55 err/s: 0.00 reconn/s: 0.00
[ 30s ] thds: 128 tps: 58356.78 qps: 1167140.73 (r/w/o: 816998.44/233429.23/116713.06) lat (ms,95%): 6.32 err/s: 0.00 reconn/s: 0.00
[ 40s ] thds: 128 tps: 60551.31 qps: 1211026.34 (r/w/o: 847721.29/242202.63/121102.41) lat (ms,95%): 6.21 err/s: 0.00 reconn/s: 0.00
[ 50s ] thds: 128 tps: 59495.74 qps: 1189929.36 (r/w/o: 832955.93/237981.35/118992.08) lat (ms,95%): 6.32 err/s: 0.00 reconn/s: 0.00
[ 60s ] thds: 128 tps: 59880.88 qps: 1197595.17 (r/w/o: 838308.27/239525.33/119761.57) lat (ms,95%): 6.32 err/s: 0.00 reconn/s: 0.00
[ 70s ] thds: 128 tps: 59451.61 qps: 1189053.19 (r/w/o: 832342.90/237806.56/118903.73) lat (ms,95%): 6.43 err/s: 0.00 reconn/s: 0.00
[ 80s ] thds: 128 tps: 58979.91 qps: 1179584.77 (r/w/o: 825704.19/235921.15/117959.43) lat (ms,95%): 6.43 err/s: 0.00 reconn/s: 0.00
[ 90s ] thds: 128 tps: 58509.35 qps: 1170197.47 (r/w/o: 819148.75/234029.51/117019.21) lat (ms,95%): 6.55 err/s: 0.00 reconn/s: 0.00
[ 100s ] thds: 128 tps: 58726.48 qps: 1174514.41 (r/w/o: 822151.96/234909.80/117452.65) lat (ms,95%): 6.43 err/s: 0.00 reconn/s: 0.00
[ 110s ] thds: 128 tps: 58194.12 qps: 1163899.39 (r/w/o: 814732.15/232778.70/116388.55) lat (ms,95%): 6.55 err/s: 0.00 reconn/s: 0.00
[ 120s ] thds: 128 tps: 56341.43 qps: 1126821.79 (r/w/o: 788772.98/225366.44/112682.37) lat (ms,95%): 6.67 err/s: 0.00 reconn/s: 0.00
[ 130s ] thds: 128 tps: 50803.28 qps: 1016063.64 (r/w/o: 711246.24/203210.33/101607.06) lat (ms,95%): 7.17 err/s: 0.00 reconn/s: 0.00
[ 140s ] thds: 128 tps: 52803.00 qps: 1056057.50 (r/w/o: 739237.77/211214.02/105605.71) lat (ms,95%): 7.04 err/s: 0.00 reconn/s: 0.00
[ 150s ] thds: 128 tps: 55699.07 qps: 1113994.14 (r/w/o: 779798.54/222797.17/111398.43) lat (ms,95%): 6.79 err/s: 0.00 reconn/s: 0.00
[ 160s ] thds: 128 tps: 55086.46 qps: 1101721.35 (r/w/o: 771205.08/220343.35/110172.93) lat (ms,95%): 6.79 err/s: 0.00 reconn/s: 0.00
[ 170s ] thds: 128 tps: 54873.89 qps: 1097481.84 (r/w/o: 768232.52/219501.95/109747.37) lat (ms,95%): 6.91 err/s: 0.10 reconn/s: 0.00
[ 180s ] thds: 128 tps: 54790.11 qps: 1095794.01 (r/w/o: 767056.68/219156.72/109580.61) lat (ms,95%): 6.79 err/s: 0.00 reconn/s: 0.00
[ 190s ] thds: 128 tps: 53829.80 qps: 1076582.88 (r/w/o: 753606.99/215316.40/107659.50) lat (ms,95%): 6.91 err/s: 0.00 reconn/s: 0.00
[ 200s ] thds: 128 tps: 54063.33 qps: 1081273.88 (r/w/o: 756893.61/216253.62/108126.66) lat (ms,95%): 6.91 err/s: 0.00 reconn/s: 0.00
[ 210s ] thds: 128 tps: 53487.75 qps: 1069784.46 (r/w/o: 748855.57/213952.99/106975.90) lat (ms,95%): 6.91 err/s: 0.00 reconn/s: 0.00
[ 220s ] thds: 128 tps: 53658.89 qps: 1073149.69 (r/w/o: 751197.02/214635.68/107316.99) lat (ms,95%): 6.91 err/s: 0.00 reconn/s: 0.00
[ 230s ] thds: 128 tps: 52837.69 qps: 1056763.20 (r/w/o: 739737.56/211349.36/105676.28) lat (ms,95%): 6.91 err/s: 0.10 reconn/s: 0.00
[ 240s ] thds: 128 tps: 52347.89 qps: 1046952.94 (r/w/o: 732864.52/209392.75/104695.67) lat (ms,95%): 7.04 err/s: 0.00 reconn/s: 0.00
[ 250s ] thds: 128 tps: 50503.64 qps: 1010068.40 (r/w/o: 707048.13/202013.28/101006.99) lat (ms,95%): 7.17 err/s: 0.00 reconn/s: 0.00
[ 260s ] thds: 128 tps: 47577.91 qps: 951578.65 (r/w/o: 666108.68/190313.75/95156.23) lat (ms,95%): 7.43 err/s: 0.00 reconn/s: 0.00
[ 270s ] thds: 128 tps: 49595.15 qps: 991885.95 (r/w/o: 694316.93/198378.91/99190.10) lat (ms,95%): 7.30 err/s: 0.00 reconn/s: 0.00
[ 280s ] thds: 128 tps: 52697.65 qps: 1053961.94 (r/w/o: 737775.33/210791.51/105395.10) lat (ms,95%): 6.91 err/s: 0.00 reconn/s: 0.00
[ 290s ] thds: 128 tps: 51632.36 qps: 1032658.42 (r/w/o: 722857.45/206536.34/103264.62) lat (ms,95%): 7.04 err/s: 0.00 reconn/s: 0.00
[ 300s ] thds: 128 tps: 52763.12 qps: 1055241.00 (r/w/o: 738670.31/211044.06/105526.63) lat (ms,95%): 6.91 err/s: 0.00 reconn/s: 0.00
[ 310s ] thds: 128 tps: 52498.69 qps: 1049965.02 (r/w/o: 734970.20/209997.54/104997.27) lat (ms,95%): 7.04 err/s: 0.00 reconn/s: 0.00
[ 320s ] thds: 128 tps: 53731.16 qps: 1074640.37 (r/w/o: 752254.79/214923.35/107462.23) lat (ms,95%): 6.79 err/s: 0.00 reconn/s: 0.00
[ 330s ] thds: 128 tps: 51860.04 qps: 1037200.30 (r/w/o: 726041.56/207438.46/103720.28) lat (ms,95%): 7.04 err/s: 0.00 reconn/s: 0.00
[ 340s ] thds: 128 tps: 52410.18 qps: 1048213.86 (r/w/o: 733750.39/209643.11/104820.36) lat (ms,95%): 7.04 err/s: 0.00 reconn/s: 0.00
[ 350s ] thds: 128 tps: 51525.09 qps: 1030500.92 (r/w/o: 721349.20/206101.74/103049.97) lat (ms,95%): 7.04 err/s: 0.00 reconn/s: 0.00
[ 360s ] thds: 128 tps: 52075.37 qps: 1041501.25 (r/w/o: 729051.82/208298.49/104150.95) lat (ms,95%): 6.91 err/s: 0.00 reconn/s: 0.00
[ 370s ] thds: 128 tps: 50609.22 qps: 1012160.61 (r/w/o: 708507.29/202435.08/101218.24) lat (ms,95%): 7.04 err/s: 0.00 reconn/s: 0.00
[ 380s ] thds: 128 tps: 48581.20 qps: 971646.36 (r/w/o: 680156.47/194327.29/97162.60) lat (ms,95%): 7.30 err/s: 0.00 reconn/s: 0.00
[ 390s ] thds: 128 tps: 45930.73 qps: 918626.58 (r/w/o: 643042.61/183722.62/91861.36) lat (ms,95%): 7.43 err/s: 0.00 reconn/s: 0.00
[ 400s ] thds: 128 tps: 46217.34 qps: 924324.48 (r/w/o: 647019.55/184870.16/92434.78) lat (ms,95%): 7.43 err/s: 0.00 reconn/s: 0.00
[ 410s ] thds: 128 tps: 50885.82 qps: 1017733.23 (r/w/o: 712416.30/203545.09/101771.84) lat (ms,95%): 7.04 err/s: 0.00 reconn/s: 0.00
[ 420s ] thds: 128 tps: 50498.28 qps: 1009953.42 (r/w/o: 706966.77/201990.40/100996.25) lat (ms,95%): 7.04 err/s: 0.00 reconn/s: 0.00
[ 430s ] thds: 128 tps: 50772.94 qps: 1015473.10 (r/w/o: 710834.39/203092.64/101546.07) lat (ms,95%): 7.04 err/s: 0.00 reconn/s: 0.00
[ 440s ] thds: 128 tps: 50251.65 qps: 1005033.13 (r/w/o: 703524.35/201005.39/100503.39) lat (ms,95%): 7.04 err/s: 0.00 reconn/s: 0.00
[ 450s ] thds: 128 tps: 49330.50 qps: 986609.51 (r/w/o: 690624.21/197324.30/98661.00) lat (ms,95%): 7.17 err/s: 0.00 reconn/s: 0.00
[ 460s ] thds: 128 tps: 47178.07 qps: 943549.14 (r/w/o: 660482.84/188710.57/94355.73) lat (ms,95%): 7.30 err/s: 0.00 reconn/s: 0.00
[ 470s ] thds: 128 tps: 45280.49 qps: 905621.87 (r/w/o: 633939.44/181120.95/90561.48) lat (ms,95%): 7.56 err/s: 0.10 reconn/s: 0.00
[ 480s ] thds: 128 tps: 47159.06 qps: 943170.97 (r/w/o: 660215.89/188637.05/94318.03) lat (ms,95%): 7.30 err/s: 0.00 reconn/s: 0.00
[ 490s ] thds: 128 tps: 49921.53 qps: 998436.39 (r/w/o: 698908.58/199684.94/99842.87) lat (ms,95%): 7.04 err/s: 0.00 reconn/s: 0.00
[ 500s ] thds: 128 tps: 49757.19 qps: 995148.52 (r/w/o: 696602.40/199031.54/99514.57) lat (ms,95%): 7.04 err/s: 0.00 reconn/s: 0.00
[ 510s ] thds: 128 tps: 48765.65 qps: 975312.55 (r/w/o: 682719.34/195061.71/97531.51) lat (ms,95%): 7.17 err/s: 0.00 reconn/s: 0.00
[ 520s ] thds: 128 tps: 47029.65 qps: 940581.18 (r/w/o: 658403.98/188118.40/94058.80) lat (ms,95%): 7.30 err/s: 0.00 reconn/s: 0.00
[ 530s ] thds: 128 tps: 43670.02 qps: 873409.69 (r/w/o: 611387.87/174681.38/87340.44) lat (ms,95%): 7.56 err/s: 0.00 reconn/s: 0.00
[ 540s ] thds: 128 tps: 45783.75 qps: 915677.06 (r/w/o: 640973.94/183135.61/91567.51) lat (ms,95%): 7.43 err/s: 0.00 reconn/s: 0.00
[ 550s ] thds: 128 tps: 48400.35 qps: 967995.76 (r/w/o: 677595.34/193599.51/96800.91) lat (ms,95%): 7.17 err/s: 0.00 reconn/s: 0.00
[ 560s ] thds: 128 tps: 48870.93 qps: 977426.29 (r/w/o: 684198.58/195486.34/97741.37) lat (ms,95%): 7.17 err/s: 0.00 reconn/s: 0.00
[ 570s ] thds: 128 tps: 48526.08 qps: 970506.13 (r/w/o: 679355.14/194099.13/97051.86) lat (ms,95%): 7.17 err/s: 0.00 reconn/s: 0.00
[ 580s ] thds: 128 tps: 48649.90 qps: 973009.11 (r/w/o: 681105.31/194603.30/97300.50) lat (ms,95%): 7.17 err/s: 0.00 reconn/s: 0.00
[ 590s ] thds: 128 tps: 48015.66 qps: 960305.35 (r/w/o: 672212.78/192061.55/96031.03) lat (ms,95%): 7.17 err/s: 0.00 reconn/s: 0.00
[ 600s ] thds: 128 tps: 47991.98 qps: 959852.07 (r/w/o: 671897.57/191970.23/95984.27) lat (ms,95%): 7.17 err/s: 0.00 reconn/s: 0.00
[ 610s ] thds: 128 tps: 47449.44 qps: 948988.59 (r/w/o: 664294.65/189795.26/94898.68) lat (ms,95%): 7.17 err/s: 0.00 reconn/s: 0.00
[ 620s ] thds: 128 tps: 48343.60 qps: 966886.39 (r/w/o: 676821.66/193377.42/96687.31) lat (ms,95%): 7.17 err/s: 0.00 reconn/s: 0.00
[ 630s ] thds: 128 tps: 49508.61 qps: 990144.42 (r/w/o: 693095.98/198031.22/99017.21) lat (ms,95%): 7.04 err/s: 0.00 reconn/s: 0.00
[ 640s ] thds: 128 tps: 46740.28 qps: 934827.49 (r/w/o: 654382.61/186964.12/93480.76) lat (ms,95%): 7.30 err/s: 0.00 reconn/s: 0.00
[ 650s ] thds: 128 tps: 46174.48 qps: 923490.22 (r/w/o: 646443.36/184698.00/92348.85) lat (ms,95%): 7.30 err/s: 0.00 reconn/s: 0.00
[ 660s ] thds: 128 tps: 45202.82 qps: 904041.09 (r/w/o: 632826.28/180809.38/90405.44) lat (ms,95%): 7.43 err/s: 0.00 reconn/s: 0.00
[ 670s ] thds: 128 tps: 44143.02 qps: 882856.74 (r/w/o: 617998.91/176571.89/88285.94) lat (ms,95%): 7.56 err/s: 0.00 reconn/s: 0.00
[ 680s ] thds: 128 tps: 42853.80 qps: 857077.34 (r/w/o: 599955.96/171413.79/85707.59) lat (ms,95%): 7.56 err/s: 0.00 reconn/s: 0.00
[ 690s ] thds: 128 tps: 46404.47 qps: 928136.72 (r/w/o: 649692.72/185634.76/92809.23) lat (ms,95%): 7.30 err/s: 0.00 reconn/s: 0.00
[ 700s ] thds: 128 tps: 46659.38 qps: 933137.56 (r/w/o: 653197.26/186621.83/93318.47) lat (ms,95%): 7.17 err/s: 0.00 reconn/s: 0.00
[ 710s ] thds: 128 tps: 46373.44 qps: 927475.57 (r/w/o: 649235.41/185492.87/92747.29) lat (ms,95%): 7.17 err/s: 0.00 reconn/s: 0.00
[ 720s ] thds: 128 tps: 46492.59 qps: 929858.73 (r/w/o: 650902.21/185971.05/92985.47) lat (ms,95%): 7.17 err/s: 0.10 reconn/s: 0.00
[ 730s ] thds: 128 tps: 45686.77 qps: 913737.91 (r/w/o: 639618.51/182746.16/91373.23) lat (ms,95%): 7.30 err/s: 0.00 reconn/s: 0.00
[ 740s ] thds: 128 tps: 45908.50 qps: 918158.68 (r/w/o: 642707.79/183634.10/91816.80) lat (ms,95%): 7.30 err/s: 0.00 reconn/s: 0.00
[ 750s ] thds: 128 tps: 44888.37 qps: 897772.39 (r/w/o: 628441.24/179554.50/89776.65) lat (ms,95%): 7.30 err/s: 0.00 reconn/s: 0.00
[ 760s ] thds: 128 tps: 45447.21 qps: 908955.68 (r/w/o: 636269.52/181791.24/90894.92) lat (ms,95%): 7.30 err/s: 0.00 reconn/s: 0.00
[ 770s ] thds: 128 tps: 45289.25 qps: 905779.74 (r/w/o: 634047.36/181154.79/90577.59) lat (ms,95%): 7.30 err/s: 0.00 reconn/s: 0.00
[ 780s ] thds: 128 tps: 45183.22 qps: 903666.71 (r/w/o: 632567.02/180733.06/90366.63) lat (ms,95%): 7.30 err/s: 0.00 reconn/s: 0.00
SQL statistics:
    queries performed:
        read:                            547505854
        write:                           156430232
        other:                           78215126
        total:                           782151212
    transactions:                        39107557 (50131.10 per sec.)
    queries:                             782151212 (1002622.13 per sec.)
    ignored errors:                      4      (0.01 per sec.)
    reconnects:                          0      (0.00 per sec.)

General statistics:
    total time:                          780.1047s
    total number of events:              39107557

Latency (ms):
         min:                                    0.62
         avg:                                    2.55
         max:                                  128.04
         95th percentile:                        7.04
         sum:                             99798063.50

Threads fairness:
    events (avg/stddev):           305527.7891/2672.65
    execution time (avg/stddev):   779.6724/0.01

