sysbench 1.0.20-ebf1c90 (using bundled LuaJIT 2.1.0-beta2)

Running the test with following options:
Number of threads: 128
Report intermediate results every 10 second(s)
Initializing random number generator from current time


Initializing worker threads...

Threads started!

[ 10s ] thds: 128 tps: 19226.51 qps: 384658.98 (r/w/o: 269283.25/76909.92/38465.81) lat (ms,95%): 9.39 err/s: 0.00 reconn/s: 0.00
[ 20s ] thds: 128 tps: 33226.44 qps: 664540.73 (r/w/o: 465180.31/132907.75/66452.67) lat (ms,95%): 8.13 err/s: 0.00 reconn/s: 0.00
[ 30s ] thds: 128 tps: 45731.01 qps: 914633.79 (r/w/o: 640245.34/182926.54/91461.92) lat (ms,95%): 7.43 err/s: 0.00 reconn/s: 0.00
[ 40s ] thds: 128 tps: 46299.04 qps: 925971.86 (r/w/o: 648179.13/185194.55/92598.18) lat (ms,95%): 7.56 err/s: 0.00 reconn/s: 0.00
[ 50s ] thds: 128 tps: 49054.21 qps: 981074.01 (r/w/o: 686749.85/196215.84/98108.32) lat (ms,95%): 7.43 err/s: 0.00 reconn/s: 0.00
[ 60s ] thds: 128 tps: 46669.58 qps: 933390.90 (r/w/o: 653373.99/186677.54/93339.37) lat (ms,95%): 7.56 err/s: 0.00 reconn/s: 0.00
[ 70s ] thds: 128 tps: 49079.09 qps: 981574.22 (r/w/o: 687100.30/196316.04/98157.87) lat (ms,95%): 7.43 err/s: 0.00 reconn/s: 0.00
[ 80s ] thds: 128 tps: 47100.25 qps: 942012.00 (r/w/o: 659409.57/188401.82/94200.61) lat (ms,95%): 7.56 err/s: 0.00 reconn/s: 0.00
[ 90s ] thds: 128 tps: 48479.16 qps: 969579.93 (r/w/o: 678706.06/193915.85/96958.02) lat (ms,95%): 7.43 err/s: 0.00 reconn/s: 0.00
[ 100s ] thds: 128 tps: 45965.20 qps: 919309.77 (r/w/o: 643517.58/183861.89/91930.30) lat (ms,95%): 7.56 err/s: 0.00 reconn/s: 0.00
[ 110s ] thds: 128 tps: 48181.57 qps: 963632.80 (r/w/o: 674541.48/192727.88/96363.44) lat (ms,95%): 7.43 err/s: 0.00 reconn/s: 0.00
[ 120s ] thds: 128 tps: 46354.70 qps: 927090.91 (r/w/o: 648965.01/185416.40/92709.50) lat (ms,95%): 7.56 err/s: 0.00 reconn/s: 0.00
[ 130s ] thds: 128 tps: 48135.21 qps: 962710.46 (r/w/o: 673895.78/192544.25/96270.43) lat (ms,95%): 7.43 err/s: 0.00 reconn/s: 0.00
[ 140s ] thds: 128 tps: 46267.41 qps: 925336.81 (r/w/o: 647737.65/185064.24/92534.92) lat (ms,95%): 7.56 err/s: 0.00 reconn/s: 0.00
[ 150s ] thds: 128 tps: 46028.73 qps: 920584.65 (r/w/o: 644408.76/184118.63/92057.27) lat (ms,95%): 7.56 err/s: 0.00 reconn/s: 0.00
[ 160s ] thds: 128 tps: 38376.10 qps: 767516.05 (r/w/o: 537261.86/153501.79/76752.39) lat (ms,95%): 8.28 err/s: 0.00 reconn/s: 0.00
[ 170s ] thds: 128 tps: 42539.43 qps: 850798.22 (r/w/o: 595559.33/170160.12/85078.76) lat (ms,95%): 7.84 err/s: 0.00 reconn/s: 0.00
[ 180s ] thds: 128 tps: 43843.08 qps: 876856.15 (r/w/o: 613796.75/175373.33/87686.06) lat (ms,95%): 7.70 err/s: 0.00 reconn/s: 0.00
[ 190s ] thds: 128 tps: 46064.36 qps: 921284.73 (r/w/o: 644899.29/184256.43/92129.01) lat (ms,95%): 7.56 err/s: 0.00 reconn/s: 0.00
[ 200s ] thds: 128 tps: 42888.57 qps: 857785.34 (r/w/o: 600451.11/171557.19/85777.04) lat (ms,95%): 7.70 err/s: 0.00 reconn/s: 0.00
[ 210s ] thds: 128 tps: 45970.23 qps: 919397.31 (r/w/o: 643577.86/183878.90/91940.55) lat (ms,95%): 7.56 err/s: 0.00 reconn/s: 0.00
[ 220s ] thds: 128 tps: 43086.35 qps: 861723.17 (r/w/o: 603206.98/172343.59/86172.60) lat (ms,95%): 7.70 err/s: 0.00 reconn/s: 0.00
[ 230s ] thds: 128 tps: 44771.09 qps: 895413.17 (r/w/o: 626789.21/179081.77/89542.19) lat (ms,95%): 7.56 err/s: 0.00 reconn/s: 0.00
[ 240s ] thds: 128 tps: 42087.19 qps: 841752.78 (r/w/o: 589226.74/168351.56/84174.48) lat (ms,95%): 7.84 err/s: 0.00 reconn/s: 0.00
[ 250s ] thds: 128 tps: 44198.00 qps: 883951.00 (r/w/o: 618765.30/176789.80/88395.90) lat (ms,95%): 7.70 err/s: 0.00 reconn/s: 0.00
[ 260s ] thds: 128 tps: 41327.54 qps: 826564.36 (r/w/o: 578595.31/165313.97/82655.09) lat (ms,95%): 7.84 err/s: 0.00 reconn/s: 0.00
[ 270s ] thds: 128 tps: 44067.04 qps: 881340.65 (r/w/o: 616938.93/176267.55/88134.18) lat (ms,95%): 7.70 err/s: 0.00 reconn/s: 0.00
[ 280s ] thds: 128 tps: 41018.51 qps: 820374.10 (r/w/o: 574262.84/164074.34/82036.92) lat (ms,95%): 7.84 err/s: 0.00 reconn/s: 0.00
[ 290s ] thds: 128 tps: 43513.23 qps: 870241.20 (r/w/o: 609166.09/174048.44/87026.67) lat (ms,95%): 7.70 err/s: 0.00 reconn/s: 0.00
[ 300s ] thds: 128 tps: 41233.59 qps: 824686.29 (r/w/o: 577281.85/164937.76/82466.68) lat (ms,95%): 7.84 err/s: 0.00 reconn/s: 0.00
[ 310s ] thds: 128 tps: 42281.57 qps: 845627.62 (r/w/o: 591938.50/169125.98/84563.14) lat (ms,95%): 7.84 err/s: 0.00 reconn/s: 0.00
[ 320s ] thds: 128 tps: 36317.92 qps: 726353.40 (r/w/o: 508445.18/145271.78/72636.44) lat (ms,95%): 8.28 err/s: 0.00 reconn/s: 0.00
[ 330s ] thds: 128 tps: 41140.08 qps: 822813.58 (r/w/o: 575972.57/164561.34/82279.67) lat (ms,95%): 7.98 err/s: 0.00 reconn/s: 0.00
[ 340s ] thds: 128 tps: 41182.40 qps: 823634.54 (r/w/o: 576539.66/164730.09/82364.79) lat (ms,95%): 7.84 err/s: 0.00 reconn/s: 0.00
[ 350s ] thds: 128 tps: 43443.52 qps: 868867.45 (r/w/o: 608210.01/173769.99/86887.44) lat (ms,95%): 7.70 err/s: 0.00 reconn/s: 0.00
[ 360s ] thds: 128 tps: 40541.87 qps: 810848.69 (r/w/o: 567595.77/162169.08/81083.84) lat (ms,95%): 7.84 err/s: 0.00 reconn/s: 0.00
[ 370s ] thds: 128 tps: 44560.16 qps: 891207.90 (r/w/o: 623846.64/178241.04/89120.22) lat (ms,95%): 7.56 err/s: 0.10 reconn/s: 0.00
[ 380s ] thds: 128 tps: 40959.34 qps: 819192.11 (r/w/o: 573435.57/163837.76/81918.78) lat (ms,95%): 7.84 err/s: 0.00 reconn/s: 0.00
[ 390s ] thds: 128 tps: 43459.85 qps: 869190.30 (r/w/o: 608431.00/173839.50/86919.80) lat (ms,95%): 7.70 err/s: 0.00 reconn/s: 0.00
[ 400s ] thds: 128 tps: 41441.66 qps: 828823.24 (r/w/o: 580175.20/165764.73/82883.31) lat (ms,95%): 7.84 err/s: 0.00 reconn/s: 0.00
[ 410s ] thds: 128 tps: 43818.47 qps: 876377.66 (r/w/o: 613461.96/175278.77/87636.94) lat (ms,95%): 7.70 err/s: 0.00 reconn/s: 0.00
[ 420s ] thds: 128 tps: 41708.78 qps: 834186.87 (r/w/o: 583936.00/166833.51/83417.36) lat (ms,95%): 7.84 err/s: 0.00 reconn/s: 0.00
[ 430s ] thds: 128 tps: 43920.46 qps: 878402.48 (r/w/o: 614881.70/175679.66/87841.13) lat (ms,95%): 7.56 err/s: 0.00 reconn/s: 0.00
[ 440s ] thds: 128 tps: 42685.92 qps: 853717.03 (r/w/o: 597600.23/170745.17/85371.63) lat (ms,95%): 7.70 err/s: 0.00 reconn/s: 0.00
[ 450s ] thds: 128 tps: 42930.96 qps: 858618.87 (r/w/o: 601033.99/171722.95/85861.93) lat (ms,95%): 7.70 err/s: 0.00 reconn/s: 0.00
[ 460s ] thds: 128 tps: 40166.69 qps: 803343.12 (r/w/o: 562341.70/160667.84/80333.57) lat (ms,95%): 7.98 err/s: 0.00 reconn/s: 0.00
[ 470s ] thds: 128 tps: 40974.55 qps: 819477.62 (r/w/o: 573630.54/163897.88/81949.19) lat (ms,95%): 7.98 err/s: 0.00 reconn/s: 0.00
[ 480s ] thds: 128 tps: 36241.02 qps: 724824.43 (r/w/o: 507377.50/144965.09/72481.84) lat (ms,95%): 8.28 err/s: 0.00 reconn/s: 0.00
[ 490s ] thds: 128 tps: 40688.96 qps: 813782.90 (r/w/o: 569648.41/162756.76/81377.73) lat (ms,95%): 7.98 err/s: 0.00 reconn/s: 0.00
[ 500s ] thds: 128 tps: 40417.26 qps: 808340.05 (r/w/o: 565839.37/161666.05/80834.62) lat (ms,95%): 7.84 err/s: 0.00 reconn/s: 0.00
[ 510s ] thds: 128 tps: 42992.64 qps: 859848.25 (r/w/o: 601893.09/171969.97/85985.18) lat (ms,95%): 7.70 err/s: 0.00 reconn/s: 0.00
[ 520s ] thds: 128 tps: 40974.95 qps: 819509.63 (r/w/o: 573657.52/163902.41/81949.70) lat (ms,95%): 7.84 err/s: 0.00 reconn/s: 0.00
[ 530s ] thds: 128 tps: 42488.46 qps: 849749.12 (r/w/o: 594820.08/169951.72/84977.31) lat (ms,95%): 7.70 err/s: 0.00 reconn/s: 0.00
[ 540s ] thds: 128 tps: 39775.98 qps: 795548.63 (r/w/o: 556890.34/159106.43/79551.86) lat (ms,95%): 7.84 err/s: 0.00 reconn/s: 0.00
[ 550s ] thds: 128 tps: 41879.81 qps: 837582.52 (r/w/o: 586304.78/167517.82/83759.91) lat (ms,95%): 7.70 err/s: 0.00 reconn/s: 0.00
[ 560s ] thds: 128 tps: 36924.65 qps: 738510.58 (r/w/o: 516960.59/147701.10/73848.90) lat (ms,95%): 8.13 err/s: 0.00 reconn/s: 0.00
[ 570s ] thds: 128 tps: 38143.41 qps: 762862.33 (r/w/o: 534001.69/152573.73/76286.91) lat (ms,95%): 8.13 err/s: 0.00 reconn/s: 0.00
[ 580s ] thds: 128 tps: 37119.55 qps: 742366.88 (r/w/o: 519654.16/148474.12/74238.61) lat (ms,95%): 8.13 err/s: 0.00 reconn/s: 0.00
[ 590s ] thds: 128 tps: 42467.58 qps: 849375.95 (r/w/o: 594565.95/169874.23/84935.76) lat (ms,95%): 7.70 err/s: 0.00 reconn/s: 0.00
[ 600s ] thds: 128 tps: 40014.41 qps: 800260.83 (r/w/o: 560179.39/160052.33/80029.11) lat (ms,95%): 7.84 err/s: 0.00 reconn/s: 0.00
[ 610s ] thds: 128 tps: 42024.95 qps: 840517.24 (r/w/o: 588363.76/168103.99/84049.49) lat (ms,95%): 7.70 err/s: 0.00 reconn/s: 0.00
[ 620s ] thds: 128 tps: 38780.11 qps: 775593.12 (r/w/o: 542915.48/155117.32/77560.31) lat (ms,95%): 7.98 err/s: 0.00 reconn/s: 0.00
[ 630s ] thds: 128 tps: 40025.83 qps: 800525.46 (r/w/o: 560367.80/160106.11/80051.56) lat (ms,95%): 7.98 err/s: 0.00 reconn/s: 0.00
[ 640s ] thds: 128 tps: 37227.46 qps: 744541.33 (r/w/o: 521175.19/148911.63/74454.51) lat (ms,95%): 8.13 err/s: 0.00 reconn/s: 0.00
[ 650s ] thds: 128 tps: 37522.01 qps: 750447.63 (r/w/o: 525316.66/150086.35/75044.62) lat (ms,95%): 8.28 err/s: 0.00 reconn/s: 0.00
[ 660s ] thds: 128 tps: 38387.24 qps: 767741.92 (r/w/o: 537418.60/153549.34/76773.97) lat (ms,95%): 7.98 err/s: 0.00 reconn/s: 0.00
[ 670s ] thds: 128 tps: 41903.86 qps: 838078.92 (r/w/o: 586655.78/167615.02/83808.11) lat (ms,95%): 7.70 err/s: 0.00 reconn/s: 0.00
[ 680s ] thds: 128 tps: 38992.19 qps: 779855.37 (r/w/o: 545901.24/155969.75/77984.38) lat (ms,95%): 7.98 err/s: 0.00 reconn/s: 0.00
[ 690s ] thds: 128 tps: 41319.77 qps: 826383.59 (r/w/o: 578464.67/165279.48/82639.44) lat (ms,95%): 7.84 err/s: 0.00 reconn/s: 0.00
[ 700s ] thds: 128 tps: 38607.16 qps: 772152.58 (r/w/o: 540509.60/154428.66/77214.33) lat (ms,95%): 7.98 err/s: 0.00 reconn/s: 0.00
[ 710s ] thds: 128 tps: 42018.78 qps: 840370.66 (r/w/o: 588258.96/168074.13/84037.57) lat (ms,95%): 7.70 err/s: 0.00 reconn/s: 0.00
[ 720s ] thds: 128 tps: 38738.49 qps: 774769.07 (r/w/o: 542338.31/154953.37/77477.39) lat (ms,95%): 7.98 err/s: 0.10 reconn/s: 0.00
[ 730s ] thds: 128 tps: 41263.38 qps: 825277.78 (r/w/o: 577696.58/165054.54/82526.67) lat (ms,95%): 7.70 err/s: 0.00 reconn/s: 0.00
[ 740s ] thds: 128 tps: 39220.12 qps: 784396.82 (r/w/o: 549075.19/156881.48/78440.14) lat (ms,95%): 7.98 err/s: 0.00 reconn/s: 0.00
[ 750s ] thds: 128 tps: 41048.66 qps: 820971.62 (r/w/o: 574683.45/164190.74/82097.42) lat (ms,95%): 7.84 err/s: 0.00 reconn/s: 0.00
[ 760s ] thds: 128 tps: 39271.14 qps: 785420.01 (r/w/o: 549791.47/157086.16/78542.38) lat (ms,95%): 7.84 err/s: 0.00 reconn/s: 0.00
[ 770s ] thds: 128 tps: 40451.70 qps: 809035.58 (r/w/o: 566324.78/161807.40/80903.40) lat (ms,95%): 7.84 err/s: 0.00 reconn/s: 0.00
[ 780s ] thds: 128 tps: 37858.78 qps: 757166.00 (r/w/o: 530015.35/151433.80/75716.85) lat (ms,95%): 8.13 err/s: 0.00 reconn/s: 0.00
SQL statistics:
    queries performed:
        read:                            455997080
        write:                           130284874
        other:                           65142442
        total:                           651424396
    transactions:                        32571218 (41752.05 per sec.)
    queries:                             651424396 (835041.01 per sec.)
    ignored errors:                      2      (0.00 per sec.)
    reconnects:                          0      (0.00 per sec.)

General statistics:
    total time:                          780.1097s
    total number of events:              32571218

Latency (ms):
         min:                                    0.73
         avg:                                    3.06
         max:                                  129.20
         95th percentile:                        7.84
         sum:                             99803569.69

Threads fairness:
    events (avg/stddev):           254462.6406/2261.78
    execution time (avg/stddev):   779.7154/0.01

