sysbench 1.0.20-ebf1c90 (using bundled LuaJIT 2.1.0-beta2)

Running the test with following options:
Number of threads: 128
Report intermediate results every 10 second(s)
Initializing random number generator from current time


Initializing worker threads...

Threads started!

[ 10s ] thds: 128 tps: 20578.18 qps: 411689.79 (r/w/o: 288201.81/82319.22/41168.76) lat (ms,95%): 9.06 err/s: 0.00 reconn/s: 0.00
[ 20s ] thds: 128 tps: 37588.06 qps: 751769.51 (r/w/o: 526242.28/150350.92/75176.31) lat (ms,95%): 7.70 err/s: 0.00 reconn/s: 0.00
[ 30s ] thds: 128 tps: 48592.08 qps: 971814.50 (r/w/o: 680262.42/194368.12/97183.96) lat (ms,95%): 7.17 err/s: 0.00 reconn/s: 0.00
[ 40s ] thds: 128 tps: 50164.99 qps: 1003320.20 (r/w/o: 702331.23/200658.98/100329.99) lat (ms,95%): 7.17 err/s: 0.00 reconn/s: 0.00
[ 50s ] thds: 128 tps: 51481.45 qps: 1029623.77 (r/w/o: 720734.95/205925.81/102963.01) lat (ms,95%): 7.17 err/s: 0.00 reconn/s: 0.00
[ 60s ] thds: 128 tps: 49649.91 qps: 993001.93 (r/w/o: 695103.89/198598.63/99299.41) lat (ms,95%): 7.30 err/s: 0.00 reconn/s: 0.00
[ 70s ] thds: 128 tps: 51293.46 qps: 1025877.49 (r/w/o: 718113.53/205176.64/102587.32) lat (ms,95%): 7.17 err/s: 0.00 reconn/s: 0.00
[ 80s ] thds: 128 tps: 50039.82 qps: 1000793.66 (r/w/o: 700554.32/200159.79/100079.55) lat (ms,95%): 7.17 err/s: 0.00 reconn/s: 0.00
[ 90s ] thds: 128 tps: 50410.46 qps: 1008201.91 (r/w/o: 705739.38/201641.32/100821.21) lat (ms,95%): 7.17 err/s: 0.00 reconn/s: 0.00
[ 100s ] thds: 128 tps: 49623.08 qps: 992477.31 (r/w/o: 694740.16/198491.40/99245.75) lat (ms,95%): 7.30 err/s: 0.00 reconn/s: 0.00
[ 110s ] thds: 128 tps: 50398.44 qps: 1007941.92 (r/w/o: 705552.20/201592.74/100796.97) lat (ms,95%): 7.17 err/s: 0.00 reconn/s: 0.00
[ 120s ] thds: 128 tps: 48795.63 qps: 975947.75 (r/w/o: 683170.89/195185.21/97591.66) lat (ms,95%): 7.30 err/s: 0.00 reconn/s: 0.00
[ 130s ] thds: 128 tps: 49793.85 qps: 995840.75 (r/w/o: 697080.37/199173.29/99587.10) lat (ms,95%): 7.30 err/s: 0.00 reconn/s: 0.00
[ 140s ] thds: 128 tps: 48906.31 qps: 978145.73 (r/w/o: 684708.19/195624.63/97812.91) lat (ms,95%): 7.30 err/s: 0.00 reconn/s: 0.00
[ 150s ] thds: 128 tps: 43866.29 qps: 877293.15 (r/w/o: 614095.62/175464.65/87732.87) lat (ms,95%): 7.70 err/s: 0.00 reconn/s: 0.00
[ 160s ] thds: 128 tps: 40416.86 qps: 808366.81 (r/w/o: 565864.58/161668.62/80833.61) lat (ms,95%): 7.98 err/s: 0.00 reconn/s: 0.00
[ 170s ] thds: 128 tps: 48299.10 qps: 965963.81 (r/w/o: 676170.51/193195.10/96598.20) lat (ms,95%): 7.30 err/s: 0.00 reconn/s: 0.00
[ 180s ] thds: 128 tps: 46856.17 qps: 937162.33 (r/w/o: 656018.23/187431.57/93712.53) lat (ms,95%): 7.43 err/s: 0.00 reconn/s: 0.00
[ 190s ] thds: 128 tps: 47921.80 qps: 958411.15 (r/w/o: 670883.14/191684.91/95843.11) lat (ms,95%): 7.30 err/s: 0.00 reconn/s: 0.00
[ 200s ] thds: 128 tps: 46786.56 qps: 935743.54 (r/w/o: 655026.57/187143.45/93573.52) lat (ms,95%): 7.43 err/s: 0.00 reconn/s: 0.00
[ 210s ] thds: 128 tps: 47246.21 qps: 944908.73 (r/w/o: 661429.59/188986.73/94492.41) lat (ms,95%): 7.43 err/s: 0.00 reconn/s: 0.00
[ 220s ] thds: 128 tps: 45696.93 qps: 913952.10 (r/w/o: 639772.52/182785.62/91393.96) lat (ms,95%): 7.56 err/s: 0.00 reconn/s: 0.00
[ 230s ] thds: 128 tps: 45981.10 qps: 919600.51 (r/w/o: 643713.94/183924.48/91962.09) lat (ms,95%): 7.43 err/s: 0.00 reconn/s: 0.00
[ 240s ] thds: 128 tps: 45570.42 qps: 911423.48 (r/w/o: 637998.84/182284.00/91140.65) lat (ms,95%): 7.43 err/s: 0.00 reconn/s: 0.00
[ 250s ] thds: 128 tps: 45198.86 qps: 903964.23 (r/w/o: 632772.46/180794.25/90397.52) lat (ms,95%): 7.56 err/s: 0.00 reconn/s: 0.00
[ 260s ] thds: 128 tps: 44045.69 qps: 880935.66 (r/w/o: 616658.73/176185.15/88091.78) lat (ms,95%): 7.56 err/s: 0.00 reconn/s: 0.00
[ 270s ] thds: 128 tps: 46505.10 qps: 930070.85 (r/w/o: 651044.07/186016.69/93010.10) lat (ms,95%): 7.43 err/s: 0.00 reconn/s: 0.00
[ 280s ] thds: 128 tps: 44466.33 qps: 889377.71 (r/w/o: 622570.83/177874.52/88932.36) lat (ms,95%): 7.56 err/s: 0.00 reconn/s: 0.00
[ 290s ] thds: 128 tps: 44078.59 qps: 881521.49 (r/w/o: 617059.43/176304.38/88157.69) lat (ms,95%): 7.70 err/s: 0.00 reconn/s: 0.00
[ 300s ] thds: 128 tps: 40217.12 qps: 804365.07 (r/w/o: 563058.83/160872.29/80433.95) lat (ms,95%): 7.98 err/s: 0.00 reconn/s: 0.00
[ 310s ] thds: 128 tps: 40603.06 qps: 812026.60 (r/w/o: 568413.24/162406.94/81206.42) lat (ms,95%): 7.98 err/s: 0.00 reconn/s: 0.00
[ 320s ] thds: 128 tps: 42546.60 qps: 850959.94 (r/w/o: 595680.56/170186.69/85092.69) lat (ms,95%): 7.70 err/s: 0.00 reconn/s: 0.00
[ 330s ] thds: 128 tps: 45281.18 qps: 905612.48 (r/w/o: 633924.48/181124.94/90563.07) lat (ms,95%): 7.56 err/s: 0.00 reconn/s: 0.00
[ 340s ] thds: 128 tps: 43308.67 qps: 866193.19 (r/w/o: 606340.37/173236.08/86616.74) lat (ms,95%): 7.70 err/s: 0.00 reconn/s: 0.00
[ 350s ] thds: 128 tps: 45057.95 qps: 901131.25 (r/w/o: 630784.54/180230.31/90116.41) lat (ms,95%): 7.56 err/s: 0.00 reconn/s: 0.00
[ 360s ] thds: 128 tps: 44250.27 qps: 885041.88 (r/w/o: 619537.04/177004.20/88500.65) lat (ms,95%): 7.56 err/s: 0.00 reconn/s: 0.00
[ 370s ] thds: 128 tps: 45351.89 qps: 907021.43 (r/w/o: 634912.11/181406.05/90703.27) lat (ms,95%): 7.43 err/s: 0.00 reconn/s: 0.00
[ 380s ] thds: 128 tps: 43783.76 qps: 875707.55 (r/w/o: 613004.08/175135.55/87567.93) lat (ms,95%): 7.56 err/s: 0.00 reconn/s: 0.00
[ 390s ] thds: 128 tps: 45677.06 qps: 913502.11 (r/w/o: 639440.25/182708.04/91353.82) lat (ms,95%): 7.43 err/s: 0.00 reconn/s: 0.00
[ 400s ] thds: 128 tps: 44068.10 qps: 881376.02 (r/w/o: 616967.14/176272.78/88136.09) lat (ms,95%): 7.56 err/s: 0.00 reconn/s: 0.00
[ 410s ] thds: 128 tps: 45097.49 qps: 901949.20 (r/w/o: 631362.36/180391.46/90195.38) lat (ms,95%): 7.56 err/s: 0.00 reconn/s: 0.00
[ 420s ] thds: 128 tps: 44107.80 qps: 882169.41 (r/w/o: 617521.44/176432.08/88215.89) lat (ms,95%): 7.56 err/s: 0.10 reconn/s: 0.00
[ 430s ] thds: 128 tps: 45016.40 qps: 900304.50 (r/w/o: 630209.73/180062.38/90032.39) lat (ms,95%): 7.56 err/s: 0.00 reconn/s: 0.00
[ 440s ] thds: 128 tps: 42623.72 qps: 852472.79 (r/w/o: 596731.05/170494.30/85247.45) lat (ms,95%): 7.70 err/s: 0.00 reconn/s: 0.00
[ 450s ] thds: 128 tps: 41675.15 qps: 833482.11 (r/w/o: 583433.44/166697.88/83350.79) lat (ms,95%): 7.84 err/s: 0.00 reconn/s: 0.00
[ 460s ] thds: 128 tps: 39451.52 qps: 789060.02 (r/w/o: 552347.29/157809.88/78902.84) lat (ms,95%): 7.98 err/s: 0.00 reconn/s: 0.00
[ 470s ] thds: 128 tps: 41818.95 qps: 836372.55 (r/w/o: 585459.34/167275.31/83637.91) lat (ms,95%): 7.84 err/s: 0.00 reconn/s: 0.00
[ 480s ] thds: 128 tps: 43503.29 qps: 870052.09 (r/w/o: 609035.85/174009.56/87006.68) lat (ms,95%): 7.56 err/s: 0.00 reconn/s: 0.00
[ 490s ] thds: 128 tps: 43739.88 qps: 874797.90 (r/w/o: 612356.45/174961.90/87479.55) lat (ms,95%): 7.56 err/s: 0.00 reconn/s: 0.00
[ 500s ] thds: 128 tps: 42593.59 qps: 851896.46 (r/w/o: 596334.80/170374.47/85187.19) lat (ms,95%): 7.70 err/s: 0.00 reconn/s: 0.00
[ 510s ] thds: 128 tps: 44005.12 qps: 880080.13 (r/w/o: 616049.90/176019.89/88010.34) lat (ms,95%): 7.56 err/s: 0.00 reconn/s: 0.00
[ 520s ] thds: 128 tps: 42260.74 qps: 845233.29 (r/w/o: 591668.12/169043.68/84521.49) lat (ms,95%): 7.70 err/s: 0.00 reconn/s: 0.00
[ 530s ] thds: 128 tps: 41987.56 qps: 839711.75 (r/w/o: 587785.20/167951.93/83974.61) lat (ms,95%): 7.70 err/s: 0.00 reconn/s: 0.00
[ 540s ] thds: 128 tps: 38704.91 qps: 774143.97 (r/w/o: 541914.22/154819.43/77410.32) lat (ms,95%): 7.98 err/s: 0.00 reconn/s: 0.00
[ 550s ] thds: 128 tps: 38625.45 qps: 772474.89 (r/w/o: 540725.20/154498.70/77251.00) lat (ms,95%): 8.13 err/s: 0.00 reconn/s: 0.00
[ 560s ] thds: 128 tps: 42410.05 qps: 848296.80 (r/w/o: 593814.30/169662.20/84820.30) lat (ms,95%): 7.70 err/s: 0.00 reconn/s: 0.00
[ 570s ] thds: 128 tps: 43350.97 qps: 866932.37 (r/w/o: 606847.26/173383.27/86701.84) lat (ms,95%): 7.56 err/s: 0.00 reconn/s: 0.00
[ 580s ] thds: 128 tps: 42487.55 qps: 849796.95 (r/w/o: 594864.36/169957.39/84975.19) lat (ms,95%): 7.56 err/s: 0.00 reconn/s: 0.00
[ 590s ] thds: 128 tps: 42410.87 qps: 848166.98 (r/w/o: 593709.17/169636.48/84821.34) lat (ms,95%): 7.70 err/s: 0.00 reconn/s: 0.00
[ 600s ] thds: 128 tps: 41579.47 qps: 831620.82 (r/w/o: 582142.12/166319.36/83159.33) lat (ms,95%): 7.70 err/s: 0.00 reconn/s: 0.00
[ 610s ] thds: 128 tps: 40485.09 qps: 809662.61 (r/w/o: 566755.77/161937.16/80969.68) lat (ms,95%): 7.84 err/s: 0.00 reconn/s: 0.00
[ 620s ] thds: 128 tps: 38804.35 qps: 776118.41 (r/w/o: 543289.01/155220.50/77608.90) lat (ms,95%): 7.98 err/s: 0.00 reconn/s: 0.00
[ 630s ] thds: 128 tps: 40785.39 qps: 815686.82 (r/w/o: 570975.31/163140.44/81571.07) lat (ms,95%): 7.84 err/s: 0.00 reconn/s: 0.00
[ 640s ] thds: 128 tps: 41312.33 qps: 826279.37 (r/w/o: 578405.80/165249.51/82624.06) lat (ms,95%): 7.70 err/s: 0.00 reconn/s: 0.00
[ 650s ] thds: 128 tps: 43141.24 qps: 862825.76 (r/w/o: 603975.93/172566.95/86282.88) lat (ms,95%): 7.56 err/s: 0.00 reconn/s: 0.00
[ 660s ] thds: 128 tps: 41534.95 qps: 830682.36 (r/w/o: 581474.87/166137.59/83069.90) lat (ms,95%): 7.70 err/s: 0.00 reconn/s: 0.00
[ 670s ] thds: 128 tps: 43287.83 qps: 865742.50 (r/w/o: 606014.49/173152.44/86575.57) lat (ms,95%): 7.56 err/s: 0.00 reconn/s: 0.00
[ 680s ] thds: 128 tps: 41570.95 qps: 831466.67 (r/w/o: 582036.48/166287.99/83142.20) lat (ms,95%): 7.70 err/s: 0.00 reconn/s: 0.00
[ 690s ] thds: 128 tps: 42414.74 qps: 848224.35 (r/w/o: 593742.72/169653.15/84828.47) lat (ms,95%): 7.56 err/s: 0.00 reconn/s: 0.00
[ 700s ] thds: 128 tps: 41005.94 qps: 820161.19 (r/w/o: 574123.86/164024.66/82012.68) lat (ms,95%): 7.70 err/s: 0.00 reconn/s: 0.00
[ 710s ] thds: 128 tps: 42432.20 qps: 848629.55 (r/w/o: 594036.13/169729.01/84864.40) lat (ms,95%): 7.56 err/s: 0.00 reconn/s: 0.00
[ 720s ] thds: 128 tps: 41436.54 qps: 828755.66 (r/w/o: 580137.40/165744.97/82873.29) lat (ms,95%): 7.70 err/s: 0.00 reconn/s: 0.00
[ 730s ] thds: 128 tps: 42818.52 qps: 856348.05 (r/w/o: 599435.65/171275.47/85636.94) lat (ms,95%): 7.56 err/s: 0.00 reconn/s: 0.00
[ 740s ] thds: 128 tps: 41168.41 qps: 823376.72 (r/w/o: 576367.89/164671.92/82336.91) lat (ms,95%): 7.70 err/s: 0.00 reconn/s: 0.00
[ 750s ] thds: 128 tps: 42515.42 qps: 850282.61 (r/w/o: 595189.22/170062.56/85030.83) lat (ms,95%): 7.56 err/s: 0.00 reconn/s: 0.00
[ 760s ] thds: 128 tps: 39385.65 qps: 787743.82 (r/w/o: 551429.92/157542.60/78771.30) lat (ms,95%): 7.84 err/s: 0.00 reconn/s: 0.00
[ 770s ] thds: 128 tps: 40069.57 qps: 801374.60 (r/w/o: 560956.88/160278.58/80139.14) lat (ms,95%): 7.84 err/s: 0.00 reconn/s: 0.00
[ 780s ] thds: 128 tps: 38000.69 qps: 760045.41 (r/w/o: 532041.09/152003.54/76000.77) lat (ms,95%): 8.13 err/s: 0.00 reconn/s: 0.00
SQL statistics:
    queries performed:
        read:                            477404494
        write:                           136401275
        other:                           68200649
        total:                           682006418
    transactions:                        34100320 (43711.36 per sec.)
    queries:                             682006418 (874227.18 per sec.)
    ignored errors:                      1      (0.00 per sec.)
    reconnects:                          0      (0.00 per sec.)

General statistics:
    total time:                          780.1240s
    total number of events:              34100320

Latency (ms):
         min:                                    0.71
         avg:                                    2.93
         max:                                  152.26
         95th percentile:                        7.56
         sum:                             99802527.67

Threads fairness:
    events (avg/stddev):           266408.7500/3180.40
    execution time (avg/stddev):   779.7072/0.01

