sysbench 1.0.20-ebf1c90 (using bundled LuaJIT 2.1.0-beta2)

Running the test with following options:
Number of threads: 128
Report intermediate results every 10 second(s)
Initializing random number generator from current time


Initializing worker threads...

Threads started!

[ 10s ] thds: 128 tps: 27424.23 qps: 548594.80 (r/w/o: 384035.12/109698.42/54861.26) lat (ms,95%): 6.91 err/s: 0.00 reconn/s: 0.00
[ 20s ] thds: 128 tps: 47508.05 qps: 950190.96 (r/w/o: 665132.65/190042.41/95015.91) lat (ms,95%): 6.79 err/s: 0.00 reconn/s: 0.00
[ 30s ] thds: 128 tps: 55342.95 qps: 1106868.17 (r/w/o: 774807.48/221374.99/110685.70) lat (ms,95%): 6.67 err/s: 0.00 reconn/s: 0.00
[ 40s ] thds: 128 tps: 58053.12 qps: 1161052.12 (r/w/o: 812735.52/232210.66/116105.93) lat (ms,95%): 6.43 err/s: 0.00 reconn/s: 0.00
[ 50s ] thds: 128 tps: 56842.57 qps: 1136856.51 (r/w/o: 795802.69/227367.98/113685.84) lat (ms,95%): 6.55 err/s: 0.00 reconn/s: 0.00
[ 60s ] thds: 128 tps: 58457.75 qps: 1169140.49 (r/w/o: 818395.66/233829.62/116915.21) lat (ms,95%): 6.43 err/s: 0.00 reconn/s: 0.00
[ 70s ] thds: 128 tps: 56920.42 qps: 1138423.83 (r/w/o: 796897.30/227685.99/113840.54) lat (ms,95%): 6.55 err/s: 0.00 reconn/s: 0.00
[ 80s ] thds: 128 tps: 57582.44 qps: 1151653.49 (r/w/o: 806161.52/230326.78/115165.19) lat (ms,95%): 6.43 err/s: 0.00 reconn/s: 0.00
[ 90s ] thds: 128 tps: 56570.46 qps: 1131408.51 (r/w/o: 791983.55/226284.34/113140.62) lat (ms,95%): 6.55 err/s: 0.00 reconn/s: 0.00
[ 100s ] thds: 128 tps: 57150.31 qps: 1142994.78 (r/w/o: 800094.80/228598.96/114301.03) lat (ms,95%): 6.43 err/s: 0.00 reconn/s: 0.00
[ 110s ] thds: 128 tps: 55434.96 qps: 1108712.15 (r/w/o: 776101.51/221740.93/110869.72) lat (ms,95%): 6.67 err/s: 0.00 reconn/s: 0.00
[ 120s ] thds: 128 tps: 56737.67 qps: 1134771.03 (r/w/o: 794340.33/226955.37/113475.33) lat (ms,95%): 6.55 err/s: 0.00 reconn/s: 0.00
[ 130s ] thds: 128 tps: 47940.99 qps: 958770.13 (r/w/o: 671135.58/191752.67/95881.88) lat (ms,95%): 7.43 err/s: 0.00 reconn/s: 0.00
[ 140s ] thds: 128 tps: 49289.57 qps: 985830.79 (r/w/o: 690083.54/197168.00/98579.25) lat (ms,95%): 7.30 err/s: 0.00 reconn/s: 0.00
[ 150s ] thds: 128 tps: 53535.36 qps: 1070700.61 (r/w/o: 749489.27/214140.32/107071.01) lat (ms,95%): 6.91 err/s: 0.00 reconn/s: 0.00
[ 160s ] thds: 128 tps: 54007.24 qps: 1080129.72 (r/w/o: 756090.67/216024.56/108014.48) lat (ms,95%): 6.91 err/s: 0.00 reconn/s: 0.00
[ 170s ] thds: 128 tps: 51996.59 qps: 1039928.85 (r/w/o: 727951.12/207984.95/103992.77) lat (ms,95%): 7.17 err/s: 0.00 reconn/s: 0.00
[ 180s ] thds: 128 tps: 53201.77 qps: 1064062.72 (r/w/o: 744846.63/212811.96/106404.13) lat (ms,95%): 7.04 err/s: 0.00 reconn/s: 0.00
[ 190s ] thds: 128 tps: 51175.95 qps: 1023501.36 (r/w/o: 716446.74/204703.21/102351.41) lat (ms,95%): 7.17 err/s: 0.00 reconn/s: 0.00
[ 200s ] thds: 128 tps: 52621.11 qps: 1052422.15 (r/w/o: 736696.47/210483.35/105242.32) lat (ms,95%): 7.04 err/s: 0.00 reconn/s: 0.00
[ 210s ] thds: 128 tps: 50380.90 qps: 1007637.32 (r/w/o: 705346.61/201528.80/100761.90) lat (ms,95%): 7.17 err/s: 0.00 reconn/s: 0.00
[ 220s ] thds: 128 tps: 51962.31 qps: 1039233.83 (r/w/o: 727466.19/207843.23/103924.41) lat (ms,95%): 7.04 err/s: 0.00 reconn/s: 0.00
[ 230s ] thds: 128 tps: 49982.16 qps: 999654.42 (r/w/o: 699754.76/199935.04/99964.62) lat (ms,95%): 7.17 err/s: 0.00 reconn/s: 0.00
[ 240s ] thds: 128 tps: 51199.73 qps: 1023991.61 (r/w/o: 716795.73/204796.32/102399.56) lat (ms,95%): 7.04 err/s: 0.00 reconn/s: 0.00
[ 250s ] thds: 128 tps: 49282.09 qps: 985623.76 (r/w/o: 689934.03/197126.35/98563.38) lat (ms,95%): 7.30 err/s: 0.00 reconn/s: 0.00
[ 260s ] thds: 128 tps: 45872.52 qps: 917470.21 (r/w/o: 642229.12/183495.66/91745.43) lat (ms,95%): 7.56 err/s: 0.00 reconn/s: 0.00
[ 270s ] thds: 128 tps: 44172.27 qps: 883409.42 (r/w/o: 618387.10/176677.38/88344.94) lat (ms,95%): 7.70 err/s: 0.00 reconn/s: 0.00
[ 280s ] thds: 128 tps: 49222.84 qps: 984491.57 (r/w/o: 689148.34/196897.85/98445.38) lat (ms,95%): 7.30 err/s: 0.00 reconn/s: 0.00
[ 290s ] thds: 128 tps: 49552.31 qps: 991035.02 (r/w/o: 693722.36/198208.14/99104.52) lat (ms,95%): 7.30 err/s: 0.00 reconn/s: 0.00
[ 300s ] thds: 128 tps: 51072.57 qps: 1021443.30 (r/w/o: 715008.81/204289.26/102145.23) lat (ms,95%): 7.04 err/s: 0.00 reconn/s: 0.00
[ 310s ] thds: 128 tps: 49564.68 qps: 991300.41 (r/w/o: 693911.36/198259.60/99129.45) lat (ms,95%): 7.30 err/s: 0.00 reconn/s: 0.00
[ 320s ] thds: 128 tps: 50818.82 qps: 1016361.78 (r/w/o: 711453.47/203271.08/101637.24) lat (ms,95%): 7.17 err/s: 0.00 reconn/s: 0.00
[ 330s ] thds: 128 tps: 48706.10 qps: 974141.72 (r/w/o: 681898.94/194830.38/97412.39) lat (ms,95%): 7.30 err/s: 0.00 reconn/s: 0.00
[ 340s ] thds: 128 tps: 51226.24 qps: 1024532.43 (r/w/o: 717174.08/204905.57/102452.78) lat (ms,95%): 7.04 err/s: 0.00 reconn/s: 0.00
[ 350s ] thds: 128 tps: 48779.28 qps: 975564.89 (r/w/o: 682893.78/195112.54/97558.57) lat (ms,95%): 7.30 err/s: 0.00 reconn/s: 0.00
[ 360s ] thds: 128 tps: 50267.87 qps: 1005366.56 (r/w/o: 703757.95/201073.07/100535.54) lat (ms,95%): 7.17 err/s: 0.00 reconn/s: 0.00
[ 370s ] thds: 128 tps: 48581.85 qps: 971639.35 (r/w/o: 680144.57/194330.69/97164.10) lat (ms,95%): 7.30 err/s: 0.00 reconn/s: 0.00
[ 380s ] thds: 128 tps: 50545.59 qps: 1010903.52 (r/w/o: 707636.58/202176.66/101090.28) lat (ms,95%): 7.17 err/s: 0.00 reconn/s: 0.00
[ 390s ] thds: 128 tps: 45665.01 qps: 913290.26 (r/w/o: 639300.28/182659.75/91330.23) lat (ms,95%): 7.56 err/s: 0.00 reconn/s: 0.00
[ 400s ] thds: 128 tps: 45663.95 qps: 913290.01 (r/w/o: 639302.60/182659.10/91328.30) lat (ms,95%): 7.56 err/s: 0.00 reconn/s: 0.00
[ 410s ] thds: 128 tps: 42255.47 qps: 845116.54 (r/w/o: 591581.61/169023.69/84511.24) lat (ms,95%): 7.84 err/s: 0.10 reconn/s: 0.00
[ 420s ] thds: 128 tps: 48312.86 qps: 966269.16 (r/w/o: 676391.01/193252.63/96625.52) lat (ms,95%): 7.30 err/s: 0.00 reconn/s: 0.00
[ 430s ] thds: 128 tps: 47069.91 qps: 941381.60 (r/w/o: 658963.91/188278.26/94139.43) lat (ms,95%): 7.43 err/s: 0.00 reconn/s: 0.00
[ 440s ] thds: 128 tps: 49528.62 qps: 990577.36 (r/w/o: 693405.72/198113.79/99057.85) lat (ms,95%): 7.17 err/s: 0.00 reconn/s: 0.00
[ 450s ] thds: 128 tps: 47233.37 qps: 944663.68 (r/w/o: 661263.14/188934.20/94466.35) lat (ms,95%): 7.30 err/s: 0.00 reconn/s: 0.00
[ 460s ] thds: 128 tps: 48425.88 qps: 968528.32 (r/w/o: 677971.74/193704.42/96852.16) lat (ms,95%): 7.30 err/s: 0.00 reconn/s: 0.00
[ 470s ] thds: 128 tps: 46030.74 qps: 920605.13 (r/w/o: 644422.71/184121.25/92061.17) lat (ms,95%): 7.43 err/s: 0.00 reconn/s: 0.00
[ 480s ] thds: 128 tps: 46171.67 qps: 923443.04 (r/w/o: 646411.71/184687.79/92343.54) lat (ms,95%): 7.43 err/s: 0.00 reconn/s: 0.00
[ 490s ] thds: 128 tps: 41809.29 qps: 836185.81 (r/w/o: 585326.87/167240.86/83618.08) lat (ms,95%): 7.70 err/s: 0.00 reconn/s: 0.00
[ 500s ] thds: 128 tps: 43937.67 qps: 878729.03 (r/w/o: 615112.00/175741.29/87875.74) lat (ms,95%): 7.70 err/s: 0.00 reconn/s: 0.00
[ 510s ] thds: 128 tps: 46073.47 qps: 921497.13 (r/w/o: 645049.60/184300.59/92146.94) lat (ms,95%): 7.43 err/s: 0.00 reconn/s: 0.00
[ 520s ] thds: 128 tps: 47729.50 qps: 954569.42 (r/w/o: 668192.84/190917.68/95458.89) lat (ms,95%): 7.30 err/s: 0.00 reconn/s: 0.00
[ 530s ] thds: 128 tps: 44936.45 qps: 898733.26 (r/w/o: 629115.37/179744.79/89873.10) lat (ms,95%): 7.43 err/s: 0.00 reconn/s: 0.00
[ 540s ] thds: 128 tps: 46232.36 qps: 924645.00 (r/w/o: 647249.74/184930.84/92464.42) lat (ms,95%): 7.43 err/s: 0.00 reconn/s: 0.00
[ 550s ] thds: 128 tps: 42053.46 qps: 841076.50 (r/w/o: 588758.67/168210.62/84107.21) lat (ms,95%): 7.84 err/s: 0.00 reconn/s: 0.00
[ 560s ] thds: 128 tps: 44439.68 qps: 888807.23 (r/w/o: 622165.34/177762.53/88879.36) lat (ms,95%): 7.56 err/s: 0.00 reconn/s: 0.00
[ 570s ] thds: 128 tps: 45172.58 qps: 903430.07 (r/w/o: 632396.77/180688.73/90344.57) lat (ms,95%): 7.43 err/s: 0.00 reconn/s: 0.00
[ 580s ] thds: 128 tps: 47865.96 qps: 957338.38 (r/w/o: 670140.82/191464.84/95732.72) lat (ms,95%): 7.17 err/s: 0.00 reconn/s: 0.00
[ 590s ] thds: 128 tps: 45029.44 qps: 900603.82 (r/w/o: 630426.30/180118.94/90058.57) lat (ms,95%): 7.43 err/s: 0.00 reconn/s: 0.00
[ 600s ] thds: 128 tps: 46816.51 qps: 936308.92 (r/w/o: 655412.49/187263.32/93633.11) lat (ms,95%): 7.30 err/s: 0.00 reconn/s: 0.00
[ 610s ] thds: 128 tps: 45284.71 qps: 905698.80 (r/w/o: 633988.84/181140.44/90569.52) lat (ms,95%): 7.43 err/s: 0.00 reconn/s: 0.00
[ 620s ] thds: 128 tps: 47744.84 qps: 954898.55 (r/w/o: 668429.30/190979.37/95489.89) lat (ms,95%): 7.17 err/s: 0.00 reconn/s: 0.00
[ 630s ] thds: 128 tps: 44397.33 qps: 887924.52 (r/w/o: 621545.66/177584.40/88794.45) lat (ms,95%): 7.43 err/s: 0.00 reconn/s: 0.00
[ 640s ] thds: 128 tps: 46534.97 qps: 930705.00 (r/w/o: 651493.51/186141.56/93069.93) lat (ms,95%): 7.30 err/s: 0.00 reconn/s: 0.00
[ 650s ] thds: 128 tps: 44937.66 qps: 898775.63 (r/w/o: 629144.46/179755.65/89875.52) lat (ms,95%): 7.43 err/s: 0.00 reconn/s: 0.00
[ 660s ] thds: 128 tps: 46551.67 qps: 931019.42 (r/w/o: 651714.10/186202.28/93103.04) lat (ms,95%): 7.30 err/s: 0.00 reconn/s: 0.00
[ 670s ] thds: 128 tps: 43927.27 qps: 878568.54 (r/w/o: 614997.94/175715.97/87854.63) lat (ms,95%): 7.56 err/s: 0.00 reconn/s: 0.00
[ 680s ] thds: 128 tps: 44754.30 qps: 895075.58 (r/w/o: 626551.86/179015.02/89508.71) lat (ms,95%): 7.43 err/s: 0.00 reconn/s: 0.00
[ 690s ] thds: 128 tps: 42571.51 qps: 851413.31 (r/w/o: 595986.85/170283.74/85142.72) lat (ms,95%): 7.70 err/s: 0.00 reconn/s: 0.00
[ 700s ] thds: 128 tps: 42113.84 qps: 842294.24 (r/w/o: 589609.52/168456.85/84227.87) lat (ms,95%): 7.70 err/s: 0.00 reconn/s: 0.00
[ 710s ] thds: 128 tps: 41868.45 qps: 837353.97 (r/w/o: 586149.58/167467.39/83737.00) lat (ms,95%): 7.70 err/s: 0.00 reconn/s: 0.00
[ 720s ] thds: 128 tps: 45773.56 qps: 915481.04 (r/w/o: 640835.10/183099.13/91546.81) lat (ms,95%): 7.30 err/s: 0.00 reconn/s: 0.00
[ 730s ] thds: 128 tps: 43930.93 qps: 878609.18 (r/w/o: 615026.00/175721.02/87862.16) lat (ms,95%): 7.43 err/s: 0.00 reconn/s: 0.00
[ 740s ] thds: 128 tps: 45689.08 qps: 913784.61 (r/w/o: 639647.86/182758.50/91378.25) lat (ms,95%): 7.30 err/s: 0.00 reconn/s: 0.00
[ 750s ] thds: 128 tps: 42611.14 qps: 852231.57 (r/w/o: 596563.91/170445.67/85221.99) lat (ms,95%): 7.56 err/s: 0.00 reconn/s: 0.00
[ 760s ] thds: 128 tps: 45267.76 qps: 905332.04 (r/w/o: 633729.87/181066.95/90535.22) lat (ms,95%): 7.30 err/s: 0.00 reconn/s: 0.00
[ 770s ] thds: 128 tps: 42158.55 qps: 843159.83 (r/w/o: 590210.82/168631.51/84317.50) lat (ms,95%): 7.56 err/s: 0.00 reconn/s: 0.00
[ 780s ] thds: 128 tps: 44382.23 qps: 887680.67 (r/w/o: 621379.00/177538.41/88763.26) lat (ms,95%): 7.43 err/s: 0.00 reconn/s: 0.00
SQL statistics:
    queries performed:
        read:                            526113546
        write:                           150318152
        other:                           75159080
        total:                           751590778
    transactions:                        37579538 (48170.98 per sec.)
    queries:                             751590778 (963419.56 per sec.)
    ignored errors:                      1      (0.00 per sec.)
    reconnects:                          0      (0.00 per sec.)

General statistics:
    total time:                          780.1272s
    total number of events:              37579538

Latency (ms):
         min:                                    0.70
         avg:                                    2.66
         max:                                  127.59
         95th percentile:                        7.30
         sum:                             99799923.38

Threads fairness:
    events (avg/stddev):           293590.1406/3938.01
    execution time (avg/stddev):   779.6869/0.01

