sysbench 1.0.20-ebf1c90 (using bundled LuaJIT 2.1.0-beta2)

Running the test with following options:
Number of threads: 128
Report intermediate results every 10 second(s)
Initializing random number generator from current time


Initializing worker threads...

Threads started!

[ 10s ] thds: 128 tps: 21293.94 qps: 425994.21 (r/w/o: 298213.80/85179.74/42600.67) lat (ms,95%): 9.06 err/s: 0.00 reconn/s: 0.00
[ 20s ] thds: 128 tps: 41050.87 qps: 821052.51 (r/w/o: 574745.42/164205.66/82101.43) lat (ms,95%): 7.30 err/s: 0.00 reconn/s: 0.00
[ 30s ] thds: 128 tps: 51474.04 qps: 1029455.93 (r/w/o: 720613.01/205894.95/102947.97) lat (ms,95%): 7.04 err/s: 0.00 reconn/s: 0.00
[ 40s ] thds: 128 tps: 55051.95 qps: 1101048.04 (r/w/o: 770734.43/220209.31/110104.30) lat (ms,95%): 6.91 err/s: 0.00 reconn/s: 0.00
[ 50s ] thds: 128 tps: 53362.31 qps: 1067234.21 (r/w/o: 747062.58/213447.42/106724.21) lat (ms,95%): 7.04 err/s: 0.00 reconn/s: 0.00
[ 60s ] thds: 128 tps: 54535.60 qps: 1090714.13 (r/w/o: 763500.85/218142.19/109071.09) lat (ms,95%): 6.91 err/s: 0.00 reconn/s: 0.00
[ 70s ] thds: 128 tps: 53642.23 qps: 1072850.38 (r/w/o: 750997.70/214568.22/107284.46) lat (ms,95%): 7.04 err/s: 0.00 reconn/s: 0.00
[ 80s ] thds: 128 tps: 53518.56 qps: 1070393.85 (r/w/o: 749277.97/214078.25/107037.62) lat (ms,95%): 7.04 err/s: 0.00 reconn/s: 0.00
[ 90s ] thds: 128 tps: 52484.90 qps: 1049682.77 (r/w/o: 734774.98/209938.09/104969.70) lat (ms,95%): 7.04 err/s: 0.00 reconn/s: 0.00
[ 100s ] thds: 128 tps: 54114.92 qps: 1082304.10 (r/w/o: 757614.98/216459.48/108229.64) lat (ms,95%): 6.91 err/s: 0.00 reconn/s: 0.00
[ 110s ] thds: 128 tps: 52070.07 qps: 1041394.05 (r/w/o: 728974.55/208278.97/104140.54) lat (ms,95%): 7.04 err/s: 0.00 reconn/s: 0.00
[ 120s ] thds: 128 tps: 53254.44 qps: 1065093.10 (r/w/o: 745564.23/213020.38/106508.49) lat (ms,95%): 7.04 err/s: 0.00 reconn/s: 0.00
[ 130s ] thds: 128 tps: 49683.19 qps: 993650.11 (r/w/o: 695552.97/198731.06/99366.08) lat (ms,95%): 7.30 err/s: 0.00 reconn/s: 0.00
[ 140s ] thds: 128 tps: 45604.41 qps: 912106.01 (r/w/o: 638479.35/182417.34/91209.32) lat (ms,95%): 7.70 err/s: 0.00 reconn/s: 0.00
[ 150s ] thds: 128 tps: 45151.37 qps: 903003.35 (r/w/o: 632097.52/180603.19/90302.65) lat (ms,95%): 7.56 err/s: 0.00 reconn/s: 0.00
[ 160s ] thds: 128 tps: 51277.84 qps: 1025584.78 (r/w/o: 717914.55/205114.56/102555.68) lat (ms,95%): 7.17 err/s: 0.00 reconn/s: 0.00
[ 170s ] thds: 128 tps: 49339.57 qps: 986766.88 (r/w/o: 690731.04/197356.90/98678.95) lat (ms,95%): 7.30 err/s: 0.00 reconn/s: 0.00
[ 180s ] thds: 128 tps: 49766.11 qps: 995334.62 (r/w/o: 696736.28/199065.92/99532.41) lat (ms,95%): 7.17 err/s: 0.00 reconn/s: 0.00
[ 190s ] thds: 128 tps: 48408.38 qps: 968159.85 (r/w/o: 677709.78/193633.31/96816.75) lat (ms,95%): 7.30 err/s: 0.00 reconn/s: 0.00
[ 200s ] thds: 128 tps: 50270.66 qps: 1005421.90 (r/w/o: 703800.24/201080.44/100541.22) lat (ms,95%): 7.17 err/s: 0.00 reconn/s: 0.00
[ 210s ] thds: 128 tps: 48153.70 qps: 963067.21 (r/w/o: 674144.44/192615.28/96307.49) lat (ms,95%): 7.30 err/s: 0.00 reconn/s: 0.00
[ 220s ] thds: 128 tps: 49013.80 qps: 980299.84 (r/w/o: 686213.96/196058.19/98027.69) lat (ms,95%): 7.30 err/s: 0.00 reconn/s: 0.00
[ 230s ] thds: 128 tps: 46950.26 qps: 938981.21 (r/w/o: 657282.98/187797.72/93900.51) lat (ms,95%): 7.43 err/s: 0.00 reconn/s: 0.00
[ 240s ] thds: 128 tps: 48235.65 qps: 964718.62 (r/w/o: 675303.71/192944.40/96470.50) lat (ms,95%): 7.30 err/s: 0.00 reconn/s: 0.00
[ 250s ] thds: 128 tps: 46575.20 qps: 931503.93 (r/w/o: 652053.02/186299.81/93151.10) lat (ms,95%): 7.43 err/s: 0.00 reconn/s: 0.00
[ 260s ] thds: 128 tps: 47580.07 qps: 951603.67 (r/w/o: 666120.66/190322.87/95160.14) lat (ms,95%): 7.43 err/s: 0.00 reconn/s: 0.00
[ 270s ] thds: 128 tps: 45448.11 qps: 908957.52 (r/w/o: 636272.86/181788.54/90896.12) lat (ms,95%): 7.56 err/s: 0.00 reconn/s: 0.00
[ 280s ] thds: 128 tps: 43088.41 qps: 861755.46 (r/w/o: 603224.61/172353.83/86177.02) lat (ms,95%): 7.84 err/s: 0.00 reconn/s: 0.00
[ 290s ] thds: 128 tps: 41466.11 qps: 829322.40 (r/w/o: 580526.54/165863.54/82932.32) lat (ms,95%): 7.84 err/s: 0.00 reconn/s: 0.00
[ 300s ] thds: 128 tps: 47235.66 qps: 944746.56 (r/w/o: 661328.21/188946.93/94471.42) lat (ms,95%): 7.43 err/s: 0.00 reconn/s: 0.00
[ 310s ] thds: 128 tps: 48351.62 qps: 967006.52 (r/w/o: 676899.62/193403.96/96702.93) lat (ms,95%): 7.30 err/s: 0.00 reconn/s: 0.00
[ 320s ] thds: 128 tps: 48064.46 qps: 961301.10 (r/w/o: 672912.47/192259.82/96128.81) lat (ms,95%): 7.30 err/s: 0.00 reconn/s: 0.00
[ 330s ] thds: 128 tps: 46416.75 qps: 928314.43 (r/w/o: 649817.35/185663.49/92833.59) lat (ms,95%): 7.43 err/s: 0.00 reconn/s: 0.00
[ 340s ] thds: 128 tps: 48110.83 qps: 962232.70 (r/w/o: 673567.62/192443.12/96221.96) lat (ms,95%): 7.30 err/s: 0.00 reconn/s: 0.00
[ 350s ] thds: 128 tps: 45855.56 qps: 917100.70 (r/w/o: 641965.74/183423.84/91711.12) lat (ms,95%): 7.43 err/s: 0.00 reconn/s: 0.00
[ 360s ] thds: 128 tps: 47559.39 qps: 951201.06 (r/w/o: 665846.43/190235.75/95118.88) lat (ms,95%): 7.43 err/s: 0.00 reconn/s: 0.00
[ 370s ] thds: 128 tps: 46471.61 qps: 929428.26 (r/w/o: 650598.58/185886.35/92943.33) lat (ms,95%): 7.43 err/s: 0.00 reconn/s: 0.00
[ 380s ] thds: 128 tps: 48712.46 qps: 974241.73 (r/w/o: 681965.59/194851.53/97424.61) lat (ms,95%): 7.17 err/s: 0.00 reconn/s: 0.00
[ 390s ] thds: 128 tps: 46472.94 qps: 929463.06 (r/w/o: 650624.10/185893.07/92945.89) lat (ms,95%): 7.30 err/s: 0.00 reconn/s: 0.00
[ 400s ] thds: 128 tps: 47639.54 qps: 952792.28 (r/w/o: 666956.14/190557.26/95278.88) lat (ms,95%): 7.30 err/s: 0.00 reconn/s: 0.00
[ 410s ] thds: 128 tps: 45193.57 qps: 903859.33 (r/w/o: 632698.50/180773.49/90387.34) lat (ms,95%): 7.56 err/s: 0.00 reconn/s: 0.00
[ 420s ] thds: 128 tps: 44415.94 qps: 888334.72 (r/w/o: 621839.20/177663.34/88832.17) lat (ms,95%): 7.56 err/s: 0.00 reconn/s: 0.00
[ 430s ] thds: 128 tps: 40827.00 qps: 816516.40 (r/w/o: 571555.50/163307.10/81653.80) lat (ms,95%): 7.84 err/s: 0.00 reconn/s: 0.00
[ 440s ] thds: 128 tps: 42921.30 qps: 858446.52 (r/w/o: 600916.54/171687.68/85842.29) lat (ms,95%): 7.70 err/s: 0.00 reconn/s: 0.00
[ 450s ] thds: 128 tps: 45408.87 qps: 908183.17 (r/w/o: 635731.46/181633.37/90818.34) lat (ms,95%): 7.43 err/s: 0.00 reconn/s: 0.00
[ 460s ] thds: 128 tps: 46408.37 qps: 928173.02 (r/w/o: 649719.39/185637.28/92816.34) lat (ms,95%): 7.43 err/s: 0.00 reconn/s: 0.00
[ 470s ] thds: 128 tps: 45292.15 qps: 905835.83 (r/w/o: 634085.45/181165.79/90584.59) lat (ms,95%): 7.43 err/s: 0.00 reconn/s: 0.00
[ 480s ] thds: 128 tps: 46317.13 qps: 926349.20 (r/w/o: 648444.82/185270.22/92634.16) lat (ms,95%): 7.43 err/s: 0.00 reconn/s: 0.00
[ 490s ] thds: 128 tps: 44449.94 qps: 888980.68 (r/w/o: 622283.14/177797.56/88899.98) lat (ms,95%): 7.43 err/s: 0.00 reconn/s: 0.00
[ 500s ] thds: 128 tps: 45810.03 qps: 916224.35 (r/w/o: 641361.85/183242.33/91620.16) lat (ms,95%): 7.43 err/s: 0.00 reconn/s: 0.00
[ 510s ] thds: 128 tps: 41298.05 qps: 825935.34 (r/w/o: 578147.93/165191.51/82595.90) lat (ms,95%): 7.70 err/s: 0.00 reconn/s: 0.00
[ 520s ] thds: 128 tps: 42340.19 qps: 846827.55 (r/w/o: 592787.32/169359.95/84680.27) lat (ms,95%): 7.70 err/s: 0.00 reconn/s: 0.00
[ 530s ] thds: 128 tps: 40877.86 qps: 817532.59 (r/w/o: 572266.81/163510.06/81755.73) lat (ms,95%): 7.84 err/s: 0.00 reconn/s: 0.00
[ 540s ] thds: 128 tps: 45826.71 qps: 916559.15 (r/w/o: 641594.98/183311.15/91653.03) lat (ms,95%): 7.43 err/s: 0.00 reconn/s: 0.00
[ 550s ] thds: 128 tps: 43045.64 qps: 860887.66 (r/w/o: 602617.20/172178.77/86091.69) lat (ms,95%): 7.56 err/s: 0.00 reconn/s: 0.00
[ 560s ] thds: 128 tps: 45583.11 qps: 911697.26 (r/w/o: 638193.98/182337.15/91166.13) lat (ms,95%): 7.43 err/s: 0.00 reconn/s: 0.00
[ 570s ] thds: 128 tps: 41761.53 qps: 835196.91 (r/w/o: 584630.83/167042.72/83523.36) lat (ms,95%): 7.70 err/s: 0.00 reconn/s: 0.00
[ 580s ] thds: 128 tps: 43230.15 qps: 864611.57 (r/w/o: 605232.45/172918.81/86460.31) lat (ms,95%): 7.70 err/s: 0.00 reconn/s: 0.00
[ 590s ] thds: 128 tps: 40318.56 qps: 806333.45 (r/w/o: 564419.81/161277.53/80636.12) lat (ms,95%): 7.84 err/s: 0.00 reconn/s: 0.00
[ 600s ] thds: 128 tps: 44638.86 qps: 892820.57 (r/w/o: 624988.32/178553.63/89278.62) lat (ms,95%): 7.43 err/s: 0.00 reconn/s: 0.00
[ 610s ] thds: 128 tps: 44339.87 qps: 886784.77 (r/w/o: 620747.36/177357.57/88679.84) lat (ms,95%): 7.43 err/s: 0.00 reconn/s: 0.00
[ 620s ] thds: 128 tps: 45120.73 qps: 902440.03 (r/w/o: 631712.87/180486.11/90241.05) lat (ms,95%): 7.43 err/s: 0.00 reconn/s: 0.00
[ 630s ] thds: 128 tps: 43218.63 qps: 864346.24 (r/w/o: 605037.65/172871.03/86437.56) lat (ms,95%): 7.56 err/s: 0.00 reconn/s: 0.00
[ 640s ] thds: 128 tps: 45511.71 qps: 910245.67 (r/w/o: 637172.62/182049.23/91023.82) lat (ms,95%): 7.30 err/s: 0.10 reconn/s: 0.00
[ 650s ] thds: 128 tps: 42907.34 qps: 858134.88 (r/w/o: 600692.24/171627.76/85814.88) lat (ms,95%): 7.56 err/s: 0.00 reconn/s: 0.00
[ 660s ] thds: 128 tps: 44750.34 qps: 895011.72 (r/w/o: 626509.70/179001.44/89500.57) lat (ms,95%): 7.43 err/s: 0.00 reconn/s: 0.00
[ 670s ] thds: 128 tps: 42831.33 qps: 856639.12 (r/w/o: 599646.83/171330.12/85662.16) lat (ms,95%): 7.56 err/s: 0.00 reconn/s: 0.00
[ 680s ] thds: 128 tps: 44146.58 qps: 882930.44 (r/w/o: 618054.08/176582.71/88293.65) lat (ms,95%): 7.43 err/s: 0.00 reconn/s: 0.00
[ 690s ] thds: 128 tps: 43378.05 qps: 867556.92 (r/w/o: 607289.22/173511.50/86756.20) lat (ms,95%): 7.43 err/s: 0.00 reconn/s: 0.00
[ 700s ] thds: 128 tps: 44998.55 qps: 899957.44 (r/w/o: 629968.26/179992.59/89996.59) lat (ms,95%): 7.43 err/s: 0.00 reconn/s: 0.00
[ 710s ] thds: 128 tps: 42458.46 qps: 849164.37 (r/w/o: 594411.62/169835.53/84917.22) lat (ms,95%): 7.56 err/s: 0.00 reconn/s: 0.00
[ 720s ] thds: 128 tps: 41936.94 qps: 838755.71 (r/w/o: 587133.67/167748.26/83873.78) lat (ms,95%): 7.70 err/s: 0.00 reconn/s: 0.00
[ 730s ] thds: 128 tps: 40239.12 qps: 804774.61 (r/w/o: 563340.01/160956.16/80478.43) lat (ms,95%): 7.84 err/s: 0.00 reconn/s: 0.00
[ 740s ] thds: 128 tps: 40385.20 qps: 807733.66 (r/w/o: 565417.57/161545.49/80770.60) lat (ms,95%): 7.84 err/s: 0.00 reconn/s: 0.00
[ 750s ] thds: 128 tps: 40353.28 qps: 807044.76 (r/w/o: 564931.07/161407.33/80706.37) lat (ms,95%): 7.84 err/s: 0.00 reconn/s: 0.00
[ 760s ] thds: 128 tps: 43760.26 qps: 875217.14 (r/w/o: 612651.37/175045.05/87520.72) lat (ms,95%): 7.43 err/s: 0.00 reconn/s: 0.00
[ 770s ] thds: 128 tps: 41179.52 qps: 823579.21 (r/w/o: 576502.91/164717.36/82358.93) lat (ms,95%): 7.70 err/s: 0.00 reconn/s: 0.00
[ 780s ] thds: 128 tps: 42915.16 qps: 858311.06 (r/w/o: 600821.91/171659.43/85829.72) lat (ms,95%): 7.56 err/s: 0.00 reconn/s: 0.00
SQL statistics:
    queries performed:
        read:                            500243576
        write:                           142926727
        other:                           71463375
        total:                           714633678
    transactions:                        35731683 (45803.37 per sec.)
    queries:                             714633678 (916067.50 per sec.)
    ignored errors:                      1      (0.00 per sec.)
    reconnects:                          0      (0.00 per sec.)

General statistics:
    total time:                          780.1093s
    total number of events:              35731683

Latency (ms):
         min:                                    0.73
         avg:                                    2.79
         max:                                  129.77
         95th percentile:                        7.43
         sum:                             99800703.01

Threads fairness:
    events (avg/stddev):           279153.7734/3148.65
    execution time (avg/stddev):   779.6930/0.01

