sysbench 1.0.20-ebf1c90 (using bundled LuaJIT 2.1.0-beta2)

Running the test with following options:
Number of threads: 128
Report intermediate results every 10 second(s)
Initializing random number generator from current time


Initializing worker threads...

Threads started!

[ 10s ] thds: 128 tps: 18195.75 qps: 364034.77 (r/w/o: 254841.74/72789.12/36403.91) lat (ms,95%): 9.56 err/s: 0.00 reconn/s: 0.00
[ 20s ] thds: 128 tps: 30724.32 qps: 614491.87 (r/w/o: 430147.26/122895.97/61448.64) lat (ms,95%): 8.28 err/s: 0.00 reconn/s: 0.00
[ 30s ] thds: 128 tps: 41660.34 qps: 833188.70 (r/w/o: 583227.16/166640.96/83320.58) lat (ms,95%): 7.70 err/s: 0.00 reconn/s: 0.00
[ 40s ] thds: 128 tps: 44882.78 qps: 897702.75 (r/w/o: 628399.29/179537.31/89766.16) lat (ms,95%): 7.70 err/s: 0.10 reconn/s: 0.00
[ 50s ] thds: 128 tps: 44882.68 qps: 897617.67 (r/w/o: 628326.50/179526.31/89764.86) lat (ms,95%): 7.70 err/s: 0.00 reconn/s: 0.00
[ 60s ] thds: 128 tps: 44155.91 qps: 883111.09 (r/w/o: 618179.70/176619.26/88312.13) lat (ms,95%): 7.70 err/s: 0.00 reconn/s: 0.00
[ 70s ] thds: 128 tps: 46707.60 qps: 934158.98 (r/w/o: 653908.18/186835.80/93415.00) lat (ms,95%): 7.56 err/s: 0.00 reconn/s: 0.00
[ 80s ] thds: 128 tps: 44290.37 qps: 885807.26 (r/w/o: 620066.75/177159.37/88581.14) lat (ms,95%): 7.70 err/s: 0.00 reconn/s: 0.00
[ 90s ] thds: 128 tps: 44310.38 qps: 886205.96 (r/w/o: 620342.86/177242.33/88620.77) lat (ms,95%): 7.70 err/s: 0.00 reconn/s: 0.00
[ 100s ] thds: 128 tps: 43704.02 qps: 874155.31 (r/w/o: 611904.09/174844.08/87407.14) lat (ms,95%): 7.70 err/s: 0.00 reconn/s: 0.00
[ 110s ] thds: 128 tps: 44779.47 qps: 895507.77 (r/w/o: 626858.53/179089.49/89559.75) lat (ms,95%): 7.70 err/s: 0.00 reconn/s: 0.00
[ 120s ] thds: 128 tps: 43957.46 qps: 879172.38 (r/w/o: 615428.12/175829.44/87914.82) lat (ms,95%): 7.70 err/s: 0.00 reconn/s: 0.00
[ 130s ] thds: 128 tps: 44762.49 qps: 895214.99 (r/w/o: 626641.75/179048.56/89524.68) lat (ms,95%): 7.70 err/s: 0.00 reconn/s: 0.00
[ 140s ] thds: 128 tps: 43885.92 qps: 877759.63 (r/w/o: 614442.70/175544.68/87772.24) lat (ms,95%): 7.70 err/s: 0.00 reconn/s: 0.00
[ 150s ] thds: 128 tps: 43671.26 qps: 873395.59 (r/w/o: 611367.54/174685.64/87342.42) lat (ms,95%): 7.70 err/s: 0.00 reconn/s: 0.00
[ 160s ] thds: 128 tps: 42309.40 qps: 846216.61 (r/w/o: 592359.40/169238.10/84619.10) lat (ms,95%): 7.84 err/s: 0.00 reconn/s: 0.00
[ 170s ] thds: 128 tps: 38121.15 qps: 762422.35 (r/w/o: 533691.67/152490.39/76240.30) lat (ms,95%): 8.28 err/s: 0.00 reconn/s: 0.00
[ 180s ] thds: 128 tps: 37612.87 qps: 752255.89 (r/w/o: 526583.15/150445.30/75227.45) lat (ms,95%): 8.28 err/s: 0.00 reconn/s: 0.00
[ 190s ] thds: 128 tps: 42855.64 qps: 857082.15 (r/w/o: 599945.60/171425.97/85710.59) lat (ms,95%): 7.84 err/s: 0.00 reconn/s: 0.00
[ 200s ] thds: 128 tps: 42035.57 qps: 840732.54 (r/w/o: 588524.14/168136.57/84071.83) lat (ms,95%): 7.84 err/s: 0.00 reconn/s: 0.00
[ 210s ] thds: 128 tps: 42405.02 qps: 848092.07 (r/w/o: 593655.43/169626.49/84810.15) lat (ms,95%): 7.84 err/s: 0.00 reconn/s: 0.00
[ 220s ] thds: 128 tps: 41435.51 qps: 828778.46 (r/w/o: 580154.78/165752.45/82871.23) lat (ms,95%): 7.84 err/s: 0.00 reconn/s: 0.00
[ 230s ] thds: 128 tps: 41475.57 qps: 829430.59 (r/w/o: 580593.37/165886.58/82950.64) lat (ms,95%): 7.84 err/s: 0.00 reconn/s: 0.00
[ 240s ] thds: 128 tps: 41357.26 qps: 827182.91 (r/w/o: 579035.08/165432.92/82714.91) lat (ms,95%): 7.84 err/s: 0.00 reconn/s: 0.00
[ 250s ] thds: 128 tps: 41498.48 qps: 829920.10 (r/w/o: 580935.85/165987.80/82996.45) lat (ms,95%): 7.84 err/s: 0.00 reconn/s: 0.00
[ 260s ] thds: 128 tps: 40975.17 qps: 819548.66 (r/w/o: 573693.72/163904.29/81950.65) lat (ms,95%): 7.84 err/s: 0.00 reconn/s: 0.00
[ 270s ] thds: 128 tps: 41242.14 qps: 824814.81 (r/w/o: 577363.17/164967.56/82484.08) lat (ms,95%): 7.84 err/s: 0.00 reconn/s: 0.00
[ 280s ] thds: 128 tps: 40271.58 qps: 805459.52 (r/w/o: 563827.83/161088.52/80543.16) lat (ms,95%): 7.98 err/s: 0.00 reconn/s: 0.00
[ 290s ] thds: 128 tps: 41257.30 qps: 825119.62 (r/w/o: 577578.14/165026.28/82515.19) lat (ms,95%): 7.84 err/s: 0.00 reconn/s: 0.00
[ 300s ] thds: 128 tps: 40506.83 qps: 810168.54 (r/w/o: 567123.98/162031.31/81013.25) lat (ms,95%): 7.84 err/s: 0.00 reconn/s: 0.00
[ 310s ] thds: 128 tps: 41010.97 qps: 820195.47 (r/w/o: 574131.03/164041.99/82022.45) lat (ms,95%): 7.84 err/s: 0.00 reconn/s: 0.00
[ 320s ] thds: 128 tps: 39740.83 qps: 794847.03 (r/w/o: 556397.94/158967.73/79481.36) lat (ms,95%): 7.98 err/s: 0.00 reconn/s: 0.00
[ 330s ] thds: 128 tps: 37293.17 qps: 745820.99 (r/w/o: 522069.94/149165.00/74586.05) lat (ms,95%): 8.28 err/s: 0.00 reconn/s: 0.00
[ 340s ] thds: 128 tps: 35678.35 qps: 713582.34 (r/w/o: 499510.53/142714.71/71357.10) lat (ms,95%): 8.43 err/s: 0.00 reconn/s: 0.00
[ 350s ] thds: 128 tps: 37841.19 qps: 756823.05 (r/w/o: 529768.93/151371.85/75682.28) lat (ms,95%): 8.13 err/s: 0.00 reconn/s: 0.00
[ 360s ] thds: 128 tps: 40042.54 qps: 800854.81 (r/w/o: 560607.67/160161.96/80085.18) lat (ms,95%): 7.98 err/s: 0.00 reconn/s: 0.00
[ 370s ] thds: 128 tps: 41845.05 qps: 836889.88 (r/w/o: 585817.49/167382.70/83689.70) lat (ms,95%): 7.84 err/s: 0.00 reconn/s: 0.00
[ 380s ] thds: 128 tps: 39744.04 qps: 794893.12 (r/w/o: 556429.58/158974.86/79488.68) lat (ms,95%): 7.98 err/s: 0.00 reconn/s: 0.00
[ 390s ] thds: 128 tps: 40557.65 qps: 811123.51 (r/w/o: 567776.74/162232.08/81114.69) lat (ms,95%): 7.98 err/s: 0.00 reconn/s: 0.00
[ 400s ] thds: 128 tps: 40638.31 qps: 812821.50 (r/w/o: 568991.84/162552.54/81277.12) lat (ms,95%): 7.98 err/s: 0.00 reconn/s: 0.00
[ 410s ] thds: 128 tps: 40672.26 qps: 813403.76 (r/w/o: 569366.88/162692.55/81344.33) lat (ms,95%): 7.98 err/s: 0.00 reconn/s: 0.00
[ 420s ] thds: 128 tps: 40358.04 qps: 807176.23 (r/w/o: 565031.18/161428.87/80716.18) lat (ms,95%): 7.98 err/s: 0.00 reconn/s: 0.00
[ 430s ] thds: 128 tps: 40585.42 qps: 811686.22 (r/w/o: 568174.99/162340.58/81170.64) lat (ms,95%): 7.98 err/s: 0.00 reconn/s: 0.00
[ 440s ] thds: 128 tps: 40138.05 qps: 802787.29 (r/w/o: 561957.96/160553.22/80276.11) lat (ms,95%): 7.98 err/s: 0.00 reconn/s: 0.00
[ 450s ] thds: 128 tps: 40312.56 qps: 806218.67 (r/w/o: 564341.39/161252.85/80624.43) lat (ms,95%): 7.98 err/s: 0.00 reconn/s: 0.00
[ 460s ] thds: 128 tps: 40146.52 qps: 802968.48 (r/w/o: 562092.27/160581.98/80294.24) lat (ms,95%): 7.98 err/s: 0.00 reconn/s: 0.00
[ 470s ] thds: 128 tps: 40642.97 qps: 812840.67 (r/w/o: 568979.66/162575.97/81285.04) lat (ms,95%): 7.84 err/s: 0.00 reconn/s: 0.00
[ 480s ] thds: 128 tps: 40168.00 qps: 803364.74 (r/w/o: 562360.73/160667.51/80336.50) lat (ms,95%): 7.98 err/s: 0.00 reconn/s: 0.00
[ 490s ] thds: 128 tps: 38769.37 qps: 775359.68 (r/w/o: 542744.87/155075.98/77538.84) lat (ms,95%): 8.13 err/s: 0.00 reconn/s: 0.00
[ 500s ] thds: 128 tps: 36287.52 qps: 725793.35 (r/w/o: 508065.64/145152.67/72575.03) lat (ms,95%): 8.28 err/s: 0.00 reconn/s: 0.00
[ 510s ] thds: 128 tps: 37145.21 qps: 742875.16 (r/w/o: 520005.32/148579.33/74290.52) lat (ms,95%): 8.28 err/s: 0.00 reconn/s: 0.00
[ 520s ] thds: 128 tps: 37768.67 qps: 755392.45 (r/w/o: 528779.15/151076.37/75536.94) lat (ms,95%): 8.13 err/s: 0.00 reconn/s: 0.00
[ 530s ] thds: 128 tps: 39691.38 qps: 793798.40 (r/w/o: 555650.19/158765.34/79382.87) lat (ms,95%): 7.98 err/s: 0.00 reconn/s: 0.00
[ 540s ] thds: 128 tps: 39520.47 qps: 790463.21 (r/w/o: 553335.79/158085.98/79041.44) lat (ms,95%): 7.98 err/s: 0.00 reconn/s: 0.00
[ 550s ] thds: 128 tps: 39223.92 qps: 784431.85 (r/w/o: 549095.62/156888.59/78447.65) lat (ms,95%): 7.98 err/s: 0.00 reconn/s: 0.00
[ 560s ] thds: 128 tps: 39494.82 qps: 789920.25 (r/w/o: 552948.01/157982.79/78989.44) lat (ms,95%): 7.98 err/s: 0.00 reconn/s: 0.00
[ 570s ] thds: 128 tps: 39654.50 qps: 793043.03 (r/w/o: 555118.12/158616.11/79308.80) lat (ms,95%): 7.98 err/s: 0.00 reconn/s: 0.00
[ 580s ] thds: 128 tps: 38697.92 qps: 774004.63 (r/w/o: 541812.73/154796.27/77395.63) lat (ms,95%): 7.98 err/s: 0.00 reconn/s: 0.00
[ 590s ] thds: 128 tps: 37282.62 qps: 745631.26 (r/w/o: 521934.72/149131.09/74565.45) lat (ms,95%): 8.13 err/s: 0.00 reconn/s: 0.00
[ 600s ] thds: 128 tps: 35809.81 qps: 716211.83 (r/w/o: 501356.66/143235.15/71620.02) lat (ms,95%): 8.43 err/s: 0.00 reconn/s: 0.00
[ 610s ] thds: 128 tps: 36006.23 qps: 720116.43 (r/w/o: 504078.77/144025.61/72012.05) lat (ms,95%): 8.43 err/s: 0.00 reconn/s: 0.00
[ 620s ] thds: 128 tps: 38573.69 qps: 771497.39 (r/w/o: 540053.22/154296.58/77147.59) lat (ms,95%): 8.13 err/s: 0.00 reconn/s: 0.00
[ 630s ] thds: 128 tps: 39651.54 qps: 792991.56 (r/w/o: 555086.53/158602.15/79302.88) lat (ms,95%): 7.98 err/s: 0.00 reconn/s: 0.00
[ 640s ] thds: 128 tps: 38751.61 qps: 775059.91 (r/w/o: 542545.35/155010.94/77503.62) lat (ms,95%): 7.98 err/s: 0.00 reconn/s: 0.00
[ 650s ] thds: 128 tps: 40573.80 qps: 811467.83 (r/w/o: 568026.92/162293.51/81147.40) lat (ms,95%): 7.84 err/s: 0.00 reconn/s: 0.00
[ 660s ] thds: 128 tps: 37143.78 qps: 742874.94 (r/w/o: 520013.98/148573.31/74287.65) lat (ms,95%): 8.13 err/s: 0.00 reconn/s: 0.00
[ 670s ] thds: 128 tps: 38975.34 qps: 779479.75 (r/w/o: 545626.59/155902.87/77950.28) lat (ms,95%): 8.13 err/s: 0.00 reconn/s: 0.00
[ 680s ] thds: 128 tps: 35064.56 qps: 701324.23 (r/w/o: 490938.96/140255.85/70129.42) lat (ms,95%): 8.43 err/s: 0.00 reconn/s: 0.00
[ 690s ] thds: 128 tps: 35630.15 qps: 712592.93 (r/w/o: 498808.85/142523.99/71260.09) lat (ms,95%): 8.43 err/s: 0.00 reconn/s: 0.00
[ 700s ] thds: 128 tps: 38221.82 qps: 764435.26 (r/w/o: 535107.02/152884.19/76444.05) lat (ms,95%): 8.13 err/s: 0.00 reconn/s: 0.00
[ 710s ] thds: 128 tps: 38599.21 qps: 771973.49 (r/w/o: 540376.64/154398.74/77198.12) lat (ms,95%): 7.98 err/s: 0.00 reconn/s: 0.00
[ 720s ] thds: 128 tps: 38266.29 qps: 765370.47 (r/w/o: 535765.04/153072.35/76533.08) lat (ms,95%): 8.13 err/s: 0.00 reconn/s: 0.00
[ 730s ] thds: 128 tps: 39872.75 qps: 797399.18 (r/w/o: 558172.59/159481.90/79744.70) lat (ms,95%): 7.98 err/s: 0.00 reconn/s: 0.00
[ 740s ] thds: 128 tps: 37853.31 qps: 757097.33 (r/w/o: 529977.09/151413.03/75707.21) lat (ms,95%): 8.13 err/s: 0.00 reconn/s: 0.00
[ 750s ] thds: 128 tps: 38045.56 qps: 760906.63 (r/w/o: 532629.56/152186.35/76090.72) lat (ms,95%): 8.13 err/s: 0.00 reconn/s: 0.00
[ 760s ] thds: 128 tps: 38230.12 qps: 764603.46 (r/w/o: 535226.52/152916.09/76460.85) lat (ms,95%): 7.98 err/s: 0.00 reconn/s: 0.00
[ 770s ] thds: 128 tps: 38548.52 qps: 770941.95 (r/w/o: 539650.42/154194.89/77096.65) lat (ms,95%): 7.98 err/s: 0.00 reconn/s: 0.00
[ 780s ] thds: 128 tps: 37854.89 qps: 757114.44 (r/w/o: 529987.62/151420.55/75706.27) lat (ms,95%): 8.13 err/s: 0.00 reconn/s: 0.00
SQL statistics:
    queries performed:
        read:                            434359436
        write:                           124102689
        other:                           62051353
        total:                           620513478
    transactions:                        31025673 (39770.34 per sec.)
    queries:                             620513478 (795406.74 per sec.)
    ignored errors:                      1      (0.00 per sec.)
    reconnects:                          0      (0.00 per sec.)

General statistics:
    total time:                          780.1200s
    total number of events:              31025673

Latency (ms):
         min:                                    0.78
         avg:                                    3.22
         max:                                  147.55
         95th percentile:                        7.98
         sum:                             99805531.19

Threads fairness:
    events (avg/stddev):           242388.0703/2473.98
    execution time (avg/stddev):   779.7307/0.01

