sysbench 1.0.20-ebf1c90 (using bundled LuaJIT 2.1.0-beta2)

Running the test with following options:
Number of threads: 64
Report intermediate results every 10 second(s)
Initializing random number generator from current time


Initializing worker threads...

Threads started!

[ 10s ] thds: 64 tps: 5770.95 qps: 115487.64 (r/w/o: 80852.73/23086.91/11548.00) lat (ms,95%): 15.83 err/s: 0.00 reconn/s: 0.00
[ 20s ] thds: 64 tps: 5276.81 qps: 105535.04 (r/w/o: 73872.86/21108.55/10553.62) lat (ms,95%): 16.12 err/s: 0.00 reconn/s: 0.00
[ 30s ] thds: 64 tps: 5744.31 qps: 114884.21 (r/w/o: 80419.48/22976.12/11488.61) lat (ms,95%): 15.55 err/s: 0.00 reconn/s: 0.00
[ 40s ] thds: 64 tps: 5448.00 qps: 108962.16 (r/w/o: 76274.47/21791.69/10896.00) lat (ms,95%): 15.83 err/s: 0.00 reconn/s: 0.00
[ 50s ] thds: 64 tps: 5814.90 qps: 116284.00 (r/w/o: 81396.60/23257.40/11630.00) lat (ms,95%): 15.55 err/s: 0.00 reconn/s: 0.00
[ 60s ] thds: 64 tps: 5400.60 qps: 108018.38 (r/w/o: 75612.78/21604.40/10801.20) lat (ms,95%): 15.83 err/s: 0.00 reconn/s: 0.00
[ 70s ] thds: 64 tps: 5859.30 qps: 117186.84 (r/w/o: 82031.16/23437.19/11718.49) lat (ms,95%): 15.55 err/s: 0.00 reconn/s: 0.00
[ 80s ] thds: 64 tps: 5600.00 qps: 111996.39 (r/w/o: 78395.19/22401.40/11199.80) lat (ms,95%): 15.55 err/s: 0.00 reconn/s: 0.00
[ 90s ] thds: 64 tps: 5882.70 qps: 117658.52 (r/w/o: 82363.44/23529.58/11765.49) lat (ms,95%): 15.55 err/s: 0.00 reconn/s: 0.00
[ 100s ] thds: 64 tps: 5586.80 qps: 111732.67 (r/w/o: 78211.55/22347.51/11173.61) lat (ms,95%): 15.55 err/s: 0.00 reconn/s: 0.00
[ 110s ] thds: 64 tps: 5823.30 qps: 116464.41 (r/w/o: 81525.41/23292.40/11646.60) lat (ms,95%): 15.55 err/s: 0.00 reconn/s: 0.00
[ 120s ] thds: 64 tps: 5192.50 qps: 103854.68 (r/w/o: 72699.85/20769.72/10385.11) lat (ms,95%): 16.41 err/s: 0.00 reconn/s: 0.00
[ 130s ] thds: 64 tps: 5885.80 qps: 117718.51 (r/w/o: 82401.94/23545.08/11771.49) lat (ms,95%): 15.55 err/s: 0.00 reconn/s: 0.00
[ 140s ] thds: 64 tps: 5568.30 qps: 111360.96 (r/w/o: 77953.47/22270.99/11136.50) lat (ms,95%): 15.55 err/s: 0.00 reconn/s: 0.00
[ 150s ] thds: 64 tps: 5737.20 qps: 114741.40 (r/w/o: 80317.60/22949.10/11474.70) lat (ms,95%): 15.55 err/s: 0.00 reconn/s: 0.00
[ 160s ] thds: 64 tps: 5596.51 qps: 111944.67 (r/w/o: 78364.52/22387.03/11193.12) lat (ms,95%): 15.55 err/s: 0.00 reconn/s: 0.00
[ 170s ] thds: 64 tps: 5951.00 qps: 119005.23 (r/w/o: 83300.35/23803.49/11901.39) lat (ms,95%): 15.27 err/s: 0.00 reconn/s: 0.00
[ 180s ] thds: 64 tps: 5605.70 qps: 112122.93 (r/w/o: 78487.75/22423.39/11211.79) lat (ms,95%): 15.27 err/s: 0.00 reconn/s: 0.00
[ 190s ] thds: 64 tps: 5971.20 qps: 119425.68 (r/w/o: 83598.15/23884.92/11942.61) lat (ms,95%): 15.27 err/s: 0.00 reconn/s: 0.00
[ 200s ] thds: 64 tps: 5549.49 qps: 110983.89 (r/w/o: 77688.22/22196.88/11098.79) lat (ms,95%): 15.55 err/s: 0.00 reconn/s: 0.00
[ 210s ] thds: 64 tps: 5933.91 qps: 118681.40 (r/w/o: 83078.57/23735.12/11867.71) lat (ms,95%): 15.27 err/s: 0.00 reconn/s: 0.00
[ 220s ] thds: 64 tps: 5648.99 qps: 112973.87 (r/w/o: 79079.11/22596.47/11298.29) lat (ms,95%): 15.55 err/s: 0.00 reconn/s: 0.00
[ 230s ] thds: 64 tps: 5814.50 qps: 116289.13 (r/w/o: 81402.32/23258.11/11628.70) lat (ms,95%): 15.55 err/s: 0.00 reconn/s: 0.00
[ 240s ] thds: 64 tps: 5637.40 qps: 112752.61 (r/w/o: 78927.30/22550.60/11274.70) lat (ms,95%): 15.55 err/s: 0.00 reconn/s: 0.00
[ 250s ] thds: 64 tps: 5947.00 qps: 118945.22 (r/w/o: 83262.52/23788.50/11894.20) lat (ms,95%): 15.27 err/s: 0.00 reconn/s: 0.00
[ 260s ] thds: 64 tps: 5698.10 qps: 113950.71 (r/w/o: 79762.41/22792.60/11395.70) lat (ms,95%): 15.27 err/s: 0.00 reconn/s: 0.00
[ 270s ] thds: 64 tps: 5872.00 qps: 117447.24 (r/w/o: 82215.43/23487.41/11744.40) lat (ms,95%): 15.27 err/s: 0.00 reconn/s: 0.00
[ 280s ] thds: 64 tps: 5725.20 qps: 114510.74 (r/w/o: 80159.76/22900.49/11450.49) lat (ms,95%): 15.27 err/s: 0.00 reconn/s: 0.00
[ 290s ] thds: 64 tps: 6025.90 qps: 120513.05 (r/w/o: 84356.44/24104.81/12051.81) lat (ms,95%): 15.27 err/s: 0.00 reconn/s: 0.00
[ 300s ] thds: 64 tps: 5620.90 qps: 112417.03 (r/w/o: 78692.55/22482.79/11241.69) lat (ms,95%): 15.55 err/s: 0.00 reconn/s: 0.00
[ 310s ] thds: 64 tps: 5985.30 qps: 119708.09 (r/w/o: 83795.57/23941.82/11970.71) lat (ms,95%): 15.27 err/s: 0.00 reconn/s: 0.00
[ 320s ] thds: 64 tps: 5663.80 qps: 113273.94 (r/w/o: 79291.73/22654.41/11327.80) lat (ms,95%): 15.55 err/s: 0.00 reconn/s: 0.00
[ 330s ] thds: 64 tps: 5978.30 qps: 119569.72 (r/w/o: 83700.11/23913.30/11956.30) lat (ms,95%): 15.27 err/s: 0.00 reconn/s: 0.00
[ 340s ] thds: 64 tps: 5650.60 qps: 112998.04 (r/w/o: 79095.96/22601.09/11300.99) lat (ms,95%): 15.55 err/s: 0.00 reconn/s: 0.00
[ 350s ] thds: 64 tps: 6013.00 qps: 120266.34 (r/w/o: 84188.66/24051.49/12026.19) lat (ms,95%): 15.27 err/s: 0.00 reconn/s: 0.00
[ 360s ] thds: 64 tps: 5710.30 qps: 114213.00 (r/w/o: 79948.50/22843.70/11420.80) lat (ms,95%): 15.27 err/s: 0.00 reconn/s: 0.00
[ 370s ] thds: 64 tps: 5934.30 qps: 118678.44 (r/w/o: 83075.33/23734.91/11868.20) lat (ms,95%): 15.27 err/s: 0.00 reconn/s: 0.00
[ 380s ] thds: 64 tps: 5776.80 qps: 115535.12 (r/w/o: 80873.02/23108.10/11554.00) lat (ms,95%): 15.27 err/s: 0.00 reconn/s: 0.00
SQL statistics:
    queries performed:
        read:                            30507204
        write:                           8716344
        other:                           4358172
        total:                           43581720
    transactions:                        2179086 (5733.91 per sec.)
    queries:                             43581720 (114678.19 per sec.)
    ignored errors:                      0      (0.00 per sec.)
    reconnects:                          0      (0.00 per sec.)

General statistics:
    total time:                          380.0340s
    total number of events:              2179086

Latency (ms):
         min:                                    4.59
         avg:                                   11.16
         max:                                  158.70
         95th percentile:                       15.55
         sum:                             24318894.29

Threads fairness:
    events (avg/stddev):           34048.2188/795.15
    execution time (avg/stddev):   379.9827/0.00

