sysbench 1.0.20-ebf1c90 (using bundled LuaJIT 2.1.0-beta2)

Running the test with following options:
Number of threads: 32
Report intermediate results every 10 second(s)
Initializing random number generator from current time


Initializing worker threads...

Threads started!

[ 10s ] thds: 32 tps: 2210.93 qps: 44247.69 (r/w/o: 30977.91/8844.72/4425.06) lat (ms,95%): 18.61 err/s: 0.00 reconn/s: 0.00
[ 20s ] thds: 32 tps: 2324.81 qps: 46498.37 (r/w/o: 32549.22/9299.93/4649.22) lat (ms,95%): 17.95 err/s: 0.00 reconn/s: 0.00
[ 30s ] thds: 32 tps: 2319.18 qps: 46379.17 (r/w/o: 32464.20/9276.51/4638.46) lat (ms,95%): 17.63 err/s: 0.00 reconn/s: 0.00
[ 40s ] thds: 32 tps: 2414.98 qps: 48298.64 (r/w/o: 33809.54/9659.13/4829.96) lat (ms,95%): 17.63 err/s: 0.00 reconn/s: 0.00
[ 50s ] thds: 32 tps: 2457.74 qps: 49167.11 (r/w/o: 34418.67/9832.66/4915.78) lat (ms,95%): 17.32 err/s: 0.00 reconn/s: 0.00
[ 60s ] thds: 32 tps: 2466.50 qps: 49325.61 (r/w/o: 34527.41/9865.20/4933.00) lat (ms,95%): 17.01 err/s: 0.00 reconn/s: 0.00
[ 70s ] thds: 32 tps: 2438.50 qps: 48766.08 (r/w/o: 34135.48/9753.70/4876.90) lat (ms,95%): 17.01 err/s: 0.00 reconn/s: 0.00
[ 80s ] thds: 32 tps: 2463.90 qps: 49282.68 (r/w/o: 34499.08/9855.90/4927.70) lat (ms,95%): 17.01 err/s: 0.00 reconn/s: 0.00
[ 90s ] thds: 32 tps: 2496.00 qps: 49911.44 (r/w/o: 34936.73/9982.81/4991.90) lat (ms,95%): 17.01 err/s: 0.00 reconn/s: 0.00
[ 100s ] thds: 32 tps: 2504.40 qps: 50095.41 (r/w/o: 35067.70/10018.70/5009.00) lat (ms,95%): 16.71 err/s: 0.00 reconn/s: 0.00
[ 110s ] thds: 32 tps: 2485.95 qps: 49712.13 (r/w/o: 34797.32/9942.91/4971.90) lat (ms,95%): 17.01 err/s: 0.00 reconn/s: 0.00
[ 120s ] thds: 32 tps: 2586.75 qps: 51736.45 (r/w/o: 36215.34/10347.61/5173.51) lat (ms,95%): 16.71 err/s: 0.00 reconn/s: 0.00
[ 130s ] thds: 32 tps: 2478.60 qps: 49575.25 (r/w/o: 34703.76/9914.49/4956.99) lat (ms,95%): 17.32 err/s: 0.00 reconn/s: 0.00
[ 140s ] thds: 32 tps: 2587.30 qps: 51750.21 (r/w/o: 36225.51/10349.90/5174.80) lat (ms,95%): 16.71 err/s: 0.00 reconn/s: 0.00
[ 150s ] thds: 32 tps: 2481.10 qps: 49619.65 (r/w/o: 34733.97/9923.39/4962.30) lat (ms,95%): 17.32 err/s: 0.00 reconn/s: 0.00
[ 160s ] thds: 32 tps: 2549.60 qps: 50992.47 (r/w/o: 35694.48/10198.79/5099.20) lat (ms,95%): 17.01 err/s: 0.00 reconn/s: 0.00
[ 170s ] thds: 32 tps: 2509.30 qps: 50182.43 (r/w/o: 35127.12/10036.91/5018.40) lat (ms,95%): 17.01 err/s: 0.00 reconn/s: 0.00
[ 180s ] thds: 32 tps: 2631.98 qps: 52639.11 (r/w/o: 36847.36/10527.70/5264.05) lat (ms,95%): 16.41 err/s: 0.00 reconn/s: 0.00
[ 190s ] thds: 32 tps: 2614.17 qps: 52279.17 (r/w/o: 36594.23/10456.69/5228.25) lat (ms,95%): 16.41 err/s: 0.00 reconn/s: 0.00
[ 200s ] thds: 32 tps: 2695.09 qps: 53908.15 (r/w/o: 37736.92/10780.95/5390.27) lat (ms,95%): 16.41 err/s: 0.00 reconn/s: 0.00
[ 210s ] thds: 32 tps: 2648.05 qps: 52959.07 (r/w/o: 37071.05/10592.01/5296.01) lat (ms,95%): 16.41 err/s: 0.00 reconn/s: 0.00
[ 220s ] thds: 32 tps: 2647.21 qps: 52944.03 (r/w/o: 37060.16/10589.35/5294.52) lat (ms,95%): 16.41 err/s: 0.00 reconn/s: 0.00
[ 230s ] thds: 32 tps: 2558.70 qps: 51164.21 (r/w/o: 35813.61/10233.50/5117.10) lat (ms,95%): 16.41 err/s: 0.00 reconn/s: 0.00
[ 240s ] thds: 32 tps: 2657.38 qps: 53159.92 (r/w/o: 37214.17/10630.80/5314.95) lat (ms,95%): 16.12 err/s: 0.00 reconn/s: 0.00
[ 250s ] thds: 32 tps: 2598.62 qps: 51974.58 (r/w/o: 36383.33/10394.00/5197.25) lat (ms,95%): 16.41 err/s: 0.00 reconn/s: 0.00
[ 260s ] thds: 32 tps: 2650.00 qps: 52995.58 (r/w/o: 37095.19/10600.20/5300.20) lat (ms,95%): 16.12 err/s: 0.00 reconn/s: 0.00
[ 270s ] thds: 32 tps: 2518.60 qps: 50374.97 (r/w/o: 35262.78/10075.29/5036.90) lat (ms,95%): 16.71 err/s: 0.00 reconn/s: 0.00
[ 280s ] thds: 32 tps: 2611.00 qps: 52216.46 (r/w/o: 36551.07/10443.29/5222.10) lat (ms,95%): 16.71 err/s: 0.00 reconn/s: 0.00
[ 290s ] thds: 32 tps: 2633.20 qps: 52668.67 (r/w/o: 36868.45/10533.81/5266.41) lat (ms,95%): 16.12 err/s: 0.00 reconn/s: 0.00
[ 300s ] thds: 32 tps: 2650.77 qps: 53012.81 (r/w/o: 37109.82/10601.46/5301.53) lat (ms,95%): 16.12 err/s: 0.00 reconn/s: 0.00
[ 310s ] thds: 32 tps: 2592.81 qps: 51854.67 (r/w/o: 36297.89/10371.05/5185.73) lat (ms,95%): 16.41 err/s: 0.00 reconn/s: 0.00
[ 320s ] thds: 32 tps: 2633.92 qps: 52680.24 (r/w/o: 36875.21/10537.19/5267.84) lat (ms,95%): 16.41 err/s: 0.00 reconn/s: 0.00
[ 330s ] thds: 32 tps: 2647.30 qps: 52948.05 (r/w/o: 37064.47/10588.99/5294.60) lat (ms,95%): 16.12 err/s: 0.00 reconn/s: 0.00
[ 340s ] thds: 32 tps: 2724.58 qps: 54488.75 (r/w/o: 38141.65/10897.83/5449.26) lat (ms,95%): 15.83 err/s: 0.00 reconn/s: 0.00
[ 350s ] thds: 32 tps: 2576.19 qps: 51527.09 (r/w/o: 36069.82/10305.08/5152.19) lat (ms,95%): 16.41 err/s: 0.00 reconn/s: 0.00
[ 360s ] thds: 32 tps: 2668.20 qps: 53359.93 (r/w/o: 37352.05/10671.49/5336.39) lat (ms,95%): 16.41 err/s: 0.00 reconn/s: 0.00
[ 370s ] thds: 32 tps: 2667.30 qps: 53343.11 (r/w/o: 37339.44/10669.08/5334.59) lat (ms,95%): 16.41 err/s: 0.00 reconn/s: 0.00
[ 380s ] thds: 32 tps: 2746.93 qps: 54948.20 (r/w/o: 38464.99/10989.24/5493.97) lat (ms,95%): 16.12 err/s: 0.00 reconn/s: 0.00
SQL statistics:
    queries performed:
        read:                            13601126
        write:                           3886036
        other:                           1943018
        total:                           19430180
    transactions:                        971509 (2556.48 per sec.)
    queries:                             19430180 (51129.57 per sec.)
    ignored errors:                      0      (0.00 per sec.)
    reconnects:                          0      (0.00 per sec.)

General statistics:
    total time:                          380.0175s
    total number of events:              971509

Latency (ms):
         min:                                    4.53
         avg:                                   12.52
         max:                                  234.02
         95th percentile:                       16.71
         sum:                             12159461.33

Threads fairness:
    events (avg/stddev):           30359.6562/2238.76
    execution time (avg/stddev):   379.9832/0.00

