sysbench 1.0.20-ebf1c90 (using bundled LuaJIT 2.1.0-beta2)

Running the test with following options:
Number of threads: 256
Report intermediate results every 10 second(s)
Initializing random number generator from current time


Initializing worker threads...

Threads started!

[ 10s ] thds: 256 tps: 26644.19 qps: 533120.23 (r/w/o: 373212.18/106595.77/53312.28) lat (ms,95%): 13.22 err/s: 0.00 reconn/s: 0.00
[ 20s ] thds: 256 tps: 27301.37 qps: 546054.71 (r/w/o: 382251.62/109199.26/54603.83) lat (ms,95%): 12.98 err/s: 0.00 reconn/s: 0.00
[ 30s ] thds: 256 tps: 27712.11 qps: 554226.00 (r/w/o: 387949.11/110852.86/55424.03) lat (ms,95%): 12.75 err/s: 0.00 reconn/s: 0.00
[ 40s ] thds: 256 tps: 27946.66 qps: 558964.05 (r/w/o: 391283.41/111787.33/55893.31) lat (ms,95%): 12.52 err/s: 0.00 reconn/s: 0.00
[ 50s ] thds: 256 tps: 27899.02 qps: 557973.09 (r/w/o: 390585.45/111589.90/55797.75) lat (ms,95%): 12.52 err/s: 0.00 reconn/s: 0.00
[ 60s ] thds: 256 tps: 28141.70 qps: 562848.81 (r/w/o: 393997.51/112567.40/56283.90) lat (ms,95%): 12.52 err/s: 0.00 reconn/s: 0.00
[ 70s ] thds: 256 tps: 28028.11 qps: 560565.88 (r/w/o: 392391.13/112119.24/56055.52) lat (ms,95%): 12.52 err/s: 0.00 reconn/s: 0.00
[ 80s ] thds: 256 tps: 28145.58 qps: 562919.90 (r/w/o: 394052.69/112575.04/56292.17) lat (ms,95%): 12.30 err/s: 0.00 reconn/s: 0.00
[ 90s ] thds: 256 tps: 28278.85 qps: 565562.54 (r/w/o: 395884.66/113120.69/56557.19) lat (ms,95%): 12.08 err/s: 0.00 reconn/s: 0.00
[ 100s ] thds: 256 tps: 28286.15 qps: 565714.38 (r/w/o: 395999.19/113142.40/56572.80) lat (ms,95%): 12.08 err/s: 0.00 reconn/s: 0.00
[ 110s ] thds: 256 tps: 28161.89 qps: 563264.75 (r/w/o: 394289.83/112651.45/56323.48) lat (ms,95%): 12.08 err/s: 0.00 reconn/s: 0.00
[ 120s ] thds: 256 tps: 28261.32 qps: 565196.11 (r/w/o: 395630.62/113042.66/56522.83) lat (ms,95%): 12.08 err/s: 0.00 reconn/s: 0.00
[ 130s ] thds: 256 tps: 28409.08 qps: 568166.28 (r/w/o: 397710.91/113638.02/56817.36) lat (ms,95%): 11.87 err/s: 0.00 reconn/s: 0.00
[ 140s ] thds: 256 tps: 28394.45 qps: 567988.96 (r/w/o: 397603.78/113595.09/56790.10) lat (ms,95%): 11.87 err/s: 0.00 reconn/s: 0.00
[ 150s ] thds: 256 tps: 28321.46 qps: 566358.42 (r/w/o: 396437.45/113280.04/56640.92) lat (ms,95%): 11.87 err/s: 0.00 reconn/s: 0.00
[ 160s ] thds: 256 tps: 28577.74 qps: 571546.44 (r/w/o: 400101.49/114287.77/57157.18) lat (ms,95%): 11.87 err/s: 0.00 reconn/s: 0.00
[ 170s ] thds: 256 tps: 28653.23 qps: 573087.27 (r/w/o: 401157.27/114623.53/57306.47) lat (ms,95%): 11.65 err/s: 0.10 reconn/s: 0.00
[ 180s ] thds: 256 tps: 28476.11 qps: 569498.84 (r/w/o: 398644.27/113902.15/56952.42) lat (ms,95%): 11.65 err/s: 0.00 reconn/s: 0.00
[ 190s ] thds: 256 tps: 28552.69 qps: 571007.04 (r/w/o: 399702.49/114199.87/57104.68) lat (ms,95%): 11.65 err/s: 0.00 reconn/s: 0.00
[ 200s ] thds: 256 tps: 28398.61 qps: 568063.75 (r/w/o: 397657.00/113608.83/56797.91) lat (ms,95%): 11.87 err/s: 0.00 reconn/s: 0.00
[ 210s ] thds: 256 tps: 28262.39 qps: 565182.83 (r/w/o: 395608.41/113050.15/56524.27) lat (ms,95%): 11.87 err/s: 0.00 reconn/s: 0.00
[ 220s ] thds: 256 tps: 28572.25 qps: 571452.35 (r/w/o: 400024.46/114284.39/57143.49) lat (ms,95%): 11.65 err/s: 0.00 reconn/s: 0.00
[ 230s ] thds: 256 tps: 28317.52 qps: 566346.80 (r/w/o: 396441.48/113269.78/56635.54) lat (ms,95%): 11.87 err/s: 0.00 reconn/s: 0.00
[ 240s ] thds: 256 tps: 28289.54 qps: 565745.29 (r/w/o: 396011.65/113155.06/56578.58) lat (ms,95%): 11.87 err/s: 0.00 reconn/s: 0.00
[ 250s ] thds: 256 tps: 28377.58 qps: 567617.36 (r/w/o: 397341.76/113520.23/56755.37) lat (ms,95%): 11.87 err/s: 0.00 reconn/s: 0.00
[ 260s ] thds: 256 tps: 28192.77 qps: 563968.61 (r/w/o: 394779.08/112802.58/56386.94) lat (ms,95%): 11.87 err/s: 0.00 reconn/s: 0.00
[ 270s ] thds: 256 tps: 28237.07 qps: 564618.67 (r/w/o: 395228.26/112915.67/56474.74) lat (ms,95%): 12.08 err/s: 0.20 reconn/s: 0.00
[ 280s ] thds: 256 tps: 28222.61 qps: 564456.45 (r/w/o: 395127.70/112884.43/56444.31) lat (ms,95%): 11.87 err/s: 0.00 reconn/s: 0.00
[ 290s ] thds: 256 tps: 28336.41 qps: 566715.26 (r/w/o: 396700.48/113341.15/56673.63) lat (ms,95%): 11.87 err/s: 0.00 reconn/s: 0.00
[ 300s ] thds: 256 tps: 28120.73 qps: 562483.69 (r/w/o: 393743.08/112499.14/56241.47) lat (ms,95%): 11.87 err/s: 0.00 reconn/s: 0.00
[ 310s ] thds: 256 tps: 28492.33 qps: 569808.49 (r/w/o: 398866.18/113957.84/56984.47) lat (ms,95%): 11.87 err/s: 0.00 reconn/s: 0.00
[ 320s ] thds: 256 tps: 28133.25 qps: 562634.45 (r/w/o: 393834.86/112533.39/56266.20) lat (ms,95%): 11.87 err/s: 0.00 reconn/s: 0.00
[ 330s ] thds: 256 tps: 28524.52 qps: 570552.91 (r/w/o: 399393.09/114110.28/57049.54) lat (ms,95%): 11.87 err/s: 0.00 reconn/s: 0.00
[ 340s ] thds: 256 tps: 28492.93 qps: 569756.70 (r/w/o: 398814.75/113957.80/56984.15) lat (ms,95%): 11.87 err/s: 0.00 reconn/s: 0.00
[ 350s ] thds: 256 tps: 28218.72 qps: 564485.34 (r/w/o: 395157.04/112890.27/56438.03) lat (ms,95%): 11.87 err/s: 0.00 reconn/s: 0.00
[ 360s ] thds: 256 tps: 28324.10 qps: 566393.07 (r/w/o: 396463.85/113279.91/56649.31) lat (ms,95%): 12.08 err/s: 0.00 reconn/s: 0.00
[ 370s ] thds: 256 tps: 28408.59 qps: 568150.99 (r/w/o: 397705.02/113629.88/56816.09) lat (ms,95%): 11.65 err/s: 0.00 reconn/s: 0.00
[ 380s ] thds: 256 tps: 28426.20 qps: 568556.04 (r/w/o: 397992.76/113711.69/56851.59) lat (ms,95%): 11.87 err/s: 0.00 reconn/s: 0.00
SQL statistics:
    queries performed:
        read:                            150159604
        write:                           42902737
        other:                           21451373
        total:                           214513714
    transactions:                        10725683 (28188.70 per sec.)
    queries:                             214513714 (563774.06 per sec.)
    ignored errors:                      3      (0.01 per sec.)
    reconnects:                          0      (0.00 per sec.)

General statistics:
    total time:                          380.4949s
    total number of events:              10725683

Latency (ms):
         min:                                    4.87
         avg:                                    9.07
         max:                                  526.74
         95th percentile:                       12.08
         sum:                             97289283.61

Threads fairness:
    events (avg/stddev):           41897.1992/886.28
    execution time (avg/stddev):   380.0363/0.07

