sysbench 1.0.20-ebf1c90 (using bundled LuaJIT 2.1.0-beta2)

Running the test with following options:
Number of threads: 256
Report intermediate results every 10 second(s)
Initializing random number generator from current time


Initializing worker threads...

Threads started!

[ 10s ] thds: 256 tps: 17845.84 qps: 357259.22 (r/w/o: 250127.37/71414.57/35717.28) lat (ms,95%): 20.74 err/s: 0.00 reconn/s: 0.00
[ 20s ] thds: 256 tps: 18639.87 qps: 372750.18 (r/w/o: 260921.44/74550.30/37278.45) lat (ms,95%): 19.65 err/s: 0.00 reconn/s: 0.00
[ 30s ] thds: 256 tps: 18722.91 qps: 374506.19 (r/w/o: 262148.54/74910.54/37447.12) lat (ms,95%): 19.29 err/s: 0.00 reconn/s: 0.00
[ 40s ] thds: 256 tps: 19026.04 qps: 380505.69 (r/w/o: 266351.52/76106.38/38047.79) lat (ms,95%): 18.95 err/s: 0.00 reconn/s: 0.00
[ 50s ] thds: 256 tps: 19026.75 qps: 380542.77 (r/w/o: 266390.98/76093.99/38057.80) lat (ms,95%): 18.95 err/s: 0.00 reconn/s: 0.00
[ 60s ] thds: 256 tps: 19097.76 qps: 381885.99 (r/w/o: 267301.90/76388.56/38195.53) lat (ms,95%): 18.95 err/s: 0.00 reconn/s: 0.00
[ 70s ] thds: 256 tps: 19041.85 qps: 380833.79 (r/w/o: 266591.39/76158.70/38083.70) lat (ms,95%): 18.95 err/s: 0.00 reconn/s: 0.00
[ 80s ] thds: 256 tps: 19043.75 qps: 380888.60 (r/w/o: 266618.63/76185.08/38084.89) lat (ms,95%): 18.95 err/s: 0.00 reconn/s: 0.00
[ 90s ] thds: 256 tps: 19008.43 qps: 380170.38 (r/w/o: 266127.37/76024.94/38018.07) lat (ms,95%): 19.29 err/s: 0.00 reconn/s: 0.00
[ 100s ] thds: 256 tps: 18932.82 qps: 378733.16 (r/w/o: 265115.45/75750.57/37867.14) lat (ms,95%): 19.29 err/s: 0.00 reconn/s: 0.00
[ 110s ] thds: 256 tps: 18899.12 qps: 378014.77 (r/w/o: 264610.96/75605.57/37798.24) lat (ms,95%): 19.29 err/s: 0.00 reconn/s: 0.00
[ 120s ] thds: 256 tps: 18993.34 qps: 379727.69 (r/w/o: 265784.76/75956.16/37986.78) lat (ms,95%): 19.29 err/s: 0.00 reconn/s: 0.00
[ 130s ] thds: 256 tps: 18843.95 qps: 376946.75 (r/w/o: 263883.87/75374.99/37687.90) lat (ms,95%): 19.29 err/s: 0.00 reconn/s: 0.00
[ 140s ] thds: 256 tps: 18811.93 qps: 376237.12 (r/w/o: 263354.24/75259.02/37623.86) lat (ms,95%): 19.65 err/s: 0.00 reconn/s: 0.00
[ 150s ] thds: 256 tps: 18706.98 qps: 374211.23 (r/w/o: 261963.37/74834.01/37413.85) lat (ms,95%): 19.65 err/s: 0.00 reconn/s: 0.00
[ 160s ] thds: 256 tps: 18743.66 qps: 374893.92 (r/w/o: 262420.85/74985.64/37487.42) lat (ms,95%): 19.65 err/s: 0.00 reconn/s: 0.00
[ 170s ] thds: 256 tps: 18510.98 qps: 370152.38 (r/w/o: 259123.78/74006.64/37021.97) lat (ms,95%): 20.00 err/s: 0.00 reconn/s: 0.00
[ 180s ] thds: 256 tps: 18669.21 qps: 373284.19 (r/w/o: 261263.00/74682.96/37338.23) lat (ms,95%): 20.00 err/s: 0.00 reconn/s: 0.00
[ 190s ] thds: 256 tps: 18557.35 qps: 371295.21 (r/w/o: 259942.41/74237.90/37114.90) lat (ms,95%): 20.00 err/s: 0.00 reconn/s: 0.00
[ 200s ] thds: 256 tps: 18406.40 qps: 368071.40 (r/w/o: 257647.67/73611.02/36812.71) lat (ms,95%): 20.37 err/s: 0.00 reconn/s: 0.00
[ 210s ] thds: 256 tps: 18674.52 qps: 373477.89 (r/w/o: 261429.35/74703.10/37345.45) lat (ms,95%): 20.00 err/s: 0.00 reconn/s: 0.00
[ 220s ] thds: 256 tps: 18590.93 qps: 371731.10 (r/w/o: 260193.79/74354.64/37182.67) lat (ms,95%): 20.00 err/s: 0.00 reconn/s: 0.00
[ 230s ] thds: 256 tps: 18589.96 qps: 371844.17 (r/w/o: 260300.89/74360.66/37182.63) lat (ms,95%): 20.00 err/s: 0.00 reconn/s: 0.00
[ 240s ] thds: 256 tps: 18564.09 qps: 371332.59 (r/w/o: 259923.52/74280.68/37128.39) lat (ms,95%): 20.00 err/s: 0.00 reconn/s: 0.00
[ 250s ] thds: 256 tps: 18430.89 qps: 368707.13 (r/w/o: 258103.08/73742.27/36861.78) lat (ms,95%): 20.37 err/s: 0.00 reconn/s: 0.00
[ 260s ] thds: 256 tps: 18673.17 qps: 373347.51 (r/w/o: 261344.32/74656.86/37346.33) lat (ms,95%): 20.00 err/s: 0.00 reconn/s: 0.00
[ 270s ] thds: 256 tps: 18468.07 qps: 369394.65 (r/w/o: 258584.35/73875.07/36935.24) lat (ms,95%): 20.37 err/s: 0.00 reconn/s: 0.00
[ 280s ] thds: 256 tps: 18587.06 qps: 371714.63 (r/w/o: 260206.36/74333.25/37175.02) lat (ms,95%): 20.00 err/s: 0.00 reconn/s: 0.00
[ 290s ] thds: 256 tps: 18378.21 qps: 367638.92 (r/w/o: 257332.18/73551.42/36755.31) lat (ms,95%): 20.74 err/s: 0.00 reconn/s: 0.00
[ 300s ] thds: 256 tps: 18397.61 qps: 367933.13 (r/w/o: 257557.99/73578.93/36796.21) lat (ms,95%): 20.37 err/s: 0.00 reconn/s: 0.00
[ 310s ] thds: 256 tps: 18361.51 qps: 367208.36 (r/w/o: 257051.41/73435.63/36721.32) lat (ms,95%): 20.74 err/s: 0.00 reconn/s: 0.00
[ 320s ] thds: 256 tps: 18336.35 qps: 366709.56 (r/w/o: 256684.87/73350.39/36674.30) lat (ms,95%): 20.74 err/s: 0.00 reconn/s: 0.00
[ 330s ] thds: 256 tps: 18391.18 qps: 367806.18 (r/w/o: 257488.41/73535.62/36782.16) lat (ms,95%): 20.37 err/s: 0.00 reconn/s: 0.00
[ 340s ] thds: 256 tps: 18515.55 qps: 370267.53 (r/w/o: 259168.12/74068.01/37031.40) lat (ms,95%): 20.00 err/s: 0.00 reconn/s: 0.00
[ 350s ] thds: 256 tps: 18291.65 qps: 365859.93 (r/w/o: 256090.25/73186.48/36583.19) lat (ms,95%): 20.37 err/s: 0.00 reconn/s: 0.00
[ 360s ] thds: 256 tps: 18479.92 qps: 369584.75 (r/w/o: 258723.14/73901.17/36960.43) lat (ms,95%): 20.00 err/s: 0.10 reconn/s: 0.00
[ 370s ] thds: 256 tps: 18355.38 qps: 367197.04 (r/w/o: 257033.97/73452.31/36710.75) lat (ms,95%): 20.37 err/s: 0.00 reconn/s: 0.00
[ 380s ] thds: 256 tps: 18450.13 qps: 368818.13 (r/w/o: 258145.77/73779.21/36893.15) lat (ms,95%): 20.37 err/s: 0.00 reconn/s: 0.00
SQL statistics:
    queries performed:
        read:                            99132992
        write:                           28323706
        other:                           14161860
        total:                           141618558
    transactions:                        7080927 (18569.83 per sec.)
    queries:                             141618558 (371396.72 per sec.)
    ignored errors:                      1      (0.00 per sec.)
    reconnects:                          0      (0.00 per sec.)

General statistics:
    total time:                          381.3125s
    total number of events:              7080927

Latency (ms):
         min:                                    5.38
         avg:                                   13.74
         max:                                 1319.26
         95th percentile:                       20.00
         sum:                             97309372.46

Threads fairness:
    events (avg/stddev):           27659.8711/532.24
    execution time (avg/stddev):   380.1147/0.15

