sysbench 1.0.20-ebf1c90 (using bundled LuaJIT 2.1.0-beta2)

Running the test with following options:
Number of threads: 256
Report intermediate results every 10 second(s)
Initializing random number generator from current time


Initializing worker threads...

Threads started!

[ 10s ] thds: 256 tps: 26611.61 qps: 532447.65 (r/w/o: 372742.20/106458.43/53247.01) lat (ms,95%): 13.22 err/s: 0.00 reconn/s: 0.00
[ 20s ] thds: 256 tps: 27337.91 qps: 546792.77 (r/w/o: 382759.39/109356.75/54676.63) lat (ms,95%): 12.98 err/s: 0.00 reconn/s: 0.00
[ 30s ] thds: 256 tps: 27755.72 qps: 555110.85 (r/w/o: 388578.64/111019.87/55512.33) lat (ms,95%): 12.75 err/s: 0.00 reconn/s: 0.00
[ 40s ] thds: 256 tps: 27959.40 qps: 559212.30 (r/w/o: 391452.53/111842.58/55917.19) lat (ms,95%): 12.52 err/s: 0.00 reconn/s: 0.00
[ 50s ] thds: 256 tps: 27931.45 qps: 558608.13 (r/w/o: 391023.22/111720.31/55864.60) lat (ms,95%): 12.52 err/s: 0.00 reconn/s: 0.00
[ 60s ] thds: 256 tps: 28207.53 qps: 564181.40 (r/w/o: 394927.09/112841.54/56412.77) lat (ms,95%): 12.52 err/s: 0.00 reconn/s: 0.00
[ 70s ] thds: 256 tps: 28076.01 qps: 561452.73 (r/w/o: 393006.49/112293.23/56153.01) lat (ms,95%): 12.52 err/s: 0.00 reconn/s: 0.00
[ 80s ] thds: 256 tps: 28172.18 qps: 563557.68 (r/w/o: 394512.08/112701.04/56344.57) lat (ms,95%): 12.30 err/s: 0.00 reconn/s: 0.00
[ 90s ] thds: 256 tps: 28282.06 qps: 565648.34 (r/w/o: 395944.97/113139.65/56563.72) lat (ms,95%): 12.08 err/s: 0.00 reconn/s: 0.00
[ 100s ] thds: 256 tps: 28303.47 qps: 566011.13 (r/w/o: 396210.93/113193.27/56606.93) lat (ms,95%): 12.08 err/s: 0.00 reconn/s: 0.00
[ 110s ] thds: 256 tps: 28185.12 qps: 563708.18 (r/w/o: 394598.34/112739.10/56370.75) lat (ms,95%): 12.08 err/s: 0.00 reconn/s: 0.00
[ 120s ] thds: 256 tps: 28285.38 qps: 565707.77 (r/w/o: 395994.27/113141.73/56571.77) lat (ms,95%): 12.08 err/s: 0.10 reconn/s: 0.00
[ 130s ] thds: 256 tps: 28455.14 qps: 569081.56 (r/w/o: 398353.60/113818.27/56909.69) lat (ms,95%): 11.87 err/s: 0.00 reconn/s: 0.00
[ 140s ] thds: 256 tps: 28423.86 qps: 568478.31 (r/w/o: 397938.18/113691.62/56848.51) lat (ms,95%): 12.08 err/s: 0.00 reconn/s: 0.00
[ 150s ] thds: 256 tps: 28325.00 qps: 566506.51 (r/w/o: 396559.44/113297.18/56649.89) lat (ms,95%): 11.87 err/s: 0.00 reconn/s: 0.00
[ 160s ] thds: 256 tps: 28605.42 qps: 572066.08 (r/w/o: 400427.53/114428.60/57209.95) lat (ms,95%): 11.87 err/s: 0.00 reconn/s: 0.00
[ 170s ] thds: 256 tps: 28687.02 qps: 573791.86 (r/w/o: 401672.25/114744.77/57374.84) lat (ms,95%): 11.65 err/s: 0.10 reconn/s: 0.00
[ 180s ] thds: 256 tps: 28511.01 qps: 570178.49 (r/w/o: 399113.03/114043.74/57021.72) lat (ms,95%): 11.65 err/s: 0.00 reconn/s: 0.00
[ 190s ] thds: 256 tps: 28568.24 qps: 571384.56 (r/w/o: 399976.93/114271.15/57136.48) lat (ms,95%): 11.65 err/s: 0.00 reconn/s: 0.00
[ 200s ] thds: 256 tps: 28441.43 qps: 568782.24 (r/w/o: 398134.05/113765.83/56882.36) lat (ms,95%): 11.87 err/s: 0.10 reconn/s: 0.00
[ 210s ] thds: 256 tps: 28299.01 qps: 566057.11 (r/w/o: 396254.55/113204.14/56598.42) lat (ms,95%): 11.87 err/s: 0.00 reconn/s: 0.00
[ 220s ] thds: 256 tps: 28601.48 qps: 572043.92 (r/w/o: 400430.63/114409.52/57203.76) lat (ms,95%): 11.65 err/s: 0.00 reconn/s: 0.00
[ 230s ] thds: 256 tps: 28353.44 qps: 567100.22 (r/w/o: 396984.77/113408.36/56707.08) lat (ms,95%): 11.65 err/s: 0.00 reconn/s: 0.00
[ 240s ] thds: 256 tps: 28339.60 qps: 566802.05 (r/w/o: 396760.43/113362.41/56679.20) lat (ms,95%): 11.87 err/s: 0.00 reconn/s: 0.00
[ 250s ] thds: 256 tps: 28439.27 qps: 568692.95 (r/w/o: 398069.31/113745.69/56877.94) lat (ms,95%): 11.65 err/s: 0.00 reconn/s: 0.00
[ 260s ] thds: 256 tps: 28251.72 qps: 565076.12 (r/w/o: 395553.52/113020.26/56502.33) lat (ms,95%): 11.87 err/s: 0.00 reconn/s: 0.00
[ 270s ] thds: 256 tps: 28297.39 qps: 565943.98 (r/w/o: 396162.82/113185.88/56595.29) lat (ms,95%): 12.08 err/s: 0.00 reconn/s: 0.00
[ 280s ] thds: 256 tps: 28273.54 qps: 565481.38 (r/w/o: 395839.22/113094.38/56547.79) lat (ms,95%): 11.87 err/s: 0.00 reconn/s: 0.00
[ 290s ] thds: 256 tps: 28366.59 qps: 567345.12 (r/w/o: 397141.71/113470.84/56732.57) lat (ms,95%): 11.87 err/s: 0.00 reconn/s: 0.00
[ 300s ] thds: 256 tps: 28113.98 qps: 562204.07 (r/w/o: 393534.17/112440.93/56228.97) lat (ms,95%): 11.87 err/s: 0.00 reconn/s: 0.00
[ 310s ] thds: 256 tps: 28515.84 qps: 570389.15 (r/w/o: 399280.03/114077.95/57031.18) lat (ms,95%): 11.87 err/s: 0.00 reconn/s: 0.00
[ 320s ] thds: 256 tps: 28148.40 qps: 562976.38 (r/w/o: 394088.89/112590.00/56297.50) lat (ms,95%): 11.87 err/s: 0.00 reconn/s: 0.00
[ 330s ] thds: 256 tps: 28559.31 qps: 571147.51 (r/w/o: 399796.17/114233.52/57117.81) lat (ms,95%): 11.65 err/s: 0.00 reconn/s: 0.00
[ 340s ] thds: 256 tps: 28519.44 qps: 570409.74 (r/w/o: 399292.49/114077.67/57039.58) lat (ms,95%): 11.87 err/s: 0.00 reconn/s: 0.00
[ 350s ] thds: 256 tps: 28250.70 qps: 565022.85 (r/w/o: 395517.16/113004.29/56501.39) lat (ms,95%): 11.87 err/s: 0.00 reconn/s: 0.00
[ 360s ] thds: 256 tps: 28346.83 qps: 566949.55 (r/w/o: 396871.26/113384.63/56693.66) lat (ms,95%): 11.87 err/s: 0.00 reconn/s: 0.00
[ 370s ] thds: 256 tps: 28439.95 qps: 568722.13 (r/w/o: 398076.85/113765.49/56879.79) lat (ms,95%): 11.65 err/s: 0.00 reconn/s: 0.00
[ 380s ] thds: 256 tps: 28541.71 qps: 570868.14 (r/w/o: 399622.97/114161.65/57083.52) lat (ms,95%): 11.87 err/s: 0.00 reconn/s: 0.00
SQL statistics:
    queries performed:
        read:                            150333694
        write:                           42952476
        other:                           21476244
        total:                           214762414
    transactions:                        10738118 (28245.83 per sec.)
    queries:                             214762414 (564916.77 per sec.)
    ignored errors:                      3      (0.01 per sec.)
    reconnects:                          0      (0.00 per sec.)

General statistics:
    total time:                          380.1655s
    total number of events:              10738118

Latency (ms):
         min:                                    4.76
         avg:                                    9.06
         max:                                  236.70
         95th percentile:                       12.08
         sum:                             97268096.63

Threads fairness:
    events (avg/stddev):           41945.7734/822.99
    execution time (avg/stddev):   379.9535/0.02

