sysbench 1.0.20-ebf1c90 (using bundled LuaJIT 2.1.0-beta2)

Running the test with following options:
Number of threads: 256
Report intermediate results every 10 second(s)
Initializing random number generator from current time


Initializing worker threads...

Threads started!

[ 10s ] thds: 256 tps: 17883.14 qps: 357956.90 (r/w/o: 250601.95/71563.17/35791.78) lat (ms,95%): 20.74 err/s: 0.00 reconn/s: 0.00
[ 20s ] thds: 256 tps: 18665.72 qps: 373292.24 (r/w/o: 261300.01/74660.59/37331.64) lat (ms,95%): 19.65 err/s: 0.00 reconn/s: 0.00
[ 30s ] thds: 256 tps: 18735.25 qps: 374819.88 (r/w/o: 262391.68/74957.60/37470.60) lat (ms,95%): 19.29 err/s: 0.00 reconn/s: 0.00
[ 40s ] thds: 256 tps: 19082.20 qps: 381610.34 (r/w/o: 267122.23/76323.81/38164.30) lat (ms,95%): 18.95 err/s: 0.00 reconn/s: 0.00
[ 50s ] thds: 256 tps: 19089.23 qps: 381632.44 (r/w/o: 267112.28/76341.41/38178.75) lat (ms,95%): 18.95 err/s: 0.10 reconn/s: 0.00
[ 60s ] thds: 256 tps: 19140.26 qps: 383040.14 (r/w/o: 268150.87/76608.85/38280.42) lat (ms,95%): 18.95 err/s: 0.00 reconn/s: 0.00
[ 70s ] thds: 256 tps: 19076.63 qps: 381447.35 (r/w/o: 267025.08/76271.21/38151.05) lat (ms,95%): 18.95 err/s: 0.00 reconn/s: 0.00
[ 80s ] thds: 256 tps: 19086.46 qps: 381758.66 (r/w/o: 267229.51/76353.93/38175.22) lat (ms,95%): 18.95 err/s: 0.00 reconn/s: 0.00
[ 90s ] thds: 256 tps: 19010.05 qps: 380145.94 (r/w/o: 266083.33/76042.51/38020.10) lat (ms,95%): 19.29 err/s: 0.00 reconn/s: 0.00
[ 100s ] thds: 256 tps: 18996.48 qps: 379948.18 (r/w/o: 265988.31/75966.81/37993.06) lat (ms,95%): 19.29 err/s: 0.10 reconn/s: 0.00
[ 110s ] thds: 256 tps: 18946.07 qps: 378868.68 (r/w/o: 265208.57/75768.28/37891.84) lat (ms,95%): 19.29 err/s: 0.00 reconn/s: 0.00
[ 120s ] thds: 256 tps: 19031.34 qps: 380690.24 (r/w/o: 266476.02/76150.95/38063.27) lat (ms,95%): 19.29 err/s: 0.10 reconn/s: 0.00
[ 130s ] thds: 256 tps: 18920.62 qps: 378347.63 (r/w/o: 264839.60/75666.89/37841.14) lat (ms,95%): 19.29 err/s: 0.00 reconn/s: 0.00
[ 140s ] thds: 256 tps: 18896.70 qps: 377999.34 (r/w/o: 264627.56/75578.49/37793.29) lat (ms,95%): 19.29 err/s: 0.00 reconn/s: 0.00
[ 150s ] thds: 256 tps: 18779.80 qps: 375629.72 (r/w/o: 262918.44/75151.38/37559.89) lat (ms,95%): 19.29 err/s: 0.00 reconn/s: 0.00
[ 160s ] thds: 256 tps: 18784.99 qps: 375662.66 (r/w/o: 262969.21/75123.47/37569.99) lat (ms,95%): 19.65 err/s: 0.00 reconn/s: 0.00
[ 170s ] thds: 256 tps: 18564.38 qps: 371229.66 (r/w/o: 259854.49/74246.91/37128.26) lat (ms,95%): 20.00 err/s: 0.00 reconn/s: 0.00
[ 180s ] thds: 256 tps: 18727.57 qps: 374644.52 (r/w/o: 262251.42/74937.36/37455.73) lat (ms,95%): 19.65 err/s: 0.00 reconn/s: 0.00
[ 190s ] thds: 256 tps: 18580.61 qps: 371619.39 (r/w/o: 260127.13/74333.14/37159.12) lat (ms,95%): 20.00 err/s: 0.00 reconn/s: 0.00
[ 200s ] thds: 256 tps: 18491.46 qps: 369744.94 (r/w/o: 258821.17/73939.65/36984.12) lat (ms,95%): 20.00 err/s: 0.00 reconn/s: 0.00
[ 210s ] thds: 256 tps: 18715.17 qps: 374268.98 (r/w/o: 261999.87/74838.28/37430.84) lat (ms,95%): 20.00 err/s: 0.00 reconn/s: 0.00
[ 220s ] thds: 256 tps: 18644.93 qps: 372915.78 (r/w/o: 261039.91/74585.52/37290.36) lat (ms,95%): 19.65 err/s: 0.00 reconn/s: 0.00
[ 230s ] thds: 256 tps: 18631.83 qps: 372680.76 (r/w/o: 260885.59/74533.31/37261.86) lat (ms,95%): 19.65 err/s: 0.00 reconn/s: 0.00
[ 240s ] thds: 256 tps: 18600.93 qps: 371989.08 (r/w/o: 260375.40/74410.12/37203.56) lat (ms,95%): 20.00 err/s: 0.00 reconn/s: 0.00
[ 250s ] thds: 256 tps: 18501.37 qps: 370014.27 (r/w/o: 259006.03/74005.39/37002.85) lat (ms,95%): 20.37 err/s: 0.00 reconn/s: 0.00
[ 260s ] thds: 256 tps: 18667.90 qps: 373326.71 (r/w/o: 261330.00/74660.90/37335.80) lat (ms,95%): 20.00 err/s: 0.00 reconn/s: 0.00
[ 270s ] thds: 256 tps: 18482.79 qps: 369617.80 (r/w/o: 258722.96/73929.26/36965.58) lat (ms,95%): 20.37 err/s: 0.00 reconn/s: 0.00
[ 280s ] thds: 256 tps: 18590.25 qps: 371937.81 (r/w/o: 260367.31/74390.00/37180.50) lat (ms,95%): 20.00 err/s: 0.00 reconn/s: 0.00
[ 290s ] thds: 256 tps: 18434.04 qps: 368720.09 (r/w/o: 258126.86/73725.15/36868.08) lat (ms,95%): 20.37 err/s: 0.00 reconn/s: 0.00
[ 300s ] thds: 256 tps: 18422.60 qps: 368237.59 (r/w/o: 257724.70/73667.70/36845.20) lat (ms,95%): 20.37 err/s: 0.10 reconn/s: 0.00
[ 310s ] thds: 256 tps: 18358.46 qps: 367315.98 (r/w/o: 257135.50/73463.36/36717.13) lat (ms,95%): 20.37 err/s: 0.00 reconn/s: 0.00
[ 320s ] thds: 256 tps: 18318.08 qps: 366372.43 (r/w/o: 256452.24/73285.83/36634.36) lat (ms,95%): 20.74 err/s: 0.00 reconn/s: 0.00
[ 330s ] thds: 256 tps: 18421.97 qps: 368430.68 (r/w/o: 257913.73/73671.19/36845.75) lat (ms,95%): 20.37 err/s: 0.00 reconn/s: 0.00
[ 340s ] thds: 256 tps: 18544.25 qps: 370754.09 (r/w/o: 259520.86/74144.72/37088.51) lat (ms,95%): 20.00 err/s: 0.00 reconn/s: 0.00
[ 350s ] thds: 256 tps: 18274.33 qps: 365661.42 (r/w/o: 255971.64/73141.13/36548.66) lat (ms,95%): 20.37 err/s: 0.00 reconn/s: 0.00
[ 360s ] thds: 256 tps: 18545.98 qps: 370853.59 (r/w/o: 259597.01/74164.62/37091.96) lat (ms,95%): 20.00 err/s: 0.00 reconn/s: 0.00
[ 370s ] thds: 256 tps: 18391.48 qps: 367874.09 (r/w/o: 257512.92/73578.22/36782.96) lat (ms,95%): 20.37 err/s: 0.00 reconn/s: 0.00
[ 380s ] thds: 256 tps: 18576.90 qps: 371651.45 (r/w/o: 260150.43/74346.91/37154.10) lat (ms,95%): 20.00 err/s: 0.10 reconn/s: 0.00
SQL statistics:
    queries performed:
        read:                            99349824
        write:                           28385648
        other:                           14192838
        total:                           141928310
    transactions:                        7096411 (18665.41 per sec.)
    queries:                             141928310 (373308.37 per sec.)
    ignored errors:                      5      (0.01 per sec.)
    reconnects:                          0      (0.00 per sec.)

General statistics:
    total time:                          380.1896s
    total number of events:              7096411

Latency (ms):
         min:                                    5.41
         avg:                                   13.71
         max:                                  214.40
         95th percentile:                       19.65
         sum:                             97268882.95

Threads fairness:
    events (avg/stddev):           27720.3555/611.58
    execution time (avg/stddev):   379.9566/0.01

