sysbench 1.0.20-ebf1c90 (using bundled LuaJIT 2.1.0-beta2)

Running the test with following options:
Number of threads: 256
Report intermediate results every 10 second(s)
Initializing random number generator from current time


Initializing worker threads...

Threads started!

[ 10s ] thds: 256 tps: 17820.31 qps: 356714.61 (r/w/o: 249739.37/71308.83/35666.41) lat (ms,95%): 20.74 err/s: 0.10 reconn/s: 0.00
[ 20s ] thds: 256 tps: 18642.75 qps: 372950.82 (r/w/o: 261063.44/74601.88/37285.49) lat (ms,95%): 19.65 err/s: 0.00 reconn/s: 0.00
[ 30s ] thds: 256 tps: 18728.48 qps: 374384.58 (r/w/o: 262058.81/74870.12/37455.66) lat (ms,95%): 19.29 err/s: 0.00 reconn/s: 0.00
[ 40s ] thds: 256 tps: 18997.09 qps: 380017.87 (r/w/o: 266020.81/76001.57/37995.49) lat (ms,95%): 18.95 err/s: 0.00 reconn/s: 0.00
[ 50s ] thds: 256 tps: 19053.78 qps: 381070.07 (r/w/o: 266745.57/76219.63/38104.87) lat (ms,95%): 18.95 err/s: 0.00 reconn/s: 0.00
[ 60s ] thds: 256 tps: 19056.75 qps: 381223.10 (r/w/o: 266869.30/76237.50/38116.30) lat (ms,95%): 18.95 err/s: 0.00 reconn/s: 0.00
[ 70s ] thds: 256 tps: 19024.85 qps: 380407.30 (r/w/o: 266279.77/76081.12/38046.41) lat (ms,95%): 18.95 err/s: 0.00 reconn/s: 0.00
[ 80s ] thds: 256 tps: 19033.41 qps: 380725.70 (r/w/o: 266512.74/76142.84/38070.12) lat (ms,95%): 18.95 err/s: 0.00 reconn/s: 0.00
[ 90s ] thds: 256 tps: 18951.73 qps: 379064.27 (r/w/o: 265350.87/75810.03/37903.37) lat (ms,95%): 19.29 err/s: 0.00 reconn/s: 0.00
[ 100s ] thds: 256 tps: 18931.27 qps: 378587.51 (r/w/o: 264991.51/75734.36/37861.63) lat (ms,95%): 19.29 err/s: 0.00 reconn/s: 0.00
[ 110s ] thds: 256 tps: 18893.74 qps: 377757.98 (r/w/o: 264420.44/75549.46/37788.08) lat (ms,95%): 19.29 err/s: 0.00 reconn/s: 0.00
[ 120s ] thds: 256 tps: 18987.35 qps: 379899.01 (r/w/o: 265952.93/75970.98/37975.09) lat (ms,95%): 19.29 err/s: 0.00 reconn/s: 0.00
[ 130s ] thds: 256 tps: 18858.31 qps: 377124.17 (r/w/o: 264004.42/75403.43/37716.32) lat (ms,95%): 19.29 err/s: 0.00 reconn/s: 0.00
[ 140s ] thds: 256 tps: 18832.36 qps: 376682.87 (r/w/o: 263674.82/75343.03/37665.02) lat (ms,95%): 19.65 err/s: 0.00 reconn/s: 0.00
[ 150s ] thds: 256 tps: 18724.56 qps: 374435.74 (r/w/o: 262094.20/74892.33/37449.21) lat (ms,95%): 19.65 err/s: 0.00 reconn/s: 0.00
[ 160s ] thds: 256 tps: 18762.89 qps: 375213.88 (r/w/o: 262650.15/75037.86/37525.88) lat (ms,95%): 19.65 err/s: 0.00 reconn/s: 0.00
[ 170s ] thds: 256 tps: 18520.11 qps: 370486.51 (r/w/o: 259344.38/74101.82/37040.31) lat (ms,95%): 20.00 err/s: 0.00 reconn/s: 0.00
[ 180s ] thds: 256 tps: 18727.40 qps: 374414.35 (r/w/o: 262061.84/74899.61/37452.91) lat (ms,95%): 20.00 err/s: 0.00 reconn/s: 0.00
[ 190s ] thds: 256 tps: 18550.37 qps: 371198.68 (r/w/o: 259847.97/74248.18/37102.54) lat (ms,95%): 20.00 err/s: 0.00 reconn/s: 0.00
[ 200s ] thds: 256 tps: 18448.97 qps: 368942.04 (r/w/o: 258269.54/73774.57/36897.93) lat (ms,95%): 20.37 err/s: 0.00 reconn/s: 0.00
[ 210s ] thds: 256 tps: 18697.02 qps: 373846.09 (r/w/o: 261691.24/74761.90/37392.95) lat (ms,95%): 20.00 err/s: 0.00 reconn/s: 0.00
[ 220s ] thds: 256 tps: 18599.92 qps: 371984.80 (r/w/o: 260387.78/74396.08/37200.94) lat (ms,95%): 20.00 err/s: 0.00 reconn/s: 0.00
[ 230s ] thds: 256 tps: 18588.94 qps: 371761.49 (r/w/o: 260232.53/74351.18/37177.79) lat (ms,95%): 20.00 err/s: 0.00 reconn/s: 0.00
[ 240s ] thds: 256 tps: 18548.10 qps: 371086.51 (r/w/o: 259769.61/74220.40/37096.50) lat (ms,95%): 20.00 err/s: 0.00 reconn/s: 0.00
[ 250s ] thds: 256 tps: 18462.41 qps: 369192.40 (r/w/o: 258433.11/73835.16/36924.13) lat (ms,95%): 20.37 err/s: 0.00 reconn/s: 0.00
[ 260s ] thds: 256 tps: 18662.01 qps: 373362.93 (r/w/o: 261341.26/74696.95/37324.72) lat (ms,95%): 20.00 err/s: 0.00 reconn/s: 0.00
[ 270s ] thds: 256 tps: 18448.91 qps: 368851.67 (r/w/o: 258198.72/73758.54/36894.42) lat (ms,95%): 20.37 err/s: 0.00 reconn/s: 0.00
[ 280s ] thds: 256 tps: 18593.21 qps: 371789.86 (r/w/o: 260243.71/74356.43/37189.72) lat (ms,95%): 20.00 err/s: 0.00 reconn/s: 0.00
[ 290s ] thds: 256 tps: 18380.31 qps: 367727.04 (r/w/o: 257419.07/73547.05/36760.92) lat (ms,95%): 20.74 err/s: 0.10 reconn/s: 0.00
[ 300s ] thds: 256 tps: 18393.57 qps: 367805.86 (r/w/o: 257465.72/73552.99/36787.15) lat (ms,95%): 20.37 err/s: 0.00 reconn/s: 0.00
[ 310s ] thds: 256 tps: 18315.74 qps: 366379.46 (r/w/o: 256467.50/73281.47/36630.49) lat (ms,95%): 20.74 err/s: 0.00 reconn/s: 0.00
[ 320s ] thds: 256 tps: 18324.36 qps: 366456.32 (r/w/o: 256516.85/73289.64/36649.82) lat (ms,95%): 20.74 err/s: 0.00 reconn/s: 0.00
[ 330s ] thds: 256 tps: 18383.12 qps: 367582.24 (r/w/o: 257291.81/73526.29/36764.14) lat (ms,95%): 20.37 err/s: 0.00 reconn/s: 0.00
[ 340s ] thds: 256 tps: 18504.28 qps: 370030.28 (r/w/o: 259007.18/74017.13/37005.97) lat (ms,95%): 20.00 err/s: 0.00 reconn/s: 0.00
[ 350s ] thds: 256 tps: 18282.37 qps: 365824.24 (r/w/o: 256115.99/73138.70/36569.55) lat (ms,95%): 20.37 err/s: 0.00 reconn/s: 0.00
[ 360s ] thds: 256 tps: 18526.05 qps: 370541.85 (r/w/o: 259374.37/74115.39/37052.10) lat (ms,95%): 20.00 err/s: 0.00 reconn/s: 0.00
[ 370s ] thds: 256 tps: 18355.82 qps: 367080.98 (r/w/o: 256952.96/73416.38/36711.64) lat (ms,95%): 20.37 err/s: 0.00 reconn/s: 0.00
[ 380s ] thds: 256 tps: 18523.56 qps: 370539.58 (r/w/o: 259382.59/74109.76/37047.23) lat (ms,95%): 20.00 err/s: 0.10 reconn/s: 0.00
SQL statistics:
    queries performed:
        read:                            99143086
        write:                           28326583
        other:                           14163305
        total:                           141632974
    transactions:                        7081646 (18622.81 per sec.)
    queries:                             141632974 (372456.40 per sec.)
    ignored errors:                      3      (0.01 per sec.)
    reconnects:                          0      (0.00 per sec.)

General statistics:
    total time:                          380.2663s
    total number of events:              7081646

Latency (ms):
         min:                                    5.40
         avg:                                   13.74
         max:                                  272.46
         95th percentile:                       20.00
         sum:                             97274973.77

Threads fairness:
    events (avg/stddev):           27662.6797/569.73
    execution time (avg/stddev):   379.9804/0.03

