sysbench 1.0.20-ebf1c90 (using bundled LuaJIT 2.1.0-beta2)

Running the test with following options:
Number of threads: 64
Report intermediate results every 10 second(s)
Initializing random number generator from current time


Initializing worker threads...

Threads started!

[ 10s ] thds: 64 tps: 6236.80 qps: 124794.24 (r/w/o: 87364.73/24949.91/12479.60) lat (ms,95%): 14.73 err/s: 0.00 reconn/s: 0.00
[ 20s ] thds: 64 tps: 5631.72 qps: 112638.19 (r/w/o: 78847.07/22527.68/11263.44) lat (ms,95%): 14.73 err/s: 0.00 reconn/s: 0.00
[ 30s ] thds: 64 tps: 6203.08 qps: 124057.39 (r/w/o: 86838.78/24812.44/12406.17) lat (ms,95%): 14.46 err/s: 0.00 reconn/s: 0.00
[ 40s ] thds: 64 tps: 5939.50 qps: 118791.79 (r/w/o: 83155.26/23757.62/11878.91) lat (ms,95%): 14.73 err/s: 0.00 reconn/s: 0.00
[ 50s ] thds: 64 tps: 6146.50 qps: 122924.42 (r/w/o: 86046.42/24584.90/12293.10) lat (ms,95%): 14.46 err/s: 0.00 reconn/s: 0.00
[ 60s ] thds: 64 tps: 5772.11 qps: 115438.68 (r/w/o: 80807.02/23087.64/11544.02) lat (ms,95%): 14.73 err/s: 0.00 reconn/s: 0.00
[ 70s ] thds: 64 tps: 6026.28 qps: 120532.93 (r/w/o: 84373.94/24106.03/12052.96) lat (ms,95%): 14.46 err/s: 0.00 reconn/s: 0.00
[ 80s ] thds: 64 tps: 5927.01 qps: 118542.80 (r/w/o: 82979.34/23709.44/11854.02) lat (ms,95%): 14.46 err/s: 0.00 reconn/s: 0.00
[ 90s ] thds: 64 tps: 6294.80 qps: 125893.55 (r/w/o: 88126.23/25177.81/12589.50) lat (ms,95%): 14.46 err/s: 0.00 reconn/s: 0.00
[ 100s ] thds: 64 tps: 5934.21 qps: 118691.96 (r/w/o: 83084.41/23739.23/11868.32) lat (ms,95%): 14.46 err/s: 0.00 reconn/s: 0.00
[ 110s ] thds: 64 tps: 6239.02 qps: 124781.40 (r/w/o: 87347.88/24955.58/12477.94) lat (ms,95%): 14.46 err/s: 0.00 reconn/s: 0.00
[ 120s ] thds: 64 tps: 5982.50 qps: 119650.23 (r/w/o: 83755.82/23928.91/11965.50) lat (ms,95%): 14.73 err/s: 0.00 reconn/s: 0.00
[ 130s ] thds: 64 tps: 6221.70 qps: 124431.41 (r/w/o: 87101.51/24886.60/12443.30) lat (ms,95%): 14.46 err/s: 0.00 reconn/s: 0.00
[ 140s ] thds: 64 tps: 5969.91 qps: 119387.71 (r/w/o: 83568.88/23879.32/11939.51) lat (ms,95%): 14.46 err/s: 0.00 reconn/s: 0.00
[ 150s ] thds: 64 tps: 6348.60 qps: 126977.03 (r/w/o: 88886.02/25393.71/12697.30) lat (ms,95%): 14.46 err/s: 0.00 reconn/s: 0.00
[ 160s ] thds: 64 tps: 6192.99 qps: 123862.85 (r/w/o: 86703.59/24773.27/12385.98) lat (ms,95%): 14.46 err/s: 0.00 reconn/s: 0.00
[ 170s ] thds: 64 tps: 6343.30 qps: 126869.79 (r/w/o: 88808.97/25374.02/12686.81) lat (ms,95%): 14.46 err/s: 0.00 reconn/s: 0.00
[ 180s ] thds: 64 tps: 6020.70 qps: 120406.67 (r/w/o: 84283.78/24081.89/12041.00) lat (ms,95%): 14.46 err/s: 0.00 reconn/s: 0.00
[ 190s ] thds: 64 tps: 6361.40 qps: 127229.88 (r/w/o: 89061.29/25445.60/12723.00) lat (ms,95%): 14.46 err/s: 0.00 reconn/s: 0.00
[ 200s ] thds: 64 tps: 6025.90 qps: 120519.70 (r/w/o: 84364.50/24103.20/12052.00) lat (ms,95%): 14.46 err/s: 0.00 reconn/s: 0.00
[ 210s ] thds: 64 tps: 6215.11 qps: 124302.40 (r/w/o: 87010.47/24862.02/12429.91) lat (ms,95%): 14.46 err/s: 0.00 reconn/s: 0.00
[ 220s ] thds: 64 tps: 5991.60 qps: 119841.75 (r/w/o: 83892.46/23965.89/11983.39) lat (ms,95%): 14.46 err/s: 0.00 reconn/s: 0.00
[ 230s ] thds: 64 tps: 6277.49 qps: 125537.29 (r/w/o: 87873.52/25108.88/12554.89) lat (ms,95%): 14.46 err/s: 0.00 reconn/s: 0.00
[ 240s ] thds: 64 tps: 6047.70 qps: 120950.84 (r/w/o: 84664.23/24191.21/12095.40) lat (ms,95%): 14.73 err/s: 0.00 reconn/s: 0.00
[ 250s ] thds: 64 tps: 6283.00 qps: 125670.67 (r/w/o: 87973.98/25130.49/12566.20) lat (ms,95%): 14.46 err/s: 0.00 reconn/s: 0.00
[ 260s ] thds: 64 tps: 6086.80 qps: 121733.19 (r/w/o: 85210.69/24349.10/12173.40) lat (ms,95%): 14.73 err/s: 0.00 reconn/s: 0.00
[ 270s ] thds: 64 tps: 6345.60 qps: 126904.30 (r/w/o: 88831.30/25381.80/12691.20) lat (ms,95%): 14.46 err/s: 0.00 reconn/s: 0.00
[ 280s ] thds: 64 tps: 6147.10 qps: 122948.05 (r/w/o: 86065.43/24588.61/12294.00) lat (ms,95%): 14.46 err/s: 0.00 reconn/s: 0.00
[ 290s ] thds: 64 tps: 6414.50 qps: 128292.68 (r/w/o: 89804.09/25659.40/12829.20) lat (ms,95%): 14.46 err/s: 0.00 reconn/s: 0.00
[ 300s ] thds: 64 tps: 6088.60 qps: 121773.88 (r/w/o: 85243.25/24353.22/12177.41) lat (ms,95%): 14.46 err/s: 0.00 reconn/s: 0.00
[ 310s ] thds: 64 tps: 6278.19 qps: 125560.28 (r/w/o: 87891.32/25112.68/12556.29) lat (ms,95%): 14.46 err/s: 0.00 reconn/s: 0.00
[ 320s ] thds: 64 tps: 6034.31 qps: 120679.91 (r/w/o: 84474.87/24136.52/12068.51) lat (ms,95%): 14.46 err/s: 0.00 reconn/s: 0.00
[ 330s ] thds: 64 tps: 6290.19 qps: 125808.99 (r/w/o: 88066.92/25161.48/12580.59) lat (ms,95%): 14.46 err/s: 0.00 reconn/s: 0.00
[ 340s ] thds: 64 tps: 6045.41 qps: 120910.64 (r/w/o: 84637.66/24182.45/12090.52) lat (ms,95%): 14.73 err/s: 0.00 reconn/s: 0.00
[ 350s ] thds: 64 tps: 6273.79 qps: 125475.77 (r/w/o: 87833.91/25093.97/12547.89) lat (ms,95%): 14.46 err/s: 0.00 reconn/s: 0.00
[ 360s ] thds: 64 tps: 6050.40 qps: 121003.66 (r/w/o: 84700.17/24202.79/12100.70) lat (ms,95%): 14.46 err/s: 0.00 reconn/s: 0.00
[ 370s ] thds: 64 tps: 6271.40 qps: 125430.50 (r/w/o: 87803.50/25084.10/12542.90) lat (ms,95%): 14.46 err/s: 0.00 reconn/s: 0.00
[ 380s ] thds: 64 tps: 6137.50 qps: 122753.65 (r/w/o: 85927.66/24551.49/12274.49) lat (ms,95%): 14.46 err/s: 0.00 reconn/s: 0.00
SQL statistics:
    queries performed:
        read:                            32634504
        write:                           9324144
        other:                           4662072
        total:                           46620720
    transactions:                        2331036 (6133.72 per sec.)
    queries:                             46620720 (122674.39 per sec.)
    ignored errors:                      0      (0.00 per sec.)
    reconnects:                          0      (0.00 per sec.)

General statistics:
    total time:                          380.0353s
    total number of events:              2331036

Latency (ms):
         min:                                    4.46
         avg:                                   10.43
         max:                                  154.34
         95th percentile:                       14.46
         sum:                             24318726.90

Threads fairness:
    events (avg/stddev):           36422.4375/756.11
    execution time (avg/stddev):   379.9801/0.00

