sysbench 1.0.20-ebf1c90 (using bundled LuaJIT 2.1.0-beta2)

Running the test with following options:
Number of threads: 256
Report intermediate results every 10 second(s)
Initializing random number generator from current time


Initializing worker threads...

Threads started!

[ 10s ] thds: 256 tps: 17390.53 qps: 348110.53 (r/w/o: 243718.07/69586.41/34806.05) lat (ms,95%): 21.11 err/s: 0.00 reconn/s: 0.00
[ 20s ] thds: 256 tps: 18101.18 qps: 362169.98 (r/w/o: 253514.27/72452.74/36202.97) lat (ms,95%): 20.37 err/s: 0.00 reconn/s: 0.00
[ 30s ] thds: 256 tps: 18368.25 qps: 367284.38 (r/w/o: 257102.19/73445.80/36736.40) lat (ms,95%): 20.00 err/s: 0.00 reconn/s: 0.00
[ 40s ] thds: 256 tps: 18392.38 qps: 367791.34 (r/w/o: 257444.25/73565.73/36781.36) lat (ms,95%): 20.00 err/s: 0.00 reconn/s: 0.00
[ 50s ] thds: 256 tps: 18383.30 qps: 367660.95 (r/w/o: 257377.23/73513.51/36770.20) lat (ms,95%): 20.00 err/s: 0.00 reconn/s: 0.00
[ 60s ] thds: 256 tps: 18341.43 qps: 366892.83 (r/w/o: 256812.64/73397.33/36682.86) lat (ms,95%): 20.00 err/s: 0.00 reconn/s: 0.00
[ 70s ] thds: 256 tps: 18500.93 qps: 369980.83 (r/w/o: 258997.57/73981.41/37001.85) lat (ms,95%): 20.00 err/s: 0.00 reconn/s: 0.00
[ 80s ] thds: 256 tps: 18403.96 qps: 367979.80 (r/w/o: 257579.04/73596.24/36804.52) lat (ms,95%): 20.00 err/s: 0.00 reconn/s: 0.00
[ 90s ] thds: 256 tps: 18409.24 qps: 368307.28 (r/w/o: 257848.35/73637.46/36821.48) lat (ms,95%): 20.00 err/s: 0.00 reconn/s: 0.00
[ 100s ] thds: 256 tps: 18432.89 qps: 368678.15 (r/w/o: 258053.10/73758.97/36866.09) lat (ms,95%): 20.00 err/s: 0.00 reconn/s: 0.00
[ 110s ] thds: 256 tps: 18522.08 qps: 370438.80 (r/w/o: 259307.62/74086.92/37044.26) lat (ms,95%): 20.00 err/s: 0.00 reconn/s: 0.00
[ 120s ] thds: 256 tps: 18517.99 qps: 370230.68 (r/w/o: 259151.95/74045.26/37033.48) lat (ms,95%): 20.00 err/s: 0.10 reconn/s: 0.00
[ 130s ] thds: 256 tps: 18230.89 qps: 364670.71 (r/w/o: 255270.79/72935.44/36464.47) lat (ms,95%): 20.37 err/s: 0.00 reconn/s: 0.00
[ 140s ] thds: 256 tps: 18290.14 qps: 365847.74 (r/w/o: 256105.22/73162.25/36580.27) lat (ms,95%): 20.37 err/s: 0.00 reconn/s: 0.00
[ 150s ] thds: 256 tps: 18284.05 qps: 365706.07 (r/w/o: 255992.15/73145.81/36568.11) lat (ms,95%): 20.37 err/s: 0.00 reconn/s: 0.00
[ 160s ] thds: 256 tps: 18409.82 qps: 368102.85 (r/w/o: 257656.32/73627.69/36818.85) lat (ms,95%): 20.37 err/s: 0.00 reconn/s: 0.00
[ 170s ] thds: 256 tps: 18284.75 qps: 365745.86 (r/w/o: 256034.85/73140.71/36570.31) lat (ms,95%): 20.74 err/s: 0.00 reconn/s: 0.00
[ 180s ] thds: 256 tps: 18400.43 qps: 367892.18 (r/w/o: 257505.61/73586.42/36800.16) lat (ms,95%): 20.37 err/s: 0.00 reconn/s: 0.00
[ 190s ] thds: 256 tps: 18355.90 qps: 367195.96 (r/w/o: 257050.57/73433.19/36712.20) lat (ms,95%): 20.74 err/s: 0.00 reconn/s: 0.00
[ 200s ] thds: 256 tps: 18329.96 qps: 366679.99 (r/w/o: 256690.34/73329.24/36660.42) lat (ms,95%): 20.37 err/s: 0.10 reconn/s: 0.00
[ 210s ] thds: 256 tps: 18354.99 qps: 367144.21 (r/w/o: 256975.60/73458.64/36709.97) lat (ms,95%): 20.37 err/s: 0.00 reconn/s: 0.00
[ 220s ] thds: 256 tps: 18144.77 qps: 362701.87 (r/w/o: 253890.66/72522.17/36289.04) lat (ms,95%): 20.74 err/s: 0.00 reconn/s: 0.00
[ 230s ] thds: 256 tps: 18288.51 qps: 365919.96 (r/w/o: 256144.98/73197.25/36577.73) lat (ms,95%): 20.74 err/s: 0.00 reconn/s: 0.00
[ 240s ] thds: 256 tps: 18349.65 qps: 366979.21 (r/w/o: 256905.74/73374.18/36699.29) lat (ms,95%): 20.37 err/s: 0.00 reconn/s: 0.00
[ 250s ] thds: 256 tps: 18407.97 qps: 368015.25 (r/w/o: 257586.81/73613.59/36814.84) lat (ms,95%): 20.37 err/s: 0.00 reconn/s: 0.00
[ 260s ] thds: 256 tps: 18346.75 qps: 367068.80 (r/w/o: 256963.17/73411.32/36694.31) lat (ms,95%): 20.37 err/s: 0.00 reconn/s: 0.00
[ 270s ] thds: 256 tps: 18326.44 qps: 366548.69 (r/w/o: 256600.25/73295.46/36652.98) lat (ms,95%): 20.74 err/s: 0.00 reconn/s: 0.00
[ 280s ] thds: 256 tps: 18280.44 qps: 365546.36 (r/w/o: 255849.53/73135.85/36560.98) lat (ms,95%): 20.74 err/s: 0.00 reconn/s: 0.00
[ 290s ] thds: 256 tps: 18356.36 qps: 367149.53 (r/w/o: 257010.06/73431.04/36708.42) lat (ms,95%): 20.37 err/s: 0.00 reconn/s: 0.00
[ 300s ] thds: 256 tps: 18476.53 qps: 369479.87 (r/w/o: 258638.07/73884.43/36957.37) lat (ms,95%): 20.37 err/s: 0.00 reconn/s: 0.00
[ 310s ] thds: 256 tps: 18300.86 qps: 366125.60 (r/w/o: 256316.57/73207.12/36601.91) lat (ms,95%): 20.74 err/s: 0.00 reconn/s: 0.00
[ 320s ] thds: 256 tps: 18429.00 qps: 368519.96 (r/w/o: 257955.74/73706.11/36858.11) lat (ms,95%): 20.37 err/s: 0.00 reconn/s: 0.00
[ 330s ] thds: 256 tps: 18299.58 qps: 366005.16 (r/w/o: 256196.69/73209.01/36599.46) lat (ms,95%): 20.74 err/s: 0.10 reconn/s: 0.00
[ 340s ] thds: 256 tps: 18217.33 qps: 364316.70 (r/w/o: 255015.15/72866.90/36434.65) lat (ms,95%): 20.74 err/s: 0.00 reconn/s: 0.00
[ 350s ] thds: 256 tps: 18297.33 qps: 365873.66 (r/w/o: 256101.49/73178.31/36593.86) lat (ms,95%): 20.74 err/s: 0.00 reconn/s: 0.00
[ 360s ] thds: 256 tps: 18260.09 qps: 365203.53 (r/w/o: 255642.21/73040.95/36520.37) lat (ms,95%): 20.74 err/s: 0.00 reconn/s: 0.00
[ 370s ] thds: 256 tps: 18361.03 qps: 367186.02 (r/w/o: 257031.73/73432.22/36722.06) lat (ms,95%): 20.74 err/s: 0.00 reconn/s: 0.00
[ 380s ] thds: 256 tps: 18499.86 qps: 370028.40 (r/w/o: 259026.04/74001.94/37000.42) lat (ms,95%): 20.37 err/s: 0.00 reconn/s: 0.00
SQL statistics:
    queries performed:
        read:                            97492556
        write:                           27855003
        other:                           13927515
        total:                           139275074
    transactions:                        6963751 (18307.58 per sec.)
    queries:                             139275074 (366151.78 per sec.)
    ignored errors:                      3      (0.01 per sec.)
    reconnects:                          0      (0.00 per sec.)

General statistics:
    total time:                          380.3743s
    total number of events:              6963751

Latency (ms):
         min:                                    4.91
         avg:                                   13.97
         max:                                  379.28
         95th percentile:                       20.37
         sum:                             97274212.97

Threads fairness:
    events (avg/stddev):           27202.1523/489.09
    execution time (avg/stddev):   379.9774/0.05

