sysbench 1.0.20-ebf1c90 (using bundled LuaJIT 2.1.0-beta2)

Running the test with following options:
Number of threads: 256
Report intermediate results every 10 second(s)
Initializing random number generator from current time


Initializing worker threads...

Threads started!

[ 10s ] thds: 256 tps: 17394.33 qps: 348284.17 (r/w/o: 243838.33/69631.70/34814.15) lat (ms,95%): 21.11 err/s: 0.00 reconn/s: 0.00
[ 20s ] thds: 256 tps: 18151.51 qps: 362888.41 (r/w/o: 254009.98/72575.42/36303.01) lat (ms,95%): 20.37 err/s: 0.00 reconn/s: 0.00
[ 30s ] thds: 256 tps: 18392.98 qps: 367974.06 (r/w/o: 257595.36/73592.63/36786.07) lat (ms,95%): 20.00 err/s: 0.00 reconn/s: 0.00
[ 40s ] thds: 256 tps: 18425.65 qps: 368406.26 (r/w/o: 257883.44/73672.31/36850.51) lat (ms,95%): 20.00 err/s: 0.00 reconn/s: 0.00
[ 50s ] thds: 256 tps: 18413.01 qps: 368293.55 (r/w/o: 257809.28/73658.15/36826.13) lat (ms,95%): 20.00 err/s: 0.00 reconn/s: 0.00
[ 60s ] thds: 256 tps: 18378.59 qps: 367618.21 (r/w/o: 257316.57/73548.26/36753.38) lat (ms,95%): 20.00 err/s: 0.00 reconn/s: 0.00
[ 70s ] thds: 256 tps: 18534.94 qps: 370656.98 (r/w/o: 259463.35/74119.26/37074.38) lat (ms,95%): 20.00 err/s: 0.00 reconn/s: 0.00
[ 80s ] thds: 256 tps: 18445.99 qps: 368914.75 (r/w/o: 258245.12/73778.45/36891.17) lat (ms,95%): 20.00 err/s: 0.00 reconn/s: 0.00
[ 90s ] thds: 256 tps: 18427.88 qps: 368666.54 (r/w/o: 258072.18/73737.41/36856.95) lat (ms,95%): 20.00 err/s: 0.10 reconn/s: 0.00
[ 100s ] thds: 256 tps: 18445.85 qps: 368914.01 (r/w/o: 258229.44/73792.88/36891.69) lat (ms,95%): 20.00 err/s: 0.00 reconn/s: 0.00
[ 110s ] thds: 256 tps: 18524.31 qps: 370428.19 (r/w/o: 259316.33/74063.24/37048.62) lat (ms,95%): 20.00 err/s: 0.00 reconn/s: 0.00
[ 120s ] thds: 256 tps: 18525.41 qps: 370502.21 (r/w/o: 259350.48/74100.92/37050.81) lat (ms,95%): 20.00 err/s: 0.00 reconn/s: 0.00
[ 130s ] thds: 256 tps: 18270.65 qps: 365380.16 (r/w/o: 255772.87/73066.19/36541.10) lat (ms,95%): 20.37 err/s: 0.00 reconn/s: 0.00
[ 140s ] thds: 256 tps: 18310.80 qps: 366206.99 (r/w/o: 256334.37/73250.82/36621.81) lat (ms,95%): 20.37 err/s: 0.00 reconn/s: 0.00
[ 150s ] thds: 256 tps: 18315.91 qps: 366290.78 (r/w/o: 256390.60/73271.36/36628.83) lat (ms,95%): 20.37 err/s: 0.00 reconn/s: 0.00
[ 160s ] thds: 256 tps: 18385.62 qps: 367903.22 (r/w/o: 257523.59/73605.78/36773.84) lat (ms,95%): 20.37 err/s: 0.00 reconn/s: 0.00
[ 170s ] thds: 256 tps: 18271.89 qps: 365361.78 (r/w/o: 255776.62/73040.88/36544.29) lat (ms,95%): 20.74 err/s: 0.00 reconn/s: 0.00
[ 180s ] thds: 256 tps: 18368.41 qps: 367321.57 (r/w/o: 257119.42/73465.43/36736.72) lat (ms,95%): 20.37 err/s: 0.00 reconn/s: 0.00
[ 190s ] thds: 256 tps: 18364.38 qps: 367339.51 (r/w/o: 257146.03/73464.62/36728.86) lat (ms,95%): 20.37 err/s: 0.00 reconn/s: 0.00
[ 200s ] thds: 256 tps: 18343.83 qps: 366838.88 (r/w/o: 256784.78/73366.44/36687.67) lat (ms,95%): 20.37 err/s: 0.00 reconn/s: 0.00
[ 210s ] thds: 256 tps: 18373.70 qps: 367402.74 (r/w/o: 257175.26/73480.19/36747.29) lat (ms,95%): 20.37 err/s: 0.00 reconn/s: 0.00
[ 220s ] thds: 256 tps: 18164.62 qps: 363337.69 (r/w/o: 254347.97/72660.48/36329.24) lat (ms,95%): 20.74 err/s: 0.00 reconn/s: 0.00
[ 230s ] thds: 256 tps: 18309.88 qps: 366093.90 (r/w/o: 256238.09/73237.04/36618.77) lat (ms,95%): 20.74 err/s: 0.10 reconn/s: 0.00
[ 240s ] thds: 256 tps: 18377.43 qps: 367657.78 (r/w/o: 257399.91/73501.42/36756.46) lat (ms,95%): 20.37 err/s: 0.10 reconn/s: 0.00
[ 250s ] thds: 256 tps: 18444.27 qps: 368906.12 (r/w/o: 258214.60/73802.98/36888.54) lat (ms,95%): 20.37 err/s: 0.00 reconn/s: 0.00
[ 260s ] thds: 256 tps: 18370.79 qps: 367312.30 (r/w/o: 257105.06/73465.76/36741.48) lat (ms,95%): 20.37 err/s: 0.00 reconn/s: 0.00
[ 270s ] thds: 256 tps: 18319.54 qps: 366485.02 (r/w/o: 256555.60/73292.64/36636.77) lat (ms,95%): 20.37 err/s: 0.00 reconn/s: 0.00
[ 280s ] thds: 256 tps: 18288.79 qps: 365694.46 (r/w/o: 255986.13/73128.65/36579.68) lat (ms,95%): 20.74 err/s: 0.00 reconn/s: 0.00
[ 290s ] thds: 256 tps: 18364.97 qps: 367422.03 (r/w/o: 257198.80/73492.89/36730.34) lat (ms,95%): 20.37 err/s: 0.00 reconn/s: 0.00
[ 300s ] thds: 256 tps: 18471.52 qps: 369472.76 (r/w/o: 258618.35/73911.47/36942.94) lat (ms,95%): 20.37 err/s: 0.00 reconn/s: 0.00
[ 310s ] thds: 256 tps: 18306.56 qps: 365966.17 (r/w/o: 256182.69/73170.65/36612.83) lat (ms,95%): 20.74 err/s: 0.00 reconn/s: 0.00
[ 320s ] thds: 256 tps: 18432.51 qps: 368711.38 (r/w/o: 258115.42/73731.24/36864.72) lat (ms,95%): 20.37 err/s: 0.10 reconn/s: 0.00
[ 330s ] thds: 256 tps: 18323.83 qps: 366580.47 (r/w/o: 256588.37/73343.53/36648.57) lat (ms,95%): 20.74 err/s: 0.00 reconn/s: 0.00
[ 340s ] thds: 256 tps: 18244.10 qps: 364739.50 (r/w/o: 255308.17/72943.22/36488.11) lat (ms,95%): 20.74 err/s: 0.00 reconn/s: 0.00
[ 350s ] thds: 256 tps: 18304.14 qps: 366090.30 (r/w/o: 256272.56/73209.56/36608.18) lat (ms,95%): 20.74 err/s: 0.00 reconn/s: 0.00
[ 360s ] thds: 256 tps: 18265.21 qps: 365317.41 (r/w/o: 255720.55/73067.64/36529.22) lat (ms,95%): 20.74 err/s: 0.00 reconn/s: 0.00
[ 370s ] thds: 256 tps: 18364.62 qps: 367289.32 (r/w/o: 257111.69/73447.68/36729.94) lat (ms,95%): 20.74 err/s: 0.00 reconn/s: 0.00
[ 380s ] thds: 256 tps: 18489.11 qps: 369734.20 (r/w/o: 258805.72/73953.36/36975.13) lat (ms,95%): 20.37 err/s: 0.00 reconn/s: 0.00
SQL statistics:
    queries performed:
        read:                            97571740
        write:                           27877626
        other:                           13938826
        total:                           139388192
    transactions:                        6969406 (18321.26 per sec.)
    queries:                             139388192 (366425.42 per sec.)
    ignored errors:                      4      (0.01 per sec.)
    reconnects:                          0      (0.00 per sec.)

General statistics:
    total time:                          380.3989s
    total number of events:              6969406

Latency (ms):
         min:                                    5.08
         avg:                                   13.96
         max:                                  397.55
         95th percentile:                       20.37
         sum:                             97282235.61

Threads fairness:
    events (avg/stddev):           27224.2422/500.83
    execution time (avg/stddev):   380.0087/0.08

