sysbench 1.0.20-ebf1c90 (using bundled LuaJIT 2.1.0-beta2)

Running the test with following options:
Number of threads: 256
Report intermediate results every 10 second(s)
Initializing random number generator from current time


Initializing worker threads...

Threads started!

[ 10s ] thds: 256 tps: 38887.56 qps: 778016.29 (r/w/o: 544652.86/155563.52/77799.91) lat (ms,95%): 7.30 err/s: 0.00 reconn/s: 0.00
[ 20s ] thds: 256 tps: 39542.36 qps: 790845.06 (r/w/o: 553588.68/158171.85/79084.53) lat (ms,95%): 7.17 err/s: 0.00 reconn/s: 0.00
[ 30s ] thds: 256 tps: 39744.39 qps: 794895.83 (r/w/o: 556429.18/158977.47/79489.18) lat (ms,95%): 7.17 err/s: 0.00 reconn/s: 0.00
[ 40s ] thds: 256 tps: 39776.56 qps: 795500.08 (r/w/o: 556846.60/159101.16/79552.33) lat (ms,95%): 7.17 err/s: 0.00 reconn/s: 0.00
[ 50s ] thds: 256 tps: 39439.01 qps: 788811.80 (r/w/o: 552162.04/157770.84/78878.92) lat (ms,95%): 7.17 err/s: 0.00 reconn/s: 0.00
[ 60s ] thds: 256 tps: 39700.47 qps: 793967.54 (r/w/o: 555779.61/158787.69/79400.24) lat (ms,95%): 7.17 err/s: 0.00 reconn/s: 0.00
[ 70s ] thds: 256 tps: 39790.81 qps: 795833.95 (r/w/o: 557086.28/159165.95/79581.73) lat (ms,95%): 7.17 err/s: 0.00 reconn/s: 0.00
[ 80s ] thds: 256 tps: 39768.27 qps: 795380.80 (r/w/o: 556769.88/159074.08/79536.84) lat (ms,95%): 7.17 err/s: 0.00 reconn/s: 0.00
[ 90s ] thds: 256 tps: 39726.83 qps: 794526.19 (r/w/o: 556168.29/158904.24/79453.67) lat (ms,95%): 7.17 err/s: 0.00 reconn/s: 0.00
[ 100s ] thds: 256 tps: 39767.73 qps: 795364.65 (r/w/o: 556755.96/159073.53/79535.17) lat (ms,95%): 7.17 err/s: 0.00 reconn/s: 0.00
[ 110s ] thds: 256 tps: 39713.29 qps: 794264.73 (r/w/o: 555983.41/158854.85/79426.47) lat (ms,95%): 7.17 err/s: 0.00 reconn/s: 0.00
[ 120s ] thds: 256 tps: 39693.85 qps: 793868.55 (r/w/o: 555712.43/158768.61/79387.50) lat (ms,95%): 7.17 err/s: 0.00 reconn/s: 0.00
[ 130s ] thds: 256 tps: 39714.87 qps: 794294.89 (r/w/o: 556005.05/158859.50/79430.35) lat (ms,95%): 7.17 err/s: 0.00 reconn/s: 0.00
[ 140s ] thds: 256 tps: 39743.30 qps: 794858.79 (r/w/o: 556397.09/158975.30/79486.40) lat (ms,95%): 7.17 err/s: 0.00 reconn/s: 0.00
[ 150s ] thds: 256 tps: 39594.22 qps: 791883.40 (r/w/o: 554316.48/158378.88/79188.04) lat (ms,95%): 7.17 err/s: 0.00 reconn/s: 0.00
[ 160s ] thds: 256 tps: 39746.51 qps: 794949.53 (r/w/o: 556467.96/158988.25/79493.32) lat (ms,95%): 7.17 err/s: 0.00 reconn/s: 0.00
[ 170s ] thds: 256 tps: 39682.19 qps: 793637.13 (r/w/o: 555546.38/158726.17/79364.58) lat (ms,95%): 7.17 err/s: 0.00 reconn/s: 0.00
[ 180s ] thds: 256 tps: 39714.11 qps: 794298.63 (r/w/o: 556011.09/158859.43/79428.11) lat (ms,95%): 7.17 err/s: 0.00 reconn/s: 0.00
[ 190s ] thds: 256 tps: 39614.50 qps: 792258.92 (r/w/o: 554578.12/158451.90/79228.90) lat (ms,95%): 7.17 err/s: 0.00 reconn/s: 0.00
[ 200s ] thds: 256 tps: 39595.52 qps: 791918.49 (r/w/o: 554343.24/158384.80/79190.45) lat (ms,95%): 7.17 err/s: 0.00 reconn/s: 0.00
[ 210s ] thds: 256 tps: 39671.54 qps: 793421.05 (r/w/o: 555392.79/158684.57/79343.68) lat (ms,95%): 7.17 err/s: 0.00 reconn/s: 0.00
[ 220s ] thds: 256 tps: 39671.97 qps: 793455.89 (r/w/o: 555423.44/158688.30/79344.15) lat (ms,95%): 7.17 err/s: 0.00 reconn/s: 0.00
[ 230s ] thds: 256 tps: 39697.41 qps: 793961.39 (r/w/o: 555775.83/158790.54/79395.02) lat (ms,95%): 7.17 err/s: 0.00 reconn/s: 0.00
[ 240s ] thds: 256 tps: 39651.78 qps: 793012.37 (r/w/o: 555104.07/158605.53/79302.77) lat (ms,95%): 7.17 err/s: 0.00 reconn/s: 0.00
[ 250s ] thds: 256 tps: 39619.28 qps: 792385.50 (r/w/o: 554670.02/158476.12/79239.36) lat (ms,95%): 7.17 err/s: 0.00 reconn/s: 0.00
[ 260s ] thds: 256 tps: 39338.37 qps: 786787.67 (r/w/o: 550753.23/157357.69/78676.75) lat (ms,95%): 7.17 err/s: 0.00 reconn/s: 0.00
[ 270s ] thds: 256 tps: 39625.52 qps: 792488.64 (r/w/o: 554739.81/158498.39/79250.44) lat (ms,95%): 7.17 err/s: 0.00 reconn/s: 0.00
[ 280s ] thds: 256 tps: 39637.81 qps: 792762.17 (r/w/o: 554934.92/158551.63/79275.62) lat (ms,95%): 7.17 err/s: 0.00 reconn/s: 0.00
[ 290s ] thds: 256 tps: 39661.67 qps: 793256.71 (r/w/o: 555283.89/158648.98/79323.84) lat (ms,95%): 7.17 err/s: 0.00 reconn/s: 0.00
[ 300s ] thds: 256 tps: 39654.78 qps: 793071.67 (r/w/o: 555145.20/158617.31/79309.16) lat (ms,95%): 7.17 err/s: 0.00 reconn/s: 0.00
[ 310s ] thds: 256 tps: 39686.54 qps: 793730.53 (r/w/o: 555610.18/158746.47/79373.88) lat (ms,95%): 7.17 err/s: 0.00 reconn/s: 0.00
[ 320s ] thds: 256 tps: 39589.78 qps: 791789.70 (r/w/o: 554250.42/158360.72/79178.56) lat (ms,95%): 7.17 err/s: 0.00 reconn/s: 0.00
[ 330s ] thds: 256 tps: 39674.10 qps: 793485.99 (r/w/o: 555441.89/158695.60/79348.50) lat (ms,95%): 7.17 err/s: 0.00 reconn/s: 0.00
[ 340s ] thds: 256 tps: 39617.19 qps: 792349.63 (r/w/o: 554647.88/158467.37/79234.38) lat (ms,95%): 7.17 err/s: 0.00 reconn/s: 0.00
[ 350s ] thds: 256 tps: 39706.05 qps: 794137.07 (r/w/o: 555897.65/158826.71/79412.71) lat (ms,95%): 7.17 err/s: 0.00 reconn/s: 0.00
[ 360s ] thds: 256 tps: 39659.26 qps: 793168.38 (r/w/o: 555216.62/158634.04/79317.72) lat (ms,95%): 7.17 err/s: 0.00 reconn/s: 0.00
[ 370s ] thds: 256 tps: 39623.62 qps: 792495.21 (r/w/o: 554742.62/158506.26/79246.33) lat (ms,95%): 7.17 err/s: 0.00 reconn/s: 0.00
[ 380s ] thds: 256 tps: 39568.32 qps: 791346.66 (r/w/o: 553943.72/158265.39/79137.55) lat (ms,95%): 7.17 err/s: 0.00 reconn/s: 0.00
SQL statistics:
    queries performed:
        read:                            210887936
        write:                           60253696
        other:                           30126848
        total:                           301268480
    transactions:                        15063424 (39621.01 per sec.)
    queries:                             301268480 (792420.19 per sec.)
    ignored errors:                      0      (0.00 per sec.)
    reconnects:                          0      (0.00 per sec.)

General statistics:
    total time:                          380.1868s
    total number of events:              15063424

Latency (ms):
         min:                                    4.67
         avg:                                    6.46
         max:                                  233.18
         95th percentile:                        7.17
         sum:                             97270599.79

Threads fairness:
    events (avg/stddev):           58841.5000/1129.22
    execution time (avg/stddev):   379.9633/0.03

