sysbench 1.0.20-ebf1c90 (using bundled LuaJIT 2.1.0-beta2)

Running the test with following options:
Number of threads: 32
Report intermediate results every 10 second(s)
Initializing random number generator from current time


Initializing worker threads...

Threads started!

[ 10s ] thds: 32 tps: 2353.57 qps: 47103.20 (r/w/o: 32977.21/9415.96/4710.03) lat (ms,95%): 18.28 err/s: 0.00 reconn/s: 0.00
[ 20s ] thds: 32 tps: 2458.90 qps: 49179.58 (r/w/o: 34425.76/9836.12/4917.71) lat (ms,95%): 17.63 err/s: 0.00 reconn/s: 0.00
[ 30s ] thds: 32 tps: 2416.50 qps: 48328.90 (r/w/o: 33830.60/9665.00/4833.30) lat (ms,95%): 17.32 err/s: 0.00 reconn/s: 0.00
[ 40s ] thds: 32 tps: 2550.40 qps: 51006.41 (r/w/o: 35703.24/10202.48/5100.69) lat (ms,95%): 17.01 err/s: 0.00 reconn/s: 0.00
[ 50s ] thds: 32 tps: 2637.00 qps: 52743.27 (r/w/o: 36921.55/10547.61/5274.11) lat (ms,95%): 16.41 err/s: 0.00 reconn/s: 0.00
[ 60s ] thds: 32 tps: 2698.20 qps: 53961.75 (r/w/o: 37773.17/10792.29/5396.30) lat (ms,95%): 16.71 err/s: 0.00 reconn/s: 0.00
[ 70s ] thds: 32 tps: 2569.00 qps: 51377.38 (r/w/o: 35963.48/10275.90/5138.00) lat (ms,95%): 17.01 err/s: 0.00 reconn/s: 0.00
[ 80s ] thds: 32 tps: 2643.50 qps: 52867.94 (r/w/o: 37007.63/10573.21/5287.10) lat (ms,95%): 16.41 err/s: 0.00 reconn/s: 0.00
[ 90s ] thds: 32 tps: 2557.19 qps: 51145.82 (r/w/o: 35802.10/10229.24/5114.47) lat (ms,95%): 16.71 err/s: 0.00 reconn/s: 0.00
[ 100s ] thds: 32 tps: 2698.75 qps: 53975.80 (r/w/o: 37781.93/10796.58/5397.29) lat (ms,95%): 16.71 err/s: 0.00 reconn/s: 0.00
[ 110s ] thds: 32 tps: 2638.86 qps: 52775.49 (r/w/o: 36943.10/10554.56/5277.83) lat (ms,95%): 16.71 err/s: 0.00 reconn/s: 0.00
[ 120s ] thds: 32 tps: 2772.21 qps: 55449.80 (r/w/o: 38816.07/11089.42/5544.31) lat (ms,95%): 15.83 err/s: 0.00 reconn/s: 0.00
[ 130s ] thds: 32 tps: 2643.80 qps: 52875.11 (r/w/o: 37012.24/10575.18/5287.69) lat (ms,95%): 16.12 err/s: 0.00 reconn/s: 0.00
[ 140s ] thds: 32 tps: 2718.86 qps: 54374.26 (r/w/o: 38061.48/10875.05/5437.73) lat (ms,95%): 16.12 err/s: 0.00 reconn/s: 0.00
[ 150s ] thds: 32 tps: 2654.14 qps: 53079.93 (r/w/o: 37155.91/10615.65/5308.37) lat (ms,95%): 16.12 err/s: 0.00 reconn/s: 0.00
[ 160s ] thds: 32 tps: 2831.04 qps: 56625.09 (r/w/o: 39638.15/11324.96/5661.98) lat (ms,95%): 15.83 err/s: 0.00 reconn/s: 0.00
[ 170s ] thds: 32 tps: 2744.80 qps: 54895.03 (r/w/o: 38427.02/10978.61/5489.40) lat (ms,95%): 15.83 err/s: 0.00 reconn/s: 0.00
[ 180s ] thds: 32 tps: 2739.83 qps: 54798.46 (r/w/o: 38358.46/10960.23/5479.77) lat (ms,95%): 15.83 err/s: 0.00 reconn/s: 0.00
[ 190s ] thds: 32 tps: 2670.12 qps: 53400.99 (r/w/o: 37380.44/10680.20/5340.35) lat (ms,95%): 16.12 err/s: 0.00 reconn/s: 0.00
[ 200s ] thds: 32 tps: 2777.20 qps: 55546.92 (r/w/o: 38884.21/11108.40/5554.30) lat (ms,95%): 16.12 err/s: 0.00 reconn/s: 0.00
[ 210s ] thds: 32 tps: 2676.70 qps: 53529.46 (r/w/o: 37468.77/10707.49/5353.20) lat (ms,95%): 16.12 err/s: 0.00 reconn/s: 0.00
[ 220s ] thds: 32 tps: 2756.23 qps: 55123.29 (r/w/o: 38585.79/11024.84/5512.67) lat (ms,95%): 16.12 err/s: 0.00 reconn/s: 0.00
[ 230s ] thds: 32 tps: 2650.53 qps: 53015.97 (r/w/o: 37112.77/10601.93/5301.27) lat (ms,95%): 16.41 err/s: 0.00 reconn/s: 0.00
[ 240s ] thds: 32 tps: 2725.78 qps: 54515.49 (r/w/o: 38160.21/10903.92/5451.36) lat (ms,95%): 16.41 err/s: 0.00 reconn/s: 0.00
[ 250s ] thds: 32 tps: 2681.95 qps: 53637.10 (r/w/o: 37545.90/10727.20/5364.00) lat (ms,95%): 16.41 err/s: 0.00 reconn/s: 0.00
[ 260s ] thds: 32 tps: 2701.80 qps: 54035.23 (r/w/o: 37825.12/10806.41/5403.70) lat (ms,95%): 16.41 err/s: 0.00 reconn/s: 0.00
[ 270s ] thds: 32 tps: 2677.20 qps: 53549.85 (r/w/o: 37486.46/10708.99/5354.39) lat (ms,95%): 16.12 err/s: 0.00 reconn/s: 0.00
[ 280s ] thds: 32 tps: 2832.80 qps: 56643.96 (r/w/o: 39647.75/11330.91/5665.31) lat (ms,95%): 15.83 err/s: 0.00 reconn/s: 0.00
[ 290s ] thds: 32 tps: 2764.40 qps: 55294.58 (r/w/o: 38707.48/11058.10/5529.00) lat (ms,95%): 15.83 err/s: 0.00 reconn/s: 0.00
[ 300s ] thds: 32 tps: 2826.87 qps: 56545.39 (r/w/o: 39582.57/11308.98/5653.84) lat (ms,95%): 15.55 err/s: 0.00 reconn/s: 0.00
[ 310s ] thds: 32 tps: 2806.03 qps: 56109.41 (r/w/o: 39275.13/11222.32/5611.96) lat (ms,95%): 15.83 err/s: 0.00 reconn/s: 0.00
[ 320s ] thds: 32 tps: 2771.40 qps: 55438.22 (r/w/o: 38806.51/11088.90/5542.80) lat (ms,95%): 16.12 err/s: 0.00 reconn/s: 0.00
[ 330s ] thds: 32 tps: 2739.00 qps: 54768.85 (r/w/o: 38337.66/10953.29/5477.89) lat (ms,95%): 16.12 err/s: 0.00 reconn/s: 0.00
[ 340s ] thds: 32 tps: 2784.00 qps: 55683.43 (r/w/o: 38979.72/11135.61/5568.10) lat (ms,95%): 15.83 err/s: 0.00 reconn/s: 0.00
[ 350s ] thds: 32 tps: 2727.40 qps: 54545.83 (r/w/o: 38181.82/10909.21/5454.80) lat (ms,95%): 16.12 err/s: 0.00 reconn/s: 0.00
[ 360s ] thds: 32 tps: 2825.20 qps: 56509.03 (r/w/o: 39556.62/11302.01/5650.40) lat (ms,95%): 15.83 err/s: 0.00 reconn/s: 0.00
[ 370s ] thds: 32 tps: 2658.70 qps: 53171.54 (r/w/o: 37220.36/10633.99/5317.19) lat (ms,95%): 16.12 err/s: 0.00 reconn/s: 0.00
[ 380s ] thds: 32 tps: 2795.14 qps: 55903.59 (r/w/o: 39132.25/11180.96/5590.38) lat (ms,95%): 15.83 err/s: 0.00 reconn/s: 0.00
SQL statistics:
    queries performed:
        read:                            14304976
        write:                           4087136
        other:                           2043568
        total:                           20435680
    transactions:                        1021784 (2688.06 per sec.)
    queries:                             20435680 (53761.20 per sec.)
    ignored errors:                      0      (0.00 per sec.)
    reconnects:                          0      (0.00 per sec.)

General statistics:
    total time:                          380.1185s
    total number of events:              1021784

Latency (ms):
         min:                                    4.41
         avg:                                   11.90
         max:                                  230.70
         95th percentile:                       16.41
         sum:                             12160868.22

Threads fairness:
    events (avg/stddev):           31930.7500/2981.35
    execution time (avg/stddev):   380.0271/0.05

