sysbench 1.0.20-ebf1c90 (using bundled LuaJIT 2.1.0-beta2)

Running the test with following options:
Number of threads: 32
Report intermediate results every 10 second(s)
Initializing random number generator from current time


Initializing worker threads...

Threads started!

[ 10s ] thds: 32 tps: 2400.86 qps: 48055.65 (r/w/o: 33644.58/9606.25/4804.83) lat (ms,95%): 17.32 err/s: 0.00 reconn/s: 0.00
[ 20s ] thds: 32 tps: 2453.64 qps: 49066.00 (r/w/o: 34346.46/9812.26/4907.28) lat (ms,95%): 17.01 err/s: 0.00 reconn/s: 0.00
[ 30s ] thds: 32 tps: 2470.80 qps: 49408.98 (r/w/o: 34583.39/9884.30/4941.30) lat (ms,95%): 16.71 err/s: 0.00 reconn/s: 0.00
[ 40s ] thds: 32 tps: 2612.79 qps: 52261.49 (r/w/o: 36584.92/10450.68/5225.89) lat (ms,95%): 16.12 err/s: 0.00 reconn/s: 0.00
[ 50s ] thds: 32 tps: 2562.41 qps: 51249.65 (r/w/o: 35875.81/10249.03/5124.82) lat (ms,95%): 16.71 err/s: 0.00 reconn/s: 0.00
[ 60s ] thds: 32 tps: 2539.00 qps: 50780.73 (r/w/o: 35544.82/10158.01/5077.90) lat (ms,95%): 16.71 err/s: 0.00 reconn/s: 0.00
[ 70s ] thds: 32 tps: 2613.10 qps: 52258.81 (r/w/o: 36581.14/10451.38/5226.29) lat (ms,95%): 16.71 err/s: 0.00 reconn/s: 0.00
[ 80s ] thds: 32 tps: 2601.50 qps: 52033.82 (r/w/o: 36425.41/10405.40/5203.00) lat (ms,95%): 16.41 err/s: 0.00 reconn/s: 0.00
[ 90s ] thds: 32 tps: 2628.08 qps: 52556.53 (r/w/o: 36788.54/10511.73/5256.26) lat (ms,95%): 16.41 err/s: 0.00 reconn/s: 0.00
[ 100s ] thds: 32 tps: 2650.72 qps: 53022.40 (r/w/o: 37114.98/10606.08/5301.34) lat (ms,95%): 15.83 err/s: 0.00 reconn/s: 0.00
[ 110s ] thds: 32 tps: 2632.40 qps: 52641.12 (r/w/o: 36849.52/10526.70/5264.90) lat (ms,95%): 16.12 err/s: 0.00 reconn/s: 0.00
[ 120s ] thds: 32 tps: 2635.05 qps: 52704.45 (r/w/o: 36893.23/10541.11/5270.10) lat (ms,95%): 16.71 err/s: 0.00 reconn/s: 0.00
[ 130s ] thds: 32 tps: 2665.49 qps: 53308.02 (r/w/o: 37315.50/10661.64/5330.87) lat (ms,95%): 16.41 err/s: 0.00 reconn/s: 0.00
[ 140s ] thds: 32 tps: 2569.56 qps: 51391.00 (r/w/o: 35974.57/10277.42/5139.01) lat (ms,95%): 17.01 err/s: 0.00 reconn/s: 0.00
[ 150s ] thds: 32 tps: 2664.10 qps: 53282.60 (r/w/o: 37296.80/10657.60/5328.20) lat (ms,95%): 16.71 err/s: 0.00 reconn/s: 0.00
[ 160s ] thds: 32 tps: 2629.10 qps: 52576.38 (r/w/o: 36802.69/10515.40/5258.30) lat (ms,95%): 16.71 err/s: 0.00 reconn/s: 0.00
[ 170s ] thds: 32 tps: 2686.70 qps: 53739.13 (r/w/o: 37617.82/10748.01/5373.30) lat (ms,95%): 16.71 err/s: 0.00 reconn/s: 0.00
[ 180s ] thds: 32 tps: 2654.10 qps: 53079.35 (r/w/o: 37155.96/10615.09/5308.29) lat (ms,95%): 16.41 err/s: 0.00 reconn/s: 0.00
[ 190s ] thds: 32 tps: 2739.20 qps: 54788.50 (r/w/o: 38352.57/10957.52/5478.41) lat (ms,95%): 15.83 err/s: 0.00 reconn/s: 0.00
[ 200s ] thds: 32 tps: 2696.69 qps: 53932.14 (r/w/o: 37752.19/10786.77/5393.18) lat (ms,95%): 16.41 err/s: 0.00 reconn/s: 0.00
[ 210s ] thds: 32 tps: 2711.91 qps: 54237.81 (r/w/o: 37966.48/10847.42/5423.91) lat (ms,95%): 16.12 err/s: 0.00 reconn/s: 0.00
[ 220s ] thds: 32 tps: 2663.80 qps: 53273.50 (r/w/o: 37290.60/10655.20/5327.70) lat (ms,95%): 16.41 err/s: 0.00 reconn/s: 0.00
[ 230s ] thds: 32 tps: 2637.75 qps: 52751.96 (r/w/o: 36924.87/10551.59/5275.50) lat (ms,95%): 16.71 err/s: 0.00 reconn/s: 0.00
[ 240s ] thds: 32 tps: 2660.35 qps: 53214.02 (r/w/o: 37252.42/10640.90/5320.70) lat (ms,95%): 16.71 err/s: 0.00 reconn/s: 0.00
[ 250s ] thds: 32 tps: 2739.50 qps: 54782.58 (r/w/o: 38346.05/10957.72/5478.81) lat (ms,95%): 15.83 err/s: 0.00 reconn/s: 0.00
[ 260s ] thds: 32 tps: 2727.50 qps: 54564.45 (r/w/o: 38197.26/10911.89/5455.29) lat (ms,95%): 16.71 err/s: 0.00 reconn/s: 0.00
[ 270s ] thds: 32 tps: 2709.60 qps: 54183.30 (r/w/o: 37927.37/10837.02/5418.91) lat (ms,95%): 16.41 err/s: 0.00 reconn/s: 0.00
[ 280s ] thds: 32 tps: 2598.79 qps: 51980.81 (r/w/o: 36387.37/10395.66/5197.78) lat (ms,95%): 16.71 err/s: 0.00 reconn/s: 0.00
[ 290s ] thds: 32 tps: 2699.71 qps: 53989.25 (r/w/o: 37791.71/10798.23/5399.32) lat (ms,95%): 16.71 err/s: 0.00 reconn/s: 0.00
[ 300s ] thds: 32 tps: 2655.40 qps: 53110.11 (r/w/o: 37177.34/10621.88/5310.89) lat (ms,95%): 17.01 err/s: 0.00 reconn/s: 0.00
[ 310s ] thds: 32 tps: 2692.30 qps: 53842.96 (r/w/o: 37688.84/10769.41/5384.71) lat (ms,95%): 16.41 err/s: 0.00 reconn/s: 0.00
[ 320s ] thds: 32 tps: 2704.60 qps: 54090.56 (r/w/o: 37863.47/10818.19/5408.90) lat (ms,95%): 16.71 err/s: 0.00 reconn/s: 0.00
[ 330s ] thds: 32 tps: 2666.54 qps: 53334.20 (r/w/o: 37334.63/10666.38/5333.19) lat (ms,95%): 16.71 err/s: 0.00 reconn/s: 0.00
[ 340s ] thds: 32 tps: 2742.56 qps: 54854.35 (r/w/o: 38398.20/10971.03/5485.11) lat (ms,95%): 16.12 err/s: 0.00 reconn/s: 0.00
[ 350s ] thds: 32 tps: 2768.76 qps: 55372.61 (r/w/o: 38761.67/11073.32/5537.61) lat (ms,95%): 16.12 err/s: 0.00 reconn/s: 0.00
[ 360s ] thds: 32 tps: 2666.55 qps: 53333.62 (r/w/o: 37333.74/10666.78/5333.09) lat (ms,95%): 16.71 err/s: 0.00 reconn/s: 0.00
[ 370s ] thds: 32 tps: 2686.85 qps: 53729.35 (r/w/o: 37608.17/10747.79/5373.40) lat (ms,95%): 16.71 err/s: 0.00 reconn/s: 0.00
[ 380s ] thds: 32 tps: 2700.64 qps: 54021.83 (r/w/o: 37816.11/10804.15/5401.57) lat (ms,95%): 16.71 err/s: 0.00 reconn/s: 0.00
SQL statistics:
    queries performed:
        read:                            14075852
        write:                           4021672
        other:                           2010836
        total:                           20108360
    transactions:                        1005418 (2645.66 per sec.)
    queries:                             20108360 (52913.18 per sec.)
    ignored errors:                      0      (0.00 per sec.)
    reconnects:                          0      (0.00 per sec.)

General statistics:
    total time:                          380.0246s
    total number of events:              1005418

Latency (ms):
         min:                                    4.49
         avg:                                   12.09
         max:                                  129.50
         95th percentile:                       16.41
         sum:                             12159409.14

Threads fairness:
    events (avg/stddev):           31419.3125/2515.15
    execution time (avg/stddev):   379.9815/0.01

