sysbench 1.0.20-ebf1c90 (using bundled LuaJIT 2.1.0-beta2)

Running the test with following options:
Number of threads: 256
Report intermediate results every 10 second(s)
Initializing random number generator from current time


Initializing worker threads...

Threads started!

[ 10s ] thds: 256 tps: 38221.98 qps: 764654.50 (r/w/o: 535291.12/152895.52/76467.86) lat (ms,95%): 7.43 err/s: 0.00 reconn/s: 0.00
[ 20s ] thds: 256 tps: 38985.80 qps: 779732.72 (r/w/o: 545816.31/155944.30/77972.10) lat (ms,95%): 7.17 err/s: 0.00 reconn/s: 0.00
[ 30s ] thds: 256 tps: 39243.85 qps: 784901.90 (r/w/o: 549434.53/156979.78/78487.59) lat (ms,95%): 7.17 err/s: 0.00 reconn/s: 0.00
[ 40s ] thds: 256 tps: 39111.39 qps: 782210.30 (r/w/o: 547545.66/156441.56/78223.08) lat (ms,95%): 7.17 err/s: 0.10 reconn/s: 0.00
[ 50s ] thds: 256 tps: 39002.28 qps: 780041.59 (r/w/o: 546025.71/156011.02/78004.86) lat (ms,95%): 7.17 err/s: 0.00 reconn/s: 0.00
[ 60s ] thds: 256 tps: 39175.88 qps: 783520.40 (r/w/o: 548464.42/156704.82/78351.16) lat (ms,95%): 7.17 err/s: 0.00 reconn/s: 0.00
[ 70s ] thds: 256 tps: 39158.63 qps: 783195.45 (r/w/o: 548240.65/156636.83/78317.96) lat (ms,95%): 7.17 err/s: 0.00 reconn/s: 0.00
[ 80s ] thds: 256 tps: 39262.56 qps: 785242.55 (r/w/o: 549670.78/157047.05/78524.73) lat (ms,95%): 7.17 err/s: 0.00 reconn/s: 0.00
[ 90s ] thds: 256 tps: 39126.67 qps: 782531.30 (r/w/o: 547766.48/156511.48/78253.34) lat (ms,95%): 7.17 err/s: 0.00 reconn/s: 0.00
[ 100s ] thds: 256 tps: 39131.67 qps: 782637.04 (r/w/o: 547851.21/156522.09/78263.74) lat (ms,95%): 7.17 err/s: 0.00 reconn/s: 0.00
[ 110s ] thds: 256 tps: 39193.41 qps: 783854.71 (r/w/o: 548695.88/156772.12/78386.71) lat (ms,95%): 7.17 err/s: 0.00 reconn/s: 0.00
[ 120s ] thds: 256 tps: 39106.78 qps: 782149.90 (r/w/o: 547509.29/156427.34/78213.27) lat (ms,95%): 7.17 err/s: 0.00 reconn/s: 0.00
[ 130s ] thds: 256 tps: 39217.17 qps: 784350.97 (r/w/o: 549045.66/156870.97/78434.34) lat (ms,95%): 7.17 err/s: 0.00 reconn/s: 0.00
[ 140s ] thds: 256 tps: 39128.41 qps: 782561.64 (r/w/o: 547793.97/156511.15/78256.52) lat (ms,95%): 7.17 err/s: 0.00 reconn/s: 0.00
[ 150s ] thds: 256 tps: 38970.07 qps: 779402.32 (r/w/o: 545576.49/155884.98/77940.84) lat (ms,95%): 7.17 err/s: 0.00 reconn/s: 0.00
[ 160s ] thds: 256 tps: 39156.12 qps: 783112.88 (r/w/o: 548180.17/156621.08/78311.64) lat (ms,95%): 7.17 err/s: 0.00 reconn/s: 0.00
[ 170s ] thds: 256 tps: 39146.26 qps: 782929.18 (r/w/o: 548048.53/156588.24/78292.42) lat (ms,95%): 7.17 err/s: 0.00 reconn/s: 0.00
[ 180s ] thds: 256 tps: 39111.30 qps: 782212.94 (r/w/o: 547548.66/156442.29/78221.99) lat (ms,95%): 7.17 err/s: 0.00 reconn/s: 0.00
[ 190s ] thds: 256 tps: 39100.34 qps: 782018.11 (r/w/o: 547413.36/156403.46/78201.28) lat (ms,95%): 7.17 err/s: 0.00 reconn/s: 0.00
[ 200s ] thds: 256 tps: 39200.40 qps: 784012.73 (r/w/o: 548812.05/156800.08/78400.59) lat (ms,95%): 7.17 err/s: 0.00 reconn/s: 0.00
[ 210s ] thds: 256 tps: 39112.45 qps: 782246.52 (r/w/o: 547570.85/156449.78/78225.89) lat (ms,95%): 7.17 err/s: 0.00 reconn/s: 0.00
[ 220s ] thds: 256 tps: 39153.26 qps: 783064.17 (r/w/o: 548145.49/156612.25/78306.43) lat (ms,95%): 7.17 err/s: 0.00 reconn/s: 0.00
[ 230s ] thds: 256 tps: 39172.29 qps: 783446.82 (r/w/o: 548413.30/156689.94/78343.57) lat (ms,95%): 7.17 err/s: 0.00 reconn/s: 0.00
[ 240s ] thds: 256 tps: 39101.36 qps: 782031.01 (r/w/o: 547419.58/156407.82/78203.61) lat (ms,95%): 7.17 err/s: 0.00 reconn/s: 0.00
[ 250s ] thds: 256 tps: 39113.98 qps: 782294.08 (r/w/o: 547609.78/156456.14/78228.17) lat (ms,95%): 7.17 err/s: 0.00 reconn/s: 0.00
[ 260s ] thds: 256 tps: 39003.20 qps: 780127.26 (r/w/o: 546087.77/156032.99/78006.50) lat (ms,95%): 7.17 err/s: 0.00 reconn/s: 0.00
[ 270s ] thds: 256 tps: 38923.25 qps: 778378.20 (r/w/o: 544860.30/155672.40/77845.50) lat (ms,95%): 7.17 err/s: 0.00 reconn/s: 0.00
[ 280s ] thds: 256 tps: 39103.36 qps: 782075.83 (r/w/o: 547455.39/156413.33/78207.11) lat (ms,95%): 7.17 err/s: 0.00 reconn/s: 0.00
[ 290s ] thds: 256 tps: 39038.29 qps: 780769.94 (r/w/o: 546541.49/156151.67/78076.78) lat (ms,95%): 7.17 err/s: 0.00 reconn/s: 0.00
[ 300s ] thds: 256 tps: 39059.27 qps: 781168.64 (r/w/o: 546817.31/156232.79/78118.54) lat (ms,95%): 7.17 err/s: 0.00 reconn/s: 0.00
[ 310s ] thds: 256 tps: 39108.36 qps: 782181.16 (r/w/o: 547526.58/156437.85/78216.73) lat (ms,95%): 7.17 err/s: 0.00 reconn/s: 0.00
[ 320s ] thds: 256 tps: 39110.48 qps: 782201.16 (r/w/o: 547538.00/156442.51/78220.66) lat (ms,95%): 7.17 err/s: 0.00 reconn/s: 0.00
[ 330s ] thds: 256 tps: 39095.35 qps: 781898.53 (r/w/o: 547328.92/156378.51/78191.10) lat (ms,95%): 7.17 err/s: 0.00 reconn/s: 0.00
[ 340s ] thds: 256 tps: 38991.51 qps: 779841.92 (r/w/o: 545888.55/155970.14/77983.22) lat (ms,95%): 7.17 err/s: 0.00 reconn/s: 0.00
[ 350s ] thds: 256 tps: 39044.11 qps: 780878.63 (r/w/o: 546616.26/156174.85/78087.52) lat (ms,95%): 7.17 err/s: 0.00 reconn/s: 0.00
[ 360s ] thds: 256 tps: 39003.44 qps: 780077.73 (r/w/o: 546056.51/156013.95/78007.27) lat (ms,95%): 7.17 err/s: 0.00 reconn/s: 0.00
[ 370s ] thds: 256 tps: 39048.83 qps: 780961.10 (r/w/o: 546669.92/156194.02/78097.16) lat (ms,95%): 7.17 err/s: 0.00 reconn/s: 0.00
[ 380s ] thds: 256 tps: 38939.37 qps: 778787.91 (r/w/o: 545149.49/155758.88/77879.54) lat (ms,95%): 7.17 err/s: 0.00 reconn/s: 0.00
SQL statistics:
    queries performed:
        read:                            207886532
        write:                           59396148
        other:                           29698078
        total:                           296980758
    transactions:                        14849037 (39056.31 per sec.)
    queries:                             296980758 (781126.25 per sec.)
    ignored errors:                      1      (0.00 per sec.)
    reconnects:                          0      (0.00 per sec.)

General statistics:
    total time:                          380.1946s
    total number of events:              14849037

Latency (ms):
         min:                                    4.75
         avg:                                    6.55
         max:                                  234.06
         95th percentile:                        7.17
         sum:                             97270884.57

Threads fairness:
    events (avg/stddev):           58004.0508/1618.55
    execution time (avg/stddev):   379.9644/0.03

