sysbench 1.0.20-ebf1c90 (using bundled LuaJIT 2.1.0-beta2)

Running the test with following options:
Number of threads: 256
Report intermediate results every 10 second(s)
Initializing random number generator from current time


Initializing worker threads...

Threads started!

[ 10s ] thds: 256 tps: 16410.08 qps: 328398.26 (r/w/o: 229900.06/65652.84/32845.37) lat (ms,95%): 22.69 err/s: 0.00 reconn/s: 0.00
[ 20s ] thds: 256 tps: 17290.37 qps: 345951.07 (r/w/o: 242187.56/69182.37/34581.14) lat (ms,95%): 21.50 err/s: 0.00 reconn/s: 0.00
[ 30s ] thds: 256 tps: 17394.60 qps: 347856.29 (r/w/o: 243487.79/69579.30/34789.20) lat (ms,95%): 21.50 err/s: 0.00 reconn/s: 0.00
[ 40s ] thds: 256 tps: 17673.34 qps: 353495.08 (r/w/o: 247472.65/70675.76/35346.68) lat (ms,95%): 21.11 err/s: 0.00 reconn/s: 0.00
[ 50s ] thds: 256 tps: 17606.71 qps: 352153.37 (r/w/o: 246487.42/70452.53/35213.42) lat (ms,95%): 21.11 err/s: 0.00 reconn/s: 0.00
[ 60s ] thds: 256 tps: 17592.73 qps: 351809.77 (r/w/o: 246279.60/70344.71/35185.46) lat (ms,95%): 21.11 err/s: 0.00 reconn/s: 0.00
[ 70s ] thds: 256 tps: 17826.77 qps: 356428.76 (r/w/o: 249482.55/71292.97/35653.24) lat (ms,95%): 20.74 err/s: 0.00 reconn/s: 0.00
[ 80s ] thds: 256 tps: 17782.51 qps: 355832.02 (r/w/o: 249084.06/71185.24/35562.72) lat (ms,95%): 20.74 err/s: 0.00 reconn/s: 0.00
[ 90s ] thds: 256 tps: 17745.62 qps: 354879.87 (r/w/o: 248424.53/70961.59/35493.75) lat (ms,95%): 20.74 err/s: 0.00 reconn/s: 0.00
[ 100s ] thds: 256 tps: 17939.36 qps: 358698.59 (r/w/o: 251074.90/71748.16/35875.53) lat (ms,95%): 20.74 err/s: 0.00 reconn/s: 0.00
[ 110s ] thds: 256 tps: 17795.99 qps: 355911.98 (r/w/o: 249143.65/71176.06/35592.28) lat (ms,95%): 20.74 err/s: 0.00 reconn/s: 0.00
[ 120s ] thds: 256 tps: 17817.08 qps: 356349.13 (r/w/o: 249445.67/71267.01/35636.45) lat (ms,95%): 20.74 err/s: 0.00 reconn/s: 0.00
[ 130s ] thds: 256 tps: 17833.91 qps: 356788.85 (r/w/o: 249761.40/71359.03/35668.42) lat (ms,95%): 20.74 err/s: 0.00 reconn/s: 0.00
[ 140s ] thds: 256 tps: 17748.97 qps: 354922.17 (r/w/o: 248439.53/70984.59/35498.05) lat (ms,95%): 20.74 err/s: 0.00 reconn/s: 0.00
[ 150s ] thds: 256 tps: 17835.06 qps: 356561.40 (r/w/o: 249564.64/71330.84/35665.92) lat (ms,95%): 20.74 err/s: 0.00 reconn/s: 0.00
[ 160s ] thds: 256 tps: 17831.50 qps: 356773.84 (r/w/o: 249786.76/71319.89/35667.19) lat (ms,95%): 20.74 err/s: 0.00 reconn/s: 0.00
[ 170s ] thds: 256 tps: 17794.57 qps: 355946.67 (r/w/o: 249137.86/71219.67/35589.14) lat (ms,95%): 20.74 err/s: 0.00 reconn/s: 0.00
[ 180s ] thds: 256 tps: 17788.98 qps: 355581.98 (r/w/o: 248896.37/71109.54/35576.07) lat (ms,95%): 20.74 err/s: 0.00 reconn/s: 0.00
[ 190s ] thds: 256 tps: 17814.65 qps: 356434.81 (r/w/o: 249516.44/71287.28/35631.09) lat (ms,95%): 20.74 err/s: 0.00 reconn/s: 0.00
[ 200s ] thds: 256 tps: 17790.14 qps: 355756.34 (r/w/o: 249027.89/71151.57/35576.88) lat (ms,95%): 21.11 err/s: 0.00 reconn/s: 0.00
[ 210s ] thds: 256 tps: 17838.03 qps: 356719.66 (r/w/o: 249707.06/71336.73/35675.87) lat (ms,95%): 20.74 err/s: 0.00 reconn/s: 0.00
[ 220s ] thds: 256 tps: 17823.59 qps: 356411.74 (r/w/o: 249479.29/71282.17/35650.28) lat (ms,95%): 21.11 err/s: 0.00 reconn/s: 0.00
[ 230s ] thds: 256 tps: 17782.12 qps: 355799.30 (r/w/o: 249067.31/71167.16/35564.83) lat (ms,95%): 21.11 err/s: 0.00 reconn/s: 0.00
[ 240s ] thds: 256 tps: 17940.79 qps: 358808.14 (r/w/o: 251177.89/71748.67/35881.58) lat (ms,95%): 20.74 err/s: 0.00 reconn/s: 0.00
[ 250s ] thds: 256 tps: 17868.92 qps: 357396.19 (r/w/o: 250185.14/71474.60/35736.45) lat (ms,95%): 20.74 err/s: 0.00 reconn/s: 0.00
[ 260s ] thds: 256 tps: 17837.50 qps: 356838.42 (r/w/o: 249777.04/71384.88/35676.49) lat (ms,95%): 20.74 err/s: 0.00 reconn/s: 0.00
[ 270s ] thds: 256 tps: 17882.92 qps: 357640.62 (r/w/o: 250347.33/71527.46/35765.83) lat (ms,95%): 20.74 err/s: 0.00 reconn/s: 0.00
[ 280s ] thds: 256 tps: 17855.60 qps: 356974.38 (r/w/o: 249871.76/71392.82/35709.81) lat (ms,95%): 20.74 err/s: 0.00 reconn/s: 0.00
[ 290s ] thds: 256 tps: 18036.23 qps: 360813.86 (r/w/o: 252576.36/72166.43/36071.07) lat (ms,95%): 20.74 err/s: 0.00 reconn/s: 0.00
[ 300s ] thds: 256 tps: 17969.78 qps: 359385.38 (r/w/o: 251565.78/71877.24/35942.37) lat (ms,95%): 20.74 err/s: 0.00 reconn/s: 0.00
[ 310s ] thds: 256 tps: 17913.55 qps: 358232.79 (r/w/o: 250781.76/71623.92/35827.11) lat (ms,95%): 20.74 err/s: 0.00 reconn/s: 0.00
[ 320s ] thds: 256 tps: 17900.68 qps: 358042.36 (r/w/o: 250620.16/71620.83/35801.37) lat (ms,95%): 20.74 err/s: 0.00 reconn/s: 0.00
[ 330s ] thds: 256 tps: 18071.01 qps: 361355.42 (r/w/o: 252938.15/72277.84/36139.42) lat (ms,95%): 20.74 err/s: 0.10 reconn/s: 0.00
[ 340s ] thds: 256 tps: 18066.65 qps: 361364.91 (r/w/o: 252959.24/72269.58/36136.09) lat (ms,95%): 20.74 err/s: 0.00 reconn/s: 0.00
[ 350s ] thds: 256 tps: 17829.33 qps: 356508.86 (r/w/o: 249543.26/71307.73/35657.87) lat (ms,95%): 21.11 err/s: 0.00 reconn/s: 0.00
[ 360s ] thds: 256 tps: 17839.81 qps: 356842.28 (r/w/o: 249794.83/71367.24/35680.22) lat (ms,95%): 21.11 err/s: 0.00 reconn/s: 0.00
[ 370s ] thds: 256 tps: 17987.47 qps: 359804.41 (r/w/o: 251869.11/71962.66/35972.63) lat (ms,95%): 20.74 err/s: 0.00 reconn/s: 0.00
[ 380s ] thds: 256 tps: 17832.72 qps: 356566.51 (r/w/o: 249598.19/71301.39/35666.94) lat (ms,95%): 20.74 err/s: 0.00 reconn/s: 0.00
SQL statistics:
    queries performed:
        read:                            94587164
        write:                           27024900
        other:                           13512454
        total:                           135124518
    transactions:                        6756225 (17754.70 per sec.)
    queries:                             135124518 (355094.02 per sec.)
    ignored errors:                      1      (0.00 per sec.)
    reconnects:                          0      (0.00 per sec.)

General statistics:
    total time:                          380.5307s
    total number of events:              6756225

Latency (ms):
         min:                                    5.09
         avg:                                   14.40
         max:                                  532.18
         95th percentile:                       20.74
         sum:                             97315357.41

Threads fairness:
    events (avg/stddev):           26391.5039/588.47
    execution time (avg/stddev):   380.1381/0.14

