sysbench 1.0.20-ebf1c90 (using bundled LuaJIT 2.1.0-beta2)

Running the test with following options:
Number of threads: 64
Report intermediate results every 10 second(s)
Initializing random number generator from current time


Initializing worker threads...

Threads started!

[ 10s ] thds: 64 tps: 6092.79 qps: 121920.04 (r/w/o: 85353.48/24374.67/12191.88) lat (ms,95%): 15.00 err/s: 0.00 reconn/s: 0.00
[ 20s ] thds: 64 tps: 5829.01 qps: 116581.26 (r/w/o: 81607.11/23316.23/11657.92) lat (ms,95%): 15.00 err/s: 0.00 reconn/s: 0.00
[ 30s ] thds: 64 tps: 6147.90 qps: 122960.36 (r/w/o: 86072.94/24591.61/12295.81) lat (ms,95%): 14.73 err/s: 0.00 reconn/s: 0.00
[ 40s ] thds: 64 tps: 5801.70 qps: 116025.18 (r/w/o: 81215.96/23206.02/11603.21) lat (ms,95%): 15.00 err/s: 0.00 reconn/s: 0.00
[ 50s ] thds: 64 tps: 6056.80 qps: 121138.33 (r/w/o: 84798.42/24225.91/12114.00) lat (ms,95%): 14.73 err/s: 0.00 reconn/s: 0.00
[ 60s ] thds: 64 tps: 5846.49 qps: 116921.59 (r/w/o: 81843.22/23385.88/11692.49) lat (ms,95%): 15.00 err/s: 0.00 reconn/s: 0.00
[ 70s ] thds: 64 tps: 6179.90 qps: 123606.52 (r/w/o: 86525.45/24720.98/12360.09) lat (ms,95%): 14.73 err/s: 0.00 reconn/s: 0.00
[ 80s ] thds: 64 tps: 5942.20 qps: 118854.71 (r/w/o: 83199.71/23770.40/11884.60) lat (ms,95%): 14.73 err/s: 0.00 reconn/s: 0.00
[ 90s ] thds: 64 tps: 6176.70 qps: 123531.26 (r/w/o: 86471.64/24706.41/12353.21) lat (ms,95%): 14.73 err/s: 0.00 reconn/s: 0.00
[ 100s ] thds: 64 tps: 5939.60 qps: 118772.94 (r/w/o: 83137.63/23756.51/11878.80) lat (ms,95%): 14.73 err/s: 0.00 reconn/s: 0.00
[ 110s ] thds: 64 tps: 6223.40 qps: 124490.85 (r/w/o: 87148.37/24895.09/12447.40) lat (ms,95%): 14.73 err/s: 0.00 reconn/s: 0.00
[ 120s ] thds: 64 tps: 5874.50 qps: 117487.93 (r/w/o: 82239.52/23499.71/11748.70) lat (ms,95%): 15.00 err/s: 0.00 reconn/s: 0.00
[ 130s ] thds: 64 tps: 6111.80 qps: 122222.33 (r/w/o: 85554.75/24444.09/12223.49) lat (ms,95%): 14.73 err/s: 0.00 reconn/s: 0.00
[ 140s ] thds: 64 tps: 6025.60 qps: 120513.03 (r/w/o: 84359.62/24102.01/12051.40) lat (ms,95%): 14.73 err/s: 0.00 reconn/s: 0.00
[ 150s ] thds: 64 tps: 6272.30 qps: 125449.13 (r/w/o: 87814.22/25090.21/12544.70) lat (ms,95%): 14.73 err/s: 0.00 reconn/s: 0.00
[ 160s ] thds: 64 tps: 5906.10 qps: 118125.34 (r/w/o: 82687.66/23625.79/11811.89) lat (ms,95%): 14.73 err/s: 0.00 reconn/s: 0.00
[ 170s ] thds: 64 tps: 6314.40 qps: 126282.18 (r/w/o: 88397.95/25255.82/12628.41) lat (ms,95%): 14.73 err/s: 0.00 reconn/s: 0.00
[ 180s ] thds: 64 tps: 6111.19 qps: 122225.29 (r/w/o: 85557.83/24444.68/12222.79) lat (ms,95%): 14.73 err/s: 0.00 reconn/s: 0.00
[ 190s ] thds: 64 tps: 6487.01 qps: 129747.90 (r/w/o: 90825.27/25948.52/12974.11) lat (ms,95%): 14.46 err/s: 0.00 reconn/s: 0.00
[ 200s ] thds: 64 tps: 6066.80 qps: 121330.93 (r/w/o: 84930.05/24267.49/12133.39) lat (ms,95%): 14.73 err/s: 0.00 reconn/s: 0.00
[ 210s ] thds: 64 tps: 6148.90 qps: 122981.51 (r/w/o: 86087.71/24595.50/12298.30) lat (ms,95%): 14.73 err/s: 0.00 reconn/s: 0.00
[ 220s ] thds: 64 tps: 5988.30 qps: 119763.07 (r/w/o: 83834.48/23952.49/11976.10) lat (ms,95%): 15.00 err/s: 0.00 reconn/s: 0.00
[ 230s ] thds: 64 tps: 6302.20 qps: 126049.27 (r/w/o: 88234.15/25210.21/12604.91) lat (ms,95%): 14.73 err/s: 0.00 reconn/s: 0.00
[ 240s ] thds: 64 tps: 5989.79 qps: 119793.41 (r/w/o: 83855.57/23958.56/11979.28) lat (ms,95%): 14.73 err/s: 0.00 reconn/s: 0.00
[ 250s ] thds: 64 tps: 6309.91 qps: 126201.21 (r/w/o: 88340.75/25240.54/12619.92) lat (ms,95%): 14.46 err/s: 0.00 reconn/s: 0.00
[ 260s ] thds: 64 tps: 6034.00 qps: 120671.07 (r/w/o: 84468.38/24134.79/12067.90) lat (ms,95%): 14.73 err/s: 0.00 reconn/s: 0.00
[ 270s ] thds: 64 tps: 6333.79 qps: 126679.95 (r/w/o: 88677.59/25334.67/12667.68) lat (ms,95%): 14.73 err/s: 0.00 reconn/s: 0.00
[ 280s ] thds: 64 tps: 6038.91 qps: 120774.69 (r/w/o: 84540.14/24156.64/12077.92) lat (ms,95%): 14.73 err/s: 0.00 reconn/s: 0.00
[ 290s ] thds: 64 tps: 6373.80 qps: 127473.16 (r/w/o: 89231.17/25494.39/12747.60) lat (ms,95%): 14.73 err/s: 0.00 reconn/s: 0.00
[ 300s ] thds: 64 tps: 6057.00 qps: 121147.18 (r/w/o: 84804.36/24228.92/12113.91) lat (ms,95%): 14.73 err/s: 0.00 reconn/s: 0.00
[ 310s ] thds: 64 tps: 6398.30 qps: 127957.95 (r/w/o: 89569.86/25591.69/12796.39) lat (ms,95%): 14.46 err/s: 0.00 reconn/s: 0.00
[ 320s ] thds: 64 tps: 6045.60 qps: 120911.95 (r/w/o: 84637.27/24183.69/12091.00) lat (ms,95%): 14.73 err/s: 0.00 reconn/s: 0.00
[ 330s ] thds: 64 tps: 6280.11 qps: 125603.63 (r/w/o: 87923.29/25119.83/12560.51) lat (ms,95%): 14.73 err/s: 0.00 reconn/s: 0.00
[ 340s ] thds: 64 tps: 6003.00 qps: 120060.94 (r/w/o: 84042.83/24012.21/12005.90) lat (ms,95%): 15.00 err/s: 0.00 reconn/s: 0.00
[ 350s ] thds: 64 tps: 6328.30 qps: 126571.75 (r/w/o: 88601.86/25313.19/12656.69) lat (ms,95%): 14.73 err/s: 0.00 reconn/s: 0.00
[ 360s ] thds: 64 tps: 6046.79 qps: 120935.56 (r/w/o: 84654.50/24187.47/12093.59) lat (ms,95%): 14.73 err/s: 0.00 reconn/s: 0.00
[ 370s ] thds: 64 tps: 6404.61 qps: 128087.74 (r/w/o: 89660.20/25618.23/12809.31) lat (ms,95%): 14.73 err/s: 0.00 reconn/s: 0.00
[ 380s ] thds: 64 tps: 6106.40 qps: 122137.32 (r/w/o: 85498.74/24425.58/12212.99) lat (ms,95%): 14.73 err/s: 0.00 reconn/s: 0.00
SQL statistics:
    queries performed:
        read:                            32564420
        write:                           9304120
        other:                           4652060
        total:                           46520600
    transactions:                        2326030 (6120.54 per sec.)
    queries:                             46520600 (122410.82 per sec.)
    ignored errors:                      0      (0.00 per sec.)
    reconnects:                          0      (0.00 per sec.)

General statistics:
    total time:                          380.0357s
    total number of events:              2326030

Latency (ms):
         min:                                    4.39
         avg:                                   10.46
         max:                                  155.03
         95th percentile:                       14.73
         sum:                             24318717.86

Threads fairness:
    events (avg/stddev):           36344.2188/912.76
    execution time (avg/stddev):   379.9800/0.00

