sysbench 1.0.20-ebf1c90 (using bundled LuaJIT 2.1.0-beta2)

Running the test with following options:
Number of threads: 256
Report intermediate results every 10 second(s)
Initializing random number generator from current time


Initializing worker threads...

Threads started!

[ 10s ] thds: 256 tps: 17529.49 qps: 350913.87 (r/w/o: 245682.06/70147.54/35084.27) lat (ms,95%): 21.50 err/s: 0.00 reconn/s: 0.00
[ 20s ] thds: 256 tps: 18139.04 qps: 362742.91 (r/w/o: 253910.10/72554.84/36277.97) lat (ms,95%): 20.00 err/s: 0.00 reconn/s: 0.00
[ 30s ] thds: 256 tps: 18280.64 qps: 365683.38 (r/w/o: 255986.25/73137.46/36559.68) lat (ms,95%): 20.00 err/s: 0.00 reconn/s: 0.00
[ 40s ] thds: 256 tps: 18499.55 qps: 369889.38 (r/w/o: 258916.06/73974.32/36999.01) lat (ms,95%): 19.65 err/s: 0.00 reconn/s: 0.00
[ 50s ] thds: 256 tps: 18602.74 qps: 372148.41 (r/w/o: 260522.57/74418.26/37207.58) lat (ms,95%): 19.65 err/s: 0.00 reconn/s: 0.00
[ 60s ] thds: 256 tps: 18519.82 qps: 370390.30 (r/w/o: 259275.48/74075.18/37039.64) lat (ms,95%): 20.00 err/s: 0.00 reconn/s: 0.00
[ 70s ] thds: 256 tps: 18604.74 qps: 372065.80 (r/w/o: 260433.06/74423.26/37209.48) lat (ms,95%): 19.65 err/s: 0.00 reconn/s: 0.00
[ 80s ] thds: 256 tps: 18623.10 qps: 372462.62 (r/w/o: 260723.75/74492.68/37246.19) lat (ms,95%): 19.65 err/s: 0.00 reconn/s: 0.00
[ 90s ] thds: 256 tps: 18576.04 qps: 371467.83 (r/w/o: 260023.38/74292.37/37152.08) lat (ms,95%): 19.65 err/s: 0.00 reconn/s: 0.00
[ 100s ] thds: 256 tps: 18459.02 qps: 369153.27 (r/w/o: 258395.03/73840.59/36917.65) lat (ms,95%): 20.00 err/s: 0.00 reconn/s: 0.00
[ 110s ] thds: 256 tps: 18670.45 qps: 373457.70 (r/w/o: 261433.73/74682.48/37341.49) lat (ms,95%): 19.65 err/s: 0.10 reconn/s: 0.00
[ 120s ] thds: 256 tps: 18563.19 qps: 371287.45 (r/w/o: 259902.42/74258.65/37126.37) lat (ms,95%): 19.65 err/s: 0.00 reconn/s: 0.00
[ 130s ] thds: 256 tps: 18564.92 qps: 371297.05 (r/w/o: 259913.75/74253.67/37129.64) lat (ms,95%): 19.65 err/s: 0.00 reconn/s: 0.00
[ 140s ] thds: 256 tps: 18496.36 qps: 369890.46 (r/w/o: 258909.08/73990.95/36990.43) lat (ms,95%): 19.65 err/s: 0.00 reconn/s: 0.00
[ 150s ] thds: 256 tps: 18520.27 qps: 370432.01 (r/w/o: 259305.21/74083.76/37043.03) lat (ms,95%): 20.00 err/s: 0.00 reconn/s: 0.00
[ 160s ] thds: 256 tps: 18412.33 qps: 368268.26 (r/w/o: 257802.16/73641.43/36824.67) lat (ms,95%): 20.00 err/s: 0.00 reconn/s: 0.00
[ 170s ] thds: 256 tps: 18542.33 qps: 370819.22 (r/w/o: 259567.03/74168.02/37084.16) lat (ms,95%): 20.00 err/s: 0.00 reconn/s: 0.00
[ 180s ] thds: 256 tps: 18558.84 qps: 371188.84 (r/w/o: 259840.19/74231.97/37116.68) lat (ms,95%): 20.00 err/s: 0.00 reconn/s: 0.00
[ 190s ] thds: 256 tps: 18532.76 qps: 370708.74 (r/w/o: 259493.50/74148.33/37066.91) lat (ms,95%): 20.00 err/s: 0.00 reconn/s: 0.00
[ 200s ] thds: 256 tps: 18430.68 qps: 368549.03 (r/w/o: 257971.87/73716.01/36861.15) lat (ms,95%): 20.00 err/s: 0.00 reconn/s: 0.00
[ 210s ] thds: 256 tps: 18393.24 qps: 367931.29 (r/w/o: 257545.02/73599.48/36786.79) lat (ms,95%): 20.37 err/s: 0.00 reconn/s: 0.00
[ 220s ] thds: 256 tps: 18534.38 qps: 370611.49 (r/w/o: 259429.28/74114.94/37067.27) lat (ms,95%): 20.00 err/s: 0.00 reconn/s: 0.00
[ 230s ] thds: 256 tps: 18347.69 qps: 366953.45 (r/w/o: 256878.42/73378.65/36696.37) lat (ms,95%): 20.37 err/s: 0.00 reconn/s: 0.00
[ 240s ] thds: 256 tps: 18379.92 qps: 367618.08 (r/w/o: 257317.43/73540.20/36760.45) lat (ms,95%): 20.37 err/s: 0.00 reconn/s: 0.00
[ 250s ] thds: 256 tps: 18398.69 qps: 367864.03 (r/w/o: 257501.21/73567.45/36795.37) lat (ms,95%): 20.37 err/s: 0.00 reconn/s: 0.00
[ 260s ] thds: 256 tps: 18407.07 qps: 368270.47 (r/w/o: 257813.93/73640.79/36815.75) lat (ms,95%): 20.37 err/s: 0.00 reconn/s: 0.00
[ 270s ] thds: 256 tps: 18411.07 qps: 368225.04 (r/w/o: 257758.84/73643.97/36822.23) lat (ms,95%): 20.37 err/s: 0.10 reconn/s: 0.00
[ 280s ] thds: 256 tps: 18374.46 qps: 367491.42 (r/w/o: 257243.08/73499.92/36748.41) lat (ms,95%): 20.37 err/s: 0.00 reconn/s: 0.00
[ 290s ] thds: 256 tps: 18449.48 qps: 368880.51 (r/w/o: 258191.35/73789.90/36899.25) lat (ms,95%): 20.00 err/s: 0.00 reconn/s: 0.00
[ 300s ] thds: 256 tps: 18484.24 qps: 369744.09 (r/w/o: 258830.25/73947.26/36966.58) lat (ms,95%): 20.00 err/s: 0.00 reconn/s: 0.00
[ 310s ] thds: 256 tps: 18401.82 qps: 368026.53 (r/w/o: 257617.33/73603.97/36805.23) lat (ms,95%): 20.37 err/s: 0.00 reconn/s: 0.00
[ 320s ] thds: 256 tps: 18516.81 qps: 370337.99 (r/w/o: 259247.83/74056.84/37033.32) lat (ms,95%): 20.00 err/s: 0.10 reconn/s: 0.00
[ 330s ] thds: 256 tps: 18345.61 qps: 367002.79 (r/w/o: 256905.40/73404.36/36693.03) lat (ms,95%): 20.37 err/s: 0.10 reconn/s: 0.00
[ 340s ] thds: 256 tps: 18414.50 qps: 368320.90 (r/w/o: 257825.23/73666.68/36828.99) lat (ms,95%): 20.00 err/s: 0.00 reconn/s: 0.00
[ 350s ] thds: 256 tps: 18517.89 qps: 370289.93 (r/w/o: 259210.51/74043.85/37035.57) lat (ms,95%): 20.00 err/s: 0.00 reconn/s: 0.00
[ 360s ] thds: 256 tps: 18306.06 qps: 366163.05 (r/w/o: 256309.61/73241.03/36612.42) lat (ms,95%): 20.37 err/s: 0.00 reconn/s: 0.00
[ 370s ] thds: 256 tps: 18418.62 qps: 368328.67 (r/w/o: 257834.26/73657.77/36836.64) lat (ms,95%): 20.37 err/s: 0.00 reconn/s: 0.00
[ 380s ] thds: 256 tps: 18405.82 qps: 368152.13 (r/w/o: 257695.00/73645.19/36811.94) lat (ms,95%): 20.37 err/s: 0.00 reconn/s: 0.00
SQL statistics:
    queries performed:
        read:                            98092694
        write:                           28026473
        other:                           14013245
        total:                           140132412
    transactions:                        7006617 (18415.11 per sec.)
    queries:                             140132412 (368302.30 per sec.)
    ignored errors:                      4      (0.01 per sec.)
    reconnects:                          0      (0.00 per sec.)

General statistics:
    total time:                          380.4811s
    total number of events:              7006617

Latency (ms):
         min:                                    5.03
         avg:                                   13.88
         max:                                  486.61
         95th percentile:                       20.00
         sum:                             97281836.16

Threads fairness:
    events (avg/stddev):           27369.5977/528.58
    execution time (avg/stddev):   380.0072/0.09

