sysbench 1.0.20-ebf1c90 (using bundled LuaJIT 2.1.0-beta2)

Running the test with following options:
Number of threads: 32
Report intermediate results every 10 second(s)
Initializing random number generator from current time


Initializing worker threads...

Threads started!

[ 10s ] thds: 32 tps: 2451.61 qps: 49065.00 (r/w/o: 34350.94/9807.74/4906.32) lat (ms,95%): 17.32 err/s: 0.00 reconn/s: 0.00
[ 20s ] thds: 32 tps: 2502.20 qps: 50044.17 (r/w/o: 35029.65/10010.11/5004.41) lat (ms,95%): 16.41 err/s: 0.00 reconn/s: 0.00
[ 30s ] thds: 32 tps: 2517.30 qps: 50342.09 (r/w/o: 35239.70/10068.00/5034.40) lat (ms,95%): 16.41 err/s: 0.00 reconn/s: 0.00
[ 40s ] thds: 32 tps: 2483.50 qps: 49675.85 (r/w/o: 34773.43/9935.11/4967.30) lat (ms,95%): 16.71 err/s: 0.00 reconn/s: 0.00
[ 50s ] thds: 32 tps: 2490.00 qps: 49792.26 (r/w/o: 34854.27/9958.09/4979.90) lat (ms,95%): 17.01 err/s: 0.00 reconn/s: 0.00
[ 60s ] thds: 32 tps: 2495.60 qps: 49917.94 (r/w/o: 34942.73/9983.91/4991.30) lat (ms,95%): 16.71 err/s: 0.00 reconn/s: 0.00
[ 70s ] thds: 32 tps: 2528.20 qps: 50566.64 (r/w/o: 35397.46/10112.99/5056.19) lat (ms,95%): 16.71 err/s: 0.00 reconn/s: 0.00
[ 80s ] thds: 32 tps: 2558.10 qps: 51154.08 (r/w/o: 35806.59/10231.10/5116.40) lat (ms,95%): 16.71 err/s: 0.00 reconn/s: 0.00
[ 90s ] thds: 32 tps: 2572.20 qps: 51455.60 (r/w/o: 36020.20/10291.10/5144.30) lat (ms,95%): 16.71 err/s: 0.00 reconn/s: 0.00
[ 100s ] thds: 32 tps: 2557.70 qps: 51148.14 (r/w/o: 35803.03/10229.71/5115.40) lat (ms,95%): 16.71 err/s: 0.00 reconn/s: 0.00
[ 110s ] thds: 32 tps: 2563.10 qps: 51262.58 (r/w/o: 35884.69/10251.80/5126.10) lat (ms,95%): 16.41 err/s: 0.00 reconn/s: 0.00
[ 120s ] thds: 32 tps: 2577.00 qps: 51533.84 (r/w/o: 36072.33/10307.41/5154.10) lat (ms,95%): 16.41 err/s: 0.00 reconn/s: 0.00
[ 130s ] thds: 32 tps: 2647.40 qps: 52951.17 (r/w/o: 37066.58/10589.69/5294.90) lat (ms,95%): 16.41 err/s: 0.00 reconn/s: 0.00
[ 140s ] thds: 32 tps: 2534.30 qps: 50687.02 (r/w/o: 35481.42/10137.10/5068.50) lat (ms,95%): 16.71 err/s: 0.00 reconn/s: 0.00
[ 150s ] thds: 32 tps: 2588.90 qps: 51777.78 (r/w/o: 36243.59/10356.30/5177.90) lat (ms,95%): 17.01 err/s: 0.00 reconn/s: 0.00
[ 160s ] thds: 32 tps: 2631.00 qps: 52619.79 (r/w/o: 36834.70/10523.10/5262.00) lat (ms,95%): 16.71 err/s: 0.00 reconn/s: 0.00
[ 170s ] thds: 32 tps: 2638.10 qps: 52763.08 (r/w/o: 36933.19/10553.70/5276.20) lat (ms,95%): 16.12 err/s: 0.00 reconn/s: 0.00
[ 180s ] thds: 32 tps: 2658.90 qps: 53178.37 (r/w/o: 37225.85/10634.81/5317.71) lat (ms,95%): 16.41 err/s: 0.00 reconn/s: 0.00
[ 190s ] thds: 32 tps: 2634.00 qps: 52681.55 (r/w/o: 36876.76/10536.89/5267.89) lat (ms,95%): 16.12 err/s: 0.00 reconn/s: 0.00
[ 200s ] thds: 32 tps: 2626.00 qps: 52516.70 (r/w/o: 36761.50/10503.10/5252.10) lat (ms,95%): 16.12 err/s: 0.00 reconn/s: 0.00
[ 210s ] thds: 32 tps: 2661.60 qps: 53228.47 (r/w/o: 37259.08/10646.29/5323.10) lat (ms,95%): 16.12 err/s: 0.00 reconn/s: 0.00
[ 220s ] thds: 32 tps: 2662.30 qps: 53244.43 (r/w/o: 37270.85/10648.89/5324.69) lat (ms,95%): 16.12 err/s: 0.00 reconn/s: 0.00
[ 230s ] thds: 32 tps: 2685.10 qps: 53714.78 (r/w/o: 37602.46/10742.02/5370.31) lat (ms,95%): 16.12 err/s: 0.00 reconn/s: 0.00
[ 240s ] thds: 32 tps: 2604.60 qps: 52091.11 (r/w/o: 36464.11/10417.80/5209.20) lat (ms,95%): 16.71 err/s: 0.00 reconn/s: 0.00
[ 250s ] thds: 32 tps: 2638.30 qps: 52761.00 (r/w/o: 36931.70/10552.80/5276.50) lat (ms,95%): 16.41 err/s: 0.00 reconn/s: 0.00
[ 260s ] thds: 32 tps: 2705.70 qps: 54113.90 (r/w/o: 37878.90/10823.50/5411.50) lat (ms,95%): 16.12 err/s: 0.00 reconn/s: 0.00
[ 270s ] thds: 32 tps: 2696.18 qps: 53918.84 (r/w/o: 37742.57/10784.01/5392.25) lat (ms,95%): 16.41 err/s: 0.00 reconn/s: 0.00
[ 280s ] thds: 32 tps: 2647.92 qps: 52966.16 (r/w/o: 37077.92/10592.29/5295.95) lat (ms,95%): 16.41 err/s: 0.00 reconn/s: 0.00
[ 290s ] thds: 32 tps: 2648.89 qps: 52972.10 (r/w/o: 37079.43/10594.98/5297.69) lat (ms,95%): 16.12 err/s: 0.00 reconn/s: 0.00
[ 300s ] thds: 32 tps: 2664.00 qps: 53280.71 (r/w/o: 37296.60/10656.10/5328.00) lat (ms,95%): 15.83 err/s: 0.00 reconn/s: 0.00
[ 310s ] thds: 32 tps: 2740.40 qps: 54804.21 (r/w/o: 38362.11/10961.30/5480.80) lat (ms,95%): 15.83 err/s: 0.00 reconn/s: 0.00
[ 320s ] thds: 32 tps: 2708.00 qps: 54167.06 (r/w/o: 37918.24/10832.81/5416.01) lat (ms,95%): 15.83 err/s: 0.00 reconn/s: 0.00
[ 330s ] thds: 32 tps: 2750.18 qps: 55000.87 (r/w/o: 38500.10/11000.31/5500.46) lat (ms,95%): 16.12 err/s: 0.00 reconn/s: 0.00
[ 340s ] thds: 32 tps: 2751.51 qps: 55028.16 (r/w/o: 38518.71/11006.73/5502.72) lat (ms,95%): 15.83 err/s: 0.00 reconn/s: 0.00
[ 350s ] thds: 32 tps: 2643.71 qps: 52878.44 (r/w/o: 37016.57/10574.25/5287.62) lat (ms,95%): 16.12 err/s: 0.00 reconn/s: 0.00
[ 360s ] thds: 32 tps: 2764.40 qps: 55286.25 (r/w/o: 38700.47/11056.89/5528.90) lat (ms,95%): 15.83 err/s: 0.00 reconn/s: 0.00
[ 370s ] thds: 32 tps: 2801.38 qps: 56029.89 (r/w/o: 39221.28/11206.24/5602.37) lat (ms,95%): 15.83 err/s: 0.00 reconn/s: 0.00
[ 380s ] thds: 32 tps: 2710.98 qps: 54220.88 (r/w/o: 37954.90/10843.82/5422.16) lat (ms,95%): 16.12 err/s: 0.00 reconn/s: 0.00
SQL statistics:
    queries performed:
        read:                            13964104
        write:                           3989744
        other:                           1994872
        total:                           19948720
    transactions:                        997436 (2624.68 per sec.)
    queries:                             19948720 (52493.70 per sec.)
    ignored errors:                      0      (0.00 per sec.)
    reconnects:                          0      (0.00 per sec.)

General statistics:
    total time:                          380.0203s
    total number of events:              997436

Latency (ms):
         min:                                    4.50
         avg:                                   12.19
         max:                                  145.85
         95th percentile:                       16.41
         sum:                             12159425.44

Threads fairness:
    events (avg/stddev):           31169.8750/2157.91
    execution time (avg/stddev):   379.9820/0.00

