sysbench 1.0.20-ebf1c90 (using bundled LuaJIT 2.1.0-beta2)

Running the test with following options:
Number of threads: 256
Report intermediate results every 10 second(s)
Initializing random number generator from current time


Initializing worker threads...

Threads started!

[ 10s ] thds: 256 tps: 17489.15 qps: 350114.63 (r/w/o: 245116.61/69993.91/35004.10) lat (ms,95%): 21.50 err/s: 0.10 reconn/s: 0.00
[ 20s ] thds: 256 tps: 18112.35 qps: 362243.77 (r/w/o: 253577.35/72441.71/36224.71) lat (ms,95%): 20.00 err/s: 0.00 reconn/s: 0.00
[ 30s ] thds: 256 tps: 18276.52 qps: 365459.85 (r/w/o: 255809.22/73100.49/36550.15) lat (ms,95%): 20.00 err/s: 0.00 reconn/s: 0.00
[ 40s ] thds: 256 tps: 18482.16 qps: 369691.33 (r/w/o: 258795.96/73928.25/36967.12) lat (ms,95%): 19.65 err/s: 0.00 reconn/s: 0.00
[ 50s ] thds: 256 tps: 18609.45 qps: 372195.50 (r/w/o: 260547.70/74430.70/37217.10) lat (ms,95%): 19.65 err/s: 0.00 reconn/s: 0.00
[ 60s ] thds: 256 tps: 18542.79 qps: 370889.79 (r/w/o: 259623.03/74179.18/37087.59) lat (ms,95%): 19.65 err/s: 0.00 reconn/s: 0.00
[ 70s ] thds: 256 tps: 18599.83 qps: 372021.68 (r/w/o: 260409.18/74412.64/37199.87) lat (ms,95%): 19.65 err/s: 0.00 reconn/s: 0.00
[ 80s ] thds: 256 tps: 18599.55 qps: 371978.90 (r/w/o: 260376.37/74403.42/37199.11) lat (ms,95%): 19.65 err/s: 0.00 reconn/s: 0.00
[ 90s ] thds: 256 tps: 18563.71 qps: 371228.99 (r/w/o: 259870.43/74231.14/37127.42) lat (ms,95%): 19.65 err/s: 0.00 reconn/s: 0.00
[ 100s ] thds: 256 tps: 18428.02 qps: 368551.98 (r/w/o: 257975.53/73720.50/36855.95) lat (ms,95%): 20.00 err/s: 0.00 reconn/s: 0.00
[ 110s ] thds: 256 tps: 18642.31 qps: 372930.64 (r/w/o: 261051.97/74593.75/37284.92) lat (ms,95%): 19.65 err/s: 0.10 reconn/s: 0.00
[ 120s ] thds: 256 tps: 18547.67 qps: 370899.32 (r/w/o: 259644.79/74159.19/37095.34) lat (ms,95%): 19.65 err/s: 0.00 reconn/s: 0.00
[ 130s ] thds: 256 tps: 18542.25 qps: 370835.69 (r/w/o: 259578.49/74172.50/37084.70) lat (ms,95%): 19.65 err/s: 0.10 reconn/s: 0.00
[ 140s ] thds: 256 tps: 18472.37 qps: 369443.31 (r/w/o: 258608.89/73889.98/36944.44) lat (ms,95%): 19.65 err/s: 0.00 reconn/s: 0.00
[ 150s ] thds: 256 tps: 18526.94 qps: 370485.69 (r/w/o: 259333.55/74098.96/37053.18) lat (ms,95%): 20.00 err/s: 0.00 reconn/s: 0.00
[ 160s ] thds: 256 tps: 18364.07 qps: 367277.49 (r/w/o: 257094.88/73455.88/36726.74) lat (ms,95%): 20.00 err/s: 0.00 reconn/s: 0.00
[ 170s ] thds: 256 tps: 18506.97 qps: 370220.87 (r/w/o: 259165.33/74039.09/37016.45) lat (ms,95%): 20.00 err/s: 0.00 reconn/s: 0.00
[ 180s ] thds: 256 tps: 18535.08 qps: 370756.82 (r/w/o: 259513.14/74173.52/37070.16) lat (ms,95%): 20.00 err/s: 0.00 reconn/s: 0.00
[ 190s ] thds: 256 tps: 18528.72 qps: 370490.66 (r/w/o: 259358.45/74075.17/37057.04) lat (ms,95%): 20.00 err/s: 0.00 reconn/s: 0.00
[ 200s ] thds: 256 tps: 18415.58 qps: 368296.59 (r/w/o: 257802.01/73666.02/36828.56) lat (ms,95%): 20.00 err/s: 0.00 reconn/s: 0.00
[ 210s ] thds: 256 tps: 18364.55 qps: 367254.35 (r/w/o: 257064.44/73458.11/36731.80) lat (ms,95%): 20.37 err/s: 0.00 reconn/s: 0.00
[ 220s ] thds: 256 tps: 18523.02 qps: 370457.57 (r/w/o: 259326.06/74085.07/37046.44) lat (ms,95%): 20.00 err/s: 0.00 reconn/s: 0.00
[ 230s ] thds: 256 tps: 18327.63 qps: 366632.75 (r/w/o: 256640.35/73337.13/36655.27) lat (ms,95%): 20.37 err/s: 0.00 reconn/s: 0.00
[ 240s ] thds: 256 tps: 18381.94 qps: 367542.35 (r/w/o: 257276.93/73501.55/36763.88) lat (ms,95%): 20.37 err/s: 0.00 reconn/s: 0.00
[ 250s ] thds: 256 tps: 18385.31 qps: 367758.77 (r/w/o: 257442.99/73545.05/36770.73) lat (ms,95%): 20.37 err/s: 0.00 reconn/s: 0.00
[ 260s ] thds: 256 tps: 18432.17 qps: 368664.35 (r/w/o: 258073.15/73727.17/36864.04) lat (ms,95%): 20.37 err/s: 0.00 reconn/s: 0.00
[ 270s ] thds: 256 tps: 18408.93 qps: 368173.96 (r/w/o: 257713.09/73644.31/36816.56) lat (ms,95%): 20.37 err/s: 0.00 reconn/s: 0.00
[ 280s ] thds: 256 tps: 18362.46 qps: 367206.92 (r/w/o: 257035.15/73446.54/36725.22) lat (ms,95%): 20.37 err/s: 0.00 reconn/s: 0.00
[ 290s ] thds: 256 tps: 18428.52 qps: 368572.49 (r/w/o: 258005.54/73708.40/36858.55) lat (ms,95%): 20.00 err/s: 0.00 reconn/s: 0.00
[ 300s ] thds: 256 tps: 18474.00 qps: 369491.38 (r/w/o: 258650.98/73892.40/36948.00) lat (ms,95%): 20.00 err/s: 0.00 reconn/s: 0.00
[ 310s ] thds: 256 tps: 18380.71 qps: 367631.81 (r/w/o: 257338.88/73534.12/36758.81) lat (ms,95%): 20.37 err/s: 0.00 reconn/s: 0.00
[ 320s ] thds: 256 tps: 18482.14 qps: 369657.42 (r/w/o: 258758.07/73932.46/36966.88) lat (ms,95%): 20.37 err/s: 0.00 reconn/s: 0.00
[ 330s ] thds: 256 tps: 18313.67 qps: 366322.60 (r/w/o: 256426.65/73268.40/36627.55) lat (ms,95%): 20.37 err/s: 0.10 reconn/s: 0.00
[ 340s ] thds: 256 tps: 18412.20 qps: 368325.04 (r/w/o: 257824.96/73675.79/36824.29) lat (ms,95%): 20.00 err/s: 0.00 reconn/s: 0.00
[ 350s ] thds: 256 tps: 18494.97 qps: 369777.15 (r/w/o: 258858.25/73929.17/36989.74) lat (ms,95%): 20.00 err/s: 0.10 reconn/s: 0.00
[ 360s ] thds: 256 tps: 18301.96 qps: 366099.77 (r/w/o: 256257.39/73237.75/36604.63) lat (ms,95%): 20.37 err/s: 0.10 reconn/s: 0.00
[ 370s ] thds: 256 tps: 18386.76 qps: 367671.41 (r/w/o: 257386.38/73512.42/36772.61) lat (ms,95%): 20.37 err/s: 0.00 reconn/s: 0.00
[ 380s ] thds: 256 tps: 18345.19 qps: 366767.64 (r/w/o: 256706.40/73381.25/36680.00) lat (ms,95%): 20.37 err/s: 0.10 reconn/s: 0.00
SQL statistics:
    queries performed:
        read:                            98006636
        write:                           28001874
        other:                           14000956
        total:                           140009466
    transactions:                        7000467 (18393.94 per sec.)
    queries:                             140009466 (367879.03 per sec.)
    ignored errors:                      7      (0.02 per sec.)
    reconnects:                          0      (0.00 per sec.)

General statistics:
    total time:                          380.5847s
    total number of events:              7000467

Latency (ms):
         min:                                    5.31
         avg:                                   13.90
         max:                                  582.10
         95th percentile:                       20.00
         sum:                             97293260.84

Threads fairness:
    events (avg/stddev):           27345.5742/484.51
    execution time (avg/stddev):   380.0518/0.13

