sysbench 1.0.20-ebf1c90 (using bundled LuaJIT 2.1.0-beta2)

Running the test with following options:
Number of threads: 256
Report intermediate results every 10 second(s)
Initializing random number generator from current time


Initializing worker threads...

Threads started!

[ 10s ] thds: 256 tps: 27401.80 qps: 548345.96 (r/w/o: 383884.36/109633.00/54828.60) lat (ms,95%): 12.98 err/s: 0.00 reconn/s: 0.00
[ 20s ] thds: 256 tps: 28634.86 qps: 572625.68 (r/w/o: 400834.43/114520.94/57270.32) lat (ms,95%): 12.30 err/s: 0.00 reconn/s: 0.00
[ 30s ] thds: 256 tps: 29030.88 qps: 580669.48 (r/w/o: 406475.48/116133.24/58060.77) lat (ms,95%): 11.87 err/s: 0.00 reconn/s: 0.00
[ 40s ] thds: 256 tps: 29113.98 qps: 582265.53 (r/w/o: 407581.84/116455.23/58228.46) lat (ms,95%): 11.65 err/s: 0.00 reconn/s: 0.00
[ 50s ] thds: 256 tps: 29120.45 qps: 582396.41 (r/w/o: 407672.80/116482.60/58241.00) lat (ms,95%): 11.65 err/s: 0.00 reconn/s: 0.00
[ 60s ] thds: 256 tps: 29176.90 qps: 583608.80 (r/w/o: 408527.23/116727.28/58354.29) lat (ms,95%): 11.87 err/s: 0.00 reconn/s: 0.00
[ 70s ] thds: 256 tps: 29301.63 qps: 585975.50 (r/w/o: 410183.02/117190.22/58602.26) lat (ms,95%): 11.65 err/s: 0.00 reconn/s: 0.00
[ 80s ] thds: 256 tps: 29160.26 qps: 583234.55 (r/w/o: 408266.31/116648.63/58319.62) lat (ms,95%): 11.65 err/s: 0.00 reconn/s: 0.00
[ 90s ] thds: 256 tps: 29104.54 qps: 582088.25 (r/w/o: 407468.90/116408.87/58210.49) lat (ms,95%): 11.65 err/s: 0.00 reconn/s: 0.00
[ 100s ] thds: 256 tps: 28998.66 qps: 579955.28 (r/w/o: 405972.43/115985.64/57997.22) lat (ms,95%): 11.65 err/s: 0.00 reconn/s: 0.00
[ 110s ] thds: 256 tps: 29070.82 qps: 581387.40 (r/w/o: 406963.78/116282.08/58141.54) lat (ms,95%): 11.65 err/s: 0.00 reconn/s: 0.00
[ 120s ] thds: 256 tps: 29115.01 qps: 582331.27 (r/w/o: 407635.72/116465.13/58230.42) lat (ms,95%): 11.65 err/s: 0.00 reconn/s: 0.00
[ 130s ] thds: 256 tps: 29166.96 qps: 583318.30 (r/w/o: 408308.21/116678.76/58331.33) lat (ms,95%): 11.65 err/s: 0.00 reconn/s: 0.00
[ 140s ] thds: 256 tps: 28762.59 qps: 575253.03 (r/w/o: 402683.78/115042.27/57526.98) lat (ms,95%): 11.87 err/s: 0.00 reconn/s: 0.00
[ 150s ] thds: 256 tps: 29152.20 qps: 583119.65 (r/w/o: 408194.06/116620.49/58305.09) lat (ms,95%): 11.65 err/s: 0.00 reconn/s: 0.00
[ 160s ] thds: 256 tps: 29350.86 qps: 586894.17 (r/w/o: 410801.89/117390.85/58701.43) lat (ms,95%): 11.65 err/s: 0.00 reconn/s: 0.00
[ 170s ] thds: 256 tps: 29134.63 qps: 582740.70 (r/w/o: 407940.39/116533.94/58266.37) lat (ms,95%): 11.65 err/s: 0.00 reconn/s: 0.00
[ 180s ] thds: 256 tps: 29185.36 qps: 583732.67 (r/w/o: 408606.79/116751.55/58374.33) lat (ms,95%): 11.87 err/s: 0.00 reconn/s: 0.00
[ 190s ] thds: 256 tps: 28972.99 qps: 579425.87 (r/w/o: 405595.14/115884.75/57945.98) lat (ms,95%): 11.65 err/s: 0.00 reconn/s: 0.00
[ 200s ] thds: 256 tps: 29343.98 qps: 586959.42 (r/w/o: 410885.37/117386.00/58688.05) lat (ms,95%): 11.65 err/s: 0.00 reconn/s: 0.00
[ 210s ] thds: 256 tps: 29237.90 qps: 584692.08 (r/w/o: 409277.16/116939.42/58475.51) lat (ms,95%): 11.65 err/s: 0.00 reconn/s: 0.00
[ 220s ] thds: 256 tps: 28987.69 qps: 579757.18 (r/w/o: 405833.85/115948.66/57974.68) lat (ms,95%): 11.65 err/s: 0.00 reconn/s: 0.00
[ 230s ] thds: 256 tps: 29292.70 qps: 585773.75 (r/w/o: 410020.93/117168.01/58584.80) lat (ms,95%): 11.65 err/s: 0.00 reconn/s: 0.00
[ 240s ] thds: 256 tps: 29014.81 qps: 580359.86 (r/w/o: 406265.11/116065.53/58029.22) lat (ms,95%): 11.65 err/s: 0.00 reconn/s: 0.00
[ 250s ] thds: 256 tps: 29410.82 qps: 588200.34 (r/w/o: 411729.53/117648.07/58822.73) lat (ms,95%): 11.65 err/s: 0.00 reconn/s: 0.00
[ 260s ] thds: 256 tps: 29402.62 qps: 588022.40 (r/w/o: 411613.88/117603.98/58804.54) lat (ms,95%): 11.45 err/s: 0.00 reconn/s: 0.00
[ 270s ] thds: 256 tps: 29613.48 qps: 592347.52 (r/w/o: 414658.36/118460.60/59228.55) lat (ms,95%): 11.45 err/s: 0.00 reconn/s: 0.00
[ 280s ] thds: 256 tps: 29292.24 qps: 585872.27 (r/w/o: 410121.81/117165.97/58584.49) lat (ms,95%): 11.65 err/s: 0.00 reconn/s: 0.00
[ 290s ] thds: 256 tps: 29707.67 qps: 594101.07 (r/w/o: 415856.06/118830.17/59414.84) lat (ms,95%): 11.45 err/s: 0.00 reconn/s: 0.00
[ 300s ] thds: 256 tps: 29158.15 qps: 583115.35 (r/w/o: 408169.57/116629.59/58316.20) lat (ms,95%): 11.65 err/s: 0.00 reconn/s: 0.00
[ 310s ] thds: 256 tps: 29199.60 qps: 584130.47 (r/w/o: 408915.65/116815.11/58399.71) lat (ms,95%): 11.87 err/s: 0.00 reconn/s: 0.00
[ 320s ] thds: 256 tps: 29351.16 qps: 586884.65 (r/w/o: 410794.10/117389.73/58700.81) lat (ms,95%): 11.65 err/s: 0.00 reconn/s: 0.00
[ 330s ] thds: 256 tps: 29229.55 qps: 584632.03 (r/w/o: 409251.95/116922.09/58457.99) lat (ms,95%): 11.45 err/s: 0.00 reconn/s: 0.00
[ 340s ] thds: 256 tps: 29345.91 qps: 586937.17 (r/w/o: 410864.42/117378.93/58693.82) lat (ms,95%): 11.65 err/s: 0.00 reconn/s: 0.00
[ 350s ] thds: 256 tps: 29142.84 qps: 582863.81 (r/w/o: 408004.96/116573.96/58284.88) lat (ms,95%): 11.65 err/s: 0.00 reconn/s: 0.00
[ 360s ] thds: 256 tps: 29449.27 qps: 588955.94 (r/w/o: 412262.24/117794.17/58899.53) lat (ms,95%): 11.65 err/s: 0.00 reconn/s: 0.00
[ 370s ] thds: 256 tps: 29597.89 qps: 591938.97 (r/w/o: 414343.74/118399.05/59196.18) lat (ms,95%): 11.45 err/s: 0.00 reconn/s: 0.00
[ 380s ] thds: 256 tps: 29167.57 qps: 583405.08 (r/w/o: 408397.07/116672.78/58335.24) lat (ms,95%): 11.65 err/s: 0.00 reconn/s: 0.00
SQL statistics:
    queries performed:
        read:                            155110200
        write:                           44317197
        other:                           22158603
        total:                           221586000
    transactions:                        11079300 (29143.39 per sec.)
    queries:                             221586000 (582867.80 per sec.)
    ignored errors:                      0      (0.00 per sec.)
    reconnects:                          0      (0.00 per sec.)

General statistics:
    total time:                          380.1641s
    total number of events:              11079300

Latency (ms):
         min:                                    4.77
         avg:                                    8.78
         max:                                  164.90
         95th percentile:                       11.65
         sum:                             97268297.72

Threads fairness:
    events (avg/stddev):           43278.5156/1085.15
    execution time (avg/stddev):   379.9543/0.02

