sysbench 1.0.20-ebf1c90 (using bundled LuaJIT 2.1.0-beta2)

Running the test with following options:
Number of threads: 256
Report intermediate results every 10 second(s)
Initializing random number generator from current time


Initializing worker threads...

Threads started!

[ 10s ] thds: 256 tps: 27526.96 qps: 550800.21 (r/w/o: 385602.34/110119.15/55078.72) lat (ms,95%): 12.98 err/s: 0.00 reconn/s: 0.00
[ 20s ] thds: 256 tps: 28634.51 qps: 572687.10 (r/w/o: 400874.17/114544.22/57268.71) lat (ms,95%): 12.30 err/s: 0.00 reconn/s: 0.00
[ 30s ] thds: 256 tps: 29044.68 qps: 580948.49 (r/w/o: 406669.82/116188.32/58090.36) lat (ms,95%): 11.87 err/s: 0.00 reconn/s: 0.00
[ 40s ] thds: 256 tps: 29141.83 qps: 582789.55 (r/w/o: 407947.16/116559.33/58283.06) lat (ms,95%): 11.65 err/s: 0.00 reconn/s: 0.00
[ 50s ] thds: 256 tps: 29117.92 qps: 582399.88 (r/w/o: 407692.14/116471.10/58236.65) lat (ms,95%): 11.87 err/s: 0.10 reconn/s: 0.00
[ 60s ] thds: 256 tps: 29182.54 qps: 583632.98 (r/w/o: 408536.45/116732.86/58363.68) lat (ms,95%): 11.87 err/s: 0.00 reconn/s: 0.00
[ 70s ] thds: 256 tps: 29306.70 qps: 586112.58 (r/w/o: 410274.39/117223.80/58614.40) lat (ms,95%): 11.65 err/s: 0.00 reconn/s: 0.00
[ 80s ] thds: 256 tps: 29180.18 qps: 583577.16 (r/w/o: 408503.36/116713.43/58360.37) lat (ms,95%): 11.65 err/s: 0.00 reconn/s: 0.00
[ 90s ] thds: 256 tps: 29104.09 qps: 582115.20 (r/w/o: 407480.56/116429.46/58205.18) lat (ms,95%): 11.65 err/s: 0.00 reconn/s: 0.00
[ 100s ] thds: 256 tps: 29037.83 qps: 580782.80 (r/w/o: 406554.12/116150.42/58078.26) lat (ms,95%): 11.65 err/s: 0.00 reconn/s: 0.00
[ 110s ] thds: 256 tps: 29069.60 qps: 581374.11 (r/w/o: 406967.11/116267.50/58139.50) lat (ms,95%): 11.65 err/s: 0.00 reconn/s: 0.00
[ 120s ] thds: 256 tps: 29122.10 qps: 582447.78 (r/w/o: 407716.66/116487.42/58243.71) lat (ms,95%): 11.65 err/s: 0.00 reconn/s: 0.00
[ 130s ] thds: 256 tps: 29147.65 qps: 583006.17 (r/w/o: 408115.35/116594.41/58296.41) lat (ms,95%): 11.65 err/s: 0.00 reconn/s: 0.00
[ 140s ] thds: 256 tps: 28806.59 qps: 576045.75 (r/w/o: 403215.30/115218.27/57612.19) lat (ms,95%): 11.87 err/s: 0.00 reconn/s: 0.00
[ 150s ] thds: 256 tps: 29175.07 qps: 583554.40 (r/w/o: 408489.68/116714.48/58350.24) lat (ms,95%): 11.65 err/s: 0.00 reconn/s: 0.00
[ 160s ] thds: 256 tps: 29369.97 qps: 587376.14 (r/w/o: 411159.64/117476.27/58740.23) lat (ms,95%): 11.65 err/s: 0.00 reconn/s: 0.00
[ 170s ] thds: 256 tps: 29153.88 qps: 583072.11 (r/w/o: 408149.16/116615.20/58307.75) lat (ms,95%): 11.65 err/s: 0.00 reconn/s: 0.00
[ 180s ] thds: 256 tps: 29167.21 qps: 583336.33 (r/w/o: 408329.46/116673.15/58333.72) lat (ms,95%): 11.87 err/s: 0.00 reconn/s: 0.00
[ 190s ] thds: 256 tps: 28939.56 qps: 578763.78 (r/w/o: 405139.53/115746.74/57877.52) lat (ms,95%): 11.87 err/s: 0.00 reconn/s: 0.00
[ 200s ] thds: 256 tps: 29382.28 qps: 587710.67 (r/w/o: 411408.40/117534.91/58767.36) lat (ms,95%): 11.65 err/s: 0.00 reconn/s: 0.00
[ 210s ] thds: 256 tps: 29229.13 qps: 584487.98 (r/w/o: 409123.18/116908.84/58455.97) lat (ms,95%): 11.65 err/s: 0.00 reconn/s: 0.00
[ 220s ] thds: 256 tps: 28983.80 qps: 579696.37 (r/w/o: 405791.25/115935.71/57969.41) lat (ms,95%): 11.65 err/s: 0.00 reconn/s: 0.00
[ 230s ] thds: 256 tps: 29297.46 qps: 586011.64 (r/w/o: 410226.67/117189.25/58595.72) lat (ms,95%): 11.65 err/s: 0.00 reconn/s: 0.00
[ 240s ] thds: 256 tps: 29033.10 qps: 580622.07 (r/w/o: 406415.15/116143.11/58063.81) lat (ms,95%): 11.65 err/s: 0.00 reconn/s: 0.00
[ 250s ] thds: 256 tps: 29402.50 qps: 588058.71 (r/w/o: 411639.91/117611.50/58807.30) lat (ms,95%): 11.65 err/s: 0.00 reconn/s: 0.00
[ 260s ] thds: 256 tps: 29422.52 qps: 588469.57 (r/w/o: 411932.86/117692.17/58844.54) lat (ms,95%): 11.45 err/s: 0.00 reconn/s: 0.00
[ 270s ] thds: 256 tps: 29606.94 qps: 592113.02 (r/w/o: 414476.77/118422.96/59213.28) lat (ms,95%): 11.45 err/s: 0.00 reconn/s: 0.00
[ 280s ] thds: 256 tps: 29284.72 qps: 585674.09 (r/w/o: 409968.34/117136.80/58568.95) lat (ms,95%): 11.65 err/s: 0.00 reconn/s: 0.00
[ 290s ] thds: 256 tps: 29710.55 qps: 594309.54 (r/w/o: 416027.86/118859.49/59422.19) lat (ms,95%): 11.45 err/s: 0.00 reconn/s: 0.00
[ 300s ] thds: 256 tps: 29156.19 qps: 583091.40 (r/w/o: 408169.19/116609.44/58312.77) lat (ms,95%): 11.65 err/s: 0.00 reconn/s: 0.00
[ 310s ] thds: 256 tps: 29196.92 qps: 583896.63 (r/w/o: 408719.20/116783.59/58393.84) lat (ms,95%): 11.87 err/s: 0.00 reconn/s: 0.00
[ 320s ] thds: 256 tps: 29325.90 qps: 586563.75 (r/w/o: 410600.97/117311.89/58650.90) lat (ms,95%): 11.65 err/s: 0.00 reconn/s: 0.00
[ 330s ] thds: 256 tps: 29238.71 qps: 584789.56 (r/w/o: 409357.21/116953.93/58478.42) lat (ms,95%): 11.45 err/s: 0.00 reconn/s: 0.00
[ 340s ] thds: 256 tps: 29367.36 qps: 587261.36 (r/w/o: 411068.61/117458.63/58734.12) lat (ms,95%): 11.65 err/s: 0.00 reconn/s: 0.00
[ 350s ] thds: 256 tps: 29146.75 qps: 582899.20 (r/w/o: 408016.30/116590.00/58292.90) lat (ms,95%): 11.65 err/s: 0.00 reconn/s: 0.00
[ 360s ] thds: 256 tps: 29444.18 qps: 588957.18 (r/w/o: 412297.40/117770.72/58889.06) lat (ms,95%): 11.65 err/s: 0.00 reconn/s: 0.00
[ 370s ] thds: 256 tps: 29621.27 qps: 592378.32 (r/w/o: 414647.99/118488.08/59242.24) lat (ms,95%): 11.45 err/s: 0.00 reconn/s: 0.00
[ 380s ] thds: 256 tps: 28887.38 qps: 577761.05 (r/w/o: 404434.36/115551.43/57775.27) lat (ms,95%): 11.65 err/s: 0.00 reconn/s: 0.00
SQL statistics:
    queries performed:
        read:                            155119356
        write:                           44319809
        other:                           22159913
        total:                           221599078
    transactions:                        11079953 (29134.92 per sec.)
    queries:                             221599078 (582698.46 per sec.)
    ignored errors:                      1      (0.00 per sec.)
    reconnects:                          0      (0.00 per sec.)

General statistics:
    total time:                          380.2971s
    total number of events:              11079953

Latency (ms):
         min:                                    4.74
         avg:                                    8.78
         max:                                  320.61
         95th percentile:                       11.65
         sum:                             97287607.09

Threads fairness:
    events (avg/stddev):           43281.0664/1171.13
    execution time (avg/stddev):   380.0297/0.07

