sysbench 1.0.20-ebf1c90 (using bundled LuaJIT 2.1.0-beta2)

Running the test with following options:
Number of threads: 256
Report intermediate results every 10 second(s)
Initializing random number generator from current time


Initializing worker threads...

Threads started!

[ 10s ] thds: 256 tps: 38151.56 qps: 763291.98 (r/w/o: 534346.82/152617.64/76327.52) lat (ms,95%): 7.43 err/s: 0.00 reconn/s: 0.00
[ 20s ] thds: 256 tps: 38905.04 qps: 778088.04 (r/w/o: 544657.29/155620.47/77810.28) lat (ms,95%): 7.30 err/s: 0.00 reconn/s: 0.00
[ 30s ] thds: 256 tps: 38994.58 qps: 779883.41 (r/w/o: 545914.25/155980.10/77989.05) lat (ms,95%): 7.30 err/s: 0.00 reconn/s: 0.00
[ 40s ] thds: 256 tps: 39025.83 qps: 780524.94 (r/w/o: 546371.08/156102.51/78051.35) lat (ms,95%): 7.30 err/s: 0.00 reconn/s: 0.00
[ 50s ] thds: 256 tps: 38983.04 qps: 779656.20 (r/w/o: 545758.59/155931.44/77966.17) lat (ms,95%): 7.30 err/s: 0.00 reconn/s: 0.00
[ 60s ] thds: 256 tps: 38784.85 qps: 775704.96 (r/w/o: 542995.17/155139.29/77570.50) lat (ms,95%): 7.30 err/s: 0.00 reconn/s: 0.00
[ 70s ] thds: 256 tps: 38982.77 qps: 779654.80 (r/w/o: 545760.28/155930.38/77964.14) lat (ms,95%): 7.30 err/s: 0.00 reconn/s: 0.00
[ 80s ] thds: 256 tps: 38919.26 qps: 778387.94 (r/w/o: 544870.40/155677.63/77839.91) lat (ms,95%): 7.30 err/s: 0.00 reconn/s: 0.00
[ 90s ] thds: 256 tps: 39066.33 qps: 781317.70 (r/w/o: 546917.89/156267.74/78132.07) lat (ms,95%): 7.30 err/s: 0.00 reconn/s: 0.00
[ 100s ] thds: 256 tps: 39029.02 qps: 780588.95 (r/w/o: 546416.85/156113.97/78058.14) lat (ms,95%): 7.30 err/s: 0.00 reconn/s: 0.00
[ 110s ] thds: 256 tps: 39057.15 qps: 781121.05 (r/w/o: 546781.03/156225.81/78114.20) lat (ms,95%): 7.30 err/s: 0.00 reconn/s: 0.00
[ 120s ] thds: 256 tps: 38966.36 qps: 779338.19 (r/w/o: 545536.60/155868.36/77933.23) lat (ms,95%): 7.30 err/s: 0.00 reconn/s: 0.00
[ 130s ] thds: 256 tps: 39042.97 qps: 780862.22 (r/w/o: 546605.60/156171.28/78085.34) lat (ms,95%): 7.30 err/s: 0.00 reconn/s: 0.00
[ 140s ] thds: 256 tps: 38988.94 qps: 779768.52 (r/w/o: 545835.71/155955.34/77977.47) lat (ms,95%): 7.30 err/s: 0.00 reconn/s: 0.00
[ 150s ] thds: 256 tps: 39040.73 qps: 780832.38 (r/w/o: 546585.30/156164.82/78082.26) lat (ms,95%): 7.30 err/s: 0.00 reconn/s: 0.00
[ 160s ] thds: 256 tps: 38810.57 qps: 776218.22 (r/w/o: 543357.52/155239.56/77621.13) lat (ms,95%): 7.30 err/s: 0.00 reconn/s: 0.00
[ 170s ] thds: 256 tps: 38984.91 qps: 779772.45 (r/w/o: 545841.90/155959.83/77970.71) lat (ms,95%): 7.30 err/s: 0.00 reconn/s: 0.00
[ 180s ] thds: 256 tps: 38943.46 qps: 778797.62 (r/w/o: 545155.15/155756.74/77885.72) lat (ms,95%): 7.30 err/s: 0.00 reconn/s: 0.00
[ 190s ] thds: 256 tps: 39000.42 qps: 780003.07 (r/w/o: 546002.53/155999.09/78001.45) lat (ms,95%): 7.30 err/s: 0.00 reconn/s: 0.00
[ 200s ] thds: 256 tps: 39011.97 qps: 780232.79 (r/w/o: 546161.24/156048.60/78022.95) lat (ms,95%): 7.30 err/s: 0.00 reconn/s: 0.00
[ 210s ] thds: 256 tps: 39054.79 qps: 781108.10 (r/w/o: 546776.86/156220.76/78110.48) lat (ms,95%): 7.30 err/s: 0.00 reconn/s: 0.00
[ 220s ] thds: 256 tps: 38990.96 qps: 779825.48 (r/w/o: 545879.60/155964.06/77981.83) lat (ms,95%): 7.30 err/s: 0.00 reconn/s: 0.00
[ 230s ] thds: 256 tps: 38923.49 qps: 778447.76 (r/w/o: 544908.93/155692.05/77846.78) lat (ms,95%): 7.30 err/s: 0.00 reconn/s: 0.00
[ 240s ] thds: 256 tps: 38878.72 qps: 777570.27 (r/w/o: 544297.63/155514.99/77757.65) lat (ms,95%): 7.30 err/s: 0.00 reconn/s: 0.00
[ 250s ] thds: 256 tps: 38999.82 qps: 780007.42 (r/w/o: 546007.32/156000.56/77999.53) lat (ms,95%): 7.30 err/s: 0.00 reconn/s: 0.00
[ 260s ] thds: 256 tps: 39009.31 qps: 780197.28 (r/w/o: 546141.13/156037.24/78018.92) lat (ms,95%): 7.30 err/s: 0.00 reconn/s: 0.00
[ 270s ] thds: 256 tps: 38633.89 qps: 772685.54 (r/w/o: 540881.62/154536.15/77267.77) lat (ms,95%): 7.30 err/s: 0.00 reconn/s: 0.00
[ 280s ] thds: 256 tps: 38940.03 qps: 778788.28 (r/w/o: 545147.60/155761.52/77879.16) lat (ms,95%): 7.30 err/s: 0.00 reconn/s: 0.00
[ 290s ] thds: 256 tps: 38875.51 qps: 777488.36 (r/w/o: 544239.28/155497.45/77751.63) lat (ms,95%): 7.30 err/s: 0.00 reconn/s: 0.00
[ 300s ] thds: 256 tps: 38935.24 qps: 778708.75 (r/w/o: 545094.29/155744.17/77870.28) lat (ms,95%): 7.30 err/s: 0.00 reconn/s: 0.00
[ 310s ] thds: 256 tps: 38926.44 qps: 778546.45 (r/w/o: 544988.39/155705.17/77852.88) lat (ms,95%): 7.30 err/s: 0.00 reconn/s: 0.00
[ 320s ] thds: 256 tps: 38849.89 qps: 776994.38 (r/w/o: 543895.25/155399.26/77699.88) lat (ms,95%): 7.30 err/s: 0.00 reconn/s: 0.00
[ 330s ] thds: 256 tps: 38839.26 qps: 776770.26 (r/w/o: 543737.71/155353.73/77678.82) lat (ms,95%): 7.30 err/s: 0.00 reconn/s: 0.00
[ 340s ] thds: 256 tps: 38916.65 qps: 778340.63 (r/w/o: 544839.32/155668.61/77832.70) lat (ms,95%): 7.30 err/s: 0.00 reconn/s: 0.00
[ 350s ] thds: 256 tps: 38867.95 qps: 777364.70 (r/w/o: 544151.97/155476.42/77736.31) lat (ms,95%): 7.30 err/s: 0.00 reconn/s: 0.00
[ 360s ] thds: 256 tps: 38892.45 qps: 777853.52 (r/w/o: 544501.31/155567.20/77785.00) lat (ms,95%): 7.30 err/s: 0.00 reconn/s: 0.00
[ 370s ] thds: 256 tps: 38954.72 qps: 779081.21 (r/w/o: 545353.89/155817.98/77909.34) lat (ms,95%): 7.30 err/s: 0.00 reconn/s: 0.00
[ 380s ] thds: 256 tps: 38860.70 qps: 777228.12 (r/w/o: 544063.01/155443.70/77721.40) lat (ms,95%): 7.30 err/s: 0.00 reconn/s: 0.00
SQL statistics:
    queries performed:
        read:                            207069940
        write:                           59162838
        other:                           29581422
        total:                           295814200
    transactions:                        14790710 (38903.77 per sec.)
    queries:                             295814200 (778075.48 per sec.)
    ignored errors:                      0      (0.00 per sec.)
    reconnects:                          0      (0.00 per sec.)

General statistics:
    total time:                          380.1861s
    total number of events:              14790710

Latency (ms):
         min:                                    4.70
         avg:                                    6.58
         max:                                  152.19
         95th percentile:                        7.30
         sum:                             97268902.61

Threads fairness:
    events (avg/stddev):           57776.2109/1815.75
    execution time (avg/stddev):   379.9567/0.03

