sysbench 1.0.20-ebf1c90 (using bundled LuaJIT 2.1.0-beta2)

Running the test with following options:
Number of threads: 256
Report intermediate results every 10 second(s)
Initializing random number generator from current time


Initializing worker threads...

Threads started!

[ 10s ] thds: 256 tps: 17509.84 qps: 350542.09 (r/w/o: 245421.98/70074.84/35045.27) lat (ms,95%): 21.50 err/s: 0.00 reconn/s: 0.00
[ 20s ] thds: 256 tps: 18129.82 qps: 362562.40 (r/w/o: 253779.65/72523.10/36259.65) lat (ms,95%): 20.00 err/s: 0.00 reconn/s: 0.00
[ 30s ] thds: 256 tps: 18290.04 qps: 365827.63 (r/w/o: 256102.18/73145.37/36580.08) lat (ms,95%): 20.00 err/s: 0.00 reconn/s: 0.00
[ 40s ] thds: 256 tps: 18485.72 qps: 369739.81 (r/w/o: 258803.91/73964.56/36971.33) lat (ms,95%): 20.00 err/s: 0.00 reconn/s: 0.00
[ 50s ] thds: 256 tps: 18617.70 qps: 372289.36 (r/w/o: 260596.97/74458.49/37233.90) lat (ms,95%): 19.65 err/s: 0.00 reconn/s: 0.00
[ 60s ] thds: 256 tps: 18534.38 qps: 370713.40 (r/w/o: 259503.82/74139.62/37069.96) lat (ms,95%): 20.00 err/s: 0.00 reconn/s: 0.00
[ 70s ] thds: 256 tps: 18636.51 qps: 372617.45 (r/w/o: 260818.60/74528.33/37270.51) lat (ms,95%): 19.65 err/s: 0.00 reconn/s: 0.00
[ 80s ] thds: 256 tps: 18616.08 qps: 372443.34 (r/w/o: 260744.95/74463.43/37234.96) lat (ms,95%): 19.65 err/s: 0.00 reconn/s: 0.00
[ 90s ] thds: 256 tps: 18586.49 qps: 371700.12 (r/w/o: 260174.77/74352.26/37173.08) lat (ms,95%): 19.65 err/s: 0.00 reconn/s: 0.00
[ 100s ] thds: 256 tps: 18434.16 qps: 368656.48 (r/w/o: 258054.33/73734.74/36867.42) lat (ms,95%): 20.00 err/s: 0.00 reconn/s: 0.00
[ 110s ] thds: 256 tps: 18639.67 qps: 372775.97 (r/w/o: 260932.66/74563.37/37279.94) lat (ms,95%): 19.65 err/s: 0.00 reconn/s: 0.00
[ 120s ] thds: 256 tps: 18544.57 qps: 370919.60 (r/w/o: 259639.08/74191.08/37089.44) lat (ms,95%): 19.65 err/s: 0.00 reconn/s: 0.00
[ 130s ] thds: 256 tps: 18526.37 qps: 370572.73 (r/w/o: 259432.30/74088.69/37051.74) lat (ms,95%): 19.65 err/s: 0.00 reconn/s: 0.00
[ 140s ] thds: 256 tps: 18486.89 qps: 369689.34 (r/w/o: 258772.82/73941.75/36974.77) lat (ms,95%): 19.65 err/s: 0.00 reconn/s: 0.00
[ 150s ] thds: 256 tps: 18503.99 qps: 370114.18 (r/w/o: 259079.21/74026.98/37007.99) lat (ms,95%): 20.00 err/s: 0.00 reconn/s: 0.00
[ 160s ] thds: 256 tps: 18378.29 qps: 367575.32 (r/w/o: 257301.50/73517.74/36756.07) lat (ms,95%): 20.00 err/s: 0.00 reconn/s: 0.00
[ 170s ] thds: 256 tps: 18488.00 qps: 369740.19 (r/w/o: 258805.16/73958.52/36976.51) lat (ms,95%): 20.00 err/s: 0.00 reconn/s: 0.00
[ 180s ] thds: 256 tps: 18516.66 qps: 370361.02 (r/w/o: 259289.28/74038.82/37032.91) lat (ms,95%): 20.00 err/s: 0.00 reconn/s: 0.00
[ 190s ] thds: 256 tps: 18479.03 qps: 369588.74 (r/w/o: 258696.18/73934.11/36958.45) lat (ms,95%): 20.00 err/s: 0.00 reconn/s: 0.00
[ 200s ] thds: 256 tps: 18409.66 qps: 368038.18 (r/w/o: 257598.00/73620.86/36819.33) lat (ms,95%): 20.00 err/s: 0.00 reconn/s: 0.00
[ 210s ] thds: 256 tps: 18349.10 qps: 366962.75 (r/w/o: 256871.06/73393.59/36698.09) lat (ms,95%): 20.37 err/s: 0.00 reconn/s: 0.00
[ 220s ] thds: 256 tps: 18507.05 qps: 370280.13 (r/w/o: 259218.92/74046.81/37014.40) lat (ms,95%): 20.00 err/s: 0.10 reconn/s: 0.00
[ 230s ] thds: 256 tps: 18345.19 qps: 366912.33 (r/w/o: 256834.98/73387.07/36690.28) lat (ms,95%): 20.37 err/s: 0.00 reconn/s: 0.00
[ 240s ] thds: 256 tps: 18374.86 qps: 367523.40 (r/w/o: 257267.34/73506.24/36749.82) lat (ms,95%): 20.37 err/s: 0.00 reconn/s: 0.00
[ 250s ] thds: 256 tps: 18412.21 qps: 368051.35 (r/w/o: 257614.77/73612.15/36824.42) lat (ms,95%): 20.37 err/s: 0.00 reconn/s: 0.00
[ 260s ] thds: 256 tps: 18379.71 qps: 367782.52 (r/w/o: 257478.49/73544.62/36759.41) lat (ms,95%): 20.37 err/s: 0.00 reconn/s: 0.00
[ 270s ] thds: 256 tps: 18392.99 qps: 367829.44 (r/w/o: 257488.09/73555.97/36785.38) lat (ms,95%): 20.37 err/s: 0.10 reconn/s: 0.00
[ 280s ] thds: 256 tps: 18319.07 qps: 366352.99 (r/w/o: 256431.37/73285.08/36636.54) lat (ms,95%): 20.37 err/s: 0.00 reconn/s: 0.00
[ 290s ] thds: 256 tps: 18422.20 qps: 368530.49 (r/w/o: 257970.09/73713.60/36846.80) lat (ms,95%): 20.37 err/s: 0.00 reconn/s: 0.00
[ 300s ] thds: 256 tps: 18486.50 qps: 369723.48 (r/w/o: 258813.89/73937.80/36971.80) lat (ms,95%): 20.00 err/s: 0.00 reconn/s: 0.00
[ 310s ] thds: 256 tps: 18365.84 qps: 367216.75 (r/w/o: 257040.89/73442.97/36732.88) lat (ms,95%): 20.37 err/s: 0.00 reconn/s: 0.00
[ 320s ] thds: 256 tps: 18493.59 qps: 369982.12 (r/w/o: 258996.00/73998.94/36987.17) lat (ms,95%): 20.37 err/s: 0.00 reconn/s: 0.00
[ 330s ] thds: 256 tps: 18312.82 qps: 366284.64 (r/w/o: 256385.74/73274.97/36623.93) lat (ms,95%): 20.37 err/s: 0.00 reconn/s: 0.00
[ 340s ] thds: 256 tps: 18415.66 qps: 368182.15 (r/w/o: 257727.68/73621.45/36833.03) lat (ms,95%): 20.00 err/s: 0.00 reconn/s: 0.00
[ 350s ] thds: 256 tps: 18482.49 qps: 369631.18 (r/w/o: 258743.62/73922.58/36964.99) lat (ms,95%): 20.00 err/s: 0.00 reconn/s: 0.00
[ 360s ] thds: 256 tps: 18279.23 qps: 365662.87 (r/w/o: 255979.77/73124.63/36558.47) lat (ms,95%): 20.37 err/s: 0.00 reconn/s: 0.00
[ 370s ] thds: 256 tps: 18375.62 qps: 367478.89 (r/w/o: 257222.67/73505.28/36750.94) lat (ms,95%): 20.37 err/s: 0.00 reconn/s: 0.00
[ 380s ] thds: 256 tps: 18383.61 qps: 367663.50 (r/w/o: 257375.51/73520.56/36767.43) lat (ms,95%): 20.37 err/s: 0.00 reconn/s: 0.00
SQL statistics:
    queries performed:
        read:                            97991530
        write:                           27997576
        other:                           13998790
        total:                           139987896
    transactions:                        6999393 (18410.19 per sec.)
    queries:                             139987896 (368203.97 per sec.)
    ignored errors:                      2      (0.01 per sec.)
    reconnects:                          0      (0.00 per sec.)

General statistics:
    total time:                          380.1902s
    total number of events:              6999393

Latency (ms):
         min:                                    5.25
         avg:                                   13.90
         max:                                  239.01
         95th percentile:                       20.00
         sum:                             97270515.38

Threads fairness:
    events (avg/stddev):           27341.3789/485.56
    execution time (avg/stddev):   379.9630/0.02

