sysbench 1.0.20-ebf1c90 (using bundled LuaJIT 2.1.0-beta2)

Running the test with following options:
Number of threads: 256
Report intermediate results every 10 second(s)
Initializing random number generator from current time


Initializing worker threads...

Threads started!

[ 10s ] thds: 256 tps: 28693.14 qps: 574095.92 (r/w/o: 401899.97/114785.37/57410.58) lat (ms,95%): 12.52 err/s: 0.00 reconn/s: 0.00
[ 20s ] thds: 256 tps: 29629.41 qps: 592720.91 (r/w/o: 414915.25/118545.94/59259.72) lat (ms,95%): 11.87 err/s: 0.00 reconn/s: 0.00
[ 30s ] thds: 256 tps: 29960.98 qps: 599160.26 (r/w/o: 419416.89/119821.61/59921.76) lat (ms,95%): 11.45 err/s: 0.00 reconn/s: 0.00
[ 40s ] thds: 256 tps: 30038.03 qps: 600743.64 (r/w/o: 420511.54/120156.53/60075.56) lat (ms,95%): 11.45 err/s: 0.00 reconn/s: 0.00
[ 50s ] thds: 256 tps: 30047.35 qps: 600893.78 (r/w/o: 420618.05/120182.12/60093.61) lat (ms,95%): 11.45 err/s: 0.00 reconn/s: 0.00
[ 60s ] thds: 256 tps: 30180.42 qps: 603639.66 (r/w/o: 422555.82/120721.29/60362.55) lat (ms,95%): 11.24 err/s: 0.20 reconn/s: 0.00
[ 70s ] thds: 256 tps: 30360.47 qps: 607195.97 (r/w/o: 425034.86/121442.67/60718.44) lat (ms,95%): 11.45 err/s: 0.00 reconn/s: 0.00
[ 80s ] thds: 256 tps: 30330.93 qps: 606585.40 (r/w/o: 424599.89/121321.94/60663.57) lat (ms,95%): 11.45 err/s: 0.00 reconn/s: 0.00
[ 90s ] thds: 256 tps: 29920.68 qps: 598437.87 (r/w/o: 418914.40/119680.21/59843.26) lat (ms,95%): 11.45 err/s: 0.00 reconn/s: 0.00
[ 100s ] thds: 256 tps: 30221.47 qps: 604484.63 (r/w/o: 423155.03/120887.27/60442.33) lat (ms,95%): 11.45 err/s: 0.00 reconn/s: 0.00
[ 110s ] thds: 256 tps: 30103.16 qps: 602050.43 (r/w/o: 421428.66/120415.45/60206.32) lat (ms,95%): 11.45 err/s: 0.00 reconn/s: 0.00
[ 120s ] thds: 256 tps: 30231.03 qps: 604595.32 (r/w/o: 423215.76/120917.30/60462.25) lat (ms,95%): 11.24 err/s: 0.00 reconn/s: 0.00
[ 130s ] thds: 256 tps: 29884.95 qps: 597701.84 (r/w/o: 418382.23/119549.31/59770.30) lat (ms,95%): 11.45 err/s: 0.00 reconn/s: 0.00
[ 140s ] thds: 256 tps: 30190.44 qps: 603865.37 (r/w/o: 422721.61/120764.07/60379.69) lat (ms,95%): 11.24 err/s: 0.00 reconn/s: 0.00
[ 150s ] thds: 256 tps: 30199.59 qps: 603973.87 (r/w/o: 422782.81/120790.97/60400.09) lat (ms,95%): 11.24 err/s: 0.00 reconn/s: 0.00
[ 160s ] thds: 256 tps: 30026.12 qps: 600506.34 (r/w/o: 420338.94/120114.77/60052.63) lat (ms,95%): 11.24 err/s: 0.00 reconn/s: 0.00
[ 170s ] thds: 256 tps: 30162.83 qps: 603239.58 (r/w/o: 422272.91/120642.22/60324.46) lat (ms,95%): 11.24 err/s: 0.00 reconn/s: 0.00
[ 180s ] thds: 256 tps: 29711.95 qps: 594255.46 (r/w/o: 415991.54/118839.31/59424.61) lat (ms,95%): 11.45 err/s: 0.00 reconn/s: 0.00
[ 190s ] thds: 256 tps: 30119.74 qps: 602387.12 (r/w/o: 421661.38/120486.36/60239.38) lat (ms,95%): 11.24 err/s: 0.00 reconn/s: 0.00
[ 200s ] thds: 256 tps: 29960.66 qps: 599252.21 (r/w/o: 419475.35/119854.94/59921.92) lat (ms,95%): 11.24 err/s: 0.00 reconn/s: 0.00
[ 210s ] thds: 256 tps: 30398.14 qps: 607895.87 (r/w/o: 425519.64/121586.05/60790.18) lat (ms,95%): 11.04 err/s: 0.00 reconn/s: 0.00
[ 220s ] thds: 256 tps: 30314.17 qps: 606364.65 (r/w/o: 424467.02/121263.29/60634.35) lat (ms,95%): 11.24 err/s: 0.00 reconn/s: 0.00
[ 230s ] thds: 256 tps: 30028.96 qps: 600507.49 (r/w/o: 420341.50/120109.16/60056.83) lat (ms,95%): 11.24 err/s: 0.00 reconn/s: 0.00
[ 240s ] thds: 256 tps: 30187.21 qps: 603771.56 (r/w/o: 422649.68/120746.35/60375.53) lat (ms,95%): 11.24 err/s: 0.00 reconn/s: 0.00
[ 250s ] thds: 256 tps: 30016.15 qps: 600275.98 (r/w/o: 420187.29/120058.10/60030.60) lat (ms,95%): 11.24 err/s: 0.00 reconn/s: 0.00
[ 260s ] thds: 256 tps: 30119.12 qps: 602480.03 (r/w/o: 421739.90/120500.09/60240.04) lat (ms,95%): 11.24 err/s: 0.10 reconn/s: 0.00
[ 270s ] thds: 256 tps: 30160.70 qps: 603193.25 (r/w/o: 422237.07/120635.39/60320.80) lat (ms,95%): 11.24 err/s: 0.00 reconn/s: 0.00
[ 280s ] thds: 256 tps: 30256.21 qps: 605051.39 (r/w/o: 423522.94/121018.24/60510.22) lat (ms,95%): 11.24 err/s: 0.00 reconn/s: 0.00
[ 290s ] thds: 256 tps: 30055.87 qps: 601164.62 (r/w/o: 420828.32/120222.46/60113.83) lat (ms,95%): 11.24 err/s: 0.00 reconn/s: 0.00
[ 300s ] thds: 256 tps: 30281.83 qps: 605632.45 (r/w/o: 423939.25/121129.03/60564.16) lat (ms,95%): 11.24 err/s: 0.00 reconn/s: 0.00
[ 310s ] thds: 256 tps: 30042.94 qps: 600866.41 (r/w/o: 420605.60/120175.64/60085.17) lat (ms,95%): 11.24 err/s: 0.00 reconn/s: 0.00
[ 320s ] thds: 256 tps: 30415.02 qps: 608260.42 (r/w/o: 425789.00/121640.78/60830.64) lat (ms,95%): 11.24 err/s: 0.00 reconn/s: 0.00
[ 330s ] thds: 256 tps: 30271.10 qps: 605440.97 (r/w/o: 423814.85/121083.91/60542.21) lat (ms,95%): 11.24 err/s: 0.00 reconn/s: 0.00
[ 340s ] thds: 256 tps: 30110.91 qps: 602173.40 (r/w/o: 421503.24/120448.44/60221.72) lat (ms,95%): 11.24 err/s: 0.00 reconn/s: 0.00
[ 350s ] thds: 256 tps: 30260.32 qps: 605263.76 (r/w/o: 423692.45/121051.37/60519.94) lat (ms,95%): 11.24 err/s: 0.00 reconn/s: 0.00
[ 360s ] thds: 256 tps: 30206.31 qps: 604181.12 (r/w/o: 422932.16/120835.44/60413.52) lat (ms,95%): 11.24 err/s: 0.00 reconn/s: 0.00
[ 370s ] thds: 256 tps: 30075.89 qps: 601488.11 (r/w/o: 421049.40/120286.94/60151.77) lat (ms,95%): 11.24 err/s: 0.00 reconn/s: 0.00
[ 380s ] thds: 256 tps: 29987.63 qps: 599700.14 (r/w/o: 419772.58/119952.81/59974.75) lat (ms,95%): 11.45 err/s: 0.00 reconn/s: 0.00
SQL statistics:
    queries performed:
        read:                            160046740
        write:                           45727631
        other:                           22863823
        total:                           228638194
    transactions:                        11431907 (30058.94 per sec.)
    queries:                             228638194 (601178.94 per sec.)
    ignored errors:                      3      (0.01 per sec.)
    reconnects:                          0      (0.00 per sec.)

General statistics:
    total time:                          380.3154s
    total number of events:              11431907

Latency (ms):
         min:                                    4.71
         avg:                                    8.51
         max:                                  341.55
         95th percentile:                       11.24
         sum:                             97282024.53

Threads fairness:
    events (avg/stddev):           44655.8867/1061.37
    execution time (avg/stddev):   380.0079/0.06

