sysbench 1.0.20-ebf1c90 (using bundled LuaJIT 2.1.0-beta2)

Running the test with following options:
Number of threads: 64
Report intermediate results every 10 second(s)
Initializing random number generator from current time


Initializing worker threads...

Threads started!

[ 10s ] thds: 64 tps: 6139.22 qps: 122854.34 (r/w/o: 86008.94/24560.77/12284.63) lat (ms,95%): 14.73 err/s: 0.00 reconn/s: 0.00
[ 20s ] thds: 64 tps: 5880.42 qps: 117597.09 (r/w/o: 82316.37/23519.98/11760.74) lat (ms,95%): 14.73 err/s: 0.00 reconn/s: 0.00
[ 30s ] thds: 64 tps: 6207.90 qps: 124160.35 (r/w/o: 86912.86/24831.59/12415.89) lat (ms,95%): 14.46 err/s: 0.00 reconn/s: 0.00
[ 40s ] thds: 64 tps: 5876.50 qps: 117533.20 (r/w/o: 82272.67/23507.62/11752.91) lat (ms,95%): 14.73 err/s: 0.00 reconn/s: 0.00
[ 50s ] thds: 64 tps: 6126.40 qps: 122534.76 (r/w/o: 85775.57/24506.09/12253.10) lat (ms,95%): 14.46 err/s: 0.00 reconn/s: 0.00
[ 60s ] thds: 64 tps: 5941.49 qps: 118821.78 (r/w/o: 83172.52/23766.48/11882.79) lat (ms,95%): 14.73 err/s: 0.00 reconn/s: 0.00
[ 70s ] thds: 64 tps: 6065.71 qps: 121315.43 (r/w/o: 84923.49/24260.63/12131.31) lat (ms,95%): 14.46 err/s: 0.00 reconn/s: 0.00
[ 80s ] thds: 64 tps: 5916.10 qps: 118315.27 (r/w/o: 82818.78/23664.39/11832.10) lat (ms,95%): 14.46 err/s: 0.00 reconn/s: 0.00
[ 90s ] thds: 64 tps: 6272.60 qps: 125459.34 (r/w/o: 87824.16/25089.89/12545.29) lat (ms,95%): 14.46 err/s: 0.00 reconn/s: 0.00
[ 100s ] thds: 64 tps: 5964.20 qps: 119284.90 (r/w/o: 83499.40/23857.10/11928.40) lat (ms,95%): 14.46 err/s: 0.00 reconn/s: 0.00
[ 110s ] thds: 64 tps: 6179.11 qps: 123583.67 (r/w/o: 86507.82/24717.43/12358.42) lat (ms,95%): 14.46 err/s: 0.00 reconn/s: 0.00
[ 120s ] thds: 64 tps: 5998.80 qps: 119976.73 (r/w/o: 83984.95/23994.29/11997.49) lat (ms,95%): 14.46 err/s: 0.00 reconn/s: 0.00
[ 130s ] thds: 64 tps: 6246.40 qps: 124921.78 (r/w/o: 87442.79/24986.30/12492.70) lat (ms,95%): 14.46 err/s: 0.00 reconn/s: 0.00
[ 140s ] thds: 64 tps: 5947.70 qps: 118957.99 (r/w/o: 83272.36/23790.22/11895.41) lat (ms,95%): 14.46 err/s: 0.00 reconn/s: 0.00
[ 150s ] thds: 64 tps: 6266.60 qps: 125326.45 (r/w/o: 87726.87/25066.09/12533.50) lat (ms,95%): 14.46 err/s: 0.00 reconn/s: 0.00
[ 160s ] thds: 64 tps: 5968.90 qps: 119377.22 (r/w/o: 83564.44/23875.58/11937.19) lat (ms,95%): 14.46 err/s: 0.00 reconn/s: 0.00
[ 170s ] thds: 64 tps: 6341.10 qps: 126831.38 (r/w/o: 88783.59/25365.20/12682.60) lat (ms,95%): 14.46 err/s: 0.00 reconn/s: 0.00
[ 180s ] thds: 64 tps: 5939.90 qps: 118797.23 (r/w/o: 83158.32/23759.31/11879.60) lat (ms,95%): 14.46 err/s: 0.00 reconn/s: 0.00
[ 190s ] thds: 64 tps: 6385.40 qps: 127704.45 (r/w/o: 89392.44/25541.31/12770.71) lat (ms,95%): 14.46 err/s: 0.00 reconn/s: 0.00
[ 200s ] thds: 64 tps: 6075.30 qps: 121511.15 (r/w/o: 85057.23/24302.91/12151.00) lat (ms,95%): 14.46 err/s: 0.00 reconn/s: 0.00
[ 210s ] thds: 64 tps: 6271.09 qps: 125418.05 (r/w/o: 87793.00/25082.97/12542.09) lat (ms,95%): 14.21 err/s: 0.00 reconn/s: 0.00
[ 220s ] thds: 64 tps: 5980.01 qps: 119593.66 (r/w/o: 83713.91/23919.73/11960.02) lat (ms,95%): 14.73 err/s: 0.00 reconn/s: 0.00
[ 230s ] thds: 64 tps: 6365.00 qps: 127312.37 (r/w/o: 89120.58/25461.89/12729.90) lat (ms,95%): 14.46 err/s: 0.00 reconn/s: 0.00
[ 240s ] thds: 64 tps: 6102.90 qps: 122055.00 (r/w/o: 85438.03/24410.98/12205.99) lat (ms,95%): 14.46 err/s: 0.00 reconn/s: 0.00
[ 250s ] thds: 64 tps: 6324.80 qps: 126489.94 (r/w/o: 88541.82/25298.61/12649.50) lat (ms,95%): 14.46 err/s: 0.00 reconn/s: 0.00
[ 260s ] thds: 64 tps: 6369.99 qps: 127404.52 (r/w/o: 89184.51/25480.24/12739.77) lat (ms,95%): 14.46 err/s: 0.00 reconn/s: 0.00
[ 270s ] thds: 64 tps: 6426.91 qps: 128530.85 (r/w/o: 89969.70/25707.63/12853.51) lat (ms,95%): 14.21 err/s: 0.00 reconn/s: 0.00
[ 280s ] thds: 64 tps: 6084.49 qps: 121700.60 (r/w/o: 85194.89/24336.24/12169.47) lat (ms,95%): 14.46 err/s: 0.00 reconn/s: 0.00
[ 290s ] thds: 64 tps: 6375.22 qps: 127489.97 (r/w/o: 89238.86/25500.87/12750.24) lat (ms,95%): 14.46 err/s: 0.00 reconn/s: 0.00
[ 300s ] thds: 64 tps: 6099.20 qps: 121998.63 (r/w/o: 85400.15/24400.09/12198.39) lat (ms,95%): 14.46 err/s: 0.00 reconn/s: 0.00
[ 310s ] thds: 64 tps: 6372.20 qps: 127432.75 (r/w/o: 89201.77/25486.39/12744.60) lat (ms,95%): 14.21 err/s: 0.00 reconn/s: 0.00
[ 320s ] thds: 64 tps: 6031.80 qps: 120641.04 (r/w/o: 84450.46/24126.99/12063.59) lat (ms,95%): 14.46 err/s: 0.00 reconn/s: 0.00
[ 330s ] thds: 64 tps: 6390.10 qps: 127792.91 (r/w/o: 89452.71/25560.20/12780.00) lat (ms,95%): 14.21 err/s: 0.00 reconn/s: 0.00
[ 340s ] thds: 64 tps: 6020.42 qps: 120423.32 (r/w/o: 84297.82/24084.36/12041.13) lat (ms,95%): 14.46 err/s: 0.00 reconn/s: 0.00
[ 350s ] thds: 64 tps: 6412.19 qps: 128233.04 (r/w/o: 89762.89/25645.97/12824.18) lat (ms,95%): 14.21 err/s: 0.00 reconn/s: 0.00
[ 360s ] thds: 64 tps: 6025.90 qps: 120521.57 (r/w/o: 84365.25/24104.41/12051.91) lat (ms,95%): 14.46 err/s: 0.00 reconn/s: 0.00
[ 370s ] thds: 64 tps: 6467.90 qps: 129358.97 (r/w/o: 90551.78/25871.49/12935.70) lat (ms,95%): 14.21 err/s: 0.00 reconn/s: 0.00
[ 380s ] thds: 64 tps: 6168.80 qps: 123375.63 (r/w/o: 86362.65/24675.29/12337.69) lat (ms,95%): 14.46 err/s: 0.00 reconn/s: 0.00
SQL statistics:
    queries performed:
        read:                            32764984
        write:                           9361423
        other:                           4680713
        total:                           46807120
    transactions:                        2340356 (6158.29 per sec.)
    queries:                             46807120 (123165.79 per sec.)
    ignored errors:                      0      (0.00 per sec.)
    reconnects:                          0      (0.00 per sec.)

General statistics:
    total time:                          380.0325s
    total number of events:              2340356

Latency (ms):
         min:                                    4.43
         avg:                                   10.39
         max:                                  153.16
         95th percentile:                       14.46
         sum:                             24318693.96

Threads fairness:
    events (avg/stddev):           36568.0625/808.22
    execution time (avg/stddev):   379.9796/0.00

