sysbench 1.0.20-ebf1c90 (using bundled LuaJIT 2.1.0-beta2)

Running the test with following options:
Number of threads: 256
Report intermediate results every 10 second(s)
Initializing random number generator from current time


Initializing worker threads...

Threads started!

[ 10s ] thds: 256 tps: 28648.23 qps: 573218.66 (r/w/o: 401288.18/114609.42/57321.06) lat (ms,95%): 12.52 err/s: 0.00 reconn/s: 0.00
[ 20s ] thds: 256 tps: 29649.01 qps: 593024.24 (r/w/o: 415122.17/118603.75/59298.32) lat (ms,95%): 11.87 err/s: 0.00 reconn/s: 0.00
[ 30s ] thds: 256 tps: 29941.47 qps: 598863.01 (r/w/o: 419214.02/119765.46/59883.53) lat (ms,95%): 11.45 err/s: 0.00 reconn/s: 0.00
[ 40s ] thds: 256 tps: 30039.12 qps: 600731.94 (r/w/o: 420505.44/120148.87/60077.63) lat (ms,95%): 11.45 err/s: 0.00 reconn/s: 0.00
[ 50s ] thds: 256 tps: 30020.26 qps: 600403.25 (r/w/o: 420277.50/120085.73/60040.01) lat (ms,95%): 11.45 err/s: 0.00 reconn/s: 0.00
[ 60s ] thds: 256 tps: 30163.11 qps: 603251.54 (r/w/o: 422272.07/120652.75/60326.72) lat (ms,95%): 11.24 err/s: 0.00 reconn/s: 0.00
[ 70s ] thds: 256 tps: 30330.59 qps: 606732.84 (r/w/o: 424724.92/121346.25/60661.67) lat (ms,95%): 11.45 err/s: 0.00 reconn/s: 0.00
[ 80s ] thds: 256 tps: 30338.49 qps: 606692.17 (r/w/o: 424689.14/121325.96/60677.08) lat (ms,95%): 11.45 err/s: 0.00 reconn/s: 0.00
[ 90s ] thds: 256 tps: 29940.27 qps: 598817.67 (r/w/o: 419169.06/119769.47/59879.14) lat (ms,95%): 11.45 err/s: 0.00 reconn/s: 0.00
[ 100s ] thds: 256 tps: 30197.15 qps: 603869.12 (r/w/o: 422696.12/120777.60/60395.40) lat (ms,95%): 11.45 err/s: 0.00 reconn/s: 0.00
[ 110s ] thds: 256 tps: 30118.38 qps: 602416.79 (r/w/o: 421704.11/120476.92/60235.76) lat (ms,95%): 11.45 err/s: 0.00 reconn/s: 0.00
[ 120s ] thds: 256 tps: 30235.10 qps: 604616.17 (r/w/o: 423208.48/120936.89/60470.80) lat (ms,95%): 11.24 err/s: 0.00 reconn/s: 0.00
[ 130s ] thds: 256 tps: 29881.52 qps: 597707.54 (r/w/o: 418410.41/119533.59/59763.54) lat (ms,95%): 11.24 err/s: 0.00 reconn/s: 0.00
[ 140s ] thds: 256 tps: 30193.01 qps: 603841.40 (r/w/o: 422688.97/120766.32/60386.11) lat (ms,95%): 11.24 err/s: 0.00 reconn/s: 0.00
[ 150s ] thds: 256 tps: 30188.73 qps: 603852.35 (r/w/o: 422702.76/120772.13/60377.47) lat (ms,95%): 11.24 err/s: 0.00 reconn/s: 0.00
[ 160s ] thds: 256 tps: 30053.80 qps: 600955.81 (r/w/o: 420652.83/120196.58/60106.39) lat (ms,95%): 11.24 err/s: 0.00 reconn/s: 0.00
[ 170s ] thds: 256 tps: 30178.90 qps: 603599.15 (r/w/o: 422522.16/120718.69/60358.29) lat (ms,95%): 11.24 err/s: 0.00 reconn/s: 0.00
[ 180s ] thds: 256 tps: 29698.41 qps: 594002.83 (r/w/o: 415805.49/118800.53/59396.81) lat (ms,95%): 11.45 err/s: 0.00 reconn/s: 0.00
[ 190s ] thds: 256 tps: 30131.69 qps: 602632.54 (r/w/o: 421850.08/120518.47/60263.98) lat (ms,95%): 11.24 err/s: 0.00 reconn/s: 0.00
[ 200s ] thds: 256 tps: 29991.43 qps: 599803.73 (r/w/o: 419849.67/119971.31/59982.75) lat (ms,95%): 11.24 err/s: 0.00 reconn/s: 0.00
[ 210s ] thds: 256 tps: 30374.06 qps: 607499.92 (r/w/o: 425267.25/121484.94/60747.72) lat (ms,95%): 11.04 err/s: 0.10 reconn/s: 0.00
[ 220s ] thds: 256 tps: 30297.65 qps: 605979.99 (r/w/o: 424183.66/121200.32/60596.01) lat (ms,95%): 11.24 err/s: 0.00 reconn/s: 0.00
[ 230s ] thds: 256 tps: 30059.31 qps: 601078.29 (r/w/o: 420734.90/120226.46/60116.93) lat (ms,95%): 11.24 err/s: 0.00 reconn/s: 0.00
[ 240s ] thds: 256 tps: 30197.44 qps: 604040.02 (r/w/o: 422859.87/120783.06/60397.08) lat (ms,95%): 11.24 err/s: 0.00 reconn/s: 0.00
[ 250s ] thds: 256 tps: 30001.73 qps: 600008.40 (r/w/o: 419985.75/120020.90/60001.75) lat (ms,95%): 11.24 err/s: 0.00 reconn/s: 0.00
[ 260s ] thds: 256 tps: 30127.03 qps: 602543.57 (r/w/o: 421782.30/120506.71/60254.56) lat (ms,95%): 11.24 err/s: 0.00 reconn/s: 0.00
[ 270s ] thds: 256 tps: 30186.87 qps: 603749.41 (r/w/o: 422617.29/120758.08/60374.04) lat (ms,95%): 11.24 err/s: 0.00 reconn/s: 0.00
[ 280s ] thds: 256 tps: 30276.92 qps: 605521.83 (r/w/o: 423867.53/121105.17/60549.13) lat (ms,95%): 11.24 err/s: 0.00 reconn/s: 0.00
[ 290s ] thds: 256 tps: 30067.09 qps: 601373.77 (r/w/o: 420971.74/120264.15/60137.88) lat (ms,95%): 11.24 err/s: 0.00 reconn/s: 0.00
[ 300s ] thds: 256 tps: 30287.42 qps: 605773.65 (r/w/o: 424042.05/121156.27/60575.34) lat (ms,95%): 11.24 err/s: 0.00 reconn/s: 0.00
[ 310s ] thds: 256 tps: 30031.86 qps: 600603.48 (r/w/o: 420419.90/120118.86/60064.73) lat (ms,95%): 11.24 err/s: 0.00 reconn/s: 0.00
[ 320s ] thds: 256 tps: 30426.14 qps: 608484.38 (r/w/o: 425931.04/121701.56/60851.78) lat (ms,95%): 11.24 err/s: 0.00 reconn/s: 0.00
[ 330s ] thds: 256 tps: 30274.37 qps: 605552.87 (r/w/o: 423895.03/121109.09/60548.75) lat (ms,95%): 11.24 err/s: 0.00 reconn/s: 0.00
[ 340s ] thds: 256 tps: 30108.07 qps: 602171.12 (r/w/o: 421511.19/120443.58/60216.34) lat (ms,95%): 11.24 err/s: 0.00 reconn/s: 0.00
[ 350s ] thds: 256 tps: 30253.41 qps: 605024.15 (r/w/o: 423527.91/120989.23/60507.02) lat (ms,95%): 11.24 err/s: 0.00 reconn/s: 0.00
[ 360s ] thds: 256 tps: 30240.32 qps: 604763.66 (r/w/o: 423328.45/120954.77/60480.44) lat (ms,95%): 11.24 err/s: 0.00 reconn/s: 0.00
[ 370s ] thds: 256 tps: 30054.79 qps: 601141.39 (r/w/o: 420808.85/120222.76/60109.78) lat (ms,95%): 11.24 err/s: 0.00 reconn/s: 0.00
[ 380s ] thds: 256 tps: 30060.98 qps: 601132.07 (r/w/o: 420768.60/120241.51/60121.96) lat (ms,95%): 11.45 err/s: 0.00 reconn/s: 0.00
SQL statistics:
    queries performed:
        read:                            160061048
        write:                           45731725
        other:                           22865865
        total:                           228658638
    transactions:                        11432931 (30073.73 per sec.)
    queries:                             228658638 (601474.56 per sec.)
    ignored errors:                      1      (0.00 per sec.)
    reconnects:                          0      (0.00 per sec.)

General statistics:
    total time:                          380.1625s
    total number of events:              11432931

Latency (ms):
         min:                                    4.70
         avg:                                    8.51
         max:                                  160.87
         95th percentile:                       11.24
         sum:                             97267002.06

Threads fairness:
    events (avg/stddev):           44659.8867/1089.67
    execution time (avg/stddev):   379.9492/0.01

