sysbench 1.0.20-ebf1c90 (using bundled LuaJIT 2.1.0-beta2)

Running the test with following options:
Number of threads: 256
Report intermediate results every 10 second(s)
Initializing random number generator from current time


Initializing worker threads...

Threads started!

[ 10s ] thds: 256 tps: 17569.15 qps: 351749.74 (r/w/o: 246263.05/70322.79/35163.90) lat (ms,95%): 21.11 err/s: 0.00 reconn/s: 0.00
[ 20s ] thds: 256 tps: 18244.84 qps: 364932.42 (r/w/o: 255456.08/72986.66/36489.68) lat (ms,95%): 20.00 err/s: 0.00 reconn/s: 0.00
[ 30s ] thds: 256 tps: 18334.05 qps: 366579.33 (r/w/o: 256597.65/73314.49/36667.19) lat (ms,95%): 20.00 err/s: 0.00 reconn/s: 0.00
[ 40s ] thds: 256 tps: 18590.48 qps: 371883.32 (r/w/o: 260329.63/74371.72/37181.96) lat (ms,95%): 19.65 err/s: 0.00 reconn/s: 0.00
[ 50s ] thds: 256 tps: 18500.34 qps: 369979.45 (r/w/o: 258994.62/73984.15/37000.67) lat (ms,95%): 20.00 err/s: 0.00 reconn/s: 0.00
[ 60s ] thds: 256 tps: 18570.73 qps: 371366.35 (r/w/o: 259958.69/74267.71/37139.96) lat (ms,95%): 19.65 err/s: 0.00 reconn/s: 0.00
[ 70s ] thds: 256 tps: 18451.47 qps: 368970.79 (r/w/o: 258242.97/73823.48/36904.34) lat (ms,95%): 20.00 err/s: 0.10 reconn/s: 0.00
[ 80s ] thds: 256 tps: 18519.45 qps: 370459.20 (r/w/o: 259335.67/74085.12/37038.41) lat (ms,95%): 20.00 err/s: 0.10 reconn/s: 0.00
[ 90s ] thds: 256 tps: 18532.00 qps: 370577.31 (r/w/o: 259405.13/74107.28/37064.89) lat (ms,95%): 20.00 err/s: 0.00 reconn/s: 0.00
[ 100s ] thds: 256 tps: 18406.82 qps: 368222.73 (r/w/o: 257768.40/73641.19/36813.14) lat (ms,95%): 20.00 err/s: 0.00 reconn/s: 0.00
[ 110s ] thds: 256 tps: 18611.80 qps: 372213.11 (r/w/o: 260545.80/74443.10/37224.20) lat (ms,95%): 20.00 err/s: 0.00 reconn/s: 0.00
[ 120s ] thds: 256 tps: 18576.51 qps: 371539.91 (r/w/o: 260084.74/74303.14/37152.02) lat (ms,95%): 20.00 err/s: 0.00 reconn/s: 0.00
[ 130s ] thds: 256 tps: 18552.00 qps: 371146.93 (r/w/o: 259796.32/74245.41/37105.20) lat (ms,95%): 20.00 err/s: 0.10 reconn/s: 0.00
[ 140s ] thds: 256 tps: 18540.58 qps: 370717.12 (r/w/o: 259510.37/74126.10/37080.65) lat (ms,95%): 20.00 err/s: 0.00 reconn/s: 0.00
[ 150s ] thds: 256 tps: 18489.18 qps: 369804.07 (r/w/o: 258853.57/73971.63/36978.87) lat (ms,95%): 20.37 err/s: 0.00 reconn/s: 0.00
[ 160s ] thds: 256 tps: 18535.06 qps: 370664.23 (r/w/o: 259461.66/74132.85/37069.72) lat (ms,95%): 20.00 err/s: 0.00 reconn/s: 0.00
[ 170s ] thds: 256 tps: 18465.46 qps: 369286.88 (r/w/o: 258499.30/73856.26/36931.33) lat (ms,95%): 20.00 err/s: 0.00 reconn/s: 0.00
[ 180s ] thds: 256 tps: 18478.42 qps: 369635.48 (r/w/o: 258760.67/73917.68/36957.14) lat (ms,95%): 20.00 err/s: 0.10 reconn/s: 0.00
[ 190s ] thds: 256 tps: 18440.33 qps: 368766.98 (r/w/o: 258143.97/73742.44/36880.57) lat (ms,95%): 20.37 err/s: 0.00 reconn/s: 0.00
[ 200s ] thds: 256 tps: 18464.17 qps: 369272.20 (r/w/o: 258460.48/73883.28/36928.44) lat (ms,95%): 20.00 err/s: 0.00 reconn/s: 0.00
[ 210s ] thds: 256 tps: 18477.58 qps: 369491.81 (r/w/o: 258642.86/73895.80/36953.15) lat (ms,95%): 20.37 err/s: 0.00 reconn/s: 0.00
[ 220s ] thds: 256 tps: 18482.68 qps: 369854.67 (r/w/o: 258897.37/73990.03/36967.27) lat (ms,95%): 20.37 err/s: 0.00 reconn/s: 0.00
[ 230s ] thds: 256 tps: 18607.44 qps: 371941.22 (r/w/o: 260360.17/74366.56/37214.48) lat (ms,95%): 20.00 err/s: 0.00 reconn/s: 0.00
[ 240s ] thds: 256 tps: 18437.83 qps: 368824.04 (r/w/o: 258191.88/73756.41/36875.75) lat (ms,95%): 20.37 err/s: 0.00 reconn/s: 0.00
[ 250s ] thds: 256 tps: 18390.77 qps: 367779.95 (r/w/o: 257426.84/73572.87/36780.23) lat (ms,95%): 20.37 err/s: 0.00 reconn/s: 0.00
[ 260s ] thds: 256 tps: 18564.19 qps: 371252.39 (r/w/o: 259890.62/74231.58/37130.19) lat (ms,95%): 20.00 err/s: 0.00 reconn/s: 0.00
[ 270s ] thds: 256 tps: 18548.26 qps: 371053.82 (r/w/o: 259741.88/74215.42/37096.51) lat (ms,95%): 20.37 err/s: 0.00 reconn/s: 0.00
[ 280s ] thds: 256 tps: 18381.36 qps: 367681.84 (r/w/o: 257374.97/73544.15/36762.72) lat (ms,95%): 20.37 err/s: 0.00 reconn/s: 0.00
[ 290s ] thds: 256 tps: 18543.05 qps: 370828.60 (r/w/o: 259577.13/74167.78/37083.69) lat (ms,95%): 20.37 err/s: 0.00 reconn/s: 0.00
[ 300s ] thds: 256 tps: 18480.23 qps: 369582.26 (r/w/o: 258735.46/73884.63/36962.17) lat (ms,95%): 20.37 err/s: 0.00 reconn/s: 0.00
[ 310s ] thds: 256 tps: 18446.97 qps: 368787.11 (r/w/o: 258105.57/73787.90/36893.65) lat (ms,95%): 20.37 err/s: 0.00 reconn/s: 0.00
[ 320s ] thds: 256 tps: 18515.68 qps: 370451.06 (r/w/o: 259343.66/74075.03/37032.36) lat (ms,95%): 20.00 err/s: 0.00 reconn/s: 0.00
[ 330s ] thds: 256 tps: 18457.97 qps: 369104.26 (r/w/o: 258358.95/73829.37/36915.94) lat (ms,95%): 20.37 err/s: 0.00 reconn/s: 0.00
[ 340s ] thds: 256 tps: 18353.41 qps: 367173.85 (r/w/o: 257036.87/73430.15/36706.82) lat (ms,95%): 20.74 err/s: 0.00 reconn/s: 0.00
[ 350s ] thds: 256 tps: 18538.43 qps: 370673.18 (r/w/o: 259456.87/74141.44/37074.87) lat (ms,95%): 20.37 err/s: 0.00 reconn/s: 0.00
[ 360s ] thds: 256 tps: 18530.40 qps: 370610.40 (r/w/o: 259422.40/74125.20/37062.80) lat (ms,95%): 20.37 err/s: 0.00 reconn/s: 0.00
[ 370s ] thds: 256 tps: 18484.05 qps: 369697.65 (r/w/o: 258799.34/73932.51/36965.81) lat (ms,95%): 20.37 err/s: 0.00 reconn/s: 0.00
[ 380s ] thds: 256 tps: 18407.10 qps: 368268.47 (r/w/o: 257772.55/73680.01/36815.91) lat (ms,95%): 20.37 err/s: 0.10 reconn/s: 0.00
SQL statistics:
    queries performed:
        read:                            98216762
        write:                           28061918
        other:                           14030970
        total:                           140309650
    transactions:                        7015478 (18444.92 per sec.)
    queries:                             140309650 (368898.66 per sec.)
    ignored errors:                      5      (0.01 per sec.)
    reconnects:                          0      (0.00 per sec.)

General statistics:
    total time:                          380.3464s
    total number of events:              7015478

Latency (ms):
         min:                                    4.99
         avg:                                   13.87
         max:                                  346.45
         95th percentile:                       20.00
         sum:                             97288655.35

Threads fairness:
    events (avg/stddev):           27404.2109/424.81
    execution time (avg/stddev):   380.0338/0.05

