sysbench 1.0.20-ebf1c90 (using bundled LuaJIT 2.1.0-beta2)

Running the test with following options:
Number of threads: 128
Report intermediate results every 10 second(s)
Initializing random number generator from current time


Initializing worker threads...

Threads started!

[ 10s ] thds: 128 tps: 14025.08 qps: 280631.82 (r/w/o: 196461.36/56108.11/28062.35) lat (ms,95%): 14.46 err/s: 0.00 reconn/s: 0.00
[ 20s ] thds: 128 tps: 15253.04 qps: 305060.33 (r/w/o: 213543.81/61010.65/30505.87) lat (ms,95%): 13.70 err/s: 0.00 reconn/s: 0.00
[ 30s ] thds: 128 tps: 14692.78 qps: 293850.39 (r/w/o: 205692.78/58771.64/29385.97) lat (ms,95%): 13.95 err/s: 0.00 reconn/s: 0.00
[ 40s ] thds: 128 tps: 15098.99 qps: 301976.56 (r/w/o: 211385.03/60393.75/30197.78) lat (ms,95%): 13.70 err/s: 0.00 reconn/s: 0.00
[ 50s ] thds: 128 tps: 14545.12 qps: 290902.81 (r/w/o: 203631.49/58181.08/29090.24) lat (ms,95%): 13.95 err/s: 0.00 reconn/s: 0.00
[ 60s ] thds: 128 tps: 15408.75 qps: 308183.32 (r/w/o: 215730.25/61635.38/30817.69) lat (ms,95%): 13.70 err/s: 0.00 reconn/s: 0.00
[ 70s ] thds: 128 tps: 14620.94 qps: 292412.95 (r/w/o: 204685.70/58485.17/29242.09) lat (ms,95%): 13.70 err/s: 0.00 reconn/s: 0.00
[ 80s ] thds: 128 tps: 15229.39 qps: 304586.55 (r/w/o: 213211.10/60917.17/30458.29) lat (ms,95%): 13.70 err/s: 0.00 reconn/s: 0.00
[ 90s ] thds: 128 tps: 15242.30 qps: 304852.89 (r/w/o: 213398.29/60969.60/30485.00) lat (ms,95%): 13.46 err/s: 0.00 reconn/s: 0.00
[ 100s ] thds: 128 tps: 15566.21 qps: 311314.49 (r/w/o: 217919.91/62262.26/31132.33) lat (ms,95%): 13.22 err/s: 0.00 reconn/s: 0.00
[ 110s ] thds: 128 tps: 14508.30 qps: 290173.02 (r/w/o: 203121.42/58034.90/29016.70) lat (ms,95%): 13.95 err/s: 0.00 reconn/s: 0.00
[ 120s ] thds: 128 tps: 15208.98 qps: 304180.89 (r/w/o: 212927.31/60835.92/30417.66) lat (ms,95%): 13.70 err/s: 0.00 reconn/s: 0.00
[ 130s ] thds: 128 tps: 14768.83 qps: 295377.73 (r/w/o: 206764.57/59075.51/29537.65) lat (ms,95%): 13.70 err/s: 0.00 reconn/s: 0.00
[ 140s ] thds: 128 tps: 15272.89 qps: 305459.20 (r/w/o: 213822.06/61091.36/30545.78) lat (ms,95%): 13.46 err/s: 0.00 reconn/s: 0.00
[ 150s ] thds: 128 tps: 14572.30 qps: 291438.01 (r/w/o: 204005.14/58287.98/29144.89) lat (ms,95%): 13.70 err/s: 0.00 reconn/s: 0.00
[ 160s ] thds: 128 tps: 15369.32 qps: 307384.81 (r/w/o: 215168.09/61478.68/30738.04) lat (ms,95%): 13.46 err/s: 0.00 reconn/s: 0.00
[ 170s ] thds: 128 tps: 15115.29 qps: 302307.42 (r/w/o: 211616.28/60460.56/30230.58) lat (ms,95%): 13.46 err/s: 0.00 reconn/s: 0.00
[ 180s ] thds: 128 tps: 15168.89 qps: 303377.20 (r/w/o: 212362.96/60676.56/30337.68) lat (ms,95%): 13.46 err/s: 0.00 reconn/s: 0.00
[ 190s ] thds: 128 tps: 15509.61 qps: 310202.10 (r/w/o: 217143.84/62038.24/31020.02) lat (ms,95%): 13.22 err/s: 0.00 reconn/s: 0.00
[ 200s ] thds: 128 tps: 15730.70 qps: 314605.37 (r/w/o: 220221.65/62922.81/31460.91) lat (ms,95%): 12.98 err/s: 0.00 reconn/s: 0.00
[ 210s ] thds: 128 tps: 14639.80 qps: 292806.81 (r/w/o: 204966.71/58560.50/29279.60) lat (ms,95%): 13.95 err/s: 0.00 reconn/s: 0.00
[ 220s ] thds: 128 tps: 15577.40 qps: 311544.56 (r/w/o: 218081.17/62308.29/31155.10) lat (ms,95%): 13.22 err/s: 0.00 reconn/s: 0.00
[ 230s ] thds: 128 tps: 14814.21 qps: 296277.52 (r/w/o: 207392.28/59256.92/29628.31) lat (ms,95%): 13.70 err/s: 0.00 reconn/s: 0.00
[ 240s ] thds: 128 tps: 15403.78 qps: 308077.23 (r/w/o: 215655.87/61614.01/30807.35) lat (ms,95%): 13.46 err/s: 0.00 reconn/s: 0.00
[ 250s ] thds: 128 tps: 14632.40 qps: 292656.99 (r/w/o: 204860.16/58531.52/29265.31) lat (ms,95%): 13.70 err/s: 0.00 reconn/s: 0.00
[ 260s ] thds: 128 tps: 15572.73 qps: 311450.73 (r/w/o: 218016.67/62288.91/31145.15) lat (ms,95%): 13.22 err/s: 0.00 reconn/s: 0.00
[ 270s ] thds: 128 tps: 15171.09 qps: 303412.36 (r/w/o: 212386.90/60683.27/30342.19) lat (ms,95%): 13.22 err/s: 0.00 reconn/s: 0.00
[ 280s ] thds: 128 tps: 15380.49 qps: 307606.91 (r/w/o: 215320.67/61525.16/30761.08) lat (ms,95%): 13.46 err/s: 0.00 reconn/s: 0.00
[ 290s ] thds: 128 tps: 14909.59 qps: 298189.38 (r/w/o: 208735.65/59634.66/29819.08) lat (ms,95%): 13.46 err/s: 0.00 reconn/s: 0.00
[ 300s ] thds: 128 tps: 15457.39 qps: 309163.47 (r/w/o: 216416.14/61832.85/30914.48) lat (ms,95%): 13.22 err/s: 0.00 reconn/s: 0.00
[ 310s ] thds: 128 tps: 14840.22 qps: 296806.18 (r/w/o: 207764.04/59361.50/29680.65) lat (ms,95%): 13.70 err/s: 0.00 reconn/s: 0.00
[ 320s ] thds: 128 tps: 15264.92 qps: 305278.65 (r/w/o: 213692.64/61056.07/30529.93) lat (ms,95%): 13.46 err/s: 0.00 reconn/s: 0.00
[ 330s ] thds: 128 tps: 15019.50 qps: 300406.23 (r/w/o: 210287.12/60080.31/30038.80) lat (ms,95%): 13.22 err/s: 0.00 reconn/s: 0.00
[ 340s ] thds: 128 tps: 15716.27 qps: 314331.64 (r/w/o: 220031.51/62867.49/31432.64) lat (ms,95%): 13.22 err/s: 0.00 reconn/s: 0.00
[ 350s ] thds: 128 tps: 14970.90 qps: 299421.67 (r/w/o: 209596.75/59882.71/29942.21) lat (ms,95%): 13.46 err/s: 0.00 reconn/s: 0.00
[ 360s ] thds: 128 tps: 15465.49 qps: 309293.26 (r/w/o: 216502.70/61859.77/30930.79) lat (ms,95%): 12.98 err/s: 0.00 reconn/s: 0.00
[ 370s ] thds: 128 tps: 15360.69 qps: 307219.32 (r/w/o: 215055.10/61442.64/30721.57) lat (ms,95%): 13.22 err/s: 0.00 reconn/s: 0.00
[ 380s ] thds: 128 tps: 15698.24 qps: 313963.56 (r/w/o: 219771.73/62795.25/31396.58) lat (ms,95%): 12.98 err/s: 0.00 reconn/s: 0.00
SQL statistics:
    queries performed:
        read:                            80474380
        write:                           22992679
        other:                           11496341
        total:                           114963400
    transactions:                        5748170 (15123.84 per sec.)
    queries:                             114963400 (302476.75 per sec.)
    ignored errors:                      0      (0.00 per sec.)
    reconnects:                          0      (0.00 per sec.)

General statistics:
    total time:                          380.0726s
    total number of events:              5748170

Latency (ms):
         min:                                    4.62
         avg:                                    8.46
         max:                                  150.54
         95th percentile:                       13.46
         sum:                             48635933.72

Threads fairness:
    events (avg/stddev):           44907.5781/1399.61
    execution time (avg/stddev):   379.9682/0.01

