sysbench 1.0.20-ebf1c90 (using bundled LuaJIT 2.1.0-beta2)

Running the test with following options:
Number of threads: 256
Report intermediate results every 10 second(s)
Initializing random number generator from current time


Initializing worker threads...

Threads started!

[ 10s ] thds: 256 tps: 17594.56 qps: 352207.44 (r/w/o: 246586.09/70408.03/35213.32) lat (ms,95%): 21.11 err/s: 0.00 reconn/s: 0.00
[ 20s ] thds: 256 tps: 18248.16 qps: 365012.58 (r/w/o: 255519.00/72995.86/36497.73) lat (ms,95%): 20.00 err/s: 0.00 reconn/s: 0.00
[ 30s ] thds: 256 tps: 18367.92 qps: 367293.19 (r/w/o: 257097.44/73460.10/36735.65) lat (ms,95%): 20.00 err/s: 0.00 reconn/s: 0.00
[ 40s ] thds: 256 tps: 18647.17 qps: 373057.12 (r/w/o: 261128.32/74634.26/37294.53) lat (ms,95%): 19.65 err/s: 0.00 reconn/s: 0.00
[ 50s ] thds: 256 tps: 18546.50 qps: 370822.95 (r/w/o: 259586.87/74143.49/37092.60) lat (ms,95%): 19.65 err/s: 0.00 reconn/s: 0.00
[ 60s ] thds: 256 tps: 18610.27 qps: 372090.96 (r/w/o: 260450.92/74421.09/37218.95) lat (ms,95%): 19.65 err/s: 0.00 reconn/s: 0.00
[ 70s ] thds: 256 tps: 18478.05 qps: 369658.28 (r/w/o: 258768.75/73931.32/36958.21) lat (ms,95%): 20.00 err/s: 0.00 reconn/s: 0.00
[ 80s ] thds: 256 tps: 18552.26 qps: 371067.14 (r/w/o: 259748.70/74214.23/37104.21) lat (ms,95%): 19.65 err/s: 0.00 reconn/s: 0.00
[ 90s ] thds: 256 tps: 18532.30 qps: 370649.81 (r/w/o: 259448.84/74136.08/37064.89) lat (ms,95%): 20.00 err/s: 0.00 reconn/s: 0.00
[ 100s ] thds: 256 tps: 18465.06 qps: 369266.84 (r/w/o: 258479.80/73857.03/36930.01) lat (ms,95%): 20.00 err/s: 0.00 reconn/s: 0.00
[ 110s ] thds: 256 tps: 18580.72 qps: 371682.54 (r/w/o: 260187.41/74333.69/37161.44) lat (ms,95%): 20.00 err/s: 0.00 reconn/s: 0.00
[ 120s ] thds: 256 tps: 18580.49 qps: 371493.88 (r/w/o: 260043.72/74291.68/37158.49) lat (ms,95%): 20.00 err/s: 0.00 reconn/s: 0.00
[ 130s ] thds: 256 tps: 18605.24 qps: 372212.03 (r/w/o: 260554.98/74443.77/37213.28) lat (ms,95%): 20.00 err/s: 0.00 reconn/s: 0.00
[ 140s ] thds: 256 tps: 18546.03 qps: 370945.58 (r/w/o: 259656.10/74199.72/37089.76) lat (ms,95%): 20.00 err/s: 0.00 reconn/s: 0.00
[ 150s ] thds: 256 tps: 18529.09 qps: 370481.22 (r/w/o: 259333.90/74087.34/37059.97) lat (ms,95%): 20.37 err/s: 0.00 reconn/s: 0.00
[ 160s ] thds: 256 tps: 18562.88 qps: 371406.04 (r/w/o: 259989.28/74290.61/37126.15) lat (ms,95%): 20.00 err/s: 0.00 reconn/s: 0.00
[ 170s ] thds: 256 tps: 18515.48 qps: 370280.45 (r/w/o: 259192.95/74058.33/37029.16) lat (ms,95%): 20.00 err/s: 0.00 reconn/s: 0.00
[ 180s ] thds: 256 tps: 18529.28 qps: 370492.16 (r/w/o: 259332.56/74099.13/37060.47) lat (ms,95%): 20.00 err/s: 0.00 reconn/s: 0.00
[ 190s ] thds: 256 tps: 18451.40 qps: 368957.36 (r/w/o: 258269.24/73786.11/36902.01) lat (ms,95%): 20.37 err/s: 0.00 reconn/s: 0.00
[ 200s ] thds: 256 tps: 18491.42 qps: 369865.31 (r/w/o: 258925.22/73957.16/36982.93) lat (ms,95%): 20.00 err/s: 0.00 reconn/s: 0.00
[ 210s ] thds: 256 tps: 18462.65 qps: 369302.96 (r/w/o: 258516.35/73860.61/36926.01) lat (ms,95%): 20.37 err/s: 0.00 reconn/s: 0.00
[ 220s ] thds: 256 tps: 18531.12 qps: 370661.52 (r/w/o: 259466.12/74133.16/37062.23) lat (ms,95%): 20.37 err/s: 0.00 reconn/s: 0.00
[ 230s ] thds: 256 tps: 18631.73 qps: 372657.06 (r/w/o: 260861.56/74532.03/37263.47) lat (ms,95%): 20.00 err/s: 0.00 reconn/s: 0.00
[ 240s ] thds: 256 tps: 18507.30 qps: 370076.54 (r/w/o: 259049.96/74013.19/37013.39) lat (ms,95%): 20.37 err/s: 0.00 reconn/s: 0.00
[ 250s ] thds: 256 tps: 18455.08 qps: 369117.44 (r/w/o: 258378.88/73827.81/36910.75) lat (ms,95%): 20.37 err/s: 0.00 reconn/s: 0.00
[ 260s ] thds: 256 tps: 18608.96 qps: 372101.93 (r/w/o: 260444.69/74438.73/37218.51) lat (ms,95%): 20.00 err/s: 0.00 reconn/s: 0.00
[ 270s ] thds: 256 tps: 18569.23 qps: 371464.69 (r/w/o: 260060.48/74266.54/37137.67) lat (ms,95%): 20.37 err/s: 0.00 reconn/s: 0.00
[ 280s ] thds: 256 tps: 18445.15 qps: 368837.03 (r/w/o: 258166.85/73779.09/36891.09) lat (ms,95%): 20.37 err/s: 0.00 reconn/s: 0.00
[ 290s ] thds: 256 tps: 18605.02 qps: 372093.17 (r/w/o: 260461.03/74423.79/37208.35) lat (ms,95%): 20.37 err/s: 0.00 reconn/s: 0.00
[ 300s ] thds: 256 tps: 18503.34 qps: 370004.72 (r/w/o: 259005.18/73991.76/37007.78) lat (ms,95%): 20.37 err/s: 0.00 reconn/s: 0.00
[ 310s ] thds: 256 tps: 18508.94 qps: 370276.36 (r/w/o: 259203.33/74055.25/37017.78) lat (ms,95%): 20.37 err/s: 0.00 reconn/s: 0.00
[ 320s ] thds: 256 tps: 18542.90 qps: 370919.06 (r/w/o: 259637.14/74195.21/37086.71) lat (ms,95%): 20.00 err/s: 0.00 reconn/s: 0.00
[ 330s ] thds: 256 tps: 18513.81 qps: 370257.50 (r/w/o: 259193.64/74036.24/37027.62) lat (ms,95%): 20.37 err/s: 0.00 reconn/s: 0.00
[ 340s ] thds: 256 tps: 18404.72 qps: 368057.58 (r/w/o: 257625.83/73622.60/36809.15) lat (ms,95%): 20.74 err/s: 0.10 reconn/s: 0.00
[ 350s ] thds: 256 tps: 18523.58 qps: 370457.85 (r/w/o: 259328.58/74081.61/37047.65) lat (ms,95%): 20.37 err/s: 0.00 reconn/s: 0.00
[ 360s ] thds: 256 tps: 18559.86 qps: 371224.02 (r/w/o: 259860.25/74243.74/37120.02) lat (ms,95%): 20.37 err/s: 0.10 reconn/s: 0.00
[ 370s ] thds: 256 tps: 18483.68 qps: 369684.25 (r/w/o: 258768.08/73948.91/36967.25) lat (ms,95%): 20.37 err/s: 0.00 reconn/s: 0.00
[ 380s ] thds: 256 tps: 18503.49 qps: 370049.50 (r/w/o: 259040.36/74007.06/37002.08) lat (ms,95%): 20.37 err/s: 0.00 reconn/s: 0.00
SQL statistics:
    queries performed:
        read:                            98395514
        write:                           28112994
        other:                           14056508
        total:                           140565016
    transactions:                        7028249 (18484.33 per sec.)
    queries:                             140565016 (369686.65 per sec.)
    ignored errors:                      2      (0.01 per sec.)
    reconnects:                          0      (0.00 per sec.)

General statistics:
    total time:                          380.2265s
    total number of events:              7028249

Latency (ms):
         min:                                    5.22
         avg:                                   13.84
         max:                                  248.71
         95th percentile:                       20.00
         sum:                             97284200.16

Threads fairness:
    events (avg/stddev):           27454.0977/524.10
    execution time (avg/stddev):   380.0164/0.05

