sysbench 1.0.20-ebf1c90 (using bundled LuaJIT 2.1.0-beta2)

Running the test with following options:
Number of threads: 256
Report intermediate results every 10 second(s)
Initializing random number generator from current time


Initializing worker threads...

Threads started!

[ 10s ] thds: 256 tps: 17625.59 qps: 352788.53 (r/w/o: 246991.90/70520.75/35275.87) lat (ms,95%): 21.11 err/s: 0.00 reconn/s: 0.00
[ 20s ] thds: 256 tps: 18261.55 qps: 365214.79 (r/w/o: 255644.00/73050.20/36520.60) lat (ms,95%): 20.00 err/s: 0.00 reconn/s: 0.00
[ 30s ] thds: 256 tps: 18348.60 qps: 367098.97 (r/w/o: 256979.15/73419.11/36700.71) lat (ms,95%): 20.00 err/s: 0.00 reconn/s: 0.00
[ 40s ] thds: 256 tps: 18637.88 qps: 372731.90 (r/w/o: 260917.95/74538.70/37275.25) lat (ms,95%): 19.65 err/s: 0.00 reconn/s: 0.00
[ 50s ] thds: 256 tps: 18533.89 qps: 370615.37 (r/w/o: 259426.51/74120.97/37067.89) lat (ms,95%): 19.65 err/s: 0.00 reconn/s: 0.00
[ 60s ] thds: 256 tps: 18629.65 qps: 372555.31 (r/w/o: 260769.74/74525.88/37259.69) lat (ms,95%): 19.65 err/s: 0.00 reconn/s: 0.00
[ 70s ] thds: 256 tps: 18471.26 qps: 369375.27 (r/w/o: 258554.52/73878.23/36942.52) lat (ms,95%): 20.00 err/s: 0.00 reconn/s: 0.00
[ 80s ] thds: 256 tps: 18512.41 qps: 370363.94 (r/w/o: 259281.57/74057.55/37024.82) lat (ms,95%): 20.00 err/s: 0.00 reconn/s: 0.00
[ 90s ] thds: 256 tps: 18499.82 qps: 370000.78 (r/w/o: 258996.57/74008.28/36995.94) lat (ms,95%): 20.00 err/s: 0.00 reconn/s: 0.00
[ 100s ] thds: 256 tps: 18405.71 qps: 368145.36 (r/w/o: 257700.08/73630.05/36815.23) lat (ms,95%): 20.00 err/s: 0.00 reconn/s: 0.00
[ 110s ] thds: 256 tps: 18620.98 qps: 372363.73 (r/w/o: 260655.17/74468.71/37239.85) lat (ms,95%): 20.00 err/s: 0.00 reconn/s: 0.00
[ 120s ] thds: 256 tps: 18572.23 qps: 371444.50 (r/w/o: 260022.62/74279.02/37142.86) lat (ms,95%): 20.00 err/s: 0.00 reconn/s: 0.00
[ 130s ] thds: 256 tps: 18565.62 qps: 371302.99 (r/w/o: 259920.77/74247.38/37134.84) lat (ms,95%): 20.00 err/s: 0.00 reconn/s: 0.00
[ 140s ] thds: 256 tps: 18504.93 qps: 370155.66 (r/w/o: 259097.09/74048.61/37009.96) lat (ms,95%): 20.00 err/s: 0.00 reconn/s: 0.00
[ 150s ] thds: 256 tps: 18497.84 qps: 369854.56 (r/w/o: 258883.90/73974.97/36995.69) lat (ms,95%): 20.37 err/s: 0.00 reconn/s: 0.00
[ 160s ] thds: 256 tps: 18540.14 qps: 370870.75 (r/w/o: 259618.69/74171.77/37080.28) lat (ms,95%): 20.00 err/s: 0.00 reconn/s: 0.00
[ 170s ] thds: 256 tps: 18496.98 qps: 369953.19 (r/w/o: 258971.18/73988.04/36993.97) lat (ms,95%): 20.00 err/s: 0.00 reconn/s: 0.00
[ 180s ] thds: 256 tps: 18525.10 qps: 370537.72 (r/w/o: 259371.35/74116.29/37050.09) lat (ms,95%): 20.00 err/s: 0.00 reconn/s: 0.00
[ 190s ] thds: 256 tps: 18448.50 qps: 368944.46 (r/w/o: 258263.14/73786.91/36894.41) lat (ms,95%): 20.37 err/s: 0.00 reconn/s: 0.00
[ 200s ] thds: 256 tps: 18487.05 qps: 369696.02 (r/w/o: 258786.92/73932.30/36976.80) lat (ms,95%): 20.00 err/s: 0.00 reconn/s: 0.00
[ 210s ] thds: 256 tps: 18464.68 qps: 369307.93 (r/w/o: 258520.74/73858.43/36928.76) lat (ms,95%): 20.37 err/s: 0.00 reconn/s: 0.00
[ 220s ] thds: 256 tps: 18572.12 qps: 371442.48 (r/w/o: 259994.47/74303.28/37144.74) lat (ms,95%): 20.37 err/s: 0.00 reconn/s: 0.00
[ 230s ] thds: 256 tps: 18635.25 qps: 372661.32 (r/w/o: 260867.31/74526.90/37267.10) lat (ms,95%): 20.00 err/s: 0.10 reconn/s: 0.00
[ 240s ] thds: 256 tps: 18489.70 qps: 369834.77 (r/w/o: 258893.65/73958.21/36982.91) lat (ms,95%): 20.37 err/s: 0.00 reconn/s: 0.00
[ 250s ] thds: 256 tps: 18446.59 qps: 368925.48 (r/w/o: 258243.75/73789.36/36892.38) lat (ms,95%): 20.37 err/s: 0.00 reconn/s: 0.00
[ 260s ] thds: 256 tps: 18623.43 qps: 372433.29 (r/w/o: 260705.82/74479.62/37247.86) lat (ms,95%): 20.00 err/s: 0.00 reconn/s: 0.00
[ 270s ] thds: 256 tps: 18572.55 qps: 371570.98 (r/w/o: 260080.98/74346.00/37144.00) lat (ms,95%): 20.37 err/s: 0.00 reconn/s: 0.00
[ 280s ] thds: 256 tps: 18453.57 qps: 369078.52 (r/w/o: 258358.02/73812.36/36908.13) lat (ms,95%): 20.37 err/s: 0.00 reconn/s: 0.00
[ 290s ] thds: 256 tps: 18624.01 qps: 372358.92 (r/w/o: 260655.66/74456.74/37246.52) lat (ms,95%): 20.37 err/s: 0.00 reconn/s: 0.00
[ 300s ] thds: 256 tps: 18482.79 qps: 369720.13 (r/w/o: 258811.21/73941.75/36967.17) lat (ms,95%): 20.37 err/s: 0.00 reconn/s: 0.00
[ 310s ] thds: 256 tps: 18501.35 qps: 369992.00 (r/w/o: 258988.47/74001.02/37002.51) lat (ms,95%): 20.37 err/s: 0.00 reconn/s: 0.00
[ 320s ] thds: 256 tps: 18546.21 qps: 370895.62 (r/w/o: 259635.08/74170.82/37089.71) lat (ms,95%): 20.00 err/s: 0.00 reconn/s: 0.00
[ 330s ] thds: 256 tps: 18479.20 qps: 369568.46 (r/w/o: 258680.07/73927.89/36960.50) lat (ms,95%): 20.37 err/s: 0.00 reconn/s: 0.00
[ 340s ] thds: 256 tps: 18370.88 qps: 367561.54 (r/w/o: 257315.88/73503.11/36742.55) lat (ms,95%): 20.74 err/s: 0.00 reconn/s: 0.00
[ 350s ] thds: 256 tps: 18556.77 qps: 371085.37 (r/w/o: 259746.86/74224.87/37113.64) lat (ms,95%): 20.37 err/s: 0.00 reconn/s: 0.00
[ 360s ] thds: 256 tps: 18530.76 qps: 370525.44 (r/w/o: 259364.60/74099.43/37061.41) lat (ms,95%): 20.37 err/s: 0.00 reconn/s: 0.00
[ 370s ] thds: 256 tps: 18476.71 qps: 369581.73 (r/w/o: 258726.89/73901.43/36953.41) lat (ms,95%): 20.37 err/s: 0.00 reconn/s: 0.00
[ 380s ] thds: 256 tps: 18504.15 qps: 370188.45 (r/w/o: 259114.96/74065.19/37008.29) lat (ms,95%): 20.37 err/s: 0.00 reconn/s: 0.00
SQL statistics:
    queries performed:
        read:                            98356174
        write:                           28101759
        other:                           14050885
        total:                           140508818
    transactions:                        7025440 (18477.94 per sec.)
    queries:                             140508818 (369558.89 per sec.)
    ignored errors:                      1      (0.00 per sec.)
    reconnects:                          0      (0.00 per sec.)

General statistics:
    total time:                          380.2059s
    total number of events:              7025440

Latency (ms):
         min:                                    5.26
         avg:                                   13.85
         max:                                  248.94
         95th percentile:                       20.00
         sum:                             97269288.81

Threads fairness:
    events (avg/stddev):           27443.1250/470.46
    execution time (avg/stddev):   379.9582/0.02

