sysbench 1.0.20-ebf1c90 (using bundled LuaJIT 2.1.0-beta2)

Running the test with following options:
Number of threads: 256
Report intermediate results every 10 second(s)
Initializing random number generator from current time


Initializing worker threads...

Threads started!

[ 10s ] thds: 256 tps: 17613.93 qps: 352674.15 (r/w/o: 246925.55/70495.03/35253.57) lat (ms,95%): 21.11 err/s: 0.00 reconn/s: 0.00
[ 20s ] thds: 256 tps: 18430.88 qps: 368636.39 (r/w/o: 258030.72/73744.32/36861.36) lat (ms,95%): 20.00 err/s: 0.00 reconn/s: 0.00
[ 30s ] thds: 256 tps: 18482.49 qps: 369613.25 (r/w/o: 258739.80/73908.17/36965.29) lat (ms,95%): 19.65 err/s: 0.00 reconn/s: 0.00
[ 40s ] thds: 256 tps: 18672.03 qps: 373337.15 (r/w/o: 261311.98/74681.11/37344.06) lat (ms,95%): 19.65 err/s: 0.00 reconn/s: 0.00
[ 50s ] thds: 256 tps: 18790.87 qps: 375786.60 (r/w/o: 263057.58/75146.88/37582.14) lat (ms,95%): 19.29 err/s: 0.00 reconn/s: 0.00
[ 60s ] thds: 256 tps: 18748.24 qps: 375086.83 (r/w/o: 262560.81/75029.55/37496.47) lat (ms,95%): 19.29 err/s: 0.00 reconn/s: 0.00
[ 70s ] thds: 256 tps: 18750.60 qps: 374943.95 (r/w/o: 262465.56/74980.69/37497.69) lat (ms,95%): 19.29 err/s: 0.00 reconn/s: 0.00
[ 80s ] thds: 256 tps: 18706.30 qps: 374031.07 (r/w/o: 261805.55/74809.41/37416.11) lat (ms,95%): 19.29 err/s: 0.00 reconn/s: 0.00
[ 90s ] thds: 256 tps: 18716.93 qps: 374437.74 (r/w/o: 262127.15/74876.83/37433.76) lat (ms,95%): 19.65 err/s: 0.10 reconn/s: 0.00
[ 100s ] thds: 256 tps: 18711.09 qps: 374200.49 (r/w/o: 261942.95/74835.06/37422.48) lat (ms,95%): 19.65 err/s: 0.00 reconn/s: 0.00
[ 110s ] thds: 256 tps: 18671.01 qps: 373530.28 (r/w/o: 261466.63/74721.64/37342.02) lat (ms,95%): 19.65 err/s: 0.00 reconn/s: 0.00
[ 120s ] thds: 256 tps: 18515.72 qps: 370173.31 (r/w/o: 259125.59/74018.58/37029.14) lat (ms,95%): 20.00 err/s: 0.00 reconn/s: 0.00
[ 130s ] thds: 256 tps: 18618.93 qps: 372548.96 (r/w/o: 260787.59/74521.21/37240.16) lat (ms,95%): 19.65 err/s: 0.00 reconn/s: 0.00
[ 140s ] thds: 256 tps: 18669.21 qps: 373274.36 (r/w/o: 261292.11/74643.93/37338.32) lat (ms,95%): 19.65 err/s: 0.00 reconn/s: 0.00
[ 150s ] thds: 256 tps: 18583.03 qps: 371666.17 (r/w/o: 260158.57/74342.33/37165.27) lat (ms,95%): 20.00 err/s: 0.10 reconn/s: 0.00
[ 160s ] thds: 256 tps: 18499.75 qps: 370093.42 (r/w/o: 259071.62/74021.20/37000.60) lat (ms,95%): 20.00 err/s: 0.00 reconn/s: 0.00
[ 170s ] thds: 256 tps: 18487.57 qps: 369756.97 (r/w/o: 258810.96/73973.17/36972.84) lat (ms,95%): 20.00 err/s: 0.00 reconn/s: 0.00
[ 180s ] thds: 256 tps: 18435.51 qps: 368697.95 (r/w/o: 258098.37/73726.15/36873.42) lat (ms,95%): 20.00 err/s: 0.00 reconn/s: 0.00
[ 190s ] thds: 256 tps: 18466.74 qps: 369242.62 (r/w/o: 258475.68/73833.76/36933.18) lat (ms,95%): 20.00 err/s: 0.00 reconn/s: 0.00
[ 200s ] thds: 256 tps: 18441.76 qps: 368859.19 (r/w/o: 258193.80/73781.56/36883.83) lat (ms,95%): 20.00 err/s: 0.00 reconn/s: 0.00
[ 210s ] thds: 256 tps: 18464.73 qps: 369239.48 (r/w/o: 258480.41/73834.12/36924.96) lat (ms,95%): 20.37 err/s: 0.00 reconn/s: 0.00
[ 220s ] thds: 256 tps: 18362.28 qps: 367274.58 (r/w/o: 257089.11/73456.72/36728.76) lat (ms,95%): 20.37 err/s: 0.00 reconn/s: 0.00
[ 230s ] thds: 256 tps: 18415.00 qps: 368316.90 (r/w/o: 257840.10/73646.90/36829.90) lat (ms,95%): 20.37 err/s: 0.00 reconn/s: 0.00
[ 240s ] thds: 256 tps: 18223.02 qps: 364411.64 (r/w/o: 255071.31/72894.09/36446.24) lat (ms,95%): 20.74 err/s: 0.00 reconn/s: 0.00
[ 250s ] thds: 256 tps: 18352.98 qps: 367121.92 (r/w/o: 256995.83/73420.12/36705.96) lat (ms,95%): 20.37 err/s: 0.00 reconn/s: 0.00
[ 260s ] thds: 256 tps: 18218.72 qps: 364336.78 (r/w/o: 255028.74/72870.80/36437.25) lat (ms,95%): 20.37 err/s: 0.00 reconn/s: 0.00
[ 270s ] thds: 256 tps: 18444.13 qps: 368949.07 (r/w/o: 258252.47/73807.63/36888.97) lat (ms,95%): 20.00 err/s: 0.00 reconn/s: 0.00
[ 280s ] thds: 256 tps: 18329.30 qps: 366619.52 (r/w/o: 256645.92/73314.90/36658.70) lat (ms,95%): 20.37 err/s: 0.00 reconn/s: 0.00
[ 290s ] thds: 256 tps: 18341.98 qps: 366783.60 (r/w/o: 256740.19/73359.44/36683.97) lat (ms,95%): 20.37 err/s: 0.00 reconn/s: 0.00
[ 300s ] thds: 256 tps: 18217.41 qps: 364255.16 (r/w/o: 254978.28/72842.75/36434.13) lat (ms,95%): 20.74 err/s: 0.00 reconn/s: 0.00
[ 310s ] thds: 256 tps: 18272.47 qps: 365472.49 (r/w/o: 255828.24/73098.70/36545.55) lat (ms,95%): 20.74 err/s: 0.00 reconn/s: 0.00
[ 320s ] thds: 256 tps: 18171.85 qps: 363424.90 (r/w/o: 254392.77/72690.72/36341.41) lat (ms,95%): 20.74 err/s: 0.00 reconn/s: 0.00
[ 330s ] thds: 256 tps: 18365.54 qps: 367353.82 (r/w/o: 257155.77/73468.46/36729.58) lat (ms,95%): 20.37 err/s: 0.00 reconn/s: 0.00
[ 340s ] thds: 256 tps: 18335.97 qps: 366725.26 (r/w/o: 256697.22/73352.09/36675.95) lat (ms,95%): 20.37 err/s: 0.00 reconn/s: 0.00
[ 350s ] thds: 256 tps: 18406.08 qps: 368118.74 (r/w/o: 257688.75/73617.83/36812.16) lat (ms,95%): 20.37 err/s: 0.00 reconn/s: 0.00
[ 360s ] thds: 256 tps: 18142.16 qps: 362802.36 (r/w/o: 253954.11/72564.43/36283.82) lat (ms,95%): 21.11 err/s: 0.00 reconn/s: 0.00
[ 370s ] thds: 256 tps: 18225.83 qps: 364553.90 (r/w/o: 255201.15/72900.40/36452.35) lat (ms,95%): 20.37 err/s: 0.10 reconn/s: 0.00
[ 380s ] thds: 256 tps: 18063.59 qps: 361144.56 (r/w/o: 252777.93/72242.85/36123.78) lat (ms,95%): 20.37 err/s: 0.00 reconn/s: 0.00
SQL statistics:
    queries performed:
        read:                            98055076
        write:                           28015720
        other:                           14007878
        total:                           140078674
    transactions:                        7003931 (18401.76 per sec.)
    queries:                             140078674 (368035.42 per sec.)
    ignored errors:                      3      (0.01 per sec.)
    reconnects:                          0      (0.00 per sec.)

General statistics:
    total time:                          380.6110s
    total number of events:              7003931

Latency (ms):
         min:                                    5.36
         avg:                                   13.89
         max:                                  685.14
         95th percentile:                       20.00
         sum:                             97317935.81

Threads fairness:
    events (avg/stddev):           27359.1055/552.47
    execution time (avg/stddev):   380.1482/0.13

