sysbench 1.0.20-ebf1c90 (using bundled LuaJIT 2.1.0-beta2)

Running the test with following options:
Number of threads: 256
Report intermediate results every 10 second(s)
Initializing random number generator from current time


Initializing worker threads...

Threads started!

[ 10s ] thds: 256 tps: 26294.47 qps: 526203.10 (r/w/o: 368388.27/105200.49/52614.34) lat (ms,95%): 13.46 err/s: 0.00 reconn/s: 0.00
[ 20s ] thds: 256 tps: 26674.18 qps: 533447.77 (r/w/o: 373405.97/106693.43/53348.37) lat (ms,95%): 13.46 err/s: 0.00 reconn/s: 0.00
[ 30s ] thds: 256 tps: 27014.17 qps: 540185.32 (r/w/o: 378114.12/108043.56/54027.63) lat (ms,95%): 13.22 err/s: 0.00 reconn/s: 0.00
[ 40s ] thds: 256 tps: 27238.29 qps: 544824.54 (r/w/o: 381387.39/108962.57/54474.58) lat (ms,95%): 13.22 err/s: 0.00 reconn/s: 0.00
[ 50s ] thds: 256 tps: 27259.54 qps: 545273.60 (r/w/o: 381696.53/109055.18/54521.89) lat (ms,95%): 12.98 err/s: 0.00 reconn/s: 0.00
[ 60s ] thds: 256 tps: 27462.67 qps: 549143.85 (r/w/o: 384390.01/109832.29/54921.54) lat (ms,95%): 12.98 err/s: 0.00 reconn/s: 0.00
[ 70s ] thds: 256 tps: 27457.82 qps: 549215.96 (r/w/o: 384461.75/109834.77/54919.44) lat (ms,95%): 12.75 err/s: 0.00 reconn/s: 0.00
[ 80s ] thds: 256 tps: 27553.76 qps: 551052.84 (r/w/o: 385735.20/110211.13/55106.51) lat (ms,95%): 12.75 err/s: 0.00 reconn/s: 0.00
[ 90s ] thds: 256 tps: 27428.30 qps: 548499.98 (r/w/o: 383935.55/109707.32/54857.11) lat (ms,95%): 12.75 err/s: 0.00 reconn/s: 0.00
[ 100s ] thds: 256 tps: 27685.82 qps: 553810.19 (r/w/o: 387684.44/110754.30/55371.45) lat (ms,95%): 12.52 err/s: 0.00 reconn/s: 0.00
[ 110s ] thds: 256 tps: 27555.90 qps: 551210.57 (r/w/o: 385853.35/110244.61/55112.61) lat (ms,95%): 12.52 err/s: 0.00 reconn/s: 0.00
[ 120s ] thds: 256 tps: 27501.93 qps: 549957.02 (r/w/o: 384963.33/109990.22/55003.46) lat (ms,95%): 12.52 err/s: 0.00 reconn/s: 0.00
[ 130s ] thds: 256 tps: 27597.06 qps: 551932.99 (r/w/o: 386351.53/110388.14/55193.32) lat (ms,95%): 12.52 err/s: 0.00 reconn/s: 0.00
[ 140s ] thds: 256 tps: 27639.26 qps: 552798.12 (r/w/o: 386959.58/110558.92/55279.61) lat (ms,95%): 12.52 err/s: 0.00 reconn/s: 0.00
[ 150s ] thds: 256 tps: 27736.61 qps: 554759.45 (r/w/o: 388341.77/110944.45/55473.22) lat (ms,95%): 12.30 err/s: 0.00 reconn/s: 0.00
[ 160s ] thds: 256 tps: 27550.43 qps: 550972.12 (r/w/o: 385676.84/110194.92/55100.36) lat (ms,95%): 12.30 err/s: 0.00 reconn/s: 0.00
[ 170s ] thds: 256 tps: 27808.54 qps: 556226.38 (r/w/o: 389365.21/111243.68/55617.49) lat (ms,95%): 12.30 err/s: 0.00 reconn/s: 0.00
[ 180s ] thds: 256 tps: 27834.52 qps: 556587.79 (r/w/o: 389594.75/111324.80/55668.25) lat (ms,95%): 12.30 err/s: 0.00 reconn/s: 0.00
[ 190s ] thds: 256 tps: 27564.20 qps: 551354.79 (r/w/o: 385959.79/110265.40/55129.60) lat (ms,95%): 12.30 err/s: 0.00 reconn/s: 0.00
[ 200s ] thds: 256 tps: 27874.15 qps: 557396.55 (r/w/o: 390167.46/111482.19/55746.89) lat (ms,95%): 12.08 err/s: 0.00 reconn/s: 0.00
[ 210s ] thds: 256 tps: 27751.17 qps: 555124.48 (r/w/o: 388593.14/111028.40/55502.95) lat (ms,95%): 12.30 err/s: 0.00 reconn/s: 0.00
[ 220s ] thds: 256 tps: 27809.98 qps: 556160.26 (r/w/o: 389311.29/111229.31/55619.66) lat (ms,95%): 12.08 err/s: 0.00 reconn/s: 0.00
[ 230s ] thds: 256 tps: 27891.43 qps: 557886.13 (r/w/o: 390521.64/111580.93/55783.56) lat (ms,95%): 12.08 err/s: 0.00 reconn/s: 0.00
[ 240s ] thds: 256 tps: 27691.51 qps: 553745.17 (r/w/o: 387612.29/110750.25/55382.63) lat (ms,95%): 12.30 err/s: 0.10 reconn/s: 0.00
[ 250s ] thds: 256 tps: 27898.22 qps: 557993.05 (r/w/o: 390612.41/111583.89/55796.74) lat (ms,95%): 12.08 err/s: 0.00 reconn/s: 0.00
[ 260s ] thds: 256 tps: 27792.17 qps: 555858.20 (r/w/o: 389092.21/111181.56/55584.43) lat (ms,95%): 12.08 err/s: 0.00 reconn/s: 0.00
[ 270s ] thds: 256 tps: 27865.21 qps: 557251.34 (r/w/o: 390063.20/111457.13/55731.01) lat (ms,95%): 12.08 err/s: 0.00 reconn/s: 0.00
[ 280s ] thds: 256 tps: 27837.48 qps: 556819.07 (r/w/o: 389791.77/111353.13/55674.17) lat (ms,95%): 12.08 err/s: 0.00 reconn/s: 0.00
[ 290s ] thds: 256 tps: 28167.75 qps: 563355.07 (r/w/o: 394347.58/112671.39/56336.10) lat (ms,95%): 11.87 err/s: 0.00 reconn/s: 0.00
[ 300s ] thds: 256 tps: 28100.87 qps: 561988.38 (r/w/o: 393383.54/112404.20/56200.65) lat (ms,95%): 12.08 err/s: 0.00 reconn/s: 0.00
[ 310s ] thds: 256 tps: 27879.24 qps: 557580.01 (r/w/o: 390308.97/111511.96/55759.08) lat (ms,95%): 12.08 err/s: 0.00 reconn/s: 0.00
[ 320s ] thds: 256 tps: 28004.47 qps: 560064.33 (r/w/o: 392042.53/112012.57/56009.23) lat (ms,95%): 12.08 err/s: 0.00 reconn/s: 0.00
[ 330s ] thds: 256 tps: 27682.13 qps: 553641.83 (r/w/o: 387554.27/110724.21/55363.35) lat (ms,95%): 12.30 err/s: 0.00 reconn/s: 0.00
[ 340s ] thds: 256 tps: 28027.90 qps: 560527.90 (r/w/o: 392356.30/112117.10/56054.50) lat (ms,95%): 12.08 err/s: 0.00 reconn/s: 0.00
[ 350s ] thds: 256 tps: 28050.70 qps: 561077.49 (r/w/o: 392767.59/112206.90/56103.00) lat (ms,95%): 12.08 err/s: 0.00 reconn/s: 0.00
[ 360s ] thds: 256 tps: 27759.10 qps: 555216.23 (r/w/o: 388665.25/111031.59/55519.39) lat (ms,95%): 12.08 err/s: 0.00 reconn/s: 0.00
[ 370s ] thds: 256 tps: 27987.41 qps: 559684.01 (r/w/o: 391754.18/111956.62/55973.21) lat (ms,95%): 12.08 err/s: 0.00 reconn/s: 0.00
[ 380s ] thds: 256 tps: 27442.53 qps: 548850.88 (r/w/o: 384200.41/109764.92/54885.56) lat (ms,95%): 12.30 err/s: 0.00 reconn/s: 0.00
SQL statistics:
    queries performed:
        read:                            147055902
        write:                           42015965
        other:                           21007991
        total:                           210079858
    transactions:                        10503992 (27606.38 per sec.)
    queries:                             210079858 (552127.55 per sec.)
    ignored errors:                      1      (0.00 per sec.)
    reconnects:                          0      (0.00 per sec.)

General statistics:
    total time:                          380.4906s
    total number of events:              10503992

Latency (ms):
         min:                                    4.74
         avg:                                    9.26
         max:                                  501.98
         95th percentile:                       12.52
         sum:                             97280336.65

Threads fairness:
    events (avg/stddev):           41031.2188/1075.44
    execution time (avg/stddev):   380.0013/0.10

