sysbench 1.0.20-ebf1c90 (using bundled LuaJIT 2.1.0-beta2)

Running the test with following options:
Number of threads: 128
Report intermediate results every 10 second(s)
Initializing random number generator from current time


Initializing worker threads...

Threads started!

[ 10s ] thds: 128 tps: 14442.02 qps: 288964.74 (r/w/o: 202296.54/57772.07/28896.13) lat (ms,95%): 14.21 err/s: 0.00 reconn/s: 0.00
[ 20s ] thds: 128 tps: 14960.80 qps: 299228.84 (r/w/o: 209461.03/59845.81/29922.00) lat (ms,95%): 13.95 err/s: 0.00 reconn/s: 0.00
[ 30s ] thds: 128 tps: 13566.29 qps: 271309.53 (r/w/o: 189914.11/54263.05/27132.37) lat (ms,95%): 14.46 err/s: 0.00 reconn/s: 0.00
[ 40s ] thds: 128 tps: 14629.32 qps: 292602.22 (r/w/o: 204820.69/58522.88/29258.64) lat (ms,95%): 14.21 err/s: 0.00 reconn/s: 0.00
[ 50s ] thds: 128 tps: 14301.39 qps: 286015.95 (r/w/o: 200213.00/57199.97/28602.99) lat (ms,95%): 14.21 err/s: 0.00 reconn/s: 0.00
[ 60s ] thds: 128 tps: 14955.92 qps: 299113.21 (r/w/o: 209377.62/59824.16/29911.43) lat (ms,95%): 13.95 err/s: 0.00 reconn/s: 0.00
[ 70s ] thds: 128 tps: 13869.07 qps: 277383.64 (r/w/o: 194167.21/55478.49/27737.94) lat (ms,95%): 14.21 err/s: 0.00 reconn/s: 0.00
[ 80s ] thds: 128 tps: 15139.21 qps: 302802.20 (r/w/o: 211963.67/60559.32/30279.21) lat (ms,95%): 13.70 err/s: 0.00 reconn/s: 0.00
[ 90s ] thds: 128 tps: 15036.64 qps: 300712.58 (r/w/o: 210498.45/60141.26/30072.88) lat (ms,95%): 13.70 err/s: 0.00 reconn/s: 0.00
[ 100s ] thds: 128 tps: 14660.37 qps: 293207.73 (r/w/o: 205244.50/58642.69/29320.54) lat (ms,95%): 13.95 err/s: 0.00 reconn/s: 0.00
[ 110s ] thds: 128 tps: 14596.70 qps: 291938.70 (r/w/o: 204357.97/58387.22/29193.51) lat (ms,95%): 13.95 err/s: 0.00 reconn/s: 0.00
[ 120s ] thds: 128 tps: 15308.90 qps: 306187.44 (r/w/o: 214334.23/61234.91/30618.30) lat (ms,95%): 13.46 err/s: 0.00 reconn/s: 0.00
[ 130s ] thds: 128 tps: 14336.99 qps: 286727.94 (r/w/o: 200707.12/57347.65/28673.17) lat (ms,95%): 13.95 err/s: 0.00 reconn/s: 0.00
[ 140s ] thds: 128 tps: 14949.02 qps: 298995.09 (r/w/o: 209298.24/59798.20/29898.65) lat (ms,95%): 13.70 err/s: 0.00 reconn/s: 0.00
[ 150s ] thds: 128 tps: 14616.01 qps: 292316.85 (r/w/o: 204621.58/58463.15/29232.13) lat (ms,95%): 13.95 err/s: 0.00 reconn/s: 0.00
[ 160s ] thds: 128 tps: 15350.47 qps: 307003.97 (r/w/o: 214901.36/61402.17/30700.44) lat (ms,95%): 13.46 err/s: 0.00 reconn/s: 0.00
[ 170s ] thds: 128 tps: 14511.40 qps: 290226.77 (r/w/o: 203158.48/58044.89/29023.40) lat (ms,95%): 13.95 err/s: 0.00 reconn/s: 0.00
[ 180s ] thds: 128 tps: 15334.04 qps: 306689.90 (r/w/o: 214683.56/61338.36/30667.98) lat (ms,95%): 13.70 err/s: 0.00 reconn/s: 0.00
[ 190s ] thds: 128 tps: 15164.17 qps: 303280.67 (r/w/o: 212296.16/60656.27/30328.24) lat (ms,95%): 13.70 err/s: 0.00 reconn/s: 0.00
[ 200s ] thds: 128 tps: 14905.81 qps: 298106.62 (r/w/o: 208674.39/59621.12/29811.11) lat (ms,95%): 13.70 err/s: 0.00 reconn/s: 0.00
[ 210s ] thds: 128 tps: 14560.58 qps: 291219.56 (r/w/o: 203854.26/58243.73/29121.57) lat (ms,95%): 13.95 err/s: 0.00 reconn/s: 0.00
[ 220s ] thds: 128 tps: 15589.33 qps: 311772.95 (r/w/o: 218238.06/62356.13/31178.77) lat (ms,95%): 13.46 err/s: 0.00 reconn/s: 0.00
[ 230s ] thds: 128 tps: 14821.88 qps: 296442.64 (r/w/o: 207510.95/59287.83/29643.86) lat (ms,95%): 13.70 err/s: 0.00 reconn/s: 0.00
[ 240s ] thds: 128 tps: 14879.69 qps: 297585.02 (r/w/o: 208309.17/59517.26/29758.58) lat (ms,95%): 13.70 err/s: 0.00 reconn/s: 0.00
[ 250s ] thds: 128 tps: 14653.99 qps: 293096.32 (r/w/o: 205170.57/58617.06/29308.68) lat (ms,95%): 13.95 err/s: 0.00 reconn/s: 0.00
[ 260s ] thds: 128 tps: 15544.52 qps: 310891.11 (r/w/o: 217623.12/62179.16/31088.83) lat (ms,95%): 13.22 err/s: 0.00 reconn/s: 0.00
[ 270s ] thds: 128 tps: 15261.12 qps: 305210.10 (r/w/o: 213645.68/61042.48/30521.94) lat (ms,95%): 13.46 err/s: 0.00 reconn/s: 0.00
[ 280s ] thds: 128 tps: 15363.10 qps: 307272.71 (r/w/o: 215092.74/61453.28/30726.69) lat (ms,95%): 13.46 err/s: 0.00 reconn/s: 0.00
[ 290s ] thds: 128 tps: 14797.40 qps: 295943.33 (r/w/o: 207158.82/59189.71/29594.80) lat (ms,95%): 13.70 err/s: 0.00 reconn/s: 0.00
[ 300s ] thds: 128 tps: 15344.77 qps: 306899.04 (r/w/o: 214829.31/61380.39/30689.34) lat (ms,95%): 13.46 err/s: 0.00 reconn/s: 0.00
[ 310s ] thds: 128 tps: 14614.12 qps: 292281.03 (r/w/o: 204595.13/58457.77/29228.13) lat (ms,95%): 13.70 err/s: 0.00 reconn/s: 0.00
[ 320s ] thds: 128 tps: 15294.80 qps: 305888.25 (r/w/o: 214122.96/61175.49/30589.79) lat (ms,95%): 13.46 err/s: 0.00 reconn/s: 0.00
[ 330s ] thds: 128 tps: 14643.15 qps: 292881.88 (r/w/o: 205019.06/58576.22/29286.61) lat (ms,95%): 13.70 err/s: 0.00 reconn/s: 0.00
[ 340s ] thds: 128 tps: 15321.55 qps: 306423.22 (r/w/o: 214494.34/61286.48/30642.39) lat (ms,95%): 13.22 err/s: 0.00 reconn/s: 0.00
[ 350s ] thds: 128 tps: 14810.08 qps: 296206.58 (r/w/o: 207348.28/59237.64/29620.67) lat (ms,95%): 13.70 err/s: 0.00 reconn/s: 0.00
[ 360s ] thds: 128 tps: 15521.48 qps: 310427.03 (r/w/o: 217296.74/62087.43/31042.86) lat (ms,95%): 13.46 err/s: 0.00 reconn/s: 0.00
[ 370s ] thds: 128 tps: 15362.82 qps: 307243.95 (r/w/o: 215068.85/61450.07/30725.04) lat (ms,95%): 13.22 err/s: 0.00 reconn/s: 0.00
[ 380s ] thds: 128 tps: 15218.82 qps: 304375.73 (r/w/o: 213063.53/60874.27/30437.93) lat (ms,95%): 13.46 err/s: 0.00 reconn/s: 0.00
SQL statistics:
    queries performed:
        read:                            79275252
        write:                           22650072
        other:                           11325036
        total:                           113250360
    transactions:                        5662518 (14898.36 per sec.)
    queries:                             113250360 (297967.27 per sec.)
    ignored errors:                      0      (0.00 per sec.)
    reconnects:                          0      (0.00 per sec.)

General statistics:
    total time:                          380.0755s
    total number of events:              5662518

Latency (ms):
         min:                                    4.67
         avg:                                    8.59
         max:                                  150.13
         95th percentile:                       13.70
         sum:                             48636120.57

Threads fairness:
    events (avg/stddev):           44238.4219/2100.15
    execution time (avg/stddev):   379.9697/0.01

