sysbench 1.0.20-ebf1c90 (using bundled LuaJIT 2.1.0-beta2)

Running the test with following options:
Number of threads: 32
Report intermediate results every 10 second(s)
Initializing random number generator from current time


Initializing worker threads...

Threads started!

[ 10s ] thds: 32 tps: 2340.44 qps: 46835.05 (r/w/o: 32788.39/9362.87/4683.78) lat (ms,95%): 18.28 err/s: 0.00 reconn/s: 0.00
[ 20s ] thds: 32 tps: 2242.86 qps: 44863.98 (r/w/o: 31406.82/8971.24/4485.92) lat (ms,95%): 18.61 err/s: 0.00 reconn/s: 0.00
[ 30s ] thds: 32 tps: 2311.70 qps: 46231.96 (r/w/o: 32361.74/9246.71/4623.51) lat (ms,95%): 18.28 err/s: 0.00 reconn/s: 0.00
[ 40s ] thds: 32 tps: 2292.70 qps: 45854.51 (r/w/o: 32097.44/9171.68/4585.39) lat (ms,95%): 18.28 err/s: 0.00 reconn/s: 0.00
[ 50s ] thds: 32 tps: 2357.10 qps: 47140.05 (r/w/o: 32997.54/9428.41/4714.11) lat (ms,95%): 18.28 err/s: 0.00 reconn/s: 0.00
[ 60s ] thds: 32 tps: 2288.30 qps: 45764.87 (r/w/o: 32035.78/9152.49/4576.60) lat (ms,95%): 18.61 err/s: 0.00 reconn/s: 0.00
[ 70s ] thds: 32 tps: 2329.60 qps: 46592.13 (r/w/o: 32614.72/9318.21/4659.20) lat (ms,95%): 18.61 err/s: 0.00 reconn/s: 0.00
[ 80s ] thds: 32 tps: 2292.47 qps: 45852.83 (r/w/o: 32097.43/9170.57/4584.83) lat (ms,95%): 18.61 err/s: 0.00 reconn/s: 0.00
[ 90s ] thds: 32 tps: 2429.57 qps: 48593.38 (r/w/o: 34015.27/9718.98/4859.14) lat (ms,95%): 17.63 err/s: 0.00 reconn/s: 0.00
[ 100s ] thds: 32 tps: 2374.42 qps: 47485.72 (r/w/o: 33240.19/9496.58/4748.94) lat (ms,95%): 17.63 err/s: 0.00 reconn/s: 0.00
[ 110s ] thds: 32 tps: 2439.70 qps: 48792.03 (r/w/o: 34153.95/9758.69/4879.39) lat (ms,95%): 17.32 err/s: 0.00 reconn/s: 0.00
[ 120s ] thds: 32 tps: 2367.09 qps: 47342.55 (r/w/o: 33139.43/9468.85/4734.28) lat (ms,95%): 17.63 err/s: 0.00 reconn/s: 0.00
[ 130s ] thds: 32 tps: 2425.53 qps: 48514.92 (r/w/o: 33961.14/9702.92/4850.86) lat (ms,95%): 17.63 err/s: 0.00 reconn/s: 0.00
[ 140s ] thds: 32 tps: 2366.58 qps: 47328.35 (r/w/o: 33130.09/9464.91/4733.36) lat (ms,95%): 18.28 err/s: 0.00 reconn/s: 0.00
[ 150s ] thds: 32 tps: 2487.92 qps: 49763.03 (r/w/o: 34833.80/9953.49/4975.74) lat (ms,95%): 17.63 err/s: 0.00 reconn/s: 0.00
[ 160s ] thds: 32 tps: 2393.67 qps: 47872.31 (r/w/o: 33511.78/9573.08/4787.44) lat (ms,95%): 17.95 err/s: 0.00 reconn/s: 0.00
[ 170s ] thds: 32 tps: 2501.83 qps: 50030.39 (r/w/o: 35019.32/10007.62/5003.46) lat (ms,95%): 17.32 err/s: 0.00 reconn/s: 0.00
[ 180s ] thds: 32 tps: 2408.44 qps: 48165.07 (r/w/o: 33715.04/9633.15/4816.88) lat (ms,95%): 17.63 err/s: 0.00 reconn/s: 0.00
[ 190s ] thds: 32 tps: 2513.70 qps: 50275.20 (r/w/o: 35193.00/10055.10/5027.10) lat (ms,95%): 17.63 err/s: 0.00 reconn/s: 0.00
[ 200s ] thds: 32 tps: 2380.05 qps: 47606.46 (r/w/o: 33325.34/9520.51/4760.61) lat (ms,95%): 17.95 err/s: 0.00 reconn/s: 0.00
[ 210s ] thds: 32 tps: 2429.55 qps: 48589.01 (r/w/o: 34012.03/9717.98/4858.99) lat (ms,95%): 17.63 err/s: 0.00 reconn/s: 0.00
[ 220s ] thds: 32 tps: 2397.60 qps: 47954.71 (r/w/o: 33568.64/9590.88/4795.19) lat (ms,95%): 17.95 err/s: 0.00 reconn/s: 0.00
[ 230s ] thds: 32 tps: 2466.60 qps: 49328.00 (r/w/o: 34529.90/9864.90/4933.20) lat (ms,95%): 17.63 err/s: 0.00 reconn/s: 0.00
[ 240s ] thds: 32 tps: 2424.00 qps: 48481.37 (r/w/o: 33935.68/9697.69/4848.00) lat (ms,95%): 17.63 err/s: 0.00 reconn/s: 0.00
[ 250s ] thds: 32 tps: 2521.60 qps: 50430.46 (r/w/o: 35301.44/10086.21/5042.81) lat (ms,95%): 17.95 err/s: 0.00 reconn/s: 0.00
[ 260s ] thds: 32 tps: 2439.91 qps: 48799.61 (r/w/o: 34160.38/9759.12/4880.11) lat (ms,95%): 17.95 err/s: 0.00 reconn/s: 0.00
[ 270s ] thds: 32 tps: 2504.05 qps: 50085.48 (r/w/o: 35060.06/10017.12/5008.31) lat (ms,95%): 17.32 err/s: 0.00 reconn/s: 0.00
[ 280s ] thds: 32 tps: 2433.54 qps: 48666.13 (r/w/o: 34064.68/9734.47/4866.98) lat (ms,95%): 17.63 err/s: 0.00 reconn/s: 0.00
[ 290s ] thds: 32 tps: 2490.45 qps: 49810.97 (r/w/o: 34869.15/9961.01/4980.81) lat (ms,95%): 17.63 err/s: 0.00 reconn/s: 0.00
[ 300s ] thds: 32 tps: 2417.78 qps: 48357.36 (r/w/o: 33850.19/9671.51/4835.66) lat (ms,95%): 17.63 err/s: 0.00 reconn/s: 0.00
[ 310s ] thds: 32 tps: 2515.42 qps: 50311.94 (r/w/o: 35219.54/10061.47/5030.93) lat (ms,95%): 17.01 err/s: 0.00 reconn/s: 0.00
[ 320s ] thds: 32 tps: 2372.61 qps: 47445.19 (r/w/o: 33210.44/9489.64/4745.12) lat (ms,95%): 17.63 err/s: 0.00 reconn/s: 0.00
[ 330s ] thds: 32 tps: 2529.12 qps: 50584.55 (r/w/o: 35409.24/10117.07/5058.23) lat (ms,95%): 17.32 err/s: 0.00 reconn/s: 0.00
[ 340s ] thds: 32 tps: 2471.09 qps: 49421.66 (r/w/o: 34595.20/9884.37/4942.09) lat (ms,95%): 17.32 err/s: 0.00 reconn/s: 0.00
[ 350s ] thds: 32 tps: 2516.83 qps: 50341.68 (r/w/o: 35241.00/10066.82/5033.86) lat (ms,95%): 17.32 err/s: 0.00 reconn/s: 0.00
[ 360s ] thds: 32 tps: 2481.90 qps: 49633.64 (r/w/o: 34743.03/9926.81/4963.80) lat (ms,95%): 17.32 err/s: 0.00 reconn/s: 0.00
[ 370s ] thds: 32 tps: 2507.90 qps: 50157.27 (r/w/o: 35109.15/10032.41/5015.71) lat (ms,95%): 17.63 err/s: 0.00 reconn/s: 0.00
[ 380s ] thds: 32 tps: 2513.60 qps: 50279.53 (r/w/o: 35196.75/10055.49/5027.29) lat (ms,95%): 17.32 err/s: 0.00 reconn/s: 0.00
SQL statistics:
    queries performed:
        read:                            12877298
        write:                           3679228
        other:                           1839614
        total:                           18396140
    transactions:                        919807 (2420.40 per sec.)
    queries:                             18396140 (48408.04 per sec.)
    ignored errors:                      0      (0.00 per sec.)
    reconnects:                          0      (0.00 per sec.)

General statistics:
    total time:                          380.0215s
    total number of events:              919807

Latency (ms):
         min:                                    4.53
         avg:                                   13.22
         max:                                  129.54
         95th percentile:                       17.63
         sum:                             12159418.45

Threads fairness:
    events (avg/stddev):           28743.9688/2278.03
    execution time (avg/stddev):   379.9818/0.00

