sysbench 1.0.20-ebf1c90 (using bundled LuaJIT 2.1.0-beta2)

Running the test with following options:
Number of threads: 64
Report intermediate results every 10 second(s)
Initializing random number generator from current time


Initializing worker threads...

Threads started!

[ 10s ] thds: 64 tps: 5429.57 qps: 108653.51 (r/w/o: 76066.32/21721.96/10865.23) lat (ms,95%): 16.12 err/s: 0.00 reconn/s: 0.00
[ 20s ] thds: 64 tps: 5597.19 qps: 111938.36 (r/w/o: 78356.83/22387.15/11194.38) lat (ms,95%): 15.83 err/s: 0.00 reconn/s: 0.00
[ 30s ] thds: 64 tps: 5589.18 qps: 111790.56 (r/w/o: 78255.39/22356.71/11178.46) lat (ms,95%): 15.55 err/s: 0.00 reconn/s: 0.00
[ 40s ] thds: 64 tps: 5602.70 qps: 112049.84 (r/w/o: 78432.93/22411.71/11205.20) lat (ms,95%): 15.55 err/s: 0.00 reconn/s: 0.00
[ 50s ] thds: 64 tps: 5616.81 qps: 112338.26 (r/w/o: 78636.78/22467.65/11233.83) lat (ms,95%): 15.55 err/s: 0.00 reconn/s: 0.00
[ 60s ] thds: 64 tps: 5691.92 qps: 113840.64 (r/w/o: 79689.44/22767.47/11383.73) lat (ms,95%): 15.55 err/s: 0.00 reconn/s: 0.00
[ 70s ] thds: 64 tps: 5623.30 qps: 112464.63 (r/w/o: 78725.32/22492.61/11246.70) lat (ms,95%): 15.55 err/s: 0.00 reconn/s: 0.00
[ 80s ] thds: 64 tps: 5615.87 qps: 112312.54 (r/w/o: 78617.41/22463.19/11231.94) lat (ms,95%): 15.55 err/s: 0.00 reconn/s: 0.00
[ 90s ] thds: 64 tps: 5691.18 qps: 113827.33 (r/w/o: 79680.37/22764.61/11382.35) lat (ms,95%): 15.83 err/s: 0.00 reconn/s: 0.00
[ 100s ] thds: 64 tps: 5696.43 qps: 113924.19 (r/w/o: 79746.29/22785.34/11392.57) lat (ms,95%): 15.27 err/s: 0.00 reconn/s: 0.00
[ 110s ] thds: 64 tps: 5613.61 qps: 112273.50 (r/w/o: 78589.71/22456.46/11227.33) lat (ms,95%): 15.55 err/s: 0.00 reconn/s: 0.00
[ 120s ] thds: 64 tps: 5677.67 qps: 113559.40 (r/w/o: 79494.78/22709.78/11354.84) lat (ms,95%): 15.55 err/s: 0.00 reconn/s: 0.00
[ 130s ] thds: 64 tps: 5693.73 qps: 113873.00 (r/w/o: 79709.59/22775.34/11388.07) lat (ms,95%): 15.55 err/s: 0.00 reconn/s: 0.00
[ 140s ] thds: 64 tps: 5744.28 qps: 114886.76 (r/w/o: 80421.69/22976.41/11488.66) lat (ms,95%): 15.55 err/s: 0.00 reconn/s: 0.00
[ 150s ] thds: 64 tps: 5653.51 qps: 113067.63 (r/w/o: 79146.16/22614.65/11306.82) lat (ms,95%): 15.55 err/s: 0.00 reconn/s: 0.00
[ 160s ] thds: 64 tps: 5792.95 qps: 115859.73 (r/w/o: 81103.12/23170.81/11585.80) lat (ms,95%): 15.27 err/s: 0.00 reconn/s: 0.00
[ 170s ] thds: 64 tps: 5768.35 qps: 115368.95 (r/w/o: 80758.53/23073.81/11536.60) lat (ms,95%): 15.27 err/s: 0.00 reconn/s: 0.00
[ 180s ] thds: 64 tps: 5802.47 qps: 116046.65 (r/w/o: 81232.11/23209.59/11604.94) lat (ms,95%): 15.27 err/s: 0.00 reconn/s: 0.00
[ 190s ] thds: 64 tps: 5746.62 qps: 114934.96 (r/w/o: 80454.65/22987.17/11493.14) lat (ms,95%): 15.27 err/s: 0.00 reconn/s: 0.00
[ 200s ] thds: 64 tps: 5879.78 qps: 117605.97 (r/w/o: 82326.37/23519.73/11759.87) lat (ms,95%): 15.27 err/s: 0.00 reconn/s: 0.00
[ 210s ] thds: 64 tps: 5684.73 qps: 113687.99 (r/w/o: 79579.31/22739.02/11369.66) lat (ms,95%): 15.55 err/s: 0.00 reconn/s: 0.00
[ 220s ] thds: 64 tps: 5830.02 qps: 116594.68 (r/w/o: 81614.97/23320.08/11659.64) lat (ms,95%): 15.27 err/s: 0.00 reconn/s: 0.00
[ 230s ] thds: 64 tps: 5786.19 qps: 115722.41 (r/w/o: 81005.57/23144.56/11572.28) lat (ms,95%): 15.55 err/s: 0.00 reconn/s: 0.00
[ 240s ] thds: 64 tps: 5743.38 qps: 114867.23 (r/w/o: 80406.54/22974.03/11486.66) lat (ms,95%): 15.27 err/s: 0.00 reconn/s: 0.00
[ 250s ] thds: 64 tps: 5792.11 qps: 115845.20 (r/w/o: 81093.04/23167.74/11584.42) lat (ms,95%): 15.27 err/s: 0.00 reconn/s: 0.00
[ 260s ] thds: 64 tps: 5801.93 qps: 116039.80 (r/w/o: 81228.09/23207.74/11603.97) lat (ms,95%): 15.27 err/s: 0.00 reconn/s: 0.00
[ 270s ] thds: 64 tps: 5839.47 qps: 116788.31 (r/w/o: 81752.22/23356.86/11679.23) lat (ms,95%): 15.27 err/s: 0.00 reconn/s: 0.00
[ 280s ] thds: 64 tps: 5757.37 qps: 115142.71 (r/w/o: 80598.39/23030.08/11514.24) lat (ms,95%): 15.27 err/s: 0.00 reconn/s: 0.00
[ 290s ] thds: 64 tps: 5901.72 qps: 118037.73 (r/w/o: 82627.20/23606.79/11803.74) lat (ms,95%): 15.27 err/s: 0.00 reconn/s: 0.00
[ 300s ] thds: 64 tps: 6139.38 qps: 122783.82 (r/w/o: 85947.23/24557.92/12278.66) lat (ms,95%): 15.27 err/s: 0.00 reconn/s: 0.00
[ 310s ] thds: 64 tps: 5877.32 qps: 117551.03 (r/w/o: 82287.30/23508.99/11754.74) lat (ms,95%): 15.27 err/s: 0.00 reconn/s: 0.00
[ 320s ] thds: 64 tps: 5793.43 qps: 115867.36 (r/w/o: 81107.96/23172.53/11586.87) lat (ms,95%): 15.55 err/s: 0.00 reconn/s: 0.00
[ 330s ] thds: 64 tps: 5796.12 qps: 115926.35 (r/w/o: 81147.92/23186.29/11592.15) lat (ms,95%): 15.55 err/s: 0.00 reconn/s: 0.00
[ 340s ] thds: 64 tps: 5864.92 qps: 117297.98 (r/w/o: 82108.74/23459.20/11730.05) lat (ms,95%): 15.27 err/s: 0.00 reconn/s: 0.00
[ 350s ] thds: 64 tps: 5813.01 qps: 116258.56 (r/w/o: 81380.01/23252.83/11625.72) lat (ms,95%): 15.27 err/s: 0.00 reconn/s: 0.00
[ 360s ] thds: 64 tps: 5899.99 qps: 117994.44 (r/w/o: 82595.42/23598.75/11800.27) lat (ms,95%): 15.27 err/s: 0.00 reconn/s: 0.00
[ 370s ] thds: 64 tps: 5776.31 qps: 115532.35 (r/w/o: 80874.30/23105.63/11552.41) lat (ms,95%): 15.27 err/s: 0.00 reconn/s: 0.00
[ 380s ] thds: 64 tps: 5911.97 qps: 118240.26 (r/w/o: 82767.42/23648.69/11824.15) lat (ms,95%): 15.27 err/s: 0.00 reconn/s: 0.00
SQL statistics:
    queries performed:
        read:                            30596090
        write:                           8741740
        other:                           4370870
        total:                           43708700
    transactions:                        2185435 (5750.62 per sec.)
    queries:                             43708700 (115012.45 per sec.)
    ignored errors:                      0      (0.00 per sec.)
    reconnects:                          0      (0.00 per sec.)

General statistics:
    total time:                          380.0335s
    total number of events:              2185435

Latency (ms):
         min:                                    4.56
         avg:                                   11.13
         max:                                  243.05
         95th percentile:                       15.55
         sum:                             24318689.98

Threads fairness:
    events (avg/stddev):           34147.4219/828.61
    execution time (avg/stddev):   379.9795/0.00

