sysbench 1.0.20-ebf1c90 (using bundled LuaJIT 2.1.0-beta2)

Running the test with following options:
Number of threads: 256
Report intermediate results every 10 second(s)
Initializing random number generator from current time


Initializing worker threads...

Threads started!

[ 10s ] thds: 256 tps: 26135.00 qps: 522999.60 (r/w/o: 366140.81/104564.59/52294.19) lat (ms,95%): 13.70 err/s: 0.00 reconn/s: 0.00
[ 20s ] thds: 256 tps: 26782.30 qps: 535602.78 (r/w/o: 374914.99/107122.30/53565.50) lat (ms,95%): 13.46 err/s: 0.00 reconn/s: 0.00
[ 30s ] thds: 256 tps: 27083.41 qps: 541627.84 (r/w/o: 379137.70/108325.03/54165.11) lat (ms,95%): 13.22 err/s: 0.00 reconn/s: 0.00
[ 40s ] thds: 256 tps: 27314.09 qps: 546416.15 (r/w/o: 382498.69/109288.27/54629.18) lat (ms,95%): 13.22 err/s: 0.00 reconn/s: 0.00
[ 50s ] thds: 256 tps: 27389.10 qps: 547695.84 (r/w/o: 383384.96/109532.09/54778.79) lat (ms,95%): 12.98 err/s: 0.00 reconn/s: 0.00
[ 60s ] thds: 256 tps: 27549.67 qps: 550991.08 (r/w/o: 385694.97/110197.08/55099.04) lat (ms,95%): 12.75 err/s: 0.00 reconn/s: 0.00
[ 70s ] thds: 256 tps: 27553.88 qps: 551120.09 (r/w/o: 385786.61/110224.92/55108.56) lat (ms,95%): 12.75 err/s: 0.00 reconn/s: 0.00
[ 80s ] thds: 256 tps: 27638.95 qps: 552735.44 (r/w/o: 386917.43/110542.31/55275.70) lat (ms,95%): 12.75 err/s: 0.00 reconn/s: 0.00
[ 90s ] thds: 256 tps: 27518.53 qps: 550427.03 (r/w/o: 385312.37/110075.51/55039.15) lat (ms,95%): 12.75 err/s: 0.00 reconn/s: 0.00
[ 100s ] thds: 256 tps: 27795.12 qps: 555867.15 (r/w/o: 389090.41/111186.99/55589.74) lat (ms,95%): 12.52 err/s: 0.00 reconn/s: 0.00
[ 110s ] thds: 256 tps: 27647.06 qps: 553012.56 (r/w/o: 387113.01/110604.83/55294.72) lat (ms,95%): 12.52 err/s: 0.00 reconn/s: 0.00
[ 120s ] thds: 256 tps: 27615.70 qps: 552259.72 (r/w/o: 386585.35/110443.98/55230.39) lat (ms,95%): 12.52 err/s: 0.00 reconn/s: 0.00
[ 130s ] thds: 256 tps: 27739.46 qps: 554775.57 (r/w/o: 388335.99/110960.05/55479.53) lat (ms,95%): 12.52 err/s: 0.00 reconn/s: 0.00
[ 140s ] thds: 256 tps: 27712.81 qps: 554264.83 (r/w/o: 387976.06/110863.15/55425.62) lat (ms,95%): 12.52 err/s: 0.00 reconn/s: 0.00
[ 150s ] thds: 256 tps: 27843.41 qps: 556824.76 (r/w/o: 389775.41/111361.73/55687.62) lat (ms,95%): 12.30 err/s: 0.10 reconn/s: 0.00
[ 160s ] thds: 256 tps: 27649.78 qps: 553047.72 (r/w/o: 387149.56/110598.80/55299.35) lat (ms,95%): 12.30 err/s: 0.00 reconn/s: 0.00
[ 170s ] thds: 256 tps: 27913.78 qps: 558231.40 (r/w/o: 390755.32/111649.62/55826.46) lat (ms,95%): 12.30 err/s: 0.00 reconn/s: 0.00
[ 180s ] thds: 256 tps: 27912.03 qps: 558270.15 (r/w/o: 390785.55/111659.43/55825.16) lat (ms,95%): 12.30 err/s: 0.00 reconn/s: 0.00
[ 190s ] thds: 256 tps: 27650.42 qps: 552970.16 (r/w/o: 387080.36/110589.87/55299.94) lat (ms,95%): 12.30 err/s: 0.00 reconn/s: 0.00
[ 200s ] thds: 256 tps: 27952.93 qps: 559058.66 (r/w/o: 391343.66/111809.13/55905.87) lat (ms,95%): 12.08 err/s: 0.00 reconn/s: 0.00
[ 210s ] thds: 256 tps: 27877.95 qps: 557631.26 (r/w/o: 390337.37/111537.79/55756.10) lat (ms,95%): 12.30 err/s: 0.00 reconn/s: 0.00
[ 220s ] thds: 256 tps: 27853.39 qps: 557008.16 (r/w/o: 389906.90/111394.77/55706.49) lat (ms,95%): 12.08 err/s: 0.00 reconn/s: 0.00
[ 230s ] thds: 256 tps: 27981.64 qps: 559637.96 (r/w/o: 391746.13/111928.55/55963.28) lat (ms,95%): 12.08 err/s: 0.00 reconn/s: 0.00
[ 240s ] thds: 256 tps: 27812.34 qps: 556219.92 (r/w/o: 389356.50/111238.24/55625.17) lat (ms,95%): 12.08 err/s: 0.00 reconn/s: 0.00
[ 250s ] thds: 256 tps: 28011.89 qps: 560273.27 (r/w/o: 392192.44/112056.75/56024.08) lat (ms,95%): 12.08 err/s: 0.00 reconn/s: 0.00
[ 260s ] thds: 256 tps: 27919.98 qps: 558397.97 (r/w/o: 390880.57/111678.43/55838.97) lat (ms,95%): 12.08 err/s: 0.00 reconn/s: 0.00
[ 270s ] thds: 256 tps: 27998.39 qps: 559941.43 (r/w/o: 391950.51/111993.05/55997.87) lat (ms,95%): 12.08 err/s: 0.00 reconn/s: 0.00
[ 280s ] thds: 256 tps: 27965.17 qps: 559268.69 (r/w/o: 391486.97/111851.78/55929.94) lat (ms,95%): 12.08 err/s: 0.00 reconn/s: 0.00
[ 290s ] thds: 256 tps: 28289.60 qps: 565834.54 (r/w/o: 396093.52/113162.41/56578.60) lat (ms,95%): 11.87 err/s: 0.00 reconn/s: 0.00
[ 300s ] thds: 256 tps: 28220.93 qps: 564441.51 (r/w/o: 395108.03/112892.22/56441.26) lat (ms,95%): 12.08 err/s: 0.00 reconn/s: 0.00
[ 310s ] thds: 256 tps: 27987.77 qps: 559726.26 (r/w/o: 391804.83/111944.69/55976.75) lat (ms,95%): 12.08 err/s: 0.00 reconn/s: 0.00
[ 320s ] thds: 256 tps: 28135.17 qps: 562723.31 (r/w/o: 393912.72/112540.26/56270.33) lat (ms,95%): 12.08 err/s: 0.00 reconn/s: 0.00
[ 330s ] thds: 256 tps: 27847.85 qps: 556958.71 (r/w/o: 389865.14/111397.88/55695.69) lat (ms,95%): 12.30 err/s: 0.00 reconn/s: 0.00
[ 340s ] thds: 256 tps: 28131.76 qps: 562584.33 (r/w/o: 393797.66/112524.45/56262.22) lat (ms,95%): 12.08 err/s: 0.00 reconn/s: 0.00
[ 350s ] thds: 256 tps: 28180.54 qps: 563647.26 (r/w/o: 394563.73/112720.45/56363.08) lat (ms,95%): 12.08 err/s: 0.00 reconn/s: 0.00
[ 360s ] thds: 256 tps: 27902.33 qps: 558014.83 (r/w/o: 390597.54/111615.73/55801.56) lat (ms,95%): 12.08 err/s: 0.00 reconn/s: 0.00
[ 370s ] thds: 256 tps: 28062.36 qps: 561366.88 (r/w/o: 392990.22/112248.94/56127.72) lat (ms,95%): 12.08 err/s: 0.00 reconn/s: 0.00
[ 380s ] thds: 256 tps: 27942.00 qps: 558697.70 (r/w/o: 391053.59/111768.00/55876.11) lat (ms,95%): 12.30 err/s: 0.00 reconn/s: 0.00
SQL statistics:
    queries performed:
        read:                            147638918
        write:                           42182545
        other:                           21091275
        total:                           210912738
    transactions:                        10545636 (27738.54 per sec.)
    queries:                             210912738 (554770.91 per sec.)
    ignored errors:                      1      (0.00 per sec.)
    reconnects:                          0      (0.00 per sec.)

General statistics:
    total time:                          380.1789s
    total number of events:              10545636

Latency (ms):
         min:                                    4.91
         avg:                                    9.22
         max:                                  175.81
         95th percentile:                       12.30
         sum:                             97270742.41

Threads fairness:
    events (avg/stddev):           41193.8906/1194.54
    execution time (avg/stddev):   379.9638/0.04

