sysbench 1.0.20-ebf1c90 (using bundled LuaJIT 2.1.0-beta2)

Running the test with following options:
Number of threads: 128
Report intermediate results every 10 second(s)
Initializing random number generator from current time


Initializing worker threads...

Threads started!

[ 10s ] thds: 128 tps: 13233.20 qps: 264797.41 (r/w/o: 185377.93/52940.78/26478.69) lat (ms,95%): 15.27 err/s: 0.00 reconn/s: 0.00
[ 20s ] thds: 128 tps: 12184.63 qps: 243685.89 (r/w/o: 170579.28/48737.44/24369.17) lat (ms,95%): 15.55 err/s: 0.00 reconn/s: 0.00
[ 30s ] thds: 128 tps: 13205.60 qps: 264107.99 (r/w/o: 184876.09/52820.60/26411.30) lat (ms,95%): 15.27 err/s: 0.00 reconn/s: 0.00
[ 40s ] thds: 128 tps: 12766.73 qps: 255331.10 (r/w/o: 178728.92/51068.92/25533.26) lat (ms,95%): 15.27 err/s: 0.00 reconn/s: 0.00
[ 50s ] thds: 128 tps: 13377.74 qps: 267570.37 (r/w/o: 187304.71/53509.87/26755.79) lat (ms,95%): 15.00 err/s: 0.00 reconn/s: 0.00
[ 60s ] thds: 128 tps: 12347.63 qps: 246950.35 (r/w/o: 172863.26/49392.13/24694.97) lat (ms,95%): 15.27 err/s: 0.00 reconn/s: 0.00
[ 70s ] thds: 128 tps: 13188.57 qps: 263762.60 (r/w/o: 184631.38/52754.18/26377.04) lat (ms,95%): 15.00 err/s: 0.00 reconn/s: 0.00
[ 80s ] thds: 128 tps: 12993.30 qps: 259865.89 (r/w/o: 181906.76/51972.32/25986.81) lat (ms,95%): 15.00 err/s: 0.00 reconn/s: 0.00
[ 90s ] thds: 128 tps: 13604.49 qps: 272088.38 (r/w/o: 190461.65/54417.76/27208.98) lat (ms,95%): 15.00 err/s: 0.00 reconn/s: 0.00
[ 100s ] thds: 128 tps: 13283.04 qps: 265653.86 (r/w/o: 185956.93/53130.55/26566.38) lat (ms,95%): 15.00 err/s: 0.00 reconn/s: 0.00
[ 110s ] thds: 128 tps: 13504.08 qps: 270095.51 (r/w/o: 189070.96/54016.80/27007.75) lat (ms,95%): 15.00 err/s: 0.00 reconn/s: 0.00
[ 120s ] thds: 128 tps: 12723.71 qps: 254471.83 (r/w/o: 178129.39/50894.83/25447.61) lat (ms,95%): 15.27 err/s: 0.00 reconn/s: 0.00
[ 130s ] thds: 128 tps: 13263.20 qps: 265268.76 (r/w/o: 185688.67/53053.69/26526.40) lat (ms,95%): 15.00 err/s: 0.00 reconn/s: 0.00
[ 140s ] thds: 128 tps: 12773.91 qps: 255476.34 (r/w/o: 178832.67/51095.95/25547.72) lat (ms,95%): 15.27 err/s: 0.00 reconn/s: 0.00
[ 150s ] thds: 128 tps: 13597.38 qps: 271946.65 (r/w/o: 190362.15/54389.33/27195.16) lat (ms,95%): 14.73 err/s: 0.00 reconn/s: 0.00
[ 160s ] thds: 128 tps: 12748.25 qps: 254959.81 (r/w/o: 178471.84/50991.58/25496.39) lat (ms,95%): 15.27 err/s: 0.00 reconn/s: 0.00
[ 170s ] thds: 128 tps: 13318.77 qps: 266379.03 (r/w/o: 186465.83/53275.77/26637.43) lat (ms,95%): 15.00 err/s: 0.00 reconn/s: 0.00
[ 180s ] thds: 128 tps: 13348.23 qps: 266960.23 (r/w/o: 186869.74/53394.33/26696.16) lat (ms,95%): 14.73 err/s: 0.00 reconn/s: 0.00
[ 190s ] thds: 128 tps: 13726.06 qps: 274523.80 (r/w/o: 192168.31/54903.36/27452.13) lat (ms,95%): 14.73 err/s: 0.00 reconn/s: 0.00
[ 200s ] thds: 128 tps: 12748.11 qps: 254965.31 (r/w/o: 178477.05/50992.14/25496.12) lat (ms,95%): 15.00 err/s: 0.00 reconn/s: 0.00
[ 210s ] thds: 128 tps: 13674.68 qps: 273494.42 (r/w/o: 191446.74/54698.12/27349.56) lat (ms,95%): 14.73 err/s: 0.00 reconn/s: 0.00
[ 220s ] thds: 128 tps: 12906.92 qps: 258131.08 (r/w/o: 180689.24/51628.20/25813.65) lat (ms,95%): 15.00 err/s: 0.00 reconn/s: 0.00
[ 230s ] thds: 128 tps: 13341.05 qps: 266825.71 (r/w/o: 186777.50/53365.70/26682.50) lat (ms,95%): 15.00 err/s: 0.00 reconn/s: 0.00
[ 240s ] thds: 128 tps: 12819.25 qps: 256385.36 (r/w/o: 179471.37/51275.59/25638.40) lat (ms,95%): 15.00 err/s: 0.00 reconn/s: 0.00
[ 250s ] thds: 128 tps: 13625.72 qps: 272509.56 (r/w/o: 190755.92/54502.29/27251.35) lat (ms,95%): 14.73 err/s: 0.00 reconn/s: 0.00
[ 260s ] thds: 128 tps: 13151.47 qps: 263026.98 (r/w/o: 184119.24/52605.00/26302.75) lat (ms,95%): 15.00 err/s: 0.00 reconn/s: 0.00
[ 270s ] thds: 128 tps: 13145.36 qps: 262913.88 (r/w/o: 184039.23/52584.04/26290.62) lat (ms,95%): 15.00 err/s: 0.00 reconn/s: 0.00
[ 280s ] thds: 128 tps: 13742.22 qps: 274848.00 (r/w/o: 192393.15/54970.10/27484.75) lat (ms,95%): 14.73 err/s: 0.00 reconn/s: 0.00
[ 290s ] thds: 128 tps: 13751.70 qps: 275031.28 (r/w/o: 192524.55/55003.32/27503.41) lat (ms,95%): 14.73 err/s: 0.00 reconn/s: 0.00
[ 300s ] thds: 128 tps: 12781.02 qps: 255618.66 (r/w/o: 178931.15/51125.67/25561.84) lat (ms,95%): 15.00 err/s: 0.00 reconn/s: 0.00
[ 310s ] thds: 128 tps: 13416.19 qps: 268339.55 (r/w/o: 187842.79/53664.07/26832.68) lat (ms,95%): 15.00 err/s: 0.00 reconn/s: 0.00
[ 320s ] thds: 128 tps: 12946.31 qps: 258902.93 (r/w/o: 181223.89/51786.63/25892.41) lat (ms,95%): 15.00 err/s: 0.00 reconn/s: 0.00
[ 330s ] thds: 128 tps: 13546.17 qps: 270925.94 (r/w/o: 189652.41/54181.09/27092.44) lat (ms,95%): 14.73 err/s: 0.00 reconn/s: 0.00
[ 340s ] thds: 128 tps: 12836.22 qps: 256733.27 (r/w/o: 179711.96/51348.97/25672.34) lat (ms,95%): 15.00 err/s: 0.00 reconn/s: 0.00
[ 350s ] thds: 128 tps: 13740.47 qps: 274801.66 (r/w/o: 192360.82/54959.89/27480.95) lat (ms,95%): 14.73 err/s: 0.00 reconn/s: 0.00
[ 360s ] thds: 128 tps: 13471.12 qps: 269426.02 (r/w/o: 188598.89/53884.78/26942.34) lat (ms,95%): 14.73 err/s: 0.00 reconn/s: 0.00
[ 370s ] thds: 128 tps: 13716.62 qps: 274334.74 (r/w/o: 192034.81/54866.39/27433.54) lat (ms,95%): 14.73 err/s: 0.00 reconn/s: 0.00
[ 380s ] thds: 128 tps: 13411.10 qps: 268213.67 (r/w/o: 187746.35/53645.91/26821.41) lat (ms,95%): 15.00 err/s: 0.00 reconn/s: 0.00
[ 390s ] thds: 128 tps: 13754.11 qps: 275100.33 (r/w/o: 192576.16/55015.25/27508.92) lat (ms,95%): 14.46 err/s: 0.00 reconn/s: 0.00
[ 400s ] thds: 128 tps: 12724.39 qps: 254466.18 (r/w/o: 178119.25/50898.66/25448.28) lat (ms,95%): 15.00 err/s: 0.00 reconn/s: 0.00
SQL statistics:
    queries performed:
        read:                            73983434
        write:                           21138124
        other:                           10569062
        total:                           105690620
    transactions:                        5284531 (13208.84 per sec.)
    queries:                             105690620 (264176.79 per sec.)
    ignored errors:                      0      (0.00 per sec.)
    reconnects:                          0      (0.00 per sec.)

General statistics:
    total time:                          400.0744s
    total number of events:              5284531

Latency (ms):
         min:                                    5.18
         avg:                                    9.69
         max:                                  121.78
         95th percentile:                       15.00
         sum:                             51196706.20

Threads fairness:
    events (avg/stddev):           41285.3984/1881.20
    execution time (avg/stddev):   399.9743/0.01

