sysbench 1.0.20-ebf1c90 (using bundled LuaJIT 2.1.0-beta2)

Running the test with following options:
Number of threads: 64
Report intermediate results every 10 second(s)
Initializing random number generator from current time


Initializing worker threads...

Threads started!

[ 10s ] thds: 64 tps: 4939.33 qps: 98837.95 (r/w/o: 69194.25/19758.63/9885.06) lat (ms,95%): 15.83 err/s: 0.00 reconn/s: 0.00
[ 20s ] thds: 64 tps: 5085.11 qps: 101714.34 (r/w/o: 71203.00/20341.43/10169.91) lat (ms,95%): 15.83 err/s: 0.00 reconn/s: 0.00
[ 30s ] thds: 64 tps: 5353.80 qps: 107072.54 (r/w/o: 74949.23/21415.51/10707.80) lat (ms,95%): 15.55 err/s: 0.00 reconn/s: 0.00
[ 40s ] thds: 64 tps: 5398.40 qps: 107973.25 (r/w/o: 75582.04/21594.61/10796.61) lat (ms,95%): 15.27 err/s: 0.00 reconn/s: 0.00
[ 50s ] thds: 64 tps: 5524.60 qps: 110480.93 (r/w/o: 77335.62/22096.21/11049.10) lat (ms,95%): 15.27 err/s: 0.00 reconn/s: 0.00
[ 60s ] thds: 64 tps: 5385.39 qps: 107711.39 (r/w/o: 75398.22/21542.38/10770.79) lat (ms,95%): 15.27 err/s: 0.00 reconn/s: 0.00
[ 70s ] thds: 64 tps: 5622.20 qps: 112446.56 (r/w/o: 78712.87/22489.39/11244.30) lat (ms,95%): 15.27 err/s: 0.00 reconn/s: 0.00
[ 80s ] thds: 64 tps: 5606.40 qps: 112125.67 (r/w/o: 78487.65/22425.21/11212.81) lat (ms,95%): 15.27 err/s: 0.00 reconn/s: 0.00
[ 90s ] thds: 64 tps: 5668.40 qps: 113363.40 (r/w/o: 79353.73/22672.88/11336.79) lat (ms,95%): 15.27 err/s: 0.00 reconn/s: 0.00
[ 100s ] thds: 64 tps: 5589.20 qps: 111795.49 (r/w/o: 78258.99/22357.70/11178.80) lat (ms,95%): 15.27 err/s: 0.00 reconn/s: 0.00
[ 110s ] thds: 64 tps: 5742.90 qps: 114860.24 (r/w/o: 80402.46/22971.99/11485.79) lat (ms,95%): 15.27 err/s: 0.00 reconn/s: 0.00
[ 120s ] thds: 64 tps: 5703.61 qps: 114075.16 (r/w/o: 79851.91/22816.03/11407.22) lat (ms,95%): 15.00 err/s: 0.00 reconn/s: 0.00
[ 130s ] thds: 64 tps: 5776.99 qps: 115523.89 (r/w/o: 80865.02/23104.98/11553.89) lat (ms,95%): 15.00 err/s: 0.00 reconn/s: 0.00
[ 140s ] thds: 64 tps: 5648.40 qps: 112969.45 (r/w/o: 79079.47/22593.29/11296.70) lat (ms,95%): 15.27 err/s: 0.00 reconn/s: 0.00
[ 150s ] thds: 64 tps: 5860.89 qps: 117233.40 (r/w/o: 82065.23/23446.08/11722.09) lat (ms,95%): 15.00 err/s: 0.00 reconn/s: 0.00
[ 160s ] thds: 64 tps: 5701.41 qps: 114027.12 (r/w/o: 79817.95/22806.54/11402.62) lat (ms,95%): 15.27 err/s: 0.00 reconn/s: 0.00
[ 170s ] thds: 64 tps: 5820.80 qps: 116405.10 (r/w/o: 81480.83/23283.08/11641.19) lat (ms,95%): 15.27 err/s: 0.00 reconn/s: 0.00
[ 180s ] thds: 64 tps: 5811.30 qps: 116230.33 (r/w/o: 81365.02/23242.61/11622.70) lat (ms,95%): 15.00 err/s: 0.00 reconn/s: 0.00
[ 190s ] thds: 64 tps: 5882.61 qps: 117647.77 (r/w/o: 82351.32/23530.83/11765.62) lat (ms,95%): 15.00 err/s: 0.00 reconn/s: 0.00
[ 200s ] thds: 64 tps: 5755.50 qps: 115111.18 (r/w/o: 80577.29/23023.10/11510.80) lat (ms,95%): 15.00 err/s: 0.00 reconn/s: 0.00
[ 210s ] thds: 64 tps: 5865.50 qps: 117317.68 (r/w/o: 82123.29/23463.30/11731.10) lat (ms,95%): 15.00 err/s: 0.00 reconn/s: 0.00
[ 220s ] thds: 64 tps: 5817.30 qps: 116339.36 (r/w/o: 81437.57/23267.09/11634.70) lat (ms,95%): 15.27 err/s: 0.00 reconn/s: 0.00
[ 230s ] thds: 64 tps: 5864.40 qps: 117294.10 (r/w/o: 82105.80/23459.50/11728.80) lat (ms,95%): 15.00 err/s: 0.00 reconn/s: 0.00
[ 240s ] thds: 64 tps: 6027.70 qps: 120552.94 (r/w/o: 84387.46/24110.49/12054.99) lat (ms,95%): 15.00 err/s: 0.00 reconn/s: 0.00
[ 250s ] thds: 64 tps: 5916.10 qps: 118313.07 (r/w/o: 82818.85/23662.01/11832.21) lat (ms,95%): 15.00 err/s: 0.00 reconn/s: 0.00
[ 260s ] thds: 64 tps: 5794.80 qps: 115891.33 (r/w/o: 81123.15/23178.69/11589.49) lat (ms,95%): 15.00 err/s: 0.00 reconn/s: 0.00
[ 270s ] thds: 64 tps: 5846.30 qps: 116937.07 (r/w/o: 81857.48/23386.59/11693.00) lat (ms,95%): 15.00 err/s: 0.00 reconn/s: 0.00
[ 280s ] thds: 64 tps: 5818.50 qps: 116370.40 (r/w/o: 81458.40/23274.90/11637.10) lat (ms,95%): 15.00 err/s: 0.00 reconn/s: 0.00
[ 290s ] thds: 64 tps: 5868.60 qps: 117370.43 (r/w/o: 82159.92/23473.31/11737.20) lat (ms,95%): 15.00 err/s: 0.00 reconn/s: 0.00
[ 300s ] thds: 64 tps: 5751.60 qps: 115026.59 (r/w/o: 80517.07/23006.32/11503.21) lat (ms,95%): 15.27 err/s: 0.00 reconn/s: 0.00
[ 310s ] thds: 64 tps: 5954.29 qps: 119090.66 (r/w/o: 83364.53/23817.55/11908.58) lat (ms,95%): 15.00 err/s: 0.00 reconn/s: 0.00
[ 320s ] thds: 64 tps: 5765.40 qps: 115306.80 (r/w/o: 80713.47/23062.72/11530.61) lat (ms,95%): 15.27 err/s: 0.00 reconn/s: 0.00
[ 330s ] thds: 64 tps: 5878.80 qps: 117573.60 (r/w/o: 82302.43/23513.58/11757.59) lat (ms,95%): 15.00 err/s: 0.00 reconn/s: 0.00
[ 340s ] thds: 64 tps: 5801.70 qps: 116037.19 (r/w/o: 81226.57/23207.22/11603.41) lat (ms,95%): 15.00 err/s: 0.00 reconn/s: 0.00
[ 350s ] thds: 64 tps: 5876.99 qps: 117544.88 (r/w/o: 82281.52/23509.48/11753.89) lat (ms,95%): 15.00 err/s: 0.00 reconn/s: 0.00
[ 360s ] thds: 64 tps: 5887.81 qps: 117757.01 (r/w/o: 82430.35/23550.84/11775.82) lat (ms,95%): 15.00 err/s: 0.00 reconn/s: 0.00
[ 370s ] thds: 64 tps: 5824.80 qps: 116494.07 (r/w/o: 81545.98/23298.59/11649.50) lat (ms,95%): 15.27 err/s: 0.00 reconn/s: 0.00
[ 380s ] thds: 64 tps: 5862.19 qps: 117242.76 (r/w/o: 82068.90/23449.47/11724.39) lat (ms,95%): 15.00 err/s: 0.00 reconn/s: 0.00
[ 390s ] thds: 64 tps: 5927.20 qps: 118534.29 (r/w/o: 82973.66/23706.42/11854.21) lat (ms,95%): 15.00 err/s: 0.00 reconn/s: 0.00
[ 400s ] thds: 64 tps: 5696.90 qps: 113948.23 (r/w/o: 79763.82/22790.31/11394.10) lat (ms,95%): 15.27 err/s: 0.00 reconn/s: 0.00
SQL statistics:
    queries performed:
        read:                            32050340
        write:                           9157240
        other:                           4578620
        total:                           45786200
    transactions:                        2289310 (5722.75 per sec.)
    queries:                             45786200 (114454.99 per sec.)
    ignored errors:                      0      (0.00 per sec.)
    reconnects:                          0      (0.00 per sec.)

General statistics:
    total time:                          400.0358s
    total number of events:              2289310

Latency (ms):
         min:                                    4.95
         avg:                                   11.18
         max:                                  132.32
         95th percentile:                       15.27
         sum:                             25598825.88

Threads fairness:
    events (avg/stddev):           35770.4688/1019.37
    execution time (avg/stddev):   399.9817/0.00

