sysbench 1.0.20-ebf1c90 (using bundled LuaJIT 2.1.0-beta2)

Running the test with following options:
Number of threads: 128
Report intermediate results every 10 second(s)
Initializing random number generator from current time


Initializing worker threads...

Threads started!

[ 10s ] thds: 128 tps: 13416.32 qps: 268444.03 (r/w/o: 187929.10/53669.99/26844.94) lat (ms,95%): 15.00 err/s: 0.00 reconn/s: 0.00
[ 20s ] thds: 128 tps: 13083.20 qps: 261663.18 (r/w/o: 183163.66/52333.32/26166.21) lat (ms,95%): 15.27 err/s: 0.00 reconn/s: 0.00
[ 30s ] thds: 128 tps: 13076.75 qps: 261542.09 (r/w/o: 183080.56/52308.22/26153.31) lat (ms,95%): 15.00 err/s: 0.00 reconn/s: 0.00
[ 40s ] thds: 128 tps: 12706.09 qps: 254114.92 (r/w/o: 177879.48/50823.16/25412.28) lat (ms,95%): 15.27 err/s: 0.00 reconn/s: 0.00
[ 50s ] thds: 128 tps: 12690.87 qps: 253823.86 (r/w/o: 177678.52/50763.49/25381.85) lat (ms,95%): 15.27 err/s: 0.00 reconn/s: 0.00
[ 60s ] thds: 128 tps: 13334.59 qps: 266697.97 (r/w/o: 186688.11/53340.47/26669.39) lat (ms,95%): 15.00 err/s: 0.00 reconn/s: 0.00
[ 70s ] thds: 128 tps: 13114.94 qps: 262290.69 (r/w/o: 183600.65/52460.16/26229.88) lat (ms,95%): 15.00 err/s: 0.00 reconn/s: 0.00
[ 80s ] thds: 128 tps: 12824.92 qps: 256502.80 (r/w/o: 179555.18/51297.78/25649.84) lat (ms,95%): 15.27 err/s: 0.00 reconn/s: 0.00
[ 90s ] thds: 128 tps: 13559.90 qps: 271195.22 (r/w/o: 189835.81/54239.50/27119.90) lat (ms,95%): 14.73 err/s: 0.00 reconn/s: 0.00
[ 100s ] thds: 128 tps: 13773.16 qps: 275463.93 (r/w/o: 192824.29/55093.53/27546.11) lat (ms,95%): 14.73 err/s: 0.00 reconn/s: 0.00
[ 110s ] thds: 128 tps: 12822.81 qps: 256451.64 (r/w/o: 179517.17/51289.05/25645.42) lat (ms,95%): 15.00 err/s: 0.00 reconn/s: 0.00
[ 120s ] thds: 128 tps: 13332.27 qps: 266650.68 (r/w/o: 186655.03/53331.30/26664.35) lat (ms,95%): 15.00 err/s: 0.00 reconn/s: 0.00
[ 130s ] thds: 128 tps: 13219.51 qps: 264391.00 (r/w/o: 185074.54/52876.64/26439.82) lat (ms,95%): 15.00 err/s: 0.00 reconn/s: 0.00
[ 140s ] thds: 128 tps: 13237.47 qps: 264754.09 (r/w/o: 185328.64/52951.00/26474.45) lat (ms,95%): 15.00 err/s: 0.00 reconn/s: 0.00
[ 150s ] thds: 128 tps: 12973.73 qps: 259465.75 (r/w/o: 181623.69/51894.61/25947.46) lat (ms,95%): 15.00 err/s: 0.00 reconn/s: 0.00
[ 160s ] thds: 128 tps: 13304.97 qps: 266101.28 (r/w/o: 186272.14/53218.70/26610.45) lat (ms,95%): 15.00 err/s: 0.00 reconn/s: 0.00
[ 170s ] thds: 128 tps: 13303.63 qps: 266074.45 (r/w/o: 186251.66/53215.93/26606.87) lat (ms,95%): 15.00 err/s: 0.00 reconn/s: 0.00
[ 180s ] thds: 128 tps: 13251.89 qps: 265046.72 (r/w/o: 185533.11/53009.74/26503.87) lat (ms,95%): 15.00 err/s: 0.00 reconn/s: 0.00
[ 190s ] thds: 128 tps: 13517.73 qps: 270335.54 (r/w/o: 189233.85/54066.93/27034.76) lat (ms,95%): 15.00 err/s: 0.00 reconn/s: 0.00
[ 200s ] thds: 128 tps: 13441.17 qps: 268826.91 (r/w/o: 188176.98/53767.28/26882.64) lat (ms,95%): 15.00 err/s: 0.00 reconn/s: 0.00
[ 210s ] thds: 128 tps: 12931.90 qps: 258646.85 (r/w/o: 181056.54/51725.91/25864.41) lat (ms,95%): 15.00 err/s: 0.00 reconn/s: 0.00
[ 220s ] thds: 128 tps: 13422.88 qps: 268453.02 (r/w/o: 187915.63/53692.02/26845.36) lat (ms,95%): 14.73 err/s: 0.00 reconn/s: 0.00
[ 230s ] thds: 128 tps: 13326.52 qps: 266532.59 (r/w/o: 186572.54/53306.90/26653.15) lat (ms,95%): 15.00 err/s: 0.00 reconn/s: 0.00
[ 240s ] thds: 128 tps: 13623.18 qps: 272463.75 (r/w/o: 190724.98/54492.61/27246.15) lat (ms,95%): 14.73 err/s: 0.00 reconn/s: 0.00
[ 250s ] thds: 128 tps: 12842.40 qps: 256854.46 (r/w/o: 179798.64/51370.61/25685.21) lat (ms,95%): 15.00 err/s: 0.00 reconn/s: 0.00
[ 260s ] thds: 128 tps: 13300.18 qps: 265994.40 (r/w/o: 186195.32/53199.12/26599.96) lat (ms,95%): 15.00 err/s: 0.00 reconn/s: 0.00
[ 270s ] thds: 128 tps: 13579.49 qps: 271595.70 (r/w/o: 190117.66/54318.76/27159.28) lat (ms,95%): 14.73 err/s: 0.00 reconn/s: 0.00
[ 280s ] thds: 128 tps: 13811.88 qps: 276227.52 (r/w/o: 193357.36/55246.70/27623.45) lat (ms,95%): 14.73 err/s: 0.00 reconn/s: 0.00
[ 290s ] thds: 128 tps: 13223.14 qps: 264468.65 (r/w/o: 185128.10/52893.67/26446.89) lat (ms,95%): 15.00 err/s: 0.00 reconn/s: 0.00
[ 300s ] thds: 128 tps: 13433.06 qps: 268674.26 (r/w/o: 188076.38/53731.95/26865.93) lat (ms,95%): 14.73 err/s: 0.00 reconn/s: 0.00
[ 310s ] thds: 128 tps: 13810.91 qps: 276207.53 (r/w/o: 193343.56/55241.85/27622.12) lat (ms,95%): 14.73 err/s: 0.00 reconn/s: 0.00
[ 320s ] thds: 128 tps: 13197.51 qps: 263953.82 (r/w/o: 184767.79/52791.42/26394.61) lat (ms,95%): 15.00 err/s: 0.00 reconn/s: 0.00
[ 330s ] thds: 128 tps: 13148.12 qps: 262960.79 (r/w/o: 184073.14/52591.60/26296.05) lat (ms,95%): 15.00 err/s: 0.00 reconn/s: 0.00
[ 340s ] thds: 128 tps: 13611.59 qps: 272225.96 (r/w/o: 190557.30/54445.37/27223.29) lat (ms,95%): 14.73 err/s: 0.00 reconn/s: 0.00
[ 350s ] thds: 128 tps: 13283.32 qps: 265672.29 (r/w/o: 185971.07/53134.48/26566.74) lat (ms,95%): 15.00 err/s: 0.00 reconn/s: 0.00
[ 360s ] thds: 128 tps: 13245.70 qps: 264905.63 (r/w/o: 185431.72/52982.61/26491.30) lat (ms,95%): 15.00 err/s: 0.00 reconn/s: 0.00
[ 370s ] thds: 128 tps: 13756.91 qps: 275146.48 (r/w/o: 192603.93/55028.34/27514.22) lat (ms,95%): 14.46 err/s: 0.00 reconn/s: 0.00
[ 380s ] thds: 128 tps: 13836.09 qps: 276722.76 (r/w/o: 193704.84/55345.75/27672.18) lat (ms,95%): 14.46 err/s: 0.00 reconn/s: 0.00
[ 390s ] thds: 128 tps: 13119.02 qps: 262377.62 (r/w/o: 183663.53/52476.26/26237.83) lat (ms,95%): 15.00 err/s: 0.00 reconn/s: 0.00
[ 400s ] thds: 128 tps: 13574.62 qps: 271501.10 (r/w/o: 190050.68/54301.18/27149.24) lat (ms,95%): 14.73 err/s: 0.00 reconn/s: 0.00
SQL statistics:
    queries performed:
        read:                            74491018
        write:                           21283146
        other:                           10641576
        total:                           106415740
    transactions:                        5320787 (13298.20 per sec.)
    queries:                             106415740 (265963.94 per sec.)
    ignored errors:                      0      (0.00 per sec.)
    reconnects:                          0      (0.00 per sec.)

General statistics:
    total time:                          400.1124s
    total number of events:              5320787

Latency (ms):
         min:                                    5.18
         avg:                                    9.62
         max:                                  122.77
         95th percentile:                       15.00
         sum:                             51197056.92

Threads fairness:
    events (avg/stddev):           41568.6484/1981.74
    execution time (avg/stddev):   399.9770/0.02

