sysbench 1.0.20-ebf1c90 (using bundled LuaJIT 2.1.0-beta2)

Running the test with following options:
Number of threads: 128
Report intermediate results every 10 second(s)
Initializing random number generator from current time


Initializing worker threads...

Threads started!

[ 10s ] thds: 128 tps: 13588.82 qps: 271886.40 (r/w/o: 190336.98/54359.88/27189.54) lat (ms,95%): 14.73 err/s: 0.00 reconn/s: 0.00
[ 20s ] thds: 128 tps: 13009.51 qps: 260202.80 (r/w/o: 182144.14/52039.04/26019.62) lat (ms,95%): 14.73 err/s: 0.00 reconn/s: 0.00
[ 30s ] thds: 128 tps: 13854.13 qps: 277090.03 (r/w/o: 193963.04/55419.13/27707.86) lat (ms,95%): 14.46 err/s: 0.00 reconn/s: 0.00
[ 40s ] thds: 128 tps: 13238.68 qps: 264769.28 (r/w/o: 185339.01/52952.82/26477.46) lat (ms,95%): 14.46 err/s: 0.00 reconn/s: 0.00
[ 50s ] thds: 128 tps: 13740.40 qps: 274816.50 (r/w/o: 192373.00/54962.30/27481.20) lat (ms,95%): 14.21 err/s: 0.00 reconn/s: 0.00
[ 60s ] thds: 128 tps: 13097.40 qps: 261938.82 (r/w/o: 183355.22/52389.30/26194.30) lat (ms,95%): 14.73 err/s: 0.00 reconn/s: 0.00
[ 70s ] thds: 128 tps: 14230.52 qps: 284602.29 (r/w/o: 199219.47/56921.78/28461.04) lat (ms,95%): 14.21 err/s: 0.00 reconn/s: 0.00
[ 80s ] thds: 128 tps: 13707.87 qps: 274169.84 (r/w/o: 191921.60/54832.39/27415.84) lat (ms,95%): 14.21 err/s: 0.00 reconn/s: 0.00
[ 90s ] thds: 128 tps: 14074.77 qps: 281485.80 (r/w/o: 197039.21/56296.86/28149.73) lat (ms,95%): 14.21 err/s: 0.00 reconn/s: 0.00
[ 100s ] thds: 128 tps: 13526.43 qps: 270541.33 (r/w/o: 189381.37/54107.01/27052.95) lat (ms,95%): 14.46 err/s: 0.00 reconn/s: 0.00
[ 110s ] thds: 128 tps: 14269.10 qps: 285378.34 (r/w/o: 199762.96/57077.69/28537.69) lat (ms,95%): 14.21 err/s: 0.00 reconn/s: 0.00
[ 120s ] thds: 128 tps: 13120.49 qps: 262408.40 (r/w/o: 183686.56/52480.36/26241.48) lat (ms,95%): 14.46 err/s: 0.00 reconn/s: 0.00
[ 130s ] thds: 128 tps: 14055.40 qps: 281102.67 (r/w/o: 196771.85/56220.81/28110.01) lat (ms,95%): 14.21 err/s: 0.00 reconn/s: 0.00
[ 140s ] thds: 128 tps: 13569.83 qps: 271395.70 (r/w/o: 189976.52/54278.92/27140.26) lat (ms,95%): 14.46 err/s: 0.00 reconn/s: 0.00
[ 150s ] thds: 128 tps: 14242.87 qps: 284872.44 (r/w/o: 199414.31/56972.69/28485.44) lat (ms,95%): 14.21 err/s: 0.00 reconn/s: 0.00
[ 160s ] thds: 128 tps: 13187.30 qps: 263732.11 (r/w/o: 184607.84/52749.48/26374.79) lat (ms,95%): 14.46 err/s: 0.00 reconn/s: 0.00
[ 170s ] thds: 128 tps: 14330.61 qps: 286608.76 (r/w/o: 200626.52/57320.93/28661.32) lat (ms,95%): 13.95 err/s: 0.00 reconn/s: 0.00
[ 180s ] thds: 128 tps: 14134.66 qps: 282696.63 (r/w/o: 197888.16/56539.35/28269.12) lat (ms,95%): 13.95 err/s: 0.00 reconn/s: 0.00
[ 190s ] thds: 128 tps: 14211.94 qps: 284231.70 (r/w/o: 198960.46/56847.66/28423.58) lat (ms,95%): 13.95 err/s: 0.00 reconn/s: 0.00
[ 200s ] thds: 128 tps: 13342.14 qps: 266845.64 (r/w/o: 186791.69/53369.27/26684.68) lat (ms,95%): 14.73 err/s: 0.00 reconn/s: 0.00
[ 210s ] thds: 128 tps: 14173.98 qps: 283482.55 (r/w/o: 198437.86/56696.63/28348.07) lat (ms,95%): 14.21 err/s: 0.00 reconn/s: 0.00
[ 220s ] thds: 128 tps: 13514.60 qps: 270283.00 (r/w/o: 189198.87/54055.12/27029.01) lat (ms,95%): 14.21 err/s: 0.00 reconn/s: 0.00
[ 230s ] thds: 128 tps: 13953.49 qps: 279076.47 (r/w/o: 195352.94/55816.75/27906.78) lat (ms,95%): 14.21 err/s: 0.00 reconn/s: 0.00
[ 240s ] thds: 128 tps: 13589.70 qps: 271807.95 (r/w/o: 190269.37/54358.79/27179.80) lat (ms,95%): 14.21 err/s: 0.00 reconn/s: 0.00
[ 250s ] thds: 128 tps: 14442.51 qps: 288832.95 (r/w/o: 202179.50/57768.93/28884.51) lat (ms,95%): 13.95 err/s: 0.00 reconn/s: 0.00
[ 260s ] thds: 128 tps: 13553.39 qps: 271071.30 (r/w/o: 189750.29/54213.64/27107.37) lat (ms,95%): 14.21 err/s: 0.00 reconn/s: 0.00
[ 270s ] thds: 128 tps: 14365.91 qps: 287313.83 (r/w/o: 201118.86/57463.65/28731.32) lat (ms,95%): 13.95 err/s: 0.00 reconn/s: 0.00
[ 280s ] thds: 128 tps: 14187.68 qps: 283769.15 (r/w/o: 198643.76/56749.53/28375.87) lat (ms,95%): 13.95 err/s: 0.00 reconn/s: 0.00
[ 290s ] thds: 128 tps: 13971.91 qps: 279440.72 (r/w/o: 195608.08/55888.92/27943.71) lat (ms,95%): 14.21 err/s: 0.00 reconn/s: 0.00
[ 300s ] thds: 128 tps: 13097.11 qps: 261937.84 (r/w/o: 183354.87/52388.55/26194.42) lat (ms,95%): 14.73 err/s: 0.00 reconn/s: 0.00
[ 310s ] thds: 128 tps: 14114.50 qps: 282279.83 (r/w/o: 197594.02/56456.91/28228.90) lat (ms,95%): 14.21 err/s: 0.00 reconn/s: 0.00
[ 320s ] thds: 128 tps: 13393.69 qps: 267877.44 (r/w/o: 187515.19/53575.17/26787.08) lat (ms,95%): 14.73 err/s: 0.00 reconn/s: 0.00
[ 330s ] thds: 128 tps: 13856.91 qps: 277136.43 (r/w/o: 193992.56/55429.85/27714.02) lat (ms,95%): 14.21 err/s: 0.00 reconn/s: 0.00
[ 340s ] thds: 128 tps: 13345.30 qps: 266907.49 (r/w/o: 186836.16/53380.92/26690.41) lat (ms,95%): 14.46 err/s: 0.00 reconn/s: 0.00
[ 350s ] thds: 128 tps: 14176.58 qps: 283548.67 (r/w/o: 198487.17/56707.93/28353.57) lat (ms,95%): 13.95 err/s: 0.00 reconn/s: 0.00
[ 360s ] thds: 128 tps: 13933.35 qps: 278658.19 (r/w/o: 195060.86/55730.52/27866.81) lat (ms,95%): 13.95 err/s: 0.00 reconn/s: 0.00
[ 370s ] thds: 128 tps: 14004.33 qps: 280080.50 (r/w/o: 196056.45/56015.50/28008.55) lat (ms,95%): 14.21 err/s: 0.00 reconn/s: 0.00
[ 380s ] thds: 128 tps: 13778.70 qps: 275569.18 (r/w/o: 192895.39/55116.80/27557.00) lat (ms,95%): 14.46 err/s: 0.00 reconn/s: 0.00
[ 390s ] thds: 128 tps: 14105.31 qps: 282105.86 (r/w/o: 197473.71/56421.13/28211.02) lat (ms,95%): 14.21 err/s: 0.10 reconn/s: 0.00
[ 400s ] thds: 128 tps: 13245.31 qps: 264910.81 (r/w/o: 185440.28/52980.02/26490.51) lat (ms,95%): 14.46 err/s: 0.00 reconn/s: 0.00
SQL statistics:
    queries performed:
        read:                            77189140
        write:                           22054038
        other:                           11027020
        total:                           110270198
    transactions:                        5513509 (13781.21 per sec.)
    queries:                             110270198 (275624.22 per sec.)
    ignored errors:                      1      (0.00 per sec.)
    reconnects:                          0      (0.00 per sec.)

General statistics:
    total time:                          400.0735s
    total number of events:              5513509

Latency (ms):
         min:                                    5.13
         avg:                                    9.29
         max:                                  138.72
         95th percentile:                       14.21
         sum:                             51196606.56

Threads fairness:
    events (avg/stddev):           43074.2891/1939.79
    execution time (avg/stddev):   399.9735/0.01

