sysbench 1.0.20-ebf1c90 (using bundled LuaJIT 2.1.0-beta2)

Running the test with following options:
Number of threads: 128
Report intermediate results every 10 second(s)
Initializing random number generator from current time


Initializing worker threads...

Threads started!

[ 10s ] thds: 128 tps: 12513.07 qps: 250389.89 (r/w/o: 175293.47/50057.88/25038.54) lat (ms,95%): 15.55 err/s: 0.00 reconn/s: 0.00
[ 20s ] thds: 128 tps: 12682.76 qps: 253641.46 (r/w/o: 177546.11/50730.13/25365.22) lat (ms,95%): 15.27 err/s: 0.00 reconn/s: 0.00
[ 30s ] thds: 128 tps: 12899.22 qps: 257992.53 (r/w/o: 180596.23/51597.47/25798.83) lat (ms,95%): 15.27 err/s: 0.00 reconn/s: 0.00
[ 40s ] thds: 128 tps: 12802.16 qps: 256044.60 (r/w/o: 179231.24/51209.34/25604.02) lat (ms,95%): 15.27 err/s: 0.00 reconn/s: 0.00
[ 50s ] thds: 128 tps: 12625.13 qps: 252504.31 (r/w/o: 176753.96/50499.80/25250.55) lat (ms,95%): 15.27 err/s: 0.00 reconn/s: 0.00
[ 60s ] thds: 128 tps: 12829.69 qps: 256601.89 (r/w/o: 179621.95/51320.46/25659.48) lat (ms,95%): 15.27 err/s: 0.00 reconn/s: 0.00
[ 70s ] thds: 128 tps: 13006.20 qps: 260112.52 (r/w/o: 182077.35/52023.18/26011.99) lat (ms,95%): 15.27 err/s: 0.00 reconn/s: 0.00
[ 80s ] thds: 128 tps: 12815.89 qps: 256316.20 (r/w/o: 179422.06/51262.76/25631.38) lat (ms,95%): 15.27 err/s: 0.00 reconn/s: 0.00
[ 90s ] thds: 128 tps: 13290.40 qps: 265815.93 (r/w/o: 186070.82/53163.61/26581.50) lat (ms,95%): 15.27 err/s: 0.00 reconn/s: 0.00
[ 100s ] thds: 128 tps: 12969.49 qps: 259387.98 (r/w/o: 181572.14/51876.96/25938.88) lat (ms,95%): 15.27 err/s: 0.00 reconn/s: 0.00
[ 110s ] thds: 128 tps: 12740.45 qps: 254811.22 (r/w/o: 178367.65/50963.08/25480.49) lat (ms,95%): 15.27 err/s: 0.00 reconn/s: 0.00
[ 120s ] thds: 128 tps: 12769.86 qps: 255397.11 (r/w/o: 178777.65/51079.24/25540.22) lat (ms,95%): 15.27 err/s: 0.00 reconn/s: 0.00
[ 130s ] thds: 128 tps: 13084.18 qps: 261676.60 (r/w/o: 183171.75/52336.80/26168.05) lat (ms,95%): 15.27 err/s: 0.00 reconn/s: 0.00
[ 140s ] thds: 128 tps: 12990.96 qps: 259824.71 (r/w/o: 181877.65/51964.84/25982.22) lat (ms,95%): 15.27 err/s: 0.00 reconn/s: 0.00
[ 150s ] thds: 128 tps: 12904.56 qps: 258092.80 (r/w/o: 180667.77/51615.92/25809.11) lat (ms,95%): 15.27 err/s: 0.00 reconn/s: 0.00
[ 160s ] thds: 128 tps: 12786.21 qps: 255714.11 (r/w/o: 178998.25/51143.94/25571.92) lat (ms,95%): 15.27 err/s: 0.00 reconn/s: 0.00
[ 170s ] thds: 128 tps: 13432.45 qps: 268657.32 (r/w/o: 188059.04/53733.28/26864.99) lat (ms,95%): 15.00 err/s: 0.00 reconn/s: 0.00
[ 180s ] thds: 128 tps: 13384.41 qps: 267676.75 (r/w/o: 187372.58/53535.45/26768.73) lat (ms,95%): 15.00 err/s: 0.00 reconn/s: 0.00
[ 190s ] thds: 128 tps: 13016.26 qps: 260335.31 (r/w/o: 182236.25/52066.04/26033.02) lat (ms,95%): 15.27 err/s: 0.00 reconn/s: 0.00
[ 200s ] thds: 128 tps: 12920.89 qps: 258422.99 (r/w/o: 180898.62/51683.28/25841.09) lat (ms,95%): 15.27 err/s: 0.00 reconn/s: 0.00
[ 210s ] thds: 128 tps: 13230.85 qps: 264609.67 (r/w/o: 185225.75/52921.71/26462.21) lat (ms,95%): 15.00 err/s: 0.00 reconn/s: 0.00
[ 220s ] thds: 128 tps: 12667.91 qps: 253360.92 (r/w/o: 177352.79/50672.72/25335.41) lat (ms,95%): 15.27 err/s: 0.00 reconn/s: 0.00
[ 230s ] thds: 128 tps: 13111.04 qps: 262216.44 (r/w/o: 183552.12/52442.05/26222.27) lat (ms,95%): 15.27 err/s: 0.00 reconn/s: 0.00
[ 240s ] thds: 128 tps: 13107.01 qps: 262145.92 (r/w/o: 183501.09/52430.62/26214.21) lat (ms,95%): 15.00 err/s: 0.00 reconn/s: 0.00
[ 250s ] thds: 128 tps: 13206.72 qps: 264130.22 (r/w/o: 184891.82/52825.06/26413.33) lat (ms,95%): 15.00 err/s: 0.00 reconn/s: 0.00
[ 260s ] thds: 128 tps: 12692.16 qps: 253842.40 (r/w/o: 177687.34/50770.54/25384.52) lat (ms,95%): 15.27 err/s: 0.00 reconn/s: 0.00
[ 270s ] thds: 128 tps: 14016.92 qps: 280339.32 (r/w/o: 196239.90/56065.58/28033.84) lat (ms,95%): 14.73 err/s: 0.00 reconn/s: 0.00
[ 280s ] thds: 128 tps: 13338.69 qps: 266768.75 (r/w/o: 186737.19/53354.67/26676.88) lat (ms,95%): 15.00 err/s: 0.00 reconn/s: 0.00
[ 290s ] thds: 128 tps: 12978.60 qps: 259574.67 (r/w/o: 181700.88/51916.39/25957.40) lat (ms,95%): 15.27 err/s: 0.00 reconn/s: 0.00
[ 300s ] thds: 128 tps: 13130.51 qps: 262604.31 (r/w/o: 183823.17/52519.92/26261.21) lat (ms,95%): 15.00 err/s: 0.00 reconn/s: 0.00
[ 310s ] thds: 128 tps: 13350.31 qps: 267003.67 (r/w/o: 186901.59/53401.55/26700.53) lat (ms,95%): 15.00 err/s: 0.00 reconn/s: 0.00
[ 320s ] thds: 128 tps: 12816.68 qps: 256345.64 (r/w/o: 179444.08/51268.01/25633.55) lat (ms,95%): 15.27 err/s: 0.00 reconn/s: 0.00
[ 330s ] thds: 128 tps: 13002.61 qps: 260050.73 (r/w/o: 182034.49/52010.83/26005.41) lat (ms,95%): 15.00 err/s: 0.00 reconn/s: 0.00
[ 340s ] thds: 128 tps: 13087.28 qps: 261758.40 (r/w/o: 183234.89/52349.04/26174.47) lat (ms,95%): 15.00 err/s: 0.00 reconn/s: 0.00
[ 350s ] thds: 128 tps: 13449.78 qps: 268980.22 (r/w/o: 188281.87/53799.50/26898.85) lat (ms,95%): 15.00 err/s: 0.00 reconn/s: 0.00
[ 360s ] thds: 128 tps: 12862.42 qps: 257256.02 (r/w/o: 180079.49/51450.88/25725.64) lat (ms,95%): 15.00 err/s: 0.00 reconn/s: 0.00
[ 370s ] thds: 128 tps: 13621.23 qps: 272416.13 (r/w/o: 190691.27/54482.71/27242.15) lat (ms,95%): 15.00 err/s: 0.00 reconn/s: 0.00
[ 380s ] thds: 128 tps: 13530.51 qps: 270602.22 (r/w/o: 189419.66/54121.64/27060.92) lat (ms,95%): 14.73 err/s: 0.00 reconn/s: 0.00
[ 390s ] thds: 128 tps: 12904.52 qps: 258096.12 (r/w/o: 180668.32/51618.86/25808.93) lat (ms,95%): 15.27 err/s: 0.00 reconn/s: 0.00
[ 400s ] thds: 128 tps: 12822.40 qps: 256460.56 (r/w/o: 179523.67/51292.19/25644.70) lat (ms,95%): 15.27 err/s: 0.00 reconn/s: 0.00
SQL statistics:
    queries performed:
        read:                            72996868
        write:                           20856248
        other:                           10428124
        total:                           104281240
    transactions:                        5214062 (13032.65 per sec.)
    queries:                             104281240 (260652.93 per sec.)
    ignored errors:                      0      (0.00 per sec.)
    reconnects:                          0      (0.00 per sec.)

General statistics:
    total time:                          400.0760s
    total number of events:              5214062

Latency (ms):
         min:                                    5.33
         avg:                                    9.82
         max:                                  124.00
         95th percentile:                       15.27
         sum:                             51196903.56

Threads fairness:
    events (avg/stddev):           40734.8594/1539.51
    execution time (avg/stddev):   399.9758/0.02

