sysbench 1.0.20-ebf1c90 (using bundled LuaJIT 2.1.0-beta2)

Running the test with following options:
Number of threads: 64
Report intermediate results every 10 second(s)
Initializing random number generator from current time


Initializing worker threads...

Threads started!

[ 10s ] thds: 64 tps: 5025.62 qps: 100574.88 (r/w/o: 70411.73/20105.70/10057.45) lat (ms,95%): 15.55 err/s: 0.00 reconn/s: 0.00
[ 20s ] thds: 64 tps: 5413.21 qps: 108259.16 (r/w/o: 75781.38/21651.65/10826.13) lat (ms,95%): 15.27 err/s: 0.00 reconn/s: 0.00
[ 30s ] thds: 64 tps: 5335.30 qps: 106710.08 (r/w/o: 74697.29/21341.80/10671.00) lat (ms,95%): 15.27 err/s: 0.00 reconn/s: 0.00
[ 40s ] thds: 64 tps: 5679.79 qps: 113601.89 (r/w/o: 79522.03/22720.38/11359.49) lat (ms,95%): 15.00 err/s: 0.00 reconn/s: 0.00
[ 50s ] thds: 64 tps: 5626.50 qps: 112521.73 (r/w/o: 78763.42/22505.51/11252.80) lat (ms,95%): 15.00 err/s: 0.00 reconn/s: 0.00
[ 60s ] thds: 64 tps: 5881.00 qps: 117622.66 (r/w/o: 82336.84/23523.81/11762.01) lat (ms,95%): 15.00 err/s: 0.00 reconn/s: 0.00
[ 70s ] thds: 64 tps: 5641.50 qps: 112829.19 (r/w/o: 78979.69/22566.20/11283.30) lat (ms,95%): 15.00 err/s: 0.00 reconn/s: 0.00
[ 80s ] thds: 64 tps: 5857.41 qps: 117152.85 (r/w/o: 82008.60/23429.73/11714.51) lat (ms,95%): 15.00 err/s: 0.00 reconn/s: 0.00
[ 90s ] thds: 64 tps: 5861.20 qps: 117214.53 (r/w/o: 82047.85/23444.39/11722.29) lat (ms,95%): 14.73 err/s: 0.00 reconn/s: 0.00
[ 100s ] thds: 64 tps: 6098.50 qps: 121975.23 (r/w/o: 85384.05/24393.89/12197.29) lat (ms,95%): 14.73 err/s: 0.00 reconn/s: 0.00
[ 110s ] thds: 64 tps: 5806.90 qps: 116145.96 (r/w/o: 81303.27/23228.79/11613.90) lat (ms,95%): 15.00 err/s: 0.00 reconn/s: 0.00
[ 120s ] thds: 64 tps: 6052.00 qps: 121033.36 (r/w/o: 84721.67/24207.59/12104.10) lat (ms,95%): 14.73 err/s: 0.00 reconn/s: 0.00
[ 130s ] thds: 64 tps: 5853.50 qps: 117070.74 (r/w/o: 81949.13/23415.01/11706.60) lat (ms,95%): 15.00 err/s: 0.00 reconn/s: 0.00
[ 140s ] thds: 64 tps: 6044.60 qps: 120887.46 (r/w/o: 84621.34/24176.71/12089.41) lat (ms,95%): 14.73 err/s: 0.00 reconn/s: 0.00
[ 150s ] thds: 64 tps: 5938.10 qps: 118758.32 (r/w/o: 83131.01/23751.90/11875.40) lat (ms,95%): 14.73 err/s: 0.00 reconn/s: 0.00
[ 160s ] thds: 64 tps: 6104.40 qps: 122090.93 (r/w/o: 85463.55/24417.89/12209.49) lat (ms,95%): 14.73 err/s: 0.00 reconn/s: 0.00
[ 170s ] thds: 64 tps: 6038.89 qps: 120775.24 (r/w/o: 84542.79/24154.57/12077.88) lat (ms,95%): 14.73 err/s: 0.00 reconn/s: 0.00
[ 180s ] thds: 64 tps: 6228.01 qps: 124564.43 (r/w/o: 87195.36/24913.15/12455.92) lat (ms,95%): 14.46 err/s: 0.00 reconn/s: 0.00
[ 190s ] thds: 64 tps: 6032.00 qps: 120639.60 (r/w/o: 84448.90/24126.80/12063.90) lat (ms,95%): 14.73 err/s: 0.00 reconn/s: 0.00
[ 200s ] thds: 64 tps: 6141.40 qps: 122832.89 (r/w/o: 85983.19/24566.90/12282.80) lat (ms,95%): 14.73 err/s: 0.00 reconn/s: 0.00
[ 210s ] thds: 64 tps: 5965.00 qps: 119297.11 (r/w/o: 83506.31/23860.60/11930.20) lat (ms,95%): 14.73 err/s: 0.00 reconn/s: 0.00
[ 220s ] thds: 64 tps: 6138.60 qps: 122776.72 (r/w/o: 85945.01/24554.40/12277.30) lat (ms,95%): 14.73 err/s: 0.00 reconn/s: 0.00
[ 230s ] thds: 64 tps: 5974.70 qps: 119489.03 (r/w/o: 83640.35/23899.39/11949.29) lat (ms,95%): 14.73 err/s: 0.00 reconn/s: 0.00
[ 240s ] thds: 64 tps: 6152.70 qps: 123058.11 (r/w/o: 86142.60/24610.10/12305.40) lat (ms,95%): 14.73 err/s: 0.00 reconn/s: 0.00
[ 250s ] thds: 64 tps: 5958.90 qps: 119176.67 (r/w/o: 83423.58/23835.29/11917.80) lat (ms,95%): 15.00 err/s: 0.00 reconn/s: 0.00
[ 260s ] thds: 64 tps: 6186.30 qps: 123727.49 (r/w/o: 86609.67/24745.32/12372.51) lat (ms,95%): 14.73 err/s: 0.00 reconn/s: 0.00
[ 270s ] thds: 64 tps: 5897.69 qps: 117951.19 (r/w/o: 82565.82/23589.68/11795.69) lat (ms,95%): 15.00 err/s: 0.00 reconn/s: 0.00
[ 280s ] thds: 64 tps: 6304.70 qps: 126097.22 (r/w/o: 88268.95/25219.18/12609.09) lat (ms,95%): 14.73 err/s: 0.00 reconn/s: 0.00
[ 290s ] thds: 64 tps: 6073.51 qps: 121462.73 (r/w/o: 85021.59/24294.33/12146.81) lat (ms,95%): 14.73 err/s: 0.00 reconn/s: 0.00
[ 300s ] thds: 64 tps: 6145.90 qps: 122918.58 (r/w/o: 86044.19/24582.50/12291.90) lat (ms,95%): 14.73 err/s: 0.00 reconn/s: 0.00
[ 310s ] thds: 64 tps: 5906.31 qps: 118127.14 (r/w/o: 82688.30/23625.93/11812.91) lat (ms,95%): 14.73 err/s: 0.00 reconn/s: 0.00
[ 320s ] thds: 64 tps: 6206.10 qps: 124127.53 (r/w/o: 86890.15/24825.29/12412.09) lat (ms,95%): 14.73 err/s: 0.00 reconn/s: 0.00
[ 330s ] thds: 64 tps: 6010.59 qps: 120210.14 (r/w/o: 84146.29/24042.77/12021.08) lat (ms,95%): 14.73 err/s: 0.00 reconn/s: 0.00
[ 340s ] thds: 64 tps: 6160.00 qps: 123192.15 (r/w/o: 86234.13/24638.11/12319.90) lat (ms,95%): 14.73 err/s: 0.00 reconn/s: 0.00
[ 350s ] thds: 64 tps: 5970.00 qps: 119404.98 (r/w/o: 83584.39/23880.50/11940.10) lat (ms,95%): 14.73 err/s: 0.00 reconn/s: 0.00
[ 360s ] thds: 64 tps: 6227.41 qps: 124545.41 (r/w/o: 87181.87/24908.52/12455.01) lat (ms,95%): 14.73 err/s: 0.00 reconn/s: 0.00
[ 370s ] thds: 64 tps: 5961.59 qps: 119228.79 (r/w/o: 83458.32/23847.48/11922.99) lat (ms,95%): 14.73 err/s: 0.00 reconn/s: 0.00
[ 380s ] thds: 64 tps: 6249.50 qps: 124989.39 (r/w/o: 87491.56/24999.32/12498.51) lat (ms,95%): 14.73 err/s: 0.00 reconn/s: 0.00
[ 390s ] thds: 64 tps: 6025.20 qps: 120505.38 (r/w/o: 84354.58/24100.00/12050.80) lat (ms,95%): 14.73 err/s: 0.00 reconn/s: 0.00
[ 400s ] thds: 64 tps: 6194.71 qps: 123898.36 (r/w/o: 86729.52/24779.43/12389.42) lat (ms,95%): 14.73 err/s: 0.00 reconn/s: 0.00
SQL statistics:
    queries performed:
        read:                            33372668
        write:                           9535048
        other:                           4767524
        total:                           47675240
    transactions:                        2383762 (5958.84 per sec.)
    queries:                             47675240 (119176.89 per sec.)
    ignored errors:                      0      (0.00 per sec.)
    reconnects:                          0      (0.00 per sec.)

General statistics:
    total time:                          400.0367s
    total number of events:              2383762

Latency (ms):
         min:                                    4.88
         avg:                                   10.74
         max:                                  141.39
         95th percentile:                       14.73
         sum:                             25598803.36

Threads fairness:
    events (avg/stddev):           37246.2812/901.96
    execution time (avg/stddev):   399.9813/0.00

