sysbench 1.0.20-ebf1c90 (using bundled LuaJIT 2.1.0-beta2)

Running the test with following options:
Number of threads: 64
Report intermediate results every 10 second(s)
Initializing random number generator from current time


Initializing worker threads...

Threads started!

[ 10s ] thds: 64 tps: 4828.00 qps: 96617.35 (r/w/o: 67641.63/19313.71/9662.00) lat (ms,95%): 16.12 err/s: 0.00 reconn/s: 0.00
[ 20s ] thds: 64 tps: 5066.10 qps: 101322.69 (r/w/o: 70925.36/20264.92/10132.41) lat (ms,95%): 15.83 err/s: 0.00 reconn/s: 0.00
[ 30s ] thds: 64 tps: 5026.81 qps: 100545.35 (r/w/o: 70384.58/20107.15/10053.63) lat (ms,95%): 15.83 err/s: 0.00 reconn/s: 0.00
[ 40s ] thds: 64 tps: 5338.19 qps: 106749.88 (r/w/o: 74720.91/21352.48/10676.49) lat (ms,95%): 15.55 err/s: 0.00 reconn/s: 0.00
[ 50s ] thds: 64 tps: 5249.69 qps: 104994.87 (r/w/o: 73496.31/20999.77/10498.79) lat (ms,95%): 15.55 err/s: 0.00 reconn/s: 0.00
[ 60s ] thds: 64 tps: 5550.91 qps: 111029.04 (r/w/o: 77723.67/22203.15/11102.22) lat (ms,95%): 15.27 err/s: 0.00 reconn/s: 0.00
[ 70s ] thds: 64 tps: 5274.80 qps: 105490.62 (r/w/o: 73841.14/21099.78/10549.69) lat (ms,95%): 15.55 err/s: 0.00 reconn/s: 0.00
[ 80s ] thds: 64 tps: 5549.19 qps: 110981.79 (r/w/o: 77688.52/22194.88/11098.39) lat (ms,95%): 15.55 err/s: 0.00 reconn/s: 0.00
[ 90s ] thds: 64 tps: 5466.75 qps: 109337.24 (r/w/o: 76535.76/21867.89/10933.59) lat (ms,95%): 15.55 err/s: 0.00 reconn/s: 0.00
[ 100s ] thds: 64 tps: 5669.66 qps: 113400.72 (r/w/o: 79381.36/22680.14/11339.22) lat (ms,95%): 15.27 err/s: 0.00 reconn/s: 0.00
[ 110s ] thds: 64 tps: 5546.30 qps: 110926.23 (r/w/o: 77648.72/22185.11/11092.40) lat (ms,95%): 15.55 err/s: 0.00 reconn/s: 0.00
[ 120s ] thds: 64 tps: 5651.59 qps: 113029.28 (r/w/o: 79120.75/22605.16/11303.38) lat (ms,95%): 15.27 err/s: 0.00 reconn/s: 0.00
[ 130s ] thds: 64 tps: 5510.41 qps: 110214.70 (r/w/o: 77149.34/22044.54/11020.82) lat (ms,95%): 15.55 err/s: 0.00 reconn/s: 0.00
[ 140s ] thds: 64 tps: 5754.60 qps: 115083.81 (r/w/o: 80558.44/23016.48/11508.89) lat (ms,95%): 15.27 err/s: 0.00 reconn/s: 0.00
[ 150s ] thds: 64 tps: 5581.50 qps: 111640.69 (r/w/o: 78149.76/22327.62/11163.31) lat (ms,95%): 15.55 err/s: 0.00 reconn/s: 0.00
[ 160s ] thds: 64 tps: 5773.19 qps: 115445.86 (r/w/o: 80809.73/23089.95/11546.18) lat (ms,95%): 15.27 err/s: 0.00 reconn/s: 0.00
[ 170s ] thds: 64 tps: 5783.42 qps: 115682.73 (r/w/o: 80979.63/23135.97/11567.13) lat (ms,95%): 15.27 err/s: 0.00 reconn/s: 0.00
[ 180s ] thds: 64 tps: 5828.47 qps: 116561.51 (r/w/o: 81591.89/23312.98/11656.64) lat (ms,95%): 15.27 err/s: 0.00 reconn/s: 0.00
[ 190s ] thds: 64 tps: 5716.11 qps: 114317.87 (r/w/o: 80021.39/22864.25/11432.23) lat (ms,95%): 15.27 err/s: 0.00 reconn/s: 0.00
[ 200s ] thds: 64 tps: 5836.91 qps: 116738.12 (r/w/o: 81715.98/23348.22/11673.91) lat (ms,95%): 15.27 err/s: 0.00 reconn/s: 0.00
[ 210s ] thds: 64 tps: 5561.11 qps: 111224.37 (r/w/o: 77859.42/22242.63/11122.32) lat (ms,95%): 15.55 err/s: 0.00 reconn/s: 0.00
[ 220s ] thds: 64 tps: 5896.10 qps: 117922.77 (r/w/o: 82545.08/23585.59/11792.10) lat (ms,95%): 15.27 err/s: 0.00 reconn/s: 0.00
[ 230s ] thds: 64 tps: 5621.40 qps: 112423.23 (r/w/o: 78695.92/22484.51/11242.80) lat (ms,95%): 15.27 err/s: 0.00 reconn/s: 0.00
[ 240s ] thds: 64 tps: 5872.59 qps: 117455.62 (r/w/o: 82218.88/23491.46/11745.28) lat (ms,95%): 15.27 err/s: 0.00 reconn/s: 0.00
[ 250s ] thds: 64 tps: 5664.30 qps: 113285.17 (r/w/o: 79299.65/22657.21/11328.31) lat (ms,95%): 15.27 err/s: 0.00 reconn/s: 0.00
[ 260s ] thds: 64 tps: 5898.30 qps: 117965.02 (r/w/o: 82574.82/23593.40/11796.80) lat (ms,95%): 15.27 err/s: 0.00 reconn/s: 0.00
[ 270s ] thds: 64 tps: 5639.10 qps: 112787.82 (r/w/o: 78953.91/22555.50/11278.40) lat (ms,95%): 15.27 err/s: 0.00 reconn/s: 0.00
[ 280s ] thds: 64 tps: 5870.49 qps: 117410.00 (r/w/o: 82186.16/23483.26/11740.58) lat (ms,95%): 15.27 err/s: 0.00 reconn/s: 0.00
[ 290s ] thds: 64 tps: 5716.51 qps: 114334.89 (r/w/o: 80036.63/22864.94/11433.32) lat (ms,95%): 15.27 err/s: 0.00 reconn/s: 0.00
[ 300s ] thds: 64 tps: 5857.20 qps: 117139.08 (r/w/o: 81995.49/23429.10/11714.50) lat (ms,95%): 15.27 err/s: 0.00 reconn/s: 0.00
[ 310s ] thds: 64 tps: 5585.00 qps: 111694.17 (r/w/o: 78184.85/22339.71/11169.61) lat (ms,95%): 15.55 err/s: 0.00 reconn/s: 0.00
[ 320s ] thds: 64 tps: 5935.60 qps: 118725.47 (r/w/o: 83111.78/23742.29/11871.40) lat (ms,95%): 15.27 err/s: 0.00 reconn/s: 0.00
[ 330s ] thds: 64 tps: 5692.00 qps: 113832.99 (r/w/o: 79680.09/22768.80/11384.10) lat (ms,95%): 15.27 err/s: 0.00 reconn/s: 0.00
[ 340s ] thds: 64 tps: 5809.70 qps: 116192.10 (r/w/o: 81333.70/23239.20/11619.20) lat (ms,95%): 15.27 err/s: 0.00 reconn/s: 0.00
[ 350s ] thds: 64 tps: 5644.10 qps: 112880.59 (r/w/o: 79018.09/22574.30/11288.20) lat (ms,95%): 15.27 err/s: 0.00 reconn/s: 0.00
[ 360s ] thds: 64 tps: 5873.20 qps: 117469.03 (r/w/o: 82228.72/23493.81/11746.50) lat (ms,95%): 15.27 err/s: 0.00 reconn/s: 0.00
[ 370s ] thds: 64 tps: 5698.80 qps: 113978.98 (r/w/o: 79785.28/22796.00/11397.70) lat (ms,95%): 15.27 err/s: 0.00 reconn/s: 0.00
[ 380s ] thds: 64 tps: 5872.60 qps: 117451.24 (r/w/o: 82213.63/23492.41/11745.20) lat (ms,95%): 15.27 err/s: 0.00 reconn/s: 0.00
[ 390s ] thds: 64 tps: 5643.80 qps: 112866.10 (r/w/o: 79006.90/22572.10/11287.10) lat (ms,95%): 15.27 err/s: 0.00 reconn/s: 0.00
[ 400s ] thds: 64 tps: 5901.00 qps: 118020.65 (r/w/o: 82613.47/23604.79/11802.40) lat (ms,95%): 15.27 err/s: 0.00 reconn/s: 0.00
SQL statistics:
    queries performed:
        read:                            31536736
        write:                           9010496
        other:                           4505248
        total:                           45052480
    transactions:                        2252624 (5631.04 per sec.)
    queries:                             45052480 (112620.89 per sec.)
    ignored errors:                      0      (0.00 per sec.)
    reconnects:                          0      (0.00 per sec.)

General statistics:
    total time:                          400.0357s
    total number of events:              2252624

Latency (ms):
         min:                                    5.02
         avg:                                   11.36
         max:                                  155.11
         95th percentile:                       15.27
         sum:                             25598877.16

Threads fairness:
    events (avg/stddev):           35197.2500/862.18
    execution time (avg/stddev):   399.9825/0.00

