sysbench 1.0.20-ebf1c90 (using bundled LuaJIT 2.1.0-beta2)

Running the test with following options:
Number of threads: 128
Report intermediate results every 10 second(s)
Initializing random number generator from current time


Initializing worker threads...

Threads started!

[ 10s ] thds: 128 tps: 13533.18 qps: 270789.25 (r/w/o: 189573.75/54136.63/27078.87) lat (ms,95%): 15.00 err/s: 0.00 reconn/s: 0.00
[ 20s ] thds: 128 tps: 13242.86 qps: 264860.96 (r/w/o: 185402.38/52973.05/26485.53) lat (ms,95%): 14.73 err/s: 0.00 reconn/s: 0.00
[ 30s ] thds: 128 tps: 13459.53 qps: 269171.27 (r/w/o: 188415.00/53837.31/26918.96) lat (ms,95%): 14.73 err/s: 0.00 reconn/s: 0.00
[ 40s ] thds: 128 tps: 13068.97 qps: 261396.53 (r/w/o: 182980.50/52278.19/26137.84) lat (ms,95%): 15.00 err/s: 0.00 reconn/s: 0.00
[ 50s ] thds: 128 tps: 13591.03 qps: 271820.19 (r/w/o: 190274.29/54363.64/27182.27) lat (ms,95%): 14.73 err/s: 0.00 reconn/s: 0.00
[ 60s ] thds: 128 tps: 12892.24 qps: 257848.14 (r/w/o: 180495.39/51568.47/25784.28) lat (ms,95%): 14.73 err/s: 0.00 reconn/s: 0.00
[ 70s ] thds: 128 tps: 13642.62 qps: 272839.05 (r/w/o: 190985.71/54567.89/27285.44) lat (ms,95%): 14.73 err/s: 0.00 reconn/s: 0.00
[ 80s ] thds: 128 tps: 13508.02 qps: 270188.29 (r/w/o: 189134.28/54037.78/27016.24) lat (ms,95%): 14.46 err/s: 0.00 reconn/s: 0.00
[ 90s ] thds: 128 tps: 13866.89 qps: 277314.17 (r/w/o: 194116.24/55464.05/27733.88) lat (ms,95%): 14.46 err/s: 0.00 reconn/s: 0.00
[ 100s ] thds: 128 tps: 13144.82 qps: 262902.85 (r/w/o: 184034.21/52579.19/26289.44) lat (ms,95%): 14.73 err/s: 0.00 reconn/s: 0.00
[ 110s ] thds: 128 tps: 13841.28 qps: 276817.77 (r/w/o: 193770.47/55364.83/27682.47) lat (ms,95%): 14.73 err/s: 0.00 reconn/s: 0.00
[ 120s ] thds: 128 tps: 13503.88 qps: 270087.02 (r/w/o: 189063.26/54015.60/27008.15) lat (ms,95%): 14.73 err/s: 0.00 reconn/s: 0.00
[ 130s ] thds: 128 tps: 13674.35 qps: 273480.44 (r/w/o: 191435.16/54696.79/27348.49) lat (ms,95%): 14.46 err/s: 0.00 reconn/s: 0.00
[ 140s ] thds: 128 tps: 13225.40 qps: 264510.57 (r/w/o: 185157.18/52902.79/26450.60) lat (ms,95%): 14.73 err/s: 0.00 reconn/s: 0.00
[ 150s ] thds: 128 tps: 13992.95 qps: 279861.89 (r/w/o: 195902.46/55973.62/27985.81) lat (ms,95%): 14.46 err/s: 0.00 reconn/s: 0.00
[ 160s ] thds: 128 tps: 13752.69 qps: 275051.26 (r/w/o: 192536.23/55009.35/27505.68) lat (ms,95%): 14.46 err/s: 0.00 reconn/s: 0.00
[ 170s ] thds: 128 tps: 13857.63 qps: 277158.94 (r/w/o: 194013.25/55430.33/27715.36) lat (ms,95%): 14.46 err/s: 0.00 reconn/s: 0.00
[ 180s ] thds: 128 tps: 14057.13 qps: 281142.57 (r/w/o: 196799.27/56229.33/28113.97) lat (ms,95%): 14.46 err/s: 0.00 reconn/s: 0.00
[ 190s ] thds: 128 tps: 14077.87 qps: 281551.94 (r/w/o: 197086.11/56309.79/28156.04) lat (ms,95%): 14.46 err/s: 0.00 reconn/s: 0.00
[ 200s ] thds: 128 tps: 13191.66 qps: 263828.20 (r/w/o: 184677.77/52767.02/26383.41) lat (ms,95%): 14.73 err/s: 0.00 reconn/s: 0.00
[ 210s ] thds: 128 tps: 13949.64 qps: 278993.45 (r/w/o: 195296.70/55798.27/27898.49) lat (ms,95%): 14.46 err/s: 0.00 reconn/s: 0.00
[ 220s ] thds: 128 tps: 13773.11 qps: 275472.87 (r/w/o: 192831.99/55094.35/27546.53) lat (ms,95%): 14.46 err/s: 0.00 reconn/s: 0.00
[ 230s ] thds: 128 tps: 14033.07 qps: 280650.94 (r/w/o: 196453.81/56130.99/28066.14) lat (ms,95%): 14.21 err/s: 0.00 reconn/s: 0.00
[ 240s ] thds: 128 tps: 13374.13 qps: 267492.91 (r/w/o: 187247.22/53497.32/26748.36) lat (ms,95%): 14.46 err/s: 0.00 reconn/s: 0.00
[ 250s ] thds: 128 tps: 14138.73 qps: 282763.46 (r/w/o: 197931.16/56554.73/28277.57) lat (ms,95%): 14.21 err/s: 0.00 reconn/s: 0.00
[ 260s ] thds: 128 tps: 13853.25 qps: 277068.09 (r/w/o: 193948.16/55414.02/27705.91) lat (ms,95%): 14.46 err/s: 0.00 reconn/s: 0.00
[ 270s ] thds: 128 tps: 13963.42 qps: 279273.20 (r/w/o: 195494.61/55851.36/27927.23) lat (ms,95%): 14.21 err/s: 0.00 reconn/s: 0.00
[ 280s ] thds: 128 tps: 13994.27 qps: 279875.39 (r/w/o: 195909.97/55976.88/27988.54) lat (ms,95%): 14.46 err/s: 0.00 reconn/s: 0.00
[ 290s ] thds: 128 tps: 14144.02 qps: 282884.46 (r/w/o: 198019.62/56577.19/28287.65) lat (ms,95%): 14.21 err/s: 0.00 reconn/s: 0.00
[ 300s ] thds: 128 tps: 13128.74 qps: 262571.26 (r/w/o: 183801.13/52512.55/26257.58) lat (ms,95%): 14.73 err/s: 0.00 reconn/s: 0.00
[ 310s ] thds: 128 tps: 13949.64 qps: 279008.81 (r/w/o: 195305.20/55803.84/27899.77) lat (ms,95%): 14.21 err/s: 0.00 reconn/s: 0.00
[ 320s ] thds: 128 tps: 14002.34 qps: 280041.40 (r/w/o: 196030.93/56005.68/28004.79) lat (ms,95%): 14.21 err/s: 0.00 reconn/s: 0.00
[ 330s ] thds: 128 tps: 14108.09 qps: 282160.57 (r/w/o: 197512.64/56431.75/28216.18) lat (ms,95%): 14.21 err/s: 0.00 reconn/s: 0.00
[ 340s ] thds: 128 tps: 13448.68 qps: 268975.93 (r/w/o: 188281.64/53797.13/26897.16) lat (ms,95%): 14.46 err/s: 0.00 reconn/s: 0.00
[ 350s ] thds: 128 tps: 14021.51 qps: 280422.95 (r/w/o: 196294.48/56086.05/28042.43) lat (ms,95%): 14.21 err/s: 0.00 reconn/s: 0.00
[ 360s ] thds: 128 tps: 14085.79 qps: 281718.90 (r/w/o: 197202.86/56343.86/28172.18) lat (ms,95%): 14.21 err/s: 0.00 reconn/s: 0.00
[ 370s ] thds: 128 tps: 14396.00 qps: 287916.38 (r/w/o: 201542.26/57582.42/28791.71) lat (ms,95%): 14.21 err/s: 0.00 reconn/s: 0.00
[ 380s ] thds: 128 tps: 13654.33 qps: 273084.75 (r/w/o: 191159.86/54616.03/27308.87) lat (ms,95%): 14.46 err/s: 0.00 reconn/s: 0.00
[ 390s ] thds: 128 tps: 14348.23 qps: 286962.72 (r/w/o: 200873.86/57392.30/28696.55) lat (ms,95%): 13.95 err/s: 0.00 reconn/s: 0.00
[ 400s ] thds: 128 tps: 13536.13 qps: 270735.91 (r/w/o: 189514.93/54148.62/27072.36) lat (ms,95%): 14.46 err/s: 0.00 reconn/s: 0.00
SQL statistics:
    queries performed:
        read:                            76865950
        write:                           21961699
        other:                           10980851
        total:                           109808500
    transactions:                        5490425 (13723.46 per sec.)
    queries:                             109808500 (274469.17 per sec.)
    ignored errors:                      0      (0.00 per sec.)
    reconnects:                          0      (0.00 per sec.)

General statistics:
    total time:                          400.0750s
    total number of events:              5490425

Latency (ms):
         min:                                    5.07
         avg:                                    9.32
         max:                                  121.95
         95th percentile:                       14.46
         sum:                             51196532.97

Threads fairness:
    events (avg/stddev):           42893.9453/2061.45
    execution time (avg/stddev):   399.9729/0.01

