sysbench 1.0.20-ebf1c90 (using bundled LuaJIT 2.1.0-beta2)

Running the test with following options:
Number of threads: 128
Report intermediate results every 10 second(s)
Initializing random number generator from current time


Initializing worker threads...

Threads started!

[ 10s ] thds: 128 tps: 12837.28 qps: 256872.05 (r/w/o: 179829.45/51355.73/25686.86) lat (ms,95%): 15.27 err/s: 0.00 reconn/s: 0.00
[ 20s ] thds: 128 tps: 13321.22 qps: 266431.83 (r/w/o: 186505.20/53284.39/26642.24) lat (ms,95%): 15.00 err/s: 0.00 reconn/s: 0.00
[ 30s ] thds: 128 tps: 12830.33 qps: 256604.53 (r/w/o: 179620.07/51323.51/25660.95) lat (ms,95%): 15.00 err/s: 0.00 reconn/s: 0.00
[ 40s ] thds: 128 tps: 12922.58 qps: 258439.45 (r/w/o: 180906.05/51688.23/25845.16) lat (ms,95%): 15.00 err/s: 0.00 reconn/s: 0.00
[ 50s ] thds: 128 tps: 12827.50 qps: 256545.88 (r/w/o: 179583.38/51307.60/25654.90) lat (ms,95%): 15.00 err/s: 0.00 reconn/s: 0.00
[ 60s ] thds: 128 tps: 13532.69 qps: 270671.98 (r/w/o: 189470.65/54135.76/27065.58) lat (ms,95%): 15.00 err/s: 0.00 reconn/s: 0.00
[ 70s ] thds: 128 tps: 13180.23 qps: 263589.63 (r/w/o: 184511.74/52717.63/26360.26) lat (ms,95%): 14.73 err/s: 0.00 reconn/s: 0.00
[ 80s ] thds: 128 tps: 13269.18 qps: 265387.32 (r/w/o: 185771.13/53077.92/26538.26) lat (ms,95%): 14.73 err/s: 0.00 reconn/s: 0.00
[ 90s ] thds: 128 tps: 13399.57 qps: 267987.78 (r/w/o: 187590.64/53597.90/26799.25) lat (ms,95%): 14.73 err/s: 0.00 reconn/s: 0.00
[ 100s ] thds: 128 tps: 13855.40 qps: 277124.46 (r/w/o: 193991.54/55421.91/27711.01) lat (ms,95%): 14.73 err/s: 0.00 reconn/s: 0.00
[ 110s ] thds: 128 tps: 12793.02 qps: 255850.96 (r/w/o: 179093.92/51170.89/25586.15) lat (ms,95%): 15.00 err/s: 0.00 reconn/s: 0.00
[ 120s ] thds: 128 tps: 13542.08 qps: 270840.26 (r/w/o: 189588.66/54167.93/27083.67) lat (ms,95%): 14.73 err/s: 0.00 reconn/s: 0.00
[ 130s ] thds: 128 tps: 13284.00 qps: 265673.40 (r/w/o: 185969.70/53135.70/26568.00) lat (ms,95%): 14.73 err/s: 0.00 reconn/s: 0.00
[ 140s ] thds: 128 tps: 13329.53 qps: 266602.42 (r/w/o: 186623.36/53319.70/26659.35) lat (ms,95%): 15.00 err/s: 0.00 reconn/s: 0.00
[ 150s ] thds: 128 tps: 12970.18 qps: 259392.44 (r/w/o: 181571.08/51881.31/25940.05) lat (ms,95%): 15.00 err/s: 0.00 reconn/s: 0.00
[ 160s ] thds: 128 tps: 13693.72 qps: 273878.31 (r/w/o: 191717.52/54773.06/27387.73) lat (ms,95%): 14.73 err/s: 0.00 reconn/s: 0.00
[ 170s ] thds: 128 tps: 13506.08 qps: 270134.40 (r/w/o: 189095.75/54026.50/27012.15) lat (ms,95%): 14.46 err/s: 0.00 reconn/s: 0.00
[ 180s ] thds: 128 tps: 13438.10 qps: 268753.90 (r/w/o: 188125.50/53752.70/26875.70) lat (ms,95%): 14.73 err/s: 0.00 reconn/s: 0.00
[ 190s ] thds: 128 tps: 13572.22 qps: 271424.65 (r/w/o: 189994.65/54285.27/27144.74) lat (ms,95%): 14.73 err/s: 0.00 reconn/s: 0.00
[ 200s ] thds: 128 tps: 13910.39 qps: 278239.03 (r/w/o: 194774.18/55643.67/27821.18) lat (ms,95%): 14.46 err/s: 0.00 reconn/s: 0.00
[ 210s ] thds: 128 tps: 12970.81 qps: 259396.47 (r/w/o: 181572.09/51882.85/25941.53) lat (ms,95%): 14.73 err/s: 0.00 reconn/s: 0.00
[ 220s ] thds: 128 tps: 13529.98 qps: 270609.85 (r/w/o: 189429.38/54120.01/27060.45) lat (ms,95%): 14.73 err/s: 0.00 reconn/s: 0.00
[ 230s ] thds: 128 tps: 13107.84 qps: 262149.52 (r/w/o: 183503.40/52431.24/26214.87) lat (ms,95%): 14.73 err/s: 0.00 reconn/s: 0.00
[ 240s ] thds: 128 tps: 13834.66 qps: 276694.63 (r/w/o: 193686.06/55338.85/27669.72) lat (ms,95%): 14.46 err/s: 0.00 reconn/s: 0.00
[ 250s ] thds: 128 tps: 13411.21 qps: 268227.34 (r/w/o: 187760.89/53644.23/26822.21) lat (ms,95%): 14.73 err/s: 0.00 reconn/s: 0.00
[ 260s ] thds: 128 tps: 13627.61 qps: 272555.73 (r/w/o: 190788.86/54511.55/27255.32) lat (ms,95%): 14.73 err/s: 0.00 reconn/s: 0.00
[ 270s ] thds: 128 tps: 13610.32 qps: 272202.79 (r/w/o: 190539.44/54442.60/27220.75) lat (ms,95%): 14.46 err/s: 0.00 reconn/s: 0.00
[ 280s ] thds: 128 tps: 13816.87 qps: 276325.73 (r/w/o: 193427.20/55265.09/27633.44) lat (ms,95%): 14.21 err/s: 0.00 reconn/s: 0.00
[ 290s ] thds: 128 tps: 13598.70 qps: 271977.78 (r/w/o: 190384.48/54395.40/27197.90) lat (ms,95%): 14.46 err/s: 0.00 reconn/s: 0.00
[ 300s ] thds: 128 tps: 13780.32 qps: 275594.69 (r/w/o: 192916.14/55118.90/27559.65) lat (ms,95%): 14.46 err/s: 0.00 reconn/s: 0.00
[ 310s ] thds: 128 tps: 13177.18 qps: 263551.38 (r/w/o: 184487.80/52708.52/26355.06) lat (ms,95%): 14.73 err/s: 0.00 reconn/s: 0.00
[ 320s ] thds: 128 tps: 13423.20 qps: 268475.16 (r/w/o: 187933.77/53695.09/26846.30) lat (ms,95%): 14.46 err/s: 0.00 reconn/s: 0.00
[ 330s ] thds: 128 tps: 13158.80 qps: 263174.11 (r/w/o: 184221.84/52634.78/26317.49) lat (ms,95%): 14.73 err/s: 0.00 reconn/s: 0.00
[ 340s ] thds: 128 tps: 13780.01 qps: 275601.28 (r/w/o: 192919.73/55121.24/27560.32) lat (ms,95%): 14.46 err/s: 0.00 reconn/s: 0.00
[ 350s ] thds: 128 tps: 13177.09 qps: 263532.19 (r/w/o: 184472.75/52705.96/26353.48) lat (ms,95%): 14.73 err/s: 0.00 reconn/s: 0.00
[ 360s ] thds: 128 tps: 13656.80 qps: 273141.13 (r/w/o: 191199.05/54628.09/27313.99) lat (ms,95%): 14.46 err/s: 0.00 reconn/s: 0.00
[ 370s ] thds: 128 tps: 13810.32 qps: 276217.30 (r/w/o: 193353.15/55243.10/27621.05) lat (ms,95%): 14.46 err/s: 0.00 reconn/s: 0.00
[ 380s ] thds: 128 tps: 14076.16 qps: 281508.52 (r/w/o: 197053.15/56303.64/28151.72) lat (ms,95%): 14.21 err/s: 0.00 reconn/s: 0.00
[ 390s ] thds: 128 tps: 13105.54 qps: 262122.39 (r/w/o: 183488.22/52422.78/26211.39) lat (ms,95%): 14.73 err/s: 0.00 reconn/s: 0.00
[ 400s ] thds: 128 tps: 13812.88 qps: 276252.76 (r/w/o: 193374.76/55252.53/27625.47) lat (ms,95%): 14.46 err/s: 0.00 reconn/s: 0.00
SQL statistics:
    queries performed:
        read:                            75109384
        write:                           21459822
        other:                           10729914
        total:                           107299120
    transactions:                        5364956 (13409.03 per sec.)
    queries:                             107299120 (268180.51 per sec.)
    ignored errors:                      0      (0.00 per sec.)
    reconnects:                          0      (0.00 per sec.)

General statistics:
    total time:                          400.0994s
    total number of events:              5364956

Latency (ms):
         min:                                    5.15
         avg:                                    9.54
         max:                                  129.19
         95th percentile:                       14.73
         sum:                             51196680.28

Threads fairness:
    events (avg/stddev):           41913.7188/1392.46
    execution time (avg/stddev):   399.9741/0.01

