sysbench 1.0.20-ebf1c90 (using bundled LuaJIT 2.1.0-beta2)

Running the test with following options:
Number of threads: 64
Report intermediate results every 10 second(s)
Initializing random number generator from current time


Initializing worker threads...

Threads started!

[ 10s ] thds: 64 tps: 5076.15 qps: 101587.35 (r/w/o: 71122.17/20306.69/10158.50) lat (ms,95%): 15.83 err/s: 0.00 reconn/s: 0.00
[ 20s ] thds: 64 tps: 5035.51 qps: 100704.83 (r/w/o: 70491.59/20142.43/10070.81) lat (ms,95%): 15.83 err/s: 0.00 reconn/s: 0.00
[ 30s ] thds: 64 tps: 5285.70 qps: 105722.31 (r/w/o: 74006.61/21144.20/10571.50) lat (ms,95%): 15.55 err/s: 0.00 reconn/s: 0.00
[ 40s ] thds: 64 tps: 5339.50 qps: 106778.98 (r/w/o: 74744.49/21355.60/10678.90) lat (ms,95%): 15.55 err/s: 0.00 reconn/s: 0.00
[ 50s ] thds: 64 tps: 5491.60 qps: 109838.56 (r/w/o: 76888.24/21967.01/10983.31) lat (ms,95%): 15.27 err/s: 0.00 reconn/s: 0.00
[ 60s ] thds: 64 tps: 5402.39 qps: 108045.18 (r/w/o: 75628.32/21612.38/10804.49) lat (ms,95%): 15.27 err/s: 0.00 reconn/s: 0.00
[ 70s ] thds: 64 tps: 5545.11 qps: 110912.96 (r/w/o: 77643.01/22179.53/11090.42) lat (ms,95%): 15.27 err/s: 0.00 reconn/s: 0.00
[ 80s ] thds: 64 tps: 5578.20 qps: 111561.77 (r/w/o: 78092.38/22312.99/11156.40) lat (ms,95%): 15.27 err/s: 0.00 reconn/s: 0.00
[ 90s ] thds: 64 tps: 5674.90 qps: 113496.01 (r/w/o: 79447.24/22698.88/11349.89) lat (ms,95%): 15.27 err/s: 0.00 reconn/s: 0.00
[ 100s ] thds: 64 tps: 5591.50 qps: 111829.28 (r/w/o: 78280.66/22365.52/11183.11) lat (ms,95%): 15.27 err/s: 0.00 reconn/s: 0.00
[ 110s ] thds: 64 tps: 5824.60 qps: 116489.42 (r/w/o: 81541.11/23299.10/11649.20) lat (ms,95%): 15.00 err/s: 0.00 reconn/s: 0.00
[ 120s ] thds: 64 tps: 5611.00 qps: 112213.48 (r/w/o: 78548.68/22443.20/11221.60) lat (ms,95%): 15.27 err/s: 0.00 reconn/s: 0.00
[ 130s ] thds: 64 tps: 5716.79 qps: 114342.06 (r/w/o: 80041.10/22866.97/11433.99) lat (ms,95%): 15.27 err/s: 0.00 reconn/s: 0.00
[ 140s ] thds: 64 tps: 5631.50 qps: 112633.23 (r/w/o: 78844.02/22526.31/11262.90) lat (ms,95%): 15.27 err/s: 0.00 reconn/s: 0.00
[ 150s ] thds: 64 tps: 5833.11 qps: 116663.16 (r/w/o: 81663.21/23333.93/11666.02) lat (ms,95%): 15.27 err/s: 0.00 reconn/s: 0.00
[ 160s ] thds: 64 tps: 5640.39 qps: 112803.37 (r/w/o: 78961.41/22561.17/11280.79) lat (ms,95%): 15.27 err/s: 0.00 reconn/s: 0.00
[ 170s ] thds: 64 tps: 5863.00 qps: 117266.15 (r/w/o: 82086.86/23452.79/11726.49) lat (ms,95%): 15.00 err/s: 0.00 reconn/s: 0.00
[ 180s ] thds: 64 tps: 5860.30 qps: 117195.76 (r/w/o: 82036.84/23438.81/11720.11) lat (ms,95%): 15.00 err/s: 0.00 reconn/s: 0.00
[ 190s ] thds: 64 tps: 5851.20 qps: 117021.60 (r/w/o: 81914.50/23404.60/11702.50) lat (ms,95%): 15.00 err/s: 0.00 reconn/s: 0.00
[ 200s ] thds: 64 tps: 5720.60 qps: 114417.38 (r/w/o: 80094.35/22881.62/11441.41) lat (ms,95%): 15.27 err/s: 0.00 reconn/s: 0.00
[ 210s ] thds: 64 tps: 5856.80 qps: 117130.53 (r/w/o: 81989.15/23428.29/11713.09) lat (ms,95%): 15.27 err/s: 0.00 reconn/s: 0.00
[ 220s ] thds: 64 tps: 5758.80 qps: 115183.72 (r/w/o: 80629.91/23035.90/11517.90) lat (ms,95%): 15.00 err/s: 0.00 reconn/s: 0.00
[ 230s ] thds: 64 tps: 5833.20 qps: 116664.28 (r/w/o: 81665.08/23332.70/11666.50) lat (ms,95%): 15.00 err/s: 0.00 reconn/s: 0.00
[ 240s ] thds: 64 tps: 5724.91 qps: 114495.33 (r/w/o: 80147.09/22898.13/11450.11) lat (ms,95%): 15.27 err/s: 0.00 reconn/s: 0.00
[ 250s ] thds: 64 tps: 5900.20 qps: 118001.16 (r/w/o: 82598.67/23602.09/11800.40) lat (ms,95%): 15.00 err/s: 0.00 reconn/s: 0.00
[ 260s ] thds: 64 tps: 5806.90 qps: 116139.23 (r/w/o: 81299.05/23226.79/11613.39) lat (ms,95%): 15.00 err/s: 0.00 reconn/s: 0.00
[ 270s ] thds: 64 tps: 5932.20 qps: 118650.20 (r/w/o: 83054.70/23731.10/11864.40) lat (ms,95%): 15.00 err/s: 0.00 reconn/s: 0.00
[ 280s ] thds: 64 tps: 5799.60 qps: 115981.68 (r/w/o: 81187.19/23195.20/11599.30) lat (ms,95%): 15.00 err/s: 0.00 reconn/s: 0.00
[ 290s ] thds: 64 tps: 5911.79 qps: 118246.68 (r/w/o: 82775.02/23647.98/11823.69) lat (ms,95%): 15.00 err/s: 0.00 reconn/s: 0.00
[ 300s ] thds: 64 tps: 5761.71 qps: 115221.64 (r/w/o: 80652.00/23046.33/11523.31) lat (ms,95%): 15.00 err/s: 0.00 reconn/s: 0.00
[ 310s ] thds: 64 tps: 6141.09 qps: 122827.96 (r/w/o: 85980.20/24565.77/12281.99) lat (ms,95%): 15.00 err/s: 0.00 reconn/s: 0.00
[ 320s ] thds: 64 tps: 5720.91 qps: 114421.54 (r/w/o: 80095.40/22884.13/11442.01) lat (ms,95%): 15.27 err/s: 0.00 reconn/s: 0.00
[ 330s ] thds: 64 tps: 5901.40 qps: 118031.39 (r/w/o: 82621.96/23606.52/11802.91) lat (ms,95%): 15.00 err/s: 0.00 reconn/s: 0.00
[ 340s ] thds: 64 tps: 5795.89 qps: 115902.57 (r/w/o: 81128.51/23182.37/11591.69) lat (ms,95%): 15.27 err/s: 0.00 reconn/s: 0.00
[ 350s ] thds: 64 tps: 5886.90 qps: 117751.66 (r/w/o: 82429.24/23548.41/11774.01) lat (ms,95%): 15.00 err/s: 0.00 reconn/s: 0.00
[ 360s ] thds: 64 tps: 5805.30 qps: 116100.43 (r/w/o: 81270.05/23219.89/11610.49) lat (ms,95%): 15.00 err/s: 0.00 reconn/s: 0.00
[ 370s ] thds: 64 tps: 5880.81 qps: 117621.01 (r/w/o: 82334.78/23524.62/11761.61) lat (ms,95%): 15.00 err/s: 0.00 reconn/s: 0.00
[ 380s ] thds: 64 tps: 5797.30 qps: 115941.05 (r/w/o: 81159.03/23187.51/11594.50) lat (ms,95%): 15.00 err/s: 0.00 reconn/s: 0.00
[ 390s ] thds: 64 tps: 5906.59 qps: 118132.93 (r/w/o: 82692.28/23627.47/11813.18) lat (ms,95%): 15.00 err/s: 0.00 reconn/s: 0.00
[ 400s ] thds: 64 tps: 5737.70 qps: 114756.21 (r/w/o: 80332.11/22948.50/11475.60) lat (ms,95%): 15.27 err/s: 0.00 reconn/s: 0.00
SQL statistics:
    queries performed:
        read:                            31981600
        write:                           9137600
        other:                           4568800
        total:                           45688000
    transactions:                        2284400 (5710.49 per sec.)
    queries:                             45688000 (114209.84 per sec.)
    ignored errors:                      0      (0.00 per sec.)
    reconnects:                          0      (0.00 per sec.)

General statistics:
    total time:                          400.0346s
    total number of events:              2284400

Latency (ms):
         min:                                    4.86
         avg:                                   11.21
         max:                                  133.31
         95th percentile:                       15.27
         sum:                             25598827.18

Threads fairness:
    events (avg/stddev):           35693.7500/881.73
    execution time (avg/stddev):   399.9817/0.00

