sysbench 1.0.20-ebf1c90 (using bundled LuaJIT 2.1.0-beta2)

Running the test with following options:
Number of threads: 64
Report intermediate results every 10 second(s)
Initializing random number generator from current time


Initializing worker threads...

Threads started!

[ 10s ] thds: 64 tps: 4742.12 qps: 94904.98 (r/w/o: 66444.23/18970.20/9490.55) lat (ms,95%): 16.41 err/s: 0.00 reconn/s: 0.00
[ 20s ] thds: 64 tps: 5145.61 qps: 102914.21 (r/w/o: 72039.48/20583.62/10291.11) lat (ms,95%): 15.83 err/s: 0.00 reconn/s: 0.00
[ 30s ] thds: 64 tps: 5067.51 qps: 101350.52 (r/w/o: 70944.99/20270.42/10135.11) lat (ms,95%): 15.83 err/s: 0.00 reconn/s: 0.00
[ 40s ] thds: 64 tps: 5345.60 qps: 106911.40 (r/w/o: 74837.43/21382.78/10691.19) lat (ms,95%): 15.55 err/s: 0.00 reconn/s: 0.00
[ 50s ] thds: 64 tps: 5338.40 qps: 106762.92 (r/w/o: 74734.85/21351.48/10676.59) lat (ms,95%): 15.55 err/s: 0.00 reconn/s: 0.00
[ 60s ] thds: 64 tps: 5476.90 qps: 109540.58 (r/w/o: 76677.36/21909.52/10953.71) lat (ms,95%): 15.55 err/s: 0.00 reconn/s: 0.00
[ 70s ] thds: 64 tps: 5345.60 qps: 106916.12 (r/w/o: 74841.51/21383.10/10691.50) lat (ms,95%): 15.83 err/s: 0.00 reconn/s: 0.00
[ 80s ] thds: 64 tps: 5571.60 qps: 111428.68 (r/w/o: 78000.75/22284.82/11143.11) lat (ms,95%): 15.55 err/s: 0.00 reconn/s: 0.00
[ 90s ] thds: 64 tps: 5476.70 qps: 109527.87 (r/w/o: 76667.68/21906.79/10953.40) lat (ms,95%): 15.55 err/s: 0.00 reconn/s: 0.00
[ 100s ] thds: 64 tps: 5710.50 qps: 114216.20 (r/w/o: 79952.70/22842.60/11420.90) lat (ms,95%): 15.55 err/s: 0.00 reconn/s: 0.00
[ 110s ] thds: 64 tps: 5493.77 qps: 109877.97 (r/w/o: 76915.06/21975.37/10987.54) lat (ms,95%): 15.55 err/s: 0.00 reconn/s: 0.00
[ 120s ] thds: 64 tps: 5757.94 qps: 115151.34 (r/w/o: 80605.62/23029.75/11515.97) lat (ms,95%): 15.27 err/s: 0.00 reconn/s: 0.00
[ 130s ] thds: 64 tps: 5461.30 qps: 109240.83 (r/w/o: 76470.22/21847.81/10922.80) lat (ms,95%): 15.55 err/s: 0.00 reconn/s: 0.00
[ 140s ] thds: 64 tps: 5727.39 qps: 114542.22 (r/w/o: 80178.38/22909.16/11454.68) lat (ms,95%): 15.55 err/s: 0.00 reconn/s: 0.00
[ 150s ] thds: 64 tps: 5693.81 qps: 113860.34 (r/w/o: 79698.50/22774.43/11387.41) lat (ms,95%): 15.27 err/s: 0.00 reconn/s: 0.00
[ 160s ] thds: 64 tps: 5839.30 qps: 116793.24 (r/w/o: 81758.06/23357.19/11677.99) lat (ms,95%): 15.27 err/s: 0.00 reconn/s: 0.00
[ 170s ] thds: 64 tps: 5529.50 qps: 110600.71 (r/w/o: 77421.71/22119.30/11059.70) lat (ms,95%): 15.55 err/s: 0.00 reconn/s: 0.00
[ 180s ] thds: 64 tps: 5960.90 qps: 119208.67 (r/w/o: 83444.68/23842.39/11921.60) lat (ms,95%): 15.27 err/s: 0.00 reconn/s: 0.00
[ 190s ] thds: 64 tps: 5759.30 qps: 115190.77 (r/w/o: 80634.18/23037.89/11518.70) lat (ms,95%): 15.27 err/s: 0.00 reconn/s: 0.00
[ 200s ] thds: 64 tps: 5799.71 qps: 115990.22 (r/w/o: 81193.78/23197.02/11599.41) lat (ms,95%): 15.27 err/s: 0.00 reconn/s: 0.00
[ 210s ] thds: 64 tps: 5632.99 qps: 112665.42 (r/w/o: 78866.38/22532.86/11266.18) lat (ms,95%): 15.55 err/s: 0.00 reconn/s: 0.00
[ 220s ] thds: 64 tps: 5896.31 qps: 117918.02 (r/w/o: 82540.45/23585.14/11792.42) lat (ms,95%): 15.55 err/s: 0.00 reconn/s: 0.00
[ 230s ] thds: 64 tps: 5666.60 qps: 113338.97 (r/w/o: 79339.98/22665.79/11333.20) lat (ms,95%): 15.55 err/s: 0.00 reconn/s: 0.00
[ 240s ] thds: 64 tps: 5947.79 qps: 118953.21 (r/w/o: 83265.47/23792.36/11895.38) lat (ms,95%): 15.27 err/s: 0.00 reconn/s: 0.00
[ 250s ] thds: 64 tps: 5630.70 qps: 112622.80 (r/w/o: 78837.87/22523.12/11261.81) lat (ms,95%): 15.55 err/s: 0.00 reconn/s: 0.00
[ 260s ] thds: 64 tps: 5884.10 qps: 117670.40 (r/w/o: 82368.20/23534.10/11768.10) lat (ms,95%): 15.55 err/s: 0.00 reconn/s: 0.00
[ 270s ] thds: 64 tps: 5639.21 qps: 112793.22 (r/w/o: 78954.89/22559.72/11278.61) lat (ms,95%): 15.55 err/s: 0.00 reconn/s: 0.00
[ 280s ] thds: 64 tps: 6014.88 qps: 120289.08 (r/w/o: 84201.88/24057.94/12029.27) lat (ms,95%): 15.27 err/s: 0.00 reconn/s: 0.00
[ 290s ] thds: 64 tps: 5781.11 qps: 115627.34 (r/w/o: 80938.70/23126.33/11562.31) lat (ms,95%): 15.27 err/s: 0.00 reconn/s: 0.00
[ 300s ] thds: 64 tps: 5883.20 qps: 117662.25 (r/w/o: 82362.53/23533.51/11766.20) lat (ms,95%): 15.27 err/s: 0.00 reconn/s: 0.00
[ 310s ] thds: 64 tps: 5671.79 qps: 113443.45 (r/w/o: 79414.62/22684.95/11343.87) lat (ms,95%): 15.55 err/s: 0.00 reconn/s: 0.00
[ 320s ] thds: 64 tps: 5893.60 qps: 117864.29 (r/w/o: 82503.47/23573.62/11787.21) lat (ms,95%): 15.27 err/s: 0.00 reconn/s: 0.00
[ 330s ] thds: 64 tps: 5709.81 qps: 114199.09 (r/w/o: 79938.43/22840.84/11419.82) lat (ms,95%): 15.27 err/s: 0.00 reconn/s: 0.00
[ 340s ] thds: 64 tps: 5835.69 qps: 116711.69 (r/w/o: 81697.92/23342.58/11671.19) lat (ms,95%): 15.27 err/s: 0.00 reconn/s: 0.00
[ 350s ] thds: 64 tps: 5647.60 qps: 112946.02 (r/w/o: 79060.45/22590.48/11295.09) lat (ms,95%): 15.55 err/s: 0.00 reconn/s: 0.00
[ 360s ] thds: 64 tps: 5980.80 qps: 119623.01 (r/w/o: 83737.61/23924.10/11961.30) lat (ms,95%): 15.27 err/s: 0.00 reconn/s: 0.00
[ 370s ] thds: 64 tps: 5715.70 qps: 114317.02 (r/w/o: 80022.92/22862.40/11431.70) lat (ms,95%): 15.27 err/s: 0.00 reconn/s: 0.00
[ 380s ] thds: 64 tps: 5954.80 qps: 119097.40 (r/w/o: 83368.70/23819.10/11909.60) lat (ms,95%): 15.27 err/s: 0.00 reconn/s: 0.00
[ 390s ] thds: 64 tps: 5704.00 qps: 114076.65 (r/w/o: 79853.14/22815.21/11408.31) lat (ms,95%): 15.27 err/s: 0.00 reconn/s: 0.00
[ 400s ] thds: 64 tps: 5945.60 qps: 118905.86 (r/w/o: 83233.27/23781.59/11891.00) lat (ms,95%): 15.27 err/s: 0.00 reconn/s: 0.00
SQL statistics:
    queries performed:
        read:                            31680124
        write:                           9051464
        other:                           4525732
        total:                           45257320
    transactions:                        2262866 (5656.64 per sec.)
    queries:                             45257320 (113132.80 per sec.)
    ignored errors:                      0      (0.00 per sec.)
    reconnects:                          0      (0.00 per sec.)

General statistics:
    total time:                          400.0362s
    total number of events:              2262866

Latency (ms):
         min:                                    4.97
         avg:                                   11.31
         max:                                  134.82
         95th percentile:                       15.55
         sum:                             25598911.08

Threads fairness:
    events (avg/stddev):           35357.2812/896.41
    execution time (avg/stddev):   399.9830/0.00

