sysbench 1.0.20-ebf1c90 (using bundled LuaJIT 2.1.0-beta2)

Running the test with following options:
Number of threads: 128
Report intermediate results every 10 second(s)
Initializing random number generator from current time


Initializing worker threads...

Threads started!

[ 10s ] thds: 128 tps: 12682.23 qps: 253771.50 (r/w/o: 177659.85/50734.90/25376.75) lat (ms,95%): 15.55 err/s: 0.00 reconn/s: 0.00
[ 20s ] thds: 128 tps: 12932.71 qps: 258657.88 (r/w/o: 181061.33/51731.14/25865.42) lat (ms,95%): 15.27 err/s: 0.00 reconn/s: 0.00
[ 30s ] thds: 128 tps: 12985.11 qps: 259690.22 (r/w/o: 181781.26/51938.54/25970.42) lat (ms,95%): 15.27 err/s: 0.00 reconn/s: 0.00
[ 40s ] thds: 128 tps: 12717.08 qps: 254346.88 (r/w/o: 178042.97/50870.24/25433.67) lat (ms,95%): 15.27 err/s: 0.00 reconn/s: 0.00
[ 50s ] thds: 128 tps: 12792.72 qps: 255858.86 (r/w/o: 179103.73/51169.29/25585.85) lat (ms,95%): 15.27 err/s: 0.00 reconn/s: 0.00
[ 60s ] thds: 128 tps: 13086.57 qps: 261712.10 (r/w/o: 183192.58/52346.68/26172.84) lat (ms,95%): 15.27 err/s: 0.00 reconn/s: 0.00
[ 70s ] thds: 128 tps: 13129.83 qps: 262623.46 (r/w/o: 183841.79/52521.71/26259.96) lat (ms,95%): 15.27 err/s: 0.00 reconn/s: 0.00
[ 80s ] thds: 128 tps: 12747.79 qps: 254948.33 (r/w/o: 178460.91/50991.75/25495.67) lat (ms,95%): 15.27 err/s: 0.00 reconn/s: 0.00
[ 90s ] thds: 128 tps: 13520.88 qps: 270415.56 (r/w/o: 189291.66/54082.23/27041.67) lat (ms,95%): 15.00 err/s: 0.00 reconn/s: 0.00
[ 100s ] thds: 128 tps: 13466.70 qps: 269336.69 (r/w/o: 188538.20/53865.10/26933.40) lat (ms,95%): 15.00 err/s: 0.00 reconn/s: 0.00
[ 110s ] thds: 128 tps: 12642.74 qps: 252846.28 (r/w/o: 176990.84/50569.96/25285.48) lat (ms,95%): 15.27 err/s: 0.00 reconn/s: 0.00
[ 120s ] thds: 128 tps: 13067.56 qps: 261355.55 (r/w/o: 182949.08/52271.45/26135.03) lat (ms,95%): 15.27 err/s: 0.00 reconn/s: 0.00
[ 130s ] thds: 128 tps: 13049.73 qps: 260984.12 (r/w/o: 182685.36/52199.70/26099.05) lat (ms,95%): 15.27 err/s: 0.00 reconn/s: 0.00
[ 140s ] thds: 128 tps: 13333.50 qps: 266685.90 (r/w/o: 186683.83/53334.98/26667.09) lat (ms,95%): 15.00 err/s: 0.00 reconn/s: 0.00
[ 150s ] thds: 128 tps: 12804.51 qps: 256079.32 (r/w/o: 179254.38/51215.42/25609.51) lat (ms,95%): 15.27 err/s: 0.00 reconn/s: 0.00
[ 160s ] thds: 128 tps: 13216.39 qps: 264335.38 (r/w/o: 185035.32/52867.28/26432.79) lat (ms,95%): 15.27 err/s: 0.00 reconn/s: 0.00
[ 170s ] thds: 128 tps: 13155.62 qps: 263104.61 (r/w/o: 184172.32/52621.26/26311.03) lat (ms,95%): 15.00 err/s: 0.00 reconn/s: 0.00
[ 180s ] thds: 128 tps: 13311.55 qps: 266233.46 (r/w/o: 186364.24/53246.31/26622.91) lat (ms,95%): 15.27 err/s: 0.00 reconn/s: 0.00
[ 190s ] thds: 128 tps: 13505.74 qps: 270112.39 (r/w/o: 189077.66/54023.06/27011.68) lat (ms,95%): 15.00 err/s: 0.00 reconn/s: 0.00
[ 200s ] thds: 128 tps: 13294.18 qps: 265886.89 (r/w/o: 186122.11/53176.12/26588.66) lat (ms,95%): 15.27 err/s: 0.00 reconn/s: 0.00
[ 210s ] thds: 128 tps: 12962.50 qps: 259248.63 (r/w/o: 181473.85/51849.79/25924.99) lat (ms,95%): 15.27 err/s: 0.10 reconn/s: 0.00
[ 220s ] thds: 128 tps: 12954.00 qps: 259091.13 (r/w/o: 181363.72/51819.51/25907.90) lat (ms,95%): 15.27 err/s: 0.00 reconn/s: 0.00
[ 230s ] thds: 128 tps: 13142.63 qps: 262846.06 (r/w/o: 183992.09/52568.61/26285.36) lat (ms,95%): 15.27 err/s: 0.00 reconn/s: 0.00
[ 240s ] thds: 128 tps: 13303.99 qps: 266086.34 (r/w/o: 186260.79/53217.57/26607.98) lat (ms,95%): 15.00 err/s: 0.00 reconn/s: 0.00
[ 250s ] thds: 128 tps: 12891.48 qps: 257818.80 (r/w/o: 180472.19/51563.94/25782.67) lat (ms,95%): 15.27 err/s: 0.00 reconn/s: 0.00
[ 260s ] thds: 128 tps: 13251.69 qps: 265022.87 (r/w/o: 185513.24/53006.15/26503.48) lat (ms,95%): 15.00 err/s: 0.00 reconn/s: 0.00
[ 270s ] thds: 128 tps: 13633.02 qps: 272661.12 (r/w/o: 190863.89/54531.18/27266.04) lat (ms,95%): 14.73 err/s: 0.00 reconn/s: 0.00
[ 280s ] thds: 128 tps: 13810.57 qps: 276221.59 (r/w/o: 193355.87/55243.98/27621.74) lat (ms,95%): 14.73 err/s: 0.00 reconn/s: 0.00
[ 290s ] thds: 128 tps: 13046.83 qps: 260953.50 (r/w/o: 182670.99/52189.24/26093.27) lat (ms,95%): 15.27 err/s: 0.00 reconn/s: 0.00
[ 300s ] thds: 128 tps: 13297.67 qps: 265949.77 (r/w/o: 186163.53/53190.89/26595.35) lat (ms,95%): 15.00 err/s: 0.00 reconn/s: 0.00
[ 310s ] thds: 128 tps: 13218.82 qps: 264364.12 (r/w/o: 185052.23/52874.46/26437.43) lat (ms,95%): 15.00 err/s: 0.00 reconn/s: 0.00
[ 320s ] thds: 128 tps: 13036.89 qps: 260734.01 (r/w/o: 182514.37/52145.66/26073.98) lat (ms,95%): 15.00 err/s: 0.00 reconn/s: 0.00
[ 330s ] thds: 128 tps: 12979.70 qps: 259600.39 (r/w/o: 181722.19/51919.20/25959.00) lat (ms,95%): 15.27 err/s: 0.00 reconn/s: 0.00
[ 340s ] thds: 128 tps: 13391.00 qps: 267819.50 (r/w/o: 187473.00/53563.80/26782.70) lat (ms,95%): 15.00 err/s: 0.00 reconn/s: 0.00
[ 350s ] thds: 128 tps: 13197.23 qps: 263956.74 (r/w/o: 184771.77/52790.61/26394.35) lat (ms,95%): 15.00 err/s: 0.00 reconn/s: 0.00
[ 360s ] thds: 128 tps: 12967.86 qps: 259343.06 (r/w/o: 181537.48/51870.05/25935.53) lat (ms,95%): 15.27 err/s: 0.00 reconn/s: 0.00
[ 370s ] thds: 128 tps: 13755.23 qps: 275109.83 (r/w/o: 192577.07/55022.51/27510.25) lat (ms,95%): 14.73 err/s: 0.00 reconn/s: 0.00
[ 380s ] thds: 128 tps: 13720.07 qps: 274389.39 (r/w/o: 192071.75/54877.70/27439.95) lat (ms,95%): 14.73 err/s: 0.00 reconn/s: 0.00
[ 390s ] thds: 128 tps: 12981.01 qps: 259633.45 (r/w/o: 181746.28/51924.75/25962.42) lat (ms,95%): 15.27 err/s: 0.00 reconn/s: 0.00
[ 400s ] thds: 128 tps: 13366.30 qps: 267339.13 (r/w/o: 187140.92/53465.61/26732.60) lat (ms,95%): 15.00 err/s: 0.00 reconn/s: 0.00
SQL statistics:
    queries performed:
        read:                            73691198
        write:                           21054625
        other:                           10527315
        total:                           105273138
    transactions:                        5263656 (13156.61 per sec.)
    queries:                             105273138 (263132.33 per sec.)
    ignored errors:                      1      (0.00 per sec.)
    reconnects:                          0      (0.00 per sec.)

General statistics:
    total time:                          400.0758s
    total number of events:              5263656

Latency (ms):
         min:                                    5.23
         avg:                                    9.73
         max:                                  128.99
         95th percentile:                       15.27
         sum:                             51196680.98

Threads fairness:
    events (avg/stddev):           41122.3125/1704.72
    execution time (avg/stddev):   399.9741/0.01

