sysbench 1.0.20-ebf1c90 (using bundled LuaJIT 2.1.0-beta2)

Running the test with following options:
Number of threads: 64
Report intermediate results every 10 second(s)
Initializing random number generator from current time


Initializing worker threads...

Threads started!

[ 10s ] thds: 64 tps: 4796.54 qps: 96000.24 (r/w/o: 67210.98/19189.97/9599.28) lat (ms,95%): 16.12 err/s: 0.00 reconn/s: 0.00
[ 20s ] thds: 64 tps: 5108.51 qps: 102163.27 (r/w/o: 71513.79/20432.55/10216.93) lat (ms,95%): 15.55 err/s: 0.00 reconn/s: 0.00
[ 30s ] thds: 64 tps: 5066.00 qps: 101325.02 (r/w/o: 70926.95/20265.98/10132.09) lat (ms,95%): 15.83 err/s: 0.00 reconn/s: 0.00
[ 40s ] thds: 64 tps: 5290.89 qps: 105819.24 (r/w/o: 74075.79/21161.47/10581.98) lat (ms,95%): 15.55 err/s: 0.00 reconn/s: 0.00
[ 50s ] thds: 64 tps: 5294.41 qps: 105892.10 (r/w/o: 74124.04/21179.54/10588.52) lat (ms,95%): 15.55 err/s: 0.00 reconn/s: 0.00
[ 60s ] thds: 64 tps: 5510.60 qps: 110206.36 (r/w/o: 77144.05/22041.01/11021.31) lat (ms,95%): 15.27 err/s: 0.00 reconn/s: 0.00
[ 70s ] thds: 64 tps: 5196.79 qps: 103930.87 (r/w/o: 72750.31/20786.97/10393.59) lat (ms,95%): 15.83 err/s: 0.00 reconn/s: 0.00
[ 80s ] thds: 64 tps: 5573.30 qps: 111459.76 (r/w/o: 78019.74/22293.91/11146.11) lat (ms,95%): 15.55 err/s: 0.00 reconn/s: 0.00
[ 90s ] thds: 64 tps: 5454.60 qps: 109089.13 (r/w/o: 76362.75/21816.99/10909.39) lat (ms,95%): 15.27 err/s: 0.00 reconn/s: 0.00
[ 100s ] thds: 64 tps: 5698.30 qps: 113979.87 (r/w/o: 79788.08/22795.09/11396.70) lat (ms,95%): 15.27 err/s: 0.00 reconn/s: 0.00
[ 110s ] thds: 64 tps: 5492.07 qps: 109840.25 (r/w/o: 76887.85/21968.07/10984.34) lat (ms,95%): 15.55 err/s: 0.00 reconn/s: 0.00
[ 120s ] thds: 64 tps: 5954.21 qps: 119090.99 (r/w/o: 83364.50/23818.26/11908.23) lat (ms,95%): 15.00 err/s: 0.00 reconn/s: 0.00
[ 130s ] thds: 64 tps: 5443.38 qps: 108863.05 (r/w/o: 76203.66/21772.43/10886.97) lat (ms,95%): 15.55 err/s: 0.00 reconn/s: 0.00
[ 140s ] thds: 64 tps: 5668.38 qps: 113362.36 (r/w/o: 79353.76/22671.83/11336.77) lat (ms,95%): 15.27 err/s: 0.00 reconn/s: 0.00
[ 150s ] thds: 64 tps: 5614.71 qps: 112301.77 (r/w/o: 78612.29/22459.85/11229.63) lat (ms,95%): 15.27 err/s: 0.00 reconn/s: 0.00
[ 160s ] thds: 64 tps: 5848.34 qps: 116963.99 (r/w/o: 81876.12/23391.18/11696.69) lat (ms,95%): 15.00 err/s: 0.00 reconn/s: 0.00
[ 170s ] thds: 64 tps: 5613.06 qps: 112260.90 (r/w/o: 78580.01/22455.06/11225.83) lat (ms,95%): 15.27 err/s: 0.00 reconn/s: 0.00
[ 180s ] thds: 64 tps: 5836.43 qps: 116721.93 (r/w/o: 81704.24/23345.13/11672.56) lat (ms,95%): 15.27 err/s: 0.00 reconn/s: 0.00
[ 190s ] thds: 64 tps: 5629.91 qps: 112604.43 (r/w/o: 78825.39/22518.73/11260.31) lat (ms,95%): 15.27 err/s: 0.00 reconn/s: 0.00
[ 200s ] thds: 64 tps: 5879.20 qps: 117580.86 (r/w/o: 82305.47/23517.19/11758.20) lat (ms,95%): 15.27 err/s: 0.00 reconn/s: 0.00
[ 210s ] thds: 64 tps: 5582.50 qps: 111654.90 (r/w/o: 78157.70/22331.90/11165.30) lat (ms,95%): 15.27 err/s: 0.00 reconn/s: 0.00
[ 220s ] thds: 64 tps: 5910.60 qps: 118212.35 (r/w/o: 82749.73/23641.61/11821.00) lat (ms,95%): 15.27 err/s: 0.00 reconn/s: 0.00
[ 230s ] thds: 64 tps: 5639.20 qps: 112776.84 (r/w/o: 78942.73/22556.01/11278.10) lat (ms,95%): 15.27 err/s: 0.00 reconn/s: 0.00
[ 240s ] thds: 64 tps: 5855.10 qps: 117101.85 (r/w/o: 81970.83/23420.61/11710.40) lat (ms,95%): 15.27 err/s: 0.00 reconn/s: 0.00
[ 250s ] thds: 64 tps: 5565.30 qps: 111298.23 (r/w/o: 77907.85/22259.79/11130.59) lat (ms,95%): 15.55 err/s: 0.00 reconn/s: 0.00
[ 260s ] thds: 64 tps: 5888.00 qps: 117772.19 (r/w/o: 82442.29/23554.20/11775.70) lat (ms,95%): 15.27 err/s: 0.00 reconn/s: 0.00
[ 270s ] thds: 64 tps: 5627.80 qps: 112555.07 (r/w/o: 78789.58/22509.89/11255.60) lat (ms,95%): 15.27 err/s: 0.00 reconn/s: 0.00
[ 280s ] thds: 64 tps: 5976.10 qps: 119523.38 (r/w/o: 83666.16/23904.62/11952.61) lat (ms,95%): 15.00 err/s: 0.00 reconn/s: 0.00
[ 290s ] thds: 64 tps: 5671.40 qps: 113421.17 (r/w/o: 79393.48/22684.99/11342.70) lat (ms,95%): 15.27 err/s: 0.00 reconn/s: 0.00
[ 300s ] thds: 64 tps: 5814.70 qps: 116304.98 (r/w/o: 81414.75/23260.82/11629.41) lat (ms,95%): 15.27 err/s: 0.00 reconn/s: 0.00
[ 310s ] thds: 64 tps: 5666.90 qps: 113330.64 (r/w/o: 79329.76/22667.39/11333.49) lat (ms,95%): 15.27 err/s: 0.00 reconn/s: 0.00
[ 320s ] thds: 64 tps: 5913.40 qps: 118269.32 (r/w/o: 82790.04/23652.08/11827.19) lat (ms,95%): 15.27 err/s: 0.00 reconn/s: 0.00
[ 330s ] thds: 64 tps: 5776.70 qps: 115534.03 (r/w/o: 80873.62/23107.61/11552.80) lat (ms,95%): 15.27 err/s: 0.00 reconn/s: 0.00
[ 340s ] thds: 64 tps: 5918.90 qps: 118375.06 (r/w/o: 82862.14/23674.71/11838.21) lat (ms,95%): 15.27 err/s: 0.00 reconn/s: 0.00
[ 350s ] thds: 64 tps: 5721.19 qps: 114422.68 (r/w/o: 80094.81/22885.48/11442.39) lat (ms,95%): 15.27 err/s: 0.00 reconn/s: 0.00
[ 360s ] thds: 64 tps: 5939.30 qps: 118798.58 (r/w/o: 83161.86/23757.72/11879.01) lat (ms,95%): 15.00 err/s: 0.00 reconn/s: 0.00
[ 370s ] thds: 64 tps: 5718.60 qps: 114363.56 (r/w/o: 80053.24/22873.61/11436.71) lat (ms,95%): 15.27 err/s: 0.00 reconn/s: 0.00
[ 380s ] thds: 64 tps: 5961.09 qps: 119215.19 (r/w/o: 83448.65/23843.96/11922.58) lat (ms,95%): 15.00 err/s: 0.00 reconn/s: 0.00
[ 390s ] thds: 64 tps: 5676.71 qps: 113539.63 (r/w/o: 79479.36/22706.85/11353.42) lat (ms,95%): 15.27 err/s: 0.00 reconn/s: 0.00
[ 400s ] thds: 64 tps: 5898.79 qps: 117971.95 (r/w/o: 82579.59/23594.67/11797.68) lat (ms,95%): 15.27 err/s: 0.00 reconn/s: 0.00
SQL statistics:
    queries performed:
        read:                            31597846
        write:                           9027956
        other:                           4513978
        total:                           45139780
    transactions:                        2256989 (5641.95 per sec.)
    queries:                             45139780 (112839.08 per sec.)
    ignored errors:                      0      (0.00 per sec.)
    reconnects:                          0      (0.00 per sec.)

General statistics:
    total time:                          400.0358s
    total number of events:              2256989

Latency (ms):
         min:                                    5.00
         avg:                                   11.34
         max:                                  132.91
         95th percentile:                       15.27
         sum:                             25598932.42

Threads fairness:
    events (avg/stddev):           35265.4531/893.82
    execution time (avg/stddev):   399.9833/0.00

