sysbench 1.0.20-ebf1c90 (using bundled LuaJIT 2.1.0-beta2)

Running the test with following options:
Number of threads: 64
Report intermediate results every 10 second(s)
Initializing random number generator from current time


Initializing worker threads...

Threads started!

[ 10s ] thds: 64 tps: 4979.75 qps: 99664.94 (r/w/o: 69777.06/19922.09/9965.79) lat (ms,95%): 15.55 err/s: 0.00 reconn/s: 0.00
[ 20s ] thds: 64 tps: 5127.62 qps: 102541.80 (r/w/o: 71776.41/20510.26/10255.13) lat (ms,95%): 15.55 err/s: 0.00 reconn/s: 0.00
[ 30s ] thds: 64 tps: 5482.50 qps: 109650.19 (r/w/o: 76755.66/21929.72/10964.81) lat (ms,95%): 15.27 err/s: 0.00 reconn/s: 0.00
[ 40s ] thds: 64 tps: 5323.49 qps: 106474.52 (r/w/o: 74532.57/21295.06/10646.88) lat (ms,95%): 15.27 err/s: 0.00 reconn/s: 0.00
[ 50s ] thds: 64 tps: 5498.00 qps: 109958.31 (r/w/o: 76970.31/21991.70/10996.30) lat (ms,95%): 15.27 err/s: 0.00 reconn/s: 0.00
[ 60s ] thds: 64 tps: 5476.60 qps: 109528.33 (r/w/o: 76670.32/21904.81/10953.20) lat (ms,95%): 15.27 err/s: 0.00 reconn/s: 0.00
[ 70s ] thds: 64 tps: 5698.21 qps: 113970.33 (r/w/o: 79780.69/22793.23/11396.41) lat (ms,95%): 15.27 err/s: 0.00 reconn/s: 0.00
[ 80s ] thds: 64 tps: 5736.09 qps: 114724.14 (r/w/o: 80306.99/22944.97/11472.18) lat (ms,95%): 15.27 err/s: 0.00 reconn/s: 0.00
[ 90s ] thds: 64 tps: 5775.21 qps: 115505.41 (r/w/o: 80854.88/23100.02/11550.51) lat (ms,95%): 15.00 err/s: 0.00 reconn/s: 0.00
[ 100s ] thds: 64 tps: 5714.40 qps: 114283.72 (r/w/o: 79996.71/22858.30/11428.70) lat (ms,95%): 15.27 err/s: 0.00 reconn/s: 0.00
[ 110s ] thds: 64 tps: 5846.10 qps: 116919.05 (r/w/o: 81843.16/23383.69/11692.19) lat (ms,95%): 15.00 err/s: 0.00 reconn/s: 0.00
[ 120s ] thds: 64 tps: 5651.90 qps: 113035.79 (r/w/o: 79123.46/22608.52/11303.81) lat (ms,95%): 15.27 err/s: 0.00 reconn/s: 0.00
[ 130s ] thds: 64 tps: 5935.90 qps: 118722.18 (r/w/o: 83106.49/23744.00/11871.70) lat (ms,95%): 15.00 err/s: 0.00 reconn/s: 0.00
[ 140s ] thds: 64 tps: 5733.49 qps: 114673.99 (r/w/o: 80272.73/22934.28/11466.99) lat (ms,95%): 15.27 err/s: 0.00 reconn/s: 0.00
[ 150s ] thds: 64 tps: 5884.01 qps: 117678.32 (r/w/o: 82374.38/23535.82/11768.11) lat (ms,95%): 15.00 err/s: 0.00 reconn/s: 0.00
[ 160s ] thds: 64 tps: 5754.30 qps: 115087.39 (r/w/o: 80562.49/23016.20/11508.70) lat (ms,95%): 15.00 err/s: 0.00 reconn/s: 0.00
[ 170s ] thds: 64 tps: 5976.40 qps: 119519.59 (r/w/o: 83661.29/23905.80/11952.50) lat (ms,95%): 15.00 err/s: 0.00 reconn/s: 0.00
[ 180s ] thds: 64 tps: 5831.80 qps: 116645.92 (r/w/o: 81654.02/23328.00/11663.90) lat (ms,95%): 15.00 err/s: 0.00 reconn/s: 0.00
[ 190s ] thds: 64 tps: 6075.40 qps: 121506.52 (r/w/o: 85054.72/24301.10/12150.70) lat (ms,95%): 15.00 err/s: 0.00 reconn/s: 0.00
[ 200s ] thds: 64 tps: 5761.60 qps: 115228.12 (r/w/o: 80657.64/23047.58/11522.89) lat (ms,95%): 15.00 err/s: 0.00 reconn/s: 0.00
[ 210s ] thds: 64 tps: 6017.00 qps: 120339.58 (r/w/o: 84238.99/24066.50/12034.10) lat (ms,95%): 15.00 err/s: 0.00 reconn/s: 0.00
[ 220s ] thds: 64 tps: 5799.60 qps: 115988.03 (r/w/o: 81190.35/23198.19/11599.49) lat (ms,95%): 15.00 err/s: 0.00 reconn/s: 0.00
[ 230s ] thds: 64 tps: 6033.50 qps: 120669.76 (r/w/o: 84467.97/24135.29/12066.50) lat (ms,95%): 15.00 err/s: 0.00 reconn/s: 0.00
[ 240s ] thds: 64 tps: 5810.70 qps: 116216.43 (r/w/o: 81353.12/23241.91/11621.40) lat (ms,95%): 15.00 err/s: 0.00 reconn/s: 0.00
[ 250s ] thds: 64 tps: 5991.70 qps: 119834.07 (r/w/o: 83884.25/23966.11/11983.71) lat (ms,95%): 15.00 err/s: 0.00 reconn/s: 0.00
[ 260s ] thds: 64 tps: 5811.10 qps: 116228.35 (r/w/o: 81360.57/23245.49/11622.30) lat (ms,95%): 15.27 err/s: 0.00 reconn/s: 0.00
[ 270s ] thds: 64 tps: 6074.00 qps: 121474.47 (r/w/o: 85031.98/24294.29/12148.20) lat (ms,95%): 15.00 err/s: 0.00 reconn/s: 0.00
[ 280s ] thds: 64 tps: 5907.30 qps: 118146.68 (r/w/o: 82702.08/23630.60/11814.00) lat (ms,95%): 15.00 err/s: 0.00 reconn/s: 0.00
[ 290s ] thds: 64 tps: 6054.30 qps: 121079.97 (r/w/o: 84753.75/24217.61/12108.61) lat (ms,95%): 15.00 err/s: 0.00 reconn/s: 0.00
[ 300s ] thds: 64 tps: 5829.89 qps: 116600.62 (r/w/o: 81621.17/23319.56/11659.88) lat (ms,95%): 15.00 err/s: 0.00 reconn/s: 0.00
[ 310s ] thds: 64 tps: 6050.71 qps: 121013.15 (r/w/o: 84708.51/24202.93/12101.72) lat (ms,95%): 15.00 err/s: 0.00 reconn/s: 0.00
[ 320s ] thds: 64 tps: 5811.90 qps: 116245.68 (r/w/o: 81374.68/23247.10/11623.90) lat (ms,95%): 15.00 err/s: 0.00 reconn/s: 0.00
[ 330s ] thds: 64 tps: 5994.11 qps: 119876.91 (r/w/o: 83912.45/23976.34/11988.12) lat (ms,95%): 15.00 err/s: 0.00 reconn/s: 0.00
[ 340s ] thds: 64 tps: 5854.78 qps: 117095.65 (r/w/o: 81966.96/23419.03/11709.67) lat (ms,95%): 15.00 err/s: 0.00 reconn/s: 0.00
[ 350s ] thds: 64 tps: 6043.50 qps: 120867.93 (r/w/o: 84607.82/24173.51/12086.60) lat (ms,95%): 15.00 err/s: 0.00 reconn/s: 0.00
[ 360s ] thds: 64 tps: 5786.71 qps: 115741.52 (r/w/o: 81019.98/23147.82/11573.71) lat (ms,95%): 15.00 err/s: 0.00 reconn/s: 0.00
[ 370s ] thds: 64 tps: 6068.10 qps: 121360.07 (r/w/o: 84950.68/24273.19/12136.20) lat (ms,95%): 15.00 err/s: 0.00 reconn/s: 0.00
[ 380s ] thds: 64 tps: 6146.30 qps: 122925.05 (r/w/o: 86047.77/24584.79/12292.50) lat (ms,95%): 15.00 err/s: 0.00 reconn/s: 0.00
[ 390s ] thds: 64 tps: 6029.91 qps: 120595.98 (r/w/o: 84417.22/24118.84/12059.92) lat (ms,95%): 15.00 err/s: 0.00 reconn/s: 0.00
[ 400s ] thds: 64 tps: 5887.83 qps: 117750.20 (r/w/o: 82423.92/23550.82/11775.46) lat (ms,95%): 15.00 err/s: 0.00 reconn/s: 0.00
SQL statistics:
    queries performed:
        read:                            32518178
        write:                           9290908
        other:                           4645454
        total:                           46454540
    transactions:                        2322727 (5806.30 per sec.)
    queries:                             46454540 (116125.97 per sec.)
    ignored errors:                      0      (0.00 per sec.)
    reconnects:                          0      (0.00 per sec.)

General statistics:
    total time:                          400.0348s
    total number of events:              2322727

Latency (ms):
         min:                                    5.01
         avg:                                   11.02
         max:                                  129.95
         95th percentile:                       15.00
         sum:                             25598791.23

Threads fairness:
    events (avg/stddev):           36292.6094/931.86
    execution time (avg/stddev):   399.9811/0.00

