sysbench 1.0.20-ebf1c90 (using bundled LuaJIT 2.1.0-beta2)

Running the test with following options:
Number of threads: 64
Report intermediate results every 10 second(s)
Initializing random number generator from current time


Initializing worker threads...

Threads started!

[ 10s ] thds: 64 tps: 4938.09 qps: 98814.47 (r/w/o: 69178.24/19753.66/9882.58) lat (ms,95%): 15.83 err/s: 0.00 reconn/s: 0.00
[ 20s ] thds: 64 tps: 4913.23 qps: 98275.53 (r/w/o: 68794.37/19655.01/9826.15) lat (ms,95%): 15.83 err/s: 0.00 reconn/s: 0.00
[ 30s ] thds: 64 tps: 5380.19 qps: 107607.10 (r/w/o: 75325.13/21521.58/10760.39) lat (ms,95%): 15.55 err/s: 0.00 reconn/s: 0.00
[ 40s ] thds: 64 tps: 5481.50 qps: 109631.29 (r/w/o: 76742.19/21925.80/10963.30) lat (ms,95%): 15.27 err/s: 0.00 reconn/s: 0.00
[ 50s ] thds: 64 tps: 5456.40 qps: 109127.46 (r/w/o: 76389.94/21824.91/10912.61) lat (ms,95%): 15.55 err/s: 0.00 reconn/s: 0.00
[ 60s ] thds: 64 tps: 5328.60 qps: 106570.38 (r/w/o: 74598.16/21315.02/10657.21) lat (ms,95%): 15.55 err/s: 0.00 reconn/s: 0.00
[ 70s ] thds: 64 tps: 5638.29 qps: 112765.25 (r/w/o: 78937.50/22551.07/11276.69) lat (ms,95%): 15.27 err/s: 0.00 reconn/s: 0.00
[ 80s ] thds: 64 tps: 5420.80 qps: 108411.39 (r/w/o: 75885.66/21684.12/10841.61) lat (ms,95%): 15.55 err/s: 0.00 reconn/s: 0.00
[ 90s ] thds: 64 tps: 5694.00 qps: 113877.96 (r/w/o: 79714.47/22775.89/11387.60) lat (ms,95%): 15.27 err/s: 0.00 reconn/s: 0.00
[ 100s ] thds: 64 tps: 5544.30 qps: 110898.37 (r/w/o: 77631.18/22178.39/11088.80) lat (ms,95%): 15.27 err/s: 0.00 reconn/s: 0.00
[ 110s ] thds: 64 tps: 5809.30 qps: 116175.30 (r/w/o: 81320.30/23236.50/11618.50) lat (ms,95%): 15.00 err/s: 0.00 reconn/s: 0.00
[ 120s ] thds: 64 tps: 5526.00 qps: 110527.26 (r/w/o: 77370.07/22104.89/11052.30) lat (ms,95%): 15.27 err/s: 0.00 reconn/s: 0.00
[ 130s ] thds: 64 tps: 5781.81 qps: 115628.51 (r/w/o: 80938.78/23126.62/11563.11) lat (ms,95%): 15.27 err/s: 0.00 reconn/s: 0.00
[ 140s ] thds: 64 tps: 5630.30 qps: 112617.99 (r/w/o: 78834.96/22521.92/11261.11) lat (ms,95%): 15.27 err/s: 0.00 reconn/s: 0.00
[ 150s ] thds: 64 tps: 5846.99 qps: 116922.08 (r/w/o: 81842.54/23385.76/11693.78) lat (ms,95%): 15.27 err/s: 0.00 reconn/s: 0.00
[ 160s ] thds: 64 tps: 5579.91 qps: 111600.53 (r/w/o: 78121.39/22319.43/11159.71) lat (ms,95%): 15.27 err/s: 0.00 reconn/s: 0.00
[ 170s ] thds: 64 tps: 5904.60 qps: 118107.33 (r/w/o: 82677.72/23620.21/11809.40) lat (ms,95%): 15.00 err/s: 0.00 reconn/s: 0.00
[ 180s ] thds: 64 tps: 5671.20 qps: 113412.80 (r/w/o: 79386.63/22684.08/11342.09) lat (ms,95%): 15.27 err/s: 0.00 reconn/s: 0.00
[ 190s ] thds: 64 tps: 5912.80 qps: 118258.91 (r/w/o: 82781.51/23651.40/11826.00) lat (ms,95%): 15.00 err/s: 0.00 reconn/s: 0.00
[ 200s ] thds: 64 tps: 5654.50 qps: 113099.78 (r/w/o: 79171.69/22619.20/11308.90) lat (ms,95%): 15.27 err/s: 0.00 reconn/s: 0.00
[ 210s ] thds: 64 tps: 5940.10 qps: 118789.49 (r/w/o: 83150.67/23758.62/11880.21) lat (ms,95%): 15.00 err/s: 0.00 reconn/s: 0.00
[ 220s ] thds: 64 tps: 5580.50 qps: 111617.90 (r/w/o: 78133.83/22323.18/11160.89) lat (ms,95%): 15.27 err/s: 0.00 reconn/s: 0.00
[ 230s ] thds: 64 tps: 5817.60 qps: 116353.89 (r/w/o: 81447.46/23271.12/11635.31) lat (ms,95%): 15.27 err/s: 0.00 reconn/s: 0.00
[ 240s ] thds: 64 tps: 5680.09 qps: 113592.96 (r/w/o: 79513.00/22719.57/11360.39) lat (ms,95%): 15.27 err/s: 0.00 reconn/s: 0.00
[ 250s ] thds: 64 tps: 5969.51 qps: 119400.71 (r/w/o: 83581.98/23879.72/11939.01) lat (ms,95%): 15.00 err/s: 0.00 reconn/s: 0.00
[ 260s ] thds: 64 tps: 5608.20 qps: 112154.64 (r/w/o: 78507.93/22430.51/11216.20) lat (ms,95%): 15.27 err/s: 0.00 reconn/s: 0.00
[ 270s ] thds: 64 tps: 5866.08 qps: 117318.25 (r/w/o: 82120.38/23465.81/11732.05) lat (ms,95%): 15.27 err/s: 0.00 reconn/s: 0.00
[ 280s ] thds: 64 tps: 5704.11 qps: 114087.08 (r/w/o: 79863.63/22815.04/11408.42) lat (ms,95%): 15.27 err/s: 0.00 reconn/s: 0.00
[ 290s ] thds: 64 tps: 5957.80 qps: 119155.75 (r/w/o: 83410.63/23829.81/11915.30) lat (ms,95%): 15.00 err/s: 0.00 reconn/s: 0.00
[ 300s ] thds: 64 tps: 5694.20 qps: 113880.87 (r/w/o: 79714.98/22777.19/11388.70) lat (ms,95%): 15.27 err/s: 0.00 reconn/s: 0.00
[ 310s ] thds: 64 tps: 5874.71 qps: 117501.15 (r/w/o: 82251.77/23500.25/11749.12) lat (ms,95%): 15.00 err/s: 0.00 reconn/s: 0.00
[ 320s ] thds: 64 tps: 5622.20 qps: 112443.96 (r/w/o: 78710.24/22489.21/11244.51) lat (ms,95%): 15.27 err/s: 0.00 reconn/s: 0.00
[ 330s ] thds: 64 tps: 5895.10 qps: 117894.77 (r/w/o: 82525.18/23579.19/11790.40) lat (ms,95%): 15.00 err/s: 0.00 reconn/s: 0.00
[ 340s ] thds: 64 tps: 5668.09 qps: 113369.84 (r/w/o: 79360.08/22673.67/11336.08) lat (ms,95%): 15.27 err/s: 0.00 reconn/s: 0.00
[ 350s ] thds: 64 tps: 6139.60 qps: 122788.00 (r/w/o: 85951.80/24556.90/12279.30) lat (ms,95%): 15.00 err/s: 0.00 reconn/s: 0.00
[ 360s ] thds: 64 tps: 5579.90 qps: 111586.94 (r/w/o: 78107.83/22319.61/11159.50) lat (ms,95%): 15.27 err/s: 0.00 reconn/s: 0.00
[ 370s ] thds: 64 tps: 5867.81 qps: 117370.02 (r/w/o: 82161.59/23472.42/11736.01) lat (ms,95%): 15.27 err/s: 0.00 reconn/s: 0.00
[ 380s ] thds: 64 tps: 5694.70 qps: 113889.56 (r/w/o: 79723.67/22776.49/11389.40) lat (ms,95%): 15.27 err/s: 0.00 reconn/s: 0.00
[ 390s ] thds: 64 tps: 5889.09 qps: 117787.46 (r/w/o: 82451.30/23558.17/11777.99) lat (ms,95%): 15.00 err/s: 0.00 reconn/s: 0.00
[ 400s ] thds: 64 tps: 5653.61 qps: 113070.91 (r/w/o: 79147.67/22616.02/11307.21) lat (ms,95%): 15.27 err/s: 0.00 reconn/s: 0.00
SQL statistics:
    queries performed:
        read:                            31755178
        write:                           9072908
        other:                           4536454
        total:                           45364540
    transactions:                        2268227 (5670.03 per sec.)
    queries:                             45364540 (113400.53 per sec.)
    ignored errors:                      0      (0.00 per sec.)
    reconnects:                          0      (0.00 per sec.)

General statistics:
    total time:                          400.0372s
    total number of events:              2268227

Latency (ms):
         min:                                    5.01
         avg:                                   11.29
         max:                                  131.00
         95th percentile:                       15.27
         sum:                             25598847.61

Threads fairness:
    events (avg/stddev):           35441.0469/832.93
    execution time (avg/stddev):   399.9820/0.00

