sysbench 1.0.20-ebf1c90 (using bundled LuaJIT 2.1.0-beta2)

Running the test with following options:
Number of threads: 128
Report intermediate results every 10 second(s)
Initializing random number generator from current time


Initializing worker threads...

Threads started!

[ 10s ] thds: 128 tps: 13135.08 qps: 262828.38 (r/w/o: 184000.97/52544.74/26282.67) lat (ms,95%): 15.27 err/s: 0.00 reconn/s: 0.00
[ 20s ] thds: 128 tps: 12886.17 qps: 257721.02 (r/w/o: 180400.39/51548.38/25772.24) lat (ms,95%): 15.55 err/s: 0.00 reconn/s: 0.00
[ 30s ] thds: 128 tps: 12265.13 qps: 245308.25 (r/w/o: 171717.19/49061.11/24529.96) lat (ms,95%): 15.55 err/s: 0.00 reconn/s: 0.00
[ 40s ] thds: 128 tps: 13086.05 qps: 261716.60 (r/w/o: 183203.70/52340.60/26172.30) lat (ms,95%): 15.27 err/s: 0.00 reconn/s: 0.00
[ 50s ] thds: 128 tps: 13479.53 qps: 269589.75 (r/w/o: 188709.39/53921.31/26959.06) lat (ms,95%): 15.00 err/s: 0.00 reconn/s: 0.00
[ 60s ] thds: 128 tps: 12982.51 qps: 259643.49 (r/w/o: 181750.93/51927.44/25965.12) lat (ms,95%): 15.27 err/s: 0.00 reconn/s: 0.00
[ 70s ] thds: 128 tps: 12519.48 qps: 250389.30 (r/w/o: 175272.72/50077.92/25038.66) lat (ms,95%): 15.55 err/s: 0.00 reconn/s: 0.00
[ 80s ] thds: 128 tps: 13312.24 qps: 266244.29 (r/w/o: 186372.15/53247.56/26624.58) lat (ms,95%): 15.27 err/s: 0.00 reconn/s: 0.00
[ 90s ] thds: 128 tps: 13402.12 qps: 268055.26 (r/w/o: 187640.12/53610.69/26804.45) lat (ms,95%): 15.00 err/s: 0.00 reconn/s: 0.00
[ 100s ] thds: 128 tps: 12868.62 qps: 257365.22 (r/w/o: 180153.82/51474.16/25737.23) lat (ms,95%): 15.27 err/s: 0.00 reconn/s: 0.00
[ 110s ] thds: 128 tps: 13191.67 qps: 263838.51 (r/w/o: 184689.71/52765.16/26383.63) lat (ms,95%): 15.00 err/s: 0.00 reconn/s: 0.00
[ 120s ] thds: 128 tps: 13268.54 qps: 265372.28 (r/w/o: 185758.64/53077.16/26536.48) lat (ms,95%): 15.00 err/s: 0.00 reconn/s: 0.00
[ 130s ] thds: 128 tps: 12567.28 qps: 251337.78 (r/w/o: 175935.78/50267.74/25134.27) lat (ms,95%): 15.55 err/s: 0.00 reconn/s: 0.00
[ 140s ] thds: 128 tps: 12948.93 qps: 258978.90 (r/w/o: 181285.52/51794.72/25898.66) lat (ms,95%): 15.27 err/s: 0.00 reconn/s: 0.00
[ 150s ] thds: 128 tps: 13110.79 qps: 262214.51 (r/w/o: 183549.40/52443.74/26221.37) lat (ms,95%): 15.27 err/s: 0.00 reconn/s: 0.00
[ 160s ] thds: 128 tps: 13222.31 qps: 264454.88 (r/w/o: 185121.69/52888.66/26444.53) lat (ms,95%): 15.27 err/s: 0.00 reconn/s: 0.00
[ 170s ] thds: 128 tps: 12574.40 qps: 251482.15 (r/w/o: 176035.06/50298.09/25148.99) lat (ms,95%): 15.55 err/s: 0.00 reconn/s: 0.00
[ 180s ] thds: 128 tps: 13595.71 qps: 271908.24 (r/w/o: 190336.16/54381.05/27191.02) lat (ms,95%): 15.00 err/s: 0.00 reconn/s: 0.00
[ 190s ] thds: 128 tps: 13551.50 qps: 271034.63 (r/w/o: 189724.12/54207.11/27103.40) lat (ms,95%): 15.00 err/s: 0.00 reconn/s: 0.00
[ 200s ] thds: 128 tps: 12838.69 qps: 256779.52 (r/w/o: 179744.97/51357.66/25676.88) lat (ms,95%): 15.27 err/s: 0.00 reconn/s: 0.00
[ 210s ] thds: 128 tps: 12918.58 qps: 258370.23 (r/w/o: 180860.44/51672.53/25837.26) lat (ms,95%): 15.27 err/s: 0.00 reconn/s: 0.00
[ 220s ] thds: 128 tps: 13289.53 qps: 265787.12 (r/w/o: 186052.06/53156.00/26579.05) lat (ms,95%): 15.00 err/s: 0.00 reconn/s: 0.00
[ 230s ] thds: 128 tps: 13107.19 qps: 262147.38 (r/w/o: 183501.25/52431.66/26214.48) lat (ms,95%): 15.27 err/s: 0.00 reconn/s: 0.00
[ 240s ] thds: 128 tps: 13016.50 qps: 260314.05 (r/w/o: 182217.57/52063.19/26033.30) lat (ms,95%): 15.27 err/s: 0.00 reconn/s: 0.00
[ 250s ] thds: 128 tps: 13155.60 qps: 263113.11 (r/w/o: 184179.94/52622.98/26310.19) lat (ms,95%): 15.00 err/s: 0.00 reconn/s: 0.00
[ 260s ] thds: 128 tps: 13487.73 qps: 269765.80 (r/w/o: 188837.75/53951.70/26976.35) lat (ms,95%): 15.00 err/s: 0.00 reconn/s: 0.00
[ 270s ] thds: 128 tps: 13356.67 qps: 267132.77 (r/w/o: 186992.53/53427.69/26712.55) lat (ms,95%): 15.00 err/s: 0.00 reconn/s: 0.00
[ 280s ] thds: 128 tps: 13457.10 qps: 269152.79 (r/w/o: 188408.89/53829.00/26914.90) lat (ms,95%): 15.00 err/s: 0.00 reconn/s: 0.00
[ 290s ] thds: 128 tps: 13339.72 qps: 266793.67 (r/w/o: 186754.73/53359.29/26679.65) lat (ms,95%): 14.73 err/s: 0.00 reconn/s: 0.00
[ 300s ] thds: 128 tps: 13011.78 qps: 260225.23 (r/w/o: 182156.14/52045.83/26023.26) lat (ms,95%): 15.27 err/s: 0.00 reconn/s: 0.00
[ 310s ] thds: 128 tps: 13060.37 qps: 261199.40 (r/w/o: 182838.18/52240.18/26121.04) lat (ms,95%): 15.00 err/s: 0.00 reconn/s: 0.00
[ 320s ] thds: 128 tps: 13093.64 qps: 261894.01 (r/w/o: 183329.70/52376.94/26187.37) lat (ms,95%): 15.27 err/s: 0.00 reconn/s: 0.00
[ 330s ] thds: 128 tps: 13200.31 qps: 263982.64 (r/w/o: 184784.50/52797.93/26400.21) lat (ms,95%): 15.00 err/s: 0.00 reconn/s: 0.00
[ 340s ] thds: 128 tps: 12991.00 qps: 259832.62 (r/w/o: 181884.12/51966.60/25981.90) lat (ms,95%): 15.27 err/s: 0.00 reconn/s: 0.00
[ 350s ] thds: 128 tps: 13753.51 qps: 275071.93 (r/w/o: 192551.96/55012.95/27507.02) lat (ms,95%): 14.73 err/s: 0.00 reconn/s: 0.00
[ 360s ] thds: 128 tps: 13515.44 qps: 270318.38 (r/w/o: 189224.15/54062.86/27031.38) lat (ms,95%): 14.73 err/s: 0.00 reconn/s: 0.00
[ 370s ] thds: 128 tps: 13499.52 qps: 269981.89 (r/w/o: 188985.27/53998.28/26998.34) lat (ms,95%): 14.73 err/s: 0.00 reconn/s: 0.00
[ 380s ] thds: 128 tps: 12338.08 qps: 246758.75 (r/w/o: 172730.05/49352.13/24676.56) lat (ms,95%): 16.12 err/s: 0.00 reconn/s: 0.00
[ 390s ] thds: 128 tps: 13224.50 qps: 264486.16 (r/w/o: 185140.47/52896.69/26449.00) lat (ms,95%): 15.00 err/s: 0.00 reconn/s: 0.00
[ 400s ] thds: 128 tps: 13204.82 qps: 264117.93 (r/w/o: 184887.03/52821.07/26409.83) lat (ms,95%): 15.00 err/s: 0.00 reconn/s: 0.00
SQL statistics:
    queries performed:
        read:                            73477950
        write:                           20993700
        other:                           10496850
        total:                           104968500
    transactions:                        5248425 (13118.71 per sec.)
    queries:                             104968500 (262374.18 per sec.)
    ignored errors:                      0      (0.00 per sec.)
    reconnects:                          0      (0.00 per sec.)

General statistics:
    total time:                          400.0708s
    total number of events:              5248425

Latency (ms):
         min:                                    5.17
         avg:                                    9.75
         max:                                  123.23
         95th percentile:                       15.27
         sum:                             51196275.44

Threads fairness:
    events (avg/stddev):           41003.3203/1447.19
    execution time (avg/stddev):   399.9709/0.00

