sysbench 1.0.20-ebf1c90 (using bundled LuaJIT 2.1.0-beta2)

Running the test with following options:
Number of threads: 64
Report intermediate results every 10 second(s)
Initializing random number generator from current time


Initializing worker threads...

Threads started!

[ 10s ] thds: 64 tps: 4657.07 qps: 93198.67 (r/w/o: 65246.96/18631.37/9320.34) lat (ms,95%): 16.71 err/s: 0.00 reconn/s: 0.00
[ 20s ] thds: 64 tps: 4627.66 qps: 92560.47 (r/w/o: 64794.09/18511.15/9255.23) lat (ms,95%): 16.71 err/s: 0.00 reconn/s: 0.00
[ 30s ] thds: 64 tps: 5053.69 qps: 101077.02 (r/w/o: 70753.81/20215.94/10107.27) lat (ms,95%): 16.12 err/s: 0.00 reconn/s: 0.00
[ 40s ] thds: 64 tps: 5011.26 qps: 100222.96 (r/w/o: 70156.48/20043.95/10022.53) lat (ms,95%): 16.12 err/s: 0.00 reconn/s: 0.00
[ 50s ] thds: 64 tps: 5212.83 qps: 104262.57 (r/w/o: 72986.40/20850.21/10425.96) lat (ms,95%): 16.12 err/s: 0.00 reconn/s: 0.00
[ 60s ] thds: 64 tps: 5098.52 qps: 101957.08 (r/w/o: 71366.57/20393.88/10196.64) lat (ms,95%): 16.12 err/s: 0.00 reconn/s: 0.00
[ 70s ] thds: 64 tps: 5256.11 qps: 105122.90 (r/w/o: 73585.61/21025.16/10512.13) lat (ms,95%): 16.12 err/s: 0.00 reconn/s: 0.00
[ 80s ] thds: 64 tps: 5182.80 qps: 103655.68 (r/w/o: 72558.88/20731.00/10365.80) lat (ms,95%): 16.12 err/s: 0.00 reconn/s: 0.00
[ 90s ] thds: 64 tps: 5390.39 qps: 107812.08 (r/w/o: 75468.52/21562.48/10781.09) lat (ms,95%): 16.12 err/s: 0.00 reconn/s: 0.00
[ 100s ] thds: 64 tps: 5310.50 qps: 106207.89 (r/w/o: 74346.17/21241.02/10620.71) lat (ms,95%): 15.83 err/s: 0.00 reconn/s: 0.00
[ 110s ] thds: 64 tps: 5516.73 qps: 110335.38 (r/w/o: 77234.51/22067.12/11033.76) lat (ms,95%): 15.83 err/s: 0.00 reconn/s: 0.00
[ 120s ] thds: 64 tps: 5175.06 qps: 103507.26 (r/w/o: 72456.51/20700.93/10349.82) lat (ms,95%): 16.12 err/s: 0.00 reconn/s: 0.00
[ 130s ] thds: 64 tps: 5587.00 qps: 111741.47 (r/w/o: 78218.65/22348.51/11174.31) lat (ms,95%): 15.83 err/s: 0.00 reconn/s: 0.00
[ 140s ] thds: 64 tps: 5347.43 qps: 106942.76 (r/w/o: 74858.89/21389.21/10694.66) lat (ms,95%): 15.83 err/s: 0.00 reconn/s: 0.00
[ 150s ] thds: 64 tps: 5544.21 qps: 110878.71 (r/w/o: 77614.85/22175.74/11088.12) lat (ms,95%): 15.83 err/s: 0.00 reconn/s: 0.00
[ 160s ] thds: 64 tps: 5294.96 qps: 105901.28 (r/w/o: 74130.99/21179.96/10590.33) lat (ms,95%): 16.12 err/s: 0.00 reconn/s: 0.00
[ 170s ] thds: 64 tps: 5580.30 qps: 111622.82 (r/w/o: 78138.75/22323.38/11160.69) lat (ms,95%): 15.83 err/s: 0.00 reconn/s: 0.00
[ 180s ] thds: 64 tps: 5455.60 qps: 109096.65 (r/w/o: 76365.84/21819.91/10910.91) lat (ms,95%): 15.83 err/s: 0.00 reconn/s: 0.00
[ 190s ] thds: 64 tps: 5631.40 qps: 112625.93 (r/w/o: 78836.45/22526.49/11262.99) lat (ms,95%): 15.83 err/s: 0.00 reconn/s: 0.00
[ 200s ] thds: 64 tps: 5422.59 qps: 108458.15 (r/w/o: 75923.40/21689.27/10845.49) lat (ms,95%): 15.83 err/s: 0.00 reconn/s: 0.00
[ 210s ] thds: 64 tps: 5576.41 qps: 111524.14 (r/w/o: 78066.57/22305.25/11152.32) lat (ms,95%): 15.83 err/s: 0.00 reconn/s: 0.00
[ 220s ] thds: 64 tps: 5569.10 qps: 111385.08 (r/w/o: 77969.76/22277.12/11138.21) lat (ms,95%): 15.83 err/s: 0.00 reconn/s: 0.00
[ 230s ] thds: 64 tps: 5673.30 qps: 113461.27 (r/w/o: 79421.08/22693.49/11346.70) lat (ms,95%): 15.83 err/s: 0.00 reconn/s: 0.00
[ 240s ] thds: 64 tps: 5445.29 qps: 108905.43 (r/w/o: 76232.58/21782.47/10890.38) lat (ms,95%): 15.83 err/s: 0.00 reconn/s: 0.00
[ 250s ] thds: 64 tps: 5652.50 qps: 113058.55 (r/w/o: 79142.54/22610.61/11305.41) lat (ms,95%): 15.83 err/s: 0.00 reconn/s: 0.00
[ 260s ] thds: 64 tps: 5406.70 qps: 108136.58 (r/w/o: 75698.06/21625.02/10813.51) lat (ms,95%): 15.83 err/s: 0.00 reconn/s: 0.00
[ 270s ] thds: 64 tps: 5698.79 qps: 113975.39 (r/w/o: 79782.02/22795.98/11397.39) lat (ms,95%): 15.83 err/s: 0.00 reconn/s: 0.00
[ 280s ] thds: 64 tps: 5490.80 qps: 109805.66 (r/w/o: 76862.95/21960.91/10981.81) lat (ms,95%): 15.83 err/s: 0.00 reconn/s: 0.00
[ 290s ] thds: 64 tps: 5697.40 qps: 113949.12 (r/w/o: 79762.52/22791.80/11394.80) lat (ms,95%): 15.83 err/s: 0.00 reconn/s: 0.00
[ 300s ] thds: 64 tps: 5439.50 qps: 108790.46 (r/w/o: 76155.17/21756.29/10879.00) lat (ms,95%): 15.83 err/s: 0.00 reconn/s: 0.00
[ 310s ] thds: 64 tps: 5670.70 qps: 113413.63 (r/w/o: 79390.12/22682.51/11341.00) lat (ms,95%): 15.83 err/s: 0.00 reconn/s: 0.00
[ 320s ] thds: 64 tps: 5442.19 qps: 108847.47 (r/w/o: 76192.64/21770.15/10884.68) lat (ms,95%): 15.83 err/s: 0.00 reconn/s: 0.00
[ 330s ] thds: 64 tps: 5649.61 qps: 112987.58 (r/w/o: 79089.79/22598.66/11299.13) lat (ms,95%): 15.83 err/s: 0.00 reconn/s: 0.00
[ 340s ] thds: 64 tps: 5438.30 qps: 108776.18 (r/w/o: 76146.28/21753.20/10876.70) lat (ms,95%): 15.83 err/s: 0.00 reconn/s: 0.00
[ 350s ] thds: 64 tps: 5717.19 qps: 114332.40 (r/w/o: 80030.13/22868.28/11433.99) lat (ms,95%): 15.55 err/s: 0.00 reconn/s: 0.00
[ 360s ] thds: 64 tps: 5464.20 qps: 109295.25 (r/w/o: 76508.14/21858.11/10929.01) lat (ms,95%): 15.83 err/s: 0.00 reconn/s: 0.00
[ 370s ] thds: 64 tps: 5650.80 qps: 113009.11 (r/w/o: 79106.04/22601.78/11301.29) lat (ms,95%): 15.83 err/s: 0.00 reconn/s: 0.00
[ 380s ] thds: 64 tps: 5565.51 qps: 111310.83 (r/w/o: 77915.29/22264.53/11131.01) lat (ms,95%): 15.83 err/s: 0.00 reconn/s: 0.00
[ 390s ] thds: 64 tps: 5733.41 qps: 114674.20 (r/w/o: 80273.77/22933.52/11466.91) lat (ms,95%): 15.83 err/s: 0.00 reconn/s: 0.00
[ 400s ] thds: 64 tps: 5435.60 qps: 108710.61 (r/w/o: 76098.03/21741.28/10871.29) lat (ms,95%): 15.83 err/s: 0.00 reconn/s: 0.00
SQL statistics:
    queries performed:
        read:                            30349256
        write:                           8671215
        other:                           4335609
        total:                           43356080
    transactions:                        2167804 (5418.89 per sec.)
    queries:                             43356080 (108377.87 per sec.)
    ignored errors:                      0      (0.00 per sec.)
    reconnects:                          0      (0.00 per sec.)

General statistics:
    total time:                          400.0445s
    total number of events:              2167804

Latency (ms):
         min:                                    5.09
         avg:                                   11.81
         max:                                  131.31
         95th percentile:                       15.83
         sum:                             25598996.17

Threads fairness:
    events (avg/stddev):           33871.9375/773.04
    execution time (avg/stddev):   399.9843/0.01

