sysbench 1.0.20-ebf1c90 (using bundled LuaJIT 2.1.0-beta2)

Running the test with following options:
Number of threads: 128
Report intermediate results every 10 second(s)
Initializing random number generator from current time


Initializing worker threads...

Threads started!

[ 10s ] thds: 128 tps: 12677.35 qps: 253676.92 (r/w/o: 177593.61/50715.81/25367.50) lat (ms,95%): 15.00 err/s: 0.00 reconn/s: 0.00
[ 20s ] thds: 128 tps: 12924.03 qps: 258485.20 (r/w/o: 180939.95/51697.40/25847.85) lat (ms,95%): 15.00 err/s: 0.00 reconn/s: 0.00
[ 30s ] thds: 128 tps: 13254.39 qps: 265069.65 (r/w/o: 185545.29/53016.17/26508.18) lat (ms,95%): 15.00 err/s: 0.00 reconn/s: 0.00
[ 40s ] thds: 128 tps: 12981.90 qps: 259651.64 (r/w/o: 181761.16/51926.59/25963.89) lat (ms,95%): 14.73 err/s: 0.00 reconn/s: 0.00
[ 50s ] thds: 128 tps: 12921.33 qps: 258413.60 (r/w/o: 180885.42/51685.42/25842.76) lat (ms,95%): 15.00 err/s: 0.00 reconn/s: 0.00
[ 60s ] thds: 128 tps: 13078.80 qps: 261580.18 (r/w/o: 183106.95/52315.42/26157.81) lat (ms,95%): 15.00 err/s: 0.00 reconn/s: 0.00
[ 70s ] thds: 128 tps: 13323.30 qps: 266471.37 (r/w/o: 186531.68/53292.89/26646.80) lat (ms,95%): 14.73 err/s: 0.00 reconn/s: 0.00
[ 80s ] thds: 128 tps: 13114.20 qps: 262295.79 (r/w/o: 183607.39/52460.30/26228.10) lat (ms,95%): 14.73 err/s: 0.00 reconn/s: 0.00
[ 90s ] thds: 128 tps: 13663.25 qps: 273261.74 (r/w/o: 191282.02/54653.21/27326.50) lat (ms,95%): 14.73 err/s: 0.00 reconn/s: 0.00
[ 100s ] thds: 128 tps: 13262.73 qps: 265240.71 (r/w/o: 185668.56/53046.60/26525.55) lat (ms,95%): 14.73 err/s: 0.00 reconn/s: 0.00
[ 110s ] thds: 128 tps: 13177.22 qps: 263543.80 (r/w/o: 184479.28/52710.08/26354.44) lat (ms,95%): 14.73 err/s: 0.00 reconn/s: 0.00
[ 120s ] thds: 128 tps: 12980.78 qps: 259613.10 (r/w/o: 181728.82/51922.72/25961.56) lat (ms,95%): 14.73 err/s: 0.00 reconn/s: 0.00
[ 130s ] thds: 128 tps: 13465.72 qps: 269318.13 (r/w/o: 188521.50/53865.09/26931.54) lat (ms,95%): 14.73 err/s: 0.00 reconn/s: 0.00
[ 140s ] thds: 128 tps: 13187.47 qps: 263756.02 (r/w/o: 184632.82/52748.36/26374.83) lat (ms,95%): 14.73 err/s: 0.00 reconn/s: 0.00
[ 150s ] thds: 128 tps: 13131.91 qps: 262627.50 (r/w/o: 183836.87/52526.92/26263.71) lat (ms,95%): 14.73 err/s: 0.00 reconn/s: 0.00
[ 160s ] thds: 128 tps: 13024.30 qps: 260486.77 (r/w/o: 182341.28/52096.99/26048.50) lat (ms,95%): 14.73 err/s: 0.00 reconn/s: 0.00
[ 170s ] thds: 128 tps: 13615.52 qps: 272320.00 (r/w/o: 190623.78/54464.98/27231.24) lat (ms,95%): 14.46 err/s: 0.00 reconn/s: 0.00
[ 180s ] thds: 128 tps: 13442.36 qps: 268853.08 (r/w/o: 188201.22/53766.94/26884.92) lat (ms,95%): 14.46 err/s: 0.00 reconn/s: 0.00
[ 190s ] thds: 128 tps: 13371.45 qps: 267422.60 (r/w/o: 187194.83/53485.38/26742.39) lat (ms,95%): 14.73 err/s: 0.00 reconn/s: 0.00
[ 200s ] thds: 128 tps: 13315.56 qps: 266301.37 (r/w/o: 186408.02/53262.43/26630.92) lat (ms,95%): 14.73 err/s: 0.00 reconn/s: 0.00
[ 210s ] thds: 128 tps: 14104.30 qps: 282095.27 (r/w/o: 197468.95/56417.21/28209.11) lat (ms,95%): 14.46 err/s: 0.00 reconn/s: 0.00
[ 220s ] thds: 128 tps: 12867.41 qps: 257341.51 (r/w/o: 180137.65/51469.14/25734.72) lat (ms,95%): 14.73 err/s: 0.00 reconn/s: 0.00
[ 230s ] thds: 128 tps: 13467.23 qps: 269347.86 (r/w/o: 188542.77/53870.43/26934.67) lat (ms,95%): 14.73 err/s: 0.00 reconn/s: 0.00
[ 240s ] thds: 128 tps: 13345.06 qps: 266900.54 (r/w/o: 186831.60/53378.73/26690.21) lat (ms,95%): 14.46 err/s: 0.00 reconn/s: 0.00
[ 250s ] thds: 128 tps: 13564.15 qps: 271290.37 (r/w/o: 189903.95/54257.81/27128.61) lat (ms,95%): 14.46 err/s: 0.00 reconn/s: 0.00
[ 260s ] thds: 128 tps: 13118.78 qps: 262371.96 (r/w/o: 183660.20/52474.51/26237.26) lat (ms,95%): 14.73 err/s: 0.00 reconn/s: 0.00
[ 270s ] thds: 128 tps: 13966.32 qps: 279322.74 (r/w/o: 195525.44/55864.57/27932.73) lat (ms,95%): 14.21 err/s: 0.00 reconn/s: 0.00
[ 280s ] thds: 128 tps: 13899.08 qps: 277978.06 (r/w/o: 194584.36/55596.23/27797.47) lat (ms,95%): 14.21 err/s: 0.00 reconn/s: 0.00
[ 290s ] thds: 128 tps: 13380.69 qps: 267611.19 (r/w/o: 187326.83/53522.78/26761.59) lat (ms,95%): 14.73 err/s: 0.00 reconn/s: 0.00
[ 300s ] thds: 128 tps: 13322.12 qps: 266454.04 (r/w/o: 186518.71/53290.69/26644.64) lat (ms,95%): 14.73 err/s: 0.00 reconn/s: 0.00
[ 310s ] thds: 128 tps: 13542.00 qps: 270829.04 (r/w/o: 189578.43/54166.81/27083.80) lat (ms,95%): 14.73 err/s: 0.00 reconn/s: 0.00
[ 320s ] thds: 128 tps: 13024.42 qps: 260499.71 (r/w/o: 182352.92/52097.56/26049.23) lat (ms,95%): 14.73 err/s: 0.00 reconn/s: 0.00
[ 330s ] thds: 128 tps: 13421.48 qps: 268423.30 (r/w/o: 187893.62/53686.62/26843.06) lat (ms,95%): 14.46 err/s: 0.00 reconn/s: 0.00
[ 340s ] thds: 128 tps: 13229.02 qps: 264573.45 (r/w/o: 185202.74/52912.97/26457.73) lat (ms,95%): 14.73 err/s: 0.00 reconn/s: 0.00
[ 350s ] thds: 128 tps: 14030.89 qps: 280639.15 (r/w/o: 196451.29/56126.07/28061.78) lat (ms,95%): 14.21 err/s: 0.00 reconn/s: 0.00
[ 360s ] thds: 128 tps: 13119.28 qps: 262359.28 (r/w/o: 183645.37/52475.54/26238.37) lat (ms,95%): 14.73 err/s: 0.00 reconn/s: 0.00
[ 370s ] thds: 128 tps: 14095.21 qps: 281912.62 (r/w/o: 197340.49/56381.42/28190.71) lat (ms,95%): 14.21 err/s: 0.00 reconn/s: 0.00
[ 380s ] thds: 128 tps: 13977.69 qps: 279554.00 (r/w/o: 195688.99/55909.84/27955.17) lat (ms,95%): 14.21 err/s: 0.00 reconn/s: 0.00
[ 390s ] thds: 128 tps: 13459.04 qps: 269176.16 (r/w/o: 188420.83/53837.15/26918.18) lat (ms,95%): 14.46 err/s: 0.00 reconn/s: 0.00
[ 400s ] thds: 128 tps: 13497.87 qps: 269963.86 (r/w/o: 188977.35/53991.07/26995.44) lat (ms,95%): 14.46 err/s: 0.00 reconn/s: 0.00
SQL statistics:
    queries performed:
        read:                            74810344
        write:                           21374381
        other:                           10687195
        total:                           106871920
    transactions:                        5343596 (13356.59 per sec.)
    queries:                             106871920 (267131.90 per sec.)
    ignored errors:                      0      (0.00 per sec.)
    reconnects:                          0      (0.00 per sec.)

General statistics:
    total time:                          400.0708s
    total number of events:              5343596

Latency (ms):
         min:                                    5.17
         avg:                                    9.58
         max:                                  124.91
         95th percentile:                       14.73
         sum:                             51196620.80

Threads fairness:
    events (avg/stddev):           41746.8438/1615.90
    execution time (avg/stddev):   399.9736/0.01

