sysbench 1.0.20-ebf1c90 (using bundled LuaJIT 2.1.0-beta2)

Running the test with following options:
Number of threads: 128
Report intermediate results every 10 second(s)
Initializing random number generator from current time


Initializing worker threads...

Threads started!

[ 10s ] thds: 128 tps: 12934.35 qps: 258818.15 (r/w/o: 181191.43/51745.31/25881.41) lat (ms,95%): 15.00 err/s: 0.10 reconn/s: 0.00
[ 20s ] thds: 128 tps: 13383.92 qps: 267677.01 (r/w/o: 187375.01/53534.16/26767.83) lat (ms,95%): 14.73 err/s: 0.00 reconn/s: 0.00
[ 30s ] thds: 128 tps: 12544.22 qps: 250876.95 (r/w/o: 175612.72/50176.29/25087.95) lat (ms,95%): 15.00 err/s: 0.00 reconn/s: 0.00
[ 40s ] thds: 128 tps: 13285.37 qps: 265737.99 (r/w/o: 186021.65/53145.10/26571.25) lat (ms,95%): 15.00 err/s: 0.00 reconn/s: 0.00
[ 50s ] thds: 128 tps: 12960.19 qps: 259174.43 (r/w/o: 181416.28/51837.97/25920.18) lat (ms,95%): 15.00 err/s: 0.00 reconn/s: 0.00
[ 60s ] thds: 128 tps: 13844.11 qps: 276880.86 (r/w/o: 193818.61/55374.13/27688.12) lat (ms,95%): 14.46 err/s: 0.00 reconn/s: 0.00
[ 70s ] thds: 128 tps: 12665.10 qps: 253304.19 (r/w/o: 177312.17/50662.12/25329.91) lat (ms,95%): 15.00 err/s: 0.00 reconn/s: 0.00
[ 80s ] thds: 128 tps: 13674.39 qps: 273490.81 (r/w/o: 191443.97/54697.76/27349.08) lat (ms,95%): 15.00 err/s: 0.00 reconn/s: 0.00
[ 90s ] thds: 128 tps: 13574.68 qps: 271483.96 (r/w/o: 190037.46/54297.03/27149.47) lat (ms,95%): 14.73 err/s: 0.00 reconn/s: 0.00
[ 100s ] thds: 128 tps: 13796.55 qps: 275945.79 (r/w/o: 193163.09/55189.80/27592.90) lat (ms,95%): 14.46 err/s: 0.00 reconn/s: 0.00
[ 110s ] thds: 128 tps: 13008.88 qps: 260161.82 (r/w/o: 182110.94/52032.92/26017.96) lat (ms,95%): 14.73 err/s: 0.00 reconn/s: 0.00
[ 120s ] thds: 128 tps: 13871.41 qps: 277440.87 (r/w/o: 194210.52/55487.43/27742.92) lat (ms,95%): 14.73 err/s: 0.00 reconn/s: 0.00
[ 130s ] thds: 128 tps: 13186.41 qps: 263726.61 (r/w/o: 184607.58/52746.52/26372.51) lat (ms,95%): 14.73 err/s: 0.00 reconn/s: 0.00
[ 140s ] thds: 128 tps: 13412.79 qps: 268249.61 (r/w/o: 187774.99/53648.84/26825.77) lat (ms,95%): 14.73 err/s: 0.00 reconn/s: 0.00
[ 150s ] thds: 128 tps: 13152.71 qps: 263060.00 (r/w/o: 184143.94/52610.44/26305.62) lat (ms,95%): 15.00 err/s: 0.00 reconn/s: 0.00
[ 160s ] thds: 128 tps: 13880.69 qps: 277614.33 (r/w/o: 194328.91/55524.45/27760.97) lat (ms,95%): 14.46 err/s: 0.00 reconn/s: 0.00
[ 170s ] thds: 128 tps: 13309.80 qps: 266195.08 (r/w/o: 186336.49/53238.70/26619.90) lat (ms,95%): 14.73 err/s: 0.00 reconn/s: 0.00
[ 180s ] thds: 128 tps: 13578.59 qps: 271576.83 (r/w/o: 190104.78/54315.07/27156.98) lat (ms,95%): 14.73 err/s: 0.00 reconn/s: 0.00
[ 190s ] thds: 128 tps: 13659.00 qps: 273185.96 (r/w/o: 191232.24/54635.61/27318.11) lat (ms,95%): 14.73 err/s: 0.00 reconn/s: 0.00
[ 200s ] thds: 128 tps: 13718.00 qps: 274346.17 (r/w/o: 192038.85/54871.61/27435.71) lat (ms,95%): 14.73 err/s: 0.00 reconn/s: 0.00
[ 210s ] thds: 128 tps: 13030.81 qps: 260626.67 (r/w/o: 182440.72/52123.83/26062.12) lat (ms,95%): 14.73 err/s: 0.00 reconn/s: 0.00
[ 220s ] thds: 128 tps: 13937.09 qps: 278724.93 (r/w/o: 195104.88/55746.77/27873.28) lat (ms,95%): 14.46 err/s: 0.00 reconn/s: 0.00
[ 230s ] thds: 128 tps: 13315.10 qps: 266309.16 (r/w/o: 186417.24/53260.91/26631.01) lat (ms,95%): 14.73 err/s: 0.00 reconn/s: 0.00
[ 240s ] thds: 128 tps: 13687.89 qps: 273754.12 (r/w/o: 191627.51/54750.94/27375.67) lat (ms,95%): 14.46 err/s: 0.00 reconn/s: 0.00
[ 250s ] thds: 128 tps: 13179.70 qps: 263591.14 (r/w/o: 184513.33/52718.71/26359.10) lat (ms,95%): 14.73 err/s: 0.00 reconn/s: 0.00
[ 260s ] thds: 128 tps: 14024.00 qps: 280479.45 (r/w/o: 196335.03/56096.11/28048.30) lat (ms,95%): 14.46 err/s: 0.00 reconn/s: 0.00
[ 270s ] thds: 128 tps: 13717.70 qps: 274349.69 (r/w/o: 192044.66/54869.72/27435.31) lat (ms,95%): 14.21 err/s: 0.00 reconn/s: 0.00
[ 280s ] thds: 128 tps: 13711.71 qps: 274241.15 (r/w/o: 191968.77/54848.65/27423.72) lat (ms,95%): 14.46 err/s: 0.00 reconn/s: 0.00
[ 290s ] thds: 128 tps: 13585.79 qps: 271731.47 (r/w/o: 190214.24/54345.75/27171.48) lat (ms,95%): 14.73 err/s: 0.00 reconn/s: 0.00
[ 300s ] thds: 128 tps: 13757.21 qps: 275126.62 (r/w/o: 192586.95/55025.84/27513.82) lat (ms,95%): 14.46 err/s: 0.00 reconn/s: 0.00
[ 310s ] thds: 128 tps: 12626.50 qps: 252544.97 (r/w/o: 176783.38/50508.19/25253.40) lat (ms,95%): 15.27 err/s: 0.00 reconn/s: 0.00
[ 320s ] thds: 128 tps: 13520.48 qps: 270393.86 (r/w/o: 189274.69/54078.41/27040.76) lat (ms,95%): 14.73 err/s: 0.00 reconn/s: 0.00
[ 330s ] thds: 128 tps: 13059.82 qps: 261205.42 (r/w/o: 182845.49/52240.28/26119.64) lat (ms,95%): 15.00 err/s: 0.00 reconn/s: 0.00
[ 340s ] thds: 128 tps: 13659.88 qps: 273200.15 (r/w/o: 191238.99/54641.31/27319.86) lat (ms,95%): 14.73 err/s: 0.00 reconn/s: 0.00
[ 350s ] thds: 128 tps: 12687.41 qps: 253748.54 (r/w/o: 177625.57/50747.65/25375.32) lat (ms,95%): 15.00 err/s: 0.00 reconn/s: 0.00
[ 360s ] thds: 128 tps: 13734.40 qps: 274693.34 (r/w/o: 192286.56/54938.29/27468.49) lat (ms,95%): 14.73 err/s: 0.00 reconn/s: 0.00
[ 370s ] thds: 128 tps: 13622.62 qps: 272446.94 (r/w/o: 190711.34/54490.57/27245.03) lat (ms,95%): 14.46 err/s: 0.00 reconn/s: 0.00
[ 380s ] thds: 128 tps: 13776.68 qps: 275540.00 (r/w/o: 192878.92/55107.82/27553.26) lat (ms,95%): 14.73 err/s: 0.00 reconn/s: 0.00
[ 390s ] thds: 128 tps: 12988.61 qps: 259758.99 (r/w/o: 181829.61/51952.16/25977.23) lat (ms,95%): 14.73 err/s: 0.00 reconn/s: 0.00
[ 400s ] thds: 128 tps: 13729.70 qps: 274609.14 (r/w/o: 192229.56/54919.89/27459.69) lat (ms,95%): 14.46 err/s: 0.00 reconn/s: 0.00
SQL statistics:
    queries performed:
        read:                            75153218
        write:                           21472346
        other:                           10736174
        total:                           107361738
    transactions:                        5368086 (13416.19 per sec.)
    queries:                             107361738 (268323.92 per sec.)
    ignored errors:                      1      (0.00 per sec.)
    reconnects:                          0      (0.00 per sec.)

General statistics:
    total time:                          400.1189s
    total number of events:              5368086

Latency (ms):
         min:                                    5.21
         avg:                                    9.54
         max:                                  124.88
         95th percentile:                       14.73
         sum:                             51196789.35

Threads fairness:
    events (avg/stddev):           41938.1719/1736.75
    execution time (avg/stddev):   399.9749/0.02

