sysbench 1.0.20-ebf1c90 (using bundled LuaJIT 2.1.0-beta2)

Running the test with following options:
Number of threads: 400
Report intermediate results every 10 second(s)
Initializing random number generator from current time


Initializing worker threads...

Threads started!

[ 10s ] thds: 400 tps: 9379.06 qps: 188179.90 (r/w/o: 131808.16/37573.63/18798.11) lat (ms,95%): 161.51 err/s: 0.00 reconn/s: 0.00
[ 20s ] thds: 400 tps: 18117.57 qps: 362132.64 (r/w/o: 253458.44/72440.27/36233.93) lat (ms,95%): 38.25 err/s: 0.20 reconn/s: 0.00
[ 30s ] thds: 400 tps: 22727.29 qps: 454670.14 (r/w/o: 318291.02/90923.55/45455.57) lat (ms,95%): 24.38 err/s: 0.10 reconn/s: 0.00
[ 40s ] thds: 400 tps: 24533.81 qps: 490421.24 (r/w/o: 343255.97/98096.95/49068.32) lat (ms,95%): 23.52 err/s: 0.00 reconn/s: 0.00
[ 50s ] thds: 400 tps: 24723.65 qps: 494939.32 (r/w/o: 346478.51/99013.20/49447.60) lat (ms,95%): 23.95 err/s: 0.00 reconn/s: 0.00
[ 60s ] thds: 400 tps: 24890.96 qps: 497573.37 (r/w/o: 348325.09/99467.25/49781.03) lat (ms,95%): 23.52 err/s: 0.00 reconn/s: 0.00
[ 70s ] thds: 400 tps: 24712.09 qps: 494329.47 (r/w/o: 346018.34/98886.65/49424.48) lat (ms,95%): 23.95 err/s: 0.00 reconn/s: 0.00
[ 80s ] thds: 400 tps: 24397.33 qps: 487865.02 (r/w/o: 341493.93/97578.72/48792.36) lat (ms,95%): 23.95 err/s: 0.00 reconn/s: 0.00
[ 90s ] thds: 400 tps: 24778.04 qps: 495528.97 (r/w/o: 346870.04/99099.75/49559.18) lat (ms,95%): 23.52 err/s: 0.00 reconn/s: 0.00
[ 100s ] thds: 400 tps: 21866.24 qps: 437360.17 (r/w/o: 306174.71/87454.97/43730.49) lat (ms,95%): 34.95 err/s: 0.00 reconn/s: 0.00
[ 110s ] thds: 400 tps: 19093.57 qps: 381932.23 (r/w/o: 267354.03/76389.67/38188.53) lat (ms,95%): 49.21 err/s: 0.00 reconn/s: 0.00
[ 120s ] thds: 400 tps: 18369.57 qps: 367396.47 (r/w/o: 257188.13/73468.19/36740.15) lat (ms,95%): 48.34 err/s: 0.10 reconn/s: 0.00
[ 130s ] thds: 400 tps: 23325.07 qps: 466405.46 (r/w/o: 326472.92/93284.59/46647.95) lat (ms,95%): 27.17 err/s: 0.00 reconn/s: 0.00
[ 140s ] thds: 400 tps: 24634.07 qps: 492647.17 (r/w/o: 344826.14/98552.89/49268.15) lat (ms,95%): 23.52 err/s: 0.00 reconn/s: 0.00
[ 150s ] thds: 400 tps: 24998.92 qps: 500096.52 (r/w/o: 350078.60/100017.48/50000.44) lat (ms,95%): 23.10 err/s: 0.10 reconn/s: 0.00
[ 160s ] thds: 400 tps: 24963.51 qps: 499191.28 (r/w/o: 349449.90/99814.86/49926.53) lat (ms,95%): 23.10 err/s: 0.00 reconn/s: 0.00
[ 170s ] thds: 400 tps: 25092.66 qps: 501939.96 (r/w/o: 351351.81/100402.13/50186.02) lat (ms,95%): 22.69 err/s: 0.00 reconn/s: 0.00
[ 180s ] thds: 400 tps: 25321.76 qps: 506285.23 (r/w/o: 354373.69/101267.83/50643.71) lat (ms,95%): 22.69 err/s: 0.00 reconn/s: 0.00
[ 190s ] thds: 400 tps: 25217.38 qps: 504454.37 (r/w/o: 353165.40/100855.41/50433.56) lat (ms,95%): 22.28 err/s: 0.00 reconn/s: 0.00
[ 200s ] thds: 400 tps: 23735.94 qps: 474767.74 (r/w/o: 332333.09/94961.47/47473.18) lat (ms,95%): 26.20 err/s: 0.00 reconn/s: 0.00
[ 210s ] thds: 400 tps: 21131.98 qps: 422770.72 (r/w/o: 295927.14/84579.72/42263.86) lat (ms,95%): 38.94 err/s: 0.00 reconn/s: 0.00
[ 220s ] thds: 400 tps: 20960.52 qps: 419120.33 (r/w/o: 293383.03/83816.27/41921.03) lat (ms,95%): 39.65 err/s: 0.00 reconn/s: 0.00
[ 230s ] thds: 400 tps: 23144.01 qps: 462726.19 (r/w/o: 323893.93/92544.14/46288.12) lat (ms,95%): 27.66 err/s: 0.00 reconn/s: 0.00
[ 240s ] thds: 400 tps: 25198.91 qps: 503855.29 (r/w/o: 352669.70/100791.46/50394.13) lat (ms,95%): 22.28 err/s: 0.00 reconn/s: 0.00
[ 250s ] thds: 400 tps: 25329.47 qps: 506961.85 (r/w/o: 354916.72/101382.19/50662.94) lat (ms,95%): 22.28 err/s: 0.00 reconn/s: 0.00
[ 260s ] thds: 400 tps: 25454.17 qps: 508700.61 (r/w/o: 356059.49/101736.48/50904.64) lat (ms,95%): 22.28 err/s: 0.00 reconn/s: 0.00
[ 270s ] thds: 400 tps: 25486.82 qps: 510016.35 (r/w/o: 357027.42/102013.29/50975.64) lat (ms,95%): 21.89 err/s: 0.20 reconn/s: 0.00
[ 280s ] thds: 400 tps: 25145.90 qps: 502818.26 (r/w/o: 351977.07/100547.09/50294.10) lat (ms,95%): 22.69 err/s: 0.00 reconn/s: 0.00
[ 290s ] thds: 400 tps: 25441.38 qps: 508916.98 (r/w/o: 356250.31/101783.72/50882.96) lat (ms,95%): 22.28 err/s: 0.10 reconn/s: 0.00
[ 300s ] thds: 400 tps: 23883.23 qps: 477742.98 (r/w/o: 334401.08/95577.24/47764.67) lat (ms,95%): 25.74 err/s: 0.00 reconn/s: 0.00
[ 310s ] thds: 400 tps: 21040.13 qps: 420583.68 (r/w/o: 294433.68/84069.24/42080.77) lat (ms,95%): 38.94 err/s: 0.10 reconn/s: 0.00
[ 320s ] thds: 400 tps: 20624.98 qps: 412591.35 (r/w/o: 288817.56/82521.83/41251.97) lat (ms,95%): 39.65 err/s: 0.00 reconn/s: 0.00
[ 330s ] thds: 400 tps: 23140.00 qps: 462759.20 (r/w/o: 323946.53/92532.48/46280.19) lat (ms,95%): 28.16 err/s: 0.00 reconn/s: 0.00
[ 340s ] thds: 400 tps: 24976.62 qps: 499460.93 (r/w/o: 349568.90/99940.89/49951.14) lat (ms,95%): 23.10 err/s: 0.10 reconn/s: 0.00
[ 350s ] thds: 400 tps: 23954.87 qps: 479187.22 (r/w/o: 335467.40/95807.38/47912.44) lat (ms,95%): 24.83 err/s: 0.10 reconn/s: 0.00
[ 360s ] thds: 400 tps: 23299.24 qps: 466082.10 (r/w/o: 326251.26/93232.26/46598.58) lat (ms,95%): 27.66 err/s: 0.00 reconn/s: 0.00
[ 370s ] thds: 400 tps: 22953.28 qps: 459056.87 (r/w/o: 321347.80/91802.51/45906.56) lat (ms,95%): 29.19 err/s: 0.00 reconn/s: 0.00
[ 380s ] thds: 400 tps: 22286.50 qps: 445726.85 (r/w/o: 312004.43/89149.41/44573.00) lat (ms,95%): 32.53 err/s: 0.00 reconn/s: 0.00
[ 390s ] thds: 400 tps: 22221.50 qps: 444489.11 (r/w/o: 311134.01/88913.00/44442.10) lat (ms,95%): 32.53 err/s: 0.00 reconn/s: 0.00
[ 400s ] thds: 400 tps: 21705.23 qps: 434012.35 (r/w/o: 303805.49/86795.51/43411.36) lat (ms,95%): 36.24 err/s: 0.00 reconn/s: 0.00
[ 410s ] thds: 400 tps: 21915.42 qps: 438294.93 (r/w/o: 306831.53/87632.67/43830.73) lat (ms,95%): 33.72 err/s: 0.00 reconn/s: 0.00
[ 420s ] thds: 400 tps: 20766.95 qps: 415154.51 (r/w/o: 290567.91/83054.90/41531.70) lat (ms,95%): 36.89 err/s: 0.00 reconn/s: 0.00
SQL statistics:
    queries performed:
        read:                            135097340
        write:                           38599189
        other:                           19299649
        total:                           192996178
    transactions:                        9649799 (22955.06 per sec.)
    queries:                             192996178 (459101.72 per sec.)
    ignored errors:                      11     (0.03 per sec.)
    reconnects:                          0      (0.00 per sec.)

General statistics:
    total time:                          420.3769s
    total number of events:              9649799

Latency (ms):
         min:                                    5.32
         avg:                                   17.41
         max:                                  442.27
         95th percentile:                       27.17
         sum:                            168036867.57

Threads fairness:
    events (avg/stddev):           24124.4975/606.56
    execution time (avg/stddev):   420.0922/0.09

