sysbench 1.0.20-ebf1c90 (using bundled LuaJIT 2.1.0-beta2)

Running the test with following options:
Number of threads: 400
Report intermediate results every 10 second(s)
Initializing random number generator from current time


Initializing worker threads...

Threads started!

[ 10s ] thds: 400 tps: 8852.78 qps: 177439.23 (r/w/o: 124270.36/35425.92/17742.95) lat (ms,95%): 167.44 err/s: 0.00 reconn/s: 0.00
[ 20s ] thds: 400 tps: 16830.41 qps: 336576.97 (r/w/o: 235592.09/67321.15/33663.73) lat (ms,95%): 86.00 err/s: 0.10 reconn/s: 0.00
[ 30s ] thds: 400 tps: 20992.57 qps: 419947.37 (r/w/o: 293989.73/83972.59/41985.05) lat (ms,95%): 26.68 err/s: 0.00 reconn/s: 0.00
[ 40s ] thds: 400 tps: 22326.97 qps: 446625.03 (r/w/o: 312614.43/89362.86/44647.74) lat (ms,95%): 26.20 err/s: 0.10 reconn/s: 0.00
[ 50s ] thds: 400 tps: 22722.66 qps: 454354.89 (r/w/o: 318049.37/90853.71/45451.81) lat (ms,95%): 25.74 err/s: 0.00 reconn/s: 0.00
[ 60s ] thds: 400 tps: 23011.09 qps: 460231.11 (r/w/o: 322157.27/92052.36/46021.48) lat (ms,95%): 25.74 err/s: 0.00 reconn/s: 0.00
[ 70s ] thds: 400 tps: 22961.17 qps: 459329.89 (r/w/o: 321539.27/91868.58/45922.04) lat (ms,95%): 25.74 err/s: 0.00 reconn/s: 0.00
[ 80s ] thds: 400 tps: 22818.43 qps: 456298.02 (r/w/o: 319413.73/91246.42/45637.86) lat (ms,95%): 25.74 err/s: 0.00 reconn/s: 0.00
[ 90s ] thds: 400 tps: 22915.70 qps: 458474.25 (r/w/o: 320919.53/91723.41/45831.30) lat (ms,95%): 25.28 err/s: 0.00 reconn/s: 0.00
[ 100s ] thds: 400 tps: 22960.69 qps: 459027.83 (r/w/o: 321336.98/91769.17/45921.68) lat (ms,95%): 25.28 err/s: 0.00 reconn/s: 0.00
[ 110s ] thds: 400 tps: 20782.21 qps: 415750.11 (r/w/o: 291021.18/83166.02/41562.91) lat (ms,95%): 34.33 err/s: 0.00 reconn/s: 0.00
[ 120s ] thds: 400 tps: 18321.79 qps: 366385.98 (r/w/o: 256437.82/73304.88/36643.29) lat (ms,95%): 51.94 err/s: 0.00 reconn/s: 0.00
[ 130s ] thds: 400 tps: 17754.95 qps: 355164.35 (r/w/o: 248655.26/70997.99/35511.09) lat (ms,95%): 49.21 err/s: 0.00 reconn/s: 0.00
[ 140s ] thds: 400 tps: 22301.25 qps: 445819.24 (r/w/o: 312031.43/89184.41/44603.40) lat (ms,95%): 26.68 err/s: 0.00 reconn/s: 0.00
[ 150s ] thds: 400 tps: 22662.34 qps: 453254.43 (r/w/o: 317296.08/90636.97/45321.38) lat (ms,95%): 25.74 err/s: 0.10 reconn/s: 0.00
[ 160s ] thds: 400 tps: 23277.49 qps: 465640.17 (r/w/o: 325962.84/93119.75/46557.58) lat (ms,95%): 24.83 err/s: 0.00 reconn/s: 0.00
[ 170s ] thds: 400 tps: 23303.36 qps: 465949.13 (r/w/o: 326154.66/93188.35/46606.12) lat (ms,95%): 24.83 err/s: 0.00 reconn/s: 0.00
[ 180s ] thds: 400 tps: 23074.57 qps: 461364.04 (r/w/o: 322907.04/92310.67/46146.34) lat (ms,95%): 24.83 err/s: 0.00 reconn/s: 0.00
[ 190s ] thds: 400 tps: 22917.53 qps: 458495.97 (r/w/o: 320983.17/91677.63/45835.17) lat (ms,95%): 25.28 err/s: 0.10 reconn/s: 0.00
[ 200s ] thds: 400 tps: 23180.15 qps: 463736.27 (r/w/o: 324654.15/92719.21/46362.91) lat (ms,95%): 24.83 err/s: 0.00 reconn/s: 0.00
[ 210s ] thds: 400 tps: 21898.58 qps: 438118.60 (r/w/o: 306664.19/87655.14/43799.27) lat (ms,95%): 29.72 err/s: 0.00 reconn/s: 0.00
[ 220s ] thds: 400 tps: 21831.91 qps: 436641.57 (r/w/o: 305656.92/87320.53/43664.12) lat (ms,95%): 28.67 err/s: 0.00 reconn/s: 0.00
[ 230s ] thds: 400 tps: 19831.37 qps: 396589.74 (r/w/o: 277616.94/79309.97/39662.83) lat (ms,95%): 39.65 err/s: 0.00 reconn/s: 0.00
[ 240s ] thds: 400 tps: 19872.93 qps: 397423.15 (r/w/o: 278204.36/79473.03/39745.77) lat (ms,95%): 38.94 err/s: 0.00 reconn/s: 0.00
[ 250s ] thds: 400 tps: 21464.62 qps: 429134.84 (r/w/o: 300374.34/85831.17/42929.33) lat (ms,95%): 30.26 err/s: 0.00 reconn/s: 0.00
[ 260s ] thds: 400 tps: 23144.69 qps: 462793.15 (r/w/o: 323926.83/92577.55/46288.78) lat (ms,95%): 24.83 err/s: 0.20 reconn/s: 0.00
[ 270s ] thds: 400 tps: 23102.52 qps: 461977.24 (r/w/o: 323373.64/92398.27/46205.33) lat (ms,95%): 25.28 err/s: 0.00 reconn/s: 0.00
[ 280s ] thds: 400 tps: 23238.37 qps: 464993.66 (r/w/o: 325534.23/92981.79/46477.65) lat (ms,95%): 24.83 err/s: 0.00 reconn/s: 0.00
[ 290s ] thds: 400 tps: 23055.55 qps: 461284.60 (r/w/o: 322904.90/92268.40/46111.30) lat (ms,95%): 25.28 err/s: 0.10 reconn/s: 0.00
[ 300s ] thds: 400 tps: 23136.10 qps: 462568.90 (r/w/o: 323798.13/92497.88/46272.89) lat (ms,95%): 24.83 err/s: 0.40 reconn/s: 0.00
[ 310s ] thds: 400 tps: 21685.78 qps: 433844.29 (r/w/o: 303679.12/86793.52/43371.66) lat (ms,95%): 29.72 err/s: 0.00 reconn/s: 0.00
[ 320s ] thds: 400 tps: 21757.13 qps: 435043.92 (r/w/o: 304549.43/86980.12/43514.36) lat (ms,95%): 29.19 err/s: 0.10 reconn/s: 0.00
[ 330s ] thds: 400 tps: 21647.45 qps: 432829.72 (r/w/o: 302963.62/86571.00/43295.10) lat (ms,95%): 29.72 err/s: 0.00 reconn/s: 0.00
[ 340s ] thds: 400 tps: 19804.62 qps: 396416.72 (r/w/o: 277487.00/79319.99/39609.74) lat (ms,95%): 38.25 err/s: 0.20 reconn/s: 0.00
[ 350s ] thds: 400 tps: 19869.00 qps: 396892.40 (r/w/o: 277793.12/79361.68/39737.59) lat (ms,95%): 38.25 err/s: 0.00 reconn/s: 0.00
[ 360s ] thds: 400 tps: 22309.53 qps: 446504.59 (r/w/o: 312603.48/89281.44/44619.67) lat (ms,95%): 26.68 err/s: 0.10 reconn/s: 0.00
[ 370s ] thds: 400 tps: 22780.89 qps: 455643.81 (r/w/o: 318962.30/91119.74/45561.77) lat (ms,95%): 25.74 err/s: 0.00 reconn/s: 0.00
[ 380s ] thds: 400 tps: 22516.72 qps: 450305.29 (r/w/o: 315210.07/90061.58/45033.64) lat (ms,95%): 26.68 err/s: 0.10 reconn/s: 0.00
[ 390s ] thds: 400 tps: 22022.95 qps: 440512.38 (r/w/o: 308339.09/88127.30/44046.00) lat (ms,95%): 28.16 err/s: 0.00 reconn/s: 0.00
[ 400s ] thds: 400 tps: 21647.06 qps: 432855.45 (r/w/o: 303017.07/86544.25/43294.12) lat (ms,95%): 29.19 err/s: 0.00 reconn/s: 0.00
[ 410s ] thds: 400 tps: 20906.18 qps: 418135.19 (r/w/o: 292673.62/83651.01/41810.56) lat (ms,95%): 33.72 err/s: 0.00 reconn/s: 0.00
[ 420s ] thds: 400 tps: 20343.10 qps: 406931.94 (r/w/o: 284875.63/81368.30/40688.00) lat (ms,95%): 36.89 err/s: 0.00 reconn/s: 0.00
[ 430s ] thds: 400 tps: 20123.23 qps: 402461.72 (r/w/o: 281709.13/80505.72/40246.86) lat (ms,95%): 36.89 err/s: 0.10 reconn/s: 0.00
[ 440s ] thds: 400 tps: 20011.25 qps: 400178.30 (r/w/o: 280130.20/80025.60/40022.50) lat (ms,95%): 37.56 err/s: 0.00 reconn/s: 0.00
[ 450s ] thds: 400 tps: 19961.29 qps: 399246.40 (r/w/o: 279493.66/79831.46/39921.28) lat (ms,95%): 36.89 err/s: 0.00 reconn/s: 0.00
[ 460s ] thds: 400 tps: 19852.18 qps: 396819.33 (r/w/o: 277732.07/79384.51/39702.75) lat (ms,95%): 36.89 err/s: 0.10 reconn/s: 0.00
[ 470s ] thds: 400 tps: 21751.84 qps: 435112.15 (r/w/o: 304580.42/87024.15/43507.57) lat (ms,95%): 29.19 err/s: 0.10 reconn/s: 0.00
[ 480s ] thds: 400 tps: 22982.50 qps: 459940.13 (r/w/o: 321967.72/92007.41/45965.00) lat (ms,95%): 25.28 err/s: 0.00 reconn/s: 0.00
[ 490s ] thds: 400 tps: 22775.91 qps: 455325.61 (r/w/o: 318736.65/91037.14/45551.82) lat (ms,95%): 25.74 err/s: 0.10 reconn/s: 0.00
[ 500s ] thds: 400 tps: 22724.57 qps: 454667.33 (r/w/o: 318260.23/90957.67/45449.43) lat (ms,95%): 25.74 err/s: 0.00 reconn/s: 0.00
[ 510s ] thds: 400 tps: 22828.05 qps: 456368.50 (r/w/o: 319448.77/91265.52/45654.21) lat (ms,95%): 25.74 err/s: 0.00 reconn/s: 0.00
[ 520s ] thds: 400 tps: 21594.61 qps: 431882.55 (r/w/o: 302323.48/86367.45/43191.63) lat (ms,95%): 29.19 err/s: 0.10 reconn/s: 0.00
[ 530s ] thds: 400 tps: 21270.57 qps: 425571.65 (r/w/o: 297910.01/85120.59/42541.04) lat (ms,95%): 30.81 err/s: 0.00 reconn/s: 0.00
[ 540s ] thds: 400 tps: 21341.24 qps: 426594.70 (r/w/o: 298596.36/85315.86/42682.48) lat (ms,95%): 30.26 err/s: 0.00 reconn/s: 0.00
[ 550s ] thds: 400 tps: 21556.34 qps: 431111.13 (r/w/o: 301785.88/86214.57/43110.68) lat (ms,95%): 29.72 err/s: 0.00 reconn/s: 0.00
[ 560s ] thds: 400 tps: 20175.81 qps: 403666.20 (r/w/o: 282592.21/80720.06/40353.93) lat (ms,95%): 36.89 err/s: 0.00 reconn/s: 0.00
[ 570s ] thds: 400 tps: 19879.78 qps: 397774.73 (r/w/o: 278413.57/79601.60/39759.55) lat (ms,95%): 36.89 err/s: 0.00 reconn/s: 0.00
[ 580s ] thds: 400 tps: 22591.74 qps: 451483.55 (r/w/o: 316012.52/90287.85/45183.18) lat (ms,95%): 26.20 err/s: 0.10 reconn/s: 0.00
[ 590s ] thds: 400 tps: 22818.14 qps: 456687.07 (r/w/o: 319712.71/91337.27/45637.09) lat (ms,95%): 25.74 err/s: 0.10 reconn/s: 0.00
[ 600s ] thds: 400 tps: 22756.20 qps: 454796.96 (r/w/o: 318359.94/90924.41/45512.61) lat (ms,95%): 26.20 err/s: 0.00 reconn/s: 0.00
SQL statistics:
    queries performed:
        read:                            180442290
        write:                           51554859
        other:                           25777505
        total:                           257774654
    transactions:                        12888712 (21469.29 per sec.)
    queries:                             257774654 (429386.47 per sec.)
    ignored errors:                      23     (0.04 per sec.)
    reconnects:                          0      (0.00 per sec.)

General statistics:
    total time:                          600.3314s
    total number of events:              12888712

Latency (ms):
         min:                                    5.13
         avg:                                   18.62
         max:                                  336.78
         95th percentile:                       29.19
         sum:                            239981852.93

Threads fairness:
    events (avg/stddev):           32221.7800/775.14
    execution time (avg/stddev):   599.9546/0.01

