sysbench 1.0.20-ebf1c90 (using bundled LuaJIT 2.1.0-beta2)

Running the test with following options:
Number of threads: 400
Report intermediate results every 10 second(s)
Initializing random number generator from current time


Initializing worker threads...

Threads started!

[ 10s ] thds: 400 tps: 8242.84 qps: 165244.63 (r/w/o: 115714.57/33007.67/16522.38) lat (ms,95%): 167.44 err/s: 0.00 reconn/s: 0.00
[ 20s ] thds: 400 tps: 17447.20 qps: 349102.39 (r/w/o: 244379.39/69825.40/34897.60) lat (ms,95%): 99.33 err/s: 0.00 reconn/s: 0.00
[ 30s ] thds: 400 tps: 21919.44 qps: 438285.91 (r/w/o: 306827.50/87619.34/43839.07) lat (ms,95%): 25.74 err/s: 0.10 reconn/s: 0.00
[ 40s ] thds: 400 tps: 23907.23 qps: 478371.73 (r/w/o: 334846.67/95710.51/47814.55) lat (ms,95%): 24.38 err/s: 0.00 reconn/s: 0.00
[ 50s ] thds: 400 tps: 24177.76 qps: 483317.22 (r/w/o: 338308.75/96652.54/48355.92) lat (ms,95%): 24.38 err/s: 0.00 reconn/s: 0.00
[ 60s ] thds: 400 tps: 24280.83 qps: 485731.88 (r/w/o: 340026.30/97143.71/48561.86) lat (ms,95%): 24.38 err/s: 0.10 reconn/s: 0.00
[ 70s ] thds: 400 tps: 24406.18 qps: 487885.10 (r/w/o: 341494.32/97578.92/48811.86) lat (ms,95%): 24.38 err/s: 0.00 reconn/s: 0.00
[ 80s ] thds: 400 tps: 24380.66 qps: 487790.35 (r/w/o: 341509.97/97518.85/48761.52) lat (ms,95%): 23.95 err/s: 0.00 reconn/s: 0.00
[ 90s ] thds: 400 tps: 24480.65 qps: 489383.12 (r/w/o: 342480.82/97940.90/48961.40) lat (ms,95%): 23.95 err/s: 0.20 reconn/s: 0.00
[ 100s ] thds: 400 tps: 24482.01 qps: 489865.84 (r/w/o: 342958.40/97942.43/48965.02) lat (ms,95%): 23.95 err/s: 0.00 reconn/s: 0.00
[ 110s ] thds: 400 tps: 21929.46 qps: 438513.49 (r/w/o: 306952.13/87707.14/43854.22) lat (ms,95%): 32.53 err/s: 0.10 reconn/s: 0.00
[ 120s ] thds: 400 tps: 19201.48 qps: 384015.19 (r/w/o: 268810.18/76801.94/38403.07) lat (ms,95%): 49.21 err/s: 0.00 reconn/s: 0.00
[ 130s ] thds: 400 tps: 18074.10 qps: 361608.06 (r/w/o: 253143.94/72311.01/36153.11) lat (ms,95%): 49.21 err/s: 0.00 reconn/s: 0.00
[ 140s ] thds: 400 tps: 23598.03 qps: 471832.68 (r/w/o: 330259.71/94380.32/47192.66) lat (ms,95%): 25.28 err/s: 0.00 reconn/s: 0.00
[ 150s ] thds: 400 tps: 24413.60 qps: 488377.55 (r/w/o: 341882.44/97664.41/48830.71) lat (ms,95%): 23.52 err/s: 0.00 reconn/s: 0.00
[ 160s ] thds: 400 tps: 24410.33 qps: 488247.39 (r/w/o: 341787.81/97638.52/48821.06) lat (ms,95%): 23.52 err/s: 0.10 reconn/s: 0.00
[ 170s ] thds: 400 tps: 24506.93 qps: 490108.27 (r/w/o: 343072.67/98024.63/49010.97) lat (ms,95%): 23.52 err/s: 0.20 reconn/s: 0.00
[ 180s ] thds: 400 tps: 24349.54 qps: 486899.19 (r/w/o: 340787.15/97410.26/48701.78) lat (ms,95%): 23.95 err/s: 0.00 reconn/s: 0.00
[ 190s ] thds: 400 tps: 24613.79 qps: 492303.03 (r/w/o: 344628.38/98447.87/49226.78) lat (ms,95%): 23.10 err/s: 0.00 reconn/s: 0.00
[ 200s ] thds: 400 tps: 24388.96 qps: 487747.32 (r/w/o: 341403.35/97565.54/48778.42) lat (ms,95%): 23.52 err/s: 0.00 reconn/s: 0.00
[ 210s ] thds: 400 tps: 23068.68 qps: 461406.57 (r/w/o: 323021.90/92248.51/46136.16) lat (ms,95%): 26.68 err/s: 0.00 reconn/s: 0.00
[ 220s ] thds: 400 tps: 21426.77 qps: 428643.87 (r/w/o: 300045.13/85743.79/42854.95) lat (ms,95%): 35.59 err/s: 0.00 reconn/s: 0.00
[ 230s ] thds: 400 tps: 20785.69 qps: 415645.20 (r/w/o: 290952.09/83121.94/41571.17) lat (ms,95%): 38.25 err/s: 0.00 reconn/s: 0.00
[ 240s ] thds: 400 tps: 20703.60 qps: 414100.34 (r/w/o: 289899.46/82794.79/41406.09) lat (ms,95%): 38.25 err/s: 0.00 reconn/s: 0.00
[ 250s ] thds: 400 tps: 24370.23 qps: 487473.57 (r/w/o: 341203.00/97530.41/48740.16) lat (ms,95%): 23.52 err/s: 0.00 reconn/s: 0.00
[ 260s ] thds: 400 tps: 24280.07 qps: 485640.60 (r/w/o: 339955.21/97122.46/48562.93) lat (ms,95%): 23.95 err/s: 0.00 reconn/s: 0.00
[ 270s ] thds: 400 tps: 24494.07 qps: 489878.58 (r/w/o: 342902.86/97987.28/48988.44) lat (ms,95%): 23.52 err/s: 0.10 reconn/s: 0.00
[ 280s ] thds: 400 tps: 24489.87 qps: 489741.55 (r/w/o: 342813.94/97947.87/48979.73) lat (ms,95%): 23.10 err/s: 0.00 reconn/s: 0.00
[ 290s ] thds: 400 tps: 24438.38 qps: 488835.13 (r/w/o: 342192.17/97766.21/48876.75) lat (ms,95%): 23.52 err/s: 0.00 reconn/s: 0.00
[ 300s ] thds: 400 tps: 24424.83 qps: 488393.12 (r/w/o: 341874.96/97670.40/48847.75) lat (ms,95%): 23.52 err/s: 0.00 reconn/s: 0.00
[ 310s ] thds: 400 tps: 22888.65 qps: 457688.30 (r/w/o: 320368.30/91540.60/45779.40) lat (ms,95%): 28.16 err/s: 0.10 reconn/s: 0.00
[ 320s ] thds: 400 tps: 21411.51 qps: 428237.18 (r/w/o: 299782.50/85633.86/42820.83) lat (ms,95%): 35.59 err/s: 0.00 reconn/s: 0.00
[ 330s ] thds: 400 tps: 21355.54 qps: 427099.43 (r/w/o: 298951.88/85441.77/42705.78) lat (ms,95%): 34.95 err/s: 0.10 reconn/s: 0.00
[ 340s ] thds: 400 tps: 21103.07 qps: 422056.07 (r/w/o: 295449.43/84393.39/42213.25) lat (ms,95%): 36.24 err/s: 0.00 reconn/s: 0.00
[ 350s ] thds: 400 tps: 22885.87 qps: 457783.78 (r/w/o: 320426.57/91585.48/45771.74) lat (ms,95%): 27.17 err/s: 0.00 reconn/s: 0.00
[ 360s ] thds: 400 tps: 22644.48 qps: 452806.64 (r/w/o: 316974.18/90542.61/45289.85) lat (ms,95%): 29.19 err/s: 0.20 reconn/s: 0.00
[ 370s ] thds: 400 tps: 23280.36 qps: 465846.55 (r/w/o: 326094.21/93191.23/46561.11) lat (ms,95%): 26.20 err/s: 0.00 reconn/s: 0.00
[ 380s ] thds: 400 tps: 22892.71 qps: 457879.79 (r/w/o: 320537.44/91556.74/45785.62) lat (ms,95%): 27.17 err/s: 0.00 reconn/s: 0.00
[ 390s ] thds: 400 tps: 22767.76 qps: 455236.27 (r/w/o: 318673.59/91027.15/45535.53) lat (ms,95%): 28.67 err/s: 0.00 reconn/s: 0.00
[ 400s ] thds: 400 tps: 22336.30 qps: 446670.64 (r/w/o: 312666.83/89331.21/44672.60) lat (ms,95%): 30.26 err/s: 0.00 reconn/s: 0.00
[ 410s ] thds: 400 tps: 20762.63 qps: 415183.70 (r/w/o: 290616.45/83044.70/41522.55) lat (ms,95%): 37.56 err/s: 0.00 reconn/s: 0.00
[ 420s ] thds: 400 tps: 21656.07 qps: 433240.80 (r/w/o: 303293.01/86634.46/43313.33) lat (ms,95%): 33.12 err/s: 0.00 reconn/s: 0.00
[ 430s ] thds: 400 tps: 21716.69 qps: 434164.23 (r/w/o: 303874.81/86856.55/43432.87) lat (ms,95%): 33.12 err/s: 0.00 reconn/s: 0.00
[ 440s ] thds: 400 tps: 21654.39 qps: 433187.09 (r/w/o: 303271.62/86604.68/43310.79) lat (ms,95%): 33.72 err/s: 0.00 reconn/s: 0.00
[ 450s ] thds: 400 tps: 21885.38 qps: 437840.74 (r/w/o: 306474.45/87595.63/43770.67) lat (ms,95%): 32.53 err/s: 0.00 reconn/s: 0.00
[ 460s ] thds: 400 tps: 23754.41 qps: 474980.68 (r/w/o: 332484.70/94987.16/47508.83) lat (ms,95%): 25.74 err/s: 0.00 reconn/s: 0.00
[ 470s ] thds: 400 tps: 24248.82 qps: 484981.57 (r/w/o: 339490.96/96993.07/48497.54) lat (ms,95%): 24.38 err/s: 0.00 reconn/s: 0.00
[ 480s ] thds: 400 tps: 24220.67 qps: 484397.05 (r/w/o: 339067.91/96887.39/48441.74) lat (ms,95%): 24.38 err/s: 0.00 reconn/s: 0.00
[ 490s ] thds: 400 tps: 24280.01 qps: 485631.58 (r/w/o: 339958.10/97113.76/48559.73) lat (ms,95%): 24.38 err/s: 0.10 reconn/s: 0.00
[ 500s ] thds: 400 tps: 24247.34 qps: 484835.63 (r/w/o: 339348.18/96994.97/48492.48) lat (ms,95%): 23.95 err/s: 0.00 reconn/s: 0.00
[ 510s ] thds: 400 tps: 23013.72 qps: 460307.42 (r/w/o: 322217.49/92059.38/46030.54) lat (ms,95%): 27.66 err/s: 0.10 reconn/s: 0.00
[ 520s ] thds: 400 tps: 22066.78 qps: 441389.87 (r/w/o: 308983.30/88278.11/44128.46) lat (ms,95%): 31.94 err/s: 0.00 reconn/s: 0.00
[ 530s ] thds: 400 tps: 21403.65 qps: 428070.32 (r/w/o: 299642.34/85616.18/42811.79) lat (ms,95%): 34.95 err/s: 0.00 reconn/s: 0.00
[ 540s ] thds: 400 tps: 21618.48 qps: 432478.32 (r/w/o: 302738.74/86501.62/43237.96) lat (ms,95%): 34.33 err/s: 0.00 reconn/s: 0.00
[ 550s ] thds: 400 tps: 21721.32 qps: 434248.76 (r/w/o: 303965.62/86840.79/43442.35) lat (ms,95%): 33.12 err/s: 0.00 reconn/s: 0.00
[ 560s ] thds: 400 tps: 23586.65 qps: 471813.55 (r/w/o: 330286.87/94352.99/47173.70) lat (ms,95%): 25.28 err/s: 0.00 reconn/s: 0.00
[ 570s ] thds: 400 tps: 24422.10 qps: 488407.70 (r/w/o: 341872.67/97696.62/48838.41) lat (ms,95%): 23.95 err/s: 0.00 reconn/s: 0.00
[ 580s ] thds: 400 tps: 23977.70 qps: 479498.60 (r/w/o: 335653.13/95884.58/47960.89) lat (ms,95%): 24.38 err/s: 0.00 reconn/s: 0.00
[ 590s ] thds: 400 tps: 24263.80 qps: 485272.42 (r/w/o: 339691.41/97056.00/48525.00) lat (ms,95%): 23.95 err/s: 0.00 reconn/s: 0.00
[ 600s ] thds: 400 tps: 24165.42 qps: 483538.86 (r/w/o: 338486.22/96718.79/48333.84) lat (ms,95%): 24.38 err/s: 0.00 reconn/s: 0.00
SQL statistics:
    queries performed:
        read:                            190675548
        write:                           54478665
        other:                           27239397
        total:                           272393610
    transactions:                        13619667 (22688.12 per sec.)
    queries:                             272393610 (453762.78 per sec.)
    ignored errors:                      15     (0.02 per sec.)
    reconnects:                          0      (0.00 per sec.)

General statistics:
    total time:                          600.2986s
    total number of events:              13619667

Latency (ms):
         min:                                    5.19
         avg:                                   17.62
         max:                                  335.68
         95th percentile:                       27.66
         sum:                            239976668.55

Threads fairness:
    events (avg/stddev):           34049.1675/754.63
    execution time (avg/stddev):   599.9417/0.02

