sysbench 1.0.20-ebf1c90 (using bundled LuaJIT 2.1.0-beta2)

Running the test with following options:
Number of threads: 400
Report intermediate results every 10 second(s)
Initializing random number generator from current time


Initializing worker threads...

Threads started!

[ 10s ] thds: 400 tps: 8892.95 qps: 178418.04 (r/w/o: 124967.45/35624.70/17825.90) lat (ms,95%): 164.45 err/s: 0.00 reconn/s: 0.00
[ 20s ] thds: 400 tps: 17859.66 qps: 357215.56 (r/w/o: 250051.58/71444.65/35719.33) lat (ms,95%): 81.48 err/s: 0.00 reconn/s: 0.00
[ 30s ] thds: 400 tps: 22605.23 qps: 452069.62 (r/w/o: 316452.96/90406.00/45210.65) lat (ms,95%): 24.83 err/s: 0.10 reconn/s: 0.00
[ 40s ] thds: 400 tps: 23987.73 qps: 479662.22 (r/w/o: 335734.23/95952.52/47975.46) lat (ms,95%): 23.95 err/s: 0.00 reconn/s: 0.00
[ 50s ] thds: 400 tps: 24178.13 qps: 483543.65 (r/w/o: 338484.99/96702.31/48356.36) lat (ms,95%): 24.38 err/s: 0.10 reconn/s: 0.00
[ 60s ] thds: 400 tps: 24585.77 qps: 491725.00 (r/w/o: 344211.98/98341.88/49171.14) lat (ms,95%): 23.52 err/s: 0.00 reconn/s: 0.00
[ 70s ] thds: 400 tps: 24488.81 qps: 489824.87 (r/w/o: 342869.52/97977.43/48977.92) lat (ms,95%): 24.38 err/s: 0.00 reconn/s: 0.00
[ 80s ] thds: 400 tps: 24471.06 qps: 489440.28 (r/w/o: 342644.00/97856.16/48940.13) lat (ms,95%): 23.95 err/s: 0.00 reconn/s: 0.00
[ 90s ] thds: 400 tps: 24451.81 qps: 489111.78 (r/w/o: 342345.89/97859.86/48906.03) lat (ms,95%): 24.38 err/s: 0.00 reconn/s: 0.00
[ 100s ] thds: 400 tps: 24664.18 qps: 493239.35 (r/w/o: 345273.18/98637.81/49328.35) lat (ms,95%): 23.95 err/s: 0.00 reconn/s: 0.00
[ 110s ] thds: 400 tps: 21714.64 qps: 434362.48 (r/w/o: 304058.44/86875.16/43428.88) lat (ms,95%): 36.89 err/s: 0.00 reconn/s: 0.00
[ 120s ] thds: 400 tps: 18616.93 qps: 372314.85 (r/w/o: 260616.39/74464.01/37234.46) lat (ms,95%): 48.34 err/s: 0.10 reconn/s: 0.00
[ 130s ] thds: 400 tps: 19729.38 qps: 394645.10 (r/w/o: 276256.42/78929.72/39458.96) lat (ms,95%): 43.39 err/s: 0.10 reconn/s: 0.00
[ 140s ] thds: 400 tps: 24329.39 qps: 486490.06 (r/w/o: 340547.11/97283.87/48659.09) lat (ms,95%): 23.95 err/s: 0.10 reconn/s: 0.00
[ 150s ] thds: 400 tps: 24571.21 qps: 491542.41 (r/w/o: 344069.85/98330.34/49142.22) lat (ms,95%): 23.52 err/s: 0.00 reconn/s: 0.00
[ 160s ] thds: 400 tps: 24360.33 qps: 486935.60 (r/w/o: 340842.99/97372.04/48720.57) lat (ms,95%): 23.95 err/s: 0.00 reconn/s: 0.00
[ 170s ] thds: 400 tps: 24656.44 qps: 493178.93 (r/w/o: 345245.21/98629.45/49304.27) lat (ms,95%): 23.52 err/s: 0.00 reconn/s: 0.00
[ 180s ] thds: 400 tps: 24754.00 qps: 495242.84 (r/w/o: 346631.76/99094.19/49516.89) lat (ms,95%): 23.10 err/s: 0.00 reconn/s: 0.00
[ 190s ] thds: 400 tps: 24876.07 qps: 497419.70 (r/w/o: 348232.71/99434.76/49752.23) lat (ms,95%): 23.10 err/s: 0.00 reconn/s: 0.00
[ 200s ] thds: 400 tps: 24798.40 qps: 495932.28 (r/w/o: 347137.09/99201.60/49593.60) lat (ms,95%): 23.10 err/s: 0.00 reconn/s: 0.00
[ 210s ] thds: 400 tps: 23091.12 qps: 461770.52 (r/w/o: 323251.13/92334.16/46185.23) lat (ms,95%): 27.66 err/s: 0.00 reconn/s: 0.00
[ 220s ] thds: 400 tps: 21116.70 qps: 422506.84 (r/w/o: 295753.53/84519.11/42234.20) lat (ms,95%): 36.89 err/s: 0.10 reconn/s: 0.00
[ 230s ] thds: 400 tps: 20654.35 qps: 413107.85 (r/w/o: 289177.24/82622.31/41308.31) lat (ms,95%): 38.94 err/s: 0.00 reconn/s: 0.00
[ 240s ] thds: 400 tps: 23307.79 qps: 466010.41 (r/w/o: 326227.97/93166.26/46616.18) lat (ms,95%): 26.20 err/s: 0.00 reconn/s: 0.00
[ 250s ] thds: 400 tps: 24814.35 qps: 496238.87 (r/w/o: 347333.15/99276.81/49628.91) lat (ms,95%): 23.10 err/s: 0.10 reconn/s: 0.00
[ 260s ] thds: 400 tps: 24885.28 qps: 497795.68 (r/w/o: 348493.78/99532.54/49769.37) lat (ms,95%): 22.69 err/s: 0.00 reconn/s: 0.00
[ 270s ] thds: 400 tps: 24904.10 qps: 498070.11 (r/w/o: 348587.04/99677.58/49805.49) lat (ms,95%): 22.69 err/s: 0.00 reconn/s: 0.00
[ 280s ] thds: 400 tps: 24858.90 qps: 497180.48 (r/w/o: 348062.39/99401.20/49716.90) lat (ms,95%): 22.69 err/s: 0.00 reconn/s: 0.00
[ 290s ] thds: 400 tps: 24713.00 qps: 494162.39 (r/w/o: 345899.07/98834.82/49428.51) lat (ms,95%): 23.10 err/s: 0.00 reconn/s: 0.00
[ 300s ] thds: 400 tps: 24162.40 qps: 483277.05 (r/w/o: 338321.46/96635.49/48320.09) lat (ms,95%): 24.38 err/s: 0.00 reconn/s: 0.00
[ 310s ] thds: 400 tps: 23326.04 qps: 466588.92 (r/w/o: 326613.60/93316.74/46658.57) lat (ms,95%): 27.66 err/s: 0.10 reconn/s: 0.00
[ 320s ] thds: 400 tps: 20899.45 qps: 417841.01 (r/w/o: 292460.61/83581.10/41799.30) lat (ms,95%): 37.56 err/s: 0.00 reconn/s: 0.00
[ 330s ] thds: 400 tps: 20962.35 qps: 419424.21 (r/w/o: 293591.24/83907.08/41925.89) lat (ms,95%): 36.89 err/s: 0.10 reconn/s: 0.00
[ 340s ] thds: 400 tps: 23140.11 qps: 462764.25 (r/w/o: 323954.21/92529.73/46280.32) lat (ms,95%): 27.17 err/s: 0.00 reconn/s: 0.00
[ 350s ] thds: 400 tps: 23707.06 qps: 474154.99 (r/w/o: 331928.70/94812.46/47413.83) lat (ms,95%): 25.28 err/s: 0.00 reconn/s: 0.00
[ 360s ] thds: 400 tps: 23910.47 qps: 478082.46 (r/w/o: 334631.22/95631.89/47819.35) lat (ms,95%): 24.83 err/s: 0.00 reconn/s: 0.00
[ 370s ] thds: 400 tps: 23203.61 qps: 464120.28 (r/w/o: 324887.20/92826.06/46407.03) lat (ms,95%): 26.20 err/s: 0.00 reconn/s: 0.00
[ 380s ] thds: 400 tps: 22665.31 qps: 453325.70 (r/w/o: 317346.71/90646.16/45332.83) lat (ms,95%): 29.19 err/s: 0.00 reconn/s: 0.00
[ 390s ] thds: 400 tps: 22126.85 qps: 442651.79 (r/w/o: 309838.49/88559.00/44254.30) lat (ms,95%): 33.12 err/s: 0.10 reconn/s: 0.00
[ 400s ] thds: 400 tps: 21856.02 qps: 437084.30 (r/w/o: 305974.31/87398.06/43711.93) lat (ms,95%): 33.12 err/s: 0.00 reconn/s: 0.00
[ 410s ] thds: 400 tps: 22955.37 qps: 459241.14 (r/w/o: 321475.11/91855.29/45910.74) lat (ms,95%): 27.66 err/s: 0.00 reconn/s: 0.00
[ 420s ] thds: 400 tps: 21006.17 qps: 420036.59 (r/w/o: 294007.28/84019.98/42009.34) lat (ms,95%): 36.89 err/s: 0.00 reconn/s: 0.00
[ 430s ] thds: 400 tps: 21052.73 qps: 420897.60 (r/w/o: 294598.52/84195.72/42103.36) lat (ms,95%): 36.24 err/s: 0.00 reconn/s: 0.00
[ 440s ] thds: 400 tps: 21615.42 qps: 432397.20 (r/w/o: 302689.78/86471.38/43236.04) lat (ms,95%): 33.72 err/s: 0.00 reconn/s: 0.00
[ 450s ] thds: 400 tps: 24294.51 qps: 485860.41 (r/w/o: 340108.18/97163.32/48588.91) lat (ms,95%): 23.95 err/s: 0.00 reconn/s: 0.00
[ 460s ] thds: 400 tps: 24472.11 qps: 489591.84 (r/w/o: 342730.56/97918.65/48942.62) lat (ms,95%): 23.95 err/s: 0.00 reconn/s: 0.00
[ 470s ] thds: 400 tps: 24391.65 qps: 487664.98 (r/w/o: 341363.88/97516.30/48784.80) lat (ms,95%): 24.38 err/s: 0.00 reconn/s: 0.00
[ 480s ] thds: 400 tps: 24458.75 qps: 489064.88 (r/w/o: 342304.79/97845.00/48915.10) lat (ms,95%): 23.95 err/s: 0.00 reconn/s: 0.00
[ 490s ] thds: 400 tps: 24247.56 qps: 485002.82 (r/w/o: 339512.16/96992.94/48497.72) lat (ms,95%): 24.38 err/s: 0.00 reconn/s: 0.00
[ 500s ] thds: 400 tps: 24236.73 qps: 484812.00 (r/w/o: 339394.62/96947.12/48470.26) lat (ms,95%): 24.38 err/s: 0.00 reconn/s: 0.00
[ 510s ] thds: 400 tps: 23150.14 qps: 463029.58 (r/w/o: 324117.55/92612.46/46299.58) lat (ms,95%): 26.68 err/s: 0.00 reconn/s: 0.00
[ 520s ] thds: 400 tps: 20869.46 qps: 417391.14 (r/w/o: 292171.50/83476.43/41743.21) lat (ms,95%): 36.89 err/s: 0.10 reconn/s: 0.00
[ 530s ] thds: 400 tps: 20684.22 qps: 413661.31 (r/w/o: 289583.92/82713.86/41363.53) lat (ms,95%): 37.56 err/s: 0.00 reconn/s: 0.00
[ 540s ] thds: 400 tps: 21692.42 qps: 433940.85 (r/w/o: 303753.55/86797.27/43390.04) lat (ms,95%): 33.72 err/s: 0.20 reconn/s: 0.00
[ 550s ] thds: 400 tps: 24343.71 qps: 486690.62 (r/w/o: 340658.29/97347.72/48684.61) lat (ms,95%): 23.95 err/s: 0.00 reconn/s: 0.00
[ 560s ] thds: 400 tps: 24440.23 qps: 488838.37 (r/w/o: 342179.60/97775.11/48883.66) lat (ms,95%): 23.52 err/s: 0.00 reconn/s: 0.00
[ 570s ] thds: 400 tps: 24328.93 qps: 486517.06 (r/w/o: 340566.59/97293.91/48656.56) lat (ms,95%): 23.95 err/s: 0.00 reconn/s: 0.00
[ 580s ] thds: 400 tps: 24288.44 qps: 485878.58 (r/w/o: 340128.54/97172.26/48577.78) lat (ms,95%): 23.95 err/s: 0.10 reconn/s: 0.00
[ 590s ] thds: 400 tps: 24347.80 qps: 487137.91 (r/w/o: 340998.14/97443.18/48696.59) lat (ms,95%): 23.95 err/s: 0.00 reconn/s: 0.00
[ 600s ] thds: 400 tps: 24083.61 qps: 481512.28 (r/w/o: 337061.52/96284.33/48166.42) lat (ms,95%): 24.38 err/s: 0.00 reconn/s: 0.00
SQL statistics:
    queries performed:
        read:                            193185972
        write:                           55195930
        other:                           27598030
        total:                           275979932
    transactions:                        13798984 (22987.51 per sec.)
    queries:                             275979932 (459750.60 per sec.)
    ignored errors:                      14     (0.02 per sec.)
    reconnects:                          0      (0.00 per sec.)

General statistics:
    total time:                          600.2808s
    total number of events:              13798984

Latency (ms):
         min:                                    5.17
         avg:                                   17.39
         max:                                  409.36
         95th percentile:                       27.17
         sum:                            239979446.35

Threads fairness:
    events (avg/stddev):           34497.4600/737.04
    execution time (avg/stddev):   599.9486/0.02

