sysbench 1.0.20-ebf1c90 (using bundled LuaJIT 2.1.0-beta2)

Running the test with following options:
Number of threads: 400
Report intermediate results every 10 second(s)
Initializing random number generator from current time


Initializing worker threads...

Threads started!

[ 10s ] thds: 400 tps: 8411.97 qps: 168630.58 (r/w/o: 118108.59/33658.06/16863.93) lat (ms,95%): 164.45 err/s: 0.00 reconn/s: 0.00
[ 20s ] thds: 400 tps: 17676.48 qps: 353550.31 (r/w/o: 247476.06/70721.40/35352.85) lat (ms,95%): 95.81 err/s: 0.10 reconn/s: 0.00
[ 30s ] thds: 400 tps: 21786.74 qps: 435856.07 (r/w/o: 305111.14/87171.15/43573.78) lat (ms,95%): 25.74 err/s: 0.00 reconn/s: 0.00
[ 40s ] thds: 400 tps: 24049.37 qps: 481010.81 (r/w/o: 336718.78/96193.48/48098.54) lat (ms,95%): 23.95 err/s: 0.00 reconn/s: 0.00
[ 50s ] thds: 400 tps: 24156.02 qps: 483111.62 (r/w/o: 338171.69/96628.98/48310.94) lat (ms,95%): 24.38 err/s: 0.00 reconn/s: 0.00
[ 60s ] thds: 400 tps: 24300.45 qps: 486003.94 (r/w/o: 340166.46/97234.99/48602.49) lat (ms,95%): 24.38 err/s: 0.00 reconn/s: 0.00
[ 70s ] thds: 400 tps: 24421.27 qps: 488459.85 (r/w/o: 341942.34/97675.87/48841.63) lat (ms,95%): 24.38 err/s: 0.00 reconn/s: 0.00
[ 80s ] thds: 400 tps: 24411.70 qps: 488181.17 (r/w/o: 341741.65/97615.21/48824.31) lat (ms,95%): 23.95 err/s: 0.00 reconn/s: 0.00
[ 90s ] thds: 400 tps: 24539.21 qps: 490870.09 (r/w/o: 343597.61/98195.66/49076.83) lat (ms,95%): 23.95 err/s: 0.10 reconn/s: 0.00
[ 100s ] thds: 400 tps: 24545.88 qps: 490874.69 (r/w/o: 343618.42/98162.32/49093.96) lat (ms,95%): 23.95 err/s: 0.10 reconn/s: 0.00
[ 110s ] thds: 400 tps: 21837.33 qps: 436631.50 (r/w/o: 305660.65/87299.70/43671.15) lat (ms,95%): 33.12 err/s: 0.00 reconn/s: 0.00
[ 120s ] thds: 400 tps: 19231.99 qps: 384556.01 (r/w/o: 269139.29/76951.34/38465.37) lat (ms,95%): 49.21 err/s: 0.00 reconn/s: 0.00
[ 130s ] thds: 400 tps: 18063.88 qps: 361429.59 (r/w/o: 252999.92/72304.12/36125.56) lat (ms,95%): 49.21 err/s: 0.10 reconn/s: 0.00
[ 140s ] thds: 400 tps: 23671.74 qps: 473484.52 (r/w/o: 331469.60/94666.74/47348.17) lat (ms,95%): 24.83 err/s: 0.00 reconn/s: 0.00
[ 150s ] thds: 400 tps: 24404.54 qps: 488084.52 (r/w/o: 341664.91/97610.54/48809.07) lat (ms,95%): 23.52 err/s: 0.00 reconn/s: 0.00
[ 160s ] thds: 400 tps: 24455.17 qps: 489021.95 (r/w/o: 342316.91/97794.59/48910.44) lat (ms,95%): 23.52 err/s: 0.00 reconn/s: 0.00
[ 170s ] thds: 400 tps: 24524.71 qps: 490582.73 (r/w/o: 343382.09/98156.33/49044.31) lat (ms,95%): 23.52 err/s: 0.00 reconn/s: 0.00
[ 180s ] thds: 400 tps: 24432.51 qps: 488628.24 (r/w/o: 342048.10/97710.13/48870.01) lat (ms,95%): 23.52 err/s: 0.00 reconn/s: 0.00
[ 190s ] thds: 400 tps: 24675.75 qps: 493274.60 (r/w/o: 345275.10/98654.70/49344.80) lat (ms,95%): 23.10 err/s: 0.00 reconn/s: 0.00
[ 200s ] thds: 400 tps: 24419.04 qps: 488629.68 (r/w/o: 342072.12/97712.68/48844.89) lat (ms,95%): 23.52 err/s: 0.00 reconn/s: 0.00
[ 210s ] thds: 400 tps: 23067.12 qps: 461372.58 (r/w/o: 322950.33/92288.00/46134.25) lat (ms,95%): 26.68 err/s: 0.00 reconn/s: 0.00
[ 220s ] thds: 400 tps: 21472.30 qps: 429340.30 (r/w/o: 300540.17/85859.72/42940.41) lat (ms,95%): 35.59 err/s: 0.00 reconn/s: 0.00
[ 230s ] thds: 400 tps: 20756.90 qps: 415113.92 (r/w/o: 290560.82/83037.90/41515.20) lat (ms,95%): 38.25 err/s: 0.00 reconn/s: 0.00
[ 240s ] thds: 400 tps: 20863.79 qps: 417243.81 (r/w/o: 292092.26/83424.06/41727.48) lat (ms,95%): 37.56 err/s: 0.10 reconn/s: 0.00
[ 250s ] thds: 400 tps: 24372.01 qps: 487489.12 (r/w/o: 341258.36/97484.34/48746.42) lat (ms,95%): 23.52 err/s: 0.00 reconn/s: 0.00
[ 260s ] thds: 400 tps: 24264.20 qps: 485375.61 (r/w/o: 339755.01/97091.40/48529.20) lat (ms,95%): 23.95 err/s: 0.00 reconn/s: 0.00
[ 270s ] thds: 400 tps: 24476.95 qps: 489516.06 (r/w/o: 342672.87/97888.39/48954.80) lat (ms,95%): 23.52 err/s: 0.30 reconn/s: 0.00
[ 280s ] thds: 400 tps: 24523.34 qps: 490312.91 (r/w/o: 343176.07/98092.26/49044.58) lat (ms,95%): 23.10 err/s: 0.10 reconn/s: 0.00
[ 290s ] thds: 400 tps: 24458.24 qps: 489169.67 (r/w/o: 342406.64/97844.46/48918.58) lat (ms,95%): 23.52 err/s: 0.00 reconn/s: 0.00
[ 300s ] thds: 400 tps: 24443.32 qps: 488998.86 (r/w/o: 342325.72/97786.19/48886.94) lat (ms,95%): 23.52 err/s: 0.00 reconn/s: 0.00
[ 310s ] thds: 400 tps: 22872.46 qps: 457388.04 (r/w/o: 320174.80/91470.33/45742.91) lat (ms,95%): 28.16 err/s: 0.00 reconn/s: 0.00
[ 320s ] thds: 400 tps: 21435.24 qps: 428777.55 (r/w/o: 300148.80/85760.47/42868.28) lat (ms,95%): 35.59 err/s: 0.00 reconn/s: 0.00
[ 330s ] thds: 400 tps: 21386.83 qps: 427693.96 (r/w/o: 299382.66/85533.33/42777.96) lat (ms,95%): 34.95 err/s: 0.00 reconn/s: 0.00
[ 340s ] thds: 400 tps: 21184.73 qps: 423735.83 (r/w/o: 296624.37/84742.00/42369.45) lat (ms,95%): 36.24 err/s: 0.00 reconn/s: 0.00
[ 350s ] thds: 400 tps: 22850.88 qps: 457146.86 (r/w/o: 319991.96/91453.33/45701.57) lat (ms,95%): 27.66 err/s: 0.00 reconn/s: 0.00
[ 360s ] thds: 400 tps: 22718.14 qps: 454165.54 (r/w/o: 317920.69/90807.87/45436.98) lat (ms,95%): 28.67 err/s: 0.10 reconn/s: 0.00
[ 370s ] thds: 400 tps: 23192.81 qps: 463949.17 (r/w/o: 324767.49/92795.85/46385.83) lat (ms,95%): 26.20 err/s: 0.00 reconn/s: 0.00
[ 380s ] thds: 400 tps: 23012.50 qps: 460155.38 (r/w/o: 322115.86/92014.32/46025.21) lat (ms,95%): 26.68 err/s: 0.00 reconn/s: 0.00
[ 390s ] thds: 400 tps: 22746.81 qps: 455112.76 (r/w/o: 318581.91/91037.33/45493.52) lat (ms,95%): 28.67 err/s: 0.00 reconn/s: 0.00
[ 400s ] thds: 400 tps: 22305.50 qps: 445820.36 (r/w/o: 312036.34/89176.51/44607.51) lat (ms,95%): 30.81 err/s: 0.20 reconn/s: 0.00
[ 410s ] thds: 400 tps: 20797.38 qps: 416042.34 (r/w/o: 291238.48/83209.11/41594.75) lat (ms,95%): 36.89 err/s: 0.00 reconn/s: 0.00
[ 420s ] thds: 400 tps: 21793.49 qps: 435981.78 (r/w/o: 305197.64/87198.06/43586.08) lat (ms,95%): 32.53 err/s: 0.10 reconn/s: 0.00
[ 430s ] thds: 400 tps: 21728.16 qps: 434381.18 (r/w/o: 304057.02/86865.53/43458.62) lat (ms,95%): 33.12 err/s: 0.00 reconn/s: 0.00
[ 440s ] thds: 400 tps: 21648.22 qps: 433106.80 (r/w/o: 303178.68/86628.48/43299.64) lat (ms,95%): 33.72 err/s: 0.10 reconn/s: 0.00
[ 450s ] thds: 400 tps: 21897.68 qps: 437958.35 (r/w/o: 306576.25/87589.63/43792.46) lat (ms,95%): 32.53 err/s: 0.00 reconn/s: 0.00
[ 460s ] thds: 400 tps: 23794.96 qps: 475775.54 (r/w/o: 333042.17/95141.15/47592.23) lat (ms,95%): 25.74 err/s: 0.00 reconn/s: 0.00
[ 470s ] thds: 400 tps: 24257.23 qps: 485361.01 (r/w/o: 339766.15/97079.60/48515.25) lat (ms,95%): 24.38 err/s: 0.00 reconn/s: 0.00
[ 480s ] thds: 400 tps: 24238.04 qps: 484710.59 (r/w/o: 339303.92/96930.58/48476.09) lat (ms,95%): 24.38 err/s: 0.00 reconn/s: 0.00
[ 490s ] thds: 400 tps: 24355.14 qps: 486876.19 (r/w/o: 340776.76/97389.26/48710.18) lat (ms,95%): 24.38 err/s: 0.00 reconn/s: 0.00
[ 500s ] thds: 400 tps: 24254.90 qps: 485416.25 (r/w/o: 339817.43/97088.91/48509.90) lat (ms,95%): 23.95 err/s: 0.00 reconn/s: 0.00
[ 510s ] thds: 400 tps: 22934.85 qps: 458635.30 (r/w/o: 321059.30/91708.00/45868.00) lat (ms,95%): 27.66 err/s: 0.00 reconn/s: 0.00
[ 520s ] thds: 400 tps: 22097.03 qps: 441775.72 (r/w/o: 309222.36/88357.60/44195.75) lat (ms,95%): 31.94 err/s: 0.00 reconn/s: 0.00
[ 530s ] thds: 400 tps: 21469.79 qps: 429401.61 (r/w/o: 300581.77/85881.46/42938.38) lat (ms,95%): 34.33 err/s: 0.00 reconn/s: 0.00
[ 540s ] thds: 400 tps: 21532.32 qps: 430834.90 (r/w/o: 301597.48/86171.18/43066.24) lat (ms,95%): 34.33 err/s: 0.10 reconn/s: 0.00
[ 550s ] thds: 400 tps: 21783.57 qps: 435554.97 (r/w/o: 304866.03/87121.79/43567.15) lat (ms,95%): 32.53 err/s: 0.00 reconn/s: 0.00
[ 560s ] thds: 400 tps: 23592.57 qps: 471775.87 (r/w/o: 330252.63/94343.79/47179.45) lat (ms,95%): 25.28 err/s: 0.00 reconn/s: 0.00
[ 570s ] thds: 400 tps: 24396.53 qps: 488064.04 (r/w/o: 341664.05/97601.33/48798.66) lat (ms,95%): 23.95 err/s: 0.00 reconn/s: 0.00
[ 580s ] thds: 400 tps: 23990.36 qps: 479826.19 (r/w/o: 335875.73/95969.64/47980.82) lat (ms,95%): 24.38 err/s: 0.00 reconn/s: 0.00
[ 590s ] thds: 400 tps: 24317.19 qps: 486286.37 (r/w/o: 340385.91/97265.87/48634.59) lat (ms,95%): 23.95 err/s: 0.00 reconn/s: 0.00
[ 600s ] thds: 400 tps: 23824.44 qps: 476377.82 (r/w/o: 333462.07/95268.66/47647.08) lat (ms,95%): 24.38 err/s: 0.00 reconn/s: 0.00
SQL statistics:
    queries performed:
        read:                            190843268
        write:                           54526588
        other:                           27263354
        total:                           272633210
    transactions:                        13631647 (22703.12 per sec.)
    queries:                             272633210 (454062.93 per sec.)
    ignored errors:                      15     (0.02 per sec.)
    reconnects:                          0      (0.00 per sec.)

General statistics:
    total time:                          600.4295s
    total number of events:              13631647

Latency (ms):
         min:                                    5.24
         avg:                                   17.61
         max:                                  556.74
         95th percentile:                       27.66
         sum:                            240019363.70

Threads fairness:
    events (avg/stddev):           34079.1175/756.84
    execution time (avg/stddev):   600.0484/0.11

