sysbench 1.0.20-ebf1c90 (using bundled LuaJIT 2.1.0-beta2)

Running the test with following options:
Number of threads: 400
Report intermediate results every 10 second(s)
Initializing random number generator from current time


Initializing worker threads...

Threads started!

[ 10s ] thds: 400 tps: 8426.68 qps: 168935.81 (r/w/o: 118326.22/33716.23/16893.36) lat (ms,95%): 164.45 err/s: 0.00 reconn/s: 0.00
[ 20s ] thds: 400 tps: 17652.18 qps: 353094.23 (r/w/o: 247145.94/70648.52/35299.76) lat (ms,95%): 94.10 err/s: 0.00 reconn/s: 0.00
[ 30s ] thds: 400 tps: 21828.25 qps: 436573.71 (r/w/o: 305595.01/87321.90/43656.80) lat (ms,95%): 25.74 err/s: 0.00 reconn/s: 0.00
[ 40s ] thds: 400 tps: 24065.71 qps: 481281.88 (r/w/o: 336911.13/96237.54/48133.22) lat (ms,95%): 23.95 err/s: 0.00 reconn/s: 0.00
[ 50s ] thds: 400 tps: 24157.16 qps: 483244.10 (r/w/o: 338277.41/96649.86/48316.83) lat (ms,95%): 24.38 err/s: 0.00 reconn/s: 0.00
[ 60s ] thds: 400 tps: 24290.80 qps: 485766.05 (r/w/o: 340047.64/97136.51/48581.91) lat (ms,95%): 24.38 err/s: 0.10 reconn/s: 0.00
[ 70s ] thds: 400 tps: 24385.58 qps: 487643.05 (r/w/o: 341332.68/97539.21/48771.15) lat (ms,95%): 24.38 err/s: 0.00 reconn/s: 0.00
[ 80s ] thds: 400 tps: 24348.78 qps: 486985.80 (r/w/o: 340884.99/97403.24/48697.57) lat (ms,95%): 23.95 err/s: 0.00 reconn/s: 0.00
[ 90s ] thds: 400 tps: 24493.48 qps: 490012.00 (r/w/o: 343025.75/97999.10/48987.15) lat (ms,95%): 23.95 err/s: 0.00 reconn/s: 0.00
[ 100s ] thds: 400 tps: 24472.85 qps: 489418.09 (r/w/o: 342609.99/97862.50/48945.60) lat (ms,95%): 23.95 err/s: 0.00 reconn/s: 0.00
[ 110s ] thds: 400 tps: 21781.23 qps: 435661.27 (r/w/o: 304978.37/87120.73/43562.17) lat (ms,95%): 33.12 err/s: 0.00 reconn/s: 0.00
[ 120s ] thds: 400 tps: 19117.01 qps: 382296.03 (r/w/o: 267566.29/76496.63/38233.11) lat (ms,95%): 49.21 err/s: 0.20 reconn/s: 0.00
[ 130s ] thds: 400 tps: 17925.00 qps: 358472.65 (r/w/o: 250944.47/71677.59/35850.60) lat (ms,95%): 49.21 err/s: 0.00 reconn/s: 0.00
[ 140s ] thds: 400 tps: 23692.61 qps: 473820.37 (r/w/o: 331637.12/94798.84/47384.42) lat (ms,95%): 24.83 err/s: 0.00 reconn/s: 0.00
[ 150s ] thds: 400 tps: 24335.92 qps: 486756.15 (r/w/o: 340750.45/97334.37/48671.34) lat (ms,95%): 23.52 err/s: 0.00 reconn/s: 0.00
[ 160s ] thds: 400 tps: 24418.45 qps: 488406.48 (r/w/o: 341896.66/97670.42/48839.41) lat (ms,95%): 23.52 err/s: 0.00 reconn/s: 0.00
[ 170s ] thds: 400 tps: 24474.44 qps: 489444.82 (r/w/o: 342599.41/97900.74/48944.67) lat (ms,95%): 23.52 err/s: 0.00 reconn/s: 0.00
[ 180s ] thds: 400 tps: 24351.53 qps: 486934.73 (r/w/o: 340837.67/97390.41/48706.65) lat (ms,95%): 23.52 err/s: 0.00 reconn/s: 0.00
[ 190s ] thds: 400 tps: 24564.89 qps: 491395.76 (r/w/o: 344011.81/98255.87/49128.09) lat (ms,95%): 23.52 err/s: 0.10 reconn/s: 0.00
[ 200s ] thds: 400 tps: 24339.68 qps: 486819.14 (r/w/o: 340749.15/97389.63/48680.36) lat (ms,95%): 23.52 err/s: 0.10 reconn/s: 0.00
[ 210s ] thds: 400 tps: 22983.01 qps: 459666.83 (r/w/o: 321795.76/91905.34/45965.72) lat (ms,95%): 27.17 err/s: 0.00 reconn/s: 0.00
[ 220s ] thds: 400 tps: 21414.57 qps: 428334.20 (r/w/o: 299801.98/85704.48/42827.74) lat (ms,95%): 35.59 err/s: 0.00 reconn/s: 0.00
[ 230s ] thds: 400 tps: 20694.15 qps: 413698.16 (r/w/o: 289585.37/82721.99/41390.80) lat (ms,95%): 38.25 err/s: 0.20 reconn/s: 0.00
[ 240s ] thds: 400 tps: 20756.55 qps: 415081.47 (r/w/o: 290536.28/83031.29/41513.90) lat (ms,95%): 37.56 err/s: 0.00 reconn/s: 0.00
[ 250s ] thds: 400 tps: 24327.31 qps: 486774.12 (r/w/o: 340773.65/97344.84/48655.62) lat (ms,95%): 23.52 err/s: 0.00 reconn/s: 0.00
[ 260s ] thds: 400 tps: 24201.30 qps: 484080.52 (r/w/o: 338853.25/96824.48/48402.79) lat (ms,95%): 23.95 err/s: 0.00 reconn/s: 0.00
[ 270s ] thds: 400 tps: 24443.25 qps: 488748.72 (r/w/o: 342116.61/97749.60/48882.50) lat (ms,95%): 23.52 err/s: 0.00 reconn/s: 0.00
[ 280s ] thds: 400 tps: 24481.45 qps: 489643.05 (r/w/o: 342765.03/97911.01/48967.00) lat (ms,95%): 23.52 err/s: 0.00 reconn/s: 0.00
[ 290s ] thds: 400 tps: 24413.99 qps: 488131.99 (r/w/o: 341673.03/97634.38/48824.59) lat (ms,95%): 23.52 err/s: 0.00 reconn/s: 0.00
[ 300s ] thds: 400 tps: 24386.73 qps: 487881.90 (r/w/o: 341549.25/97558.60/48774.05) lat (ms,95%): 23.52 err/s: 0.10 reconn/s: 0.00
[ 310s ] thds: 400 tps: 22833.49 qps: 456622.44 (r/w/o: 319597.52/91359.75/45665.17) lat (ms,95%): 28.16 err/s: 0.00 reconn/s: 0.00
[ 320s ] thds: 400 tps: 21326.53 qps: 426566.05 (r/w/o: 298604.76/85307.73/42653.57) lat (ms,95%): 35.59 err/s: 0.00 reconn/s: 0.00
[ 330s ] thds: 400 tps: 21352.49 qps: 427076.86 (r/w/o: 298992.10/85374.97/42709.79) lat (ms,95%): 34.95 err/s: 0.00 reconn/s: 0.00
[ 340s ] thds: 400 tps: 21119.40 qps: 422349.77 (r/w/o: 295611.48/84501.79/42236.50) lat (ms,95%): 36.24 err/s: 0.00 reconn/s: 0.00
[ 350s ] thds: 400 tps: 22767.71 qps: 455318.13 (r/w/o: 318728.56/91052.05/45537.52) lat (ms,95%): 27.66 err/s: 0.00 reconn/s: 0.00
[ 360s ] thds: 400 tps: 22621.54 qps: 452572.86 (r/w/o: 316816.13/90513.15/45243.58) lat (ms,95%): 29.19 err/s: 0.00 reconn/s: 0.00
[ 370s ] thds: 400 tps: 23183.16 qps: 463572.36 (r/w/o: 324514.01/92694.83/46363.52) lat (ms,95%): 26.68 err/s: 0.10 reconn/s: 0.00
[ 380s ] thds: 400 tps: 22990.78 qps: 459874.17 (r/w/o: 321873.17/92020.63/45980.37) lat (ms,95%): 26.68 err/s: 0.10 reconn/s: 0.00
[ 390s ] thds: 400 tps: 22705.93 qps: 454036.88 (r/w/o: 317866.41/90754.22/45416.26) lat (ms,95%): 28.67 err/s: 0.00 reconn/s: 0.00
[ 400s ] thds: 400 tps: 22244.51 qps: 444993.35 (r/w/o: 311477.71/89026.53/44489.12) lat (ms,95%): 30.81 err/s: 0.00 reconn/s: 0.00
[ 410s ] thds: 400 tps: 20770.01 qps: 415236.75 (r/w/o: 290646.21/83050.93/41539.62) lat (ms,95%): 37.56 err/s: 0.00 reconn/s: 0.00
[ 420s ] thds: 400 tps: 21775.31 qps: 435583.49 (r/w/o: 304911.20/87121.66/43550.63) lat (ms,95%): 32.53 err/s: 0.00 reconn/s: 0.00
[ 430s ] thds: 400 tps: 21698.59 qps: 433941.91 (r/w/o: 303768.27/86775.56/43398.08) lat (ms,95%): 33.72 err/s: 0.10 reconn/s: 0.00
[ 440s ] thds: 400 tps: 21624.40 qps: 432517.13 (r/w/o: 302775.25/86493.19/43248.69) lat (ms,95%): 33.72 err/s: 0.00 reconn/s: 0.00
[ 450s ] thds: 400 tps: 21893.23 qps: 437776.86 (r/w/o: 306424.09/87566.21/43786.56) lat (ms,95%): 31.94 err/s: 0.00 reconn/s: 0.00
[ 460s ] thds: 400 tps: 23708.63 qps: 474266.28 (r/w/o: 331999.08/94849.94/47417.27) lat (ms,95%): 25.74 err/s: 0.00 reconn/s: 0.00
[ 470s ] thds: 400 tps: 24258.10 qps: 485165.06 (r/w/o: 339609.84/97039.21/48516.01) lat (ms,95%): 24.38 err/s: 0.00 reconn/s: 0.00
[ 480s ] thds: 400 tps: 24220.16 qps: 484454.72 (r/w/o: 339139.28/96876.22/48439.21) lat (ms,95%): 24.38 err/s: 0.00 reconn/s: 0.00
[ 490s ] thds: 400 tps: 24291.99 qps: 485785.63 (r/w/o: 340049.91/97150.55/48585.17) lat (ms,95%): 24.38 err/s: 0.00 reconn/s: 0.00
[ 500s ] thds: 400 tps: 24237.88 qps: 484741.02 (r/w/o: 339299.13/96967.52/48474.36) lat (ms,95%): 23.95 err/s: 0.00 reconn/s: 0.00
[ 510s ] thds: 400 tps: 22940.19 qps: 458657.15 (r/w/o: 321040.99/91733.97/45882.18) lat (ms,95%): 28.16 err/s: 0.00 reconn/s: 0.00
[ 520s ] thds: 400 tps: 22001.74 qps: 440323.17 (r/w/o: 308259.04/88060.65/44003.48) lat (ms,95%): 31.94 err/s: 0.00 reconn/s: 0.00
[ 530s ] thds: 400 tps: 21454.25 qps: 428994.88 (r/w/o: 300298.58/85788.10/42908.20) lat (ms,95%): 34.95 err/s: 0.10 reconn/s: 0.00
[ 540s ] thds: 400 tps: 21566.85 qps: 431264.85 (r/w/o: 301851.73/86278.61/43134.50) lat (ms,95%): 34.33 err/s: 0.00 reconn/s: 0.00
[ 550s ] thds: 400 tps: 21743.84 qps: 434938.16 (r/w/o: 304473.53/86976.95/43487.68) lat (ms,95%): 32.53 err/s: 0.00 reconn/s: 0.00
[ 560s ] thds: 400 tps: 23518.36 qps: 470273.48 (r/w/o: 329185.33/94052.34/47035.82) lat (ms,95%): 25.28 err/s: 0.00 reconn/s: 0.00
[ 570s ] thds: 400 tps: 24374.89 qps: 487470.55 (r/w/o: 341200.09/97520.77/48749.68) lat (ms,95%): 23.95 err/s: 0.00 reconn/s: 0.00
[ 580s ] thds: 400 tps: 23951.30 qps: 479074.24 (r/w/o: 335376.95/95793.29/47903.99) lat (ms,95%): 24.38 err/s: 0.00 reconn/s: 0.00
[ 590s ] thds: 400 tps: 24266.09 qps: 485395.75 (r/w/o: 339784.83/97078.75/48532.17) lat (ms,95%): 23.95 err/s: 0.00 reconn/s: 0.00
[ 600s ] thds: 400 tps: 23821.76 qps: 476300.33 (r/w/o: 333410.59/95248.73/47641.01) lat (ms,95%): 24.38 err/s: 0.20 reconn/s: 0.00
SQL statistics:
    queries performed:
        read:                            190474256
        write:                           54421153
        other:                           27210643
        total:                           272106052
    transactions:                        13605290 (22658.86 per sec.)
    queries:                             272106052 (453177.62 per sec.)
    ignored errors:                      14     (0.02 per sec.)
    reconnects:                          0      (0.00 per sec.)

General statistics:
    total time:                          600.4392s
    total number of events:              13605290

Latency (ms):
         min:                                    5.13
         avg:                                   17.64
         max:                                  579.13
         95th percentile:                       27.66
         sum:                            240014291.13

Threads fairness:
    events (avg/stddev):           34013.2250/777.99
    execution time (avg/stddev):   600.0357/0.11

