sysbench 1.0.20-ebf1c90 (using bundled LuaJIT 2.1.0-beta2)

Running the test with following options:
Number of threads: 400
Report intermediate results every 10 second(s)
Initializing random number generator from current time


Initializing worker threads...

Threads started!

[ 10s ] thds: 400 tps: 9264.60 qps: 185772.62 (r/w/o: 130091.14/37112.09/18569.39) lat (ms,95%): 164.45 err/s: 0.10 reconn/s: 0.00
[ 20s ] thds: 400 tps: 17061.69 qps: 341210.36 (r/w/o: 238857.60/68229.37/34123.39) lat (ms,95%): 41.85 err/s: 0.00 reconn/s: 0.00
[ 30s ] thds: 400 tps: 20940.35 qps: 418755.67 (r/w/o: 293119.88/83755.09/41880.70) lat (ms,95%): 26.68 err/s: 0.00 reconn/s: 0.00
[ 40s ] thds: 400 tps: 22451.02 qps: 449110.27 (r/w/o: 314384.96/89823.07/44902.24) lat (ms,95%): 26.20 err/s: 0.10 reconn/s: 0.00
[ 50s ] thds: 400 tps: 22768.19 qps: 455339.96 (r/w/o: 318758.20/91046.77/45534.99) lat (ms,95%): 25.28 err/s: 0.00 reconn/s: 0.00
[ 60s ] thds: 400 tps: 22979.79 qps: 459591.71 (r/w/o: 321708.06/91922.76/45960.88) lat (ms,95%): 25.74 err/s: 0.00 reconn/s: 0.00
[ 70s ] thds: 400 tps: 23049.00 qps: 461023.85 (r/w/o: 322684.66/92247.09/46092.09) lat (ms,95%): 25.28 err/s: 0.00 reconn/s: 0.00
[ 80s ] thds: 400 tps: 22772.58 qps: 455527.04 (r/w/o: 318898.85/91076.93/45551.26) lat (ms,95%): 25.74 err/s: 0.00 reconn/s: 0.00
[ 90s ] thds: 400 tps: 22969.30 qps: 459202.22 (r/w/o: 321439.44/91824.58/45938.19) lat (ms,95%): 25.28 err/s: 0.00 reconn/s: 0.00
[ 100s ] thds: 400 tps: 22896.77 qps: 457934.22 (r/w/o: 320528.09/91611.98/45794.14) lat (ms,95%): 25.28 err/s: 0.10 reconn/s: 0.00
[ 110s ] thds: 400 tps: 20745.64 qps: 415000.64 (r/w/o: 290518.79/82993.57/41488.28) lat (ms,95%): 34.95 err/s: 0.00 reconn/s: 0.00
[ 120s ] thds: 400 tps: 18261.90 qps: 365138.32 (r/w/o: 255575.75/73036.28/36526.29) lat (ms,95%): 51.94 err/s: 0.00 reconn/s: 0.00
[ 130s ] thds: 400 tps: 17873.59 qps: 357320.54 (r/w/o: 250111.82/71461.55/35747.17) lat (ms,95%): 48.34 err/s: 0.00 reconn/s: 0.00
[ 140s ] thds: 400 tps: 22450.95 qps: 449318.77 (r/w/o: 314570.25/89845.91/44902.61) lat (ms,95%): 26.20 err/s: 0.00 reconn/s: 0.00
[ 150s ] thds: 400 tps: 22739.39 qps: 454797.21 (r/w/o: 318348.27/90970.36/45478.58) lat (ms,95%): 25.74 err/s: 0.00 reconn/s: 0.00
[ 160s ] thds: 400 tps: 23347.66 qps: 466930.88 (r/w/o: 326859.83/93375.54/46695.52) lat (ms,95%): 24.83 err/s: 0.10 reconn/s: 0.00
[ 170s ] thds: 400 tps: 23347.27 qps: 466893.83 (r/w/o: 326819.93/93379.87/46694.03) lat (ms,95%): 24.83 err/s: 0.00 reconn/s: 0.00
[ 180s ] thds: 400 tps: 23096.63 qps: 461794.71 (r/w/o: 323243.16/92357.30/46194.25) lat (ms,95%): 24.83 err/s: 0.00 reconn/s: 0.00
[ 190s ] thds: 400 tps: 22967.58 qps: 459638.08 (r/w/o: 321725.21/91977.62/45935.26) lat (ms,95%): 25.28 err/s: 0.10 reconn/s: 0.00
[ 200s ] thds: 400 tps: 23272.86 qps: 465378.40 (r/w/o: 325812.14/93020.34/46545.92) lat (ms,95%): 24.83 err/s: 0.00 reconn/s: 0.00
[ 210s ] thds: 400 tps: 21875.10 qps: 437307.57 (r/w/o: 306066.45/87492.01/43749.11) lat (ms,95%): 29.72 err/s: 0.00 reconn/s: 0.00
[ 220s ] thds: 400 tps: 21764.01 qps: 435318.14 (r/w/o: 304705.10/87093.53/43519.51) lat (ms,95%): 29.19 err/s: 0.00 reconn/s: 0.00
[ 230s ] thds: 400 tps: 19922.73 qps: 398701.00 (r/w/o: 279128.12/79717.62/39855.26) lat (ms,95%): 38.94 err/s: 0.10 reconn/s: 0.00
[ 240s ] thds: 400 tps: 19886.03 qps: 397655.66 (r/w/o: 278354.69/79533.01/39767.96) lat (ms,95%): 38.94 err/s: 0.00 reconn/s: 0.00
[ 250s ] thds: 400 tps: 21759.18 qps: 435069.26 (r/w/o: 304546.97/86999.83/43522.47) lat (ms,95%): 29.19 err/s: 0.00 reconn/s: 0.00
[ 260s ] thds: 400 tps: 23163.65 qps: 463267.72 (r/w/o: 324296.24/92644.18/46327.29) lat (ms,95%): 24.83 err/s: 0.00 reconn/s: 0.00
[ 270s ] thds: 400 tps: 23146.81 qps: 463074.72 (r/w/o: 324166.58/92618.42/46289.71) lat (ms,95%): 25.28 err/s: 0.00 reconn/s: 0.00
[ 280s ] thds: 400 tps: 23263.37 qps: 465213.07 (r/w/o: 325648.93/93033.29/46530.85) lat (ms,95%): 24.83 err/s: 0.10 reconn/s: 0.00
[ 290s ] thds: 400 tps: 23114.17 qps: 462368.88 (r/w/o: 323638.04/92502.60/46228.25) lat (ms,95%): 25.28 err/s: 0.00 reconn/s: 0.00
[ 300s ] thds: 400 tps: 23161.32 qps: 463008.51 (r/w/o: 324094.22/92599.26/46315.03) lat (ms,95%): 24.83 err/s: 0.00 reconn/s: 0.00
[ 310s ] thds: 400 tps: 21777.76 qps: 435774.48 (r/w/o: 305069.03/87142.04/43563.42) lat (ms,95%): 29.19 err/s: 0.00 reconn/s: 0.00
[ 320s ] thds: 400 tps: 21642.13 qps: 432666.66 (r/w/o: 302861.86/86521.53/43283.27) lat (ms,95%): 30.26 err/s: 0.00 reconn/s: 0.00
[ 330s ] thds: 400 tps: 21732.02 qps: 434730.50 (r/w/o: 304338.85/86927.30/43464.35) lat (ms,95%): 29.72 err/s: 0.00 reconn/s: 0.00
[ 340s ] thds: 400 tps: 19750.26 qps: 395085.63 (r/w/o: 276558.06/79026.05/39501.52) lat (ms,95%): 38.94 err/s: 0.00 reconn/s: 0.00
[ 350s ] thds: 400 tps: 19905.20 qps: 397948.44 (r/w/o: 278549.56/79588.19/39810.69) lat (ms,95%): 38.25 err/s: 0.10 reconn/s: 0.00
[ 360s ] thds: 400 tps: 22394.67 qps: 448147.62 (r/w/o: 313682.49/89675.79/44789.34) lat (ms,95%): 26.68 err/s: 0.00 reconn/s: 0.00
[ 370s ] thds: 400 tps: 22760.36 qps: 454976.69 (r/w/o: 318479.83/90976.74/45520.12) lat (ms,95%): 26.20 err/s: 0.00 reconn/s: 0.00
[ 380s ] thds: 400 tps: 22456.75 qps: 448997.09 (r/w/o: 314289.46/89793.82/44913.81) lat (ms,95%): 27.17 err/s: 0.00 reconn/s: 0.00
[ 390s ] thds: 400 tps: 22121.36 qps: 442569.72 (r/w/o: 309824.59/88504.52/44240.61) lat (ms,95%): 27.66 err/s: 0.00 reconn/s: 0.00
[ 400s ] thds: 400 tps: 21590.89 qps: 432071.51 (r/w/o: 302433.17/86454.16/43184.18) lat (ms,95%): 29.19 err/s: 0.00 reconn/s: 0.00
[ 410s ] thds: 400 tps: 20901.18 qps: 417766.92 (r/w/o: 292471.83/83498.53/41796.56) lat (ms,95%): 33.72 err/s: 0.10 reconn/s: 0.00
[ 420s ] thds: 400 tps: 20422.93 qps: 408432.41 (r/w/o: 285867.83/81713.32/40851.26) lat (ms,95%): 36.24 err/s: 0.00 reconn/s: 0.00
[ 430s ] thds: 400 tps: 20083.21 qps: 401716.37 (r/w/o: 281195.29/80353.95/40167.13) lat (ms,95%): 37.56 err/s: 0.00 reconn/s: 0.00
[ 440s ] thds: 400 tps: 19962.65 qps: 399269.98 (r/w/o: 279528.69/79816.20/39925.10) lat (ms,95%): 38.25 err/s: 0.00 reconn/s: 0.00
[ 450s ] thds: 400 tps: 20043.75 qps: 400869.46 (r/w/o: 280621.07/80160.69/40087.70) lat (ms,95%): 36.24 err/s: 0.00 reconn/s: 0.00
[ 460s ] thds: 400 tps: 19860.98 qps: 397171.98 (r/w/o: 278001.01/79449.22/39721.76) lat (ms,95%): 37.56 err/s: 0.00 reconn/s: 0.00
[ 470s ] thds: 400 tps: 21839.04 qps: 437014.51 (r/w/o: 305893.47/87442.66/43678.38) lat (ms,95%): 28.67 err/s: 0.00 reconn/s: 0.00
[ 480s ] thds: 400 tps: 22985.36 qps: 459586.51 (r/w/o: 321745.68/91870.12/45970.71) lat (ms,95%): 25.28 err/s: 0.00 reconn/s: 0.00
[ 490s ] thds: 400 tps: 22773.46 qps: 455517.05 (r/w/o: 318856.01/91114.33/45546.72) lat (ms,95%): 25.74 err/s: 0.00 reconn/s: 0.00
[ 500s ] thds: 400 tps: 22774.63 qps: 455390.48 (r/w/o: 318751.88/91089.04/45549.57) lat (ms,95%): 25.74 err/s: 0.00 reconn/s: 0.00
[ 510s ] thds: 400 tps: 22837.16 qps: 456720.68 (r/w/o: 319721.02/91325.14/45674.52) lat (ms,95%): 25.74 err/s: 0.00 reconn/s: 0.00
[ 520s ] thds: 400 tps: 21488.52 qps: 429821.01 (r/w/o: 300870.99/85972.68/42977.34) lat (ms,95%): 29.72 err/s: 0.00 reconn/s: 0.00
[ 530s ] thds: 400 tps: 21317.99 qps: 426336.12 (r/w/o: 298419.31/85284.94/42631.87) lat (ms,95%): 30.81 err/s: 0.10 reconn/s: 0.00
[ 540s ] thds: 400 tps: 21344.01 qps: 427018.08 (r/w/o: 298914.70/85411.06/42692.33) lat (ms,95%): 30.26 err/s: 0.00 reconn/s: 0.00
[ 550s ] thds: 400 tps: 21536.60 qps: 430487.46 (r/w/o: 301330.97/86085.29/43071.20) lat (ms,95%): 29.72 err/s: 0.00 reconn/s: 0.00
[ 560s ] thds: 400 tps: 20214.37 qps: 404317.03 (r/w/o: 283026.90/80859.39/40430.74) lat (ms,95%): 36.24 err/s: 0.00 reconn/s: 0.00
[ 570s ] thds: 400 tps: 19942.95 qps: 398947.27 (r/w/o: 279271.85/79789.41/39886.01) lat (ms,95%): 36.89 err/s: 0.00 reconn/s: 0.00
[ 580s ] thds: 400 tps: 22666.91 qps: 453304.30 (r/w/o: 317314.54/90655.84/45333.92) lat (ms,95%): 26.20 err/s: 0.00 reconn/s: 0.00
[ 590s ] thds: 400 tps: 22868.30 qps: 457333.95 (r/w/o: 320123.64/91473.51/45736.81) lat (ms,95%): 25.74 err/s: 0.10 reconn/s: 0.00
[ 600s ] thds: 400 tps: 22297.51 qps: 445965.12 (r/w/o: 312165.15/89205.74/44594.22) lat (ms,95%): 26.68 err/s: 0.00 reconn/s: 0.00
SQL statistics:
    queries performed:
        read:                            180690720
        write:                           51625875
        other:                           25812983
        total:                           258129578
    transactions:                        12906469 (21499.38 per sec.)
    queries:                             258129578 (429987.84 per sec.)
    ignored errors:                      11     (0.02 per sec.)
    reconnects:                          0      (0.00 per sec.)

General statistics:
    total time:                          600.3174s
    total number of events:              12906469

Latency (ms):
         min:                                    5.33
         avg:                                   18.60
         max:                                  504.62
         95th percentile:                       29.19
         sum:                            240004706.29

Threads fairness:
    events (avg/stddev):           32266.1725/869.95
    execution time (avg/stddev):   600.0118/0.07

