sysbench 1.0.20-ebf1c90 (using bundled LuaJIT 2.1.0-beta2)

Running the test with following options:
Number of threads: 400
Report intermediate results every 10 second(s)
Initializing random number generator from current time


Initializing worker threads...

Threads started!

[ 10s ] thds: 400 tps: 9124.87 qps: 182933.41 (r/w/o: 128133.31/36510.37/18289.73) lat (ms,95%): 164.45 err/s: 0.00 reconn/s: 0.00
[ 20s ] thds: 400 tps: 16809.71 qps: 336279.00 (r/w/o: 235400.24/67259.24/33619.52) lat (ms,95%): 94.10 err/s: 0.00 reconn/s: 0.00
[ 30s ] thds: 400 tps: 20970.41 qps: 419446.34 (r/w/o: 293592.70/83912.53/41941.11) lat (ms,95%): 26.68 err/s: 0.00 reconn/s: 0.00
[ 40s ] thds: 400 tps: 22380.11 qps: 447547.12 (r/w/o: 313281.65/89505.14/44760.32) lat (ms,95%): 26.20 err/s: 0.00 reconn/s: 0.00
[ 50s ] thds: 400 tps: 22650.35 qps: 453038.64 (r/w/o: 317121.76/90618.39/45298.49) lat (ms,95%): 25.74 err/s: 0.00 reconn/s: 0.00
[ 60s ] thds: 400 tps: 22933.70 qps: 458746.58 (r/w/o: 321145.05/91731.72/45869.81) lat (ms,95%): 25.74 err/s: 0.00 reconn/s: 0.00
[ 70s ] thds: 400 tps: 22964.48 qps: 459137.81 (r/w/o: 321388.85/91821.50/45927.45) lat (ms,95%): 25.74 err/s: 0.00 reconn/s: 0.00
[ 80s ] thds: 400 tps: 22745.88 qps: 454868.09 (r/w/o: 318381.58/90995.14/45491.37) lat (ms,95%): 26.20 err/s: 0.00 reconn/s: 0.00
[ 90s ] thds: 400 tps: 22880.52 qps: 457680.53 (r/w/o: 320388.00/91529.29/45763.24) lat (ms,95%): 25.28 err/s: 0.00 reconn/s: 0.00
[ 100s ] thds: 400 tps: 22887.88 qps: 457840.82 (r/w/o: 320501.83/91562.82/45776.16) lat (ms,95%): 25.28 err/s: 0.10 reconn/s: 0.00
[ 110s ] thds: 400 tps: 20697.00 qps: 413840.05 (r/w/o: 289687.53/82760.81/41391.70) lat (ms,95%): 34.95 err/s: 0.00 reconn/s: 0.00
[ 120s ] thds: 400 tps: 18265.13 qps: 365363.59 (r/w/o: 255737.58/73093.14/36532.87) lat (ms,95%): 51.94 err/s: 0.10 reconn/s: 0.00
[ 130s ] thds: 400 tps: 17750.95 qps: 354874.96 (r/w/o: 248422.34/70951.41/35501.21) lat (ms,95%): 49.21 err/s: 0.00 reconn/s: 0.00
[ 140s ] thds: 400 tps: 22330.42 qps: 446872.35 (r/w/o: 312801.52/89409.19/44661.65) lat (ms,95%): 26.68 err/s: 0.00 reconn/s: 0.00
[ 150s ] thds: 400 tps: 22676.40 qps: 453498.72 (r/w/o: 317425.64/90724.78/45348.29) lat (ms,95%): 25.74 err/s: 0.00 reconn/s: 0.00
[ 160s ] thds: 400 tps: 23326.69 qps: 466335.49 (r/w/o: 326462.02/93216.68/46656.79) lat (ms,95%): 25.28 err/s: 0.00 reconn/s: 0.00
[ 170s ] thds: 400 tps: 23348.44 qps: 467145.39 (r/w/o: 327002.96/93446.06/46696.38) lat (ms,95%): 24.83 err/s: 0.00 reconn/s: 0.00
[ 180s ] thds: 400 tps: 23020.77 qps: 460403.85 (r/w/o: 322283.52/92077.19/46043.15) lat (ms,95%): 25.28 err/s: 0.00 reconn/s: 0.00
[ 190s ] thds: 400 tps: 22902.62 qps: 457932.72 (r/w/o: 320552.40/91575.08/45805.24) lat (ms,95%): 25.74 err/s: 0.00 reconn/s: 0.00
[ 200s ] thds: 400 tps: 23136.22 qps: 462815.33 (r/w/o: 323968.00/92580.09/46267.24) lat (ms,95%): 24.83 err/s: 0.00 reconn/s: 0.00
[ 210s ] thds: 400 tps: 21878.41 qps: 437506.04 (r/w/o: 306241.37/87502.35/43762.32) lat (ms,95%): 29.72 err/s: 0.10 reconn/s: 0.00
[ 220s ] thds: 400 tps: 21748.01 qps: 434906.40 (r/w/o: 304445.04/86967.24/43494.12) lat (ms,95%): 29.19 err/s: 0.00 reconn/s: 0.00
[ 230s ] thds: 400 tps: 19868.29 qps: 397401.80 (r/w/o: 278149.59/79514.34/39737.87) lat (ms,95%): 39.65 err/s: 0.10 reconn/s: 0.00
[ 240s ] thds: 400 tps: 19822.79 qps: 396530.42 (r/w/o: 277604.20/79281.54/39644.67) lat (ms,95%): 39.65 err/s: 0.10 reconn/s: 0.00
[ 250s ] thds: 400 tps: 21556.84 qps: 431305.17 (r/w/o: 301911.74/86277.45/43115.98) lat (ms,95%): 29.72 err/s: 0.20 reconn/s: 0.00
[ 260s ] thds: 400 tps: 23067.76 qps: 461265.22 (r/w/o: 322912.59/92217.03/46135.61) lat (ms,95%): 24.83 err/s: 0.00 reconn/s: 0.00
[ 270s ] thds: 400 tps: 23060.97 qps: 461213.66 (r/w/o: 322837.75/92253.97/46121.94) lat (ms,95%): 25.28 err/s: 0.00 reconn/s: 0.00
[ 280s ] thds: 400 tps: 23179.75 qps: 463529.05 (r/w/o: 324474.46/92695.09/46359.49) lat (ms,95%): 24.83 err/s: 0.00 reconn/s: 0.00
[ 290s ] thds: 400 tps: 23029.00 qps: 460503.69 (r/w/o: 322324.29/92121.40/46058.00) lat (ms,95%): 25.28 err/s: 0.00 reconn/s: 0.00
[ 300s ] thds: 400 tps: 23078.98 qps: 461676.51 (r/w/o: 323190.85/92327.50/46158.15) lat (ms,95%): 24.83 err/s: 0.00 reconn/s: 0.00
[ 310s ] thds: 400 tps: 21707.49 qps: 434082.25 (r/w/o: 303864.32/86805.45/43412.47) lat (ms,95%): 29.72 err/s: 0.00 reconn/s: 0.00
[ 320s ] thds: 400 tps: 21623.20 qps: 432541.69 (r/w/o: 302805.89/86486.70/43249.10) lat (ms,95%): 29.72 err/s: 0.00 reconn/s: 0.00
[ 330s ] thds: 400 tps: 21645.98 qps: 432783.21 (r/w/o: 302916.06/86575.10/43292.05) lat (ms,95%): 29.72 err/s: 0.00 reconn/s: 0.00
[ 340s ] thds: 400 tps: 19762.27 qps: 395320.63 (r/w/o: 276738.50/79057.29/39524.84) lat (ms,95%): 38.25 err/s: 0.10 reconn/s: 0.00
[ 350s ] thds: 400 tps: 19778.79 qps: 395463.72 (r/w/o: 276787.51/79124.45/39551.77) lat (ms,95%): 38.25 err/s: 0.10 reconn/s: 0.00
[ 360s ] thds: 400 tps: 22324.22 qps: 446606.80 (r/w/o: 312652.07/89300.08/44654.64) lat (ms,95%): 26.68 err/s: 0.10 reconn/s: 0.00
[ 370s ] thds: 400 tps: 22677.51 qps: 453485.62 (r/w/o: 317423.08/90707.83/45354.71) lat (ms,95%): 26.20 err/s: 0.00 reconn/s: 0.00
[ 380s ] thds: 400 tps: 22461.78 qps: 449233.45 (r/w/o: 314495.66/89816.13/44921.67) lat (ms,95%): 26.68 err/s: 0.00 reconn/s: 0.00
[ 390s ] thds: 400 tps: 21979.47 qps: 439695.43 (r/w/o: 307788.93/87945.27/43961.23) lat (ms,95%): 28.16 err/s: 0.00 reconn/s: 0.00
[ 400s ] thds: 400 tps: 21600.35 qps: 431727.20 (r/w/o: 302155.60/86372.00/43199.60) lat (ms,95%): 29.19 err/s: 0.00 reconn/s: 0.00
[ 410s ] thds: 400 tps: 20737.17 qps: 414899.01 (r/w/o: 290445.12/82978.96/41474.93) lat (ms,95%): 34.33 err/s: 0.10 reconn/s: 0.00
[ 420s ] thds: 400 tps: 20359.57 qps: 407190.36 (r/w/o: 285013.86/81465.07/40711.44) lat (ms,95%): 36.89 err/s: 0.00 reconn/s: 0.00
[ 430s ] thds: 400 tps: 20012.67 qps: 400404.68 (r/w/o: 280327.46/80043.58/40033.64) lat (ms,95%): 37.56 err/s: 0.00 reconn/s: 0.00
[ 440s ] thds: 400 tps: 19942.56 qps: 398646.20 (r/w/o: 279041.61/79719.26/39885.33) lat (ms,95%): 38.25 err/s: 0.10 reconn/s: 0.00
[ 450s ] thds: 400 tps: 19920.36 qps: 398607.09 (r/w/o: 279030.10/79736.16/39840.83) lat (ms,95%): 36.89 err/s: 0.10 reconn/s: 0.00
[ 460s ] thds: 400 tps: 19806.20 qps: 396096.19 (r/w/o: 277261.16/79222.02/39613.01) lat (ms,95%): 37.56 err/s: 0.00 reconn/s: 0.00
[ 470s ] thds: 400 tps: 21749.07 qps: 435062.37 (r/w/o: 304547.93/87016.29/43498.15) lat (ms,95%): 29.19 err/s: 0.00 reconn/s: 0.00
[ 480s ] thds: 400 tps: 22917.25 qps: 458110.21 (r/w/o: 320683.80/91591.70/45834.70) lat (ms,95%): 25.28 err/s: 0.00 reconn/s: 0.00
[ 490s ] thds: 400 tps: 22726.44 qps: 454650.68 (r/w/o: 318266.41/90931.38/45452.89) lat (ms,95%): 25.74 err/s: 0.00 reconn/s: 0.00
[ 500s ] thds: 400 tps: 22718.41 qps: 454393.61 (r/w/o: 318072.55/90885.04/45436.02) lat (ms,95%): 25.74 err/s: 0.00 reconn/s: 0.00
[ 510s ] thds: 400 tps: 22801.23 qps: 455975.01 (r/w/o: 319161.23/91210.52/45603.26) lat (ms,95%): 25.74 err/s: 0.00 reconn/s: 0.00
[ 520s ] thds: 400 tps: 21441.87 qps: 428890.46 (r/w/o: 300227.95/85780.37/42882.14) lat (ms,95%): 29.72 err/s: 0.00 reconn/s: 0.00
[ 530s ] thds: 400 tps: 21285.27 qps: 425623.18 (r/w/o: 297934.94/85117.60/42570.65) lat (ms,95%): 30.81 err/s: 0.10 reconn/s: 0.00
[ 540s ] thds: 400 tps: 21291.44 qps: 426075.83 (r/w/o: 298253.78/85237.27/42584.78) lat (ms,95%): 30.26 err/s: 0.00 reconn/s: 0.00
[ 550s ] thds: 400 tps: 21494.20 qps: 429690.22 (r/w/o: 300786.22/85915.40/42988.60) lat (ms,95%): 29.72 err/s: 0.00 reconn/s: 0.00
[ 560s ] thds: 400 tps: 20143.99 qps: 402873.59 (r/w/o: 282038.82/80546.68/40288.09) lat (ms,95%): 36.89 err/s: 0.00 reconn/s: 0.00
[ 570s ] thds: 400 tps: 19913.69 qps: 398324.30 (r/w/o: 278813.86/79683.06/39827.38) lat (ms,95%): 36.89 err/s: 0.00 reconn/s: 0.00
[ 580s ] thds: 400 tps: 22543.65 qps: 450823.88 (r/w/o: 315563.86/90172.62/45087.41) lat (ms,95%): 26.20 err/s: 0.10 reconn/s: 0.00
[ 590s ] thds: 400 tps: 22794.42 qps: 455848.97 (r/w/o: 319079.93/91180.39/45588.65) lat (ms,95%): 25.74 err/s: 0.00 reconn/s: 0.00
[ 600s ] thds: 400 tps: 22453.79 qps: 449236.12 (r/w/o: 314467.91/89860.04/44908.17) lat (ms,95%): 26.20 err/s: 0.10 reconn/s: 0.00
SQL statistics:
    queries performed:
        read:                            180145014
        write:                           51469937
        other:                           25735037
        total:                           257349988
    transactions:                        12867485 (21434.38 per sec.)
    queries:                             257349988 (428688.12 per sec.)
    ignored errors:                      16     (0.03 per sec.)
    reconnects:                          0      (0.00 per sec.)

General statistics:
    total time:                          600.3189s
    total number of events:              12867485

Latency (ms):
         min:                                    5.27
         avg:                                   18.65
         max:                                  342.85
         95th percentile:                       29.19
         sum:                            239982395.33

Threads fairness:
    events (avg/stddev):           32168.7125/824.00
    execution time (avg/stddev):   599.9560/0.02

