sysbench 1.0.20-ebf1c90 (using bundled LuaJIT 2.1.0-beta2)

Running the test with following options:
Number of threads: 400
Report intermediate results every 10 second(s)
Initializing random number generator from current time


Initializing worker threads...

Threads started!

[ 10s ] thds: 400 tps: 5311.96 qps: 106678.42 (r/w/o: 74756.07/21258.23/10664.11) lat (ms,95%): 207.82 err/s: 0.10 reconn/s: 0.00
[ 20s ] thds: 400 tps: 8079.64 qps: 161586.96 (r/w/o: 113096.73/32330.95/16159.28) lat (ms,95%): 161.51 err/s: 0.00 reconn/s: 0.00
[ 30s ] thds: 400 tps: 8950.65 qps: 179166.03 (r/w/o: 125429.75/35834.99/17901.29) lat (ms,95%): 89.16 err/s: 0.00 reconn/s: 0.00
[ 40s ] thds: 400 tps: 9737.20 qps: 194868.48 (r/w/o: 136381.88/39011.90/19474.70) lat (ms,95%): 69.29 err/s: 0.10 reconn/s: 0.00
[ 50s ] thds: 400 tps: 10134.74 qps: 202424.59 (r/w/o: 141710.82/40444.28/20269.49) lat (ms,95%): 65.65 err/s: 0.00 reconn/s: 0.00
[ 60s ] thds: 400 tps: 10489.62 qps: 209823.20 (r/w/o: 146860.58/41984.48/20978.14) lat (ms,95%): 63.32 err/s: 0.00 reconn/s: 0.00
[ 70s ] thds: 400 tps: 10647.14 qps: 212985.69 (r/w/o: 149122.73/42567.28/21295.69) lat (ms,95%): 63.32 err/s: 0.10 reconn/s: 0.00
[ 80s ] thds: 400 tps: 10806.59 qps: 216089.46 (r/w/o: 151231.30/43245.67/21612.49) lat (ms,95%): 61.08 err/s: 0.00 reconn/s: 0.00
[ 90s ] thds: 400 tps: 10852.13 qps: 217198.05 (r/w/o: 152064.48/43428.61/21704.95) lat (ms,95%): 61.08 err/s: 0.00 reconn/s: 0.00
[ 100s ] thds: 400 tps: 10911.28 qps: 218131.24 (r/w/o: 152695.08/43613.91/21822.25) lat (ms,95%): 61.08 err/s: 0.00 reconn/s: 0.00
[ 110s ] thds: 400 tps: 11170.11 qps: 223502.38 (r/w/o: 156445.52/44716.04/22340.82) lat (ms,95%): 59.99 err/s: 0.00 reconn/s: 0.00
[ 120s ] thds: 400 tps: 11086.23 qps: 221629.33 (r/w/o: 155123.04/44339.43/22166.86) lat (ms,95%): 59.99 err/s: 0.00 reconn/s: 0.00
[ 130s ] thds: 400 tps: 10862.67 qps: 217228.35 (r/w/o: 152075.44/43421.87/21731.04) lat (ms,95%): 61.08 err/s: 0.00 reconn/s: 0.00
[ 140s ] thds: 400 tps: 11048.98 qps: 221082.12 (r/w/o: 154760.53/44223.72/22097.86) lat (ms,95%): 61.08 err/s: 0.00 reconn/s: 0.00
[ 150s ] thds: 400 tps: 11047.01 qps: 220943.14 (r/w/o: 154662.10/44186.83/22094.21) lat (ms,95%): 61.08 err/s: 0.00 reconn/s: 0.00
[ 160s ] thds: 400 tps: 10987.39 qps: 219625.82 (r/w/o: 153725.98/43925.26/21974.58) lat (ms,95%): 59.99 err/s: 0.00 reconn/s: 0.00
[ 170s ] thds: 400 tps: 11052.78 qps: 221166.10 (r/w/o: 154833.85/44226.20/22106.05) lat (ms,95%): 62.19 err/s: 0.10 reconn/s: 0.00
[ 180s ] thds: 400 tps: 11137.52 qps: 222782.51 (r/w/o: 155928.39/44579.48/22274.64) lat (ms,95%): 59.99 err/s: 0.00 reconn/s: 0.00
[ 190s ] thds: 400 tps: 11135.11 qps: 222623.95 (r/w/o: 155858.81/44494.53/22270.62) lat (ms,95%): 61.08 err/s: 0.00 reconn/s: 0.00
[ 200s ] thds: 400 tps: 10922.62 qps: 218548.25 (r/w/o: 152969.65/43733.27/21845.34) lat (ms,95%): 61.08 err/s: 0.00 reconn/s: 0.00
[ 210s ] thds: 400 tps: 10662.59 qps: 213163.94 (r/w/o: 149224.29/42614.37/21325.28) lat (ms,95%): 64.47 err/s: 0.00 reconn/s: 0.00
[ 220s ] thds: 400 tps: 10083.66 qps: 201526.93 (r/w/o: 141061.16/40300.35/20165.42) lat (ms,95%): 71.83 err/s: 0.00 reconn/s: 0.00
[ 230s ] thds: 400 tps: 9590.90 qps: 191830.07 (r/w/o: 134239.38/38413.29/19177.40) lat (ms,95%): 78.60 err/s: 0.00 reconn/s: 0.00
[ 240s ] thds: 400 tps: 9248.58 qps: 185016.68 (r/w/o: 129553.31/36959.82/18503.56) lat (ms,95%): 82.96 err/s: 0.00 reconn/s: 0.00
[ 250s ] thds: 400 tps: 8913.45 qps: 178264.20 (r/w/o: 124780.80/35657.90/17825.50) lat (ms,95%): 84.47 err/s: 0.00 reconn/s: 0.00
[ 260s ] thds: 400 tps: 8726.20 qps: 174700.68 (r/w/o: 122294.46/34952.22/17454.01) lat (ms,95%): 86.00 err/s: 0.00 reconn/s: 0.00
[ 270s ] thds: 400 tps: 9594.08 qps: 191880.75 (r/w/o: 134317.59/38374.81/19188.36) lat (ms,95%): 74.46 err/s: 0.10 reconn/s: 0.00
[ 280s ] thds: 400 tps: 10974.50 qps: 219517.52 (r/w/o: 153644.32/43925.60/21947.60) lat (ms,95%): 61.08 err/s: 0.00 reconn/s: 0.00
[ 290s ] thds: 400 tps: 11030.59 qps: 220455.10 (r/w/o: 154362.86/44029.96/22062.28) lat (ms,95%): 59.99 err/s: 0.00 reconn/s: 0.00
[ 300s ] thds: 400 tps: 11006.46 qps: 220210.88 (r/w/o: 154131.70/44065.96/22013.23) lat (ms,95%): 59.99 err/s: 0.00 reconn/s: 0.00
[ 310s ] thds: 400 tps: 10989.57 qps: 219706.43 (r/w/o: 153775.70/43952.29/21978.44) lat (ms,95%): 59.99 err/s: 0.00 reconn/s: 0.00
[ 320s ] thds: 400 tps: 11046.34 qps: 220878.56 (r/w/o: 154610.40/44175.07/22093.09) lat (ms,95%): 59.99 err/s: 0.00 reconn/s: 0.00
[ 330s ] thds: 400 tps: 11119.02 qps: 222273.57 (r/w/o: 155579.73/44457.89/22235.95) lat (ms,95%): 59.99 err/s: 0.00 reconn/s: 0.00
[ 340s ] thds: 400 tps: 11164.39 qps: 223292.85 (r/w/o: 156290.09/44676.47/22326.28) lat (ms,95%): 59.99 err/s: 0.00 reconn/s: 0.00
[ 350s ] thds: 400 tps: 11063.44 qps: 221426.29 (r/w/o: 155048.96/44245.16/22132.18) lat (ms,95%): 61.08 err/s: 0.00 reconn/s: 0.00
[ 360s ] thds: 400 tps: 11135.80 qps: 222731.33 (r/w/o: 155914.55/44545.39/22271.39) lat (ms,95%): 61.08 err/s: 0.00 reconn/s: 0.00
[ 370s ] thds: 400 tps: 11169.69 qps: 223332.64 (r/w/o: 156327.59/44665.37/22339.68) lat (ms,95%): 59.99 err/s: 0.00 reconn/s: 0.00
[ 380s ] thds: 400 tps: 11207.82 qps: 224344.57 (r/w/o: 157020.86/44907.97/22415.74) lat (ms,95%): 59.99 err/s: 0.00 reconn/s: 0.00
[ 390s ] thds: 400 tps: 11032.06 qps: 220553.41 (r/w/o: 154378.45/44110.54/22064.42) lat (ms,95%): 62.19 err/s: 0.10 reconn/s: 0.00
[ 400s ] thds: 400 tps: 11150.98 qps: 222999.76 (r/w/o: 156129.66/44568.33/22301.77) lat (ms,95%): 59.99 err/s: 0.00 reconn/s: 0.00
[ 410s ] thds: 400 tps: 11082.66 qps: 221580.83 (r/w/o: 155091.69/44323.63/22165.51) lat (ms,95%): 61.08 err/s: 0.00 reconn/s: 0.00
[ 420s ] thds: 400 tps: 10851.10 qps: 217078.27 (r/w/o: 151972.45/43403.51/21702.31) lat (ms,95%): 63.32 err/s: 0.00 reconn/s: 0.00
[ 430s ] thds: 400 tps: 10376.79 qps: 207583.80 (r/w/o: 145297.66/41532.46/20753.68) lat (ms,95%): 65.65 err/s: 0.00 reconn/s: 0.00
[ 440s ] thds: 400 tps: 10273.13 qps: 205312.96 (r/w/o: 143701.59/41065.31/20546.06) lat (ms,95%): 66.84 err/s: 0.00 reconn/s: 0.00
[ 450s ] thds: 400 tps: 10091.90 qps: 202042.60 (r/w/o: 141436.57/40421.82/20184.21) lat (ms,95%): 70.55 err/s: 0.00 reconn/s: 0.00
[ 460s ] thds: 400 tps: 9775.42 qps: 195469.25 (r/w/o: 136838.04/39080.77/19550.43) lat (ms,95%): 73.13 err/s: 0.00 reconn/s: 0.00
[ 470s ] thds: 400 tps: 9899.51 qps: 197907.77 (r/w/o: 138540.42/39569.03/19798.32) lat (ms,95%): 71.83 err/s: 0.00 reconn/s: 0.00
[ 480s ] thds: 400 tps: 9521.79 qps: 190418.76 (r/w/o: 133299.13/38075.65/19043.98) lat (ms,95%): 77.19 err/s: 0.00 reconn/s: 0.00
[ 490s ] thds: 400 tps: 9422.81 qps: 188557.50 (r/w/o: 131979.21/37731.76/18846.53) lat (ms,95%): 75.82 err/s: 0.00 reconn/s: 0.00
[ 500s ] thds: 400 tps: 9418.36 qps: 188247.63 (r/w/o: 131758.39/37653.43/18835.81) lat (ms,95%): 77.19 err/s: 0.00 reconn/s: 0.00
[ 510s ] thds: 400 tps: 10858.04 qps: 217185.71 (r/w/o: 152042.37/43426.76/21716.58) lat (ms,95%): 62.19 err/s: 0.00 reconn/s: 0.00
[ 520s ] thds: 400 tps: 10950.02 qps: 219142.06 (r/w/o: 153392.52/43848.79/21900.75) lat (ms,95%): 61.08 err/s: 0.00 reconn/s: 0.00
[ 530s ] thds: 400 tps: 11041.63 qps: 220836.40 (r/w/o: 154593.92/44159.22/22083.26) lat (ms,95%): 61.08 err/s: 0.00 reconn/s: 0.00
[ 540s ] thds: 400 tps: 11038.11 qps: 220783.02 (r/w/o: 154539.18/44167.62/22076.21) lat (ms,95%): 61.08 err/s: 0.00 reconn/s: 0.00
[ 550s ] thds: 400 tps: 11071.71 qps: 221227.93 (r/w/o: 154826.99/44258.83/22142.11) lat (ms,95%): 59.99 err/s: 0.10 reconn/s: 0.00
[ 560s ] thds: 400 tps: 11044.42 qps: 220951.35 (r/w/o: 154692.51/44168.69/22090.14) lat (ms,95%): 61.08 err/s: 0.00 reconn/s: 0.00
[ 570s ] thds: 400 tps: 11107.09 qps: 222202.49 (r/w/o: 155575.85/44412.16/22214.48) lat (ms,95%): 59.99 err/s: 0.00 reconn/s: 0.00
[ 580s ] thds: 400 tps: 11266.76 qps: 225166.69 (r/w/o: 157588.20/45044.96/22533.53) lat (ms,95%): 59.99 err/s: 0.00 reconn/s: 0.00
[ 590s ] thds: 400 tps: 11073.24 qps: 221607.55 (r/w/o: 155142.00/44319.07/22146.49) lat (ms,95%): 61.08 err/s: 0.00 reconn/s: 0.00
[ 600s ] thds: 400 tps: 11153.18 qps: 222971.87 (r/w/o: 156079.60/44586.81/22305.46) lat (ms,95%): 59.99 err/s: 0.00 reconn/s: 0.00
[ 610s ] thds: 400 tps: 11022.82 qps: 220549.70 (r/w/o: 154380.25/44122.60/22046.85) lat (ms,95%): 61.08 err/s: 0.10 reconn/s: 0.00
[ 620s ] thds: 400 tps: 11042.60 qps: 220948.83 (r/w/o: 154670.12/44193.51/22085.20) lat (ms,95%): 61.08 err/s: 0.00 reconn/s: 0.00
[ 630s ] thds: 400 tps: 10724.11 qps: 214235.53 (r/w/o: 149924.19/42863.13/21448.21) lat (ms,95%): 64.47 err/s: 0.00 reconn/s: 0.00
[ 640s ] thds: 400 tps: 10399.36 qps: 208112.83 (r/w/o: 145674.99/41644.03/20793.81) lat (ms,95%): 66.84 err/s: 0.00 reconn/s: 0.00
[ 650s ] thds: 400 tps: 10212.24 qps: 204184.18 (r/w/o: 142968.75/40788.16/20427.28) lat (ms,95%): 68.05 err/s: 0.10 reconn/s: 0.00
[ 660s ] thds: 400 tps: 10216.71 qps: 204345.44 (r/w/o: 143042.47/40868.85/20434.12) lat (ms,95%): 69.29 err/s: 0.00 reconn/s: 0.00
[ 670s ] thds: 400 tps: 10288.32 qps: 206026.73 (r/w/o: 144175.23/41273.27/20578.23) lat (ms,95%): 68.05 err/s: 0.00 reconn/s: 0.00
[ 680s ] thds: 400 tps: 9935.28 qps: 198563.52 (r/w/o: 139050.64/39642.32/19870.56) lat (ms,95%): 71.83 err/s: 0.00 reconn/s: 0.00
[ 690s ] thds: 400 tps: 9795.40 qps: 195787.32 (r/w/o: 137014.64/39181.88/19590.79) lat (ms,95%): 73.13 err/s: 0.10 reconn/s: 0.00
[ 700s ] thds: 400 tps: 9622.52 qps: 192422.33 (r/w/o: 134715.70/38461.19/19245.44) lat (ms,95%): 74.46 err/s: 0.10 reconn/s: 0.00
[ 710s ] thds: 400 tps: 9420.78 qps: 188519.75 (r/w/o: 131995.69/37682.41/18841.66) lat (ms,95%): 77.19 err/s: 0.00 reconn/s: 0.00
[ 720s ] thds: 400 tps: 9353.17 qps: 187117.76 (r/w/o: 130965.65/37445.77/18706.34) lat (ms,95%): 77.19 err/s: 0.00 reconn/s: 0.00
[ 730s ] thds: 400 tps: 9416.38 qps: 188019.74 (r/w/o: 131532.38/37656.01/18831.35) lat (ms,95%): 78.60 err/s: 0.00 reconn/s: 0.00
[ 740s ] thds: 400 tps: 10856.95 qps: 217360.99 (r/w/o: 152223.76/43421.72/21715.51) lat (ms,95%): 61.08 err/s: 0.00 reconn/s: 0.00
[ 750s ] thds: 400 tps: 10986.18 qps: 219762.62 (r/w/o: 153818.63/43975.52/21968.46) lat (ms,95%): 61.08 err/s: 0.00 reconn/s: 0.00
[ 760s ] thds: 400 tps: 10972.25 qps: 219278.63 (r/w/o: 153466.52/43864.41/21947.70) lat (ms,95%): 62.19 err/s: 0.00 reconn/s: 0.00
[ 770s ] thds: 400 tps: 10863.23 qps: 217359.99 (r/w/o: 152165.38/43467.54/21727.07) lat (ms,95%): 62.19 err/s: 0.00 reconn/s: 0.00
[ 780s ] thds: 400 tps: 10732.48 qps: 214722.58 (r/w/o: 150309.91/42948.62/21464.06) lat (ms,95%): 63.32 err/s: 0.00 reconn/s: 0.00
[ 790s ] thds: 400 tps: 10832.51 qps: 216782.02 (r/w/o: 151752.58/43363.22/21666.21) lat (ms,95%): 63.32 err/s: 0.00 reconn/s: 0.00
[ 800s ] thds: 400 tps: 10656.69 qps: 213008.89 (r/w/o: 149114.65/42580.76/21313.48) lat (ms,95%): 64.47 err/s: 0.00 reconn/s: 0.00
[ 810s ] thds: 400 tps: 10941.28 qps: 218728.74 (r/w/o: 153104.65/43741.53/21882.56) lat (ms,95%): 62.19 err/s: 0.00 reconn/s: 0.00
[ 820s ] thds: 400 tps: 10505.53 qps: 210184.20 (r/w/o: 147117.82/42055.32/21011.06) lat (ms,95%): 65.65 err/s: 0.00 reconn/s: 0.00
[ 830s ] thds: 400 tps: 10605.22 qps: 211818.28 (r/w/o: 148248.74/42358.70/21210.85) lat (ms,95%): 64.47 err/s: 0.20 reconn/s: 0.00
[ 840s ] thds: 400 tps: 10649.85 qps: 213179.31 (r/w/o: 149241.24/42638.68/21299.39) lat (ms,95%): 64.47 err/s: 0.00 reconn/s: 0.00
[ 850s ] thds: 400 tps: 10666.12 qps: 213582.82 (r/w/o: 149522.02/42728.76/21332.03) lat (ms,95%): 63.32 err/s: 0.00 reconn/s: 0.00
[ 860s ] thds: 400 tps: 10549.11 qps: 210983.67 (r/w/o: 147694.12/42190.83/21098.72) lat (ms,95%): 65.65 err/s: 0.00 reconn/s: 0.00
[ 870s ] thds: 400 tps: 10754.26 qps: 214882.78 (r/w/o: 150421.59/42956.16/21505.03) lat (ms,95%): 64.47 err/s: 0.00 reconn/s: 0.00
[ 880s ] thds: 400 tps: 10622.31 qps: 212400.43 (r/w/o: 148689.89/42465.93/21244.61) lat (ms,95%): 64.47 err/s: 0.00 reconn/s: 0.00
[ 890s ] thds: 400 tps: 10732.71 qps: 214768.37 (r/w/o: 150341.59/42957.75/21469.03) lat (ms,95%): 63.32 err/s: 0.00 reconn/s: 0.00
[ 900s ] thds: 400 tps: 10635.99 qps: 212601.03 (r/w/o: 148790.38/42539.27/21271.38) lat (ms,95%): 64.47 err/s: 0.00 reconn/s: 0.00
[ 910s ] thds: 400 tps: 10333.49 qps: 206674.21 (r/w/o: 144665.67/41343.66/20664.88) lat (ms,95%): 69.29 err/s: 0.00 reconn/s: 0.00
[ 920s ] thds: 400 tps: 10200.49 qps: 203848.30 (r/w/o: 142655.06/40794.26/20398.98) lat (ms,95%): 70.55 err/s: 0.00 reconn/s: 0.00
[ 930s ] thds: 400 tps: 10199.25 qps: 204109.47 (r/w/o: 142936.28/40770.10/20403.10) lat (ms,95%): 69.29 err/s: 0.00 reconn/s: 0.00
[ 940s ] thds: 400 tps: 10242.16 qps: 204826.74 (r/w/o: 143330.69/41012.43/20483.61) lat (ms,95%): 68.05 err/s: 0.00 reconn/s: 0.00
[ 950s ] thds: 400 tps: 10264.91 qps: 205396.68 (r/w/o: 143841.73/41024.54/20530.42) lat (ms,95%): 69.29 err/s: 0.00 reconn/s: 0.00
[ 960s ] thds: 400 tps: 10300.83 qps: 205951.59 (r/w/o: 144161.61/41187.72/20602.26) lat (ms,95%): 68.05 err/s: 0.00 reconn/s: 0.00
SQL statistics:
    queries performed:
        read:                            140587230
        write:                           40167712
        other:                           20083932
        total:                           200838874
    transactions:                        10041932 (10456.64 per sec.)
    queries:                             200838874 (209132.97 per sec.)
    ignored errors:                      13     (0.01 per sec.)
    reconnects:                          0      (0.00 per sec.)

General statistics:
    total time:                          960.3395s
    total number of events:              10041932

Latency (ms):
         min:                                    7.30
         avg:                                   38.24
         max:                                  538.58
         95th percentile:                       65.65
         sum:                            384001837.55

Threads fairness:
    events (avg/stddev):           25104.8300/1116.57
    execution time (avg/stddev):   960.0046/0.01

