sysbench 1.0.20-ebf1c90 (using bundled LuaJIT 2.1.0-beta2)

Running the test with following options:
Number of threads: 400
Report intermediate results every 10 second(s)
Initializing random number generator from current time


Initializing worker threads...

Threads started!

[ 10s ] thds: 400 tps: 5277.30 qps: 106239.08 (r/w/o: 74423.83/21220.66/10594.59) lat (ms,95%): 207.82 err/s: 0.00 reconn/s: 0.00
[ 20s ] thds: 400 tps: 8098.75 qps: 161639.68 (r/w/o: 113137.08/32305.69/16196.90) lat (ms,95%): 158.63 err/s: 0.00 reconn/s: 0.00
[ 30s ] thds: 400 tps: 8903.75 qps: 178229.81 (r/w/o: 124784.40/35637.50/17807.90) lat (ms,95%): 90.78 err/s: 0.00 reconn/s: 0.00
[ 40s ] thds: 400 tps: 9738.43 qps: 194704.49 (r/w/o: 136255.68/38978.34/19470.47) lat (ms,95%): 69.29 err/s: 0.00 reconn/s: 0.00
[ 50s ] thds: 400 tps: 10110.83 qps: 202340.90 (r/w/o: 141683.49/40429.14/20228.27) lat (ms,95%): 65.65 err/s: 0.00 reconn/s: 0.00
[ 60s ] thds: 400 tps: 10424.30 qps: 208584.38 (r/w/o: 145991.59/41744.10/20848.70) lat (ms,95%): 63.32 err/s: 0.00 reconn/s: 0.00
[ 70s ] thds: 400 tps: 10586.34 qps: 211643.75 (r/w/o: 148149.70/42321.57/21172.49) lat (ms,95%): 63.32 err/s: 0.00 reconn/s: 0.00
[ 80s ] thds: 400 tps: 10759.40 qps: 215083.85 (r/w/o: 150571.77/42994.99/21517.10) lat (ms,95%): 61.08 err/s: 0.00 reconn/s: 0.00
[ 90s ] thds: 400 tps: 10840.13 qps: 216719.20 (r/w/o: 151682.42/43354.72/21682.06) lat (ms,95%): 61.08 err/s: 0.00 reconn/s: 0.00
[ 100s ] thds: 400 tps: 10854.81 qps: 217245.46 (r/w/o: 152093.58/43442.15/21709.73) lat (ms,95%): 61.08 err/s: 0.00 reconn/s: 0.00
[ 110s ] thds: 400 tps: 11115.28 qps: 222229.91 (r/w/o: 155559.05/44440.40/22230.45) lat (ms,95%): 59.99 err/s: 0.00 reconn/s: 0.00
[ 120s ] thds: 400 tps: 11025.41 qps: 220536.22 (r/w/o: 154399.28/44086.12/22050.81) lat (ms,95%): 59.99 err/s: 0.00 reconn/s: 0.00
[ 130s ] thds: 400 tps: 10807.71 qps: 216188.27 (r/w/o: 151291.62/43284.73/21611.92) lat (ms,95%): 61.08 err/s: 0.00 reconn/s: 0.00
[ 140s ] thds: 400 tps: 11047.00 qps: 220762.62 (r/w/o: 154520.54/44145.08/22096.99) lat (ms,95%): 61.08 err/s: 0.00 reconn/s: 0.00
[ 150s ] thds: 400 tps: 11010.48 qps: 220446.65 (r/w/o: 154348.96/44076.03/22021.67) lat (ms,95%): 61.08 err/s: 0.00 reconn/s: 0.00
[ 160s ] thds: 400 tps: 10951.31 qps: 218842.64 (r/w/o: 153156.80/43783.93/21901.91) lat (ms,95%): 59.99 err/s: 0.00 reconn/s: 0.00
[ 170s ] thds: 400 tps: 11049.02 qps: 221166.60 (r/w/o: 154837.21/44230.46/22098.93) lat (ms,95%): 62.19 err/s: 0.10 reconn/s: 0.00
[ 180s ] thds: 400 tps: 11121.51 qps: 222339.35 (r/w/o: 155651.31/44445.73/22242.32) lat (ms,95%): 59.99 err/s: 0.00 reconn/s: 0.00
[ 190s ] thds: 400 tps: 11065.08 qps: 221407.27 (r/w/o: 154983.67/44292.53/22131.07) lat (ms,95%): 61.08 err/s: 0.00 reconn/s: 0.00
[ 200s ] thds: 400 tps: 10884.70 qps: 217702.18 (r/w/o: 152401.59/43531.20/21769.40) lat (ms,95%): 61.08 err/s: 0.00 reconn/s: 0.00
[ 210s ] thds: 400 tps: 10620.71 qps: 212349.59 (r/w/o: 148657.53/42450.54/21241.52) lat (ms,95%): 64.47 err/s: 0.00 reconn/s: 0.00
[ 220s ] thds: 400 tps: 10003.74 qps: 200241.82 (r/w/o: 140117.91/40116.44/20007.47) lat (ms,95%): 73.13 err/s: 0.00 reconn/s: 0.00
[ 230s ] thds: 400 tps: 9549.43 qps: 190845.88 (r/w/o: 133615.77/38131.14/19098.97) lat (ms,95%): 78.60 err/s: 0.00 reconn/s: 0.00
[ 240s ] thds: 400 tps: 9153.12 qps: 183085.19 (r/w/o: 128155.47/36623.48/18306.24) lat (ms,95%): 84.47 err/s: 0.00 reconn/s: 0.00
[ 250s ] thds: 400 tps: 8923.99 qps: 178357.63 (r/w/o: 124847.41/35663.15/17847.07) lat (ms,95%): 84.47 err/s: 0.00 reconn/s: 0.00
[ 260s ] thds: 400 tps: 8766.93 qps: 175491.54 (r/w/o: 122838.05/35118.93/17534.56) lat (ms,95%): 84.47 err/s: 0.00 reconn/s: 0.00
[ 270s ] thds: 400 tps: 9527.77 qps: 190462.77 (r/w/o: 133332.03/38077.29/19053.45) lat (ms,95%): 74.46 err/s: 0.00 reconn/s: 0.00
[ 280s ] thds: 400 tps: 10974.29 qps: 219398.43 (r/w/o: 153592.28/43855.57/21950.58) lat (ms,95%): 61.08 err/s: 0.00 reconn/s: 0.00
[ 290s ] thds: 400 tps: 11016.90 qps: 220397.05 (r/w/o: 154232.16/44130.89/22033.99) lat (ms,95%): 59.99 err/s: 0.10 reconn/s: 0.00
[ 300s ] thds: 400 tps: 11020.68 qps: 220414.86 (r/w/o: 154327.09/44047.11/22040.66) lat (ms,95%): 59.99 err/s: 0.00 reconn/s: 0.00
[ 310s ] thds: 400 tps: 10974.21 qps: 219475.99 (r/w/o: 153647.93/43878.34/21949.72) lat (ms,95%): 61.08 err/s: 0.10 reconn/s: 0.00
[ 320s ] thds: 400 tps: 11050.21 qps: 220951.78 (r/w/o: 154651.93/44199.94/22099.92) lat (ms,95%): 59.99 err/s: 0.00 reconn/s: 0.00
[ 330s ] thds: 400 tps: 11044.89 qps: 220854.31 (r/w/o: 154591.07/44174.16/22089.08) lat (ms,95%): 61.08 err/s: 0.00 reconn/s: 0.00
[ 340s ] thds: 400 tps: 11069.10 qps: 221485.66 (r/w/o: 155038.18/44308.99/22138.50) lat (ms,95%): 59.99 err/s: 0.10 reconn/s: 0.00
[ 350s ] thds: 400 tps: 10949.28 qps: 219063.88 (r/w/o: 153373.51/43790.62/21899.76) lat (ms,95%): 61.08 err/s: 0.00 reconn/s: 0.00
[ 360s ] thds: 400 tps: 11066.76 qps: 221312.97 (r/w/o: 154909.92/44269.53/22133.52) lat (ms,95%): 61.08 err/s: 0.00 reconn/s: 0.00
[ 370s ] thds: 400 tps: 11065.71 qps: 221075.66 (r/w/o: 154712.11/44233.33/22130.22) lat (ms,95%): 61.08 err/s: 0.10 reconn/s: 0.00
[ 380s ] thds: 400 tps: 11127.19 qps: 222687.46 (r/w/o: 155936.41/44496.27/22254.79) lat (ms,95%): 61.08 err/s: 0.00 reconn/s: 0.00
[ 390s ] thds: 400 tps: 10947.02 qps: 219122.99 (r/w/o: 153358.07/43869.88/21895.04) lat (ms,95%): 62.19 err/s: 0.00 reconn/s: 0.00
[ 400s ] thds: 400 tps: 11050.79 qps: 221033.32 (r/w/o: 154727.17/44204.56/22101.58) lat (ms,95%): 61.08 err/s: 0.00 reconn/s: 0.00
[ 410s ] thds: 400 tps: 10954.19 qps: 219017.97 (r/w/o: 153300.51/43809.07/21908.39) lat (ms,95%): 61.08 err/s: 0.00 reconn/s: 0.00
[ 420s ] thds: 400 tps: 10767.59 qps: 215231.82 (r/w/o: 150678.27/43018.36/21535.18) lat (ms,95%): 63.32 err/s: 0.00 reconn/s: 0.00
[ 430s ] thds: 400 tps: 10327.82 qps: 206697.39 (r/w/o: 144687.44/41354.30/20655.65) lat (ms,95%): 65.65 err/s: 0.00 reconn/s: 0.00
[ 440s ] thds: 400 tps: 10213.26 qps: 204152.73 (r/w/o: 142906.76/40819.75/20426.22) lat (ms,95%): 66.84 err/s: 0.00 reconn/s: 0.00
[ 450s ] thds: 400 tps: 10017.16 qps: 200441.25 (r/w/o: 140320.60/40085.93/20034.71) lat (ms,95%): 70.55 err/s: 0.00 reconn/s: 0.00
[ 460s ] thds: 400 tps: 9734.08 qps: 194707.96 (r/w/o: 136288.66/38951.13/19468.17) lat (ms,95%): 73.13 err/s: 0.00 reconn/s: 0.00
[ 470s ] thds: 400 tps: 9787.42 qps: 195853.61 (r/w/o: 137057.32/39221.36/19574.93) lat (ms,95%): 73.13 err/s: 0.00 reconn/s: 0.00
[ 480s ] thds: 400 tps: 9422.89 qps: 188231.52 (r/w/o: 131798.47/37587.46/18845.58) lat (ms,95%): 78.60 err/s: 0.00 reconn/s: 0.00
[ 490s ] thds: 400 tps: 9365.52 qps: 187496.42 (r/w/o: 131221.92/37543.26/18731.23) lat (ms,95%): 77.19 err/s: 0.00 reconn/s: 0.00
[ 500s ] thds: 400 tps: 9348.55 qps: 186753.45 (r/w/o: 130753.03/37303.71/18696.70) lat (ms,95%): 78.60 err/s: 0.00 reconn/s: 0.00
[ 510s ] thds: 400 tps: 10760.96 qps: 215295.31 (r/w/o: 150700.85/43073.34/21521.12) lat (ms,95%): 63.32 err/s: 0.00 reconn/s: 0.00
[ 520s ] thds: 400 tps: 10873.87 qps: 217374.43 (r/w/o: 152153.70/43472.39/21748.34) lat (ms,95%): 62.19 err/s: 0.00 reconn/s: 0.00
[ 530s ] thds: 400 tps: 10953.39 qps: 219076.03 (r/w/o: 153330.48/43838.37/21907.18) lat (ms,95%): 61.08 err/s: 0.00 reconn/s: 0.00
[ 540s ] thds: 400 tps: 10986.13 qps: 219678.04 (r/w/o: 153815.45/43890.83/21971.76) lat (ms,95%): 61.08 err/s: 0.00 reconn/s: 0.00
[ 550s ] thds: 400 tps: 11000.69 qps: 220175.96 (r/w/o: 154124.03/44049.65/22002.28) lat (ms,95%): 59.99 err/s: 0.00 reconn/s: 0.00
[ 560s ] thds: 400 tps: 10970.61 qps: 219506.92 (r/w/o: 153642.16/43923.24/21941.52) lat (ms,95%): 61.08 err/s: 0.10 reconn/s: 0.00
[ 570s ] thds: 400 tps: 11028.20 qps: 220414.07 (r/w/o: 154292.75/44064.91/22056.41) lat (ms,95%): 61.08 err/s: 0.00 reconn/s: 0.00
[ 580s ] thds: 400 tps: 11122.77 qps: 222390.34 (r/w/o: 155629.24/44515.77/22245.33) lat (ms,95%): 59.99 err/s: 0.00 reconn/s: 0.00
[ 590s ] thds: 400 tps: 10939.13 qps: 218847.35 (r/w/o: 153229.68/43739.11/21878.55) lat (ms,95%): 62.19 err/s: 0.00 reconn/s: 0.00
[ 600s ] thds: 400 tps: 11047.57 qps: 220900.88 (r/w/o: 154625.64/44182.70/22092.55) lat (ms,95%): 59.99 err/s: 0.00 reconn/s: 0.00
[ 610s ] thds: 400 tps: 10920.62 qps: 218650.86 (r/w/o: 153049.52/43757.39/21843.95) lat (ms,95%): 61.08 err/s: 0.00 reconn/s: 0.00
[ 620s ] thds: 400 tps: 10946.96 qps: 218749.50 (r/w/o: 153136.74/43719.94/21892.82) lat (ms,95%): 62.19 err/s: 0.00 reconn/s: 0.00
[ 630s ] thds: 400 tps: 10628.54 qps: 212623.33 (r/w/o: 148852.21/42512.95/21258.17) lat (ms,95%): 64.47 err/s: 0.00 reconn/s: 0.00
[ 640s ] thds: 400 tps: 10356.09 qps: 206980.50 (r/w/o: 144854.13/41415.08/20711.29) lat (ms,95%): 68.05 err/s: 0.10 reconn/s: 0.00
[ 650s ] thds: 400 tps: 10142.77 qps: 202867.75 (r/w/o: 142003.62/40578.79/20285.35) lat (ms,95%): 68.05 err/s: 0.00 reconn/s: 0.00
[ 660s ] thds: 400 tps: 10175.83 qps: 203581.53 (r/w/o: 142541.54/40686.83/20353.16) lat (ms,95%): 69.29 err/s: 0.00 reconn/s: 0.00
[ 670s ] thds: 400 tps: 10178.10 qps: 203645.09 (r/w/o: 142550.76/40738.12/20356.21) lat (ms,95%): 69.29 err/s: 0.00 reconn/s: 0.00
[ 680s ] thds: 400 tps: 9847.16 qps: 196981.96 (r/w/o: 137884.51/39403.13/19694.32) lat (ms,95%): 73.13 err/s: 0.00 reconn/s: 0.00
[ 690s ] thds: 400 tps: 9776.19 qps: 195558.32 (r/w/o: 136872.28/39133.86/19552.18) lat (ms,95%): 73.13 err/s: 0.00 reconn/s: 0.00
[ 700s ] thds: 400 tps: 9560.03 qps: 190962.07 (r/w/o: 133665.90/38175.91/19120.26) lat (ms,95%): 74.46 err/s: 0.00 reconn/s: 0.00
[ 710s ] thds: 400 tps: 9394.70 qps: 187972.75 (r/w/o: 131592.04/37593.41/18787.31) lat (ms,95%): 78.60 err/s: 0.10 reconn/s: 0.00
[ 720s ] thds: 400 tps: 9303.81 qps: 186023.73 (r/w/o: 130215.39/37203.43/18604.91) lat (ms,95%): 78.60 err/s: 0.10 reconn/s: 0.00
[ 730s ] thds: 400 tps: 9286.76 qps: 185833.31 (r/w/o: 130100.18/37154.32/18578.81) lat (ms,95%): 78.60 err/s: 0.00 reconn/s: 0.00
[ 740s ] thds: 400 tps: 10828.46 qps: 216574.07 (r/w/o: 151577.69/43345.55/21650.83) lat (ms,95%): 62.19 err/s: 0.00 reconn/s: 0.00
[ 750s ] thds: 400 tps: 10949.82 qps: 218934.53 (r/w/o: 153275.20/43755.69/21903.64) lat (ms,95%): 61.08 err/s: 0.00 reconn/s: 0.00
[ 760s ] thds: 400 tps: 10945.52 qps: 218981.25 (r/w/o: 153283.42/43804.99/21892.85) lat (ms,95%): 62.19 err/s: 0.00 reconn/s: 0.00
[ 770s ] thds: 400 tps: 10852.21 qps: 217144.08 (r/w/o: 151990.93/43448.44/21704.72) lat (ms,95%): 62.19 err/s: 0.00 reconn/s: 0.00
[ 780s ] thds: 400 tps: 10684.01 qps: 213623.03 (r/w/o: 149542.09/42713.13/21367.81) lat (ms,95%): 63.32 err/s: 0.00 reconn/s: 0.00
[ 790s ] thds: 400 tps: 10793.08 qps: 215764.57 (r/w/o: 151038.20/43139.91/21586.46) lat (ms,95%): 63.32 err/s: 0.00 reconn/s: 0.00
[ 800s ] thds: 400 tps: 10577.08 qps: 211552.70 (r/w/o: 148104.12/42294.32/21154.26) lat (ms,95%): 64.47 err/s: 0.10 reconn/s: 0.00
[ 810s ] thds: 400 tps: 10836.63 qps: 216684.67 (r/w/o: 151661.57/43350.33/21672.77) lat (ms,95%): 62.19 err/s: 0.00 reconn/s: 0.00
[ 820s ] thds: 400 tps: 10499.79 qps: 210054.60 (r/w/o: 147019.36/42035.26/20999.98) lat (ms,95%): 65.65 err/s: 0.00 reconn/s: 0.00
[ 830s ] thds: 400 tps: 10589.59 qps: 211850.55 (r/w/o: 148310.09/42361.67/21178.78) lat (ms,95%): 64.47 err/s: 0.00 reconn/s: 0.00
[ 840s ] thds: 400 tps: 10626.85 qps: 212426.29 (r/w/o: 148691.96/42479.82/21254.51) lat (ms,95%): 64.47 err/s: 0.00 reconn/s: 0.00
[ 850s ] thds: 400 tps: 10681.82 qps: 213546.13 (r/w/o: 149487.70/42696.59/21361.84) lat (ms,95%): 62.19 err/s: 0.00 reconn/s: 0.00
[ 860s ] thds: 400 tps: 10484.94 qps: 209837.22 (r/w/o: 146887.01/41979.44/20970.77) lat (ms,95%): 65.65 err/s: 0.00 reconn/s: 0.00
[ 870s ] thds: 400 tps: 10705.81 qps: 214276.44 (r/w/o: 149993.97/42869.85/21412.62) lat (ms,95%): 64.47 err/s: 0.00 reconn/s: 0.00
[ 880s ] thds: 400 tps: 10579.71 qps: 211502.03 (r/w/o: 148062.19/42280.43/21159.41) lat (ms,95%): 64.47 err/s: 0.00 reconn/s: 0.00
[ 890s ] thds: 400 tps: 10689.01 qps: 213628.83 (r/w/o: 149547.26/42705.65/21375.92) lat (ms,95%): 63.32 err/s: 0.00 reconn/s: 0.00
[ 900s ] thds: 400 tps: 10599.88 qps: 212140.83 (r/w/o: 148492.97/42446.01/21201.85) lat (ms,95%): 64.47 err/s: 0.00 reconn/s: 0.00
[ 910s ] thds: 400 tps: 10330.01 qps: 206493.84 (r/w/o: 144545.67/41291.55/20656.62) lat (ms,95%): 69.29 err/s: 0.00 reconn/s: 0.00
[ 920s ] thds: 400 tps: 10181.61 qps: 203663.78 (r/w/o: 142552.90/40744.66/20366.23) lat (ms,95%): 70.55 err/s: 0.00 reconn/s: 0.00
[ 930s ] thds: 400 tps: 10181.68 qps: 203737.28 (r/w/o: 142615.78/40760.04/20361.47) lat (ms,95%): 69.29 err/s: 0.00 reconn/s: 0.00
[ 940s ] thds: 400 tps: 10250.29 qps: 204867.91 (r/w/o: 143371.56/40996.66/20499.68) lat (ms,95%): 68.05 err/s: 0.00 reconn/s: 0.00
[ 950s ] thds: 400 tps: 10225.92 qps: 204660.40 (r/w/o: 143305.68/40899.88/20454.84) lat (ms,95%): 70.55 err/s: 0.00 reconn/s: 0.00
[ 960s ] thds: 400 tps: 10285.52 qps: 205754.59 (r/w/o: 144034.68/41148.38/20571.54) lat (ms,95%): 68.05 err/s: 0.00 reconn/s: 0.00
SQL statistics:
    queries performed:
        read:                            139878928
        write:                           39965363
        other:                           19982729
        total:                           199827020
    transactions:                        9991342 (10404.16 per sec.)
    queries:                             199827020 (208083.39 per sec.)
    ignored errors:                      10     (0.01 per sec.)
    reconnects:                          0      (0.00 per sec.)

General statistics:
    total time:                          960.3208s
    total number of events:              9991342

Latency (ms):
         min:                                    7.24
         avg:                                   38.43
         max:                                  497.66
         95th percentile:                       66.84
         sum:                            383990863.74

Threads fairness:
    events (avg/stddev):           24978.3550/1100.69
    execution time (avg/stddev):   959.9772/0.02

