sysbench 1.0.20-ebf1c90 (using bundled LuaJIT 2.1.0-beta2)

Running the test with following options:
Number of threads: 32
Report intermediate results every 10 second(s)
Initializing random number generator from current time


Initializing worker threads...

Threads started!

[ 10s ] thds: 32 tps: 9071.55 qps: 181459.64 (r/w/o: 127026.36/36287.19/18146.09) lat (ms,95%): 4.57 err/s: 0.00 reconn/s: 0.00
[ 20s ] thds: 32 tps: 11234.91 qps: 224708.84 (r/w/o: 157298.17/44940.65/22470.02) lat (ms,95%): 3.89 err/s: 0.00 reconn/s: 0.00
[ 30s ] thds: 32 tps: 12022.88 qps: 240440.78 (r/w/o: 168305.20/48089.82/24045.76) lat (ms,95%): 3.82 err/s: 0.00 reconn/s: 0.00
[ 40s ] thds: 32 tps: 12766.94 qps: 255353.87 (r/w/o: 178749.64/51070.45/25533.78) lat (ms,95%): 3.62 err/s: 0.00 reconn/s: 0.00
[ 50s ] thds: 32 tps: 13231.40 qps: 264623.16 (r/w/o: 185236.08/52924.19/26462.90) lat (ms,95%): 3.55 err/s: 0.00 reconn/s: 0.00
[ 60s ] thds: 32 tps: 13037.60 qps: 260750.35 (r/w/o: 182524.86/52150.39/26075.09) lat (ms,95%): 3.75 err/s: 0.00 reconn/s: 0.00
[ 70s ] thds: 32 tps: 12892.51 qps: 257853.92 (r/w/o: 180499.15/51569.84/25784.92) lat (ms,95%): 3.96 err/s: 0.00 reconn/s: 0.00
[ 80s ] thds: 32 tps: 13156.39 qps: 263124.00 (r/w/o: 184185.56/52625.56/26312.88) lat (ms,95%): 3.82 err/s: 0.00 reconn/s: 0.00
[ 90s ] thds: 32 tps: 13180.77 qps: 263614.88 (r/w/o: 184530.04/52723.30/26361.55) lat (ms,95%): 3.82 err/s: 0.00 reconn/s: 0.00
[ 100s ] thds: 32 tps: 13342.80 qps: 266861.13 (r/w/o: 186803.85/53371.79/26685.49) lat (ms,95%): 3.62 err/s: 0.00 reconn/s: 0.00
[ 110s ] thds: 32 tps: 13040.81 qps: 260813.56 (r/w/o: 182569.01/52162.93/26081.62) lat (ms,95%): 3.82 err/s: 0.00 reconn/s: 0.00
[ 120s ] thds: 32 tps: 13251.70 qps: 265032.64 (r/w/o: 185523.46/53005.69/26503.49) lat (ms,95%): 3.89 err/s: 0.00 reconn/s: 0.00
[ 130s ] thds: 32 tps: 13278.89 qps: 265582.15 (r/w/o: 185907.89/53116.47/26557.78) lat (ms,95%): 3.68 err/s: 0.00 reconn/s: 0.00
[ 140s ] thds: 32 tps: 13087.67 qps: 261745.06 (r/w/o: 183220.52/52349.49/26175.05) lat (ms,95%): 3.75 err/s: 0.00 reconn/s: 0.00
[ 150s ] thds: 32 tps: 13192.25 qps: 263855.37 (r/w/o: 184699.25/52771.21/26384.91) lat (ms,95%): 3.75 err/s: 0.00 reconn/s: 0.00
[ 160s ] thds: 32 tps: 13393.90 qps: 267876.67 (r/w/o: 187513.78/53575.09/26787.80) lat (ms,95%): 3.75 err/s: 0.00 reconn/s: 0.00
[ 170s ] thds: 32 tps: 13444.49 qps: 268887.93 (r/w/o: 188220.81/53778.15/26888.97) lat (ms,95%): 3.62 err/s: 0.00 reconn/s: 0.00
[ 180s ] thds: 32 tps: 13649.30 qps: 272982.38 (r/w/o: 191087.06/54596.92/27298.41) lat (ms,95%): 3.36 err/s: 0.00 reconn/s: 0.00
[ 190s ] thds: 32 tps: 13438.87 qps: 268782.68 (r/w/o: 188149.44/53755.30/26877.95) lat (ms,95%): 3.62 err/s: 0.00 reconn/s: 0.00
[ 200s ] thds: 32 tps: 13659.82 qps: 273189.00 (r/w/o: 191231.65/54638.00/27319.35) lat (ms,95%): 3.49 err/s: 0.00 reconn/s: 0.00
[ 210s ] thds: 32 tps: 13021.62 qps: 260434.73 (r/w/o: 182304.40/52086.89/26043.44) lat (ms,95%): 3.89 err/s: 0.00 reconn/s: 0.00
[ 220s ] thds: 32 tps: 13199.04 qps: 263986.35 (r/w/o: 184789.99/52798.17/26398.18) lat (ms,95%): 3.75 err/s: 0.00 reconn/s: 0.00
[ 230s ] thds: 32 tps: 13105.28 qps: 262102.50 (r/w/o: 183472.92/52419.12/26210.46) lat (ms,95%): 3.89 err/s: 0.00 reconn/s: 0.00
[ 240s ] thds: 32 tps: 13327.56 qps: 266549.31 (r/w/o: 186582.45/53311.74/26655.12) lat (ms,95%): 3.75 err/s: 0.00 reconn/s: 0.00
[ 250s ] thds: 32 tps: 13634.72 qps: 272695.59 (r/w/o: 190888.64/54537.40/27269.55) lat (ms,95%): 3.49 err/s: 0.00 reconn/s: 0.00
[ 260s ] thds: 32 tps: 13772.54 qps: 275449.77 (r/w/o: 192814.41/55090.37/27544.99) lat (ms,95%): 3.36 err/s: 0.00 reconn/s: 0.00
[ 270s ] thds: 32 tps: 13705.44 qps: 274109.49 (r/w/o: 191877.03/54821.68/27410.79) lat (ms,95%): 3.43 err/s: 0.00 reconn/s: 0.00
[ 280s ] thds: 32 tps: 13815.38 qps: 276309.26 (r/w/o: 193416.29/55262.11/27630.86) lat (ms,95%): 3.30 err/s: 0.00 reconn/s: 0.00
[ 290s ] thds: 32 tps: 13498.77 qps: 269972.79 (r/w/o: 188980.37/53994.88/26997.54) lat (ms,95%): 3.55 err/s: 0.00 reconn/s: 0.00
[ 300s ] thds: 32 tps: 13302.39 qps: 266051.25 (r/w/o: 186235.52/53210.95/26604.77) lat (ms,95%): 3.68 err/s: 0.00 reconn/s: 0.00
[ 310s ] thds: 32 tps: 12752.86 qps: 255056.90 (r/w/o: 178540.94/51010.14/25505.82) lat (ms,95%): 3.96 err/s: 0.00 reconn/s: 0.00
[ 320s ] thds: 32 tps: 13099.35 qps: 261986.01 (r/w/o: 183391.01/52396.50/26198.50) lat (ms,95%): 3.82 err/s: 0.00 reconn/s: 0.00
[ 330s ] thds: 32 tps: 12981.10 qps: 259624.73 (r/w/o: 181737.22/51925.21/25962.30) lat (ms,95%): 3.89 err/s: 0.00 reconn/s: 0.00
[ 340s ] thds: 32 tps: 13449.89 qps: 268994.15 (r/w/o: 188294.79/53799.57/26899.78) lat (ms,95%): 3.62 err/s: 0.00 reconn/s: 0.00
[ 350s ] thds: 32 tps: 13273.85 qps: 265478.84 (r/w/o: 185836.12/53095.01/26547.70) lat (ms,95%): 3.82 err/s: 0.00 reconn/s: 0.00
[ 360s ] thds: 32 tps: 13130.36 qps: 262611.89 (r/w/o: 183829.00/52522.26/26260.63) lat (ms,95%): 3.82 err/s: 0.00 reconn/s: 0.00
[ 370s ] thds: 32 tps: 13330.30 qps: 266602.06 (r/w/o: 186620.94/53320.41/26660.71) lat (ms,95%): 3.68 err/s: 0.00 reconn/s: 0.00
[ 380s ] thds: 32 tps: 13628.99 qps: 272575.00 (r/w/o: 190800.26/54517.06/27257.68) lat (ms,95%): 3.55 err/s: 0.00 reconn/s: 0.00
SQL statistics:
    queries performed:
        read:                            69637246
        write:                           19896356
        other:                           9948178
        total:                           99481780
    transactions:                        4974089 (13089.14 per sec.)
    queries:                             99481780 (261782.89 per sec.)
    ignored errors:                      0      (0.00 per sec.)
    reconnects:                          0      (0.00 per sec.)

General statistics:
    total time:                          380.0154s
    total number of events:              4974089

Latency (ms):
         min:                                    1.45
         avg:                                    2.44
         max:                                  120.34
         95th percentile:                        3.75
         sum:                             12156592.89

Threads fairness:
    events (avg/stddev):           155440.2812/11303.57
    execution time (avg/stddev):   379.8935/0.01

