sysbench 1.0.20-ebf1c90 (using bundled LuaJIT 2.1.0-beta2)

Running the test with following options:
Number of threads: 64
Report intermediate results every 10 second(s)
Initializing random number generator from current time


Initializing worker threads...

Threads started!

[ 10s ] thds: 64 tps: 25591.01 qps: 511884.27 (r/w/o: 358329.39/102366.96/51187.93) lat (ms,95%): 3.25 err/s: 0.00 reconn/s: 0.00
[ 20s ] thds: 64 tps: 26254.79 qps: 525103.07 (r/w/o: 367574.44/105018.75/52509.88) lat (ms,95%): 3.19 err/s: 0.00 reconn/s: 0.00
[ 30s ] thds: 64 tps: 26342.39 qps: 526847.68 (r/w/o: 368792.31/105370.58/52684.79) lat (ms,95%): 3.19 err/s: 0.00 reconn/s: 0.00
[ 40s ] thds: 64 tps: 25935.63 qps: 518707.94 (r/w/o: 363095.15/103742.03/51870.76) lat (ms,95%): 3.25 err/s: 0.00 reconn/s: 0.00
[ 50s ] thds: 64 tps: 25518.87 qps: 510381.14 (r/w/o: 357266.81/102075.89/51038.44) lat (ms,95%): 3.30 err/s: 0.00 reconn/s: 0.00
[ 60s ] thds: 64 tps: 25623.38 qps: 512465.24 (r/w/o: 358725.47/102493.11/51246.65) lat (ms,95%): 3.30 err/s: 0.00 reconn/s: 0.00
[ 70s ] thds: 64 tps: 25732.90 qps: 514661.70 (r/w/o: 360264.10/102931.80/51465.80) lat (ms,95%): 3.25 err/s: 0.00 reconn/s: 0.00
[ 80s ] thds: 64 tps: 26229.82 qps: 524599.75 (r/w/o: 367219.01/104921.29/52459.44) lat (ms,95%): 3.19 err/s: 0.00 reconn/s: 0.00
[ 90s ] thds: 64 tps: 26152.02 qps: 523042.14 (r/w/o: 366131.31/104606.89/52303.94) lat (ms,95%): 3.19 err/s: 0.00 reconn/s: 0.00
[ 100s ] thds: 64 tps: 25903.37 qps: 518061.40 (r/w/o: 362642.15/103612.40/51806.85) lat (ms,95%): 3.25 err/s: 0.00 reconn/s: 0.00
[ 110s ] thds: 64 tps: 26017.15 qps: 520330.72 (r/w/o: 364228.02/104068.60/52034.10) lat (ms,95%): 3.19 err/s: 0.00 reconn/s: 0.00
[ 120s ] thds: 64 tps: 25810.21 qps: 516208.28 (r/w/o: 361347.52/103240.24/51620.52) lat (ms,95%): 3.25 err/s: 0.00 reconn/s: 0.00
[ 130s ] thds: 64 tps: 25698.86 qps: 513980.97 (r/w/o: 359788.59/102794.45/51397.93) lat (ms,95%): 3.25 err/s: 0.00 reconn/s: 0.00
[ 140s ] thds: 64 tps: 26025.45 qps: 520512.99 (r/w/o: 364357.96/104104.52/52050.51) lat (ms,95%): 3.25 err/s: 0.00 reconn/s: 0.00
[ 150s ] thds: 64 tps: 26077.01 qps: 521537.92 (r/w/o: 365076.88/104306.42/52154.61) lat (ms,95%): 3.25 err/s: 0.00 reconn/s: 0.00
[ 160s ] thds: 64 tps: 25771.06 qps: 515418.79 (r/w/o: 360791.93/103084.84/51542.02) lat (ms,95%): 3.25 err/s: 0.00 reconn/s: 0.00
[ 170s ] thds: 64 tps: 26020.85 qps: 520418.73 (r/w/o: 364292.62/104084.31/52041.80) lat (ms,95%): 3.19 err/s: 0.00 reconn/s: 0.00
[ 180s ] thds: 64 tps: 25654.01 qps: 513078.17 (r/w/o: 359154.69/102615.65/51307.83) lat (ms,95%): 3.25 err/s: 0.00 reconn/s: 0.00
[ 190s ] thds: 64 tps: 26233.36 qps: 524671.67 (r/w/o: 367271.49/104933.45/52466.73) lat (ms,95%): 3.19 err/s: 0.00 reconn/s: 0.00
[ 200s ] thds: 64 tps: 26081.08 qps: 521618.05 (r/w/o: 365131.89/104324.11/52162.06) lat (ms,95%): 3.19 err/s: 0.00 reconn/s: 0.00
[ 210s ] thds: 64 tps: 25835.79 qps: 516712.09 (r/w/o: 361699.03/103341.88/51671.19) lat (ms,95%): 3.25 err/s: 0.00 reconn/s: 0.00
[ 220s ] thds: 64 tps: 26023.18 qps: 520472.86 (r/w/o: 364332.66/104093.13/52047.07) lat (ms,95%): 3.19 err/s: 0.00 reconn/s: 0.00
[ 230s ] thds: 64 tps: 25715.46 qps: 514302.17 (r/w/o: 360010.02/102861.63/51430.52) lat (ms,95%): 3.30 err/s: 0.00 reconn/s: 0.00
[ 240s ] thds: 64 tps: 25068.29 qps: 501366.05 (r/w/o: 350955.70/100273.77/50136.59) lat (ms,95%): 3.30 err/s: 0.00 reconn/s: 0.00
[ 250s ] thds: 64 tps: 25855.43 qps: 517109.91 (r/w/o: 361977.45/103421.60/51710.85) lat (ms,95%): 3.25 err/s: 0.00 reconn/s: 0.00
[ 260s ] thds: 64 tps: 26045.31 qps: 520906.66 (r/w/o: 364634.51/104181.13/52091.02) lat (ms,95%): 3.19 err/s: 0.00 reconn/s: 0.00
[ 270s ] thds: 64 tps: 25656.37 qps: 513123.24 (r/w/o: 359186.24/102624.37/51312.63) lat (ms,95%): 3.30 err/s: 0.00 reconn/s: 0.00
[ 280s ] thds: 64 tps: 25327.63 qps: 506545.34 (r/w/o: 354579.25/101310.93/50655.16) lat (ms,95%): 3.30 err/s: 0.00 reconn/s: 0.00
[ 290s ] thds: 64 tps: 25799.68 qps: 515999.68 (r/w/o: 361201.58/103198.94/51599.17) lat (ms,95%): 3.19 err/s: 0.00 reconn/s: 0.00
[ 300s ] thds: 64 tps: 25724.79 qps: 514502.51 (r/w/o: 360152.77/102899.86/51449.88) lat (ms,95%): 3.25 err/s: 0.00 reconn/s: 0.00
[ 310s ] thds: 64 tps: 25926.27 qps: 518525.86 (r/w/o: 362967.92/103705.79/51852.15) lat (ms,95%): 3.25 err/s: 0.00 reconn/s: 0.00
[ 320s ] thds: 64 tps: 25852.81 qps: 517052.69 (r/w/o: 361936.20/103410.46/51706.03) lat (ms,95%): 3.25 err/s: 0.00 reconn/s: 0.00
[ 330s ] thds: 64 tps: 25280.04 qps: 505599.32 (r/w/o: 353919.57/101119.76/50559.98) lat (ms,95%): 3.25 err/s: 0.00 reconn/s: 0.00
[ 340s ] thds: 64 tps: 25389.21 qps: 507782.44 (r/w/o: 355446.50/101557.53/50778.41) lat (ms,95%): 3.30 err/s: 0.00 reconn/s: 0.00
[ 350s ] thds: 64 tps: 25637.12 qps: 512755.25 (r/w/o: 358930.85/102550.27/51274.14) lat (ms,95%): 3.25 err/s: 0.00 reconn/s: 0.00
[ 360s ] thds: 64 tps: 25921.74 qps: 518425.92 (r/w/o: 362897.77/103684.66/51843.48) lat (ms,95%): 3.19 err/s: 0.00 reconn/s: 0.00
[ 370s ] thds: 64 tps: 25827.12 qps: 516545.05 (r/w/o: 361582.22/103308.59/51654.25) lat (ms,95%): 3.25 err/s: 0.00 reconn/s: 0.00
[ 380s ] thds: 64 tps: 25874.17 qps: 517482.09 (r/w/o: 362237.95/103495.90/51748.25) lat (ms,95%): 3.19 err/s: 0.00 reconn/s: 0.00
SQL statistics:
    queries performed:
        read:                            137402020
        write:                           39257720
        other:                           19628860
        total:                           196288600
    transactions:                        9814430 (25825.15 per sec.)
    queries:                             196288600 (516503.09 per sec.)
    ignored errors:                      0      (0.00 per sec.)
    reconnects:                          0      (0.00 per sec.)

General statistics:
    total time:                          380.0328s
    total number of events:              9814430

Latency (ms):
         min:                                    1.45
         avg:                                    2.48
         max:                                  123.96
         95th percentile:                        3.25
         sum:                             24312704.01

Threads fairness:
    events (avg/stddev):           153350.4688/8771.64
    execution time (avg/stddev):   379.8860/0.01

