sysbench 1.0.20-ebf1c90 (using bundled LuaJIT 2.1.0-beta2)

Running the test with following options:
Number of threads: 256
Report intermediate results every 10 second(s)
Initializing random number generator from current time


Initializing worker threads...

Threads started!

[ 10s ] thds: 256 tps: 10838.51 qps: 217090.91 (r/w/o: 152006.17/43383.33/21701.41) lat (ms,95%): 51.02 err/s: 0.00 reconn/s: 0.00
[ 20s ] thds: 256 tps: 11920.10 qps: 238397.84 (r/w/o: 166874.33/47683.81/23839.70) lat (ms,95%): 49.21 err/s: 0.00 reconn/s: 0.00
[ 30s ] thds: 256 tps: 11937.19 qps: 238792.75 (r/w/o: 167174.23/47742.45/23876.08) lat (ms,95%): 50.11 err/s: 0.00 reconn/s: 0.00
[ 40s ] thds: 256 tps: 12114.21 qps: 242225.79 (r/w/o: 169554.43/48443.44/24227.92) lat (ms,95%): 48.34 err/s: 0.00 reconn/s: 0.00
[ 50s ] thds: 256 tps: 12404.51 qps: 248107.34 (r/w/o: 173667.70/49629.83/24809.81) lat (ms,95%): 46.63 err/s: 0.10 reconn/s: 0.00
[ 60s ] thds: 256 tps: 12571.11 qps: 251396.00 (r/w/o: 175979.34/50274.84/25141.82) lat (ms,95%): 44.17 err/s: 0.00 reconn/s: 0.00
[ 70s ] thds: 256 tps: 12636.35 qps: 252766.29 (r/w/o: 176943.59/50549.50/25273.20) lat (ms,95%): 44.17 err/s: 0.00 reconn/s: 0.00
[ 80s ] thds: 256 tps: 12666.79 qps: 253406.23 (r/w/o: 177365.81/50706.95/25333.47) lat (ms,95%): 44.98 err/s: 0.00 reconn/s: 0.00
[ 90s ] thds: 256 tps: 12665.79 qps: 253257.54 (r/w/o: 177297.02/50628.75/25331.77) lat (ms,95%): 44.98 err/s: 0.10 reconn/s: 0.00
[ 100s ] thds: 256 tps: 12650.81 qps: 253008.98 (r/w/o: 177106.53/50600.54/25301.92) lat (ms,95%): 45.79 err/s: 0.00 reconn/s: 0.00
[ 110s ] thds: 256 tps: 12690.01 qps: 253796.64 (r/w/o: 177661.80/50754.93/25379.91) lat (ms,95%): 44.98 err/s: 0.00 reconn/s: 0.00
[ 120s ] thds: 256 tps: 12642.19 qps: 252877.66 (r/w/o: 177015.30/50578.17/25284.19) lat (ms,95%): 44.98 err/s: 0.00 reconn/s: 0.00
[ 130s ] thds: 256 tps: 12665.45 qps: 253279.08 (r/w/o: 177264.49/50684.30/25330.30) lat (ms,95%): 44.98 err/s: 0.00 reconn/s: 0.00
[ 140s ] thds: 256 tps: 12661.65 qps: 253212.61 (r/w/o: 177284.01/50604.30/25324.30) lat (ms,95%): 44.98 err/s: 0.00 reconn/s: 0.00
[ 150s ] thds: 256 tps: 12656.41 qps: 253142.93 (r/w/o: 177184.29/50645.93/25312.71) lat (ms,95%): 45.79 err/s: 0.00 reconn/s: 0.00
[ 160s ] thds: 256 tps: 12663.01 qps: 253291.54 (r/w/o: 177311.70/50653.33/25326.51) lat (ms,95%): 44.17 err/s: 0.10 reconn/s: 0.00
[ 170s ] thds: 256 tps: 12635.16 qps: 252681.89 (r/w/o: 176875.43/50535.94/25270.52) lat (ms,95%): 44.98 err/s: 0.10 reconn/s: 0.00
[ 180s ] thds: 256 tps: 12652.91 qps: 253080.28 (r/w/o: 177145.93/50628.34/25306.02) lat (ms,95%): 44.98 err/s: 0.10 reconn/s: 0.00
[ 190s ] thds: 256 tps: 12648.77 qps: 252967.17 (r/w/o: 177072.16/50598.17/25296.84) lat (ms,95%): 45.79 err/s: 0.00 reconn/s: 0.00
[ 200s ] thds: 256 tps: 12646.33 qps: 252927.82 (r/w/o: 177066.33/50568.22/25293.26) lat (ms,95%): 45.79 err/s: 0.00 reconn/s: 0.00
[ 210s ] thds: 256 tps: 12649.53 qps: 253034.79 (r/w/o: 177124.81/50610.62/25299.36) lat (ms,95%): 44.98 err/s: 0.00 reconn/s: 0.00
[ 220s ] thds: 256 tps: 12599.38 qps: 251920.84 (r/w/o: 176343.75/50378.23/25198.86) lat (ms,95%): 44.98 err/s: 0.00 reconn/s: 0.00
[ 230s ] thds: 256 tps: 12605.30 qps: 252108.37 (r/w/o: 176476.45/50421.61/25210.31) lat (ms,95%): 44.98 err/s: 0.00 reconn/s: 0.00
[ 240s ] thds: 256 tps: 12626.79 qps: 252548.11 (r/w/o: 176784.30/50510.24/25253.57) lat (ms,95%): 45.79 err/s: 0.00 reconn/s: 0.00
[ 250s ] thds: 256 tps: 12592.90 qps: 251808.61 (r/w/o: 176257.24/50365.38/25185.99) lat (ms,95%): 44.98 err/s: 0.10 reconn/s: 0.00
[ 260s ] thds: 256 tps: 12593.50 qps: 251869.19 (r/w/o: 176317.49/50364.60/25187.10) lat (ms,95%): 44.98 err/s: 0.00 reconn/s: 0.00
[ 270s ] thds: 256 tps: 12612.68 qps: 252295.45 (r/w/o: 176599.58/50470.31/25225.55) lat (ms,95%): 45.79 err/s: 0.00 reconn/s: 0.00
[ 280s ] thds: 256 tps: 12613.95 qps: 252286.89 (r/w/o: 176608.86/50450.02/25228.01) lat (ms,95%): 44.98 err/s: 0.00 reconn/s: 0.00
[ 290s ] thds: 256 tps: 12605.07 qps: 252119.80 (r/w/o: 176477.85/50431.60/25210.35) lat (ms,95%): 45.79 err/s: 0.00 reconn/s: 0.00
[ 300s ] thds: 256 tps: 12598.63 qps: 251995.59 (r/w/o: 176403.11/50394.52/25197.96) lat (ms,95%): 44.98 err/s: 0.10 reconn/s: 0.00
[ 310s ] thds: 256 tps: 12566.35 qps: 251274.46 (r/w/o: 175880.34/50261.91/25132.21) lat (ms,95%): 45.79 err/s: 0.10 reconn/s: 0.00
[ 320s ] thds: 256 tps: 12575.43 qps: 251578.66 (r/w/o: 176106.86/50320.13/25151.67) lat (ms,95%): 44.98 err/s: 0.00 reconn/s: 0.00
[ 330s ] thds: 256 tps: 12615.95 qps: 252213.65 (r/w/o: 176529.53/50453.01/25231.10) lat (ms,95%): 45.79 err/s: 0.00 reconn/s: 0.00
[ 340s ] thds: 256 tps: 12599.48 qps: 252044.25 (r/w/o: 176459.76/50385.03/25199.46) lat (ms,95%): 45.79 err/s: 0.00 reconn/s: 0.00
[ 350s ] thds: 256 tps: 12580.78 qps: 251592.02 (r/w/o: 176103.87/50327.40/25160.75) lat (ms,95%): 44.98 err/s: 0.20 reconn/s: 0.00
[ 360s ] thds: 256 tps: 12547.78 qps: 250965.18 (r/w/o: 175684.61/50184.32/25096.26) lat (ms,95%): 45.79 err/s: 0.00 reconn/s: 0.00
[ 370s ] thds: 256 tps: 12591.69 qps: 251768.14 (r/w/o: 176229.19/50354.97/25183.98) lat (ms,95%): 44.98 err/s: 0.00 reconn/s: 0.00
[ 380s ] thds: 256 tps: 12544.83 qps: 250963.43 (r/w/o: 175679.37/50194.21/25089.85) lat (ms,95%): 45.79 err/s: 0.00 reconn/s: 0.00
SQL statistics:
    queries performed:
        read:                            66600170
        write:                           19028581
        other:                           9514329
        total:                           95143080
    transactions:                        4757145 (12492.60 per sec.)
    queries:                             95143080 (249852.39 per sec.)
    ignored errors:                      10     (0.03 per sec.)
    reconnects:                          0      (0.00 per sec.)

General statistics:
    total time:                          380.7962s
    total number of events:              4757145

Latency (ms):
         min:                                    2.57
         avg:                                   20.45
         max:                                  795.45
         95th percentile:                       45.79
         sum:                             97279982.93

Threads fairness:
    events (avg/stddev):           18582.5977/212.37
    execution time (avg/stddev):   379.9999/0.08

