sysbench 1.0.20-ebf1c90 (using bundled LuaJIT 2.1.0-beta2)

Running the test with following options:
Number of threads: 128
Report intermediate results every 10 second(s)
Initializing random number generator from current time


Initializing worker threads...

Threads started!

[ 10s ] thds: 128 tps: 38461.10 qps: 769351.76 (r/w/o: 538567.74/153849.62/76934.41) lat (ms,95%): 4.10 err/s: 0.00 reconn/s: 0.00
[ 20s ] thds: 128 tps: 39840.96 qps: 796822.59 (r/w/o: 557775.73/159364.84/79682.02) lat (ms,95%): 3.96 err/s: 0.00 reconn/s: 0.00
[ 30s ] thds: 128 tps: 39460.74 qps: 789217.51 (r/w/o: 552453.87/157841.86/78921.78) lat (ms,95%): 3.96 err/s: 0.00 reconn/s: 0.00
[ 40s ] thds: 128 tps: 38938.33 qps: 778774.94 (r/w/o: 545142.88/155755.41/77876.65) lat (ms,95%): 4.03 err/s: 0.00 reconn/s: 0.00
[ 50s ] thds: 128 tps: 39446.11 qps: 788928.58 (r/w/o: 552252.02/157784.34/78892.22) lat (ms,95%): 3.96 err/s: 0.00 reconn/s: 0.00
[ 60s ] thds: 128 tps: 39809.56 qps: 796183.31 (r/w/o: 557325.35/159238.74/79619.22) lat (ms,95%): 3.96 err/s: 0.00 reconn/s: 0.00
[ 70s ] thds: 128 tps: 39735.56 qps: 794693.09 (r/w/o: 556282.93/158939.14/79471.02) lat (ms,95%): 3.96 err/s: 0.00 reconn/s: 0.00
[ 80s ] thds: 128 tps: 39146.46 qps: 782939.69 (r/w/o: 548059.64/156587.34/78292.72) lat (ms,95%): 4.03 err/s: 0.00 reconn/s: 0.00
[ 90s ] thds: 128 tps: 38936.62 qps: 778719.20 (r/w/o: 545099.68/155746.48/77873.04) lat (ms,95%): 4.03 err/s: 0.00 reconn/s: 0.00
[ 100s ] thds: 128 tps: 39704.60 qps: 794109.19 (r/w/o: 555881.89/158818.10/79409.20) lat (ms,95%): 3.96 err/s: 0.00 reconn/s: 0.00
[ 110s ] thds: 128 tps: 39549.45 qps: 790978.87 (r/w/o: 553682.38/158197.49/79099.00) lat (ms,95%): 3.96 err/s: 0.00 reconn/s: 0.00
[ 120s ] thds: 128 tps: 39011.89 qps: 780240.60 (r/w/o: 546167.36/156049.36/78023.88) lat (ms,95%): 4.03 err/s: 0.00 reconn/s: 0.00
[ 130s ] thds: 128 tps: 39627.93 qps: 792564.00 (r/w/o: 554798.92/158508.82/79256.26) lat (ms,95%): 4.03 err/s: 0.10 reconn/s: 0.00
[ 140s ] thds: 128 tps: 39104.10 qps: 782081.73 (r/w/o: 547454.35/156419.19/78208.19) lat (ms,95%): 4.03 err/s: 0.00 reconn/s: 0.00
[ 150s ] thds: 128 tps: 39375.00 qps: 787505.94 (r/w/o: 551255.73/157500.41/78749.80) lat (ms,95%): 3.96 err/s: 0.00 reconn/s: 0.00
[ 160s ] thds: 128 tps: 39305.18 qps: 786094.58 (r/w/o: 550265.21/157219.12/78610.26) lat (ms,95%): 4.03 err/s: 0.00 reconn/s: 0.00
[ 170s ] thds: 128 tps: 39150.26 qps: 782996.49 (r/w/o: 548095.43/156600.84/78300.22) lat (ms,95%): 4.03 err/s: 0.00 reconn/s: 0.00
[ 180s ] thds: 128 tps: 39341.08 qps: 786830.74 (r/w/o: 550783.15/157365.23/78682.36) lat (ms,95%): 4.03 err/s: 0.00 reconn/s: 0.00
[ 190s ] thds: 128 tps: 38912.07 qps: 778254.05 (r/w/o: 544778.11/155651.49/77824.44) lat (ms,95%): 4.03 err/s: 0.00 reconn/s: 0.00
[ 200s ] thds: 128 tps: 39576.69 qps: 791511.37 (r/w/o: 554056.51/158301.77/79153.09) lat (ms,95%): 3.96 err/s: 0.00 reconn/s: 0.00
[ 210s ] thds: 128 tps: 39322.70 qps: 786477.00 (r/w/o: 550539.50/157291.80/78645.70) lat (ms,95%): 3.96 err/s: 0.00 reconn/s: 0.00
[ 220s ] thds: 128 tps: 39107.14 qps: 782131.38 (r/w/o: 547488.91/156427.98/78214.49) lat (ms,95%): 4.03 err/s: 0.00 reconn/s: 0.00
[ 230s ] thds: 128 tps: 39049.22 qps: 780977.36 (r/w/o: 546683.95/156195.57/78097.84) lat (ms,95%): 4.03 err/s: 0.00 reconn/s: 0.00
[ 240s ] thds: 128 tps: 39018.22 qps: 780370.16 (r/w/o: 546260.02/156073.49/78036.65) lat (ms,95%): 4.03 err/s: 0.00 reconn/s: 0.00
[ 250s ] thds: 128 tps: 39025.50 qps: 780494.92 (r/w/o: 546341.42/156102.70/78050.80) lat (ms,95%): 4.03 err/s: 0.00 reconn/s: 0.00
[ 260s ] thds: 128 tps: 39012.06 qps: 780249.48 (r/w/o: 546177.09/156047.96/78024.43) lat (ms,95%): 4.03 err/s: 0.00 reconn/s: 0.00
[ 270s ] thds: 128 tps: 39347.70 qps: 786954.94 (r/w/o: 550868.92/157390.51/78695.50) lat (ms,95%): 4.03 err/s: 0.00 reconn/s: 0.00
[ 280s ] thds: 128 tps: 39064.64 qps: 781286.99 (r/w/o: 546898.93/156258.68/78129.39) lat (ms,95%): 4.03 err/s: 0.10 reconn/s: 0.00
[ 290s ] thds: 128 tps: 39376.81 qps: 787547.48 (r/w/o: 551284.13/157509.74/78753.62) lat (ms,95%): 4.03 err/s: 0.00 reconn/s: 0.00
[ 300s ] thds: 128 tps: 39017.73 qps: 780375.86 (r/w/o: 546270.99/156069.01/78035.86) lat (ms,95%): 4.03 err/s: 0.00 reconn/s: 0.00
[ 310s ] thds: 128 tps: 39288.17 qps: 785741.33 (r/w/o: 550011.53/157154.37/78575.43) lat (ms,95%): 4.03 err/s: 0.00 reconn/s: 0.00
[ 320s ] thds: 128 tps: 38955.46 qps: 779114.96 (r/w/o: 545380.99/155822.75/77911.23) lat (ms,95%): 4.03 err/s: 0.00 reconn/s: 0.00
[ 330s ] thds: 128 tps: 39147.61 qps: 782948.35 (r/w/o: 548064.57/156588.25/78295.52) lat (ms,95%): 4.03 err/s: 0.00 reconn/s: 0.00
[ 340s ] thds: 128 tps: 39285.79 qps: 785724.89 (r/w/o: 550009.42/157143.88/78571.59) lat (ms,95%): 4.03 err/s: 0.00 reconn/s: 0.00
[ 350s ] thds: 128 tps: 38992.81 qps: 779847.32 (r/w/o: 545891.39/155970.42/77985.51) lat (ms,95%): 4.03 err/s: 0.00 reconn/s: 0.00
[ 360s ] thds: 128 tps: 39209.71 qps: 784194.54 (r/w/o: 548937.47/156837.75/78419.32) lat (ms,95%): 4.03 err/s: 0.00 reconn/s: 0.00
[ 370s ] thds: 128 tps: 39169.70 qps: 783385.89 (r/w/o: 548366.57/156679.92/78339.41) lat (ms,95%): 4.03 err/s: 0.00 reconn/s: 0.00
[ 380s ] thds: 128 tps: 38526.85 qps: 770555.79 (r/w/o: 539395.06/154107.22/77053.51) lat (ms,95%): 4.03 err/s: 0.00 reconn/s: 0.00
SQL statistics:
    queries performed:
        read:                            208651646
        write:                           59614751
        other:                           29807379
        total:                           298073776
    transactions:                        14903687 (39212.33 per sec.)
    queries:                             298073776 (784246.68 per sec.)
    ignored errors:                      2      (0.01 per sec.)
    reconnects:                          0      (0.00 per sec.)

General statistics:
    total time:                          380.0756s
    total number of events:              14903687

Latency (ms):
         min:                                    1.63
         avg:                                    3.26
         max:                                  130.35
         95th percentile:                        4.03
         sum:                             48625743.79

Threads fairness:
    events (avg/stddev):           116435.0547/4885.29
    execution time (avg/stddev):   379.8886/0.02

