sysbench 1.0.20-ebf1c90 (using bundled LuaJIT 2.1.0-beta2)

Running the test with following options:
Number of threads: 32
Report intermediate results every 10 second(s)
Initializing random number generator from current time


Initializing worker threads...

Threads started!

[ 10s ] thds: 32 tps: 9477.18 qps: 189574.77 (r/w/o: 132706.80/37910.41/18957.56) lat (ms,95%): 4.49 err/s: 0.00 reconn/s: 0.00
[ 20s ] thds: 32 tps: 12033.40 qps: 240667.39 (r/w/o: 168466.86/48134.02/24066.51) lat (ms,95%): 3.49 err/s: 0.00 reconn/s: 0.00
[ 30s ] thds: 32 tps: 12850.53 qps: 257016.21 (r/w/o: 179912.16/51402.90/25701.15) lat (ms,95%): 3.62 err/s: 0.00 reconn/s: 0.00
[ 40s ] thds: 32 tps: 13450.40 qps: 269004.77 (r/w/o: 188303.55/53800.21/26901.01) lat (ms,95%): 3.43 err/s: 0.00 reconn/s: 0.00
[ 50s ] thds: 32 tps: 13912.95 qps: 278257.56 (r/w/o: 194780.84/55650.81/27825.91) lat (ms,95%): 3.43 err/s: 0.00 reconn/s: 0.00
[ 60s ] thds: 32 tps: 14129.01 qps: 282582.17 (r/w/o: 197806.59/56517.65/28257.93) lat (ms,95%): 3.36 err/s: 0.00 reconn/s: 0.00
[ 70s ] thds: 32 tps: 14062.22 qps: 281249.09 (r/w/o: 196875.55/56249.00/28124.55) lat (ms,95%): 3.36 err/s: 0.00 reconn/s: 0.00
[ 80s ] thds: 32 tps: 14354.55 qps: 287087.26 (r/w/o: 200959.54/57418.61/28709.11) lat (ms,95%): 3.30 err/s: 0.00 reconn/s: 0.00
[ 90s ] thds: 32 tps: 14430.97 qps: 288615.06 (r/w/o: 202031.25/57722.07/28861.74) lat (ms,95%): 3.25 err/s: 0.00 reconn/s: 0.00
[ 100s ] thds: 32 tps: 14098.69 qps: 281974.02 (r/w/o: 197381.10/56395.34/28197.57) lat (ms,95%): 3.36 err/s: 0.00 reconn/s: 0.00
[ 110s ] thds: 32 tps: 14088.42 qps: 281772.80 (r/w/o: 197242.71/56353.36/28176.73) lat (ms,95%): 3.43 err/s: 0.00 reconn/s: 0.00
[ 120s ] thds: 32 tps: 14219.34 qps: 284381.17 (r/w/o: 199064.64/56877.95/28438.58) lat (ms,95%): 3.43 err/s: 0.00 reconn/s: 0.00
[ 130s ] thds: 32 tps: 14234.98 qps: 284706.39 (r/w/o: 199296.91/56939.32/28470.16) lat (ms,95%): 3.30 err/s: 0.00 reconn/s: 0.00
[ 140s ] thds: 32 tps: 14423.51 qps: 288474.37 (r/w/o: 201932.49/57694.95/28846.93) lat (ms,95%): 3.25 err/s: 0.00 reconn/s: 0.00
[ 150s ] thds: 32 tps: 14273.45 qps: 285456.28 (r/w/o: 199816.29/57093.30/28546.70) lat (ms,95%): 3.30 err/s: 0.00 reconn/s: 0.00
[ 160s ] thds: 32 tps: 13964.33 qps: 279293.87 (r/w/o: 195508.30/55856.71/27928.86) lat (ms,95%): 3.55 err/s: 0.00 reconn/s: 0.00
[ 170s ] thds: 32 tps: 14182.94 qps: 283652.77 (r/w/o: 198555.21/56731.67/28365.89) lat (ms,95%): 3.36 err/s: 0.00 reconn/s: 0.00
[ 180s ] thds: 32 tps: 13688.56 qps: 273777.36 (r/w/o: 191645.51/54754.83/27377.02) lat (ms,95%): 3.68 err/s: 0.00 reconn/s: 0.00
[ 190s ] thds: 32 tps: 14141.22 qps: 282823.53 (r/w/o: 197975.83/56565.17/28282.53) lat (ms,95%): 3.43 err/s: 0.00 reconn/s: 0.00
[ 200s ] thds: 32 tps: 14078.17 qps: 281559.80 (r/w/o: 197090.48/56313.08/28156.24) lat (ms,95%): 3.43 err/s: 0.00 reconn/s: 0.00
[ 210s ] thds: 32 tps: 14198.81 qps: 283973.43 (r/w/o: 198781.46/56794.15/28397.82) lat (ms,95%): 3.36 err/s: 0.00 reconn/s: 0.00
[ 220s ] thds: 32 tps: 14246.21 qps: 284926.65 (r/w/o: 199449.41/56984.93/28492.32) lat (ms,95%): 3.36 err/s: 0.00 reconn/s: 0.00
[ 230s ] thds: 32 tps: 14223.53 qps: 284473.86 (r/w/o: 199132.06/56894.63/28447.17) lat (ms,95%): 3.43 err/s: 0.00 reconn/s: 0.00
[ 240s ] thds: 32 tps: 14297.65 qps: 285952.07 (r/w/o: 200166.25/57190.61/28595.21) lat (ms,95%): 3.25 err/s: 0.00 reconn/s: 0.00
[ 250s ] thds: 32 tps: 14224.12 qps: 284480.33 (r/w/o: 199136.80/56895.39/28448.14) lat (ms,95%): 3.30 err/s: 0.00 reconn/s: 0.00
[ 260s ] thds: 32 tps: 14032.34 qps: 280649.81 (r/w/o: 196455.47/56129.56/28064.78) lat (ms,95%): 3.49 err/s: 0.00 reconn/s: 0.00
[ 270s ] thds: 32 tps: 14111.85 qps: 282239.82 (r/w/o: 197568.21/56447.90/28223.70) lat (ms,95%): 3.49 err/s: 0.00 reconn/s: 0.00
[ 280s ] thds: 32 tps: 13530.53 qps: 270604.82 (r/w/o: 189421.23/54122.72/27060.86) lat (ms,95%): 3.75 err/s: 0.00 reconn/s: 0.00
[ 290s ] thds: 32 tps: 14155.24 qps: 283105.37 (r/w/o: 198174.61/56620.17/28310.59) lat (ms,95%): 3.36 err/s: 0.00 reconn/s: 0.00
[ 300s ] thds: 32 tps: 14117.30 qps: 282344.41 (r/w/o: 197640.80/56468.90/28234.70) lat (ms,95%): 3.43 err/s: 0.00 reconn/s: 0.00
[ 310s ] thds: 32 tps: 14353.60 qps: 287074.42 (r/w/o: 200953.01/57414.30/28707.10) lat (ms,95%): 3.25 err/s: 0.00 reconn/s: 0.00
[ 320s ] thds: 32 tps: 14452.83 qps: 289054.49 (r/w/o: 202336.69/57812.14/28905.67) lat (ms,95%): 3.19 err/s: 0.00 reconn/s: 0.00
[ 330s ] thds: 32 tps: 14166.69 qps: 283339.20 (r/w/o: 198338.43/56667.28/28333.49) lat (ms,95%): 3.43 err/s: 0.00 reconn/s: 0.00
[ 340s ] thds: 32 tps: 14311.88 qps: 286237.91 (r/w/o: 200367.03/57247.02/28623.86) lat (ms,95%): 3.43 err/s: 0.00 reconn/s: 0.00
[ 350s ] thds: 32 tps: 14198.40 qps: 283970.42 (r/w/o: 198778.61/56795.20/28396.60) lat (ms,95%): 3.43 err/s: 0.00 reconn/s: 0.00
[ 360s ] thds: 32 tps: 14293.51 qps: 285865.31 (r/w/o: 200106.05/57172.14/28587.12) lat (ms,95%): 3.30 err/s: 0.00 reconn/s: 0.00
[ 370s ] thds: 32 tps: 14210.68 qps: 284219.57 (r/w/o: 198955.20/56843.01/28421.36) lat (ms,95%): 3.30 err/s: 0.00 reconn/s: 0.00
[ 380s ] thds: 32 tps: 14109.62 qps: 282184.74 (r/w/o: 197527.34/56438.47/28218.93) lat (ms,95%): 3.30 err/s: 0.00 reconn/s: 0.00
SQL statistics:
    queries performed:
        read:                            74106732
        write:                           21173352
        other:                           10586676
        total:                           105866760
    transactions:                        5293338 (13929.14 per sec.)
    queries:                             105866760 (278582.78 per sec.)
    ignored errors:                      0      (0.00 per sec.)
    reconnects:                          0      (0.00 per sec.)

General statistics:
    total time:                          380.0181s
    total number of events:              5293338

Latency (ms):
         min:                                    1.40
         avg:                                    2.30
         max:                                  120.16
         95th percentile:                        3.43
         sum:                             12156375.19

Threads fairness:
    events (avg/stddev):           165416.8125/8249.51
    execution time (avg/stddev):   379.8867/0.01

