sysbench 1.0.20-ebf1c90 (using bundled LuaJIT 2.1.0-beta2)

Running the test with following options:
Number of threads: 256
Report intermediate results every 10 second(s)
Initializing random number generator from current time


Initializing worker threads...

Threads started!

[ 10s ] thds: 256 tps: 54969.85 qps: 1099655.10 (r/w/o: 769800.50/219889.41/109965.20) lat (ms,95%): 6.43 err/s: 0.00 reconn/s: 0.00
[ 20s ] thds: 256 tps: 57024.36 qps: 1140470.49 (r/w/o: 798324.83/228097.84/114047.82) lat (ms,95%): 6.21 err/s: 0.00 reconn/s: 0.00
[ 30s ] thds: 256 tps: 57194.50 qps: 1143878.73 (r/w/o: 800712.55/228777.69/114388.49) lat (ms,95%): 6.09 err/s: 0.00 reconn/s: 0.00
[ 40s ] thds: 256 tps: 57224.22 qps: 1144505.95 (r/w/o: 801157.55/228899.17/114449.24) lat (ms,95%): 6.09 err/s: 0.00 reconn/s: 0.00
[ 50s ] thds: 256 tps: 57183.32 qps: 1143712.69 (r/w/o: 800613.17/228732.58/114366.94) lat (ms,95%): 6.21 err/s: 0.00 reconn/s: 0.00
[ 60s ] thds: 256 tps: 57094.81 qps: 1141859.76 (r/w/o: 799289.91/228380.63/114189.22) lat (ms,95%): 6.21 err/s: 0.00 reconn/s: 0.00
[ 70s ] thds: 256 tps: 57137.87 qps: 1142742.85 (r/w/o: 799916.42/228552.19/114274.25) lat (ms,95%): 6.09 err/s: 0.00 reconn/s: 0.00
[ 80s ] thds: 256 tps: 57288.36 qps: 1145841.16 (r/w/o: 802112.88/229149.75/114578.53) lat (ms,95%): 6.09 err/s: 0.00 reconn/s: 0.00
[ 90s ] thds: 256 tps: 57200.76 qps: 1143950.38 (r/w/o: 800748.70/228800.26/114401.43) lat (ms,95%): 6.09 err/s: 0.00 reconn/s: 0.00
[ 100s ] thds: 256 tps: 57269.06 qps: 1145390.10 (r/w/o: 801769.74/229082.34/114538.02) lat (ms,95%): 6.09 err/s: 0.00 reconn/s: 0.00
[ 110s ] thds: 256 tps: 56923.26 qps: 1138444.30 (r/w/o: 796906.64/227692.94/113844.72) lat (ms,95%): 6.09 err/s: 0.00 reconn/s: 0.00
[ 120s ] thds: 256 tps: 57050.02 qps: 1141062.98 (r/w/o: 798755.97/228205.38/114101.64) lat (ms,95%): 6.09 err/s: 0.00 reconn/s: 0.00
[ 130s ] thds: 256 tps: 56964.38 qps: 1139238.91 (r/w/o: 797460.53/227849.22/113929.16) lat (ms,95%): 6.09 err/s: 0.00 reconn/s: 0.00
[ 140s ] thds: 256 tps: 56978.17 qps: 1139516.47 (r/w/o: 797646.66/227914.37/113955.44) lat (ms,95%): 6.21 err/s: 0.00 reconn/s: 0.00
[ 150s ] thds: 256 tps: 56794.71 qps: 1135931.53 (r/w/o: 795162.66/227178.85/113590.02) lat (ms,95%): 6.21 err/s: 0.00 reconn/s: 0.00
[ 160s ] thds: 256 tps: 56722.93 qps: 1134433.41 (r/w/o: 794091.86/226895.00/113446.55) lat (ms,95%): 6.21 err/s: 0.00 reconn/s: 0.00
[ 170s ] thds: 256 tps: 56732.39 qps: 1134681.90 (r/w/o: 794288.29/226929.74/113463.87) lat (ms,95%): 6.21 err/s: 0.00 reconn/s: 0.00
[ 180s ] thds: 256 tps: 56701.63 qps: 1134110.73 (r/w/o: 793892.44/226814.23/113404.06) lat (ms,95%): 6.21 err/s: 0.00 reconn/s: 0.00
[ 190s ] thds: 256 tps: 56598.79 qps: 1131876.25 (r/w/o: 792293.09/226387.17/113195.98) lat (ms,95%): 6.21 err/s: 0.00 reconn/s: 0.00
[ 200s ] thds: 256 tps: 56485.79 qps: 1129737.72 (r/w/o: 790818.77/225946.76/112972.18) lat (ms,95%): 6.21 err/s: 0.00 reconn/s: 0.00
[ 210s ] thds: 256 tps: 56764.97 qps: 1135345.13 (r/w/o: 794756.40/227058.29/113530.44) lat (ms,95%): 6.21 err/s: 0.00 reconn/s: 0.00
[ 220s ] thds: 256 tps: 56730.84 qps: 1134576.07 (r/w/o: 794196.34/226917.65/113462.08) lat (ms,95%): 6.21 err/s: 0.00 reconn/s: 0.00
[ 230s ] thds: 256 tps: 56573.52 qps: 1131502.03 (r/w/o: 792042.80/226311.69/113147.54) lat (ms,95%): 6.21 err/s: 0.00 reconn/s: 0.00
[ 240s ] thds: 256 tps: 56849.42 qps: 1136939.12 (r/w/o: 795864.60/227377.28/113697.24) lat (ms,95%): 6.09 err/s: 0.00 reconn/s: 0.00
[ 250s ] thds: 256 tps: 56693.54 qps: 1133899.08 (r/w/o: 793736.15/226775.36/113387.58) lat (ms,95%): 6.21 err/s: 0.00 reconn/s: 0.00
[ 260s ] thds: 256 tps: 56535.53 qps: 1130693.87 (r/w/o: 791477.00/226145.31/113071.56) lat (ms,95%): 6.21 err/s: 0.00 reconn/s: 0.00
[ 270s ] thds: 256 tps: 56502.46 qps: 1130052.61 (r/w/o: 791043.08/226004.52/113005.01) lat (ms,95%): 6.21 err/s: 0.00 reconn/s: 0.00
[ 280s ] thds: 256 tps: 56156.47 qps: 1123149.84 (r/w/o: 786203.11/224633.29/112313.44) lat (ms,95%): 6.21 err/s: 0.00 reconn/s: 0.00
[ 290s ] thds: 256 tps: 56479.45 qps: 1129621.71 (r/w/o: 790751.61/225911.70/112958.40) lat (ms,95%): 6.21 err/s: 0.00 reconn/s: 0.00
[ 300s ] thds: 256 tps: 56424.64 qps: 1128422.09 (r/w/o: 789874.05/225700.26/112847.78) lat (ms,95%): 6.21 err/s: 0.00 reconn/s: 0.00
[ 310s ] thds: 256 tps: 56335.06 qps: 1126707.26 (r/w/o: 788696.18/225340.15/112670.93) lat (ms,95%): 6.21 err/s: 0.00 reconn/s: 0.00
[ 320s ] thds: 256 tps: 56385.28 qps: 1127690.26 (r/w/o: 789377.69/225542.41/112770.16) lat (ms,95%): 6.21 err/s: 0.00 reconn/s: 0.00
[ 330s ] thds: 256 tps: 56209.23 qps: 1124161.39 (r/w/o: 786905.89/224837.74/112417.77) lat (ms,95%): 6.21 err/s: 0.00 reconn/s: 0.00
[ 340s ] thds: 256 tps: 56290.84 qps: 1125871.85 (r/w/o: 788126.22/225162.35/112583.27) lat (ms,95%): 6.21 err/s: 0.00 reconn/s: 0.00
[ 350s ] thds: 256 tps: 56200.78 qps: 1123992.20 (r/w/o: 786790.12/224800.52/112401.56) lat (ms,95%): 6.21 err/s: 0.00 reconn/s: 0.00
[ 360s ] thds: 256 tps: 56140.36 qps: 1122870.60 (r/w/o: 786026.14/224563.34/112281.12) lat (ms,95%): 6.21 err/s: 0.00 reconn/s: 0.00
[ 370s ] thds: 256 tps: 55926.81 qps: 1118521.86 (r/w/o: 782958.78/223709.75/111853.33) lat (ms,95%): 6.21 err/s: 0.00 reconn/s: 0.00
[ 380s ] thds: 256 tps: 55961.14 qps: 1119168.96 (r/w/o: 783412.53/223841.05/111915.38) lat (ms,95%): 6.21 err/s: 0.00 reconn/s: 0.00
SQL statistics:
    queries performed:
        read:                            301384804
        write:                           86109940
        other:                           43054976
        total:                           430549720
    transactions:                        21527486 (56617.93 per sec.)
    queries:                             430549720 (1132358.52 per sec.)
    ignored errors:                      0      (0.00 per sec.)
    reconnects:                          0      (0.00 per sec.)

General statistics:
    total time:                          380.2229s
    total number of events:              21527486

Latency (ms):
         min:                                    1.79
         avg:                                    4.52
         max:                                  219.85
         95th percentile:                        6.21
         sum:                             97261064.96

Threads fairness:
    events (avg/stddev):           84091.7422/1451.13
    execution time (avg/stddev):   379.9260/0.04

