sysbench 1.0.20-ebf1c90 (using bundled LuaJIT 2.1.0-beta2)

Running the test with following options:
Number of threads: 256
Report intermediate results every 10 second(s)
Initializing random number generator from current time


Initializing worker threads...

Threads started!

[ 10s ] thds: 256 tps: 12720.11 qps: 254765.03 (r/w/o: 178385.15/50914.15/25465.72) lat (ms,95%): 41.10 err/s: 0.00 reconn/s: 0.00
[ 20s ] thds: 256 tps: 13598.73 qps: 271891.80 (r/w/o: 190325.92/54368.02/27197.86) lat (ms,95%): 38.94 err/s: 0.10 reconn/s: 0.00
[ 30s ] thds: 256 tps: 13744.91 qps: 275034.06 (r/w/o: 192513.48/55030.55/27490.03) lat (ms,95%): 38.94 err/s: 0.00 reconn/s: 0.00
[ 40s ] thds: 256 tps: 13972.72 qps: 279357.06 (r/w/o: 195557.55/55854.67/27944.84) lat (ms,95%): 38.25 err/s: 0.10 reconn/s: 0.00
[ 50s ] thds: 256 tps: 14189.40 qps: 283803.40 (r/w/o: 198647.13/56777.08/28379.19) lat (ms,95%): 37.56 err/s: 0.00 reconn/s: 0.00
[ 60s ] thds: 256 tps: 14285.22 qps: 285764.82 (r/w/o: 200023.32/57170.76/28570.73) lat (ms,95%): 36.24 err/s: 0.10 reconn/s: 0.00
[ 70s ] thds: 256 tps: 14302.28 qps: 285997.64 (r/w/o: 200210.05/57183.73/28603.86) lat (ms,95%): 37.56 err/s: 0.00 reconn/s: 0.00
[ 80s ] thds: 256 tps: 14345.90 qps: 286991.86 (r/w/o: 200912.14/57386.81/28692.91) lat (ms,95%): 36.89 err/s: 0.00 reconn/s: 0.00
[ 90s ] thds: 256 tps: 14251.74 qps: 284993.97 (r/w/o: 199482.41/57009.07/28502.49) lat (ms,95%): 36.89 err/s: 0.00 reconn/s: 0.00
[ 100s ] thds: 256 tps: 14283.15 qps: 285510.05 (r/w/o: 199853.84/57089.81/28566.41) lat (ms,95%): 36.89 err/s: 0.00 reconn/s: 0.00
[ 110s ] thds: 256 tps: 14363.09 qps: 287368.84 (r/w/o: 201177.99/57464.37/28726.48) lat (ms,95%): 36.89 err/s: 0.10 reconn/s: 0.00
[ 120s ] thds: 256 tps: 14277.69 qps: 285564.19 (r/w/o: 199889.12/57119.18/28555.89) lat (ms,95%): 36.89 err/s: 0.00 reconn/s: 0.00
[ 130s ] thds: 256 tps: 14278.98 qps: 285562.10 (r/w/o: 199893.22/57111.32/28557.56) lat (ms,95%): 36.89 err/s: 0.00 reconn/s: 0.00
[ 140s ] thds: 256 tps: 14314.72 qps: 286312.19 (r/w/o: 200392.78/57289.28/28630.14) lat (ms,95%): 37.56 err/s: 0.10 reconn/s: 0.00
[ 150s ] thds: 256 tps: 14269.17 qps: 285385.44 (r/w/o: 199791.04/57057.07/28537.33) lat (ms,95%): 37.56 err/s: 0.00 reconn/s: 0.00
[ 160s ] thds: 256 tps: 14266.92 qps: 285354.98 (r/w/o: 199766.74/57053.20/28535.05) lat (ms,95%): 36.89 err/s: 0.00 reconn/s: 0.00
[ 170s ] thds: 256 tps: 14270.90 qps: 285453.56 (r/w/o: 199800.74/57111.21/28541.61) lat (ms,95%): 36.89 err/s: 0.00 reconn/s: 0.00
[ 180s ] thds: 256 tps: 14261.34 qps: 285164.68 (r/w/o: 199635.01/57006.78/28522.89) lat (ms,95%): 37.56 err/s: 0.00 reconn/s: 0.00
[ 190s ] thds: 256 tps: 14273.03 qps: 285407.45 (r/w/o: 199749.98/57111.51/28545.95) lat (ms,95%): 37.56 err/s: 0.00 reconn/s: 0.00
[ 200s ] thds: 256 tps: 14263.42 qps: 285321.38 (r/w/o: 199745.57/57048.98/28526.84) lat (ms,95%): 37.56 err/s: 0.00 reconn/s: 0.00
[ 210s ] thds: 256 tps: 14258.19 qps: 285210.56 (r/w/o: 199639.03/57054.95/28516.58) lat (ms,95%): 37.56 err/s: 0.00 reconn/s: 0.00
[ 220s ] thds: 256 tps: 14265.71 qps: 285370.84 (r/w/o: 199748.80/57090.43/28531.61) lat (ms,95%): 36.89 err/s: 0.00 reconn/s: 0.00
[ 230s ] thds: 256 tps: 14236.75 qps: 284624.50 (r/w/o: 199259.00/56892.00/28473.50) lat (ms,95%): 37.56 err/s: 0.00 reconn/s: 0.00
[ 240s ] thds: 256 tps: 14210.78 qps: 284227.89 (r/w/o: 198957.08/56849.14/28421.67) lat (ms,95%): 37.56 err/s: 0.00 reconn/s: 0.00
[ 250s ] thds: 256 tps: 14266.10 qps: 285411.39 (r/w/o: 199781.76/57097.22/28532.41) lat (ms,95%): 37.56 err/s: 0.00 reconn/s: 0.00
[ 260s ] thds: 256 tps: 14228.29 qps: 284494.75 (r/w/o: 199134.82/56903.45/28456.47) lat (ms,95%): 37.56 err/s: 0.10 reconn/s: 0.00
[ 270s ] thds: 256 tps: 14236.27 qps: 284767.86 (r/w/o: 199357.92/56937.09/28472.85) lat (ms,95%): 37.56 err/s: 0.00 reconn/s: 0.00
[ 280s ] thds: 256 tps: 14183.92 qps: 283631.13 (r/w/o: 198543.40/56719.89/28367.84) lat (ms,95%): 36.89 err/s: 0.00 reconn/s: 0.00
[ 290s ] thds: 256 tps: 14198.29 qps: 283975.91 (r/w/o: 198776.07/56803.36/28396.48) lat (ms,95%): 37.56 err/s: 0.00 reconn/s: 0.00
[ 300s ] thds: 256 tps: 14201.68 qps: 283983.94 (r/w/o: 198783.04/56798.33/28402.56) lat (ms,95%): 37.56 err/s: 0.00 reconn/s: 0.00
[ 310s ] thds: 256 tps: 14171.50 qps: 283508.73 (r/w/o: 198448.32/56716.61/28343.80) lat (ms,95%): 37.56 err/s: 0.10 reconn/s: 0.00
[ 320s ] thds: 256 tps: 14187.49 qps: 283726.33 (r/w/o: 198636.31/56714.65/28375.37) lat (ms,95%): 36.89 err/s: 0.00 reconn/s: 0.00
[ 330s ] thds: 256 tps: 14149.47 qps: 282974.54 (r/w/o: 198078.04/56597.77/28298.73) lat (ms,95%): 37.56 err/s: 0.00 reconn/s: 0.00
[ 340s ] thds: 256 tps: 14177.40 qps: 283605.72 (r/w/o: 198518.91/56732.10/28354.70) lat (ms,95%): 37.56 err/s: 0.10 reconn/s: 0.00
[ 350s ] thds: 256 tps: 14142.92 qps: 282795.83 (r/w/o: 197956.90/56552.79/28286.14) lat (ms,95%): 38.25 err/s: 0.00 reconn/s: 0.00
[ 360s ] thds: 256 tps: 14144.09 qps: 282990.37 (r/w/o: 198079.61/56621.87/28288.89) lat (ms,95%): 38.25 err/s: 0.00 reconn/s: 0.00
[ 370s ] thds: 256 tps: 14184.65 qps: 283599.83 (r/w/o: 198529.55/56701.28/28368.99) lat (ms,95%): 38.25 err/s: 0.00 reconn/s: 0.00
[ 380s ] thds: 256 tps: 14148.50 qps: 282951.55 (r/w/o: 198081.96/56572.59/28296.99) lat (ms,95%): 38.25 err/s: 0.00 reconn/s: 0.00
SQL statistics:
    queries performed:
        read:                            75341448
        write:                           21526096
        other:                           10763080
        total:                           107630624
    transactions:                        5381524 (14154.91 per sec.)
    queries:                             107630624 (283098.50 per sec.)
    ignored errors:                      8      (0.02 per sec.)
    reconnects:                          0      (0.00 per sec.)

General statistics:
    total time:                          380.1868s
    total number of events:              5381524

Latency (ms):
         min:                                    2.40
         avg:                                   18.08
         max:                                  290.50
         95th percentile:                       37.56
         sum:                             97275648.59

Threads fairness:
    events (avg/stddev):           21021.5781/222.00
    execution time (avg/stddev):   379.9830/0.02

