sysbench 1.0.20-ebf1c90 (using bundled LuaJIT 2.1.0-beta2)

Running the test with following options:
Number of threads: 256
Report intermediate results every 10 second(s)
Initializing random number generator from current time


Initializing worker threads...

Threads started!

[ 10s ] thds: 256 tps: 12622.55 qps: 252867.46 (r/w/o: 177053.60/50542.98/25270.89) lat (ms,95%): 41.85 err/s: 0.10 reconn/s: 0.00
[ 20s ] thds: 256 tps: 13621.05 qps: 272347.08 (r/w/o: 190642.25/54463.22/27241.61) lat (ms,95%): 38.94 err/s: 0.00 reconn/s: 0.00
[ 30s ] thds: 256 tps: 13730.46 qps: 274555.64 (r/w/o: 192190.30/54904.23/27461.11) lat (ms,95%): 38.94 err/s: 0.00 reconn/s: 0.00
[ 40s ] thds: 256 tps: 13984.04 qps: 279682.65 (r/w/o: 195783.02/55932.05/27967.57) lat (ms,95%): 38.25 err/s: 0.00 reconn/s: 0.00
[ 50s ] thds: 256 tps: 14195.17 qps: 283903.25 (r/w/o: 198721.65/56791.07/28390.54) lat (ms,95%): 37.56 err/s: 0.00 reconn/s: 0.00
[ 60s ] thds: 256 tps: 14262.23 qps: 285296.44 (r/w/o: 199721.75/57049.63/28525.06) lat (ms,95%): 36.24 err/s: 0.00 reconn/s: 0.00
[ 70s ] thds: 256 tps: 14305.53 qps: 286139.03 (r/w/o: 200292.74/57236.33/28609.96) lat (ms,95%): 37.56 err/s: 0.00 reconn/s: 0.00
[ 80s ] thds: 256 tps: 14334.55 qps: 286745.98 (r/w/o: 200719.49/57356.20/28670.30) lat (ms,95%): 36.89 err/s: 0.00 reconn/s: 0.00
[ 90s ] thds: 256 tps: 14270.12 qps: 285350.91 (r/w/o: 199749.59/57061.18/28540.14) lat (ms,95%): 36.89 err/s: 0.00 reconn/s: 0.00
[ 100s ] thds: 256 tps: 14329.57 qps: 286581.31 (r/w/o: 200618.29/57303.68/28659.34) lat (ms,95%): 36.89 err/s: 0.00 reconn/s: 0.00
[ 110s ] thds: 256 tps: 14317.72 qps: 286380.13 (r/w/o: 200459.60/57285.19/28635.34) lat (ms,95%): 36.89 err/s: 0.00 reconn/s: 0.00
[ 120s ] thds: 256 tps: 14287.71 qps: 285608.01 (r/w/o: 199910.37/57122.62/28575.01) lat (ms,95%): 36.89 err/s: 0.00 reconn/s: 0.00
[ 130s ] thds: 256 tps: 14223.05 qps: 284555.25 (r/w/o: 199202.76/56906.29/28446.19) lat (ms,95%): 36.89 err/s: 0.00 reconn/s: 0.00
[ 140s ] thds: 256 tps: 14327.44 qps: 286583.59 (r/w/o: 200605.35/57322.96/28655.28) lat (ms,95%): 37.56 err/s: 0.00 reconn/s: 0.00
[ 150s ] thds: 256 tps: 14252.00 qps: 285010.76 (r/w/o: 199500.85/57006.51/28503.41) lat (ms,95%): 37.56 err/s: 0.00 reconn/s: 0.00
[ 160s ] thds: 256 tps: 14291.35 qps: 285819.94 (r/w/o: 200074.56/57161.99/28583.39) lat (ms,95%): 36.89 err/s: 0.00 reconn/s: 0.00
[ 170s ] thds: 256 tps: 14231.10 qps: 284639.74 (r/w/o: 199249.83/56928.21/28461.70) lat (ms,95%): 36.89 err/s: 0.00 reconn/s: 0.00
[ 180s ] thds: 256 tps: 14292.30 qps: 285815.38 (r/w/o: 200080.58/57149.89/28584.90) lat (ms,95%): 37.56 err/s: 0.10 reconn/s: 0.00
[ 190s ] thds: 256 tps: 14250.89 qps: 285057.84 (r/w/o: 199520.42/57036.35/28501.07) lat (ms,95%): 37.56 err/s: 0.00 reconn/s: 0.00
[ 200s ] thds: 256 tps: 14265.53 qps: 285380.72 (r/w/o: 199760.44/57088.22/28532.06) lat (ms,95%): 37.56 err/s: 0.00 reconn/s: 0.00
[ 210s ] thds: 256 tps: 14275.70 qps: 285442.49 (r/w/o: 199824.46/57066.82/28551.21) lat (ms,95%): 37.56 err/s: 0.00 reconn/s: 0.00
[ 220s ] thds: 256 tps: 14185.03 qps: 283701.54 (r/w/o: 198605.65/56726.23/28369.66) lat (ms,95%): 37.56 err/s: 0.00 reconn/s: 0.00
[ 230s ] thds: 256 tps: 14235.87 qps: 284642.98 (r/w/o: 199213.97/56958.38/28470.64) lat (ms,95%): 37.56 err/s: 0.00 reconn/s: 0.00
[ 240s ] thds: 256 tps: 14216.53 qps: 284347.11 (r/w/o: 199067.13/56845.02/28434.96) lat (ms,95%): 37.56 err/s: 0.00 reconn/s: 0.00
[ 250s ] thds: 256 tps: 14231.71 qps: 284658.21 (r/w/o: 199237.85/56957.54/28462.82) lat (ms,95%): 37.56 err/s: 0.00 reconn/s: 0.00
[ 260s ] thds: 256 tps: 14247.84 qps: 284964.95 (r/w/o: 199506.23/56962.65/28496.07) lat (ms,95%): 37.56 err/s: 0.00 reconn/s: 0.00
[ 270s ] thds: 256 tps: 14238.53 qps: 284822.04 (r/w/o: 199351.08/56993.91/28477.05) lat (ms,95%): 37.56 err/s: 0.00 reconn/s: 0.00
[ 280s ] thds: 256 tps: 14148.08 qps: 282969.91 (r/w/o: 198094.96/56578.30/28296.65) lat (ms,95%): 36.89 err/s: 0.00 reconn/s: 0.00
[ 290s ] thds: 256 tps: 14232.86 qps: 284620.59 (r/w/o: 199240.90/56914.26/28465.43) lat (ms,95%): 36.89 err/s: 0.00 reconn/s: 0.00
[ 300s ] thds: 256 tps: 14207.49 qps: 284065.16 (r/w/o: 198831.30/56819.57/28414.29) lat (ms,95%): 37.56 err/s: 0.00 reconn/s: 0.00
[ 310s ] thds: 256 tps: 14196.73 qps: 283945.09 (r/w/o: 198758.08/56793.34/28393.67) lat (ms,95%): 37.56 err/s: 0.00 reconn/s: 0.00
[ 320s ] thds: 256 tps: 14193.42 qps: 283929.36 (r/w/o: 198762.42/56779.39/28387.55) lat (ms,95%): 36.89 err/s: 0.00 reconn/s: 0.00
[ 330s ] thds: 256 tps: 14152.42 qps: 283057.72 (r/w/o: 198145.62/56607.46/28304.63) lat (ms,95%): 37.56 err/s: 0.00 reconn/s: 0.00
[ 340s ] thds: 256 tps: 14190.21 qps: 283811.13 (r/w/o: 198667.39/56762.43/28381.31) lat (ms,95%): 37.56 err/s: 0.20 reconn/s: 0.00
[ 350s ] thds: 256 tps: 14112.19 qps: 282238.62 (r/w/o: 197570.41/56443.74/28224.47) lat (ms,95%): 38.25 err/s: 0.00 reconn/s: 0.00
[ 360s ] thds: 256 tps: 14163.19 qps: 283236.42 (r/w/o: 198264.80/56645.64/28325.97) lat (ms,95%): 38.25 err/s: 0.00 reconn/s: 0.00
[ 370s ] thds: 256 tps: 14139.32 qps: 282817.04 (r/w/o: 197982.31/56555.69/28279.04) lat (ms,95%): 38.25 err/s: 0.00 reconn/s: 0.00
[ 380s ] thds: 256 tps: 14111.00 qps: 282052.91 (r/w/o: 197391.14/56443.38/28218.39) lat (ms,95%): 38.25 err/s: 0.00 reconn/s: 0.00
SQL statistics:
    queries performed:
        read:                            75306028
        write:                           21515987
        other:                           10758017
        total:                           107580032
    transactions:                        5378998 (14097.78 per sec.)
    queries:                             107580032 (281955.74 per sec.)
    ignored errors:                      4      (0.01 per sec.)
    reconnects:                          0      (0.00 per sec.)

General statistics:
    total time:                          381.5484s
    total number of events:              5378998

Latency (ms):
         min:                                    2.35
         avg:                                   18.09
         max:                                 1550.80
         95th percentile:                       37.56
         sum:                             97300389.59

Threads fairness:
    events (avg/stddev):           21011.7109/200.55
    execution time (avg/stddev):   380.0796/0.18

