sysbench 1.0.20-ebf1c90 (using bundled LuaJIT 2.1.0-beta2)

Running the test with following options:
Number of threads: 64
Report intermediate results every 10 second(s)
Initializing random number generator from current time


Initializing worker threads...

Threads started!

[ 10s ] thds: 64 tps: 27166.00 qps: 543384.37 (r/w/o: 380379.58/108666.50/54338.30) lat (ms,95%): 3.13 err/s: 0.00 reconn/s: 0.00
[ 20s ] thds: 64 tps: 28045.64 qps: 560908.49 (r/w/o: 392635.25/112182.46/56090.78) lat (ms,95%): 2.97 err/s: 0.00 reconn/s: 0.00
[ 30s ] thds: 64 tps: 27825.94 qps: 556520.89 (r/w/o: 389565.62/111302.88/55652.39) lat (ms,95%): 3.02 err/s: 0.00 reconn/s: 0.00
[ 40s ] thds: 64 tps: 27477.86 qps: 549566.36 (r/w/o: 384697.28/109913.35/54955.73) lat (ms,95%): 3.07 err/s: 0.00 reconn/s: 0.00
[ 50s ] thds: 64 tps: 27532.40 qps: 550640.11 (r/w/o: 385447.61/110127.80/55064.70) lat (ms,95%): 3.02 err/s: 0.00 reconn/s: 0.00
[ 60s ] thds: 64 tps: 27877.88 qps: 557558.39 (r/w/o: 390289.71/111512.92/55755.76) lat (ms,95%): 3.02 err/s: 0.00 reconn/s: 0.00
[ 70s ] thds: 64 tps: 27790.22 qps: 555809.64 (r/w/o: 389067.94/111161.37/55580.33) lat (ms,95%): 3.02 err/s: 0.00 reconn/s: 0.00
[ 80s ] thds: 64 tps: 28040.58 qps: 560803.06 (r/w/o: 392561.56/112160.33/56081.17) lat (ms,95%): 2.97 err/s: 0.00 reconn/s: 0.00
[ 90s ] thds: 64 tps: 27967.81 qps: 559360.07 (r/w/o: 391552.39/111871.85/55935.83) lat (ms,95%): 3.02 err/s: 0.00 reconn/s: 0.00
[ 100s ] thds: 64 tps: 27548.09 qps: 550955.67 (r/w/o: 385665.81/110193.97/55095.89) lat (ms,95%): 3.07 err/s: 0.00 reconn/s: 0.00
[ 110s ] thds: 64 tps: 27828.36 qps: 556581.13 (r/w/o: 389610.19/111314.13/55656.81) lat (ms,95%): 3.02 err/s: 0.00 reconn/s: 0.00
[ 120s ] thds: 64 tps: 27838.22 qps: 556752.23 (r/w/o: 389725.53/111350.27/55676.43) lat (ms,95%): 3.02 err/s: 0.00 reconn/s: 0.00
[ 130s ] thds: 64 tps: 27511.32 qps: 550232.13 (r/w/o: 385162.90/110046.49/55022.74) lat (ms,95%): 3.02 err/s: 0.00 reconn/s: 0.00
[ 140s ] thds: 64 tps: 27415.20 qps: 548300.75 (r/w/o: 383810.74/109659.51/54830.51) lat (ms,95%): 3.07 err/s: 0.00 reconn/s: 0.00
[ 150s ] thds: 64 tps: 27323.43 qps: 546467.15 (r/w/o: 382525.45/109295.43/54646.26) lat (ms,95%): 3.02 err/s: 0.00 reconn/s: 0.00
[ 160s ] thds: 64 tps: 27443.35 qps: 548863.62 (r/w/o: 384204.91/109771.70/54887.00) lat (ms,95%): 3.07 err/s: 0.00 reconn/s: 0.00
[ 170s ] thds: 64 tps: 27470.71 qps: 549419.75 (r/w/o: 384593.41/109884.73/54941.62) lat (ms,95%): 3.07 err/s: 0.00 reconn/s: 0.00
[ 180s ] thds: 64 tps: 27796.10 qps: 555936.64 (r/w/o: 389159.83/111184.41/55592.40) lat (ms,95%): 3.02 err/s: 0.00 reconn/s: 0.00
[ 190s ] thds: 64 tps: 27530.01 qps: 550583.68 (r/w/o: 385403.62/110120.44/55059.62) lat (ms,95%): 3.02 err/s: 0.00 reconn/s: 0.00
[ 200s ] thds: 64 tps: 27330.60 qps: 546616.59 (r/w/o: 382634.16/109321.02/54661.41) lat (ms,95%): 3.07 err/s: 0.00 reconn/s: 0.00
[ 210s ] thds: 64 tps: 27243.78 qps: 544871.17 (r/w/o: 381408.97/108974.63/54487.57) lat (ms,95%): 3.07 err/s: 0.00 reconn/s: 0.00
[ 220s ] thds: 64 tps: 27428.41 qps: 548563.94 (r/w/o: 383994.20/109712.93/54856.81) lat (ms,95%): 3.07 err/s: 0.00 reconn/s: 0.00
[ 230s ] thds: 64 tps: 27239.76 qps: 544798.36 (r/w/o: 381358.58/108960.15/54479.63) lat (ms,95%): 3.07 err/s: 0.00 reconn/s: 0.00
[ 240s ] thds: 64 tps: 27122.34 qps: 542446.84 (r/w/o: 379713.32/108489.15/54244.37) lat (ms,95%): 3.13 err/s: 0.00 reconn/s: 0.00
[ 250s ] thds: 64 tps: 27573.10 qps: 551464.39 (r/w/o: 386024.00/110293.90/55146.50) lat (ms,95%): 3.02 err/s: 0.00 reconn/s: 0.00
[ 260s ] thds: 64 tps: 26760.01 qps: 535201.83 (r/w/o: 374643.96/107038.25/53519.62) lat (ms,95%): 3.13 err/s: 0.00 reconn/s: 0.00
[ 270s ] thds: 64 tps: 27169.82 qps: 543399.33 (r/w/o: 380379.83/108679.57/54339.93) lat (ms,95%): 3.13 err/s: 0.00 reconn/s: 0.00
[ 280s ] thds: 64 tps: 26896.57 qps: 537930.82 (r/w/o: 376550.59/107586.98/53793.24) lat (ms,95%): 3.13 err/s: 0.00 reconn/s: 0.00
[ 290s ] thds: 64 tps: 26883.72 qps: 537670.75 (r/w/o: 376368.94/107534.47/53767.33) lat (ms,95%): 3.13 err/s: 0.00 reconn/s: 0.00
[ 300s ] thds: 64 tps: 26872.78 qps: 537447.73 (r/w/o: 376210.27/107492.41/53745.05) lat (ms,95%): 3.13 err/s: 0.00 reconn/s: 0.00
[ 310s ] thds: 64 tps: 27211.20 qps: 544233.85 (r/w/o: 380967.83/108843.01/54423.00) lat (ms,95%): 3.13 err/s: 0.00 reconn/s: 0.00
[ 320s ] thds: 64 tps: 27691.40 qps: 553824.65 (r/w/o: 387676.73/110765.21/55382.70) lat (ms,95%): 3.02 err/s: 0.00 reconn/s: 0.00
[ 330s ] thds: 64 tps: 27542.93 qps: 550858.15 (r/w/o: 385598.55/110173.63/55085.96) lat (ms,95%): 3.02 err/s: 0.00 reconn/s: 0.00
[ 340s ] thds: 64 tps: 27473.97 qps: 549486.10 (r/w/o: 384642.38/109895.88/54947.84) lat (ms,95%): 3.02 err/s: 0.00 reconn/s: 0.00
[ 350s ] thds: 64 tps: 27728.15 qps: 554555.43 (r/w/o: 388187.42/110911.81/55456.20) lat (ms,95%): 3.02 err/s: 0.00 reconn/s: 0.00
[ 360s ] thds: 64 tps: 27551.87 qps: 551035.83 (r/w/o: 385725.73/110206.27/55103.83) lat (ms,95%): 3.07 err/s: 0.00 reconn/s: 0.00
[ 370s ] thds: 64 tps: 27448.39 qps: 548967.75 (r/w/o: 384277.02/109793.85/54896.87) lat (ms,95%): 3.07 err/s: 0.00 reconn/s: 0.00
[ 380s ] thds: 64 tps: 27543.61 qps: 550870.72 (r/w/o: 385610.48/110174.12/55086.11) lat (ms,95%): 3.07 err/s: 0.00 reconn/s: 0.00
SQL statistics:
    queries performed:
        read:                            146181000
        write:                           41766000
        other:                           20883000
        total:                           208830000
    transactions:                        10441500 (27475.18 per sec.)
    queries:                             208830000 (549503.58 per sec.)
    ignored errors:                      0      (0.00 per sec.)
    reconnects:                          0      (0.00 per sec.)

General statistics:
    total time:                          380.0330s
    total number of events:              10441500

Latency (ms):
         min:                                    1.38
         avg:                                    2.33
         max:                                  122.84
         95th percentile:                        3.07
         sum:                             24312365.04

Threads fairness:
    events (avg/stddev):           163148.4375/7980.43
    execution time (avg/stddev):   379.8807/0.01

