sysbench 1.0.20-ebf1c90 (using bundled LuaJIT 2.1.0-beta2)

Running the test with following options:
Number of threads: 256
Report intermediate results every 10 second(s)
Initializing random number generator from current time


Initializing worker threads...

Threads started!

[ 10s ] thds: 256 tps: 12626.25 qps: 252953.38 (r/w/o: 177108.28/50566.80/25278.30) lat (ms,95%): 41.85 err/s: 0.10 reconn/s: 0.00
[ 20s ] thds: 256 tps: 13581.43 qps: 271608.10 (r/w/o: 190131.75/54313.40/27162.95) lat (ms,95%): 39.65 err/s: 0.00 reconn/s: 0.00
[ 30s ] thds: 256 tps: 13755.09 qps: 275085.71 (r/w/o: 192564.80/55010.74/27510.17) lat (ms,95%): 38.94 err/s: 0.00 reconn/s: 0.00
[ 40s ] thds: 256 tps: 13984.41 qps: 279610.73 (r/w/o: 195729.26/55912.95/27968.52) lat (ms,95%): 38.25 err/s: 0.10 reconn/s: 0.00
[ 50s ] thds: 256 tps: 14198.16 qps: 283963.16 (r/w/o: 198765.51/56801.03/28396.62) lat (ms,95%): 37.56 err/s: 0.00 reconn/s: 0.00
[ 60s ] thds: 256 tps: 14308.20 qps: 286194.31 (r/w/o: 200343.91/57234.60/28615.80) lat (ms,95%): 36.24 err/s: 0.00 reconn/s: 0.00
[ 70s ] thds: 256 tps: 14344.41 qps: 286882.17 (r/w/o: 200819.89/57372.95/28689.33) lat (ms,95%): 37.56 err/s: 0.00 reconn/s: 0.00
[ 80s ] thds: 256 tps: 14310.42 qps: 286238.42 (r/w/o: 200365.39/57251.48/28621.54) lat (ms,95%): 36.89 err/s: 0.10 reconn/s: 0.00
[ 90s ] thds: 256 tps: 14296.99 qps: 285988.17 (r/w/o: 200190.54/57203.35/28594.28) lat (ms,95%): 36.89 err/s: 0.00 reconn/s: 0.00
[ 100s ] thds: 256 tps: 14295.27 qps: 285893.39 (r/w/o: 200120.35/57182.50/28590.55) lat (ms,95%): 36.89 err/s: 0.00 reconn/s: 0.00
[ 110s ] thds: 256 tps: 14316.89 qps: 286222.03 (r/w/o: 200324.51/57265.25/28632.27) lat (ms,95%): 36.89 err/s: 0.00 reconn/s: 0.00
[ 120s ] thds: 256 tps: 14274.80 qps: 285568.13 (r/w/o: 199933.12/57084.51/28550.50) lat (ms,95%): 36.89 err/s: 0.00 reconn/s: 0.00
[ 130s ] thds: 256 tps: 14312.17 qps: 286234.99 (r/w/o: 200373.14/57237.10/28624.75) lat (ms,95%): 36.89 err/s: 0.00 reconn/s: 0.00
[ 140s ] thds: 256 tps: 14293.68 qps: 285885.26 (r/w/o: 200115.46/57182.03/28587.77) lat (ms,95%): 37.56 err/s: 0.00 reconn/s: 0.00
[ 150s ] thds: 256 tps: 14313.75 qps: 286207.73 (r/w/o: 200329.42/57251.91/28626.40) lat (ms,95%): 37.56 err/s: 0.00 reconn/s: 0.00
[ 160s ] thds: 256 tps: 14312.84 qps: 286274.01 (r/w/o: 200390.67/57257.06/28626.28) lat (ms,95%): 36.89 err/s: 0.00 reconn/s: 0.00
[ 170s ] thds: 256 tps: 14216.80 qps: 284373.21 (r/w/o: 199071.94/56868.28/28432.99) lat (ms,95%): 36.89 err/s: 0.00 reconn/s: 0.00
[ 180s ] thds: 256 tps: 14281.29 qps: 285621.20 (r/w/o: 199939.16/57118.56/28563.48) lat (ms,95%): 37.56 err/s: 0.00 reconn/s: 0.00
[ 190s ] thds: 256 tps: 14310.91 qps: 286208.15 (r/w/o: 200341.60/57244.93/28621.61) lat (ms,95%): 37.56 err/s: 0.00 reconn/s: 0.00
[ 200s ] thds: 256 tps: 14226.32 qps: 284582.05 (r/w/o: 199211.65/56917.57/28452.84) lat (ms,95%): 37.56 err/s: 0.00 reconn/s: 0.00
[ 210s ] thds: 256 tps: 14263.40 qps: 285260.14 (r/w/o: 199693.06/57039.79/28527.29) lat (ms,95%): 37.56 err/s: 0.00 reconn/s: 0.00
[ 220s ] thds: 256 tps: 14231.07 qps: 284594.59 (r/w/o: 199203.04/56929.70/28461.85) lat (ms,95%): 37.56 err/s: 0.00 reconn/s: 0.00
[ 230s ] thds: 256 tps: 14262.21 qps: 285175.52 (r/w/o: 199617.36/57033.74/28524.42) lat (ms,95%): 37.56 err/s: 0.00 reconn/s: 0.00
[ 240s ] thds: 256 tps: 14244.88 qps: 284987.06 (r/w/o: 199482.96/57014.43/28489.67) lat (ms,95%): 37.56 err/s: 0.00 reconn/s: 0.00
[ 250s ] thds: 256 tps: 14226.92 qps: 284510.22 (r/w/o: 199170.09/56886.98/28453.14) lat (ms,95%): 37.56 err/s: 0.00 reconn/s: 0.00
[ 260s ] thds: 256 tps: 14203.30 qps: 284085.16 (r/w/o: 198866.04/56811.61/28407.51) lat (ms,95%): 38.25 err/s: 0.00 reconn/s: 0.00
[ 270s ] thds: 256 tps: 14242.24 qps: 284823.09 (r/w/o: 199379.06/56959.46/28484.58) lat (ms,95%): 37.56 err/s: 0.00 reconn/s: 0.00
[ 280s ] thds: 256 tps: 14172.12 qps: 283418.95 (r/w/o: 198374.84/56700.47/28343.63) lat (ms,95%): 36.89 err/s: 0.10 reconn/s: 0.00
[ 290s ] thds: 256 tps: 14201.52 qps: 284119.85 (r/w/o: 198880.22/56835.79/28403.85) lat (ms,95%): 37.56 err/s: 0.00 reconn/s: 0.00
[ 300s ] thds: 256 tps: 14193.69 qps: 283766.68 (r/w/o: 198636.31/56743.18/28387.19) lat (ms,95%): 37.56 err/s: 0.00 reconn/s: 0.00
[ 310s ] thds: 256 tps: 14147.70 qps: 283008.51 (r/w/o: 198122.81/56590.60/28295.10) lat (ms,95%): 37.56 err/s: 0.00 reconn/s: 0.00
[ 320s ] thds: 256 tps: 14176.12 qps: 283506.07 (r/w/o: 198455.13/56697.99/28352.95) lat (ms,95%): 37.56 err/s: 0.10 reconn/s: 0.00
[ 330s ] thds: 256 tps: 14161.60 qps: 283252.50 (r/w/o: 198284.47/56645.12/28322.91) lat (ms,95%): 37.56 err/s: 0.00 reconn/s: 0.00
[ 340s ] thds: 256 tps: 14185.78 qps: 283687.96 (r/w/o: 198567.16/56748.13/28372.67) lat (ms,95%): 37.56 err/s: 0.20 reconn/s: 0.00
[ 350s ] thds: 256 tps: 14167.09 qps: 283393.33 (r/w/o: 198383.38/56675.67/28334.28) lat (ms,95%): 38.25 err/s: 0.00 reconn/s: 0.00
[ 360s ] thds: 256 tps: 14092.91 qps: 281815.46 (r/w/o: 197272.48/56357.55/28185.43) lat (ms,95%): 38.25 err/s: 0.00 reconn/s: 0.00
[ 370s ] thds: 256 tps: 14130.53 qps: 282595.98 (r/w/o: 197812.91/56522.32/28260.76) lat (ms,95%): 38.94 err/s: 0.00 reconn/s: 0.00
[ 380s ] thds: 256 tps: 13988.03 qps: 279659.06 (r/w/o: 195738.89/55944.81/27975.36) lat (ms,95%): 38.25 err/s: 0.00 reconn/s: 0.00
SQL statistics:
    queries performed:
        read:                            75303046
        write:                           21515126
        other:                           10757594
        total:                           107575766
    transactions:                        5378782 (14100.23 per sec.)
    queries:                             107575766 (282004.84 per sec.)
    ignored errors:                      7      (0.02 per sec.)
    reconnects:                          0      (0.00 per sec.)

General statistics:
    total time:                          381.4668s
    total number of events:              5378782

Latency (ms):
         min:                                    2.49
         avg:                                   18.09
         max:                                 1529.08
         95th percentile:                       37.56
         sum:                             97314348.79

Threads fairness:
    events (avg/stddev):           21010.8672/199.48
    execution time (avg/stddev):   380.1342/0.26

