sysbench 1.0.20-ebf1c90 (using bundled LuaJIT 2.1.0-beta2)

Running the test with following options:
Number of threads: 256
Report intermediate results every 10 second(s)
Initializing random number generator from current time


Initializing worker threads...

Threads started!

[ 10s ] thds: 256 tps: 29444.19 qps: 589142.95 (r/w/o: 412433.92/117796.15/58912.88) lat (ms,95%): 15.00 err/s: 0.10 reconn/s: 0.00
[ 20s ] thds: 256 tps: 30888.85 qps: 617814.98 (r/w/o: 432484.59/123552.00/61778.40) lat (ms,95%): 13.95 err/s: 0.00 reconn/s: 0.00
[ 30s ] thds: 256 tps: 31729.49 qps: 634600.94 (r/w/o: 444226.19/126915.67/63459.08) lat (ms,95%): 13.22 err/s: 0.00 reconn/s: 0.00
[ 40s ] thds: 256 tps: 31975.39 qps: 639539.77 (r/w/o: 447675.24/127913.75/63950.78) lat (ms,95%): 13.22 err/s: 0.00 reconn/s: 0.00
[ 50s ] thds: 256 tps: 31996.95 qps: 639958.18 (r/w/o: 447970.18/127993.30/63994.70) lat (ms,95%): 13.22 err/s: 0.00 reconn/s: 0.00
[ 60s ] thds: 256 tps: 32003.58 qps: 639996.46 (r/w/o: 447986.36/128003.53/64006.57) lat (ms,95%): 13.22 err/s: 0.00 reconn/s: 0.00
[ 70s ] thds: 256 tps: 31948.42 qps: 638964.80 (r/w/o: 447282.85/127784.80/63897.15) lat (ms,95%): 13.22 err/s: 0.00 reconn/s: 0.00
[ 80s ] thds: 256 tps: 31889.76 qps: 637873.97 (r/w/o: 446527.29/127566.65/63780.03) lat (ms,95%): 13.22 err/s: 0.10 reconn/s: 0.00
[ 90s ] thds: 256 tps: 31843.77 qps: 636876.63 (r/w/o: 445795.73/127393.76/63687.13) lat (ms,95%): 13.46 err/s: 0.00 reconn/s: 0.00
[ 100s ] thds: 256 tps: 31755.14 qps: 635043.04 (r/w/o: 444527.52/127005.65/63509.87) lat (ms,95%): 13.46 err/s: 0.00 reconn/s: 0.00
[ 110s ] thds: 256 tps: 31799.36 qps: 636018.07 (r/w/o: 445219.02/127199.53/63599.52) lat (ms,95%): 13.46 err/s: 0.00 reconn/s: 0.00
[ 120s ] thds: 256 tps: 31751.27 qps: 634956.50 (r/w/o: 444460.58/126993.88/63502.04) lat (ms,95%): 13.46 err/s: 0.00 reconn/s: 0.00
[ 130s ] thds: 256 tps: 31714.18 qps: 634398.32 (r/w/o: 444085.86/126884.00/63428.45) lat (ms,95%): 13.46 err/s: 0.00 reconn/s: 0.00
[ 140s ] thds: 256 tps: 31685.39 qps: 633626.75 (r/w/o: 443537.00/126718.67/63371.08) lat (ms,95%): 13.46 err/s: 0.10 reconn/s: 0.00
[ 150s ] thds: 256 tps: 31573.67 qps: 631494.40 (r/w/o: 442056.78/126290.48/63147.14) lat (ms,95%): 13.46 err/s: 0.00 reconn/s: 0.00
[ 160s ] thds: 256 tps: 31565.93 qps: 631326.25 (r/w/o: 441931.35/126262.53/63132.36) lat (ms,95%): 13.46 err/s: 0.00 reconn/s: 0.00
[ 170s ] thds: 256 tps: 31578.47 qps: 631608.70 (r/w/o: 442113.48/126338.18/63157.04) lat (ms,95%): 13.46 err/s: 0.00 reconn/s: 0.00
[ 180s ] thds: 256 tps: 31629.29 qps: 632583.06 (r/w/o: 442814.73/126510.35/63257.98) lat (ms,95%): 13.46 err/s: 0.10 reconn/s: 0.00
[ 190s ] thds: 256 tps: 31562.15 qps: 631208.66 (r/w/o: 441833.67/126250.19/63124.80) lat (ms,95%): 13.46 err/s: 0.00 reconn/s: 0.00
[ 200s ] thds: 256 tps: 31470.05 qps: 629385.89 (r/w/o: 440588.96/125857.02/62939.91) lat (ms,95%): 13.46 err/s: 0.00 reconn/s: 0.00
[ 210s ] thds: 256 tps: 31454.14 qps: 629073.02 (r/w/o: 440331.67/125834.36/62906.98) lat (ms,95%): 13.46 err/s: 0.00 reconn/s: 0.00
[ 220s ] thds: 256 tps: 31485.58 qps: 629713.09 (r/w/o: 440806.58/125933.84/62972.67) lat (ms,95%): 13.46 err/s: 0.00 reconn/s: 0.00
[ 230s ] thds: 256 tps: 31424.98 qps: 628477.24 (r/w/o: 439928.75/125698.83/62849.66) lat (ms,95%): 13.46 err/s: 0.00 reconn/s: 0.00
[ 240s ] thds: 256 tps: 31414.17 qps: 628384.81 (r/w/o: 439875.79/125679.68/62829.34) lat (ms,95%): 13.46 err/s: 0.00 reconn/s: 0.00
[ 250s ] thds: 256 tps: 31446.51 qps: 628848.52 (r/w/o: 440191.88/125764.32/62892.31) lat (ms,95%): 13.46 err/s: 0.00 reconn/s: 0.00
[ 260s ] thds: 256 tps: 31347.76 qps: 626918.51 (r/w/o: 438838.44/125384.94/62695.12) lat (ms,95%): 13.70 err/s: 0.00 reconn/s: 0.00
[ 270s ] thds: 256 tps: 31368.48 qps: 627384.11 (r/w/o: 439166.66/125480.00/62737.45) lat (ms,95%): 13.70 err/s: 0.00 reconn/s: 0.00
[ 280s ] thds: 256 tps: 31310.12 qps: 626242.44 (r/w/o: 438374.61/125247.59/62620.24) lat (ms,95%): 13.46 err/s: 0.00 reconn/s: 0.00
[ 290s ] thds: 256 tps: 31230.07 qps: 624638.07 (r/w/o: 437253.16/124924.07/62460.84) lat (ms,95%): 13.70 err/s: 0.00 reconn/s: 0.00
[ 300s ] thds: 256 tps: 31303.91 qps: 626027.16 (r/w/o: 438210.28/125209.45/62607.43) lat (ms,95%): 13.70 err/s: 0.00 reconn/s: 0.00
[ 310s ] thds: 256 tps: 31202.18 qps: 624036.34 (r/w/o: 436832.88/124799.11/62404.35) lat (ms,95%): 13.70 err/s: 0.00 reconn/s: 0.00
[ 320s ] thds: 256 tps: 31155.50 qps: 623107.59 (r/w/o: 436179.66/124616.72/62311.21) lat (ms,95%): 13.70 err/s: 0.00 reconn/s: 0.00
[ 330s ] thds: 256 tps: 31175.88 qps: 623547.26 (r/w/o: 436481.16/124714.03/62352.07) lat (ms,95%): 13.70 err/s: 0.00 reconn/s: 0.00
[ 340s ] thds: 256 tps: 31175.61 qps: 623531.06 (r/w/o: 436467.98/124711.85/62351.23) lat (ms,95%): 13.70 err/s: 0.00 reconn/s: 0.00
[ 350s ] thds: 256 tps: 31264.03 qps: 625233.91 (r/w/o: 437661.53/125044.72/62527.66) lat (ms,95%): 13.70 err/s: 0.00 reconn/s: 0.00
[ 360s ] thds: 256 tps: 31139.52 qps: 622781.07 (r/w/o: 435938.63/124562.79/62279.65) lat (ms,95%): 13.70 err/s: 0.00 reconn/s: 0.00
[ 370s ] thds: 256 tps: 31154.92 qps: 623160.09 (r/w/o: 436230.87/124619.28/62309.94) lat (ms,95%): 13.70 err/s: 0.00 reconn/s: 0.00
[ 380s ] thds: 256 tps: 31168.75 qps: 623324.56 (r/w/o: 436318.47/124668.39/62337.70) lat (ms,95%): 13.70 err/s: 0.10 reconn/s: 0.00
SQL statistics:
    queries performed:
        read:                            167307994
        write:                           47802259
        other:                           23901157
        total:                           239011410
    transactions:                        11950566 (31396.87 per sec.)
    queries:                             239011410 (627937.55 per sec.)
    ignored errors:                      5      (0.01 per sec.)
    reconnects:                          0      (0.00 per sec.)

General statistics:
    total time:                          380.6283s
    total number of events:              11950566

Latency (ms):
         min:                                    1.95
         avg:                                    8.14
         max:                                  626.64
         95th percentile:                       13.46
         sum:                             97296815.73

Threads fairness:
    events (avg/stddev):           46681.8984/778.28
    execution time (avg/stddev):   380.0657/0.19

