sysbench 1.0.20-ebf1c90 (using bundled LuaJIT 2.1.0-beta2)

Running the test with following options:
Number of threads: 256
Report intermediate results every 10 second(s)
Initializing random number generator from current time


Initializing worker threads...

Threads started!

[ 10s ] thds: 256 tps: 12669.98 qps: 253758.17 (r/w/o: 177692.72/50699.80/25365.65) lat (ms,95%): 41.85 err/s: 0.00 reconn/s: 0.00
[ 20s ] thds: 256 tps: 13588.81 qps: 271772.66 (r/w/o: 190233.91/54361.43/27177.32) lat (ms,95%): 38.94 err/s: 0.00 reconn/s: 0.00
[ 30s ] thds: 256 tps: 13742.51 qps: 274862.35 (r/w/o: 192388.28/54988.85/27485.23) lat (ms,95%): 38.94 err/s: 0.00 reconn/s: 0.00
[ 40s ] thds: 256 tps: 13976.52 qps: 279537.57 (r/w/o: 195689.36/55894.87/27953.34) lat (ms,95%): 38.25 err/s: 0.00 reconn/s: 0.00
[ 50s ] thds: 256 tps: 14191.76 qps: 283796.65 (r/w/o: 198650.41/56762.83/28383.42) lat (ms,95%): 37.56 err/s: 0.00 reconn/s: 0.00
[ 60s ] thds: 256 tps: 14283.81 qps: 285691.74 (r/w/o: 199980.77/57145.15/28565.82) lat (ms,95%): 36.24 err/s: 0.00 reconn/s: 0.00
[ 70s ] thds: 256 tps: 14324.20 qps: 286420.77 (r/w/o: 200494.05/57276.41/28650.31) lat (ms,95%): 37.56 err/s: 0.00 reconn/s: 0.00
[ 80s ] thds: 256 tps: 14296.38 qps: 285939.18 (r/w/o: 200160.71/57185.62/28592.86) lat (ms,95%): 36.89 err/s: 0.00 reconn/s: 0.00
[ 90s ] thds: 256 tps: 14246.65 qps: 285015.97 (r/w/o: 199522.38/56999.89/28493.70) lat (ms,95%): 36.89 err/s: 0.00 reconn/s: 0.00
[ 100s ] thds: 256 tps: 14339.28 qps: 286718.63 (r/w/o: 200684.14/57356.23/28678.26) lat (ms,95%): 36.89 err/s: 0.00 reconn/s: 0.00
[ 110s ] thds: 256 tps: 14312.95 qps: 286290.88 (r/w/o: 200411.99/57253.20/28625.70) lat (ms,95%): 36.89 err/s: 0.00 reconn/s: 0.00
[ 120s ] thds: 256 tps: 14315.77 qps: 286312.52 (r/w/o: 200428.60/57252.38/28631.54) lat (ms,95%): 36.89 err/s: 0.00 reconn/s: 0.00
[ 130s ] thds: 256 tps: 14306.33 qps: 286158.81 (r/w/o: 200304.56/57241.00/28613.25) lat (ms,95%): 36.89 err/s: 0.00 reconn/s: 0.00
[ 140s ] thds: 256 tps: 14322.99 qps: 286454.32 (r/w/o: 200528.58/57279.76/28645.98) lat (ms,95%): 37.56 err/s: 0.00 reconn/s: 0.00
[ 150s ] thds: 256 tps: 14261.40 qps: 285112.75 (r/w/o: 199556.83/57034.21/28521.70) lat (ms,95%): 37.56 err/s: 0.10 reconn/s: 0.00
[ 160s ] thds: 256 tps: 14293.05 qps: 285892.33 (r/w/o: 200125.15/57181.19/28585.99) lat (ms,95%): 36.89 err/s: 0.00 reconn/s: 0.00
[ 170s ] thds: 256 tps: 14272.52 qps: 285481.18 (r/w/o: 199844.03/57092.20/28544.95) lat (ms,95%): 36.89 err/s: 0.00 reconn/s: 0.00
[ 180s ] thds: 256 tps: 14266.47 qps: 285353.38 (r/w/o: 199748.64/57070.30/28534.45) lat (ms,95%): 37.56 err/s: 0.00 reconn/s: 0.00
[ 190s ] thds: 256 tps: 14295.56 qps: 285907.68 (r/w/o: 200142.70/57173.96/28591.03) lat (ms,95%): 37.56 err/s: 0.00 reconn/s: 0.00
[ 200s ] thds: 256 tps: 14323.65 qps: 286473.28 (r/w/o: 200525.15/57301.32/28646.81) lat (ms,95%): 37.56 err/s: 0.00 reconn/s: 0.00
[ 210s ] thds: 256 tps: 14275.37 qps: 285442.07 (r/w/o: 199799.63/57091.59/28550.85) lat (ms,95%): 37.56 err/s: 0.00 reconn/s: 0.00
[ 220s ] thds: 256 tps: 14267.97 qps: 285504.44 (r/w/o: 199849.64/57118.07/28536.73) lat (ms,95%): 37.56 err/s: 0.00 reconn/s: 0.00
[ 230s ] thds: 256 tps: 14248.60 qps: 284893.73 (r/w/o: 199433.65/56964.49/28495.59) lat (ms,95%): 37.56 err/s: 0.00 reconn/s: 0.00
[ 240s ] thds: 256 tps: 14195.18 qps: 283917.31 (r/w/o: 198758.82/56766.42/28392.06) lat (ms,95%): 37.56 err/s: 0.00 reconn/s: 0.00
[ 250s ] thds: 256 tps: 14236.72 qps: 284767.28 (r/w/o: 199328.04/56965.90/28473.35) lat (ms,95%): 37.56 err/s: 0.00 reconn/s: 0.00
[ 260s ] thds: 256 tps: 14224.24 qps: 284427.57 (r/w/o: 199087.11/56891.97/28448.49) lat (ms,95%): 37.56 err/s: 0.00 reconn/s: 0.00
[ 270s ] thds: 256 tps: 14228.73 qps: 284662.19 (r/w/o: 199270.68/56934.24/28457.27) lat (ms,95%): 37.56 err/s: 0.00 reconn/s: 0.00
[ 280s ] thds: 256 tps: 14190.42 qps: 283756.57 (r/w/o: 198636.36/56739.07/28381.14) lat (ms,95%): 36.89 err/s: 0.00 reconn/s: 0.00
[ 290s ] thds: 256 tps: 14192.44 qps: 283809.70 (r/w/o: 198660.73/56764.18/28384.79) lat (ms,95%): 37.56 err/s: 0.00 reconn/s: 0.00
[ 300s ] thds: 256 tps: 14207.83 qps: 284223.57 (r/w/o: 198963.57/56844.13/28415.87) lat (ms,95%): 37.56 err/s: 0.00 reconn/s: 0.00
[ 310s ] thds: 256 tps: 14244.38 qps: 284921.11 (r/w/o: 199438.35/56994.30/28488.45) lat (ms,95%): 37.56 err/s: 0.00 reconn/s: 0.00
[ 320s ] thds: 256 tps: 14170.56 qps: 283310.25 (r/w/o: 198324.30/56644.63/28341.31) lat (ms,95%): 37.56 err/s: 0.00 reconn/s: 0.00
[ 330s ] thds: 256 tps: 14161.47 qps: 283228.91 (r/w/o: 198264.82/56641.26/28322.83) lat (ms,95%): 37.56 err/s: 0.00 reconn/s: 0.00
[ 340s ] thds: 256 tps: 14079.18 qps: 281652.63 (r/w/o: 197158.37/56335.71/28158.55) lat (ms,95%): 37.56 err/s: 0.00 reconn/s: 0.00
[ 350s ] thds: 256 tps: 14191.80 qps: 283769.88 (r/w/o: 198629.26/56757.42/28383.21) lat (ms,95%): 38.25 err/s: 0.00 reconn/s: 0.00
[ 360s ] thds: 256 tps: 14108.02 qps: 282191.10 (r/w/o: 197542.68/56431.78/28216.64) lat (ms,95%): 38.25 err/s: 0.00 reconn/s: 0.00
[ 370s ] thds: 256 tps: 14140.01 qps: 282828.82 (r/w/o: 197974.99/56573.72/28280.11) lat (ms,95%): 38.25 err/s: 0.00 reconn/s: 0.00
[ 380s ] thds: 256 tps: 14131.51 qps: 282645.41 (r/w/o: 197839.68/56542.52/28263.21) lat (ms,95%): 38.25 err/s: 0.10 reconn/s: 0.00
SQL statistics:
    queries performed:
        read:                            75341322
        write:                           21526070
        other:                           10763064
        total:                           107630456
    transactions:                        5381521 (14154.49 per sec.)
    queries:                             107630456 (283089.97 per sec.)
    ignored errors:                      2      (0.01 per sec.)
    reconnects:                          0      (0.00 per sec.)

General statistics:
    total time:                          380.1977s
    total number of events:              5381521

Latency (ms):
         min:                                    2.50
         avg:                                   18.08
         max:                                  290.96
         95th percentile:                       37.56
         sum:                             97276706.16

Threads fairness:
    events (avg/stddev):           21021.5664/233.62
    execution time (avg/stddev):   379.9871/0.02

