sysbench 1.0.20-ebf1c90 (using bundled LuaJIT 2.1.0-beta2)

Running the test with following options:
Number of threads: 256
Report intermediate results every 10 second(s)
Initializing random number generator from current time


Initializing worker threads...

Threads started!

[ 10s ] thds: 256 tps: 12017.48 qps: 240653.78 (r/w/o: 168502.63/48091.80/24059.35) lat (ms,95%): 45.79 err/s: 0.00 reconn/s: 0.00
[ 20s ] thds: 256 tps: 13086.41 qps: 261774.42 (r/w/o: 183265.28/52334.92/26174.21) lat (ms,95%): 41.10 err/s: 0.10 reconn/s: 0.00
[ 30s ] thds: 256 tps: 13072.56 qps: 261472.45 (r/w/o: 183026.28/52301.25/26144.93) lat (ms,95%): 42.61 err/s: 0.00 reconn/s: 0.00
[ 40s ] thds: 256 tps: 13391.81 qps: 267827.60 (r/w/o: 187459.24/53584.74/26783.62) lat (ms,95%): 40.37 err/s: 0.00 reconn/s: 0.00
[ 50s ] thds: 256 tps: 13625.78 qps: 272515.32 (r/w/o: 190771.23/54492.72/27251.36) lat (ms,95%): 40.37 err/s: 0.00 reconn/s: 0.00
[ 60s ] thds: 256 tps: 13750.69 qps: 274960.81 (r/w/o: 192467.99/54991.04/27501.77) lat (ms,95%): 38.94 err/s: 0.00 reconn/s: 0.00
[ 70s ] thds: 256 tps: 13759.30 qps: 275192.70 (r/w/o: 192640.60/55033.40/27518.70) lat (ms,95%): 39.65 err/s: 0.00 reconn/s: 0.00
[ 80s ] thds: 256 tps: 13789.03 qps: 275712.28 (r/w/o: 192973.78/55162.24/27576.27) lat (ms,95%): 39.65 err/s: 0.10 reconn/s: 0.00
[ 90s ] thds: 256 tps: 13834.32 qps: 276757.09 (r/w/o: 193755.24/55331.50/27670.35) lat (ms,95%): 38.94 err/s: 0.00 reconn/s: 0.00
[ 100s ] thds: 256 tps: 13757.57 qps: 275202.13 (r/w/o: 192641.00/55045.69/27515.44) lat (ms,95%): 39.65 err/s: 0.00 reconn/s: 0.00
[ 110s ] thds: 256 tps: 13794.38 qps: 275869.70 (r/w/o: 193100.85/55179.90/27588.95) lat (ms,95%): 39.65 err/s: 0.10 reconn/s: 0.00
[ 120s ] thds: 256 tps: 13740.76 qps: 274807.97 (r/w/o: 192366.89/54960.65/27480.43) lat (ms,95%): 39.65 err/s: 0.00 reconn/s: 0.00
[ 130s ] thds: 256 tps: 13769.69 qps: 275352.34 (r/w/o: 192739.99/55071.97/27540.38) lat (ms,95%): 40.37 err/s: 0.00 reconn/s: 0.00
[ 140s ] thds: 256 tps: 13800.19 qps: 276032.14 (r/w/o: 193239.18/55192.47/27600.48) lat (ms,95%): 39.65 err/s: 0.00 reconn/s: 0.00
[ 150s ] thds: 256 tps: 13778.49 qps: 275560.52 (r/w/o: 192884.10/55119.94/27556.47) lat (ms,95%): 39.65 err/s: 0.00 reconn/s: 0.00
[ 160s ] thds: 256 tps: 13788.17 qps: 275825.81 (r/w/o: 193085.92/55162.86/27577.03) lat (ms,95%): 39.65 err/s: 0.00 reconn/s: 0.00
[ 170s ] thds: 256 tps: 13758.58 qps: 275141.18 (r/w/o: 192597.98/55026.24/27516.97) lat (ms,95%): 40.37 err/s: 0.00 reconn/s: 0.00
[ 180s ] thds: 256 tps: 13749.83 qps: 275010.34 (r/w/o: 192507.58/55002.81/27499.95) lat (ms,95%): 40.37 err/s: 0.00 reconn/s: 0.00
[ 190s ] thds: 256 tps: 13743.14 qps: 274899.86 (r/w/o: 192429.11/54984.57/27486.19) lat (ms,95%): 40.37 err/s: 0.00 reconn/s: 0.00
[ 200s ] thds: 256 tps: 13723.28 qps: 274371.22 (r/w/o: 192033.03/54891.42/27446.76) lat (ms,95%): 39.65 err/s: 0.00 reconn/s: 0.00
[ 210s ] thds: 256 tps: 13783.78 qps: 275709.02 (r/w/o: 193022.36/55119.40/27567.25) lat (ms,95%): 39.65 err/s: 0.00 reconn/s: 0.00
[ 220s ] thds: 256 tps: 13694.97 qps: 273885.29 (r/w/o: 191709.27/54786.48/27389.54) lat (ms,95%): 39.65 err/s: 0.00 reconn/s: 0.00
[ 230s ] thds: 256 tps: 13725.86 qps: 274594.28 (r/w/o: 192223.49/54918.26/27452.53) lat (ms,95%): 39.65 err/s: 0.00 reconn/s: 0.00
[ 240s ] thds: 256 tps: 13696.53 qps: 273882.37 (r/w/o: 191724.50/54766.11/27391.76) lat (ms,95%): 40.37 err/s: 0.00 reconn/s: 0.00
[ 250s ] thds: 256 tps: 13741.82 qps: 274813.92 (r/w/o: 192359.50/54969.98/27484.44) lat (ms,95%): 39.65 err/s: 0.00 reconn/s: 0.00
[ 260s ] thds: 256 tps: 13680.71 qps: 273639.29 (r/w/o: 191547.93/54729.74/27361.62) lat (ms,95%): 39.65 err/s: 0.00 reconn/s: 0.00
[ 270s ] thds: 256 tps: 13712.12 qps: 274200.79 (r/w/o: 191940.88/54836.18/27423.74) lat (ms,95%): 40.37 err/s: 0.00 reconn/s: 0.00
[ 280s ] thds: 256 tps: 13650.48 qps: 273026.41 (r/w/o: 191126.72/54597.92/27301.76) lat (ms,95%): 40.37 err/s: 0.00 reconn/s: 0.00
[ 290s ] thds: 256 tps: 13658.18 qps: 273221.14 (r/w/o: 191253.68/54651.01/27316.45) lat (ms,95%): 39.65 err/s: 0.00 reconn/s: 0.00
[ 300s ] thds: 256 tps: 13664.30 qps: 273220.01 (r/w/o: 191247.41/54644.60/27328.00) lat (ms,95%): 40.37 err/s: 0.00 reconn/s: 0.00
[ 310s ] thds: 256 tps: 13658.61 qps: 273188.10 (r/w/o: 191221.34/54649.74/27317.02) lat (ms,95%): 39.65 err/s: 0.00 reconn/s: 0.00
[ 320s ] thds: 256 tps: 13661.12 qps: 273232.38 (r/w/o: 191278.97/54630.48/27322.94) lat (ms,95%): 40.37 err/s: 0.00 reconn/s: 0.00
[ 330s ] thds: 256 tps: 13632.86 qps: 272761.02 (r/w/o: 190908.16/54586.85/27266.02) lat (ms,95%): 40.37 err/s: 0.00 reconn/s: 0.00
[ 340s ] thds: 256 tps: 13640.10 qps: 272687.41 (r/w/o: 190904.14/54503.28/27279.99) lat (ms,95%): 39.65 err/s: 0.10 reconn/s: 0.00
[ 350s ] thds: 256 tps: 13614.24 qps: 272293.02 (r/w/o: 190608.37/54455.86/27228.78) lat (ms,95%): 40.37 err/s: 0.00 reconn/s: 0.00
[ 360s ] thds: 256 tps: 13593.73 qps: 271929.14 (r/w/o: 190333.45/54409.43/27186.26) lat (ms,95%): 40.37 err/s: 0.00 reconn/s: 0.00
[ 370s ] thds: 256 tps: 13650.53 qps: 272967.94 (r/w/o: 191087.65/54578.73/27301.56) lat (ms,95%): 40.37 err/s: 0.00 reconn/s: 0.00
[ 380s ] thds: 256 tps: 13608.83 qps: 272233.67 (r/w/o: 190564.67/54450.43/27218.57) lat (ms,95%): 40.37 err/s: 0.00 reconn/s: 0.00
SQL statistics:
    queries performed:
        read:                            72495934
        write:                           20713106
        other:                           10356572
        total:                           103565612
    transactions:                        5178277 (13581.47 per sec.)
    queries:                             103565612 (271629.67 per sec.)
    ignored errors:                      4      (0.01 per sec.)
    reconnects:                          0      (0.00 per sec.)

General statistics:
    total time:                          381.2741s
    total number of events:              5178277

Latency (ms):
         min:                                    2.46
         avg:                                   18.79
         max:                                 1283.83
         95th percentile:                       40.37
         sum:                             97283090.39

Threads fairness:
    events (avg/stddev):           20227.6445/278.19
    execution time (avg/stddev):   380.0121/0.19

