sysbench 1.0.20-ebf1c90 (using bundled LuaJIT 2.1.0-beta2)

Running the test with following options:
Number of threads: 256
Report intermediate results every 10 second(s)
Initializing random number generator from current time


Initializing worker threads...

Threads started!

[ 10s ] thds: 256 tps: 27840.44 qps: 557079.41 (r/w/o: 389995.07/111379.57/55704.78) lat (ms,95%): 15.83 err/s: 0.00 reconn/s: 0.00
[ 20s ] thds: 256 tps: 29520.15 qps: 590440.12 (r/w/o: 413306.91/118091.30/59041.90) lat (ms,95%): 14.73 err/s: 0.00 reconn/s: 0.00
[ 30s ] thds: 256 tps: 30436.43 qps: 608704.54 (r/w/o: 426085.38/121746.81/60872.35) lat (ms,95%): 14.21 err/s: 0.10 reconn/s: 0.00
[ 40s ] thds: 256 tps: 30603.36 qps: 612085.29 (r/w/o: 428479.81/122398.26/61207.23) lat (ms,95%): 14.21 err/s: 0.00 reconn/s: 0.00
[ 50s ] thds: 256 tps: 30543.51 qps: 610901.24 (r/w/o: 427626.80/122187.73/61086.71) lat (ms,95%): 14.21 err/s: 0.00 reconn/s: 0.00
[ 60s ] thds: 256 tps: 30633.93 qps: 612661.39 (r/w/o: 428868.21/122525.02/61268.16) lat (ms,95%): 14.21 err/s: 0.00 reconn/s: 0.00
[ 70s ] thds: 256 tps: 30558.62 qps: 611066.73 (r/w/o: 427724.93/122225.97/61115.83) lat (ms,95%): 14.21 err/s: 0.00 reconn/s: 0.00
[ 80s ] thds: 256 tps: 30517.46 qps: 610450.18 (r/w/o: 427327.52/122086.24/61036.42) lat (ms,95%): 14.21 err/s: 0.00 reconn/s: 0.00
[ 90s ] thds: 256 tps: 30615.94 qps: 612339.62 (r/w/o: 428650.98/122456.66/61231.98) lat (ms,95%): 14.21 err/s: 0.00 reconn/s: 0.00
[ 100s ] thds: 256 tps: 30563.92 qps: 611270.47 (r/w/o: 427867.06/122277.07/61126.34) lat (ms,95%): 14.21 err/s: 0.00 reconn/s: 0.00
[ 110s ] thds: 256 tps: 30551.94 qps: 611107.11 (r/w/o: 427793.47/122208.16/61105.48) lat (ms,95%): 14.21 err/s: 0.00 reconn/s: 0.00
[ 120s ] thds: 256 tps: 30416.00 qps: 608206.81 (r/w/o: 425734.21/121641.20/60831.40) lat (ms,95%): 14.46 err/s: 0.00 reconn/s: 0.00
[ 130s ] thds: 256 tps: 30249.73 qps: 604998.74 (r/w/o: 423507.45/120991.73/60499.56) lat (ms,95%): 14.73 err/s: 0.10 reconn/s: 0.00
[ 140s ] thds: 256 tps: 30216.34 qps: 604284.42 (r/w/o: 422980.97/120871.96/60431.48) lat (ms,95%): 14.46 err/s: 0.00 reconn/s: 0.00
[ 150s ] thds: 256 tps: 30138.23 qps: 602810.86 (r/w/o: 421992.17/120541.73/60276.97) lat (ms,95%): 14.46 err/s: 0.00 reconn/s: 0.00
[ 160s ] thds: 256 tps: 30174.97 qps: 603562.06 (r/w/o: 422484.45/120726.57/60351.04) lat (ms,95%): 14.73 err/s: 0.00 reconn/s: 0.00
[ 170s ] thds: 256 tps: 30141.77 qps: 602819.51 (r/w/o: 421972.79/120562.88/60283.84) lat (ms,95%): 14.46 err/s: 0.00 reconn/s: 0.00
[ 180s ] thds: 256 tps: 30235.61 qps: 604705.87 (r/w/o: 423297.99/120936.55/60471.33) lat (ms,95%): 14.46 err/s: 0.00 reconn/s: 0.00
[ 190s ] thds: 256 tps: 30104.39 qps: 602061.92 (r/w/o: 421444.97/120408.46/60208.48) lat (ms,95%): 14.73 err/s: 0.00 reconn/s: 0.00
[ 200s ] thds: 256 tps: 30006.18 qps: 600128.89 (r/w/o: 420090.28/120025.74/60012.87) lat (ms,95%): 14.73 err/s: 0.00 reconn/s: 0.00
[ 210s ] thds: 256 tps: 30026.74 qps: 600524.78 (r/w/o: 420365.72/120106.28/60052.79) lat (ms,95%): 14.73 err/s: 0.00 reconn/s: 0.00
[ 220s ] thds: 256 tps: 30054.23 qps: 601061.92 (r/w/o: 420738.06/120215.50/60108.35) lat (ms,95%): 14.73 err/s: 0.00 reconn/s: 0.00
[ 230s ] thds: 256 tps: 30086.99 qps: 601766.03 (r/w/o: 421238.51/120353.15/60174.37) lat (ms,95%): 14.73 err/s: 0.00 reconn/s: 0.00
[ 240s ] thds: 256 tps: 30041.73 qps: 600780.78 (r/w/o: 420532.20/120164.92/60083.66) lat (ms,95%): 14.46 err/s: 0.00 reconn/s: 0.00
[ 250s ] thds: 256 tps: 30024.86 qps: 600528.56 (r/w/o: 420385.48/120093.55/60049.53) lat (ms,95%): 14.73 err/s: 0.00 reconn/s: 0.00
[ 260s ] thds: 256 tps: 30089.27 qps: 601791.65 (r/w/o: 421236.24/120376.57/60178.83) lat (ms,95%): 14.46 err/s: 0.00 reconn/s: 0.00
[ 270s ] thds: 256 tps: 30051.36 qps: 600983.22 (r/w/o: 420685.09/120196.62/60101.51) lat (ms,95%): 14.46 err/s: 0.00 reconn/s: 0.00
[ 280s ] thds: 256 tps: 30112.29 qps: 602291.29 (r/w/o: 421620.55/120445.06/60225.68) lat (ms,95%): 14.46 err/s: 0.00 reconn/s: 0.00
[ 290s ] thds: 256 tps: 30047.50 qps: 600998.76 (r/w/o: 420711.44/120192.01/60095.31) lat (ms,95%): 14.46 err/s: 0.00 reconn/s: 0.00
[ 300s ] thds: 256 tps: 30072.15 qps: 601426.41 (r/w/o: 420990.04/120292.98/60143.39) lat (ms,95%): 14.46 err/s: 0.00 reconn/s: 0.00
[ 310s ] thds: 256 tps: 30119.62 qps: 602361.61 (r/w/o: 421652.29/120470.48/60238.84) lat (ms,95%): 14.46 err/s: 0.00 reconn/s: 0.00
[ 320s ] thds: 256 tps: 30069.42 qps: 601422.14 (r/w/o: 421007.04/120274.67/60140.43) lat (ms,95%): 14.46 err/s: 0.00 reconn/s: 0.00
[ 330s ] thds: 256 tps: 30031.25 qps: 600621.14 (r/w/o: 420426.93/120131.81/60062.40) lat (ms,95%): 14.46 err/s: 0.00 reconn/s: 0.00
[ 340s ] thds: 256 tps: 30090.50 qps: 601781.35 (r/w/o: 421248.94/120352.21/60180.21) lat (ms,95%): 14.46 err/s: 0.00 reconn/s: 0.00
[ 350s ] thds: 256 tps: 30037.49 qps: 600704.55 (r/w/o: 420481.00/120149.27/60074.28) lat (ms,95%): 14.46 err/s: 0.00 reconn/s: 0.00
[ 360s ] thds: 256 tps: 29928.68 qps: 598650.63 (r/w/o: 419076.17/119715.51/59858.95) lat (ms,95%): 14.46 err/s: 0.00 reconn/s: 0.00
[ 370s ] thds: 256 tps: 29942.15 qps: 598843.83 (r/w/o: 419180.12/119779.71/59884.00) lat (ms,95%): 14.46 err/s: 0.00 reconn/s: 0.00
[ 380s ] thds: 256 tps: 29921.13 qps: 598390.01 (r/w/o: 418867.55/119680.50/59841.95) lat (ms,95%): 14.46 err/s: 0.00 reconn/s: 0.00
SQL statistics:
    queries performed:
        read:                            160278328
        write:                           45793795
        other:                           22896913
        total:                           228969036
    transactions:                        11448450 (30093.77 per sec.)
    queries:                             228969036 (601875.46 per sec.)
    ignored errors:                      2      (0.01 per sec.)
    reconnects:                          0      (0.00 per sec.)

General statistics:
    total time:                          380.4250s
    total number of events:              11448450

Latency (ms):
         min:                                    1.86
         avg:                                    8.50
         max:                                  426.64
         95th percentile:                       14.46
         sum:                             97280739.52

Threads fairness:
    events (avg/stddev):           44720.5078/807.18
    execution time (avg/stddev):   380.0029/0.06

