sysbench 1.0.20-ebf1c90 (using bundled LuaJIT 2.1.0-beta2)

Running the test with following options:
Number of threads: 256
Report intermediate results every 10 second(s)
Initializing random number generator from current time


Initializing worker threads...

Threads started!

[ 10s ] thds: 256 tps: 27863.59 qps: 557573.86 (r/w/o: 390341.65/111479.34/55752.87) lat (ms,95%): 16.12 err/s: 0.00 reconn/s: 0.00
[ 20s ] thds: 256 tps: 29425.44 qps: 588526.27 (r/w/o: 411980.54/117695.05/58850.68) lat (ms,95%): 15.00 err/s: 0.00 reconn/s: 0.00
[ 30s ] thds: 256 tps: 30353.71 qps: 607085.59 (r/w/o: 424957.73/121420.34/60707.52) lat (ms,95%): 14.21 err/s: 0.00 reconn/s: 0.00
[ 40s ] thds: 256 tps: 30568.84 qps: 611386.51 (r/w/o: 427979.79/122268.84/61137.87) lat (ms,95%): 14.21 err/s: 0.00 reconn/s: 0.00
[ 50s ] thds: 256 tps: 30485.42 qps: 609678.98 (r/w/o: 426757.57/121950.58/60970.84) lat (ms,95%): 14.21 err/s: 0.00 reconn/s: 0.00
[ 60s ] thds: 256 tps: 30648.95 qps: 612985.00 (r/w/o: 429098.10/122589.70/61297.20) lat (ms,95%): 14.21 err/s: 0.00 reconn/s: 0.00
[ 70s ] thds: 256 tps: 30572.71 qps: 611438.79 (r/w/o: 428000.60/122292.06/61146.13) lat (ms,95%): 14.21 err/s: 0.10 reconn/s: 0.00
[ 80s ] thds: 256 tps: 30557.03 qps: 611168.54 (r/w/o: 427813.15/122243.13/61112.26) lat (ms,95%): 14.21 err/s: 0.00 reconn/s: 0.00
[ 90s ] thds: 256 tps: 30614.41 qps: 612282.43 (r/w/o: 428609.89/122442.13/61230.41) lat (ms,95%): 14.21 err/s: 0.00 reconn/s: 0.00
[ 100s ] thds: 256 tps: 30507.05 qps: 610165.12 (r/w/o: 427112.82/122038.10/61014.20) lat (ms,95%): 14.21 err/s: 0.00 reconn/s: 0.00
[ 110s ] thds: 256 tps: 30524.96 qps: 610421.24 (r/w/o: 427289.86/122082.45/61048.92) lat (ms,95%): 14.21 err/s: 0.00 reconn/s: 0.00
[ 120s ] thds: 256 tps: 30446.60 qps: 608947.90 (r/w/o: 426274.97/121778.92/60894.01) lat (ms,95%): 14.21 err/s: 0.00 reconn/s: 0.00
[ 130s ] thds: 256 tps: 30388.07 qps: 607747.51 (r/w/o: 425417.28/121554.18/60776.04) lat (ms,95%): 14.21 err/s: 0.00 reconn/s: 0.00
[ 140s ] thds: 256 tps: 30382.61 qps: 607708.51 (r/w/o: 425395.98/121546.92/60765.61) lat (ms,95%): 14.21 err/s: 0.00 reconn/s: 0.00
[ 150s ] thds: 256 tps: 30381.27 qps: 607544.59 (r/w/o: 425269.44/121514.00/60761.15) lat (ms,95%): 14.21 err/s: 0.00 reconn/s: 0.00
[ 160s ] thds: 256 tps: 30395.16 qps: 607959.96 (r/w/o: 425577.11/121591.23/60791.62) lat (ms,95%): 14.21 err/s: 0.00 reconn/s: 0.00
[ 170s ] thds: 256 tps: 30274.70 qps: 605512.56 (r/w/o: 423871.04/121091.91/60549.61) lat (ms,95%): 14.46 err/s: 0.10 reconn/s: 0.00
[ 180s ] thds: 256 tps: 30313.46 qps: 606205.78 (r/w/o: 424336.09/121243.05/60626.63) lat (ms,95%): 14.46 err/s: 0.00 reconn/s: 0.00
[ 190s ] thds: 256 tps: 30307.82 qps: 606180.63 (r/w/o: 424326.33/121238.77/60615.53) lat (ms,95%): 14.21 err/s: 0.00 reconn/s: 0.00
[ 200s ] thds: 256 tps: 30306.53 qps: 606135.08 (r/w/o: 424292.18/121231.24/60611.67) lat (ms,95%): 14.21 err/s: 0.00 reconn/s: 0.00
[ 210s ] thds: 256 tps: 30290.16 qps: 605788.88 (r/w/o: 424050.00/121156.56/60582.33) lat (ms,95%): 14.21 err/s: 0.10 reconn/s: 0.00
[ 220s ] thds: 256 tps: 30243.75 qps: 604919.35 (r/w/o: 423460.84/120971.71/60486.81) lat (ms,95%): 14.46 err/s: 0.10 reconn/s: 0.00
[ 230s ] thds: 256 tps: 30288.87 qps: 605766.29 (r/w/o: 424029.87/121157.78/60578.64) lat (ms,95%): 14.21 err/s: 0.00 reconn/s: 0.00
[ 240s ] thds: 256 tps: 30208.02 qps: 604209.73 (r/w/o: 422952.30/120841.29/60416.14) lat (ms,95%): 14.21 err/s: 0.00 reconn/s: 0.00
[ 250s ] thds: 256 tps: 30260.87 qps: 605168.72 (r/w/o: 423613.60/121032.98/60522.14) lat (ms,95%): 14.21 err/s: 0.00 reconn/s: 0.00
[ 260s ] thds: 256 tps: 30215.88 qps: 604322.19 (r/w/o: 423023.19/120868.94/60430.07) lat (ms,95%): 14.46 err/s: 0.00 reconn/s: 0.00
[ 270s ] thds: 256 tps: 30125.98 qps: 602493.74 (r/w/o: 421743.55/120496.23/60253.96) lat (ms,95%): 14.46 err/s: 0.00 reconn/s: 0.00
[ 280s ] thds: 256 tps: 30204.67 qps: 604158.80 (r/w/o: 422906.05/120844.60/60408.15) lat (ms,95%): 14.21 err/s: 0.00 reconn/s: 0.00
[ 290s ] thds: 256 tps: 30145.92 qps: 602846.08 (r/w/o: 421993.57/120559.78/60292.74) lat (ms,95%): 14.46 err/s: 0.00 reconn/s: 0.00
[ 300s ] thds: 256 tps: 30233.40 qps: 604702.18 (r/w/o: 423300.28/120934.90/60467.00) lat (ms,95%): 14.46 err/s: 0.10 reconn/s: 0.00
[ 310s ] thds: 256 tps: 30096.12 qps: 601921.18 (r/w/o: 421348.24/120380.40/60192.55) lat (ms,95%): 14.46 err/s: 0.00 reconn/s: 0.00
[ 320s ] thds: 256 tps: 30017.87 qps: 600366.37 (r/w/o: 420248.63/120082.89/60034.85) lat (ms,95%): 14.46 err/s: 0.00 reconn/s: 0.00
[ 330s ] thds: 256 tps: 30013.53 qps: 600260.97 (r/w/o: 420186.07/120046.93/60027.97) lat (ms,95%): 14.46 err/s: 0.00 reconn/s: 0.00
[ 340s ] thds: 256 tps: 29897.05 qps: 597943.66 (r/w/o: 418563.94/119585.61/59794.11) lat (ms,95%): 14.73 err/s: 0.10 reconn/s: 0.00
[ 350s ] thds: 256 tps: 29949.52 qps: 598961.36 (r/w/o: 419262.52/119799.59/59899.25) lat (ms,95%): 14.46 err/s: 0.00 reconn/s: 0.00
[ 360s ] thds: 256 tps: 29892.01 qps: 597898.18 (r/w/o: 418540.09/119574.46/59783.63) lat (ms,95%): 14.46 err/s: 0.10 reconn/s: 0.00
[ 370s ] thds: 256 tps: 29965.56 qps: 599291.21 (r/w/o: 419500.05/119861.14/59930.02) lat (ms,95%): 14.73 err/s: 0.10 reconn/s: 0.00
[ 380s ] thds: 256 tps: 29856.44 qps: 597114.97 (r/w/o: 417982.24/119418.15/59714.58) lat (ms,95%): 14.46 err/s: 0.00 reconn/s: 0.00
SQL statistics:
    queries performed:
        read:                            160615560
        write:                           45890133
        other:                           22945091
        total:                           229450784
    transactions:                        11472532 (30172.75 per sec.)
    queries:                             229450784 (603455.31 per sec.)
    ignored errors:                      8      (0.02 per sec.)
    reconnects:                          0      (0.00 per sec.)

General statistics:
    total time:                          380.2273s
    total number of events:              11472532

Latency (ms):
         min:                                    2.02
         avg:                                    8.48
         max:                                  223.96
         95th percentile:                       14.46
         sum:                             97268477.55

Threads fairness:
    events (avg/stddev):           44814.5781/758.96
    execution time (avg/stddev):   379.9550/0.03

