sysbench 1.0.20-ebf1c90 (using bundled LuaJIT 2.1.0-beta2)

Running the test with following options:
Number of threads: 256
Report intermediate results every 10 second(s)
Initializing random number generator from current time


Initializing worker threads...

Threads started!

[ 10s ] thds: 256 tps: 12026.62 qps: 240890.15 (r/w/o: 168679.24/48131.88/24079.04) lat (ms,95%): 44.17 err/s: 0.10 reconn/s: 0.00
[ 20s ] thds: 256 tps: 13071.52 qps: 261502.04 (r/w/o: 183040.94/52318.17/26142.93) lat (ms,95%): 41.10 err/s: 0.00 reconn/s: 0.00
[ 30s ] thds: 256 tps: 13129.19 qps: 262522.37 (r/w/o: 183751.81/52512.17/26258.39) lat (ms,95%): 42.61 err/s: 0.00 reconn/s: 0.00
[ 40s ] thds: 256 tps: 13370.21 qps: 267394.67 (r/w/o: 187207.29/53447.05/26740.33) lat (ms,95%): 40.37 err/s: 0.00 reconn/s: 0.00
[ 50s ] thds: 256 tps: 13600.99 qps: 271991.92 (r/w/o: 190386.27/54404.76/27200.88) lat (ms,95%): 38.94 err/s: 0.00 reconn/s: 0.00
[ 60s ] thds: 256 tps: 13708.14 qps: 274228.90 (r/w/o: 191956.53/54854.78/27417.59) lat (ms,95%): 38.94 err/s: 0.00 reconn/s: 0.00
[ 70s ] thds: 256 tps: 13768.45 qps: 275260.75 (r/w/o: 192684.23/55040.01/27536.50) lat (ms,95%): 38.94 err/s: 0.00 reconn/s: 0.00
[ 80s ] thds: 256 tps: 13815.55 qps: 276351.05 (r/w/o: 193455.66/55264.09/27631.29) lat (ms,95%): 38.25 err/s: 0.00 reconn/s: 0.00
[ 90s ] thds: 256 tps: 13756.88 qps: 275124.01 (r/w/o: 192567.66/55042.90/27513.45) lat (ms,95%): 39.65 err/s: 0.10 reconn/s: 0.00
[ 100s ] thds: 256 tps: 13789.29 qps: 275801.55 (r/w/o: 193069.40/55153.97/27578.19) lat (ms,95%): 38.25 err/s: 0.00 reconn/s: 0.00
[ 110s ] thds: 256 tps: 13788.10 qps: 275767.57 (r/w/o: 193047.45/55142.71/27577.41) lat (ms,95%): 39.65 err/s: 0.10 reconn/s: 0.00
[ 120s ] thds: 256 tps: 13761.08 qps: 275231.38 (r/w/o: 192647.80/55062.02/27521.56) lat (ms,95%): 39.65 err/s: 0.00 reconn/s: 0.00
[ 130s ] thds: 256 tps: 13787.22 qps: 275751.78 (r/w/o: 193025.66/55151.28/27574.84) lat (ms,95%): 38.94 err/s: 0.10 reconn/s: 0.00
[ 140s ] thds: 256 tps: 13763.70 qps: 275275.51 (r/w/o: 192705.64/55042.28/27527.59) lat (ms,95%): 39.65 err/s: 0.00 reconn/s: 0.00
[ 150s ] thds: 256 tps: 13766.98 qps: 275303.62 (r/w/o: 192699.06/55070.60/27533.95) lat (ms,95%): 39.65 err/s: 0.00 reconn/s: 0.00
[ 160s ] thds: 256 tps: 13755.13 qps: 275148.12 (r/w/o: 192614.53/55022.62/27510.96) lat (ms,95%): 38.94 err/s: 0.10 reconn/s: 0.00
[ 170s ] thds: 256 tps: 13754.53 qps: 275092.60 (r/w/o: 192558.12/55025.62/27508.86) lat (ms,95%): 39.65 err/s: 0.00 reconn/s: 0.00
[ 180s ] thds: 256 tps: 13728.04 qps: 274508.17 (r/w/o: 192159.41/54893.17/27455.59) lat (ms,95%): 39.65 err/s: 0.00 reconn/s: 0.00
[ 190s ] thds: 256 tps: 13758.50 qps: 275132.05 (r/w/o: 192582.64/55032.01/27517.41) lat (ms,95%): 39.65 err/s: 0.10 reconn/s: 0.00
[ 200s ] thds: 256 tps: 13746.46 qps: 274963.35 (r/w/o: 192466.67/55003.75/27492.92) lat (ms,95%): 39.65 err/s: 0.00 reconn/s: 0.00
[ 210s ] thds: 256 tps: 13742.22 qps: 274880.24 (r/w/o: 192438.01/54957.89/27484.34) lat (ms,95%): 38.94 err/s: 0.10 reconn/s: 0.00
[ 220s ] thds: 256 tps: 13752.03 qps: 274959.31 (r/w/o: 192456.93/54997.62/27504.76) lat (ms,95%): 38.94 err/s: 0.00 reconn/s: 0.00
[ 230s ] thds: 256 tps: 13745.25 qps: 274978.89 (r/w/o: 192493.06/54996.22/27489.61) lat (ms,95%): 38.94 err/s: 0.10 reconn/s: 0.00
[ 240s ] thds: 256 tps: 13726.39 qps: 274523.35 (r/w/o: 192169.73/54899.55/27454.08) lat (ms,95%): 39.65 err/s: 0.00 reconn/s: 0.00
[ 250s ] thds: 256 tps: 13713.52 qps: 274296.39 (r/w/o: 191998.57/54871.38/27426.44) lat (ms,95%): 39.65 err/s: 0.00 reconn/s: 0.00
[ 260s ] thds: 256 tps: 13739.78 qps: 274800.59 (r/w/o: 192351.71/54970.12/27478.76) lat (ms,95%): 39.65 err/s: 0.00 reconn/s: 0.00
[ 270s ] thds: 256 tps: 13724.10 qps: 274446.80 (r/w/o: 192120.73/54876.98/27449.09) lat (ms,95%): 39.65 err/s: 0.00 reconn/s: 0.00
[ 280s ] thds: 256 tps: 13729.69 qps: 274619.92 (r/w/o: 192234.71/54925.54/27459.67) lat (ms,95%): 38.94 err/s: 0.10 reconn/s: 0.00
[ 290s ] thds: 256 tps: 13692.08 qps: 273784.59 (r/w/o: 191651.41/54749.12/27384.06) lat (ms,95%): 38.94 err/s: 0.00 reconn/s: 0.00
[ 300s ] thds: 256 tps: 13701.68 qps: 274141.83 (r/w/o: 191904.14/54833.83/27403.86) lat (ms,95%): 39.65 err/s: 0.00 reconn/s: 0.00
[ 310s ] thds: 256 tps: 13653.49 qps: 272955.01 (r/w/o: 191062.59/54586.24/27306.17) lat (ms,95%): 40.37 err/s: 0.00 reconn/s: 0.00
[ 320s ] thds: 256 tps: 13667.94 qps: 273521.33 (r/w/o: 191446.98/54737.87/27336.48) lat (ms,95%): 40.37 err/s: 0.00 reconn/s: 0.00
[ 330s ] thds: 256 tps: 13670.75 qps: 273387.09 (r/w/o: 191384.56/54660.82/27341.71) lat (ms,95%): 39.65 err/s: 0.10 reconn/s: 0.00
[ 340s ] thds: 256 tps: 13618.55 qps: 272365.49 (r/w/o: 190662.66/54465.32/27237.51) lat (ms,95%): 39.65 err/s: 0.00 reconn/s: 0.00
[ 350s ] thds: 256 tps: 13674.44 qps: 273400.92 (r/w/o: 191378.40/54673.84/27348.67) lat (ms,95%): 39.65 err/s: 0.00 reconn/s: 0.00
[ 360s ] thds: 256 tps: 13613.81 qps: 272310.91 (r/w/o: 190617.97/54464.82/27228.11) lat (ms,95%): 39.65 err/s: 0.10 reconn/s: 0.00
[ 370s ] thds: 256 tps: 13622.58 qps: 272422.42 (r/w/o: 190696.03/54481.92/27244.46) lat (ms,95%): 40.37 err/s: 0.00 reconn/s: 0.00
[ 380s ] thds: 256 tps: 13622.51 qps: 272464.62 (r/w/o: 190727.28/54492.32/27245.01) lat (ms,95%): 39.65 err/s: 0.00 reconn/s: 0.00
SQL statistics:
    queries performed:
        read:                            72532068
        write:                           20723418
        other:                           10361732
        total:                           103617218
    transactions:                        5180851 (13581.85 per sec.)
    queries:                             103617218 (271637.43 per sec.)
    ignored errors:                      11     (0.03 per sec.)
    reconnects:                          0      (0.00 per sec.)

General statistics:
    total time:                          381.4532s
    total number of events:              5180851

Latency (ms):
         min:                                    2.48
         avg:                                   18.79
         max:                                 1469.80
         95th percentile:                       39.65
         sum:                             97358995.15

Threads fairness:
    events (avg/stddev):           20237.6992/163.31
    execution time (avg/stddev):   380.3086/0.47

