sysbench 1.0.20-ebf1c90 (using bundled LuaJIT 2.1.0-beta2)

Running the test with following options:
Number of threads: 256
Report intermediate results every 10 second(s)
Initializing random number generator from current time


Initializing worker threads...

Threads started!

[ 10s ] thds: 256 tps: 27899.11 qps: 558238.59 (r/w/o: 390814.12/111601.34/55823.12) lat (ms,95%): 15.83 err/s: 0.00 reconn/s: 0.00
[ 20s ] thds: 256 tps: 29425.16 qps: 588555.99 (r/w/o: 411985.50/117720.86/58849.63) lat (ms,95%): 15.00 err/s: 0.00 reconn/s: 0.00
[ 30s ] thds: 256 tps: 30363.63 qps: 607210.34 (r/w/o: 425040.85/121441.43/60728.06) lat (ms,95%): 14.21 err/s: 0.00 reconn/s: 0.00
[ 40s ] thds: 256 tps: 30599.22 qps: 612057.39 (r/w/o: 428454.97/122404.58/61197.84) lat (ms,95%): 14.21 err/s: 0.00 reconn/s: 0.00
[ 50s ] thds: 256 tps: 30526.06 qps: 610487.02 (r/w/o: 427336.38/122097.82/61052.81) lat (ms,95%): 14.21 err/s: 0.00 reconn/s: 0.00
[ 60s ] thds: 256 tps: 30600.21 qps: 612023.77 (r/w/o: 428415.59/122408.05/61200.13) lat (ms,95%): 14.21 err/s: 0.10 reconn/s: 0.00
[ 70s ] thds: 256 tps: 30601.92 qps: 612025.34 (r/w/o: 428413.64/122407.77/61203.93) lat (ms,95%): 14.21 err/s: 0.10 reconn/s: 0.00
[ 80s ] thds: 256 tps: 30551.35 qps: 611043.46 (r/w/o: 427736.17/122203.79/61103.50) lat (ms,95%): 14.21 err/s: 0.00 reconn/s: 0.00
[ 90s ] thds: 256 tps: 30526.70 qps: 610504.69 (r/w/o: 427344.59/122107.20/61052.90) lat (ms,95%): 14.21 err/s: 0.00 reconn/s: 0.00
[ 100s ] thds: 256 tps: 30531.01 qps: 610660.84 (r/w/o: 427464.97/122133.55/61062.32) lat (ms,95%): 14.21 err/s: 0.00 reconn/s: 0.00
[ 110s ] thds: 256 tps: 30511.83 qps: 610193.62 (r/w/o: 427137.56/122032.70/61023.35) lat (ms,95%): 14.21 err/s: 0.00 reconn/s: 0.00
[ 120s ] thds: 256 tps: 30418.13 qps: 608401.57 (r/w/o: 425890.37/121674.23/60836.97) lat (ms,95%): 14.21 err/s: 0.10 reconn/s: 0.00
[ 130s ] thds: 256 tps: 30399.22 qps: 607962.45 (r/w/o: 425555.65/121608.97/60797.84) lat (ms,95%): 14.21 err/s: 0.00 reconn/s: 0.00
[ 140s ] thds: 256 tps: 30387.92 qps: 607774.64 (r/w/o: 425455.51/121542.49/60776.64) lat (ms,95%): 14.21 err/s: 0.00 reconn/s: 0.00
[ 150s ] thds: 256 tps: 30345.74 qps: 606912.23 (r/w/o: 424838.48/121383.07/60690.68) lat (ms,95%): 14.46 err/s: 0.00 reconn/s: 0.00
[ 160s ] thds: 256 tps: 30375.73 qps: 607504.32 (r/w/o: 425247.97/121504.30/60752.05) lat (ms,95%): 14.21 err/s: 0.00 reconn/s: 0.00
[ 170s ] thds: 256 tps: 30318.79 qps: 606398.83 (r/w/o: 424478.61/121283.15/60637.07) lat (ms,95%): 14.46 err/s: 0.00 reconn/s: 0.00
[ 180s ] thds: 256 tps: 30287.43 qps: 605703.47 (r/w/o: 423999.87/121128.13/60575.47) lat (ms,95%): 14.46 err/s: 0.00 reconn/s: 0.00
[ 190s ] thds: 256 tps: 30311.32 qps: 606235.61 (r/w/o: 424354.99/121258.18/60622.44) lat (ms,95%): 14.46 err/s: 0.00 reconn/s: 0.00
[ 200s ] thds: 256 tps: 30304.90 qps: 606109.18 (r/w/o: 424277.88/121222.00/60609.30) lat (ms,95%): 14.21 err/s: 0.00 reconn/s: 0.00
[ 210s ] thds: 256 tps: 30287.35 qps: 605777.67 (r/w/o: 424052.35/121149.51/60575.81) lat (ms,95%): 14.21 err/s: 0.00 reconn/s: 0.00
[ 220s ] thds: 256 tps: 30244.92 qps: 604911.46 (r/w/o: 423439.22/120982.19/60490.05) lat (ms,95%): 14.46 err/s: 0.00 reconn/s: 0.00
[ 230s ] thds: 256 tps: 30286.71 qps: 605730.97 (r/w/o: 424021.69/121135.85/60573.43) lat (ms,95%): 14.21 err/s: 0.00 reconn/s: 0.00
[ 240s ] thds: 256 tps: 30211.27 qps: 604152.19 (r/w/o: 422888.47/120841.08/60422.64) lat (ms,95%): 14.21 err/s: 0.00 reconn/s: 0.00
[ 250s ] thds: 256 tps: 30233.68 qps: 604735.16 (r/w/o: 423315.66/120952.23/60467.27) lat (ms,95%): 14.21 err/s: 0.00 reconn/s: 0.00
[ 260s ] thds: 256 tps: 30285.92 qps: 605713.19 (r/w/o: 424014.64/121126.70/60571.85) lat (ms,95%): 14.21 err/s: 0.00 reconn/s: 0.00
[ 270s ] thds: 256 tps: 30158.95 qps: 603152.36 (r/w/o: 422193.94/120640.71/60317.71) lat (ms,95%): 14.21 err/s: 0.10 reconn/s: 0.00
[ 280s ] thds: 256 tps: 30188.86 qps: 603819.45 (r/w/o: 422679.87/120761.25/60378.33) lat (ms,95%): 14.21 err/s: 0.00 reconn/s: 0.00
[ 290s ] thds: 256 tps: 30105.40 qps: 602101.22 (r/w/o: 421469.04/120421.48/60210.69) lat (ms,95%): 14.46 err/s: 0.00 reconn/s: 0.00
[ 300s ] thds: 256 tps: 30175.97 qps: 603558.29 (r/w/o: 422487.67/120718.58/60352.04) lat (ms,95%): 14.46 err/s: 0.00 reconn/s: 0.00
[ 310s ] thds: 256 tps: 30033.82 qps: 600577.73 (r/w/o: 420399.73/120111.87/60066.13) lat (ms,95%): 14.46 err/s: 0.00 reconn/s: 0.00
[ 320s ] thds: 256 tps: 30050.14 qps: 601012.42 (r/w/o: 420706.07/120205.06/60101.28) lat (ms,95%): 14.46 err/s: 0.10 reconn/s: 0.00
[ 330s ] thds: 256 tps: 29976.48 qps: 599535.26 (r/w/o: 419676.26/119905.83/59953.17) lat (ms,95%): 14.46 err/s: 0.00 reconn/s: 0.00
[ 340s ] thds: 256 tps: 29909.04 qps: 598200.01 (r/w/o: 418737.37/119644.56/59818.08) lat (ms,95%): 14.73 err/s: 0.00 reconn/s: 0.00
[ 350s ] thds: 256 tps: 29966.52 qps: 599349.06 (r/w/o: 419556.35/119860.37/59932.34) lat (ms,95%): 14.46 err/s: 0.00 reconn/s: 0.00
[ 360s ] thds: 256 tps: 29888.45 qps: 597723.66 (r/w/o: 418399.27/119547.39/59777.00) lat (ms,95%): 14.46 err/s: 0.00 reconn/s: 0.00
[ 370s ] thds: 256 tps: 29944.38 qps: 598929.63 (r/w/o: 419266.67/119773.51/59889.45) lat (ms,95%): 14.46 err/s: 0.00 reconn/s: 0.00
[ 380s ] thds: 256 tps: 29772.01 qps: 595399.61 (r/w/o: 416760.48/119095.72/59543.41) lat (ms,95%): 14.46 err/s: 0.00 reconn/s: 0.00
SQL statistics:
    queries performed:
        read:                            160584858
        write:                           45881370
        other:                           22940702
        total:                           229406930
    transactions:                        11470342 (30143.75 per sec.)
    queries:                             229406930 (602875.17 per sec.)
    ignored errors:                      5      (0.01 per sec.)
    reconnects:                          0      (0.00 per sec.)

General statistics:
    total time:                          380.5205s
    total number of events:              11470342

Latency (ms):
         min:                                    2.12
         avg:                                    8.48
         max:                                  525.45
         95th percentile:                       14.46
         sum:                             97284257.75

Threads fairness:
    events (avg/stddev):           44806.0234/794.04
    execution time (avg/stddev):   380.0166/0.08

