sysbench 1.0.20-ebf1c90 (using bundled LuaJIT 2.1.0-beta2)

Running the test with following options:
Number of threads: 256
Report intermediate results every 10 second(s)
Initializing random number generator from current time


Initializing worker threads...

Threads started!

[ 10s ] thds: 256 tps: 53017.36 qps: 1060644.83 (r/w/o: 742498.48/212086.84/106059.51) lat (ms,95%): 6.67 err/s: 0.00 reconn/s: 0.00
[ 20s ] thds: 256 tps: 55402.68 qps: 1108041.30 (r/w/o: 775632.22/221603.72/110805.36) lat (ms,95%): 6.32 err/s: 0.00 reconn/s: 0.00
[ 30s ] thds: 256 tps: 55550.25 qps: 1110983.35 (r/w/o: 777680.74/222201.61/111101.01) lat (ms,95%): 6.21 err/s: 0.00 reconn/s: 0.00
[ 40s ] thds: 256 tps: 55557.81 qps: 1111171.23 (r/w/o: 777821.79/222233.53/111115.91) lat (ms,95%): 6.32 err/s: 0.00 reconn/s: 0.00
[ 50s ] thds: 256 tps: 55427.91 qps: 1108610.46 (r/w/o: 776026.61/221727.63/110856.22) lat (ms,95%): 6.32 err/s: 0.10 reconn/s: 0.00
[ 60s ] thds: 256 tps: 55397.91 qps: 1107946.31 (r/w/o: 775573.95/221577.34/110795.02) lat (ms,95%): 6.32 err/s: 0.00 reconn/s: 0.00
[ 70s ] thds: 256 tps: 55476.15 qps: 1109466.28 (r/w/o: 776610.96/221902.82/110952.51) lat (ms,95%): 6.32 err/s: 0.00 reconn/s: 0.00
[ 80s ] thds: 256 tps: 55433.22 qps: 1108651.68 (r/w/o: 776056.57/221728.98/110866.14) lat (ms,95%): 6.32 err/s: 0.00 reconn/s: 0.00
[ 90s ] thds: 256 tps: 55419.90 qps: 1108415.56 (r/w/o: 775890.87/221685.09/110839.60) lat (ms,95%): 6.32 err/s: 0.00 reconn/s: 0.00
[ 100s ] thds: 256 tps: 55463.54 qps: 1109288.11 (r/w/o: 776508.07/221852.56/110927.48) lat (ms,95%): 6.32 err/s: 0.00 reconn/s: 0.00
[ 110s ] thds: 256 tps: 55421.51 qps: 1108423.56 (r/w/o: 775895.18/221686.15/110842.23) lat (ms,95%): 6.32 err/s: 0.00 reconn/s: 0.00
[ 120s ] thds: 256 tps: 55167.17 qps: 1103309.20 (r/w/o: 772303.28/220673.28/110332.64) lat (ms,95%): 6.32 err/s: 0.10 reconn/s: 0.00
[ 130s ] thds: 256 tps: 55122.33 qps: 1102457.20 (r/w/o: 771729.29/220480.64/110247.27) lat (ms,95%): 6.43 err/s: 0.00 reconn/s: 0.00
[ 140s ] thds: 256 tps: 54991.04 qps: 1099870.09 (r/w/o: 769914.53/219972.78/109982.79) lat (ms,95%): 6.43 err/s: 0.00 reconn/s: 0.00
[ 150s ] thds: 256 tps: 54948.92 qps: 1098960.76 (r/w/o: 769269.02/219794.49/109897.25) lat (ms,95%): 6.43 err/s: 0.00 reconn/s: 0.00
[ 160s ] thds: 256 tps: 55027.46 qps: 1100550.89 (r/w/o: 770388.43/220107.14/110055.32) lat (ms,95%): 6.32 err/s: 0.10 reconn/s: 0.00
[ 170s ] thds: 256 tps: 54936.81 qps: 1098754.87 (r/w/o: 769125.89/219754.85/109874.13) lat (ms,95%): 6.32 err/s: 0.00 reconn/s: 0.00
[ 180s ] thds: 256 tps: 54987.80 qps: 1099753.77 (r/w/o: 769830.85/219948.01/109974.91) lat (ms,95%): 6.32 err/s: 0.00 reconn/s: 0.00
[ 190s ] thds: 256 tps: 55023.08 qps: 1100499.03 (r/w/o: 770365.87/220086.41/110046.75) lat (ms,95%): 6.32 err/s: 0.00 reconn/s: 0.00
[ 200s ] thds: 256 tps: 54956.97 qps: 1099115.72 (r/w/o: 769367.79/219834.68/109913.24) lat (ms,95%): 6.32 err/s: 0.00 reconn/s: 0.00
[ 210s ] thds: 256 tps: 54694.44 qps: 1093828.31 (r/w/o: 765672.57/218766.46/109389.28) lat (ms,95%): 6.43 err/s: 0.00 reconn/s: 0.00
[ 220s ] thds: 256 tps: 54815.84 qps: 1096388.44 (r/w/o: 767474.89/219281.27/109632.28) lat (ms,95%): 6.43 err/s: 0.10 reconn/s: 0.00
[ 230s ] thds: 256 tps: 54900.05 qps: 1097954.64 (r/w/o: 768566.56/219588.69/109799.39) lat (ms,95%): 6.43 err/s: 0.00 reconn/s: 0.00
[ 240s ] thds: 256 tps: 54990.43 qps: 1099802.51 (r/w/o: 769866.86/219954.90/109980.75) lat (ms,95%): 6.32 err/s: 0.00 reconn/s: 0.00
[ 250s ] thds: 256 tps: 54824.19 qps: 1096517.10 (r/w/o: 767561.63/219308.38/109647.09) lat (ms,95%): 6.43 err/s: 0.00 reconn/s: 0.00
[ 260s ] thds: 256 tps: 54801.70 qps: 1095996.15 (r/w/o: 767192.47/219198.69/109605.00) lat (ms,95%): 6.43 err/s: 0.00 reconn/s: 0.00
[ 270s ] thds: 256 tps: 54875.43 qps: 1097514.70 (r/w/o: 768258.55/219505.80/109750.35) lat (ms,95%): 6.43 err/s: 0.00 reconn/s: 0.00
[ 280s ] thds: 256 tps: 54917.43 qps: 1098374.60 (r/w/o: 768864.15/219674.60/109835.85) lat (ms,95%): 6.43 err/s: 0.00 reconn/s: 0.00
[ 290s ] thds: 256 tps: 54920.84 qps: 1098389.55 (r/w/o: 768878.70/219669.17/109841.69) lat (ms,95%): 6.43 err/s: 0.00 reconn/s: 0.00
[ 300s ] thds: 256 tps: 54748.81 qps: 1094980.61 (r/w/o: 766480.15/219003.14/109497.32) lat (ms,95%): 6.43 err/s: 0.00 reconn/s: 0.00
[ 310s ] thds: 256 tps: 54877.00 qps: 1097492.99 (r/w/o: 768234.09/219505.60/109753.30) lat (ms,95%): 6.43 err/s: 0.00 reconn/s: 0.00
[ 320s ] thds: 256 tps: 54831.85 qps: 1096659.90 (r/w/o: 767671.53/219324.48/109663.89) lat (ms,95%): 6.32 err/s: 0.00 reconn/s: 0.00
[ 330s ] thds: 256 tps: 54859.65 qps: 1097196.26 (r/w/o: 768034.04/219442.21/109720.01) lat (ms,95%): 6.32 err/s: 0.00 reconn/s: 0.00
[ 340s ] thds: 256 tps: 54780.78 qps: 1095647.49 (r/w/o: 766960.98/219126.84/109559.67) lat (ms,95%): 6.43 err/s: 0.00 reconn/s: 0.00
[ 350s ] thds: 256 tps: 54690.36 qps: 1093774.03 (r/w/o: 765636.69/218755.83/109381.51) lat (ms,95%): 6.43 err/s: 0.00 reconn/s: 0.00
[ 360s ] thds: 256 tps: 54607.98 qps: 1092124.35 (r/w/o: 764473.35/218434.93/109216.06) lat (ms,95%): 6.43 err/s: 0.00 reconn/s: 0.00
[ 370s ] thds: 256 tps: 54721.58 qps: 1094477.97 (r/w/o: 766149.27/218885.53/109443.17) lat (ms,95%): 6.43 err/s: 0.00 reconn/s: 0.00
[ 380s ] thds: 256 tps: 54679.10 qps: 1093626.58 (r/w/o: 765556.16/218713.22/109357.21) lat (ms,95%): 6.43 err/s: 0.00 reconn/s: 0.00
SQL statistics:
    queries performed:
        read:                            292502378
        write:                           83572096
        other:                           41786058
        total:                           417860532
    transactions:                        20893023 (54948.20 per sec.)
    queries:                             417860532 (1098964.17 per sec.)
    ignored errors:                      4      (0.01 per sec.)
    reconnects:                          0      (0.00 per sec.)

General statistics:
    total time:                          380.2303s
    total number of events:              20893023

Latency (ms):
         min:                                    1.81
         avg:                                    4.66
         max:                                  229.28
         95th percentile:                        6.32
         sum:                             97259530.36

Threads fairness:
    events (avg/stddev):           81613.3711/1030.56
    execution time (avg/stddev):   379.9200/0.03

