sysbench 1.0.20-ebf1c90 (using bundled LuaJIT 2.1.0-beta2)

Running the test with following options:
Number of threads: 256
Report intermediate results every 10 second(s)
Initializing random number generator from current time


Initializing worker threads...

Threads started!

[ 10s ] thds: 256 tps: 12016.28 qps: 240626.45 (r/w/o: 168489.05/48079.34/24058.07) lat (ms,95%): 44.17 err/s: 0.00 reconn/s: 0.00
[ 20s ] thds: 256 tps: 13022.09 qps: 260474.28 (r/w/o: 182345.05/52085.26/26043.98) lat (ms,95%): 41.10 err/s: 0.00 reconn/s: 0.00
[ 30s ] thds: 256 tps: 13175.95 qps: 263484.03 (r/w/o: 184425.02/52706.91/26352.10) lat (ms,95%): 41.85 err/s: 0.00 reconn/s: 0.00
[ 40s ] thds: 256 tps: 13379.58 qps: 267656.83 (r/w/o: 187352.37/53545.41/26759.05) lat (ms,95%): 40.37 err/s: 0.00 reconn/s: 0.00
[ 50s ] thds: 256 tps: 13627.12 qps: 272539.28 (r/w/o: 190795.34/54489.40/27254.55) lat (ms,95%): 39.65 err/s: 0.00 reconn/s: 0.00
[ 60s ] thds: 256 tps: 13749.38 qps: 274987.20 (r/w/o: 192491.25/54997.20/27498.75) lat (ms,95%): 38.94 err/s: 0.00 reconn/s: 0.00
[ 70s ] thds: 256 tps: 13831.65 qps: 276575.21 (r/w/o: 193597.04/55315.18/27662.99) lat (ms,95%): 38.94 err/s: 0.00 reconn/s: 0.00
[ 80s ] thds: 256 tps: 13782.39 qps: 275660.94 (r/w/o: 192960.69/55135.47/27564.78) lat (ms,95%): 38.25 err/s: 0.00 reconn/s: 0.00
[ 90s ] thds: 256 tps: 13789.51 qps: 275821.75 (r/w/o: 193059.91/55183.33/27578.52) lat (ms,95%): 39.65 err/s: 0.00 reconn/s: 0.00
[ 100s ] thds: 256 tps: 13820.80 qps: 276465.67 (r/w/o: 193541.58/55281.19/27642.90) lat (ms,95%): 38.25 err/s: 0.10 reconn/s: 0.00
[ 110s ] thds: 256 tps: 13774.24 qps: 275439.01 (r/w/o: 192816.66/55074.26/27548.08) lat (ms,95%): 39.65 err/s: 0.00 reconn/s: 0.00
[ 120s ] thds: 256 tps: 13757.28 qps: 275127.44 (r/w/o: 192581.28/55031.31/27514.85) lat (ms,95%): 39.65 err/s: 0.00 reconn/s: 0.00
[ 130s ] thds: 256 tps: 13777.62 qps: 275525.67 (r/w/o: 192858.93/55112.29/27554.45) lat (ms,95%): 38.94 err/s: 0.00 reconn/s: 0.00
[ 140s ] thds: 256 tps: 13732.34 qps: 274645.48 (r/w/o: 192259.31/54921.18/27464.99) lat (ms,95%): 39.65 err/s: 0.00 reconn/s: 0.00
[ 150s ] thds: 256 tps: 13772.68 qps: 275514.22 (r/w/o: 192856.27/55111.90/27546.05) lat (ms,95%): 39.65 err/s: 0.00 reconn/s: 0.00
[ 160s ] thds: 256 tps: 13783.21 qps: 275642.95 (r/w/o: 192961.20/55115.53/27566.21) lat (ms,95%): 38.94 err/s: 0.00 reconn/s: 0.00
[ 170s ] thds: 256 tps: 13742.53 qps: 274874.64 (r/w/o: 192406.65/54982.63/27485.36) lat (ms,95%): 39.65 err/s: 0.00 reconn/s: 0.00
[ 180s ] thds: 256 tps: 13722.32 qps: 274434.18 (r/w/o: 192095.13/54895.00/27444.05) lat (ms,95%): 39.65 err/s: 0.00 reconn/s: 0.00
[ 190s ] thds: 256 tps: 13761.83 qps: 275236.82 (r/w/o: 192672.46/55040.10/27524.25) lat (ms,95%): 39.65 err/s: 0.00 reconn/s: 0.00
[ 200s ] thds: 256 tps: 13739.22 qps: 274820.19 (r/w/o: 192382.77/54958.78/27478.64) lat (ms,95%): 39.65 err/s: 0.00 reconn/s: 0.00
[ 210s ] thds: 256 tps: 13778.23 qps: 275534.02 (r/w/o: 192865.47/55112.10/27556.45) lat (ms,95%): 38.94 err/s: 0.00 reconn/s: 0.00
[ 220s ] thds: 256 tps: 13707.40 qps: 274203.91 (r/w/o: 191942.74/54846.38/27414.79) lat (ms,95%): 39.65 err/s: 0.00 reconn/s: 0.00
[ 230s ] thds: 256 tps: 13714.05 qps: 274215.36 (r/w/o: 191957.84/54829.91/27427.61) lat (ms,95%): 39.65 err/s: 0.00 reconn/s: 0.00
[ 240s ] thds: 256 tps: 13721.32 qps: 274462.26 (r/w/o: 192119.32/54899.79/27443.15) lat (ms,95%): 39.65 err/s: 0.00 reconn/s: 0.00
[ 250s ] thds: 256 tps: 13762.49 qps: 275210.18 (r/w/o: 192636.44/55048.76/27524.98) lat (ms,95%): 39.65 err/s: 0.00 reconn/s: 0.00
[ 260s ] thds: 256 tps: 13751.31 qps: 274977.18 (r/w/o: 192484.30/54990.06/27502.83) lat (ms,95%): 39.65 err/s: 0.10 reconn/s: 0.00
[ 270s ] thds: 256 tps: 13730.63 qps: 274626.66 (r/w/o: 192247.06/54918.63/27460.97) lat (ms,95%): 39.65 err/s: 0.00 reconn/s: 0.00
[ 280s ] thds: 256 tps: 13740.52 qps: 274856.05 (r/w/o: 192390.71/54983.89/27481.44) lat (ms,95%): 38.94 err/s: 0.00 reconn/s: 0.00
[ 290s ] thds: 256 tps: 13693.76 qps: 273861.69 (r/w/o: 191719.73/54754.64/27387.32) lat (ms,95%): 38.94 err/s: 0.00 reconn/s: 0.00
[ 300s ] thds: 256 tps: 13674.00 qps: 273480.88 (r/w/o: 191429.65/54702.92/27348.31) lat (ms,95%): 39.65 err/s: 0.00 reconn/s: 0.00
[ 310s ] thds: 256 tps: 13691.88 qps: 273869.42 (r/w/o: 191722.16/54763.30/27383.95) lat (ms,95%): 40.37 err/s: 0.00 reconn/s: 0.00
[ 320s ] thds: 256 tps: 13705.12 qps: 274066.92 (r/w/o: 191834.42/54821.96/27410.53) lat (ms,95%): 39.65 err/s: 0.20 reconn/s: 0.00
[ 330s ] thds: 256 tps: 13682.89 qps: 273698.80 (r/w/o: 191594.86/54737.96/27365.98) lat (ms,95%): 39.65 err/s: 0.00 reconn/s: 0.00
[ 340s ] thds: 256 tps: 13702.63 qps: 274099.87 (r/w/o: 191853.97/54840.93/27404.97) lat (ms,95%): 39.65 err/s: 0.00 reconn/s: 0.00
[ 350s ] thds: 256 tps: 13685.18 qps: 273619.66 (r/w/o: 191546.29/54702.91/27370.46) lat (ms,95%): 39.65 err/s: 0.00 reconn/s: 0.00
[ 360s ] thds: 256 tps: 13656.50 qps: 273141.67 (r/w/o: 191185.68/54642.99/27313.00) lat (ms,95%): 39.65 err/s: 0.00 reconn/s: 0.00
[ 370s ] thds: 256 tps: 13661.89 qps: 273198.76 (r/w/o: 191240.90/54633.77/27324.09) lat (ms,95%): 39.65 err/s: 0.20 reconn/s: 0.00
[ 380s ] thds: 256 tps: 13588.35 qps: 271767.97 (r/w/o: 190237.88/54354.19/27175.90) lat (ms,95%): 39.65 err/s: 0.00 reconn/s: 0.00
SQL statistics:
    queries performed:
        read:                            72580718
        write:                           20737323
        other:                           10368687
        total:                           103686728
    transactions:                        5184331 (13591.92 per sec.)
    queries:                             103686728 (271838.76 per sec.)
    ignored errors:                      6      (0.02 per sec.)
    reconnects:                          0      (0.00 per sec.)

General statistics:
    total time:                          381.4263s
    total number of events:              5184331

Latency (ms):
         min:                                    2.58
         avg:                                   18.78
         max:                                 1478.34
         95th percentile:                       39.65
         sum:                             97365599.96

Threads fairness:
    events (avg/stddev):           20251.2930/160.09
    execution time (avg/stddev):   380.3344/0.42

