sysbench 1.0.20-ebf1c90 (using bundled LuaJIT 2.1.0-beta2)

Running the test with following options:
Number of threads: 64
Report intermediate results every 10 second(s)
Initializing random number generator from current time


Initializing worker threads...

Threads started!

[ 10s ] thds: 64 tps: 27224.80 qps: 544551.08 (r/w/o: 381193.76/108901.52/54455.81) lat (ms,95%): 3.07 err/s: 0.00 reconn/s: 0.00
[ 20s ] thds: 64 tps: 27780.82 qps: 555627.49 (r/w/o: 388942.45/111123.60/55561.45) lat (ms,95%): 3.02 err/s: 0.00 reconn/s: 0.00
[ 30s ] thds: 64 tps: 27695.23 qps: 553903.64 (r/w/o: 387732.05/110781.03/55390.56) lat (ms,95%): 3.02 err/s: 0.00 reconn/s: 0.00
[ 40s ] thds: 64 tps: 27541.07 qps: 550811.57 (r/w/o: 385565.66/110163.67/55082.24) lat (ms,95%): 3.07 err/s: 0.00 reconn/s: 0.00
[ 50s ] thds: 64 tps: 27888.64 qps: 557778.88 (r/w/o: 390447.45/111554.16/55777.28) lat (ms,95%): 2.97 err/s: 0.00 reconn/s: 0.00
[ 60s ] thds: 64 tps: 27982.40 qps: 559648.89 (r/w/o: 391753.46/111930.72/55964.71) lat (ms,95%): 2.97 err/s: 0.00 reconn/s: 0.00
[ 70s ] thds: 64 tps: 27467.44 qps: 549348.22 (r/w/o: 384544.51/109868.64/54935.07) lat (ms,95%): 3.07 err/s: 0.00 reconn/s: 0.00
[ 80s ] thds: 64 tps: 27865.97 qps: 557320.45 (r/w/o: 390125.21/111463.49/55731.74) lat (ms,95%): 3.02 err/s: 0.00 reconn/s: 0.00
[ 90s ] thds: 64 tps: 27419.94 qps: 548395.66 (r/w/o: 383874.30/109681.67/54839.69) lat (ms,95%): 3.07 err/s: 0.00 reconn/s: 0.00
[ 100s ] thds: 64 tps: 27664.63 qps: 553290.85 (r/w/o: 387303.18/110658.11/55329.55) lat (ms,95%): 3.02 err/s: 0.00 reconn/s: 0.00
[ 110s ] thds: 64 tps: 27504.68 qps: 550102.01 (r/w/o: 385075.36/110017.70/55008.95) lat (ms,95%): 3.02 err/s: 0.00 reconn/s: 0.00
[ 120s ] thds: 64 tps: 27255.23 qps: 545106.32 (r/w/o: 381572.97/109022.50/54510.85) lat (ms,95%): 3.07 err/s: 0.00 reconn/s: 0.00
[ 130s ] thds: 64 tps: 27665.21 qps: 553295.20 (r/w/o: 387304.94/110659.94/55330.32) lat (ms,95%): 3.02 err/s: 0.00 reconn/s: 0.00
[ 140s ] thds: 64 tps: 27306.18 qps: 546130.63 (r/w/o: 382293.87/109224.51/54612.25) lat (ms,95%): 3.02 err/s: 0.00 reconn/s: 0.00
[ 150s ] thds: 64 tps: 27370.91 qps: 547410.68 (r/w/o: 383185.80/109482.86/54742.03) lat (ms,95%): 3.07 err/s: 0.00 reconn/s: 0.00
[ 160s ] thds: 64 tps: 27375.65 qps: 547525.89 (r/w/o: 383270.29/109504.20/54751.40) lat (ms,95%): 3.07 err/s: 0.00 reconn/s: 0.00
[ 170s ] thds: 64 tps: 27494.81 qps: 549894.03 (r/w/o: 384924.36/109980.05/54989.62) lat (ms,95%): 3.02 err/s: 0.00 reconn/s: 0.00
[ 180s ] thds: 64 tps: 27620.51 qps: 552413.06 (r/w/o: 386690.58/110481.55/55240.93) lat (ms,95%): 3.02 err/s: 0.00 reconn/s: 0.00
[ 190s ] thds: 64 tps: 27215.10 qps: 544295.95 (r/w/o: 381005.33/108860.31/54430.30) lat (ms,95%): 3.07 err/s: 0.00 reconn/s: 0.00
[ 200s ] thds: 64 tps: 27127.22 qps: 542546.87 (r/w/o: 379784.03/108508.19/54254.65) lat (ms,95%): 3.07 err/s: 0.00 reconn/s: 0.00
[ 210s ] thds: 64 tps: 27291.14 qps: 545817.76 (r/w/o: 382072.43/109163.25/54582.08) lat (ms,95%): 3.02 err/s: 0.00 reconn/s: 0.00
[ 220s ] thds: 64 tps: 27621.73 qps: 552446.28 (r/w/o: 386711.88/110490.94/55243.47) lat (ms,95%): 3.02 err/s: 0.00 reconn/s: 0.00
[ 230s ] thds: 64 tps: 27494.40 qps: 549883.35 (r/w/o: 384917.97/109976.59/54988.80) lat (ms,95%): 3.02 err/s: 0.00 reconn/s: 0.00
[ 240s ] thds: 64 tps: 27443.91 qps: 548873.19 (r/w/o: 384210.90/109774.26/54888.03) lat (ms,95%): 3.02 err/s: 0.00 reconn/s: 0.00
[ 250s ] thds: 64 tps: 27728.87 qps: 554582.27 (r/w/o: 388209.66/110915.17/55457.44) lat (ms,95%): 3.02 err/s: 0.00 reconn/s: 0.00
[ 260s ] thds: 64 tps: 26929.15 qps: 538584.18 (r/w/o: 377008.65/107717.42/53858.11) lat (ms,95%): 3.07 err/s: 0.00 reconn/s: 0.00
[ 270s ] thds: 64 tps: 27663.81 qps: 553267.14 (r/w/o: 387284.87/110654.25/55328.02) lat (ms,95%): 3.02 err/s: 0.00 reconn/s: 0.00
[ 280s ] thds: 64 tps: 27234.43 qps: 544695.10 (r/w/o: 381288.02/108938.42/54468.66) lat (ms,95%): 3.07 err/s: 0.00 reconn/s: 0.00
[ 290s ] thds: 64 tps: 27135.69 qps: 542714.04 (r/w/o: 379899.79/108542.47/54271.78) lat (ms,95%): 3.07 err/s: 0.00 reconn/s: 0.00
[ 300s ] thds: 64 tps: 27055.47 qps: 541097.84 (r/w/o: 378765.94/108221.47/54110.43) lat (ms,95%): 3.07 err/s: 0.00 reconn/s: 0.00
[ 310s ] thds: 64 tps: 27503.58 qps: 550075.01 (r/w/o: 385054.13/110013.72/55007.16) lat (ms,95%): 3.07 err/s: 0.00 reconn/s: 0.00
[ 320s ] thds: 64 tps: 27274.98 qps: 545508.07 (r/w/o: 381856.97/109101.23/54549.87) lat (ms,95%): 3.07 err/s: 0.00 reconn/s: 0.00
[ 330s ] thds: 64 tps: 27502.82 qps: 550053.54 (r/w/o: 385036.61/110011.29/55005.64) lat (ms,95%): 3.02 err/s: 0.00 reconn/s: 0.00
[ 340s ] thds: 64 tps: 27200.96 qps: 544014.34 (r/w/o: 380809.30/108802.83/54402.21) lat (ms,95%): 3.07 err/s: 0.00 reconn/s: 0.00
[ 350s ] thds: 64 tps: 27690.21 qps: 553809.90 (r/w/o: 387667.74/110761.64/55380.52) lat (ms,95%): 3.02 err/s: 0.00 reconn/s: 0.00
[ 360s ] thds: 64 tps: 27529.33 qps: 550581.26 (r/w/o: 385406.26/110116.73/55058.27) lat (ms,95%): 3.02 err/s: 0.00 reconn/s: 0.00
[ 370s ] thds: 64 tps: 27531.88 qps: 550646.97 (r/w/o: 385453.87/110129.33/55063.77) lat (ms,95%): 3.02 err/s: 0.00 reconn/s: 0.00
[ 380s ] thds: 64 tps: 27400.07 qps: 547991.56 (r/w/o: 383593.12/109598.69/54799.75) lat (ms,95%): 3.07 err/s: 0.00 reconn/s: 0.00
SQL statistics:
    queries performed:
        read:                            146119092
        write:                           41748311
        other:                           20874157
        total:                           208741560
    transactions:                        10437078 (27463.61 per sec.)
    queries:                             208741560 (549272.20 per sec.)
    ignored errors:                      0      (0.00 per sec.)
    reconnects:                          0      (0.00 per sec.)

General statistics:
    total time:                          380.0321s
    total number of events:              10437078

Latency (ms):
         min:                                    1.47
         avg:                                    2.33
         max:                                  119.26
         95th percentile:                        3.02
         sum:                             24312145.67

Threads fairness:
    events (avg/stddev):           163079.3438/6552.78
    execution time (avg/stddev):   379.8773/0.01

