sysbench 1.0.20-ebf1c90 (using bundled LuaJIT 2.1.0-beta2)

Running the test with following options:
Number of threads: 256
Report intermediate results every 10 second(s)
Initializing random number generator from current time


Initializing worker threads...

Threads started!

[ 10s ] thds: 256 tps: 12714.72 qps: 254672.01 (r/w/o: 178324.81/50891.87/25455.33) lat (ms,95%): 41.85 err/s: 0.10 reconn/s: 0.00
[ 20s ] thds: 256 tps: 13682.25 qps: 273621.15 (r/w/o: 191534.16/54722.59/27364.39) lat (ms,95%): 38.94 err/s: 0.00 reconn/s: 0.00
[ 30s ] thds: 256 tps: 13774.39 qps: 275414.89 (r/w/o: 192771.33/55095.58/27547.99) lat (ms,95%): 38.94 err/s: 0.00 reconn/s: 0.00
[ 40s ] thds: 256 tps: 13970.10 qps: 279423.58 (r/w/o: 195612.16/55870.82/27940.61) lat (ms,95%): 38.25 err/s: 0.00 reconn/s: 0.00
[ 50s ] thds: 256 tps: 14193.46 qps: 283908.71 (r/w/o: 198743.57/56777.82/28387.31) lat (ms,95%): 36.89 err/s: 0.00 reconn/s: 0.00
[ 60s ] thds: 256 tps: 14296.28 qps: 285966.44 (r/w/o: 200162.38/57212.41/28591.65) lat (ms,95%): 36.24 err/s: 0.00 reconn/s: 0.00
[ 70s ] thds: 256 tps: 14344.07 qps: 286836.25 (r/w/o: 200781.31/57366.59/28688.34) lat (ms,95%): 36.89 err/s: 0.00 reconn/s: 0.00
[ 80s ] thds: 256 tps: 14356.12 qps: 287078.27 (r/w/o: 200951.53/57413.39/28713.35) lat (ms,95%): 36.89 err/s: 0.00 reconn/s: 0.00
[ 90s ] thds: 256 tps: 14345.20 qps: 286943.07 (r/w/o: 200865.58/57386.89/28690.60) lat (ms,95%): 36.89 err/s: 0.00 reconn/s: 0.00
[ 100s ] thds: 256 tps: 14288.31 qps: 285806.86 (r/w/o: 200086.61/57143.63/28576.62) lat (ms,95%): 36.89 err/s: 0.00 reconn/s: 0.00
[ 110s ] thds: 256 tps: 14331.66 qps: 286617.38 (r/w/o: 200618.20/57336.16/28663.03) lat (ms,95%): 36.89 err/s: 0.00 reconn/s: 0.00
[ 120s ] thds: 256 tps: 14310.95 qps: 286186.71 (r/w/o: 200326.34/57238.98/28621.39) lat (ms,95%): 37.56 err/s: 0.00 reconn/s: 0.00
[ 130s ] thds: 256 tps: 14318.76 qps: 286372.25 (r/w/o: 200474.18/57259.95/28638.13) lat (ms,95%): 36.89 err/s: 0.00 reconn/s: 0.00
[ 140s ] thds: 256 tps: 14295.72 qps: 285956.36 (r/w/o: 200155.32/57210.19/28590.85) lat (ms,95%): 36.89 err/s: 0.10 reconn/s: 0.00
[ 150s ] thds: 256 tps: 14284.39 qps: 285690.13 (r/w/o: 199987.28/57133.47/28569.38) lat (ms,95%): 36.89 err/s: 0.10 reconn/s: 0.00
[ 160s ] thds: 256 tps: 14291.34 qps: 285800.83 (r/w/o: 200069.11/57148.55/28583.17) lat (ms,95%): 37.56 err/s: 0.00 reconn/s: 0.00
[ 170s ] thds: 256 tps: 14287.91 qps: 285691.27 (r/w/o: 199956.02/57161.23/28574.02) lat (ms,95%): 37.56 err/s: 0.00 reconn/s: 0.00
[ 180s ] thds: 256 tps: 14282.72 qps: 285698.28 (r/w/o: 200006.77/57124.98/28566.54) lat (ms,95%): 36.89 err/s: 0.00 reconn/s: 0.00
[ 190s ] thds: 256 tps: 14295.78 qps: 285939.04 (r/w/o: 200164.38/57182.71/28591.95) lat (ms,95%): 36.89 err/s: 0.00 reconn/s: 0.00
[ 200s ] thds: 256 tps: 14297.49 qps: 285983.91 (r/w/o: 200189.40/57198.94/28595.57) lat (ms,95%): 36.89 err/s: 0.10 reconn/s: 0.00
[ 210s ] thds: 256 tps: 14290.54 qps: 285815.42 (r/w/o: 200061.68/57172.86/28580.88) lat (ms,95%): 37.56 err/s: 0.10 reconn/s: 0.00
[ 220s ] thds: 256 tps: 14286.19 qps: 285644.28 (r/w/o: 199928.21/57144.38/28571.69) lat (ms,95%): 36.89 err/s: 0.00 reconn/s: 0.00
[ 230s ] thds: 256 tps: 14259.77 qps: 285323.22 (r/w/o: 199749.80/57052.28/28521.14) lat (ms,95%): 37.56 err/s: 0.00 reconn/s: 0.00
[ 240s ] thds: 256 tps: 14234.38 qps: 284613.98 (r/w/o: 199237.08/56908.34/28468.57) lat (ms,95%): 36.89 err/s: 0.00 reconn/s: 0.00
[ 250s ] thds: 256 tps: 14250.10 qps: 285021.00 (r/w/o: 199518.20/57002.10/28500.70) lat (ms,95%): 37.56 err/s: 0.10 reconn/s: 0.00
[ 260s ] thds: 256 tps: 14265.40 qps: 285311.24 (r/w/o: 199716.83/57063.41/28531.00) lat (ms,95%): 36.89 err/s: 0.00 reconn/s: 0.00
[ 270s ] thds: 256 tps: 14213.02 qps: 284205.99 (r/w/o: 198928.44/56852.10/28425.45) lat (ms,95%): 37.56 err/s: 0.00 reconn/s: 0.00
[ 280s ] thds: 256 tps: 14256.27 qps: 285187.83 (r/w/o: 199634.83/57040.67/28512.33) lat (ms,95%): 37.56 err/s: 0.00 reconn/s: 0.00
[ 290s ] thds: 256 tps: 14259.22 qps: 285119.64 (r/w/o: 199594.54/57006.07/28519.03) lat (ms,95%): 38.25 err/s: 0.00 reconn/s: 0.00
[ 300s ] thds: 256 tps: 14211.64 qps: 284236.35 (r/w/o: 198965.79/56847.17/28423.38) lat (ms,95%): 36.89 err/s: 0.00 reconn/s: 0.00
[ 310s ] thds: 256 tps: 14222.11 qps: 284506.74 (r/w/o: 199154.90/56907.23/28444.61) lat (ms,95%): 37.56 err/s: 0.00 reconn/s: 0.00
[ 320s ] thds: 256 tps: 14195.93 qps: 283948.31 (r/w/o: 198762.83/56793.72/28391.76) lat (ms,95%): 37.56 err/s: 0.00 reconn/s: 0.00
[ 330s ] thds: 256 tps: 14220.63 qps: 284322.61 (r/w/o: 199021.36/56860.40/28440.85) lat (ms,95%): 37.56 err/s: 0.00 reconn/s: 0.00
[ 340s ] thds: 256 tps: 14186.42 qps: 283680.71 (r/w/o: 198570.42/56736.96/28373.33) lat (ms,95%): 37.56 err/s: 0.10 reconn/s: 0.00
[ 350s ] thds: 256 tps: 14169.81 qps: 283493.78 (r/w/o: 198452.50/56701.56/28339.73) lat (ms,95%): 38.25 err/s: 0.00 reconn/s: 0.00
[ 360s ] thds: 256 tps: 14154.28 qps: 283083.97 (r/w/o: 198140.17/56635.43/28308.37) lat (ms,95%): 37.56 err/s: 0.00 reconn/s: 0.00
[ 370s ] thds: 256 tps: 14120.24 qps: 282367.02 (r/w/o: 197668.00/56458.64/28240.37) lat (ms,95%): 38.25 err/s: 0.00 reconn/s: 0.00
[ 380s ] thds: 256 tps: 14176.30 qps: 283590.93 (r/w/o: 198519.55/56718.09/28353.29) lat (ms,95%): 37.56 err/s: 0.00 reconn/s: 0.00
SQL statistics:
    queries performed:
        read:                            75454638
        write:                           21558434
        other:                           10779254
        total:                           107792326
    transactions:                        5389610 (14170.65 per sec.)
    queries:                             107792326 (283413.35 per sec.)
    ignored errors:                      7      (0.02 per sec.)
    reconnects:                          0      (0.00 per sec.)

General statistics:
    total time:                          380.3351s
    total number of events:              5389610

Latency (ms):
         min:                                    2.19
         avg:                                   18.05
         max:                                  342.70
         95th percentile:                       37.56
         sum:                             97274139.92

Threads fairness:
    events (avg/stddev):           21053.1641/255.49
    execution time (avg/stddev):   379.9771/0.03

