sysbench 1.0.20-ebf1c90 (using bundled LuaJIT 2.1.0-beta2)

Running the test with following options:
Number of threads: 256
Report intermediate results every 10 second(s)
Initializing random number generator from current time


Initializing worker threads...

Threads started!

[ 10s ] thds: 256 tps: 29428.94 qps: 588962.71 (r/w/o: 412316.06/117763.16/58883.48) lat (ms,95%): 14.73 err/s: 0.00 reconn/s: 0.00
[ 20s ] thds: 256 tps: 31053.34 qps: 620974.17 (r/w/o: 434682.11/124185.87/62106.19) lat (ms,95%): 13.70 err/s: 0.00 reconn/s: 0.00
[ 30s ] thds: 256 tps: 31826.34 qps: 636495.96 (r/w/o: 445542.30/127300.97/63652.69) lat (ms,95%): 13.22 err/s: 0.00 reconn/s: 0.00
[ 40s ] thds: 256 tps: 32039.39 qps: 640847.18 (r/w/o: 448599.75/128168.16/64079.28) lat (ms,95%): 13.22 err/s: 0.00 reconn/s: 0.00
[ 50s ] thds: 256 tps: 32064.09 qps: 641304.50 (r/w/o: 448912.46/128263.76/64128.28) lat (ms,95%): 13.22 err/s: 0.00 reconn/s: 0.00
[ 60s ] thds: 256 tps: 32053.65 qps: 641007.17 (r/w/o: 448692.65/128210.41/64104.11) lat (ms,95%): 13.22 err/s: 0.00 reconn/s: 0.00
[ 70s ] thds: 256 tps: 31994.82 qps: 639921.03 (r/w/o: 447958.23/127970.97/63991.83) lat (ms,95%): 13.22 err/s: 0.00 reconn/s: 0.00
[ 80s ] thds: 256 tps: 31869.03 qps: 637332.93 (r/w/o: 446129.34/127465.03/63738.56) lat (ms,95%): 13.46 err/s: 0.00 reconn/s: 0.00
[ 90s ] thds: 256 tps: 31905.90 qps: 638186.92 (r/w/o: 446745.31/127629.50/63812.10) lat (ms,95%): 13.22 err/s: 0.20 reconn/s: 0.00
[ 100s ] thds: 256 tps: 31869.99 qps: 637398.61 (r/w/o: 446181.00/127476.74/63740.87) lat (ms,95%): 13.46 err/s: 0.10 reconn/s: 0.00
[ 110s ] thds: 256 tps: 31864.31 qps: 637273.40 (r/w/o: 446079.47/127466.32/63727.61) lat (ms,95%): 13.22 err/s: 0.00 reconn/s: 0.00
[ 120s ] thds: 256 tps: 31709.59 qps: 634228.97 (r/w/o: 443967.01/126841.77/63420.19) lat (ms,95%): 13.46 err/s: 0.00 reconn/s: 0.00
[ 130s ] thds: 256 tps: 31726.47 qps: 634449.21 (r/w/o: 444107.32/126889.46/63452.43) lat (ms,95%): 13.46 err/s: 0.00 reconn/s: 0.00
[ 140s ] thds: 256 tps: 31624.85 qps: 632511.34 (r/w/o: 442751.16/126510.59/63249.59) lat (ms,95%): 13.46 err/s: 0.00 reconn/s: 0.00
[ 150s ] thds: 256 tps: 31608.37 qps: 632138.34 (r/w/o: 442499.81/126421.49/63217.04) lat (ms,95%): 13.46 err/s: 0.00 reconn/s: 0.00
[ 160s ] thds: 256 tps: 31674.99 qps: 633578.51 (r/w/o: 443512.80/126716.14/63349.57) lat (ms,95%): 13.70 err/s: 0.00 reconn/s: 0.00
[ 170s ] thds: 256 tps: 31623.48 qps: 632426.94 (r/w/o: 442700.55/126478.93/63247.46) lat (ms,95%): 13.46 err/s: 0.00 reconn/s: 0.00
[ 180s ] thds: 256 tps: 31552.35 qps: 631105.39 (r/w/o: 441757.96/126242.62/63104.81) lat (ms,95%): 13.46 err/s: 0.10 reconn/s: 0.00
[ 190s ] thds: 256 tps: 31646.77 qps: 632842.50 (r/w/o: 442992.81/126556.76/63292.93) lat (ms,95%): 13.46 err/s: 0.00 reconn/s: 0.00
[ 200s ] thds: 256 tps: 31539.42 qps: 630829.31 (r/w/o: 441594.42/126155.26/63079.63) lat (ms,95%): 13.46 err/s: 0.00 reconn/s: 0.00
[ 210s ] thds: 256 tps: 31470.31 qps: 629444.79 (r/w/o: 440606.74/125898.14/62939.92) lat (ms,95%): 13.70 err/s: 0.00 reconn/s: 0.00
[ 220s ] thds: 256 tps: 31482.08 qps: 629653.50 (r/w/o: 440747.82/125940.42/62965.26) lat (ms,95%): 13.70 err/s: 0.00 reconn/s: 0.00
[ 230s ] thds: 256 tps: 31520.96 qps: 630425.42 (r/w/o: 441314.75/126068.54/63042.12) lat (ms,95%): 13.70 err/s: 0.00 reconn/s: 0.00
[ 240s ] thds: 256 tps: 31423.02 qps: 628420.66 (r/w/o: 439889.45/125685.37/62845.84) lat (ms,95%): 13.70 err/s: 0.00 reconn/s: 0.00
[ 250s ] thds: 256 tps: 31490.27 qps: 629819.55 (r/w/o: 440876.61/125962.69/62980.24) lat (ms,95%): 13.46 err/s: 0.00 reconn/s: 0.00
[ 260s ] thds: 256 tps: 31408.15 qps: 628118.23 (r/w/o: 439675.22/125626.81/62816.20) lat (ms,95%): 13.46 err/s: 0.00 reconn/s: 0.00
[ 270s ] thds: 256 tps: 31319.11 qps: 626372.32 (r/w/o: 438450.96/125283.55/62637.82) lat (ms,95%): 13.70 err/s: 0.00 reconn/s: 0.00
[ 280s ] thds: 256 tps: 31372.02 qps: 627488.37 (r/w/o: 439250.13/125493.39/62744.85) lat (ms,95%): 13.70 err/s: 0.00 reconn/s: 0.00
[ 290s ] thds: 256 tps: 31299.49 qps: 625996.69 (r/w/o: 438211.12/125186.68/62598.89) lat (ms,95%): 13.70 err/s: 0.00 reconn/s: 0.00
[ 300s ] thds: 256 tps: 31349.47 qps: 626977.71 (r/w/o: 438872.92/125406.46/62698.33) lat (ms,95%): 13.46 err/s: 0.00 reconn/s: 0.00
[ 310s ] thds: 256 tps: 31374.82 qps: 627530.89 (r/w/o: 439271.04/125509.50/62750.35) lat (ms,95%): 13.70 err/s: 0.00 reconn/s: 0.00
[ 320s ] thds: 256 tps: 31264.53 qps: 625207.93 (r/w/o: 437642.47/125037.51/62527.95) lat (ms,95%): 13.70 err/s: 0.00 reconn/s: 0.00
[ 330s ] thds: 256 tps: 31302.92 qps: 626109.25 (r/w/o: 438267.82/125234.59/62606.85) lat (ms,95%): 13.70 err/s: 0.00 reconn/s: 0.00
[ 340s ] thds: 256 tps: 31249.20 qps: 624987.74 (r/w/o: 437497.96/124992.99/62496.79) lat (ms,95%): 13.70 err/s: 0.00 reconn/s: 0.00
[ 350s ] thds: 256 tps: 31121.13 qps: 622410.48 (r/w/o: 435690.28/124476.34/62243.87) lat (ms,95%): 13.70 err/s: 0.00 reconn/s: 0.00
[ 360s ] thds: 256 tps: 31152.99 qps: 623083.28 (r/w/o: 436170.92/124606.08/62306.29) lat (ms,95%): 13.70 err/s: 0.00 reconn/s: 0.00
[ 370s ] thds: 256 tps: 31118.78 qps: 622391.90 (r/w/o: 435669.62/124484.72/62237.56) lat (ms,95%): 13.70 err/s: 0.10 reconn/s: 0.00
[ 380s ] thds: 256 tps: 31158.19 qps: 623119.99 (r/w/o: 436184.53/124618.88/62316.59) lat (ms,95%): 13.70 err/s: 0.00 reconn/s: 0.00
SQL statistics:
    queries performed:
        read:                            167521634
        write:                           47863307
        other:                           23931669
        total:                           239316610
    transactions:                        11965826 (31475.07 per sec.)
    queries:                             239316610 (629501.54 per sec.)
    ignored errors:                      5      (0.01 per sec.)
    reconnects:                          0      (0.00 per sec.)

General statistics:
    total time:                          380.1674s
    total number of events:              11965826

Latency (ms):
         min:                                    2.04
         avg:                                    8.13
         max:                                  201.06
         95th percentile:                       13.46
         sum:                             97269212.78

Threads fairness:
    events (avg/stddev):           46741.5078/695.15
    execution time (avg/stddev):   379.9579/0.03

