sysbench 1.0.20-ebf1c90 (using bundled LuaJIT 2.1.0-beta2)

Running the test with following options:
Number of threads: 256
Report intermediate results every 10 second(s)
Initializing random number generator from current time


Initializing worker threads...

Threads started!

[ 10s ] thds: 256 tps: 12760.19 qps: 255556.18 (r/w/o: 178942.87/51067.54/25545.77) lat (ms,95%): 41.10 err/s: 0.00 reconn/s: 0.00
[ 20s ] thds: 256 tps: 13609.03 qps: 272118.29 (r/w/o: 190469.28/54431.84/27217.17) lat (ms,95%): 38.94 err/s: 0.00 reconn/s: 0.00
[ 30s ] thds: 256 tps: 13767.06 qps: 275368.46 (r/w/o: 192757.81/55076.43/27534.22) lat (ms,95%): 38.94 err/s: 0.10 reconn/s: 0.00
[ 40s ] thds: 256 tps: 14005.83 qps: 280198.52 (r/w/o: 196140.57/56045.50/28012.45) lat (ms,95%): 38.25 err/s: 0.00 reconn/s: 0.00
[ 50s ] thds: 256 tps: 14187.11 qps: 283660.37 (r/w/o: 198567.62/56718.43/28374.32) lat (ms,95%): 36.89 err/s: 0.00 reconn/s: 0.00
[ 60s ] thds: 256 tps: 14354.11 qps: 287094.07 (r/w/o: 200957.62/57429.03/28707.42) lat (ms,95%): 36.24 err/s: 0.00 reconn/s: 0.00
[ 70s ] thds: 256 tps: 14367.63 qps: 287297.06 (r/w/o: 201111.39/57449.51/28736.16) lat (ms,95%): 36.89 err/s: 0.00 reconn/s: 0.00
[ 80s ] thds: 256 tps: 14335.87 qps: 286793.24 (r/w/o: 200756.11/57365.89/28671.24) lat (ms,95%): 36.89 err/s: 0.00 reconn/s: 0.00
[ 90s ] thds: 256 tps: 14365.82 qps: 287316.78 (r/w/o: 201127.97/57456.08/28732.74) lat (ms,95%): 36.89 err/s: 0.00 reconn/s: 0.00
[ 100s ] thds: 256 tps: 14342.10 qps: 286871.90 (r/w/o: 200812.17/57375.52/28684.21) lat (ms,95%): 36.89 err/s: 0.00 reconn/s: 0.00
[ 110s ] thds: 256 tps: 14324.99 qps: 286554.48 (r/w/o: 200576.52/57327.78/28650.19) lat (ms,95%): 36.89 err/s: 0.00 reconn/s: 0.00
[ 120s ] thds: 256 tps: 14303.31 qps: 285886.63 (r/w/o: 200117.19/57163.53/28605.91) lat (ms,95%): 37.56 err/s: 0.00 reconn/s: 0.00
[ 130s ] thds: 256 tps: 14257.64 qps: 285295.94 (r/w/o: 199725.22/57054.75/28515.97) lat (ms,95%): 36.89 err/s: 0.00 reconn/s: 0.00
[ 140s ] thds: 256 tps: 14322.70 qps: 286466.11 (r/w/o: 200520.51/57300.30/28645.30) lat (ms,95%): 36.89 err/s: 0.00 reconn/s: 0.00
[ 150s ] thds: 256 tps: 14311.79 qps: 286206.92 (r/w/o: 200349.37/57233.66/28623.88) lat (ms,95%): 36.89 err/s: 0.10 reconn/s: 0.00
[ 160s ] thds: 256 tps: 14302.46 qps: 286002.34 (r/w/o: 200202.87/57194.65/28604.82) lat (ms,95%): 37.56 err/s: 0.00 reconn/s: 0.00
[ 170s ] thds: 256 tps: 14301.32 qps: 286050.12 (r/w/o: 200230.39/57216.78/28602.94) lat (ms,95%): 37.56 err/s: 0.00 reconn/s: 0.00
[ 180s ] thds: 256 tps: 14330.60 qps: 286600.04 (r/w/o: 200637.33/57301.61/28661.10) lat (ms,95%): 36.89 err/s: 0.00 reconn/s: 0.00
[ 190s ] thds: 256 tps: 14284.19 qps: 285724.84 (r/w/o: 200008.32/57147.85/28568.67) lat (ms,95%): 36.89 err/s: 0.00 reconn/s: 0.00
[ 200s ] thds: 256 tps: 14277.13 qps: 285481.87 (r/w/o: 199816.97/57110.83/28554.07) lat (ms,95%): 36.89 err/s: 0.00 reconn/s: 0.00
[ 210s ] thds: 256 tps: 14274.60 qps: 285492.72 (r/w/o: 199845.04/57098.58/28549.09) lat (ms,95%): 37.56 err/s: 0.00 reconn/s: 0.00
[ 220s ] thds: 256 tps: 14262.86 qps: 285265.93 (r/w/o: 199684.16/57056.75/28525.02) lat (ms,95%): 36.89 err/s: 0.00 reconn/s: 0.00
[ 230s ] thds: 256 tps: 14299.34 qps: 285990.73 (r/w/o: 200175.68/57215.97/28599.08) lat (ms,95%): 37.56 err/s: 0.00 reconn/s: 0.00
[ 240s ] thds: 256 tps: 14261.24 qps: 285207.40 (r/w/o: 199658.33/57027.88/28521.19) lat (ms,95%): 36.89 err/s: 0.00 reconn/s: 0.00
[ 250s ] thds: 256 tps: 14303.27 qps: 286025.49 (r/w/o: 200217.74/57199.60/28608.15) lat (ms,95%): 36.89 err/s: 0.00 reconn/s: 0.00
[ 260s ] thds: 256 tps: 14236.77 qps: 284871.25 (r/w/o: 199420.05/56977.07/28474.14) lat (ms,95%): 36.89 err/s: 0.00 reconn/s: 0.00
[ 270s ] thds: 256 tps: 14283.28 qps: 285626.82 (r/w/o: 199945.26/57114.90/28566.65) lat (ms,95%): 37.56 err/s: 0.00 reconn/s: 0.00
[ 280s ] thds: 256 tps: 14247.98 qps: 284986.77 (r/w/o: 199480.67/57010.13/28495.97) lat (ms,95%): 37.56 err/s: 0.00 reconn/s: 0.00
[ 290s ] thds: 256 tps: 14243.97 qps: 284850.77 (r/w/o: 199397.56/56965.27/28487.94) lat (ms,95%): 37.56 err/s: 0.00 reconn/s: 0.00
[ 300s ] thds: 256 tps: 14246.29 qps: 284886.52 (r/w/o: 199410.17/56985.26/28491.08) lat (ms,95%): 36.89 err/s: 0.00 reconn/s: 0.00
[ 310s ] thds: 256 tps: 14224.22 qps: 284498.47 (r/w/o: 199165.93/56882.69/28449.85) lat (ms,95%): 37.56 err/s: 0.00 reconn/s: 0.00
[ 320s ] thds: 256 tps: 14215.87 qps: 284291.75 (r/w/o: 198997.14/56863.27/28431.33) lat (ms,95%): 37.56 err/s: 0.00 reconn/s: 0.00
[ 330s ] thds: 256 tps: 14185.77 qps: 283693.85 (r/w/o: 198580.42/56741.89/28371.55) lat (ms,95%): 37.56 err/s: 0.00 reconn/s: 0.00
[ 340s ] thds: 256 tps: 14189.21 qps: 283835.67 (r/w/o: 198698.79/56757.85/28379.03) lat (ms,95%): 38.25 err/s: 0.00 reconn/s: 0.00
[ 350s ] thds: 256 tps: 14190.54 qps: 283758.06 (r/w/o: 198624.80/56752.37/28380.89) lat (ms,95%): 37.56 err/s: 0.00 reconn/s: 0.00
[ 360s ] thds: 256 tps: 14118.30 qps: 282396.25 (r/w/o: 197680.64/56479.01/28236.61) lat (ms,95%): 37.56 err/s: 0.00 reconn/s: 0.00
[ 370s ] thds: 256 tps: 14181.42 qps: 283599.77 (r/w/o: 198515.83/56721.09/28362.85) lat (ms,95%): 38.25 err/s: 0.00 reconn/s: 0.00
[ 380s ] thds: 256 tps: 14093.40 qps: 281875.36 (r/w/o: 197296.94/56392.61/28185.81) lat (ms,95%): 37.56 err/s: 0.00 reconn/s: 0.00
SQL statistics:
    queries performed:
        read:                            75487482
        write:                           21567833
        other:                           10783941
        total:                           107839256
    transactions:                        5391961 (14132.32 per sec.)
    queries:                             107839256 (282646.41 per sec.)
    ignored errors:                      2      (0.01 per sec.)
    reconnects:                          0      (0.00 per sec.)

General statistics:
    total time:                          381.5332s
    total number of events:              5391961

Latency (ms):
         min:                                    2.45
         avg:                                   18.06
         max:                                 1581.19
         95th percentile:                       37.56
         sum:                             97366656.74

Threads fairness:
    events (avg/stddev):           21062.3477/254.41
    execution time (avg/stddev):   380.3385/0.47

