sysbench 1.0.20-ebf1c90 (using bundled LuaJIT 2.1.0-beta2)

Running the test with following options:
Number of threads: 256
Report intermediate results every 10 second(s)
Initializing random number generator from current time


Initializing worker threads...

Threads started!

[ 10s ] thds: 256 tps: 12671.06 qps: 253801.49 (r/w/o: 177705.42/50728.54/25367.52) lat (ms,95%): 41.85 err/s: 0.00 reconn/s: 0.00
[ 20s ] thds: 256 tps: 13646.12 qps: 272905.36 (r/w/o: 191044.45/54568.57/27292.34) lat (ms,95%): 38.94 err/s: 0.00 reconn/s: 0.00
[ 30s ] thds: 256 tps: 13785.34 qps: 275681.66 (r/w/o: 192974.01/55136.87/27570.79) lat (ms,95%): 38.94 err/s: 0.00 reconn/s: 0.00
[ 40s ] thds: 256 tps: 14012.47 qps: 280278.54 (r/w/o: 196191.81/56061.99/28024.74) lat (ms,95%): 37.56 err/s: 0.00 reconn/s: 0.00
[ 50s ] thds: 256 tps: 14225.97 qps: 284458.37 (r/w/o: 199109.73/56898.89/28449.75) lat (ms,95%): 36.24 err/s: 0.00 reconn/s: 0.00
[ 60s ] thds: 256 tps: 14275.13 qps: 285501.99 (r/w/o: 199852.91/57096.72/28552.36) lat (ms,95%): 36.24 err/s: 0.00 reconn/s: 0.00
[ 70s ] thds: 256 tps: 14321.99 qps: 286527.91 (r/w/o: 200570.56/57313.06/28644.28) lat (ms,95%): 36.89 err/s: 0.00 reconn/s: 0.00
[ 80s ] thds: 256 tps: 14318.09 qps: 286302.89 (r/w/o: 200429.05/57237.66/28636.18) lat (ms,95%): 36.89 err/s: 0.00 reconn/s: 0.00
[ 90s ] thds: 256 tps: 14319.21 qps: 286453.55 (r/w/o: 200508.18/57306.75/28638.63) lat (ms,95%): 36.89 err/s: 0.00 reconn/s: 0.00
[ 100s ] thds: 256 tps: 14300.49 qps: 285909.65 (r/w/o: 200137.49/57171.57/28600.58) lat (ms,95%): 36.89 err/s: 0.00 reconn/s: 0.00
[ 110s ] thds: 256 tps: 14298.58 qps: 285999.36 (r/w/o: 200199.26/57203.53/28596.57) lat (ms,95%): 36.89 err/s: 0.00 reconn/s: 0.00
[ 120s ] thds: 256 tps: 14257.71 qps: 285127.93 (r/w/o: 199579.26/57032.15/28516.52) lat (ms,95%): 37.56 err/s: 0.00 reconn/s: 0.00
[ 130s ] thds: 256 tps: 14264.30 qps: 285315.35 (r/w/o: 199734.36/57052.79/28528.20) lat (ms,95%): 36.89 err/s: 0.00 reconn/s: 0.00
[ 140s ] thds: 256 tps: 14254.94 qps: 285069.01 (r/w/o: 199536.20/57024.24/28508.57) lat (ms,95%): 36.89 err/s: 0.00 reconn/s: 0.00
[ 150s ] thds: 256 tps: 14261.65 qps: 285256.70 (r/w/o: 199684.93/57047.58/28524.19) lat (ms,95%): 37.56 err/s: 0.00 reconn/s: 0.00
[ 160s ] thds: 256 tps: 14325.32 qps: 286564.39 (r/w/o: 200603.97/57308.88/28651.54) lat (ms,95%): 37.56 err/s: 0.10 reconn/s: 0.00
[ 170s ] thds: 256 tps: 14285.50 qps: 285662.29 (r/w/o: 199956.57/57134.72/28571.01) lat (ms,95%): 37.56 err/s: 0.10 reconn/s: 0.00
[ 180s ] thds: 256 tps: 14235.84 qps: 284657.66 (r/w/o: 199227.93/56958.55/28471.18) lat (ms,95%): 37.56 err/s: 0.00 reconn/s: 0.00
[ 190s ] thds: 256 tps: 14236.78 qps: 284814.97 (r/w/o: 199403.10/56937.71/28474.16) lat (ms,95%): 36.89 err/s: 0.00 reconn/s: 0.00
[ 200s ] thds: 256 tps: 14226.28 qps: 284479.83 (r/w/o: 199125.07/56902.81/28451.95) lat (ms,95%): 36.89 err/s: 0.00 reconn/s: 0.00
[ 210s ] thds: 256 tps: 14283.75 qps: 285775.31 (r/w/o: 200053.41/57153.40/28568.50) lat (ms,95%): 37.56 err/s: 0.00 reconn/s: 0.00
[ 220s ] thds: 256 tps: 14253.86 qps: 284976.54 (r/w/o: 199463.67/57007.45/28505.42) lat (ms,95%): 36.89 err/s: 0.00 reconn/s: 0.00
[ 230s ] thds: 256 tps: 14224.16 qps: 284548.58 (r/w/o: 199215.13/56882.64/28450.82) lat (ms,95%): 37.56 err/s: 0.00 reconn/s: 0.00
[ 240s ] thds: 256 tps: 14204.52 qps: 284049.71 (r/w/o: 198837.68/56803.08/28408.94) lat (ms,95%): 37.56 err/s: 0.10 reconn/s: 0.00
[ 250s ] thds: 256 tps: 14194.03 qps: 283913.97 (r/w/o: 198732.20/56793.31/28388.46) lat (ms,95%): 37.56 err/s: 0.00 reconn/s: 0.00
[ 260s ] thds: 256 tps: 14206.78 qps: 284095.62 (r/w/o: 198863.53/56818.92/28413.16) lat (ms,95%): 36.89 err/s: 0.00 reconn/s: 0.00
[ 270s ] thds: 256 tps: 14192.01 qps: 283765.44 (r/w/o: 198627.40/56753.83/28384.21) lat (ms,95%): 37.56 err/s: 0.00 reconn/s: 0.00
[ 280s ] thds: 256 tps: 14195.79 qps: 283947.65 (r/w/o: 198766.53/56790.45/28390.68) lat (ms,95%): 37.56 err/s: 0.10 reconn/s: 0.00
[ 290s ] thds: 256 tps: 14179.30 qps: 283644.21 (r/w/o: 198559.31/56725.30/28359.60) lat (ms,95%): 38.25 err/s: 0.00 reconn/s: 0.00
[ 300s ] thds: 256 tps: 14196.01 qps: 283930.29 (r/w/o: 198753.40/56784.66/28392.23) lat (ms,95%): 36.89 err/s: 0.10 reconn/s: 0.00
[ 310s ] thds: 256 tps: 14172.96 qps: 283454.53 (r/w/o: 198420.59/56687.83/28346.11) lat (ms,95%): 38.25 err/s: 0.00 reconn/s: 0.00
[ 320s ] thds: 256 tps: 14173.41 qps: 283460.02 (r/w/o: 198423.76/56689.44/28346.82) lat (ms,95%): 37.56 err/s: 0.00 reconn/s: 0.00
[ 330s ] thds: 256 tps: 14138.33 qps: 282800.64 (r/w/o: 197963.18/56560.51/28276.95) lat (ms,95%): 37.56 err/s: 0.00 reconn/s: 0.00
[ 340s ] thds: 256 tps: 14190.89 qps: 283826.30 (r/w/o: 198644.86/56800.16/28381.28) lat (ms,95%): 37.56 err/s: 0.00 reconn/s: 0.00
[ 350s ] thds: 256 tps: 14159.33 qps: 283242.49 (r/w/o: 198272.11/56651.32/28319.06) lat (ms,95%): 37.56 err/s: 0.00 reconn/s: 0.00
[ 360s ] thds: 256 tps: 14095.54 qps: 281768.48 (r/w/o: 197255.84/56322.05/28190.58) lat (ms,95%): 37.56 err/s: 0.00 reconn/s: 0.00
[ 370s ] thds: 256 tps: 14124.14 qps: 282470.93 (r/w/o: 197717.51/56504.55/28248.87) lat (ms,95%): 38.25 err/s: 0.00 reconn/s: 0.00
[ 380s ] thds: 256 tps: 13936.29 qps: 278711.90 (r/w/o: 195100.19/55738.94/27872.77) lat (ms,95%): 37.56 err/s: 0.10 reconn/s: 0.00
SQL statistics:
    queries performed:
        read:                            75274010
        write:                           21506836
        other:                           10753442
        total:                           107534288
    transactions:                        5376709 (14095.88 per sec.)
    queries:                             107534288 (281917.94 per sec.)
    ignored errors:                      6      (0.02 per sec.)
    reconnects:                          0      (0.00 per sec.)

General statistics:
    total time:                          381.4373s
    total number of events:              5376709

Latency (ms):
         min:                                    2.35
         avg:                                   18.13
         max:                                 1515.52
         95th percentile:                       37.56
         sum:                             97467867.79

Threads fairness:
    events (avg/stddev):           21002.7695/260.69
    execution time (avg/stddev):   380.7339/0.31

