sysbench 1.0.20-ebf1c90 (using bundled LuaJIT 2.1.0-beta2)

Running the test with following options:
Number of threads: 32
Report intermediate results every 10 second(s)
Initializing random number generator from current time


Initializing worker threads...

Threads started!

[ 10s ] thds: 32 tps: 9803.64 qps: 196106.04 (r/w/o: 137279.39/39216.47/19610.18) lat (ms,95%): 4.18 err/s: 0.00 reconn/s: 0.00
[ 20s ] thds: 32 tps: 11607.98 qps: 232154.94 (r/w/o: 162507.64/46431.43/23215.86) lat (ms,95%): 3.89 err/s: 0.00 reconn/s: 0.00
[ 30s ] thds: 32 tps: 12713.41 qps: 254274.14 (r/w/o: 177992.80/50854.13/25427.21) lat (ms,95%): 3.62 err/s: 0.00 reconn/s: 0.00
[ 40s ] thds: 32 tps: 13400.68 qps: 268005.58 (r/w/o: 187602.58/53601.64/26801.37) lat (ms,95%): 3.49 err/s: 0.00 reconn/s: 0.00
[ 50s ] thds: 32 tps: 13768.93 qps: 275385.98 (r/w/o: 192771.67/55076.54/27537.77) lat (ms,95%): 3.49 err/s: 0.00 reconn/s: 0.00
[ 60s ] thds: 32 tps: 13953.78 qps: 279070.81 (r/w/o: 195348.13/55815.22/27907.46) lat (ms,95%): 3.36 err/s: 0.00 reconn/s: 0.00
[ 70s ] thds: 32 tps: 14266.89 qps: 285338.99 (r/w/o: 199738.62/57066.68/28533.69) lat (ms,95%): 3.19 err/s: 0.00 reconn/s: 0.00
[ 80s ] thds: 32 tps: 14113.50 qps: 282273.26 (r/w/o: 197592.07/56453.89/28227.30) lat (ms,95%): 3.49 err/s: 0.00 reconn/s: 0.00
[ 90s ] thds: 32 tps: 14211.81 qps: 284236.35 (r/w/o: 198963.98/56848.95/28423.43) lat (ms,95%): 3.25 err/s: 0.00 reconn/s: 0.00
[ 100s ] thds: 32 tps: 14335.85 qps: 286711.85 (r/w/o: 200697.76/57342.39/28671.69) lat (ms,95%): 3.30 err/s: 0.00 reconn/s: 0.00
[ 110s ] thds: 32 tps: 14291.38 qps: 285831.31 (r/w/o: 200082.66/57165.80/28582.85) lat (ms,95%): 3.36 err/s: 0.00 reconn/s: 0.00
[ 120s ] thds: 32 tps: 14202.03 qps: 284041.75 (r/w/o: 198829.48/56808.21/28404.05) lat (ms,95%): 3.36 err/s: 0.00 reconn/s: 0.00
[ 130s ] thds: 32 tps: 14406.37 qps: 288124.84 (r/w/o: 201687.84/57624.37/28812.63) lat (ms,95%): 3.07 err/s: 0.00 reconn/s: 0.00
[ 140s ] thds: 32 tps: 14509.37 qps: 290195.62 (r/w/o: 203137.20/58039.58/29018.84) lat (ms,95%): 3.13 err/s: 0.00 reconn/s: 0.00
[ 150s ] thds: 32 tps: 14375.52 qps: 287506.14 (r/w/o: 201255.24/57499.77/28751.13) lat (ms,95%): 3.30 err/s: 0.00 reconn/s: 0.00
[ 160s ] thds: 32 tps: 14296.82 qps: 285935.37 (r/w/o: 200154.06/57188.07/28593.24) lat (ms,95%): 3.19 err/s: 0.00 reconn/s: 0.00
[ 170s ] thds: 32 tps: 14463.65 qps: 289273.58 (r/w/o: 202490.86/57855.02/28927.71) lat (ms,95%): 3.19 err/s: 0.00 reconn/s: 0.00
[ 180s ] thds: 32 tps: 14367.49 qps: 287348.71 (r/w/o: 201143.90/57469.94/28734.87) lat (ms,95%): 3.19 err/s: 0.00 reconn/s: 0.00
[ 190s ] thds: 32 tps: 14608.34 qps: 292162.97 (r/w/o: 204513.31/58433.07/29216.59) lat (ms,95%): 3.19 err/s: 0.00 reconn/s: 0.00
[ 200s ] thds: 32 tps: 14309.51 qps: 286194.83 (r/w/o: 200338.49/57237.13/28619.21) lat (ms,95%): 3.30 err/s: 0.00 reconn/s: 0.00
[ 210s ] thds: 32 tps: 14093.41 qps: 281867.57 (r/w/o: 197305.39/56375.35/28186.83) lat (ms,95%): 3.36 err/s: 0.00 reconn/s: 0.00
[ 220s ] thds: 32 tps: 14384.11 qps: 287680.60 (r/w/o: 201377.51/57535.36/28767.73) lat (ms,95%): 3.19 err/s: 0.00 reconn/s: 0.00
[ 230s ] thds: 32 tps: 14368.59 qps: 287375.84 (r/w/o: 201163.12/57475.15/28737.57) lat (ms,95%): 3.30 err/s: 0.00 reconn/s: 0.00
[ 240s ] thds: 32 tps: 14655.31 qps: 293100.61 (r/w/o: 205169.35/58620.64/29310.62) lat (ms,95%): 3.13 err/s: 0.00 reconn/s: 0.00
[ 250s ] thds: 32 tps: 14062.00 qps: 281248.61 (r/w/o: 196875.61/56249.00/28124.00) lat (ms,95%): 3.43 err/s: 0.00 reconn/s: 0.00
[ 260s ] thds: 32 tps: 14375.97 qps: 287509.92 (r/w/o: 201255.62/57502.36/28751.93) lat (ms,95%): 3.25 err/s: 0.00 reconn/s: 0.00
[ 270s ] thds: 32 tps: 14160.73 qps: 283214.73 (r/w/o: 198251.04/56642.23/28321.46) lat (ms,95%): 3.36 err/s: 0.00 reconn/s: 0.00
[ 280s ] thds: 32 tps: 14098.22 qps: 281969.83 (r/w/o: 197378.43/56394.87/28196.53) lat (ms,95%): 3.43 err/s: 0.00 reconn/s: 0.00
[ 290s ] thds: 32 tps: 14145.69 qps: 282912.32 (r/w/o: 198038.68/56582.26/28291.38) lat (ms,95%): 3.36 err/s: 0.00 reconn/s: 0.00
[ 300s ] thds: 32 tps: 14369.34 qps: 287388.46 (r/w/o: 201172.00/57477.77/28738.69) lat (ms,95%): 3.30 err/s: 0.00 reconn/s: 0.00
[ 310s ] thds: 32 tps: 14311.23 qps: 286225.75 (r/w/o: 200358.89/57244.41/28622.46) lat (ms,95%): 3.19 err/s: 0.00 reconn/s: 0.00
[ 320s ] thds: 32 tps: 14129.69 qps: 282592.72 (r/w/o: 197814.58/56518.86/28259.28) lat (ms,95%): 3.36 err/s: 0.00 reconn/s: 0.00
[ 330s ] thds: 32 tps: 14466.30 qps: 289320.56 (r/w/o: 202523.27/57864.59/28932.70) lat (ms,95%): 3.19 err/s: 0.00 reconn/s: 0.00
[ 340s ] thds: 32 tps: 14142.59 qps: 282854.11 (r/w/o: 197998.27/56570.86/28284.98) lat (ms,95%): 3.36 err/s: 0.00 reconn/s: 0.00
[ 350s ] thds: 32 tps: 14048.85 qps: 280977.45 (r/w/o: 196684.74/56194.91/28097.81) lat (ms,95%): 3.36 err/s: 0.00 reconn/s: 0.00
[ 360s ] thds: 32 tps: 14086.15 qps: 281721.02 (r/w/o: 197204.14/56344.58/28172.29) lat (ms,95%): 3.49 err/s: 0.00 reconn/s: 0.00
[ 370s ] thds: 32 tps: 13974.41 qps: 279489.02 (r/w/o: 195642.48/55897.62/27948.91) lat (ms,95%): 3.36 err/s: 0.00 reconn/s: 0.00
[ 380s ] thds: 32 tps: 13913.51 qps: 278272.40 (r/w/o: 194791.54/55654.24/27826.62) lat (ms,95%): 3.36 err/s: 0.00 reconn/s: 0.00
SQL statistics:
    queries performed:
        read:                            74451608
        write:                           21271888
        other:                           10635944
        total:                           106359440
    transactions:                        5317972 (13993.87 per sec.)
    queries:                             106359440 (279877.41 per sec.)
    ignored errors:                      0      (0.00 per sec.)
    reconnects:                          0      (0.00 per sec.)

General statistics:
    total time:                          380.0206s
    total number of events:              5317972

Latency (ms):
         min:                                    1.41
         avg:                                    2.29
         max:                                  120.85
         95th percentile:                        3.36
         sum:                             12156256.37

Threads fairness:
    events (avg/stddev):           166186.6250/8741.77
    execution time (avg/stddev):   379.8830/0.01

