sysbench 1.0.20-ebf1c90 (using bundled LuaJIT 2.1.0-beta2)

Running the test with following options:
Number of threads: 32
Report intermediate results every 10 second(s)
Initializing random number generator from current time


Initializing worker threads...

Threads started!

[ 10s ] thds: 32 tps: 9351.08 qps: 187053.76 (r/w/o: 130942.96/37405.43/18705.37) lat (ms,95%): 4.18 err/s: 0.00 reconn/s: 0.00
[ 20s ] thds: 32 tps: 11055.94 qps: 221119.15 (r/w/o: 154783.03/44224.55/22111.58) lat (ms,95%): 4.10 err/s: 0.00 reconn/s: 0.00
[ 30s ] thds: 32 tps: 12110.41 qps: 242206.83 (r/w/o: 169545.29/48440.73/24220.81) lat (ms,95%): 3.75 err/s: 0.00 reconn/s: 0.00
[ 40s ] thds: 32 tps: 12781.12 qps: 255627.67 (r/w/o: 178939.56/51125.67/25562.44) lat (ms,95%): 3.55 err/s: 0.00 reconn/s: 0.00
[ 50s ] thds: 32 tps: 13279.07 qps: 265577.61 (r/w/o: 185904.29/53115.28/26558.04) lat (ms,95%): 3.49 err/s: 0.00 reconn/s: 0.00
[ 60s ] thds: 32 tps: 13079.59 qps: 261592.06 (r/w/o: 183113.70/52319.17/26159.19) lat (ms,95%): 3.82 err/s: 0.00 reconn/s: 0.00
[ 70s ] thds: 32 tps: 13333.21 qps: 266669.60 (r/w/o: 186670.51/53332.46/26666.63) lat (ms,95%): 3.62 err/s: 0.00 reconn/s: 0.00
[ 80s ] thds: 32 tps: 13418.69 qps: 268366.59 (r/w/o: 187854.72/53674.58/26837.29) lat (ms,95%): 3.75 err/s: 0.00 reconn/s: 0.00
[ 90s ] thds: 32 tps: 13587.50 qps: 271757.50 (r/w/o: 190232.10/54350.30/27175.10) lat (ms,95%): 3.55 err/s: 0.00 reconn/s: 0.00
[ 100s ] thds: 32 tps: 13701.69 qps: 274032.95 (r/w/o: 191822.79/54806.87/27403.28) lat (ms,95%): 3.49 err/s: 0.00 reconn/s: 0.00
[ 110s ] thds: 32 tps: 13810.33 qps: 276204.45 (r/w/o: 193343.39/55240.41/27620.66) lat (ms,95%): 3.43 err/s: 0.00 reconn/s: 0.00
[ 120s ] thds: 32 tps: 13876.66 qps: 277536.59 (r/w/o: 194275.60/55507.46/27753.53) lat (ms,95%): 3.43 err/s: 0.00 reconn/s: 0.00
[ 130s ] thds: 32 tps: 13143.86 qps: 262872.34 (r/w/o: 184008.80/52575.93/26287.61) lat (ms,95%): 3.68 err/s: 0.00 reconn/s: 0.00
[ 140s ] thds: 32 tps: 13358.36 qps: 267167.68 (r/w/o: 187017.90/53433.16/26716.63) lat (ms,95%): 3.62 err/s: 0.00 reconn/s: 0.00
[ 150s ] thds: 32 tps: 13810.29 qps: 276208.17 (r/w/o: 193347.44/55240.15/27620.58) lat (ms,95%): 3.36 err/s: 0.00 reconn/s: 0.00
[ 160s ] thds: 32 tps: 13377.49 qps: 267550.32 (r/w/o: 187284.48/53510.86/26754.98) lat (ms,95%): 3.68 err/s: 0.00 reconn/s: 0.00
[ 170s ] thds: 32 tps: 13456.04 qps: 269117.47 (r/w/o: 188380.51/53824.97/26911.99) lat (ms,95%): 3.68 err/s: 0.00 reconn/s: 0.00
[ 180s ] thds: 32 tps: 13419.18 qps: 268383.20 (r/w/o: 187869.15/53675.50/26838.55) lat (ms,95%): 3.68 err/s: 0.00 reconn/s: 0.00
[ 190s ] thds: 32 tps: 13277.85 qps: 265556.22 (r/w/o: 185889.42/53111.30/26555.50) lat (ms,95%): 3.68 err/s: 0.00 reconn/s: 0.00
[ 200s ] thds: 32 tps: 13152.35 qps: 263047.94 (r/w/o: 184132.66/52610.39/26304.89) lat (ms,95%): 3.75 err/s: 0.00 reconn/s: 0.00
[ 210s ] thds: 32 tps: 13553.46 qps: 271068.24 (r/w/o: 189748.27/54213.25/27106.72) lat (ms,95%): 3.62 err/s: 0.00 reconn/s: 0.00
[ 220s ] thds: 32 tps: 13495.56 qps: 269912.79 (r/w/o: 188939.61/53981.86/26991.33) lat (ms,95%): 3.62 err/s: 0.00 reconn/s: 0.00
[ 230s ] thds: 32 tps: 13591.81 qps: 271832.75 (r/w/o: 190282.47/54366.75/27183.52) lat (ms,95%): 3.62 err/s: 0.00 reconn/s: 0.00
[ 240s ] thds: 32 tps: 13220.22 qps: 264402.80 (r/w/o: 185081.61/52880.96/26440.23) lat (ms,95%): 3.75 err/s: 0.00 reconn/s: 0.00
[ 250s ] thds: 32 tps: 13109.48 qps: 262194.06 (r/w/o: 183536.46/52438.33/26219.27) lat (ms,95%): 3.82 err/s: 0.00 reconn/s: 0.00
[ 260s ] thds: 32 tps: 13220.47 qps: 264409.01 (r/w/o: 185085.41/52882.66/26440.93) lat (ms,95%): 3.75 err/s: 0.00 reconn/s: 0.00
[ 270s ] thds: 32 tps: 13233.55 qps: 264671.99 (r/w/o: 185271.86/52933.12/26467.01) lat (ms,95%): 3.75 err/s: 0.00 reconn/s: 0.00
[ 280s ] thds: 32 tps: 13287.34 qps: 265744.33 (r/w/o: 186020.31/53149.25/26574.77) lat (ms,95%): 3.68 err/s: 0.00 reconn/s: 0.00
[ 290s ] thds: 32 tps: 12697.24 qps: 253951.42 (r/w/o: 177766.48/50790.66/25394.28) lat (ms,95%): 4.10 err/s: 0.00 reconn/s: 0.00
[ 300s ] thds: 32 tps: 13148.34 qps: 262962.76 (r/w/o: 184073.43/52592.45/26296.88) lat (ms,95%): 3.75 err/s: 0.00 reconn/s: 0.00
[ 310s ] thds: 32 tps: 12892.14 qps: 257842.06 (r/w/o: 180488.10/51569.87/25784.09) lat (ms,95%): 3.96 err/s: 0.00 reconn/s: 0.00
[ 320s ] thds: 32 tps: 12988.65 qps: 259773.55 (r/w/o: 181841.83/51954.31/25977.40) lat (ms,95%): 3.89 err/s: 0.00 reconn/s: 0.00
[ 330s ] thds: 32 tps: 13390.32 qps: 267804.70 (r/w/o: 187463.61/53560.36/26780.73) lat (ms,95%): 3.68 err/s: 0.00 reconn/s: 0.00
[ 340s ] thds: 32 tps: 13201.31 qps: 264030.95 (r/w/o: 184823.11/52805.23/26402.62) lat (ms,95%): 3.82 err/s: 0.00 reconn/s: 0.00
[ 350s ] thds: 32 tps: 13535.33 qps: 270695.97 (r/w/o: 189484.97/54140.53/27070.47) lat (ms,95%): 3.55 err/s: 0.00 reconn/s: 0.00
[ 360s ] thds: 32 tps: 13085.99 qps: 261724.95 (r/w/o: 183208.53/52344.35/26172.08) lat (ms,95%): 3.75 err/s: 0.00 reconn/s: 0.00
[ 370s ] thds: 32 tps: 13549.91 qps: 271004.31 (r/w/o: 189704.35/54200.04/27099.92) lat (ms,95%): 3.62 err/s: 0.00 reconn/s: 0.00
[ 380s ] thds: 32 tps: 13289.09 qps: 265774.38 (r/w/o: 186041.25/53155.46/26577.68) lat (ms,95%): 3.75 err/s: 0.00 reconn/s: 0.00
SQL statistics:
    queries performed:
        read:                            69842472
        write:                           19954992
        other:                           9977496
        total:                           99774960
    transactions:                        4988748 (13127.60 per sec.)
    queries:                             99774960 (262552.01 per sec.)
    ignored errors:                      0      (0.00 per sec.)
    reconnects:                          0      (0.00 per sec.)

General statistics:
    total time:                          380.0189s
    total number of events:              4988748

Latency (ms):
         min:                                    1.51
         avg:                                    2.44
         max:                                  120.35
         95th percentile:                        3.68
         sum:                             12156643.67

Threads fairness:
    events (avg/stddev):           155898.3750/9356.37
    execution time (avg/stddev):   379.8951/0.01

