sysbench 1.0.20-ebf1c90 (using bundled LuaJIT 2.1.0-beta2)

Running the test with following options:
Number of threads: 256
Report intermediate results every 10 second(s)
Initializing random number generator from current time


Initializing worker threads...

Threads started!

[ 10s ] thds: 256 tps: 10837.99 qps: 217078.95 (r/w/o: 152001.29/43376.38/21701.29) lat (ms,95%): 51.94 err/s: 0.00 reconn/s: 0.00
[ 20s ] thds: 256 tps: 11807.08 qps: 236155.88 (r/w/o: 165318.80/47223.42/23613.66) lat (ms,95%): 50.11 err/s: 0.00 reconn/s: 0.00
[ 30s ] thds: 256 tps: 11926.77 qps: 238522.64 (r/w/o: 166962.41/47706.49/23853.74) lat (ms,95%): 49.21 err/s: 0.00 reconn/s: 0.00
[ 40s ] thds: 256 tps: 12126.21 qps: 242432.13 (r/w/o: 169684.89/48494.73/24252.51) lat (ms,95%): 48.34 err/s: 0.00 reconn/s: 0.00
[ 50s ] thds: 256 tps: 12352.83 qps: 247157.53 (r/w/o: 173032.07/49419.71/24705.75) lat (ms,95%): 47.47 err/s: 0.00 reconn/s: 0.00
[ 60s ] thds: 256 tps: 12479.99 qps: 249700.26 (r/w/o: 174780.03/49959.55/24960.68) lat (ms,95%): 45.79 err/s: 0.00 reconn/s: 0.00
[ 70s ] thds: 256 tps: 12625.54 qps: 252454.37 (r/w/o: 176727.84/50475.35/25251.18) lat (ms,95%): 44.98 err/s: 0.00 reconn/s: 0.00
[ 80s ] thds: 256 tps: 12609.57 qps: 252177.89 (r/w/o: 176525.17/50433.88/25218.84) lat (ms,95%): 44.17 err/s: 0.10 reconn/s: 0.00
[ 90s ] thds: 256 tps: 12650.31 qps: 252965.70 (r/w/o: 177068.71/50596.96/25300.03) lat (ms,95%): 44.98 err/s: 0.10 reconn/s: 0.00
[ 100s ] thds: 256 tps: 12627.72 qps: 252552.41 (r/w/o: 176778.19/50519.28/25254.94) lat (ms,95%): 44.98 err/s: 0.00 reconn/s: 0.00
[ 110s ] thds: 256 tps: 12623.63 qps: 252486.15 (r/w/o: 176748.25/50489.53/25248.36) lat (ms,95%): 44.98 err/s: 0.00 reconn/s: 0.00
[ 120s ] thds: 256 tps: 12576.04 qps: 251606.65 (r/w/o: 176129.99/50323.67/25152.98) lat (ms,95%): 44.98 err/s: 0.10 reconn/s: 0.00
[ 130s ] thds: 256 tps: 12571.48 qps: 251379.62 (r/w/o: 175962.73/50274.52/25142.36) lat (ms,95%): 46.63 err/s: 0.00 reconn/s: 0.00
[ 140s ] thds: 256 tps: 12566.40 qps: 251317.16 (r/w/o: 175920.87/50262.99/25133.30) lat (ms,95%): 44.98 err/s: 0.00 reconn/s: 0.00
[ 150s ] thds: 256 tps: 12644.81 qps: 252876.91 (r/w/o: 177016.57/50571.52/25288.81) lat (ms,95%): 44.17 err/s: 0.00 reconn/s: 0.00
[ 160s ] thds: 256 tps: 12602.61 qps: 252058.00 (r/w/o: 176444.84/50407.04/25206.12) lat (ms,95%): 45.79 err/s: 0.10 reconn/s: 0.00
[ 170s ] thds: 256 tps: 12597.17 qps: 251973.68 (r/w/o: 176374.66/50404.48/25194.54) lat (ms,95%): 44.17 err/s: 0.00 reconn/s: 0.00
[ 180s ] thds: 256 tps: 12620.38 qps: 252410.65 (r/w/o: 176658.49/50513.01/25239.16) lat (ms,95%): 44.98 err/s: 0.00 reconn/s: 0.00
[ 190s ] thds: 256 tps: 12587.71 qps: 251699.84 (r/w/o: 176220.17/50302.85/25176.82) lat (ms,95%): 44.17 err/s: 0.00 reconn/s: 0.00
[ 200s ] thds: 256 tps: 12640.80 qps: 252817.09 (r/w/o: 176975.69/50559.80/25281.60) lat (ms,95%): 44.98 err/s: 0.00 reconn/s: 0.00
[ 210s ] thds: 256 tps: 12601.88 qps: 252097.63 (r/w/o: 176475.44/50418.23/25203.96) lat (ms,95%): 44.98 err/s: 0.00 reconn/s: 0.00
[ 220s ] thds: 256 tps: 12624.65 qps: 252334.65 (r/w/o: 176608.27/50477.59/25248.80) lat (ms,95%): 45.79 err/s: 0.00 reconn/s: 0.00
[ 230s ] thds: 256 tps: 12611.29 qps: 252354.60 (r/w/o: 176665.13/50466.58/25222.89) lat (ms,95%): 44.98 err/s: 0.00 reconn/s: 0.00
[ 240s ] thds: 256 tps: 12521.03 qps: 250404.73 (r/w/o: 175280.77/50081.61/25042.35) lat (ms,95%): 44.98 err/s: 0.00 reconn/s: 0.00
[ 250s ] thds: 256 tps: 12598.72 qps: 251947.10 (r/w/o: 176370.45/50379.10/25197.55) lat (ms,95%): 44.98 err/s: 0.00 reconn/s: 0.00
[ 260s ] thds: 256 tps: 12591.61 qps: 251862.83 (r/w/o: 176300.29/50379.52/25183.01) lat (ms,95%): 45.79 err/s: 0.00 reconn/s: 0.00
[ 270s ] thds: 256 tps: 12563.37 qps: 251321.87 (r/w/o: 175920.03/50274.99/25126.85) lat (ms,95%): 45.79 err/s: 0.00 reconn/s: 0.00
[ 280s ] thds: 256 tps: 12581.85 qps: 251607.00 (r/w/o: 176120.53/50324.18/25162.29) lat (ms,95%): 44.98 err/s: 0.00 reconn/s: 0.00
[ 290s ] thds: 256 tps: 12545.51 qps: 250874.54 (r/w/o: 175614.76/50167.15/25092.62) lat (ms,95%): 44.98 err/s: 0.00 reconn/s: 0.00
[ 300s ] thds: 256 tps: 12546.21 qps: 250918.44 (r/w/o: 175651.80/50174.53/25092.11) lat (ms,95%): 45.79 err/s: 0.00 reconn/s: 0.00
[ 310s ] thds: 256 tps: 12506.34 qps: 250250.78 (r/w/o: 175159.95/50077.46/25013.38) lat (ms,95%): 44.98 err/s: 0.10 reconn/s: 0.00
[ 320s ] thds: 256 tps: 12539.46 qps: 250693.54 (r/w/o: 175499.57/50115.25/25078.72) lat (ms,95%): 45.79 err/s: 0.00 reconn/s: 0.00
[ 330s ] thds: 256 tps: 12525.22 qps: 250546.00 (r/w/o: 175380.35/50114.80/25050.85) lat (ms,95%): 45.79 err/s: 0.00 reconn/s: 0.00
[ 340s ] thds: 256 tps: 12540.55 qps: 250783.08 (r/w/o: 175545.28/50157.10/25080.70) lat (ms,95%): 45.79 err/s: 0.00 reconn/s: 0.00
[ 350s ] thds: 256 tps: 12547.40 qps: 250882.99 (r/w/o: 175602.60/50187.00/25093.40) lat (ms,95%): 45.79 err/s: 0.00 reconn/s: 0.00
[ 360s ] thds: 256 tps: 12474.16 qps: 249527.69 (r/w/o: 174691.64/49885.94/24950.12) lat (ms,95%): 46.63 err/s: 0.00 reconn/s: 0.00
[ 370s ] thds: 256 tps: 12503.50 qps: 250003.81 (r/w/o: 174986.71/50012.20/25004.90) lat (ms,95%): 45.79 err/s: 0.00 reconn/s: 0.00
[ 380s ] thds: 256 tps: 12511.88 qps: 250180.75 (r/w/o: 175110.46/50048.72/25021.56) lat (ms,95%): 44.98 err/s: 0.00 reconn/s: 0.00
SQL statistics:
    queries performed:
        read:                            66365670
        write:                           18961598
        other:                           9480822
        total:                           94808090
    transactions:                        4740400 (12427.05 per sec.)
    queries:                             94808090 (248541.18 per sec.)
    ignored errors:                      5      (0.01 per sec.)
    reconnects:                          0      (0.00 per sec.)

General statistics:
    total time:                          381.4573s
    total number of events:              4740400

Latency (ms):
         min:                                    2.58
         avg:                                   20.53
         max:                                 1481.36
         95th percentile:                       45.79
         sum:                             97335482.35

Threads fairness:
    events (avg/stddev):           18517.1875/156.55
    execution time (avg/stddev):   380.2167/0.45

