sysbench 1.0.20-ebf1c90 (using bundled LuaJIT 2.1.0-beta2)

Running the test with following options:
Number of threads: 256
Report intermediate results every 10 second(s)
Initializing random number generator from current time


Initializing worker threads...

Threads started!

[ 10s ] thds: 256 tps: 10758.92 qps: 215569.44 (r/w/o: 150937.36/43089.05/21543.03) lat (ms,95%): 52.89 err/s: 0.00 reconn/s: 0.00
[ 20s ] thds: 256 tps: 11860.38 qps: 237163.45 (r/w/o: 166030.35/47412.33/23720.76) lat (ms,95%): 50.11 err/s: 0.00 reconn/s: 0.00
[ 30s ] thds: 256 tps: 11923.08 qps: 238409.75 (r/w/o: 166878.88/47684.81/23846.06) lat (ms,95%): 49.21 err/s: 0.00 reconn/s: 0.00
[ 40s ] thds: 256 tps: 12136.03 qps: 242744.67 (r/w/o: 169933.60/48538.51/24272.56) lat (ms,95%): 48.34 err/s: 0.00 reconn/s: 0.00
[ 50s ] thds: 256 tps: 12313.19 qps: 246296.64 (r/w/o: 172400.72/49269.55/24626.37) lat (ms,95%): 47.47 err/s: 0.00 reconn/s: 0.00
[ 60s ] thds: 256 tps: 12550.69 qps: 251053.71 (r/w/o: 175742.00/50209.74/25101.97) lat (ms,95%): 44.98 err/s: 0.20 reconn/s: 0.00
[ 70s ] thds: 256 tps: 12626.90 qps: 252411.17 (r/w/o: 176676.48/50481.29/25253.40) lat (ms,95%): 44.98 err/s: 0.00 reconn/s: 0.00
[ 80s ] thds: 256 tps: 12645.81 qps: 252943.18 (r/w/o: 177055.20/50595.96/25292.03) lat (ms,95%): 44.17 err/s: 0.10 reconn/s: 0.00
[ 90s ] thds: 256 tps: 12669.99 qps: 253462.59 (r/w/o: 177438.65/50684.66/25339.28) lat (ms,95%): 44.17 err/s: 0.00 reconn/s: 0.00
[ 100s ] thds: 256 tps: 12639.01 qps: 252756.49 (r/w/o: 176922.93/50555.34/25278.22) lat (ms,95%): 44.17 err/s: 0.00 reconn/s: 0.00
[ 110s ] thds: 256 tps: 12627.36 qps: 252555.25 (r/w/o: 176790.08/50510.75/25254.43) lat (ms,95%): 44.98 err/s: 0.00 reconn/s: 0.00
[ 120s ] thds: 256 tps: 12598.69 qps: 251990.42 (r/w/o: 176399.87/50392.16/25198.38) lat (ms,95%): 44.98 err/s: 0.00 reconn/s: 0.00
[ 130s ] thds: 256 tps: 12675.62 qps: 253563.21 (r/w/o: 177489.02/50722.86/25351.33) lat (ms,95%): 45.79 err/s: 0.00 reconn/s: 0.00
[ 140s ] thds: 256 tps: 12635.65 qps: 252592.92 (r/w/o: 176798.61/50524.00/25270.30) lat (ms,95%): 44.17 err/s: 0.00 reconn/s: 0.00
[ 150s ] thds: 256 tps: 12632.44 qps: 252708.24 (r/w/o: 176907.89/50534.67/25265.68) lat (ms,95%): 44.98 err/s: 0.00 reconn/s: 0.00
[ 160s ] thds: 256 tps: 12623.02 qps: 252487.37 (r/w/o: 176750.03/50491.19/25246.15) lat (ms,95%): 45.79 err/s: 0.00 reconn/s: 0.00
[ 170s ] thds: 256 tps: 12590.81 qps: 251789.24 (r/w/o: 176257.49/50350.03/25181.71) lat (ms,95%): 44.17 err/s: 0.00 reconn/s: 0.00
[ 180s ] thds: 256 tps: 12638.72 qps: 252831.21 (r/w/o: 176969.12/50584.56/25277.53) lat (ms,95%): 44.98 err/s: 0.00 reconn/s: 0.00
[ 190s ] thds: 256 tps: 12604.21 qps: 252071.73 (r/w/o: 176464.46/50399.05/25208.22) lat (ms,95%): 44.17 err/s: 0.00 reconn/s: 0.00
[ 200s ] thds: 256 tps: 12620.75 qps: 252321.64 (r/w/o: 176609.46/50471.09/25241.09) lat (ms,95%): 45.79 err/s: 0.00 reconn/s: 0.00
[ 210s ] thds: 256 tps: 12612.80 qps: 252324.57 (r/w/o: 176631.48/50467.69/25225.40) lat (ms,95%): 44.98 err/s: 0.10 reconn/s: 0.00
[ 220s ] thds: 256 tps: 12588.87 qps: 251759.95 (r/w/o: 176244.61/50336.79/25178.54) lat (ms,95%): 45.79 err/s: 0.00 reconn/s: 0.00
[ 230s ] thds: 256 tps: 12584.13 qps: 251646.78 (r/w/o: 176127.18/50351.74/25167.87) lat (ms,95%): 45.79 err/s: 0.00 reconn/s: 0.00
[ 240s ] thds: 256 tps: 12613.13 qps: 252266.61 (r/w/o: 176598.43/50441.72/25226.46) lat (ms,95%): 44.98 err/s: 0.00 reconn/s: 0.00
[ 250s ] thds: 256 tps: 12601.60 qps: 252125.04 (r/w/o: 176489.06/50432.39/25203.59) lat (ms,95%): 44.98 err/s: 0.00 reconn/s: 0.00
[ 260s ] thds: 256 tps: 12540.26 qps: 250770.27 (r/w/o: 175541.72/50147.63/25080.92) lat (ms,95%): 45.79 err/s: 0.10 reconn/s: 0.00
[ 270s ] thds: 256 tps: 12639.76 qps: 252739.38 (r/w/o: 176910.83/50550.14/25278.42) lat (ms,95%): 45.79 err/s: 0.10 reconn/s: 0.00
[ 280s ] thds: 256 tps: 12567.11 qps: 251376.01 (r/w/o: 175976.28/50265.02/25134.71) lat (ms,95%): 44.98 err/s: 0.00 reconn/s: 0.00
[ 290s ] thds: 256 tps: 12618.84 qps: 252351.09 (r/w/o: 176644.05/50468.66/25238.38) lat (ms,95%): 44.17 err/s: 0.00 reconn/s: 0.00
[ 300s ] thds: 256 tps: 12583.49 qps: 251629.89 (r/w/o: 176128.23/50335.18/25166.49) lat (ms,95%): 45.79 err/s: 0.00 reconn/s: 0.00
[ 310s ] thds: 256 tps: 12573.36 qps: 251479.93 (r/w/o: 176037.79/50295.13/25147.01) lat (ms,95%): 44.98 err/s: 0.00 reconn/s: 0.00
[ 320s ] thds: 256 tps: 12552.26 qps: 251102.21 (r/w/o: 175783.18/50214.22/25104.81) lat (ms,95%): 45.79 err/s: 0.00 reconn/s: 0.00
[ 330s ] thds: 256 tps: 12507.56 qps: 250214.11 (r/w/o: 175147.88/50050.82/25015.41) lat (ms,95%): 45.79 err/s: 0.00 reconn/s: 0.00
[ 340s ] thds: 256 tps: 12508.82 qps: 250100.23 (r/w/o: 175064.10/50019.29/25016.84) lat (ms,95%): 46.63 err/s: 0.00 reconn/s: 0.00
[ 350s ] thds: 256 tps: 12511.04 qps: 250203.34 (r/w/o: 175147.52/50033.25/25022.57) lat (ms,95%): 45.79 err/s: 0.00 reconn/s: 0.00
[ 360s ] thds: 256 tps: 12497.38 qps: 249977.59 (r/w/o: 174974.38/50008.44/24994.77) lat (ms,95%): 46.63 err/s: 0.00 reconn/s: 0.00
[ 370s ] thds: 256 tps: 12526.68 qps: 250504.22 (r/w/o: 175367.27/50083.61/25053.35) lat (ms,95%): 45.79 err/s: 0.00 reconn/s: 0.00
[ 380s ] thds: 256 tps: 12401.27 qps: 248008.81 (r/w/o: 173592.19/49614.68/24801.94) lat (ms,95%): 45.79 err/s: 0.00 reconn/s: 0.00
SQL statistics:
    queries performed:
        read:                            66419850
        write:                           18977079
        other:                           9488559
        total:                           94885488
    transactions:                        4744269 (12440.11 per sec.)
    queries:                             94885488 (248802.43 per sec.)
    ignored errors:                      6      (0.02 per sec.)
    reconnects:                          0      (0.00 per sec.)

General statistics:
    total time:                          381.3678s
    total number of events:              4744269

Latency (ms):
         min:                                    2.60
         avg:                                   20.52
         max:                                 1493.47
         95th percentile:                       45.79
         sum:                             97353727.31

Threads fairness:
    events (avg/stddev):           18532.3008/144.19
    execution time (avg/stddev):   380.2880/0.44

