sysbench 1.0.20-ebf1c90 (using bundled LuaJIT 2.1.0-beta2)

Running the test with following options:
Number of threads: 256
Report intermediate results every 10 second(s)
Initializing random number generator from current time


Initializing worker threads...

Threads started!

[ 10s ] thds: 256 tps: 10780.91 qps: 216009.44 (r/w/o: 151230.10/43193.23/21586.12) lat (ms,95%): 52.89 err/s: 0.00 reconn/s: 0.00
[ 20s ] thds: 256 tps: 11858.42 qps: 237140.65 (r/w/o: 166002.91/47420.19/23717.54) lat (ms,95%): 50.11 err/s: 0.00 reconn/s: 0.00
[ 30s ] thds: 256 tps: 11907.61 qps: 238191.05 (r/w/o: 166757.78/47617.55/23815.72) lat (ms,95%): 49.21 err/s: 0.00 reconn/s: 0.00
[ 40s ] thds: 256 tps: 12183.21 qps: 243655.25 (r/w/o: 170565.31/48723.43/24366.52) lat (ms,95%): 48.34 err/s: 0.00 reconn/s: 0.00
[ 50s ] thds: 256 tps: 12362.14 qps: 247193.83 (r/w/o: 173026.28/49443.37/24724.18) lat (ms,95%): 47.47 err/s: 0.00 reconn/s: 0.00
[ 60s ] thds: 256 tps: 12484.22 qps: 249617.25 (r/w/o: 174724.22/49925.19/24967.85) lat (ms,95%): 45.79 err/s: 0.00 reconn/s: 0.00
[ 70s ] thds: 256 tps: 12628.88 qps: 252621.69 (r/w/o: 176844.29/50519.14/25258.27) lat (ms,95%): 44.98 err/s: 0.00 reconn/s: 0.00
[ 80s ] thds: 256 tps: 12644.63 qps: 253005.97 (r/w/o: 177094.17/50622.33/25289.47) lat (ms,95%): 44.17 err/s: 0.10 reconn/s: 0.00
[ 90s ] thds: 256 tps: 12638.91 qps: 252686.39 (r/w/o: 176899.43/50509.74/25277.22) lat (ms,95%): 44.98 err/s: 0.00 reconn/s: 0.00
[ 100s ] thds: 256 tps: 12620.82 qps: 252405.69 (r/w/o: 176679.97/50483.48/25242.24) lat (ms,95%): 44.98 err/s: 0.00 reconn/s: 0.00
[ 110s ] thds: 256 tps: 12665.52 qps: 253281.95 (r/w/o: 177289.22/50661.99/25330.75) lat (ms,95%): 44.17 err/s: 0.00 reconn/s: 0.00
[ 120s ] thds: 256 tps: 12621.67 qps: 252410.34 (r/w/o: 176686.21/50482.19/25241.94) lat (ms,95%): 44.98 err/s: 0.00 reconn/s: 0.00
[ 130s ] thds: 256 tps: 12629.72 qps: 252650.16 (r/w/o: 176862.15/50526.17/25261.84) lat (ms,95%): 46.63 err/s: 0.00 reconn/s: 0.00
[ 140s ] thds: 256 tps: 12635.91 qps: 252731.81 (r/w/o: 176917.25/50542.64/25271.92) lat (ms,95%): 44.17 err/s: 0.00 reconn/s: 0.00
[ 150s ] thds: 256 tps: 12591.82 qps: 251857.54 (r/w/o: 176290.44/50383.47/25183.63) lat (ms,95%): 44.17 err/s: 0.00 reconn/s: 0.00
[ 160s ] thds: 256 tps: 12615.51 qps: 252292.21 (r/w/o: 176603.45/50457.74/25231.02) lat (ms,95%): 45.79 err/s: 0.00 reconn/s: 0.00
[ 170s ] thds: 256 tps: 12609.16 qps: 252234.56 (r/w/o: 176567.78/50448.45/25218.33) lat (ms,95%): 44.17 err/s: 0.00 reconn/s: 0.00
[ 180s ] thds: 256 tps: 12605.50 qps: 252099.16 (r/w/o: 176478.35/50409.61/25211.21) lat (ms,95%): 44.98 err/s: 0.10 reconn/s: 0.00
[ 190s ] thds: 256 tps: 12636.12 qps: 252690.88 (r/w/o: 176885.43/50533.20/25272.25) lat (ms,95%): 44.17 err/s: 0.00 reconn/s: 0.00
[ 200s ] thds: 256 tps: 12603.82 qps: 252052.45 (r/w/o: 176439.82/50404.99/25207.65) lat (ms,95%): 45.79 err/s: 0.00 reconn/s: 0.00
[ 210s ] thds: 256 tps: 12576.61 qps: 251547.23 (r/w/o: 176046.46/50348.65/25152.12) lat (ms,95%): 44.98 err/s: 0.00 reconn/s: 0.00
[ 220s ] thds: 256 tps: 12604.47 qps: 252114.63 (r/w/o: 176506.50/50397.99/25210.14) lat (ms,95%): 45.79 err/s: 0.00 reconn/s: 0.00
[ 230s ] thds: 256 tps: 12633.65 qps: 252632.62 (r/w/o: 176832.81/50532.60/25267.20) lat (ms,95%): 44.98 err/s: 0.00 reconn/s: 0.00
[ 240s ] thds: 256 tps: 12631.69 qps: 252635.92 (r/w/o: 176848.70/50524.54/25262.67) lat (ms,95%): 44.98 err/s: 0.00 reconn/s: 0.00
[ 250s ] thds: 256 tps: 12552.96 qps: 251121.30 (r/w/o: 175775.57/50240.72/25105.01) lat (ms,95%): 45.79 err/s: 0.00 reconn/s: 0.00
[ 260s ] thds: 256 tps: 12571.27 qps: 251471.77 (r/w/o: 176029.56/50297.97/25144.24) lat (ms,95%): 45.79 err/s: 0.00 reconn/s: 0.00
[ 270s ] thds: 256 tps: 12590.77 qps: 251666.75 (r/w/o: 176180.04/50305.47/25181.23) lat (ms,95%): 45.79 err/s: 0.10 reconn/s: 0.00
[ 280s ] thds: 256 tps: 12514.79 qps: 250395.80 (r/w/o: 175276.39/50089.14/25030.27) lat (ms,95%): 44.98 err/s: 0.00 reconn/s: 0.00
[ 290s ] thds: 256 tps: 12570.18 qps: 251332.01 (r/w/o: 175937.12/50254.42/25140.46) lat (ms,95%): 44.98 err/s: 0.10 reconn/s: 0.00
[ 300s ] thds: 256 tps: 12538.23 qps: 250734.20 (r/w/o: 175510.95/50147.70/25075.55) lat (ms,95%): 46.63 err/s: 0.00 reconn/s: 0.00
[ 310s ] thds: 256 tps: 12556.55 qps: 251158.24 (r/w/o: 175810.63/50233.51/25114.10) lat (ms,95%): 44.98 err/s: 0.00 reconn/s: 0.00
[ 320s ] thds: 256 tps: 12555.96 qps: 251165.72 (r/w/o: 175814.59/50239.32/25111.81) lat (ms,95%): 45.79 err/s: 0.00 reconn/s: 0.00
[ 330s ] thds: 256 tps: 12573.72 qps: 251395.25 (r/w/o: 175968.62/50279.69/25146.95) lat (ms,95%): 45.79 err/s: 0.00 reconn/s: 0.00
[ 340s ] thds: 256 tps: 12574.91 qps: 251525.00 (r/w/o: 176077.04/50297.74/25150.22) lat (ms,95%): 45.79 err/s: 0.00 reconn/s: 0.00
[ 350s ] thds: 256 tps: 12527.41 qps: 250550.69 (r/w/o: 175383.40/50112.26/25055.03) lat (ms,95%): 45.79 err/s: 0.10 reconn/s: 0.00
[ 360s ] thds: 256 tps: 12511.32 qps: 250223.49 (r/w/o: 175151.54/50049.40/25022.55) lat (ms,95%): 46.63 err/s: 0.00 reconn/s: 0.00
[ 370s ] thds: 256 tps: 12565.86 qps: 251392.20 (r/w/o: 175979.14/50281.24/25131.82) lat (ms,95%): 45.79 err/s: 0.00 reconn/s: 0.00
[ 380s ] thds: 256 tps: 12415.99 qps: 248230.14 (r/w/o: 173757.52/49640.95/24831.67) lat (ms,95%): 45.79 err/s: 0.00 reconn/s: 0.00
SQL statistics:
    queries performed:
        read:                            66418548
        write:                           18976707
        other:                           9488375
        total:                           94883630
    transactions:                        4744177 (12440.79 per sec.)
    queries:                             94883630 (248816.02 per sec.)
    ignored errors:                      5      (0.01 per sec.)
    reconnects:                          0      (0.00 per sec.)

General statistics:
    total time:                          381.3396s
    total number of events:              4744177

Latency (ms):
         min:                                    2.35
         avg:                                   20.52
         max:                                 1532.58
         95th percentile:                       45.79
         sum:                             97371648.53

Threads fairness:
    events (avg/stddev):           18531.9414/157.92
    execution time (avg/stddev):   380.3580/0.41

