sysbench 1.0.20-ebf1c90 (using bundled LuaJIT 2.1.0-beta2)

Running the test with following options:
Number of threads: 256
Report intermediate results every 10 second(s)
Initializing random number generator from current time


Initializing worker threads...

Threads started!

[ 10s ] thds: 256 tps: 10887.44 qps: 218078.48 (r/w/o: 152712.67/43565.44/21800.37) lat (ms,95%): 51.94 err/s: 0.00 reconn/s: 0.00
[ 20s ] thds: 256 tps: 11855.37 qps: 237152.79 (r/w/o: 165994.64/47449.00/23709.15) lat (ms,95%): 50.11 err/s: 0.00 reconn/s: 0.00
[ 30s ] thds: 256 tps: 11936.27 qps: 238673.53 (r/w/o: 167078.50/47721.19/23873.84) lat (ms,95%): 49.21 err/s: 0.00 reconn/s: 0.00
[ 40s ] thds: 256 tps: 12120.75 qps: 242444.11 (r/w/o: 169720.04/48482.28/24241.79) lat (ms,95%): 48.34 err/s: 0.00 reconn/s: 0.00
[ 50s ] thds: 256 tps: 12370.99 qps: 247372.22 (r/w/o: 173151.28/49478.86/24742.08) lat (ms,95%): 46.63 err/s: 0.00 reconn/s: 0.00
[ 60s ] thds: 256 tps: 12498.79 qps: 249998.02 (r/w/o: 175001.00/49999.94/24997.07) lat (ms,95%): 45.79 err/s: 0.00 reconn/s: 0.00
[ 70s ] thds: 256 tps: 12537.21 qps: 250778.50 (r/w/o: 175547.94/50155.64/25074.92) lat (ms,95%): 44.98 err/s: 0.00 reconn/s: 0.00
[ 80s ] thds: 256 tps: 12629.20 qps: 252568.12 (r/w/o: 176768.31/50543.30/25256.50) lat (ms,95%): 44.17 err/s: 0.10 reconn/s: 0.00
[ 90s ] thds: 256 tps: 12611.51 qps: 252231.09 (r/w/o: 176582.03/50424.74/25224.32) lat (ms,95%): 44.98 err/s: 0.00 reconn/s: 0.00
[ 100s ] thds: 256 tps: 12606.25 qps: 252134.63 (r/w/o: 176477.25/50444.99/25212.39) lat (ms,95%): 44.98 err/s: 0.00 reconn/s: 0.00
[ 110s ] thds: 256 tps: 12664.63 qps: 253291.65 (r/w/o: 177333.05/50628.53/25330.06) lat (ms,95%): 44.98 err/s: 0.00 reconn/s: 0.00
[ 120s ] thds: 256 tps: 12584.48 qps: 251652.34 (r/w/o: 176139.95/50343.63/25168.76) lat (ms,95%): 44.98 err/s: 0.00 reconn/s: 0.00
[ 130s ] thds: 256 tps: 12633.52 qps: 252711.34 (r/w/o: 176906.01/50538.39/25266.94) lat (ms,95%): 45.79 err/s: 0.00 reconn/s: 0.00
[ 140s ] thds: 256 tps: 12618.10 qps: 252372.61 (r/w/o: 176664.44/50471.28/25236.89) lat (ms,95%): 44.17 err/s: 0.00 reconn/s: 0.00
[ 150s ] thds: 256 tps: 12620.63 qps: 252466.65 (r/w/o: 176720.86/50504.53/25241.27) lat (ms,95%): 44.98 err/s: 0.00 reconn/s: 0.00
[ 160s ] thds: 256 tps: 12615.65 qps: 252216.23 (r/w/o: 176551.42/50434.11/25230.70) lat (ms,95%): 45.79 err/s: 0.00 reconn/s: 0.00
[ 170s ] thds: 256 tps: 12607.21 qps: 252209.66 (r/w/o: 176558.58/50436.05/25215.03) lat (ms,95%): 44.17 err/s: 0.00 reconn/s: 0.00
[ 180s ] thds: 256 tps: 12593.98 qps: 251813.47 (r/w/o: 176262.50/50363.11/25187.86) lat (ms,95%): 44.98 err/s: 0.00 reconn/s: 0.00
[ 190s ] thds: 256 tps: 12567.62 qps: 251479.57 (r/w/o: 176016.43/50327.89/25135.25) lat (ms,95%): 44.98 err/s: 0.00 reconn/s: 0.00
[ 200s ] thds: 256 tps: 12598.05 qps: 251822.79 (r/w/o: 176270.79/50356.50/25195.50) lat (ms,95%): 45.79 err/s: 0.00 reconn/s: 0.00
[ 210s ] thds: 256 tps: 12559.55 qps: 251207.06 (r/w/o: 175867.94/50219.41/25119.71) lat (ms,95%): 44.98 err/s: 0.00 reconn/s: 0.00
[ 220s ] thds: 256 tps: 12586.20 qps: 251716.58 (r/w/o: 176202.49/50341.60/25172.50) lat (ms,95%): 45.79 err/s: 0.00 reconn/s: 0.00
[ 230s ] thds: 256 tps: 12590.20 qps: 251858.66 (r/w/o: 176304.04/50374.01/25180.61) lat (ms,95%): 44.98 err/s: 0.00 reconn/s: 0.00
[ 240s ] thds: 256 tps: 12575.23 qps: 251428.73 (r/w/o: 175984.04/50296.23/25148.46) lat (ms,95%): 44.98 err/s: 0.00 reconn/s: 0.00
[ 250s ] thds: 256 tps: 12567.74 qps: 251432.89 (r/w/o: 176017.36/50278.06/25137.48) lat (ms,95%): 44.98 err/s: 0.00 reconn/s: 0.00
[ 260s ] thds: 256 tps: 12599.75 qps: 251956.81 (r/w/o: 176372.31/50385.20/25199.30) lat (ms,95%): 45.79 err/s: 0.00 reconn/s: 0.00
[ 270s ] thds: 256 tps: 12556.78 qps: 251170.66 (r/w/o: 175814.89/50242.11/25113.66) lat (ms,95%): 45.79 err/s: 0.00 reconn/s: 0.00
[ 280s ] thds: 256 tps: 12588.85 qps: 251714.70 (r/w/o: 176199.50/50338.50/25176.70) lat (ms,95%): 44.98 err/s: 0.00 reconn/s: 0.00
[ 290s ] thds: 256 tps: 12546.87 qps: 250971.00 (r/w/o: 175676.98/50200.18/25093.84) lat (ms,95%): 44.98 err/s: 0.00 reconn/s: 0.00
[ 300s ] thds: 256 tps: 12547.98 qps: 250959.39 (r/w/o: 175682.98/50179.64/25096.77) lat (ms,95%): 46.63 err/s: 0.00 reconn/s: 0.00
[ 310s ] thds: 256 tps: 12589.35 qps: 251805.49 (r/w/o: 176236.57/50390.52/25178.41) lat (ms,95%): 44.98 err/s: 0.00 reconn/s: 0.00
[ 320s ] thds: 256 tps: 12512.65 qps: 250231.93 (r/w/o: 175177.32/50029.61/25025.00) lat (ms,95%): 45.79 err/s: 0.00 reconn/s: 0.00
[ 330s ] thds: 256 tps: 12510.80 qps: 250224.69 (r/w/o: 175170.49/50031.70/25022.50) lat (ms,95%): 46.63 err/s: 0.00 reconn/s: 0.00
[ 340s ] thds: 256 tps: 12512.01 qps: 250252.74 (r/w/o: 175174.80/50053.83/25024.11) lat (ms,95%): 45.79 err/s: 0.00 reconn/s: 0.00
[ 350s ] thds: 256 tps: 12499.36 qps: 249946.86 (r/w/o: 174953.18/49995.65/24998.03) lat (ms,95%): 45.79 err/s: 0.00 reconn/s: 0.00
[ 360s ] thds: 256 tps: 12516.01 qps: 250326.48 (r/w/o: 175238.92/50054.74/25032.82) lat (ms,95%): 46.63 err/s: 0.10 reconn/s: 0.00
[ 370s ] thds: 256 tps: 12502.66 qps: 249960.15 (r/w/o: 174950.48/50004.75/25004.93) lat (ms,95%): 45.79 err/s: 0.00 reconn/s: 0.00
[ 380s ] thds: 256 tps: 12548.62 qps: 251091.67 (r/w/o: 175781.33/50212.69/25097.65) lat (ms,95%): 44.98 err/s: 0.00 reconn/s: 0.00
SQL statistics:
    queries performed:
        read:                            66373342
        write:                           18963800
        other:                           9481914
        total:                           94819056
    transactions:                        4740951 (12427.92 per sec.)
    queries:                             94819056 (248558.58 per sec.)
    ignored errors:                      2      (0.01 per sec.)
    reconnects:                          0      (0.00 per sec.)

General statistics:
    total time:                          381.4747s
    total number of events:              4740951

Latency (ms):
         min:                                    2.54
         avg:                                   20.53
         max:                                 1475.70
         95th percentile:                       45.79
         sum:                             97319070.08

Threads fairness:
    events (avg/stddev):           18519.3398/162.94
    execution time (avg/stddev):   380.1526/0.43

