sysbench 1.0.20-ebf1c90 (using bundled LuaJIT 2.1.0-beta2)

Running the test with following options:
Number of threads: 256
Report intermediate results every 10 second(s)
Initializing random number generator from current time


Initializing worker threads...

Threads started!

[ 10s ] thds: 256 tps: 25229.99 qps: 504926.51 (r/w/o: 353498.19/100943.15/50485.17) lat (ms,95%): 17.95 err/s: 0.00 reconn/s: 0.00
[ 20s ] thds: 256 tps: 26545.49 qps: 530959.97 (r/w/o: 371671.74/106196.75/53091.48) lat (ms,95%): 17.01 err/s: 0.00 reconn/s: 0.00
[ 30s ] thds: 256 tps: 27649.29 qps: 552953.06 (r/w/o: 387073.80/110580.77/55298.49) lat (ms,95%): 15.83 err/s: 0.00 reconn/s: 0.00
[ 40s ] thds: 256 tps: 27981.94 qps: 559574.52 (r/w/o: 391691.87/111920.06/55962.58) lat (ms,95%): 15.55 err/s: 0.00 reconn/s: 0.00
[ 50s ] thds: 256 tps: 27996.92 qps: 559983.66 (r/w/o: 391995.22/111993.39/55995.05) lat (ms,95%): 15.55 err/s: 0.00 reconn/s: 0.00
[ 60s ] thds: 256 tps: 27967.10 qps: 559317.87 (r/w/o: 391512.15/111871.61/55934.11) lat (ms,95%): 15.55 err/s: 0.00 reconn/s: 0.00
[ 70s ] thds: 256 tps: 27988.23 qps: 559756.03 (r/w/o: 391828.14/111951.33/55976.56) lat (ms,95%): 15.55 err/s: 0.00 reconn/s: 0.00
[ 80s ] thds: 256 tps: 27988.18 qps: 559805.92 (r/w/o: 391882.06/111947.70/55976.15) lat (ms,95%): 15.55 err/s: 0.00 reconn/s: 0.00
[ 90s ] thds: 256 tps: 27889.26 qps: 557767.67 (r/w/o: 390434.92/111553.63/55779.12) lat (ms,95%): 15.55 err/s: 0.00 reconn/s: 0.00
[ 100s ] thds: 256 tps: 27920.27 qps: 558380.86 (r/w/o: 390860.65/111680.07/55840.14) lat (ms,95%): 15.55 err/s: 0.10 reconn/s: 0.00
[ 110s ] thds: 256 tps: 27920.64 qps: 558461.07 (r/w/o: 390928.31/111691.17/55841.59) lat (ms,95%): 15.83 err/s: 0.00 reconn/s: 0.00
[ 120s ] thds: 256 tps: 27768.28 qps: 555229.52 (r/w/o: 388631.86/111061.10/55536.55) lat (ms,95%): 15.83 err/s: 0.00 reconn/s: 0.00
[ 130s ] thds: 256 tps: 27940.83 qps: 558935.59 (r/w/o: 391278.08/111776.54/55880.97) lat (ms,95%): 15.83 err/s: 0.00 reconn/s: 0.00
[ 140s ] thds: 256 tps: 27896.13 qps: 557901.18 (r/w/o: 390533.91/111573.62/55793.66) lat (ms,95%): 15.83 err/s: 0.10 reconn/s: 0.00
[ 150s ] thds: 256 tps: 27853.87 qps: 557063.89 (r/w/o: 389940.77/111415.78/55707.34) lat (ms,95%): 15.83 err/s: 0.00 reconn/s: 0.00
[ 160s ] thds: 256 tps: 27810.10 qps: 556243.83 (r/w/o: 389370.75/111252.49/55620.59) lat (ms,95%): 15.83 err/s: 0.00 reconn/s: 0.00
[ 170s ] thds: 256 tps: 27863.60 qps: 557249.30 (r/w/o: 390078.07/111444.52/55726.71) lat (ms,95%): 15.55 err/s: 0.00 reconn/s: 0.00
[ 180s ] thds: 256 tps: 27745.26 qps: 554880.00 (r/w/o: 388401.34/110987.84/55490.82) lat (ms,95%): 15.83 err/s: 0.00 reconn/s: 0.00
[ 190s ] thds: 256 tps: 27783.07 qps: 555704.07 (r/w/o: 389002.26/111136.17/55565.64) lat (ms,95%): 15.83 err/s: 0.00 reconn/s: 0.00
[ 200s ] thds: 256 tps: 27741.54 qps: 554815.10 (r/w/o: 388372.96/110959.26/55482.88) lat (ms,95%): 15.83 err/s: 0.00 reconn/s: 0.00
[ 210s ] thds: 256 tps: 27694.35 qps: 553849.21 (r/w/o: 387686.51/110773.50/55389.20) lat (ms,95%): 15.83 err/s: 0.00 reconn/s: 0.00
[ 220s ] thds: 256 tps: 27723.43 qps: 554527.24 (r/w/o: 388188.68/110891.21/55447.35) lat (ms,95%): 15.83 err/s: 0.00 reconn/s: 0.00
[ 230s ] thds: 256 tps: 27647.80 qps: 552965.53 (r/w/o: 387064.12/110606.11/55295.30) lat (ms,95%): 15.83 err/s: 0.00 reconn/s: 0.00
[ 240s ] thds: 256 tps: 27582.41 qps: 551578.58 (r/w/o: 386096.00/110318.46/55164.13) lat (ms,95%): 16.12 err/s: 0.00 reconn/s: 0.00
[ 250s ] thds: 256 tps: 27618.51 qps: 552406.09 (r/w/o: 386694.13/110474.44/55237.52) lat (ms,95%): 15.83 err/s: 0.00 reconn/s: 0.00
[ 260s ] thds: 256 tps: 27616.21 qps: 552312.27 (r/w/o: 386613.79/110466.15/55232.33) lat (ms,95%): 15.83 err/s: 0.00 reconn/s: 0.00
[ 270s ] thds: 256 tps: 27621.64 qps: 552434.93 (r/w/o: 386703.11/110488.85/55242.97) lat (ms,95%): 15.83 err/s: 0.00 reconn/s: 0.00
[ 280s ] thds: 256 tps: 27565.04 qps: 551288.20 (r/w/o: 385897.96/110259.36/55130.88) lat (ms,95%): 15.83 err/s: 0.00 reconn/s: 0.00
[ 290s ] thds: 256 tps: 27542.22 qps: 550837.33 (r/w/o: 385584.60/110169.69/55083.04) lat (ms,95%): 15.83 err/s: 0.00 reconn/s: 0.00
[ 300s ] thds: 256 tps: 27489.94 qps: 549839.49 (r/w/o: 384907.15/109950.66/54981.68) lat (ms,95%): 16.12 err/s: 0.00 reconn/s: 0.00
[ 310s ] thds: 256 tps: 27501.07 qps: 550044.78 (r/w/o: 385027.14/110016.80/55000.85) lat (ms,95%): 16.12 err/s: 0.10 reconn/s: 0.00
[ 320s ] thds: 256 tps: 27474.39 qps: 549446.95 (r/w/o: 384596.09/109901.37/54949.49) lat (ms,95%): 16.12 err/s: 0.00 reconn/s: 0.00
[ 330s ] thds: 256 tps: 27403.57 qps: 548078.48 (r/w/o: 383664.97/109605.48/54808.04) lat (ms,95%): 16.12 err/s: 0.00 reconn/s: 0.00
[ 340s ] thds: 256 tps: 27405.41 qps: 548111.51 (r/w/o: 383681.98/109619.12/54810.41) lat (ms,95%): 16.12 err/s: 0.00 reconn/s: 0.00
[ 350s ] thds: 256 tps: 27412.48 qps: 548248.99 (r/w/o: 383755.39/109669.14/54824.47) lat (ms,95%): 16.12 err/s: 0.00 reconn/s: 0.00
[ 360s ] thds: 256 tps: 27346.20 qps: 546902.65 (r/w/o: 382841.06/109368.99/54692.59) lat (ms,95%): 16.12 err/s: 0.10 reconn/s: 0.00
[ 370s ] thds: 256 tps: 27382.42 qps: 547657.69 (r/w/o: 383360.97/109531.88/54764.84) lat (ms,95%): 16.12 err/s: 0.00 reconn/s: 0.00
[ 380s ] thds: 256 tps: 27342.09 qps: 546820.80 (r/w/o: 382776.86/109359.56/54684.38) lat (ms,95%): 16.12 err/s: 0.00 reconn/s: 0.00
SQL statistics:
    queries performed:
        read:                            146842906
        write:                           41955098
        other:                           20977568
        total:                           209775572
    transactions:                        10488775 (27590.03 per sec.)
    queries:                             209775572 (551800.69 per sec.)
    ignored errors:                      4      (0.01 per sec.)
    reconnects:                          0      (0.00 per sec.)

General statistics:
    total time:                          380.1645s
    total number of events:              10488775

Latency (ms):
         min:                                    2.15
         avg:                                    9.27
         max:                                  174.38
         95th percentile:                       15.83
         sum:                             97269072.27

Threads fairness:
    events (avg/stddev):           40971.7773/863.66
    execution time (avg/stddev):   379.9573/0.02

