sysbench 1.0.20-ebf1c90 (using bundled LuaJIT 2.1.0-beta2)

Running the test with following options:
Number of threads: 400
Report intermediate results every 10 second(s)
Initializing random number generator from current time


Initializing worker threads...

Threads started!

[ 10s ] thds: 400 tps: 5687.91 qps: 114104.69 (r/w/o: 79932.06/22756.73/11415.91) lat (ms,95%): 211.60 err/s: 0.00 reconn/s: 0.00
[ 20s ] thds: 400 tps: 7742.78 qps: 155010.06 (r/w/o: 108535.29/30989.21/15485.56) lat (ms,95%): 155.80 err/s: 0.00 reconn/s: 0.00
[ 30s ] thds: 400 tps: 8098.51 qps: 161913.58 (r/w/o: 113320.62/32396.64/16196.32) lat (ms,95%): 144.97 err/s: 0.00 reconn/s: 0.00
[ 40s ] thds: 400 tps: 8750.16 qps: 175147.44 (r/w/o: 122605.70/35040.53/17501.21) lat (ms,95%): 74.46 err/s: 0.00 reconn/s: 0.00
[ 50s ] thds: 400 tps: 9002.62 qps: 180098.90 (r/w/o: 126035.28/36058.38/18005.24) lat (ms,95%): 69.29 err/s: 0.00 reconn/s: 0.00
[ 60s ] thds: 400 tps: 9047.81 qps: 180921.16 (r/w/o: 126694.58/36131.05/18095.53) lat (ms,95%): 65.65 err/s: 0.00 reconn/s: 0.00
[ 70s ] thds: 400 tps: 9176.57 qps: 183202.24 (r/w/o: 128185.71/36663.69/18352.84) lat (ms,95%): 63.32 err/s: 0.00 reconn/s: 0.00
[ 80s ] thds: 400 tps: 8742.00 qps: 175060.45 (r/w/o: 122613.14/34962.71/17484.61) lat (ms,95%): 87.56 err/s: 0.10 reconn/s: 0.00
[ 90s ] thds: 400 tps: 9347.69 qps: 186888.68 (r/w/o: 130796.22/37398.28/18694.19) lat (ms,95%): 58.92 err/s: 0.00 reconn/s: 0.00
[ 100s ] thds: 400 tps: 9470.77 qps: 189579.11 (r/w/o: 132686.39/37949.68/18943.04) lat (ms,95%): 56.84 err/s: 0.10 reconn/s: 0.00
[ 110s ] thds: 400 tps: 9552.36 qps: 190986.98 (r/w/o: 133667.10/38215.05/19104.83) lat (ms,95%): 58.92 err/s: 0.00 reconn/s: 0.00
[ 120s ] thds: 400 tps: 7353.83 qps: 147109.82 (r/w/o: 103027.14/29374.92/14707.76) lat (ms,95%): 116.80 err/s: 0.00 reconn/s: 0.00
[ 130s ] thds: 400 tps: 5965.94 qps: 119086.82 (r/w/o: 83330.27/23827.66/11928.88) lat (ms,95%): 134.90 err/s: 0.00 reconn/s: 0.00
[ 140s ] thds: 400 tps: 6389.82 qps: 127930.05 (r/w/o: 89595.62/25551.49/12782.95) lat (ms,95%): 123.28 err/s: 0.10 reconn/s: 0.00
[ 150s ] thds: 400 tps: 8997.16 qps: 179941.90 (r/w/o: 125925.01/36029.26/17987.63) lat (ms,95%): 62.19 err/s: 0.10 reconn/s: 0.00
[ 160s ] thds: 400 tps: 9157.70 qps: 183088.15 (r/w/o: 128131.27/36634.59/18322.30) lat (ms,95%): 68.05 err/s: 0.00 reconn/s: 0.00
[ 170s ] thds: 400 tps: 9373.94 qps: 187630.21 (r/w/o: 131386.87/37495.16/18748.18) lat (ms,95%): 62.19 err/s: 0.10 reconn/s: 0.00
[ 180s ] thds: 400 tps: 9346.68 qps: 186865.47 (r/w/o: 130802.90/37369.21/18693.36) lat (ms,95%): 58.92 err/s: 0.00 reconn/s: 0.00
[ 190s ] thds: 400 tps: 9120.36 qps: 182626.91 (r/w/o: 127815.75/36570.45/18240.72) lat (ms,95%): 66.84 err/s: 0.00 reconn/s: 0.00
[ 200s ] thds: 400 tps: 9553.36 qps: 190873.19 (r/w/o: 133642.80/38123.57/19106.83) lat (ms,95%): 56.84 err/s: 0.00 reconn/s: 0.00
[ 210s ] thds: 400 tps: 9479.00 qps: 189625.57 (r/w/o: 132738.45/37929.11/18958.01) lat (ms,95%): 56.84 err/s: 0.00 reconn/s: 0.00
[ 220s ] thds: 400 tps: 9491.68 qps: 189742.98 (r/w/o: 132802.81/37956.92/18983.26) lat (ms,95%): 55.82 err/s: 0.00 reconn/s: 0.00
[ 230s ] thds: 400 tps: 7932.15 qps: 158656.30 (r/w/o: 111056.97/31738.82/15860.51) lat (ms,95%): 95.81 err/s: 0.00 reconn/s: 0.00
[ 240s ] thds: 400 tps: 7822.61 qps: 156425.31 (r/w/o: 109500.37/31275.42/15649.51) lat (ms,95%): 97.55 err/s: 0.10 reconn/s: 0.00
[ 250s ] thds: 400 tps: 6865.87 qps: 137398.00 (r/w/o: 96189.81/27476.96/13731.23) lat (ms,95%): 110.66 err/s: 0.10 reconn/s: 0.00
[ 260s ] thds: 400 tps: 7354.99 qps: 147125.06 (r/w/o: 102992.63/29421.45/14710.98) lat (ms,95%): 102.97 err/s: 0.10 reconn/s: 0.00
[ 270s ] thds: 400 tps: 9015.58 qps: 180152.59 (r/w/o: 126035.81/36090.62/18026.16) lat (ms,95%): 66.84 err/s: 0.00 reconn/s: 0.00
[ 280s ] thds: 400 tps: 9229.81 qps: 184556.44 (r/w/o: 129235.50/36856.63/18464.31) lat (ms,95%): 58.92 err/s: 0.00 reconn/s: 0.00
[ 290s ] thds: 400 tps: 9501.88 qps: 190148.32 (r/w/o: 133128.37/38015.90/19004.05) lat (ms,95%): 54.83 err/s: 0.00 reconn/s: 0.00
[ 300s ] thds: 400 tps: 9245.44 qps: 184852.88 (r/w/o: 129346.12/37015.58/18491.19) lat (ms,95%): 69.29 err/s: 0.00 reconn/s: 0.00
[ 310s ] thds: 400 tps: 9329.87 qps: 186842.58 (r/w/o: 130828.37/37354.28/18659.94) lat (ms,95%): 59.99 err/s: 0.10 reconn/s: 0.00
[ 320s ] thds: 400 tps: 9344.70 qps: 186791.41 (r/w/o: 130755.54/37346.28/18689.59) lat (ms,95%): 59.99 err/s: 0.10 reconn/s: 0.00
[ 330s ] thds: 400 tps: 9118.86 qps: 182443.14 (r/w/o: 127730.07/36475.35/18237.72) lat (ms,95%): 64.47 err/s: 0.00 reconn/s: 0.00
[ 340s ] thds: 400 tps: 8162.98 qps: 162999.08 (r/w/o: 114057.57/32615.54/16325.97) lat (ms,95%): 95.81 err/s: 0.00 reconn/s: 0.00
[ 350s ] thds: 400 tps: 8243.52 qps: 165054.91 (r/w/o: 115570.52/32997.46/16486.93) lat (ms,95%): 87.56 err/s: 0.00 reconn/s: 0.00
[ 360s ] thds: 400 tps: 7496.75 qps: 149869.69 (r/w/o: 104890.79/29986.90/14992.00) lat (ms,95%): 95.81 err/s: 0.00 reconn/s: 0.00
[ 370s ] thds: 400 tps: 6913.04 qps: 138362.91 (r/w/o: 96887.17/27648.06/13827.68) lat (ms,95%): 108.68 err/s: 0.00 reconn/s: 0.00
[ 380s ] thds: 400 tps: 7898.12 qps: 158001.17 (r/w/o: 110579.46/31625.47/15796.24) lat (ms,95%): 87.56 err/s: 0.00 reconn/s: 0.00
[ 390s ] thds: 400 tps: 8700.82 qps: 173993.24 (r/w/o: 121772.03/34825.07/17396.13) lat (ms,95%): 81.48 err/s: 0.10 reconn/s: 0.00
[ 400s ] thds: 400 tps: 8223.03 qps: 164226.24 (r/w/o: 114966.38/32808.01/16451.85) lat (ms,95%): 94.10 err/s: 0.00 reconn/s: 0.00
[ 410s ] thds: 400 tps: 8050.06 qps: 161376.93 (r/w/o: 112935.79/32342.73/16098.41) lat (ms,95%): 95.81 err/s: 0.10 reconn/s: 0.00
[ 420s ] thds: 400 tps: 7709.84 qps: 153967.82 (r/w/o: 107786.07/30766.57/15415.18) lat (ms,95%): 95.81 err/s: 0.00 reconn/s: 0.00
[ 430s ] thds: 400 tps: 8389.58 qps: 167815.29 (r/w/o: 117504.72/33525.01/16785.56) lat (ms,95%): 89.16 err/s: 0.00 reconn/s: 0.00
[ 440s ] thds: 400 tps: 9422.44 qps: 188326.82 (r/w/o: 131782.07/37699.66/18845.08) lat (ms,95%): 56.84 err/s: 0.00 reconn/s: 0.00
[ 450s ] thds: 400 tps: 9093.70 qps: 181922.06 (r/w/o: 127401.44/36333.01/18187.61) lat (ms,95%): 64.47 err/s: 0.10 reconn/s: 0.00
[ 460s ] thds: 400 tps: 8245.52 qps: 164898.28 (r/w/o: 115422.27/32987.18/16488.84) lat (ms,95%): 87.56 err/s: 0.00 reconn/s: 0.00
[ 470s ] thds: 400 tps: 8121.96 qps: 162539.99 (r/w/o: 113792.63/32501.14/16246.22) lat (ms,95%): 89.16 err/s: 0.00 reconn/s: 0.00
[ 480s ] thds: 400 tps: 7406.27 qps: 148076.43 (r/w/o: 103638.20/29626.09/14812.14) lat (ms,95%): 97.55 err/s: 0.00 reconn/s: 0.00
[ 490s ] thds: 400 tps: 7587.04 qps: 151981.14 (r/w/o: 106357.92/30448.65/15174.57) lat (ms,95%): 94.10 err/s: 0.00 reconn/s: 0.00
[ 500s ] thds: 400 tps: 8187.64 qps: 163459.51 (r/w/o: 114439.97/32644.46/16375.08) lat (ms,95%): 84.47 err/s: 0.00 reconn/s: 0.00
[ 510s ] thds: 400 tps: 9466.43 qps: 189632.69 (r/w/o: 132727.02/37972.12/18933.56) lat (ms,95%): 56.84 err/s: 0.10 reconn/s: 0.00
[ 520s ] thds: 400 tps: 9272.37 qps: 184845.28 (r/w/o: 129337.84/36967.50/18539.95) lat (ms,95%): 63.32 err/s: 0.00 reconn/s: 0.00
[ 530s ] thds: 400 tps: 9207.09 qps: 184467.83 (r/w/o: 129218.11/36830.65/18419.07) lat (ms,95%): 62.19 err/s: 0.00 reconn/s: 0.00
[ 540s ] thds: 400 tps: 9276.97 qps: 185463.01 (r/w/o: 129792.72/37116.36/18553.93) lat (ms,95%): 62.19 err/s: 0.00 reconn/s: 0.00
[ 550s ] thds: 400 tps: 9448.04 qps: 189188.37 (r/w/o: 132459.94/37832.05/18896.38) lat (ms,95%): 58.92 err/s: 0.10 reconn/s: 0.00
[ 560s ] thds: 400 tps: 9282.29 qps: 185287.83 (r/w/o: 129635.79/37087.46/18564.58) lat (ms,95%): 63.32 err/s: 0.00 reconn/s: 0.00
[ 570s ] thds: 400 tps: 8169.65 qps: 163544.84 (r/w/o: 114499.26/32705.89/16339.69) lat (ms,95%): 90.78 err/s: 0.20 reconn/s: 0.00
[ 580s ] thds: 400 tps: 8077.20 qps: 161632.58 (r/w/o: 113174.59/32303.49/16154.50) lat (ms,95%): 92.42 err/s: 0.00 reconn/s: 0.00
[ 590s ] thds: 400 tps: 7925.07 qps: 158481.64 (r/w/o: 110924.54/31707.87/15849.23) lat (ms,95%): 89.16 err/s: 0.10 reconn/s: 0.00
[ 600s ] thds: 400 tps: 7326.90 qps: 146631.57 (r/w/o: 102641.05/29335.61/14654.91) lat (ms,95%): 95.81 err/s: 0.00 reconn/s: 0.00
[ 610s ] thds: 400 tps: 7641.36 qps: 152856.09 (r/w/o: 107008.80/30564.26/15283.03) lat (ms,95%): 90.78 err/s: 0.00 reconn/s: 0.00
[ 620s ] thds: 400 tps: 9119.59 qps: 182094.96 (r/w/o: 127439.70/36422.97/18232.29) lat (ms,95%): 66.84 err/s: 0.00 reconn/s: 0.00
[ 630s ] thds: 400 tps: 9054.70 qps: 181346.19 (r/w/o: 126992.59/36237.20/18116.40) lat (ms,95%): 69.29 err/s: 0.00 reconn/s: 0.00
[ 640s ] thds: 400 tps: 9097.09 qps: 181882.14 (r/w/o: 127313.19/36374.57/18194.38) lat (ms,95%): 71.83 err/s: 0.00 reconn/s: 0.00
[ 650s ] thds: 400 tps: 9477.67 qps: 189564.70 (r/w/o: 132693.38/37916.28/18955.04) lat (ms,95%): 59.99 err/s: 0.00 reconn/s: 0.00
[ 660s ] thds: 400 tps: 9421.69 qps: 188531.46 (r/w/o: 131945.04/37742.55/18843.88) lat (ms,95%): 57.87 err/s: 0.00 reconn/s: 0.00
[ 670s ] thds: 400 tps: 9084.53 qps: 181700.64 (r/w/o: 127219.55/36311.83/18169.26) lat (ms,95%): 68.05 err/s: 0.10 reconn/s: 0.00
[ 680s ] thds: 400 tps: 8130.35 qps: 162306.05 (r/w/o: 113577.27/32468.19/16260.59) lat (ms,95%): 94.10 err/s: 0.00 reconn/s: 0.00
[ 690s ] thds: 400 tps: 8044.37 qps: 161083.57 (r/w/o: 112810.94/32183.59/16089.04) lat (ms,95%): 89.16 err/s: 0.10 reconn/s: 0.00
[ 700s ] thds: 400 tps: 8075.99 qps: 161451.67 (r/w/o: 112972.61/32330.27/16148.79) lat (ms,95%): 89.16 err/s: 0.00 reconn/s: 0.00
[ 710s ] thds: 400 tps: 7856.14 qps: 157392.20 (r/w/o: 110170.19/31507.34/15714.67) lat (ms,95%): 92.42 err/s: 0.00 reconn/s: 0.00
[ 720s ] thds: 400 tps: 7608.75 qps: 152025.01 (r/w/o: 106419.84/30389.18/15215.99) lat (ms,95%): 94.10 err/s: 0.00 reconn/s: 0.00
[ 730s ] thds: 400 tps: 8348.42 qps: 166790.97 (r/w/o: 116750.33/33343.69/16696.95) lat (ms,95%): 81.48 err/s: 0.10 reconn/s: 0.00
[ 740s ] thds: 400 tps: 9235.39 qps: 184744.23 (r/w/o: 129315.98/36954.57/18473.68) lat (ms,95%): 62.19 err/s: 0.10 reconn/s: 0.00
[ 750s ] thds: 400 tps: 9097.70 qps: 182084.79 (r/w/o: 127460.29/36429.00/18195.50) lat (ms,95%): 66.84 err/s: 0.00 reconn/s: 0.00
[ 760s ] thds: 400 tps: 9338.34 qps: 186583.81 (r/w/o: 130604.76/37302.06/18676.98) lat (ms,95%): 58.92 err/s: 0.00 reconn/s: 0.00
[ 770s ] thds: 400 tps: 9320.83 qps: 186775.36 (r/w/o: 130761.39/37372.21/18641.76) lat (ms,95%): 59.99 err/s: 0.00 reconn/s: 0.00
[ 780s ] thds: 400 tps: 9042.50 qps: 180484.96 (r/w/o: 126331.77/36068.29/18084.90) lat (ms,95%): 71.83 err/s: 0.00 reconn/s: 0.00
[ 790s ] thds: 400 tps: 8408.04 qps: 168154.89 (r/w/o: 117696.45/33643.06/16815.38) lat (ms,95%): 87.56 err/s: 0.00 reconn/s: 0.00
[ 800s ] thds: 400 tps: 7774.71 qps: 155609.91 (r/w/o: 108967.57/31092.03/15550.31) lat (ms,95%): 97.55 err/s: 0.00 reconn/s: 0.00
[ 810s ] thds: 400 tps: 7381.07 qps: 147750.96 (r/w/o: 103409.25/29580.67/14761.03) lat (ms,95%): 101.13 err/s: 0.00 reconn/s: 0.00
[ 820s ] thds: 400 tps: 7645.22 qps: 152785.14 (r/w/o: 106937.90/30555.19/15292.04) lat (ms,95%): 106.75 err/s: 0.10 reconn/s: 0.00
[ 830s ] thds: 400 tps: 7314.07 qps: 146347.90 (r/w/o: 102454.78/29270.18/14622.94) lat (ms,95%): 112.67 err/s: 0.00 reconn/s: 0.00
[ 840s ] thds: 400 tps: 7377.05 qps: 147529.05 (r/w/o: 103248.55/29528.90/14751.60) lat (ms,95%): 108.68 err/s: 0.00 reconn/s: 0.00
SQL statistics:
    queries performed:
        read:                            99662388
        write:                           28474875
        other:                           14237531
        total:                           142374794
    transactions:                        7118719 (8443.20 per sec.)
    queries:                             142374794 (168864.43 per sec.)
    ignored errors:                      23     (0.03 per sec.)
    reconnects:                          0      (0.00 per sec.)

General statistics:
    total time:                          843.1298s
    total number of events:              7118719

Latency (ms):
         min:                                   19.70
         avg:                                   47.22
         max:                                 3135.01
         95th percentile:                       86.00
         sum:                            336120928.84

Threads fairness:
    events (avg/stddev):           17796.7975/398.46
    execution time (avg/stddev):   840.3023/0.66

