sysbench 1.0.20-ebf1c90 (using bundled LuaJIT 2.1.0-beta2)

Running the test with following options:
Number of threads: 400
Report intermediate results every 10 second(s)
Initializing random number generator from current time


Initializing worker threads...

Threads started!

[ 10s ] thds: 400 tps: 5696.65 qps: 114308.98 (r/w/o: 80085.07/22790.61/11433.30) lat (ms,95%): 207.82 err/s: 0.00 reconn/s: 0.00
[ 20s ] thds: 400 tps: 7748.17 qps: 155069.23 (r/w/o: 108565.63/31007.97/15495.63) lat (ms,95%): 158.63 err/s: 0.00 reconn/s: 0.00
[ 30s ] thds: 400 tps: 8136.67 qps: 162575.89 (r/w/o: 113755.77/32546.38/16273.74) lat (ms,95%): 144.97 err/s: 0.00 reconn/s: 0.00
[ 40s ] thds: 400 tps: 8744.77 qps: 175065.72 (r/w/o: 122603.83/34971.86/17490.03) lat (ms,95%): 74.46 err/s: 0.00 reconn/s: 0.00
[ 50s ] thds: 400 tps: 9002.05 qps: 180056.89 (r/w/o: 126032.36/36021.72/18002.81) lat (ms,95%): 70.55 err/s: 0.00 reconn/s: 0.00
[ 60s ] thds: 400 tps: 9029.21 qps: 180615.35 (r/w/o: 126433.31/36122.43/18059.62) lat (ms,95%): 65.65 err/s: 0.10 reconn/s: 0.00
[ 70s ] thds: 400 tps: 9166.40 qps: 183531.84 (r/w/o: 128418.46/36779.79/18333.59) lat (ms,95%): 63.32 err/s: 0.20 reconn/s: 0.00
[ 80s ] thds: 400 tps: 8733.60 qps: 174274.99 (r/w/o: 122008.16/34799.52/17467.31) lat (ms,95%): 87.56 err/s: 0.00 reconn/s: 0.00
[ 90s ] thds: 400 tps: 9392.70 qps: 187805.92 (r/w/o: 131458.65/37561.88/18785.39) lat (ms,95%): 58.92 err/s: 0.00 reconn/s: 0.00
[ 100s ] thds: 400 tps: 9514.43 qps: 190478.80 (r/w/o: 133333.92/38115.92/19028.96) lat (ms,95%): 56.84 err/s: 0.00 reconn/s: 0.00
[ 110s ] thds: 400 tps: 9498.88 qps: 190113.64 (r/w/o: 133113.25/38002.43/18997.96) lat (ms,95%): 58.92 err/s: 0.00 reconn/s: 0.00
[ 120s ] thds: 400 tps: 7358.16 qps: 147025.40 (r/w/o: 102918.94/29390.04/14716.42) lat (ms,95%): 118.92 err/s: 0.00 reconn/s: 0.00
[ 130s ] thds: 400 tps: 5930.75 qps: 118749.81 (r/w/o: 83095.71/23793.00/11861.10) lat (ms,95%): 134.90 err/s: 0.00 reconn/s: 0.00
[ 140s ] thds: 400 tps: 6451.90 qps: 128708.80 (r/w/o: 90082.90/25721.80/12904.10) lat (ms,95%): 123.28 err/s: 0.00 reconn/s: 0.00
[ 150s ] thds: 400 tps: 8979.58 qps: 179716.16 (r/w/o: 125826.76/35932.63/17956.77) lat (ms,95%): 62.19 err/s: 0.00 reconn/s: 0.00
[ 160s ] thds: 400 tps: 9087.58 qps: 181880.37 (r/w/o: 127318.57/36383.83/18177.97) lat (ms,95%): 69.29 err/s: 0.00 reconn/s: 0.00
[ 170s ] thds: 400 tps: 9346.84 qps: 186723.31 (r/w/o: 130647.20/37388.44/18687.67) lat (ms,95%): 62.19 err/s: 0.00 reconn/s: 0.00
[ 180s ] thds: 400 tps: 9362.81 qps: 187338.15 (r/w/o: 131193.10/37413.33/18731.71) lat (ms,95%): 58.92 err/s: 0.00 reconn/s: 0.00
[ 190s ] thds: 400 tps: 9172.71 qps: 183666.69 (r/w/o: 128588.24/36732.94/18345.52) lat (ms,95%): 66.84 err/s: 0.00 reconn/s: 0.00
[ 200s ] thds: 400 tps: 9529.90 qps: 190376.74 (r/w/o: 133256.96/38060.09/19059.69) lat (ms,95%): 56.84 err/s: 0.00 reconn/s: 0.00
[ 210s ] thds: 400 tps: 9464.88 qps: 189318.32 (r/w/o: 132502.34/37886.82/18929.16) lat (ms,95%): 57.87 err/s: 0.00 reconn/s: 0.00
[ 220s ] thds: 400 tps: 9468.80 qps: 189297.22 (r/w/o: 132479.54/37879.68/18937.99) lat (ms,95%): 56.84 err/s: 0.00 reconn/s: 0.00
[ 230s ] thds: 400 tps: 7930.34 qps: 158781.06 (r/w/o: 111182.30/31737.47/15861.29) lat (ms,95%): 95.81 err/s: 0.00 reconn/s: 0.00
[ 240s ] thds: 400 tps: 7871.46 qps: 157336.32 (r/w/o: 110101.95/31496.14/15738.22) lat (ms,95%): 97.55 err/s: 0.00 reconn/s: 0.00
[ 250s ] thds: 400 tps: 6865.71 qps: 137413.15 (r/w/o: 96200.50/27476.83/13735.81) lat (ms,95%): 110.66 err/s: 0.00 reconn/s: 0.00
[ 260s ] thds: 400 tps: 7401.78 qps: 147824.98 (r/w/o: 103479.28/29543.04/14802.67) lat (ms,95%): 102.97 err/s: 0.00 reconn/s: 0.00
[ 270s ] thds: 400 tps: 8951.20 qps: 179196.38 (r/w/o: 125481.66/35811.12/17903.61) lat (ms,95%): 68.05 err/s: 0.00 reconn/s: 0.00
[ 280s ] thds: 400 tps: 9243.44 qps: 185000.46 (r/w/o: 129464.53/37048.95/18486.98) lat (ms,95%): 57.87 err/s: 0.00 reconn/s: 0.00
[ 290s ] thds: 400 tps: 9555.82 qps: 190887.89 (r/w/o: 133637.54/38138.80/19111.55) lat (ms,95%): 54.83 err/s: 0.00 reconn/s: 0.00
[ 300s ] thds: 400 tps: 9159.58 qps: 183383.32 (r/w/o: 128360.76/36703.30/18319.25) lat (ms,95%): 70.55 err/s: 0.00 reconn/s: 0.00
[ 310s ] thds: 400 tps: 9303.14 qps: 186013.26 (r/w/o: 130236.83/37169.95/18606.48) lat (ms,95%): 61.08 err/s: 0.10 reconn/s: 0.00
[ 320s ] thds: 400 tps: 9377.57 qps: 187603.18 (r/w/o: 131321.14/37527.80/18754.25) lat (ms,95%): 59.99 err/s: 0.00 reconn/s: 0.00
[ 330s ] thds: 400 tps: 9121.84 qps: 182468.78 (r/w/o: 127718.05/36505.86/18244.88) lat (ms,95%): 64.47 err/s: 0.10 reconn/s: 0.00
[ 340s ] thds: 400 tps: 8149.89 qps: 163025.17 (r/w/o: 114098.54/32626.85/16299.78) lat (ms,95%): 95.81 err/s: 0.00 reconn/s: 0.00
[ 350s ] thds: 400 tps: 8247.96 qps: 164840.29 (r/w/o: 115387.43/32957.04/16495.82) lat (ms,95%): 86.00 err/s: 0.00 reconn/s: 0.00
[ 360s ] thds: 400 tps: 7487.43 qps: 149401.02 (r/w/o: 104531.86/29896.50/14972.65) lat (ms,95%): 95.81 err/s: 0.00 reconn/s: 0.00
[ 370s ] thds: 400 tps: 6866.94 qps: 137896.32 (r/w/o: 96558.81/27601.24/13736.27) lat (ms,95%): 110.66 err/s: 0.00 reconn/s: 0.00
[ 380s ] thds: 400 tps: 7918.82 qps: 158132.17 (r/w/o: 110738.23/31556.19/15837.75) lat (ms,95%): 87.56 err/s: 0.00 reconn/s: 0.00
[ 390s ] thds: 400 tps: 8655.40 qps: 173071.50 (r/w/o: 121147.97/34612.72/17310.81) lat (ms,95%): 81.48 err/s: 0.00 reconn/s: 0.00
[ 400s ] thds: 400 tps: 8228.40 qps: 164399.71 (r/w/o: 115038.14/32904.78/16456.79) lat (ms,95%): 94.10 err/s: 0.10 reconn/s: 0.00
[ 410s ] thds: 400 tps: 8019.20 qps: 160518.16 (r/w/o: 112369.17/32113.39/16035.60) lat (ms,95%): 95.81 err/s: 0.00 reconn/s: 0.00
[ 420s ] thds: 400 tps: 7726.34 qps: 154550.14 (r/w/o: 108215.89/30879.27/15454.98) lat (ms,95%): 95.81 err/s: 0.00 reconn/s: 0.00
[ 430s ] thds: 400 tps: 8352.30 qps: 167088.11 (r/w/o: 116960.44/33422.58/16705.09) lat (ms,95%): 89.16 err/s: 0.00 reconn/s: 0.00
[ 440s ] thds: 400 tps: 9435.36 qps: 188873.10 (r/w/o: 132192.07/37812.92/18868.11) lat (ms,95%): 56.84 err/s: 0.00 reconn/s: 0.00
[ 450s ] thds: 400 tps: 9095.76 qps: 181957.85 (r/w/o: 127367.47/36395.75/18194.62) lat (ms,95%): 64.47 err/s: 0.10 reconn/s: 0.00
[ 460s ] thds: 400 tps: 8283.28 qps: 165300.00 (r/w/o: 115693.22/33040.22/16566.56) lat (ms,95%): 87.56 err/s: 0.00 reconn/s: 0.00
[ 470s ] thds: 400 tps: 8085.33 qps: 161791.99 (r/w/o: 113271.18/32350.14/16170.67) lat (ms,95%): 89.16 err/s: 0.00 reconn/s: 0.00
[ 480s ] thds: 400 tps: 7330.40 qps: 146713.68 (r/w/o: 102683.06/29369.72/14660.91) lat (ms,95%): 97.55 err/s: 0.00 reconn/s: 0.00
[ 490s ] thds: 400 tps: 7587.51 qps: 151604.87 (r/w/o: 106120.49/30312.55/15171.83) lat (ms,95%): 94.10 err/s: 0.00 reconn/s: 0.00
[ 500s ] thds: 400 tps: 8196.61 qps: 163940.35 (r/w/o: 114786.01/32758.03/16396.32) lat (ms,95%): 84.47 err/s: 0.00 reconn/s: 0.00
[ 510s ] thds: 400 tps: 9411.14 qps: 188339.52 (r/w/o: 131870.11/37647.14/18822.27) lat (ms,95%): 56.84 err/s: 0.00 reconn/s: 0.00
[ 520s ] thds: 400 tps: 9217.58 qps: 184501.64 (r/w/o: 129120.88/36945.51/18435.25) lat (ms,95%): 63.32 err/s: 0.00 reconn/s: 0.00
[ 530s ] thds: 400 tps: 9230.71 qps: 184340.33 (r/w/o: 129038.59/36840.02/18461.71) lat (ms,95%): 62.19 err/s: 0.10 reconn/s: 0.00
[ 540s ] thds: 400 tps: 9307.61 qps: 186174.31 (r/w/o: 130308.64/37250.34/18615.32) lat (ms,95%): 62.19 err/s: 0.00 reconn/s: 0.00
[ 550s ] thds: 400 tps: 9423.24 qps: 188627.70 (r/w/o: 132084.39/37696.94/18846.37) lat (ms,95%): 58.92 err/s: 0.00 reconn/s: 0.00
[ 560s ] thds: 400 tps: 9261.84 qps: 185110.50 (r/w/o: 129524.99/37063.64/18521.87) lat (ms,95%): 63.32 err/s: 0.00 reconn/s: 0.00
[ 570s ] thds: 400 tps: 8142.21 qps: 163106.41 (r/w/o: 114190.84/32628.84/16286.72) lat (ms,95%): 90.78 err/s: 0.10 reconn/s: 0.00
[ 580s ] thds: 400 tps: 8078.73 qps: 161253.42 (r/w/o: 112845.76/32250.20/16157.45) lat (ms,95%): 92.42 err/s: 0.00 reconn/s: 0.00
[ 590s ] thds: 400 tps: 7899.26 qps: 158277.22 (r/w/o: 110825.29/31653.32/15798.61) lat (ms,95%): 89.16 err/s: 0.00 reconn/s: 0.00
[ 600s ] thds: 400 tps: 7318.35 qps: 146055.33 (r/w/o: 102192.52/29229.61/14633.20) lat (ms,95%): 95.81 err/s: 0.00 reconn/s: 0.00
[ 610s ] thds: 400 tps: 7623.57 qps: 152679.76 (r/w/o: 106936.15/30493.27/15250.34) lat (ms,95%): 90.78 err/s: 0.00 reconn/s: 0.00
[ 620s ] thds: 400 tps: 9087.82 qps: 181795.16 (r/w/o: 127253.92/36365.19/18176.05) lat (ms,95%): 66.84 err/s: 0.00 reconn/s: 0.00
[ 630s ] thds: 400 tps: 9076.07 qps: 181376.80 (r/w/o: 126970.18/36254.48/18152.14) lat (ms,95%): 69.29 err/s: 0.00 reconn/s: 0.00
[ 640s ] thds: 400 tps: 9102.66 qps: 181994.95 (r/w/o: 127385.58/36404.05/18205.33) lat (ms,95%): 71.83 err/s: 0.00 reconn/s: 0.00
[ 650s ] thds: 400 tps: 9464.51 qps: 189248.79 (r/w/o: 132468.10/37852.16/18928.53) lat (ms,95%): 59.99 err/s: 0.00 reconn/s: 0.00
[ 660s ] thds: 400 tps: 9454.49 qps: 189315.31 (r/w/o: 132522.37/37883.16/18909.78) lat (ms,95%): 56.84 err/s: 0.00 reconn/s: 0.00
[ 670s ] thds: 400 tps: 9103.19 qps: 182023.59 (r/w/o: 127439.86/36377.16/18206.58) lat (ms,95%): 68.05 err/s: 0.10 reconn/s: 0.00
[ 680s ] thds: 400 tps: 8142.08 qps: 163028.02 (r/w/o: 114072.26/32671.60/16284.15) lat (ms,95%): 94.10 err/s: 0.00 reconn/s: 0.00
[ 690s ] thds: 400 tps: 8034.19 qps: 160595.74 (r/w/o: 112456.88/32070.17/16068.68) lat (ms,95%): 89.16 err/s: 0.10 reconn/s: 0.00
[ 700s ] thds: 400 tps: 8085.16 qps: 161436.79 (r/w/o: 112966.14/32308.94/16161.72) lat (ms,95%): 89.16 err/s: 0.00 reconn/s: 0.00
[ 710s ] thds: 400 tps: 7881.58 qps: 157662.46 (r/w/o: 110385.49/31506.01/15770.96) lat (ms,95%): 90.78 err/s: 0.00 reconn/s: 0.00
[ 720s ] thds: 400 tps: 7618.09 qps: 152572.21 (r/w/o: 106804.79/30530.04/15237.37) lat (ms,95%): 92.42 err/s: 0.00 reconn/s: 0.00
[ 730s ] thds: 400 tps: 8402.99 qps: 167937.20 (r/w/o: 117532.73/33604.88/16799.59) lat (ms,95%): 81.48 err/s: 0.00 reconn/s: 0.00
[ 740s ] thds: 400 tps: 9261.95 qps: 184886.40 (r/w/o: 129374.83/36987.08/18524.49) lat (ms,95%): 62.19 err/s: 0.00 reconn/s: 0.00
[ 750s ] thds: 400 tps: 9117.19 qps: 182659.50 (r/w/o: 127931.33/36490.88/18237.29) lat (ms,95%): 65.65 err/s: 0.00 reconn/s: 0.00
[ 760s ] thds: 400 tps: 9284.70 qps: 185781.42 (r/w/o: 130026.51/37184.80/18570.10) lat (ms,95%): 59.99 err/s: 0.10 reconn/s: 0.00
[ 770s ] thds: 400 tps: 9287.10 qps: 185758.99 (r/w/o: 130093.79/37088.60/18576.60) lat (ms,95%): 61.08 err/s: 0.00 reconn/s: 0.00
[ 780s ] thds: 400 tps: 9065.60 qps: 181323.50 (r/w/o: 126860.50/36333.60/18129.40) lat (ms,95%): 71.83 err/s: 0.00 reconn/s: 0.00
[ 790s ] thds: 400 tps: 8387.19 qps: 167758.54 (r/w/o: 117443.29/33539.27/16775.98) lat (ms,95%): 87.56 err/s: 0.00 reconn/s: 0.00
[ 800s ] thds: 400 tps: 7780.13 qps: 155304.81 (r/w/o: 108679.73/31064.62/15560.46) lat (ms,95%): 97.55 err/s: 0.00 reconn/s: 0.00
[ 810s ] thds: 400 tps: 7390.04 qps: 147899.67 (r/w/o: 103553.21/29567.97/14778.49) lat (ms,95%): 101.13 err/s: 0.10 reconn/s: 0.00
[ 820s ] thds: 400 tps: 7624.77 qps: 152628.12 (r/w/o: 106824.19/30558.88/15245.04) lat (ms,95%): 106.75 err/s: 0.00 reconn/s: 0.00
[ 830s ] thds: 400 tps: 7300.82 qps: 145939.81 (r/w/o: 102181.72/29152.86/14605.23) lat (ms,95%): 110.66 err/s: 0.10 reconn/s: 0.00
[ 840s ] thds: 400 tps: 7400.30 qps: 148120.89 (r/w/o: 103682.06/29636.62/14802.21) lat (ms,95%): 108.68 err/s: 0.10 reconn/s: 0.00
SQL statistics:
    queries performed:
        read:                            99620542
        write:                           28462945
        other:                           14231543
        total:                           142315030
    transactions:                        7115738 (8442.83 per sec.)
    queries:                             142315030 (168856.94 per sec.)
    ignored errors:                      15     (0.02 per sec.)
    reconnects:                          0      (0.00 per sec.)

General statistics:
    total time:                          842.8132s
    total number of events:              7115738

Latency (ms):
         min:                                   19.91
         avg:                                   47.24
         max:                                 2845.21
         95th percentile:                       86.00
         sum:                            336147526.60

Threads fairness:
    events (avg/stddev):           17789.3450/405.91
    execution time (avg/stddev):   840.3688/0.74

