sysbench 1.0.20-ebf1c90 (using bundled LuaJIT 2.1.0-beta2)

Running the test with following options:
Number of threads: 400
Report intermediate results every 10 second(s)
Initializing random number generator from current time


Initializing worker threads...

Threads started!

[ 10s ] thds: 400 tps: 5683.26 qps: 114008.69 (r/w/o: 79864.85/22737.43/11406.41) lat (ms,95%): 211.60 err/s: 0.00 reconn/s: 0.00
[ 20s ] thds: 400 tps: 7733.19 qps: 154814.01 (r/w/o: 108396.00/30951.24/15466.77) lat (ms,95%): 158.63 err/s: 0.10 reconn/s: 0.00
[ 30s ] thds: 400 tps: 8118.71 qps: 162325.54 (r/w/o: 113604.40/32483.33/16237.81) lat (ms,95%): 142.39 err/s: 0.20 reconn/s: 0.00
[ 40s ] thds: 400 tps: 8720.38 qps: 174525.55 (r/w/o: 122183.08/34902.51/17439.95) lat (ms,95%): 74.46 err/s: 0.00 reconn/s: 0.00
[ 50s ] thds: 400 tps: 8989.40 qps: 179812.18 (r/w/o: 125825.65/36006.82/17979.71) lat (ms,95%): 70.55 err/s: 0.00 reconn/s: 0.00
[ 60s ] thds: 400 tps: 9078.29 qps: 181575.62 (r/w/o: 127160.31/36258.64/18156.67) lat (ms,95%): 65.65 err/s: 0.00 reconn/s: 0.00
[ 70s ] thds: 400 tps: 9168.88 qps: 183024.70 (r/w/o: 128052.22/36640.52/18331.96) lat (ms,95%): 64.47 err/s: 0.00 reconn/s: 0.00
[ 80s ] thds: 400 tps: 8693.64 qps: 174107.01 (r/w/o: 121949.00/34764.94/17393.07) lat (ms,95%): 89.16 err/s: 0.00 reconn/s: 0.00
[ 90s ] thds: 400 tps: 9369.96 qps: 187326.17 (r/w/o: 131102.02/37488.53/18735.62) lat (ms,95%): 58.92 err/s: 0.00 reconn/s: 0.00
[ 100s ] thds: 400 tps: 9493.52 qps: 190035.77 (r/w/o: 133004.73/38039.60/18991.45) lat (ms,95%): 56.84 err/s: 0.00 reconn/s: 0.00
[ 110s ] thds: 400 tps: 9591.27 qps: 191793.57 (r/w/o: 134236.83/38373.99/19182.75) lat (ms,95%): 57.87 err/s: 0.10 reconn/s: 0.00
[ 120s ] thds: 400 tps: 7373.87 qps: 147494.25 (r/w/o: 103288.92/29457.49/14747.85) lat (ms,95%): 116.80 err/s: 0.00 reconn/s: 0.00
[ 130s ] thds: 400 tps: 6016.00 qps: 120094.10 (r/w/o: 84040.20/24025.20/12028.70) lat (ms,95%): 134.90 err/s: 0.10 reconn/s: 0.00
[ 140s ] thds: 400 tps: 6462.87 qps: 129389.99 (r/w/o: 90615.64/25845.00/12929.35) lat (ms,95%): 123.28 err/s: 0.10 reconn/s: 0.00
[ 150s ] thds: 400 tps: 8940.69 qps: 178941.29 (r/w/o: 125235.92/35823.78/17881.59) lat (ms,95%): 63.32 err/s: 0.10 reconn/s: 0.00
[ 160s ] thds: 400 tps: 9150.51 qps: 182813.91 (r/w/o: 127930.98/36581.62/18301.31) lat (ms,95%): 68.05 err/s: 0.00 reconn/s: 0.00
[ 170s ] thds: 400 tps: 9367.04 qps: 187476.15 (r/w/o: 131271.89/37470.17/18734.08) lat (ms,95%): 62.19 err/s: 0.00 reconn/s: 0.00
[ 180s ] thds: 400 tps: 9394.45 qps: 187808.80 (r/w/o: 131465.10/37554.70/18789.00) lat (ms,95%): 58.92 err/s: 0.00 reconn/s: 0.00
[ 190s ] thds: 400 tps: 9184.00 qps: 183940.44 (r/w/o: 128740.16/36831.89/18368.39) lat (ms,95%): 65.65 err/s: 0.10 reconn/s: 0.00
[ 200s ] thds: 400 tps: 9547.77 qps: 190727.99 (r/w/o: 133534.47/38097.98/19095.54) lat (ms,95%): 56.84 err/s: 0.00 reconn/s: 0.00
[ 210s ] thds: 400 tps: 9472.22 qps: 189499.43 (r/w/o: 132659.93/37894.97/18944.53) lat (ms,95%): 56.84 err/s: 0.00 reconn/s: 0.00
[ 220s ] thds: 400 tps: 9441.90 qps: 188737.30 (r/w/o: 132094.50/37758.80/18884.00) lat (ms,95%): 56.84 err/s: 0.10 reconn/s: 0.00
[ 230s ] thds: 400 tps: 7977.49 qps: 159633.17 (r/w/o: 111747.64/31933.55/15951.98) lat (ms,95%): 95.81 err/s: 0.00 reconn/s: 0.00
[ 240s ] thds: 400 tps: 7886.18 qps: 157613.36 (r/w/o: 110320.19/31517.71/15775.46) lat (ms,95%): 97.55 err/s: 0.00 reconn/s: 0.00
[ 250s ] thds: 400 tps: 6904.67 qps: 138205.44 (r/w/o: 96756.24/27640.77/13808.43) lat (ms,95%): 110.66 err/s: 0.10 reconn/s: 0.00
[ 260s ] thds: 400 tps: 7396.48 qps: 147960.72 (r/w/o: 103582.43/29584.22/14794.06) lat (ms,95%): 102.97 err/s: 0.00 reconn/s: 0.00
[ 270s ] thds: 400 tps: 8923.33 qps: 178423.09 (r/w/o: 124827.98/35751.44/17843.67) lat (ms,95%): 66.84 err/s: 0.00 reconn/s: 0.00
[ 280s ] thds: 400 tps: 9293.71 qps: 185708.17 (r/w/o: 130034.22/37083.83/18590.12) lat (ms,95%): 58.92 err/s: 0.00 reconn/s: 0.00
[ 290s ] thds: 400 tps: 9504.32 qps: 190186.28 (r/w/o: 133158.53/38018.80/19008.95) lat (ms,95%): 54.83 err/s: 0.10 reconn/s: 0.00
[ 300s ] thds: 400 tps: 9252.09 qps: 184995.85 (r/w/o: 129443.33/37048.15/18504.38) lat (ms,95%): 69.29 err/s: 0.00 reconn/s: 0.00
[ 310s ] thds: 400 tps: 9315.28 qps: 186578.86 (r/w/o: 130649.66/37298.53/18630.67) lat (ms,95%): 61.08 err/s: 0.00 reconn/s: 0.00
[ 320s ] thds: 400 tps: 9371.70 qps: 187300.51 (r/w/o: 131114.93/37445.78/18739.79) lat (ms,95%): 59.99 err/s: 0.00 reconn/s: 0.00
[ 330s ] thds: 400 tps: 9209.49 qps: 184254.27 (r/w/o: 128997.11/36834.27/18422.89) lat (ms,95%): 63.32 err/s: 0.00 reconn/s: 0.00
[ 340s ] thds: 400 tps: 8188.80 qps: 163509.41 (r/w/o: 114403.24/32727.98/16378.19) lat (ms,95%): 95.81 err/s: 0.30 reconn/s: 0.00
[ 350s ] thds: 400 tps: 8277.40 qps: 165771.39 (r/w/o: 116082.56/33134.12/16554.71) lat (ms,95%): 86.00 err/s: 0.00 reconn/s: 0.00
[ 360s ] thds: 400 tps: 7479.17 qps: 149481.91 (r/w/o: 104613.32/29912.76/14955.83) lat (ms,95%): 95.81 err/s: 0.00 reconn/s: 0.00
[ 370s ] thds: 400 tps: 6925.07 qps: 138627.53 (r/w/o: 97076.00/27698.29/13853.24) lat (ms,95%): 108.68 err/s: 0.00 reconn/s: 0.00
[ 380s ] thds: 400 tps: 7884.55 qps: 157715.62 (r/w/o: 110378.04/31568.28/15769.29) lat (ms,95%): 87.56 err/s: 0.10 reconn/s: 0.00
[ 390s ] thds: 400 tps: 8739.18 qps: 174878.43 (r/w/o: 122400.24/35000.23/17477.96) lat (ms,95%): 80.03 err/s: 0.00 reconn/s: 0.00
[ 400s ] thds: 400 tps: 8266.53 qps: 164976.05 (r/w/o: 115478.98/32965.31/16531.75) lat (ms,95%): 94.10 err/s: 0.00 reconn/s: 0.00
[ 410s ] thds: 400 tps: 8063.77 qps: 161699.04 (r/w/o: 113168.54/32400.97/16129.53) lat (ms,95%): 95.81 err/s: 0.00 reconn/s: 0.00
[ 420s ] thds: 400 tps: 7762.41 qps: 155100.87 (r/w/o: 108591.59/30989.65/15519.63) lat (ms,95%): 95.81 err/s: 0.10 reconn/s: 0.00
[ 430s ] thds: 400 tps: 8401.36 qps: 167932.92 (r/w/o: 117575.85/33548.74/16808.32) lat (ms,95%): 89.16 err/s: 0.00 reconn/s: 0.00
[ 440s ] thds: 400 tps: 9447.17 qps: 188812.03 (r/w/o: 132113.43/37804.37/18894.23) lat (ms,95%): 56.84 err/s: 0.00 reconn/s: 0.00
[ 450s ] thds: 400 tps: 9093.47 qps: 181915.10 (r/w/o: 127394.41/36333.36/18187.33) lat (ms,95%): 64.47 err/s: 0.00 reconn/s: 0.00
[ 460s ] thds: 400 tps: 8221.51 qps: 164443.09 (r/w/o: 115109.93/32891.24/16441.92) lat (ms,95%): 87.56 err/s: 0.10 reconn/s: 0.00
[ 470s ] thds: 400 tps: 8133.30 qps: 162737.93 (r/w/o: 113927.22/32542.71/16268.00) lat (ms,95%): 87.56 err/s: 0.00 reconn/s: 0.00
[ 480s ] thds: 400 tps: 7361.70 qps: 147207.29 (r/w/o: 103030.26/29453.52/14723.51) lat (ms,95%): 97.55 err/s: 0.10 reconn/s: 0.00
[ 490s ] thds: 400 tps: 7587.27 qps: 151990.38 (r/w/o: 106366.67/30448.88/15174.84) lat (ms,95%): 94.10 err/s: 0.10 reconn/s: 0.00
[ 500s ] thds: 400 tps: 8222.54 qps: 164145.62 (r/w/o: 114921.91/32781.44/16442.27) lat (ms,95%): 84.47 err/s: 0.10 reconn/s: 0.00
[ 510s ] thds: 400 tps: 9453.59 qps: 189379.49 (r/w/o: 132556.12/37913.18/18910.19) lat (ms,95%): 56.84 err/s: 0.00 reconn/s: 0.00
[ 520s ] thds: 400 tps: 9265.66 qps: 184822.13 (r/w/o: 129317.96/36977.65/18526.52) lat (ms,95%): 63.32 err/s: 0.00 reconn/s: 0.00
[ 530s ] thds: 400 tps: 9205.65 qps: 184306.47 (r/w/o: 129095.48/36794.59/18416.40) lat (ms,95%): 62.19 err/s: 0.10 reconn/s: 0.00
[ 540s ] thds: 400 tps: 9308.50 qps: 186150.88 (r/w/o: 130281.16/37252.72/18617.01) lat (ms,95%): 62.19 err/s: 0.00 reconn/s: 0.00
[ 550s ] thds: 400 tps: 9476.38 qps: 189723.78 (r/w/o: 132837.88/37933.14/18952.77) lat (ms,95%): 58.92 err/s: 0.00 reconn/s: 0.00
[ 560s ] thds: 400 tps: 9278.30 qps: 185187.53 (r/w/o: 129557.02/37073.71/18556.80) lat (ms,95%): 63.32 err/s: 0.00 reconn/s: 0.00
[ 570s ] thds: 400 tps: 8197.62 qps: 164104.70 (r/w/o: 114888.88/32820.58/16395.24) lat (ms,95%): 89.16 err/s: 0.00 reconn/s: 0.00
[ 580s ] thds: 400 tps: 8071.80 qps: 161541.22 (r/w/o: 113115.72/32281.90/16143.60) lat (ms,95%): 90.78 err/s: 0.00 reconn/s: 0.00
[ 590s ] thds: 400 tps: 7909.85 qps: 158158.88 (r/w/o: 110703.19/31637.10/15818.60) lat (ms,95%): 90.78 err/s: 0.10 reconn/s: 0.00
[ 600s ] thds: 400 tps: 7322.11 qps: 146525.16 (r/w/o: 102560.81/29319.33/14645.02) lat (ms,95%): 95.81 err/s: 0.00 reconn/s: 0.00
[ 610s ] thds: 400 tps: 7601.95 qps: 152087.23 (r/w/o: 106477.85/30404.59/15204.79) lat (ms,95%): 90.78 err/s: 0.10 reconn/s: 0.00
[ 620s ] thds: 400 tps: 9155.92 qps: 182936.67 (r/w/o: 128032.56/36599.67/18304.44) lat (ms,95%): 65.65 err/s: 0.00 reconn/s: 0.00
[ 630s ] thds: 400 tps: 9051.04 qps: 181152.48 (r/w/o: 126852.95/36189.56/18109.98) lat (ms,95%): 69.29 err/s: 0.00 reconn/s: 0.00
[ 640s ] thds: 400 tps: 9063.74 qps: 181214.96 (r/w/o: 126845.43/36242.05/18127.48) lat (ms,95%): 71.83 err/s: 0.00 reconn/s: 0.00
[ 650s ] thds: 400 tps: 9455.27 qps: 189145.83 (r/w/o: 132405.70/37829.59/18910.54) lat (ms,95%): 59.99 err/s: 0.00 reconn/s: 0.00
[ 660s ] thds: 400 tps: 9449.98 qps: 189056.91 (r/w/o: 132308.83/37847.92/18900.16) lat (ms,95%): 57.87 err/s: 0.00 reconn/s: 0.00
[ 670s ] thds: 400 tps: 9141.20 qps: 182826.86 (r/w/o: 128005.47/36538.89/18282.50) lat (ms,95%): 68.05 err/s: 0.00 reconn/s: 0.00
[ 680s ] thds: 400 tps: 8196.09 qps: 163633.75 (r/w/o: 114498.10/32743.57/16392.09) lat (ms,95%): 94.10 err/s: 0.00 reconn/s: 0.00
[ 690s ] thds: 400 tps: 8058.54 qps: 161369.74 (r/w/o: 113013.92/32238.45/16117.37) lat (ms,95%): 89.16 err/s: 0.00 reconn/s: 0.00
[ 700s ] thds: 400 tps: 8121.48 qps: 162389.07 (r/w/o: 113630.90/32517.91/16240.26) lat (ms,95%): 87.56 err/s: 0.00 reconn/s: 0.00
[ 710s ] thds: 400 tps: 7858.66 qps: 157458.30 (r/w/o: 110219.67/31518.52/15720.11) lat (ms,95%): 90.78 err/s: 0.00 reconn/s: 0.00
[ 720s ] thds: 400 tps: 7643.12 qps: 152685.41 (r/w/o: 106883.92/30518.96/15282.53) lat (ms,95%): 92.42 err/s: 0.00 reconn/s: 0.00
[ 730s ] thds: 400 tps: 8399.84 qps: 167863.17 (r/w/o: 117506.21/33557.48/16799.49) lat (ms,95%): 81.48 err/s: 0.00 reconn/s: 0.00
[ 740s ] thds: 400 tps: 9220.00 qps: 184349.27 (r/w/o: 129022.08/36883.49/18443.70) lat (ms,95%): 62.19 err/s: 0.00 reconn/s: 0.00
[ 750s ] thds: 400 tps: 9087.46 qps: 181907.02 (r/w/o: 127345.48/36386.12/18175.41) lat (ms,95%): 66.84 err/s: 0.00 reconn/s: 0.00
[ 760s ] thds: 400 tps: 9355.54 qps: 186898.99 (r/w/o: 130811.42/37377.28/18710.29) lat (ms,95%): 59.99 err/s: 0.00 reconn/s: 0.00
[ 770s ] thds: 400 tps: 9311.71 qps: 186628.61 (r/w/o: 130678.98/37325.12/18624.51) lat (ms,95%): 59.99 err/s: 0.10 reconn/s: 0.00
[ 780s ] thds: 400 tps: 9110.86 qps: 181839.76 (r/w/o: 127269.22/36350.43/18220.12) lat (ms,95%): 70.55 err/s: 0.00 reconn/s: 0.00
[ 790s ] thds: 400 tps: 8401.34 qps: 168051.59 (r/w/o: 117632.45/33615.16/16803.98) lat (ms,95%): 86.00 err/s: 0.00 reconn/s: 0.00
[ 800s ] thds: 400 tps: 7779.10 qps: 155659.59 (r/w/o: 108990.89/31109.80/15558.90) lat (ms,95%): 97.55 err/s: 0.00 reconn/s: 0.00
[ 810s ] thds: 400 tps: 7375.59 qps: 147653.20 (r/w/o: 103348.99/29555.34/14748.87) lat (ms,95%): 101.13 err/s: 0.00 reconn/s: 0.00
[ 820s ] thds: 400 tps: 7655.90 qps: 152991.37 (r/w/o: 107076.98/30600.29/15314.10) lat (ms,95%): 106.75 err/s: 0.00 reconn/s: 0.00
[ 830s ] thds: 400 tps: 7310.18 qps: 146328.84 (r/w/o: 102445.75/29268.23/14614.86) lat (ms,95%): 112.67 err/s: 0.00 reconn/s: 0.00
[ 840s ] thds: 400 tps: 7406.16 qps: 148038.00 (r/w/o: 103615.64/29607.74/14814.62) lat (ms,95%): 108.68 err/s: 0.00 reconn/s: 0.00
SQL statistics:
    queries performed:
        read:                            99795500
        write:                           28512898
        other:                           14256554
        total:                           142564952
    transactions:                        7128226 (8459.14 per sec.)
    queries:                             142564952 (169183.39 per sec.)
    ignored errors:                      24     (0.03 per sec.)
    reconnects:                          0      (0.00 per sec.)

General statistics:
    total time:                          842.6642s
    total number of events:              7128226

Latency (ms):
         min:                                   19.89
         avg:                                   47.15
         max:                                 2668.21
         95th percentile:                       86.00
         sum:                            336085117.18

Threads fairness:
    events (avg/stddev):           17820.5650/399.73
    execution time (avg/stddev):   840.2128/0.55

