sysbench 1.0.20-ebf1c90 (using bundled LuaJIT 2.1.0-beta2)

Running the test with following options:
Number of threads: 400
Report intermediate results every 10 second(s)
Initializing random number generator from current time


Initializing worker threads...

Threads started!

[ 10s ] thds: 400 tps: 5689.53 qps: 114186.92 (r/w/o: 79999.43/22768.44/11419.06) lat (ms,95%): 211.60 err/s: 0.00 reconn/s: 0.00
[ 20s ] thds: 400 tps: 7748.88 qps: 155052.43 (r/w/o: 108543.74/31011.03/15497.66) lat (ms,95%): 158.63 err/s: 0.10 reconn/s: 0.00
[ 30s ] thds: 400 tps: 8124.90 qps: 162480.94 (r/w/o: 113712.36/32521.39/16247.19) lat (ms,95%): 144.97 err/s: 0.00 reconn/s: 0.00
[ 40s ] thds: 400 tps: 8721.10 qps: 174439.22 (r/w/o: 122156.51/34837.61/17445.10) lat (ms,95%): 74.46 err/s: 0.00 reconn/s: 0.00
[ 50s ] thds: 400 tps: 9029.74 qps: 180682.10 (r/w/o: 126470.66/36151.76/18059.68) lat (ms,95%): 69.29 err/s: 0.10 reconn/s: 0.00
[ 60s ] thds: 400 tps: 9104.58 qps: 181964.82 (r/w/o: 127363.96/36391.80/18209.05) lat (ms,95%): 65.65 err/s: 0.00 reconn/s: 0.00
[ 70s ] thds: 400 tps: 9236.24 qps: 184962.42 (r/w/o: 129470.18/37019.36/18472.88) lat (ms,95%): 63.32 err/s: 0.10 reconn/s: 0.00
[ 80s ] thds: 400 tps: 8745.24 qps: 174539.81 (r/w/o: 122121.64/34927.58/17490.59) lat (ms,95%): 87.56 err/s: 0.10 reconn/s: 0.00
[ 90s ] thds: 400 tps: 9365.46 qps: 187504.42 (r/w/o: 131269.25/37509.34/18725.82) lat (ms,95%): 58.92 err/s: 0.00 reconn/s: 0.00
[ 100s ] thds: 400 tps: 9490.18 qps: 189908.81 (r/w/o: 132954.16/37968.90/18985.75) lat (ms,95%): 56.84 err/s: 0.10 reconn/s: 0.00
[ 110s ] thds: 400 tps: 9583.77 qps: 191660.24 (r/w/o: 134200.84/38291.87/19167.53) lat (ms,95%): 57.87 err/s: 0.00 reconn/s: 0.00
[ 120s ] thds: 400 tps: 7406.73 qps: 147965.50 (r/w/o: 103528.75/29623.20/14813.55) lat (ms,95%): 116.80 err/s: 0.00 reconn/s: 0.00
[ 130s ] thds: 400 tps: 6026.55 qps: 120409.49 (r/w/o: 84280.87/24079.52/12049.11) lat (ms,95%): 134.90 err/s: 0.00 reconn/s: 0.00
[ 140s ] thds: 400 tps: 6458.77 qps: 129148.26 (r/w/o: 90372.35/25861.17/12914.74) lat (ms,95%): 123.28 err/s: 0.00 reconn/s: 0.00
[ 150s ] thds: 400 tps: 9025.76 qps: 180868.82 (r/w/o: 126698.95/36111.14/18058.72) lat (ms,95%): 62.19 err/s: 0.10 reconn/s: 0.00
[ 160s ] thds: 400 tps: 9124.58 qps: 182502.48 (r/w/o: 127718.01/36535.21/18249.26) lat (ms,95%): 68.05 err/s: 0.00 reconn/s: 0.00
[ 170s ] thds: 400 tps: 9455.68 qps: 188833.54 (r/w/o: 132147.85/37776.63/18909.07) lat (ms,95%): 59.99 err/s: 0.00 reconn/s: 0.00
[ 180s ] thds: 400 tps: 9361.00 qps: 187470.94 (r/w/o: 131258.63/37487.91/18724.40) lat (ms,95%): 58.92 err/s: 0.00 reconn/s: 0.00
[ 190s ] thds: 400 tps: 9202.86 qps: 183991.54 (r/w/o: 128808.09/36777.53/18405.91) lat (ms,95%): 65.65 err/s: 0.00 reconn/s: 0.00
[ 200s ] thds: 400 tps: 9555.88 qps: 191009.71 (r/w/o: 133679.02/38218.92/19111.76) lat (ms,95%): 56.84 err/s: 0.00 reconn/s: 0.00
[ 210s ] thds: 400 tps: 9482.19 qps: 189478.63 (r/w/o: 132621.91/37892.45/18964.27) lat (ms,95%): 57.87 err/s: 0.00 reconn/s: 0.00
[ 220s ] thds: 400 tps: 9433.36 qps: 189016.27 (r/w/o: 132335.02/37816.43/18864.82) lat (ms,95%): 56.84 err/s: 0.00 reconn/s: 0.00
[ 230s ] thds: 400 tps: 8021.78 qps: 160257.05 (r/w/o: 112181.58/32033.41/16042.06) lat (ms,95%): 95.81 err/s: 0.00 reconn/s: 0.00
[ 240s ] thds: 400 tps: 7903.09 qps: 158134.75 (r/w/o: 110680.53/31650.55/15803.67) lat (ms,95%): 97.55 err/s: 0.10 reconn/s: 0.00
[ 250s ] thds: 400 tps: 6905.38 qps: 138128.47 (r/w/o: 96716.90/27596.71/13814.86) lat (ms,95%): 110.66 err/s: 0.00 reconn/s: 0.00
[ 260s ] thds: 400 tps: 7441.58 qps: 148723.62 (r/w/o: 104110.04/29728.92/14884.66) lat (ms,95%): 102.97 err/s: 0.00 reconn/s: 0.00
[ 270s ] thds: 400 tps: 8990.72 qps: 180093.76 (r/w/o: 126046.35/36065.37/17982.04) lat (ms,95%): 65.65 err/s: 0.00 reconn/s: 0.00
[ 280s ] thds: 400 tps: 9248.21 qps: 184927.73 (r/w/o: 129455.46/36976.85/18495.42) lat (ms,95%): 61.08 err/s: 0.00 reconn/s: 0.00
[ 290s ] thds: 400 tps: 9546.58 qps: 190729.01 (r/w/o: 133485.72/38148.92/19094.36) lat (ms,95%): 54.83 err/s: 0.10 reconn/s: 0.00
[ 300s ] thds: 400 tps: 9220.80 qps: 184567.09 (r/w/o: 129238.29/36886.80/18442.00) lat (ms,95%): 69.29 err/s: 0.10 reconn/s: 0.00
[ 310s ] thds: 400 tps: 9367.84 qps: 187226.44 (r/w/o: 131046.39/37444.87/18735.19) lat (ms,95%): 59.99 err/s: 0.00 reconn/s: 0.00
[ 320s ] thds: 400 tps: 9384.78 qps: 187673.09 (r/w/o: 131392.68/37510.04/18770.37) lat (ms,95%): 59.99 err/s: 0.10 reconn/s: 0.00
[ 330s ] thds: 400 tps: 9200.95 qps: 183926.85 (r/w/o: 128726.87/36798.39/18401.60) lat (ms,95%): 63.32 err/s: 0.00 reconn/s: 0.00
[ 340s ] thds: 400 tps: 8179.29 qps: 163852.74 (r/w/o: 114721.72/32771.85/16359.17) lat (ms,95%): 95.81 err/s: 0.10 reconn/s: 0.00
[ 350s ] thds: 400 tps: 8345.47 qps: 166736.31 (r/w/o: 116715.29/33330.08/16690.94) lat (ms,95%): 84.47 err/s: 0.00 reconn/s: 0.00
[ 360s ] thds: 400 tps: 7498.41 qps: 149957.88 (r/w/o: 104930.03/30033.44/14994.42) lat (ms,95%): 95.81 err/s: 0.00 reconn/s: 0.00
[ 370s ] thds: 400 tps: 6946.36 qps: 138978.63 (r/w/o: 97336.16/27747.35/13895.12) lat (ms,95%): 108.68 err/s: 0.00 reconn/s: 0.00
[ 380s ] thds: 400 tps: 7868.27 qps: 157265.32 (r/w/o: 110047.00/31484.38/15733.94) lat (ms,95%): 89.16 err/s: 0.00 reconn/s: 0.00
[ 390s ] thds: 400 tps: 8749.62 qps: 175074.60 (r/w/o: 122553.41/35018.96/17502.23) lat (ms,95%): 80.03 err/s: 0.00 reconn/s: 0.00
[ 400s ] thds: 400 tps: 8263.83 qps: 165269.83 (r/w/o: 115672.47/33069.91/16527.45) lat (ms,95%): 92.42 err/s: 0.00 reconn/s: 0.00
[ 410s ] thds: 400 tps: 8126.89 qps: 162691.66 (r/w/o: 113914.43/32523.25/16253.98) lat (ms,95%): 94.10 err/s: 0.00 reconn/s: 0.00
[ 420s ] thds: 400 tps: 7753.96 qps: 155003.45 (r/w/o: 108481.17/31014.35/15507.92) lat (ms,95%): 95.81 err/s: 0.00 reconn/s: 0.00
[ 430s ] thds: 400 tps: 8397.68 qps: 167869.53 (r/w/o: 117518.07/33556.11/16795.35) lat (ms,95%): 89.16 err/s: 0.00 reconn/s: 0.00
[ 440s ] thds: 400 tps: 9412.03 qps: 188402.45 (r/w/o: 131889.75/37688.43/18824.26) lat (ms,95%): 56.84 err/s: 0.00 reconn/s: 0.00
[ 450s ] thds: 400 tps: 9123.26 qps: 182290.53 (r/w/o: 127551.86/36492.05/18246.62) lat (ms,95%): 64.47 err/s: 0.00 reconn/s: 0.00
[ 460s ] thds: 400 tps: 8275.13 qps: 165443.53 (r/w/o: 115813.57/33082.41/16547.55) lat (ms,95%): 87.56 err/s: 0.00 reconn/s: 0.00
[ 470s ] thds: 400 tps: 8126.55 qps: 162410.03 (r/w/o: 113697.05/32462.69/16250.29) lat (ms,95%): 87.56 err/s: 0.00 reconn/s: 0.00
[ 480s ] thds: 400 tps: 7381.30 qps: 147962.03 (r/w/o: 103610.55/29583.59/14767.89) lat (ms,95%): 95.81 err/s: 0.00 reconn/s: 0.00
[ 490s ] thds: 400 tps: 7598.92 qps: 152070.70 (r/w/o: 106434.68/30437.88/15198.14) lat (ms,95%): 94.10 err/s: 0.00 reconn/s: 0.00
[ 500s ] thds: 400 tps: 8224.75 qps: 164229.05 (r/w/o: 114946.37/32832.89/16449.79) lat (ms,95%): 82.96 err/s: 0.00 reconn/s: 0.00
[ 510s ] thds: 400 tps: 9483.26 qps: 189715.35 (r/w/o: 132807.57/37941.25/18966.52) lat (ms,95%): 56.84 err/s: 0.00 reconn/s: 0.00
[ 520s ] thds: 400 tps: 9267.58 qps: 185522.54 (r/w/o: 129892.77/37094.61/18535.15) lat (ms,95%): 63.32 err/s: 0.00 reconn/s: 0.00
[ 530s ] thds: 400 tps: 9200.23 qps: 183782.20 (r/w/o: 128597.85/36784.00/18400.35) lat (ms,95%): 63.32 err/s: 0.00 reconn/s: 0.00
[ 540s ] thds: 400 tps: 9288.97 qps: 185785.80 (r/w/o: 130076.58/37131.68/18577.54) lat (ms,95%): 61.08 err/s: 0.10 reconn/s: 0.00
[ 550s ] thds: 400 tps: 9487.91 qps: 189756.52 (r/w/o: 132857.18/37922.63/18976.71) lat (ms,95%): 58.92 err/s: 0.00 reconn/s: 0.00
[ 560s ] thds: 400 tps: 9262.20 qps: 185443.07 (r/w/o: 129806.25/37112.12/18524.71) lat (ms,95%): 62.19 err/s: 0.10 reconn/s: 0.00
[ 570s ] thds: 400 tps: 8212.05 qps: 164222.16 (r/w/o: 114939.07/32858.59/16424.50) lat (ms,95%): 89.16 err/s: 0.10 reconn/s: 0.00
[ 580s ] thds: 400 tps: 8084.67 qps: 161430.72 (r/w/o: 112974.59/32290.38/16165.74) lat (ms,95%): 92.42 err/s: 0.00 reconn/s: 0.00
[ 590s ] thds: 400 tps: 7991.97 qps: 159901.60 (r/w/o: 111930.85/31985.60/15985.15) lat (ms,95%): 89.16 err/s: 0.10 reconn/s: 0.00
[ 600s ] thds: 400 tps: 7332.50 qps: 146830.15 (r/w/o: 102814.47/29349.19/14666.50) lat (ms,95%): 94.10 err/s: 0.00 reconn/s: 0.00
[ 610s ] thds: 400 tps: 7652.15 qps: 152968.39 (r/w/o: 107081.59/30581.20/15305.60) lat (ms,95%): 90.78 err/s: 0.10 reconn/s: 0.00
[ 620s ] thds: 400 tps: 9134.98 qps: 182877.07 (r/w/o: 128011.87/36595.23/18269.97) lat (ms,95%): 65.65 err/s: 0.00 reconn/s: 0.00
[ 630s ] thds: 400 tps: 9136.45 qps: 182383.19 (r/w/o: 127642.26/36468.02/18272.91) lat (ms,95%): 68.05 err/s: 0.00 reconn/s: 0.00
[ 640s ] thds: 400 tps: 9068.66 qps: 181518.40 (r/w/o: 127061.57/36319.52/18137.31) lat (ms,95%): 71.83 err/s: 0.00 reconn/s: 0.00
[ 650s ] thds: 400 tps: 9472.09 qps: 189402.52 (r/w/o: 132585.40/37872.74/18944.37) lat (ms,95%): 61.08 err/s: 0.10 reconn/s: 0.00
[ 660s ] thds: 400 tps: 9459.92 qps: 189273.79 (r/w/o: 132516.07/37837.78/18919.94) lat (ms,95%): 57.87 err/s: 0.00 reconn/s: 0.00
[ 670s ] thds: 400 tps: 9138.56 qps: 182680.95 (r/w/o: 127882.97/36521.25/18276.72) lat (ms,95%): 68.05 err/s: 0.00 reconn/s: 0.00
[ 680s ] thds: 400 tps: 8181.91 qps: 163872.81 (r/w/o: 114666.27/32846.62/16359.91) lat (ms,95%): 94.10 err/s: 0.10 reconn/s: 0.00
[ 690s ] thds: 400 tps: 8109.37 qps: 161744.52 (r/w/o: 113215.02/32309.16/16220.33) lat (ms,95%): 89.16 err/s: 0.00 reconn/s: 0.00
[ 700s ] thds: 400 tps: 8120.41 qps: 162661.92 (r/w/o: 113892.78/32529.32/16239.81) lat (ms,95%): 87.56 err/s: 0.20 reconn/s: 0.00
[ 710s ] thds: 400 tps: 7906.93 qps: 158191.36 (r/w/o: 110736.10/31637.41/15817.86) lat (ms,95%): 90.78 err/s: 0.00 reconn/s: 0.00
[ 720s ] thds: 400 tps: 7662.41 qps: 153338.22 (r/w/o: 107361.08/30651.22/15325.91) lat (ms,95%): 92.42 err/s: 0.10 reconn/s: 0.00
[ 730s ] thds: 400 tps: 8393.49 qps: 167784.63 (r/w/o: 117403.88/33593.77/16786.98) lat (ms,95%): 80.03 err/s: 0.00 reconn/s: 0.00
[ 740s ] thds: 400 tps: 9222.73 qps: 184595.09 (r/w/o: 129234.18/36915.44/18445.47) lat (ms,95%): 62.19 err/s: 0.00 reconn/s: 0.00
[ 750s ] thds: 400 tps: 9133.52 qps: 182516.15 (r/w/o: 127778.54/36471.27/18266.33) lat (ms,95%): 66.84 err/s: 0.00 reconn/s: 0.00
[ 760s ] thds: 400 tps: 9316.87 qps: 186385.04 (r/w/o: 130451.94/37298.27/18634.83) lat (ms,95%): 59.99 err/s: 0.10 reconn/s: 0.00
[ 770s ] thds: 400 tps: 9365.77 qps: 187279.95 (r/w/o: 131149.94/37398.97/18731.03) lat (ms,95%): 59.99 err/s: 0.00 reconn/s: 0.00
[ 780s ] thds: 400 tps: 9051.79 qps: 181214.24 (r/w/o: 126791.02/36319.04/18104.18) lat (ms,95%): 70.55 err/s: 0.00 reconn/s: 0.00
[ 790s ] thds: 400 tps: 8463.78 qps: 169187.78 (r/w/o: 118475.18/33785.03/16927.57) lat (ms,95%): 87.56 err/s: 0.00 reconn/s: 0.00
[ 800s ] thds: 400 tps: 7801.83 qps: 155830.07 (r/w/o: 109020.80/31205.81/15603.46) lat (ms,95%): 95.81 err/s: 0.00 reconn/s: 0.00
[ 810s ] thds: 400 tps: 7413.47 qps: 148258.34 (r/w/o: 103802.00/29630.29/14826.04) lat (ms,95%): 99.33 err/s: 0.10 reconn/s: 0.00
[ 820s ] thds: 400 tps: 7662.89 qps: 153425.15 (r/w/o: 107395.89/30702.67/15326.58) lat (ms,95%): 106.75 err/s: 0.00 reconn/s: 0.00
[ 830s ] thds: 400 tps: 7344.19 qps: 146938.54 (r/w/o: 102887.19/29362.27/14689.08) lat (ms,95%): 112.67 err/s: 0.00 reconn/s: 0.00
[ 840s ] thds: 400 tps: 7410.90 qps: 148162.99 (r/w/o: 103693.76/29648.02/14821.21) lat (ms,95%): 106.75 err/s: 0.00 reconn/s: 0.00
SQL statistics:
    queries performed:
        read:                            99981826
        write:                           28566150
        other:                           14283158
        total:                           142831134
    transactions:                        7141536 (8480.67 per sec.)
    queries:                             142831134 (169613.86 per sec.)
    ignored errors:                      23     (0.03 per sec.)
    reconnects:                          0      (0.00 per sec.)

General statistics:
    total time:                          842.0949s
    total number of events:              7141536

Latency (ms):
         min:                                   20.02
         avg:                                   47.05
         max:                                 2098.83
         95th percentile:                       86.00
         sum:                            336018981.09

Threads fairness:
    events (avg/stddev):           17853.8400/432.71
    execution time (avg/stddev):   840.0475/0.23

