sysbench 1.0.20-ebf1c90 (using bundled LuaJIT 2.1.0-beta2)

Running the test with following options:
Number of threads: 400
Report intermediate results every 10 second(s)
Initializing random number generator from current time


Initializing worker threads...

Threads started!

[ 10s ] thds: 400 tps: 5679.57 qps: 113956.26 (r/w/o: 79827.44/22729.68/11399.14) lat (ms,95%): 211.60 err/s: 0.00 reconn/s: 0.00
[ 20s ] thds: 400 tps: 7745.83 qps: 155026.18 (r/w/o: 108551.77/30982.83/15491.57) lat (ms,95%): 158.63 err/s: 0.00 reconn/s: 0.00
[ 30s ] thds: 400 tps: 8137.63 qps: 162647.16 (r/w/o: 113807.09/32564.51/16275.56) lat (ms,95%): 142.39 err/s: 0.00 reconn/s: 0.00
[ 40s ] thds: 400 tps: 8679.73 qps: 173811.58 (r/w/o: 121719.27/34732.73/17359.57) lat (ms,95%): 74.46 err/s: 0.00 reconn/s: 0.00
[ 50s ] thds: 400 tps: 8973.98 qps: 179406.11 (r/w/o: 125536.23/35927.32/17942.56) lat (ms,95%): 70.55 err/s: 0.00 reconn/s: 0.00
[ 60s ] thds: 400 tps: 9031.95 qps: 180700.42 (r/w/o: 126536.51/36094.30/18069.60) lat (ms,95%): 65.65 err/s: 0.10 reconn/s: 0.00
[ 70s ] thds: 400 tps: 9189.58 qps: 183737.30 (r/w/o: 128560.39/36797.74/18379.17) lat (ms,95%): 63.32 err/s: 0.00 reconn/s: 0.00
[ 80s ] thds: 400 tps: 8700.54 qps: 173912.26 (r/w/o: 121783.73/34727.55/17400.98) lat (ms,95%): 89.16 err/s: 0.00 reconn/s: 0.00
[ 90s ] thds: 400 tps: 9390.83 qps: 187868.44 (r/w/o: 131496.25/37590.53/18781.66) lat (ms,95%): 58.92 err/s: 0.00 reconn/s: 0.00
[ 100s ] thds: 400 tps: 9501.57 qps: 190066.68 (r/w/o: 133013.34/38050.00/19003.35) lat (ms,95%): 56.84 err/s: 0.00 reconn/s: 0.00
[ 110s ] thds: 400 tps: 9532.95 qps: 190656.70 (r/w/o: 133463.17/38134.02/19059.51) lat (ms,95%): 58.92 err/s: 0.00 reconn/s: 0.00
[ 120s ] thds: 400 tps: 7356.57 qps: 147100.09 (r/w/o: 102996.14/29384.60/14719.35) lat (ms,95%): 118.92 err/s: 0.00 reconn/s: 0.00
[ 130s ] thds: 400 tps: 6012.71 qps: 120118.18 (r/w/o: 84066.80/24028.76/12022.63) lat (ms,95%): 134.90 err/s: 0.20 reconn/s: 0.00
[ 140s ] thds: 400 tps: 6423.98 qps: 128511.90 (r/w/o: 89974.82/25685.92/12851.16) lat (ms,95%): 123.28 err/s: 0.00 reconn/s: 0.00
[ 150s ] thds: 400 tps: 9027.75 qps: 180757.18 (r/w/o: 126529.29/36172.10/18055.80) lat (ms,95%): 61.08 err/s: 0.10 reconn/s: 0.00
[ 160s ] thds: 400 tps: 9127.61 qps: 182297.02 (r/w/o: 127560.88/36487.32/18248.81) lat (ms,95%): 68.05 err/s: 0.10 reconn/s: 0.00
[ 170s ] thds: 400 tps: 9365.49 qps: 187444.87 (r/w/o: 131244.94/37462.05/18737.88) lat (ms,95%): 61.08 err/s: 0.10 reconn/s: 0.00
[ 180s ] thds: 400 tps: 9362.03 qps: 187173.20 (r/w/o: 131024.35/37425.00/18723.85) lat (ms,95%): 58.92 err/s: 0.00 reconn/s: 0.00
[ 190s ] thds: 400 tps: 9162.78 qps: 183551.92 (r/w/o: 128483.74/36742.42/18325.76) lat (ms,95%): 65.65 err/s: 0.00 reconn/s: 0.00
[ 200s ] thds: 400 tps: 9509.75 qps: 189909.74 (r/w/o: 132936.73/37953.31/19019.70) lat (ms,95%): 56.84 err/s: 0.00 reconn/s: 0.00
[ 210s ] thds: 400 tps: 9468.94 qps: 189484.84 (r/w/o: 132661.62/37886.35/18936.87) lat (ms,95%): 57.87 err/s: 0.00 reconn/s: 0.00
[ 220s ] thds: 400 tps: 9493.96 qps: 189731.92 (r/w/o: 132786.65/37961.24/18984.02) lat (ms,95%): 55.82 err/s: 0.00 reconn/s: 0.00
[ 230s ] thds: 400 tps: 7969.15 qps: 159536.60 (r/w/o: 111688.50/31906.00/15942.10) lat (ms,95%): 95.81 err/s: 0.00 reconn/s: 0.00
[ 240s ] thds: 400 tps: 7874.66 qps: 157426.16 (r/w/o: 110188.11/31490.43/15747.62) lat (ms,95%): 97.55 err/s: 0.00 reconn/s: 0.00
[ 250s ] thds: 400 tps: 6884.60 qps: 137750.02 (r/w/o: 96440.12/27540.00/13769.90) lat (ms,95%): 110.66 err/s: 0.00 reconn/s: 0.00
[ 260s ] thds: 400 tps: 7404.83 qps: 148119.40 (r/w/o: 103692.49/29614.94/14811.97) lat (ms,95%): 102.97 err/s: 0.10 reconn/s: 0.00
[ 270s ] thds: 400 tps: 8951.33 qps: 179117.31 (r/w/o: 125332.82/35889.22/17895.26) lat (ms,95%): 66.84 err/s: 0.00 reconn/s: 0.00
[ 280s ] thds: 400 tps: 9226.52 qps: 184198.86 (r/w/o: 128944.02/36793.99/18460.85) lat (ms,95%): 59.99 err/s: 0.00 reconn/s: 0.00
[ 290s ] thds: 400 tps: 9519.56 qps: 190513.56 (r/w/o: 133395.91/38079.94/19037.72) lat (ms,95%): 55.82 err/s: 0.00 reconn/s: 0.00
[ 300s ] thds: 400 tps: 9209.65 qps: 184110.86 (r/w/o: 128823.33/36870.12/18417.41) lat (ms,95%): 69.29 err/s: 0.00 reconn/s: 0.00
[ 310s ] thds: 400 tps: 9308.58 qps: 186448.41 (r/w/o: 130580.73/37247.12/18620.56) lat (ms,95%): 61.08 err/s: 0.00 reconn/s: 0.00
[ 320s ] thds: 400 tps: 9338.93 qps: 186813.10 (r/w/o: 130773.92/37361.22/18677.96) lat (ms,95%): 59.99 err/s: 0.00 reconn/s: 0.00
[ 330s ] thds: 400 tps: 9178.65 qps: 183488.16 (r/w/o: 128455.14/36675.91/18357.11) lat (ms,95%): 63.32 err/s: 0.00 reconn/s: 0.00
[ 340s ] thds: 400 tps: 8170.48 qps: 163197.83 (r/w/o: 114171.07/32685.51/16341.25) lat (ms,95%): 95.81 err/s: 0.00 reconn/s: 0.00
[ 350s ] thds: 400 tps: 8262.79 qps: 165449.55 (r/w/o: 115866.19/33057.57/16525.78) lat (ms,95%): 86.00 err/s: 0.10 reconn/s: 0.00
[ 360s ] thds: 400 tps: 7497.44 qps: 149852.12 (r/w/o: 104864.77/29993.46/14993.88) lat (ms,95%): 95.81 err/s: 0.00 reconn/s: 0.00
[ 370s ] thds: 400 tps: 6940.96 qps: 138935.88 (r/w/o: 97306.33/27746.44/13883.12) lat (ms,95%): 108.68 err/s: 0.00 reconn/s: 0.00
[ 380s ] thds: 400 tps: 7865.63 qps: 157282.14 (r/w/o: 110072.48/31478.41/15731.25) lat (ms,95%): 87.56 err/s: 0.00 reconn/s: 0.00
[ 390s ] thds: 400 tps: 8712.59 qps: 174389.09 (r/w/o: 122074.19/34889.44/17425.47) lat (ms,95%): 80.03 err/s: 0.10 reconn/s: 0.00
[ 400s ] thds: 400 tps: 8254.41 qps: 164750.05 (r/w/o: 115284.47/32956.75/16508.83) lat (ms,95%): 92.42 err/s: 0.00 reconn/s: 0.00
[ 410s ] thds: 400 tps: 8047.03 qps: 161364.96 (r/w/o: 112960.46/32310.43/16094.07) lat (ms,95%): 95.81 err/s: 0.00 reconn/s: 0.00
[ 420s ] thds: 400 tps: 7738.09 qps: 154705.26 (r/w/o: 108315.93/30912.95/15476.38) lat (ms,95%): 95.81 err/s: 0.10 reconn/s: 0.00
[ 430s ] thds: 400 tps: 8346.97 qps: 166780.48 (r/w/o: 116763.07/33323.48/16693.94) lat (ms,95%): 89.16 err/s: 0.10 reconn/s: 0.00
[ 440s ] thds: 400 tps: 9430.84 qps: 188674.17 (r/w/o: 132026.71/37786.67/18860.79) lat (ms,95%): 56.84 err/s: 0.00 reconn/s: 0.00
[ 450s ] thds: 400 tps: 9105.32 qps: 181854.51 (r/w/o: 127309.02/36333.86/18211.63) lat (ms,95%): 64.47 err/s: 0.00 reconn/s: 0.00
[ 460s ] thds: 400 tps: 8260.31 qps: 165310.58 (r/w/o: 115733.23/33056.44/16520.92) lat (ms,95%): 87.56 err/s: 0.00 reconn/s: 0.00
[ 470s ] thds: 400 tps: 8139.78 qps: 162803.59 (r/w/o: 113972.18/32551.84/16279.57) lat (ms,95%): 87.56 err/s: 0.00 reconn/s: 0.00
[ 480s ] thds: 400 tps: 7395.24 qps: 147917.20 (r/w/o: 103531.06/29596.46/14789.68) lat (ms,95%): 95.81 err/s: 0.00 reconn/s: 0.00
[ 490s ] thds: 400 tps: 7575.13 qps: 151763.32 (r/w/o: 106217.67/30394.51/15151.15) lat (ms,95%): 94.10 err/s: 0.00 reconn/s: 0.00
[ 500s ] thds: 400 tps: 8177.48 qps: 163278.12 (r/w/o: 114305.26/32617.91/16354.95) lat (ms,95%): 84.47 err/s: 0.00 reconn/s: 0.00
[ 510s ] thds: 400 tps: 9445.70 qps: 189164.94 (r/w/o: 132415.52/37858.01/18891.40) lat (ms,95%): 56.84 err/s: 0.00 reconn/s: 0.00
[ 520s ] thds: 400 tps: 9264.38 qps: 185135.32 (r/w/o: 129555.53/37061.33/18518.46) lat (ms,95%): 63.32 err/s: 0.00 reconn/s: 0.00
[ 530s ] thds: 400 tps: 9226.93 qps: 184391.68 (r/w/o: 129124.87/36802.43/18464.37) lat (ms,95%): 62.19 err/s: 0.10 reconn/s: 0.00
[ 540s ] thds: 400 tps: 9295.83 qps: 185921.24 (r/w/o: 130122.18/37213.61/18585.45) lat (ms,95%): 62.19 err/s: 0.00 reconn/s: 0.00
[ 550s ] thds: 400 tps: 9445.18 qps: 189064.58 (r/w/o: 132397.10/37770.92/18896.56) lat (ms,95%): 58.92 err/s: 0.00 reconn/s: 0.00
[ 560s ] thds: 400 tps: 9256.30 qps: 184894.32 (r/w/o: 129344.91/37048.40/18501.00) lat (ms,95%): 63.32 err/s: 0.00 reconn/s: 0.00
[ 570s ] thds: 400 tps: 8124.25 qps: 162488.76 (r/w/o: 113757.27/32475.19/16256.30) lat (ms,95%): 90.78 err/s: 0.10 reconn/s: 0.00
[ 580s ] thds: 400 tps: 8033.25 qps: 160778.57 (r/w/o: 112568.25/32143.71/16066.61) lat (ms,95%): 92.42 err/s: 0.00 reconn/s: 0.00
[ 590s ] thds: 400 tps: 7928.54 qps: 158554.01 (r/w/o: 110978.50/31716.04/15859.47) lat (ms,95%): 89.16 err/s: 0.00 reconn/s: 0.00
[ 600s ] thds: 400 tps: 7296.67 qps: 146049.82 (r/w/o: 102244.83/29211.16/14593.83) lat (ms,95%): 94.10 err/s: 0.00 reconn/s: 0.00
[ 610s ] thds: 400 tps: 7647.10 qps: 152901.62 (r/w/o: 107038.42/30567.70/15295.50) lat (ms,95%): 89.16 err/s: 0.00 reconn/s: 0.00
[ 620s ] thds: 400 tps: 9116.50 qps: 182351.86 (r/w/o: 127617.67/36501.09/18233.10) lat (ms,95%): 65.65 err/s: 0.00 reconn/s: 0.00
[ 630s ] thds: 400 tps: 9090.09 qps: 181775.39 (r/w/o: 127299.42/36295.88/18180.09) lat (ms,95%): 68.05 err/s: 0.00 reconn/s: 0.00
[ 640s ] thds: 400 tps: 9066.50 qps: 181212.26 (r/w/o: 126819.64/36259.71/18132.91) lat (ms,95%): 73.13 err/s: 0.00 reconn/s: 0.00
[ 650s ] thds: 400 tps: 9441.07 qps: 188859.21 (r/w/o: 132215.59/37765.68/18877.94) lat (ms,95%): 59.99 err/s: 0.20 reconn/s: 0.00
[ 660s ] thds: 400 tps: 9454.05 qps: 189179.31 (r/w/o: 132404.61/37862.10/18912.60) lat (ms,95%): 57.87 err/s: 0.00 reconn/s: 0.00
[ 670s ] thds: 400 tps: 9115.09 qps: 182304.84 (r/w/o: 127642.39/36432.17/18230.28) lat (ms,95%): 68.05 err/s: 0.00 reconn/s: 0.00
[ 680s ] thds: 400 tps: 8148.01 qps: 162662.23 (r/w/o: 113797.66/32570.05/16294.52) lat (ms,95%): 94.10 err/s: 0.00 reconn/s: 0.00
[ 690s ] thds: 400 tps: 8055.96 qps: 161309.21 (r/w/o: 112971.28/32223.92/16114.01) lat (ms,95%): 89.16 err/s: 0.00 reconn/s: 0.00
[ 700s ] thds: 400 tps: 8099.84 qps: 162053.84 (r/w/o: 113414.99/32441.77/16197.08) lat (ms,95%): 89.16 err/s: 0.10 reconn/s: 0.00
[ 710s ] thds: 400 tps: 7862.02 qps: 157459.67 (r/w/o: 110226.63/31506.09/15726.95) lat (ms,95%): 90.78 err/s: 0.10 reconn/s: 0.00
[ 720s ] thds: 400 tps: 7615.44 qps: 152231.89 (r/w/o: 106560.93/30441.88/15229.09) lat (ms,95%): 92.42 err/s: 0.00 reconn/s: 0.00
[ 730s ] thds: 400 tps: 8391.31 qps: 167660.10 (r/w/o: 117354.94/33524.04/16781.12) lat (ms,95%): 81.48 err/s: 0.00 reconn/s: 0.00
[ 740s ] thds: 400 tps: 9217.34 qps: 184282.35 (r/w/o: 128977.90/36867.27/18437.18) lat (ms,95%): 62.19 err/s: 0.00 reconn/s: 0.00
[ 750s ] thds: 400 tps: 9124.37 qps: 182592.29 (r/w/o: 127847.86/36501.58/18242.84) lat (ms,95%): 66.84 err/s: 0.00 reconn/s: 0.00
[ 760s ] thds: 400 tps: 9319.25 qps: 186330.41 (r/w/o: 130408.80/37283.31/18638.30) lat (ms,95%): 59.99 err/s: 0.00 reconn/s: 0.00
[ 770s ] thds: 400 tps: 9313.79 qps: 186522.55 (r/w/o: 130608.80/37278.97/18634.78) lat (ms,95%): 59.99 err/s: 0.00 reconn/s: 0.00
[ 780s ] thds: 400 tps: 9077.99 qps: 181174.46 (r/w/o: 126768.21/36253.47/18152.78) lat (ms,95%): 71.83 err/s: 0.10 reconn/s: 0.00
[ 790s ] thds: 400 tps: 8383.20 qps: 167706.98 (r/w/o: 117403.06/33534.42/16769.51) lat (ms,95%): 87.56 err/s: 0.00 reconn/s: 0.00
[ 800s ] thds: 400 tps: 7787.25 qps: 155787.16 (r/w/o: 109072.34/31140.51/15574.31) lat (ms,95%): 97.55 err/s: 0.00 reconn/s: 0.00
[ 810s ] thds: 400 tps: 7381.26 qps: 147819.72 (r/w/o: 103487.06/29570.34/14762.32) lat (ms,95%): 101.13 err/s: 0.10 reconn/s: 0.00
[ 820s ] thds: 400 tps: 7659.33 qps: 152961.68 (r/w/o: 107028.67/30614.94/15318.07) lat (ms,95%): 106.75 err/s: 0.00 reconn/s: 0.00
[ 830s ] thds: 400 tps: 7329.28 qps: 146861.11 (r/w/o: 102840.86/29363.70/14656.55) lat (ms,95%): 112.67 err/s: 0.10 reconn/s: 0.00
[ 840s ] thds: 400 tps: 7379.66 qps: 147435.58 (r/w/o: 103195.10/29480.96/14759.52) lat (ms,95%): 108.68 err/s: 0.00 reconn/s: 0.00
SQL statistics:
    queries performed:
        read:                            99693762
        write:                           28483860
        other:                           14241998
        total:                           142419620
    transactions:                        7120963 (8449.09 per sec.)
    queries:                             142419620 (168982.23 per sec.)
    ignored errors:                      20     (0.02 per sec.)
    reconnects:                          0      (0.00 per sec.)

General statistics:
    total time:                          842.8072s
    total number of events:              7120963

Latency (ms):
         min:                                   19.80
         avg:                                   47.20
         max:                                 2808.18
         95th percentile:                       86.00
         sum:                            336091380.01

Threads fairness:
    events (avg/stddev):           17802.4075/359.08
    execution time (avg/stddev):   840.2285/0.59

