sysbench 1.0.20-ebf1c90 (using bundled LuaJIT 2.1.0-beta2)

Running the test with following options:
Number of threads: 400
Report intermediate results every 10 second(s)
Initializing random number generator from current time


Initializing worker threads...

Threads started!

[ 10s ] thds: 400 tps: 5684.58 qps: 114033.94 (r/w/o: 79881.54/22743.44/11408.96) lat (ms,95%): 211.60 err/s: 0.00 reconn/s: 0.00
[ 20s ] thds: 400 tps: 7741.60 qps: 154989.65 (r/w/o: 108523.47/30982.69/15483.49) lat (ms,95%): 158.63 err/s: 0.00 reconn/s: 0.00
[ 30s ] thds: 400 tps: 8141.00 qps: 162735.41 (r/w/o: 113888.50/32565.00/16281.90) lat (ms,95%): 142.39 err/s: 0.00 reconn/s: 0.00
[ 40s ] thds: 400 tps: 8707.56 qps: 174284.51 (r/w/o: 122017.65/34854.94/17411.92) lat (ms,95%): 74.46 err/s: 0.00 reconn/s: 0.00
[ 50s ] thds: 400 tps: 8994.53 qps: 179937.14 (r/w/o: 125911.75/36032.63/17992.76) lat (ms,95%): 70.55 err/s: 0.10 reconn/s: 0.00
[ 60s ] thds: 400 tps: 9050.01 qps: 180997.74 (r/w/o: 126750.30/36147.73/18099.71) lat (ms,95%): 65.65 err/s: 0.00 reconn/s: 0.00
[ 70s ] thds: 400 tps: 9193.36 qps: 183548.72 (r/w/o: 128425.09/36744.32/18379.31) lat (ms,95%): 63.32 err/s: 0.10 reconn/s: 0.00
[ 80s ] thds: 400 tps: 8713.52 qps: 174477.48 (r/w/o: 122206.64/34835.50/17435.35) lat (ms,95%): 89.16 err/s: 0.00 reconn/s: 0.00
[ 90s ] thds: 400 tps: 9366.66 qps: 187281.11 (r/w/o: 131070.05/37480.44/18730.62) lat (ms,95%): 58.92 err/s: 0.00 reconn/s: 0.00
[ 100s ] thds: 400 tps: 9488.95 qps: 189917.68 (r/w/o: 132916.26/38020.72/18980.71) lat (ms,95%): 56.84 err/s: 0.00 reconn/s: 0.00
[ 110s ] thds: 400 tps: 9546.43 qps: 190872.86 (r/w/o: 133594.66/38185.33/19092.87) lat (ms,95%): 58.92 err/s: 0.00 reconn/s: 0.00
[ 120s ] thds: 400 tps: 7353.43 qps: 147083.78 (r/w/o: 103002.77/29373.94/14707.07) lat (ms,95%): 118.92 err/s: 0.10 reconn/s: 0.00
[ 130s ] thds: 400 tps: 6006.43 qps: 119945.06 (r/w/o: 83940.79/23994.31/12009.96) lat (ms,95%): 134.90 err/s: 0.00 reconn/s: 0.00
[ 140s ] thds: 400 tps: 6424.95 qps: 128587.88 (r/w/o: 90043.59/25691.40/12852.90) lat (ms,95%): 123.28 err/s: 0.00 reconn/s: 0.00
[ 150s ] thds: 400 tps: 9039.74 qps: 180958.32 (r/w/o: 126649.40/36229.44/18079.47) lat (ms,95%): 61.08 err/s: 0.00 reconn/s: 0.00
[ 160s ] thds: 400 tps: 9156.16 qps: 182890.49 (r/w/o: 127986.63/36591.24/18312.62) lat (ms,95%): 68.05 err/s: 0.00 reconn/s: 0.00
[ 170s ] thds: 400 tps: 9340.88 qps: 186963.90 (r/w/o: 130913.52/37368.62/18681.76) lat (ms,95%): 62.19 err/s: 0.00 reconn/s: 0.00
[ 180s ] thds: 400 tps: 9359.92 qps: 187097.19 (r/w/o: 130963.07/37415.48/18718.64) lat (ms,95%): 58.92 err/s: 0.00 reconn/s: 0.00
[ 190s ] thds: 400 tps: 9132.86 qps: 182949.37 (r/w/o: 128053.59/36628.76/18267.03) lat (ms,95%): 66.84 err/s: 0.00 reconn/s: 0.00
[ 200s ] thds: 400 tps: 9563.37 qps: 191019.25 (r/w/o: 133736.51/38155.90/19126.84) lat (ms,95%): 56.84 err/s: 0.00 reconn/s: 0.00
[ 210s ] thds: 400 tps: 9459.43 qps: 189264.58 (r/w/o: 132491.78/37853.84/18918.97) lat (ms,95%): 57.87 err/s: 0.00 reconn/s: 0.00
[ 220s ] thds: 400 tps: 9468.07 qps: 189231.58 (r/w/o: 132437.23/37858.50/18935.85) lat (ms,95%): 56.84 err/s: 0.00 reconn/s: 0.00
[ 230s ] thds: 400 tps: 7905.85 qps: 158223.42 (r/w/o: 110765.35/31648.08/15809.99) lat (ms,95%): 95.81 err/s: 0.00 reconn/s: 0.00
[ 240s ] thds: 400 tps: 7869.07 qps: 157262.55 (r/w/o: 110076.14/31446.07/15740.33) lat (ms,95%): 97.55 err/s: 0.00 reconn/s: 0.00
[ 250s ] thds: 400 tps: 6889.66 qps: 137898.31 (r/w/o: 96542.05/27578.24/13778.02) lat (ms,95%): 110.66 err/s: 0.00 reconn/s: 0.00
[ 260s ] thds: 400 tps: 7410.19 qps: 148246.62 (r/w/o: 103785.20/29640.24/14821.17) lat (ms,95%): 102.97 err/s: 0.00 reconn/s: 0.00
[ 270s ] thds: 400 tps: 8977.34 qps: 179527.38 (r/w/o: 125599.25/35974.95/17953.18) lat (ms,95%): 66.84 err/s: 0.00 reconn/s: 0.00
[ 280s ] thds: 400 tps: 9234.54 qps: 184519.29 (r/w/o: 129205.85/36842.15/18471.28) lat (ms,95%): 58.92 err/s: 0.00 reconn/s: 0.00
[ 290s ] thds: 400 tps: 9508.43 qps: 190259.68 (r/w/o: 133207.41/38035.32/19016.96) lat (ms,95%): 54.83 err/s: 0.10 reconn/s: 0.00
[ 300s ] thds: 400 tps: 9206.01 qps: 184028.35 (r/w/o: 128759.10/36856.83/18412.42) lat (ms,95%): 69.29 err/s: 0.10 reconn/s: 0.00
[ 310s ] thds: 400 tps: 9326.45 qps: 186837.43 (r/w/o: 130834.52/37350.11/18652.80) lat (ms,95%): 59.99 err/s: 0.00 reconn/s: 0.00
[ 320s ] thds: 400 tps: 9392.24 qps: 187721.08 (r/w/o: 131410.25/37532.96/18777.88) lat (ms,95%): 59.99 err/s: 0.00 reconn/s: 0.00
[ 330s ] thds: 400 tps: 9152.28 qps: 183098.84 (r/w/o: 128189.55/36598.03/18311.26) lat (ms,95%): 64.47 err/s: 0.00 reconn/s: 0.00
[ 340s ] thds: 400 tps: 8189.33 qps: 163531.19 (r/w/o: 114418.81/32733.72/16378.66) lat (ms,95%): 95.81 err/s: 0.00 reconn/s: 0.00
[ 350s ] thds: 400 tps: 8288.51 qps: 165990.96 (r/w/o: 116234.78/33179.35/16576.83) lat (ms,95%): 86.00 err/s: 0.00 reconn/s: 0.00
[ 360s ] thds: 400 tps: 7513.54 qps: 150179.92 (r/w/o: 105100.11/30054.34/15025.47) lat (ms,95%): 95.81 err/s: 0.00 reconn/s: 0.00
[ 370s ] thds: 400 tps: 6938.57 qps: 138874.77 (r/w/o: 97252.43/27743.19/13879.15) lat (ms,95%): 108.68 err/s: 0.10 reconn/s: 0.00
[ 380s ] thds: 400 tps: 7836.84 qps: 156749.31 (r/w/o: 109699.17/31376.46/15673.68) lat (ms,95%): 89.16 err/s: 0.00 reconn/s: 0.00
[ 390s ] thds: 400 tps: 8692.40 qps: 173959.08 (r/w/o: 121764.59/34809.70/17384.80) lat (ms,95%): 81.48 err/s: 0.00 reconn/s: 0.00
[ 400s ] thds: 400 tps: 8255.20 qps: 164733.09 (r/w/o: 115296.09/32928.20/16508.80) lat (ms,95%): 94.10 err/s: 0.00 reconn/s: 0.00
[ 410s ] thds: 400 tps: 8085.76 qps: 162154.01 (r/w/o: 113494.57/32486.42/16173.01) lat (ms,95%): 94.10 err/s: 0.00 reconn/s: 0.00
[ 420s ] thds: 400 tps: 7737.74 qps: 154653.44 (r/w/o: 108279.49/30901.27/15472.68) lat (ms,95%): 95.81 err/s: 0.10 reconn/s: 0.00
[ 430s ] thds: 400 tps: 8330.07 qps: 166461.63 (r/w/o: 116550.60/33249.59/16661.44) lat (ms,95%): 89.16 err/s: 0.00 reconn/s: 0.00
[ 440s ] thds: 400 tps: 9424.74 qps: 188356.94 (r/w/o: 131788.39/37720.77/18847.78) lat (ms,95%): 56.84 err/s: 0.00 reconn/s: 0.00
[ 450s ] thds: 400 tps: 9116.25 qps: 182341.68 (r/w/o: 127684.05/36421.22/18236.41) lat (ms,95%): 64.47 err/s: 0.00 reconn/s: 0.00
[ 460s ] thds: 400 tps: 8250.29 qps: 165031.15 (r/w/o: 115525.69/33005.77/16499.68) lat (ms,95%): 87.56 err/s: 0.00 reconn/s: 0.00
[ 470s ] thds: 400 tps: 8132.14 qps: 162735.97 (r/w/o: 113933.11/32537.47/16265.39) lat (ms,95%): 87.56 err/s: 0.10 reconn/s: 0.00
[ 480s ] thds: 400 tps: 7365.75 qps: 147287.52 (r/w/o: 103080.91/29475.10/14731.50) lat (ms,95%): 97.55 err/s: 0.00 reconn/s: 0.00
[ 490s ] thds: 400 tps: 7541.03 qps: 151065.30 (r/w/o: 105723.82/30259.32/15082.16) lat (ms,95%): 94.10 err/s: 0.00 reconn/s: 0.00
[ 500s ] thds: 400 tps: 8239.49 qps: 164499.70 (r/w/o: 115163.73/32859.98/16475.99) lat (ms,95%): 82.96 err/s: 0.00 reconn/s: 0.00
[ 510s ] thds: 400 tps: 9424.28 qps: 188775.07 (r/w/o: 132138.27/37785.14/18851.67) lat (ms,95%): 56.84 err/s: 0.00 reconn/s: 0.00
[ 520s ] thds: 400 tps: 9294.72 qps: 185437.62 (r/w/o: 129747.52/37106.26/18583.83) lat (ms,95%): 63.32 err/s: 0.00 reconn/s: 0.00
[ 530s ] thds: 400 tps: 9198.65 qps: 184141.55 (r/w/o: 128981.37/36757.19/18403.00) lat (ms,95%): 62.19 err/s: 0.00 reconn/s: 0.00
[ 540s ] thds: 400 tps: 9315.60 qps: 186232.53 (r/w/o: 130328.85/37272.29/18631.39) lat (ms,95%): 62.19 err/s: 0.00 reconn/s: 0.00
[ 550s ] thds: 400 tps: 9462.11 qps: 189463.82 (r/w/o: 132665.18/37874.42/18924.21) lat (ms,95%): 58.92 err/s: 0.00 reconn/s: 0.00
[ 560s ] thds: 400 tps: 9270.31 qps: 185059.95 (r/w/o: 129466.70/37054.13/18539.11) lat (ms,95%): 63.32 err/s: 0.10 reconn/s: 0.00
[ 570s ] thds: 400 tps: 8151.79 qps: 163191.94 (r/w/o: 114249.32/32637.15/16305.47) lat (ms,95%): 90.78 err/s: 0.00 reconn/s: 0.00
[ 580s ] thds: 400 tps: 8086.87 qps: 161840.97 (r/w/o: 113319.26/32348.27/16173.44) lat (ms,95%): 90.78 err/s: 0.00 reconn/s: 0.00
[ 590s ] thds: 400 tps: 7967.08 qps: 159310.88 (r/w/o: 111516.70/31860.82/15933.36) lat (ms,95%): 89.16 err/s: 0.00 reconn/s: 0.00
[ 600s ] thds: 400 tps: 7297.12 qps: 146060.75 (r/w/o: 102239.45/29226.57/14594.74) lat (ms,95%): 95.81 err/s: 0.00 reconn/s: 0.00
[ 610s ] thds: 400 tps: 7640.05 qps: 152779.96 (r/w/o: 106958.57/30540.19/15281.20) lat (ms,95%): 89.16 err/s: 0.10 reconn/s: 0.00
[ 620s ] thds: 400 tps: 9154.32 qps: 182960.27 (r/w/o: 128045.83/36612.69/18301.75) lat (ms,95%): 65.65 err/s: 0.00 reconn/s: 0.00
[ 630s ] thds: 400 tps: 9084.59 qps: 181777.93 (r/w/o: 127288.88/36312.96/18176.08) lat (ms,95%): 69.29 err/s: 0.00 reconn/s: 0.00
[ 640s ] thds: 400 tps: 9085.43 qps: 181650.04 (r/w/o: 127150.35/36328.83/18170.86) lat (ms,95%): 71.83 err/s: 0.00 reconn/s: 0.00
[ 650s ] thds: 400 tps: 9431.66 qps: 188657.00 (r/w/o: 132057.14/37736.14/18863.72) lat (ms,95%): 61.08 err/s: 0.20 reconn/s: 0.00
[ 660s ] thds: 400 tps: 9480.62 qps: 189716.98 (r/w/o: 132785.17/37970.58/18961.24) lat (ms,95%): 56.84 err/s: 0.00 reconn/s: 0.00
[ 670s ] thds: 400 tps: 9075.52 qps: 181496.18 (r/w/o: 127074.94/36270.20/18151.05) lat (ms,95%): 69.29 err/s: 0.00 reconn/s: 0.00
[ 680s ] thds: 400 tps: 8190.41 qps: 163501.84 (r/w/o: 114396.17/32724.95/16380.72) lat (ms,95%): 94.10 err/s: 0.00 reconn/s: 0.00
[ 690s ] thds: 400 tps: 8098.99 qps: 162199.77 (r/w/o: 113599.61/32402.07/16198.09) lat (ms,95%): 87.56 err/s: 0.00 reconn/s: 0.00
[ 700s ] thds: 400 tps: 8129.35 qps: 162562.13 (r/w/o: 113754.95/32551.09/16256.09) lat (ms,95%): 87.56 err/s: 0.00 reconn/s: 0.00
[ 710s ] thds: 400 tps: 7871.71 qps: 157696.53 (r/w/o: 110384.59/31565.73/15746.21) lat (ms,95%): 90.78 err/s: 0.00 reconn/s: 0.00
[ 720s ] thds: 400 tps: 7630.90 qps: 152425.93 (r/w/o: 106705.72/30461.61/15258.60) lat (ms,95%): 92.42 err/s: 0.00 reconn/s: 0.00
[ 730s ] thds: 400 tps: 8398.20 qps: 167856.01 (r/w/o: 117494.94/33564.08/16796.99) lat (ms,95%): 81.48 err/s: 0.10 reconn/s: 0.00
[ 740s ] thds: 400 tps: 9209.46 qps: 184122.62 (r/w/o: 128862.56/36839.04/18421.02) lat (ms,95%): 63.32 err/s: 0.00 reconn/s: 0.00
[ 750s ] thds: 400 tps: 9125.47 qps: 182667.44 (r/w/o: 127882.64/36533.07/18251.73) lat (ms,95%): 66.84 err/s: 0.00 reconn/s: 0.00
[ 760s ] thds: 400 tps: 9345.09 qps: 186704.85 (r/w/o: 130674.10/37342.97/18687.79) lat (ms,95%): 59.99 err/s: 0.00 reconn/s: 0.00
[ 770s ] thds: 400 tps: 9327.59 qps: 186927.90 (r/w/o: 130896.16/37373.76/18657.98) lat (ms,95%): 59.99 err/s: 0.10 reconn/s: 0.00
[ 780s ] thds: 400 tps: 9063.93 qps: 180909.61 (r/w/o: 126605.33/36177.62/18126.66) lat (ms,95%): 71.83 err/s: 0.10 reconn/s: 0.00
[ 790s ] thds: 400 tps: 8406.20 qps: 168167.31 (r/w/o: 117717.54/33636.48/16813.29) lat (ms,95%): 87.56 err/s: 0.00 reconn/s: 0.00
[ 800s ] thds: 400 tps: 7795.04 qps: 155960.90 (r/w/o: 109200.99/31169.44/15590.47) lat (ms,95%): 95.81 err/s: 0.00 reconn/s: 0.00
[ 810s ] thds: 400 tps: 7401.74 qps: 148188.30 (r/w/o: 103724.66/29661.96/14801.68) lat (ms,95%): 101.13 err/s: 0.00 reconn/s: 0.00
[ 820s ] thds: 400 tps: 7647.88 qps: 152798.30 (r/w/o: 106938.52/30561.92/15297.86) lat (ms,95%): 106.75 err/s: 0.10 reconn/s: 0.00
[ 830s ] thds: 400 tps: 7334.44 qps: 146862.94 (r/w/o: 102829.29/29368.97/14664.68) lat (ms,95%): 112.67 err/s: 0.00 reconn/s: 0.00
[ 840s ] thds: 400 tps: 7422.83 qps: 148349.14 (r/w/o: 103828.85/29674.13/14846.16) lat (ms,95%): 108.68 err/s: 0.10 reconn/s: 0.00
SQL statistics:
    queries performed:
        read:                            99764812
        write:                           28504159
        other:                           14252155
        total:                           142521126
    transactions:                        7126041 (8453.37 per sec.)
    queries:                             142521126 (169067.86 per sec.)
    ignored errors:                      17     (0.02 per sec.)
    reconnects:                          0      (0.00 per sec.)

General statistics:
    total time:                          842.9808s
    total number of events:              7126041

Latency (ms):
         min:                                   20.04
         avg:                                   47.16
         max:                                 2984.52
         95th percentile:                       86.00
         sum:                            336082961.28

Threads fairness:
    events (avg/stddev):           17815.1025/402.27
    execution time (avg/stddev):   840.2074/0.55

