sysbench 1.0.20-ebf1c90 (using bundled LuaJIT 2.1.0-beta2)

Running the test with following options:
Number of threads: 400
Report intermediate results every 10 second(s)
Initializing random number generator from current time


Initializing worker threads...

Threads started!

[ 10s ] thds: 400 tps: 5922.95 qps: 118928.51 (r/w/o: 83345.30/23697.31/11885.90) lat (ms,95%): 193.38 err/s: 0.00 reconn/s: 0.00
[ 20s ] thds: 400 tps: 7997.64 qps: 160084.39 (r/w/o: 112066.85/32022.06/15995.48) lat (ms,95%): 155.80 err/s: 0.00 reconn/s: 0.00
[ 30s ] thds: 400 tps: 8443.04 qps: 168872.93 (r/w/o: 118162.38/33824.67/16885.88) lat (ms,95%): 125.52 err/s: 0.00 reconn/s: 0.00
[ 40s ] thds: 400 tps: 8733.46 qps: 174550.77 (r/w/o: 122212.19/34871.65/17466.93) lat (ms,95%): 75.82 err/s: 0.10 reconn/s: 0.00
[ 50s ] thds: 400 tps: 9022.68 qps: 180207.74 (r/w/o: 126085.75/36082.83/18039.16) lat (ms,95%): 69.29 err/s: 0.00 reconn/s: 0.00
[ 60s ] thds: 400 tps: 9263.30 qps: 185568.66 (r/w/o: 129923.04/37118.81/18526.81) lat (ms,95%): 65.65 err/s: 0.00 reconn/s: 0.00
[ 70s ] thds: 400 tps: 9193.72 qps: 183910.56 (r/w/o: 128774.25/36742.27/18394.04) lat (ms,95%): 66.84 err/s: 0.10 reconn/s: 0.00
[ 80s ] thds: 400 tps: 9048.66 qps: 180959.66 (r/w/o: 126669.98/36195.15/18094.53) lat (ms,95%): 73.13 err/s: 0.00 reconn/s: 0.00
[ 90s ] thds: 400 tps: 9171.10 qps: 183259.25 (r/w/o: 128249.34/36666.41/18343.51) lat (ms,95%): 66.84 err/s: 0.00 reconn/s: 0.00
[ 100s ] thds: 400 tps: 9575.79 qps: 191386.20 (r/w/o: 133960.66/38272.36/19153.18) lat (ms,95%): 56.84 err/s: 0.00 reconn/s: 0.00
[ 110s ] thds: 400 tps: 9581.02 qps: 192019.04 (r/w/o: 134440.71/38415.99/19162.34) lat (ms,95%): 57.87 err/s: 0.10 reconn/s: 0.00
[ 120s ] thds: 400 tps: 7056.87 qps: 140942.57 (r/w/o: 98696.23/28132.39/14113.95) lat (ms,95%): 130.13 err/s: 0.00 reconn/s: 0.00
[ 130s ] thds: 400 tps: 5597.35 qps: 111980.37 (r/w/o: 78365.98/22419.89/11194.50) lat (ms,95%): 147.61 err/s: 0.10 reconn/s: 0.00
[ 140s ] thds: 400 tps: 6428.52 qps: 128392.31 (r/w/o: 89851.22/25683.46/12857.63) lat (ms,95%): 125.52 err/s: 0.00 reconn/s: 0.00
[ 150s ] thds: 400 tps: 8948.88 qps: 179138.62 (r/w/o: 125377.27/35863.41/17897.95) lat (ms,95%): 66.84 err/s: 0.10 reconn/s: 0.00
[ 160s ] thds: 400 tps: 9028.38 qps: 180329.94 (r/w/o: 126225.48/36047.81/18056.65) lat (ms,95%): 73.13 err/s: 0.00 reconn/s: 0.00
[ 170s ] thds: 400 tps: 9469.08 qps: 189603.61 (r/w/o: 132747.53/37917.52/18938.56) lat (ms,95%): 61.08 err/s: 0.10 reconn/s: 0.00
[ 180s ] thds: 400 tps: 9409.40 qps: 188086.07 (r/w/o: 131665.25/37602.81/18818.01) lat (ms,95%): 64.47 err/s: 0.10 reconn/s: 0.00
[ 190s ] thds: 400 tps: 9136.36 qps: 182677.58 (r/w/o: 127846.43/36557.54/18273.62) lat (ms,95%): 69.29 err/s: 0.00 reconn/s: 0.00
[ 200s ] thds: 400 tps: 9657.06 qps: 193231.14 (r/w/o: 135305.67/38611.45/19314.02) lat (ms,95%): 58.92 err/s: 0.00 reconn/s: 0.00
[ 210s ] thds: 400 tps: 9792.16 qps: 196076.99 (r/w/o: 137241.01/39252.36/19583.63) lat (ms,95%): 55.82 err/s: 0.10 reconn/s: 0.00
[ 220s ] thds: 400 tps: 9612.86 qps: 192010.79 (r/w/o: 134391.40/38391.96/19227.43) lat (ms,95%): 58.92 err/s: 0.10 reconn/s: 0.00
[ 230s ] thds: 400 tps: 7944.66 qps: 158922.75 (r/w/o: 111236.78/31797.25/15888.73) lat (ms,95%): 99.33 err/s: 0.10 reconn/s: 0.00
[ 240s ] thds: 400 tps: 7922.64 qps: 158616.82 (r/w/o: 111079.30/31691.14/15846.37) lat (ms,95%): 94.10 err/s: 0.10 reconn/s: 0.00
[ 250s ] thds: 400 tps: 6814.57 qps: 136285.79 (r/w/o: 95374.44/27283.70/13627.65) lat (ms,95%): 110.66 err/s: 0.00 reconn/s: 0.00
[ 260s ] thds: 400 tps: 7919.26 qps: 158246.89 (r/w/o: 110798.33/31610.94/15837.62) lat (ms,95%): 89.16 err/s: 0.00 reconn/s: 0.00
[ 270s ] thds: 400 tps: 9037.27 qps: 180786.51 (r/w/o: 126546.02/36163.46/18077.03) lat (ms,95%): 70.55 err/s: 0.00 reconn/s: 0.00
[ 280s ] thds: 400 tps: 9580.46 qps: 191442.69 (r/w/o: 133964.23/38322.24/19156.22) lat (ms,95%): 57.87 err/s: 0.00 reconn/s: 0.00
[ 290s ] thds: 400 tps: 9452.29 qps: 189198.77 (r/w/o: 132500.34/37788.75/18909.68) lat (ms,95%): 64.47 err/s: 0.10 reconn/s: 0.00
[ 300s ] thds: 400 tps: 9518.53 qps: 190402.81 (r/w/o: 133247.22/38118.52/19037.06) lat (ms,95%): 63.32 err/s: 0.00 reconn/s: 0.00
[ 310s ] thds: 400 tps: 9529.37 qps: 190448.52 (r/w/o: 133299.09/38090.58/19058.84) lat (ms,95%): 61.08 err/s: 0.00 reconn/s: 0.00
[ 320s ] thds: 400 tps: 9728.48 qps: 194671.35 (r/w/o: 136260.96/38953.33/19457.07) lat (ms,95%): 56.84 err/s: 0.00 reconn/s: 0.00
[ 330s ] thds: 400 tps: 9669.12 qps: 193419.15 (r/w/o: 135460.15/38620.67/19338.34) lat (ms,95%): 57.87 err/s: 0.00 reconn/s: 0.00
[ 340s ] thds: 400 tps: 8016.66 qps: 160262.04 (r/w/o: 112116.17/32117.65/16028.22) lat (ms,95%): 99.33 err/s: 0.10 reconn/s: 0.00
[ 350s ] thds: 400 tps: 7418.77 qps: 148593.96 (r/w/o: 104042.73/29708.39/14842.85) lat (ms,95%): 97.55 err/s: 0.00 reconn/s: 0.00
[ 360s ] thds: 400 tps: 7331.21 qps: 146454.10 (r/w/o: 102548.57/29242.82/14662.71) lat (ms,95%): 95.81 err/s: 0.20 reconn/s: 0.00
[ 370s ] thds: 400 tps: 7134.13 qps: 142587.73 (r/w/o: 99786.24/28533.13/14268.36) lat (ms,95%): 104.84 err/s: 0.00 reconn/s: 0.00
[ 380s ] thds: 400 tps: 8628.22 qps: 172841.05 (r/w/o: 120986.42/34597.89/17256.74) lat (ms,95%): 81.48 err/s: 0.10 reconn/s: 0.00
[ 390s ] thds: 400 tps: 8569.98 qps: 171060.77 (r/w/o: 119717.47/34202.93/17140.36) lat (ms,95%): 94.10 err/s: 0.10 reconn/s: 0.00
[ 400s ] thds: 400 tps: 8189.88 qps: 163906.40 (r/w/o: 114734.12/32792.02/16380.26) lat (ms,95%): 102.97 err/s: 0.20 reconn/s: 0.00
[ 410s ] thds: 400 tps: 8183.66 qps: 163921.68 (r/w/o: 114760.72/32793.44/16367.52) lat (ms,95%): 95.81 err/s: 0.10 reconn/s: 0.00
[ 420s ] thds: 400 tps: 7798.76 qps: 155905.19 (r/w/o: 109154.63/31152.94/15597.62) lat (ms,95%): 106.75 err/s: 0.00 reconn/s: 0.00
[ 430s ] thds: 400 tps: 8986.49 qps: 179731.26 (r/w/o: 125819.03/35939.25/17972.98) lat (ms,95%): 73.13 err/s: 0.00 reconn/s: 0.00
[ 440s ] thds: 400 tps: 9654.72 qps: 193068.13 (r/w/o: 135145.23/38613.47/19309.43) lat (ms,95%): 56.84 err/s: 0.00 reconn/s: 0.00
[ 450s ] thds: 400 tps: 9389.92 qps: 187703.87 (r/w/o: 131378.03/37545.99/18779.85) lat (ms,95%): 64.47 err/s: 0.00 reconn/s: 0.00
[ 460s ] thds: 400 tps: 8108.18 qps: 162167.61 (r/w/o: 113505.96/32453.80/16207.85) lat (ms,95%): 95.81 err/s: 0.00 reconn/s: 0.00
[ 470s ] thds: 400 tps: 7339.75 qps: 146700.92 (r/w/o: 102693.94/29321.48/14685.49) lat (ms,95%): 95.81 err/s: 0.10 reconn/s: 0.00
[ 480s ] thds: 400 tps: 7517.24 qps: 150490.23 (r/w/o: 105344.98/30108.87/15036.38) lat (ms,95%): 94.10 err/s: 0.00 reconn/s: 0.00
[ 490s ] thds: 400 tps: 7360.41 qps: 146888.77 (r/w/o: 102773.12/29394.53/14721.12) lat (ms,95%): 97.55 err/s: 0.00 reconn/s: 0.00
[ 500s ] thds: 400 tps: 9746.34 qps: 195226.02 (r/w/o: 136719.27/39013.26/19493.48) lat (ms,95%): 56.84 err/s: 0.00 reconn/s: 0.00
[ 510s ] thds: 400 tps: 9416.36 qps: 188110.39 (r/w/o: 131636.51/37641.46/18832.43) lat (ms,95%): 63.32 err/s: 0.00 reconn/s: 0.00
[ 520s ] thds: 400 tps: 9586.65 qps: 191751.40 (r/w/o: 134230.40/38347.70/19173.30) lat (ms,95%): 57.87 err/s: 0.00 reconn/s: 0.00
[ 530s ] thds: 400 tps: 8862.81 qps: 177430.04 (r/w/o: 124216.79/35489.73/17723.52) lat (ms,95%): 84.47 err/s: 0.00 reconn/s: 0.00
[ 540s ] thds: 400 tps: 9490.42 qps: 189887.80 (r/w/o: 132934.58/37969.78/18983.44) lat (ms,95%): 62.19 err/s: 0.00 reconn/s: 0.00
[ 550s ] thds: 400 tps: 9544.17 qps: 190999.38 (r/w/o: 133697.17/38213.68/19088.54) lat (ms,95%): 58.92 err/s: 0.10 reconn/s: 0.00
[ 560s ] thds: 400 tps: 9525.36 qps: 190376.59 (r/w/o: 133259.23/38066.44/19050.92) lat (ms,95%): 61.08 err/s: 0.00 reconn/s: 0.00
[ 570s ] thds: 400 tps: 8165.95 qps: 163179.76 (r/w/o: 114220.27/32630.69/16328.80) lat (ms,95%): 92.42 err/s: 0.00 reconn/s: 0.00
[ 580s ] thds: 400 tps: 7368.75 qps: 147487.50 (r/w/o: 103221.50/29525.40/14740.60) lat (ms,95%): 101.13 err/s: 0.00 reconn/s: 0.00
[ 590s ] thds: 400 tps: 7298.29 qps: 146156.02 (r/w/o: 102327.48/29231.66/14596.88) lat (ms,95%): 97.55 err/s: 0.10 reconn/s: 0.00
[ 600s ] thds: 400 tps: 7803.60 qps: 155874.38 (r/w/o: 109126.59/31140.80/15607.00) lat (ms,95%): 90.78 err/s: 0.00 reconn/s: 0.00
[ 610s ] thds: 400 tps: 8850.69 qps: 176803.86 (r/w/o: 123736.30/35366.67/17700.89) lat (ms,95%): 73.13 err/s: 0.00 reconn/s: 0.00
[ 620s ] thds: 400 tps: 9351.32 qps: 187277.88 (r/w/o: 131139.77/37434.68/18703.44) lat (ms,95%): 62.19 err/s: 0.00 reconn/s: 0.00
[ 630s ] thds: 400 tps: 9660.66 qps: 193138.11 (r/w/o: 135163.18/38661.32/19313.61) lat (ms,95%): 57.87 err/s: 0.00 reconn/s: 0.00
[ 640s ] thds: 400 tps: 8998.82 qps: 180044.27 (r/w/o: 126089.53/35949.39/18005.35) lat (ms,95%): 77.19 err/s: 0.00 reconn/s: 0.00
[ 650s ] thds: 400 tps: 9561.34 qps: 191314.94 (r/w/o: 133895.09/38296.87/19122.98) lat (ms,95%): 58.92 err/s: 0.10 reconn/s: 0.00
[ 660s ] thds: 400 tps: 9502.09 qps: 189969.49 (r/w/o: 132981.12/37984.08/19004.29) lat (ms,95%): 59.99 err/s: 0.10 reconn/s: 0.00
[ 670s ] thds: 400 tps: 9478.96 qps: 189725.47 (r/w/o: 132779.49/37987.66/18958.33) lat (ms,95%): 61.08 err/s: 0.10 reconn/s: 0.00
[ 680s ] thds: 400 tps: 8189.12 qps: 163459.52 (r/w/o: 114399.90/32682.38/16377.24) lat (ms,95%): 90.78 err/s: 0.00 reconn/s: 0.00
[ 690s ] thds: 400 tps: 7711.07 qps: 154537.20 (r/w/o: 108191.88/30922.08/15423.24) lat (ms,95%): 97.55 err/s: 0.10 reconn/s: 0.00
[ 700s ] thds: 400 tps: 7393.36 qps: 147564.29 (r/w/o: 103286.14/29492.24/14785.92) lat (ms,95%): 99.33 err/s: 0.00 reconn/s: 0.00
[ 710s ] thds: 400 tps: 7459.34 qps: 149180.79 (r/w/o: 104432.85/29828.36/14919.58) lat (ms,95%): 94.10 err/s: 0.00 reconn/s: 0.00
[ 720s ] thds: 400 tps: 8787.40 qps: 175804.53 (r/w/o: 123085.55/35144.09/17574.89) lat (ms,95%): 77.19 err/s: 0.00 reconn/s: 0.00
[ 730s ] thds: 400 tps: 9361.89 qps: 187160.34 (r/w/o: 130955.29/37487.56/18717.48) lat (ms,95%): 63.32 err/s: 0.00 reconn/s: 0.00
[ 740s ] thds: 400 tps: 9442.23 qps: 189028.17 (r/w/o: 132372.17/37765.03/18890.97) lat (ms,95%): 62.19 err/s: 0.00 reconn/s: 0.00
[ 750s ] thds: 400 tps: 8943.33 qps: 178763.25 (r/w/o: 125134.25/35742.43/17886.57) lat (ms,95%): 74.46 err/s: 0.00 reconn/s: 0.00
[ 760s ] thds: 400 tps: 9410.32 qps: 188413.04 (r/w/o: 131873.81/37718.49/18820.74) lat (ms,95%): 61.08 err/s: 0.00 reconn/s: 0.00
[ 770s ] thds: 400 tps: 9269.67 qps: 185255.81 (r/w/o: 129682.09/37034.38/18539.34) lat (ms,95%): 68.05 err/s: 0.00 reconn/s: 0.00
[ 780s ] thds: 400 tps: 8773.48 qps: 175481.56 (r/w/o: 122858.89/35075.72/17546.96) lat (ms,95%): 81.48 err/s: 0.00 reconn/s: 0.00
[ 790s ] thds: 400 tps: 8537.45 qps: 170790.70 (r/w/o: 119530.20/34188.50/17072.00) lat (ms,95%): 89.16 err/s: 0.00 reconn/s: 0.00
[ 800s ] thds: 400 tps: 7184.66 qps: 143737.66 (r/w/o: 100605.31/28764.93/14367.42) lat (ms,95%): 110.66 err/s: 0.10 reconn/s: 0.00
[ 810s ] thds: 400 tps: 7939.61 qps: 158668.12 (r/w/o: 111071.06/31714.14/15882.92) lat (ms,95%): 95.81 err/s: 0.00 reconn/s: 0.00
[ 820s ] thds: 400 tps: 7617.14 qps: 152443.53 (r/w/o: 106760.21/30447.55/15235.77) lat (ms,95%): 106.75 err/s: 0.00 reconn/s: 0.00
[ 830s ] thds: 400 tps: 7724.24 qps: 154155.54 (r/w/o: 107845.69/30862.17/15447.69) lat (ms,95%): 110.66 err/s: 0.00 reconn/s: 0.00
[ 840s ] thds: 400 tps: 8063.07 qps: 161677.01 (r/w/o: 113211.09/32338.78/16127.14) lat (ms,95%): 97.55 err/s: 0.00 reconn/s: 0.00
SQL statistics:
    queries performed:
        read:                            100925762
        write:                           28835833
        other:                           14418009
        total:                           144179604
    transactions:                        7208955 (8574.35 per sec.)
    queries:                             144179604 (171487.59 per sec.)
    ignored errors:                      28     (0.03 per sec.)
    reconnects:                          0      (0.00 per sec.)

General statistics:
    total time:                          840.7572s
    total number of events:              7208955

Latency (ms):
         min:                                   19.96
         avg:                                   46.61
         max:                                  773.02
         95th percentile:                       86.00
         sum:                            336012705.69

Threads fairness:
    events (avg/stddev):           18022.3875/441.92
    execution time (avg/stddev):   840.0318/0.11

