sysbench 1.0.20-ebf1c90 (using bundled LuaJIT 2.1.0-beta2)

Running the test with following options:
Number of threads: 400
Report intermediate results every 10 second(s)
Initializing random number generator from current time


Initializing worker threads...

Threads started!

[ 10s ] thds: 400 tps: 5922.09 qps: 119052.13 (r/w/o: 83437.03/23730.95/11884.16) lat (ms,95%): 193.38 err/s: 0.00 reconn/s: 0.00
[ 20s ] thds: 400 tps: 8041.10 qps: 160562.62 (r/w/o: 112350.94/32130.48/16081.19) lat (ms,95%): 155.80 err/s: 0.00 reconn/s: 0.00
[ 30s ] thds: 400 tps: 8470.35 qps: 169564.10 (r/w/o: 118708.63/33913.38/16942.09) lat (ms,95%): 116.80 err/s: 0.10 reconn/s: 0.00
[ 40s ] thds: 400 tps: 8714.91 qps: 174327.26 (r/w/o: 122031.41/34866.53/17429.32) lat (ms,95%): 77.19 err/s: 0.00 reconn/s: 0.00
[ 50s ] thds: 400 tps: 9025.16 qps: 180390.05 (r/w/o: 126283.51/36055.83/18050.72) lat (ms,95%): 68.05 err/s: 0.00 reconn/s: 0.00
[ 60s ] thds: 400 tps: 9314.80 qps: 186370.39 (r/w/o: 130466.59/37273.80/18630.00) lat (ms,95%): 65.65 err/s: 0.00 reconn/s: 0.00
[ 70s ] thds: 400 tps: 9204.03 qps: 184030.78 (r/w/o: 128761.41/36864.62/18404.76) lat (ms,95%): 66.84 err/s: 0.00 reconn/s: 0.00
[ 80s ] thds: 400 tps: 9025.11 qps: 180630.14 (r/w/o: 126493.77/36082.65/18053.72) lat (ms,95%): 73.13 err/s: 0.10 reconn/s: 0.00
[ 90s ] thds: 400 tps: 9216.92 qps: 184406.83 (r/w/o: 129092.03/36880.87/18433.93) lat (ms,95%): 66.84 err/s: 0.00 reconn/s: 0.00
[ 100s ] thds: 400 tps: 9549.56 qps: 190778.18 (r/w/o: 133502.30/38176.56/19099.33) lat (ms,95%): 56.84 err/s: 0.10 reconn/s: 0.00
[ 110s ] thds: 400 tps: 9623.33 qps: 192190.21 (r/w/o: 134482.56/38462.80/19244.85) lat (ms,95%): 57.87 err/s: 0.20 reconn/s: 0.00
[ 120s ] thds: 400 tps: 7026.77 qps: 140931.91 (r/w/o: 98727.58/28150.28/14054.04) lat (ms,95%): 130.13 err/s: 0.00 reconn/s: 0.00
[ 130s ] thds: 400 tps: 5614.96 qps: 112106.92 (r/w/o: 78465.15/22411.64/11230.12) lat (ms,95%): 147.61 err/s: 0.10 reconn/s: 0.00
[ 140s ] thds: 400 tps: 6398.35 qps: 128221.15 (r/w/o: 89781.26/25641.49/12798.40) lat (ms,95%): 125.52 err/s: 0.00 reconn/s: 0.00
[ 150s ] thds: 400 tps: 8921.10 qps: 178360.81 (r/w/o: 124873.01/35645.60/17842.20) lat (ms,95%): 66.84 err/s: 0.00 reconn/s: 0.00
[ 160s ] thds: 400 tps: 8992.20 qps: 179951.00 (r/w/o: 125933.30/36033.30/17984.40) lat (ms,95%): 73.13 err/s: 0.00 reconn/s: 0.00
[ 170s ] thds: 400 tps: 9479.70 qps: 189428.28 (r/w/o: 132560.69/37907.90/18959.70) lat (ms,95%): 61.08 err/s: 0.00 reconn/s: 0.00
[ 180s ] thds: 400 tps: 9388.58 qps: 187813.53 (r/w/o: 131477.97/37558.21/18777.35) lat (ms,95%): 64.47 err/s: 0.10 reconn/s: 0.00
[ 190s ] thds: 400 tps: 9177.78 qps: 183623.53 (r/w/o: 128576.17/36691.71/18355.65) lat (ms,95%): 69.29 err/s: 0.00 reconn/s: 0.00
[ 200s ] thds: 400 tps: 9684.79 qps: 193551.82 (r/w/o: 135457.87/38723.96/19369.98) lat (ms,95%): 58.92 err/s: 0.20 reconn/s: 0.00
[ 210s ] thds: 400 tps: 9841.45 qps: 196848.28 (r/w/o: 137805.08/39360.20/19683.00) lat (ms,95%): 54.83 err/s: 0.00 reconn/s: 0.00
[ 220s ] thds: 400 tps: 9571.49 qps: 191463.35 (r/w/o: 134013.63/38306.65/19143.08) lat (ms,95%): 58.92 err/s: 0.00 reconn/s: 0.00
[ 230s ] thds: 400 tps: 7965.32 qps: 159290.19 (r/w/o: 111507.17/31852.18/15930.84) lat (ms,95%): 99.33 err/s: 0.10 reconn/s: 0.00
[ 240s ] thds: 400 tps: 7902.70 qps: 158029.78 (r/w/o: 110646.39/31579.40/15804.00) lat (ms,95%): 95.81 err/s: 0.00 reconn/s: 0.00
[ 250s ] thds: 400 tps: 6838.58 qps: 136441.20 (r/w/o: 95416.25/27347.90/13677.05) lat (ms,95%): 110.66 err/s: 0.00 reconn/s: 0.00
[ 260s ] thds: 400 tps: 7882.19 qps: 157981.95 (r/w/o: 110622.43/31593.35/15766.18) lat (ms,95%): 89.16 err/s: 0.00 reconn/s: 0.00
[ 270s ] thds: 400 tps: 9105.22 qps: 181813.72 (r/w/o: 127246.79/36366.08/18200.84) lat (ms,95%): 69.29 err/s: 0.00 reconn/s: 0.00
[ 280s ] thds: 400 tps: 9621.41 qps: 192652.06 (r/w/o: 134871.68/38536.65/19243.73) lat (ms,95%): 56.84 err/s: 0.00 reconn/s: 0.00
[ 290s ] thds: 400 tps: 9455.44 qps: 189293.08 (r/w/o: 132539.55/37833.06/18920.48) lat (ms,95%): 64.47 err/s: 0.30 reconn/s: 0.00
[ 300s ] thds: 400 tps: 9512.25 qps: 190084.81 (r/w/o: 133062.01/37999.30/19023.50) lat (ms,95%): 63.32 err/s: 0.00 reconn/s: 0.00
[ 310s ] thds: 400 tps: 9540.35 qps: 190820.79 (r/w/o: 133593.89/38149.40/19077.50) lat (ms,95%): 61.08 err/s: 0.00 reconn/s: 0.00
[ 320s ] thds: 400 tps: 9717.17 qps: 194513.83 (r/w/o: 136175.73/38899.37/19438.73) lat (ms,95%): 56.84 err/s: 0.00 reconn/s: 0.00
[ 330s ] thds: 400 tps: 9698.15 qps: 193789.30 (r/w/o: 135603.30/38794.70/19391.30) lat (ms,95%): 57.87 err/s: 0.00 reconn/s: 0.00
[ 340s ] thds: 400 tps: 8002.68 qps: 159880.50 (r/w/o: 111904.59/31967.24/16008.67) lat (ms,95%): 99.33 err/s: 0.00 reconn/s: 0.00
[ 350s ] thds: 400 tps: 7422.71 qps: 148944.54 (r/w/o: 104265.37/29832.05/14847.12) lat (ms,95%): 97.55 err/s: 0.00 reconn/s: 0.00
[ 360s ] thds: 400 tps: 7334.52 qps: 146670.89 (r/w/o: 102672.84/29329.40/14668.65) lat (ms,95%): 95.81 err/s: 0.10 reconn/s: 0.00
[ 370s ] thds: 400 tps: 7112.47 qps: 142137.10 (r/w/o: 99549.35/28362.10/14225.65) lat (ms,95%): 104.84 err/s: 0.00 reconn/s: 0.00
[ 380s ] thds: 400 tps: 8695.66 qps: 173820.78 (r/w/o: 121685.00/34744.86/17390.93) lat (ms,95%): 81.48 err/s: 0.00 reconn/s: 0.00
[ 390s ] thds: 400 tps: 8599.12 qps: 171921.25 (r/w/o: 120290.92/34431.49/17198.85) lat (ms,95%): 94.10 err/s: 0.00 reconn/s: 0.00
[ 400s ] thds: 400 tps: 8262.83 qps: 165126.55 (r/w/o: 115571.49/33030.11/16524.96) lat (ms,95%): 101.13 err/s: 0.00 reconn/s: 0.00
[ 410s ] thds: 400 tps: 8142.31 qps: 162966.11 (r/w/o: 114110.78/32571.12/16284.21) lat (ms,95%): 97.55 err/s: 0.00 reconn/s: 0.00
[ 420s ] thds: 400 tps: 7819.31 qps: 156475.71 (r/w/o: 109532.48/31308.42/15634.81) lat (ms,95%): 106.75 err/s: 0.00 reconn/s: 0.00
[ 430s ] thds: 400 tps: 8984.20 qps: 179627.01 (r/w/o: 125767.04/35886.28/17973.69) lat (ms,95%): 73.13 err/s: 0.10 reconn/s: 0.00
[ 440s ] thds: 400 tps: 9629.69 qps: 192611.12 (r/w/o: 134781.27/38570.26/19259.58) lat (ms,95%): 56.84 err/s: 0.10 reconn/s: 0.00
[ 450s ] thds: 400 tps: 9366.91 qps: 187525.79 (r/w/o: 131281.13/37510.84/18733.82) lat (ms,95%): 64.47 err/s: 0.00 reconn/s: 0.00
[ 460s ] thds: 400 tps: 8138.07 qps: 162576.62 (r/w/o: 113815.79/32484.38/16276.44) lat (ms,95%): 94.10 err/s: 0.00 reconn/s: 0.00
[ 470s ] thds: 400 tps: 7322.56 qps: 146400.07 (r/w/o: 102480.22/29274.73/14645.12) lat (ms,95%): 95.81 err/s: 0.00 reconn/s: 0.00
[ 480s ] thds: 400 tps: 7558.97 qps: 151283.67 (r/w/o: 105887.86/30277.77/15118.04) lat (ms,95%): 94.10 err/s: 0.00 reconn/s: 0.00
[ 490s ] thds: 400 tps: 7341.35 qps: 146842.24 (r/w/o: 102822.03/29337.31/14682.90) lat (ms,95%): 97.55 err/s: 0.10 reconn/s: 0.00
[ 500s ] thds: 400 tps: 9767.65 qps: 195410.86 (r/w/o: 136783.84/39091.61/19535.41) lat (ms,95%): 55.82 err/s: 0.00 reconn/s: 0.00
[ 510s ] thds: 400 tps: 9439.31 qps: 188439.63 (r/w/o: 131855.59/37706.03/18878.01) lat (ms,95%): 63.32 err/s: 0.00 reconn/s: 0.00
[ 520s ] thds: 400 tps: 9624.14 qps: 192764.51 (r/w/o: 134946.86/38568.76/19248.88) lat (ms,95%): 57.87 err/s: 0.00 reconn/s: 0.00
[ 530s ] thds: 400 tps: 8938.66 qps: 178784.97 (r/w/o: 125175.29/35732.35/17877.33) lat (ms,95%): 82.96 err/s: 0.00 reconn/s: 0.00
[ 540s ] thds: 400 tps: 9452.21 qps: 189146.73 (r/w/o: 132384.66/37857.45/18904.62) lat (ms,95%): 62.19 err/s: 0.00 reconn/s: 0.00
[ 550s ] thds: 400 tps: 9574.40 qps: 191240.14 (r/w/o: 133884.93/38206.31/19148.90) lat (ms,95%): 58.92 err/s: 0.00 reconn/s: 0.00
[ 560s ] thds: 400 tps: 9494.81 qps: 190037.13 (r/w/o: 133020.96/38026.45/18989.72) lat (ms,95%): 61.08 err/s: 0.00 reconn/s: 0.00
[ 570s ] thds: 400 tps: 8171.71 qps: 163204.77 (r/w/o: 114209.39/32651.95/16343.43) lat (ms,95%): 92.42 err/s: 0.00 reconn/s: 0.00
[ 580s ] thds: 400 tps: 7365.73 qps: 147313.53 (r/w/o: 103104.37/29485.01/14724.15) lat (ms,95%): 99.33 err/s: 0.00 reconn/s: 0.00
[ 590s ] thds: 400 tps: 7293.51 qps: 146153.50 (r/w/o: 102360.94/29197.94/14594.62) lat (ms,95%): 97.55 err/s: 0.10 reconn/s: 0.00
[ 600s ] thds: 400 tps: 7800.22 qps: 155797.61 (r/w/o: 109043.42/31155.46/15598.73) lat (ms,95%): 90.78 err/s: 0.00 reconn/s: 0.00
[ 610s ] thds: 400 tps: 8837.62 qps: 176935.15 (r/w/o: 123891.64/35366.57/17676.93) lat (ms,95%): 73.13 err/s: 0.00 reconn/s: 0.00
[ 620s ] thds: 400 tps: 9391.78 qps: 187639.81 (r/w/o: 131277.56/37584.20/18778.05) lat (ms,95%): 62.19 err/s: 0.00 reconn/s: 0.00
[ 630s ] thds: 400 tps: 9650.36 qps: 193071.37 (r/w/o: 135191.19/38578.85/19301.33) lat (ms,95%): 57.87 err/s: 0.00 reconn/s: 0.00
[ 640s ] thds: 400 tps: 8976.21 qps: 179505.49 (r/w/o: 125657.60/35890.46/17957.43) lat (ms,95%): 78.60 err/s: 0.00 reconn/s: 0.00
[ 650s ] thds: 400 tps: 9514.43 qps: 190465.55 (r/w/o: 133324.08/38112.61/19028.85) lat (ms,95%): 58.92 err/s: 0.00 reconn/s: 0.00
[ 660s ] thds: 400 tps: 9570.61 qps: 191316.43 (r/w/o: 133908.36/38266.75/19141.32) lat (ms,95%): 59.99 err/s: 0.00 reconn/s: 0.00
[ 670s ] thds: 400 tps: 9454.37 qps: 188943.31 (r/w/o: 132249.32/37785.16/18908.83) lat (ms,95%): 61.08 err/s: 0.00 reconn/s: 0.00
[ 680s ] thds: 400 tps: 8181.92 qps: 163738.95 (r/w/o: 114639.25/32735.77/16363.94) lat (ms,95%): 90.78 err/s: 0.00 reconn/s: 0.00
[ 690s ] thds: 400 tps: 7732.01 qps: 154623.24 (r/w/o: 108255.97/30903.55/15463.72) lat (ms,95%): 95.81 err/s: 0.00 reconn/s: 0.00
[ 700s ] thds: 400 tps: 7408.63 qps: 148201.40 (r/w/o: 103736.92/29646.92/14817.56) lat (ms,95%): 99.33 err/s: 0.00 reconn/s: 0.00
[ 710s ] thds: 400 tps: 7428.17 qps: 148697.55 (r/w/o: 104086.11/29754.99/14856.44) lat (ms,95%): 94.10 err/s: 0.00 reconn/s: 0.00
[ 720s ] thds: 400 tps: 8773.41 qps: 175350.62 (r/w/o: 122718.08/35085.82/17546.71) lat (ms,95%): 78.60 err/s: 0.00 reconn/s: 0.00
[ 730s ] thds: 400 tps: 9405.94 qps: 188163.22 (r/w/o: 131755.90/37595.14/18812.17) lat (ms,95%): 63.32 err/s: 0.10 reconn/s: 0.00
[ 740s ] thds: 400 tps: 9457.20 qps: 189066.54 (r/w/o: 132302.33/37849.81/18914.40) lat (ms,95%): 62.19 err/s: 0.00 reconn/s: 0.00
[ 750s ] thds: 400 tps: 8980.46 qps: 179741.68 (r/w/o: 125830.13/35950.34/17961.22) lat (ms,95%): 74.46 err/s: 0.10 reconn/s: 0.00
[ 760s ] thds: 400 tps: 9472.63 qps: 189144.10 (r/w/o: 132369.82/37829.52/18944.76) lat (ms,95%): 61.08 err/s: 0.00 reconn/s: 0.00
[ 770s ] thds: 400 tps: 9261.80 qps: 185359.24 (r/w/o: 129764.76/37070.39/18524.09) lat (ms,95%): 66.84 err/s: 0.00 reconn/s: 0.00
[ 780s ] thds: 400 tps: 8801.28 qps: 176281.39 (r/w/o: 123420.11/35258.42/17602.86) lat (ms,95%): 80.03 err/s: 0.00 reconn/s: 0.00
[ 790s ] thds: 400 tps: 8549.52 qps: 170886.00 (r/w/o: 119623.41/34164.36/17098.23) lat (ms,95%): 89.16 err/s: 0.00 reconn/s: 0.00
[ 800s ] thds: 400 tps: 7236.54 qps: 144595.28 (r/w/o: 101234.42/28886.68/14474.19) lat (ms,95%): 110.66 err/s: 0.00 reconn/s: 0.00
[ 810s ] thds: 400 tps: 7896.56 qps: 158017.99 (r/w/o: 110554.63/31670.84/15792.52) lat (ms,95%): 97.55 err/s: 0.10 reconn/s: 0.00
[ 820s ] thds: 400 tps: 7646.10 qps: 152721.80 (r/w/o: 106884.10/30557.10/15280.60) lat (ms,95%): 106.75 err/s: 0.00 reconn/s: 0.00
[ 830s ] thds: 400 tps: 7720.80 qps: 154731.39 (r/w/o: 108392.39/30884.70/15454.30) lat (ms,95%): 110.66 err/s: 0.00 reconn/s: 0.00
[ 840s ] thds: 400 tps: 8007.38 qps: 159854.96 (r/w/o: 111852.76/31989.53/16012.67) lat (ms,95%): 99.33 err/s: 0.00 reconn/s: 0.00
SQL statistics:
    queries performed:
        read:                            101010014
        write:                           28859911
        other:                           14430053
        total:                           144299978
    transactions:                        7214980 (8581.03 per sec.)
    queries:                             144299978 (171621.06 per sec.)
    ignored errors:                      21     (0.02 per sec.)
    reconnects:                          0      (0.00 per sec.)

General statistics:
    total time:                          840.8048s
    total number of events:              7214980

Latency (ms):
         min:                                   19.84
         avg:                                   46.58
         max:                                  804.60
         95th percentile:                       86.00
         sum:                            336096601.80

Threads fairness:
    events (avg/stddev):           18037.4500/468.27
    execution time (avg/stddev):   840.2415/0.20

