sysbench 1.0.20-ebf1c90 (using bundled LuaJIT 2.1.0-beta2)

Running the test with following options:
Number of threads: 400
Report intermediate results every 10 second(s)
Initializing random number generator from current time


Initializing worker threads...

Threads started!

[ 10s ] thds: 400 tps: 5910.67 qps: 118689.41 (r/w/o: 83181.47/23646.59/11861.34) lat (ms,95%): 193.38 err/s: 0.00 reconn/s: 0.00
[ 20s ] thds: 400 tps: 8006.59 qps: 159993.43 (r/w/o: 111918.91/32061.35/16013.17) lat (ms,95%): 155.80 err/s: 0.00 reconn/s: 0.00
[ 30s ] thds: 400 tps: 8497.15 qps: 170102.99 (r/w/o: 119107.20/34001.50/16994.30) lat (ms,95%): 114.72 err/s: 0.00 reconn/s: 0.00
[ 40s ] thds: 400 tps: 8701.50 qps: 173939.52 (r/w/o: 121747.21/34789.90/17402.40) lat (ms,95%): 77.19 err/s: 0.00 reconn/s: 0.00
[ 50s ] thds: 400 tps: 8987.69 qps: 179839.69 (r/w/o: 125944.12/35919.58/17975.99) lat (ms,95%): 69.29 err/s: 0.00 reconn/s: 0.00
[ 60s ] thds: 400 tps: 9340.21 qps: 186755.41 (r/w/o: 130704.88/37370.62/18679.91) lat (ms,95%): 64.47 err/s: 0.00 reconn/s: 0.00
[ 70s ] thds: 400 tps: 9236.19 qps: 184686.64 (r/w/o: 129248.82/36964.65/18473.17) lat (ms,95%): 66.84 err/s: 0.10 reconn/s: 0.00
[ 80s ] thds: 400 tps: 9051.31 qps: 181080.56 (r/w/o: 126767.28/36210.75/18102.53) lat (ms,95%): 73.13 err/s: 0.00 reconn/s: 0.00
[ 90s ] thds: 400 tps: 9256.95 qps: 185210.89 (r/w/o: 129662.49/37034.30/18514.10) lat (ms,95%): 65.65 err/s: 0.00 reconn/s: 0.00
[ 100s ] thds: 400 tps: 9529.44 qps: 190641.76 (r/w/o: 133470.50/38112.37/19058.89) lat (ms,95%): 57.87 err/s: 0.00 reconn/s: 0.00
[ 110s ] thds: 400 tps: 9557.47 qps: 190952.59 (r/w/o: 133601.97/38235.58/19115.04) lat (ms,95%): 57.87 err/s: 0.00 reconn/s: 0.00
[ 120s ] thds: 400 tps: 7073.87 qps: 141741.46 (r/w/o: 99269.25/28324.37/14147.84) lat (ms,95%): 130.13 err/s: 0.00 reconn/s: 0.00
[ 130s ] thds: 400 tps: 5638.19 qps: 112741.51 (r/w/o: 78908.67/22556.66/11276.18) lat (ms,95%): 144.97 err/s: 0.10 reconn/s: 0.00
[ 140s ] thds: 400 tps: 6448.31 qps: 128947.89 (r/w/o: 90288.53/25762.34/12897.02) lat (ms,95%): 125.52 err/s: 0.00 reconn/s: 0.00
[ 150s ] thds: 400 tps: 8945.89 qps: 178743.13 (r/w/o: 125111.08/35739.97/17892.08) lat (ms,95%): 66.84 err/s: 0.10 reconn/s: 0.00
[ 160s ] thds: 400 tps: 9007.49 qps: 180260.86 (r/w/o: 126202.23/36043.65/18014.98) lat (ms,95%): 73.13 err/s: 0.00 reconn/s: 0.00
[ 170s ] thds: 400 tps: 9479.78 qps: 189550.70 (r/w/o: 132633.39/37957.74/18959.57) lat (ms,95%): 61.08 err/s: 0.00 reconn/s: 0.00
[ 180s ] thds: 400 tps: 9438.37 qps: 188955.28 (r/w/o: 132284.47/37793.78/18877.04) lat (ms,95%): 64.47 err/s: 0.10 reconn/s: 0.00
[ 190s ] thds: 400 tps: 9199.88 qps: 183832.54 (r/w/o: 128700.15/36733.43/18398.96) lat (ms,95%): 69.29 err/s: 0.00 reconn/s: 0.00
[ 200s ] thds: 400 tps: 9667.39 qps: 193515.65 (r/w/o: 135436.09/38743.87/19335.68) lat (ms,95%): 58.92 err/s: 0.00 reconn/s: 0.00
[ 210s ] thds: 400 tps: 9837.34 qps: 196256.37 (r/w/o: 137336.24/39245.45/19674.68) lat (ms,95%): 55.82 err/s: 0.00 reconn/s: 0.00
[ 220s ] thds: 400 tps: 9597.67 qps: 192423.61 (r/w/o: 134750.98/38477.08/19195.54) lat (ms,95%): 58.92 err/s: 0.00 reconn/s: 0.00
[ 230s ] thds: 400 tps: 7981.46 qps: 159492.69 (r/w/o: 111658.70/31870.86/15963.13) lat (ms,95%): 99.33 err/s: 0.10 reconn/s: 0.00
[ 240s ] thds: 400 tps: 7982.69 qps: 159583.79 (r/w/o: 111670.02/31948.18/15965.59) lat (ms,95%): 94.10 err/s: 0.10 reconn/s: 0.00
[ 250s ] thds: 400 tps: 6830.81 qps: 136548.24 (r/w/o: 95558.40/27335.73/13654.11) lat (ms,95%): 110.66 err/s: 0.00 reconn/s: 0.00
[ 260s ] thds: 400 tps: 7900.45 qps: 158270.68 (r/w/o: 110826.19/31636.00/15808.50) lat (ms,95%): 89.16 err/s: 0.00 reconn/s: 0.00
[ 270s ] thds: 400 tps: 9096.65 qps: 181778.61 (r/w/o: 127243.94/36349.58/18185.09) lat (ms,95%): 69.29 err/s: 0.10 reconn/s: 0.00
[ 280s ] thds: 400 tps: 9621.69 qps: 192560.49 (r/w/o: 134822.45/38486.16/19251.88) lat (ms,95%): 57.87 err/s: 0.00 reconn/s: 0.00
[ 290s ] thds: 400 tps: 9472.01 qps: 189451.47 (r/w/o: 132607.49/37899.55/18944.43) lat (ms,95%): 64.47 err/s: 0.10 reconn/s: 0.00
[ 300s ] thds: 400 tps: 9508.34 qps: 189974.88 (r/w/o: 132950.31/38015.28/19009.29) lat (ms,95%): 63.32 err/s: 0.00 reconn/s: 0.00
[ 310s ] thds: 400 tps: 9498.17 qps: 189980.99 (r/w/o: 133007.04/37971.00/19002.95) lat (ms,95%): 61.08 err/s: 0.00 reconn/s: 0.00
[ 320s ] thds: 400 tps: 9779.49 qps: 195592.40 (r/w/o: 136936.86/39095.66/19559.88) lat (ms,95%): 56.84 err/s: 0.00 reconn/s: 0.00
[ 330s ] thds: 400 tps: 9675.51 qps: 193586.16 (r/w/o: 135478.18/38756.75/19351.23) lat (ms,95%): 57.87 err/s: 0.10 reconn/s: 0.00
[ 340s ] thds: 400 tps: 8008.88 qps: 160039.91 (r/w/o: 112023.16/32002.40/16014.35) lat (ms,95%): 99.33 err/s: 0.00 reconn/s: 0.00
[ 350s ] thds: 400 tps: 7476.99 qps: 149639.43 (r/w/o: 104750.91/29930.75/14957.77) lat (ms,95%): 97.55 err/s: 0.20 reconn/s: 0.00
[ 360s ] thds: 400 tps: 7371.22 qps: 147485.33 (r/w/o: 103232.93/29510.07/14742.33) lat (ms,95%): 94.10 err/s: 0.00 reconn/s: 0.00
[ 370s ] thds: 400 tps: 7141.19 qps: 142911.78 (r/w/o: 100076.71/28552.38/14282.69) lat (ms,95%): 104.84 err/s: 0.10 reconn/s: 0.00
[ 380s ] thds: 400 tps: 8706.18 qps: 173826.56 (r/w/o: 121651.16/34763.33/17412.07) lat (ms,95%): 81.48 err/s: 0.00 reconn/s: 0.00
[ 390s ] thds: 400 tps: 8590.16 qps: 172027.74 (r/w/o: 120441.47/34405.65/17180.62) lat (ms,95%): 94.10 err/s: 0.00 reconn/s: 0.00
[ 400s ] thds: 400 tps: 8211.00 qps: 164184.10 (r/w/o: 114921.07/32840.82/16422.21) lat (ms,95%): 102.97 err/s: 0.00 reconn/s: 0.00
[ 410s ] thds: 400 tps: 8157.76 qps: 162978.91 (r/w/o: 114038.07/32628.62/16312.21) lat (ms,95%): 95.81 err/s: 0.00 reconn/s: 0.00
[ 420s ] thds: 400 tps: 7763.37 qps: 155514.58 (r/w/o: 108887.23/31097.30/15530.05) lat (ms,95%): 106.75 err/s: 0.00 reconn/s: 0.00
[ 430s ] thds: 400 tps: 9006.31 qps: 180011.23 (r/w/o: 126007.79/35998.33/18005.11) lat (ms,95%): 73.13 err/s: 0.00 reconn/s: 0.00
[ 440s ] thds: 400 tps: 9668.25 qps: 193377.63 (r/w/o: 135350.95/38682.19/19344.49) lat (ms,95%): 56.84 err/s: 0.10 reconn/s: 0.00
[ 450s ] thds: 400 tps: 9417.92 qps: 188534.06 (r/w/o: 131993.45/37704.57/18836.04) lat (ms,95%): 64.47 err/s: 0.10 reconn/s: 0.00
[ 460s ] thds: 400 tps: 8175.16 qps: 163247.54 (r/w/o: 114295.70/32601.53/16350.31) lat (ms,95%): 94.10 err/s: 0.00 reconn/s: 0.00
[ 470s ] thds: 400 tps: 7362.19 qps: 147266.45 (r/w/o: 103084.12/29458.15/14724.17) lat (ms,95%): 95.81 err/s: 0.00 reconn/s: 0.00
[ 480s ] thds: 400 tps: 7591.73 qps: 151833.51 (r/w/o: 106257.13/30392.62/15183.76) lat (ms,95%): 92.42 err/s: 0.00 reconn/s: 0.00
[ 490s ] thds: 400 tps: 7374.39 qps: 147558.52 (r/w/o: 103341.00/29468.64/14748.87) lat (ms,95%): 97.55 err/s: 0.00 reconn/s: 0.00
[ 500s ] thds: 400 tps: 9729.33 qps: 194696.69 (r/w/o: 136236.18/39001.64/19458.87) lat (ms,95%): 56.84 err/s: 0.10 reconn/s: 0.00
[ 510s ] thds: 400 tps: 9380.69 qps: 187539.79 (r/w/o: 131329.35/37449.06/18761.38) lat (ms,95%): 63.32 err/s: 0.00 reconn/s: 0.00
[ 520s ] thds: 400 tps: 9590.94 qps: 191785.74 (r/w/o: 134236.49/38368.57/19180.68) lat (ms,95%): 58.92 err/s: 0.00 reconn/s: 0.00
[ 530s ] thds: 400 tps: 8922.22 qps: 178389.54 (r/w/o: 124854.31/35690.89/17844.34) lat (ms,95%): 82.96 err/s: 0.00 reconn/s: 0.00
[ 540s ] thds: 400 tps: 9430.21 qps: 188502.80 (r/w/o: 131915.91/37730.46/18856.43) lat (ms,95%): 62.19 err/s: 0.00 reconn/s: 0.00
[ 550s ] thds: 400 tps: 9620.24 qps: 192270.41 (r/w/o: 134576.67/38447.66/19246.08) lat (ms,95%): 58.92 err/s: 0.10 reconn/s: 0.00
[ 560s ] thds: 400 tps: 9468.74 qps: 189648.08 (r/w/o: 132796.54/37913.46/18938.08) lat (ms,95%): 61.08 err/s: 0.00 reconn/s: 0.00
[ 570s ] thds: 400 tps: 8167.61 qps: 163321.40 (r/w/o: 114326.24/32660.84/16334.32) lat (ms,95%): 90.78 err/s: 0.00 reconn/s: 0.00
[ 580s ] thds: 400 tps: 7426.03 qps: 148450.16 (r/w/o: 103912.86/29684.13/14853.17) lat (ms,95%): 99.33 err/s: 0.00 reconn/s: 0.00
[ 590s ] thds: 400 tps: 7358.71 qps: 146939.64 (r/w/o: 102795.57/29432.15/14711.92) lat (ms,95%): 97.55 err/s: 0.00 reconn/s: 0.00
[ 600s ] thds: 400 tps: 7787.92 qps: 156078.89 (r/w/o: 109321.18/31177.98/15579.74) lat (ms,95%): 90.78 err/s: 0.10 reconn/s: 0.00
[ 610s ] thds: 400 tps: 8856.84 qps: 177220.50 (r/w/o: 124071.16/35433.86/17715.48) lat (ms,95%): 73.13 err/s: 0.00 reconn/s: 0.00
[ 620s ] thds: 400 tps: 9392.59 qps: 187909.95 (r/w/o: 131484.80/37646.67/18778.49) lat (ms,95%): 62.19 err/s: 0.10 reconn/s: 0.00
[ 630s ] thds: 400 tps: 9685.36 qps: 193567.32 (r/w/o: 135532.46/38656.94/19377.92) lat (ms,95%): 57.87 err/s: 0.00 reconn/s: 0.00
[ 640s ] thds: 400 tps: 8967.54 qps: 179206.98 (r/w/o: 125425.55/35856.06/17925.38) lat (ms,95%): 77.19 err/s: 0.10 reconn/s: 0.00
[ 650s ] thds: 400 tps: 9508.31 qps: 190405.99 (r/w/o: 133290.30/38088.86/19026.83) lat (ms,95%): 58.92 err/s: 0.10 reconn/s: 0.00
[ 660s ] thds: 400 tps: 9528.97 qps: 190227.74 (r/w/o: 133123.14/38048.97/19055.63) lat (ms,95%): 61.08 err/s: 0.10 reconn/s: 0.00
[ 670s ] thds: 400 tps: 9485.23 qps: 189848.72 (r/w/o: 132920.87/37961.10/18966.75) lat (ms,95%): 61.08 err/s: 0.00 reconn/s: 0.00
[ 680s ] thds: 400 tps: 8196.00 qps: 164006.31 (r/w/o: 114825.01/32784.50/16396.80) lat (ms,95%): 89.16 err/s: 0.00 reconn/s: 0.00
[ 690s ] thds: 400 tps: 7768.09 qps: 155208.23 (r/w/o: 108597.51/31072.95/15537.77) lat (ms,95%): 95.81 err/s: 0.10 reconn/s: 0.00
[ 700s ] thds: 400 tps: 7406.44 qps: 148343.35 (r/w/o: 103912.80/29617.87/14812.69) lat (ms,95%): 97.55 err/s: 0.00 reconn/s: 0.00
[ 710s ] thds: 400 tps: 7480.05 qps: 149588.54 (r/w/o: 104703.53/29929.11/14955.90) lat (ms,95%): 92.42 err/s: 0.10 reconn/s: 0.00
[ 720s ] thds: 400 tps: 8805.72 qps: 176237.69 (r/w/o: 123358.57/35262.88/17616.24) lat (ms,95%): 77.19 err/s: 0.00 reconn/s: 0.00
[ 730s ] thds: 400 tps: 9388.46 qps: 187585.38 (r/w/o: 131324.43/37484.04/18776.92) lat (ms,95%): 63.32 err/s: 0.00 reconn/s: 0.00
[ 740s ] thds: 400 tps: 9423.81 qps: 188317.80 (r/w/o: 131770.21/37706.96/18840.63) lat (ms,95%): 62.19 err/s: 0.00 reconn/s: 0.00
[ 750s ] thds: 400 tps: 8960.27 qps: 179574.19 (r/w/o: 125731.67/35915.28/17927.24) lat (ms,95%): 74.46 err/s: 0.00 reconn/s: 0.00
[ 760s ] thds: 400 tps: 9465.06 qps: 189063.35 (r/w/o: 132328.81/37803.83/18930.72) lat (ms,95%): 61.08 err/s: 0.00 reconn/s: 0.00
[ 770s ] thds: 400 tps: 9295.02 qps: 185941.63 (r/w/o: 130154.73/37196.57/18590.33) lat (ms,95%): 66.84 err/s: 0.10 reconn/s: 0.00
[ 780s ] thds: 400 tps: 8807.20 qps: 176366.27 (r/w/o: 123457.05/35294.91/17614.31) lat (ms,95%): 80.03 err/s: 0.00 reconn/s: 0.00
[ 790s ] thds: 400 tps: 8583.08 qps: 171455.34 (r/w/o: 120043.84/34245.23/17166.26) lat (ms,95%): 89.16 err/s: 0.00 reconn/s: 0.00
[ 800s ] thds: 400 tps: 7236.77 qps: 144611.50 (r/w/o: 101214.51/28928.06/14468.93) lat (ms,95%): 108.68 err/s: 0.00 reconn/s: 0.00
[ 810s ] thds: 400 tps: 7927.90 qps: 158686.74 (r/w/o: 111062.93/31766.51/15857.30) lat (ms,95%): 95.81 err/s: 0.00 reconn/s: 0.00
[ 820s ] thds: 400 tps: 7593.96 qps: 152109.67 (r/w/o: 106487.12/30431.23/15191.32) lat (ms,95%): 106.75 err/s: 0.00 reconn/s: 0.00
[ 830s ] thds: 400 tps: 7766.31 qps: 155222.37 (r/w/o: 108702.29/30987.45/15532.63) lat (ms,95%): 110.66 err/s: 0.00 reconn/s: 0.00
[ 840s ] thds: 400 tps: 8085.06 qps: 161541.99 (r/w/o: 113026.63/32351.64/16163.72) lat (ms,95%): 95.81 err/s: 0.00 reconn/s: 0.00
SQL statistics:
    queries performed:
        read:                            101124646
        write:                           28892665
        other:                           14446421
        total:                           144463732
    transactions:                        7223165 (8590.85 per sec.)
    queries:                             144463732 (171817.44 per sec.)
    ignored errors:                      24     (0.03 per sec.)
    reconnects:                          0      (0.00 per sec.)

General statistics:
    total time:                          840.7968s
    total number of events:              7223165

Latency (ms):
         min:                                   19.95
         avg:                                   46.53
         max:                                  797.66
         95th percentile:                       86.00
         sum:                            336066004.96

Threads fairness:
    events (avg/stddev):           18057.9125/445.00
    execution time (avg/stddev):   840.1650/0.21

