sysbench 1.0.20-ebf1c90 (using bundled LuaJIT 2.1.0-beta2)

Running the test with following options:
Number of threads: 400
Report intermediate results every 10 second(s)
Initializing random number generator from current time


Initializing worker threads...

Threads started!

[ 10s ] thds: 400 tps: 5921.37 qps: 118886.12 (r/w/o: 83315.31/23688.08/11882.73) lat (ms,95%): 193.38 err/s: 0.00 reconn/s: 0.00
[ 20s ] thds: 400 tps: 7990.71 qps: 159896.39 (r/w/o: 111932.00/31983.36/15981.03) lat (ms,95%): 155.80 err/s: 0.00 reconn/s: 0.00
[ 30s ] thds: 400 tps: 8476.39 qps: 169566.72 (r/w/o: 118647.80/33965.65/16953.27) lat (ms,95%): 118.92 err/s: 0.00 reconn/s: 0.00
[ 40s ] thds: 400 tps: 8717.40 qps: 174234.67 (r/w/o: 121992.98/34807.19/17434.50) lat (ms,95%): 75.82 err/s: 0.00 reconn/s: 0.00
[ 50s ] thds: 400 tps: 8947.20 qps: 179144.49 (r/w/o: 125377.16/35872.52/17894.81) lat (ms,95%): 70.55 err/s: 0.00 reconn/s: 0.00
[ 60s ] thds: 400 tps: 9290.24 qps: 185814.00 (r/w/o: 130076.89/37156.34/18580.77) lat (ms,95%): 65.65 err/s: 0.10 reconn/s: 0.00
[ 70s ] thds: 400 tps: 9227.15 qps: 184334.63 (r/w/o: 129055.52/36824.81/18454.30) lat (ms,95%): 66.84 err/s: 0.00 reconn/s: 0.00
[ 80s ] thds: 400 tps: 9030.94 qps: 180727.03 (r/w/o: 126503.61/36161.45/18061.97) lat (ms,95%): 73.13 err/s: 0.00 reconn/s: 0.00
[ 90s ] thds: 400 tps: 9213.81 qps: 184178.09 (r/w/o: 128906.33/36851.84/18419.92) lat (ms,95%): 66.84 err/s: 0.00 reconn/s: 0.00
[ 100s ] thds: 400 tps: 9507.57 qps: 190168.07 (r/w/o: 133096.13/38049.09/19022.85) lat (ms,95%): 57.87 err/s: 0.00 reconn/s: 0.00
[ 110s ] thds: 400 tps: 9553.49 qps: 191193.82 (r/w/o: 133870.78/38215.76/19107.28) lat (ms,95%): 57.87 err/s: 0.10 reconn/s: 0.00
[ 120s ] thds: 400 tps: 7056.68 qps: 140920.05 (r/w/o: 98649.96/28156.73/14113.37) lat (ms,95%): 130.13 err/s: 0.00 reconn/s: 0.00
[ 130s ] thds: 400 tps: 5571.65 qps: 111521.17 (r/w/o: 78069.55/22308.71/11142.91) lat (ms,95%): 147.61 err/s: 0.00 reconn/s: 0.00
[ 140s ] thds: 400 tps: 6390.07 qps: 127653.65 (r/w/o: 89307.85/25565.17/12780.63) lat (ms,95%): 125.52 err/s: 0.00 reconn/s: 0.00
[ 150s ] thds: 400 tps: 8882.58 qps: 177966.77 (r/w/o: 124605.90/35596.71/17764.16) lat (ms,95%): 66.84 err/s: 0.10 reconn/s: 0.00
[ 160s ] thds: 400 tps: 9054.68 qps: 180681.30 (r/w/o: 126419.39/36152.84/18109.07) lat (ms,95%): 73.13 err/s: 0.00 reconn/s: 0.00
[ 170s ] thds: 400 tps: 9387.80 qps: 187914.18 (r/w/o: 131574.56/37563.42/18776.21) lat (ms,95%): 62.19 err/s: 0.00 reconn/s: 0.00
[ 180s ] thds: 400 tps: 9409.97 qps: 188096.90 (r/w/o: 131669.95/37611.10/18815.85) lat (ms,95%): 64.47 err/s: 0.00 reconn/s: 0.00
[ 190s ] thds: 400 tps: 9153.04 qps: 183362.29 (r/w/o: 128365.15/36685.86/18311.28) lat (ms,95%): 69.29 err/s: 0.00 reconn/s: 0.00
[ 200s ] thds: 400 tps: 9693.22 qps: 193594.75 (r/w/o: 135515.05/38693.17/19386.54) lat (ms,95%): 58.92 err/s: 0.00 reconn/s: 0.00
[ 210s ] thds: 400 tps: 9786.74 qps: 196013.96 (r/w/o: 137240.20/39200.27/19573.49) lat (ms,95%): 55.82 err/s: 0.00 reconn/s: 0.00
[ 220s ] thds: 400 tps: 9592.66 qps: 191580.56 (r/w/o: 134063.51/38337.53/19179.52) lat (ms,95%): 58.92 err/s: 0.00 reconn/s: 0.00
[ 230s ] thds: 400 tps: 7915.59 qps: 158461.69 (r/w/o: 110934.93/31698.18/15828.59) lat (ms,95%): 99.33 err/s: 0.00 reconn/s: 0.00
[ 240s ] thds: 400 tps: 7951.91 qps: 159040.28 (r/w/o: 111367.40/31762.66/15910.23) lat (ms,95%): 94.10 err/s: 0.00 reconn/s: 0.00
[ 250s ] thds: 400 tps: 6807.38 qps: 136204.50 (r/w/o: 95314.72/27273.32/13616.46) lat (ms,95%): 110.66 err/s: 0.00 reconn/s: 0.00
[ 260s ] thds: 400 tps: 7907.03 qps: 158038.40 (r/w/o: 110638.72/31585.02/15814.66) lat (ms,95%): 89.16 err/s: 0.10 reconn/s: 0.00
[ 270s ] thds: 400 tps: 9090.98 qps: 181770.21 (r/w/o: 127231.26/36357.50/18181.45) lat (ms,95%): 69.29 err/s: 0.10 reconn/s: 0.00
[ 280s ] thds: 400 tps: 9580.73 qps: 191715.65 (r/w/o: 134184.46/38368.63/19162.57) lat (ms,95%): 57.87 err/s: 0.00 reconn/s: 0.00
[ 290s ] thds: 400 tps: 9422.95 qps: 188320.57 (r/w/o: 131839.45/37635.21/18845.91) lat (ms,95%): 64.47 err/s: 0.00 reconn/s: 0.00
[ 300s ] thds: 400 tps: 9464.30 qps: 189392.03 (r/w/o: 132566.62/37897.01/18928.40) lat (ms,95%): 63.32 err/s: 0.10 reconn/s: 0.00
[ 310s ] thds: 400 tps: 9526.36 qps: 190362.31 (r/w/o: 133226.35/38085.54/19050.42) lat (ms,95%): 61.08 err/s: 0.10 reconn/s: 0.00
[ 320s ] thds: 400 tps: 9693.97 qps: 193994.26 (r/w/o: 135811.15/38798.97/19384.14) lat (ms,95%): 56.84 err/s: 0.10 reconn/s: 0.00
[ 330s ] thds: 400 tps: 9672.00 qps: 193477.12 (r/w/o: 135480.51/38645.71/19350.90) lat (ms,95%): 57.87 err/s: 0.00 reconn/s: 0.00
[ 340s ] thds: 400 tps: 7996.23 qps: 159908.93 (r/w/o: 111885.44/32036.23/15987.26) lat (ms,95%): 99.33 err/s: 0.00 reconn/s: 0.00
[ 350s ] thds: 400 tps: 7427.15 qps: 148725.93 (r/w/o: 104133.05/29733.29/14859.59) lat (ms,95%): 97.55 err/s: 0.00 reconn/s: 0.00
[ 360s ] thds: 400 tps: 7328.31 qps: 146366.48 (r/w/o: 102472.62/29239.74/14654.12) lat (ms,95%): 95.81 err/s: 0.00 reconn/s: 0.00
[ 370s ] thds: 400 tps: 7112.96 qps: 142179.66 (r/w/o: 99492.88/28464.45/14222.33) lat (ms,95%): 104.84 err/s: 0.00 reconn/s: 0.00
[ 380s ] thds: 400 tps: 8595.55 qps: 172201.70 (r/w/o: 120579.40/34425.10/17197.20) lat (ms,95%): 81.48 err/s: 0.00 reconn/s: 0.00
[ 390s ] thds: 400 tps: 8571.22 qps: 171370.73 (r/w/o: 119927.23/34301.06/17142.43) lat (ms,95%): 94.10 err/s: 0.00 reconn/s: 0.00
[ 400s ] thds: 400 tps: 8183.36 qps: 163747.15 (r/w/o: 114629.50/32750.93/16366.72) lat (ms,95%): 102.97 err/s: 0.00 reconn/s: 0.00
[ 410s ] thds: 400 tps: 8194.11 qps: 163870.33 (r/w/o: 114711.99/32770.12/16388.21) lat (ms,95%): 95.81 err/s: 0.00 reconn/s: 0.00
[ 420s ] thds: 400 tps: 7760.31 qps: 155061.97 (r/w/o: 108549.59/30991.75/15520.63) lat (ms,95%): 106.75 err/s: 0.00 reconn/s: 0.00
[ 430s ] thds: 400 tps: 8973.12 qps: 179494.27 (r/w/o: 125643.16/35904.67/17946.44) lat (ms,95%): 73.13 err/s: 0.00 reconn/s: 0.00
[ 440s ] thds: 400 tps: 9650.76 qps: 192994.08 (r/w/o: 135102.22/38590.14/19301.72) lat (ms,95%): 56.84 err/s: 0.10 reconn/s: 0.00
[ 450s ] thds: 400 tps: 9358.02 qps: 187102.90 (r/w/o: 130975.58/37411.28/18716.04) lat (ms,95%): 65.65 err/s: 0.00 reconn/s: 0.00
[ 460s ] thds: 400 tps: 8124.93 qps: 162703.45 (r/w/o: 113895.58/32557.81/16250.06) lat (ms,95%): 94.10 err/s: 0.00 reconn/s: 0.00
[ 470s ] thds: 400 tps: 7325.23 qps: 146454.55 (r/w/o: 102513.06/29291.03/14650.47) lat (ms,95%): 95.81 err/s: 0.00 reconn/s: 0.00
[ 480s ] thds: 400 tps: 7533.11 qps: 150521.08 (r/w/o: 105356.63/30100.34/15064.12) lat (ms,95%): 94.10 err/s: 0.00 reconn/s: 0.00
[ 490s ] thds: 400 tps: 7340.42 qps: 146944.44 (r/w/o: 102834.01/29433.58/14676.85) lat (ms,95%): 97.55 err/s: 0.00 reconn/s: 0.00
[ 500s ] thds: 400 tps: 9757.71 qps: 194948.65 (r/w/o: 136484.67/38947.85/19516.12) lat (ms,95%): 56.84 err/s: 0.00 reconn/s: 0.00
[ 510s ] thds: 400 tps: 9434.62 qps: 188503.55 (r/w/o: 131899.50/37729.69/18874.35) lat (ms,95%): 62.19 err/s: 0.20 reconn/s: 0.00
[ 520s ] thds: 400 tps: 9553.43 qps: 191163.47 (r/w/o: 133831.97/38226.23/19105.27) lat (ms,95%): 58.92 err/s: 0.00 reconn/s: 0.00
[ 530s ] thds: 400 tps: 8880.91 qps: 177870.90 (r/w/o: 124539.34/35567.04/17764.52) lat (ms,95%): 84.47 err/s: 0.00 reconn/s: 0.00
[ 540s ] thds: 400 tps: 9413.46 qps: 188210.80 (r/w/o: 131752.14/37631.64/18827.02) lat (ms,95%): 62.19 err/s: 0.00 reconn/s: 0.00
[ 550s ] thds: 400 tps: 9551.15 qps: 191156.19 (r/w/o: 133819.79/38234.10/19102.30) lat (ms,95%): 58.92 err/s: 0.00 reconn/s: 0.00
[ 560s ] thds: 400 tps: 9445.42 qps: 188773.15 (r/w/o: 132142.92/37743.49/18886.75) lat (ms,95%): 61.08 err/s: 0.00 reconn/s: 0.00
[ 570s ] thds: 400 tps: 8194.29 qps: 163763.88 (r/w/o: 114614.95/32761.06/16387.88) lat (ms,95%): 92.42 err/s: 0.00 reconn/s: 0.00
[ 580s ] thds: 400 tps: 7360.13 qps: 147348.78 (r/w/o: 103155.58/29470.64/14722.57) lat (ms,95%): 99.33 err/s: 0.00 reconn/s: 0.00
[ 590s ] thds: 400 tps: 7318.76 qps: 146552.81 (r/w/o: 102581.47/29331.22/14640.11) lat (ms,95%): 97.55 err/s: 0.00 reconn/s: 0.00
[ 600s ] thds: 400 tps: 7793.47 qps: 155580.09 (r/w/o: 108902.87/31091.18/15586.04) lat (ms,95%): 90.78 err/s: 0.00 reconn/s: 0.00
[ 610s ] thds: 400 tps: 8832.43 qps: 176568.15 (r/w/o: 123566.59/35335.71/17665.86) lat (ms,95%): 73.13 err/s: 0.00 reconn/s: 0.00
[ 620s ] thds: 400 tps: 9359.86 qps: 187352.88 (r/w/o: 131193.83/37439.34/18719.72) lat (ms,95%): 62.19 err/s: 0.00 reconn/s: 0.00
[ 630s ] thds: 400 tps: 9612.40 qps: 192355.69 (r/w/o: 134634.16/38496.52/19225.01) lat (ms,95%): 57.87 err/s: 0.00 reconn/s: 0.00
[ 640s ] thds: 400 tps: 8976.62 qps: 179453.73 (r/w/o: 125669.43/35831.07/17953.23) lat (ms,95%): 77.19 err/s: 0.00 reconn/s: 0.00
[ 650s ] thds: 400 tps: 9531.18 qps: 190669.40 (r/w/o: 133461.55/38145.20/19062.65) lat (ms,95%): 58.92 err/s: 0.10 reconn/s: 0.00
[ 660s ] thds: 400 tps: 9535.25 qps: 190612.58 (r/w/o: 133412.16/38131.12/19069.31) lat (ms,95%): 59.99 err/s: 0.00 reconn/s: 0.00
[ 670s ] thds: 400 tps: 9439.18 qps: 188962.13 (r/w/o: 132274.44/37807.93/18879.76) lat (ms,95%): 61.08 err/s: 0.00 reconn/s: 0.00
[ 680s ] thds: 400 tps: 8176.72 qps: 163225.16 (r/w/o: 114202.02/32674.09/16349.04) lat (ms,95%): 90.78 err/s: 0.10 reconn/s: 0.00
[ 690s ] thds: 400 tps: 7712.96 qps: 154571.95 (r/w/o: 108249.37/30891.95/15430.62) lat (ms,95%): 97.55 err/s: 0.00 reconn/s: 0.00
[ 700s ] thds: 400 tps: 7391.60 qps: 147490.54 (r/w/o: 103196.96/29515.19/14778.40) lat (ms,95%): 99.33 err/s: 0.00 reconn/s: 0.00
[ 710s ] thds: 400 tps: 7465.21 qps: 149282.34 (r/w/o: 104490.70/29856.23/14935.41) lat (ms,95%): 94.10 err/s: 0.00 reconn/s: 0.00
[ 720s ] thds: 400 tps: 8784.81 qps: 175767.05 (r/w/o: 123058.57/35138.75/17569.72) lat (ms,95%): 77.19 err/s: 0.00 reconn/s: 0.00
[ 730s ] thds: 400 tps: 9348.39 qps: 187332.02 (r/w/o: 131139.71/37495.54/18696.77) lat (ms,95%): 63.32 err/s: 0.00 reconn/s: 0.00
[ 740s ] thds: 400 tps: 9469.71 qps: 189261.26 (r/w/o: 132522.81/37799.84/18938.61) lat (ms,95%): 62.19 err/s: 0.10 reconn/s: 0.00
[ 750s ] thds: 400 tps: 8934.63 qps: 178463.07 (r/w/o: 124878.13/35714.80/17870.15) lat (ms,95%): 75.82 err/s: 0.00 reconn/s: 0.00
[ 760s ] thds: 400 tps: 9408.44 qps: 188401.10 (r/w/o: 131908.46/37675.46/18817.18) lat (ms,95%): 61.08 err/s: 0.00 reconn/s: 0.00
[ 770s ] thds: 400 tps: 9278.68 qps: 185567.36 (r/w/o: 129886.66/37123.33/18557.37) lat (ms,95%): 66.84 err/s: 0.00 reconn/s: 0.00
[ 780s ] thds: 400 tps: 8777.04 qps: 175477.45 (r/w/o: 122850.42/35072.85/17554.17) lat (ms,95%): 81.48 err/s: 0.00 reconn/s: 0.00
[ 790s ] thds: 400 tps: 8521.94 qps: 170515.56 (r/w/o: 119355.93/34115.75/17043.88) lat (ms,95%): 90.78 err/s: 0.00 reconn/s: 0.00
[ 800s ] thds: 400 tps: 7205.67 qps: 144220.50 (r/w/o: 100946.58/28862.38/14411.54) lat (ms,95%): 110.66 err/s: 0.10 reconn/s: 0.00
[ 810s ] thds: 400 tps: 7949.07 qps: 158801.69 (r/w/o: 111136.65/31767.70/15897.35) lat (ms,95%): 94.10 err/s: 0.10 reconn/s: 0.00
[ 820s ] thds: 400 tps: 7581.91 qps: 151695.02 (r/w/o: 106244.96/30285.24/15164.82) lat (ms,95%): 106.75 err/s: 0.00 reconn/s: 0.00
[ 830s ] thds: 400 tps: 7740.00 qps: 154848.49 (r/w/o: 108339.00/31029.00/15480.50) lat (ms,95%): 110.66 err/s: 0.10 reconn/s: 0.00
[ 840s ] thds: 400 tps: 8050.21 qps: 161009.38 (r/w/o: 112754.10/32154.65/16100.63) lat (ms,95%): 97.55 err/s: 0.10 reconn/s: 0.00
SQL statistics:
    queries performed:
        read:                            100827132
        write:                           28807675
        other:                           14403917
        total:                           144038724
    transactions:                        7201920 (8566.33 per sec.)
    queries:                             144038724 (171326.99 per sec.)
    ignored errors:                      18     (0.02 per sec.)
    reconnects:                          0      (0.00 per sec.)

General statistics:
    total time:                          840.7231s
    total number of events:              7201920

Latency (ms):
         min:                                   19.75
         avg:                                   46.66
         max:                                  745.52
         95th percentile:                       86.00
         sum:                            336017427.95

Threads fairness:
    events (avg/stddev):           18004.8000/383.63
    execution time (avg/stddev):   840.0436/0.14

