sysbench 1.0.20-ebf1c90 (using bundled LuaJIT 2.1.0-beta2)

Running the test with following options:
Number of threads: 400
Report intermediate results every 10 second(s)
Initializing random number generator from current time


Initializing worker threads...

Threads started!

[ 10s ] thds: 400 tps: 5921.78 qps: 118905.55 (r/w/o: 83332.70/23689.30/11883.55) lat (ms,95%): 193.38 err/s: 0.00 reconn/s: 0.00
[ 20s ] thds: 400 tps: 8007.52 qps: 160144.06 (r/w/o: 112042.95/32094.27/16006.84) lat (ms,95%): 155.80 err/s: 0.00 reconn/s: 0.00
[ 30s ] thds: 400 tps: 8462.01 qps: 169226.25 (r/w/o: 118470.48/33823.25/16932.53) lat (ms,95%): 118.92 err/s: 0.10 reconn/s: 0.00
[ 40s ] thds: 400 tps: 8708.48 qps: 174149.24 (r/w/o: 121908.35/34827.43/17413.46) lat (ms,95%): 77.19 err/s: 0.00 reconn/s: 0.00
[ 50s ] thds: 400 tps: 8992.90 qps: 179875.92 (r/w/o: 125947.04/35939.48/17989.39) lat (ms,95%): 69.29 err/s: 0.00 reconn/s: 0.00
[ 60s ] thds: 400 tps: 9276.87 qps: 185523.83 (r/w/o: 129843.50/37126.89/18553.44) lat (ms,95%): 65.65 err/s: 0.00 reconn/s: 0.00
[ 70s ] thds: 400 tps: 9223.32 qps: 184357.39 (r/w/o: 129013.35/36896.90/18447.15) lat (ms,95%): 66.84 err/s: 0.10 reconn/s: 0.00
[ 80s ] thds: 400 tps: 9011.82 qps: 180321.32 (r/w/o: 126243.09/36057.78/18020.44) lat (ms,95%): 73.13 err/s: 0.10 reconn/s: 0.00
[ 90s ] thds: 400 tps: 9197.59 qps: 184002.83 (r/w/o: 128818.78/36784.97/18399.08) lat (ms,95%): 66.84 err/s: 0.20 reconn/s: 0.00
[ 100s ] thds: 400 tps: 9562.41 qps: 191319.20 (r/w/o: 133957.11/38237.86/19124.23) lat (ms,95%): 56.84 err/s: 0.00 reconn/s: 0.00
[ 110s ] thds: 400 tps: 9620.71 qps: 192285.62 (r/w/o: 134530.58/38513.02/19242.01) lat (ms,95%): 57.87 err/s: 0.00 reconn/s: 0.00
[ 120s ] thds: 400 tps: 7059.10 qps: 141421.77 (r/w/o: 99060.95/28242.41/14118.41) lat (ms,95%): 130.13 err/s: 0.10 reconn/s: 0.00
[ 130s ] thds: 400 tps: 5605.27 qps: 112065.99 (r/w/o: 78429.34/22426.20/11210.45) lat (ms,95%): 147.61 err/s: 0.00 reconn/s: 0.00
[ 140s ] thds: 400 tps: 6446.90 qps: 128905.69 (r/w/o: 90255.96/25755.82/12893.91) lat (ms,95%): 125.52 err/s: 0.00 reconn/s: 0.00
[ 150s ] thds: 400 tps: 8976.52 qps: 179349.38 (r/w/o: 125515.77/35885.28/17948.34) lat (ms,95%): 66.84 err/s: 0.00 reconn/s: 0.00
[ 160s ] thds: 400 tps: 9006.90 qps: 180277.98 (r/w/o: 126231.16/36028.02/18018.81) lat (ms,95%): 73.13 err/s: 0.10 reconn/s: 0.00
[ 170s ] thds: 400 tps: 9427.78 qps: 188628.16 (r/w/o: 132006.19/37766.61/18855.36) lat (ms,95%): 61.08 err/s: 0.00 reconn/s: 0.00
[ 180s ] thds: 400 tps: 9435.10 qps: 188742.03 (r/w/o: 132136.22/37735.11/18870.70) lat (ms,95%): 64.47 err/s: 0.10 reconn/s: 0.00
[ 190s ] thds: 400 tps: 9162.28 qps: 183111.59 (r/w/o: 128167.69/36619.34/18324.57) lat (ms,95%): 69.29 err/s: 0.00 reconn/s: 0.00
[ 200s ] thds: 400 tps: 9644.81 qps: 193048.07 (r/w/o: 135133.49/38624.95/19289.63) lat (ms,95%): 58.92 err/s: 0.00 reconn/s: 0.00
[ 210s ] thds: 400 tps: 9784.88 qps: 195212.75 (r/w/o: 136574.06/39076.83/19561.86) lat (ms,95%): 55.82 err/s: 0.00 reconn/s: 0.00
[ 220s ] thds: 400 tps: 9568.31 qps: 191837.34 (r/w/o: 134364.60/38328.13/19144.61) lat (ms,95%): 58.92 err/s: 0.00 reconn/s: 0.00
[ 230s ] thds: 400 tps: 7915.72 qps: 158152.70 (r/w/o: 110696.91/31624.26/15831.53) lat (ms,95%): 101.13 err/s: 0.00 reconn/s: 0.00
[ 240s ] thds: 400 tps: 7947.09 qps: 158879.78 (r/w/o: 111177.92/31807.48/15894.39) lat (ms,95%): 94.10 err/s: 0.10 reconn/s: 0.00
[ 250s ] thds: 400 tps: 6807.70 qps: 136433.06 (r/w/o: 95509.84/27307.51/13615.71) lat (ms,95%): 110.66 err/s: 0.00 reconn/s: 0.00
[ 260s ] thds: 400 tps: 7902.77 qps: 158003.86 (r/w/o: 110625.35/31572.87/15805.64) lat (ms,95%): 89.16 err/s: 0.00 reconn/s: 0.00
[ 270s ] thds: 400 tps: 9084.65 qps: 181718.08 (r/w/o: 127207.59/36341.20/18169.30) lat (ms,95%): 69.29 err/s: 0.00 reconn/s: 0.00
[ 280s ] thds: 400 tps: 9621.22 qps: 192330.33 (r/w/o: 134649.60/38438.29/19242.44) lat (ms,95%): 57.87 err/s: 0.00 reconn/s: 0.00
[ 290s ] thds: 400 tps: 9449.82 qps: 189032.01 (r/w/o: 132330.02/37802.26/18899.73) lat (ms,95%): 64.47 err/s: 0.00 reconn/s: 0.00
[ 300s ] thds: 400 tps: 9499.90 qps: 189933.15 (r/w/o: 132911.44/38021.91/18999.81) lat (ms,95%): 63.32 err/s: 0.00 reconn/s: 0.00
[ 310s ] thds: 400 tps: 9517.29 qps: 190376.07 (r/w/o: 133298.04/38044.95/19033.08) lat (ms,95%): 61.08 err/s: 0.00 reconn/s: 0.00
[ 320s ] thds: 400 tps: 9751.88 qps: 194884.72 (r/w/o: 136412.23/38967.32/19505.16) lat (ms,95%): 56.84 err/s: 0.00 reconn/s: 0.00
[ 330s ] thds: 400 tps: 9672.22 qps: 193638.81 (r/w/o: 135541.29/38754.58/19342.94) lat (ms,95%): 57.87 err/s: 0.20 reconn/s: 0.00
[ 340s ] thds: 400 tps: 7990.59 qps: 159590.73 (r/w/o: 111687.11/31924.35/15979.27) lat (ms,95%): 99.33 err/s: 0.00 reconn/s: 0.00
[ 350s ] thds: 400 tps: 7422.19 qps: 148480.74 (r/w/o: 103939.91/29692.55/14848.27) lat (ms,95%): 97.55 err/s: 0.00 reconn/s: 0.00
[ 360s ] thds: 400 tps: 7355.68 qps: 147321.69 (r/w/o: 103149.21/29462.12/14710.36) lat (ms,95%): 95.81 err/s: 0.00 reconn/s: 0.00
[ 370s ] thds: 400 tps: 7133.28 qps: 142638.49 (r/w/o: 99862.18/28508.64/14267.67) lat (ms,95%): 104.84 err/s: 0.00 reconn/s: 0.00
[ 380s ] thds: 400 tps: 8660.04 qps: 173100.84 (r/w/o: 121141.49/34639.27/17320.08) lat (ms,95%): 81.48 err/s: 0.00 reconn/s: 0.00
[ 390s ] thds: 400 tps: 8596.81 qps: 171943.11 (r/w/o: 120378.98/34370.52/17193.61) lat (ms,95%): 94.10 err/s: 0.00 reconn/s: 0.00
[ 400s ] thds: 400 tps: 8239.05 qps: 164764.08 (r/w/o: 115320.15/32965.52/16478.41) lat (ms,95%): 102.97 err/s: 0.10 reconn/s: 0.00
[ 410s ] thds: 400 tps: 8175.76 qps: 163392.52 (r/w/o: 114329.28/32715.72/16347.51) lat (ms,95%): 95.81 err/s: 0.10 reconn/s: 0.00
[ 420s ] thds: 400 tps: 7803.10 qps: 156226.62 (r/w/o: 109391.21/31225.00/15610.40) lat (ms,95%): 106.75 err/s: 0.00 reconn/s: 0.00
[ 430s ] thds: 400 tps: 8975.69 qps: 179575.60 (r/w/o: 125708.73/35915.28/17951.59) lat (ms,95%): 73.13 err/s: 0.10 reconn/s: 0.00
[ 440s ] thds: 400 tps: 9692.70 qps: 193728.69 (r/w/o: 135585.36/38757.62/19385.71) lat (ms,95%): 56.84 err/s: 0.10 reconn/s: 0.00
[ 450s ] thds: 400 tps: 9371.41 qps: 187609.53 (r/w/o: 131350.56/37515.95/18743.02) lat (ms,95%): 64.47 err/s: 0.10 reconn/s: 0.00
[ 460s ] thds: 400 tps: 8150.24 qps: 162722.26 (r/w/o: 113911.40/32510.67/16300.19) lat (ms,95%): 94.10 err/s: 0.00 reconn/s: 0.00
[ 470s ] thds: 400 tps: 7302.73 qps: 146087.39 (r/w/o: 102265.68/29216.44/14605.27) lat (ms,95%): 97.55 err/s: 0.00 reconn/s: 0.00
[ 480s ] thds: 400 tps: 7557.66 qps: 151168.73 (r/w/o: 105797.39/30262.73/15108.61) lat (ms,95%): 94.10 err/s: 0.00 reconn/s: 0.00
[ 490s ] thds: 400 tps: 7361.17 qps: 147282.02 (r/w/o: 103142.42/29409.96/14729.63) lat (ms,95%): 97.55 err/s: 0.00 reconn/s: 0.00
[ 500s ] thds: 400 tps: 9749.72 qps: 195075.48 (r/w/o: 136512.37/39063.08/19500.04) lat (ms,95%): 56.84 err/s: 0.10 reconn/s: 0.00
[ 510s ] thds: 400 tps: 9390.40 qps: 187774.57 (r/w/o: 131493.55/37500.01/18781.01) lat (ms,95%): 63.32 err/s: 0.00 reconn/s: 0.00
[ 520s ] thds: 400 tps: 9636.09 qps: 192740.67 (r/w/o: 134912.61/38557.27/19270.79) lat (ms,95%): 57.87 err/s: 0.10 reconn/s: 0.00
[ 530s ] thds: 400 tps: 8924.58 qps: 178398.11 (r/w/o: 124847.66/35700.90/17849.55) lat (ms,95%): 84.47 err/s: 0.00 reconn/s: 0.00
[ 540s ] thds: 400 tps: 9450.12 qps: 189170.81 (r/w/o: 132407.29/37862.08/18901.44) lat (ms,95%): 62.19 err/s: 0.00 reconn/s: 0.00
[ 550s ] thds: 400 tps: 9578.49 qps: 191310.14 (r/w/o: 133878.62/38274.35/19157.17) lat (ms,95%): 58.92 err/s: 0.00 reconn/s: 0.00
[ 560s ] thds: 400 tps: 9458.71 qps: 189257.39 (r/w/o: 132511.83/37828.14/18917.42) lat (ms,95%): 61.08 err/s: 0.00 reconn/s: 0.00
[ 570s ] thds: 400 tps: 8133.17 qps: 162645.05 (r/w/o: 113865.51/32513.89/16265.64) lat (ms,95%): 92.42 err/s: 0.10 reconn/s: 0.00
[ 580s ] thds: 400 tps: 7413.39 qps: 148150.32 (r/w/o: 103687.10/29637.54/14825.67) lat (ms,95%): 99.33 err/s: 0.00 reconn/s: 0.00
[ 590s ] thds: 400 tps: 7321.53 qps: 146393.46 (r/w/o: 102431.16/29322.23/14640.07) lat (ms,95%): 97.55 err/s: 0.10 reconn/s: 0.00
[ 600s ] thds: 400 tps: 7796.54 qps: 156126.92 (r/w/o: 109355.10/31175.44/15596.37) lat (ms,95%): 90.78 err/s: 0.00 reconn/s: 0.00
[ 610s ] thds: 400 tps: 8800.27 qps: 176092.81 (r/w/o: 123296.41/35194.36/17602.03) lat (ms,95%): 73.13 err/s: 0.10 reconn/s: 0.00
[ 620s ] thds: 400 tps: 9364.02 qps: 187468.75 (r/w/o: 131181.24/37558.37/18729.13) lat (ms,95%): 62.19 err/s: 0.00 reconn/s: 0.00
[ 630s ] thds: 400 tps: 9691.14 qps: 193513.51 (r/w/o: 135467.70/38664.04/19381.77) lat (ms,95%): 57.87 err/s: 0.00 reconn/s: 0.00
[ 640s ] thds: 400 tps: 8983.84 qps: 179765.55 (r/w/o: 125832.82/35964.45/17968.27) lat (ms,95%): 78.60 err/s: 0.00 reconn/s: 0.00
[ 650s ] thds: 400 tps: 9531.57 qps: 190630.59 (r/w/o: 133431.04/38136.30/19063.25) lat (ms,95%): 58.92 err/s: 0.00 reconn/s: 0.00
[ 660s ] thds: 400 tps: 9556.32 qps: 191175.61 (r/w/o: 133819.88/38249.88/19105.84) lat (ms,95%): 59.99 err/s: 0.00 reconn/s: 0.00
[ 670s ] thds: 400 tps: 9456.63 qps: 189153.55 (r/w/o: 132417.49/37815.21/18920.86) lat (ms,95%): 61.08 err/s: 0.30 reconn/s: 0.00
[ 680s ] thds: 400 tps: 8194.21 qps: 163782.98 (r/w/o: 114662.09/32732.76/16388.13) lat (ms,95%): 90.78 err/s: 0.00 reconn/s: 0.00
[ 690s ] thds: 400 tps: 7742.81 qps: 154688.51 (r/w/o: 108233.88/30968.72/15485.91) lat (ms,95%): 95.81 err/s: 0.00 reconn/s: 0.00
[ 700s ] thds: 400 tps: 7368.64 qps: 147519.57 (r/w/o: 103331.44/29450.75/14737.38) lat (ms,95%): 99.33 err/s: 0.00 reconn/s: 0.00
[ 710s ] thds: 400 tps: 7466.90 qps: 149437.58 (r/w/o: 104612.29/29891.50/14933.80) lat (ms,95%): 94.10 err/s: 0.00 reconn/s: 0.00
[ 720s ] thds: 400 tps: 8762.42 qps: 175262.12 (r/w/o: 122675.90/35061.38/17524.84) lat (ms,95%): 77.19 err/s: 0.00 reconn/s: 0.00
[ 730s ] thds: 400 tps: 9388.81 qps: 187584.05 (r/w/o: 131289.91/37517.23/18776.92) lat (ms,95%): 63.32 err/s: 0.00 reconn/s: 0.00
[ 740s ] thds: 400 tps: 9426.09 qps: 188705.79 (r/w/o: 132082.25/37777.26/18846.28) lat (ms,95%): 62.19 err/s: 0.00 reconn/s: 0.00
[ 750s ] thds: 400 tps: 8962.08 qps: 179318.52 (r/w/o: 125553.56/35833.60/17931.35) lat (ms,95%): 74.46 err/s: 0.20 reconn/s: 0.00
[ 760s ] thds: 400 tps: 9449.10 qps: 188699.84 (r/w/o: 132042.93/37761.31/18895.60) lat (ms,95%): 61.08 err/s: 0.10 reconn/s: 0.00
[ 770s ] thds: 400 tps: 9266.45 qps: 185381.85 (r/w/o: 129766.96/37078.89/18535.99) lat (ms,95%): 66.84 err/s: 0.10 reconn/s: 0.00
[ 780s ] thds: 400 tps: 8767.57 qps: 175533.26 (r/w/o: 122886.05/35112.17/17535.04) lat (ms,95%): 81.48 err/s: 0.00 reconn/s: 0.00
[ 790s ] thds: 400 tps: 8542.71 qps: 170660.56 (r/w/o: 119472.81/34102.13/17085.62) lat (ms,95%): 89.16 err/s: 0.00 reconn/s: 0.00
[ 800s ] thds: 400 tps: 7179.00 qps: 143556.67 (r/w/o: 100478.95/28720.11/14357.61) lat (ms,95%): 110.66 err/s: 0.00 reconn/s: 0.00
[ 810s ] thds: 400 tps: 7928.76 qps: 158709.56 (r/w/o: 111096.48/31760.45/15852.63) lat (ms,95%): 95.81 err/s: 0.10 reconn/s: 0.00
[ 820s ] thds: 400 tps: 7585.54 qps: 151866.23 (r/w/o: 106309.88/30379.27/15177.08) lat (ms,95%): 106.75 err/s: 0.10 reconn/s: 0.00
[ 830s ] thds: 400 tps: 7763.19 qps: 155180.54 (r/w/o: 108666.52/30987.35/15526.67) lat (ms,95%): 110.66 err/s: 0.10 reconn/s: 0.00
[ 840s ] thds: 400 tps: 8077.43 qps: 161427.30 (r/w/o: 112955.52/32325.22/16146.56) lat (ms,95%): 97.55 err/s: 0.00 reconn/s: 0.00
SQL statistics:
    queries performed:
        read:                            100969904
        write:                           28848440
        other:                           14424314
        total:                           144242658
    transactions:                        7212105 (8576.10 per sec.)
    queries:                             144242658 (171522.65 per sec.)
    ignored errors:                      31     (0.04 per sec.)
    reconnects:                          0      (0.00 per sec.)

General statistics:
    total time:                          840.9530s
    total number of events:              7212105

Latency (ms):
         min:                                   19.88
         avg:                                   46.60
         max:                                  949.81
         95th percentile:                       86.00
         sum:                            336060047.27

Threads fairness:
    events (avg/stddev):           18030.2625/417.05
    execution time (avg/stddev):   840.1501/0.20

