sysbench 1.0.20-ebf1c90 (using bundled LuaJIT 2.1.0-beta2)

Running the test with following options:
Number of threads: 400
Report intermediate results every 10 second(s)
Initializing random number generator from current time


Initializing worker threads...

Threads started!

[ 10s ] thds: 400 tps: 5907.75 qps: 118663.50 (r/w/o: 83164.28/23643.71/11855.50) lat (ms,95%): 193.38 err/s: 0.00 reconn/s: 0.00
[ 20s ] thds: 400 tps: 8023.98 qps: 160308.59 (r/w/o: 112164.01/32097.72/16046.86) lat (ms,95%): 158.63 err/s: 0.00 reconn/s: 0.00
[ 30s ] thds: 400 tps: 8460.42 qps: 169430.08 (r/w/o: 118614.54/33893.30/16922.25) lat (ms,95%): 121.08 err/s: 0.10 reconn/s: 0.00
[ 40s ] thds: 400 tps: 8729.57 qps: 174586.04 (r/w/o: 122221.54/34905.77/17458.73) lat (ms,95%): 75.82 err/s: 0.00 reconn/s: 0.00
[ 50s ] thds: 400 tps: 8979.79 qps: 179643.42 (r/w/o: 125771.90/35911.24/17960.27) lat (ms,95%): 70.55 err/s: 0.10 reconn/s: 0.00
[ 60s ] thds: 400 tps: 9315.69 qps: 186230.20 (r/w/o: 130356.73/37241.88/18631.59) lat (ms,95%): 65.65 err/s: 0.10 reconn/s: 0.00
[ 70s ] thds: 400 tps: 9193.31 qps: 183742.46 (r/w/o: 128588.51/36767.23/18386.72) lat (ms,95%): 66.84 err/s: 0.00 reconn/s: 0.00
[ 80s ] thds: 400 tps: 8983.38 qps: 179889.18 (r/w/o: 125935.18/35987.34/17966.67) lat (ms,95%): 73.13 err/s: 0.10 reconn/s: 0.00
[ 90s ] thds: 400 tps: 9203.42 qps: 184122.29 (r/w/o: 128883.74/36831.40/18407.15) lat (ms,95%): 66.84 err/s: 0.00 reconn/s: 0.00
[ 100s ] thds: 400 tps: 9542.41 qps: 190669.90 (r/w/o: 133454.47/38130.32/19085.11) lat (ms,95%): 56.84 err/s: 0.10 reconn/s: 0.00
[ 110s ] thds: 400 tps: 9597.65 qps: 191939.33 (r/w/o: 134362.45/38382.99/19193.89) lat (ms,95%): 57.87 err/s: 0.10 reconn/s: 0.00
[ 120s ] thds: 400 tps: 7061.50 qps: 141393.10 (r/w/o: 98993.57/28275.92/14123.61) lat (ms,95%): 130.13 err/s: 0.00 reconn/s: 0.00
[ 130s ] thds: 400 tps: 5627.59 qps: 112584.30 (r/w/o: 78796.46/22531.56/11256.28) lat (ms,95%): 147.61 err/s: 0.00 reconn/s: 0.00
[ 140s ] thds: 400 tps: 6439.31 qps: 128837.72 (r/w/o: 90173.08/25785.92/12878.71) lat (ms,95%): 125.52 err/s: 0.00 reconn/s: 0.00
[ 150s ] thds: 400 tps: 8957.36 qps: 179008.23 (r/w/o: 125346.16/35747.04/17915.02) lat (ms,95%): 66.84 err/s: 0.10 reconn/s: 0.00
[ 160s ] thds: 400 tps: 9010.00 qps: 180261.77 (r/w/o: 126162.95/36078.71/18020.11) lat (ms,95%): 73.13 err/s: 0.00 reconn/s: 0.00
[ 170s ] thds: 400 tps: 9488.76 qps: 189558.56 (r/w/o: 132659.51/37921.63/18977.42) lat (ms,95%): 61.08 err/s: 0.00 reconn/s: 0.00
[ 180s ] thds: 400 tps: 9433.30 qps: 188525.03 (r/w/o: 131933.73/37724.60/18866.70) lat (ms,95%): 64.47 err/s: 0.00 reconn/s: 0.00
[ 190s ] thds: 400 tps: 9131.85 qps: 182908.05 (r/w/o: 128093.03/36551.21/18263.80) lat (ms,95%): 69.29 err/s: 0.00 reconn/s: 0.00
[ 200s ] thds: 400 tps: 9697.04 qps: 193556.28 (r/w/o: 135424.84/38745.06/19386.38) lat (ms,95%): 58.92 err/s: 0.10 reconn/s: 0.00
[ 210s ] thds: 400 tps: 9767.55 qps: 195582.17 (r/w/o: 136978.88/39059.79/19543.50) lat (ms,95%): 55.82 err/s: 0.10 reconn/s: 0.00
[ 220s ] thds: 400 tps: 9604.38 qps: 192197.86 (r/w/o: 134502.06/38486.83/19208.97) lat (ms,95%): 58.92 err/s: 0.10 reconn/s: 0.00
[ 230s ] thds: 400 tps: 7947.03 qps: 159113.34 (r/w/o: 111416.48/31802.61/15894.25) lat (ms,95%): 99.33 err/s: 0.10 reconn/s: 0.00
[ 240s ] thds: 400 tps: 7967.83 qps: 159025.21 (r/w/o: 111307.46/31782.50/15935.25) lat (ms,95%): 94.10 err/s: 0.00 reconn/s: 0.00
[ 250s ] thds: 400 tps: 6852.20 qps: 137102.09 (r/w/o: 95956.70/27440.60/13704.80) lat (ms,95%): 110.66 err/s: 0.00 reconn/s: 0.00
[ 260s ] thds: 400 tps: 7914.96 qps: 158183.89 (r/w/o: 110701.44/31652.34/15830.12) lat (ms,95%): 89.16 err/s: 0.00 reconn/s: 0.00
[ 270s ] thds: 400 tps: 9079.66 qps: 181742.29 (r/w/o: 127238.00/36344.86/18159.43) lat (ms,95%): 69.29 err/s: 0.00 reconn/s: 0.00
[ 280s ] thds: 400 tps: 9653.82 qps: 193104.23 (r/w/o: 135175.80/38620.49/19307.94) lat (ms,95%): 56.84 err/s: 0.00 reconn/s: 0.00
[ 290s ] thds: 400 tps: 9490.82 qps: 189653.58 (r/w/o: 132748.17/37924.78/18980.64) lat (ms,95%): 64.47 err/s: 0.00 reconn/s: 0.00
[ 300s ] thds: 400 tps: 9503.09 qps: 190160.31 (r/w/o: 133138.50/38014.64/19007.17) lat (ms,95%): 63.32 err/s: 0.00 reconn/s: 0.00
[ 310s ] thds: 400 tps: 9531.79 qps: 190725.36 (r/w/o: 133513.00/38152.07/19060.29) lat (ms,95%): 61.08 err/s: 0.00 reconn/s: 0.00
[ 320s ] thds: 400 tps: 9736.61 qps: 194869.04 (r/w/o: 136422.97/38969.45/19476.62) lat (ms,95%): 56.84 err/s: 0.00 reconn/s: 0.00
[ 330s ] thds: 400 tps: 9666.92 qps: 193338.33 (r/w/o: 135311.23/38693.07/19334.03) lat (ms,95%): 57.87 err/s: 0.00 reconn/s: 0.00
[ 340s ] thds: 400 tps: 8015.28 qps: 160174.19 (r/w/o: 112131.08/32013.54/16029.57) lat (ms,95%): 99.33 err/s: 0.00 reconn/s: 0.00
[ 350s ] thds: 400 tps: 7441.96 qps: 148898.63 (r/w/o: 104241.76/29771.95/14884.92) lat (ms,95%): 97.55 err/s: 0.00 reconn/s: 0.00
[ 360s ] thds: 400 tps: 7349.15 qps: 147095.37 (r/w/o: 102936.68/29460.29/14698.40) lat (ms,95%): 95.81 err/s: 0.10 reconn/s: 0.00
[ 370s ] thds: 400 tps: 7114.31 qps: 142364.68 (r/w/o: 99653.53/28482.34/14228.82) lat (ms,95%): 106.75 err/s: 0.10 reconn/s: 0.00
[ 380s ] thds: 400 tps: 8668.76 qps: 173114.86 (r/w/o: 121230.11/34546.83/17337.92) lat (ms,95%): 81.48 err/s: 0.10 reconn/s: 0.00
[ 390s ] thds: 400 tps: 8598.68 qps: 172181.40 (r/w/o: 120492.76/34491.10/17197.55) lat (ms,95%): 94.10 err/s: 0.10 reconn/s: 0.00
[ 400s ] thds: 400 tps: 8190.00 qps: 163616.31 (r/w/o: 114545.61/32690.60/16380.10) lat (ms,95%): 102.97 err/s: 0.00 reconn/s: 0.00
[ 410s ] thds: 400 tps: 8147.74 qps: 162764.82 (r/w/o: 113893.80/32579.64/16291.37) lat (ms,95%): 97.55 err/s: 0.00 reconn/s: 0.00
[ 420s ] thds: 400 tps: 7757.75 qps: 155523.92 (r/w/o: 108896.41/31108.40/15519.10) lat (ms,95%): 106.75 err/s: 0.00 reconn/s: 0.00
[ 430s ] thds: 400 tps: 8970.21 qps: 179275.51 (r/w/o: 125491.58/35843.02/17940.91) lat (ms,95%): 74.46 err/s: 0.00 reconn/s: 0.00
[ 440s ] thds: 400 tps: 9649.78 qps: 193055.92 (r/w/o: 135150.86/38605.50/19299.55) lat (ms,95%): 56.84 err/s: 0.00 reconn/s: 0.00
[ 450s ] thds: 400 tps: 9375.31 qps: 187220.48 (r/w/o: 131003.03/37467.44/18750.02) lat (ms,95%): 64.47 err/s: 0.00 reconn/s: 0.00
[ 460s ] thds: 400 tps: 8111.99 qps: 162469.92 (r/w/o: 113808.47/32436.76/16224.68) lat (ms,95%): 94.10 err/s: 0.00 reconn/s: 0.00
[ 470s ] thds: 400 tps: 7325.95 qps: 146500.50 (r/w/o: 102545.40/29303.30/14651.80) lat (ms,95%): 95.81 err/s: 0.00 reconn/s: 0.00
[ 480s ] thds: 400 tps: 7558.52 qps: 151173.83 (r/w/o: 105794.23/30262.27/15117.33) lat (ms,95%): 92.42 err/s: 0.10 reconn/s: 0.00
[ 490s ] thds: 400 tps: 7339.48 qps: 146862.85 (r/w/o: 102832.68/29351.31/14678.85) lat (ms,95%): 97.55 err/s: 0.00 reconn/s: 0.00
[ 500s ] thds: 400 tps: 9715.68 qps: 194405.55 (r/w/o: 136043.15/38930.83/19431.56) lat (ms,95%): 56.84 err/s: 0.00 reconn/s: 0.00
[ 510s ] thds: 400 tps: 9442.62 qps: 188661.18 (r/w/o: 132078.13/37700.90/18882.15) lat (ms,95%): 63.32 err/s: 0.00 reconn/s: 0.00
[ 520s ] thds: 400 tps: 9599.92 qps: 192013.81 (r/w/o: 134393.82/38416.96/19203.03) lat (ms,95%): 57.87 err/s: 0.00 reconn/s: 0.00
[ 530s ] thds: 400 tps: 8866.81 qps: 177389.30 (r/w/o: 124191.61/35464.06/17733.63) lat (ms,95%): 84.47 err/s: 0.00 reconn/s: 0.00
[ 540s ] thds: 400 tps: 9488.30 qps: 189591.98 (r/w/o: 132693.78/37921.60/18976.60) lat (ms,95%): 62.19 err/s: 0.00 reconn/s: 0.00
[ 550s ] thds: 400 tps: 9581.85 qps: 191667.69 (r/w/o: 134206.57/38297.22/19163.91) lat (ms,95%): 58.92 err/s: 0.00 reconn/s: 0.00
[ 560s ] thds: 400 tps: 9511.09 qps: 190272.85 (r/w/o: 133159.69/38090.97/19022.18) lat (ms,95%): 61.08 err/s: 0.00 reconn/s: 0.00
[ 570s ] thds: 400 tps: 8151.42 qps: 163115.01 (r/w/o: 114194.12/32617.96/16302.93) lat (ms,95%): 92.42 err/s: 0.00 reconn/s: 0.00
[ 580s ] thds: 400 tps: 7372.59 qps: 147399.49 (r/w/o: 103202.02/29453.48/14743.99) lat (ms,95%): 99.33 err/s: 0.00 reconn/s: 0.00
[ 590s ] thds: 400 tps: 7296.30 qps: 145661.28 (r/w/o: 101901.79/29167.10/14592.40) lat (ms,95%): 97.55 err/s: 0.10 reconn/s: 0.00
[ 600s ] thds: 400 tps: 7774.43 qps: 155777.71 (r/w/o: 109077.56/31149.50/15550.65) lat (ms,95%): 90.78 err/s: 0.20 reconn/s: 0.00
[ 610s ] thds: 400 tps: 8828.82 qps: 176742.92 (r/w/o: 123701.63/35383.26/17658.03) lat (ms,95%): 73.13 err/s: 0.00 reconn/s: 0.00
[ 620s ] thds: 400 tps: 9394.19 qps: 187411.14 (r/w/o: 131157.99/37464.57/18788.58) lat (ms,95%): 62.19 err/s: 0.00 reconn/s: 0.00
[ 630s ] thds: 400 tps: 9641.19 qps: 193051.39 (r/w/o: 135192.65/38583.16/19275.58) lat (ms,95%): 57.87 err/s: 0.00 reconn/s: 0.00
[ 640s ] thds: 400 tps: 8993.56 qps: 179814.28 (r/w/o: 125865.89/35954.06/17994.33) lat (ms,95%): 77.19 err/s: 0.10 reconn/s: 0.00
[ 650s ] thds: 400 tps: 9513.27 qps: 190348.52 (r/w/o: 133237.52/38089.76/19021.23) lat (ms,95%): 58.92 err/s: 0.00 reconn/s: 0.00
[ 660s ] thds: 400 tps: 9531.60 qps: 190504.17 (r/w/o: 133346.18/38090.79/19067.20) lat (ms,95%): 59.99 err/s: 0.00 reconn/s: 0.00
[ 670s ] thds: 400 tps: 9446.74 qps: 189016.80 (r/w/o: 132325.86/37796.26/18894.68) lat (ms,95%): 61.08 err/s: 0.00 reconn/s: 0.00
[ 680s ] thds: 400 tps: 8193.92 qps: 163941.53 (r/w/o: 114760.23/32794.37/16386.93) lat (ms,95%): 90.78 err/s: 0.10 reconn/s: 0.00
[ 690s ] thds: 400 tps: 7746.20 qps: 154677.98 (r/w/o: 108242.09/30948.80/15487.10) lat (ms,95%): 97.55 err/s: 0.00 reconn/s: 0.00
[ 700s ] thds: 400 tps: 7372.29 qps: 147828.63 (r/w/o: 103518.51/29558.75/14751.37) lat (ms,95%): 99.33 err/s: 0.00 reconn/s: 0.00
[ 710s ] thds: 400 tps: 7492.70 qps: 149884.57 (r/w/o: 104887.08/30012.09/14985.40) lat (ms,95%): 92.42 err/s: 0.00 reconn/s: 0.00
[ 720s ] thds: 400 tps: 8769.25 qps: 175108.41 (r/w/o: 122578.91/34997.90/17531.60) lat (ms,95%): 77.19 err/s: 0.10 reconn/s: 0.00
[ 730s ] thds: 400 tps: 9356.60 qps: 187266.83 (r/w/o: 131139.05/37407.59/18720.19) lat (ms,95%): 63.32 err/s: 0.00 reconn/s: 0.00
[ 740s ] thds: 400 tps: 9455.08 qps: 188918.24 (r/w/o: 132184.98/37823.81/18909.45) lat (ms,95%): 62.19 err/s: 0.10 reconn/s: 0.00
[ 750s ] thds: 400 tps: 8960.42 qps: 179477.54 (r/w/o: 125633.34/35921.97/17922.23) lat (ms,95%): 74.46 err/s: 0.10 reconn/s: 0.00
[ 760s ] thds: 400 tps: 9449.25 qps: 188870.76 (r/w/o: 132244.44/37727.61/18898.71) lat (ms,95%): 61.08 err/s: 0.10 reconn/s: 0.00
[ 770s ] thds: 400 tps: 9287.01 qps: 185670.38 (r/w/o: 129946.63/37149.64/18574.12) lat (ms,95%): 66.84 err/s: 0.00 reconn/s: 0.00
[ 780s ] thds: 400 tps: 8810.60 qps: 176010.40 (r/w/o: 123170.70/35223.70/17616.00) lat (ms,95%): 81.48 err/s: 0.00 reconn/s: 0.00
[ 790s ] thds: 400 tps: 8537.48 qps: 171046.52 (r/w/o: 119801.46/34164.81/17080.26) lat (ms,95%): 89.16 err/s: 0.00 reconn/s: 0.00
[ 800s ] thds: 400 tps: 7205.27 qps: 144120.56 (r/w/o: 100884.82/28825.19/14410.55) lat (ms,95%): 110.66 err/s: 0.00 reconn/s: 0.00
[ 810s ] thds: 400 tps: 7956.72 qps: 158943.71 (r/w/o: 111207.72/31828.06/15907.93) lat (ms,95%): 95.81 err/s: 0.10 reconn/s: 0.00
[ 820s ] thds: 400 tps: 7631.40 qps: 152560.29 (r/w/o: 106788.36/30505.12/15266.81) lat (ms,95%): 104.84 err/s: 0.00 reconn/s: 0.00
[ 830s ] thds: 400 tps: 7740.74 qps: 155246.81 (r/w/o: 108702.60/31060.54/15483.67) lat (ms,95%): 110.66 err/s: 0.20 reconn/s: 0.00
[ 840s ] thds: 400 tps: 8068.18 qps: 161066.61 (r/w/o: 112728.60/32207.84/16130.17) lat (ms,95%): 97.55 err/s: 0.00 reconn/s: 0.00
SQL statistics:
    queries performed:
        read:                            100988174
        write:                           28853665
        other:                           14426925
        total:                           144268764
    transactions:                        7213413 (8579.92 per sec.)
    queries:                             144268764 (171599.00 per sec.)
    ignored errors:                      28     (0.03 per sec.)
    reconnects:                          0      (0.00 per sec.)

General statistics:
    total time:                          840.7310s
    total number of events:              7213413

Latency (ms):
         min:                                   19.90
         avg:                                   46.59
         max:                                  742.94
         95th percentile:                       86.00
         sum:                            336070598.64

Threads fairness:
    events (avg/stddev):           18033.5325/413.14
    execution time (avg/stddev):   840.1765/0.20

