sysbench 1.0.20-ebf1c90 (using bundled LuaJIT 2.1.0-beta2)

Running the test with following options:
Number of threads: 400
Report intermediate results every 10 second(s)
Initializing random number generator from current time


Initializing worker threads...

Threads started!

[ 10s ] thds: 400 tps: 5923.81 qps: 118938.21 (r/w/o: 83349.44/23706.15/11882.62) lat (ms,95%): 193.38 err/s: 0.00 reconn/s: 0.00
[ 20s ] thds: 400 tps: 8009.83 qps: 160286.47 (r/w/o: 112187.27/32074.53/16024.67) lat (ms,95%): 155.80 err/s: 0.00 reconn/s: 0.00
[ 30s ] thds: 400 tps: 8478.48 qps: 169397.97 (r/w/o: 118536.30/33907.61/16954.06) lat (ms,95%): 118.92 err/s: 0.00 reconn/s: 0.00
[ 40s ] thds: 400 tps: 8722.88 qps: 174473.32 (r/w/o: 122133.13/34900.62/17439.56) lat (ms,95%): 77.19 err/s: 0.00 reconn/s: 0.00
[ 50s ] thds: 400 tps: 9003.14 qps: 179943.75 (r/w/o: 125951.59/35977.87/18014.29) lat (ms,95%): 69.29 err/s: 0.00 reconn/s: 0.00
[ 60s ] thds: 400 tps: 9293.84 qps: 186255.02 (r/w/o: 130414.97/37250.66/18589.38) lat (ms,95%): 65.65 err/s: 0.20 reconn/s: 0.00
[ 70s ] thds: 400 tps: 9240.29 qps: 184702.01 (r/w/o: 129300.09/36921.34/18480.57) lat (ms,95%): 65.65 err/s: 0.00 reconn/s: 0.00
[ 80s ] thds: 400 tps: 9082.19 qps: 181471.94 (r/w/o: 126982.32/36325.35/18164.27) lat (ms,95%): 71.83 err/s: 0.00 reconn/s: 0.00
[ 90s ] thds: 400 tps: 9208.66 qps: 184022.03 (r/w/o: 128815.09/36789.33/18417.61) lat (ms,95%): 66.84 err/s: 0.10 reconn/s: 0.00
[ 100s ] thds: 400 tps: 9558.30 qps: 191351.24 (r/w/o: 133992.66/38242.69/19115.89) lat (ms,95%): 56.84 err/s: 0.00 reconn/s: 0.00
[ 110s ] thds: 400 tps: 9542.16 qps: 191041.90 (r/w/o: 133726.17/38230.42/19085.31) lat (ms,95%): 57.87 err/s: 0.10 reconn/s: 0.00
[ 120s ] thds: 400 tps: 7079.73 qps: 141535.16 (r/w/o: 99072.16/28304.83/14158.17) lat (ms,95%): 130.13 err/s: 0.10 reconn/s: 0.00
[ 130s ] thds: 400 tps: 5610.63 qps: 112402.76 (r/w/o: 78654.76/22525.13/11222.87) lat (ms,95%): 147.61 err/s: 0.00 reconn/s: 0.00
[ 140s ] thds: 400 tps: 6441.72 qps: 128406.29 (r/w/o: 89889.74/25633.00/12883.55) lat (ms,95%): 125.52 err/s: 0.00 reconn/s: 0.00
[ 150s ] thds: 400 tps: 8926.20 qps: 178508.99 (r/w/o: 124922.57/35738.32/17848.11) lat (ms,95%): 66.84 err/s: 0.10 reconn/s: 0.00
[ 160s ] thds: 400 tps: 9002.70 qps: 180083.17 (r/w/o: 126100.88/35973.69/18008.60) lat (ms,95%): 73.13 err/s: 0.00 reconn/s: 0.00
[ 170s ] thds: 400 tps: 9445.42 qps: 189031.75 (r/w/o: 132333.65/37805.47/18892.64) lat (ms,95%): 62.19 err/s: 0.10 reconn/s: 0.00
[ 180s ] thds: 400 tps: 9416.72 qps: 188361.58 (r/w/o: 131882.83/37645.10/18833.65) lat (ms,95%): 64.47 err/s: 0.10 reconn/s: 0.00
[ 190s ] thds: 400 tps: 9195.97 qps: 183891.60 (r/w/o: 128671.55/36828.00/18392.05) lat (ms,95%): 69.29 err/s: 0.00 reconn/s: 0.00
[ 200s ] thds: 400 tps: 9683.93 qps: 193748.46 (r/w/o: 135682.69/38697.71/19368.06) lat (ms,95%): 58.92 err/s: 0.00 reconn/s: 0.00
[ 210s ] thds: 400 tps: 9796.15 qps: 195996.34 (r/w/o: 137185.16/39218.59/19592.59) lat (ms,95%): 55.82 err/s: 0.00 reconn/s: 0.00
[ 220s ] thds: 400 tps: 9614.30 qps: 192093.95 (r/w/o: 134441.57/38423.69/19228.70) lat (ms,95%): 58.92 err/s: 0.00 reconn/s: 0.00
[ 230s ] thds: 400 tps: 7936.35 qps: 158887.27 (r/w/o: 111209.98/31804.60/15872.70) lat (ms,95%): 99.33 err/s: 0.00 reconn/s: 0.00
[ 240s ] thds: 400 tps: 7952.75 qps: 159001.67 (r/w/o: 111337.08/31759.09/15905.50) lat (ms,95%): 94.10 err/s: 0.00 reconn/s: 0.00
[ 250s ] thds: 400 tps: 6831.96 qps: 136695.20 (r/w/o: 95687.51/27343.66/13664.03) lat (ms,95%): 110.66 err/s: 0.00 reconn/s: 0.00
[ 260s ] thds: 400 tps: 7917.50 qps: 158288.68 (r/w/o: 110804.66/31649.02/15835.01) lat (ms,95%): 89.16 err/s: 0.00 reconn/s: 0.00
[ 270s ] thds: 400 tps: 9162.76 qps: 183297.85 (r/w/o: 128311.71/36660.43/18325.72) lat (ms,95%): 69.29 err/s: 0.10 reconn/s: 0.00
[ 280s ] thds: 400 tps: 9589.81 qps: 191665.05 (r/w/o: 134136.48/38348.95/19179.63) lat (ms,95%): 57.87 err/s: 0.00 reconn/s: 0.00
[ 290s ] thds: 400 tps: 9477.10 qps: 189628.63 (r/w/o: 132763.42/37911.91/18953.30) lat (ms,95%): 64.47 err/s: 0.10 reconn/s: 0.00
[ 300s ] thds: 400 tps: 9498.84 qps: 190020.24 (r/w/o: 132988.89/38032.67/18998.68) lat (ms,95%): 63.32 err/s: 0.00 reconn/s: 0.00
[ 310s ] thds: 400 tps: 9546.10 qps: 190816.06 (r/w/o: 133535.84/38192.81/19087.41) lat (ms,95%): 61.08 err/s: 0.10 reconn/s: 0.00
[ 320s ] thds: 400 tps: 9778.69 qps: 195423.48 (r/w/o: 136803.24/39057.66/19562.58) lat (ms,95%): 56.84 err/s: 0.00 reconn/s: 0.00
[ 330s ] thds: 400 tps: 9675.65 qps: 193756.39 (r/w/o: 135680.36/38724.62/19351.41) lat (ms,95%): 57.87 err/s: 0.00 reconn/s: 0.00
[ 340s ] thds: 400 tps: 8032.01 qps: 160822.12 (r/w/o: 112536.75/32221.14/16064.22) lat (ms,95%): 99.33 err/s: 0.10 reconn/s: 0.00
[ 350s ] thds: 400 tps: 7488.80 qps: 149499.88 (r/w/o: 104641.69/29880.60/14977.60) lat (ms,95%): 97.55 err/s: 0.00 reconn/s: 0.00
[ 360s ] thds: 400 tps: 7361.68 qps: 147283.42 (r/w/o: 103130.86/29430.00/14722.55) lat (ms,95%): 94.10 err/s: 0.00 reconn/s: 0.00
[ 370s ] thds: 400 tps: 7132.95 qps: 142529.61 (r/w/o: 99759.08/28503.52/14267.01) lat (ms,95%): 104.84 err/s: 0.10 reconn/s: 0.00
[ 380s ] thds: 400 tps: 8672.09 qps: 173453.33 (r/w/o: 121388.70/34731.45/17333.17) lat (ms,95%): 81.48 err/s: 0.10 reconn/s: 0.00
[ 390s ] thds: 400 tps: 8634.73 qps: 172749.63 (r/w/o: 120969.77/34498.91/17280.95) lat (ms,95%): 94.10 err/s: 0.00 reconn/s: 0.00
[ 400s ] thds: 400 tps: 8189.30 qps: 163981.27 (r/w/o: 114769.88/32832.69/16378.70) lat (ms,95%): 102.97 err/s: 0.00 reconn/s: 0.00
[ 410s ] thds: 400 tps: 8184.95 qps: 163443.10 (r/w/o: 114401.10/32675.60/16366.40) lat (ms,95%): 95.81 err/s: 0.00 reconn/s: 0.00
[ 420s ] thds: 400 tps: 7812.99 qps: 156226.18 (r/w/o: 109353.62/31247.08/15625.49) lat (ms,95%): 106.75 err/s: 0.10 reconn/s: 0.00
[ 430s ] thds: 400 tps: 8976.58 qps: 179639.88 (r/w/o: 125726.37/35964.03/17949.47) lat (ms,95%): 74.46 err/s: 0.00 reconn/s: 0.00
[ 440s ] thds: 400 tps: 9647.33 qps: 193019.26 (r/w/o: 135158.30/38558.21/19302.76) lat (ms,95%): 56.84 err/s: 0.00 reconn/s: 0.00
[ 450s ] thds: 400 tps: 9383.49 qps: 187676.79 (r/w/o: 131382.35/37527.46/18766.98) lat (ms,95%): 64.47 err/s: 0.00 reconn/s: 0.00
[ 460s ] thds: 400 tps: 8138.31 qps: 162693.84 (r/w/o: 113853.96/32564.85/16275.02) lat (ms,95%): 94.10 err/s: 0.00 reconn/s: 0.00
[ 470s ] thds: 400 tps: 7298.07 qps: 146198.67 (r/w/o: 102363.16/29237.57/14597.94) lat (ms,95%): 97.55 err/s: 0.00 reconn/s: 0.00
[ 480s ] thds: 400 tps: 7566.72 qps: 151188.97 (r/w/o: 105825.03/30230.49/15133.45) lat (ms,95%): 92.42 err/s: 0.00 reconn/s: 0.00
[ 490s ] thds: 400 tps: 7364.46 qps: 147139.37 (r/w/o: 102967.70/29442.45/14729.23) lat (ms,95%): 97.55 err/s: 0.10 reconn/s: 0.00
[ 500s ] thds: 400 tps: 9755.03 qps: 195042.18 (r/w/o: 136540.31/38992.21/19509.66) lat (ms,95%): 56.84 err/s: 0.00 reconn/s: 0.00
[ 510s ] thds: 400 tps: 9397.24 qps: 188255.28 (r/w/o: 131800.14/37659.86/18795.28) lat (ms,95%): 63.32 err/s: 0.10 reconn/s: 0.00
[ 520s ] thds: 400 tps: 9633.56 qps: 192513.39 (r/w/o: 134760.70/38485.36/19267.33) lat (ms,95%): 57.87 err/s: 0.00 reconn/s: 0.00
[ 530s ] thds: 400 tps: 8952.02 qps: 179051.14 (r/w/o: 125318.04/35833.67/17899.43) lat (ms,95%): 82.96 err/s: 0.00 reconn/s: 0.00
[ 540s ] thds: 400 tps: 9479.46 qps: 189595.05 (r/w/o: 132726.17/37909.85/18959.02) lat (ms,95%): 62.19 err/s: 0.10 reconn/s: 0.00
[ 550s ] thds: 400 tps: 9637.93 qps: 192927.21 (r/w/o: 135063.23/38583.12/19280.86) lat (ms,95%): 57.87 err/s: 0.00 reconn/s: 0.00
[ 560s ] thds: 400 tps: 9472.60 qps: 189263.10 (r/w/o: 132458.73/37859.18/18945.19) lat (ms,95%): 61.08 err/s: 0.00 reconn/s: 0.00
[ 570s ] thds: 400 tps: 8189.81 qps: 163953.70 (r/w/o: 114778.84/32795.24/16379.62) lat (ms,95%): 90.78 err/s: 0.00 reconn/s: 0.00
[ 580s ] thds: 400 tps: 7400.70 qps: 148109.87 (r/w/o: 103662.75/29646.31/14800.81) lat (ms,95%): 99.33 err/s: 0.20 reconn/s: 0.00
[ 590s ] thds: 400 tps: 7329.24 qps: 146320.55 (r/w/o: 102458.93/29202.55/14659.08) lat (ms,95%): 97.55 err/s: 0.00 reconn/s: 0.00
[ 600s ] thds: 400 tps: 7827.73 qps: 156484.28 (r/w/o: 109496.80/31335.32/15652.16) lat (ms,95%): 90.78 err/s: 0.00 reconn/s: 0.00
[ 610s ] thds: 400 tps: 8882.96 qps: 177616.05 (r/w/o: 124343.47/35502.75/17769.82) lat (ms,95%): 73.13 err/s: 0.00 reconn/s: 0.00
[ 620s ] thds: 400 tps: 9388.16 qps: 187948.42 (r/w/o: 131622.28/37549.82/18776.31) lat (ms,95%): 62.19 err/s: 0.00 reconn/s: 0.00
[ 630s ] thds: 400 tps: 9637.90 qps: 192757.38 (r/w/o: 134871.49/38610.10/19275.80) lat (ms,95%): 57.87 err/s: 0.00 reconn/s: 0.00
[ 640s ] thds: 400 tps: 8987.21 qps: 179843.00 (r/w/o: 125903.74/35964.64/17974.62) lat (ms,95%): 78.60 err/s: 0.10 reconn/s: 0.00
[ 650s ] thds: 400 tps: 9546.14 qps: 190831.51 (r/w/o: 133579.10/38166.04/19086.37) lat (ms,95%): 58.92 err/s: 0.00 reconn/s: 0.00
[ 660s ] thds: 400 tps: 9570.73 qps: 191503.67 (r/w/o: 134086.80/38269.11/19147.76) lat (ms,95%): 59.99 err/s: 0.10 reconn/s: 0.00
[ 670s ] thds: 400 tps: 9453.06 qps: 188917.24 (r/w/o: 132199.57/37817.85/18899.82) lat (ms,95%): 61.08 err/s: 0.00 reconn/s: 0.00
[ 680s ] thds: 400 tps: 8168.18 qps: 163509.98 (r/w/o: 114472.58/32694.84/16342.57) lat (ms,95%): 90.78 err/s: 0.00 reconn/s: 0.00
[ 690s ] thds: 400 tps: 7748.32 qps: 154760.20 (r/w/o: 108338.18/30925.88/15496.14) lat (ms,95%): 95.81 err/s: 0.00 reconn/s: 0.00
[ 700s ] thds: 400 tps: 7393.54 qps: 147753.83 (r/w/o: 103395.48/29570.57/14787.78) lat (ms,95%): 99.33 err/s: 0.30 reconn/s: 0.00
[ 710s ] thds: 400 tps: 7485.41 qps: 149769.99 (r/w/o: 104842.93/29956.54/14970.52) lat (ms,95%): 92.42 err/s: 0.00 reconn/s: 0.00
[ 720s ] thds: 400 tps: 8787.18 qps: 175947.92 (r/w/o: 123206.07/35166.20/17575.65) lat (ms,95%): 77.19 err/s: 0.00 reconn/s: 0.00
[ 730s ] thds: 400 tps: 9391.43 qps: 187789.44 (r/w/o: 131408.68/37605.41/18775.35) lat (ms,95%): 63.32 err/s: 0.00 reconn/s: 0.00
[ 740s ] thds: 400 tps: 9449.59 qps: 189033.00 (r/w/o: 132368.33/37761.08/18903.59) lat (ms,95%): 62.19 err/s: 0.00 reconn/s: 0.00
[ 750s ] thds: 400 tps: 8980.21 qps: 179490.09 (r/w/o: 125623.20/35903.56/17963.33) lat (ms,95%): 75.82 err/s: 0.00 reconn/s: 0.00
[ 760s ] thds: 400 tps: 9466.27 qps: 189440.74 (r/w/o: 132600.44/37908.47/18931.83) lat (ms,95%): 59.99 err/s: 0.00 reconn/s: 0.00
[ 770s ] thds: 400 tps: 9318.72 qps: 186378.31 (r/w/o: 130476.89/37265.18/18636.24) lat (ms,95%): 66.84 err/s: 0.00 reconn/s: 0.00
[ 780s ] thds: 400 tps: 8760.50 qps: 174997.77 (r/w/o: 122466.35/35008.01/17523.41) lat (ms,95%): 82.96 err/s: 0.00 reconn/s: 0.00
[ 790s ] thds: 400 tps: 8533.55 qps: 170804.17 (r/w/o: 119586.15/34152.91/17065.11) lat (ms,95%): 89.16 err/s: 0.10 reconn/s: 0.00
[ 800s ] thds: 400 tps: 7206.68 qps: 144416.07 (r/w/o: 101063.70/28936.92/14415.46) lat (ms,95%): 108.68 err/s: 0.00 reconn/s: 0.00
[ 810s ] thds: 400 tps: 7972.55 qps: 159251.68 (r/w/o: 111503.06/31803.42/15945.21) lat (ms,95%): 95.81 err/s: 0.00 reconn/s: 0.00
[ 820s ] thds: 400 tps: 7642.19 qps: 152828.14 (r/w/o: 107018.99/30524.77/15284.38) lat (ms,95%): 106.75 err/s: 0.00 reconn/s: 0.00
[ 830s ] thds: 400 tps: 7790.29 qps: 155627.05 (r/w/o: 108891.53/31154.75/15580.78) lat (ms,95%): 108.68 err/s: 0.10 reconn/s: 0.00
[ 840s ] thds: 400 tps: 8066.51 qps: 161370.83 (r/w/o: 112949.70/32291.82/16129.32) lat (ms,95%): 97.55 err/s: 0.00 reconn/s: 0.00
SQL statistics:
    queries performed:
        read:                            101118640
        write:                           28890939
        other:                           14445567
        total:                           144455146
    transactions:                        7222733 (8589.23 per sec.)
    queries:                             144455146 (171785.17 per sec.)
    ignored errors:                      27     (0.03 per sec.)
    reconnects:                          0      (0.00 per sec.)

General statistics:
    total time:                          840.9048s
    total number of events:              7222733

Latency (ms):
         min:                                   19.64
         avg:                                   46.53
         max:                                  936.25
         95th percentile:                       86.00
         sum:                            336088316.54

Threads fairness:
    events (avg/stddev):           18056.8325/454.55
    execution time (avg/stddev):   840.2208/0.21

