sysbench 1.0.20-ebf1c90 (using bundled LuaJIT 2.1.0-beta2)

Running the test with following options:
Number of threads: 400
Report intermediate results every 10 second(s)
Initializing random number generator from current time


Initializing worker threads...

Threads started!

[ 10s ] thds: 400 tps: 5423.20 qps: 108697.98 (r/w/o: 76113.78/21697.60/10886.60) lat (ms,95%): 223.34 err/s: 0.10 reconn/s: 0.00
[ 20s ] thds: 400 tps: 7818.24 qps: 156806.28 (r/w/o: 109810.64/31359.06/15636.58) lat (ms,95%): 158.63 err/s: 0.00 reconn/s: 0.00
[ 30s ] thds: 400 tps: 8497.39 qps: 169570.56 (r/w/o: 118676.93/33899.55/16994.08) lat (ms,95%): 95.81 err/s: 0.20 reconn/s: 0.00
[ 40s ] thds: 400 tps: 8853.91 qps: 177044.26 (r/w/o: 123917.32/35417.93/17709.02) lat (ms,95%): 71.83 err/s: 0.00 reconn/s: 0.00
[ 50s ] thds: 400 tps: 9188.85 qps: 183934.41 (r/w/o: 128771.73/36785.28/18377.39) lat (ms,95%): 62.19 err/s: 0.00 reconn/s: 0.00
[ 60s ] thds: 400 tps: 9056.86 qps: 181248.44 (r/w/o: 126913.97/36221.25/18113.22) lat (ms,95%): 66.84 err/s: 0.00 reconn/s: 0.00
[ 70s ] thds: 400 tps: 9286.79 qps: 185701.29 (r/w/o: 129990.12/37136.38/18574.79) lat (ms,95%): 64.47 err/s: 0.10 reconn/s: 0.00
[ 80s ] thds: 400 tps: 9003.14 qps: 180152.41 (r/w/o: 126056.97/36095.36/18000.08) lat (ms,95%): 75.82 err/s: 0.00 reconn/s: 0.00
[ 90s ] thds: 400 tps: 9327.75 qps: 186362.09 (r/w/o: 130452.87/37247.32/18661.91) lat (ms,95%): 62.19 err/s: 0.00 reconn/s: 0.00
[ 100s ] thds: 400 tps: 9572.00 qps: 191468.66 (r/w/o: 134027.87/38296.79/19144.00) lat (ms,95%): 56.84 err/s: 0.00 reconn/s: 0.00
[ 110s ] thds: 400 tps: 9508.12 qps: 190357.14 (r/w/o: 133256.61/38084.29/19016.24) lat (ms,95%): 56.84 err/s: 0.00 reconn/s: 0.00
[ 120s ] thds: 400 tps: 7256.77 qps: 144903.08 (r/w/o: 101442.87/28951.48/14508.74) lat (ms,95%): 118.92 err/s: 0.10 reconn/s: 0.00
[ 130s ] thds: 400 tps: 5792.21 qps: 115971.80 (r/w/o: 81140.77/23247.52/11583.51) lat (ms,95%): 139.85 err/s: 0.10 reconn/s: 0.00
[ 140s ] thds: 400 tps: 7237.41 qps: 144634.65 (r/w/o: 101274.51/28880.33/14479.82) lat (ms,95%): 110.66 err/s: 0.00 reconn/s: 0.00
[ 150s ] thds: 400 tps: 9225.85 qps: 184457.98 (r/w/o: 129119.36/36893.42/18445.21) lat (ms,95%): 63.32 err/s: 0.00 reconn/s: 0.00
[ 160s ] thds: 400 tps: 9054.43 qps: 181192.83 (r/w/o: 126847.37/36231.11/18114.35) lat (ms,95%): 73.13 err/s: 0.00 reconn/s: 0.00
[ 170s ] thds: 400 tps: 9360.60 qps: 187290.02 (r/w/o: 131127.01/37439.50/18723.50) lat (ms,95%): 61.08 err/s: 0.00 reconn/s: 0.00
[ 180s ] thds: 400 tps: 9382.01 qps: 187588.73 (r/w/o: 131275.49/37552.83/18760.41) lat (ms,95%): 66.84 err/s: 0.10 reconn/s: 0.00
[ 190s ] thds: 400 tps: 9259.40 qps: 185153.22 (r/w/o: 129633.41/36997.80/18522.00) lat (ms,95%): 62.19 err/s: 0.00 reconn/s: 0.00
[ 200s ] thds: 400 tps: 9423.93 qps: 188666.99 (r/w/o: 132068.48/37749.54/18848.97) lat (ms,95%): 59.99 err/s: 0.00 reconn/s: 0.00
[ 210s ] thds: 400 tps: 9662.08 qps: 193118.15 (r/w/o: 135206.58/38589.41/19322.15) lat (ms,95%): 55.82 err/s: 0.00 reconn/s: 0.00
[ 220s ] thds: 400 tps: 9327.30 qps: 186701.24 (r/w/o: 130651.93/37392.61/18656.70) lat (ms,95%): 64.47 err/s: 0.00 reconn/s: 0.00
[ 230s ] thds: 400 tps: 8551.69 qps: 170936.20 (r/w/o: 119656.73/34176.78/17102.69) lat (ms,95%): 87.56 err/s: 0.10 reconn/s: 0.00
[ 240s ] thds: 400 tps: 7272.54 qps: 145317.83 (r/w/o: 101741.68/29030.17/14545.98) lat (ms,95%): 99.33 err/s: 0.00 reconn/s: 0.00
[ 250s ] thds: 400 tps: 7018.41 qps: 140439.25 (r/w/o: 98256.11/28155.73/14027.42) lat (ms,95%): 101.13 err/s: 0.00 reconn/s: 0.00
[ 260s ] thds: 400 tps: 8146.52 qps: 162830.39 (r/w/o: 114020.94/32506.70/16302.75) lat (ms,95%): 84.47 err/s: 0.10 reconn/s: 0.00
[ 270s ] thds: 400 tps: 9209.78 qps: 184349.51 (r/w/o: 129022.56/36907.10/18419.85) lat (ms,95%): 61.08 err/s: 0.00 reconn/s: 0.00
[ 280s ] thds: 400 tps: 9443.03 qps: 188699.94 (r/w/o: 132092.98/37720.91/18886.05) lat (ms,95%): 58.92 err/s: 0.00 reconn/s: 0.00
[ 290s ] thds: 400 tps: 9452.35 qps: 189141.12 (r/w/o: 132374.35/37864.98/18901.79) lat (ms,95%): 58.92 err/s: 0.10 reconn/s: 0.00
[ 300s ] thds: 400 tps: 9198.31 qps: 184095.53 (r/w/o: 128924.89/36770.63/18400.01) lat (ms,95%): 69.29 err/s: 0.10 reconn/s: 0.00
[ 310s ] thds: 400 tps: 9351.69 qps: 186957.35 (r/w/o: 130878.63/37375.15/18703.58) lat (ms,95%): 62.19 err/s: 0.10 reconn/s: 0.00
[ 320s ] thds: 400 tps: 9426.52 qps: 188613.61 (r/w/o: 132024.69/37735.88/18853.04) lat (ms,95%): 57.87 err/s: 0.00 reconn/s: 0.00
[ 330s ] thds: 400 tps: 9564.19 qps: 191130.29 (r/w/o: 133761.95/38239.86/19128.48) lat (ms,95%): 55.82 err/s: 0.10 reconn/s: 0.00
[ 340s ] thds: 400 tps: 8458.38 qps: 169344.89 (r/w/o: 118548.88/33879.04/16916.97) lat (ms,95%): 89.16 err/s: 0.00 reconn/s: 0.00
[ 350s ] thds: 400 tps: 7433.81 qps: 148339.27 (r/w/o: 103815.92/29655.73/14867.62) lat (ms,95%): 97.55 err/s: 0.00 reconn/s: 0.00
[ 360s ] thds: 400 tps: 7359.40 qps: 147335.75 (r/w/o: 103144.77/29472.19/14718.80) lat (ms,95%): 99.33 err/s: 0.00 reconn/s: 0.00
[ 370s ] thds: 400 tps: 7530.59 qps: 150456.41 (r/w/o: 105298.77/30097.76/15059.88) lat (ms,95%): 90.78 err/s: 0.00 reconn/s: 0.00
[ 380s ] thds: 400 tps: 8367.52 qps: 167565.96 (r/w/o: 117342.75/33486.67/16736.54) lat (ms,95%): 84.47 err/s: 0.10 reconn/s: 0.00
[ 390s ] thds: 400 tps: 8399.30 qps: 167728.30 (r/w/o: 117351.07/33580.82/16796.41) lat (ms,95%): 89.16 err/s: 0.00 reconn/s: 0.00
[ 400s ] thds: 400 tps: 8120.99 qps: 162916.85 (r/w/o: 114067.42/32604.95/16244.47) lat (ms,95%): 87.56 err/s: 0.10 reconn/s: 0.00
[ 410s ] thds: 400 tps: 7630.42 qps: 152295.39 (r/w/o: 106580.87/30458.48/15256.04) lat (ms,95%): 104.84 err/s: 0.00 reconn/s: 0.00
[ 420s ] thds: 400 tps: 8057.65 qps: 161207.80 (r/w/o: 112891.60/32196.20/16120.00) lat (ms,95%): 92.42 err/s: 0.00 reconn/s: 0.00
[ 430s ] thds: 400 tps: 9314.66 qps: 186446.31 (r/w/o: 130520.05/37296.84/18629.42) lat (ms,95%): 58.92 err/s: 0.00 reconn/s: 0.00
[ 440s ] thds: 400 tps: 9449.61 qps: 188752.87 (r/w/o: 132128.42/37725.23/18899.22) lat (ms,95%): 56.84 err/s: 0.00 reconn/s: 0.00
[ 450s ] thds: 400 tps: 9086.66 qps: 181747.49 (r/w/o: 127171.70/36402.06/18173.73) lat (ms,95%): 69.29 err/s: 0.20 reconn/s: 0.00
[ 460s ] thds: 400 tps: 8304.54 qps: 166282.00 (r/w/o: 116463.96/33208.96/16609.08) lat (ms,95%): 90.78 err/s: 0.00 reconn/s: 0.00
[ 470s ] thds: 400 tps: 9640.96 qps: 192474.55 (r/w/o: 134667.38/38531.15/19276.03) lat (ms,95%): 54.83 err/s: 0.00 reconn/s: 0.00
[ 480s ] thds: 400 tps: 7413.70 qps: 148559.64 (r/w/o: 104055.92/29670.51/14833.20) lat (ms,95%): 99.33 err/s: 0.00 reconn/s: 0.00
[ 490s ] thds: 400 tps: 6673.44 qps: 133448.84 (r/w/o: 93421.69/26680.07/13347.08) lat (ms,95%): 108.68 err/s: 0.00 reconn/s: 0.00
[ 500s ] thds: 400 tps: 8515.53 qps: 170465.63 (r/w/o: 119308.97/34125.51/17031.15) lat (ms,95%): 78.60 err/s: 0.00 reconn/s: 0.00
[ 510s ] thds: 400 tps: 9386.27 qps: 187527.92 (r/w/o: 131232.93/37522.46/18772.53) lat (ms,95%): 58.92 err/s: 0.00 reconn/s: 0.00
[ 520s ] thds: 400 tps: 9244.29 qps: 184985.54 (r/w/o: 129514.42/36982.35/18488.77) lat (ms,95%): 65.65 err/s: 0.10 reconn/s: 0.00
[ 530s ] thds: 400 tps: 9149.69 qps: 182840.81 (r/w/o: 128002.60/36538.94/18299.27) lat (ms,95%): 69.29 err/s: 0.00 reconn/s: 0.00
[ 540s ] thds: 400 tps: 9499.31 qps: 190127.33 (r/w/o: 133071.69/38056.93/18998.71) lat (ms,95%): 58.92 err/s: 0.00 reconn/s: 0.00
[ 550s ] thds: 400 tps: 9383.13 qps: 187636.23 (r/w/o: 131328.54/37546.73/18760.96) lat (ms,95%): 62.19 err/s: 0.00 reconn/s: 0.00
[ 560s ] thds: 400 tps: 9150.56 qps: 183009.90 (r/w/o: 128162.64/36540.84/18306.42) lat (ms,95%): 68.05 err/s: 0.00 reconn/s: 0.00
[ 570s ] thds: 400 tps: 8209.17 qps: 164195.06 (r/w/o: 114911.62/32865.29/16418.15) lat (ms,95%): 89.16 err/s: 0.00 reconn/s: 0.00
[ 580s ] thds: 400 tps: 9485.44 qps: 189566.50 (r/w/o: 132679.26/37915.96/18971.28) lat (ms,95%): 57.87 err/s: 0.00 reconn/s: 0.00
[ 590s ] thds: 400 tps: 7543.50 qps: 150819.40 (r/w/o: 105557.23/30175.98/15086.19) lat (ms,95%): 95.81 err/s: 0.00 reconn/s: 0.00
[ 600s ] thds: 400 tps: 7506.69 qps: 150444.26 (r/w/o: 105336.63/30093.35/15014.28) lat (ms,95%): 92.42 err/s: 0.00 reconn/s: 0.00
[ 610s ] thds: 400 tps: 7102.12 qps: 142085.95 (r/w/o: 99445.55/28436.17/14204.24) lat (ms,95%): 101.13 err/s: 0.00 reconn/s: 0.00
[ 620s ] thds: 400 tps: 9374.87 qps: 187470.21 (r/w/o: 131247.99/37472.48/18749.74) lat (ms,95%): 56.84 err/s: 0.00 reconn/s: 0.00
[ 630s ] thds: 400 tps: 9226.20 qps: 184296.30 (r/w/o: 128995.07/36848.72/18452.51) lat (ms,95%): 65.65 err/s: 0.00 reconn/s: 0.00
[ 640s ] thds: 400 tps: 9134.58 qps: 182816.00 (r/w/o: 127988.19/36558.44/18269.37) lat (ms,95%): 68.05 err/s: 0.00 reconn/s: 0.00
[ 650s ] thds: 400 tps: 9567.69 qps: 191055.84 (r/w/o: 133694.29/38226.87/19134.68) lat (ms,95%): 55.82 err/s: 0.00 reconn/s: 0.00
[ 660s ] thds: 400 tps: 9392.65 qps: 187987.28 (r/w/o: 131602.39/37605.70/18779.20) lat (ms,95%): 59.99 err/s: 0.00 reconn/s: 0.00
[ 670s ] thds: 400 tps: 9077.79 qps: 181746.47 (r/w/o: 127261.71/36322.27/18162.49) lat (ms,95%): 68.05 err/s: 0.00 reconn/s: 0.00
[ 680s ] thds: 400 tps: 8240.01 qps: 164592.73 (r/w/o: 115186.96/32925.55/16480.22) lat (ms,95%): 95.81 err/s: 0.00 reconn/s: 0.00
[ 690s ] thds: 400 tps: 9532.89 qps: 190632.31 (r/w/o: 133431.00/38143.04/19058.27) lat (ms,95%): 56.84 err/s: 0.00 reconn/s: 0.00
[ 700s ] thds: 400 tps: 7862.68 qps: 157354.21 (r/w/o: 110177.43/31443.52/15733.26) lat (ms,95%): 92.42 err/s: 0.10 reconn/s: 0.00
[ 710s ] thds: 400 tps: 7559.02 qps: 151283.27 (r/w/o: 105903.76/30261.67/15117.84) lat (ms,95%): 90.78 err/s: 0.00 reconn/s: 0.00
[ 720s ] thds: 400 tps: 7556.43 qps: 150871.60 (r/w/o: 105542.82/30220.92/15107.86) lat (ms,95%): 90.78 err/s: 0.00 reconn/s: 0.00
[ 730s ] thds: 400 tps: 8220.44 qps: 164238.50 (r/w/o: 114953.13/32841.38/16443.99) lat (ms,95%): 84.47 err/s: 0.00 reconn/s: 0.00
[ 740s ] thds: 400 tps: 9031.67 qps: 180954.94 (r/w/o: 126736.81/36152.49/18065.64) lat (ms,95%): 68.05 err/s: 0.00 reconn/s: 0.00
[ 750s ] thds: 400 tps: 9116.34 qps: 182422.19 (r/w/o: 127728.75/36460.66/18232.78) lat (ms,95%): 68.05 err/s: 0.00 reconn/s: 0.00
[ 760s ] thds: 400 tps: 9492.81 qps: 189775.03 (r/w/o: 132786.89/38002.23/18985.91) lat (ms,95%): 57.87 err/s: 0.00 reconn/s: 0.00
[ 770s ] thds: 400 tps: 9000.85 qps: 179951.66 (r/w/o: 125968.17/35981.79/18001.70) lat (ms,95%): 75.82 err/s: 0.00 reconn/s: 0.00
[ 780s ] thds: 400 tps: 8581.98 qps: 171733.00 (r/w/o: 120244.02/34326.82/17162.16) lat (ms,95%): 86.00 err/s: 0.00 reconn/s: 0.00
[ 790s ] thds: 400 tps: 8037.77 qps: 160805.86 (r/w/o: 112543.62/32185.89/16076.35) lat (ms,95%): 92.42 err/s: 0.10 reconn/s: 0.00
[ 800s ] thds: 400 tps: 8441.08 qps: 168790.12 (r/w/o: 118131.64/33777.62/16880.86) lat (ms,95%): 86.00 err/s: 0.00 reconn/s: 0.00
[ 810s ] thds: 400 tps: 7681.58 qps: 153538.12 (r/w/o: 107473.53/30703.72/15360.86) lat (ms,95%): 102.97 err/s: 0.00 reconn/s: 0.00
[ 820s ] thds: 400 tps: 7168.63 qps: 143430.79 (r/w/o: 100434.71/28653.82/14342.26) lat (ms,95%): 101.13 err/s: 0.00 reconn/s: 0.00
[ 830s ] thds: 400 tps: 7419.00 qps: 148318.43 (r/w/o: 103830.32/29649.81/14838.30) lat (ms,95%): 101.13 err/s: 0.10 reconn/s: 0.00
[ 840s ] thds: 400 tps: 7706.77 qps: 154205.27 (r/w/o: 107905.43/30888.99/15410.85) lat (ms,95%): 97.55 err/s: 0.00 reconn/s: 0.00
SQL statistics:
    queries performed:
        read:                            100665180
        write:                           28761394
        other:                           14380784
        total:                           143807358
    transactions:                        7190349 (8553.71 per sec.)
    queries:                             143807358 (171074.70 per sec.)
    ignored errors:                      21     (0.02 per sec.)
    reconnects:                          0      (0.00 per sec.)

General statistics:
    total time:                          840.6103s
    total number of events:              7190349

Latency (ms):
         min:                                   19.67
         avg:                                   46.73
         max:                                  916.37
         95th percentile:                       84.47
         sum:                            336024425.17

Threads fairness:
    events (avg/stddev):           17975.8725/363.56
    execution time (avg/stddev):   840.0611/0.06

