sysbench 1.0.20-ebf1c90 (using bundled LuaJIT 2.1.0-beta2)

Running the test with following options:
Number of threads: 400
Report intermediate results every 10 second(s)
Initializing random number generator from current time


Initializing worker threads...

Threads started!

[ 10s ] thds: 400 tps: 5399.35 qps: 108296.16 (r/w/o: 75854.50/21602.88/10838.78) lat (ms,95%): 223.34 err/s: 0.10 reconn/s: 0.00
[ 20s ] thds: 400 tps: 7853.91 qps: 157107.67 (r/w/o: 109980.39/31418.95/15708.33) lat (ms,95%): 161.51 err/s: 0.10 reconn/s: 0.00
[ 30s ] thds: 400 tps: 8485.35 qps: 169973.99 (r/w/o: 119022.70/33980.60/16970.70) lat (ms,95%): 94.10 err/s: 0.00 reconn/s: 0.00
[ 40s ] thds: 400 tps: 8808.63 qps: 176149.40 (r/w/o: 123306.85/35226.30/17616.25) lat (ms,95%): 73.13 err/s: 0.00 reconn/s: 0.00
[ 50s ] thds: 400 tps: 9225.48 qps: 184558.45 (r/w/o: 129176.66/36929.83/18451.97) lat (ms,95%): 62.19 err/s: 0.00 reconn/s: 0.00
[ 60s ] thds: 400 tps: 9092.16 qps: 181539.78 (r/w/o: 127041.20/36314.16/18184.43) lat (ms,95%): 65.65 err/s: 0.00 reconn/s: 0.00
[ 70s ] thds: 400 tps: 9289.29 qps: 186130.80 (r/w/o: 130289.56/37262.36/18578.88) lat (ms,95%): 64.47 err/s: 0.10 reconn/s: 0.00
[ 80s ] thds: 400 tps: 9026.83 qps: 180365.63 (r/w/o: 126321.68/35990.30/18053.65) lat (ms,95%): 74.46 err/s: 0.00 reconn/s: 0.00
[ 90s ] thds: 400 tps: 9236.91 qps: 184666.67 (r/w/o: 129224.92/36967.84/18473.92) lat (ms,95%): 63.32 err/s: 0.00 reconn/s: 0.00
[ 100s ] thds: 400 tps: 9551.27 qps: 191127.41 (r/w/o: 133797.49/38227.28/19102.64) lat (ms,95%): 56.84 err/s: 0.00 reconn/s: 0.00
[ 110s ] thds: 400 tps: 9560.90 qps: 191031.25 (r/w/o: 133696.37/38214.69/19120.20) lat (ms,95%): 56.84 err/s: 0.00 reconn/s: 0.00
[ 120s ] thds: 400 tps: 7268.39 qps: 145699.93 (r/w/o: 102010.38/29150.87/14538.68) lat (ms,95%): 118.92 err/s: 0.10 reconn/s: 0.00
[ 130s ] thds: 400 tps: 5820.01 qps: 116127.99 (r/w/o: 81258.70/23233.26/11636.03) lat (ms,95%): 139.85 err/s: 0.00 reconn/s: 0.00
[ 140s ] thds: 400 tps: 7248.48 qps: 145151.97 (r/w/o: 101643.57/29007.33/14501.07) lat (ms,95%): 110.66 err/s: 0.00 reconn/s: 0.00
[ 150s ] thds: 400 tps: 9115.00 qps: 182289.36 (r/w/o: 127605.44/36453.91/18230.01) lat (ms,95%): 63.32 err/s: 0.00 reconn/s: 0.00
[ 160s ] thds: 400 tps: 9073.90 qps: 181438.77 (r/w/o: 127019.95/36270.71/18148.11) lat (ms,95%): 73.13 err/s: 0.10 reconn/s: 0.00
[ 170s ] thds: 400 tps: 9352.20 qps: 187187.59 (r/w/o: 130987.50/37496.00/18704.10) lat (ms,95%): 59.99 err/s: 0.00 reconn/s: 0.00
[ 180s ] thds: 400 tps: 9381.89 qps: 187426.86 (r/w/o: 131205.63/37459.75/18761.48) lat (ms,95%): 66.84 err/s: 0.00 reconn/s: 0.00
[ 190s ] thds: 400 tps: 9250.18 qps: 185148.16 (r/w/o: 129625.56/37019.53/18503.07) lat (ms,95%): 62.19 err/s: 0.00 reconn/s: 0.00
[ 200s ] thds: 400 tps: 9436.34 qps: 188512.61 (r/w/o: 131952.40/37689.84/18870.37) lat (ms,95%): 59.99 err/s: 0.00 reconn/s: 0.00
[ 210s ] thds: 400 tps: 9676.16 qps: 193568.45 (r/w/o: 135468.60/38745.13/19354.71) lat (ms,95%): 55.82 err/s: 0.00 reconn/s: 0.00
[ 220s ] thds: 400 tps: 9318.73 qps: 186427.97 (r/w/o: 130544.57/37245.73/18637.67) lat (ms,95%): 63.32 err/s: 0.00 reconn/s: 0.00
[ 230s ] thds: 400 tps: 8519.90 qps: 170642.23 (r/w/o: 119397.62/34204.71/17039.90) lat (ms,95%): 87.56 err/s: 0.00 reconn/s: 0.00
[ 240s ] thds: 400 tps: 7287.80 qps: 145684.51 (r/w/o: 102011.04/29097.48/14575.99) lat (ms,95%): 99.33 err/s: 0.10 reconn/s: 0.00
[ 250s ] thds: 400 tps: 7083.41 qps: 141500.39 (r/w/o: 99089.60/28243.76/14167.03) lat (ms,95%): 101.13 err/s: 0.10 reconn/s: 0.00
[ 260s ] thds: 400 tps: 8106.38 qps: 162236.40 (r/w/o: 113518.92/32508.82/16208.66) lat (ms,95%): 86.00 err/s: 0.00 reconn/s: 0.00
[ 270s ] thds: 400 tps: 9218.88 qps: 184219.99 (r/w/o: 128969.31/36808.62/18442.06) lat (ms,95%): 62.19 err/s: 0.10 reconn/s: 0.00
[ 280s ] thds: 400 tps: 9417.93 qps: 188515.21 (r/w/o: 131977.36/37702.00/18835.85) lat (ms,95%): 58.92 err/s: 0.00 reconn/s: 0.00
[ 290s ] thds: 400 tps: 9472.54 qps: 189346.25 (r/w/o: 132502.92/37899.35/18943.97) lat (ms,95%): 58.92 err/s: 0.00 reconn/s: 0.00
[ 300s ] thds: 400 tps: 9221.95 qps: 184274.52 (r/w/o: 128986.21/36849.00/18439.30) lat (ms,95%): 69.29 err/s: 0.00 reconn/s: 0.00
[ 310s ] thds: 400 tps: 9398.30 qps: 187944.30 (r/w/o: 131545.53/37599.48/18799.29) lat (ms,95%): 61.08 err/s: 0.10 reconn/s: 0.00
[ 320s ] thds: 400 tps: 9452.62 qps: 189043.11 (r/w/o: 132320.81/37815.96/18906.33) lat (ms,95%): 57.87 err/s: 0.00 reconn/s: 0.00
[ 330s ] thds: 400 tps: 9511.69 qps: 190518.82 (r/w/o: 133413.48/38079.56/19025.78) lat (ms,95%): 55.82 err/s: 0.00 reconn/s: 0.00
[ 340s ] thds: 400 tps: 8491.17 qps: 169517.27 (r/w/o: 118600.36/33935.77/16981.14) lat (ms,95%): 89.16 err/s: 0.10 reconn/s: 0.00
[ 350s ] thds: 400 tps: 7397.62 qps: 148178.58 (r/w/o: 103812.94/29569.20/14796.45) lat (ms,95%): 97.55 err/s: 0.00 reconn/s: 0.00
[ 360s ] thds: 400 tps: 7406.70 qps: 148131.45 (r/w/o: 103674.77/29643.09/14813.60) lat (ms,95%): 99.33 err/s: 0.00 reconn/s: 0.00
[ 370s ] thds: 400 tps: 7517.65 qps: 150280.88 (r/w/o: 105183.78/30063.00/15034.10) lat (ms,95%): 92.42 err/s: 0.00 reconn/s: 0.00
[ 380s ] thds: 400 tps: 8424.64 qps: 168773.39 (r/w/o: 118125.46/33797.36/16850.58) lat (ms,95%): 82.96 err/s: 0.00 reconn/s: 0.00
[ 390s ] thds: 400 tps: 8406.51 qps: 167974.14 (r/w/o: 117624.97/33536.15/16813.02) lat (ms,95%): 89.16 err/s: 0.00 reconn/s: 0.00
[ 400s ] thds: 400 tps: 8136.97 qps: 162582.41 (r/w/o: 113729.49/32587.28/16265.64) lat (ms,95%): 87.56 err/s: 0.10 reconn/s: 0.00
[ 410s ] thds: 400 tps: 7647.32 qps: 153008.92 (r/w/o: 107153.00/30553.58/15302.34) lat (ms,95%): 104.84 err/s: 0.00 reconn/s: 0.00
[ 420s ] thds: 400 tps: 8082.27 qps: 161706.26 (r/w/o: 113203.35/32337.77/16165.14) lat (ms,95%): 92.42 err/s: 0.00 reconn/s: 0.00
[ 430s ] thds: 400 tps: 9368.92 qps: 187186.16 (r/w/o: 131005.72/37442.29/18738.15) lat (ms,95%): 57.87 err/s: 0.10 reconn/s: 0.00
[ 440s ] thds: 400 tps: 9456.43 qps: 189431.35 (r/w/o: 132650.68/37867.41/18913.25) lat (ms,95%): 56.84 err/s: 0.00 reconn/s: 0.00
[ 450s ] thds: 400 tps: 9153.29 qps: 182861.87 (r/w/o: 127975.41/36579.87/18306.59) lat (ms,95%): 69.29 err/s: 0.00 reconn/s: 0.00
[ 460s ] thds: 400 tps: 8312.21 qps: 166311.02 (r/w/o: 116395.48/33291.02/16624.51) lat (ms,95%): 90.78 err/s: 0.00 reconn/s: 0.00
[ 470s ] thds: 400 tps: 9603.31 qps: 192119.10 (r/w/o: 134531.57/38380.82/19206.71) lat (ms,95%): 55.82 err/s: 0.00 reconn/s: 0.00
[ 480s ] thds: 400 tps: 7446.09 qps: 148950.80 (r/w/o: 104253.53/29805.38/14891.89) lat (ms,95%): 97.55 err/s: 0.00 reconn/s: 0.00
[ 490s ] thds: 400 tps: 6695.45 qps: 134016.99 (r/w/o: 93778.09/26847.50/13391.40) lat (ms,95%): 108.68 err/s: 0.10 reconn/s: 0.00
[ 500s ] thds: 400 tps: 8525.69 qps: 170089.79 (r/w/o: 119051.15/33988.66/17049.98) lat (ms,95%): 78.60 err/s: 0.00 reconn/s: 0.00
[ 510s ] thds: 400 tps: 9363.21 qps: 187564.27 (r/w/o: 131333.69/37502.25/18728.33) lat (ms,95%): 58.92 err/s: 0.20 reconn/s: 0.00
[ 520s ] thds: 400 tps: 9254.59 qps: 184859.42 (r/w/o: 129345.61/37004.54/18509.27) lat (ms,95%): 65.65 err/s: 0.00 reconn/s: 0.00
[ 530s ] thds: 400 tps: 9113.51 qps: 182611.32 (r/w/o: 127888.76/36495.54/18227.02) lat (ms,95%): 69.29 err/s: 0.00 reconn/s: 0.00
[ 540s ] thds: 400 tps: 9480.59 qps: 189354.05 (r/w/o: 132518.00/37879.37/18956.69) lat (ms,95%): 59.99 err/s: 0.10 reconn/s: 0.00
[ 550s ] thds: 400 tps: 9392.91 qps: 187932.47 (r/w/o: 131576.92/37565.03/18790.52) lat (ms,95%): 62.19 err/s: 0.00 reconn/s: 0.00
[ 560s ] thds: 400 tps: 9180.41 qps: 183752.94 (r/w/o: 128617.10/36775.03/18360.81) lat (ms,95%): 66.84 err/s: 0.00 reconn/s: 0.00
[ 570s ] thds: 400 tps: 8244.20 qps: 164893.09 (r/w/o: 115405.79/32998.90/16488.40) lat (ms,95%): 89.16 err/s: 0.00 reconn/s: 0.00
[ 580s ] thds: 400 tps: 9502.87 qps: 189941.52 (r/w/o: 132984.49/37953.38/19003.64) lat (ms,95%): 57.87 err/s: 0.00 reconn/s: 0.00
[ 590s ] thds: 400 tps: 7559.24 qps: 151358.54 (r/w/o: 105946.39/30291.17/15120.98) lat (ms,95%): 95.81 err/s: 0.00 reconn/s: 0.00
[ 600s ] thds: 400 tps: 7590.69 qps: 151376.42 (r/w/o: 105919.20/30277.04/15180.17) lat (ms,95%): 92.42 err/s: 0.10 reconn/s: 0.00
[ 610s ] thds: 400 tps: 7107.79 qps: 142334.63 (r/w/o: 99700.41/28417.15/14217.07) lat (ms,95%): 101.13 err/s: 0.00 reconn/s: 0.00
[ 620s ] thds: 400 tps: 9388.21 qps: 187614.52 (r/w/o: 131284.85/37553.24/18776.42) lat (ms,95%): 56.84 err/s: 0.00 reconn/s: 0.00
[ 630s ] thds: 400 tps: 9186.51 qps: 184002.72 (r/w/o: 128829.29/36800.42/18373.01) lat (ms,95%): 65.65 err/s: 0.00 reconn/s: 0.00
[ 640s ] thds: 400 tps: 9195.09 qps: 183994.10 (r/w/o: 128788.83/36815.08/18390.19) lat (ms,95%): 68.05 err/s: 0.00 reconn/s: 0.00
[ 650s ] thds: 400 tps: 9572.84 qps: 191355.67 (r/w/o: 133977.84/38233.06/19144.78) lat (ms,95%): 55.82 err/s: 0.00 reconn/s: 0.00
[ 660s ] thds: 400 tps: 9462.33 qps: 189140.10 (r/w/o: 132364.12/37850.42/18925.56) lat (ms,95%): 59.99 err/s: 0.00 reconn/s: 0.00
[ 670s ] thds: 400 tps: 9107.39 qps: 182017.90 (r/w/o: 127395.26/36407.86/18214.78) lat (ms,95%): 66.84 err/s: 0.00 reconn/s: 0.00
[ 680s ] thds: 400 tps: 8257.94 qps: 165466.11 (r/w/o: 115864.27/33085.76/16516.08) lat (ms,95%): 94.10 err/s: 0.00 reconn/s: 0.00
[ 690s ] thds: 400 tps: 9559.20 qps: 191066.78 (r/w/o: 133736.09/38212.30/19118.40) lat (ms,95%): 56.84 err/s: 0.00 reconn/s: 0.00
[ 700s ] thds: 400 tps: 7900.00 qps: 158081.78 (r/w/o: 110652.69/31629.10/15800.00) lat (ms,95%): 92.42 err/s: 0.00 reconn/s: 0.00
[ 710s ] thds: 400 tps: 7557.19 qps: 151065.82 (r/w/o: 105728.47/30223.06/15114.28) lat (ms,95%): 90.78 err/s: 0.00 reconn/s: 0.00
[ 720s ] thds: 400 tps: 7591.80 qps: 151662.56 (r/w/o: 106170.04/30312.01/15180.51) lat (ms,95%): 89.16 err/s: 0.10 reconn/s: 0.00
[ 730s ] thds: 400 tps: 8263.36 qps: 165445.24 (r/w/o: 115864.60/33050.43/16530.21) lat (ms,95%): 82.96 err/s: 0.00 reconn/s: 0.00
[ 740s ] thds: 400 tps: 9045.84 qps: 180975.29 (r/w/o: 126637.56/36246.66/18091.08) lat (ms,95%): 69.29 err/s: 0.00 reconn/s: 0.00
[ 750s ] thds: 400 tps: 9188.51 qps: 183654.26 (r/w/o: 128537.61/36739.03/18377.62) lat (ms,95%): 68.05 err/s: 0.10 reconn/s: 0.00
[ 760s ] thds: 400 tps: 9519.21 qps: 190452.17 (r/w/o: 133359.82/38053.43/19038.92) lat (ms,95%): 57.87 err/s: 0.00 reconn/s: 0.00
[ 770s ] thds: 400 tps: 8977.31 qps: 179594.96 (r/w/o: 125725.51/35914.83/17954.62) lat (ms,95%): 75.82 err/s: 0.00 reconn/s: 0.00
[ 780s ] thds: 400 tps: 8615.73 qps: 172186.18 (r/w/o: 120495.58/34460.64/17229.97) lat (ms,95%): 87.56 err/s: 0.00 reconn/s: 0.00
[ 790s ] thds: 400 tps: 8017.61 qps: 160655.76 (r/w/o: 112443.68/32175.35/16036.73) lat (ms,95%): 94.10 err/s: 0.00 reconn/s: 0.00
[ 800s ] thds: 400 tps: 8460.10 qps: 168942.20 (r/w/o: 118279.17/33744.62/16918.41) lat (ms,95%): 86.00 err/s: 0.00 reconn/s: 0.00
[ 810s ] thds: 400 tps: 7700.06 qps: 153951.52 (r/w/o: 107783.05/30769.84/15398.62) lat (ms,95%): 102.97 err/s: 0.00 reconn/s: 0.00
[ 820s ] thds: 400 tps: 7173.80 qps: 143726.57 (r/w/o: 100596.25/28779.21/14351.11) lat (ms,95%): 101.13 err/s: 0.10 reconn/s: 0.00
[ 830s ] thds: 400 tps: 7427.01 qps: 148609.85 (r/w/o: 104006.87/29748.85/14854.12) lat (ms,95%): 99.33 err/s: 0.00 reconn/s: 0.00
[ 840s ] thds: 400 tps: 7745.00 qps: 154831.07 (r/w/o: 108401.48/30939.59/15490.00) lat (ms,95%): 97.55 err/s: 0.00 reconn/s: 0.00
SQL statistics:
    queries performed:
        read:                            100797102
        write:                           28799093
        other:                           14399625
        total:                           143995820
    transactions:                        7199773 (8563.56 per sec.)
    queries:                             143995820 (171271.66 per sec.)
    ignored errors:                      20     (0.02 per sec.)
    reconnects:                          0      (0.00 per sec.)

General statistics:
    total time:                          840.7442s
    total number of events:              7199773

Latency (ms):
         min:                                   19.56
         avg:                                   46.67
         max:                                  922.17
         95th percentile:                       84.47
         sum:                            336016942.57

Threads fairness:
    events (avg/stddev):           17999.4325/400.96
    execution time (avg/stddev):   840.0424/0.05

