sysbench 1.0.20-ebf1c90 (using bundled LuaJIT 2.1.0-beta2)

Running the test with following options:
Number of threads: 400
Report intermediate results every 10 second(s)
Initializing random number generator from current time


Initializing worker threads...

Threads started!

[ 10s ] thds: 400 tps: 5414.50 qps: 108677.67 (r/w/o: 76132.87/21675.81/10869.00) lat (ms,95%): 223.34 err/s: 0.00 reconn/s: 0.00
[ 20s ] thds: 400 tps: 7840.91 qps: 157076.43 (r/w/o: 109973.56/31421.05/15681.82) lat (ms,95%): 161.51 err/s: 0.00 reconn/s: 0.00
[ 30s ] thds: 400 tps: 8489.71 qps: 169557.28 (r/w/o: 118689.83/33887.64/16979.82) lat (ms,95%): 97.55 err/s: 0.10 reconn/s: 0.00
[ 40s ] thds: 400 tps: 8809.02 qps: 176289.58 (r/w/o: 123383.86/35287.98/17617.74) lat (ms,95%): 73.13 err/s: 0.00 reconn/s: 0.00
[ 50s ] thds: 400 tps: 9252.84 qps: 184942.04 (r/w/o: 129477.99/36957.97/18506.08) lat (ms,95%): 62.19 err/s: 0.00 reconn/s: 0.00
[ 60s ] thds: 400 tps: 9108.65 qps: 182315.83 (r/w/o: 127613.75/36484.79/18217.29) lat (ms,95%): 65.65 err/s: 0.00 reconn/s: 0.00
[ 70s ] thds: 400 tps: 9310.00 qps: 186157.90 (r/w/o: 130324.40/37213.50/18620.00) lat (ms,95%): 64.47 err/s: 0.00 reconn/s: 0.00
[ 80s ] thds: 400 tps: 9041.23 qps: 180710.97 (r/w/o: 126457.80/36172.81/18080.36) lat (ms,95%): 74.46 err/s: 0.10 reconn/s: 0.00
[ 90s ] thds: 400 tps: 9276.18 qps: 185640.38 (r/w/o: 129950.31/37135.42/18554.66) lat (ms,95%): 62.19 err/s: 0.00 reconn/s: 0.00
[ 100s ] thds: 400 tps: 9573.39 qps: 191481.00 (r/w/o: 134020.76/38314.16/19146.08) lat (ms,95%): 56.84 err/s: 0.00 reconn/s: 0.00
[ 110s ] thds: 400 tps: 9580.84 qps: 191680.32 (r/w/o: 134213.30/38304.64/19162.37) lat (ms,95%): 56.84 err/s: 0.00 reconn/s: 0.00
[ 120s ] thds: 400 tps: 7245.46 qps: 144561.06 (r/w/o: 101154.11/28917.63/14489.32) lat (ms,95%): 118.92 err/s: 0.00 reconn/s: 0.00
[ 130s ] thds: 400 tps: 5776.73 qps: 115859.73 (r/w/o: 81126.67/23179.61/11553.45) lat (ms,95%): 139.85 err/s: 0.00 reconn/s: 0.00
[ 140s ] thds: 400 tps: 7294.34 qps: 145626.13 (r/w/o: 101914.08/29126.37/14585.68) lat (ms,95%): 108.68 err/s: 0.00 reconn/s: 0.00
[ 150s ] thds: 400 tps: 9133.52 qps: 182619.97 (r/w/o: 127840.53/36516.79/18262.65) lat (ms,95%): 63.32 err/s: 0.10 reconn/s: 0.00
[ 160s ] thds: 400 tps: 9065.25 qps: 181466.52 (r/w/o: 127029.34/36297.38/18139.79) lat (ms,95%): 73.13 err/s: 0.00 reconn/s: 0.00
[ 170s ] thds: 400 tps: 9391.47 qps: 187921.28 (r/w/o: 131586.03/37552.60/18782.65) lat (ms,95%): 59.99 err/s: 0.10 reconn/s: 0.00
[ 180s ] thds: 400 tps: 9348.31 qps: 186921.30 (r/w/o: 130807.34/37418.44/18695.52) lat (ms,95%): 66.84 err/s: 0.00 reconn/s: 0.00
[ 190s ] thds: 400 tps: 9265.35 qps: 185582.54 (r/w/o: 129909.93/37140.31/18532.30) lat (ms,95%): 61.08 err/s: 0.00 reconn/s: 0.00
[ 200s ] thds: 400 tps: 9486.38 qps: 189671.53 (r/w/o: 132788.57/37910.21/18972.75) lat (ms,95%): 58.92 err/s: 0.00 reconn/s: 0.00
[ 210s ] thds: 400 tps: 9638.34 qps: 192612.48 (r/w/o: 134844.02/38491.88/19276.59) lat (ms,95%): 55.82 err/s: 0.10 reconn/s: 0.00
[ 220s ] thds: 400 tps: 9302.33 qps: 186172.92 (r/w/o: 130292.13/37277.62/18603.16) lat (ms,95%): 63.32 err/s: 0.00 reconn/s: 0.00
[ 230s ] thds: 400 tps: 8569.92 qps: 171174.29 (r/w/o: 119850.47/34182.08/17141.74) lat (ms,95%): 86.00 err/s: 0.00 reconn/s: 0.00
[ 240s ] thds: 400 tps: 7297.09 qps: 145870.31 (r/w/o: 102087.59/29189.84/14592.87) lat (ms,95%): 99.33 err/s: 0.00 reconn/s: 0.00
[ 250s ] thds: 400 tps: 7040.27 qps: 140842.26 (r/w/o: 98565.62/28201.79/14074.85) lat (ms,95%): 101.13 err/s: 0.00 reconn/s: 0.00
[ 260s ] thds: 400 tps: 8077.11 qps: 161605.90 (r/w/o: 113179.31/32265.36/16161.23) lat (ms,95%): 86.00 err/s: 0.00 reconn/s: 0.00
[ 270s ] thds: 400 tps: 9220.49 qps: 184599.66 (r/w/o: 129187.80/36970.77/18441.09) lat (ms,95%): 61.08 err/s: 0.00 reconn/s: 0.00
[ 280s ] thds: 400 tps: 9435.57 qps: 188320.34 (r/w/o: 131800.61/37649.79/18869.94) lat (ms,95%): 58.92 err/s: 0.00 reconn/s: 0.00
[ 290s ] thds: 400 tps: 9454.04 qps: 189452.16 (r/w/o: 132633.93/37910.95/18907.28) lat (ms,95%): 58.92 err/s: 0.00 reconn/s: 0.00
[ 300s ] thds: 400 tps: 9192.40 qps: 183767.37 (r/w/o: 128677.78/36702.59/18387.00) lat (ms,95%): 69.29 err/s: 0.10 reconn/s: 0.00
[ 310s ] thds: 400 tps: 9335.65 qps: 186694.35 (r/w/o: 130688.47/37334.39/18671.50) lat (ms,95%): 62.19 err/s: 0.00 reconn/s: 0.00
[ 320s ] thds: 400 tps: 9406.16 qps: 188155.05 (r/w/o: 131706.20/37636.43/18812.41) lat (ms,95%): 57.87 err/s: 0.00 reconn/s: 0.00
[ 330s ] thds: 400 tps: 9540.82 qps: 190595.67 (r/w/o: 133372.53/38143.89/19079.25) lat (ms,95%): 55.82 err/s: 0.00 reconn/s: 0.00
[ 340s ] thds: 400 tps: 8464.87 qps: 169499.36 (r/w/o: 118701.02/33866.19/16932.15) lat (ms,95%): 89.16 err/s: 0.00 reconn/s: 0.00
[ 350s ] thds: 400 tps: 7404.12 qps: 148021.72 (r/w/o: 103612.79/29600.88/14808.04) lat (ms,95%): 99.33 err/s: 0.00 reconn/s: 0.00
[ 360s ] thds: 400 tps: 7387.83 qps: 147943.72 (r/w/o: 103515.97/29653.70/14774.05) lat (ms,95%): 99.33 err/s: 0.00 reconn/s: 0.00
[ 370s ] thds: 400 tps: 7488.19 qps: 149788.06 (r/w/o: 104851.13/29958.35/14978.58) lat (ms,95%): 92.42 err/s: 0.00 reconn/s: 0.00
[ 380s ] thds: 400 tps: 8429.38 qps: 168367.23 (r/w/o: 117904.57/33603.81/16858.85) lat (ms,95%): 82.96 err/s: 0.00 reconn/s: 0.00
[ 390s ] thds: 400 tps: 8402.40 qps: 167812.78 (r/w/o: 117390.39/33617.30/16805.10) lat (ms,95%): 89.16 err/s: 0.10 reconn/s: 0.00
[ 400s ] thds: 400 tps: 8112.77 qps: 162391.51 (r/w/o: 113693.81/32475.06/16222.63) lat (ms,95%): 87.56 err/s: 0.10 reconn/s: 0.00
[ 410s ] thds: 400 tps: 7655.73 qps: 153246.70 (r/w/o: 107295.55/30636.60/15314.55) lat (ms,95%): 104.84 err/s: 0.00 reconn/s: 0.00
[ 420s ] thds: 400 tps: 8104.54 qps: 162086.47 (r/w/o: 113452.84/32424.65/16208.98) lat (ms,95%): 92.42 err/s: 0.00 reconn/s: 0.00
[ 430s ] thds: 400 tps: 9338.88 qps: 186952.07 (r/w/o: 130880.00/37394.31/18677.76) lat (ms,95%): 57.87 err/s: 0.00 reconn/s: 0.00
[ 440s ] thds: 400 tps: 9471.77 qps: 189158.53 (r/w/o: 132407.90/37807.79/18942.84) lat (ms,95%): 56.84 err/s: 0.00 reconn/s: 0.00
[ 450s ] thds: 400 tps: 9108.34 qps: 182416.27 (r/w/o: 127701.14/36497.35/18217.78) lat (ms,95%): 69.29 err/s: 0.00 reconn/s: 0.00
[ 460s ] thds: 400 tps: 8301.40 qps: 166022.13 (r/w/o: 116222.75/33196.59/16602.79) lat (ms,95%): 90.78 err/s: 0.00 reconn/s: 0.00
[ 470s ] thds: 400 tps: 9607.01 qps: 191814.42 (r/w/o: 134214.26/38385.94/19214.22) lat (ms,95%): 55.82 err/s: 0.00 reconn/s: 0.00
[ 480s ] thds: 400 tps: 7424.49 qps: 148637.31 (r/w/o: 104086.70/29702.64/14847.97) lat (ms,95%): 99.33 err/s: 0.00 reconn/s: 0.00
[ 490s ] thds: 400 tps: 6716.91 qps: 134366.41 (r/w/o: 94080.38/26852.92/13433.11) lat (ms,95%): 108.68 err/s: 0.00 reconn/s: 0.00
[ 500s ] thds: 400 tps: 8492.62 qps: 170033.33 (r/w/o: 119013.90/34032.29/16987.14) lat (ms,95%): 80.03 err/s: 0.00 reconn/s: 0.00
[ 510s ] thds: 400 tps: 9427.84 qps: 187992.40 (r/w/o: 131503.56/37635.66/18853.18) lat (ms,95%): 58.92 err/s: 0.00 reconn/s: 0.00
[ 520s ] thds: 400 tps: 9170.83 qps: 183862.91 (r/w/o: 128811.16/36707.70/18344.05) lat (ms,95%): 66.84 err/s: 0.00 reconn/s: 0.00
[ 530s ] thds: 400 tps: 9152.77 qps: 182900.86 (r/w/o: 127993.32/36601.49/18306.05) lat (ms,95%): 68.05 err/s: 0.10 reconn/s: 0.00
[ 540s ] thds: 400 tps: 9513.10 qps: 190267.35 (r/w/o: 133189.47/38056.49/19021.40) lat (ms,95%): 58.92 err/s: 0.10 reconn/s: 0.00
[ 550s ] thds: 400 tps: 9379.06 qps: 187739.96 (r/w/o: 131413.28/37563.05/18763.63) lat (ms,95%): 62.19 err/s: 0.10 reconn/s: 0.00
[ 560s ] thds: 400 tps: 9146.07 qps: 182800.35 (r/w/o: 127964.34/36543.87/18292.13) lat (ms,95%): 68.05 err/s: 0.00 reconn/s: 0.00
[ 570s ] thds: 400 tps: 8226.79 qps: 164603.03 (r/w/o: 115240.18/32910.57/16452.28) lat (ms,95%): 89.16 err/s: 0.10 reconn/s: 0.00
[ 580s ] thds: 400 tps: 9492.21 qps: 189730.69 (r/w/o: 132788.53/37962.24/18979.92) lat (ms,95%): 57.87 err/s: 0.00 reconn/s: 0.00
[ 590s ] thds: 400 tps: 7576.59 qps: 151371.92 (r/w/o: 105929.27/30283.06/15159.58) lat (ms,95%): 95.81 err/s: 0.10 reconn/s: 0.00
[ 600s ] thds: 400 tps: 7533.60 qps: 151016.57 (r/w/o: 105787.95/30161.31/15067.31) lat (ms,95%): 92.42 err/s: 0.10 reconn/s: 0.00
[ 610s ] thds: 400 tps: 7131.39 qps: 142689.48 (r/w/o: 99858.62/28567.98/14262.89) lat (ms,95%): 101.13 err/s: 0.00 reconn/s: 0.00
[ 620s ] thds: 400 tps: 9341.20 qps: 186831.97 (r/w/o: 130793.55/37355.81/18682.61) lat (ms,95%): 56.84 err/s: 0.00 reconn/s: 0.00
[ 630s ] thds: 400 tps: 9184.27 qps: 183497.58 (r/w/o: 128418.54/36710.40/18368.65) lat (ms,95%): 65.65 err/s: 0.00 reconn/s: 0.00
[ 640s ] thds: 400 tps: 9188.03 qps: 183632.43 (r/w/o: 128537.74/36719.63/18375.06) lat (ms,95%): 68.05 err/s: 0.00 reconn/s: 0.00
[ 650s ] thds: 400 tps: 9536.37 qps: 191023.67 (r/w/o: 133724.86/38225.07/19073.74) lat (ms,95%): 55.82 err/s: 0.00 reconn/s: 0.00
[ 660s ] thds: 400 tps: 9449.01 qps: 188845.87 (r/w/o: 132194.29/37753.55/18898.03) lat (ms,95%): 59.99 err/s: 0.00 reconn/s: 0.00
[ 670s ] thds: 400 tps: 9059.58 qps: 181274.22 (r/w/o: 126903.57/36251.30/18119.35) lat (ms,95%): 68.05 err/s: 0.00 reconn/s: 0.00
[ 680s ] thds: 400 tps: 8239.84 qps: 164555.87 (r/w/o: 115166.44/32909.65/16479.78) lat (ms,95%): 95.81 err/s: 0.00 reconn/s: 0.00
[ 690s ] thds: 400 tps: 9509.42 qps: 190517.31 (r/w/o: 133369.71/38128.76/19018.83) lat (ms,95%): 56.84 err/s: 0.00 reconn/s: 0.00
[ 700s ] thds: 400 tps: 7866.20 qps: 157349.53 (r/w/o: 110131.02/31486.01/15732.50) lat (ms,95%): 92.42 err/s: 0.00 reconn/s: 0.00
[ 710s ] thds: 400 tps: 7592.06 qps: 151665.53 (r/w/o: 106177.09/30305.63/15182.81) lat (ms,95%): 90.78 err/s: 0.00 reconn/s: 0.00
[ 720s ] thds: 400 tps: 7583.11 qps: 151553.53 (r/w/o: 106094.96/30292.95/15165.62) lat (ms,95%): 89.16 err/s: 0.10 reconn/s: 0.00
[ 730s ] thds: 400 tps: 8290.90 qps: 165682.03 (r/w/o: 115940.02/33163.41/16578.60) lat (ms,95%): 82.96 err/s: 0.00 reconn/s: 0.00
[ 740s ] thds: 400 tps: 9077.41 qps: 181911.80 (r/w/o: 127375.54/36375.74/18160.52) lat (ms,95%): 68.05 err/s: 0.00 reconn/s: 0.00
[ 750s ] thds: 400 tps: 9156.07 qps: 183077.47 (r/w/o: 128182.86/36582.67/18311.94) lat (ms,95%): 68.05 err/s: 0.00 reconn/s: 0.00
[ 760s ] thds: 400 tps: 9547.62 qps: 190727.66 (r/w/o: 133437.75/38194.17/19095.74) lat (ms,95%): 57.87 err/s: 0.10 reconn/s: 0.00
[ 770s ] thds: 400 tps: 9028.98 qps: 180650.30 (r/w/o: 126488.75/36103.60/18057.95) lat (ms,95%): 75.82 err/s: 0.00 reconn/s: 0.00
[ 780s ] thds: 400 tps: 8578.88 qps: 171838.11 (r/w/o: 120298.43/34381.92/17157.76) lat (ms,95%): 86.00 err/s: 0.00 reconn/s: 0.00
[ 790s ] thds: 400 tps: 8069.44 qps: 161005.98 (r/w/o: 112679.34/32188.76/16137.88) lat (ms,95%): 92.42 err/s: 0.00 reconn/s: 0.00
[ 800s ] thds: 400 tps: 8479.10 qps: 169798.54 (r/w/o: 118875.12/33964.81/16958.60) lat (ms,95%): 86.00 err/s: 0.00 reconn/s: 0.00
[ 810s ] thds: 400 tps: 7739.80 qps: 154923.25 (r/w/o: 108442.93/30999.91/15480.40) lat (ms,95%): 101.13 err/s: 0.10 reconn/s: 0.00
[ 820s ] thds: 400 tps: 7166.16 qps: 143000.28 (r/w/o: 100076.53/28593.84/14329.92) lat (ms,95%): 101.13 err/s: 0.00 reconn/s: 0.00
[ 830s ] thds: 400 tps: 7476.84 qps: 149578.84 (r/w/o: 104739.82/29884.45/14954.57) lat (ms,95%): 99.33 err/s: 0.10 reconn/s: 0.00
[ 840s ] thds: 400 tps: 7722.16 qps: 154646.94 (r/w/o: 108207.90/30997.12/15441.92) lat (ms,95%): 97.55 err/s: 0.00 reconn/s: 0.00
SQL statistics:
    queries performed:
        read:                            100772056
        write:                           28791939
        other:                           14396049
        total:                           143960044
    transactions:                        7197986 (8563.50 per sec.)
    queries:                             143960044 (171270.35 per sec.)
    ignored errors:                      18     (0.02 per sec.)
    reconnects:                          0      (0.00 per sec.)

General statistics:
    total time:                          840.5416s
    total number of events:              7197986

Latency (ms):
         min:                                   19.86
         avg:                                   46.68
         max:                                  913.95
         95th percentile:                       84.47
         sum:                            336014046.45

Threads fairness:
    events (avg/stddev):           17994.9650/388.07
    execution time (avg/stddev):   840.0351/0.07

