sysbench 1.0.20-ebf1c90 (using bundled LuaJIT 2.1.0-beta2)

Running the test with following options:
Number of threads: 400
Report intermediate results every 10 second(s)
Initializing random number generator from current time


Initializing worker threads...

Threads started!

[ 10s ] thds: 400 tps: 5394.72 qps: 108125.97 (r/w/o: 75710.05/21586.48/10829.43) lat (ms,95%): 223.34 err/s: 0.00 reconn/s: 0.00
[ 20s ] thds: 400 tps: 7822.29 qps: 156866.82 (r/w/o: 109867.98/31354.16/15644.68) lat (ms,95%): 161.51 err/s: 0.00 reconn/s: 0.00
[ 30s ] thds: 400 tps: 8470.98 qps: 169017.02 (r/w/o: 118261.27/33813.80/16941.95) lat (ms,95%): 99.33 err/s: 0.10 reconn/s: 0.00
[ 40s ] thds: 400 tps: 8795.16 qps: 175917.11 (r/w/o: 123139.18/35192.92/17585.01) lat (ms,95%): 73.13 err/s: 0.00 reconn/s: 0.00
[ 50s ] thds: 400 tps: 9169.62 qps: 183498.43 (r/w/o: 128465.90/36688.19/18344.34) lat (ms,95%): 62.19 err/s: 0.00 reconn/s: 0.00
[ 60s ] thds: 400 tps: 9127.61 qps: 182709.07 (r/w/o: 127947.79/36506.85/18254.43) lat (ms,95%): 65.65 err/s: 0.00 reconn/s: 0.00
[ 70s ] thds: 400 tps: 9343.88 qps: 186794.66 (r/w/o: 130740.66/37364.33/18689.67) lat (ms,95%): 64.47 err/s: 0.00 reconn/s: 0.00
[ 80s ] thds: 400 tps: 9012.37 qps: 180482.10 (r/w/o: 126308.28/36149.18/18024.64) lat (ms,95%): 74.46 err/s: 0.00 reconn/s: 0.00
[ 90s ] thds: 400 tps: 9313.22 qps: 185937.28 (r/w/o: 130142.74/37170.80/18623.75) lat (ms,95%): 62.19 err/s: 0.00 reconn/s: 0.00
[ 100s ] thds: 400 tps: 9540.67 qps: 190866.55 (r/w/o: 133601.94/38180.37/19084.23) lat (ms,95%): 57.87 err/s: 0.00 reconn/s: 0.00
[ 110s ] thds: 400 tps: 9533.14 qps: 190889.56 (r/w/o: 133648.83/38176.95/19063.77) lat (ms,95%): 56.84 err/s: 0.00 reconn/s: 0.00
[ 120s ] thds: 400 tps: 7247.46 qps: 144812.12 (r/w/o: 101364.88/28949.52/14497.71) lat (ms,95%): 118.92 err/s: 0.10 reconn/s: 0.00
[ 130s ] thds: 400 tps: 5769.94 qps: 115452.35 (r/w/o: 80781.33/23138.45/11532.57) lat (ms,95%): 142.39 err/s: 0.00 reconn/s: 0.00
[ 140s ] thds: 400 tps: 7243.42 qps: 144691.91 (r/w/o: 101307.59/28892.38/14491.94) lat (ms,95%): 110.66 err/s: 0.00 reconn/s: 0.00
[ 150s ] thds: 400 tps: 9148.03 qps: 183139.52 (r/w/o: 128204.56/36636.60/18298.35) lat (ms,95%): 63.32 err/s: 0.00 reconn/s: 0.00
[ 160s ] thds: 400 tps: 9059.24 qps: 181237.72 (r/w/o: 126894.47/36225.86/18117.38) lat (ms,95%): 73.13 err/s: 0.00 reconn/s: 0.00
[ 170s ] thds: 400 tps: 9382.67 qps: 187521.43 (r/w/o: 131264.80/37490.49/18766.14) lat (ms,95%): 59.99 err/s: 0.00 reconn/s: 0.00
[ 180s ] thds: 400 tps: 9365.95 qps: 187316.73 (r/w/o: 131085.22/37504.01/18727.50) lat (ms,95%): 66.84 err/s: 0.00 reconn/s: 0.00
[ 190s ] thds: 400 tps: 9286.85 qps: 185705.02 (r/w/o: 130022.22/37105.70/18577.10) lat (ms,95%): 61.08 err/s: 0.00 reconn/s: 0.00
[ 200s ] thds: 400 tps: 9414.55 qps: 188424.45 (r/w/o: 131909.44/37684.21/18830.81) lat (ms,95%): 59.99 err/s: 0.00 reconn/s: 0.00
[ 210s ] thds: 400 tps: 9641.25 qps: 192764.23 (r/w/o: 134945.95/38535.69/19282.59) lat (ms,95%): 55.82 err/s: 0.00 reconn/s: 0.00
[ 220s ] thds: 400 tps: 9352.15 qps: 187185.57 (r/w/o: 130995.28/37485.99/18704.30) lat (ms,95%): 63.32 err/s: 0.00 reconn/s: 0.00
[ 230s ] thds: 400 tps: 8589.85 qps: 171682.20 (r/w/o: 120173.00/34330.50/17178.70) lat (ms,95%): 87.56 err/s: 0.00 reconn/s: 0.00
[ 240s ] thds: 400 tps: 7250.07 qps: 144832.77 (r/w/o: 101394.22/28937.30/14501.24) lat (ms,95%): 99.33 err/s: 0.00 reconn/s: 0.00
[ 250s ] thds: 400 tps: 7007.36 qps: 140502.67 (r/w/o: 98325.08/28162.87/14014.72) lat (ms,95%): 101.13 err/s: 0.00 reconn/s: 0.00
[ 260s ] thds: 400 tps: 8136.19 qps: 162323.34 (r/w/o: 113637.02/32414.35/16271.97) lat (ms,95%): 86.00 err/s: 0.00 reconn/s: 0.00
[ 270s ] thds: 400 tps: 9184.86 qps: 183904.36 (r/w/o: 128749.88/36788.15/18366.33) lat (ms,95%): 62.19 err/s: 0.00 reconn/s: 0.00
[ 280s ] thds: 400 tps: 9454.66 qps: 188893.03 (r/w/o: 132188.59/37791.43/18913.01) lat (ms,95%): 57.87 err/s: 0.00 reconn/s: 0.00
[ 290s ] thds: 400 tps: 9464.09 qps: 189412.05 (r/w/o: 132577.92/37910.55/18923.57) lat (ms,95%): 58.92 err/s: 0.00 reconn/s: 0.00
[ 300s ] thds: 400 tps: 9183.02 qps: 183769.11 (r/w/o: 128709.11/36689.07/18370.93) lat (ms,95%): 69.29 err/s: 0.00 reconn/s: 0.00
[ 310s ] thds: 400 tps: 9349.77 qps: 186915.82 (r/w/o: 130835.83/37380.46/18699.53) lat (ms,95%): 62.19 err/s: 0.00 reconn/s: 0.00
[ 320s ] thds: 400 tps: 9434.61 qps: 188765.33 (r/w/o: 132128.36/37767.75/18869.22) lat (ms,95%): 57.87 err/s: 0.00 reconn/s: 0.00
[ 330s ] thds: 400 tps: 9526.63 qps: 190428.00 (r/w/o: 133281.42/38097.52/19049.06) lat (ms,95%): 55.82 err/s: 0.00 reconn/s: 0.00
[ 340s ] thds: 400 tps: 8437.41 qps: 168872.00 (r/w/o: 118215.31/33777.66/16879.03) lat (ms,95%): 89.16 err/s: 0.00 reconn/s: 0.00
[ 350s ] thds: 400 tps: 7438.27 qps: 148412.90 (r/w/o: 103846.98/29689.28/14876.64) lat (ms,95%): 97.55 err/s: 0.10 reconn/s: 0.00
[ 360s ] thds: 400 tps: 7358.55 qps: 147353.84 (r/w/o: 103168.92/29473.21/14711.71) lat (ms,95%): 101.13 err/s: 0.00 reconn/s: 0.00
[ 370s ] thds: 400 tps: 7532.20 qps: 150496.07 (r/w/o: 105331.25/30096.61/15068.21) lat (ms,95%): 92.42 err/s: 0.00 reconn/s: 0.00
[ 380s ] thds: 400 tps: 8408.58 qps: 168395.85 (r/w/o: 117925.45/33651.33/16819.06) lat (ms,95%): 82.96 err/s: 0.00 reconn/s: 0.00
[ 390s ] thds: 400 tps: 8386.00 qps: 167598.69 (r/w/o: 117267.29/33560.20/16771.20) lat (ms,95%): 89.16 err/s: 0.00 reconn/s: 0.00
[ 400s ] thds: 400 tps: 8120.19 qps: 162743.34 (r/w/o: 113950.32/32551.85/16241.18) lat (ms,95%): 87.56 err/s: 0.00 reconn/s: 0.00
[ 410s ] thds: 400 tps: 7672.84 qps: 153204.22 (r/w/o: 107207.91/30656.15/15340.17) lat (ms,95%): 102.97 err/s: 0.00 reconn/s: 0.00
[ 420s ] thds: 400 tps: 8088.08 qps: 161728.75 (r/w/o: 113236.58/32310.51/16181.65) lat (ms,95%): 92.42 err/s: 0.00 reconn/s: 0.00
[ 430s ] thds: 400 tps: 9333.52 qps: 186855.86 (r/w/o: 130822.93/37365.59/18667.35) lat (ms,95%): 57.87 err/s: 0.00 reconn/s: 0.00
[ 440s ] thds: 400 tps: 9510.96 qps: 189930.96 (r/w/o: 132933.71/37975.03/19022.22) lat (ms,95%): 56.84 err/s: 0.10 reconn/s: 0.00
[ 450s ] thds: 400 tps: 9101.10 qps: 182116.27 (r/w/o: 127459.98/36460.79/18195.50) lat (ms,95%): 69.29 err/s: 0.00 reconn/s: 0.00
[ 460s ] thds: 400 tps: 8288.22 qps: 165930.99 (r/w/o: 116203.64/33144.10/16583.25) lat (ms,95%): 90.78 err/s: 0.00 reconn/s: 0.00
[ 470s ] thds: 400 tps: 9593.28 qps: 191799.99 (r/w/o: 134212.81/38402.52/19184.66) lat (ms,95%): 54.83 err/s: 0.10 reconn/s: 0.00
[ 480s ] thds: 400 tps: 7459.10 qps: 149181.25 (r/w/o: 104485.14/29775.81/14920.31) lat (ms,95%): 99.33 err/s: 0.00 reconn/s: 0.00
[ 490s ] thds: 400 tps: 6696.71 qps: 133923.76 (r/w/o: 93740.48/26789.75/13393.53) lat (ms,95%): 108.68 err/s: 0.00 reconn/s: 0.00
[ 500s ] thds: 400 tps: 8492.09 qps: 169992.01 (r/w/o: 118981.60/34026.24/16984.17) lat (ms,95%): 80.03 err/s: 0.00 reconn/s: 0.00
[ 510s ] thds: 400 tps: 9425.60 qps: 188245.94 (r/w/o: 131729.63/37668.81/18847.50) lat (ms,95%): 58.92 err/s: 0.00 reconn/s: 0.00
[ 520s ] thds: 400 tps: 9261.38 qps: 185370.52 (r/w/o: 129801.67/37042.40/18526.45) lat (ms,95%): 65.65 err/s: 0.00 reconn/s: 0.00
[ 530s ] thds: 400 tps: 9152.21 qps: 182883.19 (r/w/o: 128010.83/36568.24/18304.12) lat (ms,95%): 69.29 err/s: 0.00 reconn/s: 0.00
[ 540s ] thds: 400 tps: 9467.65 qps: 189505.66 (r/w/o: 132642.87/37927.09/18935.70) lat (ms,95%): 58.92 err/s: 0.00 reconn/s: 0.00
[ 550s ] thds: 400 tps: 9398.62 qps: 188070.96 (r/w/o: 131642.35/37631.27/18797.34) lat (ms,95%): 62.19 err/s: 0.00 reconn/s: 0.00
[ 560s ] thds: 400 tps: 9202.54 qps: 183956.45 (r/w/o: 128817.69/36733.57/18405.18) lat (ms,95%): 66.84 err/s: 0.00 reconn/s: 0.00
[ 570s ] thds: 400 tps: 8179.61 qps: 163563.93 (r/w/o: 114463.26/32741.65/16359.02) lat (ms,95%): 89.16 err/s: 0.00 reconn/s: 0.00
[ 580s ] thds: 400 tps: 9443.47 qps: 188741.42 (r/w/o: 132102.70/37751.48/18887.24) lat (ms,95%): 58.92 err/s: 0.00 reconn/s: 0.00
[ 590s ] thds: 400 tps: 7549.71 qps: 150959.02 (r/w/o: 105663.28/30200.62/15095.11) lat (ms,95%): 95.81 err/s: 0.00 reconn/s: 0.00
[ 600s ] thds: 400 tps: 7546.30 qps: 151227.10 (r/w/o: 105893.57/30236.52/15097.01) lat (ms,95%): 92.42 err/s: 0.00 reconn/s: 0.00
[ 610s ] thds: 400 tps: 7089.99 qps: 141846.90 (r/w/o: 99283.36/28383.56/14179.98) lat (ms,95%): 102.97 err/s: 0.00 reconn/s: 0.00
[ 620s ] thds: 400 tps: 9412.11 qps: 188224.39 (r/w/o: 131768.50/37631.46/18824.43) lat (ms,95%): 56.84 err/s: 0.10 reconn/s: 0.00
[ 630s ] thds: 400 tps: 9204.91 qps: 183819.46 (r/w/o: 128646.21/36765.83/18407.42) lat (ms,95%): 65.65 err/s: 0.00 reconn/s: 0.00
[ 640s ] thds: 400 tps: 9148.14 qps: 183118.53 (r/w/o: 128209.11/36610.45/18298.97) lat (ms,95%): 68.05 err/s: 0.00 reconn/s: 0.00
[ 650s ] thds: 400 tps: 9560.63 qps: 190917.55 (r/w/o: 133592.86/38209.63/19115.07) lat (ms,95%): 55.82 err/s: 0.10 reconn/s: 0.00
[ 660s ] thds: 400 tps: 9409.80 qps: 188552.53 (r/w/o: 132017.65/37708.79/18826.09) lat (ms,95%): 59.99 err/s: 0.00 reconn/s: 0.00
[ 670s ] thds: 400 tps: 9103.32 qps: 182023.77 (r/w/o: 127453.16/36363.87/18206.74) lat (ms,95%): 66.84 err/s: 0.00 reconn/s: 0.00
[ 680s ] thds: 400 tps: 8252.19 qps: 164826.50 (r/w/o: 115324.03/32997.78/16504.69) lat (ms,95%): 94.10 err/s: 0.10 reconn/s: 0.00
[ 690s ] thds: 400 tps: 9522.31 qps: 190724.51 (r/w/o: 133525.64/38154.34/19044.52) lat (ms,95%): 56.84 err/s: 0.20 reconn/s: 0.00
[ 700s ] thds: 400 tps: 7889.97 qps: 157604.71 (r/w/o: 110329.82/31494.26/15780.63) lat (ms,95%): 92.42 err/s: 0.00 reconn/s: 0.00
[ 710s ] thds: 400 tps: 7564.86 qps: 151439.33 (r/w/o: 106018.86/30290.75/15129.72) lat (ms,95%): 90.78 err/s: 0.00 reconn/s: 0.00
[ 720s ] thds: 400 tps: 7562.47 qps: 151165.93 (r/w/o: 105770.20/30275.99/15119.74) lat (ms,95%): 90.78 err/s: 0.10 reconn/s: 0.00
[ 730s ] thds: 400 tps: 8241.12 qps: 164572.94 (r/w/o: 115168.34/32922.67/16481.93) lat (ms,95%): 84.47 err/s: 0.00 reconn/s: 0.00
[ 740s ] thds: 400 tps: 9048.13 qps: 181133.66 (r/w/o: 126861.40/36172.21/18100.06) lat (ms,95%): 68.05 err/s: 0.00 reconn/s: 0.00
[ 750s ] thds: 400 tps: 9166.65 qps: 183469.94 (r/w/o: 128468.63/36666.21/18335.10) lat (ms,95%): 68.05 err/s: 0.00 reconn/s: 0.00
[ 760s ] thds: 400 tps: 9543.70 qps: 190731.07 (r/w/o: 133446.15/38202.11/19082.81) lat (ms,95%): 57.87 err/s: 0.00 reconn/s: 0.00
[ 770s ] thds: 400 tps: 9006.92 qps: 180122.46 (r/w/o: 126086.05/36017.57/18018.84) lat (ms,95%): 75.82 err/s: 0.00 reconn/s: 0.00
[ 780s ] thds: 400 tps: 8584.09 qps: 171849.40 (r/w/o: 120326.93/34354.58/17167.89) lat (ms,95%): 86.00 err/s: 0.00 reconn/s: 0.00
[ 790s ] thds: 400 tps: 8077.76 qps: 161585.44 (r/w/o: 113088.80/32341.83/16154.81) lat (ms,95%): 92.42 err/s: 0.00 reconn/s: 0.00
[ 800s ] thds: 400 tps: 8429.02 qps: 168585.53 (r/w/o: 117996.53/33733.27/16855.73) lat (ms,95%): 86.00 err/s: 0.20 reconn/s: 0.00
[ 810s ] thds: 400 tps: 7697.92 qps: 153949.56 (r/w/o: 107780.62/30776.19/15392.75) lat (ms,95%): 102.97 err/s: 0.00 reconn/s: 0.00
[ 820s ] thds: 400 tps: 7155.11 qps: 142988.53 (r/w/o: 100097.09/28574.53/14316.91) lat (ms,95%): 102.97 err/s: 0.00 reconn/s: 0.00
[ 830s ] thds: 400 tps: 7467.49 qps: 149298.26 (r/w/o: 104518.03/29844.65/14935.58) lat (ms,95%): 99.33 err/s: 0.20 reconn/s: 0.00
[ 840s ] thds: 400 tps: 7707.41 qps: 154240.56 (r/w/o: 107932.61/30898.13/15409.82) lat (ms,95%): 97.55 err/s: 0.00 reconn/s: 0.00
SQL statistics:
    queries performed:
        read:                            100722790
        write:                           28777862
        other:                           14389018
        total:                           143889670
    transactions:                        7194470 (8558.64 per sec.)
    queries:                             143889670 (171173.05 per sec.)
    ignored errors:                      15     (0.02 per sec.)
    reconnects:                          0      (0.00 per sec.)

General statistics:
    total time:                          840.6084s
    total number of events:              7194470

Latency (ms):
         min:                                   19.68
         avg:                                   46.70
         max:                                 1054.32
         95th percentile:                       84.47
         sum:                            336017384.10

Threads fairness:
    events (avg/stddev):           17986.1750/403.43
    execution time (avg/stddev):   840.0435/0.06

