sysbench 1.0.20-ebf1c90 (using bundled LuaJIT 2.1.0-beta2)

Running the test with following options:
Number of threads: 400
Report intermediate results every 10 second(s)
Initializing random number generator from current time


Initializing worker threads...

Threads started!

[ 10s ] thds: 400 tps: 5402.19 qps: 108513.33 (r/w/o: 76041.33/21627.44/10844.56) lat (ms,95%): 223.34 err/s: 0.10 reconn/s: 0.00
[ 20s ] thds: 400 tps: 7865.25 qps: 157224.05 (r/w/o: 110014.26/31485.49/15724.29) lat (ms,95%): 161.51 err/s: 0.10 reconn/s: 0.00
[ 30s ] thds: 400 tps: 8446.25 qps: 169108.87 (r/w/o: 118439.58/33769.89/16899.40) lat (ms,95%): 99.33 err/s: 0.20 reconn/s: 0.00
[ 40s ] thds: 400 tps: 8809.30 qps: 176160.49 (r/w/o: 123283.60/35258.70/17618.20) lat (ms,95%): 74.46 err/s: 0.00 reconn/s: 0.00
[ 50s ] thds: 400 tps: 9193.70 qps: 183892.32 (r/w/o: 128763.22/36741.00/18388.10) lat (ms,95%): 62.19 err/s: 0.00 reconn/s: 0.00
[ 60s ] thds: 400 tps: 9091.25 qps: 181804.04 (r/w/o: 127212.16/36409.19/18182.69) lat (ms,95%): 65.65 err/s: 0.10 reconn/s: 0.00
[ 70s ] thds: 400 tps: 9328.57 qps: 186610.63 (r/w/o: 130644.53/37308.77/18657.33) lat (ms,95%): 64.47 err/s: 0.10 reconn/s: 0.00
[ 80s ] thds: 400 tps: 8987.73 qps: 179583.56 (r/w/o: 125704.16/35905.23/17974.17) lat (ms,95%): 75.82 err/s: 0.00 reconn/s: 0.00
[ 90s ] thds: 400 tps: 9314.36 qps: 186175.35 (r/w/o: 130284.37/37260.65/18630.32) lat (ms,95%): 62.19 err/s: 0.10 reconn/s: 0.00
[ 100s ] thds: 400 tps: 9579.76 qps: 191693.60 (r/w/o: 134223.27/38310.62/19159.71) lat (ms,95%): 56.84 err/s: 0.10 reconn/s: 0.00
[ 110s ] thds: 400 tps: 9548.49 qps: 191237.20 (r/w/o: 133848.39/38291.74/19097.07) lat (ms,95%): 56.84 err/s: 0.00 reconn/s: 0.00
[ 120s ] thds: 400 tps: 7290.63 qps: 145637.48 (r/w/o: 101966.91/29089.22/14581.36) lat (ms,95%): 116.80 err/s: 0.00 reconn/s: 0.00
[ 130s ] thds: 400 tps: 5826.24 qps: 116454.07 (r/w/o: 81477.14/23324.56/11652.38) lat (ms,95%): 139.85 err/s: 0.00 reconn/s: 0.00
[ 140s ] thds: 400 tps: 7268.14 qps: 145389.92 (r/w/o: 101824.88/29028.66/14536.38) lat (ms,95%): 110.66 err/s: 0.00 reconn/s: 0.00
[ 150s ] thds: 400 tps: 9097.48 qps: 181990.98 (r/w/o: 127382.37/36414.54/18194.07) lat (ms,95%): 63.32 err/s: 0.00 reconn/s: 0.00
[ 160s ] thds: 400 tps: 9093.55 qps: 181788.32 (r/w/o: 127253.41/36348.40/18186.50) lat (ms,95%): 71.83 err/s: 0.00 reconn/s: 0.00
[ 170s ] thds: 400 tps: 9372.60 qps: 187632.42 (r/w/o: 131330.54/37555.78/18746.09) lat (ms,95%): 59.99 err/s: 0.00 reconn/s: 0.00
[ 180s ] thds: 400 tps: 9365.66 qps: 187134.45 (r/w/o: 130986.20/37419.93/18728.31) lat (ms,95%): 66.84 err/s: 0.00 reconn/s: 0.00
[ 190s ] thds: 400 tps: 9258.30 qps: 185055.78 (r/w/o: 129500.75/37036.82/18518.21) lat (ms,95%): 63.32 err/s: 0.00 reconn/s: 0.00
[ 200s ] thds: 400 tps: 9467.53 qps: 189347.78 (r/w/o: 132564.97/37845.94/18936.87) lat (ms,95%): 58.92 err/s: 0.00 reconn/s: 0.00
[ 210s ] thds: 400 tps: 9602.90 qps: 192234.39 (r/w/o: 134557.89/38470.30/19206.20) lat (ms,95%): 55.82 err/s: 0.00 reconn/s: 0.00
[ 220s ] thds: 400 tps: 9353.14 qps: 186944.07 (r/w/o: 130875.44/37368.45/18700.18) lat (ms,95%): 63.32 err/s: 0.00 reconn/s: 0.00
[ 230s ] thds: 400 tps: 8520.76 qps: 170639.66 (r/w/o: 119496.58/34094.85/17048.23) lat (ms,95%): 87.56 err/s: 0.10 reconn/s: 0.00
[ 240s ] thds: 400 tps: 7292.52 qps: 145860.96 (r/w/o: 102096.42/29179.89/14584.65) lat (ms,95%): 99.33 err/s: 0.10 reconn/s: 0.00
[ 250s ] thds: 400 tps: 7081.15 qps: 141377.30 (r/w/o: 98928.70/28285.80/14162.80) lat (ms,95%): 101.13 err/s: 0.00 reconn/s: 0.00
[ 260s ] thds: 400 tps: 8109.85 qps: 162477.05 (r/w/o: 113763.07/32494.19/16219.80) lat (ms,95%): 84.47 err/s: 0.00 reconn/s: 0.00
[ 270s ] thds: 400 tps: 9221.80 qps: 184198.22 (r/w/o: 128903.25/36851.18/18443.79) lat (ms,95%): 61.08 err/s: 0.00 reconn/s: 0.00
[ 280s ] thds: 400 tps: 9423.10 qps: 188582.77 (r/w/o: 132062.78/37673.69/18846.30) lat (ms,95%): 57.87 err/s: 0.00 reconn/s: 0.00
[ 290s ] thds: 400 tps: 9433.06 qps: 188476.89 (r/w/o: 131855.24/37758.43/18863.22) lat (ms,95%): 59.99 err/s: 0.00 reconn/s: 0.00
[ 300s ] thds: 400 tps: 9200.16 qps: 184063.91 (r/w/o: 128854.08/36806.52/18403.31) lat (ms,95%): 68.05 err/s: 0.10 reconn/s: 0.00
[ 310s ] thds: 400 tps: 9357.60 qps: 187470.95 (r/w/o: 131253.46/37501.99/18715.49) lat (ms,95%): 62.19 err/s: 0.00 reconn/s: 0.00
[ 320s ] thds: 400 tps: 9479.88 qps: 189535.07 (r/w/o: 132669.47/37910.43/18955.17) lat (ms,95%): 57.87 err/s: 0.00 reconn/s: 0.00
[ 330s ] thds: 400 tps: 9583.53 qps: 191590.21 (r/w/o: 134151.56/38267.00/19171.65) lat (ms,95%): 55.82 err/s: 0.00 reconn/s: 0.00
[ 340s ] thds: 400 tps: 8462.00 qps: 169391.94 (r/w/o: 118538.53/33929.31/16924.10) lat (ms,95%): 89.16 err/s: 0.00 reconn/s: 0.00
[ 350s ] thds: 400 tps: 7452.40 qps: 148850.56 (r/w/o: 104222.57/29722.89/14905.10) lat (ms,95%): 97.55 err/s: 0.10 reconn/s: 0.00
[ 360s ] thds: 400 tps: 7422.86 qps: 148523.26 (r/w/o: 103919.61/29762.23/14841.42) lat (ms,95%): 99.33 err/s: 0.00 reconn/s: 0.00
[ 370s ] thds: 400 tps: 7539.73 qps: 150499.43 (r/w/o: 105321.57/30098.81/15079.05) lat (ms,95%): 92.42 err/s: 0.10 reconn/s: 0.00
[ 380s ] thds: 400 tps: 8396.88 qps: 168261.71 (r/w/o: 117875.30/33587.74/16798.67) lat (ms,95%): 82.96 err/s: 0.00 reconn/s: 0.00
[ 390s ] thds: 400 tps: 8428.88 qps: 168462.32 (r/w/o: 117922.83/33681.72/16857.76) lat (ms,95%): 87.56 err/s: 0.00 reconn/s: 0.00
[ 400s ] thds: 400 tps: 8157.38 qps: 163195.68 (r/w/o: 114197.41/32684.92/16313.36) lat (ms,95%): 86.00 err/s: 0.10 reconn/s: 0.00
[ 410s ] thds: 400 tps: 7674.65 qps: 153457.91 (r/w/o: 107407.34/30699.78/15350.79) lat (ms,95%): 104.84 err/s: 0.00 reconn/s: 0.00
[ 420s ] thds: 400 tps: 8119.23 qps: 162308.07 (r/w/o: 113621.87/32449.83/16236.37) lat (ms,95%): 92.42 err/s: 0.00 reconn/s: 0.00
[ 430s ] thds: 400 tps: 9349.35 qps: 187081.58 (r/w/o: 130941.75/37438.92/18700.91) lat (ms,95%): 57.87 err/s: 0.00 reconn/s: 0.00
[ 440s ] thds: 400 tps: 9495.77 qps: 189992.06 (r/w/o: 133048.15/37952.37/18991.54) lat (ms,95%): 56.84 err/s: 0.00 reconn/s: 0.00
[ 450s ] thds: 400 tps: 9190.86 qps: 183766.35 (r/w/o: 128592.51/36792.03/18381.82) lat (ms,95%): 68.05 err/s: 0.00 reconn/s: 0.00
[ 460s ] thds: 400 tps: 8353.22 qps: 167025.88 (r/w/o: 116900.17/33419.28/16706.44) lat (ms,95%): 90.78 err/s: 0.00 reconn/s: 0.00
[ 470s ] thds: 400 tps: 9636.49 qps: 192701.81 (r/w/o: 134955.59/38473.25/19272.97) lat (ms,95%): 54.83 err/s: 0.00 reconn/s: 0.00
[ 480s ] thds: 400 tps: 7461.52 qps: 149322.19 (r/w/o: 104519.25/29880.30/14922.65) lat (ms,95%): 97.55 err/s: 0.00 reconn/s: 0.00
[ 490s ] thds: 400 tps: 6749.24 qps: 135057.89 (r/w/o: 94539.15/27019.16/13499.58) lat (ms,95%): 108.68 err/s: 0.30 reconn/s: 0.00
[ 500s ] thds: 400 tps: 8525.58 qps: 170435.61 (r/w/o: 119263.96/34120.60/17051.05) lat (ms,95%): 78.60 err/s: 0.00 reconn/s: 0.00
[ 510s ] thds: 400 tps: 9440.67 qps: 188514.20 (r/w/o: 131947.21/37685.46/18881.53) lat (ms,95%): 58.92 err/s: 0.00 reconn/s: 0.00
[ 520s ] thds: 400 tps: 9243.98 qps: 185340.61 (r/w/o: 129763.82/37088.82/18487.96) lat (ms,95%): 65.65 err/s: 0.00 reconn/s: 0.00
[ 530s ] thds: 400 tps: 9178.20 qps: 183272.06 (r/w/o: 128301.37/36618.09/18352.60) lat (ms,95%): 68.05 err/s: 0.00 reconn/s: 0.00
[ 540s ] thds: 400 tps: 9518.40 qps: 190358.93 (r/w/o: 133227.95/38097.19/19033.79) lat (ms,95%): 58.92 err/s: 0.00 reconn/s: 0.00
[ 550s ] thds: 400 tps: 9406.13 qps: 188121.43 (r/w/o: 131679.14/37624.43/18817.86) lat (ms,95%): 62.19 err/s: 0.10 reconn/s: 0.00
[ 560s ] thds: 400 tps: 9222.54 qps: 184583.92 (r/w/o: 129264.10/36873.24/18446.57) lat (ms,95%): 66.84 err/s: 0.00 reconn/s: 0.00
[ 570s ] thds: 400 tps: 8242.08 qps: 164923.19 (r/w/o: 115437.68/33001.44/16484.07) lat (ms,95%): 89.16 err/s: 0.10 reconn/s: 0.00
[ 580s ] thds: 400 tps: 9428.34 qps: 188550.94 (r/w/o: 131977.52/37716.25/18857.17) lat (ms,95%): 57.87 err/s: 0.10 reconn/s: 0.00
[ 590s ] thds: 400 tps: 7584.77 qps: 151588.42 (r/w/o: 106138.92/30279.76/15169.73) lat (ms,95%): 95.81 err/s: 0.00 reconn/s: 0.00
[ 600s ] thds: 400 tps: 7563.04 qps: 151318.13 (r/w/o: 105866.72/30332.43/15118.97) lat (ms,95%): 92.42 err/s: 0.10 reconn/s: 0.00
[ 610s ] thds: 400 tps: 7155.36 qps: 142937.61 (r/w/o: 100047.74/28571.84/14318.02) lat (ms,95%): 101.13 err/s: 0.00 reconn/s: 0.00
[ 620s ] thds: 400 tps: 9356.94 qps: 187507.22 (r/w/o: 131247.50/37545.84/18713.87) lat (ms,95%): 56.84 err/s: 0.00 reconn/s: 0.00
[ 630s ] thds: 400 tps: 9165.99 qps: 183120.55 (r/w/o: 128218.72/36569.45/18332.38) lat (ms,95%): 65.65 err/s: 0.20 reconn/s: 0.00
[ 640s ] thds: 400 tps: 9168.87 qps: 183392.97 (r/w/o: 128401.73/36653.29/18337.95) lat (ms,95%): 68.05 err/s: 0.10 reconn/s: 0.00
[ 650s ] thds: 400 tps: 9532.11 qps: 190559.00 (r/w/o: 133357.81/38136.96/19064.23) lat (ms,95%): 55.82 err/s: 0.00 reconn/s: 0.00
[ 660s ] thds: 400 tps: 9434.67 qps: 188778.65 (r/w/o: 132145.14/37764.27/18869.23) lat (ms,95%): 59.99 err/s: 0.00 reconn/s: 0.00
[ 670s ] thds: 400 tps: 9116.87 qps: 181973.83 (r/w/o: 127340.00/36406.29/18227.54) lat (ms,95%): 66.84 err/s: 0.00 reconn/s: 0.00
[ 680s ] thds: 400 tps: 8243.35 qps: 165178.92 (r/w/o: 115711.51/32974.41/16493.00) lat (ms,95%): 94.10 err/s: 0.00 reconn/s: 0.00
[ 690s ] thds: 400 tps: 9508.29 qps: 190191.45 (r/w/o: 133075.02/38099.76/19016.68) lat (ms,95%): 56.84 err/s: 0.00 reconn/s: 0.00
[ 700s ] thds: 400 tps: 7899.75 qps: 158046.80 (r/w/o: 110628.60/31620.20/15798.00) lat (ms,95%): 90.78 err/s: 0.00 reconn/s: 0.00
[ 710s ] thds: 400 tps: 7609.60 qps: 152118.99 (r/w/o: 106500.96/30400.62/15217.41) lat (ms,95%): 90.78 err/s: 0.00 reconn/s: 0.00
[ 720s ] thds: 400 tps: 7588.70 qps: 151784.22 (r/w/o: 106270.74/30332.88/15180.59) lat (ms,95%): 89.16 err/s: 0.00 reconn/s: 0.00
[ 730s ] thds: 400 tps: 8274.97 qps: 165390.78 (r/w/o: 115763.87/33076.78/16550.14) lat (ms,95%): 82.96 err/s: 0.00 reconn/s: 0.00
[ 740s ] thds: 400 tps: 9079.82 qps: 181626.08 (r/w/o: 127115.17/36351.88/18159.04) lat (ms,95%): 68.05 err/s: 0.00 reconn/s: 0.00
[ 750s ] thds: 400 tps: 9157.71 qps: 183255.70 (r/w/o: 128269.87/36672.82/18313.01) lat (ms,95%): 68.05 err/s: 0.00 reconn/s: 0.00
[ 760s ] thds: 400 tps: 9558.84 qps: 191087.35 (r/w/o: 133790.20/38176.47/19120.68) lat (ms,95%): 56.84 err/s: 0.00 reconn/s: 0.00
[ 770s ] thds: 400 tps: 8974.19 qps: 179542.34 (r/w/o: 125705.62/35888.25/17948.47) lat (ms,95%): 75.82 err/s: 0.00 reconn/s: 0.00
[ 780s ] thds: 400 tps: 8587.54 qps: 171558.04 (r/w/o: 120021.39/34361.47/17175.18) lat (ms,95%): 86.00 err/s: 0.10 reconn/s: 0.00
[ 790s ] thds: 400 tps: 8001.80 qps: 160151.72 (r/w/o: 112158.71/31989.60/16003.40) lat (ms,95%): 94.10 err/s: 0.00 reconn/s: 0.00
[ 800s ] thds: 400 tps: 8470.19 qps: 169504.76 (r/w/o: 118626.23/33937.75/16940.78) lat (ms,95%): 86.00 err/s: 0.00 reconn/s: 0.00
[ 810s ] thds: 400 tps: 7732.41 qps: 154444.98 (r/w/o: 108086.63/30893.64/15464.72) lat (ms,95%): 102.97 err/s: 0.00 reconn/s: 0.00
[ 820s ] thds: 400 tps: 7173.39 qps: 143606.68 (r/w/o: 100577.05/28683.26/14346.38) lat (ms,95%): 101.13 err/s: 0.00 reconn/s: 0.00
[ 830s ] thds: 400 tps: 7499.12 qps: 149930.28 (r/w/o: 104955.77/29975.88/14998.64) lat (ms,95%): 99.33 err/s: 0.00 reconn/s: 0.00
[ 840s ] thds: 400 tps: 7635.59 qps: 152427.20 (r/w/o: 106632.08/30551.84/15243.28) lat (ms,95%): 99.33 err/s: 0.00 reconn/s: 0.00
SQL statistics:
    queries performed:
        read:                            100878344
        write:                           28822303
        other:                           14411223
        total:                           144111870
    transactions:                        7205571 (8570.63 per sec.)
    queries:                             144111870 (171413.16 per sec.)
    ignored errors:                      25     (0.03 per sec.)
    reconnects:                          0      (0.00 per sec.)

General statistics:
    total time:                          840.7271s
    total number of events:              7205571

Latency (ms):
         min:                                   19.70
         avg:                                   46.63
         max:                                  925.02
         95th percentile:                       84.47
         sum:                            336021684.30

Threads fairness:
    events (avg/stddev):           18013.9275/401.64
    execution time (avg/stddev):   840.0542/0.06

