sysbench 1.0.20-ebf1c90 (using bundled LuaJIT 2.1.0-beta2)

Running the test with following options:
Number of threads: 400
Report intermediate results every 10 second(s)
Initializing random number generator from current time


Initializing worker threads...

Threads started!

[ 10s ] thds: 400 tps: 5411.60 qps: 108589.44 (r/w/o: 76063.35/21662.90/10863.19) lat (ms,95%): 223.34 err/s: 0.00 reconn/s: 0.00
[ 20s ] thds: 400 tps: 7851.68 qps: 157239.99 (r/w/o: 110107.68/31428.94/15703.37) lat (ms,95%): 161.51 err/s: 0.00 reconn/s: 0.00
[ 30s ] thds: 400 tps: 8474.34 qps: 169234.38 (r/w/o: 118415.92/33869.78/16948.69) lat (ms,95%): 97.55 err/s: 0.00 reconn/s: 0.00
[ 40s ] thds: 400 tps: 8824.87 qps: 176623.43 (r/w/o: 123637.40/35344.89/17641.14) lat (ms,95%): 73.13 err/s: 0.00 reconn/s: 0.00
[ 50s ] thds: 400 tps: 9207.35 qps: 183930.92 (r/w/o: 128731.55/36776.09/18423.29) lat (ms,95%): 62.19 err/s: 0.00 reconn/s: 0.00
[ 60s ] thds: 400 tps: 9117.16 qps: 182675.65 (r/w/o: 127941.88/36499.25/18234.53) lat (ms,95%): 65.65 err/s: 0.00 reconn/s: 0.00
[ 70s ] thds: 400 tps: 9336.20 qps: 186507.81 (r/w/o: 130515.73/37319.48/18672.59) lat (ms,95%): 64.47 err/s: 0.00 reconn/s: 0.00
[ 80s ] thds: 400 tps: 8996.86 qps: 180227.85 (r/w/o: 126195.91/36037.93/17994.02) lat (ms,95%): 74.46 err/s: 0.00 reconn/s: 0.00
[ 90s ] thds: 400 tps: 9282.13 qps: 185557.35 (r/w/o: 129874.18/37118.71/18564.45) lat (ms,95%): 63.32 err/s: 0.00 reconn/s: 0.00
[ 100s ] thds: 400 tps: 9605.31 qps: 192042.46 (r/w/o: 134398.61/38438.63/19205.22) lat (ms,95%): 55.82 err/s: 0.20 reconn/s: 0.00
[ 110s ] thds: 400 tps: 9518.31 qps: 190355.59 (r/w/o: 133274.01/38042.66/19038.93) lat (ms,95%): 56.84 err/s: 0.00 reconn/s: 0.00
[ 120s ] thds: 400 tps: 7254.53 qps: 145234.34 (r/w/o: 101636.87/29084.71/14512.75) lat (ms,95%): 118.92 err/s: 0.00 reconn/s: 0.00
[ 130s ] thds: 400 tps: 5793.91 qps: 115784.64 (r/w/o: 81070.90/23128.13/11585.61) lat (ms,95%): 142.39 err/s: 0.00 reconn/s: 0.00
[ 140s ] thds: 400 tps: 7245.79 qps: 144723.80 (r/w/o: 101264.73/28971.38/14487.69) lat (ms,95%): 110.66 err/s: 0.00 reconn/s: 0.00
[ 150s ] thds: 400 tps: 9153.69 qps: 183281.37 (r/w/o: 128332.11/36635.77/18313.49) lat (ms,95%): 63.32 err/s: 0.00 reconn/s: 0.00
[ 160s ] thds: 400 tps: 9098.03 qps: 181983.95 (r/w/o: 127387.78/36406.51/18189.65) lat (ms,95%): 71.83 err/s: 0.10 reconn/s: 0.00
[ 170s ] thds: 400 tps: 9382.39 qps: 187461.82 (r/w/o: 131221.57/37469.26/18770.98) lat (ms,95%): 59.99 err/s: 0.00 reconn/s: 0.00
[ 180s ] thds: 400 tps: 9353.71 qps: 187176.88 (r/w/o: 131023.92/37450.94/18702.02) lat (ms,95%): 66.84 err/s: 0.20 reconn/s: 0.00
[ 190s ] thds: 400 tps: 9282.00 qps: 185854.16 (r/w/o: 130105.44/37178.11/18570.61) lat (ms,95%): 61.08 err/s: 0.00 reconn/s: 0.00
[ 200s ] thds: 400 tps: 9452.00 qps: 188925.58 (r/w/o: 132284.25/37737.12/18904.21) lat (ms,95%): 59.99 err/s: 0.10 reconn/s: 0.00
[ 210s ] thds: 400 tps: 9656.60 qps: 193092.88 (r/w/o: 135146.69/38633.10/19313.10) lat (ms,95%): 55.82 err/s: 0.00 reconn/s: 0.00
[ 220s ] thds: 400 tps: 9351.81 qps: 187117.05 (r/w/o: 130973.81/37439.33/18703.92) lat (ms,95%): 62.19 err/s: 0.00 reconn/s: 0.00
[ 230s ] thds: 400 tps: 8588.68 qps: 171452.53 (r/w/o: 119987.37/34287.81/17177.35) lat (ms,95%): 87.56 err/s: 0.00 reconn/s: 0.00
[ 240s ] thds: 400 tps: 7272.50 qps: 145509.10 (r/w/o: 101851.97/29117.52/14539.61) lat (ms,95%): 99.33 err/s: 0.00 reconn/s: 0.00
[ 250s ] thds: 400 tps: 7029.41 qps: 140886.29 (r/w/o: 98664.13/28158.04/14064.12) lat (ms,95%): 101.13 err/s: 0.00 reconn/s: 0.00
[ 260s ] thds: 400 tps: 8166.40 qps: 162978.44 (r/w/o: 114046.93/32599.41/16332.10) lat (ms,95%): 86.00 err/s: 0.00 reconn/s: 0.00
[ 270s ] thds: 400 tps: 9181.39 qps: 183844.49 (r/w/o: 128717.22/36763.58/18363.69) lat (ms,95%): 62.19 err/s: 0.00 reconn/s: 0.00
[ 280s ] thds: 400 tps: 9425.27 qps: 188146.93 (r/w/o: 131630.40/37669.78/18846.74) lat (ms,95%): 58.92 err/s: 0.00 reconn/s: 0.00
[ 290s ] thds: 400 tps: 9427.24 qps: 189001.19 (r/w/o: 132359.46/37784.06/18857.68) lat (ms,95%): 58.92 err/s: 0.00 reconn/s: 0.00
[ 300s ] thds: 400 tps: 9244.70 qps: 184807.27 (r/w/o: 129411.88/36904.89/18490.50) lat (ms,95%): 69.29 err/s: 0.10 reconn/s: 0.00
[ 310s ] thds: 400 tps: 9339.79 qps: 186731.84 (r/w/o: 130687.32/37364.85/18679.67) lat (ms,95%): 62.19 err/s: 0.00 reconn/s: 0.00
[ 320s ] thds: 400 tps: 9471.02 qps: 189370.86 (r/w/o: 132558.25/37870.47/18942.14) lat (ms,95%): 57.87 err/s: 0.00 reconn/s: 0.00
[ 330s ] thds: 400 tps: 9565.50 qps: 191291.99 (r/w/o: 133866.27/38296.42/19129.31) lat (ms,95%): 55.82 err/s: 0.00 reconn/s: 0.00
[ 340s ] thds: 400 tps: 8520.18 qps: 170423.72 (r/w/o: 119335.67/34045.80/17042.25) lat (ms,95%): 89.16 err/s: 0.00 reconn/s: 0.00
[ 350s ] thds: 400 tps: 7433.52 qps: 148707.05 (r/w/o: 104108.34/29731.87/14866.83) lat (ms,95%): 97.55 err/s: 0.00 reconn/s: 0.00
[ 360s ] thds: 400 tps: 7399.00 qps: 148202.79 (r/w/o: 103707.79/29696.70/14798.30) lat (ms,95%): 99.33 err/s: 0.00 reconn/s: 0.00
[ 370s ] thds: 400 tps: 7540.40 qps: 150763.60 (r/w/o: 105539.20/30143.80/15080.60) lat (ms,95%): 92.42 err/s: 0.00 reconn/s: 0.00
[ 380s ] thds: 400 tps: 8415.10 qps: 167953.82 (r/w/o: 117550.11/33573.40/16830.30) lat (ms,95%): 82.96 err/s: 0.00 reconn/s: 0.00
[ 390s ] thds: 400 tps: 8370.10 qps: 167804.70 (r/w/o: 117468.80/33596.50/16739.40) lat (ms,95%): 89.16 err/s: 0.10 reconn/s: 0.00
[ 400s ] thds: 400 tps: 8140.88 qps: 162447.82 (r/w/o: 113694.24/32477.32/16276.26) lat (ms,95%): 87.56 err/s: 0.00 reconn/s: 0.00
[ 410s ] thds: 400 tps: 7669.72 qps: 153649.57 (r/w/o: 107597.56/30707.27/15344.74) lat (ms,95%): 102.97 err/s: 0.00 reconn/s: 0.00
[ 420s ] thds: 400 tps: 8100.88 qps: 161917.29 (r/w/o: 113323.49/32397.74/16196.07) lat (ms,95%): 92.42 err/s: 0.00 reconn/s: 0.00
[ 430s ] thds: 400 tps: 9360.08 qps: 187295.88 (r/w/o: 131146.28/37422.24/18727.37) lat (ms,95%): 57.87 err/s: 0.00 reconn/s: 0.00
[ 440s ] thds: 400 tps: 9494.32 qps: 189693.52 (r/w/o: 132738.89/37966.08/18988.54) lat (ms,95%): 56.84 err/s: 0.10 reconn/s: 0.00
[ 450s ] thds: 400 tps: 9146.39 qps: 183131.32 (r/w/o: 128224.98/36612.96/18293.38) lat (ms,95%): 68.05 err/s: 0.00 reconn/s: 0.00
[ 460s ] thds: 400 tps: 8334.29 qps: 166610.90 (r/w/o: 116638.56/33303.66/16668.68) lat (ms,95%): 90.78 err/s: 0.00 reconn/s: 0.00
[ 470s ] thds: 400 tps: 9565.62 qps: 191468.80 (r/w/o: 133990.11/38350.66/19128.03) lat (ms,95%): 54.83 err/s: 0.10 reconn/s: 0.00
[ 480s ] thds: 400 tps: 7467.28 qps: 149150.30 (r/w/o: 104424.12/29791.62/14934.56) lat (ms,95%): 97.55 err/s: 0.10 reconn/s: 0.00
[ 490s ] thds: 400 tps: 6711.19 qps: 134175.34 (r/w/o: 93922.79/26826.67/13425.88) lat (ms,95%): 108.68 err/s: 0.00 reconn/s: 0.00
[ 500s ] thds: 400 tps: 8522.82 qps: 170615.40 (r/w/o: 119460.68/34108.78/17045.94) lat (ms,95%): 78.60 err/s: 0.10 reconn/s: 0.00
[ 510s ] thds: 400 tps: 9352.09 qps: 187229.12 (r/w/o: 131003.98/37520.86/18704.28) lat (ms,95%): 58.92 err/s: 0.00 reconn/s: 0.00
[ 520s ] thds: 400 tps: 9265.40 qps: 184988.21 (r/w/o: 129534.94/36922.48/18530.79) lat (ms,95%): 65.65 err/s: 0.00 reconn/s: 0.00
[ 530s ] thds: 400 tps: 9137.40 qps: 182847.27 (r/w/o: 127960.68/36618.49/18268.10) lat (ms,95%): 68.05 err/s: 0.00 reconn/s: 0.00
[ 540s ] thds: 400 tps: 9471.70 qps: 189399.06 (r/w/o: 132586.74/37861.91/18950.41) lat (ms,95%): 58.92 err/s: 0.00 reconn/s: 0.00
[ 550s ] thds: 400 tps: 9382.82 qps: 187723.61 (r/w/o: 131417.92/37541.76/18763.93) lat (ms,95%): 62.19 err/s: 0.00 reconn/s: 0.00
[ 560s ] thds: 400 tps: 9210.39 qps: 183934.46 (r/w/o: 128706.73/36804.75/18422.98) lat (ms,95%): 66.84 err/s: 0.10 reconn/s: 0.00
[ 570s ] thds: 400 tps: 8223.50 qps: 164575.54 (r/w/o: 115232.83/32895.71/16447.00) lat (ms,95%): 89.16 err/s: 0.00 reconn/s: 0.00
[ 580s ] thds: 400 tps: 9489.20 qps: 189779.82 (r/w/o: 132823.44/37977.88/18978.49) lat (ms,95%): 57.87 err/s: 0.00 reconn/s: 0.00
[ 590s ] thds: 400 tps: 7556.50 qps: 151013.65 (r/w/o: 105678.07/30229.79/15105.80) lat (ms,95%): 95.81 err/s: 0.10 reconn/s: 0.00
[ 600s ] thds: 400 tps: 7579.49 qps: 151828.55 (r/w/o: 106377.43/30284.35/15166.78) lat (ms,95%): 92.42 err/s: 0.10 reconn/s: 0.00
[ 610s ] thds: 400 tps: 7129.91 qps: 142683.53 (r/w/o: 99885.26/28538.05/14260.22) lat (ms,95%): 102.97 err/s: 0.20 reconn/s: 0.00
[ 620s ] thds: 400 tps: 9392.61 qps: 187799.51 (r/w/o: 131459.65/37555.74/18784.12) lat (ms,95%): 56.84 err/s: 0.00 reconn/s: 0.00
[ 630s ] thds: 400 tps: 9233.40 qps: 184637.52 (r/w/o: 129198.25/36971.18/18468.09) lat (ms,95%): 65.65 err/s: 0.10 reconn/s: 0.00
[ 640s ] thds: 400 tps: 9164.01 qps: 183236.12 (r/w/o: 128242.18/36665.72/18328.21) lat (ms,95%): 68.05 err/s: 0.00 reconn/s: 0.00
[ 650s ] thds: 400 tps: 9556.09 qps: 191182.38 (r/w/o: 133846.05/38223.56/19112.78) lat (ms,95%): 55.82 err/s: 0.30 reconn/s: 0.00
[ 660s ] thds: 400 tps: 9446.51 qps: 188849.86 (r/w/o: 132194.08/37762.75/18893.03) lat (ms,95%): 59.99 err/s: 0.00 reconn/s: 0.00
[ 670s ] thds: 400 tps: 9095.20 qps: 181964.59 (r/w/o: 127418.87/36355.32/18190.41) lat (ms,95%): 66.84 err/s: 0.00 reconn/s: 0.00
[ 680s ] thds: 400 tps: 8272.69 qps: 165131.47 (r/w/o: 115503.81/33087.57/16540.09) lat (ms,95%): 94.10 err/s: 0.00 reconn/s: 0.00
[ 690s ] thds: 400 tps: 9529.78 qps: 190972.34 (r/w/o: 133747.38/38159.91/19065.05) lat (ms,95%): 56.84 err/s: 0.00 reconn/s: 0.00
[ 700s ] thds: 400 tps: 7888.81 qps: 157893.94 (r/w/o: 110498.47/31617.85/15777.62) lat (ms,95%): 92.42 err/s: 0.10 reconn/s: 0.00
[ 710s ] thds: 400 tps: 7604.62 qps: 151911.52 (r/w/o: 106348.32/30354.96/15208.23) lat (ms,95%): 90.78 err/s: 0.00 reconn/s: 0.00
[ 720s ] thds: 400 tps: 7578.80 qps: 151468.91 (r/w/o: 106034.74/30275.48/15158.69) lat (ms,95%): 89.16 err/s: 0.10 reconn/s: 0.00
[ 730s ] thds: 400 tps: 8253.20 qps: 165343.01 (r/w/o: 115748.60/33087.70/16506.70) lat (ms,95%): 84.47 err/s: 0.00 reconn/s: 0.00
[ 740s ] thds: 400 tps: 9116.51 qps: 182173.16 (r/w/o: 127509.21/36430.63/18233.32) lat (ms,95%): 66.84 err/s: 0.00 reconn/s: 0.00
[ 750s ] thds: 400 tps: 9157.40 qps: 183127.34 (r/w/o: 128218.26/36594.49/18314.59) lat (ms,95%): 68.05 err/s: 0.00 reconn/s: 0.00
[ 760s ] thds: 400 tps: 9546.00 qps: 191114.07 (r/w/o: 133749.98/38271.89/19092.20) lat (ms,95%): 57.87 err/s: 0.00 reconn/s: 0.00
[ 770s ] thds: 400 tps: 9025.80 qps: 180210.90 (r/w/o: 126132.20/36034.50/18044.20) lat (ms,95%): 75.82 err/s: 0.00 reconn/s: 0.00
[ 780s ] thds: 400 tps: 8614.79 qps: 172508.07 (r/w/o: 120791.34/34479.55/17237.18) lat (ms,95%): 86.00 err/s: 0.10 reconn/s: 0.00
[ 790s ] thds: 400 tps: 8063.88 qps: 160900.54 (r/w/o: 112564.85/32209.13/16126.56) lat (ms,95%): 92.42 err/s: 0.00 reconn/s: 0.00
[ 800s ] thds: 400 tps: 8437.98 qps: 169099.83 (r/w/o: 118424.84/33798.43/16876.56) lat (ms,95%): 86.00 err/s: 0.10 reconn/s: 0.00
[ 810s ] thds: 400 tps: 7751.37 qps: 155027.64 (r/w/o: 108510.21/31014.79/15502.64) lat (ms,95%): 102.97 err/s: 0.00 reconn/s: 0.00
[ 820s ] thds: 400 tps: 7204.77 qps: 143940.72 (r/w/o: 100716.52/28816.06/14408.13) lat (ms,95%): 101.13 err/s: 0.00 reconn/s: 0.00
[ 830s ] thds: 400 tps: 7483.31 qps: 149531.09 (r/w/o: 104688.04/29876.54/14966.52) lat (ms,95%): 99.33 err/s: 0.00 reconn/s: 0.00
[ 840s ] thds: 400 tps: 7685.32 qps: 154171.11 (r/w/o: 107918.88/30880.58/15371.64) lat (ms,95%): 97.55 err/s: 0.00 reconn/s: 0.00
SQL statistics:
    queries performed:
        read:                            100869762
        write:                           28819830
        other:                           14410018
        total:                           144099610
    transactions:                        7204958 (8571.57 per sec.)
    queries:                             144099610 (171432.02 per sec.)
    ignored errors:                      25     (0.03 per sec.)
    reconnects:                          0      (0.00 per sec.)

General statistics:
    total time:                          840.5631s
    total number of events:              7204958

Latency (ms):
         min:                                   19.76
         avg:                                   46.64
         max:                                  909.58
         95th percentile:                       84.47
         sum:                            336010943.88

Threads fairness:
    events (avg/stddev):           18012.3950/423.44
    execution time (avg/stddev):   840.0274/0.06

