sysbench 1.0.20-ebf1c90 (using bundled LuaJIT 2.1.0-beta2)

Running the test with following options:
Number of threads: 400
Report intermediate results every 10 second(s)
Initializing random number generator from current time


Initializing worker threads...

Threads started!

[ 10s ] thds: 400 tps: 5630.79 qps: 113232.34 (r/w/o: 79349.44/22581.34/11301.57) lat (ms,95%): 211.60 err/s: 0.00 reconn/s: 0.00
[ 20s ] thds: 400 tps: 7867.82 qps: 157199.48 (r/w/o: 110038.97/31424.68/15735.84) lat (ms,95%): 164.45 err/s: 0.00 reconn/s: 0.00
[ 30s ] thds: 400 tps: 8374.69 qps: 167462.80 (r/w/o: 117194.86/33518.56/16749.38) lat (ms,95%): 137.35 err/s: 0.00 reconn/s: 0.00
[ 40s ] thds: 400 tps: 8917.91 qps: 178411.13 (r/w/o: 124925.86/35651.04/17834.22) lat (ms,95%): 77.19 err/s: 0.00 reconn/s: 0.00
[ 50s ] thds: 400 tps: 9086.81 qps: 181793.32 (r/w/o: 127230.18/36388.62/18174.51) lat (ms,95%): 65.65 err/s: 0.10 reconn/s: 0.00
[ 60s ] thds: 400 tps: 9381.40 qps: 187316.42 (r/w/o: 131075.15/37478.78/18762.49) lat (ms,95%): 62.19 err/s: 0.10 reconn/s: 0.00
[ 70s ] thds: 400 tps: 9509.55 qps: 190331.49 (r/w/o: 133268.36/38046.62/19016.51) lat (ms,95%): 59.99 err/s: 0.10 reconn/s: 0.00
[ 80s ] thds: 400 tps: 9093.13 qps: 182055.03 (r/w/o: 127456.17/36408.21/18190.65) lat (ms,95%): 78.60 err/s: 0.00 reconn/s: 0.00
[ 90s ] thds: 400 tps: 9428.12 qps: 188493.81 (r/w/o: 131956.79/37680.58/18856.44) lat (ms,95%): 62.19 err/s: 0.10 reconn/s: 0.00
[ 100s ] thds: 400 tps: 9797.30 qps: 196004.45 (r/w/o: 137205.14/39204.51/19594.81) lat (ms,95%): 52.89 err/s: 0.10 reconn/s: 0.00
[ 110s ] thds: 400 tps: 8041.48 qps: 160962.60 (r/w/o: 112649.72/32229.92/16082.96) lat (ms,95%): 108.68 err/s: 0.00 reconn/s: 0.00
[ 120s ] thds: 400 tps: 7274.90 qps: 145250.39 (r/w/o: 101676.69/29023.90/14549.80) lat (ms,95%): 118.92 err/s: 0.00 reconn/s: 0.00
[ 130s ] thds: 400 tps: 5924.92 qps: 118401.38 (r/w/o: 82860.57/23690.78/11850.04) lat (ms,95%): 134.90 err/s: 0.10 reconn/s: 0.00
[ 140s ] thds: 400 tps: 7293.81 qps: 145755.15 (r/w/o: 101996.51/29171.03/14587.62) lat (ms,95%): 112.67 err/s: 0.00 reconn/s: 0.00
[ 150s ] thds: 400 tps: 9170.44 qps: 183854.26 (r/w/o: 128762.83/36750.55/18340.88) lat (ms,95%): 65.65 err/s: 0.00 reconn/s: 0.00
[ 160s ] thds: 400 tps: 9395.47 qps: 187615.17 (r/w/o: 131312.63/37512.89/18789.65) lat (ms,95%): 65.65 err/s: 0.00 reconn/s: 0.00
[ 170s ] thds: 400 tps: 9506.59 qps: 190256.68 (r/w/o: 133195.51/38046.28/19014.89) lat (ms,95%): 59.99 err/s: 0.10 reconn/s: 0.00
[ 180s ] thds: 400 tps: 9593.65 qps: 191690.64 (r/w/o: 134140.32/38363.01/19187.30) lat (ms,95%): 58.92 err/s: 0.00 reconn/s: 0.00
[ 190s ] thds: 400 tps: 9408.23 qps: 188386.41 (r/w/o: 131925.26/37644.30/18816.85) lat (ms,95%): 64.47 err/s: 0.00 reconn/s: 0.00
[ 200s ] thds: 400 tps: 9590.23 qps: 191688.05 (r/w/o: 134164.19/38343.31/19180.56) lat (ms,95%): 57.87 err/s: 0.00 reconn/s: 0.00
[ 210s ] thds: 400 tps: 9758.76 qps: 195275.98 (r/w/o: 136670.40/39087.76/19517.83) lat (ms,95%): 54.83 err/s: 0.10 reconn/s: 0.00
[ 220s ] thds: 400 tps: 8469.59 qps: 169278.15 (r/w/o: 118481.19/33857.67/16939.28) lat (ms,95%): 92.42 err/s: 0.00 reconn/s: 0.00
[ 230s ] thds: 400 tps: 8028.95 qps: 160646.61 (r/w/o: 112453.44/32134.98/16058.19) lat (ms,95%): 95.81 err/s: 0.10 reconn/s: 0.00
[ 240s ] thds: 400 tps: 7999.76 qps: 159993.48 (r/w/o: 112044.72/31949.24/15999.52) lat (ms,95%): 90.78 err/s: 0.00 reconn/s: 0.00
[ 250s ] thds: 400 tps: 6954.31 qps: 139169.64 (r/w/o: 97415.07/27845.65/13908.92) lat (ms,95%): 104.84 err/s: 0.10 reconn/s: 0.00
[ 260s ] thds: 400 tps: 8385.95 qps: 167641.01 (r/w/o: 117348.94/33520.08/16771.99) lat (ms,95%): 84.47 err/s: 0.00 reconn/s: 0.00
[ 270s ] thds: 400 tps: 9308.45 qps: 186090.37 (r/w/o: 130214.85/37260.21/18615.31) lat (ms,95%): 70.55 err/s: 0.20 reconn/s: 0.00
[ 280s ] thds: 400 tps: 9452.10 qps: 189091.27 (r/w/o: 132406.48/37778.69/18906.10) lat (ms,95%): 61.08 err/s: 0.10 reconn/s: 0.00
[ 290s ] thds: 400 tps: 9397.21 qps: 188153.32 (r/w/o: 131706.56/37651.94/18794.82) lat (ms,95%): 61.08 err/s: 0.00 reconn/s: 0.00
[ 300s ] thds: 400 tps: 9571.60 qps: 191340.60 (r/w/o: 133969.60/38227.90/19143.10) lat (ms,95%): 61.08 err/s: 0.10 reconn/s: 0.00
[ 310s ] thds: 400 tps: 9745.56 qps: 194916.26 (r/w/o: 136433.88/38990.95/19491.43) lat (ms,95%): 54.83 err/s: 0.10 reconn/s: 0.00
[ 320s ] thds: 400 tps: 9346.53 qps: 186620.42 (r/w/o: 130543.46/37383.70/18693.25) lat (ms,95%): 68.05 err/s: 0.00 reconn/s: 0.00
[ 330s ] thds: 400 tps: 8918.80 qps: 178597.84 (r/w/o: 125073.06/35686.99/17837.79) lat (ms,95%): 81.48 err/s: 0.10 reconn/s: 0.00
[ 340s ] thds: 400 tps: 7858.42 qps: 157216.62 (r/w/o: 110028.72/31474.36/15713.53) lat (ms,95%): 97.55 err/s: 0.00 reconn/s: 0.00
[ 350s ] thds: 400 tps: 8048.47 qps: 160919.24 (r/w/o: 112646.31/32172.59/16100.34) lat (ms,95%): 94.10 err/s: 0.10 reconn/s: 0.00
[ 360s ] thds: 400 tps: 7298.60 qps: 146112.96 (r/w/o: 102276.34/29239.31/14597.31) lat (ms,95%): 102.97 err/s: 0.00 reconn/s: 0.00
[ 370s ] thds: 400 tps: 7891.24 qps: 157477.88 (r/w/o: 110226.01/31469.98/15781.89) lat (ms,95%): 90.78 err/s: 0.00 reconn/s: 0.00
[ 380s ] thds: 400 tps: 8291.79 qps: 166327.64 (r/w/o: 116437.32/33306.45/16583.87) lat (ms,95%): 92.42 err/s: 0.00 reconn/s: 0.00
[ 390s ] thds: 400 tps: 8563.89 qps: 171083.21 (r/w/o: 119779.07/34176.86/17127.28) lat (ms,95%): 87.56 err/s: 0.00 reconn/s: 0.00
[ 400s ] thds: 400 tps: 8241.72 qps: 164834.93 (r/w/o: 115426.63/32924.07/16484.23) lat (ms,95%): 89.16 err/s: 0.00 reconn/s: 0.00
[ 410s ] thds: 400 tps: 7660.21 qps: 153338.30 (r/w/o: 107303.44/30714.34/15320.52) lat (ms,95%): 101.13 err/s: 0.00 reconn/s: 0.00
[ 420s ] thds: 400 tps: 8110.82 qps: 161829.33 (r/w/o: 113255.83/32351.77/16221.73) lat (ms,95%): 95.81 err/s: 0.00 reconn/s: 0.00
[ 430s ] thds: 400 tps: 9750.88 qps: 194984.35 (r/w/o: 136478.78/39004.21/19501.35) lat (ms,95%): 52.89 err/s: 0.00 reconn/s: 0.00
[ 440s ] thds: 400 tps: 9071.62 qps: 181810.55 (r/w/o: 127280.44/36386.57/18143.53) lat (ms,95%): 77.19 err/s: 0.00 reconn/s: 0.00
[ 450s ] thds: 400 tps: 8179.98 qps: 163448.40 (r/w/o: 114423.72/32669.52/16355.16) lat (ms,95%): 90.78 err/s: 0.00 reconn/s: 0.00
[ 460s ] thds: 400 tps: 8054.07 qps: 161155.62 (r/w/o: 112809.99/32233.28/16112.34) lat (ms,95%): 90.78 err/s: 0.00 reconn/s: 0.00
[ 470s ] thds: 400 tps: 7880.82 qps: 157340.40 (r/w/o: 110119.48/31465.78/15755.14) lat (ms,95%): 94.10 err/s: 0.00 reconn/s: 0.00
[ 480s ] thds: 400 tps: 7679.88 qps: 153862.72 (r/w/o: 107714.56/30781.10/15367.05) lat (ms,95%): 92.42 err/s: 0.00 reconn/s: 0.00
[ 490s ] thds: 400 tps: 7662.82 qps: 153167.90 (r/w/o: 107211.08/30640.08/15316.74) lat (ms,95%): 90.78 err/s: 0.00 reconn/s: 0.00
[ 500s ] thds: 400 tps: 9807.48 qps: 196247.19 (r/w/o: 137414.52/39208.42/19624.26) lat (ms,95%): 53.85 err/s: 0.10 reconn/s: 0.00
[ 510s ] thds: 400 tps: 9571.75 qps: 191343.77 (r/w/o: 133937.45/38263.01/19143.31) lat (ms,95%): 58.92 err/s: 0.00 reconn/s: 0.00
[ 520s ] thds: 400 tps: 9741.26 qps: 194844.19 (r/w/o: 136399.70/38963.06/19481.43) lat (ms,95%): 54.83 err/s: 0.00 reconn/s: 0.00
[ 530s ] thds: 400 tps: 9112.68 qps: 182466.73 (r/w/o: 127706.37/36533.41/18226.95) lat (ms,95%): 74.46 err/s: 0.00 reconn/s: 0.00
[ 540s ] thds: 400 tps: 9531.14 qps: 190147.63 (r/w/o: 133063.61/38028.95/19055.07) lat (ms,95%): 58.92 err/s: 0.10 reconn/s: 0.00
[ 550s ] thds: 400 tps: 9138.52 qps: 183073.83 (r/w/o: 128191.73/36597.37/18284.73) lat (ms,95%): 73.13 err/s: 0.00 reconn/s: 0.00
[ 560s ] thds: 400 tps: 8207.19 qps: 163988.44 (r/w/o: 114758.02/32826.45/16403.97) lat (ms,95%): 90.78 err/s: 0.10 reconn/s: 0.00
[ 570s ] thds: 400 tps: 8259.92 qps: 165413.98 (r/w/o: 115838.47/33044.88/16530.64) lat (ms,95%): 90.78 err/s: 0.10 reconn/s: 0.00
[ 580s ] thds: 400 tps: 7894.87 qps: 157914.01 (r/w/o: 110504.18/31620.08/15789.74) lat (ms,95%): 90.78 err/s: 0.00 reconn/s: 0.00
[ 590s ] thds: 400 tps: 7861.36 qps: 157008.34 (r/w/o: 109899.20/31386.73/15722.41) lat (ms,95%): 92.42 err/s: 0.00 reconn/s: 0.00
[ 600s ] thds: 400 tps: 7732.79 qps: 154748.34 (r/w/o: 108365.49/30918.97/15463.88) lat (ms,95%): 94.10 err/s: 0.00 reconn/s: 0.00
[ 610s ] thds: 400 tps: 9134.79 qps: 182744.36 (r/w/o: 127919.10/36556.77/18268.49) lat (ms,95%): 70.55 err/s: 0.00 reconn/s: 0.00
[ 620s ] thds: 400 tps: 9544.64 qps: 190873.56 (r/w/o: 133623.03/38157.95/19092.58) lat (ms,95%): 58.92 err/s: 0.30 reconn/s: 0.00
[ 630s ] thds: 400 tps: 9724.12 qps: 194382.03 (r/w/o: 136000.83/38939.37/19441.83) lat (ms,95%): 55.82 err/s: 0.00 reconn/s: 0.00
[ 640s ] thds: 400 tps: 9047.41 qps: 181080.19 (r/w/o: 126789.90/36188.46/18101.83) lat (ms,95%): 77.19 err/s: 0.00 reconn/s: 0.00
[ 650s ] thds: 400 tps: 9713.18 qps: 194315.92 (r/w/o: 136032.43/38856.62/19426.86) lat (ms,95%): 54.83 err/s: 0.00 reconn/s: 0.00
[ 660s ] thds: 400 tps: 9261.23 qps: 185173.08 (r/w/o: 129624.10/37026.42/18522.56) lat (ms,95%): 71.83 err/s: 0.00 reconn/s: 0.00
[ 670s ] thds: 400 tps: 8327.99 qps: 166519.89 (r/w/o: 116566.52/33297.68/16655.69) lat (ms,95%): 90.78 err/s: 0.00 reconn/s: 0.00
[ 680s ] thds: 400 tps: 8427.48 qps: 168694.56 (r/w/o: 118095.46/33743.73/16855.37) lat (ms,95%): 90.78 err/s: 0.00 reconn/s: 0.00
[ 690s ] thds: 400 tps: 7729.40 qps: 154333.31 (r/w/o: 107996.90/30877.60/15458.80) lat (ms,95%): 92.42 err/s: 0.00 reconn/s: 0.00
[ 700s ] thds: 400 tps: 7821.69 qps: 156752.79 (r/w/o: 109734.92/31374.38/15643.49) lat (ms,95%): 92.42 err/s: 0.00 reconn/s: 0.00
[ 710s ] thds: 400 tps: 7804.69 qps: 156025.36 (r/w/o: 109215.20/31200.47/15609.69) lat (ms,95%): 90.78 err/s: 0.10 reconn/s: 0.00
[ 720s ] thds: 400 tps: 9055.77 qps: 181096.70 (r/w/o: 126798.08/36186.98/18111.64) lat (ms,95%): 74.46 err/s: 0.00 reconn/s: 0.00
[ 730s ] thds: 400 tps: 9451.23 qps: 189056.91 (r/w/o: 132326.85/37827.60/18902.45) lat (ms,95%): 62.19 err/s: 0.00 reconn/s: 0.00
[ 740s ] thds: 400 tps: 9488.98 qps: 189537.28 (r/w/o: 132646.11/37912.82/18978.36) lat (ms,95%): 58.92 err/s: 0.10 reconn/s: 0.00
[ 750s ] thds: 400 tps: 9528.37 qps: 190703.77 (r/w/o: 133504.43/38145.29/19054.05) lat (ms,95%): 61.08 err/s: 0.00 reconn/s: 0.00
[ 760s ] thds: 400 tps: 9042.56 qps: 180834.96 (r/w/o: 126611.41/36135.93/18087.62) lat (ms,95%): 75.82 err/s: 0.00 reconn/s: 0.00
[ 770s ] thds: 400 tps: 9136.70 qps: 182638.38 (r/w/o: 127807.09/36558.80/18272.50) lat (ms,95%): 77.19 err/s: 0.00 reconn/s: 0.00
[ 780s ] thds: 400 tps: 8608.12 qps: 172268.87 (r/w/o: 120594.73/34456.79/17217.35) lat (ms,95%): 90.78 err/s: 0.00 reconn/s: 0.00
[ 790s ] thds: 400 tps: 8033.99 qps: 160553.45 (r/w/o: 112417.02/32069.65/16066.77) lat (ms,95%): 97.55 err/s: 0.00 reconn/s: 0.00
[ 800s ] thds: 400 tps: 7784.98 qps: 155800.58 (r/w/o: 109064.11/31169.92/15566.56) lat (ms,95%): 102.97 err/s: 0.00 reconn/s: 0.00
[ 810s ] thds: 400 tps: 7301.88 qps: 145897.71 (r/w/o: 102097.63/29194.32/14605.76) lat (ms,95%): 112.67 err/s: 0.00 reconn/s: 0.00
[ 820s ] thds: 400 tps: 7154.08 qps: 143305.55 (r/w/o: 100338.45/28655.43/14311.66) lat (ms,95%): 106.75 err/s: 0.00 reconn/s: 0.00
[ 830s ] thds: 400 tps: 7576.33 qps: 151395.63 (r/w/o: 105941.44/30312.83/15141.36) lat (ms,95%): 106.75 err/s: 0.00 reconn/s: 0.00
[ 840s ] thds: 400 tps: 7543.54 qps: 150828.85 (r/w/o: 105555.10/30183.67/15090.09) lat (ms,95%): 102.97 err/s: 0.00 reconn/s: 0.00
SQL statistics:
    queries performed:
        read:                            100942156
        write:                           28840511
        other:                           14420361
        total:                           144203028
    transactions:                        7210128 (8577.98 per sec.)
    queries:                             144203028 (171560.17 per sec.)
    ignored errors:                      26     (0.03 per sec.)
    reconnects:                          0      (0.00 per sec.)

General statistics:
    total time:                          840.5381s
    total number of events:              7210128

Latency (ms):
         min:                                   19.66
         avg:                                   46.60
         max:                                  919.59
         95th percentile:                       87.56
         sum:                            336011404.32

Threads fairness:
    events (avg/stddev):           18025.3200/457.53
    execution time (avg/stddev):   840.0285/0.05

