sysbench 1.0.20-ebf1c90 (using bundled LuaJIT 2.1.0-beta2)

Running the test with following options:
Number of threads: 400
Report intermediate results every 10 second(s)
Initializing random number generator from current time


Initializing worker threads...

Threads started!

[ 10s ] thds: 400 tps: 5642.40 qps: 113158.39 (r/w/o: 79261.61/22571.79/11324.99) lat (ms,95%): 215.44 err/s: 0.00 reconn/s: 0.00
[ 20s ] thds: 400 tps: 7817.86 qps: 156397.41 (r/w/o: 109454.44/31311.44/15631.52) lat (ms,95%): 164.45 err/s: 0.00 reconn/s: 0.00
[ 30s ] thds: 400 tps: 8357.41 qps: 167343.40 (r/w/o: 117183.47/33440.62/16719.31) lat (ms,95%): 137.35 err/s: 0.10 reconn/s: 0.00
[ 40s ] thds: 400 tps: 8921.18 qps: 178063.03 (r/w/o: 124578.27/35643.41/17841.35) lat (ms,95%): 77.19 err/s: 0.00 reconn/s: 0.00
[ 50s ] thds: 400 tps: 9013.05 qps: 180607.27 (r/w/o: 126516.95/36062.91/18027.41) lat (ms,95%): 66.84 err/s: 0.10 reconn/s: 0.00
[ 60s ] thds: 400 tps: 9328.05 qps: 186619.50 (r/w/o: 130639.13/37324.08/18656.29) lat (ms,95%): 63.32 err/s: 0.10 reconn/s: 0.00
[ 70s ] thds: 400 tps: 9563.57 qps: 191211.83 (r/w/o: 133803.53/38281.17/19127.13) lat (ms,95%): 57.87 err/s: 0.00 reconn/s: 0.00
[ 80s ] thds: 400 tps: 9122.13 qps: 182354.62 (r/w/o: 127628.66/36481.70/18244.25) lat (ms,95%): 78.60 err/s: 0.00 reconn/s: 0.00
[ 90s ] thds: 400 tps: 9445.77 qps: 189019.76 (r/w/o: 132332.75/37795.47/18891.54) lat (ms,95%): 61.08 err/s: 0.00 reconn/s: 0.00
[ 100s ] thds: 400 tps: 9788.38 qps: 195618.19 (r/w/o: 136907.38/39142.44/19568.37) lat (ms,95%): 52.89 err/s: 0.10 reconn/s: 0.00
[ 110s ] thds: 400 tps: 8064.31 qps: 161352.24 (r/w/o: 112970.00/32244.83/16137.41) lat (ms,95%): 108.68 err/s: 0.00 reconn/s: 0.00
[ 120s ] thds: 400 tps: 7303.26 qps: 146140.62 (r/w/o: 102303.08/29235.42/14602.11) lat (ms,95%): 116.80 err/s: 0.10 reconn/s: 0.00
[ 130s ] thds: 400 tps: 5915.09 qps: 118421.16 (r/w/o: 82905.21/23680.57/11835.39) lat (ms,95%): 134.90 err/s: 0.20 reconn/s: 0.00
[ 140s ] thds: 400 tps: 7266.31 qps: 145386.46 (r/w/o: 101758.12/29095.63/14532.72) lat (ms,95%): 112.67 err/s: 0.00 reconn/s: 0.00
[ 150s ] thds: 400 tps: 9207.10 qps: 183843.10 (r/w/o: 128701.87/36726.92/18414.31) lat (ms,95%): 65.65 err/s: 0.00 reconn/s: 0.00
[ 160s ] thds: 400 tps: 9396.50 qps: 188111.61 (r/w/o: 131698.11/37620.40/18793.10) lat (ms,95%): 65.65 err/s: 0.00 reconn/s: 0.00
[ 170s ] thds: 400 tps: 9505.60 qps: 190090.99 (r/w/o: 133032.16/38047.42/19011.41) lat (ms,95%): 59.99 err/s: 0.00 reconn/s: 0.00
[ 180s ] thds: 400 tps: 9551.89 qps: 191049.98 (r/w/o: 133760.15/38186.26/19103.58) lat (ms,95%): 58.92 err/s: 0.10 reconn/s: 0.00
[ 190s ] thds: 400 tps: 9430.70 qps: 188370.62 (r/w/o: 131801.74/37712.68/18856.19) lat (ms,95%): 64.47 err/s: 0.10 reconn/s: 0.00
[ 200s ] thds: 400 tps: 9593.81 qps: 192122.11 (r/w/o: 134524.98/38403.72/19193.41) lat (ms,95%): 57.87 err/s: 0.00 reconn/s: 0.00
[ 210s ] thds: 400 tps: 9744.50 qps: 194885.86 (r/w/o: 136435.94/38960.91/19489.01) lat (ms,95%): 54.83 err/s: 0.00 reconn/s: 0.00
[ 220s ] thds: 400 tps: 8462.71 qps: 169257.84 (r/w/o: 118477.40/33855.03/16925.41) lat (ms,95%): 92.42 err/s: 0.10 reconn/s: 0.00
[ 230s ] thds: 400 tps: 8041.87 qps: 160816.97 (r/w/o: 112563.53/32169.39/16084.05) lat (ms,95%): 95.81 err/s: 0.00 reconn/s: 0.00
[ 240s ] thds: 400 tps: 8045.72 qps: 160757.19 (r/w/o: 112534.47/32135.18/16087.54) lat (ms,95%): 90.78 err/s: 0.00 reconn/s: 0.00
[ 250s ] thds: 400 tps: 6968.10 qps: 139365.83 (r/w/o: 97563.62/27861.91/13940.30) lat (ms,95%): 104.84 err/s: 0.00 reconn/s: 0.00
[ 260s ] thds: 400 tps: 8374.09 qps: 167609.55 (r/w/o: 117296.19/33568.17/16745.18) lat (ms,95%): 84.47 err/s: 0.10 reconn/s: 0.00
[ 270s ] thds: 400 tps: 9336.49 qps: 186686.59 (r/w/o: 130713.35/37297.06/18676.18) lat (ms,95%): 70.55 err/s: 0.00 reconn/s: 0.00
[ 280s ] thds: 400 tps: 9413.40 qps: 188427.86 (r/w/o: 131871.57/37728.99/18827.30) lat (ms,95%): 62.19 err/s: 0.20 reconn/s: 0.00
[ 290s ] thds: 400 tps: 9441.92 qps: 188655.54 (r/w/o: 132102.04/37669.57/18883.93) lat (ms,95%): 61.08 err/s: 0.00 reconn/s: 0.00
[ 300s ] thds: 400 tps: 9540.39 qps: 190616.94 (r/w/o: 133371.42/38164.75/19080.77) lat (ms,95%): 59.99 err/s: 0.00 reconn/s: 0.00
[ 310s ] thds: 400 tps: 9748.32 qps: 195011.55 (r/w/o: 136515.74/38998.97/19496.83) lat (ms,95%): 54.83 err/s: 0.10 reconn/s: 0.00
[ 320s ] thds: 400 tps: 9226.65 qps: 184814.76 (r/w/o: 129416.74/36944.11/18453.91) lat (ms,95%): 69.29 err/s: 0.20 reconn/s: 0.00
[ 330s ] thds: 400 tps: 8885.73 qps: 177599.95 (r/w/o: 124264.39/35564.01/17771.56) lat (ms,95%): 82.96 err/s: 0.00 reconn/s: 0.00
[ 340s ] thds: 400 tps: 7864.51 qps: 157396.43 (r/w/o: 110183.99/31485.63/15726.81) lat (ms,95%): 97.55 err/s: 0.00 reconn/s: 0.00
[ 350s ] thds: 400 tps: 8000.80 qps: 160003.80 (r/w/o: 112031.73/31968.18/16003.89) lat (ms,95%): 94.10 err/s: 0.00 reconn/s: 0.00
[ 360s ] thds: 400 tps: 7298.29 qps: 145922.23 (r/w/o: 102156.18/29169.47/14596.58) lat (ms,95%): 102.97 err/s: 0.00 reconn/s: 0.00
[ 370s ] thds: 400 tps: 7850.11 qps: 157169.03 (r/w/o: 109997.86/31470.85/15700.32) lat (ms,95%): 92.42 err/s: 0.10 reconn/s: 0.00
[ 380s ] thds: 400 tps: 8342.51 qps: 166700.94 (r/w/o: 116720.60/33295.03/16685.31) lat (ms,95%): 92.42 err/s: 0.00 reconn/s: 0.00
[ 390s ] thds: 400 tps: 8532.70 qps: 170552.48 (r/w/o: 119332.78/34158.80/17060.90) lat (ms,95%): 87.56 err/s: 0.00 reconn/s: 0.00
[ 400s ] thds: 400 tps: 8237.49 qps: 164615.34 (r/w/o: 115229.19/32906.57/16479.58) lat (ms,95%): 89.16 err/s: 0.00 reconn/s: 0.00
[ 410s ] thds: 400 tps: 7631.52 qps: 152745.78 (r/w/o: 106970.87/30511.78/15263.14) lat (ms,95%): 101.13 err/s: 0.00 reconn/s: 0.00
[ 420s ] thds: 400 tps: 8059.79 qps: 161411.35 (r/w/o: 112986.09/32305.57/16119.68) lat (ms,95%): 95.81 err/s: 0.00 reconn/s: 0.00
[ 430s ] thds: 400 tps: 9747.89 qps: 194937.67 (r/w/o: 136457.54/38984.35/19495.78) lat (ms,95%): 52.89 err/s: 0.00 reconn/s: 0.00
[ 440s ] thds: 400 tps: 9052.68 qps: 181051.52 (r/w/o: 126737.87/36208.10/18105.55) lat (ms,95%): 75.82 err/s: 0.00 reconn/s: 0.00
[ 450s ] thds: 400 tps: 8152.71 qps: 162926.43 (r/w/o: 114066.46/32554.55/16305.42) lat (ms,95%): 90.78 err/s: 0.00 reconn/s: 0.00
[ 460s ] thds: 400 tps: 8058.10 qps: 161056.09 (r/w/o: 112687.07/32258.62/16110.41) lat (ms,95%): 90.78 err/s: 0.00 reconn/s: 0.00
[ 470s ] thds: 400 tps: 7872.00 qps: 157729.47 (r/w/o: 110410.08/31569.99/15749.40) lat (ms,95%): 94.10 err/s: 0.00 reconn/s: 0.00
[ 480s ] thds: 400 tps: 7659.12 qps: 153077.67 (r/w/o: 107176.76/30582.87/15318.04) lat (ms,95%): 94.10 err/s: 0.00 reconn/s: 0.00
[ 490s ] thds: 400 tps: 7632.31 qps: 152530.73 (r/w/o: 106780.49/30484.53/15265.71) lat (ms,95%): 92.42 err/s: 0.10 reconn/s: 0.00
[ 500s ] thds: 400 tps: 9768.58 qps: 195223.47 (r/w/o: 136615.87/39073.43/19534.17) lat (ms,95%): 53.85 err/s: 0.00 reconn/s: 0.00
[ 510s ] thds: 400 tps: 9565.82 qps: 191406.71 (r/w/o: 133998.88/38282.48/19125.34) lat (ms,95%): 58.92 err/s: 0.00 reconn/s: 0.00
[ 520s ] thds: 400 tps: 9747.69 qps: 195055.47 (r/w/o: 136530.34/39027.35/19497.78) lat (ms,95%): 54.83 err/s: 0.00 reconn/s: 0.00
[ 530s ] thds: 400 tps: 9101.69 qps: 181927.32 (r/w/o: 127379.00/36337.74/18210.57) lat (ms,95%): 74.46 err/s: 0.00 reconn/s: 0.00
[ 540s ] thds: 400 tps: 9530.92 qps: 190867.64 (r/w/o: 133604.14/38201.67/19061.83) lat (ms,95%): 58.92 err/s: 0.00 reconn/s: 0.00
[ 550s ] thds: 400 tps: 9144.51 qps: 182787.80 (r/w/o: 127934.94/36563.84/18289.02) lat (ms,95%): 73.13 err/s: 0.00 reconn/s: 0.00
[ 560s ] thds: 400 tps: 8222.50 qps: 164446.56 (r/w/o: 115167.87/32833.49/16445.20) lat (ms,95%): 90.78 err/s: 0.10 reconn/s: 0.00
[ 570s ] thds: 400 tps: 8297.50 qps: 165911.22 (r/w/o: 116104.14/33211.78/16595.29) lat (ms,95%): 90.78 err/s: 0.10 reconn/s: 0.00
[ 580s ] thds: 400 tps: 7864.82 qps: 157368.78 (r/w/o: 110178.87/31459.58/15730.34) lat (ms,95%): 90.78 err/s: 0.20 reconn/s: 0.00
[ 590s ] thds: 400 tps: 7801.58 qps: 156136.90 (r/w/o: 109253.89/31280.04/15602.97) lat (ms,95%): 94.10 err/s: 0.00 reconn/s: 0.00
[ 600s ] thds: 400 tps: 7715.57 qps: 153979.79 (r/w/o: 107774.25/30774.10/15431.45) lat (ms,95%): 95.81 err/s: 0.00 reconn/s: 0.00
[ 610s ] thds: 400 tps: 9110.53 qps: 182146.98 (r/w/o: 127496.68/36428.94/18221.37) lat (ms,95%): 71.83 err/s: 0.20 reconn/s: 0.00
[ 620s ] thds: 400 tps: 9538.59 qps: 190992.94 (r/w/o: 133692.99/38230.37/19069.58) lat (ms,95%): 58.92 err/s: 0.00 reconn/s: 0.00
[ 630s ] thds: 400 tps: 9720.30 qps: 194408.62 (r/w/o: 136138.11/38822.10/19448.40) lat (ms,95%): 54.83 err/s: 0.00 reconn/s: 0.00
[ 640s ] thds: 400 tps: 9026.90 qps: 180597.48 (r/w/o: 126411.06/36132.52/18053.91) lat (ms,95%): 78.60 err/s: 0.00 reconn/s: 0.00
[ 650s ] thds: 400 tps: 9665.08 qps: 193183.39 (r/w/o: 135194.98/38664.24/19324.17) lat (ms,95%): 55.82 err/s: 0.00 reconn/s: 0.00
[ 660s ] thds: 400 tps: 9256.32 qps: 185167.26 (r/w/o: 129613.62/37034.79/18518.85) lat (ms,95%): 71.83 err/s: 0.00 reconn/s: 0.00
[ 670s ] thds: 400 tps: 8300.20 qps: 166061.50 (r/w/o: 116292.93/33167.78/16600.79) lat (ms,95%): 90.78 err/s: 0.10 reconn/s: 0.00
[ 680s ] thds: 400 tps: 8454.70 qps: 168926.84 (r/w/o: 118217.76/33799.49/16909.59) lat (ms,95%): 89.16 err/s: 0.10 reconn/s: 0.00
[ 690s ] thds: 400 tps: 7652.60 qps: 153260.28 (r/w/o: 107279.16/30675.82/15305.31) lat (ms,95%): 92.42 err/s: 0.00 reconn/s: 0.00
[ 700s ] thds: 400 tps: 7857.00 qps: 157080.71 (r/w/o: 109999.44/31367.28/15713.99) lat (ms,95%): 92.42 err/s: 0.00 reconn/s: 0.00
[ 710s ] thds: 400 tps: 7754.70 qps: 155128.97 (r/w/o: 108555.98/31063.39/15509.60) lat (ms,95%): 90.78 err/s: 0.00 reconn/s: 0.00
[ 720s ] thds: 400 tps: 9043.72 qps: 180652.15 (r/w/o: 126437.15/36128.17/18086.84) lat (ms,95%): 74.46 err/s: 0.00 reconn/s: 0.00
[ 730s ] thds: 400 tps: 9411.67 qps: 188290.85 (r/w/o: 131817.45/37648.97/18824.44) lat (ms,95%): 62.19 err/s: 0.10 reconn/s: 0.00
[ 740s ] thds: 400 tps: 9441.92 qps: 188960.34 (r/w/o: 132293.44/37784.57/18882.33) lat (ms,95%): 58.92 err/s: 0.00 reconn/s: 0.00
[ 750s ] thds: 400 tps: 9513.60 qps: 190372.17 (r/w/o: 133252.25/38091.11/19028.81) lat (ms,95%): 61.08 err/s: 0.00 reconn/s: 0.00
[ 760s ] thds: 400 tps: 8989.38 qps: 179556.88 (r/w/o: 125658.61/35928.52/17969.76) lat (ms,95%): 77.19 err/s: 0.00 reconn/s: 0.00
[ 770s ] thds: 400 tps: 9115.53 qps: 182540.22 (r/w/o: 127804.86/36495.30/18240.05) lat (ms,95%): 77.19 err/s: 0.00 reconn/s: 0.00
[ 780s ] thds: 400 tps: 8598.69 qps: 171842.97 (r/w/o: 120252.71/34397.67/17192.59) lat (ms,95%): 92.42 err/s: 0.00 reconn/s: 0.00
[ 790s ] thds: 400 tps: 7998.59 qps: 159947.86 (r/w/o: 111967.10/31985.67/15995.09) lat (ms,95%): 97.55 err/s: 0.00 reconn/s: 0.00
[ 800s ] thds: 400 tps: 7753.21 qps: 154984.16 (r/w/o: 108506.42/30964.33/15513.42) lat (ms,95%): 102.97 err/s: 0.00 reconn/s: 0.00
[ 810s ] thds: 400 tps: 7335.40 qps: 146654.57 (r/w/o: 102637.48/29352.29/14664.80) lat (ms,95%): 112.67 err/s: 0.00 reconn/s: 0.00
[ 820s ] thds: 400 tps: 7177.19 qps: 143696.64 (r/w/o: 100609.82/28727.25/14359.57) lat (ms,95%): 106.75 err/s: 0.00 reconn/s: 0.00
[ 830s ] thds: 400 tps: 7598.19 qps: 152094.69 (r/w/o: 106513.92/30383.08/15197.69) lat (ms,95%): 106.75 err/s: 0.10 reconn/s: 0.00
[ 840s ] thds: 400 tps: 7503.42 qps: 150211.99 (r/w/o: 105085.57/30119.68/15006.74) lat (ms,95%): 104.84 err/s: 0.00 reconn/s: 0.00
SQL statistics:
    queries performed:
        read:                            100811032
        write:                           28803039
        other:                           14401633
        total:                           144015704
    transactions:                        7200760 (8564.61 per sec.)
    queries:                             144015704 (171292.74 per sec.)
    ignored errors:                      28     (0.03 per sec.)
    reconnects:                          0      (0.00 per sec.)

General statistics:
    total time:                          840.7568s
    total number of events:              7200760

Latency (ms):
         min:                                   19.78
         avg:                                   46.66
         max:                                  921.75
         95th percentile:                       87.56
         sum:                            335998513.93

Threads fairness:
    events (avg/stddev):           18001.9000/423.21
    execution time (avg/stddev):   839.9963/0.04

