sysbench 1.0.20-ebf1c90 (using bundled LuaJIT 2.1.0-beta2)

Running the test with following options:
Number of threads: 400
Report intermediate results every 10 second(s)
Initializing random number generator from current time


Initializing worker threads...

Threads started!

[ 10s ] thds: 400 tps: 5626.67 qps: 113048.16 (r/w/o: 79199.54/22555.18/11293.44) lat (ms,95%): 215.44 err/s: 0.00 reconn/s: 0.00
[ 20s ] thds: 400 tps: 7844.86 qps: 157088.42 (r/w/o: 109957.55/31441.04/15689.82) lat (ms,95%): 164.45 err/s: 0.00 reconn/s: 0.00
[ 30s ] thds: 400 tps: 8337.89 qps: 166676.80 (r/w/o: 116684.09/33316.94/16675.77) lat (ms,95%): 139.85 err/s: 0.00 reconn/s: 0.00
[ 40s ] thds: 400 tps: 8926.30 qps: 178568.35 (r/w/o: 124985.06/35730.89/17852.39) lat (ms,95%): 77.19 err/s: 0.00 reconn/s: 0.00
[ 50s ] thds: 400 tps: 9096.18 qps: 181588.59 (r/w/o: 127097.12/36306.42/18185.06) lat (ms,95%): 65.65 err/s: 0.00 reconn/s: 0.00
[ 60s ] thds: 400 tps: 9366.01 qps: 187540.48 (r/w/o: 131329.83/37471.14/18739.52) lat (ms,95%): 62.19 err/s: 0.00 reconn/s: 0.00
[ 70s ] thds: 400 tps: 9592.53 qps: 191995.26 (r/w/o: 134359.59/38450.61/19185.06) lat (ms,95%): 57.87 err/s: 0.00 reconn/s: 0.00
[ 80s ] thds: 400 tps: 9124.40 qps: 182149.30 (r/w/o: 127462.90/36437.60/18248.80) lat (ms,95%): 78.60 err/s: 0.00 reconn/s: 0.00
[ 90s ] thds: 400 tps: 9392.31 qps: 187808.94 (r/w/o: 131473.57/37550.75/18784.62) lat (ms,95%): 62.19 err/s: 0.00 reconn/s: 0.00
[ 100s ] thds: 400 tps: 9812.98 qps: 196572.49 (r/w/o: 137626.71/39319.82/19625.96) lat (ms,95%): 52.89 err/s: 0.00 reconn/s: 0.00
[ 110s ] thds: 400 tps: 8086.69 qps: 161428.60 (r/w/o: 113003.83/32251.38/16173.39) lat (ms,95%): 108.68 err/s: 0.00 reconn/s: 0.00
[ 120s ] thds: 400 tps: 7292.77 qps: 146037.51 (r/w/o: 102230.08/29221.88/14585.54) lat (ms,95%): 116.80 err/s: 0.00 reconn/s: 0.00
[ 130s ] thds: 400 tps: 5943.39 qps: 118906.80 (r/w/o: 83271.56/23748.46/11886.78) lat (ms,95%): 134.90 err/s: 0.00 reconn/s: 0.00
[ 140s ] thds: 400 tps: 7278.66 qps: 145367.89 (r/w/o: 101719.70/29090.96/14557.23) lat (ms,95%): 114.72 err/s: 0.00 reconn/s: 0.00
[ 150s ] thds: 400 tps: 9218.50 qps: 184361.00 (r/w/o: 129043.80/36885.10/18432.10) lat (ms,95%): 65.65 err/s: 0.00 reconn/s: 0.00
[ 160s ] thds: 400 tps: 9376.96 qps: 187784.83 (r/w/o: 131484.59/37541.23/18759.01) lat (ms,95%): 65.65 err/s: 0.00 reconn/s: 0.00
[ 170s ] thds: 400 tps: 9557.93 qps: 191106.22 (r/w/o: 133750.26/38246.10/19109.85) lat (ms,95%): 59.99 err/s: 0.00 reconn/s: 0.00
[ 180s ] thds: 400 tps: 9547.98 qps: 191034.34 (r/w/o: 133753.58/38178.81/19101.95) lat (ms,95%): 58.92 err/s: 0.00 reconn/s: 0.00
[ 190s ] thds: 400 tps: 9392.30 qps: 187918.06 (r/w/o: 131513.84/37619.61/18784.61) lat (ms,95%): 65.65 err/s: 0.00 reconn/s: 0.00
[ 200s ] thds: 400 tps: 9585.47 qps: 191667.93 (r/w/o: 134183.30/38313.39/19171.24) lat (ms,95%): 58.92 err/s: 0.10 reconn/s: 0.00
[ 210s ] thds: 400 tps: 9759.69 qps: 195091.62 (r/w/o: 136565.90/39006.24/19519.47) lat (ms,95%): 54.83 err/s: 0.00 reconn/s: 0.00
[ 220s ] thds: 400 tps: 8501.85 qps: 170006.18 (r/w/o: 119006.16/33996.32/17003.71) lat (ms,95%): 90.78 err/s: 0.00 reconn/s: 0.00
[ 230s ] thds: 400 tps: 8095.26 qps: 161892.73 (r/w/o: 113330.69/32371.53/16190.51) lat (ms,95%): 94.10 err/s: 0.00 reconn/s: 0.00
[ 240s ] thds: 400 tps: 8025.20 qps: 160505.53 (r/w/o: 112373.35/32081.69/16050.49) lat (ms,95%): 90.78 err/s: 0.00 reconn/s: 0.00
[ 250s ] thds: 400 tps: 7016.89 qps: 140480.32 (r/w/o: 98301.50/28145.04/14033.77) lat (ms,95%): 104.84 err/s: 0.00 reconn/s: 0.00
[ 260s ] thds: 400 tps: 8454.32 qps: 168970.25 (r/w/o: 118266.91/33796.39/16906.94) lat (ms,95%): 82.96 err/s: 0.10 reconn/s: 0.00
[ 270s ] thds: 400 tps: 9347.75 qps: 186877.64 (r/w/o: 130845.06/37334.99/18697.59) lat (ms,95%): 69.29 err/s: 0.10 reconn/s: 0.00
[ 280s ] thds: 400 tps: 9395.21 qps: 188013.95 (r/w/o: 131601.77/37622.25/18789.92) lat (ms,95%): 62.19 err/s: 0.20 reconn/s: 0.00
[ 290s ] thds: 400 tps: 9411.42 qps: 188091.30 (r/w/o: 131649.58/37617.98/18823.74) lat (ms,95%): 61.08 err/s: 0.00 reconn/s: 0.00
[ 300s ] thds: 400 tps: 9563.85 qps: 191186.03 (r/w/o: 133815.82/38242.41/19127.80) lat (ms,95%): 59.99 err/s: 0.00 reconn/s: 0.00
[ 310s ] thds: 400 tps: 9767.30 qps: 195384.67 (r/w/o: 136753.95/39096.01/19534.71) lat (ms,95%): 54.83 err/s: 0.10 reconn/s: 0.00
[ 320s ] thds: 400 tps: 9281.61 qps: 185748.89 (r/w/o: 130080.80/37104.66/18563.43) lat (ms,95%): 68.05 err/s: 0.00 reconn/s: 0.00
[ 330s ] thds: 400 tps: 8927.35 qps: 178623.01 (r/w/o: 125010.81/35757.40/17854.80) lat (ms,95%): 81.48 err/s: 0.00 reconn/s: 0.00
[ 340s ] thds: 400 tps: 7855.46 qps: 156987.28 (r/w/o: 109863.49/31416.26/15707.53) lat (ms,95%): 97.55 err/s: 0.00 reconn/s: 0.00
[ 350s ] thds: 400 tps: 8077.04 qps: 161623.83 (r/w/o: 113150.88/32317.87/16155.08) lat (ms,95%): 92.42 err/s: 0.10 reconn/s: 0.00
[ 360s ] thds: 400 tps: 7334.77 qps: 146472.53 (r/w/o: 102503.40/29300.29/14668.84) lat (ms,95%): 102.97 err/s: 0.10 reconn/s: 0.00
[ 370s ] thds: 400 tps: 7884.72 qps: 157947.32 (r/w/o: 110639.92/31534.26/15773.13) lat (ms,95%): 92.42 err/s: 0.00 reconn/s: 0.00
[ 380s ] thds: 400 tps: 8417.50 qps: 168009.57 (r/w/o: 117520.25/33654.11/16835.21) lat (ms,95%): 90.78 err/s: 0.10 reconn/s: 0.00
[ 390s ] thds: 400 tps: 8537.71 qps: 171041.72 (r/w/o: 119753.38/34212.92/17075.41) lat (ms,95%): 87.56 err/s: 0.00 reconn/s: 0.00
[ 400s ] thds: 400 tps: 8247.89 qps: 164988.35 (r/w/o: 115482.50/33009.97/16495.89) lat (ms,95%): 89.16 err/s: 0.00 reconn/s: 0.00
[ 410s ] thds: 400 tps: 7698.51 qps: 153632.47 (r/w/o: 107519.22/30716.24/15397.02) lat (ms,95%): 101.13 err/s: 0.00 reconn/s: 0.00
[ 420s ] thds: 400 tps: 8112.29 qps: 162645.89 (r/w/o: 113951.43/32469.58/16224.89) lat (ms,95%): 95.81 err/s: 0.10 reconn/s: 0.00
[ 430s ] thds: 400 tps: 9758.12 qps: 195135.96 (r/w/o: 136596.05/39023.47/19516.44) lat (ms,95%): 52.89 err/s: 0.20 reconn/s: 0.00
[ 440s ] thds: 400 tps: 9082.10 qps: 181566.67 (r/w/o: 127063.45/36338.81/18164.41) lat (ms,95%): 75.82 err/s: 0.00 reconn/s: 0.00
[ 450s ] thds: 400 tps: 8195.14 qps: 163848.04 (r/w/o: 114689.62/32769.75/16388.67) lat (ms,95%): 90.78 err/s: 0.00 reconn/s: 0.00
[ 460s ] thds: 400 tps: 8082.34 qps: 161906.98 (r/w/o: 113310.82/32429.68/16166.49) lat (ms,95%): 89.16 err/s: 0.00 reconn/s: 0.00
[ 470s ] thds: 400 tps: 7923.49 qps: 158161.39 (r/w/o: 110730.66/31583.96/15846.78) lat (ms,95%): 92.42 err/s: 0.00 reconn/s: 0.00
[ 480s ] thds: 400 tps: 7675.95 qps: 153652.60 (r/w/o: 107570.13/30730.18/15352.29) lat (ms,95%): 92.42 err/s: 0.00 reconn/s: 0.00
[ 490s ] thds: 400 tps: 7664.76 qps: 153208.38 (r/w/o: 107242.13/30636.54/15329.72) lat (ms,95%): 89.16 err/s: 0.10 reconn/s: 0.00
[ 500s ] thds: 400 tps: 9750.19 qps: 195123.25 (r/w/o: 136563.90/39059.17/19500.19) lat (ms,95%): 53.85 err/s: 0.00 reconn/s: 0.00
[ 510s ] thds: 400 tps: 9561.22 qps: 191384.65 (r/w/o: 133976.02/38285.89/19122.75) lat (ms,95%): 58.92 err/s: 0.00 reconn/s: 0.00
[ 520s ] thds: 400 tps: 9783.87 qps: 195642.69 (r/w/o: 136964.24/39110.70/19567.75) lat (ms,95%): 54.83 err/s: 0.00 reconn/s: 0.00
[ 530s ] thds: 400 tps: 9111.50 qps: 182007.34 (r/w/o: 127387.43/36396.91/18223.00) lat (ms,95%): 74.46 err/s: 0.00 reconn/s: 0.00
[ 540s ] thds: 400 tps: 9550.92 qps: 191077.62 (r/w/o: 133787.39/38188.28/19101.94) lat (ms,95%): 58.92 err/s: 0.00 reconn/s: 0.00
[ 550s ] thds: 400 tps: 9198.41 qps: 183906.44 (r/w/o: 128698.10/36815.73/18392.61) lat (ms,95%): 73.13 err/s: 0.00 reconn/s: 0.00
[ 560s ] thds: 400 tps: 8227.07 qps: 164576.79 (r/w/o: 115245.78/32872.68/16458.34) lat (ms,95%): 90.78 err/s: 0.00 reconn/s: 0.00
[ 570s ] thds: 400 tps: 8248.03 qps: 165178.28 (r/w/o: 115593.50/33088.42/16496.36) lat (ms,95%): 90.78 err/s: 0.10 reconn/s: 0.00
[ 580s ] thds: 400 tps: 7984.90 qps: 159401.39 (r/w/o: 111577.86/31853.62/15969.91) lat (ms,95%): 90.78 err/s: 0.00 reconn/s: 0.00
[ 590s ] thds: 400 tps: 7864.88 qps: 157488.63 (r/w/o: 110262.14/31497.03/15729.46) lat (ms,95%): 92.42 err/s: 0.00 reconn/s: 0.00
[ 600s ] thds: 400 tps: 7750.02 qps: 154932.62 (r/w/o: 108452.43/30980.86/15499.33) lat (ms,95%): 94.10 err/s: 0.00 reconn/s: 0.00
[ 610s ] thds: 400 tps: 9185.51 qps: 183672.29 (r/w/o: 128541.20/36758.56/18372.53) lat (ms,95%): 69.29 err/s: 0.10 reconn/s: 0.00
[ 620s ] thds: 400 tps: 9571.21 qps: 191608.26 (r/w/o: 134122.48/38343.45/19142.33) lat (ms,95%): 58.92 err/s: 0.10 reconn/s: 0.00
[ 630s ] thds: 400 tps: 9777.09 qps: 195233.06 (r/w/o: 136677.30/39001.17/19554.59) lat (ms,95%): 54.83 err/s: 0.00 reconn/s: 0.00
[ 640s ] thds: 400 tps: 9087.70 qps: 181935.75 (r/w/o: 127368.07/36392.29/18175.40) lat (ms,95%): 75.82 err/s: 0.00 reconn/s: 0.00
[ 650s ] thds: 400 tps: 9725.55 qps: 194416.87 (r/w/o: 136060.35/38912.01/19444.51) lat (ms,95%): 55.82 err/s: 0.10 reconn/s: 0.00
[ 660s ] thds: 400 tps: 9226.70 qps: 184610.98 (r/w/o: 129234.09/36916.60/18460.30) lat (ms,95%): 71.83 err/s: 0.00 reconn/s: 0.00
[ 670s ] thds: 400 tps: 8338.42 qps: 166728.58 (r/w/o: 116749.13/33302.79/16676.65) lat (ms,95%): 90.78 err/s: 0.00 reconn/s: 0.00
[ 680s ] thds: 400 tps: 8506.01 qps: 169999.03 (r/w/o: 118946.19/34041.63/17011.21) lat (ms,95%): 89.16 err/s: 0.00 reconn/s: 0.00
[ 690s ] thds: 400 tps: 7706.38 qps: 154331.41 (r/w/o: 108076.23/30841.32/15413.86) lat (ms,95%): 92.42 err/s: 0.00 reconn/s: 0.00
[ 700s ] thds: 400 tps: 7856.70 qps: 156976.28 (r/w/o: 109876.49/31386.30/15713.50) lat (ms,95%): 92.42 err/s: 0.00 reconn/s: 0.00
[ 710s ] thds: 400 tps: 7819.92 qps: 156412.40 (r/w/o: 109470.48/31302.18/15639.74) lat (ms,95%): 90.78 err/s: 0.00 reconn/s: 0.00
[ 720s ] thds: 400 tps: 9037.69 qps: 180869.53 (r/w/o: 126579.71/36222.45/18067.37) lat (ms,95%): 74.46 err/s: 0.00 reconn/s: 0.00
[ 730s ] thds: 400 tps: 9405.81 qps: 187873.16 (r/w/o: 131507.71/37547.33/18818.12) lat (ms,95%): 62.19 err/s: 0.00 reconn/s: 0.00
[ 740s ] thds: 400 tps: 9510.99 qps: 190472.58 (r/w/o: 133397.02/38051.68/19023.89) lat (ms,95%): 57.87 err/s: 0.00 reconn/s: 0.00
[ 750s ] thds: 400 tps: 9522.91 qps: 190488.17 (r/w/o: 133309.32/38134.03/19044.82) lat (ms,95%): 61.08 err/s: 0.10 reconn/s: 0.00
[ 760s ] thds: 400 tps: 9042.87 qps: 180659.37 (r/w/o: 126442.16/36140.77/18076.44) lat (ms,95%): 75.82 err/s: 0.00 reconn/s: 0.00
[ 770s ] thds: 400 tps: 9169.54 qps: 183526.59 (r/w/o: 128488.76/36687.96/18349.88) lat (ms,95%): 77.19 err/s: 0.00 reconn/s: 0.00
[ 780s ] thds: 400 tps: 8604.60 qps: 172166.20 (r/w/o: 120510.57/34450.72/17204.91) lat (ms,95%): 92.42 err/s: 0.00 reconn/s: 0.00
[ 790s ] thds: 400 tps: 8080.58 qps: 161627.43 (r/w/o: 113167.44/32298.23/16161.76) lat (ms,95%): 95.81 err/s: 0.00 reconn/s: 0.00
[ 800s ] thds: 400 tps: 7767.00 qps: 155442.25 (r/w/o: 108781.67/31122.79/15537.80) lat (ms,95%): 101.13 err/s: 0.00 reconn/s: 0.00
[ 810s ] thds: 400 tps: 7332.59 qps: 146424.43 (r/w/o: 102514.88/29246.27/14663.28) lat (ms,95%): 112.67 err/s: 0.00 reconn/s: 0.00
[ 820s ] thds: 400 tps: 7215.79 qps: 144302.10 (r/w/o: 100966.76/28901.86/14433.48) lat (ms,95%): 106.75 err/s: 0.00 reconn/s: 0.00
[ 830s ] thds: 400 tps: 7630.21 qps: 152443.78 (r/w/o: 106717.42/30467.34/15259.02) lat (ms,95%): 104.84 err/s: 0.00 reconn/s: 0.00
[ 840s ] thds: 400 tps: 7563.21 qps: 151388.84 (r/w/o: 105960.60/30310.03/15118.21) lat (ms,95%): 102.97 err/s: 0.00 reconn/s: 0.00
SQL statistics:
    queries performed:
        read:                            101115672
        write:                           28890120
        other:                           14445132
        total:                           144450924
    transactions:                        7222530 (8592.47 per sec.)
    queries:                             144450924 (171849.81 per sec.)
    ignored errors:                      18     (0.02 per sec.)
    reconnects:                          0      (0.00 per sec.)

General statistics:
    total time:                          840.5639s
    total number of events:              7222530

Latency (ms):
         min:                                   19.81
         avg:                                   46.52
         max:                                  913.85
         95th percentile:                       87.56
         sum:                            336011970.97

Threads fairness:
    events (avg/stddev):           18056.3250/464.57
    execution time (avg/stddev):   840.0299/0.05

