sysbench 1.0.20-ebf1c90 (using bundled LuaJIT 2.1.0-beta2)

Running the test with following options:
Number of threads: 400
Report intermediate results every 10 second(s)
Initializing random number generator from current time


Initializing worker threads...

Threads started!

[ 10s ] thds: 400 tps: 5634.02 qps: 113144.85 (r/w/o: 79276.26/22564.56/11304.03) lat (ms,95%): 211.60 err/s: 0.00 reconn/s: 0.00
[ 20s ] thds: 400 tps: 7822.58 qps: 156558.56 (r/w/o: 109610.00/31299.11/15649.46) lat (ms,95%): 164.45 err/s: 0.00 reconn/s: 0.00
[ 30s ] thds: 400 tps: 8356.39 qps: 167084.80 (r/w/o: 116934.16/33437.86/16712.78) lat (ms,95%): 137.35 err/s: 0.00 reconn/s: 0.00
[ 40s ] thds: 400 tps: 8904.96 qps: 178119.46 (r/w/o: 124703.91/35605.73/17809.82) lat (ms,95%): 78.60 err/s: 0.00 reconn/s: 0.00
[ 50s ] thds: 400 tps: 9055.16 qps: 181069.47 (r/w/o: 126726.19/36232.85/18110.43) lat (ms,95%): 65.65 err/s: 0.00 reconn/s: 0.00
[ 60s ] thds: 400 tps: 9362.79 qps: 187103.68 (r/w/o: 130974.85/37403.46/18725.38) lat (ms,95%): 62.19 err/s: 0.00 reconn/s: 0.00
[ 70s ] thds: 400 tps: 9544.02 qps: 191049.92 (r/w/o: 133744.69/38216.58/19088.64) lat (ms,95%): 58.92 err/s: 0.10 reconn/s: 0.00
[ 80s ] thds: 400 tps: 9110.11 qps: 182345.90 (r/w/o: 127637.14/36488.54/18220.22) lat (ms,95%): 78.60 err/s: 0.00 reconn/s: 0.00
[ 90s ] thds: 400 tps: 9345.67 qps: 186872.02 (r/w/o: 130815.49/37365.18/18691.34) lat (ms,95%): 63.32 err/s: 0.00 reconn/s: 0.00
[ 100s ] thds: 400 tps: 9812.22 qps: 196091.89 (r/w/o: 137266.07/39204.08/19621.74) lat (ms,95%): 52.89 err/s: 0.00 reconn/s: 0.00
[ 110s ] thds: 400 tps: 8040.97 qps: 160760.11 (r/w/o: 112476.49/32198.88/16084.74) lat (ms,95%): 108.68 err/s: 0.00 reconn/s: 0.00
[ 120s ] thds: 400 tps: 7259.17 qps: 145315.34 (r/w/o: 101764.84/29032.07/14518.43) lat (ms,95%): 118.92 err/s: 0.00 reconn/s: 0.00
[ 130s ] thds: 400 tps: 5898.99 qps: 117904.36 (r/w/o: 82554.01/23552.37/11797.99) lat (ms,95%): 134.90 err/s: 0.00 reconn/s: 0.00
[ 140s ] thds: 400 tps: 7246.72 qps: 144692.58 (r/w/o: 101222.44/28976.60/14493.55) lat (ms,95%): 114.72 err/s: 0.10 reconn/s: 0.00
[ 150s ] thds: 400 tps: 9219.19 qps: 184576.87 (r/w/o: 129213.84/36927.75/18435.28) lat (ms,95%): 65.65 err/s: 0.00 reconn/s: 0.00
[ 160s ] thds: 400 tps: 9390.22 qps: 187898.79 (r/w/o: 131586.64/37528.30/18783.85) lat (ms,95%): 65.65 err/s: 0.00 reconn/s: 0.00
[ 170s ] thds: 400 tps: 9535.99 qps: 190729.40 (r/w/o: 133493.79/38163.54/19072.07) lat (ms,95%): 59.99 err/s: 0.10 reconn/s: 0.00
[ 180s ] thds: 400 tps: 9571.61 qps: 191324.58 (r/w/o: 133916.12/38265.14/19143.32) lat (ms,95%): 58.92 err/s: 0.00 reconn/s: 0.00
[ 190s ] thds: 400 tps: 9335.91 qps: 186842.60 (r/w/o: 130802.64/37367.54/18672.42) lat (ms,95%): 65.65 err/s: 0.20 reconn/s: 0.00
[ 200s ] thds: 400 tps: 9614.21 qps: 192245.76 (r/w/o: 134588.71/38430.03/19227.02) lat (ms,95%): 57.87 err/s: 0.00 reconn/s: 0.00
[ 210s ] thds: 400 tps: 9747.99 qps: 194826.62 (r/w/o: 136340.57/38989.46/19496.58) lat (ms,95%): 55.82 err/s: 0.00 reconn/s: 0.00
[ 220s ] thds: 400 tps: 8430.17 qps: 168618.98 (r/w/o: 118022.14/33736.10/16860.75) lat (ms,95%): 92.42 err/s: 0.00 reconn/s: 0.00
[ 230s ] thds: 400 tps: 8056.73 qps: 161047.72 (r/w/o: 112733.63/32199.92/16114.16) lat (ms,95%): 94.10 err/s: 0.20 reconn/s: 0.00
[ 240s ] thds: 400 tps: 7968.15 qps: 159552.38 (r/w/o: 111726.69/31889.30/15936.40) lat (ms,95%): 90.78 err/s: 0.00 reconn/s: 0.00
[ 250s ] thds: 400 tps: 6998.10 qps: 140068.32 (r/w/o: 98029.81/28042.20/13996.30) lat (ms,95%): 104.84 err/s: 0.00 reconn/s: 0.00
[ 260s ] thds: 400 tps: 8397.11 qps: 167874.28 (r/w/o: 117537.83/33543.24/16793.22) lat (ms,95%): 84.47 err/s: 0.10 reconn/s: 0.00
[ 270s ] thds: 400 tps: 9339.83 qps: 186624.45 (r/w/o: 130578.86/37364.73/18680.87) lat (ms,95%): 69.29 err/s: 0.00 reconn/s: 0.00
[ 280s ] thds: 400 tps: 9389.95 qps: 187977.35 (r/w/o: 131650.76/37546.59/18780.00) lat (ms,95%): 62.19 err/s: 0.00 reconn/s: 0.00
[ 290s ] thds: 400 tps: 9405.95 qps: 187969.69 (r/w/o: 131523.36/37634.42/18811.91) lat (ms,95%): 62.19 err/s: 0.00 reconn/s: 0.00
[ 300s ] thds: 400 tps: 9488.70 qps: 189809.07 (r/w/o: 132877.55/37963.91/18967.61) lat (ms,95%): 61.08 err/s: 0.00 reconn/s: 0.00
[ 310s ] thds: 400 tps: 9746.48 qps: 195087.55 (r/w/o: 136569.55/39015.43/19502.56) lat (ms,95%): 54.83 err/s: 0.00 reconn/s: 0.00
[ 320s ] thds: 400 tps: 9275.31 qps: 185212.49 (r/w/o: 129619.43/37042.24/18550.82) lat (ms,95%): 70.55 err/s: 0.00 reconn/s: 0.00
[ 330s ] thds: 400 tps: 8898.61 qps: 178182.43 (r/w/o: 124755.16/35630.05/17797.22) lat (ms,95%): 81.48 err/s: 0.00 reconn/s: 0.00
[ 340s ] thds: 400 tps: 7821.23 qps: 156475.73 (r/w/o: 109513.14/31323.33/15639.26) lat (ms,95%): 97.55 err/s: 0.00 reconn/s: 0.00
[ 350s ] thds: 400 tps: 8045.45 qps: 160894.95 (r/w/o: 112643.23/32158.11/16093.60) lat (ms,95%): 92.42 err/s: 0.00 reconn/s: 0.00
[ 360s ] thds: 400 tps: 7318.00 qps: 146506.92 (r/w/o: 102539.04/29331.28/14636.59) lat (ms,95%): 101.13 err/s: 0.00 reconn/s: 0.00
[ 370s ] thds: 400 tps: 7870.65 qps: 157136.44 (r/w/o: 110026.16/31369.29/15740.99) lat (ms,95%): 92.42 err/s: 0.00 reconn/s: 0.00
[ 380s ] thds: 400 tps: 8367.15 qps: 167094.69 (r/w/o: 116893.39/33466.70/16734.60) lat (ms,95%): 92.42 err/s: 0.00 reconn/s: 0.00
[ 390s ] thds: 400 tps: 8544.97 qps: 171337.55 (r/w/o: 119987.04/34260.57/17089.94) lat (ms,95%): 87.56 err/s: 0.00 reconn/s: 0.00
[ 400s ] thds: 400 tps: 8214.73 qps: 164372.44 (r/w/o: 115075.35/32867.33/16429.76) lat (ms,95%): 89.16 err/s: 0.00 reconn/s: 0.00
[ 410s ] thds: 400 tps: 7634.73 qps: 152766.36 (r/w/o: 106904.09/30592.91/15269.36) lat (ms,95%): 101.13 err/s: 0.00 reconn/s: 0.00
[ 420s ] thds: 400 tps: 8117.56 qps: 162062.44 (r/w/o: 113498.87/32328.15/16235.42) lat (ms,95%): 95.81 err/s: 0.00 reconn/s: 0.00
[ 430s ] thds: 400 tps: 9795.82 qps: 195910.98 (r/w/o: 137136.23/39183.30/19591.45) lat (ms,95%): 52.89 err/s: 0.00 reconn/s: 0.00
[ 440s ] thds: 400 tps: 9098.41 qps: 181867.61 (r/w/o: 127260.68/36409.92/18197.01) lat (ms,95%): 75.82 err/s: 0.00 reconn/s: 0.00
[ 450s ] thds: 400 tps: 8150.00 qps: 163154.50 (r/w/o: 114220.60/32633.90/16300.00) lat (ms,95%): 90.78 err/s: 0.00 reconn/s: 0.00
[ 460s ] thds: 400 tps: 8075.58 qps: 161590.17 (r/w/o: 113096.30/32345.11/16148.76) lat (ms,95%): 90.78 err/s: 0.00 reconn/s: 0.00
[ 470s ] thds: 400 tps: 7879.25 qps: 157383.42 (r/w/o: 110190.11/31433.00/15760.30) lat (ms,95%): 94.10 err/s: 0.00 reconn/s: 0.00
[ 480s ] thds: 400 tps: 7685.99 qps: 153731.86 (r/w/o: 107596.90/30762.27/15372.69) lat (ms,95%): 92.42 err/s: 0.00 reconn/s: 0.00
[ 490s ] thds: 400 tps: 7649.08 qps: 153057.24 (r/w/o: 107138.87/30620.21/15298.15) lat (ms,95%): 90.78 err/s: 0.00 reconn/s: 0.00
[ 500s ] thds: 400 tps: 9755.32 qps: 195225.33 (r/w/o: 136684.53/39033.17/19507.63) lat (ms,95%): 53.85 err/s: 0.00 reconn/s: 0.00
[ 510s ] thds: 400 tps: 9569.32 qps: 191375.56 (r/w/o: 133976.05/38257.67/19141.84) lat (ms,95%): 58.92 err/s: 0.00 reconn/s: 0.00
[ 520s ] thds: 400 tps: 9789.27 qps: 195765.18 (r/w/o: 137042.43/39145.20/19577.55) lat (ms,95%): 54.83 err/s: 0.10 reconn/s: 0.00
[ 530s ] thds: 400 tps: 9096.52 qps: 181885.08 (r/w/o: 127261.37/36429.08/18194.64) lat (ms,95%): 74.46 err/s: 0.20 reconn/s: 0.00
[ 540s ] thds: 400 tps: 9549.17 qps: 190864.96 (r/w/o: 133644.92/38121.59/19098.45) lat (ms,95%): 57.87 err/s: 0.00 reconn/s: 0.00
[ 550s ] thds: 400 tps: 9156.12 qps: 183288.05 (r/w/o: 128297.64/36677.97/18312.43) lat (ms,95%): 73.13 err/s: 0.10 reconn/s: 0.00
[ 560s ] thds: 400 tps: 8176.61 qps: 163298.60 (r/w/o: 114288.54/32656.94/16353.12) lat (ms,95%): 92.42 err/s: 0.00 reconn/s: 0.00
[ 570s ] thds: 400 tps: 8231.76 qps: 164950.06 (r/w/o: 115493.28/32993.05/16463.73) lat (ms,95%): 90.78 err/s: 0.00 reconn/s: 0.00
[ 580s ] thds: 400 tps: 7910.52 qps: 157903.97 (r/w/o: 110495.03/31589.09/15819.85) lat (ms,95%): 90.78 err/s: 0.00 reconn/s: 0.00
[ 590s ] thds: 400 tps: 7813.28 qps: 156338.81 (r/w/o: 109466.63/31245.22/15626.96) lat (ms,95%): 94.10 err/s: 0.00 reconn/s: 0.00
[ 600s ] thds: 400 tps: 7677.12 qps: 153628.45 (r/w/o: 107555.51/30719.89/15353.04) lat (ms,95%): 95.81 err/s: 0.00 reconn/s: 0.00
[ 610s ] thds: 400 tps: 9138.59 qps: 182754.12 (r/w/o: 127902.27/36577.36/18274.48) lat (ms,95%): 70.55 err/s: 0.00 reconn/s: 0.00
[ 620s ] thds: 400 tps: 9544.11 qps: 190986.78 (r/w/o: 133724.39/38169.56/19092.83) lat (ms,95%): 58.92 err/s: 0.00 reconn/s: 0.00
[ 630s ] thds: 400 tps: 9753.16 qps: 194749.19 (r/w/o: 136264.23/38978.34/19506.62) lat (ms,95%): 55.82 err/s: 0.00 reconn/s: 0.00
[ 640s ] thds: 400 tps: 9056.12 qps: 181266.76 (r/w/o: 126901.95/36252.87/18111.94) lat (ms,95%): 77.19 err/s: 0.10 reconn/s: 0.00
[ 650s ] thds: 400 tps: 9655.60 qps: 193146.29 (r/w/o: 135207.56/38630.02/19308.71) lat (ms,95%): 55.82 err/s: 0.00 reconn/s: 0.00
[ 660s ] thds: 400 tps: 9241.44 qps: 184962.20 (r/w/o: 129492.93/36983.08/18486.19) lat (ms,95%): 71.83 err/s: 0.00 reconn/s: 0.00
[ 670s ] thds: 400 tps: 8275.56 qps: 165319.69 (r/w/o: 115722.34/33049.64/16547.72) lat (ms,95%): 92.42 err/s: 0.00 reconn/s: 0.00
[ 680s ] thds: 400 tps: 8434.17 qps: 168796.01 (r/w/o: 118136.61/33798.56/16860.83) lat (ms,95%): 90.78 err/s: 0.00 reconn/s: 0.00
[ 690s ] thds: 400 tps: 7688.23 qps: 153765.50 (r/w/o: 107660.82/30718.02/15386.66) lat (ms,95%): 92.42 err/s: 0.00 reconn/s: 0.00
[ 700s ] thds: 400 tps: 7849.38 qps: 156768.64 (r/w/o: 109684.38/31384.51/15699.75) lat (ms,95%): 92.42 err/s: 0.10 reconn/s: 0.00
[ 710s ] thds: 400 tps: 7791.59 qps: 155998.09 (r/w/o: 109223.85/31193.66/15580.58) lat (ms,95%): 90.78 err/s: 0.00 reconn/s: 0.00
[ 720s ] thds: 400 tps: 9033.83 qps: 180933.85 (r/w/o: 126669.45/36194.13/18070.26) lat (ms,95%): 74.46 err/s: 0.00 reconn/s: 0.00
[ 730s ] thds: 400 tps: 9385.41 qps: 187726.61 (r/w/o: 131399.64/37556.04/18770.92) lat (ms,95%): 62.19 err/s: 0.00 reconn/s: 0.00
[ 740s ] thds: 400 tps: 9473.90 qps: 189144.84 (r/w/o: 132401.23/37795.91/18947.70) lat (ms,95%): 58.92 err/s: 0.20 reconn/s: 0.00
[ 750s ] thds: 400 tps: 9522.79 qps: 190662.87 (r/w/o: 133467.44/38150.65/19044.78) lat (ms,95%): 61.08 err/s: 0.00 reconn/s: 0.00
[ 760s ] thds: 400 tps: 8987.30 qps: 179746.49 (r/w/o: 125843.26/35926.92/17976.31) lat (ms,95%): 77.19 err/s: 0.00 reconn/s: 0.00
[ 770s ] thds: 400 tps: 9144.41 qps: 182860.70 (r/w/o: 127992.71/36579.16/18288.83) lat (ms,95%): 77.19 err/s: 0.00 reconn/s: 0.00
[ 780s ] thds: 400 tps: 8584.09 qps: 171718.09 (r/w/o: 120190.45/34359.96/17167.68) lat (ms,95%): 92.42 err/s: 0.00 reconn/s: 0.00
[ 790s ] thds: 400 tps: 8023.80 qps: 160426.65 (r/w/o: 112340.83/32037.51/16048.30) lat (ms,95%): 97.55 err/s: 0.00 reconn/s: 0.00
[ 800s ] thds: 400 tps: 7747.28 qps: 155026.29 (r/w/o: 108488.02/31043.72/15494.56) lat (ms,95%): 101.13 err/s: 0.00 reconn/s: 0.00
[ 810s ] thds: 400 tps: 7322.99 qps: 146245.31 (r/w/o: 102366.27/29234.86/14644.18) lat (ms,95%): 112.67 err/s: 0.00 reconn/s: 0.00
[ 820s ] thds: 400 tps: 7195.69 qps: 144204.02 (r/w/o: 100943.28/28867.36/14393.38) lat (ms,95%): 106.75 err/s: 0.00 reconn/s: 0.00
[ 830s ] thds: 400 tps: 7605.61 qps: 151706.03 (r/w/o: 106157.96/30337.05/15211.02) lat (ms,95%): 106.75 err/s: 0.20 reconn/s: 0.00
[ 840s ] thds: 400 tps: 7524.66 qps: 150649.28 (r/w/o: 105449.73/30158.54/15041.02) lat (ms,95%): 104.84 err/s: 0.00 reconn/s: 0.00
SQL statistics:
    queries performed:
        read:                            100830828
        write:                           28808733
        other:                           14404443
        total:                           144044004
    transactions:                        7202184 (8566.70 per sec.)
    queries:                             144044004 (171334.33 per sec.)
    ignored errors:                      18     (0.02 per sec.)
    reconnects:                          0      (0.00 per sec.)

General statistics:
    total time:                          840.7178s
    total number of events:              7202184

Latency (ms):
         min:                                   19.75
         avg:                                   46.65
         max:                                  912.96
         95th percentile:                       87.56
         sum:                            336011056.77

Threads fairness:
    events (avg/stddev):           18005.4600/438.17
    execution time (avg/stddev):   840.0276/0.05

