sysbench 1.0.20-ebf1c90 (using bundled LuaJIT 2.1.0-beta2)

Running the test with following options:
Number of threads: 400
Report intermediate results every 10 second(s)
Initializing random number generator from current time


Initializing worker threads...

Threads started!

[ 10s ] thds: 400 tps: 5635.59 qps: 113110.98 (r/w/o: 79256.46/22543.35/11311.17) lat (ms,95%): 215.44 err/s: 0.00 reconn/s: 0.00
[ 20s ] thds: 400 tps: 7843.72 qps: 156870.30 (r/w/o: 109756.01/31426.76/15687.53) lat (ms,95%): 164.45 err/s: 0.00 reconn/s: 0.00
[ 30s ] thds: 400 tps: 8351.21 qps: 167167.44 (r/w/o: 117057.79/33408.83/16700.81) lat (ms,95%): 139.85 err/s: 0.10 reconn/s: 0.00
[ 40s ] thds: 400 tps: 8906.87 qps: 177841.02 (r/w/o: 124439.73/35585.66/17815.63) lat (ms,95%): 78.60 err/s: 0.00 reconn/s: 0.00
[ 50s ] thds: 400 tps: 9081.14 qps: 181952.82 (r/w/o: 127446.87/36343.76/18162.18) lat (ms,95%): 65.65 err/s: 0.00 reconn/s: 0.00
[ 60s ] thds: 400 tps: 9345.45 qps: 186960.33 (r/w/o: 130862.45/37406.89/18690.99) lat (ms,95%): 62.19 err/s: 0.00 reconn/s: 0.00
[ 70s ] thds: 400 tps: 9575.08 qps: 191397.41 (r/w/o: 133935.63/38311.62/19150.16) lat (ms,95%): 57.87 err/s: 0.00 reconn/s: 0.00
[ 80s ] thds: 400 tps: 9129.49 qps: 182547.60 (r/w/o: 127796.23/36492.38/18258.99) lat (ms,95%): 78.60 err/s: 0.00 reconn/s: 0.00
[ 90s ] thds: 400 tps: 9413.47 qps: 188182.46 (r/w/o: 131713.12/37649.89/18819.45) lat (ms,95%): 61.08 err/s: 0.10 reconn/s: 0.00
[ 100s ] thds: 400 tps: 9811.62 qps: 196074.71 (r/w/o: 137228.39/39216.98/19629.34) lat (ms,95%): 52.89 err/s: 0.00 reconn/s: 0.00
[ 110s ] thds: 400 tps: 8056.78 qps: 161386.11 (r/w/o: 113001.62/32269.22/16115.26) lat (ms,95%): 108.68 err/s: 0.00 reconn/s: 0.00
[ 120s ] thds: 400 tps: 7279.50 qps: 145437.05 (r/w/o: 101792.93/29089.31/14554.80) lat (ms,95%): 116.80 err/s: 0.00 reconn/s: 0.00
[ 130s ] thds: 400 tps: 5946.97 qps: 119293.62 (r/w/o: 83535.23/23860.06/11898.33) lat (ms,95%): 134.90 err/s: 0.00 reconn/s: 0.00
[ 140s ] thds: 400 tps: 7271.57 qps: 145464.77 (r/w/o: 101811.86/29109.67/14543.24) lat (ms,95%): 114.72 err/s: 0.00 reconn/s: 0.00
[ 150s ] thds: 400 tps: 9223.84 qps: 184179.94 (r/w/o: 128944.62/36787.65/18447.67) lat (ms,95%): 65.65 err/s: 0.10 reconn/s: 0.00
[ 160s ] thds: 400 tps: 9392.07 qps: 188047.74 (r/w/o: 131631.61/37631.79/18784.34) lat (ms,95%): 65.65 err/s: 0.00 reconn/s: 0.00
[ 170s ] thds: 400 tps: 9544.21 qps: 190578.42 (r/w/o: 133368.05/38130.14/19080.22) lat (ms,95%): 59.99 err/s: 0.00 reconn/s: 0.00
[ 180s ] thds: 400 tps: 9580.12 qps: 191894.11 (r/w/o: 134363.69/38361.98/19168.44) lat (ms,95%): 58.92 err/s: 0.00 reconn/s: 0.00
[ 190s ] thds: 400 tps: 9386.59 qps: 187467.69 (r/w/o: 131180.82/37513.68/18773.19) lat (ms,95%): 64.47 err/s: 0.00 reconn/s: 0.00
[ 200s ] thds: 400 tps: 9560.80 qps: 191477.60 (r/w/o: 134065.90/38289.90/19121.80) lat (ms,95%): 57.87 err/s: 0.00 reconn/s: 0.00
[ 210s ] thds: 400 tps: 9738.51 qps: 194708.31 (r/w/o: 136312.85/38921.64/19473.82) lat (ms,95%): 54.83 err/s: 0.00 reconn/s: 0.00
[ 220s ] thds: 400 tps: 8475.68 qps: 169558.03 (r/w/o: 118685.04/33918.03/16954.96) lat (ms,95%): 92.42 err/s: 0.20 reconn/s: 0.00
[ 230s ] thds: 400 tps: 8080.94 qps: 161618.70 (r/w/o: 113132.99/32323.74/16161.97) lat (ms,95%): 94.10 err/s: 0.00 reconn/s: 0.00
[ 240s ] thds: 400 tps: 8040.41 qps: 160629.41 (r/w/o: 112443.98/32106.42/16079.01) lat (ms,95%): 90.78 err/s: 0.00 reconn/s: 0.00
[ 250s ] thds: 400 tps: 6946.86 qps: 138956.18 (r/w/o: 97283.03/27777.54/13895.62) lat (ms,95%): 104.84 err/s: 0.00 reconn/s: 0.00
[ 260s ] thds: 400 tps: 8373.59 qps: 167512.44 (r/w/o: 117210.32/33554.95/16747.17) lat (ms,95%): 84.47 err/s: 0.00 reconn/s: 0.00
[ 270s ] thds: 400 tps: 9366.75 qps: 187427.38 (r/w/o: 131247.86/37445.92/18733.61) lat (ms,95%): 69.29 err/s: 0.00 reconn/s: 0.00
[ 280s ] thds: 400 tps: 9416.78 qps: 188433.83 (r/w/o: 131867.54/37732.63/18833.66) lat (ms,95%): 62.19 err/s: 0.00 reconn/s: 0.00
[ 290s ] thds: 400 tps: 9403.89 qps: 187902.39 (r/w/o: 131585.93/37508.18/18808.29) lat (ms,95%): 61.08 err/s: 0.00 reconn/s: 0.00
[ 300s ] thds: 400 tps: 9578.40 qps: 191402.64 (r/w/o: 133933.76/38312.99/19155.89) lat (ms,95%): 59.99 err/s: 0.00 reconn/s: 0.00
[ 310s ] thds: 400 tps: 9787.83 qps: 195828.22 (r/w/o: 137077.57/39174.10/19576.55) lat (ms,95%): 54.83 err/s: 0.00 reconn/s: 0.00
[ 320s ] thds: 400 tps: 9271.23 qps: 185664.78 (r/w/o: 129991.50/37130.52/18542.76) lat (ms,95%): 68.05 err/s: 0.10 reconn/s: 0.00
[ 330s ] thds: 400 tps: 8954.10 qps: 178984.78 (r/w/o: 125257.35/35819.12/17908.31) lat (ms,95%): 81.48 err/s: 0.00 reconn/s: 0.00
[ 340s ] thds: 400 tps: 7868.92 qps: 157365.65 (r/w/o: 110145.41/31487.39/15732.84) lat (ms,95%): 97.55 err/s: 0.00 reconn/s: 0.00
[ 350s ] thds: 400 tps: 8014.74 qps: 160413.46 (r/w/o: 112321.03/32057.95/16034.48) lat (ms,95%): 94.10 err/s: 0.00 reconn/s: 0.00
[ 360s ] thds: 400 tps: 7303.43 qps: 146012.57 (r/w/o: 102228.27/29177.43/14606.87) lat (ms,95%): 102.97 err/s: 0.00 reconn/s: 0.00
[ 370s ] thds: 400 tps: 7860.34 qps: 157337.97 (r/w/o: 110102.34/31514.76/15720.88) lat (ms,95%): 90.78 err/s: 0.10 reconn/s: 0.00
[ 380s ] thds: 400 tps: 8332.20 qps: 166516.93 (r/w/o: 116600.42/33251.91/16664.60) lat (ms,95%): 92.42 err/s: 0.10 reconn/s: 0.00
[ 390s ] thds: 400 tps: 8598.31 qps: 171852.36 (r/w/o: 120243.88/34414.15/17194.33) lat (ms,95%): 86.00 err/s: 0.00 reconn/s: 0.00
[ 400s ] thds: 400 tps: 8272.40 qps: 165321.13 (r/w/o: 115736.62/33038.91/16545.60) lat (ms,95%): 89.16 err/s: 0.00 reconn/s: 0.00
[ 410s ] thds: 400 tps: 7662.90 qps: 153396.17 (r/w/o: 107419.58/30649.09/15327.50) lat (ms,95%): 101.13 err/s: 0.00 reconn/s: 0.00
[ 420s ] thds: 400 tps: 8118.82 qps: 162570.08 (r/w/o: 113771.06/32561.38/16237.64) lat (ms,95%): 95.81 err/s: 0.00 reconn/s: 0.00
[ 430s ] thds: 400 tps: 9777.91 qps: 195546.92 (r/w/o: 136889.18/39101.82/19555.91) lat (ms,95%): 52.89 err/s: 0.10 reconn/s: 0.00
[ 440s ] thds: 400 tps: 9092.17 qps: 181817.76 (r/w/o: 127286.85/36346.57/18184.34) lat (ms,95%): 75.82 err/s: 0.10 reconn/s: 0.00
[ 450s ] thds: 400 tps: 8190.47 qps: 163698.55 (r/w/o: 114610.35/32706.77/16381.44) lat (ms,95%): 90.78 err/s: 0.10 reconn/s: 0.00
[ 460s ] thds: 400 tps: 8090.04 qps: 161706.05 (r/w/o: 113139.19/32389.77/16177.08) lat (ms,95%): 90.78 err/s: 0.00 reconn/s: 0.00
[ 470s ] thds: 400 tps: 7858.52 qps: 157421.73 (r/w/o: 110190.10/31512.89/15718.74) lat (ms,95%): 94.10 err/s: 0.00 reconn/s: 0.00
[ 480s ] thds: 400 tps: 7636.66 qps: 152651.68 (r/w/o: 106874.13/30503.04/15274.52) lat (ms,95%): 92.42 err/s: 0.10 reconn/s: 0.00
[ 490s ] thds: 400 tps: 7664.09 qps: 153182.12 (r/w/o: 107248.50/30605.04/15328.57) lat (ms,95%): 92.42 err/s: 0.00 reconn/s: 0.00
[ 500s ] thds: 400 tps: 9821.82 qps: 196274.60 (r/w/o: 137357.18/39275.68/19641.74) lat (ms,95%): 53.85 err/s: 0.00 reconn/s: 0.00
[ 510s ] thds: 400 tps: 9584.09 qps: 191686.01 (r/w/o: 134173.70/38341.94/19170.37) lat (ms,95%): 58.92 err/s: 0.00 reconn/s: 0.00
[ 520s ] thds: 400 tps: 9767.67 qps: 195337.00 (r/w/o: 136723.61/39084.86/19528.53) lat (ms,95%): 54.83 err/s: 0.00 reconn/s: 0.00
[ 530s ] thds: 400 tps: 9093.53 qps: 181992.04 (r/w/o: 127453.04/36345.03/18193.96) lat (ms,95%): 74.46 err/s: 0.00 reconn/s: 0.00
[ 540s ] thds: 400 tps: 9520.02 qps: 190615.98 (r/w/o: 133409.47/38166.38/19040.14) lat (ms,95%): 58.92 err/s: 0.00 reconn/s: 0.00
[ 550s ] thds: 400 tps: 9181.69 qps: 183395.01 (r/w/o: 128358.40/36677.94/18358.67) lat (ms,95%): 73.13 err/s: 0.00 reconn/s: 0.00
[ 560s ] thds: 400 tps: 8186.19 qps: 163884.38 (r/w/o: 114774.75/32732.46/16377.18) lat (ms,95%): 92.42 err/s: 0.00 reconn/s: 0.00
[ 570s ] thds: 400 tps: 8261.02 qps: 165149.52 (r/w/o: 115578.82/33048.56/16522.13) lat (ms,95%): 90.78 err/s: 0.00 reconn/s: 0.00
[ 580s ] thds: 400 tps: 7861.83 qps: 157322.32 (r/w/o: 110137.07/31461.50/15723.75) lat (ms,95%): 92.42 err/s: 0.00 reconn/s: 0.00
[ 590s ] thds: 400 tps: 7852.87 qps: 157125.00 (r/w/o: 109947.91/31472.76/15704.33) lat (ms,95%): 92.42 err/s: 0.00 reconn/s: 0.00
[ 600s ] thds: 400 tps: 7728.39 qps: 154343.64 (r/w/o: 108053.82/30831.65/15458.17) lat (ms,95%): 95.81 err/s: 0.00 reconn/s: 0.00
[ 610s ] thds: 400 tps: 9164.29 qps: 183175.96 (r/w/o: 128215.03/36631.95/18328.98) lat (ms,95%): 70.55 err/s: 0.10 reconn/s: 0.00
[ 620s ] thds: 400 tps: 9559.53 qps: 191077.10 (r/w/o: 133718.12/38246.82/19112.16) lat (ms,95%): 58.92 err/s: 0.00 reconn/s: 0.00
[ 630s ] thds: 400 tps: 9749.52 qps: 195314.67 (r/w/o: 136789.23/39019.29/19506.15) lat (ms,95%): 54.83 err/s: 0.00 reconn/s: 0.00
[ 640s ] thds: 400 tps: 9096.30 qps: 181874.01 (r/w/o: 127292.20/36389.80/18192.00) lat (ms,95%): 77.19 err/s: 0.00 reconn/s: 0.00
[ 650s ] thds: 400 tps: 9688.38 qps: 193806.01 (r/w/o: 135646.43/38782.12/19377.46) lat (ms,95%): 55.82 err/s: 0.00 reconn/s: 0.00
[ 660s ] thds: 400 tps: 9250.69 qps: 184995.44 (r/w/o: 129494.02/37000.95/18500.47) lat (ms,95%): 71.83 err/s: 0.00 reconn/s: 0.00
[ 670s ] thds: 400 tps: 8329.46 qps: 166640.51 (r/w/o: 116692.28/33288.42/16659.81) lat (ms,95%): 90.78 err/s: 0.00 reconn/s: 0.00
[ 680s ] thds: 400 tps: 8457.91 qps: 169011.80 (r/w/o: 118293.21/33802.76/16915.83) lat (ms,95%): 90.78 err/s: 0.00 reconn/s: 0.00
[ 690s ] thds: 400 tps: 7718.07 qps: 154576.43 (r/w/o: 108177.50/30962.69/15436.24) lat (ms,95%): 92.42 err/s: 0.00 reconn/s: 0.00
[ 700s ] thds: 400 tps: 7833.87 qps: 156607.39 (r/w/o: 109674.84/31264.80/15667.75) lat (ms,95%): 94.10 err/s: 0.00 reconn/s: 0.00
[ 710s ] thds: 400 tps: 7789.72 qps: 155769.29 (r/w/o: 109007.78/31184.58/15576.94) lat (ms,95%): 90.78 err/s: 0.00 reconn/s: 0.00
[ 720s ] thds: 400 tps: 9061.88 qps: 181093.04 (r/w/o: 126763.65/36203.13/18126.26) lat (ms,95%): 74.46 err/s: 0.00 reconn/s: 0.00
[ 730s ] thds: 400 tps: 9392.37 qps: 187908.23 (r/w/o: 131545.80/37577.59/18784.84) lat (ms,95%): 62.19 err/s: 0.00 reconn/s: 0.00
[ 740s ] thds: 400 tps: 9457.69 qps: 189273.40 (r/w/o: 132480.66/37877.26/18915.48) lat (ms,95%): 58.92 err/s: 0.00 reconn/s: 0.00
[ 750s ] thds: 400 tps: 9532.60 qps: 190697.34 (r/w/o: 133483.43/38148.81/19065.10) lat (ms,95%): 61.08 err/s: 0.10 reconn/s: 0.00
[ 760s ] thds: 400 tps: 8999.63 qps: 179756.51 (r/w/o: 125805.06/35951.90/17999.55) lat (ms,95%): 77.19 err/s: 0.00 reconn/s: 0.00
[ 770s ] thds: 400 tps: 9118.66 qps: 182428.65 (r/w/o: 127717.57/36482.65/18228.42) lat (ms,95%): 77.19 err/s: 0.10 reconn/s: 0.00
[ 780s ] thds: 400 tps: 8608.40 qps: 172166.51 (r/w/o: 120487.34/34458.08/17221.09) lat (ms,95%): 92.42 err/s: 0.10 reconn/s: 0.00
[ 790s ] thds: 400 tps: 8032.10 qps: 160534.83 (r/w/o: 112373.05/32095.59/16066.19) lat (ms,95%): 97.55 err/s: 0.10 reconn/s: 0.00
[ 800s ] thds: 400 tps: 7787.46 qps: 155798.92 (r/w/o: 109092.15/31131.24/15575.52) lat (ms,95%): 101.13 err/s: 0.10 reconn/s: 0.00
[ 810s ] thds: 400 tps: 7334.40 qps: 146663.90 (r/w/o: 102644.17/29351.62/14668.11) lat (ms,95%): 112.67 err/s: 0.00 reconn/s: 0.00
[ 820s ] thds: 400 tps: 7194.59 qps: 144024.15 (r/w/o: 100845.02/28788.25/14390.87) lat (ms,95%): 106.75 err/s: 0.10 reconn/s: 0.00
[ 830s ] thds: 400 tps: 7598.51 qps: 152121.43 (r/w/o: 106516.39/30405.73/15199.31) lat (ms,95%): 106.75 err/s: 0.00 reconn/s: 0.00
[ 840s ] thds: 400 tps: 7553.34 qps: 151200.92 (r/w/o: 105776.60/30317.54/15106.77) lat (ms,95%): 102.97 err/s: 0.00 reconn/s: 0.00
SQL statistics:
    queries performed:
        read:                            100985360
        write:                           28852880
        other:                           14426522
        total:                           144264762
    transactions:                        7213221 (8580.66 per sec.)
    queries:                             144264762 (171613.68 per sec.)
    ignored errors:                      19     (0.02 per sec.)
    reconnects:                          0      (0.00 per sec.)

General statistics:
    total time:                          840.6357s
    total number of events:              7213221

Latency (ms):
         min:                                   19.61
         avg:                                   46.58
         max:                                  919.89
         95th percentile:                       87.56
         sum:                            335995255.04

Threads fairness:
    events (avg/stddev):           18033.0525/465.35
    execution time (avg/stddev):   839.9881/0.04

