sysbench 1.0.20-ebf1c90 (using bundled LuaJIT 2.1.0-beta2)

Running the test with following options:
Number of threads: 400
Report intermediate results every 10 second(s)
Initializing random number generator from current time


Initializing worker threads...

Threads started!

[ 10s ] thds: 400 tps: 5560.83 qps: 111837.32 (r/w/o: 78338.46/22337.21/11161.66) lat (ms,95%): 211.60 err/s: 0.00 reconn/s: 0.00
[ 20s ] thds: 400 tps: 7697.31 qps: 153847.18 (r/w/o: 107709.39/30743.26/15394.53) lat (ms,95%): 167.44 err/s: 0.00 reconn/s: 0.00
[ 30s ] thds: 400 tps: 8310.38 qps: 166245.72 (r/w/o: 116369.53/33257.42/16618.76) lat (ms,95%): 104.84 err/s: 0.00 reconn/s: 0.00
[ 40s ] thds: 400 tps: 8730.72 qps: 174677.35 (r/w/o: 122265.01/34948.59/17463.74) lat (ms,95%): 70.55 err/s: 0.00 reconn/s: 0.00
[ 50s ] thds: 400 tps: 9143.11 qps: 182703.03 (r/w/o: 127891.69/36525.43/18285.91) lat (ms,95%): 61.08 err/s: 0.10 reconn/s: 0.00
[ 60s ] thds: 400 tps: 9167.31 qps: 183265.93 (r/w/o: 128297.86/36632.55/18335.52) lat (ms,95%): 64.47 err/s: 0.00 reconn/s: 0.00
[ 70s ] thds: 400 tps: 9290.39 qps: 186024.70 (r/w/o: 130244.56/37199.36/18580.78) lat (ms,95%): 58.92 err/s: 0.00 reconn/s: 0.00
[ 80s ] thds: 400 tps: 9010.79 qps: 179880.37 (r/w/o: 125858.04/36000.55/18021.78) lat (ms,95%): 75.82 err/s: 0.20 reconn/s: 0.00
[ 90s ] thds: 400 tps: 9373.07 qps: 187704.05 (r/w/o: 131427.91/37529.79/18746.35) lat (ms,95%): 57.87 err/s: 0.00 reconn/s: 0.00
[ 100s ] thds: 400 tps: 9545.14 qps: 190810.63 (r/w/o: 133574.58/38146.17/19089.88) lat (ms,95%): 55.82 err/s: 0.00 reconn/s: 0.00
[ 110s ] thds: 400 tps: 9480.00 qps: 189823.28 (r/w/o: 132852.59/38013.20/18957.50) lat (ms,95%): 57.87 err/s: 0.10 reconn/s: 0.00
[ 120s ] thds: 400 tps: 7165.00 qps: 143199.46 (r/w/o: 100253.94/28613.21/14332.31) lat (ms,95%): 112.67 err/s: 0.00 reconn/s: 0.00
[ 130s ] thds: 400 tps: 6280.06 qps: 125603.93 (r/w/o: 87901.66/25145.65/12556.62) lat (ms,95%): 132.49 err/s: 0.00 reconn/s: 0.00
[ 140s ] thds: 400 tps: 6851.49 qps: 137095.04 (r/w/o: 96018.52/27368.95/13707.57) lat (ms,95%): 114.72 err/s: 0.10 reconn/s: 0.00
[ 150s ] thds: 400 tps: 9110.91 qps: 182163.18 (r/w/o: 127498.92/36442.24/18222.02) lat (ms,95%): 61.08 err/s: 0.10 reconn/s: 0.00
[ 160s ] thds: 400 tps: 9306.01 qps: 186048.82 (r/w/o: 130202.65/37235.04/18611.12) lat (ms,95%): 64.47 err/s: 0.00 reconn/s: 0.00
[ 170s ] thds: 400 tps: 9337.00 qps: 186817.29 (r/w/o: 130815.06/37328.02/18674.21) lat (ms,95%): 62.19 err/s: 0.00 reconn/s: 0.00
[ 180s ] thds: 400 tps: 9507.30 qps: 190065.30 (r/w/o: 132986.80/38063.30/19015.20) lat (ms,95%): 56.84 err/s: 0.00 reconn/s: 0.00
[ 190s ] thds: 400 tps: 9311.08 qps: 186059.09 (r/w/o: 130253.38/37186.84/18618.87) lat (ms,95%): 66.84 err/s: 0.00 reconn/s: 0.00
[ 200s ] thds: 400 tps: 9368.89 qps: 187437.12 (r/w/o: 131217.27/37480.36/18739.48) lat (ms,95%): 58.92 err/s: 0.00 reconn/s: 0.00
[ 210s ] thds: 400 tps: 9471.90 qps: 189753.44 (r/w/o: 132806.63/38000.71/18946.10) lat (ms,95%): 56.84 err/s: 0.00 reconn/s: 0.00
[ 220s ] thds: 400 tps: 9345.40 qps: 186906.81 (r/w/o: 130846.01/37369.90/18690.90) lat (ms,95%): 59.99 err/s: 0.00 reconn/s: 0.00
[ 230s ] thds: 400 tps: 7864.40 qps: 157092.14 (r/w/o: 110014.76/31348.59/15728.79) lat (ms,95%): 97.55 err/s: 0.00 reconn/s: 0.00
[ 240s ] thds: 400 tps: 7653.61 qps: 153142.98 (r/w/o: 107170.92/30664.84/15307.22) lat (ms,95%): 92.42 err/s: 0.00 reconn/s: 0.00
[ 250s ] thds: 400 tps: 7013.30 qps: 140296.52 (r/w/o: 98212.24/28057.68/14026.59) lat (ms,95%): 104.84 err/s: 0.00 reconn/s: 0.00
[ 260s ] thds: 400 tps: 7996.77 qps: 159901.22 (r/w/o: 111943.12/31964.76/15993.33) lat (ms,95%): 92.42 err/s: 0.00 reconn/s: 0.00
[ 270s ] thds: 400 tps: 9254.84 qps: 185150.86 (r/w/o: 129591.73/37049.55/18509.58) lat (ms,95%): 62.19 err/s: 0.10 reconn/s: 0.00
[ 280s ] thds: 400 tps: 9366.41 qps: 186956.44 (r/w/o: 130795.10/37433.93/18727.41) lat (ms,95%): 62.19 err/s: 0.00 reconn/s: 0.00
[ 290s ] thds: 400 tps: 9484.64 qps: 190171.95 (r/w/o: 133176.30/38020.47/18975.19) lat (ms,95%): 59.99 err/s: 0.00 reconn/s: 0.00
[ 300s ] thds: 400 tps: 9226.17 qps: 184472.35 (r/w/o: 129147.21/36872.49/18452.64) lat (ms,95%): 68.05 err/s: 0.10 reconn/s: 0.00
[ 310s ] thds: 400 tps: 9387.28 qps: 187412.11 (r/w/o: 131166.62/37471.82/18773.66) lat (ms,95%): 58.92 err/s: 0.10 reconn/s: 0.00
[ 320s ] thds: 400 tps: 9488.60 qps: 189934.05 (r/w/o: 132984.04/37974.51/18975.51) lat (ms,95%): 56.84 err/s: 0.00 reconn/s: 0.00
[ 330s ] thds: 400 tps: 9472.48 qps: 189611.18 (r/w/o: 132706.51/37958.02/18946.66) lat (ms,95%): 59.99 err/s: 0.00 reconn/s: 0.00
[ 340s ] thds: 400 tps: 8011.70 qps: 160024.79 (r/w/o: 112002.79/32000.90/16021.10) lat (ms,95%): 95.81 err/s: 0.00 reconn/s: 0.00
[ 350s ] thds: 400 tps: 7608.37 qps: 152009.40 (r/w/o: 106360.21/30436.06/15213.13) lat (ms,95%): 95.81 err/s: 0.00 reconn/s: 0.00
[ 360s ] thds: 400 tps: 7925.84 qps: 158640.96 (r/w/o: 111120.53/31661.55/15858.88) lat (ms,95%): 90.78 err/s: 0.00 reconn/s: 0.00
[ 370s ] thds: 400 tps: 7049.22 qps: 141075.98 (r/w/o: 98701.87/28284.28/14089.84) lat (ms,95%): 104.84 err/s: 0.00 reconn/s: 0.00
[ 380s ] thds: 400 tps: 8562.98 qps: 171239.10 (r/w/o: 119902.32/34201.72/17135.06) lat (ms,95%): 78.60 err/s: 0.00 reconn/s: 0.00
[ 390s ] thds: 400 tps: 8536.81 qps: 170863.53 (r/w/o: 119636.96/34152.85/17073.72) lat (ms,95%): 84.47 err/s: 0.00 reconn/s: 0.00
[ 400s ] thds: 400 tps: 8383.90 qps: 167593.37 (r/w/o: 117292.95/33532.71/16767.71) lat (ms,95%): 89.16 err/s: 0.20 reconn/s: 0.00
[ 410s ] thds: 400 tps: 8078.39 qps: 161466.72 (r/w/o: 113017.88/32291.66/16157.18) lat (ms,95%): 95.81 err/s: 0.00 reconn/s: 0.00
[ 420s ] thds: 400 tps: 7610.91 qps: 152365.54 (r/w/o: 106668.47/30475.05/15222.02) lat (ms,95%): 104.84 err/s: 0.00 reconn/s: 0.00
[ 430s ] thds: 400 tps: 8764.48 qps: 175071.38 (r/w/o: 122521.17/35021.54/17528.67) lat (ms,95%): 82.96 err/s: 0.10 reconn/s: 0.00
[ 440s ] thds: 400 tps: 9369.71 qps: 187699.00 (r/w/o: 131421.67/37537.32/18740.01) lat (ms,95%): 55.82 err/s: 0.00 reconn/s: 0.00
[ 450s ] thds: 400 tps: 9260.12 qps: 185311.10 (r/w/o: 129679.38/37111.48/18520.24) lat (ms,95%): 66.84 err/s: 0.00 reconn/s: 0.00
[ 460s ] thds: 400 tps: 8128.70 qps: 162237.53 (r/w/o: 113591.92/32392.31/16253.30) lat (ms,95%): 90.78 err/s: 0.00 reconn/s: 0.00
[ 470s ] thds: 400 tps: 7328.40 qps: 146688.61 (r/w/o: 102703.94/29325.58/14659.09) lat (ms,95%): 101.13 err/s: 0.00 reconn/s: 0.00
[ 480s ] thds: 400 tps: 7869.88 qps: 157266.65 (r/w/o: 110081.16/31443.73/15741.77) lat (ms,95%): 90.78 err/s: 0.00 reconn/s: 0.00
[ 490s ] thds: 400 tps: 7658.50 qps: 153262.72 (r/w/o: 107302.62/30643.80/15316.30) lat (ms,95%): 87.56 err/s: 0.00 reconn/s: 0.00
[ 500s ] thds: 400 tps: 8624.48 qps: 172475.14 (r/w/o: 120712.15/34513.13/17249.86) lat (ms,95%): 77.19 err/s: 0.10 reconn/s: 0.00
[ 510s ] thds: 400 tps: 9420.90 qps: 188442.84 (r/w/o: 131912.93/37688.41/18841.50) lat (ms,95%): 57.87 err/s: 0.10 reconn/s: 0.00
[ 520s ] thds: 400 tps: 9514.52 qps: 190394.34 (r/w/o: 133275.01/38089.39/19029.94) lat (ms,95%): 58.92 err/s: 0.00 reconn/s: 0.00
[ 530s ] thds: 400 tps: 8950.49 qps: 178923.90 (r/w/o: 125254.39/35768.54/17900.97) lat (ms,95%): 77.19 err/s: 0.00 reconn/s: 0.00
[ 540s ] thds: 400 tps: 9453.10 qps: 189073.99 (r/w/o: 132382.87/37784.82/18906.31) lat (ms,95%): 57.87 err/s: 0.00 reconn/s: 0.00
[ 550s ] thds: 400 tps: 9523.59 qps: 190246.62 (r/w/o: 133088.40/38110.64/19047.57) lat (ms,95%): 58.92 err/s: 0.20 reconn/s: 0.00
[ 560s ] thds: 400 tps: 9159.33 qps: 183487.06 (r/w/o: 128470.96/36697.43/18318.67) lat (ms,95%): 66.84 err/s: 0.00 reconn/s: 0.00
[ 570s ] thds: 400 tps: 8097.99 qps: 161841.64 (r/w/o: 113319.99/32326.57/16195.08) lat (ms,95%): 92.42 err/s: 0.00 reconn/s: 0.00
[ 580s ] thds: 400 tps: 7757.30 qps: 155074.12 (r/w/o: 108533.61/31024.80/15515.70) lat (ms,95%): 90.78 err/s: 0.00 reconn/s: 0.00
[ 590s ] thds: 400 tps: 7632.90 qps: 152948.49 (r/w/o: 107048.36/30634.32/15265.81) lat (ms,95%): 87.56 err/s: 0.00 reconn/s: 0.00
[ 600s ] thds: 400 tps: 7724.50 qps: 154279.06 (r/w/o: 107992.84/30842.21/15444.01) lat (ms,95%): 90.78 err/s: 0.10 reconn/s: 0.00
[ 610s ] thds: 400 tps: 8467.20 qps: 169199.15 (r/w/o: 118443.86/33819.89/16935.39) lat (ms,95%): 81.48 err/s: 0.00 reconn/s: 0.00
[ 620s ] thds: 400 tps: 9285.10 qps: 186002.06 (r/w/o: 130214.67/37212.79/18574.60) lat (ms,95%): 58.92 err/s: 0.00 reconn/s: 0.00
[ 630s ] thds: 400 tps: 9438.09 qps: 188597.55 (r/w/o: 132008.40/37712.77/18876.39) lat (ms,95%): 58.92 err/s: 0.00 reconn/s: 0.00
[ 640s ] thds: 400 tps: 8973.51 qps: 179667.41 (r/w/o: 125773.27/35946.92/17947.21) lat (ms,95%): 71.83 err/s: 0.10 reconn/s: 0.00
[ 650s ] thds: 400 tps: 9409.91 qps: 188010.56 (r/w/o: 131611.88/37578.85/18819.83) lat (ms,95%): 59.99 err/s: 0.00 reconn/s: 0.00
[ 660s ] thds: 400 tps: 9429.79 qps: 188492.25 (r/w/o: 131907.69/37729.17/18855.38) lat (ms,95%): 57.87 err/s: 0.00 reconn/s: 0.00
[ 670s ] thds: 400 tps: 9198.48 qps: 183858.61 (r/w/o: 128669.75/36795.40/18393.45) lat (ms,95%): 64.47 err/s: 0.00 reconn/s: 0.00
[ 680s ] thds: 400 tps: 8365.81 qps: 167277.81 (r/w/o: 117104.75/33438.84/16734.22) lat (ms,95%): 90.78 err/s: 0.00 reconn/s: 0.00
[ 690s ] thds: 400 tps: 7879.70 qps: 157812.51 (r/w/o: 110500.24/31547.48/15764.79) lat (ms,95%): 89.16 err/s: 0.10 reconn/s: 0.00
[ 700s ] thds: 400 tps: 7543.70 qps: 150901.19 (r/w/o: 105645.00/30170.30/15085.90) lat (ms,95%): 94.10 err/s: 0.00 reconn/s: 0.00
[ 710s ] thds: 400 tps: 7627.59 qps: 152602.52 (r/w/o: 106812.28/30541.26/15248.98) lat (ms,95%): 92.42 err/s: 0.10 reconn/s: 0.00
[ 720s ] thds: 400 tps: 8136.90 qps: 162806.90 (r/w/o: 114007.07/32518.02/16281.81) lat (ms,95%): 86.00 err/s: 0.00 reconn/s: 0.00
[ 730s ] thds: 400 tps: 9264.49 qps: 184955.35 (r/w/o: 129403.43/37031.05/18520.88) lat (ms,95%): 57.87 err/s: 0.10 reconn/s: 0.00
[ 740s ] thds: 400 tps: 9264.51 qps: 185523.71 (r/w/o: 129895.88/37090.32/18537.51) lat (ms,95%): 64.47 err/s: 0.10 reconn/s: 0.00
[ 750s ] thds: 400 tps: 9070.81 qps: 181502.62 (r/w/o: 127055.96/36309.14/18137.52) lat (ms,95%): 70.55 err/s: 0.00 reconn/s: 0.00
[ 760s ] thds: 400 tps: 9393.21 qps: 187593.56 (r/w/o: 131258.28/37550.55/18784.73) lat (ms,95%): 58.92 err/s: 0.00 reconn/s: 0.00
[ 770s ] thds: 400 tps: 9116.77 qps: 182394.10 (r/w/o: 127726.38/36427.98/18239.74) lat (ms,95%): 68.05 err/s: 0.00 reconn/s: 0.00
[ 780s ] thds: 400 tps: 8907.42 qps: 178326.84 (r/w/o: 124817.81/35696.69/17812.34) lat (ms,95%): 80.03 err/s: 0.00 reconn/s: 0.00
[ 790s ] thds: 400 tps: 7903.60 qps: 157718.80 (r/w/o: 110368.60/31540.80/15809.40) lat (ms,95%): 92.42 err/s: 0.10 reconn/s: 0.00
[ 800s ] thds: 400 tps: 7707.99 qps: 154676.61 (r/w/o: 108317.07/30943.06/15416.48) lat (ms,95%): 97.55 err/s: 0.00 reconn/s: 0.00
[ 810s ] thds: 400 tps: 7699.70 qps: 153843.57 (r/w/o: 107749.15/30694.81/15399.61) lat (ms,95%): 101.13 err/s: 0.00 reconn/s: 0.00
[ 820s ] thds: 400 tps: 7794.23 qps: 155983.23 (r/w/o: 109145.67/31249.01/15588.55) lat (ms,95%): 97.55 err/s: 0.00 reconn/s: 0.00
[ 830s ] thds: 400 tps: 7698.09 qps: 153704.58 (r/w/o: 107579.42/30728.98/15396.19) lat (ms,95%): 102.97 err/s: 0.20 reconn/s: 0.00
[ 840s ] thds: 400 tps: 7338.07 qps: 146769.77 (r/w/o: 102709.96/29389.27/14670.54) lat (ms,95%): 104.84 err/s: 0.00 reconn/s: 0.00
SQL statistics:
    queries performed:
        read:                            100455264
        write:                           28701405
        other:                           14350801
        total:                           143507470
    transactions:                        7175351 (8529.14 per sec.)
    queries:                             143507470 (170583.35 per sec.)
    ignored errors:                      25     (0.03 per sec.)
    reconnects:                          0      (0.00 per sec.)

General statistics:
    total time:                          841.2738s
    total number of events:              7175351

Latency (ms):
         min:                                   19.70
         avg:                                   46.85
         max:                                 1296.68
         95th percentile:                       84.47
         sum:                            336136989.90

Threads fairness:
    events (avg/stddev):           17938.3775/426.93
    execution time (avg/stddev):   840.3425/0.30

