sysbench 1.0.20-ebf1c90 (using bundled LuaJIT 2.1.0-beta2)

Running the test with following options:
Number of threads: 400
Report intermediate results every 10 second(s)
Initializing random number generator from current time


Initializing worker threads...

Threads started!

[ 10s ] thds: 400 tps: 5536.87 qps: 111084.40 (r/w/o: 77814.37/22156.19/11113.84) lat (ms,95%): 211.60 err/s: 0.00 reconn/s: 0.00
[ 20s ] thds: 400 tps: 7689.13 qps: 154095.80 (r/w/o: 107895.72/30821.72/15378.36) lat (ms,95%): 167.44 err/s: 0.00 reconn/s: 0.00
[ 30s ] thds: 400 tps: 8329.80 qps: 166337.46 (r/w/o: 116397.87/33279.89/16659.70) lat (ms,95%): 108.68 err/s: 0.00 reconn/s: 0.00
[ 40s ] thds: 400 tps: 8696.12 qps: 174008.26 (r/w/o: 121796.16/34819.87/17392.24) lat (ms,95%): 71.83 err/s: 0.00 reconn/s: 0.00
[ 50s ] thds: 400 tps: 9084.12 qps: 181699.44 (r/w/o: 127193.84/36339.37/18166.23) lat (ms,95%): 61.08 err/s: 0.00 reconn/s: 0.00
[ 60s ] thds: 400 tps: 9151.26 qps: 183004.39 (r/w/o: 128146.13/36553.84/18304.42) lat (ms,95%): 64.47 err/s: 0.00 reconn/s: 0.00
[ 70s ] thds: 400 tps: 9312.83 qps: 186185.83 (r/w/o: 130303.84/37256.13/18625.86) lat (ms,95%): 58.92 err/s: 0.00 reconn/s: 0.00
[ 80s ] thds: 400 tps: 8960.86 qps: 179285.38 (r/w/o: 125508.79/35854.76/17921.83) lat (ms,95%): 77.19 err/s: 0.00 reconn/s: 0.00
[ 90s ] thds: 400 tps: 9397.62 qps: 188011.70 (r/w/o: 131611.48/37605.18/18795.04) lat (ms,95%): 57.87 err/s: 0.00 reconn/s: 0.00
[ 100s ] thds: 400 tps: 9510.82 qps: 190189.13 (r/w/o: 133134.43/38032.67/19022.03) lat (ms,95%): 55.82 err/s: 0.10 reconn/s: 0.00
[ 110s ] thds: 400 tps: 9521.22 qps: 190356.23 (r/w/o: 133232.60/38081.69/19041.94) lat (ms,95%): 57.87 err/s: 0.00 reconn/s: 0.00
[ 120s ] thds: 400 tps: 7146.26 qps: 143055.57 (r/w/o: 100173.92/28588.63/14293.02) lat (ms,95%): 114.72 err/s: 0.10 reconn/s: 0.00
[ 130s ] thds: 400 tps: 6272.75 qps: 125166.76 (r/w/o: 87567.14/25054.11/12545.51) lat (ms,95%): 132.49 err/s: 0.10 reconn/s: 0.00
[ 140s ] thds: 400 tps: 6841.05 qps: 136962.54 (r/w/o: 95871.33/27412.51/13678.70) lat (ms,95%): 114.72 err/s: 0.10 reconn/s: 0.00
[ 150s ] thds: 400 tps: 9046.80 qps: 181158.57 (r/w/o: 126855.85/36204.51/18098.21) lat (ms,95%): 62.19 err/s: 0.20 reconn/s: 0.00
[ 160s ] thds: 400 tps: 9294.78 qps: 185703.24 (r/w/o: 129959.45/37153.93/18589.86) lat (ms,95%): 64.47 err/s: 0.20 reconn/s: 0.00
[ 170s ] thds: 400 tps: 9331.89 qps: 186803.44 (r/w/o: 130787.39/37352.17/18663.88) lat (ms,95%): 62.19 err/s: 0.00 reconn/s: 0.00
[ 180s ] thds: 400 tps: 9506.22 qps: 189969.47 (r/w/o: 132990.93/37966.00/19012.55) lat (ms,95%): 56.84 err/s: 0.10 reconn/s: 0.00
[ 190s ] thds: 400 tps: 9295.30 qps: 185915.23 (r/w/o: 130130.92/37195.21/18589.10) lat (ms,95%): 66.84 err/s: 0.00 reconn/s: 0.00
[ 200s ] thds: 400 tps: 9406.40 qps: 188143.78 (r/w/o: 131699.68/37629.50/18814.60) lat (ms,95%): 58.92 err/s: 0.00 reconn/s: 0.00
[ 210s ] thds: 400 tps: 9478.14 qps: 189427.02 (r/w/o: 132561.38/37909.16/18956.48) lat (ms,95%): 56.84 err/s: 0.10 reconn/s: 0.00
[ 220s ] thds: 400 tps: 9329.54 qps: 186542.57 (r/w/o: 130578.64/37305.25/18658.68) lat (ms,95%): 59.99 err/s: 0.10 reconn/s: 0.00
[ 230s ] thds: 400 tps: 7836.31 qps: 156989.37 (r/w/o: 109926.32/31392.73/15670.32) lat (ms,95%): 97.55 err/s: 0.10 reconn/s: 0.00
[ 240s ] thds: 400 tps: 7590.38 qps: 151766.18 (r/w/o: 106192.30/30394.52/15179.36) lat (ms,95%): 94.10 err/s: 0.00 reconn/s: 0.00
[ 250s ] thds: 400 tps: 6976.98 qps: 139270.06 (r/w/o: 97494.06/27816.93/13959.07) lat (ms,95%): 104.84 err/s: 0.00 reconn/s: 0.00
[ 260s ] thds: 400 tps: 7940.93 qps: 159185.85 (r/w/o: 111472.68/31831.51/15881.65) lat (ms,95%): 92.42 err/s: 0.00 reconn/s: 0.00
[ 270s ] thds: 400 tps: 9261.58 qps: 185000.16 (r/w/o: 129446.96/37037.03/18516.17) lat (ms,95%): 62.19 err/s: 0.00 reconn/s: 0.00
[ 280s ] thds: 400 tps: 9343.31 qps: 186725.29 (r/w/o: 130711.21/37327.26/18686.83) lat (ms,95%): 62.19 err/s: 0.10 reconn/s: 0.00
[ 290s ] thds: 400 tps: 9455.61 qps: 189314.67 (r/w/o: 132513.52/37890.43/18910.72) lat (ms,95%): 61.08 err/s: 0.00 reconn/s: 0.00
[ 300s ] thds: 400 tps: 9216.17 qps: 184259.37 (r/w/o: 129012.06/36807.27/18440.04) lat (ms,95%): 68.05 err/s: 0.00 reconn/s: 0.00
[ 310s ] thds: 400 tps: 9326.67 qps: 186686.48 (r/w/o: 130727.04/37305.60/18653.85) lat (ms,95%): 58.92 err/s: 0.10 reconn/s: 0.00
[ 320s ] thds: 400 tps: 9464.18 qps: 189353.82 (r/w/o: 132536.93/37888.42/18928.46) lat (ms,95%): 56.84 err/s: 0.00 reconn/s: 0.00
[ 330s ] thds: 400 tps: 9442.55 qps: 188643.42 (r/w/o: 132004.75/37759.98/18878.69) lat (ms,95%): 61.08 err/s: 0.00 reconn/s: 0.00
[ 340s ] thds: 400 tps: 7973.71 qps: 159693.63 (r/w/o: 111827.76/31911.55/15954.32) lat (ms,95%): 95.81 err/s: 0.10 reconn/s: 0.00
[ 350s ] thds: 400 tps: 7575.80 qps: 151352.42 (r/w/o: 105936.31/30265.10/15151.00) lat (ms,95%): 95.81 err/s: 0.00 reconn/s: 0.00
[ 360s ] thds: 400 tps: 7946.39 qps: 159008.78 (r/w/o: 111333.55/31781.86/15893.38) lat (ms,95%): 90.78 err/s: 0.00 reconn/s: 0.00
[ 370s ] thds: 400 tps: 7058.33 qps: 141243.54 (r/w/o: 98841.48/28285.41/14116.65) lat (ms,95%): 106.75 err/s: 0.00 reconn/s: 0.00
[ 380s ] thds: 400 tps: 8545.39 qps: 170733.69 (r/w/o: 119529.95/34112.86/17090.88) lat (ms,95%): 78.60 err/s: 0.00 reconn/s: 0.00
[ 390s ] thds: 400 tps: 8500.82 qps: 170134.66 (r/w/o: 119064.25/34068.57/17001.84) lat (ms,95%): 84.47 err/s: 0.10 reconn/s: 0.00
[ 400s ] thds: 400 tps: 8430.86 qps: 168492.06 (r/w/o: 117944.98/33686.65/16860.43) lat (ms,95%): 89.16 err/s: 0.00 reconn/s: 0.00
[ 410s ] thds: 400 tps: 8038.71 qps: 160884.73 (r/w/o: 112585.89/32223.73/16075.11) lat (ms,95%): 94.10 err/s: 0.00 reconn/s: 0.00
[ 420s ] thds: 400 tps: 7576.02 qps: 151488.69 (r/w/o: 106078.97/30257.18/15152.54) lat (ms,95%): 106.75 err/s: 0.00 reconn/s: 0.00
[ 430s ] thds: 400 tps: 8781.28 qps: 175692.04 (r/w/o: 123019.68/35106.31/17566.05) lat (ms,95%): 81.48 err/s: 0.10 reconn/s: 0.00
[ 440s ] thds: 400 tps: 9450.82 qps: 188785.38 (r/w/o: 132110.47/37773.58/18901.34) lat (ms,95%): 55.82 err/s: 0.00 reconn/s: 0.00
[ 450s ] thds: 400 tps: 9186.50 qps: 183902.21 (r/w/o: 128742.31/36786.30/18373.60) lat (ms,95%): 66.84 err/s: 0.10 reconn/s: 0.00
[ 460s ] thds: 400 tps: 8136.31 qps: 162496.55 (r/w/o: 113707.97/32526.35/16262.22) lat (ms,95%): 90.78 err/s: 0.10 reconn/s: 0.00
[ 470s ] thds: 400 tps: 7350.43 qps: 147297.04 (r/w/o: 103166.95/29418.63/14711.46) lat (ms,95%): 99.33 err/s: 0.00 reconn/s: 0.00
[ 480s ] thds: 400 tps: 7813.41 qps: 156355.75 (r/w/o: 109425.61/31303.33/15626.82) lat (ms,95%): 90.78 err/s: 0.00 reconn/s: 0.00
[ 490s ] thds: 400 tps: 7671.91 qps: 153244.37 (r/w/o: 107263.32/30642.03/15339.02) lat (ms,95%): 89.16 err/s: 0.10 reconn/s: 0.00
[ 500s ] thds: 400 tps: 8612.91 qps: 172443.62 (r/w/o: 120742.09/34470.62/17230.91) lat (ms,95%): 77.19 err/s: 0.00 reconn/s: 0.00
[ 510s ] thds: 400 tps: 9446.13 qps: 188937.84 (r/w/o: 132238.28/37807.31/18892.25) lat (ms,95%): 57.87 err/s: 0.00 reconn/s: 0.00
[ 520s ] thds: 400 tps: 9515.93 qps: 190034.55 (r/w/o: 132995.46/38007.53/19031.57) lat (ms,95%): 58.92 err/s: 0.10 reconn/s: 0.00
[ 530s ] thds: 400 tps: 8933.13 qps: 178818.20 (r/w/o: 125220.19/35731.14/17866.87) lat (ms,95%): 77.19 err/s: 0.00 reconn/s: 0.00
[ 540s ] thds: 400 tps: 9451.81 qps: 189022.41 (r/w/o: 132271.37/37847.32/18903.71) lat (ms,95%): 57.87 err/s: 0.00 reconn/s: 0.00
[ 550s ] thds: 400 tps: 9510.90 qps: 190213.30 (r/w/o: 133201.37/37990.12/19021.81) lat (ms,95%): 58.92 err/s: 0.00 reconn/s: 0.00
[ 560s ] thds: 400 tps: 9145.58 qps: 182776.32 (r/w/o: 127898.37/36588.81/18289.15) lat (ms,95%): 68.05 err/s: 0.00 reconn/s: 0.00
[ 570s ] thds: 400 tps: 8096.11 qps: 162270.61 (r/w/o: 113583.48/32492.72/16194.41) lat (ms,95%): 92.42 err/s: 0.10 reconn/s: 0.00
[ 580s ] thds: 400 tps: 7721.49 qps: 154254.25 (r/w/o: 108022.19/30789.07/15442.98) lat (ms,95%): 90.78 err/s: 0.00 reconn/s: 0.00
[ 590s ] thds: 400 tps: 7623.11 qps: 152670.68 (r/w/o: 106821.33/30603.14/15246.22) lat (ms,95%): 87.56 err/s: 0.00 reconn/s: 0.00
[ 600s ] thds: 400 tps: 7701.18 qps: 153917.68 (r/w/o: 107761.60/30756.02/15400.06) lat (ms,95%): 90.78 err/s: 0.00 reconn/s: 0.00
[ 610s ] thds: 400 tps: 8431.32 qps: 168480.37 (r/w/o: 117954.06/33664.57/16861.74) lat (ms,95%): 81.48 err/s: 0.00 reconn/s: 0.00
[ 620s ] thds: 400 tps: 9366.55 qps: 187013.40 (r/w/o: 130847.77/37429.22/18736.41) lat (ms,95%): 59.99 err/s: 0.00 reconn/s: 0.00
[ 630s ] thds: 400 tps: 9420.52 qps: 188596.48 (r/w/o: 132046.47/37708.78/18841.24) lat (ms,95%): 58.92 err/s: 0.00 reconn/s: 0.00
[ 640s ] thds: 400 tps: 8979.12 qps: 179541.19 (r/w/o: 125686.67/35895.88/17958.64) lat (ms,95%): 71.83 err/s: 0.10 reconn/s: 0.00
[ 650s ] thds: 400 tps: 9356.41 qps: 187464.16 (r/w/o: 131240.61/37510.73/18712.82) lat (ms,95%): 59.99 err/s: 0.00 reconn/s: 0.00
[ 660s ] thds: 400 tps: 9431.36 qps: 188644.16 (r/w/o: 132058.11/37723.23/18862.82) lat (ms,95%): 57.87 err/s: 0.00 reconn/s: 0.00
[ 670s ] thds: 400 tps: 9204.01 qps: 183870.47 (r/w/o: 128716.82/36746.83/18406.82) lat (ms,95%): 63.32 err/s: 0.10 reconn/s: 0.00
[ 680s ] thds: 400 tps: 8324.00 qps: 166653.14 (r/w/o: 116654.43/33349.11/16649.60) lat (ms,95%): 89.16 err/s: 0.00 reconn/s: 0.00
[ 690s ] thds: 400 tps: 7834.31 qps: 156507.09 (r/w/o: 109543.74/31295.44/15667.92) lat (ms,95%): 90.78 err/s: 0.00 reconn/s: 0.00
[ 700s ] thds: 400 tps: 7595.17 qps: 151751.29 (r/w/o: 106197.97/30362.08/15191.24) lat (ms,95%): 92.42 err/s: 0.00 reconn/s: 0.00
[ 710s ] thds: 400 tps: 7628.69 qps: 152698.88 (r/w/o: 106916.71/30526.68/15255.49) lat (ms,95%): 90.78 err/s: 0.00 reconn/s: 0.00
[ 720s ] thds: 400 tps: 8099.83 qps: 162092.92 (r/w/o: 113442.67/32448.60/16201.65) lat (ms,95%): 86.00 err/s: 0.00 reconn/s: 0.00
[ 730s ] thds: 400 tps: 9275.09 qps: 185407.58 (r/w/o: 129826.65/37030.86/18550.08) lat (ms,95%): 57.87 err/s: 0.00 reconn/s: 0.00
[ 740s ] thds: 400 tps: 9256.42 qps: 185084.68 (r/w/o: 129534.24/37037.20/18513.25) lat (ms,95%): 63.32 err/s: 0.10 reconn/s: 0.00
[ 750s ] thds: 400 tps: 9038.86 qps: 180806.96 (r/w/o: 126551.88/36177.85/18077.23) lat (ms,95%): 70.55 err/s: 0.00 reconn/s: 0.00
[ 760s ] thds: 400 tps: 9432.41 qps: 188769.82 (r/w/o: 132145.38/37758.92/18865.51) lat (ms,95%): 58.92 err/s: 0.00 reconn/s: 0.00
[ 770s ] thds: 400 tps: 9134.41 qps: 182802.65 (r/w/o: 127992.68/36541.15/18268.83) lat (ms,95%): 68.05 err/s: 0.00 reconn/s: 0.00
[ 780s ] thds: 400 tps: 8934.32 qps: 178654.37 (r/w/o: 125052.56/35733.17/17868.64) lat (ms,95%): 80.03 err/s: 0.00 reconn/s: 0.00
[ 790s ] thds: 400 tps: 7869.78 qps: 157288.08 (r/w/o: 110113.38/31435.14/15739.57) lat (ms,95%): 92.42 err/s: 0.00 reconn/s: 0.00
[ 800s ] thds: 400 tps: 7745.63 qps: 155002.36 (r/w/o: 108457.86/31053.23/15491.27) lat (ms,95%): 97.55 err/s: 0.00 reconn/s: 0.00
[ 810s ] thds: 400 tps: 7721.05 qps: 154103.73 (r/w/o: 107843.22/30824.31/15436.20) lat (ms,95%): 99.33 err/s: 0.00 reconn/s: 0.00
[ 820s ] thds: 400 tps: 7810.62 qps: 156537.96 (r/w/o: 109632.62/31278.19/15627.15) lat (ms,95%): 97.55 err/s: 0.10 reconn/s: 0.00
[ 830s ] thds: 400 tps: 7657.27 qps: 153075.70 (r/w/o: 107169.65/30591.30/15314.75) lat (ms,95%): 104.84 err/s: 0.00 reconn/s: 0.00
[ 840s ] thds: 400 tps: 7368.92 qps: 147389.67 (r/w/o: 103177.23/29474.59/14737.85) lat (ms,95%): 104.84 err/s: 0.00 reconn/s: 0.00
SQL statistics:
    queries performed:
        read:                            100344860
        write:                           28669865
        other:                           14335023
        total:                           143349748
    transactions:                        7167464 (8523.22 per sec.)
    queries:                             143349748 (170464.93 per sec.)
    ignored errors:                      26     (0.03 per sec.)
    reconnects:                          0      (0.00 per sec.)

General statistics:
    total time:                          840.9330s
    total number of events:              7167464

Latency (ms):
         min:                                   20.00
         avg:                                   46.88
         max:                                 1080.24
         95th percentile:                       84.47
         sum:                            336039351.44

Threads fairness:
    events (avg/stddev):           17918.6600/419.22
    execution time (avg/stddev):   840.0984/0.18

