sysbench 1.0.20-ebf1c90 (using bundled LuaJIT 2.1.0-beta2)

Running the test with following options:
Number of threads: 400
Report intermediate results every 10 second(s)
Initializing random number generator from current time


Initializing worker threads...

Threads started!

[ 10s ] thds: 400 tps: 5564.54 qps: 111695.16 (r/w/o: 78257.84/22268.55/11168.77) lat (ms,95%): 211.60 err/s: 0.00 reconn/s: 0.00
[ 20s ] thds: 400 tps: 7709.03 qps: 154362.17 (r/w/o: 108068.57/30875.13/15418.47) lat (ms,95%): 167.44 err/s: 0.00 reconn/s: 0.00
[ 30s ] thds: 400 tps: 8337.39 qps: 166517.29 (r/w/o: 116523.75/33318.86/16674.68) lat (ms,95%): 101.13 err/s: 0.00 reconn/s: 0.00
[ 40s ] thds: 400 tps: 8762.20 qps: 175215.18 (r/w/o: 122641.18/35052.60/17521.40) lat (ms,95%): 70.55 err/s: 0.00 reconn/s: 0.00
[ 50s ] thds: 400 tps: 9090.79 qps: 182015.32 (r/w/o: 127422.38/36408.26/18184.68) lat (ms,95%): 61.08 err/s: 0.00 reconn/s: 0.00
[ 60s ] thds: 400 tps: 9180.01 qps: 183693.51 (r/w/o: 128620.28/36713.12/18360.11) lat (ms,95%): 64.47 err/s: 0.00 reconn/s: 0.00
[ 70s ] thds: 400 tps: 9286.60 qps: 185331.07 (r/w/o: 129657.75/37104.01/18569.31) lat (ms,95%): 58.92 err/s: 0.00 reconn/s: 0.00
[ 80s ] thds: 400 tps: 8927.90 qps: 178945.57 (r/w/o: 125312.58/35772.99/17860.00) lat (ms,95%): 77.19 err/s: 0.10 reconn/s: 0.00
[ 90s ] thds: 400 tps: 9382.29 qps: 187519.35 (r/w/o: 131267.29/37492.67/18759.38) lat (ms,95%): 57.87 err/s: 0.00 reconn/s: 0.00
[ 100s ] thds: 400 tps: 9530.89 qps: 190678.48 (r/w/o: 133514.01/38097.48/19066.99) lat (ms,95%): 55.82 err/s: 0.00 reconn/s: 0.00
[ 110s ] thds: 400 tps: 9538.23 qps: 190625.76 (r/w/o: 133390.39/38158.91/19076.46) lat (ms,95%): 57.87 err/s: 0.00 reconn/s: 0.00
[ 120s ] thds: 400 tps: 7189.15 qps: 143790.38 (r/w/o: 100662.19/28751.20/14377.00) lat (ms,95%): 112.67 err/s: 0.00 reconn/s: 0.00
[ 130s ] thds: 400 tps: 6308.11 qps: 126254.65 (r/w/o: 88377.91/25259.23/12617.52) lat (ms,95%): 130.13 err/s: 0.00 reconn/s: 0.00
[ 140s ] thds: 400 tps: 6898.70 qps: 137672.65 (r/w/o: 96314.93/27561.11/13796.60) lat (ms,95%): 114.72 err/s: 0.00 reconn/s: 0.00
[ 150s ] thds: 400 tps: 9046.71 qps: 181363.60 (r/w/o: 127020.97/36248.42/18094.21) lat (ms,95%): 62.19 err/s: 0.00 reconn/s: 0.00
[ 160s ] thds: 400 tps: 9339.16 qps: 186647.04 (r/w/o: 130630.87/37337.85/18678.32) lat (ms,95%): 63.32 err/s: 0.00 reconn/s: 0.00
[ 170s ] thds: 400 tps: 9338.25 qps: 186892.72 (r/w/o: 130816.21/37399.90/18676.60) lat (ms,95%): 63.32 err/s: 0.00 reconn/s: 0.00
[ 180s ] thds: 400 tps: 9490.06 qps: 189770.23 (r/w/o: 132878.16/37912.25/18979.82) lat (ms,95%): 56.84 err/s: 0.00 reconn/s: 0.00
[ 190s ] thds: 400 tps: 9306.73 qps: 186094.80 (r/w/o: 130280.75/37200.20/18613.85) lat (ms,95%): 66.84 err/s: 0.00 reconn/s: 0.00
[ 200s ] thds: 400 tps: 9402.51 qps: 188024.51 (r/w/o: 131627.45/37592.04/18805.02) lat (ms,95%): 58.92 err/s: 0.00 reconn/s: 0.00
[ 210s ] thds: 400 tps: 9502.55 qps: 189942.56 (r/w/o: 132934.04/38003.21/19005.31) lat (ms,95%): 56.84 err/s: 0.10 reconn/s: 0.00
[ 220s ] thds: 400 tps: 9342.33 qps: 186791.55 (r/w/o: 130724.49/37382.91/18684.16) lat (ms,95%): 61.08 err/s: 0.10 reconn/s: 0.00
[ 230s ] thds: 400 tps: 7817.64 qps: 156747.85 (r/w/o: 109704.73/31406.85/15636.28) lat (ms,95%): 95.81 err/s: 0.10 reconn/s: 0.00
[ 240s ] thds: 400 tps: 7609.00 qps: 151983.83 (r/w/o: 106420.02/30346.21/15217.60) lat (ms,95%): 94.10 err/s: 0.00 reconn/s: 0.00
[ 250s ] thds: 400 tps: 7005.78 qps: 139967.56 (r/w/o: 97977.16/27983.23/14007.17) lat (ms,95%): 104.84 err/s: 0.10 reconn/s: 0.00
[ 260s ] thds: 400 tps: 7972.82 qps: 159468.96 (r/w/o: 111599.92/31920.49/15948.55) lat (ms,95%): 92.42 err/s: 0.00 reconn/s: 0.00
[ 270s ] thds: 400 tps: 9240.18 qps: 184683.19 (r/w/o: 129272.68/36928.14/18482.37) lat (ms,95%): 62.19 err/s: 0.00 reconn/s: 0.00
[ 280s ] thds: 400 tps: 9358.90 qps: 187337.64 (r/w/o: 131185.06/37434.49/18718.09) lat (ms,95%): 62.19 err/s: 0.00 reconn/s: 0.00
[ 290s ] thds: 400 tps: 9471.67 qps: 189345.07 (r/w/o: 132515.96/37885.37/18943.74) lat (ms,95%): 61.08 err/s: 0.00 reconn/s: 0.00
[ 300s ] thds: 400 tps: 9210.50 qps: 184074.77 (r/w/o: 128819.88/36833.99/18420.90) lat (ms,95%): 68.05 err/s: 0.00 reconn/s: 0.00
[ 310s ] thds: 400 tps: 9324.51 qps: 186835.87 (r/w/o: 130841.52/37344.83/18649.52) lat (ms,95%): 58.92 err/s: 0.10 reconn/s: 0.00
[ 320s ] thds: 400 tps: 9514.82 qps: 190243.34 (r/w/o: 133163.41/38052.79/19027.14) lat (ms,95%): 56.84 err/s: 0.00 reconn/s: 0.00
[ 330s ] thds: 400 tps: 9484.15 qps: 189441.81 (r/w/o: 132575.54/37895.68/18970.59) lat (ms,95%): 59.99 err/s: 0.00 reconn/s: 0.00
[ 340s ] thds: 400 tps: 8014.84 qps: 160555.63 (r/w/o: 112427.11/32098.55/16029.97) lat (ms,95%): 95.81 err/s: 0.00 reconn/s: 0.00
[ 350s ] thds: 400 tps: 7576.29 qps: 151455.31 (r/w/o: 106022.00/30281.14/15152.17) lat (ms,95%): 97.55 err/s: 0.00 reconn/s: 0.00
[ 360s ] thds: 400 tps: 7977.81 qps: 159618.01 (r/w/o: 111753.65/31908.44/15955.92) lat (ms,95%): 90.78 err/s: 0.00 reconn/s: 0.00
[ 370s ] thds: 400 tps: 7037.72 qps: 140752.45 (r/w/o: 98497.32/28180.09/14075.05) lat (ms,95%): 106.75 err/s: 0.00 reconn/s: 0.00
[ 380s ] thds: 400 tps: 8540.20 qps: 170787.19 (r/w/o: 119591.09/34115.00/17081.10) lat (ms,95%): 78.60 err/s: 0.00 reconn/s: 0.00
[ 390s ] thds: 400 tps: 8537.47 qps: 170710.89 (r/w/o: 119433.77/34210.18/17066.94) lat (ms,95%): 84.47 err/s: 0.00 reconn/s: 0.00
[ 400s ] thds: 400 tps: 8414.04 qps: 168332.18 (r/w/o: 117854.55/33643.16/16834.48) lat (ms,95%): 89.16 err/s: 0.00 reconn/s: 0.00
[ 410s ] thds: 400 tps: 8045.09 qps: 160898.39 (r/w/o: 112607.85/32200.76/16089.78) lat (ms,95%): 95.81 err/s: 0.10 reconn/s: 0.00
[ 420s ] thds: 400 tps: 7635.87 qps: 152828.76 (r/w/o: 106992.12/30562.69/15273.95) lat (ms,95%): 104.84 err/s: 0.10 reconn/s: 0.00
[ 430s ] thds: 400 tps: 8760.50 qps: 175117.65 (r/w/o: 122595.64/35001.01/17521.01) lat (ms,95%): 81.48 err/s: 0.00 reconn/s: 0.00
[ 440s ] thds: 400 tps: 9482.10 qps: 189483.91 (r/w/o: 132604.64/37914.38/18964.89) lat (ms,95%): 55.82 err/s: 0.00 reconn/s: 0.00
[ 450s ] thds: 400 tps: 9223.28 qps: 184460.14 (r/w/o: 129143.55/36872.83/18443.76) lat (ms,95%): 66.84 err/s: 0.00 reconn/s: 0.00
[ 460s ] thds: 400 tps: 8089.13 qps: 161781.91 (r/w/o: 113216.52/32393.92/16171.46) lat (ms,95%): 90.78 err/s: 0.00 reconn/s: 0.00
[ 470s ] thds: 400 tps: 7371.15 qps: 147477.79 (r/w/o: 103285.49/29440.70/14751.60) lat (ms,95%): 101.13 err/s: 0.00 reconn/s: 0.00
[ 480s ] thds: 400 tps: 7829.45 qps: 156837.32 (r/w/o: 109765.14/31412.88/15659.29) lat (ms,95%): 89.16 err/s: 0.00 reconn/s: 0.00
[ 490s ] thds: 400 tps: 7692.10 qps: 153342.98 (r/w/o: 107293.85/30667.82/15381.31) lat (ms,95%): 89.16 err/s: 0.00 reconn/s: 0.00
[ 500s ] thds: 400 tps: 8636.12 qps: 173191.94 (r/w/o: 121271.61/34646.69/17273.64) lat (ms,95%): 77.19 err/s: 0.10 reconn/s: 0.00
[ 510s ] thds: 400 tps: 9424.11 qps: 188438.02 (r/w/o: 131915.56/37673.24/18849.22) lat (ms,95%): 57.87 err/s: 0.00 reconn/s: 0.00
[ 520s ] thds: 400 tps: 9495.70 qps: 189673.82 (r/w/o: 132761.44/37919.68/18992.69) lat (ms,95%): 59.99 err/s: 0.00 reconn/s: 0.00
[ 530s ] thds: 400 tps: 8891.37 qps: 178016.55 (r/w/o: 124665.15/35568.77/17782.64) lat (ms,95%): 78.60 err/s: 0.00 reconn/s: 0.00
[ 540s ] thds: 400 tps: 9398.83 qps: 187858.84 (r/w/o: 131410.67/37662.01/18786.15) lat (ms,95%): 57.87 err/s: 0.10 reconn/s: 0.00
[ 550s ] thds: 400 tps: 9559.98 qps: 191287.19 (r/w/o: 133999.51/38155.62/19132.06) lat (ms,95%): 58.92 err/s: 0.10 reconn/s: 0.00
[ 560s ] thds: 400 tps: 9127.11 qps: 182517.54 (r/w/o: 127739.00/36524.23/18254.31) lat (ms,95%): 68.05 err/s: 0.00 reconn/s: 0.00
[ 570s ] thds: 400 tps: 8108.38 qps: 162270.30 (r/w/o: 113568.22/32485.02/16217.06) lat (ms,95%): 92.42 err/s: 0.10 reconn/s: 0.00
[ 580s ] thds: 400 tps: 7748.60 qps: 154667.25 (r/w/o: 108246.56/30923.79/15496.89) lat (ms,95%): 90.78 err/s: 0.00 reconn/s: 0.00
[ 590s ] thds: 400 tps: 7641.50 qps: 153077.05 (r/w/o: 107209.27/30584.29/15283.50) lat (ms,95%): 87.56 err/s: 0.00 reconn/s: 0.00
[ 600s ] thds: 400 tps: 7719.91 qps: 154223.17 (r/w/o: 107903.19/30885.55/15434.43) lat (ms,95%): 89.16 err/s: 0.00 reconn/s: 0.00
[ 610s ] thds: 400 tps: 8454.98 qps: 169378.23 (r/w/o: 118601.64/33861.23/16915.36) lat (ms,95%): 81.48 err/s: 0.00 reconn/s: 0.00
[ 620s ] thds: 400 tps: 9336.93 qps: 186444.16 (r/w/o: 130477.19/37292.81/18674.16) lat (ms,95%): 59.99 err/s: 0.10 reconn/s: 0.00
[ 630s ] thds: 400 tps: 9407.36 qps: 188155.13 (r/w/o: 131703.96/37636.45/18814.72) lat (ms,95%): 58.92 err/s: 0.00 reconn/s: 0.00
[ 640s ] thds: 400 tps: 8972.60 qps: 179436.06 (r/w/o: 125602.74/35888.91/17944.41) lat (ms,95%): 71.83 err/s: 0.10 reconn/s: 0.00
[ 650s ] thds: 400 tps: 9412.02 qps: 188494.65 (r/w/o: 131985.22/37684.29/18825.15) lat (ms,95%): 59.99 err/s: 0.00 reconn/s: 0.00
[ 660s ] thds: 400 tps: 9428.37 qps: 188493.74 (r/w/o: 131929.31/37707.49/18856.94) lat (ms,95%): 57.87 err/s: 0.00 reconn/s: 0.00
[ 670s ] thds: 400 tps: 9248.82 qps: 184938.60 (r/w/o: 129461.51/36979.26/18497.83) lat (ms,95%): 63.32 err/s: 0.10 reconn/s: 0.00
[ 680s ] thds: 400 tps: 8335.60 qps: 166831.30 (r/w/o: 116798.90/33361.80/16670.60) lat (ms,95%): 90.78 err/s: 0.00 reconn/s: 0.00
[ 690s ] thds: 400 tps: 7869.53 qps: 157204.70 (r/w/o: 110025.52/31439.22/15739.96) lat (ms,95%): 89.16 err/s: 0.00 reconn/s: 0.00
[ 700s ] thds: 400 tps: 7557.75 qps: 151382.67 (r/w/o: 105957.35/30309.81/15115.51) lat (ms,95%): 94.10 err/s: 0.00 reconn/s: 0.00
[ 710s ] thds: 400 tps: 7620.04 qps: 152143.98 (r/w/o: 106511.44/30392.16/15240.38) lat (ms,95%): 92.42 err/s: 0.10 reconn/s: 0.00
[ 720s ] thds: 400 tps: 8126.21 qps: 162299.64 (r/w/o: 113545.00/32502.73/16251.91) lat (ms,95%): 86.00 err/s: 0.00 reconn/s: 0.00
[ 730s ] thds: 400 tps: 9214.60 qps: 184642.91 (r/w/o: 129326.61/36886.30/18430.00) lat (ms,95%): 57.87 err/s: 0.10 reconn/s: 0.00
[ 740s ] thds: 400 tps: 9275.31 qps: 185466.56 (r/w/o: 129815.68/37100.05/18550.83) lat (ms,95%): 64.47 err/s: 0.10 reconn/s: 0.00
[ 750s ] thds: 400 tps: 9059.51 qps: 181157.60 (r/w/o: 126801.64/36236.94/18119.02) lat (ms,95%): 70.55 err/s: 0.00 reconn/s: 0.00
[ 760s ] thds: 400 tps: 9352.88 qps: 187064.03 (r/w/o: 130929.67/37429.71/18704.65) lat (ms,95%): 58.92 err/s: 0.10 reconn/s: 0.00
[ 770s ] thds: 400 tps: 9142.19 qps: 183051.34 (r/w/o: 128157.89/36607.67/18285.78) lat (ms,95%): 66.84 err/s: 0.00 reconn/s: 0.00
[ 780s ] thds: 400 tps: 8963.39 qps: 179205.98 (r/w/o: 125423.55/35855.36/17927.08) lat (ms,95%): 80.03 err/s: 0.10 reconn/s: 0.00
[ 790s ] thds: 400 tps: 7860.63 qps: 157143.58 (r/w/o: 110045.10/31377.22/15721.26) lat (ms,95%): 92.42 err/s: 0.00 reconn/s: 0.00
[ 800s ] thds: 400 tps: 7751.08 qps: 155022.03 (r/w/o: 108485.14/31034.73/15502.16) lat (ms,95%): 95.81 err/s: 0.00 reconn/s: 0.00
[ 810s ] thds: 400 tps: 7672.31 qps: 153294.28 (r/w/o: 107253.90/30700.76/15339.63) lat (ms,95%): 101.13 err/s: 0.00 reconn/s: 0.00
[ 820s ] thds: 400 tps: 7805.70 qps: 156303.20 (r/w/o: 109478.30/31208.20/15616.70) lat (ms,95%): 97.55 err/s: 0.10 reconn/s: 0.00
[ 830s ] thds: 400 tps: 7662.09 qps: 153213.05 (r/w/o: 107245.32/30645.45/15322.27) lat (ms,95%): 104.84 err/s: 0.10 reconn/s: 0.00
[ 840s ] thds: 400 tps: 7306.64 qps: 146109.90 (r/w/o: 102234.76/29262.66/14612.48) lat (ms,95%): 104.84 err/s: 0.10 reconn/s: 0.00
SQL statistics:
    queries performed:
        read:                            100427978
        write:                           28693615
        other:                           14346901
        total:                           143468494
    transactions:                        7173404 (8526.32 per sec.)
    queries:                             143468494 (170526.87 per sec.)
    ignored errors:                      23     (0.03 per sec.)
    reconnects:                          0      (0.00 per sec.)

General statistics:
    total time:                          841.3239s
    total number of events:              7173404

Latency (ms):
         min:                                   19.88
         avg:                                   46.85
         max:                                 1326.12
         95th percentile:                       84.47
         sum:                            336108847.94

Threads fairness:
    events (avg/stddev):           17933.5100/436.74
    execution time (avg/stddev):   840.2721/0.30

