sysbench 1.0.20-ebf1c90 (using bundled LuaJIT 2.1.0-beta2)

Running the test with following options:
Number of threads: 400
Report intermediate results every 10 second(s)
Initializing random number generator from current time


Initializing worker threads...

Threads started!

[ 10s ] thds: 400 tps: 5559.75 qps: 111555.37 (r/w/o: 78148.16/22248.11/11159.10) lat (ms,95%): 211.60 err/s: 0.00 reconn/s: 0.00
[ 20s ] thds: 400 tps: 7701.46 qps: 154243.73 (r/w/o: 107995.06/30845.45/15403.22) lat (ms,95%): 167.44 err/s: 0.00 reconn/s: 0.00
[ 30s ] thds: 400 tps: 8297.42 qps: 165660.84 (r/w/o: 115912.01/33153.79/16595.04) lat (ms,95%): 106.75 err/s: 0.00 reconn/s: 0.00
[ 40s ] thds: 400 tps: 8728.82 qps: 174649.80 (r/w/o: 122257.01/34937.66/17455.13) lat (ms,95%): 70.55 err/s: 0.00 reconn/s: 0.00
[ 50s ] thds: 400 tps: 9085.31 qps: 181835.52 (r/w/o: 127295.19/36367.22/18173.11) lat (ms,95%): 62.19 err/s: 0.00 reconn/s: 0.00
[ 60s ] thds: 400 tps: 9170.21 qps: 183481.19 (r/w/o: 128479.71/36660.96/18340.53) lat (ms,95%): 64.47 err/s: 0.00 reconn/s: 0.00
[ 70s ] thds: 400 tps: 9311.71 qps: 186092.92 (r/w/o: 130203.98/37271.92/18617.01) lat (ms,95%): 58.92 err/s: 0.10 reconn/s: 0.00
[ 80s ] thds: 400 tps: 8918.90 qps: 178511.78 (r/w/o: 124994.69/35672.20/17844.90) lat (ms,95%): 78.60 err/s: 0.00 reconn/s: 0.00
[ 90s ] thds: 400 tps: 9390.89 qps: 187793.56 (r/w/o: 131460.40/37551.37/18781.79) lat (ms,95%): 57.87 err/s: 0.00 reconn/s: 0.00
[ 100s ] thds: 400 tps: 9537.74 qps: 190735.57 (r/w/o: 133551.44/38108.55/19075.58) lat (ms,95%): 55.82 err/s: 0.00 reconn/s: 0.00
[ 110s ] thds: 400 tps: 9546.00 qps: 190735.48 (r/w/o: 133448.16/38195.42/19091.91) lat (ms,95%): 57.87 err/s: 0.00 reconn/s: 0.00
[ 120s ] thds: 400 tps: 7161.43 qps: 143295.92 (r/w/o: 100335.16/28638.70/14322.05) lat (ms,95%): 112.67 err/s: 0.00 reconn/s: 0.00
[ 130s ] thds: 400 tps: 6309.36 qps: 126229.88 (r/w/o: 88351.50/25258.46/12619.93) lat (ms,95%): 130.13 err/s: 0.00 reconn/s: 0.00
[ 140s ] thds: 400 tps: 6874.94 qps: 137365.61 (r/w/o: 96114.50/27509.84/13741.27) lat (ms,95%): 114.72 err/s: 0.00 reconn/s: 0.00
[ 150s ] thds: 400 tps: 9095.34 qps: 182197.57 (r/w/o: 127605.34/36392.65/18199.58) lat (ms,95%): 62.19 err/s: 0.10 reconn/s: 0.00
[ 160s ] thds: 400 tps: 9301.99 qps: 185852.11 (r/w/o: 130052.97/37197.06/18602.08) lat (ms,95%): 64.47 err/s: 0.00 reconn/s: 0.00
[ 170s ] thds: 400 tps: 9364.79 qps: 187463.30 (r/w/o: 131242.66/37489.06/18731.58) lat (ms,95%): 62.19 err/s: 0.00 reconn/s: 0.00
[ 180s ] thds: 400 tps: 9437.92 qps: 188722.96 (r/w/o: 132144.05/37703.07/18875.84) lat (ms,95%): 56.84 err/s: 0.10 reconn/s: 0.00
[ 190s ] thds: 400 tps: 9302.18 qps: 186014.96 (r/w/o: 130214.59/37195.71/18604.66) lat (ms,95%): 65.65 err/s: 0.00 reconn/s: 0.00
[ 200s ] thds: 400 tps: 9336.24 qps: 186707.04 (r/w/o: 130700.12/37334.35/18672.57) lat (ms,95%): 58.92 err/s: 0.00 reconn/s: 0.00
[ 210s ] thds: 400 tps: 9466.79 qps: 189195.57 (r/w/o: 132397.01/37865.07/18933.49) lat (ms,95%): 56.84 err/s: 0.00 reconn/s: 0.00
[ 220s ] thds: 400 tps: 9353.29 qps: 187000.52 (r/w/o: 130873.30/37420.64/18706.57) lat (ms,95%): 59.99 err/s: 0.00 reconn/s: 0.00
[ 230s ] thds: 400 tps: 7796.85 qps: 156382.90 (r/w/o: 109470.53/31318.18/15594.19) lat (ms,95%): 97.55 err/s: 0.00 reconn/s: 0.00
[ 240s ] thds: 400 tps: 7602.65 qps: 151827.84 (r/w/o: 106315.86/30307.19/15204.79) lat (ms,95%): 94.10 err/s: 0.00 reconn/s: 0.00
[ 250s ] thds: 400 tps: 6985.18 qps: 139659.10 (r/w/o: 97747.12/27941.12/13970.86) lat (ms,95%): 104.84 err/s: 0.00 reconn/s: 0.00
[ 260s ] thds: 400 tps: 7954.52 qps: 159247.25 (r/w/o: 111471.34/31867.17/15908.73) lat (ms,95%): 92.42 err/s: 0.00 reconn/s: 0.00
[ 270s ] thds: 400 tps: 9241.77 qps: 184487.89 (r/w/o: 129105.78/36900.48/18481.64) lat (ms,95%): 62.19 err/s: 0.00 reconn/s: 0.00
[ 280s ] thds: 400 tps: 9308.67 qps: 186281.85 (r/w/o: 130442.04/37220.67/18619.13) lat (ms,95%): 63.32 err/s: 0.00 reconn/s: 0.00
[ 290s ] thds: 400 tps: 9460.68 qps: 189119.03 (r/w/o: 132354.04/37845.13/18919.86) lat (ms,95%): 61.08 err/s: 0.00 reconn/s: 0.00
[ 300s ] thds: 400 tps: 9259.71 qps: 185104.83 (r/w/o: 129541.19/37048.13/18515.51) lat (ms,95%): 68.05 err/s: 0.00 reconn/s: 0.00
[ 310s ] thds: 400 tps: 9317.60 qps: 186693.55 (r/w/o: 130766.24/37286.61/18640.71) lat (ms,95%): 59.99 err/s: 0.00 reconn/s: 0.00
[ 320s ] thds: 400 tps: 9471.67 qps: 189443.48 (r/w/o: 132608.37/37891.28/18943.84) lat (ms,95%): 56.84 err/s: 0.00 reconn/s: 0.00
[ 330s ] thds: 400 tps: 9459.68 qps: 188977.34 (r/w/o: 132229.98/37832.01/18915.35) lat (ms,95%): 61.08 err/s: 0.10 reconn/s: 0.00
[ 340s ] thds: 400 tps: 7979.93 qps: 159774.14 (r/w/o: 111881.55/31928.03/15964.56) lat (ms,95%): 95.81 err/s: 0.20 reconn/s: 0.00
[ 350s ] thds: 400 tps: 7567.76 qps: 151285.17 (r/w/o: 105906.19/30243.55/15135.43) lat (ms,95%): 97.55 err/s: 0.00 reconn/s: 0.00
[ 360s ] thds: 400 tps: 7940.80 qps: 158897.01 (r/w/o: 111247.94/31767.18/15881.89) lat (ms,95%): 90.78 err/s: 0.00 reconn/s: 0.00
[ 370s ] thds: 400 tps: 7050.02 qps: 140966.81 (r/w/o: 98651.29/28216.28/14099.24) lat (ms,95%): 104.84 err/s: 0.00 reconn/s: 0.00
[ 380s ] thds: 400 tps: 8515.94 qps: 170316.83 (r/w/o: 119250.91/34033.15/17032.77) lat (ms,95%): 80.03 err/s: 0.00 reconn/s: 0.00
[ 390s ] thds: 400 tps: 8531.70 qps: 170786.70 (r/w/o: 119506.23/34216.68/17063.79) lat (ms,95%): 84.47 err/s: 0.20 reconn/s: 0.00
[ 400s ] thds: 400 tps: 8402.26 qps: 167913.17 (r/w/o: 117554.79/33556.56/16801.83) lat (ms,95%): 89.16 err/s: 0.00 reconn/s: 0.00
[ 410s ] thds: 400 tps: 8034.52 qps: 160694.56 (r/w/o: 112459.05/32168.07/16067.44) lat (ms,95%): 95.81 err/s: 0.10 reconn/s: 0.00
[ 420s ] thds: 400 tps: 7603.13 qps: 152176.25 (r/w/o: 106539.88/30425.21/15211.15) lat (ms,95%): 104.84 err/s: 0.00 reconn/s: 0.00
[ 430s ] thds: 400 tps: 8756.80 qps: 175134.09 (r/w/o: 122616.29/35004.00/17513.80) lat (ms,95%): 81.48 err/s: 0.00 reconn/s: 0.00
[ 440s ] thds: 400 tps: 9398.40 qps: 187688.91 (r/w/o: 131326.84/37565.18/18796.89) lat (ms,95%): 56.84 err/s: 0.10 reconn/s: 0.00
[ 450s ] thds: 400 tps: 9266.96 qps: 185392.57 (r/w/o: 129797.62/37062.33/18532.62) lat (ms,95%): 66.84 err/s: 0.00 reconn/s: 0.00
[ 460s ] thds: 400 tps: 8107.33 qps: 162213.77 (r/w/o: 113532.60/32474.62/16206.56) lat (ms,95%): 90.78 err/s: 0.00 reconn/s: 0.00
[ 470s ] thds: 400 tps: 7368.78 qps: 147347.52 (r/w/o: 103186.13/29414.12/14747.26) lat (ms,95%): 99.33 err/s: 0.00 reconn/s: 0.00
[ 480s ] thds: 400 tps: 7816.12 qps: 156539.00 (r/w/o: 109571.98/31334.48/15632.54) lat (ms,95%): 89.16 err/s: 0.10 reconn/s: 0.00
[ 490s ] thds: 400 tps: 7703.92 qps: 153648.11 (r/w/o: 107485.99/30761.48/15400.64) lat (ms,95%): 89.16 err/s: 0.00 reconn/s: 0.00
[ 500s ] thds: 400 tps: 8595.26 qps: 172347.22 (r/w/o: 120697.36/34451.94/17197.92) lat (ms,95%): 77.19 err/s: 0.00 reconn/s: 0.00
[ 510s ] thds: 400 tps: 9432.93 qps: 188621.44 (r/w/o: 132040.15/37715.43/18865.86) lat (ms,95%): 57.87 err/s: 0.00 reconn/s: 0.00
[ 520s ] thds: 400 tps: 9475.15 qps: 189241.88 (r/w/o: 132455.29/37842.90/18943.70) lat (ms,95%): 59.99 err/s: 0.10 reconn/s: 0.00
[ 530s ] thds: 400 tps: 8878.00 qps: 177763.18 (r/w/o: 124495.58/35504.80/17762.80) lat (ms,95%): 78.60 err/s: 0.00 reconn/s: 0.00
[ 540s ] thds: 400 tps: 9425.02 qps: 188695.85 (r/w/o: 132007.95/37837.67/18850.24) lat (ms,95%): 57.87 err/s: 0.10 reconn/s: 0.00
[ 550s ] thds: 400 tps: 9546.69 qps: 190678.79 (r/w/o: 133549.02/38036.18/19093.59) lat (ms,95%): 58.92 err/s: 0.00 reconn/s: 0.00
[ 560s ] thds: 400 tps: 9125.96 qps: 182481.20 (r/w/o: 127710.94/36518.84/18251.42) lat (ms,95%): 66.84 err/s: 0.00 reconn/s: 0.00
[ 570s ] thds: 400 tps: 8059.80 qps: 161317.86 (r/w/o: 112914.98/32282.79/16120.10) lat (ms,95%): 92.42 err/s: 0.00 reconn/s: 0.00
[ 580s ] thds: 400 tps: 7780.31 qps: 155291.33 (r/w/o: 108667.99/31063.83/15559.51) lat (ms,95%): 90.78 err/s: 0.00 reconn/s: 0.00
[ 590s ] thds: 400 tps: 7606.02 qps: 152384.43 (r/w/o: 106733.93/30436.87/15213.63) lat (ms,95%): 87.56 err/s: 0.20 reconn/s: 0.00
[ 600s ] thds: 400 tps: 7678.07 qps: 153600.09 (r/w/o: 107475.34/30768.50/15356.25) lat (ms,95%): 90.78 err/s: 0.10 reconn/s: 0.00
[ 610s ] thds: 400 tps: 8463.04 qps: 169316.58 (r/w/o: 118546.14/33844.26/16926.18) lat (ms,95%): 81.48 err/s: 0.00 reconn/s: 0.00
[ 620s ] thds: 400 tps: 9371.94 qps: 187091.94 (r/w/o: 130918.52/37429.65/18743.77) lat (ms,95%): 58.92 err/s: 0.00 reconn/s: 0.00
[ 630s ] thds: 400 tps: 9390.74 qps: 187913.98 (r/w/o: 131549.32/37589.88/18774.79) lat (ms,95%): 59.99 err/s: 0.00 reconn/s: 0.00
[ 640s ] thds: 400 tps: 8938.13 qps: 178729.97 (r/w/o: 125104.10/35743.41/17882.46) lat (ms,95%): 71.83 err/s: 0.00 reconn/s: 0.00
[ 650s ] thds: 400 tps: 9368.82 qps: 187598.99 (r/w/o: 131372.68/37488.48/18737.84) lat (ms,95%): 59.99 err/s: 0.00 reconn/s: 0.00
[ 660s ] thds: 400 tps: 9482.28 qps: 189598.45 (r/w/o: 132697.79/37937.61/18963.06) lat (ms,95%): 57.87 err/s: 0.00 reconn/s: 0.00
[ 670s ] thds: 400 tps: 9194.28 qps: 183791.26 (r/w/o: 128645.96/36755.93/18389.37) lat (ms,95%): 63.32 err/s: 0.00 reconn/s: 0.00
[ 680s ] thds: 400 tps: 8314.13 qps: 166454.39 (r/w/o: 116557.59/33267.34/16629.47) lat (ms,95%): 90.78 err/s: 0.00 reconn/s: 0.00
[ 690s ] thds: 400 tps: 7874.20 qps: 157245.92 (r/w/o: 110026.91/31470.60/15748.40) lat (ms,95%): 89.16 err/s: 0.00 reconn/s: 0.00
[ 700s ] thds: 400 tps: 7543.49 qps: 151139.05 (r/w/o: 105811.72/30240.25/15087.07) lat (ms,95%): 94.10 err/s: 0.00 reconn/s: 0.00
[ 710s ] thds: 400 tps: 7666.11 qps: 153004.53 (r/w/o: 107079.46/30592.95/15332.12) lat (ms,95%): 90.78 err/s: 0.00 reconn/s: 0.00
[ 720s ] thds: 400 tps: 8099.66 qps: 161913.87 (r/w/o: 113291.62/32429.03/16193.22) lat (ms,95%): 86.00 err/s: 0.00 reconn/s: 0.00
[ 730s ] thds: 400 tps: 9219.95 qps: 184633.60 (r/w/o: 129318.80/36868.40/18446.40) lat (ms,95%): 57.87 err/s: 0.00 reconn/s: 0.00
[ 740s ] thds: 400 tps: 9266.11 qps: 185324.73 (r/w/o: 129723.09/37073.02/18528.61) lat (ms,95%): 64.47 err/s: 0.00 reconn/s: 0.00
[ 750s ] thds: 400 tps: 9050.89 qps: 180926.19 (r/w/o: 126621.72/36198.68/18105.79) lat (ms,95%): 70.55 err/s: 0.20 reconn/s: 0.00
[ 760s ] thds: 400 tps: 9408.88 qps: 188371.49 (r/w/o: 131885.51/37668.62/18817.36) lat (ms,95%): 58.92 err/s: 0.00 reconn/s: 0.00
[ 770s ] thds: 400 tps: 9106.37 qps: 182190.99 (r/w/o: 127546.97/36430.78/18213.24) lat (ms,95%): 68.05 err/s: 0.00 reconn/s: 0.00
[ 780s ] thds: 400 tps: 8906.15 qps: 177991.17 (r/w/o: 124564.98/35615.59/17810.60) lat (ms,95%): 80.03 err/s: 0.00 reconn/s: 0.00
[ 790s ] thds: 400 tps: 7875.80 qps: 157472.10 (r/w/o: 110265.20/31453.40/15753.50) lat (ms,95%): 92.42 err/s: 0.00 reconn/s: 0.00
[ 800s ] thds: 400 tps: 7735.66 qps: 154771.23 (r/w/o: 108308.79/30990.83/15471.61) lat (ms,95%): 97.55 err/s: 0.10 reconn/s: 0.00
[ 810s ] thds: 400 tps: 7637.24 qps: 152911.09 (r/w/o: 107011.72/30628.68/15270.69) lat (ms,95%): 101.13 err/s: 0.00 reconn/s: 0.00
[ 820s ] thds: 400 tps: 7823.89 qps: 156311.97 (r/w/o: 109461.51/31199.07/15651.39) lat (ms,95%): 97.55 err/s: 0.00 reconn/s: 0.00
[ 830s ] thds: 400 tps: 7666.72 qps: 153391.81 (r/w/o: 107379.02/30680.76/15332.03) lat (ms,95%): 102.97 err/s: 0.00 reconn/s: 0.00
[ 840s ] thds: 400 tps: 7288.06 qps: 145676.06 (r/w/o: 101923.28/29179.65/14573.13) lat (ms,95%): 104.84 err/s: 0.00 reconn/s: 0.00
SQL statistics:
    queries performed:
        read:                            100309132
        write:                           28659665
        other:                           14329925
        total:                           143298722
    transactions:                        7164919 (8514.04 per sec.)
    queries:                             143298722 (170281.19 per sec.)
    ignored errors:                      19     (0.02 per sec.)
    reconnects:                          0      (0.00 per sec.)

General statistics:
    total time:                          841.5407s
    total number of events:              7164919

Latency (ms):
         min:                                   19.72
         avg:                                   46.91
         max:                                 1539.67
         95th percentile:                       84.47
         sum:                            336107580.61

Threads fairness:
    events (avg/stddev):           17912.2975/391.09
    execution time (avg/stddev):   840.2690/0.30

