sysbench 1.0.20-ebf1c90 (using bundled LuaJIT 2.1.0-beta2)

Running the test with following options:
Number of threads: 400
Report intermediate results every 10 second(s)
Initializing random number generator from current time


Initializing worker threads...

Threads started!

[ 10s ] thds: 400 tps: 5534.49 qps: 111329.02 (r/w/o: 78013.39/22206.55/11109.08) lat (ms,95%): 211.60 err/s: 0.00 reconn/s: 0.00
[ 20s ] thds: 400 tps: 7718.90 qps: 154069.61 (r/w/o: 107786.10/30848.40/15435.10) lat (ms,95%): 167.44 err/s: 0.00 reconn/s: 0.00
[ 30s ] thds: 400 tps: 8287.51 qps: 165883.52 (r/w/o: 116191.98/33113.82/16577.71) lat (ms,95%): 108.68 err/s: 0.10 reconn/s: 0.00
[ 40s ] thds: 400 tps: 8732.09 qps: 174690.75 (r/w/o: 122276.42/34949.85/17464.47) lat (ms,95%): 70.55 err/s: 0.00 reconn/s: 0.00
[ 50s ] thds: 400 tps: 9107.51 qps: 181981.88 (r/w/o: 127354.69/36411.96/18215.23) lat (ms,95%): 61.08 err/s: 0.10 reconn/s: 0.00
[ 60s ] thds: 400 tps: 9205.48 qps: 184263.82 (r/w/o: 128984.93/36873.32/18405.56) lat (ms,95%): 64.47 err/s: 0.00 reconn/s: 0.00
[ 70s ] thds: 400 tps: 9281.21 qps: 185560.61 (r/w/o: 129899.98/37093.52/18567.11) lat (ms,95%): 58.92 err/s: 0.10 reconn/s: 0.00
[ 80s ] thds: 400 tps: 8971.80 qps: 179462.82 (r/w/o: 125607.21/35911.40/17944.20) lat (ms,95%): 75.82 err/s: 0.00 reconn/s: 0.00
[ 90s ] thds: 400 tps: 9448.21 qps: 189010.63 (r/w/o: 132303.16/37810.55/18896.92) lat (ms,95%): 56.84 err/s: 0.00 reconn/s: 0.00
[ 100s ] thds: 400 tps: 9473.06 qps: 189683.59 (r/w/o: 132785.60/37951.66/18946.33) lat (ms,95%): 55.82 err/s: 0.10 reconn/s: 0.00
[ 110s ] thds: 400 tps: 9543.42 qps: 190608.43 (r/w/o: 133438.73/38084.87/19084.83) lat (ms,95%): 57.87 err/s: 0.10 reconn/s: 0.00
[ 120s ] thds: 400 tps: 7178.50 qps: 143648.24 (r/w/o: 100534.76/28754.09/14359.39) lat (ms,95%): 112.67 err/s: 0.10 reconn/s: 0.00
[ 130s ] thds: 400 tps: 6338.75 qps: 126807.33 (r/w/o: 88807.52/25322.31/12677.50) lat (ms,95%): 130.13 err/s: 0.00 reconn/s: 0.00
[ 140s ] thds: 400 tps: 6890.11 qps: 137612.11 (r/w/o: 96313.28/27518.62/13780.21) lat (ms,95%): 114.72 err/s: 0.00 reconn/s: 0.00
[ 150s ] thds: 400 tps: 9039.49 qps: 180588.54 (r/w/o: 126340.61/36173.15/18074.77) lat (ms,95%): 62.19 err/s: 0.00 reconn/s: 0.00
[ 160s ] thds: 400 tps: 9300.57 qps: 186292.47 (r/w/o: 130470.96/37216.07/18605.44) lat (ms,95%): 64.47 err/s: 0.10 reconn/s: 0.00
[ 170s ] thds: 400 tps: 9366.44 qps: 187147.07 (r/w/o: 130968.61/37451.07/18727.39) lat (ms,95%): 62.19 err/s: 0.00 reconn/s: 0.00
[ 180s ] thds: 400 tps: 9500.48 qps: 190403.25 (r/w/o: 133319.46/38076.93/19006.87) lat (ms,95%): 56.84 err/s: 0.10 reconn/s: 0.00
[ 190s ] thds: 400 tps: 9330.35 qps: 186596.37 (r/w/o: 130612.65/37322.91/18660.81) lat (ms,95%): 65.65 err/s: 0.00 reconn/s: 0.00
[ 200s ] thds: 400 tps: 9409.17 qps: 188257.46 (r/w/o: 131761.95/37676.77/18818.74) lat (ms,95%): 58.92 err/s: 0.10 reconn/s: 0.00
[ 210s ] thds: 400 tps: 9484.38 qps: 189505.36 (r/w/o: 132700.39/37836.31/18968.66) lat (ms,95%): 56.84 err/s: 0.00 reconn/s: 0.00
[ 220s ] thds: 400 tps: 9388.18 qps: 187718.96 (r/w/o: 131413.46/37528.83/18776.67) lat (ms,95%): 59.99 err/s: 0.10 reconn/s: 0.00
[ 230s ] thds: 400 tps: 7870.71 qps: 157421.51 (r/w/o: 110148.88/31534.32/15738.31) lat (ms,95%): 95.81 err/s: 0.00 reconn/s: 0.00
[ 240s ] thds: 400 tps: 7631.54 qps: 152408.68 (r/w/o: 106654.55/30491.36/15262.78) lat (ms,95%): 94.10 err/s: 0.00 reconn/s: 0.00
[ 250s ] thds: 400 tps: 7019.39 qps: 140618.52 (r/w/o: 98515.78/28059.76/14042.98) lat (ms,95%): 104.84 err/s: 0.10 reconn/s: 0.00
[ 260s ] thds: 400 tps: 7978.89 qps: 159320.92 (r/w/o: 111449.40/31918.14/15953.37) lat (ms,95%): 92.42 err/s: 0.00 reconn/s: 0.00
[ 270s ] thds: 400 tps: 9244.19 qps: 184979.53 (r/w/o: 129515.91/36970.85/18492.77) lat (ms,95%): 62.19 err/s: 0.00 reconn/s: 0.00
[ 280s ] thds: 400 tps: 9333.97 qps: 186828.57 (r/w/o: 130797.96/37362.97/18667.64) lat (ms,95%): 62.19 err/s: 0.00 reconn/s: 0.00
[ 290s ] thds: 400 tps: 9509.63 qps: 190129.30 (r/w/o: 133102.19/38007.64/19019.47) lat (ms,95%): 59.99 err/s: 0.00 reconn/s: 0.00
[ 300s ] thds: 400 tps: 9231.09 qps: 184706.66 (r/w/o: 129284.10/36962.67/18459.89) lat (ms,95%): 68.05 err/s: 0.00 reconn/s: 0.00
[ 310s ] thds: 400 tps: 9307.71 qps: 186245.48 (r/w/o: 130339.72/37287.74/18618.02) lat (ms,95%): 58.92 err/s: 0.00 reconn/s: 0.00
[ 320s ] thds: 400 tps: 9493.28 qps: 189723.52 (r/w/o: 132801.13/37945.22/18977.16) lat (ms,95%): 56.84 err/s: 0.00 reconn/s: 0.00
[ 330s ] thds: 400 tps: 9427.89 qps: 188482.02 (r/w/o: 131972.80/37643.64/18865.57) lat (ms,95%): 61.08 err/s: 0.00 reconn/s: 0.00
[ 340s ] thds: 400 tps: 7952.82 qps: 159311.25 (r/w/o: 111513.95/31891.67/15905.64) lat (ms,95%): 95.81 err/s: 0.00 reconn/s: 0.00
[ 350s ] thds: 400 tps: 7580.62 qps: 151643.29 (r/w/o: 106135.57/30346.28/15161.44) lat (ms,95%): 95.81 err/s: 0.10 reconn/s: 0.00
[ 360s ] thds: 400 tps: 7984.22 qps: 159669.64 (r/w/o: 111766.34/31934.87/15968.43) lat (ms,95%): 89.16 err/s: 0.00 reconn/s: 0.00
[ 370s ] thds: 400 tps: 7116.96 qps: 142062.72 (r/w/o: 99424.86/28403.94/14233.92) lat (ms,95%): 104.84 err/s: 0.00 reconn/s: 0.00
[ 380s ] thds: 400 tps: 8500.83 qps: 170269.41 (r/w/o: 119230.16/34037.60/17001.65) lat (ms,95%): 80.03 err/s: 0.00 reconn/s: 0.00
[ 390s ] thds: 400 tps: 8544.96 qps: 170672.11 (r/w/o: 119464.94/34117.34/17089.82) lat (ms,95%): 84.47 err/s: 0.00 reconn/s: 0.00
[ 400s ] thds: 400 tps: 8462.51 qps: 169287.73 (r/w/o: 118491.86/33870.35/16925.52) lat (ms,95%): 89.16 err/s: 0.00 reconn/s: 0.00
[ 410s ] thds: 400 tps: 8033.03 qps: 160646.40 (r/w/o: 112413.45/32172.30/16060.65) lat (ms,95%): 94.10 err/s: 0.00 reconn/s: 0.00
[ 420s ] thds: 400 tps: 7641.24 qps: 152818.18 (r/w/o: 106991.05/30539.26/15287.88) lat (ms,95%): 104.84 err/s: 0.00 reconn/s: 0.00
[ 430s ] thds: 400 tps: 8770.58 qps: 175331.78 (r/w/o: 122707.51/35085.22/17539.06) lat (ms,95%): 81.48 err/s: 0.00 reconn/s: 0.00
[ 440s ] thds: 400 tps: 9378.89 qps: 187770.86 (r/w/o: 131516.10/37495.07/18759.69) lat (ms,95%): 55.82 err/s: 0.00 reconn/s: 0.00
[ 450s ] thds: 400 tps: 9238.67 qps: 184773.89 (r/w/o: 129302.74/36993.20/18477.95) lat (ms,95%): 66.84 err/s: 0.10 reconn/s: 0.00
[ 460s ] thds: 400 tps: 8141.82 qps: 162768.38 (r/w/o: 113975.47/32509.28/16283.64) lat (ms,95%): 90.78 err/s: 0.00 reconn/s: 0.00
[ 470s ] thds: 400 tps: 7409.21 qps: 148268.66 (r/w/o: 103742.51/29713.63/14812.52) lat (ms,95%): 99.33 err/s: 0.00 reconn/s: 0.00
[ 480s ] thds: 400 tps: 7865.80 qps: 157133.79 (r/w/o: 109991.09/31407.80/15734.90) lat (ms,95%): 89.16 err/s: 0.00 reconn/s: 0.00
[ 490s ] thds: 400 tps: 7699.87 qps: 153929.99 (r/w/o: 107755.64/30772.30/15402.05) lat (ms,95%): 87.56 err/s: 0.00 reconn/s: 0.00
[ 500s ] thds: 400 tps: 8646.53 qps: 173029.22 (r/w/o: 121116.66/34621.30/17291.25) lat (ms,95%): 77.19 err/s: 0.00 reconn/s: 0.00
[ 510s ] thds: 400 tps: 9430.30 qps: 188461.08 (r/w/o: 131912.49/37691.30/18857.30) lat (ms,95%): 57.87 err/s: 0.00 reconn/s: 0.00
[ 520s ] thds: 400 tps: 9516.48 qps: 190539.66 (r/w/o: 133419.59/38081.81/19038.26) lat (ms,95%): 58.92 err/s: 0.00 reconn/s: 0.00
[ 530s ] thds: 400 tps: 8940.33 qps: 179043.25 (r/w/o: 125301.25/35861.33/17880.66) lat (ms,95%): 77.19 err/s: 0.00 reconn/s: 0.00
[ 540s ] thds: 400 tps: 9503.50 qps: 189687.03 (r/w/o: 132784.35/37896.89/19005.79) lat (ms,95%): 57.87 err/s: 0.00 reconn/s: 0.00
[ 550s ] thds: 400 tps: 9510.51 qps: 190551.40 (r/w/o: 133398.51/38130.46/19022.43) lat (ms,95%): 58.92 err/s: 0.00 reconn/s: 0.00
[ 560s ] thds: 400 tps: 9169.89 qps: 183284.13 (r/w/o: 128297.28/36648.77/18338.08) lat (ms,95%): 66.84 err/s: 0.00 reconn/s: 0.00
[ 570s ] thds: 400 tps: 8128.28 qps: 162222.93 (r/w/o: 113508.54/32456.03/16258.36) lat (ms,95%): 90.78 err/s: 0.00 reconn/s: 0.00
[ 580s ] thds: 400 tps: 7736.10 qps: 155071.84 (r/w/o: 108577.66/31021.99/15472.19) lat (ms,95%): 90.78 err/s: 0.00 reconn/s: 0.00
[ 590s ] thds: 400 tps: 7723.32 qps: 154188.00 (r/w/o: 107935.11/30806.06/15446.83) lat (ms,95%): 87.56 err/s: 0.10 reconn/s: 0.00
[ 600s ] thds: 400 tps: 7697.18 qps: 154144.42 (r/w/o: 107894.13/30859.02/15391.26) lat (ms,95%): 90.78 err/s: 0.10 reconn/s: 0.00
[ 610s ] thds: 400 tps: 8448.82 qps: 169007.19 (r/w/o: 118324.85/33781.40/16900.95) lat (ms,95%): 81.48 err/s: 0.00 reconn/s: 0.00
[ 620s ] thds: 400 tps: 9341.40 qps: 186815.93 (r/w/o: 130823.62/37309.51/18682.80) lat (ms,95%): 59.99 err/s: 0.00 reconn/s: 0.00
[ 630s ] thds: 400 tps: 9406.87 qps: 188133.70 (r/w/o: 131667.95/37652.40/18813.35) lat (ms,95%): 58.92 err/s: 0.00 reconn/s: 0.00
[ 640s ] thds: 400 tps: 8998.02 qps: 180000.71 (r/w/o: 126007.89/35996.28/17996.54) lat (ms,95%): 71.83 err/s: 0.00 reconn/s: 0.00
[ 650s ] thds: 400 tps: 9394.26 qps: 187511.25 (r/w/o: 131165.17/37562.85/18783.23) lat (ms,95%): 59.99 err/s: 0.00 reconn/s: 0.00
[ 660s ] thds: 400 tps: 9414.21 qps: 188396.39 (r/w/o: 131918.73/37651.54/18826.12) lat (ms,95%): 57.87 err/s: 0.00 reconn/s: 0.00
[ 670s ] thds: 400 tps: 9210.93 qps: 184555.17 (r/w/o: 129228.90/36896.81/18429.46) lat (ms,95%): 63.32 err/s: 0.00 reconn/s: 0.00
[ 680s ] thds: 400 tps: 8353.65 qps: 166945.43 (r/w/o: 116805.85/33441.48/16698.09) lat (ms,95%): 89.16 err/s: 0.10 reconn/s: 0.00
[ 690s ] thds: 400 tps: 7860.83 qps: 157368.66 (r/w/o: 110200.36/31436.73/15731.57) lat (ms,95%): 89.16 err/s: 0.20 reconn/s: 0.00
[ 700s ] thds: 400 tps: 7611.10 qps: 151989.75 (r/w/o: 106403.83/30364.61/15221.30) lat (ms,95%): 92.42 err/s: 0.00 reconn/s: 0.00
[ 710s ] thds: 400 tps: 7621.52 qps: 152591.75 (r/w/o: 106807.35/30540.37/15244.04) lat (ms,95%): 90.78 err/s: 0.10 reconn/s: 0.00
[ 720s ] thds: 400 tps: 8146.29 qps: 162708.41 (r/w/o: 113888.07/32533.06/16287.28) lat (ms,95%): 86.00 err/s: 0.00 reconn/s: 0.00
[ 730s ] thds: 400 tps: 9238.39 qps: 184955.10 (r/w/o: 129496.96/36976.06/18482.08) lat (ms,95%): 57.87 err/s: 0.10 reconn/s: 0.00
[ 740s ] thds: 400 tps: 9257.82 qps: 185131.65 (r/w/o: 129594.85/37022.67/18514.14) lat (ms,95%): 64.47 err/s: 0.00 reconn/s: 0.00
[ 750s ] thds: 400 tps: 9108.06 qps: 182169.64 (r/w/o: 127509.37/36442.35/18217.92) lat (ms,95%): 69.29 err/s: 0.00 reconn/s: 0.00
[ 760s ] thds: 400 tps: 9440.72 qps: 188872.56 (r/w/o: 132188.72/37801.69/18882.15) lat (ms,95%): 58.92 err/s: 0.00 reconn/s: 0.00
[ 770s ] thds: 400 tps: 9148.40 qps: 182609.20 (r/w/o: 127772.60/36540.80/18295.80) lat (ms,95%): 68.05 err/s: 0.00 reconn/s: 0.00
[ 780s ] thds: 400 tps: 8914.71 qps: 178411.95 (r/w/o: 124918.87/35662.65/17830.42) lat (ms,95%): 80.03 err/s: 0.00 reconn/s: 0.00
[ 790s ] thds: 400 tps: 7895.33 qps: 158164.33 (r/w/o: 110746.84/31626.63/15790.86) lat (ms,95%): 92.42 err/s: 0.00 reconn/s: 0.00
[ 800s ] thds: 400 tps: 7772.66 qps: 155455.63 (r/w/o: 108806.49/31103.63/15545.51) lat (ms,95%): 95.81 err/s: 0.10 reconn/s: 0.00
[ 810s ] thds: 400 tps: 7694.61 qps: 153727.76 (r/w/o: 107625.51/30713.03/15389.22) lat (ms,95%): 101.13 err/s: 0.00 reconn/s: 0.00
[ 820s ] thds: 400 tps: 7815.99 qps: 156334.06 (r/w/o: 109400.51/31307.57/15625.99) lat (ms,95%): 97.55 err/s: 0.00 reconn/s: 0.00
[ 830s ] thds: 400 tps: 7658.89 qps: 153279.28 (r/w/o: 107296.74/30659.46/15323.08) lat (ms,95%): 102.97 err/s: 0.00 reconn/s: 0.00
[ 840s ] thds: 400 tps: 7348.02 qps: 147077.73 (r/w/o: 102976.53/29404.27/14696.93) lat (ms,95%): 104.84 err/s: 0.10 reconn/s: 0.00
SQL statistics:
    queries performed:
        read:                            100526622
        write:                           28721809
        other:                           14360985
        total:                           143609416
    transactions:                        7180451 (8539.04 per sec.)
    queries:                             143609416 (170781.24 per sec.)
    ignored errors:                      22     (0.03 per sec.)
    reconnects:                          0      (0.00 per sec.)

General statistics:
    total time:                          840.8959s
    total number of events:              7180451

Latency (ms):
         min:                                   19.79
         avg:                                   46.80
         max:                                 1051.79
         95th percentile:                       84.47
         sum:                            336037890.26

Threads fairness:
    events (avg/stddev):           17951.1275/426.22
    execution time (avg/stddev):   840.0947/0.19

