sysbench 1.0.20-ebf1c90 (using bundled LuaJIT 2.1.0-beta2)

Running the test with following options:
Number of threads: 400
Report intermediate results every 10 second(s)
Initializing random number generator from current time


Initializing worker threads...

Threads started!

[ 10s ] thds: 400 tps: 5546.65 qps: 111479.37 (r/w/o: 78077.00/22271.38/11130.99) lat (ms,95%): 211.60 err/s: 0.00 reconn/s: 0.00
[ 20s ] thds: 400 tps: 7717.04 qps: 154117.24 (r/w/o: 107891.99/30788.67/15436.58) lat (ms,95%): 167.44 err/s: 0.00 reconn/s: 0.00
[ 30s ] thds: 400 tps: 8316.40 qps: 166581.53 (r/w/o: 116631.45/33317.29/16632.79) lat (ms,95%): 101.13 err/s: 0.00 reconn/s: 0.00
[ 40s ] thds: 400 tps: 8756.66 qps: 175060.54 (r/w/o: 122534.30/35013.53/17512.71) lat (ms,95%): 70.55 err/s: 0.00 reconn/s: 0.00
[ 50s ] thds: 400 tps: 9116.06 qps: 182278.67 (r/w/o: 127605.39/36443.15/18230.13) lat (ms,95%): 61.08 err/s: 0.10 reconn/s: 0.00
[ 60s ] thds: 400 tps: 9150.84 qps: 182967.86 (r/w/o: 128042.14/36621.05/18304.68) lat (ms,95%): 64.47 err/s: 0.00 reconn/s: 0.00
[ 70s ] thds: 400 tps: 9266.04 qps: 185480.39 (r/w/o: 129851.92/37096.08/18532.39) lat (ms,95%): 58.92 err/s: 0.00 reconn/s: 0.00
[ 80s ] thds: 400 tps: 8984.66 qps: 179578.80 (r/w/o: 125691.34/35917.94/17969.52) lat (ms,95%): 75.82 err/s: 0.00 reconn/s: 0.00
[ 90s ] thds: 400 tps: 9367.44 qps: 187221.55 (r/w/o: 131049.43/37440.15/18731.97) lat (ms,95%): 57.87 err/s: 0.00 reconn/s: 0.00
[ 100s ] thds: 400 tps: 9478.28 qps: 189530.42 (r/w/o: 132642.13/37928.73/18959.56) lat (ms,95%): 56.84 err/s: 0.00 reconn/s: 0.00
[ 110s ] thds: 400 tps: 9498.38 qps: 190256.25 (r/w/o: 133243.06/38016.33/18996.87) lat (ms,95%): 57.87 err/s: 0.00 reconn/s: 0.00
[ 120s ] thds: 400 tps: 7262.06 qps: 144973.99 (r/w/o: 101456.20/28996.76/14521.03) lat (ms,95%): 112.67 err/s: 0.00 reconn/s: 0.00
[ 130s ] thds: 400 tps: 6322.08 qps: 126733.15 (r/w/o: 88719.56/25365.93/12647.67) lat (ms,95%): 130.13 err/s: 0.10 reconn/s: 0.00
[ 140s ] thds: 400 tps: 6896.76 qps: 137881.46 (r/w/o: 96554.51/27533.13/13793.82) lat (ms,95%): 112.67 err/s: 0.00 reconn/s: 0.00
[ 150s ] thds: 400 tps: 9120.07 qps: 182197.68 (r/w/o: 127510.84/36446.70/18240.15) lat (ms,95%): 61.08 err/s: 0.00 reconn/s: 0.00
[ 160s ] thds: 400 tps: 9283.68 qps: 185817.05 (r/w/o: 130059.09/37195.81/18562.16) lat (ms,95%): 64.47 err/s: 0.00 reconn/s: 0.00
[ 170s ] thds: 400 tps: 9324.59 qps: 186414.11 (r/w/o: 130516.20/37243.55/18654.37) lat (ms,95%): 62.19 err/s: 0.00 reconn/s: 0.00
[ 180s ] thds: 400 tps: 9506.14 qps: 190068.45 (r/w/o: 133002.18/38054.08/19012.19) lat (ms,95%): 56.84 err/s: 0.10 reconn/s: 0.00
[ 190s ] thds: 400 tps: 9319.69 qps: 186381.64 (r/w/o: 130464.39/37277.37/18639.88) lat (ms,95%): 65.65 err/s: 0.00 reconn/s: 0.00
[ 200s ] thds: 400 tps: 9412.71 qps: 188106.46 (r/w/o: 131653.61/37627.33/18825.52) lat (ms,95%): 58.92 err/s: 0.00 reconn/s: 0.00
[ 210s ] thds: 400 tps: 9503.01 qps: 190562.30 (r/w/o: 133443.04/38113.34/19005.92) lat (ms,95%): 55.82 err/s: 0.00 reconn/s: 0.00
[ 220s ] thds: 400 tps: 9378.38 qps: 187524.69 (r/w/o: 131278.89/37488.84/18756.97) lat (ms,95%): 59.99 err/s: 0.00 reconn/s: 0.00
[ 230s ] thds: 400 tps: 7902.98 qps: 157962.41 (r/w/o: 110574.36/31581.90/15806.15) lat (ms,95%): 95.81 err/s: 0.00 reconn/s: 0.00
[ 240s ] thds: 400 tps: 7652.14 qps: 152817.97 (r/w/o: 106956.14/30561.15/15300.68) lat (ms,95%): 94.10 err/s: 0.00 reconn/s: 0.00
[ 250s ] thds: 400 tps: 7019.16 qps: 140633.94 (r/w/o: 98467.17/28124.75/14042.02) lat (ms,95%): 104.84 err/s: 0.00 reconn/s: 0.00
[ 260s ] thds: 400 tps: 8010.39 qps: 160053.64 (r/w/o: 112043.62/31989.45/16020.57) lat (ms,95%): 90.78 err/s: 0.00 reconn/s: 0.00
[ 270s ] thds: 400 tps: 9242.09 qps: 184927.20 (r/w/o: 129463.06/36980.86/18483.28) lat (ms,95%): 62.19 err/s: 0.00 reconn/s: 0.00
[ 280s ] thds: 400 tps: 9336.07 qps: 186693.13 (r/w/o: 130656.70/37363.79/18672.64) lat (ms,95%): 62.19 err/s: 0.00 reconn/s: 0.00
[ 290s ] thds: 400 tps: 9491.99 qps: 189907.89 (r/w/o: 132976.82/37947.08/18983.99) lat (ms,95%): 61.08 err/s: 0.00 reconn/s: 0.00
[ 300s ] thds: 400 tps: 9245.03 qps: 184962.35 (r/w/o: 129416.06/37055.53/18490.77) lat (ms,95%): 68.05 err/s: 0.00 reconn/s: 0.00
[ 310s ] thds: 400 tps: 9380.66 qps: 187274.33 (r/w/o: 131078.96/37433.75/18761.62) lat (ms,95%): 58.92 err/s: 0.00 reconn/s: 0.00
[ 320s ] thds: 400 tps: 9465.07 qps: 189356.96 (r/w/o: 132557.75/37868.77/18930.44) lat (ms,95%): 56.84 err/s: 0.00 reconn/s: 0.00
[ 330s ] thds: 400 tps: 9410.51 qps: 188430.33 (r/w/o: 131949.06/37660.25/18821.02) lat (ms,95%): 61.08 err/s: 0.00 reconn/s: 0.00
[ 340s ] thds: 400 tps: 8017.31 qps: 160171.86 (r/w/o: 112061.81/32079.53/16030.52) lat (ms,95%): 95.81 err/s: 0.00 reconn/s: 0.00
[ 350s ] thds: 400 tps: 7612.60 qps: 152303.50 (r/w/o: 106597.10/30479.10/15227.30) lat (ms,95%): 95.81 err/s: 0.00 reconn/s: 0.00
[ 360s ] thds: 400 tps: 7999.48 qps: 159711.91 (r/w/o: 111782.63/31933.22/15996.06) lat (ms,95%): 89.16 err/s: 0.10 reconn/s: 0.00
[ 370s ] thds: 400 tps: 7086.83 qps: 141961.78 (r/w/o: 99413.51/28373.02/14175.26) lat (ms,95%): 104.84 err/s: 0.00 reconn/s: 0.00
[ 380s ] thds: 400 tps: 8549.87 qps: 170905.23 (r/w/o: 119594.31/34215.68/17095.24) lat (ms,95%): 78.60 err/s: 0.00 reconn/s: 0.00
[ 390s ] thds: 400 tps: 8522.92 qps: 170703.94 (r/w/o: 119571.12/34078.98/17053.84) lat (ms,95%): 84.47 err/s: 0.00 reconn/s: 0.00
[ 400s ] thds: 400 tps: 8414.06 qps: 168287.49 (r/w/o: 117777.23/33683.74/16826.52) lat (ms,95%): 89.16 err/s: 0.00 reconn/s: 0.00
[ 410s ] thds: 400 tps: 8055.03 qps: 161042.68 (r/w/o: 112704.08/32229.34/16109.27) lat (ms,95%): 94.10 err/s: 0.00 reconn/s: 0.00
[ 420s ] thds: 400 tps: 7631.50 qps: 152634.22 (r/w/o: 106864.41/30503.90/15265.90) lat (ms,95%): 104.84 err/s: 0.20 reconn/s: 0.00
[ 430s ] thds: 400 tps: 8792.36 qps: 175696.77 (r/w/o: 122985.09/35127.05/17584.63) lat (ms,95%): 81.48 err/s: 0.00 reconn/s: 0.00
[ 440s ] thds: 400 tps: 9411.00 qps: 188472.70 (r/w/o: 131932.77/37717.72/18822.21) lat (ms,95%): 55.82 err/s: 0.00 reconn/s: 0.00
[ 450s ] thds: 400 tps: 9208.70 qps: 184197.73 (r/w/o: 128931.85/36852.78/18413.09) lat (ms,95%): 66.84 err/s: 0.00 reconn/s: 0.00
[ 460s ] thds: 400 tps: 8141.01 qps: 162842.10 (r/w/o: 114026.84/32528.14/16287.12) lat (ms,95%): 90.78 err/s: 0.30 reconn/s: 0.00
[ 470s ] thds: 400 tps: 7395.64 qps: 147650.28 (r/w/o: 103310.62/29548.28/14791.39) lat (ms,95%): 99.33 err/s: 0.00 reconn/s: 0.00
[ 480s ] thds: 400 tps: 7799.82 qps: 156084.48 (r/w/o: 109285.37/31200.18/15598.94) lat (ms,95%): 90.78 err/s: 0.00 reconn/s: 0.00
[ 490s ] thds: 400 tps: 7628.48 qps: 152643.32 (r/w/o: 106871.33/30514.22/15257.76) lat (ms,95%): 89.16 err/s: 0.00 reconn/s: 0.00
[ 500s ] thds: 400 tps: 8649.81 qps: 172963.14 (r/w/o: 121062.60/34600.93/17299.61) lat (ms,95%): 75.82 err/s: 0.00 reconn/s: 0.00
[ 510s ] thds: 400 tps: 9440.67 qps: 188760.95 (r/w/o: 132142.65/37736.67/18881.64) lat (ms,95%): 57.87 err/s: 0.10 reconn/s: 0.00
[ 520s ] thds: 400 tps: 9454.47 qps: 189184.79 (r/w/o: 132418.94/37856.60/18909.25) lat (ms,95%): 59.99 err/s: 0.00 reconn/s: 0.00
[ 530s ] thds: 400 tps: 8983.99 qps: 179392.99 (r/w/o: 125531.95/35892.96/17968.08) lat (ms,95%): 77.19 err/s: 0.00 reconn/s: 0.00
[ 540s ] thds: 400 tps: 9419.14 qps: 188689.11 (r/w/o: 132142.70/37707.74/18838.67) lat (ms,95%): 57.87 err/s: 0.00 reconn/s: 0.00
[ 550s ] thds: 400 tps: 9515.15 qps: 190070.15 (r/w/o: 132968.14/38078.31/19023.71) lat (ms,95%): 58.92 err/s: 0.00 reconn/s: 0.00
[ 560s ] thds: 400 tps: 9145.96 qps: 182923.34 (r/w/o: 128055.70/36577.73/18289.91) lat (ms,95%): 66.84 err/s: 0.10 reconn/s: 0.00
[ 570s ] thds: 400 tps: 8138.00 qps: 162837.52 (r/w/o: 114041.11/32511.30/16285.10) lat (ms,95%): 90.78 err/s: 0.10 reconn/s: 0.00
[ 580s ] thds: 400 tps: 7760.75 qps: 155467.39 (r/w/o: 108817.39/31128.30/15521.70) lat (ms,95%): 90.78 err/s: 0.00 reconn/s: 0.00
[ 590s ] thds: 400 tps: 7693.23 qps: 153683.68 (r/w/o: 107612.27/30684.74/15386.67) lat (ms,95%): 87.56 err/s: 0.10 reconn/s: 0.00
[ 600s ] thds: 400 tps: 7673.69 qps: 153486.09 (r/w/o: 107388.36/30754.06/15343.68) lat (ms,95%): 90.78 err/s: 0.00 reconn/s: 0.00
[ 610s ] thds: 400 tps: 8472.19 qps: 169411.36 (r/w/o: 118578.80/33889.67/16942.89) lat (ms,95%): 81.48 err/s: 0.00 reconn/s: 0.00
[ 620s ] thds: 400 tps: 9348.78 qps: 187128.29 (r/w/o: 131048.22/37377.22/18702.86) lat (ms,95%): 59.99 err/s: 0.00 reconn/s: 0.00
[ 630s ] thds: 400 tps: 9442.61 qps: 188841.20 (r/w/o: 132156.94/37798.94/18885.32) lat (ms,95%): 58.92 err/s: 0.00 reconn/s: 0.00
[ 640s ] thds: 400 tps: 8991.67 qps: 179892.93 (r/w/o: 125916.03/35993.47/17983.43) lat (ms,95%): 70.55 err/s: 0.00 reconn/s: 0.00
[ 650s ] thds: 400 tps: 9408.63 qps: 187836.05 (r/w/o: 131479.25/37539.23/18817.56) lat (ms,95%): 59.99 err/s: 0.10 reconn/s: 0.00
[ 660s ] thds: 400 tps: 9438.06 qps: 188890.48 (r/w/o: 132259.22/37754.94/18876.32) lat (ms,95%): 57.87 err/s: 0.00 reconn/s: 0.00
[ 670s ] thds: 400 tps: 9193.88 qps: 183866.27 (r/w/o: 128659.77/36821.13/18385.37) lat (ms,95%): 63.32 err/s: 0.00 reconn/s: 0.00
[ 680s ] thds: 400 tps: 8344.53 qps: 166787.55 (r/w/o: 116769.15/33326.93/16691.46) lat (ms,95%): 90.78 err/s: 0.00 reconn/s: 0.00
[ 690s ] thds: 400 tps: 7868.99 qps: 157726.62 (r/w/o: 110394.47/31594.27/15737.88) lat (ms,95%): 89.16 err/s: 0.00 reconn/s: 0.00
[ 700s ] thds: 400 tps: 7620.17 qps: 152199.66 (r/w/o: 106580.22/30379.29/15240.15) lat (ms,95%): 92.42 err/s: 0.00 reconn/s: 0.00
[ 710s ] thds: 400 tps: 7599.15 qps: 152189.30 (r/w/o: 106503.70/30486.90/15198.70) lat (ms,95%): 92.42 err/s: 0.10 reconn/s: 0.00
[ 720s ] thds: 400 tps: 8141.58 qps: 162758.15 (r/w/o: 113958.65/32516.13/16283.36) lat (ms,95%): 86.00 err/s: 0.00 reconn/s: 0.00
[ 730s ] thds: 400 tps: 9247.51 qps: 184704.23 (r/w/o: 129255.36/36962.95/18485.92) lat (ms,95%): 57.87 err/s: 0.20 reconn/s: 0.00
[ 740s ] thds: 400 tps: 9240.94 qps: 185056.62 (r/w/o: 129558.37/37006.46/18491.78) lat (ms,95%): 64.47 err/s: 0.10 reconn/s: 0.00
[ 750s ] thds: 400 tps: 9073.61 qps: 181508.06 (r/w/o: 127054.71/36306.13/18147.22) lat (ms,95%): 69.29 err/s: 0.00 reconn/s: 0.00
[ 760s ] thds: 400 tps: 9370.96 qps: 187288.07 (r/w/o: 131089.22/37456.93/18741.92) lat (ms,95%): 58.92 err/s: 0.00 reconn/s: 0.00
[ 770s ] thds: 400 tps: 9149.80 qps: 182934.57 (r/w/o: 128091.78/36543.19/18299.60) lat (ms,95%): 68.05 err/s: 0.00 reconn/s: 0.00
[ 780s ] thds: 400 tps: 8924.63 qps: 178528.87 (r/w/o: 124970.80/35709.11/17848.96) lat (ms,95%): 78.60 err/s: 0.00 reconn/s: 0.00
[ 790s ] thds: 400 tps: 7895.51 qps: 157805.55 (r/w/o: 110405.81/31614.73/15785.02) lat (ms,95%): 92.42 err/s: 0.00 reconn/s: 0.00
[ 800s ] thds: 400 tps: 7763.98 qps: 155390.75 (r/w/o: 108791.86/31067.13/15531.77) lat (ms,95%): 95.81 err/s: 0.00 reconn/s: 0.00
[ 810s ] thds: 400 tps: 7681.32 qps: 153729.38 (r/w/o: 107651.36/30712.77/15365.24) lat (ms,95%): 99.33 err/s: 0.00 reconn/s: 0.00
[ 820s ] thds: 400 tps: 7807.34 qps: 155957.97 (r/w/o: 109120.01/31225.17/15612.79) lat (ms,95%): 97.55 err/s: 0.00 reconn/s: 0.00
[ 830s ] thds: 400 tps: 7641.85 qps: 152940.82 (r/w/o: 107074.51/30580.80/15285.50) lat (ms,95%): 102.97 err/s: 0.00 reconn/s: 0.00
[ 840s ] thds: 400 tps: 7345.12 qps: 147114.19 (r/w/o: 102974.77/29449.18/14690.24) lat (ms,95%): 104.84 err/s: 0.00 reconn/s: 0.00
SQL statistics:
    queries performed:
        read:                            100503242
        write:                           28715118
        other:                           14357664
        total:                           143576024
    transactions:                        7178785 (8534.89 per sec.)
    queries:                             143576024 (170698.26 per sec.)
    ignored errors:                      18     (0.02 per sec.)
    reconnects:                          0      (0.00 per sec.)

General statistics:
    total time:                          841.1091s
    total number of events:              7178785

Latency (ms):
         min:                                   19.87
         avg:                                   46.81
         max:                                 1125.32
         95th percentile:                       84.47
         sum:                            336036748.14

Threads fairness:
    events (avg/stddev):           17946.9625/401.72
    execution time (avg/stddev):   840.0919/0.21

