sysbench 1.0.20-ebf1c90 (using bundled LuaJIT 2.1.0-beta2)

Running the test with following options:
Number of threads: 400
Report intermediate results every 10 second(s)
Initializing random number generator from current time


Initializing worker threads...

Threads started!

[ 10s ] thds: 400 tps: 5658.63 qps: 113615.15 (r/w/o: 79601.37/22656.52/11357.26) lat (ms,95%): 215.44 err/s: 0.00 reconn/s: 0.00
[ 20s ] thds: 400 tps: 8023.21 qps: 160414.67 (r/w/o: 112294.22/32074.53/16045.92) lat (ms,95%): 170.48 err/s: 0.00 reconn/s: 0.00
[ 30s ] thds: 400 tps: 8670.34 qps: 173556.62 (r/w/o: 121481.00/34734.74/17340.87) lat (ms,95%): 137.35 err/s: 0.10 reconn/s: 0.00
[ 40s ] thds: 400 tps: 9199.94 qps: 183753.65 (r/w/o: 128592.53/36760.35/18400.78) lat (ms,95%): 71.83 err/s: 0.10 reconn/s: 0.00
[ 50s ] thds: 400 tps: 9433.08 qps: 188801.70 (r/w/o: 132168.42/37767.12/18866.16) lat (ms,95%): 64.47 err/s: 0.10 reconn/s: 0.00
[ 60s ] thds: 400 tps: 9675.03 qps: 193756.24 (r/w/o: 135640.38/38765.21/19350.65) lat (ms,95%): 56.84 err/s: 0.10 reconn/s: 0.00
[ 70s ] thds: 400 tps: 9456.89 qps: 188943.95 (r/w/o: 132302.99/37727.17/18913.78) lat (ms,95%): 66.84 err/s: 0.00 reconn/s: 0.00
[ 80s ] thds: 400 tps: 9548.15 qps: 191030.27 (r/w/o: 133728.68/38205.09/19096.50) lat (ms,95%): 66.84 err/s: 0.10 reconn/s: 0.00
[ 90s ] thds: 400 tps: 9734.47 qps: 194755.86 (r/w/o: 136283.92/39002.89/19469.05) lat (ms,95%): 59.99 err/s: 0.00 reconn/s: 0.00
[ 100s ] thds: 400 tps: 9918.57 qps: 198343.33 (r/w/o: 138845.93/39663.37/19834.03) lat (ms,95%): 56.84 err/s: 0.10 reconn/s: 0.00
[ 110s ] thds: 400 tps: 7264.88 qps: 145066.71 (r/w/o: 101546.13/28990.42/14530.16) lat (ms,95%): 121.08 err/s: 0.00 reconn/s: 0.00
[ 120s ] thds: 400 tps: 6009.99 qps: 120368.24 (r/w/o: 84282.59/24062.57/12023.08) lat (ms,95%): 142.39 err/s: 0.00 reconn/s: 0.00
[ 130s ] thds: 400 tps: 6966.07 qps: 139412.71 (r/w/o: 97594.09/27886.48/13932.14) lat (ms,95%): 118.92 err/s: 0.00 reconn/s: 0.00
[ 140s ] thds: 400 tps: 9562.64 qps: 190850.97 (r/w/o: 133532.54/38195.35/19123.08) lat (ms,95%): 59.99 err/s: 0.00 reconn/s: 0.00
[ 150s ] thds: 400 tps: 9699.58 qps: 194230.07 (r/w/o: 136011.90/38818.21/19399.96) lat (ms,95%): 62.19 err/s: 0.20 reconn/s: 0.00
[ 160s ] thds: 400 tps: 9643.96 qps: 192715.19 (r/w/o: 134835.43/38600.84/19278.92) lat (ms,95%): 68.05 err/s: 0.10 reconn/s: 0.00
[ 170s ] thds: 400 tps: 10039.02 qps: 201065.99 (r/w/o: 140809.57/40167.28/20089.14) lat (ms,95%): 54.83 err/s: 0.00 reconn/s: 0.00
[ 180s ] thds: 400 tps: 9651.89 qps: 193012.71 (r/w/o: 135123.47/38585.36/19303.88) lat (ms,95%): 63.32 err/s: 0.00 reconn/s: 0.00
[ 190s ] thds: 400 tps: 9695.80 qps: 193764.79 (r/w/o: 135625.67/38747.52/19391.60) lat (ms,95%): 64.47 err/s: 0.00 reconn/s: 0.00
[ 200s ] thds: 400 tps: 9914.94 qps: 198352.91 (r/w/o: 138839.27/39683.67/19829.98) lat (ms,95%): 54.83 err/s: 0.00 reconn/s: 0.00
[ 210s ] thds: 400 tps: 10113.79 qps: 202378.50 (r/w/o: 141682.66/40468.16/20227.68) lat (ms,95%): 51.94 err/s: 0.00 reconn/s: 0.00
[ 220s ] thds: 400 tps: 8049.09 qps: 160841.54 (r/w/o: 112537.79/32205.67/16098.08) lat (ms,95%): 99.33 err/s: 0.00 reconn/s: 0.00
[ 230s ] thds: 400 tps: 7226.67 qps: 144668.49 (r/w/o: 101282.47/28932.48/14453.54) lat (ms,95%): 104.84 err/s: 0.00 reconn/s: 0.00
[ 240s ] thds: 400 tps: 7455.92 qps: 149002.37 (r/w/o: 104303.36/29792.47/14906.54) lat (ms,95%): 99.33 err/s: 0.00 reconn/s: 0.00
[ 250s ] thds: 400 tps: 8599.83 qps: 171827.68 (r/w/o: 120243.91/34378.52/17205.26) lat (ms,95%): 86.00 err/s: 0.00 reconn/s: 0.00
[ 260s ] thds: 400 tps: 9486.53 qps: 190140.46 (r/w/o: 133141.66/38025.83/18972.97) lat (ms,95%): 66.84 err/s: 0.00 reconn/s: 0.00
[ 270s ] thds: 400 tps: 10009.89 qps: 200071.93 (r/w/o: 140092.01/39960.55/20019.37) lat (ms,95%): 53.85 err/s: 0.00 reconn/s: 0.00
[ 280s ] thds: 400 tps: 9754.81 qps: 195108.07 (r/w/o: 136543.52/39054.04/19510.52) lat (ms,95%): 59.99 err/s: 0.10 reconn/s: 0.00
[ 290s ] thds: 400 tps: 9786.00 qps: 195799.98 (r/w/o: 137073.66/39153.92/19572.41) lat (ms,95%): 59.99 err/s: 0.10 reconn/s: 0.00
[ 300s ] thds: 400 tps: 9885.53 qps: 197689.73 (r/w/o: 138359.34/39559.23/19771.16) lat (ms,95%): 55.82 err/s: 0.10 reconn/s: 0.00
[ 310s ] thds: 400 tps: 10058.84 qps: 201134.79 (r/w/o: 140791.85/40230.46/20112.48) lat (ms,95%): 52.89 err/s: 0.00 reconn/s: 0.00
[ 320s ] thds: 400 tps: 9058.17 qps: 180978.51 (r/w/o: 126681.49/36176.68/18120.34) lat (ms,95%): 87.56 err/s: 0.00 reconn/s: 0.00
[ 330s ] thds: 400 tps: 8036.31 qps: 160885.12 (r/w/o: 112682.45/32128.64/16074.02) lat (ms,95%): 94.10 err/s: 0.00 reconn/s: 0.00
[ 340s ] thds: 400 tps: 7309.24 qps: 146351.81 (r/w/o: 102380.27/29353.06/14618.48) lat (ms,95%): 102.97 err/s: 0.00 reconn/s: 0.00
[ 350s ] thds: 400 tps: 7583.61 qps: 151483.21 (r/w/o: 106051.58/30264.62/15167.01) lat (ms,95%): 97.55 err/s: 0.00 reconn/s: 0.00
[ 360s ] thds: 400 tps: 8623.18 qps: 172278.75 (r/w/o: 120543.69/34492.71/17242.35) lat (ms,95%): 80.03 err/s: 0.00 reconn/s: 0.00
[ 370s ] thds: 400 tps: 9584.40 qps: 191693.01 (r/w/o: 134234.34/38285.58/19173.09) lat (ms,95%): 61.08 err/s: 0.10 reconn/s: 0.00
[ 380s ] thds: 400 tps: 9139.22 qps: 182774.92 (r/w/o: 127915.12/36581.16/18278.63) lat (ms,95%): 84.47 err/s: 0.00 reconn/s: 0.00
[ 390s ] thds: 400 tps: 8380.78 qps: 167748.90 (r/w/o: 117460.09/33527.54/16761.27) lat (ms,95%): 94.10 err/s: 0.00 reconn/s: 0.00
[ 400s ] thds: 400 tps: 8136.51 qps: 162651.67 (r/w/o: 113861.69/32516.25/16273.73) lat (ms,95%): 106.75 err/s: 0.10 reconn/s: 0.00
[ 410s ] thds: 400 tps: 7993.69 qps: 160196.08 (r/w/o: 112107.62/32100.98/15987.49) lat (ms,95%): 102.97 err/s: 0.00 reconn/s: 0.00
[ 420s ] thds: 400 tps: 9487.72 qps: 189554.72 (r/w/o: 132751.72/37827.36/18975.63) lat (ms,95%): 68.05 err/s: 0.00 reconn/s: 0.00
[ 430s ] thds: 400 tps: 9045.69 qps: 181059.68 (r/w/o: 126700.74/36267.36/18091.58) lat (ms,95%): 80.03 err/s: 0.00 reconn/s: 0.00
[ 440s ] thds: 400 tps: 8706.40 qps: 173801.49 (r/w/o: 121648.29/34744.60/17408.60) lat (ms,95%): 86.00 err/s: 0.00 reconn/s: 0.00
[ 450s ] thds: 400 tps: 7905.59 qps: 158368.81 (r/w/o: 110867.80/31685.94/15815.07) lat (ms,95%): 92.42 err/s: 0.00 reconn/s: 0.00
[ 460s ] thds: 400 tps: 7268.81 qps: 145416.68 (r/w/o: 101807.82/29070.74/14538.12) lat (ms,95%): 102.97 err/s: 0.10 reconn/s: 0.00
[ 470s ] thds: 400 tps: 7710.01 qps: 154229.89 (r/w/o: 107949.41/30860.46/15420.03) lat (ms,95%): 94.10 err/s: 0.00 reconn/s: 0.00
[ 480s ] thds: 400 tps: 9647.81 qps: 192877.24 (r/w/o: 135030.10/38551.53/19295.61) lat (ms,95%): 59.99 err/s: 0.00 reconn/s: 0.00
[ 490s ] thds: 400 tps: 9979.69 qps: 199363.62 (r/w/o: 139519.47/39896.86/19947.28) lat (ms,95%): 53.85 err/s: 0.00 reconn/s: 0.00
[ 500s ] thds: 400 tps: 9718.10 qps: 194587.00 (r/w/o: 136254.17/38884.12/19448.71) lat (ms,95%): 61.08 err/s: 0.10 reconn/s: 0.00
[ 510s ] thds: 400 tps: 9655.02 qps: 192972.33 (r/w/o: 135062.30/38599.99/19310.04) lat (ms,95%): 68.05 err/s: 0.00 reconn/s: 0.00
[ 520s ] thds: 400 tps: 9886.98 qps: 197704.80 (r/w/o: 138389.82/39545.02/19769.96) lat (ms,95%): 58.92 err/s: 0.10 reconn/s: 0.00
[ 530s ] thds: 400 tps: 9923.60 qps: 198493.33 (r/w/o: 138926.72/39715.11/19851.50) lat (ms,95%): 56.84 err/s: 0.00 reconn/s: 0.00
[ 540s ] thds: 400 tps: 9141.70 qps: 183040.94 (r/w/o: 128151.63/36605.81/18283.50) lat (ms,95%): 80.03 err/s: 0.00 reconn/s: 0.00
[ 550s ] thds: 400 tps: 8366.28 qps: 167102.96 (r/w/o: 116934.06/33436.23/16732.67) lat (ms,95%): 92.42 err/s: 0.10 reconn/s: 0.00
[ 560s ] thds: 400 tps: 7745.32 qps: 154941.77 (r/w/o: 108496.06/30954.77/15490.94) lat (ms,95%): 92.42 err/s: 0.10 reconn/s: 0.00
[ 570s ] thds: 400 tps: 7565.10 qps: 151320.60 (r/w/o: 105907.10/30283.50/15130.00) lat (ms,95%): 95.81 err/s: 0.00 reconn/s: 0.00
[ 580s ] thds: 400 tps: 7834.31 qps: 156572.62 (r/w/o: 109585.58/31326.12/15660.91) lat (ms,95%): 94.10 err/s: 0.00 reconn/s: 0.00
[ 590s ] thds: 400 tps: 9857.30 qps: 197128.73 (r/w/o: 138005.12/39400.61/19723.00) lat (ms,95%): 53.85 err/s: 0.10 reconn/s: 0.00
[ 600s ] thds: 400 tps: 9889.59 qps: 198132.11 (r/w/o: 138698.00/39654.94/19779.17) lat (ms,95%): 55.82 err/s: 0.00 reconn/s: 0.00
[ 610s ] thds: 400 tps: 9725.20 qps: 194193.01 (r/w/o: 135918.93/38823.68/19450.39) lat (ms,95%): 63.32 err/s: 0.00 reconn/s: 0.00
[ 620s ] thds: 400 tps: 9687.18 qps: 193844.23 (r/w/o: 135730.34/38739.43/19374.46) lat (ms,95%): 65.65 err/s: 0.00 reconn/s: 0.00
[ 630s ] thds: 400 tps: 9918.13 qps: 198507.34 (r/w/o: 138927.98/39742.81/19836.55) lat (ms,95%): 56.84 err/s: 0.00 reconn/s: 0.00
[ 640s ] thds: 400 tps: 9785.40 qps: 195305.68 (r/w/o: 136666.49/39068.40/19570.80) lat (ms,95%): 62.19 err/s: 0.00 reconn/s: 0.00
[ 650s ] thds: 400 tps: 9405.40 qps: 188438.65 (r/w/o: 131947.36/37687.49/18803.80) lat (ms,95%): 73.13 err/s: 0.00 reconn/s: 0.00
[ 660s ] thds: 400 tps: 7754.40 qps: 155074.38 (r/w/o: 108551.29/31007.00/15516.10) lat (ms,95%): 97.55 err/s: 0.00 reconn/s: 0.00
[ 670s ] thds: 400 tps: 8113.11 qps: 162330.97 (r/w/o: 113679.12/32425.43/16226.42) lat (ms,95%): 87.56 err/s: 0.10 reconn/s: 0.00
[ 680s ] thds: 400 tps: 7568.39 qps: 151089.58 (r/w/o: 105711.34/30241.46/15136.78) lat (ms,95%): 99.33 err/s: 0.00 reconn/s: 0.00
[ 690s ] thds: 400 tps: 8222.68 qps: 164458.28 (r/w/o: 115113.08/32904.24/16440.97) lat (ms,95%): 87.56 err/s: 0.00 reconn/s: 0.00
[ 700s ] thds: 400 tps: 9926.09 qps: 198635.58 (r/w/o: 139058.22/39720.38/19856.99) lat (ms,95%): 54.83 err/s: 0.00 reconn/s: 0.00
[ 710s ] thds: 400 tps: 9950.58 qps: 199007.50 (r/w/o: 139310.02/39796.42/19901.06) lat (ms,95%): 56.84 err/s: 0.00 reconn/s: 0.00
[ 720s ] thds: 400 tps: 10153.13 qps: 202951.60 (r/w/o: 142043.42/40602.42/20305.76) lat (ms,95%): 51.94 err/s: 0.10 reconn/s: 0.00
[ 730s ] thds: 400 tps: 8891.41 qps: 177999.54 (r/w/o: 124643.86/35571.95/17783.72) lat (ms,95%): 82.96 err/s: 0.00 reconn/s: 0.00
[ 740s ] thds: 400 tps: 9740.09 qps: 194653.77 (r/w/o: 136224.74/38948.75/19480.28) lat (ms,95%): 59.99 err/s: 0.00 reconn/s: 0.00
[ 750s ] thds: 400 tps: 9424.82 qps: 188382.63 (r/w/o: 131830.83/37702.07/18849.73) lat (ms,95%): 74.46 err/s: 0.00 reconn/s: 0.00
[ 760s ] thds: 400 tps: 8957.58 qps: 179477.46 (r/w/o: 125711.86/35850.53/17915.07) lat (ms,95%): 87.56 err/s: 0.00 reconn/s: 0.00
[ 770s ] thds: 400 tps: 8399.21 qps: 167888.32 (r/w/o: 117476.78/33615.82/16795.71) lat (ms,95%): 95.81 err/s: 0.00 reconn/s: 0.00
[ 780s ] thds: 400 tps: 7574.80 qps: 151427.37 (r/w/o: 106016.45/30262.71/15148.21) lat (ms,95%): 108.68 err/s: 0.00 reconn/s: 0.00
[ 790s ] thds: 400 tps: 7896.77 qps: 157898.22 (r/w/o: 110477.49/31631.58/15789.14) lat (ms,95%): 110.66 err/s: 0.00 reconn/s: 0.00
[ 800s ] thds: 400 tps: 7488.13 qps: 149812.73 (r/w/o: 104926.27/29901.31/14985.15) lat (ms,95%): 106.75 err/s: 0.00 reconn/s: 0.00
[ 810s ] thds: 400 tps: 7796.97 qps: 155667.02 (r/w/o: 108897.02/31183.16/15586.83) lat (ms,95%): 102.97 err/s: 0.10 reconn/s: 0.00
[ 820s ] thds: 400 tps: 8111.42 qps: 162675.14 (r/w/o: 113957.84/32487.07/16230.23) lat (ms,95%): 101.13 err/s: 0.00 reconn/s: 0.00
[ 830s ] thds: 400 tps: 8386.41 qps: 167626.10 (r/w/o: 117303.04/33552.24/16770.82) lat (ms,95%): 97.55 err/s: 0.10 reconn/s: 0.00
[ 840s ] thds: 400 tps: 9448.83 qps: 188815.95 (r/w/o: 132142.76/37779.33/18893.86) lat (ms,95%): 69.29 err/s: 0.10 reconn/s: 0.00
SQL statistics:
    queries performed:
        read:                            104124034
        write:                           29749620
        other:                           14874916
        total:                           148748570
    transactions:                        7437406 (8835.86 per sec.)
    queries:                             148748570 (176717.79 per sec.)
    ignored errors:                      25     (0.03 per sec.)
    reconnects:                          0      (0.00 per sec.)

General statistics:
    total time:                          841.7285s
    total number of events:              7437406

Latency (ms):
         min:                                   19.81
         avg:                                   45.20
         max:                                 1731.31
         95th percentile:                       86.00
         sum:                            336154442.77

Threads fairness:
    events (avg/stddev):           18593.5150/452.93
    execution time (avg/stddev):   840.3861/0.34

