sysbench 1.0.20-ebf1c90 (using bundled LuaJIT 2.1.0-beta2)

Running the test with following options:
Number of threads: 400
Report intermediate results every 10 second(s)
Initializing random number generator from current time


Initializing worker threads...

Threads started!

[ 10s ] thds: 400 tps: 5679.06 qps: 114206.12 (r/w/o: 80013.07/22794.83/11398.21) lat (ms,95%): 215.44 err/s: 0.00 reconn/s: 0.00
[ 20s ] thds: 400 tps: 8019.32 qps: 160337.14 (r/w/o: 112246.51/32052.79/16037.84) lat (ms,95%): 170.48 err/s: 0.00 reconn/s: 0.00
[ 30s ] thds: 400 tps: 8767.61 qps: 175161.80 (r/w/o: 122585.24/35040.74/17535.82) lat (ms,95%): 121.08 err/s: 0.10 reconn/s: 0.00
[ 40s ] thds: 400 tps: 9219.34 qps: 184562.60 (r/w/o: 129219.86/36903.96/18438.78) lat (ms,95%): 71.83 err/s: 0.00 reconn/s: 0.00
[ 50s ] thds: 400 tps: 9465.93 qps: 189365.11 (r/w/o: 132577.93/37855.12/18932.06) lat (ms,95%): 64.47 err/s: 0.00 reconn/s: 0.00
[ 60s ] thds: 400 tps: 9664.23 qps: 193119.31 (r/w/o: 135175.33/38615.02/19328.96) lat (ms,95%): 56.84 err/s: 0.00 reconn/s: 0.00
[ 70s ] thds: 400 tps: 9460.82 qps: 189204.06 (r/w/o: 132384.22/37898.09/18921.75) lat (ms,95%): 66.84 err/s: 0.00 reconn/s: 0.00
[ 80s ] thds: 400 tps: 9510.00 qps: 190059.54 (r/w/o: 133041.53/38008.11/19009.90) lat (ms,95%): 68.05 err/s: 0.00 reconn/s: 0.00
[ 90s ] thds: 400 tps: 9710.38 qps: 194377.08 (r/w/o: 136102.91/38843.01/19431.16) lat (ms,95%): 59.99 err/s: 0.10 reconn/s: 0.00
[ 100s ] thds: 400 tps: 9925.28 qps: 198504.85 (r/w/o: 138962.86/39691.43/19850.57) lat (ms,95%): 56.84 err/s: 0.00 reconn/s: 0.00
[ 110s ] thds: 400 tps: 7196.32 qps: 143847.46 (r/w/o: 100668.82/28787.39/14391.25) lat (ms,95%): 123.28 err/s: 0.00 reconn/s: 0.00
[ 120s ] thds: 400 tps: 5955.60 qps: 119432.59 (r/w/o: 83603.17/23916.72/11912.71) lat (ms,95%): 142.39 err/s: 0.00 reconn/s: 0.00
[ 130s ] thds: 400 tps: 6960.89 qps: 138937.57 (r/w/o: 97253.61/27766.97/13916.99) lat (ms,95%): 118.92 err/s: 0.10 reconn/s: 0.00
[ 140s ] thds: 400 tps: 9468.88 qps: 189542.77 (r/w/o: 132730.10/37869.71/18942.96) lat (ms,95%): 61.08 err/s: 0.00 reconn/s: 0.00
[ 150s ] thds: 400 tps: 9748.47 qps: 194759.85 (r/w/o: 136268.21/38994.89/19496.74) lat (ms,95%): 62.19 err/s: 0.00 reconn/s: 0.00
[ 160s ] thds: 400 tps: 9539.65 qps: 190954.99 (r/w/o: 133739.46/38135.92/19079.61) lat (ms,95%): 69.29 err/s: 0.00 reconn/s: 0.00
[ 170s ] thds: 400 tps: 10048.70 qps: 201056.51 (r/w/o: 140703.41/40255.70/20097.40) lat (ms,95%): 54.83 err/s: 0.00 reconn/s: 0.00
[ 180s ] thds: 400 tps: 9657.51 qps: 192770.38 (r/w/o: 134887.22/38569.14/19314.02) lat (ms,95%): 63.32 err/s: 0.00 reconn/s: 0.00
[ 190s ] thds: 400 tps: 9642.20 qps: 193084.66 (r/w/o: 135178.14/38626.01/19280.51) lat (ms,95%): 64.47 err/s: 0.00 reconn/s: 0.00
[ 200s ] thds: 400 tps: 9912.67 qps: 198072.85 (r/w/o: 138610.54/39640.37/19821.93) lat (ms,95%): 54.83 err/s: 0.00 reconn/s: 0.00
[ 210s ] thds: 400 tps: 10070.71 qps: 201659.12 (r/w/o: 141229.88/40278.82/20150.41) lat (ms,95%): 51.94 err/s: 0.10 reconn/s: 0.00
[ 220s ] thds: 400 tps: 8014.51 qps: 160333.46 (r/w/o: 112228.21/32076.03/16029.22) lat (ms,95%): 99.33 err/s: 0.10 reconn/s: 0.00
[ 230s ] thds: 400 tps: 7149.80 qps: 142900.36 (r/w/o: 100015.84/28587.91/14296.61) lat (ms,95%): 106.75 err/s: 0.10 reconn/s: 0.00
[ 240s ] thds: 400 tps: 7405.69 qps: 148007.77 (r/w/o: 103611.84/29585.05/14810.88) lat (ms,95%): 101.13 err/s: 0.10 reconn/s: 0.00
[ 250s ] thds: 400 tps: 8612.70 qps: 172433.33 (r/w/o: 120746.45/34457.39/17229.49) lat (ms,95%): 86.00 err/s: 0.00 reconn/s: 0.00
[ 260s ] thds: 400 tps: 9461.87 qps: 189123.27 (r/w/o: 132375.33/37824.19/18923.75) lat (ms,95%): 66.84 err/s: 0.00 reconn/s: 0.00
[ 270s ] thds: 400 tps: 10029.42 qps: 200537.68 (r/w/o: 140332.64/40145.70/20059.35) lat (ms,95%): 53.85 err/s: 0.00 reconn/s: 0.00
[ 280s ] thds: 400 tps: 9733.30 qps: 194958.09 (r/w/o: 136484.06/39007.42/19466.61) lat (ms,95%): 59.99 err/s: 0.00 reconn/s: 0.00
[ 290s ] thds: 400 tps: 9772.10 qps: 195162.12 (r/w/o: 136622.71/38994.90/19544.50) lat (ms,95%): 59.99 err/s: 0.10 reconn/s: 0.00
[ 300s ] thds: 400 tps: 9891.96 qps: 197927.09 (r/w/o: 138547.60/39595.56/19783.93) lat (ms,95%): 55.82 err/s: 0.00 reconn/s: 0.00
[ 310s ] thds: 400 tps: 10076.91 qps: 201518.90 (r/w/o: 141089.84/40274.94/20154.12) lat (ms,95%): 52.89 err/s: 0.10 reconn/s: 0.00
[ 320s ] thds: 400 tps: 9008.22 qps: 180350.97 (r/w/o: 126220.13/36114.39/18016.45) lat (ms,95%): 89.16 err/s: 0.00 reconn/s: 0.00
[ 330s ] thds: 400 tps: 8020.10 qps: 159968.12 (r/w/o: 111934.04/31993.48/16040.59) lat (ms,95%): 95.81 err/s: 0.20 reconn/s: 0.00
[ 340s ] thds: 400 tps: 7290.60 qps: 146077.31 (r/w/o: 102333.41/29162.50/14581.40) lat (ms,95%): 102.97 err/s: 0.00 reconn/s: 0.00
[ 350s ] thds: 400 tps: 7537.41 qps: 150752.27 (r/w/o: 105458.32/30221.03/15072.92) lat (ms,95%): 97.55 err/s: 0.20 reconn/s: 0.00
[ 360s ] thds: 400 tps: 8604.90 qps: 172147.27 (r/w/o: 120564.05/34371.21/17212.01) lat (ms,95%): 81.48 err/s: 0.10 reconn/s: 0.00
[ 370s ] thds: 400 tps: 9565.98 qps: 191447.15 (r/w/o: 133990.18/38324.51/19132.45) lat (ms,95%): 61.08 err/s: 0.00 reconn/s: 0.00
[ 380s ] thds: 400 tps: 9159.09 qps: 183110.14 (r/w/o: 128186.89/36604.57/18318.68) lat (ms,95%): 84.47 err/s: 0.20 reconn/s: 0.00
[ 390s ] thds: 400 tps: 8340.12 qps: 166828.62 (r/w/o: 116771.82/33376.26/16680.53) lat (ms,95%): 95.81 err/s: 0.00 reconn/s: 0.00
[ 400s ] thds: 400 tps: 8066.28 qps: 161360.69 (r/w/o: 112959.98/32268.14/16132.57) lat (ms,95%): 108.68 err/s: 0.00 reconn/s: 0.00
[ 410s ] thds: 400 tps: 7996.90 qps: 159758.98 (r/w/o: 111845.26/31919.92/15993.81) lat (ms,95%): 102.97 err/s: 0.00 reconn/s: 0.00
[ 420s ] thds: 400 tps: 9461.70 qps: 189198.17 (r/w/o: 132393.58/37880.89/18923.70) lat (ms,95%): 66.84 err/s: 0.10 reconn/s: 0.00
[ 430s ] thds: 400 tps: 9054.00 qps: 180939.04 (r/w/o: 126646.96/36186.39/18105.69) lat (ms,95%): 82.96 err/s: 0.00 reconn/s: 0.00
[ 440s ] thds: 400 tps: 8652.80 qps: 173264.77 (r/w/o: 121326.68/34631.09/17307.00) lat (ms,95%): 86.00 err/s: 0.00 reconn/s: 0.00
[ 450s ] thds: 400 tps: 7925.00 qps: 158396.18 (r/w/o: 110820.89/31728.90/15846.40) lat (ms,95%): 92.42 err/s: 0.10 reconn/s: 0.00
[ 460s ] thds: 400 tps: 7220.80 qps: 144499.79 (r/w/o: 101209.16/28844.32/14446.31) lat (ms,95%): 104.84 err/s: 0.00 reconn/s: 0.00
[ 470s ] thds: 400 tps: 7720.70 qps: 154244.31 (r/w/o: 107936.41/30866.40/15441.50) lat (ms,95%): 94.10 err/s: 0.00 reconn/s: 0.00
[ 480s ] thds: 400 tps: 9602.09 qps: 192202.25 (r/w/o: 134557.10/38440.57/19204.59) lat (ms,95%): 59.99 err/s: 0.20 reconn/s: 0.00
[ 490s ] thds: 400 tps: 9978.82 qps: 199604.04 (r/w/o: 139743.24/39905.87/19954.93) lat (ms,95%): 53.85 err/s: 0.00 reconn/s: 0.00
[ 500s ] thds: 400 tps: 9728.95 qps: 194400.74 (r/w/o: 136028.93/38918.91/19452.90) lat (ms,95%): 62.19 err/s: 0.00 reconn/s: 0.00
[ 510s ] thds: 400 tps: 9599.44 qps: 192210.34 (r/w/o: 134560.72/38442.95/19206.67) lat (ms,95%): 68.05 err/s: 0.10 reconn/s: 0.00
[ 520s ] thds: 400 tps: 9839.51 qps: 196841.89 (r/w/o: 137790.73/39372.04/19679.12) lat (ms,95%): 58.92 err/s: 0.00 reconn/s: 0.00
[ 530s ] thds: 400 tps: 9863.78 qps: 197360.89 (r/w/o: 138157.48/39475.84/19727.57) lat (ms,95%): 56.84 err/s: 0.00 reconn/s: 0.00
[ 540s ] thds: 400 tps: 9152.89 qps: 182885.34 (r/w/o: 127988.49/36595.97/18300.88) lat (ms,95%): 80.03 err/s: 0.00 reconn/s: 0.00
[ 550s ] thds: 400 tps: 8314.41 qps: 166381.56 (r/w/o: 116519.68/33227.85/16634.03) lat (ms,95%): 94.10 err/s: 0.00 reconn/s: 0.00
[ 560s ] thds: 400 tps: 7667.79 qps: 153198.85 (r/w/o: 107197.92/30670.85/15330.07) lat (ms,95%): 94.10 err/s: 0.00 reconn/s: 0.00
[ 570s ] thds: 400 tps: 7541.10 qps: 150857.14 (r/w/o: 105600.56/30168.59/15087.99) lat (ms,95%): 95.81 err/s: 0.10 reconn/s: 0.00
[ 580s ] thds: 400 tps: 7720.00 qps: 154378.93 (r/w/o: 108111.72/30827.11/15440.10) lat (ms,95%): 95.81 err/s: 0.00 reconn/s: 0.00
[ 590s ] thds: 400 tps: 9850.59 qps: 197150.72 (r/w/o: 138026.21/39422.94/19701.57) lat (ms,95%): 53.85 err/s: 0.20 reconn/s: 0.00
[ 600s ] thds: 400 tps: 9869.12 qps: 197170.56 (r/w/o: 137984.22/39447.79/19738.55) lat (ms,95%): 56.84 err/s: 0.00 reconn/s: 0.00
[ 610s ] thds: 400 tps: 9647.87 qps: 193129.47 (r/w/o: 135182.46/38651.47/19295.54) lat (ms,95%): 63.32 err/s: 0.00 reconn/s: 0.00
[ 620s ] thds: 400 tps: 9636.42 qps: 192660.24 (r/w/o: 134840.84/38547.47/19271.93) lat (ms,95%): 66.84 err/s: 0.10 reconn/s: 0.00
[ 630s ] thds: 400 tps: 9914.69 qps: 198287.78 (r/w/o: 138839.75/39617.26/19830.78) lat (ms,95%): 56.84 err/s: 0.10 reconn/s: 0.00
[ 640s ] thds: 400 tps: 9724.09 qps: 194585.39 (r/w/o: 136243.22/38893.88/19448.29) lat (ms,95%): 62.19 err/s: 0.10 reconn/s: 0.00
[ 650s ] thds: 400 tps: 9455.91 qps: 189033.63 (r/w/o: 132307.59/37814.23/18911.81) lat (ms,95%): 73.13 err/s: 0.10 reconn/s: 0.00
[ 660s ] thds: 400 tps: 7761.90 qps: 155038.59 (r/w/o: 108448.79/31066.10/15523.70) lat (ms,95%): 97.55 err/s: 0.10 reconn/s: 0.00
[ 670s ] thds: 400 tps: 8093.61 qps: 161917.46 (r/w/o: 113374.58/32354.85/16188.03) lat (ms,95%): 89.16 err/s: 0.00 reconn/s: 0.00
[ 680s ] thds: 400 tps: 7513.28 qps: 150593.74 (r/w/o: 105458.15/30108.93/15026.66) lat (ms,95%): 101.13 err/s: 0.00 reconn/s: 0.00
[ 690s ] thds: 400 tps: 8202.01 qps: 163969.26 (r/w/o: 114780.08/32785.25/16403.93) lat (ms,95%): 87.56 err/s: 0.00 reconn/s: 0.00
[ 700s ] thds: 400 tps: 9872.11 qps: 197521.73 (r/w/o: 138239.76/39537.45/19744.52) lat (ms,95%): 54.83 err/s: 0.00 reconn/s: 0.00
[ 710s ] thds: 400 tps: 9899.59 qps: 197750.88 (r/w/o: 138380.34/39572.56/19797.98) lat (ms,95%): 56.84 err/s: 0.10 reconn/s: 0.00
[ 720s ] thds: 400 tps: 10105.09 qps: 202258.32 (r/w/o: 141658.87/40387.66/20211.78) lat (ms,95%): 51.94 err/s: 0.00 reconn/s: 0.00
[ 730s ] thds: 400 tps: 8908.02 qps: 178239.47 (r/w/o: 124728.96/35694.57/17815.94) lat (ms,95%): 82.96 err/s: 0.00 reconn/s: 0.00
[ 740s ] thds: 400 tps: 9691.49 qps: 193868.33 (r/w/o: 135717.68/38767.47/19383.18) lat (ms,95%): 61.08 err/s: 0.00 reconn/s: 0.00
[ 750s ] thds: 400 tps: 9413.71 qps: 188090.05 (r/w/o: 131691.78/37571.65/18826.63) lat (ms,95%): 73.13 err/s: 0.10 reconn/s: 0.00
[ 760s ] thds: 400 tps: 8958.49 qps: 178907.91 (r/w/o: 125170.29/35819.44/17918.17) lat (ms,95%): 87.56 err/s: 0.10 reconn/s: 0.00
[ 770s ] thds: 400 tps: 8330.71 qps: 166864.25 (r/w/o: 116830.58/33377.35/16656.33) lat (ms,95%): 95.81 err/s: 0.10 reconn/s: 0.00
[ 780s ] thds: 400 tps: 7520.30 qps: 150424.15 (r/w/o: 105295.47/30084.29/15044.40) lat (ms,95%): 110.66 err/s: 0.00 reconn/s: 0.00
[ 790s ] thds: 400 tps: 7894.49 qps: 157688.67 (r/w/o: 110357.91/31542.87/15787.89) lat (ms,95%): 112.67 err/s: 0.00 reconn/s: 0.00
[ 800s ] thds: 400 tps: 7434.51 qps: 149054.14 (r/w/o: 104368.89/29813.33/14871.91) lat (ms,95%): 108.68 err/s: 0.00 reconn/s: 0.00
[ 810s ] thds: 400 tps: 7778.70 qps: 155445.45 (r/w/o: 108860.64/31027.61/15557.21) lat (ms,95%): 102.97 err/s: 0.00 reconn/s: 0.00
[ 820s ] thds: 400 tps: 8100.39 qps: 161840.66 (r/w/o: 113207.33/32436.15/16197.18) lat (ms,95%): 101.13 err/s: 0.00 reconn/s: 0.00
[ 830s ] thds: 400 tps: 8380.41 qps: 167798.86 (r/w/o: 117521.51/33512.53/16764.82) lat (ms,95%): 97.55 err/s: 0.00 reconn/s: 0.00
[ 840s ] thds: 400 tps: 9400.94 qps: 187806.12 (r/w/o: 131419.98/37589.36/18796.78) lat (ms,95%): 70.55 err/s: 0.00 reconn/s: 0.00
SQL statistics:
    queries performed:
        read:                            103853092
        write:                           29672191
        other:                           14836211
        total:                           148361494
    transactions:                        7418045 (8812.62 per sec.)
    queries:                             148361494 (176253.19 per sec.)
    ignored errors:                      33     (0.04 per sec.)
    reconnects:                          0      (0.00 per sec.)

General statistics:
    total time:                          841.7511s
    total number of events:              7418045

Latency (ms):
         min:                                   19.88
         avg:                                   45.32
         max:                                 1778.75
         95th percentile:                       87.56
         sum:                            336183009.82

Threads fairness:
    events (avg/stddev):           18545.1125/435.63
    execution time (avg/stddev):   840.4575/0.31

