sysbench 1.0.20-ebf1c90 (using bundled LuaJIT 2.1.0-beta2)

Running the test with following options:
Number of threads: 400
Report intermediate results every 10 second(s)
Initializing random number generator from current time


Initializing worker threads...

Threads started!

[ 10s ] thds: 400 tps: 5696.71 qps: 114344.37 (r/w/o: 80086.24/22827.32/11430.81) lat (ms,95%): 215.44 err/s: 0.00 reconn/s: 0.00
[ 20s ] thds: 400 tps: 7998.45 qps: 159925.31 (r/w/o: 111948.51/31981.00/15995.80) lat (ms,95%): 170.48 err/s: 0.00 reconn/s: 0.00
[ 30s ] thds: 400 tps: 8734.20 qps: 174893.89 (r/w/o: 122461.16/34960.52/17472.21) lat (ms,95%): 127.81 err/s: 0.10 reconn/s: 0.00
[ 40s ] thds: 400 tps: 9291.89 qps: 185753.16 (r/w/o: 129996.63/37181.65/18574.88) lat (ms,95%): 70.55 err/s: 0.00 reconn/s: 0.00
[ 50s ] thds: 400 tps: 9421.41 qps: 188194.63 (r/w/o: 131694.86/37647.85/18851.92) lat (ms,95%): 65.65 err/s: 0.00 reconn/s: 0.00
[ 60s ] thds: 400 tps: 9668.80 qps: 193736.59 (r/w/o: 135685.56/38713.12/19337.91) lat (ms,95%): 56.84 err/s: 0.00 reconn/s: 0.00
[ 70s ] thds: 400 tps: 9487.04 qps: 189591.76 (r/w/o: 132718.40/37899.37/18973.99) lat (ms,95%): 66.84 err/s: 0.00 reconn/s: 0.00
[ 80s ] thds: 400 tps: 9518.73 qps: 190406.22 (r/w/o: 133286.36/38082.40/19037.45) lat (ms,95%): 68.05 err/s: 0.00 reconn/s: 0.00
[ 90s ] thds: 400 tps: 9695.90 qps: 193928.49 (r/w/o: 135718.99/38817.60/19391.90) lat (ms,95%): 59.99 err/s: 0.00 reconn/s: 0.00
[ 100s ] thds: 400 tps: 9938.71 qps: 198722.38 (r/w/o: 139106.12/39739.04/19877.22) lat (ms,95%): 55.82 err/s: 0.00 reconn/s: 0.00
[ 110s ] thds: 400 tps: 7215.62 qps: 144283.68 (r/w/o: 101003.77/28849.68/14430.24) lat (ms,95%): 121.08 err/s: 0.00 reconn/s: 0.00
[ 120s ] thds: 400 tps: 5927.69 qps: 118692.20 (r/w/o: 83052.23/23789.08/11850.89) lat (ms,95%): 142.39 err/s: 0.10 reconn/s: 0.00
[ 130s ] thds: 400 tps: 6920.20 qps: 138497.34 (r/w/o: 96987.23/27663.81/13846.30) lat (ms,95%): 118.92 err/s: 0.00 reconn/s: 0.00
[ 140s ] thds: 400 tps: 9492.99 qps: 189715.55 (r/w/o: 132794.39/37935.17/18985.99) lat (ms,95%): 61.08 err/s: 0.00 reconn/s: 0.00
[ 150s ] thds: 400 tps: 9742.76 qps: 194798.78 (r/w/o: 136391.20/38922.06/19485.53) lat (ms,95%): 62.19 err/s: 0.00 reconn/s: 0.00
[ 160s ] thds: 400 tps: 9532.76 qps: 190866.62 (r/w/o: 133570.59/38230.53/19065.51) lat (ms,95%): 68.05 err/s: 0.00 reconn/s: 0.00
[ 170s ] thds: 400 tps: 10067.43 qps: 201044.88 (r/w/o: 140714.00/40202.12/20128.76) lat (ms,95%): 54.83 err/s: 0.00 reconn/s: 0.00
[ 180s ] thds: 400 tps: 9617.14 qps: 192515.22 (r/w/o: 134815.98/38458.76/19240.48) lat (ms,95%): 63.32 err/s: 0.00 reconn/s: 0.00
[ 190s ] thds: 400 tps: 9633.83 qps: 192473.12 (r/w/o: 134684.16/38521.30/19267.65) lat (ms,95%): 64.47 err/s: 0.00 reconn/s: 0.00
[ 200s ] thds: 400 tps: 9898.70 qps: 198049.05 (r/w/o: 138670.26/39581.19/19797.59) lat (ms,95%): 55.82 err/s: 0.00 reconn/s: 0.00
[ 210s ] thds: 400 tps: 10019.79 qps: 200449.65 (r/w/o: 140285.82/40123.95/20039.87) lat (ms,95%): 51.94 err/s: 0.00 reconn/s: 0.00
[ 220s ] thds: 400 tps: 7988.50 qps: 159725.32 (r/w/o: 111794.94/31959.18/15971.19) lat (ms,95%): 99.33 err/s: 0.00 reconn/s: 0.00
[ 230s ] thds: 400 tps: 7120.69 qps: 142447.12 (r/w/o: 99726.38/28476.86/14243.88) lat (ms,95%): 106.75 err/s: 0.10 reconn/s: 0.00
[ 240s ] thds: 400 tps: 7384.01 qps: 147715.86 (r/w/o: 103412.38/29533.15/14770.33) lat (ms,95%): 101.13 err/s: 0.00 reconn/s: 0.00
[ 250s ] thds: 400 tps: 8597.58 qps: 172134.66 (r/w/o: 120470.26/34469.43/17194.97) lat (ms,95%): 86.00 err/s: 0.00 reconn/s: 0.00
[ 260s ] thds: 400 tps: 9479.33 qps: 189518.00 (r/w/o: 132714.25/37843.60/18960.15) lat (ms,95%): 66.84 err/s: 0.00 reconn/s: 0.00
[ 270s ] thds: 400 tps: 9996.60 qps: 199858.95 (r/w/o: 139894.74/39971.21/19993.01) lat (ms,95%): 53.85 err/s: 0.00 reconn/s: 0.00
[ 280s ] thds: 400 tps: 9771.77 qps: 195243.66 (r/w/o: 136602.42/39097.59/19543.65) lat (ms,95%): 61.08 err/s: 0.00 reconn/s: 0.00
[ 290s ] thds: 400 tps: 9779.50 qps: 195683.49 (r/w/o: 137028.89/39099.60/19555.00) lat (ms,95%): 58.92 err/s: 0.00 reconn/s: 0.00
[ 300s ] thds: 400 tps: 9887.63 qps: 197937.83 (r/w/o: 138554.64/39603.23/19779.96) lat (ms,95%): 55.82 err/s: 0.20 reconn/s: 0.00
[ 310s ] thds: 400 tps: 10070.77 qps: 201485.78 (r/w/o: 141038.14/40305.80/20141.85) lat (ms,95%): 52.89 err/s: 0.10 reconn/s: 0.00
[ 320s ] thds: 400 tps: 9005.20 qps: 179697.48 (r/w/o: 125754.65/35932.32/18010.51) lat (ms,95%): 89.16 err/s: 0.00 reconn/s: 0.00
[ 330s ] thds: 400 tps: 7973.09 qps: 159694.78 (r/w/o: 111855.32/31893.18/15946.29) lat (ms,95%): 95.81 err/s: 0.00 reconn/s: 0.00
[ 340s ] thds: 400 tps: 7301.48 qps: 146131.26 (r/w/o: 102288.49/29239.81/14602.96) lat (ms,95%): 102.97 err/s: 0.00 reconn/s: 0.00
[ 350s ] thds: 400 tps: 7528.71 qps: 150296.12 (r/w/o: 105157.69/30081.42/15057.01) lat (ms,95%): 97.55 err/s: 0.00 reconn/s: 0.00
[ 360s ] thds: 400 tps: 8622.29 qps: 172640.25 (r/w/o: 120848.92/34550.15/17241.17) lat (ms,95%): 80.03 err/s: 0.00 reconn/s: 0.00
[ 370s ] thds: 400 tps: 9585.97 qps: 191488.89 (r/w/o: 134036.34/38280.20/19172.35) lat (ms,95%): 61.08 err/s: 0.00 reconn/s: 0.00
[ 380s ] thds: 400 tps: 9127.73 qps: 182734.93 (r/w/o: 127916.54/36559.23/18259.16) lat (ms,95%): 84.47 err/s: 0.00 reconn/s: 0.00
[ 390s ] thds: 400 tps: 8295.21 qps: 166121.20 (r/w/o: 116295.87/33234.92/16590.41) lat (ms,95%): 95.81 err/s: 0.00 reconn/s: 0.00
[ 400s ] thds: 400 tps: 8107.91 qps: 161850.28 (r/w/o: 113282.39/32357.76/16210.13) lat (ms,95%): 106.75 err/s: 0.00 reconn/s: 0.00
[ 410s ] thds: 400 tps: 7960.48 qps: 159417.07 (r/w/o: 111636.60/31853.81/15926.66) lat (ms,95%): 102.97 err/s: 0.00 reconn/s: 0.00
[ 420s ] thds: 400 tps: 9451.62 qps: 188943.27 (r/w/o: 132255.96/37784.07/18903.24) lat (ms,95%): 66.84 err/s: 0.00 reconn/s: 0.00
[ 430s ] thds: 400 tps: 9040.86 qps: 180818.58 (r/w/o: 126586.20/36150.66/18081.73) lat (ms,95%): 84.47 err/s: 0.00 reconn/s: 0.00
[ 440s ] thds: 400 tps: 8633.02 qps: 172641.04 (r/w/o: 120831.54/34544.67/17264.83) lat (ms,95%): 86.00 err/s: 0.00 reconn/s: 0.00
[ 450s ] thds: 400 tps: 7916.99 qps: 158212.34 (r/w/o: 110720.19/31659.67/15832.48) lat (ms,95%): 92.42 err/s: 0.00 reconn/s: 0.00
[ 460s ] thds: 400 tps: 7228.49 qps: 144826.10 (r/w/o: 101390.33/28978.78/14456.99) lat (ms,95%): 104.84 err/s: 0.00 reconn/s: 0.00
[ 470s ] thds: 400 tps: 7662.02 qps: 153045.23 (r/w/o: 107151.70/30566.69/15326.84) lat (ms,95%): 94.10 err/s: 0.00 reconn/s: 0.00
[ 480s ] thds: 400 tps: 9665.35 qps: 193581.35 (r/w/o: 135485.64/38764.91/19330.81) lat (ms,95%): 58.92 err/s: 0.00 reconn/s: 0.00
[ 490s ] thds: 400 tps: 9958.36 qps: 199138.16 (r/w/o: 139390.71/39830.73/19916.72) lat (ms,95%): 53.85 err/s: 0.00 reconn/s: 0.00
[ 500s ] thds: 400 tps: 9715.40 qps: 194130.94 (r/w/o: 135929.33/38770.61/19431.00) lat (ms,95%): 62.19 err/s: 0.00 reconn/s: 0.00
[ 510s ] thds: 400 tps: 9589.78 qps: 191756.65 (r/w/o: 134207.09/38369.61/19179.96) lat (ms,95%): 69.29 err/s: 0.20 reconn/s: 0.00
[ 520s ] thds: 400 tps: 9840.70 qps: 196817.54 (r/w/o: 137742.33/39401.21/19674.00) lat (ms,95%): 58.92 err/s: 0.00 reconn/s: 0.00
[ 530s ] thds: 400 tps: 9894.47 qps: 197723.23 (r/w/o: 138378.43/39548.47/19796.33) lat (ms,95%): 56.84 err/s: 0.00 reconn/s: 0.00
[ 540s ] thds: 400 tps: 9108.94 qps: 182213.41 (r/w/o: 127590.70/36405.64/18217.07) lat (ms,95%): 81.48 err/s: 0.10 reconn/s: 0.00
[ 550s ] thds: 400 tps: 8337.40 qps: 166972.31 (r/w/o: 116878.03/33420.38/16673.89) lat (ms,95%): 94.10 err/s: 0.10 reconn/s: 0.00
[ 560s ] thds: 400 tps: 7688.38 qps: 153600.22 (r/w/o: 107537.04/30684.02/15379.16) lat (ms,95%): 94.10 err/s: 0.00 reconn/s: 0.00
[ 570s ] thds: 400 tps: 7522.91 qps: 150505.60 (r/w/o: 105357.54/30102.24/15045.82) lat (ms,95%): 95.81 err/s: 0.00 reconn/s: 0.00
[ 580s ] thds: 400 tps: 7739.19 qps: 155040.66 (r/w/o: 108518.73/31043.35/15478.58) lat (ms,95%): 95.81 err/s: 0.00 reconn/s: 0.00
[ 590s ] thds: 400 tps: 9914.76 qps: 197818.72 (r/w/o: 138422.36/39575.84/19820.52) lat (ms,95%): 53.85 err/s: 0.00 reconn/s: 0.00
[ 600s ] thds: 400 tps: 9867.78 qps: 197700.15 (r/w/o: 138485.59/39469.81/19744.76) lat (ms,95%): 55.82 err/s: 0.10 reconn/s: 0.00
[ 610s ] thds: 400 tps: 9683.82 qps: 193399.50 (r/w/o: 135297.95/38733.90/19367.65) lat (ms,95%): 63.32 err/s: 0.10 reconn/s: 0.00
[ 620s ] thds: 400 tps: 9596.54 qps: 192011.82 (r/w/o: 134436.38/38382.06/19193.38) lat (ms,95%): 66.84 err/s: 0.00 reconn/s: 0.00
[ 630s ] thds: 400 tps: 9885.12 qps: 197988.45 (r/w/o: 138597.35/39620.67/19770.44) lat (ms,95%): 56.84 err/s: 0.00 reconn/s: 0.00
[ 640s ] thds: 400 tps: 9730.18 qps: 194323.62 (r/w/o: 136002.24/38873.92/19447.46) lat (ms,95%): 62.19 err/s: 0.00 reconn/s: 0.00
[ 650s ] thds: 400 tps: 9484.36 qps: 189892.06 (r/w/o: 132951.58/37965.25/18975.23) lat (ms,95%): 73.13 err/s: 0.10 reconn/s: 0.00
[ 660s ] thds: 400 tps: 7757.93 qps: 155053.09 (r/w/o: 108563.41/30967.12/15522.56) lat (ms,95%): 97.55 err/s: 0.00 reconn/s: 0.00
[ 670s ] thds: 400 tps: 8072.71 qps: 161543.06 (r/w/o: 113095.08/32302.35/16145.63) lat (ms,95%): 89.16 err/s: 0.10 reconn/s: 0.00
[ 680s ] thds: 400 tps: 7529.96 qps: 150321.86 (r/w/o: 105124.38/30144.45/15053.03) lat (ms,95%): 99.33 err/s: 0.00 reconn/s: 0.00
[ 690s ] thds: 400 tps: 8210.44 qps: 164337.02 (r/w/o: 115076.07/32839.86/16421.08) lat (ms,95%): 87.56 err/s: 0.00 reconn/s: 0.00
[ 700s ] thds: 400 tps: 9928.40 qps: 198700.31 (r/w/o: 139091.61/39744.90/19863.80) lat (ms,95%): 53.85 err/s: 0.10 reconn/s: 0.00
[ 710s ] thds: 400 tps: 9952.30 qps: 198941.50 (r/w/o: 139289.93/39747.08/19904.49) lat (ms,95%): 55.82 err/s: 0.00 reconn/s: 0.00
[ 720s ] thds: 400 tps: 10113.68 qps: 202260.09 (r/w/o: 141536.08/40496.54/20227.47) lat (ms,95%): 51.94 err/s: 0.00 reconn/s: 0.00
[ 730s ] thds: 400 tps: 8895.32 qps: 177971.40 (r/w/o: 124602.75/35578.50/17790.15) lat (ms,95%): 82.96 err/s: 0.00 reconn/s: 0.00
[ 740s ] thds: 400 tps: 9745.30 qps: 194798.17 (r/w/o: 136342.78/38963.99/19491.40) lat (ms,95%): 61.08 err/s: 0.10 reconn/s: 0.00
[ 750s ] thds: 400 tps: 9397.10 qps: 188186.93 (r/w/o: 131747.75/37644.99/18794.19) lat (ms,95%): 74.46 err/s: 0.10 reconn/s: 0.00
[ 760s ] thds: 400 tps: 8994.60 qps: 179809.00 (r/w/o: 125926.83/35892.58/17989.59) lat (ms,95%): 87.56 err/s: 0.10 reconn/s: 0.00
[ 770s ] thds: 400 tps: 8356.29 qps: 167147.09 (r/w/o: 116952.03/33483.08/16711.99) lat (ms,95%): 95.81 err/s: 0.00 reconn/s: 0.00
[ 780s ] thds: 400 tps: 7548.57 qps: 151095.08 (r/w/o: 105763.74/30233.60/15097.75) lat (ms,95%): 110.66 err/s: 0.00 reconn/s: 0.00
[ 790s ] thds: 400 tps: 7897.80 qps: 157620.16 (r/w/o: 110314.75/31512.11/15793.31) lat (ms,95%): 112.67 err/s: 0.00 reconn/s: 0.00
[ 800s ] thds: 400 tps: 7471.40 qps: 149506.15 (r/w/o: 104649.53/29911.41/14945.20) lat (ms,95%): 108.68 err/s: 0.00 reconn/s: 0.00
[ 810s ] thds: 400 tps: 7760.39 qps: 155417.57 (r/w/o: 108822.04/31074.85/15520.68) lat (ms,95%): 102.97 err/s: 0.00 reconn/s: 0.00
[ 820s ] thds: 400 tps: 8111.39 qps: 161982.13 (r/w/o: 113388.58/32370.47/16223.08) lat (ms,95%): 101.13 err/s: 0.10 reconn/s: 0.00
[ 830s ] thds: 400 tps: 8389.82 qps: 168057.96 (r/w/o: 117622.65/33655.67/16779.64) lat (ms,95%): 97.55 err/s: 0.00 reconn/s: 0.00
[ 840s ] thds: 400 tps: 9414.97 qps: 188182.02 (r/w/o: 131728.99/37625.78/18827.24) lat (ms,95%): 70.55 err/s: 0.10 reconn/s: 0.00
SQL statistics:
    queries performed:
        read:                            103859378
        write:                           29674033
        other:                           14837089
        total:                           148370500
    transactions:                        7418507 (8811.42 per sec.)
    queries:                             148370500 (176228.76 per sec.)
    ignored errors:                      20     (0.02 per sec.)
    reconnects:                          0      (0.00 per sec.)

General statistics:
    total time:                          841.9189s
    total number of events:              7418507

Latency (ms):
         min:                                   19.78
         avg:                                   45.32
         max:                                 1919.34
         95th percentile:                       87.56
         sum:                            336189559.36

Threads fairness:
    events (avg/stddev):           18546.2675/456.48
    execution time (avg/stddev):   840.4739/0.28

