sysbench 1.0.20-ebf1c90 (using bundled LuaJIT 2.1.0-beta2)

Running the test with following options:
Number of threads: 400
Report intermediate results every 10 second(s)
Initializing random number generator from current time


Initializing worker threads...

Threads started!

[ 10s ] thds: 400 tps: 5669.47 qps: 113910.14 (r/w/o: 79810.35/22720.86/11378.93) lat (ms,95%): 215.44 err/s: 0.00 reconn/s: 0.00
[ 20s ] thds: 400 tps: 8028.79 qps: 160507.96 (r/w/o: 112376.33/32074.05/16057.58) lat (ms,95%): 170.48 err/s: 0.00 reconn/s: 0.00
[ 30s ] thds: 400 tps: 8737.55 qps: 174778.74 (r/w/o: 122312.93/34993.01/17472.80) lat (ms,95%): 130.13 err/s: 0.00 reconn/s: 0.00
[ 40s ] thds: 400 tps: 9230.58 qps: 184484.05 (r/w/o: 129123.89/36897.71/18462.46) lat (ms,95%): 71.83 err/s: 0.00 reconn/s: 0.00
[ 50s ] thds: 400 tps: 9458.30 qps: 189127.52 (r/w/o: 132386.41/37830.50/18910.60) lat (ms,95%): 64.47 err/s: 0.00 reconn/s: 0.00
[ 60s ] thds: 400 tps: 9711.50 qps: 194496.92 (r/w/o: 136143.62/38930.30/19423.00) lat (ms,95%): 56.84 err/s: 0.00 reconn/s: 0.00
[ 70s ] thds: 400 tps: 9475.62 qps: 189485.84 (r/w/o: 132698.04/37829.07/18958.73) lat (ms,95%): 65.65 err/s: 0.10 reconn/s: 0.00
[ 80s ] thds: 400 tps: 9521.26 qps: 190483.06 (r/w/o: 133327.68/38112.65/19042.73) lat (ms,95%): 68.05 err/s: 0.10 reconn/s: 0.00
[ 90s ] thds: 400 tps: 9740.65 qps: 194598.85 (r/w/o: 136173.17/38954.99/19470.70) lat (ms,95%): 59.99 err/s: 0.20 reconn/s: 0.00
[ 100s ] thds: 400 tps: 9899.59 qps: 197969.47 (r/w/o: 138568.04/39591.35/19810.08) lat (ms,95%): 56.84 err/s: 0.00 reconn/s: 0.00
[ 110s ] thds: 400 tps: 7223.70 qps: 144460.71 (r/w/o: 101147.21/28869.00/14444.50) lat (ms,95%): 121.08 err/s: 0.00 reconn/s: 0.00
[ 120s ] thds: 400 tps: 5975.67 qps: 119729.78 (r/w/o: 83838.74/23936.60/11954.45) lat (ms,95%): 142.39 err/s: 0.00 reconn/s: 0.00
[ 130s ] thds: 400 tps: 6927.28 qps: 138638.88 (r/w/o: 97042.07/27742.04/13854.77) lat (ms,95%): 118.92 err/s: 0.00 reconn/s: 0.00
[ 140s ] thds: 400 tps: 9598.30 qps: 191602.54 (r/w/o: 134091.96/38314.09/19196.49) lat (ms,95%): 59.99 err/s: 0.00 reconn/s: 0.00
[ 150s ] thds: 400 tps: 9744.90 qps: 195086.82 (r/w/o: 136580.71/39016.20/19489.90) lat (ms,95%): 62.19 err/s: 0.00 reconn/s: 0.00
[ 160s ] thds: 400 tps: 9596.49 qps: 191632.49 (r/w/o: 134082.33/38357.08/19193.09) lat (ms,95%): 68.05 err/s: 0.00 reconn/s: 0.00
[ 170s ] thds: 400 tps: 10061.60 qps: 201475.94 (r/w/o: 141096.36/40263.59/20115.99) lat (ms,95%): 54.83 err/s: 0.00 reconn/s: 0.00
[ 180s ] thds: 400 tps: 9626.79 qps: 192721.60 (r/w/o: 134916.76/38543.76/19261.08) lat (ms,95%): 62.19 err/s: 0.00 reconn/s: 0.00
[ 190s ] thds: 400 tps: 9687.22 qps: 193591.18 (r/w/o: 135520.04/38696.60/19374.55) lat (ms,95%): 64.47 err/s: 0.00 reconn/s: 0.00
[ 200s ] thds: 400 tps: 9934.40 qps: 198777.27 (r/w/o: 139127.65/39780.71/19868.91) lat (ms,95%): 54.83 err/s: 0.00 reconn/s: 0.00
[ 210s ] thds: 400 tps: 10128.00 qps: 202458.78 (r/w/o: 141727.28/40482.60/20248.90) lat (ms,95%): 51.02 err/s: 0.00 reconn/s: 0.00
[ 220s ] thds: 400 tps: 8024.12 qps: 160357.85 (r/w/o: 112211.41/32094.69/16051.74) lat (ms,95%): 99.33 err/s: 0.00 reconn/s: 0.00
[ 230s ] thds: 400 tps: 7188.49 qps: 144006.98 (r/w/o: 100824.15/28802.06/14380.78) lat (ms,95%): 106.75 err/s: 0.00 reconn/s: 0.00
[ 240s ] thds: 400 tps: 7454.11 qps: 148935.84 (r/w/o: 104255.30/29776.73/14903.81) lat (ms,95%): 99.33 err/s: 0.10 reconn/s: 0.00
[ 250s ] thds: 400 tps: 8650.39 qps: 172839.81 (r/w/o: 120961.70/34577.24/17300.87) lat (ms,95%): 84.47 err/s: 0.00 reconn/s: 0.00
[ 260s ] thds: 400 tps: 9478.20 qps: 190014.51 (r/w/o: 133026.11/38027.40/18961.00) lat (ms,95%): 66.84 err/s: 0.00 reconn/s: 0.00
[ 270s ] thds: 400 tps: 10003.99 qps: 199988.54 (r/w/o: 140034.29/39946.07/20008.18) lat (ms,95%): 53.85 err/s: 0.00 reconn/s: 0.00
[ 280s ] thds: 400 tps: 9771.65 qps: 195422.18 (r/w/o: 136761.18/39117.40/19543.60) lat (ms,95%): 59.99 err/s: 0.10 reconn/s: 0.00
[ 290s ] thds: 400 tps: 9804.39 qps: 196001.37 (r/w/o: 137200.11/39192.17/19609.09) lat (ms,95%): 59.99 err/s: 0.10 reconn/s: 0.00
[ 300s ] thds: 400 tps: 9895.44 qps: 197831.02 (r/w/o: 138478.81/39568.84/19783.37) lat (ms,95%): 55.82 err/s: 0.10 reconn/s: 0.00
[ 310s ] thds: 400 tps: 10073.66 qps: 201345.16 (r/w/o: 140917.71/40279.23/20148.22) lat (ms,95%): 52.89 err/s: 0.00 reconn/s: 0.00
[ 320s ] thds: 400 tps: 9072.90 qps: 181553.08 (r/w/o: 127128.28/36272.00/18152.80) lat (ms,95%): 87.56 err/s: 0.10 reconn/s: 0.00
[ 330s ] thds: 400 tps: 8015.81 qps: 160512.99 (r/w/o: 112399.73/32081.44/16031.82) lat (ms,95%): 94.10 err/s: 0.10 reconn/s: 0.00
[ 340s ] thds: 400 tps: 7339.36 qps: 146870.36 (r/w/o: 102734.61/29459.93/14675.82) lat (ms,95%): 102.97 err/s: 0.10 reconn/s: 0.00
[ 350s ] thds: 400 tps: 7589.80 qps: 151684.03 (r/w/o: 106211.62/30289.51/15182.90) lat (ms,95%): 97.55 err/s: 0.00 reconn/s: 0.00
[ 360s ] thds: 400 tps: 8636.91 qps: 172593.73 (r/w/o: 120771.09/34548.93/17273.71) lat (ms,95%): 80.03 err/s: 0.00 reconn/s: 0.00
[ 370s ] thds: 400 tps: 9582.21 qps: 191647.44 (r/w/o: 134216.60/38266.03/19164.81) lat (ms,95%): 59.99 err/s: 0.00 reconn/s: 0.00
[ 380s ] thds: 400 tps: 9171.49 qps: 183351.16 (r/w/o: 128301.11/36708.37/18341.69) lat (ms,95%): 84.47 err/s: 0.10 reconn/s: 0.00
[ 390s ] thds: 400 tps: 8345.91 qps: 167080.73 (r/w/o: 116990.66/33397.15/16692.92) lat (ms,95%): 94.10 err/s: 0.00 reconn/s: 0.00
[ 400s ] thds: 400 tps: 8099.98 qps: 161958.63 (r/w/o: 113393.84/32364.23/16200.56) lat (ms,95%): 106.75 err/s: 0.10 reconn/s: 0.00
[ 410s ] thds: 400 tps: 8043.75 qps: 160971.62 (r/w/o: 112616.95/32276.08/16078.59) lat (ms,95%): 102.97 err/s: 0.00 reconn/s: 0.00
[ 420s ] thds: 400 tps: 9512.37 qps: 190235.11 (r/w/o: 133239.98/37961.08/19034.04) lat (ms,95%): 66.84 err/s: 0.20 reconn/s: 0.00
[ 430s ] thds: 400 tps: 9063.98 qps: 181415.36 (r/w/o: 126945.79/36341.41/18128.16) lat (ms,95%): 80.03 err/s: 0.00 reconn/s: 0.00
[ 440s ] thds: 400 tps: 8675.27 qps: 173246.89 (r/w/o: 121276.57/34620.08/17350.24) lat (ms,95%): 87.56 err/s: 0.00 reconn/s: 0.00
[ 450s ] thds: 400 tps: 7905.67 qps: 158309.78 (r/w/o: 110808.44/31689.70/15811.65) lat (ms,95%): 92.42 err/s: 0.00 reconn/s: 0.00
[ 460s ] thds: 400 tps: 7271.36 qps: 145451.57 (r/w/o: 101828.99/29079.75/14542.83) lat (ms,95%): 102.97 err/s: 0.00 reconn/s: 0.00
[ 470s ] thds: 400 tps: 7707.72 qps: 154209.02 (r/w/o: 107928.63/30864.96/15415.43) lat (ms,95%): 94.10 err/s: 0.00 reconn/s: 0.00
[ 480s ] thds: 400 tps: 9651.71 qps: 192861.33 (r/w/o: 135019.69/38538.23/19303.41) lat (ms,95%): 59.99 err/s: 0.10 reconn/s: 0.00
[ 490s ] thds: 400 tps: 10000.31 qps: 199844.21 (r/w/o: 139865.45/39977.54/20001.22) lat (ms,95%): 53.85 err/s: 0.00 reconn/s: 0.00
[ 500s ] thds: 400 tps: 9742.44 qps: 195039.64 (r/w/o: 136571.52/38983.25/19484.87) lat (ms,95%): 61.08 err/s: 0.00 reconn/s: 0.00
[ 510s ] thds: 400 tps: 9653.46 qps: 193028.02 (r/w/o: 135112.55/38608.44/19307.02) lat (ms,95%): 68.05 err/s: 0.00 reconn/s: 0.00
[ 520s ] thds: 400 tps: 9871.08 qps: 197387.75 (r/w/o: 138169.48/39475.81/19742.45) lat (ms,95%): 57.87 err/s: 0.10 reconn/s: 0.00
[ 530s ] thds: 400 tps: 9901.36 qps: 198054.65 (r/w/o: 138617.81/39634.03/19802.82) lat (ms,95%): 56.84 err/s: 0.10 reconn/s: 0.00
[ 540s ] thds: 400 tps: 9134.75 qps: 182849.86 (r/w/o: 128005.94/36574.21/18269.71) lat (ms,95%): 80.03 err/s: 0.00 reconn/s: 0.00
[ 550s ] thds: 400 tps: 8405.41 qps: 167920.26 (r/w/o: 117514.51/33595.33/16810.42) lat (ms,95%): 92.42 err/s: 0.00 reconn/s: 0.00
[ 560s ] thds: 400 tps: 7721.98 qps: 154432.29 (r/w/o: 108137.81/30853.12/15441.36) lat (ms,95%): 92.42 err/s: 0.10 reconn/s: 0.00
[ 570s ] thds: 400 tps: 7569.41 qps: 151434.33 (r/w/o: 105980.89/30311.43/15142.01) lat (ms,95%): 94.10 err/s: 0.10 reconn/s: 0.00
[ 580s ] thds: 400 tps: 7812.33 qps: 156046.06 (r/w/o: 109214.36/31207.53/15624.17) lat (ms,95%): 94.10 err/s: 0.00 reconn/s: 0.00
[ 590s ] thds: 400 tps: 9917.31 qps: 198386.03 (r/w/o: 138895.79/39654.73/19835.51) lat (ms,95%): 53.85 err/s: 0.00 reconn/s: 0.00
[ 600s ] thds: 400 tps: 9856.44 qps: 197479.78 (r/w/o: 138224.75/39542.06/19712.98) lat (ms,95%): 55.82 err/s: 0.10 reconn/s: 0.00
[ 610s ] thds: 400 tps: 9669.23 qps: 193089.76 (r/w/o: 135167.86/38583.23/19338.67) lat (ms,95%): 63.32 err/s: 0.00 reconn/s: 0.00
[ 620s ] thds: 400 tps: 9631.08 qps: 192727.14 (r/w/o: 134949.58/38514.81/19262.75) lat (ms,95%): 66.84 err/s: 0.00 reconn/s: 0.00
[ 630s ] thds: 400 tps: 9906.43 qps: 197969.69 (r/w/o: 138517.61/39645.82/19806.26) lat (ms,95%): 56.84 err/s: 0.00 reconn/s: 0.00
[ 640s ] thds: 400 tps: 9765.09 qps: 195215.59 (r/w/o: 136650.52/39028.38/19536.69) lat (ms,95%): 62.19 err/s: 0.00 reconn/s: 0.00
[ 650s ] thds: 400 tps: 9456.17 qps: 189188.97 (r/w/o: 132423.66/37857.37/18907.94) lat (ms,95%): 73.13 err/s: 0.00 reconn/s: 0.00
[ 660s ] thds: 400 tps: 7773.14 qps: 155769.02 (r/w/o: 109052.61/31165.14/15551.27) lat (ms,95%): 97.55 err/s: 0.00 reconn/s: 0.00
[ 670s ] thds: 400 tps: 8135.31 qps: 162712.46 (r/w/o: 113937.78/32503.95/16270.73) lat (ms,95%): 87.56 err/s: 0.00 reconn/s: 0.00
[ 680s ] thds: 400 tps: 7593.98 qps: 151623.68 (r/w/o: 106123.38/30312.14/15188.17) lat (ms,95%): 99.33 err/s: 0.10 reconn/s: 0.00
[ 690s ] thds: 400 tps: 8232.49 qps: 164616.83 (r/w/o: 115217.71/32934.75/16464.37) lat (ms,95%): 87.56 err/s: 0.10 reconn/s: 0.00
[ 700s ] thds: 400 tps: 9908.23 qps: 198347.25 (r/w/o: 138862.45/39667.43/19817.36) lat (ms,95%): 54.83 err/s: 0.00 reconn/s: 0.00
[ 710s ] thds: 400 tps: 9943.92 qps: 198853.23 (r/w/o: 139194.93/39770.47/19887.83) lat (ms,95%): 55.82 err/s: 0.00 reconn/s: 0.00
[ 720s ] thds: 400 tps: 10172.18 qps: 203309.62 (r/w/o: 142295.76/40670.10/20343.75) lat (ms,95%): 51.02 err/s: 0.00 reconn/s: 0.00
[ 730s ] thds: 400 tps: 8910.60 qps: 178383.96 (r/w/o: 124912.34/35649.71/17821.91) lat (ms,95%): 82.96 err/s: 0.00 reconn/s: 0.00
[ 740s ] thds: 400 tps: 9745.70 qps: 194753.07 (r/w/o: 136299.75/38963.81/19489.51) lat (ms,95%): 59.99 err/s: 0.00 reconn/s: 0.00
[ 750s ] thds: 400 tps: 9398.61 qps: 187849.21 (r/w/o: 131453.78/37596.22/18799.21) lat (ms,95%): 73.13 err/s: 0.00 reconn/s: 0.00
[ 760s ] thds: 400 tps: 8969.57 qps: 179743.11 (r/w/o: 125880.81/35923.16/17939.13) lat (ms,95%): 87.56 err/s: 0.00 reconn/s: 0.00
[ 770s ] thds: 400 tps: 8419.57 qps: 168243.46 (r/w/o: 117738.92/33667.99/16836.55) lat (ms,95%): 95.81 err/s: 0.00 reconn/s: 0.00
[ 780s ] thds: 400 tps: 7587.95 qps: 151709.75 (r/w/o: 106212.14/30321.81/15175.81) lat (ms,95%): 108.68 err/s: 0.00 reconn/s: 0.00
[ 790s ] thds: 400 tps: 7947.00 qps: 158801.78 (r/w/o: 111096.16/31817.92/15887.71) lat (ms,95%): 110.66 err/s: 0.00 reconn/s: 0.00
[ 800s ] thds: 400 tps: 7469.75 qps: 149529.38 (r/w/o: 104732.66/29848.22/14948.51) lat (ms,95%): 106.75 err/s: 0.00 reconn/s: 0.00
[ 810s ] thds: 400 tps: 7842.00 qps: 156636.95 (r/w/o: 109599.27/31353.79/15683.89) lat (ms,95%): 101.13 err/s: 0.00 reconn/s: 0.00
[ 820s ] thds: 400 tps: 8148.25 qps: 163353.75 (r/w/o: 114400.77/32656.39/16296.60) lat (ms,95%): 101.13 err/s: 0.00 reconn/s: 0.00
[ 830s ] thds: 400 tps: 8458.25 qps: 168901.93 (r/w/o: 118196.55/33788.29/16917.09) lat (ms,95%): 97.55 err/s: 0.20 reconn/s: 0.00
[ 840s ] thds: 400 tps: 9434.86 qps: 188682.89 (r/w/o: 132067.13/37751.34/18864.42) lat (ms,95%): 70.55 err/s: 0.00 reconn/s: 0.00
SQL statistics:
    queries performed:
        read:                            104181994
        write:                           29766177
        other:                           14883199
        total:                           148831370
    transactions:                        7441546 (8840.34 per sec.)
    queries:                             148831370 (176807.43 per sec.)
    ignored errors:                      25     (0.03 per sec.)
    reconnects:                          0      (0.00 per sec.)

General statistics:
    total time:                          841.7701s
    total number of events:              7441546

Latency (ms):
         min:                                   19.71
         avg:                                   45.17
         max:                                 1774.61
         95th percentile:                       86.00
         sum:                            336160828.23

Threads fairness:
    events (avg/stddev):           18603.8650/468.86
    execution time (avg/stddev):   840.4021/0.33

