sysbench 1.0.20-ebf1c90 (using bundled LuaJIT 2.1.0-beta2)

Running the test with following options:
Number of threads: 400
Report intermediate results every 10 second(s)
Initializing random number generator from current time


Initializing worker threads...

Threads started!

[ 10s ] thds: 400 tps: 5650.44 qps: 113558.39 (r/w/o: 79552.77/22664.64/11340.97) lat (ms,95%): 215.44 err/s: 0.00 reconn/s: 0.00
[ 20s ] thds: 400 tps: 8012.47 qps: 160366.49 (r/w/o: 112250.64/32091.00/16024.85) lat (ms,95%): 173.58 err/s: 0.00 reconn/s: 0.00
[ 30s ] thds: 400 tps: 8707.01 qps: 173822.34 (r/w/o: 121672.50/34742.53/17407.31) lat (ms,95%): 137.35 err/s: 0.00 reconn/s: 0.00
[ 40s ] thds: 400 tps: 9211.47 qps: 184484.14 (r/w/o: 129148.54/36905.67/18429.93) lat (ms,95%): 71.83 err/s: 0.10 reconn/s: 0.00
[ 50s ] thds: 400 tps: 9435.75 qps: 188666.29 (r/w/o: 132095.49/37699.50/18871.30) lat (ms,95%): 64.47 err/s: 0.00 reconn/s: 0.00
[ 60s ] thds: 400 tps: 9750.82 qps: 194944.67 (r/w/o: 136456.56/38987.37/19500.74) lat (ms,95%): 56.84 err/s: 0.10 reconn/s: 0.00
[ 70s ] thds: 400 tps: 9512.63 qps: 190243.70 (r/w/o: 133116.42/38100.12/19027.16) lat (ms,95%): 65.65 err/s: 0.10 reconn/s: 0.00
[ 80s ] thds: 400 tps: 9499.37 qps: 189882.76 (r/w/o: 132932.32/37956.79/18993.65) lat (ms,95%): 68.05 err/s: 0.00 reconn/s: 0.00
[ 90s ] thds: 400 tps: 9743.75 qps: 195075.76 (r/w/o: 136601.07/38982.09/19492.60) lat (ms,95%): 59.99 err/s: 0.00 reconn/s: 0.00
[ 100s ] thds: 400 tps: 9943.55 qps: 198759.04 (r/w/o: 139096.43/39776.01/19886.60) lat (ms,95%): 55.82 err/s: 0.00 reconn/s: 0.00
[ 110s ] thds: 400 tps: 7288.68 qps: 145724.28 (r/w/o: 101983.97/29162.24/14578.07) lat (ms,95%): 121.08 err/s: 0.00 reconn/s: 0.00
[ 120s ] thds: 400 tps: 5968.00 qps: 119393.98 (r/w/o: 83581.06/23877.32/11935.61) lat (ms,95%): 142.39 err/s: 0.10 reconn/s: 0.00
[ 130s ] thds: 400 tps: 6986.22 qps: 139724.72 (r/w/o: 97852.60/27898.88/13973.24) lat (ms,95%): 118.92 err/s: 0.10 reconn/s: 0.00
[ 140s ] thds: 400 tps: 9464.90 qps: 189536.06 (r/w/o: 132657.84/37948.01/18930.21) lat (ms,95%): 61.08 err/s: 0.00 reconn/s: 0.00
[ 150s ] thds: 400 tps: 9766.47 qps: 194997.25 (r/w/o: 136481.01/38983.49/19532.74) lat (ms,95%): 62.19 err/s: 0.00 reconn/s: 0.00
[ 160s ] thds: 400 tps: 9582.64 qps: 191892.03 (r/w/o: 134362.68/38363.67/19165.68) lat (ms,95%): 68.05 err/s: 0.00 reconn/s: 0.00
[ 170s ] thds: 400 tps: 10054.67 qps: 200938.66 (r/w/o: 140622.72/40206.59/20109.35) lat (ms,95%): 54.83 err/s: 0.00 reconn/s: 0.00
[ 180s ] thds: 400 tps: 9649.25 qps: 192914.75 (r/w/o: 135045.66/38571.29/19297.79) lat (ms,95%): 63.32 err/s: 0.00 reconn/s: 0.00
[ 190s ] thds: 400 tps: 9666.33 qps: 193470.81 (r/w/o: 135412.82/38724.43/19333.56) lat (ms,95%): 63.32 err/s: 0.00 reconn/s: 0.00
[ 200s ] thds: 400 tps: 9951.05 qps: 198946.31 (r/w/o: 139253.81/39791.10/19901.40) lat (ms,95%): 54.83 err/s: 0.00 reconn/s: 0.00
[ 210s ] thds: 400 tps: 10122.98 qps: 202306.46 (r/w/o: 141608.59/40451.61/20246.26) lat (ms,95%): 51.94 err/s: 0.10 reconn/s: 0.00
[ 220s ] thds: 400 tps: 8030.05 qps: 160972.51 (r/w/o: 112716.51/32195.30/16060.70) lat (ms,95%): 97.55 err/s: 0.00 reconn/s: 0.00
[ 230s ] thds: 400 tps: 7242.31 qps: 144797.46 (r/w/o: 101352.31/28960.43/14484.72) lat (ms,95%): 106.75 err/s: 0.00 reconn/s: 0.00
[ 240s ] thds: 400 tps: 7447.00 qps: 148812.83 (r/w/o: 104166.62/29756.51/14889.70) lat (ms,95%): 99.33 err/s: 0.00 reconn/s: 0.00
[ 250s ] thds: 400 tps: 8595.68 qps: 171996.97 (r/w/o: 120434.00/34369.62/17193.36) lat (ms,95%): 86.00 err/s: 0.10 reconn/s: 0.00
[ 260s ] thds: 400 tps: 9532.83 qps: 190491.70 (r/w/o: 133319.62/38104.02/19068.06) lat (ms,95%): 65.65 err/s: 0.00 reconn/s: 0.00
[ 270s ] thds: 400 tps: 10013.54 qps: 200170.22 (r/w/o: 140091.58/40051.46/20027.18) lat (ms,95%): 53.85 err/s: 0.10 reconn/s: 0.00
[ 280s ] thds: 400 tps: 9751.35 qps: 195228.66 (r/w/o: 136703.34/39022.41/19502.91) lat (ms,95%): 59.99 err/s: 0.00 reconn/s: 0.00
[ 290s ] thds: 400 tps: 9769.15 qps: 195377.28 (r/w/o: 136779.49/39059.20/19538.60) lat (ms,95%): 61.08 err/s: 0.10 reconn/s: 0.00
[ 300s ] thds: 400 tps: 9871.13 qps: 197474.69 (r/w/o: 138215.91/39516.52/19742.26) lat (ms,95%): 56.84 err/s: 0.00 reconn/s: 0.00
[ 310s ] thds: 400 tps: 10061.63 qps: 201134.05 (r/w/o: 140771.58/40243.01/20119.45) lat (ms,95%): 52.89 err/s: 0.00 reconn/s: 0.00
[ 320s ] thds: 400 tps: 9064.30 qps: 181533.72 (r/w/o: 127068.84/36332.38/18132.49) lat (ms,95%): 86.00 err/s: 0.00 reconn/s: 0.00
[ 330s ] thds: 400 tps: 8067.64 qps: 160996.03 (r/w/o: 112694.01/32166.65/16135.37) lat (ms,95%): 94.10 err/s: 0.00 reconn/s: 0.00
[ 340s ] thds: 400 tps: 7343.64 qps: 147020.28 (r/w/o: 102931.72/29401.08/14687.49) lat (ms,95%): 102.97 err/s: 0.00 reconn/s: 0.00
[ 350s ] thds: 400 tps: 7610.79 qps: 152162.05 (r/w/o: 106494.53/30448.85/15218.68) lat (ms,95%): 95.81 err/s: 0.00 reconn/s: 0.00
[ 360s ] thds: 400 tps: 8601.12 qps: 172118.56 (r/w/o: 120517.45/34395.97/17205.14) lat (ms,95%): 80.03 err/s: 0.00 reconn/s: 0.00
[ 370s ] thds: 400 tps: 9600.81 qps: 192173.39 (r/w/o: 134502.34/38469.14/19201.92) lat (ms,95%): 61.08 err/s: 0.00 reconn/s: 0.00
[ 380s ] thds: 400 tps: 9200.91 qps: 183885.61 (r/w/o: 128718.95/36764.84/18401.82) lat (ms,95%): 82.96 err/s: 0.00 reconn/s: 0.00
[ 390s ] thds: 400 tps: 8394.06 qps: 167752.73 (r/w/o: 117428.36/33537.35/16787.02) lat (ms,95%): 94.10 err/s: 0.00 reconn/s: 0.00
[ 400s ] thds: 400 tps: 8072.83 qps: 161800.13 (r/w/o: 113225.97/32427.51/16146.65) lat (ms,95%): 106.75 err/s: 0.00 reconn/s: 0.00
[ 410s ] thds: 400 tps: 8050.68 qps: 160762.04 (r/w/o: 112566.35/32095.43/16100.26) lat (ms,95%): 102.97 err/s: 0.00 reconn/s: 0.00
[ 420s ] thds: 400 tps: 9553.27 qps: 190783.13 (r/w/o: 133496.23/38179.16/19107.73) lat (ms,95%): 66.84 err/s: 0.00 reconn/s: 0.00
[ 430s ] thds: 400 tps: 9082.90 qps: 181953.03 (r/w/o: 127443.32/36343.80/18165.90) lat (ms,95%): 78.60 err/s: 0.00 reconn/s: 0.00
[ 440s ] thds: 400 tps: 8708.64 qps: 174164.13 (r/w/o: 121877.38/34869.27/17417.48) lat (ms,95%): 86.00 err/s: 0.10 reconn/s: 0.00
[ 450s ] thds: 400 tps: 7965.47 qps: 159264.73 (r/w/o: 111497.30/31836.89/15930.54) lat (ms,95%): 90.78 err/s: 0.00 reconn/s: 0.00
[ 460s ] thds: 400 tps: 7283.70 qps: 145644.80 (r/w/o: 101972.40/29104.60/14567.80) lat (ms,95%): 102.97 err/s: 0.00 reconn/s: 0.00
[ 470s ] thds: 400 tps: 7731.17 qps: 154659.15 (r/w/o: 108262.51/30934.29/15462.34) lat (ms,95%): 94.10 err/s: 0.00 reconn/s: 0.00
[ 480s ] thds: 400 tps: 9655.19 qps: 193082.11 (r/w/o: 135108.47/38663.16/19310.48) lat (ms,95%): 59.99 err/s: 0.00 reconn/s: 0.00
[ 490s ] thds: 400 tps: 9998.73 qps: 200069.47 (r/w/o: 140122.17/39949.63/19997.67) lat (ms,95%): 53.85 err/s: 0.10 reconn/s: 0.00
[ 500s ] thds: 400 tps: 9762.43 qps: 195109.65 (r/w/o: 136508.59/39076.11/19524.95) lat (ms,95%): 61.08 err/s: 0.00 reconn/s: 0.00
[ 510s ] thds: 400 tps: 9637.16 qps: 192911.76 (r/w/o: 135046.51/38593.13/19272.11) lat (ms,95%): 68.05 err/s: 0.00 reconn/s: 0.00
[ 520s ] thds: 400 tps: 9882.24 qps: 197447.88 (r/w/o: 138193.21/39488.58/19766.09) lat (ms,95%): 58.92 err/s: 0.10 reconn/s: 0.00
[ 530s ] thds: 400 tps: 9885.76 qps: 197839.56 (r/w/o: 138523.61/39543.43/19772.51) lat (ms,95%): 56.84 err/s: 0.00 reconn/s: 0.00
[ 540s ] thds: 400 tps: 9156.75 qps: 183239.74 (r/w/o: 128282.96/36642.69/18314.09) lat (ms,95%): 80.03 err/s: 0.10 reconn/s: 0.00
[ 550s ] thds: 400 tps: 8338.72 qps: 166666.34 (r/w/o: 116648.41/33342.69/16675.24) lat (ms,95%): 92.42 err/s: 0.00 reconn/s: 0.00
[ 560s ] thds: 400 tps: 7751.50 qps: 154882.08 (r/w/o: 108393.69/30988.29/15500.10) lat (ms,95%): 92.42 err/s: 0.00 reconn/s: 0.00
[ 570s ] thds: 400 tps: 7616.42 qps: 152439.79 (r/w/o: 106724.04/30481.90/15233.85) lat (ms,95%): 94.10 err/s: 0.00 reconn/s: 0.00
[ 580s ] thds: 400 tps: 7826.01 qps: 156581.60 (r/w/o: 109658.74/31266.64/15656.22) lat (ms,95%): 94.10 err/s: 0.00 reconn/s: 0.00
[ 590s ] thds: 400 tps: 9917.78 qps: 198187.55 (r/w/o: 138636.60/39727.00/19823.95) lat (ms,95%): 53.85 err/s: 0.00 reconn/s: 0.00
[ 600s ] thds: 400 tps: 9910.34 qps: 198325.86 (r/w/o: 138910.34/39583.14/19832.38) lat (ms,95%): 55.82 err/s: 0.00 reconn/s: 0.00
[ 610s ] thds: 400 tps: 9680.11 qps: 193668.70 (r/w/o: 135546.14/38762.54/19360.02) lat (ms,95%): 62.19 err/s: 0.00 reconn/s: 0.00
[ 620s ] thds: 400 tps: 9641.83 qps: 192677.84 (r/w/o: 134822.25/38578.63/19276.96) lat (ms,95%): 66.84 err/s: 0.10 reconn/s: 0.00
[ 630s ] thds: 400 tps: 9909.16 qps: 198302.75 (r/w/o: 138861.07/39616.25/19825.42) lat (ms,95%): 56.84 err/s: 0.00 reconn/s: 0.00
[ 640s ] thds: 400 tps: 9781.92 qps: 195796.25 (r/w/o: 137064.41/39167.99/19563.84) lat (ms,95%): 62.19 err/s: 0.00 reconn/s: 0.00
[ 650s ] thds: 400 tps: 9518.20 qps: 190245.78 (r/w/o: 133164.55/38045.02/19036.21) lat (ms,95%): 71.83 err/s: 0.00 reconn/s: 0.00
[ 660s ] thds: 400 tps: 7814.73 qps: 156302.50 (r/w/o: 109437.72/31234.72/15630.06) lat (ms,95%): 97.55 err/s: 0.10 reconn/s: 0.00
[ 670s ] thds: 400 tps: 8129.12 qps: 162392.69 (r/w/o: 113638.24/32497.00/16257.45) lat (ms,95%): 89.16 err/s: 0.00 reconn/s: 0.00
[ 680s ] thds: 400 tps: 7556.40 qps: 151506.54 (r/w/o: 106047.56/30345.39/15113.59) lat (ms,95%): 99.33 err/s: 0.00 reconn/s: 0.00
[ 690s ] thds: 400 tps: 8247.14 qps: 164839.21 (r/w/o: 115423.37/32921.76/16494.08) lat (ms,95%): 87.56 err/s: 0.00 reconn/s: 0.00
[ 700s ] thds: 400 tps: 9916.82 qps: 198372.13 (r/w/o: 138836.73/39702.87/19832.53) lat (ms,95%): 54.83 err/s: 0.00 reconn/s: 0.00
[ 710s ] thds: 400 tps: 9907.71 qps: 198002.20 (r/w/o: 138608.14/39579.14/19814.92) lat (ms,95%): 56.84 err/s: 0.10 reconn/s: 0.00
[ 720s ] thds: 400 tps: 10186.73 qps: 203829.81 (r/w/o: 142667.76/40786.60/20375.45) lat (ms,95%): 51.02 err/s: 0.00 reconn/s: 0.00
[ 730s ] thds: 400 tps: 8914.67 qps: 178384.21 (r/w/o: 124848.12/35706.56/17829.53) lat (ms,95%): 82.96 err/s: 0.10 reconn/s: 0.00
[ 740s ] thds: 400 tps: 9757.34 qps: 195031.42 (r/w/o: 136553.88/38962.86/19514.68) lat (ms,95%): 59.99 err/s: 0.00 reconn/s: 0.00
[ 750s ] thds: 400 tps: 9431.88 qps: 188759.54 (r/w/o: 132113.05/37782.63/18863.86) lat (ms,95%): 74.46 err/s: 0.00 reconn/s: 0.00
[ 760s ] thds: 400 tps: 9030.46 qps: 180339.94 (r/w/o: 126235.77/36043.15/18061.02) lat (ms,95%): 86.00 err/s: 0.10 reconn/s: 0.00
[ 770s ] thds: 400 tps: 8454.10 qps: 169188.22 (r/w/o: 118430.04/33851.19/16906.99) lat (ms,95%): 94.10 err/s: 0.00 reconn/s: 0.00
[ 780s ] thds: 400 tps: 7576.32 qps: 151386.52 (r/w/o: 105962.29/30271.88/15152.34) lat (ms,95%): 110.66 err/s: 0.00 reconn/s: 0.00
[ 790s ] thds: 400 tps: 7961.52 qps: 159530.36 (r/w/o: 111689.22/31916.49/15924.65) lat (ms,95%): 110.66 err/s: 0.00 reconn/s: 0.00
[ 800s ] thds: 400 tps: 7504.05 qps: 150012.03 (r/w/o: 104990.92/30013.01/15008.10) lat (ms,95%): 106.75 err/s: 0.00 reconn/s: 0.00
[ 810s ] thds: 400 tps: 7824.57 qps: 156501.04 (r/w/o: 109597.94/31253.57/15649.53) lat (ms,95%): 102.97 err/s: 0.20 reconn/s: 0.00
[ 820s ] thds: 400 tps: 8196.70 qps: 163706.61 (r/w/o: 114581.44/32732.18/16392.99) lat (ms,95%): 101.13 err/s: 0.20 reconn/s: 0.00
[ 830s ] thds: 400 tps: 8428.09 qps: 168689.79 (r/w/o: 118103.23/33731.38/16855.19) lat (ms,95%): 97.55 err/s: 0.00 reconn/s: 0.00
[ 840s ] thds: 400 tps: 9466.48 qps: 189507.33 (r/w/o: 132617.44/37955.03/18934.86) lat (ms,95%): 69.29 err/s: 0.00 reconn/s: 0.00
SQL statistics:
    queries performed:
        read:                            104276606
        write:                           29793233
        other:                           14896697
        total:                           148966536
    transactions:                        7448307 (8857.71 per sec.)
    queries:                             148966536 (177154.64 per sec.)
    ignored errors:                      22     (0.03 per sec.)
    reconnects:                          0      (0.00 per sec.)

General statistics:
    total time:                          840.8832s
    total number of events:              7448307

Latency (ms):
         min:                                   19.65
         avg:                                   45.11
         max:                                  975.62
         95th percentile:                       86.00
         sum:                            336008656.48

Threads fairness:
    events (avg/stddev):           18620.7675/475.11
    execution time (avg/stddev):   840.0216/0.16

