sysbench 1.0.20-ebf1c90 (using bundled LuaJIT 2.1.0-beta2)

Running the test with following options:
Number of threads: 400
Report intermediate results every 10 second(s)
Initializing random number generator from current time


Initializing worker threads...

Threads started!

[ 10s ] thds: 400 tps: 6011.63 qps: 120852.45 (r/w/o: 84691.10/24097.90/12063.45) lat (ms,95%): 196.89 err/s: 0.00 reconn/s: 0.00
[ 20s ] thds: 400 tps: 8101.90 qps: 162062.31 (r/w/o: 113408.70/32449.70/16203.90) lat (ms,95%): 155.80 err/s: 0.00 reconn/s: 0.00
[ 30s ] thds: 400 tps: 8534.90 qps: 170444.39 (r/w/o: 119299.77/34074.82/17069.81) lat (ms,95%): 139.85 err/s: 0.00 reconn/s: 0.00
[ 40s ] thds: 400 tps: 9002.41 qps: 180016.28 (r/w/o: 126024.23/35987.04/18005.02) lat (ms,95%): 70.55 err/s: 0.00 reconn/s: 0.00
[ 50s ] thds: 400 tps: 9677.11 qps: 193644.70 (r/w/o: 135579.77/38710.62/19354.31) lat (ms,95%): 56.84 err/s: 0.00 reconn/s: 0.00
[ 60s ] thds: 400 tps: 9162.61 qps: 183255.97 (r/w/o: 128268.69/36661.85/18325.43) lat (ms,95%): 71.83 err/s: 0.00 reconn/s: 0.00
[ 70s ] thds: 400 tps: 9609.29 qps: 192248.24 (r/w/o: 134594.62/38435.65/19217.97) lat (ms,95%): 62.19 err/s: 0.00 reconn/s: 0.00
[ 80s ] thds: 400 tps: 9447.01 qps: 189001.24 (r/w/o: 132266.27/37840.35/18894.62) lat (ms,95%): 68.05 err/s: 0.00 reconn/s: 0.00
[ 90s ] thds: 400 tps: 9441.41 qps: 188801.81 (r/w/o: 132127.58/37792.52/18881.71) lat (ms,95%): 64.47 err/s: 0.10 reconn/s: 0.00
[ 100s ] thds: 400 tps: 9831.76 qps: 196582.77 (r/w/o: 137623.29/39294.15/19665.33) lat (ms,95%): 54.83 err/s: 0.20 reconn/s: 0.00
[ 110s ] thds: 400 tps: 6726.19 qps: 134553.67 (r/w/o: 94241.71/26860.57/13451.39) lat (ms,95%): 127.81 err/s: 0.00 reconn/s: 0.00
[ 120s ] thds: 400 tps: 5268.39 qps: 105444.09 (r/w/o: 73779.15/21127.16/10537.78) lat (ms,95%): 147.61 err/s: 0.00 reconn/s: 0.00
[ 130s ] thds: 400 tps: 7863.89 qps: 157045.43 (r/w/o: 109913.21/31407.95/15724.27) lat (ms,95%): 99.33 err/s: 0.00 reconn/s: 0.00
[ 140s ] thds: 400 tps: 9445.93 qps: 189011.29 (r/w/o: 132322.99/37795.94/18892.37) lat (ms,95%): 65.65 err/s: 0.00 reconn/s: 0.00
[ 150s ] thds: 400 tps: 9705.87 qps: 193932.07 (r/w/o: 135723.93/38796.49/19411.65) lat (ms,95%): 63.32 err/s: 0.00 reconn/s: 0.00
[ 160s ] thds: 400 tps: 9693.79 qps: 194020.98 (r/w/o: 135839.45/38793.06/19388.48) lat (ms,95%): 59.99 err/s: 0.00 reconn/s: 0.00
[ 170s ] thds: 400 tps: 9639.17 qps: 192709.14 (r/w/o: 134885.41/38544.69/19279.04) lat (ms,95%): 63.32 err/s: 0.00 reconn/s: 0.00
[ 180s ] thds: 400 tps: 9583.80 qps: 191600.47 (r/w/o: 134074.55/38358.51/19167.41) lat (ms,95%): 61.08 err/s: 0.10 reconn/s: 0.00
[ 190s ] thds: 400 tps: 9514.10 qps: 190511.15 (r/w/o: 133407.94/38072.61/19030.61) lat (ms,95%): 64.47 err/s: 0.00 reconn/s: 0.00
[ 200s ] thds: 400 tps: 9633.39 qps: 192797.62 (r/w/o: 134991.31/38539.14/19267.17) lat (ms,95%): 61.08 err/s: 0.10 reconn/s: 0.00
[ 210s ] thds: 400 tps: 9840.76 qps: 196669.49 (r/w/o: 137621.40/39366.36/19681.73) lat (ms,95%): 55.82 err/s: 0.10 reconn/s: 0.00
[ 220s ] thds: 400 tps: 7561.30 qps: 151271.81 (r/w/o: 105917.51/30231.70/15122.60) lat (ms,95%): 102.97 err/s: 0.00 reconn/s: 0.00
[ 230s ] thds: 400 tps: 6652.25 qps: 133109.34 (r/w/o: 93199.83/26604.71/13304.80) lat (ms,95%): 112.67 err/s: 0.10 reconn/s: 0.00
[ 240s ] thds: 400 tps: 7196.12 qps: 143979.03 (r/w/o: 100767.93/28818.86/14392.23) lat (ms,95%): 104.84 err/s: 0.00 reconn/s: 0.00
[ 250s ] thds: 400 tps: 9462.84 qps: 189147.59 (r/w/o: 132401.12/37822.48/18923.99) lat (ms,95%): 59.99 err/s: 0.10 reconn/s: 0.00
[ 260s ] thds: 400 tps: 9597.15 qps: 191907.02 (r/w/o: 134322.14/38388.38/19196.49) lat (ms,95%): 58.92 err/s: 0.10 reconn/s: 0.00
[ 270s ] thds: 400 tps: 9784.46 qps: 195702.08 (r/w/o: 136974.02/39159.14/19568.92) lat (ms,95%): 56.84 err/s: 0.00 reconn/s: 0.00
[ 280s ] thds: 400 tps: 9203.54 qps: 184044.43 (r/w/o: 128873.18/36764.17/18407.08) lat (ms,95%): 75.82 err/s: 0.00 reconn/s: 0.00
[ 290s ] thds: 400 tps: 9543.10 qps: 190869.01 (r/w/o: 133618.01/38164.20/19086.80) lat (ms,95%): 61.08 err/s: 0.20 reconn/s: 0.00
[ 300s ] thds: 400 tps: 9656.69 qps: 192985.62 (r/w/o: 135028.40/38647.24/19309.97) lat (ms,95%): 61.08 err/s: 0.00 reconn/s: 0.00
[ 310s ] thds: 400 tps: 9997.73 qps: 200113.85 (r/w/o: 140100.79/40014.21/19998.86) lat (ms,95%): 53.85 err/s: 0.00 reconn/s: 0.00
[ 320s ] thds: 400 tps: 9445.47 qps: 188807.69 (r/w/o: 132194.34/37722.40/18890.95) lat (ms,95%): 71.83 err/s: 0.00 reconn/s: 0.00
[ 330s ] thds: 400 tps: 7486.43 qps: 149750.17 (r/w/o: 104805.40/29975.31/14969.46) lat (ms,95%): 102.97 err/s: 0.00 reconn/s: 0.00
[ 340s ] thds: 400 tps: 7162.54 qps: 143409.29 (r/w/o: 100398.63/28682.18/14328.49) lat (ms,95%): 99.33 err/s: 0.00 reconn/s: 0.00
[ 350s ] thds: 400 tps: 7133.23 qps: 142414.95 (r/w/o: 99656.76/28497.63/14260.57) lat (ms,95%): 102.97 err/s: 0.00 reconn/s: 0.00
[ 360s ] thds: 400 tps: 9262.39 qps: 185254.02 (r/w/o: 129683.30/37039.74/18530.97) lat (ms,95%): 68.05 err/s: 0.00 reconn/s: 0.00
[ 370s ] thds: 400 tps: 9974.34 qps: 199681.01 (r/w/o: 139832.87/39900.06/19948.08) lat (ms,95%): 52.89 err/s: 0.00 reconn/s: 0.00
[ 380s ] thds: 400 tps: 9369.40 qps: 187155.47 (r/w/o: 130955.68/37460.29/18739.50) lat (ms,95%): 74.46 err/s: 0.00 reconn/s: 0.00
[ 390s ] thds: 400 tps: 8644.54 qps: 172910.84 (r/w/o: 121043.12/34578.25/17289.47) lat (ms,95%): 106.75 err/s: 0.10 reconn/s: 0.00
[ 400s ] thds: 400 tps: 8024.02 qps: 160463.38 (r/w/o: 112288.36/32127.17/16047.84) lat (ms,95%): 102.97 err/s: 0.00 reconn/s: 0.00
[ 410s ] thds: 400 tps: 7915.10 qps: 158475.70 (r/w/o: 110952.57/31694.62/15828.51) lat (ms,95%): 106.75 err/s: 0.00 reconn/s: 0.00
[ 420s ] thds: 400 tps: 8310.18 qps: 166080.07 (r/w/o: 116267.97/33189.83/16622.27) lat (ms,95%): 95.81 err/s: 0.00 reconn/s: 0.00
[ 430s ] thds: 400 tps: 9740.12 qps: 194979.31 (r/w/o: 136500.89/39000.38/19478.04) lat (ms,95%): 55.82 err/s: 0.00 reconn/s: 0.00
[ 440s ] thds: 400 tps: 8022.70 qps: 160474.08 (r/w/o: 112344.39/32081.90/16047.80) lat (ms,95%): 94.10 err/s: 0.10 reconn/s: 0.00
[ 450s ] thds: 400 tps: 7663.20 qps: 153401.33 (r/w/o: 107357.95/30716.99/15326.39) lat (ms,95%): 94.10 err/s: 0.00 reconn/s: 0.00
[ 460s ] thds: 400 tps: 7406.51 qps: 147815.69 (r/w/o: 103431.23/29571.44/14813.02) lat (ms,95%): 92.42 err/s: 0.00 reconn/s: 0.00
[ 470s ] thds: 400 tps: 7743.71 qps: 154971.12 (r/w/o: 108539.25/30944.44/15487.42) lat (ms,95%): 90.78 err/s: 0.00 reconn/s: 0.00
[ 480s ] thds: 400 tps: 9564.04 qps: 191354.29 (r/w/o: 133983.73/38242.48/19128.09) lat (ms,95%): 59.99 err/s: 0.00 reconn/s: 0.00
[ 490s ] thds: 400 tps: 9922.34 qps: 198484.76 (r/w/o: 138906.40/39733.67/19844.69) lat (ms,95%): 54.83 err/s: 0.00 reconn/s: 0.00
[ 500s ] thds: 400 tps: 9740.11 qps: 194641.14 (r/w/o: 136257.06/38903.85/19480.22) lat (ms,95%): 57.87 err/s: 0.00 reconn/s: 0.00
[ 510s ] thds: 400 tps: 9461.39 qps: 189190.33 (r/w/o: 132385.11/37882.34/18922.87) lat (ms,95%): 64.47 err/s: 0.00 reconn/s: 0.00
[ 520s ] thds: 400 tps: 9263.73 qps: 185417.85 (r/w/o: 129815.96/37073.93/18527.97) lat (ms,95%): 77.19 err/s: 0.20 reconn/s: 0.00
[ 530s ] thds: 400 tps: 9846.18 qps: 196820.08 (r/w/o: 137773.21/39354.52/19692.36) lat (ms,95%): 55.82 err/s: 0.00 reconn/s: 0.00
[ 540s ] thds: 400 tps: 9222.08 qps: 184661.97 (r/w/o: 129275.60/36942.12/18444.26) lat (ms,95%): 70.55 err/s: 0.00 reconn/s: 0.00
[ 550s ] thds: 400 tps: 8302.68 qps: 165966.42 (r/w/o: 116174.67/33188.30/16603.45) lat (ms,95%): 92.42 err/s: 0.00 reconn/s: 0.00
[ 560s ] thds: 400 tps: 9481.53 qps: 189600.68 (r/w/o: 132715.07/37920.44/18965.17) lat (ms,95%): 63.32 err/s: 0.10 reconn/s: 0.00
[ 570s ] thds: 400 tps: 7023.58 qps: 140367.14 (r/w/o: 98262.15/28058.23/14046.76) lat (ms,95%): 102.97 err/s: 0.00 reconn/s: 0.00
[ 580s ] thds: 400 tps: 6712.53 qps: 134557.17 (r/w/o: 94170.47/26961.13/13425.57) lat (ms,95%): 108.68 err/s: 0.00 reconn/s: 0.00
[ 590s ] thds: 400 tps: 9364.98 qps: 186944.31 (r/w/o: 130859.43/37359.22/18725.66) lat (ms,95%): 62.19 err/s: 0.00 reconn/s: 0.00
[ 600s ] thds: 400 tps: 9659.61 qps: 193367.11 (r/w/o: 135399.28/38644.02/19323.81) lat (ms,95%): 56.84 err/s: 0.00 reconn/s: 0.00
[ 610s ] thds: 400 tps: 9732.59 qps: 194598.20 (r/w/o: 136187.63/38946.38/19464.19) lat (ms,95%): 57.87 err/s: 0.10 reconn/s: 0.00
[ 620s ] thds: 400 tps: 9540.30 qps: 190958.09 (r/w/o: 133680.26/38195.82/19082.01) lat (ms,95%): 58.92 err/s: 0.10 reconn/s: 0.00
[ 630s ] thds: 400 tps: 9258.81 qps: 184865.93 (r/w/o: 129368.96/36979.05/18517.92) lat (ms,95%): 74.46 err/s: 0.10 reconn/s: 0.00
[ 640s ] thds: 400 tps: 9575.26 qps: 191539.77 (r/w/o: 134096.59/38292.65/19150.53) lat (ms,95%): 61.08 err/s: 0.00 reconn/s: 0.00
[ 650s ] thds: 400 tps: 9364.83 qps: 187357.74 (r/w/o: 131165.45/37463.53/18728.76) lat (ms,95%): 65.65 err/s: 0.10 reconn/s: 0.00
[ 660s ] thds: 400 tps: 8205.18 qps: 164088.35 (r/w/o: 114872.98/32803.61/16411.75) lat (ms,95%): 97.55 err/s: 0.00 reconn/s: 0.00
[ 670s ] thds: 400 tps: 9451.30 qps: 189162.16 (r/w/o: 132404.84/37854.31/18903.01) lat (ms,95%): 65.65 err/s: 0.00 reconn/s: 0.00
[ 680s ] thds: 400 tps: 7003.21 qps: 140140.50 (r/w/o: 98086.11/28047.86/14006.53) lat (ms,95%): 101.13 err/s: 0.10 reconn/s: 0.00
[ 690s ] thds: 400 tps: 7435.48 qps: 148676.16 (r/w/o: 104107.66/29697.23/14871.27) lat (ms,95%): 94.10 err/s: 0.10 reconn/s: 0.00
[ 700s ] thds: 400 tps: 8703.10 qps: 174066.55 (r/w/o: 121826.64/34833.51/17406.41) lat (ms,95%): 82.96 err/s: 0.10 reconn/s: 0.00
[ 710s ] thds: 400 tps: 9543.55 qps: 190593.98 (r/w/o: 133388.35/38123.32/19082.31) lat (ms,95%): 57.87 err/s: 0.00 reconn/s: 0.00
[ 720s ] thds: 400 tps: 9660.96 qps: 193369.05 (r/w/o: 135411.70/38630.23/19327.11) lat (ms,95%): 61.08 err/s: 0.10 reconn/s: 0.00
[ 730s ] thds: 400 tps: 9528.71 qps: 190557.15 (r/w/o: 133361.97/38143.35/19051.82) lat (ms,95%): 63.32 err/s: 0.00 reconn/s: 0.00
[ 740s ] thds: 400 tps: 9409.52 qps: 188123.45 (r/w/o: 131668.65/37637.47/18817.33) lat (ms,95%): 73.13 err/s: 0.00 reconn/s: 0.00
[ 750s ] thds: 400 tps: 9884.44 qps: 197869.42 (r/w/o: 138542.57/39553.36/19773.48) lat (ms,95%): 55.82 err/s: 0.00 reconn/s: 0.00
[ 760s ] thds: 400 tps: 9784.45 qps: 195638.22 (r/w/o: 136920.02/39146.80/19571.40) lat (ms,95%): 56.84 err/s: 0.00 reconn/s: 0.00
[ 770s ] thds: 400 tps: 8829.38 qps: 176527.57 (r/w/o: 123601.87/35268.33/17657.37) lat (ms,95%): 89.16 err/s: 0.00 reconn/s: 0.00
[ 780s ] thds: 400 tps: 7888.21 qps: 157708.26 (r/w/o: 110315.71/31616.83/15775.72) lat (ms,95%): 110.66 err/s: 0.10 reconn/s: 0.00
[ 790s ] thds: 400 tps: 7832.89 qps: 156837.22 (r/w/o: 109855.50/31313.04/15668.67) lat (ms,95%): 102.97 err/s: 0.00 reconn/s: 0.00
[ 800s ] thds: 400 tps: 7911.21 qps: 158217.41 (r/w/o: 110730.27/31664.92/15822.21) lat (ms,95%): 101.13 err/s: 0.00 reconn/s: 0.00
[ 810s ] thds: 400 tps: 7669.60 qps: 153357.27 (r/w/o: 107368.98/30648.39/15339.90) lat (ms,95%): 112.67 err/s: 0.10 reconn/s: 0.00
[ 820s ] thds: 400 tps: 8298.83 qps: 165795.24 (r/w/o: 116031.54/33170.63/16593.06) lat (ms,95%): 106.75 err/s: 0.00 reconn/s: 0.00
[ 830s ] thds: 400 tps: 7821.89 qps: 156699.76 (r/w/o: 109694.30/31357.07/15648.39) lat (ms,95%): 102.97 err/s: 0.00 reconn/s: 0.00
[ 840s ] thds: 400 tps: 8358.87 qps: 167107.27 (r/w/o: 116992.93/33403.99/16710.35) lat (ms,95%): 99.33 err/s: 0.10 reconn/s: 0.00
SQL statistics:
    queries performed:
        read:                            103039076
        write:                           29439632
        other:                           14719918
        total:                           147198626
    transactions:                        7359907 (8756.06 per sec.)
    queries:                             147198626 (175121.77 per sec.)
    ignored errors:                      27     (0.03 per sec.)
    reconnects:                          0      (0.00 per sec.)

General statistics:
    total time:                          840.5491s
    total number of events:              7359907

Latency (ms):
         min:                                   19.85
         avg:                                   45.66
         max:                                  899.10
         95th percentile:                       87.56
         sum:                            336018320.71

Threads fairness:
    events (avg/stddev):           18399.7675/400.11
    execution time (avg/stddev):   840.0458/0.06

