sysbench 1.0.20-ebf1c90 (using bundled LuaJIT 2.1.0-beta2)

Running the test with following options:
Number of threads: 400
Report intermediate results every 10 second(s)
Initializing random number generator from current time


Initializing worker threads...

Threads started!

[ 10s ] thds: 400 tps: 6039.04 qps: 121192.37 (r/w/o: 84855.74/24218.66/12117.98) lat (ms,95%): 193.38 err/s: 0.00 reconn/s: 0.00
[ 20s ] thds: 400 tps: 8109.49 qps: 162168.38 (r/w/o: 113537.41/32412.98/16217.99) lat (ms,95%): 153.02 err/s: 0.00 reconn/s: 0.00
[ 30s ] thds: 400 tps: 8529.71 qps: 170683.58 (r/w/o: 119525.92/34097.23/17060.42) lat (ms,95%): 137.35 err/s: 0.00 reconn/s: 0.00
[ 40s ] thds: 400 tps: 9024.36 qps: 180533.71 (r/w/o: 126385.58/36099.52/18048.61) lat (ms,95%): 70.55 err/s: 0.10 reconn/s: 0.00
[ 50s ] thds: 400 tps: 9640.17 qps: 192882.87 (r/w/o: 134985.13/38617.09/19280.65) lat (ms,95%): 56.84 err/s: 0.00 reconn/s: 0.00
[ 60s ] thds: 400 tps: 9152.10 qps: 183074.20 (r/w/o: 128152.20/36617.60/18304.40) lat (ms,95%): 71.83 err/s: 0.00 reconn/s: 0.00
[ 70s ] thds: 400 tps: 9642.81 qps: 192801.79 (r/w/o: 134961.20/38555.06/19285.53) lat (ms,95%): 62.19 err/s: 0.00 reconn/s: 0.00
[ 80s ] thds: 400 tps: 9395.42 qps: 187742.66 (r/w/o: 131415.25/37536.47/18790.94) lat (ms,95%): 69.29 err/s: 0.00 reconn/s: 0.00
[ 90s ] thds: 400 tps: 9382.69 qps: 187451.40 (r/w/o: 131176.93/37509.38/18765.09) lat (ms,95%): 65.65 err/s: 0.00 reconn/s: 0.00
[ 100s ] thds: 400 tps: 9777.96 qps: 195770.49 (r/w/o: 137075.93/39138.34/19556.22) lat (ms,95%): 53.85 err/s: 0.00 reconn/s: 0.00
[ 110s ] thds: 400 tps: 6692.44 qps: 133860.39 (r/w/o: 93697.15/26780.46/13382.78) lat (ms,95%): 127.81 err/s: 0.00 reconn/s: 0.00
[ 120s ] thds: 400 tps: 5247.85 qps: 104964.42 (r/w/o: 73472.61/21000.40/10491.40) lat (ms,95%): 147.61 err/s: 0.00 reconn/s: 0.00
[ 130s ] thds: 400 tps: 7834.92 qps: 156708.60 (r/w/o: 109718.08/31314.58/15675.94) lat (ms,95%): 99.33 err/s: 0.10 reconn/s: 0.00
[ 140s ] thds: 400 tps: 9395.82 qps: 187945.39 (r/w/o: 131532.77/37627.28/18785.34) lat (ms,95%): 65.65 err/s: 0.10 reconn/s: 0.00
[ 150s ] thds: 400 tps: 9635.89 qps: 192737.24 (r/w/o: 134969.99/38488.37/19278.88) lat (ms,95%): 64.47 err/s: 0.00 reconn/s: 0.00
[ 160s ] thds: 400 tps: 9686.61 qps: 193773.94 (r/w/o: 135595.30/38805.33/19373.31) lat (ms,95%): 59.99 err/s: 0.00 reconn/s: 0.00
[ 170s ] thds: 400 tps: 9572.05 qps: 191428.10 (r/w/o: 134013.40/38270.30/19144.40) lat (ms,95%): 64.47 err/s: 0.10 reconn/s: 0.00
[ 180s ] thds: 400 tps: 9588.97 qps: 191670.94 (r/w/o: 134186.54/38306.07/19178.34) lat (ms,95%): 62.19 err/s: 0.20 reconn/s: 0.00
[ 190s ] thds: 400 tps: 9500.85 qps: 190124.37 (r/w/o: 133062.08/38060.60/19001.70) lat (ms,95%): 63.32 err/s: 0.00 reconn/s: 0.00
[ 200s ] thds: 400 tps: 9628.19 qps: 192557.50 (r/w/o: 134783.79/38517.44/19256.27) lat (ms,95%): 61.08 err/s: 0.00 reconn/s: 0.00
[ 210s ] thds: 400 tps: 9824.57 qps: 196457.07 (r/w/o: 137533.43/39273.79/19649.85) lat (ms,95%): 55.82 err/s: 0.20 reconn/s: 0.00
[ 220s ] thds: 400 tps: 7591.56 qps: 151834.84 (r/w/o: 106259.36/30392.35/15183.12) lat (ms,95%): 102.97 err/s: 0.00 reconn/s: 0.00
[ 230s ] thds: 400 tps: 6617.63 qps: 132526.68 (r/w/o: 92803.90/26487.52/13235.26) lat (ms,95%): 112.67 err/s: 0.00 reconn/s: 0.00
[ 240s ] thds: 400 tps: 7184.89 qps: 143442.95 (r/w/o: 100376.33/28696.85/14369.77) lat (ms,95%): 106.75 err/s: 0.00 reconn/s: 0.00
[ 250s ] thds: 400 tps: 9392.94 qps: 187950.36 (r/w/o: 131585.03/37579.15/18786.18) lat (ms,95%): 61.08 err/s: 0.10 reconn/s: 0.00
[ 260s ] thds: 400 tps: 9578.13 qps: 191672.60 (r/w/o: 134187.59/38328.64/19156.37) lat (ms,95%): 58.92 err/s: 0.00 reconn/s: 0.00
[ 270s ] thds: 400 tps: 9690.21 qps: 193756.66 (r/w/o: 135614.08/38762.15/19380.43) lat (ms,95%): 57.87 err/s: 0.00 reconn/s: 0.00
[ 280s ] thds: 400 tps: 9201.29 qps: 184104.63 (r/w/o: 128887.48/36815.87/18401.28) lat (ms,95%): 75.82 err/s: 0.20 reconn/s: 0.00
[ 290s ] thds: 400 tps: 9521.26 qps: 190383.90 (r/w/o: 133279.47/38060.12/19044.31) lat (ms,95%): 61.08 err/s: 0.00 reconn/s: 0.00
[ 300s ] thds: 400 tps: 9618.06 qps: 192219.31 (r/w/o: 134547.95/38435.04/19236.32) lat (ms,95%): 61.08 err/s: 0.10 reconn/s: 0.00
[ 310s ] thds: 400 tps: 9970.76 qps: 199575.84 (r/w/o: 139689.00/39948.63/19938.21) lat (ms,95%): 53.85 err/s: 0.00 reconn/s: 0.00
[ 320s ] thds: 400 tps: 9431.40 qps: 188570.94 (r/w/o: 132036.36/37669.09/18865.49) lat (ms,95%): 71.83 err/s: 0.00 reconn/s: 0.00
[ 330s ] thds: 400 tps: 7450.44 qps: 149084.89 (r/w/o: 104303.85/29879.16/14901.88) lat (ms,95%): 102.97 err/s: 0.10 reconn/s: 0.00
[ 340s ] thds: 400 tps: 7175.71 qps: 143454.39 (r/w/o: 100442.64/28661.14/14350.62) lat (ms,95%): 99.33 err/s: 0.00 reconn/s: 0.00
[ 350s ] thds: 400 tps: 7124.88 qps: 142291.36 (r/w/o: 99584.57/28459.13/14247.67) lat (ms,95%): 102.97 err/s: 0.00 reconn/s: 0.00
[ 360s ] thds: 400 tps: 9223.78 qps: 184651.01 (r/w/o: 129299.63/36900.42/18450.96) lat (ms,95%): 68.05 err/s: 0.00 reconn/s: 0.00
[ 370s ] thds: 400 tps: 9987.09 qps: 199714.58 (r/w/o: 139771.31/39971.17/19972.09) lat (ms,95%): 51.94 err/s: 0.00 reconn/s: 0.00
[ 380s ] thds: 400 tps: 9328.19 qps: 186593.23 (r/w/o: 130643.41/37290.84/18658.97) lat (ms,95%): 74.46 err/s: 0.20 reconn/s: 0.00
[ 390s ] thds: 400 tps: 8639.76 qps: 172774.54 (r/w/o: 120949.07/34545.95/17279.52) lat (ms,95%): 106.75 err/s: 0.10 reconn/s: 0.00
[ 400s ] thds: 400 tps: 8016.88 qps: 160185.24 (r/w/o: 112092.28/32059.41/16033.55) lat (ms,95%): 102.97 err/s: 0.00 reconn/s: 0.00
[ 410s ] thds: 400 tps: 7899.42 qps: 158119.48 (r/w/o: 110670.76/31650.78/15797.94) lat (ms,95%): 106.75 err/s: 0.00 reconn/s: 0.00
[ 420s ] thds: 400 tps: 8302.90 qps: 166135.19 (r/w/o: 116323.86/33203.82/16607.51) lat (ms,95%): 95.81 err/s: 0.10 reconn/s: 0.00
[ 430s ] thds: 400 tps: 9730.55 qps: 194475.02 (r/w/o: 136097.75/38921.38/19455.89) lat (ms,95%): 55.82 err/s: 0.00 reconn/s: 0.00
[ 440s ] thds: 400 tps: 8001.79 qps: 160327.20 (r/w/o: 112227.43/32090.98/16008.79) lat (ms,95%): 94.10 err/s: 0.00 reconn/s: 0.00
[ 450s ] thds: 400 tps: 7694.64 qps: 153373.51 (r/w/o: 107328.57/30655.56/15389.37) lat (ms,95%): 95.81 err/s: 0.10 reconn/s: 0.00
[ 460s ] thds: 400 tps: 7387.21 qps: 147934.98 (r/w/o: 103616.73/29543.53/14774.72) lat (ms,95%): 92.42 err/s: 0.00 reconn/s: 0.00
[ 470s ] thds: 400 tps: 7738.90 qps: 154968.35 (r/w/o: 108461.76/31028.69/15477.89) lat (ms,95%): 90.78 err/s: 0.00 reconn/s: 0.00
[ 480s ] thds: 400 tps: 9539.30 qps: 190798.56 (r/w/o: 133558.54/38161.41/19078.61) lat (ms,95%): 59.99 err/s: 0.00 reconn/s: 0.00
[ 490s ] thds: 400 tps: 9889.22 qps: 197601.10 (r/w/o: 138286.45/39536.10/19778.55) lat (ms,95%): 54.83 err/s: 0.00 reconn/s: 0.00
[ 500s ] thds: 400 tps: 9741.66 qps: 195026.77 (r/w/o: 136590.72/38952.63/19483.42) lat (ms,95%): 57.87 err/s: 0.00 reconn/s: 0.00
[ 510s ] thds: 400 tps: 9434.32 qps: 188534.03 (r/w/o: 131944.21/37721.29/18868.54) lat (ms,95%): 64.47 err/s: 0.00 reconn/s: 0.00
[ 520s ] thds: 400 tps: 9211.79 qps: 184211.94 (r/w/o: 128948.08/36839.67/18424.18) lat (ms,95%): 77.19 err/s: 0.20 reconn/s: 0.00
[ 530s ] thds: 400 tps: 9800.62 qps: 196126.65 (r/w/o: 137299.92/39225.49/19601.24) lat (ms,95%): 55.82 err/s: 0.00 reconn/s: 0.00
[ 540s ] thds: 400 tps: 9232.97 qps: 184549.61 (r/w/o: 129147.52/36940.86/18461.23) lat (ms,95%): 71.83 err/s: 0.10 reconn/s: 0.00
[ 550s ] thds: 400 tps: 8278.75 qps: 165817.16 (r/w/o: 116087.68/33166.89/16562.59) lat (ms,95%): 92.42 err/s: 0.00 reconn/s: 0.00
[ 560s ] thds: 400 tps: 9458.96 qps: 188998.52 (r/w/o: 132309.48/37774.82/18914.21) lat (ms,95%): 63.32 err/s: 0.00 reconn/s: 0.00
[ 570s ] thds: 400 tps: 7008.19 qps: 140225.72 (r/w/o: 98165.50/28040.54/14019.67) lat (ms,95%): 104.84 err/s: 0.00 reconn/s: 0.00
[ 580s ] thds: 400 tps: 6720.44 qps: 134055.81 (r/w/o: 93771.00/26847.24/13437.57) lat (ms,95%): 108.68 err/s: 0.10 reconn/s: 0.00
[ 590s ] thds: 400 tps: 9359.48 qps: 187521.52 (r/w/o: 131329.56/37473.00/18718.95) lat (ms,95%): 61.08 err/s: 0.00 reconn/s: 0.00
[ 600s ] thds: 400 tps: 9679.26 qps: 193663.87 (r/w/o: 135565.59/38735.25/19363.03) lat (ms,95%): 56.84 err/s: 0.20 reconn/s: 0.00
[ 610s ] thds: 400 tps: 9700.53 qps: 193847.37 (r/w/o: 135683.80/38768.11/19395.46) lat (ms,95%): 57.87 err/s: 0.00 reconn/s: 0.00
[ 620s ] thds: 400 tps: 9565.23 qps: 191168.60 (r/w/o: 133783.62/38248.52/19136.46) lat (ms,95%): 58.92 err/s: 0.10 reconn/s: 0.00
[ 630s ] thds: 400 tps: 9221.20 qps: 184639.36 (r/w/o: 129280.64/36916.31/18442.41) lat (ms,95%): 74.46 err/s: 0.00 reconn/s: 0.00
[ 640s ] thds: 400 tps: 9566.85 qps: 191320.97 (r/w/o: 133944.78/38243.99/19132.20) lat (ms,95%): 59.99 err/s: 0.10 reconn/s: 0.00
[ 650s ] thds: 400 tps: 9353.07 qps: 187152.96 (r/w/o: 130987.75/37457.47/18707.74) lat (ms,95%): 64.47 err/s: 0.00 reconn/s: 0.00
[ 660s ] thds: 400 tps: 8186.36 qps: 163752.80 (r/w/o: 114655.54/32724.34/16372.92) lat (ms,95%): 97.55 err/s: 0.00 reconn/s: 0.00
[ 670s ] thds: 400 tps: 9456.10 qps: 189149.60 (r/w/o: 132363.33/37873.88/18912.39) lat (ms,95%): 65.65 err/s: 0.10 reconn/s: 0.00
[ 680s ] thds: 400 tps: 6971.71 qps: 139130.71 (r/w/o: 97363.55/27828.34/13938.82) lat (ms,95%): 101.13 err/s: 0.00 reconn/s: 0.00
[ 690s ] thds: 400 tps: 7386.84 qps: 147891.35 (r/w/o: 103560.99/29551.87/14778.49) lat (ms,95%): 95.81 err/s: 0.00 reconn/s: 0.00
[ 700s ] thds: 400 tps: 8704.25 qps: 174019.68 (r/w/o: 121817.35/34795.91/17406.41) lat (ms,95%): 82.96 err/s: 0.10 reconn/s: 0.00
[ 710s ] thds: 400 tps: 9568.02 qps: 191422.72 (r/w/o: 134025.20/38258.58/19138.94) lat (ms,95%): 57.87 err/s: 0.20 reconn/s: 0.00
[ 720s ] thds: 400 tps: 9639.10 qps: 192872.62 (r/w/o: 135032.42/38561.90/19278.30) lat (ms,95%): 61.08 err/s: 0.10 reconn/s: 0.00
[ 730s ] thds: 400 tps: 9545.25 qps: 190752.13 (r/w/o: 133483.82/38181.21/19087.10) lat (ms,95%): 63.32 err/s: 0.00 reconn/s: 0.00
[ 740s ] thds: 400 tps: 9366.99 qps: 187465.27 (r/w/o: 131227.14/37500.55/18737.58) lat (ms,95%): 73.13 err/s: 0.00 reconn/s: 0.00
[ 750s ] thds: 400 tps: 9899.66 qps: 197938.54 (r/w/o: 138555.27/39586.15/19797.12) lat (ms,95%): 55.82 err/s: 0.00 reconn/s: 0.00
[ 760s ] thds: 400 tps: 9777.50 qps: 195729.00 (r/w/o: 137000.17/39171.32/19557.51) lat (ms,95%): 56.84 err/s: 0.10 reconn/s: 0.00
[ 770s ] thds: 400 tps: 8791.68 qps: 175678.68 (r/w/o: 123029.61/35065.72/17583.36) lat (ms,95%): 90.78 err/s: 0.10 reconn/s: 0.00
[ 780s ] thds: 400 tps: 7909.29 qps: 158044.62 (r/w/o: 110586.30/31639.24/15819.07) lat (ms,95%): 110.66 err/s: 0.10 reconn/s: 0.00
[ 790s ] thds: 400 tps: 7759.79 qps: 155546.66 (r/w/o: 108865.90/31160.77/15519.99) lat (ms,95%): 104.84 err/s: 0.00 reconn/s: 0.00
[ 800s ] thds: 400 tps: 7893.19 qps: 157787.50 (r/w/o: 110454.89/31546.34/15786.27) lat (ms,95%): 101.13 err/s: 0.00 reconn/s: 0.00
[ 810s ] thds: 400 tps: 7665.42 qps: 153130.26 (r/w/o: 107194.25/30610.87/15325.14) lat (ms,95%): 112.67 err/s: 0.00 reconn/s: 0.00
[ 820s ] thds: 400 tps: 8270.29 qps: 165314.38 (r/w/o: 115721.45/33049.16/16543.78) lat (ms,95%): 108.68 err/s: 0.00 reconn/s: 0.00
[ 830s ] thds: 400 tps: 7816.40 qps: 156378.68 (r/w/o: 109467.75/31275.42/15635.51) lat (ms,95%): 102.97 err/s: 0.00 reconn/s: 0.00
[ 840s ] thds: 400 tps: 8315.84 qps: 166573.85 (r/w/o: 116586.10/33355.87/16631.89) lat (ms,95%): 101.13 err/s: 0.10 reconn/s: 0.00
SQL statistics:
    queries performed:
        read:                            102834522
        write:                           29381178
        other:                           14690690
        total:                           146906390
    transactions:                        7345288 (8734.77 per sec.)
    queries:                             146906390 (174696.15 per sec.)
    ignored errors:                      35     (0.04 per sec.)
    reconnects:                          0      (0.00 per sec.)

General statistics:
    total time:                          840.9241s
    total number of events:              7345288

Latency (ms):
         min:                                   19.69
         avg:                                   45.75
         max:                                  963.23
         95th percentile:                       87.56
         sum:                            336017312.40

Threads fairness:
    events (avg/stddev):           18363.2200/378.64
    execution time (avg/stddev):   840.0433/0.07

