sysbench 1.0.20-ebf1c90 (using bundled LuaJIT 2.1.0-beta2)

Running the test with following options:
Number of threads: 400
Report intermediate results every 10 second(s)
Initializing random number generator from current time


Initializing worker threads...

Threads started!

[ 10s ] thds: 400 tps: 6029.89 qps: 121057.42 (r/w/o: 84764.17/24193.27/12099.98) lat (ms,95%): 193.38 err/s: 0.10 reconn/s: 0.00
[ 20s ] thds: 400 tps: 8103.19 qps: 161899.94 (r/w/o: 113342.29/32355.27/16202.38) lat (ms,95%): 155.80 err/s: 0.00 reconn/s: 0.00
[ 30s ] thds: 400 tps: 8528.18 qps: 170776.68 (r/w/o: 119595.38/34120.74/17060.57) lat (ms,95%): 139.85 err/s: 0.00 reconn/s: 0.00
[ 40s ] thds: 400 tps: 9065.69 qps: 181343.54 (r/w/o: 126945.49/36266.67/18131.38) lat (ms,95%): 70.55 err/s: 0.00 reconn/s: 0.00
[ 50s ] thds: 400 tps: 9620.75 qps: 192525.08 (r/w/o: 134731.78/38551.50/19241.80) lat (ms,95%): 56.84 err/s: 0.00 reconn/s: 0.00
[ 60s ] thds: 400 tps: 9135.38 qps: 182577.65 (r/w/o: 127803.95/36507.83/18265.86) lat (ms,95%): 71.83 err/s: 0.20 reconn/s: 0.00
[ 70s ] thds: 400 tps: 9637.04 qps: 192832.39 (r/w/o: 134987.42/38565.58/19279.39) lat (ms,95%): 62.19 err/s: 0.00 reconn/s: 0.00
[ 80s ] thds: 400 tps: 9398.61 qps: 187827.13 (r/w/o: 131483.59/37546.13/18797.41) lat (ms,95%): 69.29 err/s: 0.00 reconn/s: 0.00
[ 90s ] thds: 400 tps: 9403.45 qps: 187874.42 (r/w/o: 131484.74/37582.58/18807.09) lat (ms,95%): 64.47 err/s: 0.10 reconn/s: 0.00
[ 100s ] thds: 400 tps: 9821.20 qps: 196624.03 (r/w/o: 137668.65/39312.99/19642.39) lat (ms,95%): 54.83 err/s: 0.00 reconn/s: 0.00
[ 110s ] thds: 400 tps: 6719.63 qps: 134378.36 (r/w/o: 94049.59/26889.41/13439.36) lat (ms,95%): 127.81 err/s: 0.00 reconn/s: 0.00
[ 120s ] thds: 400 tps: 5248.68 qps: 104812.64 (r/w/o: 73347.05/20972.73/10492.86) lat (ms,95%): 147.61 err/s: 0.10 reconn/s: 0.00
[ 130s ] thds: 400 tps: 7795.20 qps: 156114.95 (r/w/o: 109328.84/31190.81/15595.30) lat (ms,95%): 99.33 err/s: 0.10 reconn/s: 0.00
[ 140s ] thds: 400 tps: 9463.39 qps: 189214.79 (r/w/o: 132401.02/37887.88/18925.89) lat (ms,95%): 65.65 err/s: 0.00 reconn/s: 0.00
[ 150s ] thds: 400 tps: 9664.73 qps: 193379.73 (r/w/o: 135435.57/38613.41/19330.75) lat (ms,95%): 63.32 err/s: 0.10 reconn/s: 0.00
[ 160s ] thds: 400 tps: 9692.45 qps: 193829.36 (r/w/o: 135628.84/38818.51/19382.01) lat (ms,95%): 59.99 err/s: 0.00 reconn/s: 0.00
[ 170s ] thds: 400 tps: 9626.02 qps: 192569.78 (r/w/o: 134825.54/38489.10/19255.15) lat (ms,95%): 63.32 err/s: 0.00 reconn/s: 0.00
[ 180s ] thds: 400 tps: 9597.10 qps: 191840.74 (r/w/o: 134307.06/38339.29/19194.39) lat (ms,95%): 61.08 err/s: 0.10 reconn/s: 0.00
[ 190s ] thds: 400 tps: 9493.80 qps: 189984.69 (r/w/o: 132957.76/38039.22/18987.71) lat (ms,95%): 63.32 err/s: 0.00 reconn/s: 0.00
[ 200s ] thds: 400 tps: 9576.28 qps: 191516.46 (r/w/o: 134052.99/38311.01/19152.46) lat (ms,95%): 62.19 err/s: 0.00 reconn/s: 0.00
[ 210s ] thds: 400 tps: 9865.50 qps: 197277.43 (r/w/o: 138109.65/39436.59/19731.19) lat (ms,95%): 55.82 err/s: 0.00 reconn/s: 0.00
[ 220s ] thds: 400 tps: 7586.71 qps: 151675.85 (r/w/o: 106137.87/30365.75/15172.22) lat (ms,95%): 102.97 err/s: 0.00 reconn/s: 0.00
[ 230s ] thds: 400 tps: 6619.49 qps: 132587.16 (r/w/o: 92847.74/26498.85/13240.58) lat (ms,95%): 112.67 err/s: 0.10 reconn/s: 0.00
[ 240s ] thds: 400 tps: 7195.70 qps: 143715.07 (r/w/o: 100578.35/28745.21/14391.51) lat (ms,95%): 106.75 err/s: 0.00 reconn/s: 0.00
[ 250s ] thds: 400 tps: 9401.11 qps: 188033.39 (r/w/o: 131635.30/37598.16/18799.93) lat (ms,95%): 61.08 err/s: 0.00 reconn/s: 0.00
[ 260s ] thds: 400 tps: 9574.01 qps: 191584.03 (r/w/o: 134119.86/38316.45/19147.72) lat (ms,95%): 59.99 err/s: 0.00 reconn/s: 0.00
[ 270s ] thds: 400 tps: 9734.08 qps: 194534.62 (r/w/o: 136160.73/38911.02/19462.86) lat (ms,95%): 57.87 err/s: 0.00 reconn/s: 0.00
[ 280s ] thds: 400 tps: 9203.89 qps: 184139.80 (r/w/o: 128893.76/36833.16/18412.88) lat (ms,95%): 75.82 err/s: 0.00 reconn/s: 0.00
[ 290s ] thds: 400 tps: 9566.30 qps: 191418.15 (r/w/o: 134026.84/38256.11/19135.21) lat (ms,95%): 61.08 err/s: 0.00 reconn/s: 0.00
[ 300s ] thds: 400 tps: 9627.21 qps: 192449.59 (r/w/o: 134713.23/38481.24/19255.12) lat (ms,95%): 61.08 err/s: 0.00 reconn/s: 0.00
[ 310s ] thds: 400 tps: 9935.45 qps: 198688.01 (r/w/o: 139040.51/39781.50/19866.00) lat (ms,95%): 53.85 err/s: 0.00 reconn/s: 0.00
[ 320s ] thds: 400 tps: 9379.46 qps: 187706.46 (r/w/o: 131442.32/37500.33/18763.82) lat (ms,95%): 73.13 err/s: 0.00 reconn/s: 0.00
[ 330s ] thds: 400 tps: 7493.59 qps: 149775.43 (r/w/o: 104791.98/30004.97/14978.48) lat (ms,95%): 102.97 err/s: 0.00 reconn/s: 0.00
[ 340s ] thds: 400 tps: 7131.95 qps: 142704.57 (r/w/o: 99923.08/28510.39/14271.10) lat (ms,95%): 101.13 err/s: 0.00 reconn/s: 0.00
[ 350s ] thds: 400 tps: 7150.22 qps: 142819.86 (r/w/o: 99957.22/28562.79/14299.85) lat (ms,95%): 102.97 err/s: 0.00 reconn/s: 0.00
[ 360s ] thds: 400 tps: 9226.08 qps: 184684.37 (r/w/o: 129318.87/36911.93/18453.57) lat (ms,95%): 68.05 err/s: 0.00 reconn/s: 0.00
[ 370s ] thds: 400 tps: 9938.31 qps: 198745.56 (r/w/o: 139083.01/39787.23/19875.32) lat (ms,95%): 52.89 err/s: 0.00 reconn/s: 0.00
[ 380s ] thds: 400 tps: 9343.79 qps: 186919.58 (r/w/o: 130881.74/37347.46/18690.38) lat (ms,95%): 74.46 err/s: 0.20 reconn/s: 0.00
[ 390s ] thds: 400 tps: 8641.00 qps: 172802.45 (r/w/o: 120968.27/34551.99/17282.20) lat (ms,95%): 106.75 err/s: 0.00 reconn/s: 0.00
[ 400s ] thds: 400 tps: 8001.51 qps: 159904.85 (r/w/o: 111912.37/31989.45/16003.02) lat (ms,95%): 102.97 err/s: 0.00 reconn/s: 0.00
[ 410s ] thds: 400 tps: 7917.73 qps: 158457.37 (r/w/o: 110895.70/31726.61/15835.06) lat (ms,95%): 106.75 err/s: 0.00 reconn/s: 0.00
[ 420s ] thds: 400 tps: 8341.87 qps: 166916.54 (r/w/o: 116868.51/33363.89/16684.14) lat (ms,95%): 95.81 err/s: 0.00 reconn/s: 0.00
[ 430s ] thds: 400 tps: 9723.39 qps: 194325.68 (r/w/o: 135985.25/38893.46/19446.98) lat (ms,95%): 56.84 err/s: 0.00 reconn/s: 0.00
[ 440s ] thds: 400 tps: 8024.50 qps: 160538.83 (r/w/o: 112372.72/32127.81/16038.30) lat (ms,95%): 94.10 err/s: 0.10 reconn/s: 0.00
[ 450s ] thds: 400 tps: 7677.07 qps: 153300.73 (r/w/o: 107305.33/30630.17/15365.23) lat (ms,95%): 95.81 err/s: 0.10 reconn/s: 0.00
[ 460s ] thds: 400 tps: 7419.17 qps: 148560.64 (r/w/o: 104048.31/29673.69/14838.64) lat (ms,95%): 92.42 err/s: 0.10 reconn/s: 0.00
[ 470s ] thds: 400 tps: 7696.84 qps: 154104.51 (r/w/o: 107849.57/30861.06/15393.88) lat (ms,95%): 92.42 err/s: 0.00 reconn/s: 0.00
[ 480s ] thds: 400 tps: 9555.74 qps: 190933.97 (r/w/o: 133632.51/38195.17/19106.29) lat (ms,95%): 59.99 err/s: 0.00 reconn/s: 0.00
[ 490s ] thds: 400 tps: 9912.21 qps: 198259.95 (r/w/o: 138764.11/39666.23/19829.62) lat (ms,95%): 54.83 err/s: 0.00 reconn/s: 0.00
[ 500s ] thds: 400 tps: 9734.31 qps: 194890.62 (r/w/o: 136482.48/38939.52/19468.61) lat (ms,95%): 57.87 err/s: 0.00 reconn/s: 0.00
[ 510s ] thds: 400 tps: 9486.98 qps: 189539.66 (r/w/o: 132668.90/37899.21/18971.56) lat (ms,95%): 64.47 err/s: 0.00 reconn/s: 0.00
[ 520s ] thds: 400 tps: 9235.29 qps: 184740.17 (r/w/o: 129315.01/36952.17/18472.99) lat (ms,95%): 75.82 err/s: 0.00 reconn/s: 0.00
[ 530s ] thds: 400 tps: 9859.72 qps: 197312.31 (r/w/o: 138122.52/39470.36/19719.43) lat (ms,95%): 55.82 err/s: 0.00 reconn/s: 0.00
[ 540s ] thds: 400 tps: 9235.71 qps: 184455.80 (r/w/o: 129072.54/36915.34/18467.92) lat (ms,95%): 71.83 err/s: 0.10 reconn/s: 0.00
[ 550s ] thds: 400 tps: 8240.47 qps: 165170.84 (r/w/o: 115645.01/33041.19/16484.64) lat (ms,95%): 92.42 err/s: 0.00 reconn/s: 0.00
[ 560s ] thds: 400 tps: 9458.27 qps: 188838.89 (r/w/o: 132185.74/37740.30/18912.85) lat (ms,95%): 63.32 err/s: 0.00 reconn/s: 0.00
[ 570s ] thds: 400 tps: 7006.40 qps: 140363.46 (r/w/o: 98273.04/28074.31/14016.11) lat (ms,95%): 104.84 err/s: 0.00 reconn/s: 0.00
[ 580s ] thds: 400 tps: 6749.33 qps: 134592.81 (r/w/o: 94154.13/26941.92/13496.76) lat (ms,95%): 108.68 err/s: 0.00 reconn/s: 0.00
[ 590s ] thds: 400 tps: 9336.65 qps: 186957.40 (r/w/o: 130923.50/37362.10/18671.80) lat (ms,95%): 61.08 err/s: 0.00 reconn/s: 0.00
[ 600s ] thds: 400 tps: 9666.28 qps: 193430.31 (r/w/o: 135400.06/38698.50/19331.75) lat (ms,95%): 56.84 err/s: 0.00 reconn/s: 0.00
[ 610s ] thds: 400 tps: 9738.86 qps: 194590.39 (r/w/o: 136202.23/38906.34/19481.82) lat (ms,95%): 57.87 err/s: 0.00 reconn/s: 0.00
[ 620s ] thds: 400 tps: 9570.52 qps: 191402.97 (r/w/o: 133964.73/38296.89/19141.35) lat (ms,95%): 58.92 err/s: 0.00 reconn/s: 0.00
[ 630s ] thds: 400 tps: 9205.22 qps: 184305.39 (r/w/o: 129049.48/36844.58/18411.34) lat (ms,95%): 74.46 err/s: 0.00 reconn/s: 0.00
[ 640s ] thds: 400 tps: 9620.17 qps: 192341.56 (r/w/o: 134648.02/38454.19/19239.35) lat (ms,95%): 59.99 err/s: 0.10 reconn/s: 0.00
[ 650s ] thds: 400 tps: 9364.99 qps: 187436.35 (r/w/o: 131188.23/37516.85/18731.28) lat (ms,95%): 65.65 err/s: 0.20 reconn/s: 0.00
[ 660s ] thds: 400 tps: 8189.31 qps: 163819.76 (r/w/o: 114692.01/32748.63/16379.12) lat (ms,95%): 97.55 err/s: 0.00 reconn/s: 0.00
[ 670s ] thds: 400 tps: 9488.02 qps: 189675.58 (r/w/o: 132745.07/37957.58/18972.94) lat (ms,95%): 64.47 err/s: 0.00 reconn/s: 0.00
[ 680s ] thds: 400 tps: 6979.90 qps: 139371.50 (r/w/o: 97529.10/27879.40/13963.00) lat (ms,95%): 101.13 err/s: 0.00 reconn/s: 0.00
[ 690s ] thds: 400 tps: 7399.00 qps: 148176.51 (r/w/o: 103761.41/29617.30/14797.80) lat (ms,95%): 94.10 err/s: 0.00 reconn/s: 0.00
[ 700s ] thds: 400 tps: 8746.30 qps: 174867.95 (r/w/o: 122410.44/34964.61/17492.91) lat (ms,95%): 82.96 err/s: 0.10 reconn/s: 0.00
[ 710s ] thds: 400 tps: 9537.57 qps: 190798.45 (r/w/o: 133588.45/38134.47/19075.54) lat (ms,95%): 57.87 err/s: 0.00 reconn/s: 0.00
[ 720s ] thds: 400 tps: 9678.46 qps: 193657.24 (r/w/o: 135570.77/38729.25/19357.22) lat (ms,95%): 61.08 err/s: 0.10 reconn/s: 0.00
[ 730s ] thds: 400 tps: 9540.07 qps: 190645.79 (r/w/o: 133422.57/38144.28/19078.94) lat (ms,95%): 63.32 err/s: 0.20 reconn/s: 0.00
[ 740s ] thds: 400 tps: 9360.60 qps: 187313.32 (r/w/o: 131117.35/37474.38/18721.59) lat (ms,95%): 73.13 err/s: 0.00 reconn/s: 0.00
[ 750s ] thds: 400 tps: 9861.37 qps: 197228.39 (r/w/o: 138059.47/39444.88/19724.04) lat (ms,95%): 55.82 err/s: 0.00 reconn/s: 0.00
[ 760s ] thds: 400 tps: 9777.05 qps: 195674.52 (r/w/o: 136959.64/39160.58/19554.29) lat (ms,95%): 56.84 err/s: 0.00 reconn/s: 0.00
[ 770s ] thds: 400 tps: 8816.41 qps: 176190.32 (r/w/o: 123395.08/35162.53/17632.71) lat (ms,95%): 89.16 err/s: 0.00 reconn/s: 0.00
[ 780s ] thds: 400 tps: 7945.15 qps: 158752.46 (r/w/o: 111081.24/31780.91/15890.31) lat (ms,95%): 110.66 err/s: 0.00 reconn/s: 0.00
[ 790s ] thds: 400 tps: 7817.84 qps: 156699.52 (r/w/o: 109656.68/31406.76/15636.08) lat (ms,95%): 102.97 err/s: 0.10 reconn/s: 0.00
[ 800s ] thds: 400 tps: 7932.76 qps: 158590.11 (r/w/o: 111026.18/31698.42/15865.51) lat (ms,95%): 99.33 err/s: 0.00 reconn/s: 0.00
[ 810s ] thds: 400 tps: 7673.70 qps: 153251.21 (r/w/o: 107268.21/30635.50/15347.50) lat (ms,95%): 112.67 err/s: 0.00 reconn/s: 0.00
[ 820s ] thds: 400 tps: 8271.56 qps: 165371.93 (r/w/o: 115770.79/33060.23/16540.91) lat (ms,95%): 106.75 err/s: 0.00 reconn/s: 0.00
[ 830s ] thds: 400 tps: 7833.40 qps: 156707.77 (r/w/o: 109696.68/31342.89/15668.20) lat (ms,95%): 101.13 err/s: 0.00 reconn/s: 0.00
[ 840s ] thds: 400 tps: 8316.87 qps: 166591.16 (r/w/o: 116606.25/33350.27/16634.64) lat (ms,95%): 101.13 err/s: 0.00 reconn/s: 0.00
SQL statistics:
    queries performed:
        read:                            102931080
        write:                           29408781
        other:                           14704493
        total:                           147044354
    transactions:                        7352197 (8743.10 per sec.)
    queries:                             147044354 (174862.46 per sec.)
    ignored errors:                      23     (0.03 per sec.)
    reconnects:                          0      (0.00 per sec.)

General statistics:
    total time:                          840.9133s
    total number of events:              7352197

Latency (ms):
         min:                                   19.80
         avg:                                   45.70
         max:                                  952.18
         95th percentile:                       87.56
         sum:                            336017666.62

Threads fairness:
    events (avg/stddev):           18380.4925/404.31
    execution time (avg/stddev):   840.0442/0.07

