sysbench 1.0.20-ebf1c90 (using bundled LuaJIT 2.1.0-beta2)

Running the test with following options:
Number of threads: 400
Report intermediate results every 10 second(s)
Initializing random number generator from current time


Initializing worker threads...

Threads started!

[ 10s ] thds: 400 tps: 6046.46 qps: 121126.12 (r/w/o: 84806.38/24192.84/12126.90) lat (ms,95%): 193.38 err/s: 0.00 reconn/s: 0.00
[ 20s ] thds: 400 tps: 8084.82 qps: 161845.41 (r/w/o: 113315.28/32354.38/16175.74) lat (ms,95%): 155.80 err/s: 0.00 reconn/s: 0.00
[ 30s ] thds: 400 tps: 8539.76 qps: 171019.55 (r/w/o: 119760.50/34179.43/17079.61) lat (ms,95%): 137.35 err/s: 0.00 reconn/s: 0.00
[ 40s ] thds: 400 tps: 9027.55 qps: 180556.52 (r/w/o: 126386.22/36115.10/18055.20) lat (ms,95%): 70.55 err/s: 0.00 reconn/s: 0.00
[ 50s ] thds: 400 tps: 9631.60 qps: 192577.33 (r/w/o: 134770.75/38550.59/19255.99) lat (ms,95%): 56.84 err/s: 0.20 reconn/s: 0.00
[ 60s ] thds: 400 tps: 9133.41 qps: 182594.30 (r/w/o: 127804.41/36515.36/18274.53) lat (ms,95%): 71.83 err/s: 0.00 reconn/s: 0.00
[ 70s ] thds: 400 tps: 9611.08 qps: 192342.61 (r/w/o: 134657.35/38466.80/19218.45) lat (ms,95%): 62.19 err/s: 0.00 reconn/s: 0.00
[ 80s ] thds: 400 tps: 9408.18 qps: 188045.99 (r/w/o: 131648.71/37577.52/18819.76) lat (ms,95%): 69.29 err/s: 0.00 reconn/s: 0.00
[ 90s ] thds: 400 tps: 9401.21 qps: 187925.65 (r/w/o: 131538.20/37584.63/18802.81) lat (ms,95%): 65.65 err/s: 0.00 reconn/s: 0.00
[ 100s ] thds: 400 tps: 9829.61 qps: 196684.90 (r/w/o: 137693.34/39336.34/19655.22) lat (ms,95%): 54.83 err/s: 0.10 reconn/s: 0.00
[ 110s ] thds: 400 tps: 6715.21 qps: 134331.62 (r/w/o: 94010.06/26886.84/13434.72) lat (ms,95%): 127.81 err/s: 0.00 reconn/s: 0.00
[ 120s ] thds: 400 tps: 5273.40 qps: 105365.80 (r/w/o: 73742.93/21075.48/10547.39) lat (ms,95%): 147.61 err/s: 0.20 reconn/s: 0.00
[ 130s ] thds: 400 tps: 7795.21 qps: 156140.17 (r/w/o: 109331.69/31217.85/15590.63) lat (ms,95%): 99.33 err/s: 0.10 reconn/s: 0.00
[ 140s ] thds: 400 tps: 9463.40 qps: 189147.54 (r/w/o: 132362.83/37857.31/18927.40) lat (ms,95%): 65.65 err/s: 0.10 reconn/s: 0.00
[ 150s ] thds: 400 tps: 9611.30 qps: 192325.22 (r/w/o: 134684.61/38418.00/19222.60) lat (ms,95%): 64.47 err/s: 0.00 reconn/s: 0.00
[ 160s ] thds: 400 tps: 9666.39 qps: 193256.98 (r/w/o: 135231.92/38692.08/19332.99) lat (ms,95%): 59.99 err/s: 0.10 reconn/s: 0.00
[ 170s ] thds: 400 tps: 9576.70 qps: 191625.13 (r/w/o: 134169.62/38302.41/19153.10) lat (ms,95%): 64.47 err/s: 0.00 reconn/s: 0.00
[ 180s ] thds: 400 tps: 9585.50 qps: 191613.80 (r/w/o: 134156.90/38285.10/19171.80) lat (ms,95%): 62.19 err/s: 0.20 reconn/s: 0.00
[ 190s ] thds: 400 tps: 9545.17 qps: 190798.86 (r/w/o: 133509.62/38205.39/19083.85) lat (ms,95%): 63.32 err/s: 0.20 reconn/s: 0.00
[ 200s ] thds: 400 tps: 9593.71 qps: 191940.67 (r/w/o: 134352.42/38400.23/19188.02) lat (ms,95%): 61.08 err/s: 0.00 reconn/s: 0.00
[ 210s ] thds: 400 tps: 9829.62 qps: 196733.30 (r/w/o: 137744.58/39323.08/19665.64) lat (ms,95%): 55.82 err/s: 0.00 reconn/s: 0.00
[ 220s ] thds: 400 tps: 7603.84 qps: 151900.57 (r/w/o: 106284.04/30408.85/15207.68) lat (ms,95%): 102.97 err/s: 0.00 reconn/s: 0.00
[ 230s ] thds: 400 tps: 6606.92 qps: 132399.73 (r/w/o: 92715.20/26470.49/13214.04) lat (ms,95%): 112.67 err/s: 0.10 reconn/s: 0.00
[ 240s ] thds: 400 tps: 7236.94 qps: 144439.63 (r/w/o: 101089.18/28876.47/14473.98) lat (ms,95%): 104.84 err/s: 0.00 reconn/s: 0.00
[ 250s ] thds: 400 tps: 9423.00 qps: 188552.37 (r/w/o: 132001.48/37704.59/18846.30) lat (ms,95%): 61.08 err/s: 0.20 reconn/s: 0.00
[ 260s ] thds: 400 tps: 9587.18 qps: 191729.86 (r/w/o: 134200.06/38355.53/19174.27) lat (ms,95%): 58.92 err/s: 0.00 reconn/s: 0.00
[ 270s ] thds: 400 tps: 9708.41 qps: 194119.54 (r/w/o: 135887.07/38815.55/19416.92) lat (ms,95%): 57.87 err/s: 0.00 reconn/s: 0.00
[ 280s ] thds: 400 tps: 9143.90 qps: 183012.12 (r/w/o: 128090.71/36633.50/18287.90) lat (ms,95%): 77.19 err/s: 0.00 reconn/s: 0.00
[ 290s ] thds: 400 tps: 9547.68 qps: 190890.51 (r/w/o: 133652.43/38143.12/19094.96) lat (ms,95%): 61.08 err/s: 0.10 reconn/s: 0.00
[ 300s ] thds: 400 tps: 9601.83 qps: 192112.05 (r/w/o: 134509.28/38398.51/19204.25) lat (ms,95%): 61.08 err/s: 0.00 reconn/s: 0.00
[ 310s ] thds: 400 tps: 9985.48 qps: 199639.90 (r/w/o: 139679.12/39989.62/19971.16) lat (ms,95%): 53.85 err/s: 0.00 reconn/s: 0.00
[ 320s ] thds: 400 tps: 9398.08 qps: 188047.72 (r/w/o: 131690.73/37563.42/18793.56) lat (ms,95%): 73.13 err/s: 0.00 reconn/s: 0.00
[ 330s ] thds: 400 tps: 7504.87 qps: 149806.34 (r/w/o: 104811.44/29985.17/15009.73) lat (ms,95%): 102.97 err/s: 0.10 reconn/s: 0.00
[ 340s ] thds: 400 tps: 7121.21 qps: 142754.68 (r/w/o: 99965.59/28544.46/14244.63) lat (ms,95%): 99.33 err/s: 0.00 reconn/s: 0.00
[ 350s ] thds: 400 tps: 7136.50 qps: 142524.06 (r/w/o: 99758.54/28493.31/14272.21) lat (ms,95%): 101.13 err/s: 0.00 reconn/s: 0.00
[ 360s ] thds: 400 tps: 9252.30 qps: 185192.83 (r/w/o: 129658.55/37028.89/18505.39) lat (ms,95%): 68.05 err/s: 0.00 reconn/s: 0.00
[ 370s ] thds: 400 tps: 9949.11 qps: 199001.76 (r/w/o: 139267.21/39835.43/19899.12) lat (ms,95%): 52.89 err/s: 0.00 reconn/s: 0.00
[ 380s ] thds: 400 tps: 9369.34 qps: 187422.72 (r/w/o: 131233.30/37450.64/18738.77) lat (ms,95%): 73.13 err/s: 0.00 reconn/s: 0.00
[ 390s ] thds: 400 tps: 8641.02 qps: 172796.60 (r/w/o: 120965.75/34549.30/17281.55) lat (ms,95%): 106.75 err/s: 0.00 reconn/s: 0.00
[ 400s ] thds: 400 tps: 7974.99 qps: 159390.74 (r/w/o: 111572.39/31867.87/15950.48) lat (ms,95%): 102.97 err/s: 0.00 reconn/s: 0.00
[ 410s ] thds: 400 tps: 7940.06 qps: 158798.48 (r/w/o: 111124.13/31798.34/15876.02) lat (ms,95%): 106.75 err/s: 0.00 reconn/s: 0.00
[ 420s ] thds: 400 tps: 8316.78 qps: 166381.09 (r/w/o: 116491.68/33256.54/16632.87) lat (ms,95%): 95.81 err/s: 0.10 reconn/s: 0.00
[ 430s ] thds: 400 tps: 9747.71 qps: 194889.96 (r/w/o: 136381.78/39010.05/19498.13) lat (ms,95%): 55.82 err/s: 0.10 reconn/s: 0.00
[ 440s ] thds: 400 tps: 8037.58 qps: 160506.80 (r/w/o: 112310.52/32121.02/16075.26) lat (ms,95%): 94.10 err/s: 0.10 reconn/s: 0.00
[ 450s ] thds: 400 tps: 7645.41 qps: 153026.35 (r/w/o: 107169.10/30563.33/15293.91) lat (ms,95%): 95.81 err/s: 0.10 reconn/s: 0.00
[ 460s ] thds: 400 tps: 7411.72 qps: 148405.74 (r/w/o: 103931.11/29650.89/14823.74) lat (ms,95%): 92.42 err/s: 0.10 reconn/s: 0.00
[ 470s ] thds: 400 tps: 7748.88 qps: 155070.23 (r/w/o: 108506.87/31065.91/15497.45) lat (ms,95%): 90.78 err/s: 0.00 reconn/s: 0.00
[ 480s ] thds: 400 tps: 9616.20 qps: 192146.88 (r/w/o: 134485.35/38428.82/19232.71) lat (ms,95%): 59.99 err/s: 0.00 reconn/s: 0.00
[ 490s ] thds: 400 tps: 9876.04 qps: 197365.44 (r/w/o: 138136.19/39480.07/19749.18) lat (ms,95%): 54.83 err/s: 0.00 reconn/s: 0.00
[ 500s ] thds: 400 tps: 9719.38 qps: 194822.06 (r/w/o: 136426.86/38953.33/19441.87) lat (ms,95%): 57.87 err/s: 0.00 reconn/s: 0.00
[ 510s ] thds: 400 tps: 9483.50 qps: 189483.65 (r/w/o: 132651.06/37865.49/18967.09) lat (ms,95%): 63.32 err/s: 0.00 reconn/s: 0.00
[ 520s ] thds: 400 tps: 9225.79 qps: 184454.01 (r/w/o: 129097.77/36904.66/18451.58) lat (ms,95%): 77.19 err/s: 0.10 reconn/s: 0.00
[ 530s ] thds: 400 tps: 9779.79 qps: 195823.55 (r/w/o: 137079.23/39184.35/19559.98) lat (ms,95%): 56.84 err/s: 0.00 reconn/s: 0.00
[ 540s ] thds: 400 tps: 9238.40 qps: 184510.45 (r/w/o: 129134.04/36899.51/18476.91) lat (ms,95%): 71.83 err/s: 0.00 reconn/s: 0.00
[ 550s ] thds: 400 tps: 8281.70 qps: 165938.99 (r/w/o: 116162.49/33213.80/16562.70) lat (ms,95%): 92.42 err/s: 0.00 reconn/s: 0.00
[ 560s ] thds: 400 tps: 9503.21 qps: 189770.19 (r/w/o: 132853.40/37909.56/19007.23) lat (ms,95%): 63.32 err/s: 0.00 reconn/s: 0.00
[ 570s ] thds: 400 tps: 7014.21 qps: 140506.82 (r/w/o: 98362.28/28117.02/14027.51) lat (ms,95%): 102.97 err/s: 0.00 reconn/s: 0.00
[ 580s ] thds: 400 tps: 6713.75 qps: 133905.91 (r/w/o: 93695.43/26784.68/13425.79) lat (ms,95%): 108.68 err/s: 0.00 reconn/s: 0.00
[ 590s ] thds: 400 tps: 9367.10 qps: 187564.06 (r/w/o: 131328.87/37498.29/18736.90) lat (ms,95%): 61.08 err/s: 0.00 reconn/s: 0.00
[ 600s ] thds: 400 tps: 9621.23 qps: 192450.86 (r/w/o: 134701.36/38506.83/19242.67) lat (ms,95%): 56.84 err/s: 0.10 reconn/s: 0.00
[ 610s ] thds: 400 tps: 9718.71 qps: 194279.21 (r/w/o: 136012.18/38829.62/19437.41) lat (ms,95%): 57.87 err/s: 0.00 reconn/s: 0.00
[ 620s ] thds: 400 tps: 9549.27 qps: 190930.92 (r/w/o: 133631.59/38201.68/19097.64) lat (ms,95%): 58.92 err/s: 0.00 reconn/s: 0.00
[ 630s ] thds: 400 tps: 9178.50 qps: 183804.55 (r/w/o: 128689.97/36756.59/18358.00) lat (ms,95%): 74.46 err/s: 0.00 reconn/s: 0.00
[ 640s ] thds: 400 tps: 9591.10 qps: 191666.29 (r/w/o: 134169.37/38318.92/19178.01) lat (ms,95%): 59.99 err/s: 0.00 reconn/s: 0.00
[ 650s ] thds: 400 tps: 9358.59 qps: 187378.85 (r/w/o: 131146.20/37511.47/18721.19) lat (ms,95%): 64.47 err/s: 0.00 reconn/s: 0.00
[ 660s ] thds: 400 tps: 8204.40 qps: 163978.46 (r/w/o: 114780.57/32796.59/16401.30) lat (ms,95%): 97.55 err/s: 0.00 reconn/s: 0.00
[ 670s ] thds: 400 tps: 9465.42 qps: 189308.60 (r/w/o: 132508.08/37868.28/18932.24) lat (ms,95%): 64.47 err/s: 0.00 reconn/s: 0.00
[ 680s ] thds: 400 tps: 6975.60 qps: 139355.84 (r/w/o: 97534.46/27863.79/13957.59) lat (ms,95%): 101.13 err/s: 0.00 reconn/s: 0.00
[ 690s ] thds: 400 tps: 7384.10 qps: 147875.95 (r/w/o: 103546.66/29560.89/14768.39) lat (ms,95%): 94.10 err/s: 0.20 reconn/s: 0.00
[ 700s ] thds: 400 tps: 8680.58 qps: 173482.36 (r/w/o: 121434.86/34690.93/17356.57) lat (ms,95%): 84.47 err/s: 0.00 reconn/s: 0.00
[ 710s ] thds: 400 tps: 9574.30 qps: 191623.12 (r/w/o: 134168.21/38301.20/19153.70) lat (ms,95%): 57.87 err/s: 0.00 reconn/s: 0.00
[ 720s ] thds: 400 tps: 9657.12 qps: 193173.82 (r/w/o: 135224.00/38636.08/19313.74) lat (ms,95%): 61.08 err/s: 0.00 reconn/s: 0.00
[ 730s ] thds: 400 tps: 9544.40 qps: 190754.19 (r/w/o: 133510.56/38154.82/19088.81) lat (ms,95%): 63.32 err/s: 0.00 reconn/s: 0.00
[ 740s ] thds: 400 tps: 9367.82 qps: 187369.62 (r/w/o: 131131.22/37501.86/18736.53) lat (ms,95%): 73.13 err/s: 0.00 reconn/s: 0.00
[ 750s ] thds: 400 tps: 9861.95 qps: 197367.38 (r/w/o: 138169.39/39474.10/19723.90) lat (ms,95%): 55.82 err/s: 0.00 reconn/s: 0.00
[ 760s ] thds: 400 tps: 9760.84 qps: 195135.27 (r/w/o: 136576.94/39044.45/19513.88) lat (ms,95%): 56.84 err/s: 0.00 reconn/s: 0.00
[ 770s ] thds: 400 tps: 8777.70 qps: 175593.33 (r/w/o: 122985.45/35044.39/17563.49) lat (ms,95%): 90.78 err/s: 0.10 reconn/s: 0.00
[ 780s ] thds: 400 tps: 7882.00 qps: 157521.53 (r/w/o: 110240.12/31517.61/15763.80) lat (ms,95%): 112.67 err/s: 0.00 reconn/s: 0.00
[ 790s ] thds: 400 tps: 7773.17 qps: 155541.19 (r/w/o: 108814.85/31189.10/15537.25) lat (ms,95%): 102.97 err/s: 0.00 reconn/s: 0.00
[ 800s ] thds: 400 tps: 7903.81 qps: 158221.99 (r/w/o: 110780.60/31624.26/15817.13) lat (ms,95%): 101.13 err/s: 0.10 reconn/s: 0.00
[ 810s ] thds: 400 tps: 7669.91 qps: 153239.80 (r/w/o: 107271.17/30628.82/15339.81) lat (ms,95%): 112.67 err/s: 0.00 reconn/s: 0.00
[ 820s ] thds: 400 tps: 8284.29 qps: 165591.92 (r/w/o: 115923.77/33101.16/16566.98) lat (ms,95%): 106.75 err/s: 0.00 reconn/s: 0.00
[ 830s ] thds: 400 tps: 7811.19 qps: 156264.58 (r/w/o: 109388.84/31251.46/15624.28) lat (ms,95%): 102.97 err/s: 0.10 reconn/s: 0.00
[ 840s ] thds: 400 tps: 8336.43 qps: 166977.84 (r/w/o: 116868.18/33436.81/16672.85) lat (ms,95%): 99.33 err/s: 0.00 reconn/s: 0.00
SQL statistics:
    queries performed:
        read:                            102873064
        write:                           29392202
        other:                           14696196
        total:                           146961462
    transactions:                        7348047 (8738.04 per sec.)
    queries:                             146961462 (174761.41 per sec.)
    ignored errors:                      29     (0.03 per sec.)
    reconnects:                          0      (0.00 per sec.)

General statistics:
    total time:                          840.9253s
    total number of events:              7348047

Latency (ms):
         min:                                   19.87
         avg:                                   45.73
         max:                                  954.02
         95th percentile:                       87.56
         sum:                            336016110.53

Threads fairness:
    events (avg/stddev):           18370.1175/394.15
    execution time (avg/stddev):   840.0403/0.08

