sysbench 1.0.20-ebf1c90 (using bundled LuaJIT 2.1.0-beta2)

Running the test with following options:
Number of threads: 400
Report intermediate results every 10 second(s)
Initializing random number generator from current time


Initializing worker threads...

Threads started!

[ 10s ] thds: 400 tps: 6048.15 qps: 121252.18 (r/w/o: 84913.98/24201.70/12136.50) lat (ms,95%): 193.38 err/s: 0.00 reconn/s: 0.00
[ 20s ] thds: 400 tps: 8065.27 qps: 161387.24 (r/w/o: 112995.04/32261.97/16130.23) lat (ms,95%): 158.63 err/s: 0.00 reconn/s: 0.00
[ 30s ] thds: 400 tps: 8521.74 qps: 170651.93 (r/w/o: 119474.18/34133.87/17043.88) lat (ms,95%): 139.85 err/s: 0.00 reconn/s: 0.00
[ 40s ] thds: 400 tps: 9043.07 qps: 180770.66 (r/w/o: 126516.85/36176.17/18077.64) lat (ms,95%): 70.55 err/s: 0.10 reconn/s: 0.00
[ 50s ] thds: 400 tps: 9679.56 qps: 193436.79 (r/w/o: 135378.30/38690.46/19368.03) lat (ms,95%): 56.84 err/s: 0.10 reconn/s: 0.00
[ 60s ] thds: 400 tps: 9161.30 qps: 183279.72 (r/w/o: 128300.31/36656.40/18323.00) lat (ms,95%): 71.83 err/s: 0.00 reconn/s: 0.00
[ 70s ] thds: 400 tps: 9645.49 qps: 192863.97 (r/w/o: 135006.71/38566.27/19290.99) lat (ms,95%): 62.19 err/s: 0.00 reconn/s: 0.00
[ 80s ] thds: 400 tps: 9401.81 qps: 188225.74 (r/w/o: 131803.70/37618.03/18804.01) lat (ms,95%): 69.29 err/s: 0.10 reconn/s: 0.00
[ 90s ] thds: 400 tps: 9414.36 qps: 188234.14 (r/w/o: 131775.57/37629.85/18828.72) lat (ms,95%): 65.65 err/s: 0.00 reconn/s: 0.00
[ 100s ] thds: 400 tps: 9768.34 qps: 195409.02 (r/w/o: 136772.78/39099.46/19536.78) lat (ms,95%): 54.83 err/s: 0.00 reconn/s: 0.00
[ 110s ] thds: 400 tps: 6730.92 qps: 134579.88 (r/w/o: 94185.16/26932.88/13461.84) lat (ms,95%): 127.81 err/s: 0.00 reconn/s: 0.00
[ 120s ] thds: 400 tps: 5287.12 qps: 105723.10 (r/w/o: 74018.08/21130.58/10574.44) lat (ms,95%): 147.61 err/s: 0.00 reconn/s: 0.00
[ 130s ] thds: 400 tps: 7819.19 qps: 156560.19 (r/w/o: 109597.53/31324.18/15638.49) lat (ms,95%): 99.33 err/s: 0.00 reconn/s: 0.00
[ 140s ] thds: 400 tps: 9498.47 qps: 189649.96 (r/w/o: 132710.86/37942.27/18996.83) lat (ms,95%): 65.65 err/s: 0.00 reconn/s: 0.00
[ 150s ] thds: 400 tps: 9587.86 qps: 192061.63 (r/w/o: 134496.27/38389.54/19175.82) lat (ms,95%): 64.47 err/s: 0.00 reconn/s: 0.00
[ 160s ] thds: 400 tps: 9698.06 qps: 193897.15 (r/w/o: 135698.10/38803.03/19396.01) lat (ms,95%): 59.99 err/s: 0.00 reconn/s: 0.00
[ 170s ] thds: 400 tps: 9680.09 qps: 193491.63 (r/w/o: 135447.61/38683.75/19360.27) lat (ms,95%): 63.32 err/s: 0.00 reconn/s: 0.00
[ 180s ] thds: 400 tps: 9591.53 qps: 191918.85 (r/w/o: 134393.65/38342.13/19183.06) lat (ms,95%): 61.08 err/s: 0.00 reconn/s: 0.00
[ 190s ] thds: 400 tps: 9509.59 qps: 190088.35 (r/w/o: 133010.93/38058.15/19019.28) lat (ms,95%): 63.32 err/s: 0.00 reconn/s: 0.00
[ 200s ] thds: 400 tps: 9642.59 qps: 192878.08 (r/w/o: 135015.35/38577.06/19285.68) lat (ms,95%): 61.08 err/s: 0.20 reconn/s: 0.00
[ 210s ] thds: 400 tps: 9856.60 qps: 197323.33 (r/w/o: 138147.15/39462.79/19713.39) lat (ms,95%): 55.82 err/s: 0.00 reconn/s: 0.00
[ 220s ] thds: 400 tps: 7635.05 qps: 152445.25 (r/w/o: 106677.93/30503.71/15263.61) lat (ms,95%): 101.13 err/s: 0.00 reconn/s: 0.00
[ 230s ] thds: 400 tps: 6640.80 qps: 133101.55 (r/w/o: 93190.67/26622.49/13288.39) lat (ms,95%): 112.67 err/s: 0.00 reconn/s: 0.00
[ 240s ] thds: 400 tps: 7234.21 qps: 144461.90 (r/w/o: 101131.61/28861.86/14468.43) lat (ms,95%): 104.84 err/s: 0.00 reconn/s: 0.00
[ 250s ] thds: 400 tps: 9446.22 qps: 188877.25 (r/w/o: 132202.84/37781.67/18892.73) lat (ms,95%): 61.08 err/s: 0.10 reconn/s: 0.00
[ 260s ] thds: 400 tps: 9591.95 qps: 191843.03 (r/w/o: 134278.45/38382.09/19182.49) lat (ms,95%): 58.92 err/s: 0.00 reconn/s: 0.00
[ 270s ] thds: 400 tps: 9750.57 qps: 195013.01 (r/w/o: 136520.62/38989.66/19502.73) lat (ms,95%): 57.87 err/s: 0.00 reconn/s: 0.00
[ 280s ] thds: 400 tps: 9217.01 qps: 184346.03 (r/w/o: 129008.89/36903.13/18434.01) lat (ms,95%): 74.46 err/s: 0.00 reconn/s: 0.00
[ 290s ] thds: 400 tps: 9514.70 qps: 190462.48 (r/w/o: 133351.36/38081.42/19029.71) lat (ms,95%): 61.08 err/s: 0.10 reconn/s: 0.00
[ 300s ] thds: 400 tps: 9600.19 qps: 191995.07 (r/w/o: 134431.31/38363.27/19200.49) lat (ms,95%): 61.08 err/s: 0.00 reconn/s: 0.00
[ 310s ] thds: 400 tps: 9978.32 qps: 199440.93 (r/w/o: 139558.14/39930.76/19952.03) lat (ms,95%): 53.85 err/s: 0.00 reconn/s: 0.00
[ 320s ] thds: 400 tps: 9424.08 qps: 188543.31 (r/w/o: 132010.06/37681.20/18852.05) lat (ms,95%): 70.55 err/s: 0.00 reconn/s: 0.00
[ 330s ] thds: 400 tps: 7492.65 qps: 149687.29 (r/w/o: 104759.36/29941.72/14986.21) lat (ms,95%): 102.97 err/s: 0.00 reconn/s: 0.00
[ 340s ] thds: 400 tps: 7141.33 qps: 143080.84 (r/w/o: 100176.68/28621.91/14282.25) lat (ms,95%): 99.33 err/s: 0.00 reconn/s: 0.00
[ 350s ] thds: 400 tps: 7141.24 qps: 142625.39 (r/w/o: 99833.02/28510.68/14281.69) lat (ms,95%): 102.97 err/s: 0.00 reconn/s: 0.00
[ 360s ] thds: 400 tps: 9193.59 qps: 184048.44 (r/w/o: 128846.12/36813.65/18388.67) lat (ms,95%): 68.05 err/s: 0.00 reconn/s: 0.00
[ 370s ] thds: 400 tps: 9968.45 qps: 199245.81 (r/w/o: 139449.14/39866.18/19930.49) lat (ms,95%): 52.89 err/s: 0.00 reconn/s: 0.00
[ 380s ] thds: 400 tps: 9324.61 qps: 186666.68 (r/w/o: 130691.43/37319.64/18655.62) lat (ms,95%): 74.46 err/s: 0.00 reconn/s: 0.00
[ 390s ] thds: 400 tps: 8680.81 qps: 173583.65 (r/w/o: 121516.81/34705.33/17361.52) lat (ms,95%): 104.84 err/s: 0.00 reconn/s: 0.00
[ 400s ] thds: 400 tps: 8019.37 qps: 160331.73 (r/w/o: 112247.23/32045.37/16039.13) lat (ms,95%): 102.97 err/s: 0.10 reconn/s: 0.00
[ 410s ] thds: 400 tps: 7915.24 qps: 158234.37 (r/w/o: 110725.44/31680.95/15827.98) lat (ms,95%): 106.75 err/s: 0.00 reconn/s: 0.00
[ 420s ] thds: 400 tps: 8277.56 qps: 165564.18 (r/w/o: 115883.79/33122.66/16557.73) lat (ms,95%): 95.81 err/s: 0.00 reconn/s: 0.00
[ 430s ] thds: 400 tps: 9718.86 qps: 194307.15 (r/w/o: 136015.98/38853.35/19437.83) lat (ms,95%): 56.84 err/s: 0.00 reconn/s: 0.00
[ 440s ] thds: 400 tps: 8032.53 qps: 160525.71 (r/w/o: 112348.23/32113.52/16063.96) lat (ms,95%): 94.10 err/s: 0.10 reconn/s: 0.00
[ 450s ] thds: 400 tps: 7674.02 qps: 153615.18 (r/w/o: 107585.25/30680.49/15349.45) lat (ms,95%): 95.81 err/s: 0.00 reconn/s: 0.00
[ 460s ] thds: 400 tps: 7419.80 qps: 148494.35 (r/w/o: 103963.44/29691.31/14839.61) lat (ms,95%): 92.42 err/s: 0.00 reconn/s: 0.00
[ 470s ] thds: 400 tps: 7753.97 qps: 154931.04 (r/w/o: 108380.71/31042.38/15507.94) lat (ms,95%): 90.78 err/s: 0.10 reconn/s: 0.00
[ 480s ] thds: 400 tps: 9570.84 qps: 191371.44 (r/w/o: 133974.72/38256.95/19139.77) lat (ms,95%): 59.99 err/s: 0.10 reconn/s: 0.00
[ 490s ] thds: 400 tps: 9911.65 qps: 198229.44 (r/w/o: 138754.76/39648.89/19825.79) lat (ms,95%): 54.83 err/s: 0.00 reconn/s: 0.00
[ 500s ] thds: 400 tps: 9699.32 qps: 194314.86 (r/w/o: 136026.62/38892.30/19395.94) lat (ms,95%): 57.87 err/s: 0.00 reconn/s: 0.00
[ 510s ] thds: 400 tps: 9480.80 qps: 189507.94 (r/w/o: 132696.55/37846.89/18964.49) lat (ms,95%): 63.32 err/s: 0.10 reconn/s: 0.00
[ 520s ] thds: 400 tps: 9208.64 qps: 184130.19 (r/w/o: 128869.75/36843.06/18417.38) lat (ms,95%): 77.19 err/s: 0.00 reconn/s: 0.00
[ 530s ] thds: 400 tps: 9798.58 qps: 195998.93 (r/w/o: 137176.24/39233.23/19589.46) lat (ms,95%): 55.82 err/s: 0.00 reconn/s: 0.00
[ 540s ] thds: 400 tps: 9163.13 qps: 183115.98 (r/w/o: 128189.71/36592.32/18333.96) lat (ms,95%): 73.13 err/s: 0.00 reconn/s: 0.00
[ 550s ] thds: 400 tps: 8277.96 qps: 165455.27 (r/w/o: 115778.83/33123.03/16553.42) lat (ms,95%): 92.42 err/s: 0.20 reconn/s: 0.00
[ 560s ] thds: 400 tps: 9454.01 qps: 189298.86 (r/w/o: 132569.22/37818.33/18911.31) lat (ms,95%): 63.32 err/s: 0.10 reconn/s: 0.00
[ 570s ] thds: 400 tps: 7000.18 qps: 140074.47 (r/w/o: 98035.20/28045.11/13994.16) lat (ms,95%): 104.84 err/s: 0.00 reconn/s: 0.00
[ 580s ] thds: 400 tps: 6750.13 qps: 134760.80 (r/w/o: 94331.45/26924.30/13505.05) lat (ms,95%): 108.68 err/s: 0.00 reconn/s: 0.00
[ 590s ] thds: 400 tps: 9347.08 qps: 187204.73 (r/w/o: 131054.37/37454.41/18695.95) lat (ms,95%): 61.08 err/s: 0.10 reconn/s: 0.00
[ 600s ] thds: 400 tps: 9684.23 qps: 193478.85 (r/w/o: 135415.78/38697.31/19365.75) lat (ms,95%): 56.84 err/s: 0.00 reconn/s: 0.00
[ 610s ] thds: 400 tps: 9675.21 qps: 193625.99 (r/w/o: 135563.13/38709.74/19353.12) lat (ms,95%): 57.87 err/s: 0.00 reconn/s: 0.00
[ 620s ] thds: 400 tps: 9541.62 qps: 190699.14 (r/w/o: 133485.24/38133.77/19080.13) lat (ms,95%): 59.99 err/s: 0.00 reconn/s: 0.00
[ 630s ] thds: 400 tps: 9195.53 qps: 184195.72 (r/w/o: 128936.26/36865.10/18394.35) lat (ms,95%): 74.46 err/s: 0.10 reconn/s: 0.00
[ 640s ] thds: 400 tps: 9590.28 qps: 191675.49 (r/w/o: 134177.11/38317.82/19180.56) lat (ms,95%): 59.99 err/s: 0.00 reconn/s: 0.00
[ 650s ] thds: 400 tps: 9401.65 qps: 187892.45 (r/w/o: 131487.17/37607.79/18797.50) lat (ms,95%): 64.47 err/s: 0.00 reconn/s: 0.00
[ 660s ] thds: 400 tps: 8211.66 qps: 164247.63 (r/w/o: 114974.79/32843.73/16429.11) lat (ms,95%): 97.55 err/s: 0.00 reconn/s: 0.00
[ 670s ] thds: 400 tps: 9465.74 qps: 189453.91 (r/w/o: 132626.17/37899.96/18927.78) lat (ms,95%): 64.47 err/s: 0.00 reconn/s: 0.00
[ 680s ] thds: 400 tps: 6992.33 qps: 139742.72 (r/w/o: 97820.36/27933.80/13988.55) lat (ms,95%): 101.13 err/s: 0.10 reconn/s: 0.00
[ 690s ] thds: 400 tps: 7394.43 qps: 148068.52 (r/w/o: 103671.14/29608.62/14788.76) lat (ms,95%): 94.10 err/s: 0.00 reconn/s: 0.00
[ 700s ] thds: 400 tps: 8707.18 qps: 174054.83 (r/w/o: 121837.74/34803.23/17413.86) lat (ms,95%): 82.96 err/s: 0.00 reconn/s: 0.00
[ 710s ] thds: 400 tps: 9536.76 qps: 190877.72 (r/w/o: 133630.88/38172.52/19074.31) lat (ms,95%): 57.87 err/s: 0.10 reconn/s: 0.00
[ 720s ] thds: 400 tps: 9668.68 qps: 193289.21 (r/w/o: 135286.26/38667.60/19335.35) lat (ms,95%): 61.08 err/s: 0.10 reconn/s: 0.00
[ 730s ] thds: 400 tps: 9517.46 qps: 190309.93 (r/w/o: 133236.69/38036.53/19036.71) lat (ms,95%): 63.32 err/s: 0.00 reconn/s: 0.00
[ 740s ] thds: 400 tps: 9363.42 qps: 187346.74 (r/w/o: 131119.84/37499.57/18727.33) lat (ms,95%): 73.13 err/s: 0.00 reconn/s: 0.00
[ 750s ] thds: 400 tps: 9913.56 qps: 198122.69 (r/w/o: 138671.53/39624.04/19827.12) lat (ms,95%): 55.82 err/s: 0.00 reconn/s: 0.00
[ 760s ] thds: 400 tps: 9801.69 qps: 195945.99 (r/w/o: 137135.42/39207.38/19603.19) lat (ms,95%): 56.84 err/s: 0.00 reconn/s: 0.00
[ 770s ] thds: 400 tps: 8808.94 qps: 176422.30 (r/w/o: 123568.36/35235.76/17618.18) lat (ms,95%): 89.16 err/s: 0.00 reconn/s: 0.00
[ 780s ] thds: 400 tps: 7911.07 qps: 158121.96 (r/w/o: 110690.45/31609.07/15822.44) lat (ms,95%): 110.66 err/s: 0.00 reconn/s: 0.00
[ 790s ] thds: 400 tps: 7842.42 qps: 156485.15 (r/w/o: 109443.34/31358.17/15683.64) lat (ms,95%): 102.97 err/s: 0.00 reconn/s: 0.00
[ 800s ] thds: 400 tps: 7841.51 qps: 157278.39 (r/w/o: 110125.10/31470.36/15682.93) lat (ms,95%): 101.13 err/s: 0.00 reconn/s: 0.00
[ 810s ] thds: 400 tps: 7707.85 qps: 154131.15 (r/w/o: 107910.36/30804.19/15416.59) lat (ms,95%): 112.67 err/s: 0.00 reconn/s: 0.00
[ 820s ] thds: 400 tps: 8269.59 qps: 165254.73 (r/w/o: 115691.48/33025.16/16538.08) lat (ms,95%): 106.75 err/s: 0.00 reconn/s: 0.00
[ 830s ] thds: 400 tps: 7823.55 qps: 156603.08 (r/w/o: 109637.36/31316.92/15648.81) lat (ms,95%): 102.97 err/s: 0.00 reconn/s: 0.00
[ 840s ] thds: 400 tps: 8347.58 qps: 167120.21 (r/w/o: 116943.36/33481.80/16695.05) lat (ms,95%): 99.33 err/s: 0.00 reconn/s: 0.00
SQL statistics:
    queries performed:
        read:                            102950218
        write:                           29414260
        other:                           14707222
        total:                           147071700
    transactions:                        7353567 (8747.66 per sec.)
    queries:                             147071700 (174953.62 per sec.)
    ignored errors:                      20     (0.02 per sec.)
    reconnects:                          0      (0.00 per sec.)

General statistics:
    total time:                          840.6315s
    total number of events:              7353567

Latency (ms):
         min:                                   19.85
         avg:                                   45.69
         max:                                  961.70
         95th percentile:                       87.56
         sum:                            336015882.97

Threads fairness:
    events (avg/stddev):           18383.9175/385.25
    execution time (avg/stddev):   840.0397/0.06

