sysbench 1.0.20-ebf1c90 (using bundled LuaJIT 2.1.0-beta2)

Running the test with following options:
Number of threads: 400
Report intermediate results every 10 second(s)
Initializing random number generator from current time


Initializing worker threads...

Threads started!

[ 10s ] thds: 400 tps: 6047.95 qps: 121423.90 (r/w/o: 85084.19/24203.61/12136.10) lat (ms,95%): 193.38 err/s: 0.10 reconn/s: 0.00
[ 20s ] thds: 400 tps: 8091.73 qps: 161868.86 (r/w/o: 113308.66/32376.73/16183.47) lat (ms,95%): 155.80 err/s: 0.00 reconn/s: 0.00
[ 30s ] thds: 400 tps: 8525.66 qps: 170450.58 (r/w/o: 119276.52/34124.23/17049.82) lat (ms,95%): 139.85 err/s: 0.00 reconn/s: 0.00
[ 40s ] thds: 400 tps: 8997.82 qps: 179832.36 (r/w/o: 125872.75/35965.37/17994.24) lat (ms,95%): 70.55 err/s: 0.00 reconn/s: 0.00
[ 50s ] thds: 400 tps: 9657.82 qps: 193237.47 (r/w/o: 135280.63/38638.09/19318.75) lat (ms,95%): 55.82 err/s: 0.10 reconn/s: 0.00
[ 60s ] thds: 400 tps: 9189.28 qps: 183731.15 (r/w/o: 128613.28/36739.21/18378.65) lat (ms,95%): 71.83 err/s: 0.00 reconn/s: 0.00
[ 70s ] thds: 400 tps: 9592.30 qps: 191864.79 (r/w/o: 134303.66/38376.62/19184.51) lat (ms,95%): 62.19 err/s: 0.00 reconn/s: 0.00
[ 80s ] thds: 400 tps: 9417.18 qps: 188420.84 (r/w/o: 131907.68/37681.71/18831.45) lat (ms,95%): 69.29 err/s: 0.00 reconn/s: 0.00
[ 90s ] thds: 400 tps: 9378.14 qps: 187685.59 (r/w/o: 131416.65/37509.76/18759.18) lat (ms,95%): 65.65 err/s: 0.00 reconn/s: 0.00
[ 100s ] thds: 400 tps: 9800.32 qps: 195962.11 (r/w/o: 137141.72/39223.36/19597.03) lat (ms,95%): 54.83 err/s: 0.10 reconn/s: 0.00
[ 110s ] thds: 400 tps: 6731.50 qps: 134592.12 (r/w/o: 94197.34/26928.38/13466.39) lat (ms,95%): 127.81 err/s: 0.00 reconn/s: 0.00
[ 120s ] thds: 400 tps: 5285.27 qps: 105704.20 (r/w/o: 74009.25/21124.00/10570.95) lat (ms,95%): 147.61 err/s: 0.00 reconn/s: 0.00
[ 130s ] thds: 400 tps: 7833.83 qps: 156916.44 (r/w/o: 109822.35/31426.03/15668.06) lat (ms,95%): 99.33 err/s: 0.00 reconn/s: 0.00
[ 140s ] thds: 400 tps: 9455.41 qps: 188874.28 (r/w/o: 132219.42/37743.94/18910.92) lat (ms,95%): 65.65 err/s: 0.00 reconn/s: 0.00
[ 150s ] thds: 400 tps: 9579.81 qps: 191606.33 (r/w/o: 134118.99/38332.93/19154.41) lat (ms,95%): 64.47 err/s: 0.00 reconn/s: 0.00
[ 160s ] thds: 400 tps: 9743.68 qps: 194785.94 (r/w/o: 136343.98/38949.21/19492.75) lat (ms,95%): 59.99 err/s: 0.10 reconn/s: 0.00
[ 170s ] thds: 400 tps: 9639.02 qps: 192884.73 (r/w/o: 135024.60/38584.09/19276.04) lat (ms,95%): 63.32 err/s: 0.00 reconn/s: 0.00
[ 180s ] thds: 400 tps: 9578.39 qps: 191688.87 (r/w/o: 134214.31/38315.47/19159.09) lat (ms,95%): 61.08 err/s: 0.10 reconn/s: 0.00
[ 190s ] thds: 400 tps: 9514.99 qps: 190267.86 (r/w/o: 133162.13/38075.45/19030.28) lat (ms,95%): 63.32 err/s: 0.00 reconn/s: 0.00
[ 200s ] thds: 400 tps: 9635.81 qps: 192545.41 (r/w/o: 134781.95/38491.74/19271.72) lat (ms,95%): 61.08 err/s: 0.00 reconn/s: 0.00
[ 210s ] thds: 400 tps: 9783.99 qps: 195710.57 (r/w/o: 136977.81/39168.27/19564.49) lat (ms,95%): 55.82 err/s: 0.00 reconn/s: 0.00
[ 220s ] thds: 400 tps: 7633.58 qps: 152627.78 (r/w/o: 106863.31/30493.72/15270.76) lat (ms,95%): 102.97 err/s: 0.00 reconn/s: 0.00
[ 230s ] thds: 400 tps: 6616.24 qps: 132629.17 (r/w/o: 92832.01/26564.47/13232.69) lat (ms,95%): 112.67 err/s: 0.10 reconn/s: 0.00
[ 240s ] thds: 400 tps: 7226.19 qps: 144412.73 (r/w/o: 101116.31/28844.05/14452.37) lat (ms,95%): 104.84 err/s: 0.00 reconn/s: 0.00
[ 250s ] thds: 400 tps: 9415.43 qps: 188210.34 (r/w/o: 131735.98/37643.51/18830.85) lat (ms,95%): 61.08 err/s: 0.00 reconn/s: 0.00
[ 260s ] thds: 400 tps: 9613.89 qps: 192171.41 (r/w/o: 134494.97/38449.06/19227.38) lat (ms,95%): 58.92 err/s: 0.00 reconn/s: 0.00
[ 270s ] thds: 400 tps: 9699.57 qps: 194065.58 (r/w/o: 135865.87/38800.18/19399.54) lat (ms,95%): 57.87 err/s: 0.00 reconn/s: 0.00
[ 280s ] thds: 400 tps: 9220.83 qps: 184228.05 (r/w/o: 128939.39/36851.21/18437.46) lat (ms,95%): 74.46 err/s: 0.00 reconn/s: 0.00
[ 290s ] thds: 400 tps: 9545.00 qps: 191011.97 (r/w/o: 133705.75/38212.71/19093.51) lat (ms,95%): 61.08 err/s: 0.00 reconn/s: 0.00
[ 300s ] thds: 400 tps: 9639.49 qps: 192961.66 (r/w/o: 135101.73/38580.35/19279.58) lat (ms,95%): 61.08 err/s: 0.00 reconn/s: 0.00
[ 310s ] thds: 400 tps: 10012.11 qps: 200043.59 (r/w/o: 140005.73/40013.94/20023.92) lat (ms,95%): 53.85 err/s: 0.00 reconn/s: 0.00
[ 320s ] thds: 400 tps: 9415.68 qps: 188335.73 (r/w/o: 131833.67/37673.81/18828.25) lat (ms,95%): 71.83 err/s: 0.00 reconn/s: 0.00
[ 330s ] thds: 400 tps: 7479.83 qps: 149702.21 (r/w/o: 104812.95/29925.70/14963.55) lat (ms,95%): 102.97 err/s: 0.00 reconn/s: 0.00
[ 340s ] thds: 400 tps: 7157.07 qps: 143265.84 (r/w/o: 100288.33/28664.57/14312.93) lat (ms,95%): 99.33 err/s: 0.00 reconn/s: 0.00
[ 350s ] thds: 400 tps: 7133.72 qps: 142514.16 (r/w/o: 99756.15/28490.67/14267.34) lat (ms,95%): 102.97 err/s: 0.00 reconn/s: 0.00
[ 360s ] thds: 400 tps: 9246.14 qps: 184978.00 (r/w/o: 129476.66/37009.36/18491.98) lat (ms,95%): 68.05 err/s: 0.00 reconn/s: 0.00
[ 370s ] thds: 400 tps: 9964.91 qps: 199177.27 (r/w/o: 139408.49/39837.55/19931.23) lat (ms,95%): 52.89 err/s: 0.00 reconn/s: 0.00
[ 380s ] thds: 400 tps: 9332.22 qps: 186781.36 (r/w/o: 130757.72/37358.49/18665.15) lat (ms,95%): 74.46 err/s: 0.10 reconn/s: 0.00
[ 390s ] thds: 400 tps: 8678.48 qps: 173691.58 (r/w/o: 121601.88/34733.14/17356.57) lat (ms,95%): 104.84 err/s: 0.00 reconn/s: 0.00
[ 400s ] thds: 400 tps: 8005.93 qps: 160105.75 (r/w/o: 112089.65/32003.63/16012.46) lat (ms,95%): 102.97 err/s: 0.10 reconn/s: 0.00
[ 410s ] thds: 400 tps: 7956.62 qps: 159023.95 (r/w/o: 111281.64/31830.57/15911.73) lat (ms,95%): 106.75 err/s: 0.00 reconn/s: 0.00
[ 420s ] thds: 400 tps: 8311.75 qps: 166038.47 (r/w/o: 116210.18/33209.09/16619.20) lat (ms,95%): 95.81 err/s: 0.00 reconn/s: 0.00
[ 430s ] thds: 400 tps: 9739.85 qps: 194895.87 (r/w/o: 136459.88/38954.69/19481.30) lat (ms,95%): 56.84 err/s: 0.00 reconn/s: 0.00
[ 440s ] thds: 400 tps: 8035.09 qps: 160667.40 (r/w/o: 112477.46/32115.26/16074.68) lat (ms,95%): 94.10 err/s: 0.00 reconn/s: 0.00
[ 450s ] thds: 400 tps: 7654.13 qps: 153198.97 (r/w/o: 107271.77/30618.93/15308.27) lat (ms,95%): 94.10 err/s: 0.00 reconn/s: 0.00
[ 460s ] thds: 400 tps: 7401.35 qps: 148140.01 (r/w/o: 103684.54/29652.68/14802.79) lat (ms,95%): 92.42 err/s: 0.00 reconn/s: 0.00
[ 470s ] thds: 400 tps: 7753.33 qps: 154946.02 (r/w/o: 108413.43/31025.92/15506.66) lat (ms,95%): 90.78 err/s: 0.00 reconn/s: 0.00
[ 480s ] thds: 400 tps: 9591.64 qps: 191765.73 (r/w/o: 134267.11/38315.35/19183.27) lat (ms,95%): 59.99 err/s: 0.00 reconn/s: 0.00
[ 490s ] thds: 400 tps: 9897.55 qps: 197935.89 (r/w/o: 138555.99/39584.60/19795.30) lat (ms,95%): 54.83 err/s: 0.00 reconn/s: 0.00
[ 500s ] thds: 400 tps: 9741.09 qps: 194659.04 (r/w/o: 136207.62/38969.75/19481.67) lat (ms,95%): 57.87 err/s: 0.00 reconn/s: 0.00
[ 510s ] thds: 400 tps: 9426.82 qps: 188911.19 (r/w/o: 132301.87/37754.68/18854.64) lat (ms,95%): 64.47 err/s: 0.20 reconn/s: 0.00
[ 520s ] thds: 400 tps: 9238.80 qps: 184638.62 (r/w/o: 129228.44/36937.28/18472.89) lat (ms,95%): 77.19 err/s: 0.00 reconn/s: 0.00
[ 530s ] thds: 400 tps: 9804.85 qps: 196010.71 (r/w/o: 137172.53/39223.38/19614.79) lat (ms,95%): 55.82 err/s: 0.10 reconn/s: 0.00
[ 540s ] thds: 400 tps: 9229.97 qps: 184731.18 (r/w/o: 129360.07/36911.08/18460.04) lat (ms,95%): 71.83 err/s: 0.00 reconn/s: 0.00
[ 550s ] thds: 400 tps: 8317.85 qps: 166156.91 (r/w/o: 116264.34/33256.88/16635.69) lat (ms,95%): 90.78 err/s: 0.00 reconn/s: 0.00
[ 560s ] thds: 400 tps: 9451.91 qps: 189268.69 (r/w/o: 132537.21/37827.66/18903.83) lat (ms,95%): 63.32 err/s: 0.00 reconn/s: 0.00
[ 570s ] thds: 400 tps: 7018.62 qps: 140275.89 (r/w/o: 98143.04/28095.70/14037.15) lat (ms,95%): 104.84 err/s: 0.20 reconn/s: 0.00
[ 580s ] thds: 400 tps: 6730.76 qps: 134523.75 (r/w/o: 94198.07/26864.45/13461.22) lat (ms,95%): 108.68 err/s: 0.10 reconn/s: 0.00
[ 590s ] thds: 400 tps: 9379.35 qps: 187883.16 (r/w/o: 131507.34/37615.91/18759.91) lat (ms,95%): 59.99 err/s: 0.10 reconn/s: 0.00
[ 600s ] thds: 400 tps: 9713.87 qps: 194013.46 (r/w/o: 135805.75/38779.97/19427.74) lat (ms,95%): 56.84 err/s: 0.00 reconn/s: 0.00
[ 610s ] thds: 400 tps: 9701.07 qps: 194110.84 (r/w/o: 135891.64/38816.57/19402.63) lat (ms,95%): 57.87 err/s: 0.10 reconn/s: 0.00
[ 620s ] thds: 400 tps: 9560.55 qps: 191100.79 (r/w/o: 133773.66/38208.42/19118.71) lat (ms,95%): 58.92 err/s: 0.10 reconn/s: 0.00
[ 630s ] thds: 400 tps: 9238.71 qps: 184797.45 (r/w/o: 129317.97/36999.35/18480.12) lat (ms,95%): 74.46 err/s: 0.00 reconn/s: 0.00
[ 640s ] thds: 400 tps: 9587.12 qps: 191839.82 (r/w/o: 134321.69/38343.98/19174.14) lat (ms,95%): 59.99 err/s: 0.00 reconn/s: 0.00
[ 650s ] thds: 400 tps: 9398.69 qps: 187792.20 (r/w/o: 131425.69/37568.84/18797.67) lat (ms,95%): 64.47 err/s: 0.10 reconn/s: 0.00
[ 660s ] thds: 400 tps: 8193.69 qps: 163904.41 (r/w/o: 114743.47/32775.96/16384.98) lat (ms,95%): 95.81 err/s: 0.00 reconn/s: 0.00
[ 670s ] thds: 400 tps: 9431.41 qps: 188807.87 (r/w/o: 132165.12/37780.53/18862.22) lat (ms,95%): 64.47 err/s: 0.00 reconn/s: 0.00
[ 680s ] thds: 400 tps: 6995.80 qps: 139744.05 (r/w/o: 97833.24/27916.81/13994.01) lat (ms,95%): 101.13 err/s: 0.00 reconn/s: 0.00
[ 690s ] thds: 400 tps: 7409.99 qps: 148334.17 (r/w/o: 103834.41/29683.57/14816.19) lat (ms,95%): 94.10 err/s: 0.00 reconn/s: 0.00
[ 700s ] thds: 400 tps: 8728.25 qps: 174548.95 (r/w/o: 122194.53/34893.71/17460.70) lat (ms,95%): 82.96 err/s: 0.10 reconn/s: 0.00
[ 710s ] thds: 400 tps: 9566.99 qps: 191375.08 (r/w/o: 133949.61/38297.88/19127.59) lat (ms,95%): 57.87 err/s: 0.10 reconn/s: 0.00
[ 720s ] thds: 400 tps: 9638.75 qps: 192683.38 (r/w/o: 134868.59/38535.30/19279.50) lat (ms,95%): 62.19 err/s: 0.00 reconn/s: 0.00
[ 730s ] thds: 400 tps: 9491.12 qps: 190001.20 (r/w/o: 133037.88/37975.98/18987.34) lat (ms,95%): 63.32 err/s: 0.00 reconn/s: 0.00
[ 740s ] thds: 400 tps: 9399.83 qps: 187884.44 (r/w/o: 131471.85/37619.93/18792.66) lat (ms,95%): 73.13 err/s: 0.00 reconn/s: 0.00
[ 750s ] thds: 400 tps: 9925.67 qps: 198437.77 (r/w/o: 138919.43/39661.79/19856.55) lat (ms,95%): 55.82 err/s: 0.20 reconn/s: 0.00
[ 760s ] thds: 400 tps: 9808.19 qps: 196007.93 (r/w/o: 137183.01/39208.15/19616.77) lat (ms,95%): 57.87 err/s: 0.10 reconn/s: 0.00
[ 770s ] thds: 400 tps: 8776.09 qps: 175963.26 (r/w/o: 123216.53/35191.85/17554.88) lat (ms,95%): 89.16 err/s: 0.10 reconn/s: 0.00
[ 780s ] thds: 400 tps: 7949.18 qps: 158907.23 (r/w/o: 111256.14/31752.73/15898.36) lat (ms,95%): 110.66 err/s: 0.00 reconn/s: 0.00
[ 790s ] thds: 400 tps: 7818.83 qps: 156107.33 (r/w/o: 109245.14/31224.53/15637.66) lat (ms,95%): 102.97 err/s: 0.00 reconn/s: 0.00
[ 800s ] thds: 400 tps: 7907.73 qps: 158213.11 (r/w/o: 110714.05/31685.80/15813.25) lat (ms,95%): 101.13 err/s: 0.20 reconn/s: 0.00
[ 810s ] thds: 400 tps: 7671.19 qps: 153398.45 (r/w/o: 107404.03/30649.55/15344.88) lat (ms,95%): 112.67 err/s: 0.00 reconn/s: 0.00
[ 820s ] thds: 400 tps: 8233.89 qps: 164813.43 (r/w/o: 115384.28/32962.87/16466.28) lat (ms,95%): 108.68 err/s: 0.00 reconn/s: 0.00
[ 830s ] thds: 400 tps: 7808.54 qps: 156347.97 (r/w/o: 109449.11/31280.17/15618.69) lat (ms,95%): 102.97 err/s: 0.00 reconn/s: 0.00
[ 840s ] thds: 400 tps: 8290.70 qps: 165869.96 (r/w/o: 116069.34/33219.41/16581.21) lat (ms,95%): 101.13 err/s: 0.10 reconn/s: 0.00
SQL statistics:
    queries performed:
        read:                            102968110
        write:                           29419368
        other:                           14709768
        total:                           147097246
    transactions:                        7354838 (8746.12 per sec.)
    queries:                             147097246 (174922.96 per sec.)
    ignored errors:                      27     (0.03 per sec.)
    reconnects:                          0      (0.00 per sec.)

General statistics:
    total time:                          840.9249s
    total number of events:              7354838

Latency (ms):
         min:                                   19.67
         avg:                                   45.69
         max:                                 1105.74
         95th percentile:                       87.56
         sum:                            336020669.76

Threads fairness:
    events (avg/stddev):           18387.0950/404.69
    execution time (avg/stddev):   840.0517/0.13

