sysbench 1.0.20-ebf1c90 (using bundled LuaJIT 2.1.0-beta2)

Running the test with following options:
Number of threads: 400
Report intermediate results every 10 second(s)
Initializing random number generator from current time


Initializing worker threads...

Threads started!

[ 10s ] thds: 400 tps: 6046.00 qps: 121351.12 (r/w/o: 85025.90/24193.21/12132.00) lat (ms,95%): 193.38 err/s: 0.00 reconn/s: 0.00
[ 20s ] thds: 400 tps: 8088.42 qps: 161811.13 (r/w/o: 113277.33/32356.97/16176.83) lat (ms,95%): 155.80 err/s: 0.00 reconn/s: 0.00
[ 30s ] thds: 400 tps: 8563.10 qps: 171210.73 (r/w/o: 119809.05/34281.29/17120.39) lat (ms,95%): 134.90 err/s: 0.20 reconn/s: 0.00
[ 40s ] thds: 400 tps: 9017.50 qps: 180278.26 (r/w/o: 126185.77/36054.49/18038.00) lat (ms,95%): 70.55 err/s: 0.10 reconn/s: 0.00
[ 50s ] thds: 400 tps: 9627.37 qps: 192538.29 (r/w/o: 134778.87/38501.38/19258.04) lat (ms,95%): 56.84 err/s: 0.00 reconn/s: 0.00
[ 60s ] thds: 400 tps: 9194.00 qps: 183865.09 (r/w/o: 128712.29/36765.10/18387.70) lat (ms,95%): 71.83 err/s: 0.20 reconn/s: 0.00
[ 70s ] thds: 400 tps: 9618.03 qps: 192371.77 (r/w/o: 134661.70/38477.01/19233.06) lat (ms,95%): 62.19 err/s: 0.00 reconn/s: 0.00
[ 80s ] thds: 400 tps: 9402.90 qps: 188182.66 (r/w/o: 131746.84/37633.21/18802.61) lat (ms,95%): 68.05 err/s: 0.00 reconn/s: 0.00
[ 90s ] thds: 400 tps: 9410.35 qps: 188301.02 (r/w/o: 131843.21/37630.11/18827.70) lat (ms,95%): 64.47 err/s: 0.00 reconn/s: 0.00
[ 100s ] thds: 400 tps: 9800.05 qps: 196028.94 (r/w/o: 137197.23/39231.21/19600.50) lat (ms,95%): 54.83 err/s: 0.20 reconn/s: 0.00
[ 110s ] thds: 400 tps: 6737.49 qps: 134676.87 (r/w/o: 94247.44/26955.15/13474.28) lat (ms,95%): 127.81 err/s: 0.00 reconn/s: 0.00
[ 120s ] thds: 400 tps: 5291.84 qps: 105778.72 (r/w/o: 74062.37/21134.97/10581.38) lat (ms,95%): 147.61 err/s: 0.00 reconn/s: 0.00
[ 130s ] thds: 400 tps: 7815.50 qps: 156571.84 (r/w/o: 109584.22/31353.62/15634.00) lat (ms,95%): 99.33 err/s: 0.00 reconn/s: 0.00
[ 140s ] thds: 400 tps: 9430.96 qps: 188401.70 (r/w/o: 131889.54/37650.04/18862.12) lat (ms,95%): 65.65 err/s: 0.00 reconn/s: 0.00
[ 150s ] thds: 400 tps: 9664.26 qps: 193383.09 (r/w/o: 135368.43/38690.44/19324.22) lat (ms,95%): 63.32 err/s: 0.00 reconn/s: 0.00
[ 160s ] thds: 400 tps: 9726.95 qps: 194341.17 (r/w/o: 136018.95/38863.81/19458.41) lat (ms,95%): 59.99 err/s: 0.00 reconn/s: 0.00
[ 170s ] thds: 400 tps: 9629.58 qps: 192735.22 (r/w/o: 134924.13/38554.52/19256.56) lat (ms,95%): 63.32 err/s: 0.00 reconn/s: 0.00
[ 180s ] thds: 400 tps: 9604.94 qps: 192185.35 (r/w/o: 134563.83/38408.55/19212.98) lat (ms,95%): 61.08 err/s: 0.00 reconn/s: 0.00
[ 190s ] thds: 400 tps: 9575.77 qps: 191473.27 (r/w/o: 134003.94/38317.79/19151.55) lat (ms,95%): 62.19 err/s: 0.00 reconn/s: 0.00
[ 200s ] thds: 400 tps: 9627.79 qps: 192372.71 (r/w/o: 134652.26/38464.76/19255.68) lat (ms,95%): 61.08 err/s: 0.00 reconn/s: 0.00
[ 210s ] thds: 400 tps: 9801.05 qps: 196110.41 (r/w/o: 137266.80/39248.91/19594.70) lat (ms,95%): 55.82 err/s: 0.00 reconn/s: 0.00
[ 220s ] thds: 400 tps: 7621.16 qps: 152336.17 (r/w/o: 106655.09/30431.15/15249.93) lat (ms,95%): 102.97 err/s: 0.10 reconn/s: 0.00
[ 230s ] thds: 400 tps: 6614.69 qps: 132610.94 (r/w/o: 92821.89/26559.07/13229.98) lat (ms,95%): 112.67 err/s: 0.20 reconn/s: 0.00
[ 240s ] thds: 400 tps: 7235.19 qps: 144564.23 (r/w/o: 101220.78/28872.97/14470.48) lat (ms,95%): 104.84 err/s: 0.00 reconn/s: 0.00
[ 250s ] thds: 400 tps: 9475.31 qps: 189436.61 (r/w/o: 132589.88/37896.02/18950.71) lat (ms,95%): 59.99 err/s: 0.00 reconn/s: 0.00
[ 260s ] thds: 400 tps: 9616.02 qps: 192195.32 (r/w/o: 134520.60/38448.58/19226.14) lat (ms,95%): 58.92 err/s: 0.10 reconn/s: 0.00
[ 270s ] thds: 400 tps: 9708.87 qps: 194264.17 (r/w/o: 135998.13/38841.99/19424.05) lat (ms,95%): 57.87 err/s: 0.00 reconn/s: 0.00
[ 280s ] thds: 400 tps: 9204.83 qps: 183953.42 (r/w/o: 128745.47/36799.40/18408.55) lat (ms,95%): 75.82 err/s: 0.00 reconn/s: 0.00
[ 290s ] thds: 400 tps: 9573.30 qps: 191547.91 (r/w/o: 134079.34/38320.68/19147.89) lat (ms,95%): 61.08 err/s: 0.10 reconn/s: 0.00
[ 300s ] thds: 400 tps: 9643.83 qps: 193018.82 (r/w/o: 135151.73/38582.72/19284.36) lat (ms,95%): 59.99 err/s: 0.00 reconn/s: 0.00
[ 310s ] thds: 400 tps: 10004.28 qps: 199926.59 (r/w/o: 139920.11/39994.62/20011.86) lat (ms,95%): 53.85 err/s: 0.00 reconn/s: 0.00
[ 320s ] thds: 400 tps: 9423.34 qps: 188518.23 (r/w/o: 131973.01/37707.15/18838.07) lat (ms,95%): 71.83 err/s: 0.00 reconn/s: 0.00
[ 330s ] thds: 400 tps: 7478.38 qps: 149634.26 (r/w/o: 104750.96/29917.93/14965.37) lat (ms,95%): 102.97 err/s: 0.00 reconn/s: 0.00
[ 340s ] thds: 400 tps: 7156.51 qps: 143257.91 (r/w/o: 100287.85/28657.34/14312.72) lat (ms,95%): 99.33 err/s: 0.00 reconn/s: 0.00
[ 350s ] thds: 400 tps: 7152.46 qps: 142885.67 (r/w/o: 100018.19/28562.95/14304.53) lat (ms,95%): 102.97 err/s: 0.00 reconn/s: 0.00
[ 360s ] thds: 400 tps: 9258.93 qps: 185263.76 (r/w/o: 129680.99/37064.01/18518.76) lat (ms,95%): 68.05 err/s: 0.10 reconn/s: 0.00
[ 370s ] thds: 400 tps: 10015.83 qps: 200156.03 (r/w/o: 140087.07/40037.31/20031.65) lat (ms,95%): 51.94 err/s: 0.00 reconn/s: 0.00
[ 380s ] thds: 400 tps: 9334.99 qps: 186809.19 (r/w/o: 130771.62/37367.58/18669.99) lat (ms,95%): 74.46 err/s: 0.00 reconn/s: 0.00
[ 390s ] thds: 400 tps: 8652.89 qps: 173200.48 (r/w/o: 121265.24/34629.26/17305.98) lat (ms,95%): 104.84 err/s: 0.10 reconn/s: 0.00
[ 400s ] thds: 400 tps: 8006.39 qps: 160123.99 (r/w/o: 112099.06/32012.06/16012.88) lat (ms,95%): 102.97 err/s: 0.00 reconn/s: 0.00
[ 410s ] thds: 400 tps: 7949.82 qps: 158868.91 (r/w/o: 111180.02/31791.26/15897.63) lat (ms,95%): 106.75 err/s: 0.00 reconn/s: 0.00
[ 420s ] thds: 400 tps: 8320.08 qps: 166286.37 (r/w/o: 116381.10/33270.61/16634.66) lat (ms,95%): 95.81 err/s: 0.00 reconn/s: 0.00
[ 430s ] thds: 400 tps: 9727.19 qps: 194651.65 (r/w/o: 136287.72/38903.55/19460.37) lat (ms,95%): 56.84 err/s: 0.10 reconn/s: 0.00
[ 440s ] thds: 400 tps: 8040.01 qps: 160674.28 (r/w/o: 112473.03/32119.44/16081.82) lat (ms,95%): 94.10 err/s: 0.00 reconn/s: 0.00
[ 450s ] thds: 400 tps: 7679.57 qps: 153731.86 (r/w/o: 107652.35/30720.37/15359.14) lat (ms,95%): 94.10 err/s: 0.00 reconn/s: 0.00
[ 460s ] thds: 400 tps: 7469.45 qps: 149480.41 (r/w/o: 104625.41/29916.60/14938.40) lat (ms,95%): 92.42 err/s: 0.00 reconn/s: 0.00
[ 470s ] thds: 400 tps: 7747.78 qps: 154818.03 (r/w/o: 108320.57/31001.51/15495.95) lat (ms,95%): 90.78 err/s: 0.00 reconn/s: 0.00
[ 480s ] thds: 400 tps: 9528.70 qps: 190529.22 (r/w/o: 133397.55/38074.08/19057.59) lat (ms,95%): 59.99 err/s: 0.00 reconn/s: 0.00
[ 490s ] thds: 400 tps: 9909.83 qps: 198192.54 (r/w/o: 138738.25/39634.93/19819.36) lat (ms,95%): 54.83 err/s: 0.00 reconn/s: 0.00
[ 500s ] thds: 400 tps: 9727.89 qps: 194366.73 (r/w/o: 135997.68/38915.27/19453.78) lat (ms,95%): 57.87 err/s: 0.00 reconn/s: 0.00
[ 510s ] thds: 400 tps: 9436.47 qps: 189126.14 (r/w/o: 132456.11/37794.49/18875.54) lat (ms,95%): 64.47 err/s: 0.00 reconn/s: 0.00
[ 520s ] thds: 400 tps: 9272.34 qps: 185402.15 (r/w/o: 129769.83/37087.45/18544.88) lat (ms,95%): 77.19 err/s: 0.00 reconn/s: 0.00
[ 530s ] thds: 400 tps: 9846.32 qps: 196719.05 (r/w/o: 137661.51/39364.59/19692.94) lat (ms,95%): 55.82 err/s: 0.10 reconn/s: 0.00
[ 540s ] thds: 400 tps: 9230.64 qps: 184752.26 (r/w/o: 129376.80/36913.87/18461.59) lat (ms,95%): 71.83 err/s: 0.10 reconn/s: 0.00
[ 550s ] thds: 400 tps: 8349.25 qps: 166795.45 (r/w/o: 116706.17/33390.59/16698.70) lat (ms,95%): 90.78 err/s: 0.00 reconn/s: 0.00
[ 560s ] thds: 400 tps: 9448.22 qps: 189204.09 (r/w/o: 132495.57/37811.88/18896.64) lat (ms,95%): 63.32 err/s: 0.00 reconn/s: 0.00
[ 570s ] thds: 400 tps: 7048.36 qps: 140849.76 (r/w/o: 98547.10/28208.33/14094.32) lat (ms,95%): 102.97 err/s: 0.10 reconn/s: 0.00
[ 580s ] thds: 400 tps: 6778.66 qps: 135517.75 (r/w/o: 94895.38/27062.55/13559.83) lat (ms,95%): 108.68 err/s: 0.10 reconn/s: 0.00
[ 590s ] thds: 400 tps: 9310.88 qps: 186511.90 (r/w/o: 130543.55/37346.10/18622.25) lat (ms,95%): 61.08 err/s: 0.10 reconn/s: 0.00
[ 600s ] thds: 400 tps: 9727.36 qps: 194227.01 (r/w/o: 135954.38/38819.22/19453.41) lat (ms,95%): 56.84 err/s: 0.10 reconn/s: 0.00
[ 610s ] thds: 400 tps: 9749.01 qps: 195083.95 (r/w/o: 136569.57/39014.85/19499.53) lat (ms,95%): 57.87 err/s: 0.00 reconn/s: 0.00
[ 620s ] thds: 400 tps: 9571.07 qps: 191351.80 (r/w/o: 133956.68/38255.08/19140.04) lat (ms,95%): 58.92 err/s: 0.00 reconn/s: 0.00
[ 630s ] thds: 400 tps: 9210.51 qps: 184246.93 (r/w/o: 128940.66/36886.65/18419.62) lat (ms,95%): 74.46 err/s: 0.00 reconn/s: 0.00
[ 640s ] thds: 400 tps: 9623.63 qps: 192510.58 (r/w/o: 134774.28/38485.34/19250.97) lat (ms,95%): 59.99 err/s: 0.00 reconn/s: 0.00
[ 650s ] thds: 400 tps: 9417.37 qps: 188175.53 (r/w/o: 131696.20/37645.59/18833.74) lat (ms,95%): 64.47 err/s: 0.00 reconn/s: 0.00
[ 660s ] thds: 400 tps: 8177.86 qps: 163630.30 (r/w/o: 114556.14/32718.84/16355.32) lat (ms,95%): 97.55 err/s: 0.00 reconn/s: 0.00
[ 670s ] thds: 400 tps: 9477.03 qps: 189718.05 (r/w/o: 132799.96/37965.44/18952.66) lat (ms,95%): 64.47 err/s: 0.00 reconn/s: 0.00
[ 680s ] thds: 400 tps: 7025.67 qps: 140328.76 (r/w/o: 98242.12/28033.69/14052.95) lat (ms,95%): 101.13 err/s: 0.10 reconn/s: 0.00
[ 690s ] thds: 400 tps: 7407.66 qps: 148343.69 (r/w/o: 103848.81/29680.96/14813.93) lat (ms,95%): 94.10 err/s: 0.00 reconn/s: 0.00
[ 700s ] thds: 400 tps: 8709.86 qps: 174121.02 (r/w/o: 121893.28/34804.23/17423.51) lat (ms,95%): 82.96 err/s: 0.10 reconn/s: 0.00
[ 710s ] thds: 400 tps: 9526.14 qps: 190571.12 (r/w/o: 133386.47/38140.77/19043.88) lat (ms,95%): 57.87 err/s: 0.00 reconn/s: 0.00
[ 720s ] thds: 400 tps: 9687.50 qps: 193754.47 (r/w/o: 135618.58/38752.49/19383.40) lat (ms,95%): 61.08 err/s: 0.00 reconn/s: 0.00
[ 730s ] thds: 400 tps: 9517.66 qps: 190414.10 (r/w/o: 133326.84/38052.24/19035.02) lat (ms,95%): 64.47 err/s: 0.00 reconn/s: 0.00
[ 740s ] thds: 400 tps: 9371.81 qps: 187461.25 (r/w/o: 131191.07/37528.95/18741.22) lat (ms,95%): 73.13 err/s: 0.00 reconn/s: 0.00
[ 750s ] thds: 400 tps: 9930.83 qps: 198434.20 (r/w/o: 138897.25/39677.40/19859.55) lat (ms,95%): 55.82 err/s: 0.00 reconn/s: 0.00
[ 760s ] thds: 400 tps: 9790.10 qps: 195635.99 (r/w/o: 136924.59/39132.60/19578.80) lat (ms,95%): 57.87 err/s: 0.00 reconn/s: 0.00
[ 770s ] thds: 400 tps: 8779.64 qps: 176018.98 (r/w/o: 123263.85/35189.66/17565.48) lat (ms,95%): 89.16 err/s: 0.00 reconn/s: 0.00
[ 780s ] thds: 400 tps: 7926.08 qps: 158435.84 (r/w/o: 110923.45/31660.13/15852.26) lat (ms,95%): 110.66 err/s: 0.00 reconn/s: 0.00
[ 790s ] thds: 400 tps: 7868.94 qps: 157087.24 (r/w/o: 109915.59/31433.66/15737.98) lat (ms,95%): 102.97 err/s: 0.00 reconn/s: 0.00
[ 800s ] thds: 400 tps: 7906.23 qps: 158248.38 (r/w/o: 110747.67/31690.64/15810.07) lat (ms,95%): 101.13 err/s: 0.00 reconn/s: 0.00
[ 810s ] thds: 400 tps: 7686.53 qps: 153689.41 (r/w/o: 107606.25/30707.60/15375.55) lat (ms,95%): 112.67 err/s: 0.10 reconn/s: 0.00
[ 820s ] thds: 400 tps: 8276.24 qps: 165633.12 (r/w/o: 115960.57/33121.26/16551.28) lat (ms,95%): 106.75 err/s: 0.00 reconn/s: 0.00
[ 830s ] thds: 400 tps: 7865.99 qps: 157478.71 (r/w/o: 110245.90/31499.54/15733.27) lat (ms,95%): 101.13 err/s: 0.00 reconn/s: 0.00
[ 840s ] thds: 400 tps: 8332.65 qps: 166751.66 (r/w/o: 116682.05/33404.31/16665.31) lat (ms,95%): 101.13 err/s: 0.00 reconn/s: 0.00
SQL statistics:
    queries performed:
        read:                            103079018
        write:                           29451057
        other:                           14725617
        total:                           147255692
    transactions:                        7362763 (8755.41 per sec.)
    queries:                             147255692 (175108.68 per sec.)
    ignored errors:                      24     (0.03 per sec.)
    reconnects:                          0      (0.00 per sec.)

General statistics:
    total time:                          840.9379s
    total number of events:              7362763

Latency (ms):
         min:                                   19.77
         avg:                                   45.64
         max:                                  934.55
         95th percentile:                       87.56
         sum:                            336018069.91

Threads fairness:
    events (avg/stddev):           18406.9075/416.70
    execution time (avg/stddev):   840.0452/0.12

