sysbench 1.0.20-ebf1c90 (using bundled LuaJIT 2.1.0-beta2)

Running the test with following options:
Number of threads: 400
Report intermediate results every 10 second(s)
Initializing random number generator from current time


Initializing worker threads...

Threads started!

[ 10s ] thds: 400 tps: 5569.80 qps: 111714.99 (r/w/o: 78243.19/22294.01/11177.80) lat (ms,95%): 207.82 err/s: 0.00 reconn/s: 0.00
[ 20s ] thds: 400 tps: 7827.54 qps: 156569.16 (r/w/o: 109604.43/31308.45/15656.28) lat (ms,95%): 170.48 err/s: 0.00 reconn/s: 0.00
[ 30s ] thds: 400 tps: 8469.87 qps: 169334.46 (r/w/o: 118511.16/33887.47/16935.84) lat (ms,95%): 127.81 err/s: 0.00 reconn/s: 0.00
[ 40s ] thds: 400 tps: 9057.40 qps: 181431.48 (r/w/o: 127057.66/36258.42/18115.41) lat (ms,95%): 70.55 err/s: 0.00 reconn/s: 0.00
[ 50s ] thds: 400 tps: 9097.63 qps: 181722.79 (r/w/o: 127167.59/36356.54/18198.67) lat (ms,95%): 69.29 err/s: 0.00 reconn/s: 0.00
[ 60s ] thds: 400 tps: 9418.32 qps: 188338.68 (r/w/o: 131827.97/37680.08/18830.64) lat (ms,95%): 57.87 err/s: 0.00 reconn/s: 0.00
[ 70s ] thds: 400 tps: 9403.24 qps: 188427.18 (r/w/o: 131920.55/37693.96/18812.68) lat (ms,95%): 64.47 err/s: 0.00 reconn/s: 0.00
[ 80s ] thds: 400 tps: 9093.95 qps: 181522.98 (r/w/o: 127025.66/36308.62/18188.71) lat (ms,95%): 77.19 err/s: 0.10 reconn/s: 0.00
[ 90s ] thds: 400 tps: 9555.24 qps: 191174.53 (r/w/o: 133855.98/38216.57/19101.98) lat (ms,95%): 61.08 err/s: 0.00 reconn/s: 0.00
[ 100s ] thds: 400 tps: 9689.95 qps: 194027.88 (r/w/o: 135828.76/38810.72/19388.41) lat (ms,95%): 55.82 err/s: 0.00 reconn/s: 0.00
[ 110s ] thds: 400 tps: 7396.77 qps: 147707.19 (r/w/o: 103357.77/29557.18/14792.24) lat (ms,95%): 125.52 err/s: 0.00 reconn/s: 0.00
[ 120s ] thds: 400 tps: 6356.38 qps: 127244.55 (r/w/o: 89087.05/25453.93/12703.56) lat (ms,95%): 139.85 err/s: 0.00 reconn/s: 0.00
[ 130s ] thds: 400 tps: 6460.10 qps: 129021.37 (r/w/o: 90330.75/25759.72/12930.90) lat (ms,95%): 125.52 err/s: 0.10 reconn/s: 0.00
[ 140s ] thds: 400 tps: 7810.14 qps: 156292.70 (r/w/o: 109406.26/31265.86/15620.58) lat (ms,95%): 97.55 err/s: 0.00 reconn/s: 0.00
[ 150s ] thds: 400 tps: 9369.31 qps: 187377.72 (r/w/o: 131187.49/37451.62/18738.61) lat (ms,95%): 65.65 err/s: 0.00 reconn/s: 0.00
[ 160s ] thds: 400 tps: 9235.53 qps: 184864.42 (r/w/o: 129419.23/36974.22/18470.96) lat (ms,95%): 66.84 err/s: 0.00 reconn/s: 0.00
[ 170s ] thds: 400 tps: 9678.50 qps: 193560.73 (r/w/o: 135501.45/38702.39/19356.89) lat (ms,95%): 56.84 err/s: 0.00 reconn/s: 0.00
[ 180s ] thds: 400 tps: 9399.33 qps: 188017.70 (r/w/o: 131584.95/37633.80/18798.95) lat (ms,95%): 68.05 err/s: 0.00 reconn/s: 0.00
[ 190s ] thds: 400 tps: 9684.79 qps: 193738.15 (r/w/o: 135618.49/38750.17/19369.48) lat (ms,95%): 54.83 err/s: 0.00 reconn/s: 0.00
[ 200s ] thds: 400 tps: 9678.72 qps: 193458.93 (r/w/o: 135454.23/38646.97/19357.73) lat (ms,95%): 59.99 err/s: 0.10 reconn/s: 0.00
[ 210s ] thds: 400 tps: 9650.18 qps: 192918.26 (r/w/o: 134962.16/38663.43/19292.67) lat (ms,95%): 56.84 err/s: 0.10 reconn/s: 0.00
[ 220s ] thds: 400 tps: 8010.01 qps: 160238.24 (r/w/o: 112166.57/32043.55/16028.12) lat (ms,95%): 97.55 err/s: 0.00 reconn/s: 0.00
[ 230s ] thds: 400 tps: 7723.94 qps: 154723.15 (r/w/o: 108339.00/30936.27/15447.88) lat (ms,95%): 97.55 err/s: 0.00 reconn/s: 0.00
[ 240s ] thds: 400 tps: 7477.28 qps: 149498.13 (r/w/o: 104656.57/29886.91/14954.65) lat (ms,95%): 102.97 err/s: 0.10 reconn/s: 0.00
[ 250s ] thds: 400 tps: 7107.36 qps: 142014.72 (r/w/o: 99421.48/28378.52/14214.71) lat (ms,95%): 106.75 err/s: 0.00 reconn/s: 0.00
[ 260s ] thds: 400 tps: 9322.92 qps: 186452.86 (r/w/o: 130536.02/37271.49/18645.35) lat (ms,95%): 61.08 err/s: 0.00 reconn/s: 0.00
[ 270s ] thds: 400 tps: 9169.60 qps: 183494.77 (r/w/o: 128425.15/36729.71/18339.91) lat (ms,95%): 69.29 err/s: 0.00 reconn/s: 0.00
[ 280s ] thds: 400 tps: 9661.75 qps: 193313.01 (r/w/o: 135308.20/38681.30/19323.50) lat (ms,95%): 54.83 err/s: 0.00 reconn/s: 0.00
[ 290s ] thds: 400 tps: 9448.11 qps: 188662.91 (r/w/o: 132069.95/37697.24/18895.72) lat (ms,95%): 66.84 err/s: 0.00 reconn/s: 0.00
[ 300s ] thds: 400 tps: 9502.41 qps: 189880.56 (r/w/o: 132870.38/38009.75/19000.43) lat (ms,95%): 61.08 err/s: 0.00 reconn/s: 0.00
[ 310s ] thds: 400 tps: 9520.13 qps: 190763.95 (r/w/o: 133545.69/38180.41/19037.85) lat (ms,95%): 59.99 err/s: 0.00 reconn/s: 0.00
[ 320s ] thds: 400 tps: 9686.72 qps: 193575.20 (r/w/o: 135532.48/38661.48/19381.24) lat (ms,95%): 56.84 err/s: 0.20 reconn/s: 0.00
[ 330s ] thds: 400 tps: 8260.41 qps: 165436.50 (r/w/o: 115790.47/33125.42/16520.61) lat (ms,95%): 92.42 err/s: 0.00 reconn/s: 0.00
[ 340s ] thds: 400 tps: 7285.79 qps: 145692.37 (r/w/o: 102008.91/29111.67/14571.79) lat (ms,95%): 104.84 err/s: 0.00 reconn/s: 0.00
[ 350s ] thds: 400 tps: 7527.45 qps: 150329.54 (r/w/o: 105215.03/30062.01/15052.50) lat (ms,95%): 97.55 err/s: 0.10 reconn/s: 0.00
[ 360s ] thds: 400 tps: 7769.39 qps: 155192.53 (r/w/o: 108595.08/31055.87/15541.58) lat (ms,95%): 95.81 err/s: 0.10 reconn/s: 0.00
[ 370s ] thds: 400 tps: 8043.26 qps: 161339.50 (r/w/o: 112987.14/32265.54/16086.82) lat (ms,95%): 95.81 err/s: 0.00 reconn/s: 0.00
[ 380s ] thds: 400 tps: 9176.29 qps: 183270.99 (r/w/o: 128270.15/36653.46/18347.38) lat (ms,95%): 70.55 err/s: 0.00 reconn/s: 0.00
[ 390s ] thds: 400 tps: 8738.28 qps: 174919.58 (r/w/o: 122487.31/34950.52/17481.76) lat (ms,95%): 87.56 err/s: 0.00 reconn/s: 0.00
[ 400s ] thds: 400 tps: 8139.16 qps: 162555.39 (r/w/o: 113704.10/32580.16/16271.13) lat (ms,95%): 101.13 err/s: 0.00 reconn/s: 0.00
[ 410s ] thds: 400 tps: 8339.45 qps: 166843.25 (r/w/o: 116858.66/33299.09/16685.49) lat (ms,95%): 97.55 err/s: 0.00 reconn/s: 0.00
[ 420s ] thds: 400 tps: 7872.89 qps: 157428.41 (r/w/o: 110184.10/31497.84/15746.47) lat (ms,95%): 104.84 err/s: 0.00 reconn/s: 0.00
[ 430s ] thds: 400 tps: 8571.21 qps: 171274.03 (r/w/o: 119840.36/34292.75/17140.92) lat (ms,95%): 92.42 err/s: 0.00 reconn/s: 0.00
[ 440s ] thds: 400 tps: 9722.55 qps: 194663.10 (r/w/o: 136314.23/38901.58/19447.29) lat (ms,95%): 57.87 err/s: 0.30 reconn/s: 0.00
[ 450s ] thds: 400 tps: 8487.33 qps: 169659.81 (r/w/o: 118751.86/33933.20/16974.75) lat (ms,95%): 89.16 err/s: 0.00 reconn/s: 0.00
[ 460s ] thds: 400 tps: 7224.07 qps: 144796.59 (r/w/o: 101366.84/28981.70/14448.05) lat (ms,95%): 104.84 err/s: 0.00 reconn/s: 0.00
[ 470s ] thds: 400 tps: 7423.18 qps: 148487.65 (r/w/o: 103939.59/29701.41/14846.66) lat (ms,95%): 95.81 err/s: 0.10 reconn/s: 0.00
[ 480s ] thds: 400 tps: 7692.43 qps: 153544.07 (r/w/o: 107445.97/30721.43/15376.67) lat (ms,95%): 94.10 err/s: 0.00 reconn/s: 0.00
[ 490s ] thds: 400 tps: 8936.21 qps: 178700.35 (r/w/o: 125094.81/35730.03/17875.52) lat (ms,95%): 74.46 err/s: 0.00 reconn/s: 0.00
[ 500s ] thds: 400 tps: 9615.58 qps: 192547.47 (r/w/o: 134829.07/38481.63/19236.77) lat (ms,95%): 55.82 err/s: 0.00 reconn/s: 0.00
[ 510s ] thds: 400 tps: 9406.48 qps: 188131.80 (r/w/o: 131678.69/37639.94/18813.17) lat (ms,95%): 64.47 err/s: 0.00 reconn/s: 0.00
[ 520s ] thds: 400 tps: 9761.70 qps: 195282.59 (r/w/o: 136689.26/39069.92/19523.41) lat (ms,95%): 54.83 err/s: 0.00 reconn/s: 0.00
[ 530s ] thds: 400 tps: 9090.19 qps: 181816.35 (r/w/o: 127299.89/36336.07/18180.38) lat (ms,95%): 77.19 err/s: 0.00 reconn/s: 0.00
[ 540s ] thds: 400 tps: 9632.00 qps: 192670.25 (r/w/o: 134857.03/38549.11/19264.10) lat (ms,95%): 59.99 err/s: 0.00 reconn/s: 0.00
[ 550s ] thds: 400 tps: 9500.43 qps: 189861.95 (r/w/o: 132925.48/37935.71/19000.75) lat (ms,95%): 62.19 err/s: 0.00 reconn/s: 0.00
[ 560s ] thds: 400 tps: 8304.08 qps: 166247.99 (r/w/o: 116343.81/33295.92/16608.26) lat (ms,95%): 94.10 err/s: 0.00 reconn/s: 0.00
[ 570s ] thds: 400 tps: 7562.19 qps: 151008.96 (r/w/o: 105674.83/30211.25/15122.88) lat (ms,95%): 95.81 err/s: 0.00 reconn/s: 0.00
[ 580s ] thds: 400 tps: 7513.62 qps: 150384.42 (r/w/o: 105305.09/30050.48/15028.84) lat (ms,95%): 99.33 err/s: 0.00 reconn/s: 0.00
[ 590s ] thds: 400 tps: 7894.55 qps: 157727.94 (r/w/o: 110419.46/31521.49/15786.99) lat (ms,95%): 87.56 err/s: 0.00 reconn/s: 0.00
[ 600s ] thds: 400 tps: 8524.90 qps: 170456.33 (r/w/o: 119300.62/34103.20/17052.50) lat (ms,95%): 81.48 err/s: 0.20 reconn/s: 0.00
[ 610s ] thds: 400 tps: 9468.16 qps: 189538.42 (r/w/o: 132695.83/37908.46/18934.13) lat (ms,95%): 58.92 err/s: 0.10 reconn/s: 0.00
[ 620s ] thds: 400 tps: 9380.01 qps: 187585.22 (r/w/o: 131337.95/37485.24/18762.02) lat (ms,95%): 65.65 err/s: 0.00 reconn/s: 0.00
[ 630s ] thds: 400 tps: 9653.73 qps: 193016.40 (r/w/o: 135055.35/38660.60/19300.45) lat (ms,95%): 55.82 err/s: 0.10 reconn/s: 0.00
[ 640s ] thds: 400 tps: 8885.98 qps: 177856.91 (r/w/o: 124557.93/35519.32/17779.66) lat (ms,95%): 80.03 err/s: 0.00 reconn/s: 0.00
[ 650s ] thds: 400 tps: 9707.68 qps: 194004.71 (r/w/o: 135731.95/38858.40/19414.35) lat (ms,95%): 54.83 err/s: 0.10 reconn/s: 0.00
[ 660s ] thds: 400 tps: 9509.41 qps: 190153.69 (r/w/o: 133131.44/38004.84/19017.42) lat (ms,95%): 62.19 err/s: 0.00 reconn/s: 0.00
[ 670s ] thds: 400 tps: 8725.23 qps: 174525.16 (r/w/o: 122179.96/34896.33/17448.87) lat (ms,95%): 86.00 err/s: 0.00 reconn/s: 0.00
[ 680s ] thds: 400 tps: 7298.04 qps: 146174.24 (r/w/o: 102315.72/29258.25/14600.27) lat (ms,95%): 102.97 err/s: 0.00 reconn/s: 0.00
[ 690s ] thds: 400 tps: 7628.12 qps: 152429.39 (r/w/o: 106703.27/30472.68/15253.44) lat (ms,95%): 92.42 err/s: 0.10 reconn/s: 0.00
[ 700s ] thds: 400 tps: 7701.27 qps: 153868.49 (r/w/o: 107675.80/30798.16/15394.53) lat (ms,95%): 92.42 err/s: 0.00 reconn/s: 0.00
[ 710s ] thds: 400 tps: 8490.77 qps: 169929.77 (r/w/o: 119017.86/33919.47/16992.44) lat (ms,95%): 84.47 err/s: 0.00 reconn/s: 0.00
[ 720s ] thds: 400 tps: 9606.87 qps: 192080.44 (r/w/o: 134395.94/38470.37/19214.13) lat (ms,95%): 53.85 err/s: 0.00 reconn/s: 0.00
[ 730s ] thds: 400 tps: 9483.36 qps: 189746.94 (r/w/o: 132878.57/37901.55/18966.82) lat (ms,95%): 63.32 err/s: 0.00 reconn/s: 0.00
[ 740s ] thds: 400 tps: 9586.43 qps: 191659.89 (r/w/o: 134146.02/38341.42/19172.46) lat (ms,95%): 58.92 err/s: 0.00 reconn/s: 0.00
[ 750s ] thds: 400 tps: 9082.59 qps: 181818.76 (r/w/o: 127284.70/36368.47/18165.59) lat (ms,95%): 74.46 err/s: 0.10 reconn/s: 0.00
[ 760s ] thds: 400 tps: 9616.49 qps: 192340.51 (r/w/o: 134631.50/38475.64/19233.37) lat (ms,95%): 57.87 err/s: 0.00 reconn/s: 0.00
[ 770s ] thds: 400 tps: 9374.98 qps: 187420.22 (r/w/o: 131169.26/37508.01/18742.95) lat (ms,95%): 64.47 err/s: 0.00 reconn/s: 0.00
[ 780s ] thds: 400 tps: 7972.50 qps: 159425.33 (r/w/o: 111646.12/31827.21/15952.00) lat (ms,95%): 101.13 err/s: 0.00 reconn/s: 0.00
[ 790s ] thds: 400 tps: 8319.73 qps: 166477.84 (r/w/o: 116525.88/33312.51/16639.45) lat (ms,95%): 97.55 err/s: 0.00 reconn/s: 0.00
[ 800s ] thds: 400 tps: 8017.00 qps: 160274.81 (r/w/o: 112144.81/32096.00/16034.00) lat (ms,95%): 101.13 err/s: 0.00 reconn/s: 0.00
[ 810s ] thds: 400 tps: 7580.01 qps: 151579.12 (r/w/o: 106118.15/30300.94/15160.02) lat (ms,95%): 101.13 err/s: 0.00 reconn/s: 0.00
[ 820s ] thds: 400 tps: 7450.07 qps: 148799.81 (r/w/o: 104130.22/29770.76/14898.83) lat (ms,95%): 108.68 err/s: 0.00 reconn/s: 0.00
[ 830s ] thds: 400 tps: 7995.19 qps: 160150.83 (r/w/o: 112160.41/31998.65/15991.77) lat (ms,95%): 97.55 err/s: 0.00 reconn/s: 0.00
[ 840s ] thds: 400 tps: 8248.45 qps: 164730.19 (r/w/o: 115260.68/32979.20/16490.30) lat (ms,95%): 95.81 err/s: 0.00 reconn/s: 0.00
SQL statistics:
    queries performed:
        read:                            101272360
        write:                           28934884
        other:                           14467516
        total:                           144674760
    transactions:                        7233720 (8588.68 per sec.)
    queries:                             144674760 (171774.13 per sec.)
    ignored errors:                      20     (0.02 per sec.)
    reconnects:                          0      (0.00 per sec.)

General statistics:
    total time:                          842.2374s
    total number of events:              7233720

Latency (ms):
         min:                                   19.84
         avg:                                   46.48
         max:                                 2268.25
         95th percentile:                       87.56
         sum:                            336197627.90

Threads fairness:
    events (avg/stddev):           18084.3000/444.27
    execution time (avg/stddev):   840.4941/0.38

