sysbench 1.0.20-ebf1c90 (using bundled LuaJIT 2.1.0-beta2)

Running the test with following options:
Number of threads: 400
Report intermediate results every 10 second(s)
Initializing random number generator from current time


Initializing worker threads...

Threads started!

[ 10s ] thds: 400 tps: 5587.10 qps: 112072.15 (r/w/o: 78489.86/22368.10/11214.19) lat (ms,95%): 207.82 err/s: 0.00 reconn/s: 0.00
[ 20s ] thds: 400 tps: 7847.44 qps: 157196.81 (r/w/o: 110075.10/31426.84/15694.87) lat (ms,95%): 170.48 err/s: 0.00 reconn/s: 0.00
[ 30s ] thds: 400 tps: 8454.97 qps: 169046.23 (r/w/o: 118348.90/33787.39/16909.94) lat (ms,95%): 130.13 err/s: 0.00 reconn/s: 0.00
[ 40s ] thds: 400 tps: 9072.23 qps: 181372.24 (r/w/o: 126938.78/36289.11/18144.35) lat (ms,95%): 70.55 err/s: 0.00 reconn/s: 0.00
[ 50s ] thds: 400 tps: 9083.41 qps: 181762.87 (r/w/o: 127241.09/36354.65/18167.13) lat (ms,95%): 68.05 err/s: 0.10 reconn/s: 0.00
[ 60s ] thds: 400 tps: 9473.85 qps: 189389.01 (r/w/o: 132573.91/37867.60/18947.50) lat (ms,95%): 57.87 err/s: 0.00 reconn/s: 0.00
[ 70s ] thds: 400 tps: 9387.14 qps: 187712.00 (r/w/o: 131405.06/37532.46/18774.48) lat (ms,95%): 64.47 err/s: 0.00 reconn/s: 0.00
[ 80s ] thds: 400 tps: 9049.92 qps: 181098.57 (r/w/o: 126772.43/36226.09/18100.05) lat (ms,95%): 77.19 err/s: 0.00 reconn/s: 0.00
[ 90s ] thds: 400 tps: 9497.79 qps: 189869.64 (r/w/o: 132889.49/37984.27/18995.88) lat (ms,95%): 62.19 err/s: 0.10 reconn/s: 0.00
[ 100s ] thds: 400 tps: 9671.39 qps: 193374.45 (r/w/o: 135330.70/38700.97/19342.79) lat (ms,95%): 55.82 err/s: 0.00 reconn/s: 0.00
[ 110s ] thds: 400 tps: 7386.49 qps: 147672.86 (r/w/o: 103376.43/29528.35/14768.08) lat (ms,95%): 125.52 err/s: 0.00 reconn/s: 0.00
[ 120s ] thds: 400 tps: 6355.19 qps: 127243.79 (r/w/o: 89114.23/25414.08/12715.49) lat (ms,95%): 139.85 err/s: 0.00 reconn/s: 0.00
[ 130s ] thds: 400 tps: 6423.05 qps: 128597.33 (r/w/o: 90024.12/25727.01/12846.20) lat (ms,95%): 125.52 err/s: 0.00 reconn/s: 0.00
[ 140s ] thds: 400 tps: 7764.03 qps: 155277.25 (r/w/o: 108690.96/31058.03/15528.27) lat (ms,95%): 99.33 err/s: 0.10 reconn/s: 0.00
[ 150s ] thds: 400 tps: 9391.90 qps: 187864.33 (r/w/o: 131493.05/37587.49/18783.79) lat (ms,95%): 65.65 err/s: 0.00 reconn/s: 0.00
[ 160s ] thds: 400 tps: 9267.91 qps: 184964.28 (r/w/o: 129422.83/37011.44/18530.02) lat (ms,95%): 66.84 err/s: 0.00 reconn/s: 0.00
[ 170s ] thds: 400 tps: 9663.60 qps: 193326.23 (r/w/o: 135315.62/38684.21/19326.40) lat (ms,95%): 57.87 err/s: 0.00 reconn/s: 0.00
[ 180s ] thds: 400 tps: 9374.31 qps: 187640.72 (r/w/o: 131397.46/37493.24/18750.02) lat (ms,95%): 68.05 err/s: 0.00 reconn/s: 0.00
[ 190s ] thds: 400 tps: 9694.21 qps: 193777.44 (r/w/o: 135618.00/38765.43/19394.01) lat (ms,95%): 54.83 err/s: 0.10 reconn/s: 0.00
[ 200s ] thds: 400 tps: 9655.47 qps: 193085.21 (r/w/o: 135179.92/38603.26/19302.03) lat (ms,95%): 59.99 err/s: 0.10 reconn/s: 0.00
[ 210s ] thds: 400 tps: 9651.84 qps: 193185.64 (r/w/o: 135261.89/38610.77/19312.98) lat (ms,95%): 55.82 err/s: 0.00 reconn/s: 0.00
[ 220s ] thds: 400 tps: 8019.47 qps: 160391.02 (r/w/o: 112276.89/32075.08/16039.04) lat (ms,95%): 97.55 err/s: 0.10 reconn/s: 0.00
[ 230s ] thds: 400 tps: 7716.56 qps: 154281.70 (r/w/o: 107984.51/30863.76/15433.43) lat (ms,95%): 97.55 err/s: 0.10 reconn/s: 0.00
[ 240s ] thds: 400 tps: 7454.64 qps: 148873.33 (r/w/o: 104134.98/29833.67/14904.68) lat (ms,95%): 102.97 err/s: 0.10 reconn/s: 0.00
[ 250s ] thds: 400 tps: 7109.29 qps: 142367.46 (r/w/o: 99669.30/28484.27/14213.89) lat (ms,95%): 104.84 err/s: 0.00 reconn/s: 0.00
[ 260s ] thds: 400 tps: 9296.46 qps: 185875.41 (r/w/o: 130144.35/37129.04/18602.02) lat (ms,95%): 61.08 err/s: 0.00 reconn/s: 0.00
[ 270s ] thds: 400 tps: 9153.21 qps: 183065.80 (r/w/o: 128154.77/36607.62/18303.41) lat (ms,95%): 69.29 err/s: 0.10 reconn/s: 0.00
[ 280s ] thds: 400 tps: 9706.44 qps: 194248.86 (r/w/o: 136007.63/38824.65/19416.58) lat (ms,95%): 54.83 err/s: 0.10 reconn/s: 0.00
[ 290s ] thds: 400 tps: 9408.59 qps: 188393.15 (r/w/o: 131859.92/37715.75/18817.47) lat (ms,95%): 65.65 err/s: 0.00 reconn/s: 0.00
[ 300s ] thds: 400 tps: 9537.53 qps: 190681.74 (r/w/o: 133507.25/38099.53/19074.96) lat (ms,95%): 61.08 err/s: 0.00 reconn/s: 0.00
[ 310s ] thds: 400 tps: 9575.06 qps: 191412.66 (r/w/o: 133987.61/38274.73/19150.32) lat (ms,95%): 59.99 err/s: 0.00 reconn/s: 0.00
[ 320s ] thds: 400 tps: 9648.48 qps: 193128.02 (r/w/o: 135166.13/38664.92/19296.96) lat (ms,95%): 55.82 err/s: 0.00 reconn/s: 0.00
[ 330s ] thds: 400 tps: 8318.26 qps: 166072.64 (r/w/o: 116214.50/33221.93/16636.21) lat (ms,95%): 90.78 err/s: 0.00 reconn/s: 0.00
[ 340s ] thds: 400 tps: 7270.54 qps: 145381.38 (r/w/o: 101764.05/29077.06/14540.28) lat (ms,95%): 104.84 err/s: 0.00 reconn/s: 0.00
[ 350s ] thds: 400 tps: 7450.00 qps: 149275.36 (r/w/o: 104518.27/29856.29/14900.80) lat (ms,95%): 99.33 err/s: 0.00 reconn/s: 0.00
[ 360s ] thds: 400 tps: 7799.04 qps: 155934.06 (r/w/o: 109197.03/31138.55/15598.48) lat (ms,95%): 95.81 err/s: 0.00 reconn/s: 0.00
[ 370s ] thds: 400 tps: 8118.18 qps: 162051.60 (r/w/o: 113354.12/32461.32/16236.16) lat (ms,95%): 94.10 err/s: 0.00 reconn/s: 0.00
[ 380s ] thds: 400 tps: 9117.16 qps: 182618.04 (r/w/o: 127869.10/36515.33/18233.61) lat (ms,95%): 71.83 err/s: 0.10 reconn/s: 0.00
[ 390s ] thds: 400 tps: 8723.10 qps: 174487.64 (r/w/o: 122121.63/34924.21/17441.80) lat (ms,95%): 87.56 err/s: 0.20 reconn/s: 0.00
[ 400s ] thds: 400 tps: 8107.07 qps: 162095.77 (r/w/o: 113529.56/32345.97/16220.24) lat (ms,95%): 101.13 err/s: 0.00 reconn/s: 0.00
[ 410s ] thds: 400 tps: 8312.35 qps: 166318.01 (r/w/o: 116384.71/33308.00/16625.30) lat (ms,95%): 97.55 err/s: 0.20 reconn/s: 0.00
[ 420s ] thds: 400 tps: 7841.20 qps: 156931.67 (r/w/o: 109854.48/31394.79/15682.40) lat (ms,95%): 104.84 err/s: 0.00 reconn/s: 0.00
[ 430s ] thds: 400 tps: 8592.42 qps: 171689.93 (r/w/o: 120213.63/34292.47/17183.83) lat (ms,95%): 90.78 err/s: 0.00 reconn/s: 0.00
[ 440s ] thds: 400 tps: 9681.48 qps: 193751.00 (r/w/o: 135590.22/38796.82/19363.96) lat (ms,95%): 57.87 err/s: 0.00 reconn/s: 0.00
[ 450s ] thds: 400 tps: 8486.27 qps: 169638.21 (r/w/o: 118765.62/33903.46/16969.13) lat (ms,95%): 89.16 err/s: 0.30 reconn/s: 0.00
[ 460s ] thds: 400 tps: 7272.41 qps: 145195.38 (r/w/o: 101576.60/29070.76/14548.03) lat (ms,95%): 104.84 err/s: 0.00 reconn/s: 0.00
[ 470s ] thds: 400 tps: 7425.50 qps: 148679.19 (r/w/o: 104143.46/29683.32/14852.41) lat (ms,95%): 95.81 err/s: 0.10 reconn/s: 0.00
[ 480s ] thds: 400 tps: 7691.65 qps: 153875.15 (r/w/o: 107720.46/30770.99/15383.69) lat (ms,95%): 94.10 err/s: 0.20 reconn/s: 0.00
[ 490s ] thds: 400 tps: 8954.82 qps: 179101.74 (r/w/o: 125360.04/35832.57/17909.13) lat (ms,95%): 74.46 err/s: 0.00 reconn/s: 0.00
[ 500s ] thds: 400 tps: 9615.55 qps: 192234.20 (r/w/o: 134538.43/38463.98/19231.79) lat (ms,95%): 55.82 err/s: 0.00 reconn/s: 0.00
[ 510s ] thds: 400 tps: 9371.66 qps: 187522.78 (r/w/o: 131273.73/37505.54/18743.52) lat (ms,95%): 64.47 err/s: 0.10 reconn/s: 0.00
[ 520s ] thds: 400 tps: 9809.36 qps: 196062.07 (r/w/o: 137239.22/39204.33/19618.52) lat (ms,95%): 54.83 err/s: 0.00 reconn/s: 0.00
[ 530s ] thds: 400 tps: 9097.05 qps: 181947.76 (r/w/o: 127372.77/36380.59/18194.40) lat (ms,95%): 77.19 err/s: 0.00 reconn/s: 0.00
[ 540s ] thds: 400 tps: 9680.57 qps: 193587.61 (r/w/o: 135507.09/38719.38/19361.14) lat (ms,95%): 59.99 err/s: 0.00 reconn/s: 0.00
[ 550s ] thds: 400 tps: 9502.94 qps: 189987.82 (r/w/o: 132943.28/38038.76/19005.78) lat (ms,95%): 62.19 err/s: 0.00 reconn/s: 0.00
[ 560s ] thds: 400 tps: 8266.14 qps: 165414.67 (r/w/o: 115841.74/33040.25/16532.68) lat (ms,95%): 92.42 err/s: 0.10 reconn/s: 0.00
[ 570s ] thds: 400 tps: 7555.37 qps: 151236.50 (r/w/o: 105878.58/30247.18/15110.74) lat (ms,95%): 94.10 err/s: 0.00 reconn/s: 0.00
[ 580s ] thds: 400 tps: 7542.51 qps: 150776.59 (r/w/o: 105491.03/30200.34/15085.22) lat (ms,95%): 97.55 err/s: 0.10 reconn/s: 0.00
[ 590s ] thds: 400 tps: 7822.02 qps: 156550.56 (r/w/o: 109633.43/31272.89/15644.25) lat (ms,95%): 87.56 err/s: 0.10 reconn/s: 0.00
[ 600s ] thds: 400 tps: 8556.31 qps: 170993.31 (r/w/o: 119664.65/34216.44/17112.22) lat (ms,95%): 81.48 err/s: 0.00 reconn/s: 0.00
[ 610s ] thds: 400 tps: 9445.92 qps: 189019.88 (r/w/o: 132315.77/37813.18/18890.94) lat (ms,95%): 58.92 err/s: 0.00 reconn/s: 0.00
[ 620s ] thds: 400 tps: 9401.57 qps: 187808.93 (r/w/o: 131445.10/37560.49/18803.34) lat (ms,95%): 65.65 err/s: 0.00 reconn/s: 0.00
[ 630s ] thds: 400 tps: 9609.84 qps: 192345.85 (r/w/o: 134698.83/38426.05/19220.98) lat (ms,95%): 55.82 err/s: 0.00 reconn/s: 0.00
[ 640s ] thds: 400 tps: 8941.23 qps: 178761.04 (r/w/o: 125086.55/35791.43/17883.06) lat (ms,95%): 80.03 err/s: 0.00 reconn/s: 0.00
[ 650s ] thds: 400 tps: 9722.18 qps: 194442.42 (r/w/o: 136127.57/38870.60/19444.25) lat (ms,95%): 54.83 err/s: 0.00 reconn/s: 0.00
[ 660s ] thds: 400 tps: 9484.42 qps: 189751.37 (r/w/o: 132825.56/37956.67/18969.14) lat (ms,95%): 62.19 err/s: 0.10 reconn/s: 0.00
[ 670s ] thds: 400 tps: 8692.44 qps: 173922.89 (r/w/o: 121751.82/34789.48/17381.59) lat (ms,95%): 86.00 err/s: 0.00 reconn/s: 0.00
[ 680s ] thds: 400 tps: 7310.99 qps: 146200.40 (r/w/o: 102326.43/29251.08/14622.89) lat (ms,95%): 102.97 err/s: 0.00 reconn/s: 0.00
[ 690s ] thds: 400 tps: 7622.41 qps: 152316.09 (r/w/o: 106628.40/30441.66/15246.03) lat (ms,95%): 94.10 err/s: 0.10 reconn/s: 0.00
[ 700s ] thds: 400 tps: 7658.49 qps: 153131.44 (r/w/o: 107170.92/30645.05/15315.47) lat (ms,95%): 92.42 err/s: 0.00 reconn/s: 0.00
[ 710s ] thds: 400 tps: 8521.55 qps: 170547.95 (r/w/o: 119395.57/34110.79/17041.60) lat (ms,95%): 84.47 err/s: 0.00 reconn/s: 0.00
[ 720s ] thds: 400 tps: 9641.35 qps: 193094.02 (r/w/o: 135171.01/38635.60/19287.40) lat (ms,95%): 53.85 err/s: 0.00 reconn/s: 0.00
[ 730s ] thds: 400 tps: 9467.48 qps: 188970.64 (r/w/o: 132247.85/37797.03/18925.76) lat (ms,95%): 63.32 err/s: 0.10 reconn/s: 0.00
[ 740s ] thds: 400 tps: 9553.92 qps: 191416.75 (r/w/o: 134032.84/38266.47/19117.43) lat (ms,95%): 58.92 err/s: 0.10 reconn/s: 0.00
[ 750s ] thds: 400 tps: 9088.11 qps: 181496.38 (r/w/o: 127051.60/36269.26/18175.53) lat (ms,95%): 74.46 err/s: 0.00 reconn/s: 0.00
[ 760s ] thds: 400 tps: 9584.29 qps: 191798.10 (r/w/o: 134249.93/38380.18/19167.99) lat (ms,95%): 57.87 err/s: 0.10 reconn/s: 0.00
[ 770s ] thds: 400 tps: 9395.44 qps: 187787.46 (r/w/o: 131454.90/37540.77/18791.79) lat (ms,95%): 64.47 err/s: 0.00 reconn/s: 0.00
[ 780s ] thds: 400 tps: 7945.86 qps: 159208.23 (r/w/o: 111446.26/31869.45/15892.52) lat (ms,95%): 101.13 err/s: 0.00 reconn/s: 0.00
[ 790s ] thds: 400 tps: 8340.49 qps: 166569.20 (r/w/o: 116590.33/33306.08/16672.79) lat (ms,95%): 97.55 err/s: 0.00 reconn/s: 0.00
[ 800s ] thds: 400 tps: 8011.09 qps: 160293.83 (r/w/o: 112227.21/32036.15/16030.47) lat (ms,95%): 101.13 err/s: 0.00 reconn/s: 0.00
[ 810s ] thds: 400 tps: 7555.89 qps: 151264.74 (r/w/o: 105870.69/30282.27/15111.78) lat (ms,95%): 101.13 err/s: 0.00 reconn/s: 0.00
[ 820s ] thds: 400 tps: 7452.88 qps: 148955.15 (r/w/o: 104291.16/29759.43/14904.57) lat (ms,95%): 108.68 err/s: 0.00 reconn/s: 0.00
[ 830s ] thds: 400 tps: 7975.27 qps: 159625.89 (r/w/o: 111722.28/31951.68/15951.94) lat (ms,95%): 99.33 err/s: 0.00 reconn/s: 0.00
[ 840s ] thds: 400 tps: 8231.24 qps: 164209.59 (r/w/o: 114910.25/32839.16/16460.18) lat (ms,95%): 95.81 err/s: 0.10 reconn/s: 0.00
SQL statistics:
    queries performed:
        read:                            101228148
        write:                           28922224
        other:                           14461206
        total:                           144611578
    transactions:                        7230551 (8589.63 per sec.)
    queries:                             144611578 (171793.23 per sec.)
    ignored errors:                      31     (0.04 per sec.)
    reconnects:                          0      (0.00 per sec.)

General statistics:
    total time:                          841.7759s
    total number of events:              7230551

Latency (ms):
         min:                                   19.85
         avg:                                   46.50
         max:                                 1825.69
         95th percentile:                       87.56
         sum:                            336228235.50

Threads fairness:
    events (avg/stddev):           18076.3775/430.92
    execution time (avg/stddev):   840.5706/0.32

