sysbench 1.0.20-ebf1c90 (using bundled LuaJIT 2.1.0-beta2)

Running the test with following options:
Number of threads: 400
Report intermediate results every 10 second(s)
Initializing random number generator from current time


Initializing worker threads...

Threads started!

[ 10s ] thds: 400 tps: 5586.99 qps: 112088.25 (r/w/o: 78516.69/22357.68/11213.88) lat (ms,95%): 211.60 err/s: 0.00 reconn/s: 0.00
[ 20s ] thds: 400 tps: 7797.96 qps: 155946.35 (r/w/o: 109133.91/31216.43/15596.02) lat (ms,95%): 173.58 err/s: 0.00 reconn/s: 0.00
[ 30s ] thds: 400 tps: 8443.24 qps: 169057.05 (r/w/o: 118416.02/33754.45/16886.58) lat (ms,95%): 132.49 err/s: 0.00 reconn/s: 0.00
[ 40s ] thds: 400 tps: 9045.19 qps: 180805.28 (r/w/o: 126534.72/36180.28/18090.29) lat (ms,95%): 70.55 err/s: 0.00 reconn/s: 0.00
[ 50s ] thds: 400 tps: 9063.94 qps: 181533.12 (r/w/o: 127056.31/36348.84/18127.97) lat (ms,95%): 68.05 err/s: 0.00 reconn/s: 0.00
[ 60s ] thds: 400 tps: 9499.22 qps: 189571.44 (r/w/o: 132680.11/37895.09/18996.24) lat (ms,95%): 57.87 err/s: 0.00 reconn/s: 0.00
[ 70s ] thds: 400 tps: 9407.64 qps: 188317.48 (r/w/o: 131859.92/37640.97/18816.59) lat (ms,95%): 64.47 err/s: 0.00 reconn/s: 0.00
[ 80s ] thds: 400 tps: 9076.13 qps: 181686.82 (r/w/o: 127179.23/36354.32/18153.26) lat (ms,95%): 77.19 err/s: 0.00 reconn/s: 0.00
[ 90s ] thds: 400 tps: 9536.09 qps: 190560.60 (r/w/o: 133390.96/38102.36/19067.28) lat (ms,95%): 62.19 err/s: 0.00 reconn/s: 0.00
[ 100s ] thds: 400 tps: 9705.88 qps: 194209.39 (r/w/o: 135949.81/38842.72/19416.86) lat (ms,95%): 55.82 err/s: 0.00 reconn/s: 0.00
[ 110s ] thds: 400 tps: 7382.25 qps: 147795.56 (r/w/o: 103424.97/29605.99/14764.60) lat (ms,95%): 125.52 err/s: 0.00 reconn/s: 0.00
[ 120s ] thds: 400 tps: 6342.60 qps: 126838.13 (r/w/o: 88791.82/25360.91/12685.40) lat (ms,95%): 139.85 err/s: 0.10 reconn/s: 0.00
[ 130s ] thds: 400 tps: 6486.50 qps: 129469.14 (r/w/o: 90647.63/25850.31/12971.20) lat (ms,95%): 125.52 err/s: 0.10 reconn/s: 0.00
[ 140s ] thds: 400 tps: 7776.96 qps: 155821.23 (r/w/o: 109061.46/31203.95/15555.82) lat (ms,95%): 97.55 err/s: 0.00 reconn/s: 0.00
[ 150s ] thds: 400 tps: 9382.20 qps: 187616.82 (r/w/o: 131351.01/37500.80/18765.00) lat (ms,95%): 65.65 err/s: 0.10 reconn/s: 0.00
[ 160s ] thds: 400 tps: 9282.31 qps: 185140.00 (r/w/o: 129524.54/37051.44/18564.02) lat (ms,95%): 65.65 err/s: 0.10 reconn/s: 0.00
[ 170s ] thds: 400 tps: 9651.26 qps: 193296.17 (r/w/o: 135365.59/38627.66/19302.93) lat (ms,95%): 57.87 err/s: 0.10 reconn/s: 0.00
[ 180s ] thds: 400 tps: 9390.15 qps: 187712.06 (r/w/o: 131377.27/37553.89/18780.90) lat (ms,95%): 68.05 err/s: 0.00 reconn/s: 0.00
[ 190s ] thds: 400 tps: 9639.62 qps: 192857.79 (r/w/o: 135040.45/38537.99/19279.35) lat (ms,95%): 55.82 err/s: 0.00 reconn/s: 0.00
[ 200s ] thds: 400 tps: 9669.22 qps: 193359.72 (r/w/o: 135316.40/38704.88/19338.44) lat (ms,95%): 59.99 err/s: 0.00 reconn/s: 0.00
[ 210s ] thds: 400 tps: 9648.03 qps: 193026.23 (r/w/o: 135157.04/38573.92/19295.26) lat (ms,95%): 55.82 err/s: 0.20 reconn/s: 0.00
[ 220s ] thds: 400 tps: 8047.50 qps: 161056.80 (r/w/o: 112771.87/32188.52/16096.41) lat (ms,95%): 97.55 err/s: 0.00 reconn/s: 0.00
[ 230s ] thds: 400 tps: 7775.79 qps: 155459.89 (r/w/o: 108807.12/31101.08/15551.69) lat (ms,95%): 95.81 err/s: 0.00 reconn/s: 0.00
[ 240s ] thds: 400 tps: 7519.08 qps: 150175.88 (r/w/o: 105051.18/30086.54/15038.17) lat (ms,95%): 102.97 err/s: 0.00 reconn/s: 0.00
[ 250s ] thds: 400 tps: 7130.13 qps: 142789.10 (r/w/o: 100016.75/28512.20/14260.15) lat (ms,95%): 106.75 err/s: 0.00 reconn/s: 0.00
[ 260s ] thds: 400 tps: 9291.65 qps: 185732.73 (r/w/o: 129959.65/37189.59/18583.49) lat (ms,95%): 62.19 err/s: 0.00 reconn/s: 0.00
[ 270s ] thds: 400 tps: 9179.71 qps: 183512.66 (r/w/o: 128460.28/36695.05/18357.33) lat (ms,95%): 69.29 err/s: 0.00 reconn/s: 0.00
[ 280s ] thds: 400 tps: 9648.13 qps: 193147.86 (r/w/o: 135264.67/38584.43/19298.76) lat (ms,95%): 54.83 err/s: 0.10 reconn/s: 0.00
[ 290s ] thds: 400 tps: 9402.04 qps: 188303.44 (r/w/o: 131762.62/37736.55/18804.27) lat (ms,95%): 66.84 err/s: 0.10 reconn/s: 0.00
[ 300s ] thds: 400 tps: 9547.97 qps: 190750.44 (r/w/o: 133544.41/38110.09/19095.94) lat (ms,95%): 61.08 err/s: 0.00 reconn/s: 0.00
[ 310s ] thds: 400 tps: 9590.09 qps: 191843.25 (r/w/o: 134304.12/38359.15/19179.97) lat (ms,95%): 59.99 err/s: 0.00 reconn/s: 0.00
[ 320s ] thds: 400 tps: 9606.23 qps: 192281.21 (r/w/o: 134570.26/38498.20/19212.75) lat (ms,95%): 57.87 err/s: 0.00 reconn/s: 0.00
[ 330s ] thds: 400 tps: 8346.61 qps: 166588.88 (r/w/o: 116603.70/33298.06/16687.13) lat (ms,95%): 92.42 err/s: 0.00 reconn/s: 0.00
[ 340s ] thds: 400 tps: 7286.29 qps: 145933.16 (r/w/o: 102199.00/29155.27/14578.89) lat (ms,95%): 104.84 err/s: 0.00 reconn/s: 0.00
[ 350s ] thds: 400 tps: 7496.61 qps: 149828.49 (r/w/o: 104835.40/30003.66/14989.43) lat (ms,95%): 97.55 err/s: 0.00 reconn/s: 0.00
[ 360s ] thds: 400 tps: 7727.59 qps: 154747.08 (r/w/o: 108342.41/30945.68/15458.99) lat (ms,95%): 95.81 err/s: 0.00 reconn/s: 0.00
[ 370s ] thds: 400 tps: 8093.54 qps: 161631.23 (r/w/o: 113157.18/32286.97/16187.08) lat (ms,95%): 94.10 err/s: 0.00 reconn/s: 0.00
[ 380s ] thds: 400 tps: 9190.80 qps: 183671.72 (r/w/o: 128529.74/36760.39/18381.59) lat (ms,95%): 70.55 err/s: 0.00 reconn/s: 0.00
[ 390s ] thds: 400 tps: 8675.42 qps: 173583.15 (r/w/o: 121532.82/34699.29/17351.04) lat (ms,95%): 87.56 err/s: 0.00 reconn/s: 0.00
[ 400s ] thds: 400 tps: 8100.43 qps: 162136.52 (r/w/o: 113472.94/32465.32/16198.26) lat (ms,95%): 101.13 err/s: 0.10 reconn/s: 0.00
[ 410s ] thds: 400 tps: 8322.13 qps: 166502.64 (r/w/o: 116583.25/33274.93/16644.46) lat (ms,95%): 99.33 err/s: 0.00 reconn/s: 0.00
[ 420s ] thds: 400 tps: 7840.97 qps: 156779.39 (r/w/o: 109750.27/31344.28/15684.84) lat (ms,95%): 104.84 err/s: 0.10 reconn/s: 0.00
[ 430s ] thds: 400 tps: 8523.29 qps: 170419.09 (r/w/o: 119277.43/34095.78/17045.89) lat (ms,95%): 92.42 err/s: 0.00 reconn/s: 0.00
[ 440s ] thds: 400 tps: 9689.57 qps: 193829.24 (r/w/o: 135691.51/38757.29/19380.44) lat (ms,95%): 57.87 err/s: 0.00 reconn/s: 0.00
[ 450s ] thds: 400 tps: 8459.15 qps: 169386.44 (r/w/o: 118555.02/33913.01/16918.40) lat (ms,95%): 90.78 err/s: 0.00 reconn/s: 0.00
[ 460s ] thds: 400 tps: 7309.27 qps: 146079.36 (r/w/o: 102275.82/29184.79/14618.75) lat (ms,95%): 102.97 err/s: 0.00 reconn/s: 0.00
[ 470s ] thds: 400 tps: 7429.80 qps: 148651.47 (r/w/o: 104042.18/29749.59/14859.70) lat (ms,95%): 95.81 err/s: 0.00 reconn/s: 0.00
[ 480s ] thds: 400 tps: 7707.64 qps: 153905.99 (r/w/o: 107687.96/30806.45/15411.57) lat (ms,95%): 92.42 err/s: 0.00 reconn/s: 0.00
[ 490s ] thds: 400 tps: 8943.84 qps: 179055.55 (r/w/o: 125407.41/35756.66/17891.48) lat (ms,95%): 74.46 err/s: 0.00 reconn/s: 0.00
[ 500s ] thds: 400 tps: 9630.18 qps: 192315.46 (r/w/o: 134579.89/38475.21/19260.36) lat (ms,95%): 55.82 err/s: 0.00 reconn/s: 0.00
[ 510s ] thds: 400 tps: 9362.01 qps: 187423.55 (r/w/o: 131204.67/37494.35/18724.52) lat (ms,95%): 64.47 err/s: 0.10 reconn/s: 0.00
[ 520s ] thds: 400 tps: 9757.67 qps: 195264.29 (r/w/o: 136711.67/39039.38/19513.24) lat (ms,95%): 54.83 err/s: 0.00 reconn/s: 0.00
[ 530s ] thds: 400 tps: 9093.24 qps: 181669.78 (r/w/o: 127135.54/36348.46/18185.78) lat (ms,95%): 77.19 err/s: 0.20 reconn/s: 0.00
[ 540s ] thds: 400 tps: 9665.49 qps: 193360.01 (r/w/o: 135385.80/38641.44/19332.77) lat (ms,95%): 59.99 err/s: 0.00 reconn/s: 0.00
[ 550s ] thds: 400 tps: 9460.47 qps: 188962.74 (r/w/o: 132208.92/37831.68/18922.14) lat (ms,95%): 62.19 err/s: 0.00 reconn/s: 0.00
[ 560s ] thds: 400 tps: 8269.26 qps: 165704.97 (r/w/o: 116079.50/33086.34/16539.12) lat (ms,95%): 94.10 err/s: 0.00 reconn/s: 0.00
[ 570s ] thds: 400 tps: 7551.67 qps: 150822.03 (r/w/o: 105518.20/30201.39/15102.44) lat (ms,95%): 95.81 err/s: 0.00 reconn/s: 0.00
[ 580s ] thds: 400 tps: 7487.10 qps: 149603.88 (r/w/o: 104681.69/29952.50/14969.70) lat (ms,95%): 97.55 err/s: 0.10 reconn/s: 0.00
[ 590s ] thds: 400 tps: 7863.00 qps: 157362.80 (r/w/o: 110168.97/31465.92/15727.91) lat (ms,95%): 86.00 err/s: 0.10 reconn/s: 0.00
[ 600s ] thds: 400 tps: 8529.50 qps: 170818.64 (r/w/o: 119608.23/34147.11/17063.30) lat (ms,95%): 81.48 err/s: 0.00 reconn/s: 0.00
[ 610s ] thds: 400 tps: 9497.59 qps: 190035.11 (r/w/o: 133039.86/37999.96/18995.28) lat (ms,95%): 57.87 err/s: 0.00 reconn/s: 0.00
[ 620s ] thds: 400 tps: 9395.18 qps: 187768.68 (r/w/o: 131444.68/37533.64/18790.37) lat (ms,95%): 65.65 err/s: 0.00 reconn/s: 0.00
[ 630s ] thds: 400 tps: 9602.20 qps: 192054.20 (r/w/o: 134420.13/38429.88/19204.19) lat (ms,95%): 55.82 err/s: 0.00 reconn/s: 0.00
[ 640s ] thds: 400 tps: 8912.50 qps: 178148.24 (r/w/o: 124702.13/35621.41/17824.70) lat (ms,95%): 80.03 err/s: 0.10 reconn/s: 0.00
[ 650s ] thds: 400 tps: 9713.03 qps: 194406.15 (r/w/o: 136087.18/38892.11/19426.85) lat (ms,95%): 54.83 err/s: 0.00 reconn/s: 0.00
[ 660s ] thds: 400 tps: 9523.85 qps: 190480.48 (r/w/o: 133328.76/38104.62/19047.11) lat (ms,95%): 61.08 err/s: 0.00 reconn/s: 0.00
[ 670s ] thds: 400 tps: 8763.44 qps: 175148.59 (r/w/o: 122622.55/34998.36/17527.68) lat (ms,95%): 86.00 err/s: 0.00 reconn/s: 0.00
[ 680s ] thds: 400 tps: 7313.50 qps: 146391.11 (r/w/o: 102504.83/29259.28/14626.99) lat (ms,95%): 101.13 err/s: 0.00 reconn/s: 0.00
[ 690s ] thds: 400 tps: 7597.59 qps: 151999.22 (r/w/o: 106354.90/30449.14/15195.17) lat (ms,95%): 92.42 err/s: 0.00 reconn/s: 0.00
[ 700s ] thds: 400 tps: 7694.04 qps: 153893.50 (r/w/o: 107777.16/30727.86/15388.48) lat (ms,95%): 92.42 err/s: 0.20 reconn/s: 0.00
[ 710s ] thds: 400 tps: 8522.60 qps: 170111.41 (r/w/o: 118978.64/34094.08/17038.69) lat (ms,95%): 84.47 err/s: 0.10 reconn/s: 0.00
[ 720s ] thds: 400 tps: 9586.37 qps: 192166.10 (r/w/o: 134580.75/38405.70/19179.65) lat (ms,95%): 53.85 err/s: 0.00 reconn/s: 0.00
[ 730s ] thds: 400 tps: 9463.57 qps: 188992.66 (r/w/o: 132255.75/37809.57/18927.34) lat (ms,95%): 63.32 err/s: 0.10 reconn/s: 0.00
[ 740s ] thds: 400 tps: 9562.48 qps: 191501.97 (r/w/o: 134065.47/38311.53/19124.97) lat (ms,95%): 58.92 err/s: 0.00 reconn/s: 0.00
[ 750s ] thds: 400 tps: 9106.69 qps: 181836.83 (r/w/o: 127285.11/36338.25/18213.47) lat (ms,95%): 74.46 err/s: 0.10 reconn/s: 0.00
[ 760s ] thds: 400 tps: 9564.58 qps: 191291.85 (r/w/o: 133883.05/38285.83/19122.96) lat (ms,95%): 57.87 err/s: 0.00 reconn/s: 0.00
[ 770s ] thds: 400 tps: 9369.74 qps: 187572.77 (r/w/o: 131358.01/37468.37/18746.39) lat (ms,95%): 64.47 err/s: 0.10 reconn/s: 0.00
[ 780s ] thds: 400 tps: 7986.02 qps: 159547.91 (r/w/o: 111623.69/31952.18/15972.04) lat (ms,95%): 101.13 err/s: 0.00 reconn/s: 0.00
[ 790s ] thds: 400 tps: 8308.57 qps: 166197.01 (r/w/o: 116364.09/33215.68/16617.24) lat (ms,95%): 97.55 err/s: 0.00 reconn/s: 0.00
[ 800s ] thds: 400 tps: 7976.98 qps: 159904.62 (r/w/o: 111937.96/32012.60/15954.05) lat (ms,95%): 101.13 err/s: 0.10 reconn/s: 0.00
[ 810s ] thds: 400 tps: 7580.43 qps: 151270.50 (r/w/o: 105890.29/30222.94/15157.27) lat (ms,95%): 101.13 err/s: 0.00 reconn/s: 0.00
[ 820s ] thds: 400 tps: 7391.12 qps: 147876.99 (r/w/o: 103522.65/29569.00/14785.35) lat (ms,95%): 110.66 err/s: 0.00 reconn/s: 0.00
[ 830s ] thds: 400 tps: 7980.67 qps: 159495.83 (r/w/o: 111628.33/31906.07/15961.43) lat (ms,95%): 99.33 err/s: 0.00 reconn/s: 0.00
[ 840s ] thds: 400 tps: 8227.61 qps: 164761.12 (r/w/o: 115395.29/32909.72/16456.11) lat (ms,95%): 95.81 err/s: 0.20 reconn/s: 0.00
SQL statistics:
    queries performed:
        read:                            101226706
        write:                           28921810
        other:                           14461012
        total:                           144609528
    transactions:                        7230453 (8595.04 per sec.)
    queries:                             144609528 (171901.44 per sec.)
    ignored errors:                      26     (0.03 per sec.)
    reconnects:                          0      (0.00 per sec.)

General statistics:
    total time:                          841.2341s
    total number of events:              7230453

Latency (ms):
         min:                                   19.69
         avg:                                   46.47
         max:                                 1254.05
         95th percentile:                       87.56
         sum:                            336010886.81

Threads fairness:
    events (avg/stddev):           18076.1325/414.13
    execution time (avg/stddev):   840.0272/0.16

