sysbench 1.0.20-ebf1c90 (using bundled LuaJIT 2.1.0-beta2)

Running the test with following options:
Number of threads: 400
Report intermediate results every 10 second(s)
Initializing random number generator from current time


Initializing worker threads...

Threads started!

[ 10s ] thds: 400 tps: 5576.96 qps: 111902.62 (r/w/o: 78378.60/22330.02/11194.00) lat (ms,95%): 207.82 err/s: 0.00 reconn/s: 0.00
[ 20s ] thds: 400 tps: 7850.74 qps: 156987.41 (r/w/o: 109892.57/31396.36/15698.48) lat (ms,95%): 170.48 err/s: 0.00 reconn/s: 0.00
[ 30s ] thds: 400 tps: 8419.60 qps: 168505.24 (r/w/o: 117929.43/33733.41/16842.40) lat (ms,95%): 137.35 err/s: 0.00 reconn/s: 0.00
[ 40s ] thds: 400 tps: 9051.29 qps: 181243.54 (r/w/o: 126900.32/36240.65/18102.57) lat (ms,95%): 70.55 err/s: 0.00 reconn/s: 0.00
[ 50s ] thds: 400 tps: 9141.12 qps: 182461.76 (r/w/o: 127704.85/36475.17/18281.74) lat (ms,95%): 68.05 err/s: 0.00 reconn/s: 0.00
[ 60s ] thds: 400 tps: 9448.91 qps: 189122.47 (r/w/o: 132395.62/37828.13/18898.72) lat (ms,95%): 57.87 err/s: 0.20 reconn/s: 0.00
[ 70s ] thds: 400 tps: 9365.48 qps: 187515.28 (r/w/o: 131279.28/37505.14/18730.87) lat (ms,95%): 64.47 err/s: 0.10 reconn/s: 0.00
[ 80s ] thds: 400 tps: 9060.21 qps: 181253.10 (r/w/o: 126851.14/36280.54/18121.42) lat (ms,95%): 77.19 err/s: 0.30 reconn/s: 0.00
[ 90s ] thds: 400 tps: 9554.51 qps: 190819.95 (r/w/o: 133570.81/38148.03/19101.12) lat (ms,95%): 62.19 err/s: 0.00 reconn/s: 0.00
[ 100s ] thds: 400 tps: 9695.90 qps: 194052.86 (r/w/o: 135864.24/38788.71/19399.91) lat (ms,95%): 55.82 err/s: 0.00 reconn/s: 0.00
[ 110s ] thds: 400 tps: 7399.59 qps: 147828.90 (r/w/o: 103481.66/29551.46/14795.78) lat (ms,95%): 123.28 err/s: 0.10 reconn/s: 0.00
[ 120s ] thds: 400 tps: 6400.30 qps: 128306.58 (r/w/o: 89799.96/25702.22/12804.41) lat (ms,95%): 137.35 err/s: 0.00 reconn/s: 0.00
[ 130s ] thds: 400 tps: 6464.41 qps: 128920.36 (r/w/o: 90239.81/25754.13/12926.42) lat (ms,95%): 125.52 err/s: 0.00 reconn/s: 0.00
[ 140s ] thds: 400 tps: 7814.20 qps: 156177.70 (r/w/o: 109301.03/31251.78/15624.89) lat (ms,95%): 97.55 err/s: 0.00 reconn/s: 0.00
[ 150s ] thds: 400 tps: 9387.55 qps: 187833.75 (r/w/o: 131512.43/37540.21/18781.10) lat (ms,95%): 65.65 err/s: 0.10 reconn/s: 0.00
[ 160s ] thds: 400 tps: 9245.10 qps: 185161.86 (r/w/o: 129660.77/37010.59/18490.50) lat (ms,95%): 66.84 err/s: 0.00 reconn/s: 0.00
[ 170s ] thds: 400 tps: 9684.02 qps: 193630.63 (r/w/o: 135547.83/38714.87/19367.93) lat (ms,95%): 56.84 err/s: 0.00 reconn/s: 0.00
[ 180s ] thds: 400 tps: 9401.43 qps: 188052.62 (r/w/o: 131602.86/37646.60/18803.15) lat (ms,95%): 68.05 err/s: 0.10 reconn/s: 0.00
[ 190s ] thds: 400 tps: 9679.79 qps: 193608.58 (r/w/o: 135554.24/38695.16/19359.18) lat (ms,95%): 54.83 err/s: 0.00 reconn/s: 0.00
[ 200s ] thds: 400 tps: 9672.67 qps: 193482.79 (r/w/o: 135424.47/38712.58/19345.74) lat (ms,95%): 59.99 err/s: 0.00 reconn/s: 0.00
[ 210s ] thds: 400 tps: 9646.22 qps: 192828.44 (r/w/o: 134946.24/38589.37/19292.83) lat (ms,95%): 55.82 err/s: 0.20 reconn/s: 0.00
[ 220s ] thds: 400 tps: 8008.21 qps: 160236.69 (r/w/o: 112197.70/32022.36/16016.63) lat (ms,95%): 97.55 err/s: 0.10 reconn/s: 0.00
[ 230s ] thds: 400 tps: 7738.85 qps: 154643.28 (r/w/o: 108243.45/30922.22/15477.61) lat (ms,95%): 97.55 err/s: 0.00 reconn/s: 0.00
[ 240s ] thds: 400 tps: 7480.72 qps: 149706.85 (r/w/o: 104827.71/29917.49/14961.64) lat (ms,95%): 102.97 err/s: 0.00 reconn/s: 0.00
[ 250s ] thds: 400 tps: 7154.82 qps: 143038.20 (r/w/o: 100111.21/28617.16/14309.83) lat (ms,95%): 104.84 err/s: 0.00 reconn/s: 0.00
[ 260s ] thds: 400 tps: 9328.22 qps: 186668.63 (r/w/o: 130657.60/37354.69/18656.34) lat (ms,95%): 59.99 err/s: 0.00 reconn/s: 0.00
[ 270s ] thds: 400 tps: 9167.91 qps: 183460.99 (r/w/o: 128418.83/36706.24/18335.92) lat (ms,95%): 69.29 err/s: 0.00 reconn/s: 0.00
[ 280s ] thds: 400 tps: 9677.52 qps: 193529.03 (r/w/o: 135467.13/38706.87/19355.03) lat (ms,95%): 54.83 err/s: 0.00 reconn/s: 0.00
[ 290s ] thds: 400 tps: 9440.95 qps: 188517.23 (r/w/o: 131945.62/37689.81/18881.80) lat (ms,95%): 66.84 err/s: 0.00 reconn/s: 0.00
[ 300s ] thds: 400 tps: 9568.50 qps: 191372.71 (r/w/o: 133923.54/38311.88/19137.29) lat (ms,95%): 59.99 err/s: 0.00 reconn/s: 0.00
[ 310s ] thds: 400 tps: 9594.81 qps: 192015.37 (r/w/o: 134438.19/38398.55/19178.63) lat (ms,95%): 59.99 err/s: 0.10 reconn/s: 0.00
[ 320s ] thds: 400 tps: 9664.71 qps: 193212.37 (r/w/o: 135268.72/38603.03/19340.62) lat (ms,95%): 56.84 err/s: 0.00 reconn/s: 0.00
[ 330s ] thds: 400 tps: 8247.69 qps: 165253.94 (r/w/o: 115667.52/33091.25/16495.17) lat (ms,95%): 94.10 err/s: 0.00 reconn/s: 0.00
[ 340s ] thds: 400 tps: 7295.32 qps: 145869.72 (r/w/o: 102132.53/29146.06/14591.13) lat (ms,95%): 104.84 err/s: 0.10 reconn/s: 0.00
[ 350s ] thds: 400 tps: 7487.02 qps: 149393.93 (r/w/o: 104503.10/29922.69/14968.14) lat (ms,95%): 99.33 err/s: 0.00 reconn/s: 0.00
[ 360s ] thds: 400 tps: 7804.09 qps: 156031.55 (r/w/o: 109233.53/31188.65/15609.38) lat (ms,95%): 95.81 err/s: 0.00 reconn/s: 0.00
[ 370s ] thds: 400 tps: 8080.10 qps: 161920.34 (r/w/o: 113435.86/32319.49/16164.99) lat (ms,95%): 94.10 err/s: 0.00 reconn/s: 0.00
[ 380s ] thds: 400 tps: 9175.58 qps: 183178.21 (r/w/o: 128130.85/36701.00/18346.35) lat (ms,95%): 71.83 err/s: 0.00 reconn/s: 0.00
[ 390s ] thds: 400 tps: 8713.40 qps: 174490.98 (r/w/o: 122206.66/34854.42/17429.91) lat (ms,95%): 87.56 err/s: 0.10 reconn/s: 0.00
[ 400s ] thds: 400 tps: 8102.02 qps: 162131.55 (r/w/o: 113461.85/32463.57/16206.14) lat (ms,95%): 101.13 err/s: 0.00 reconn/s: 0.00
[ 410s ] thds: 400 tps: 8293.51 qps: 165720.22 (r/w/o: 115993.98/33139.22/16587.01) lat (ms,95%): 99.33 err/s: 0.10 reconn/s: 0.00
[ 420s ] thds: 400 tps: 7874.38 qps: 157340.88 (r/w/o: 110118.80/31473.12/15748.96) lat (ms,95%): 104.84 err/s: 0.00 reconn/s: 0.00
[ 430s ] thds: 400 tps: 8512.52 qps: 170504.90 (r/w/o: 119378.98/34100.68/17025.24) lat (ms,95%): 92.42 err/s: 0.00 reconn/s: 0.00
[ 440s ] thds: 400 tps: 9695.24 qps: 193818.63 (r/w/o: 135680.48/38747.17/19390.98) lat (ms,95%): 57.87 err/s: 0.10 reconn/s: 0.00
[ 450s ] thds: 400 tps: 8462.43 qps: 169202.16 (r/w/o: 118440.49/33838.61/16923.06) lat (ms,95%): 90.78 err/s: 0.10 reconn/s: 0.00
[ 460s ] thds: 400 tps: 7255.13 qps: 145293.84 (r/w/o: 101753.58/29028.21/14512.05) lat (ms,95%): 104.84 err/s: 0.00 reconn/s: 0.00
[ 470s ] thds: 400 tps: 7428.15 qps: 148672.51 (r/w/o: 104048.71/29766.90/14856.90) lat (ms,95%): 94.10 err/s: 0.00 reconn/s: 0.00
[ 480s ] thds: 400 tps: 7680.05 qps: 153647.33 (r/w/o: 107532.92/30754.31/15360.10) lat (ms,95%): 94.10 err/s: 0.00 reconn/s: 0.00
[ 490s ] thds: 400 tps: 8941.89 qps: 178553.25 (r/w/o: 124955.72/35713.75/17883.77) lat (ms,95%): 74.46 err/s: 0.00 reconn/s: 0.00
[ 500s ] thds: 400 tps: 9640.20 qps: 192865.53 (r/w/o: 135031.62/38553.31/19280.60) lat (ms,95%): 55.82 err/s: 0.00 reconn/s: 0.00
[ 510s ] thds: 400 tps: 9352.52 qps: 187051.28 (r/w/o: 130927.34/37418.70/18705.25) lat (ms,95%): 64.47 err/s: 0.00 reconn/s: 0.00
[ 520s ] thds: 400 tps: 9766.41 qps: 195515.13 (r/w/o: 136894.46/39087.75/19532.92) lat (ms,95%): 54.83 err/s: 0.00 reconn/s: 0.00
[ 530s ] thds: 400 tps: 9117.97 qps: 182339.96 (r/w/o: 127620.92/36482.99/18236.05) lat (ms,95%): 77.19 err/s: 0.00 reconn/s: 0.00
[ 540s ] thds: 400 tps: 9640.81 qps: 192808.37 (r/w/o: 134991.19/38535.55/19281.63) lat (ms,95%): 59.99 err/s: 0.00 reconn/s: 0.00
[ 550s ] thds: 400 tps: 9490.58 qps: 189721.08 (r/w/o: 132819.20/37920.42/18981.46) lat (ms,95%): 62.19 err/s: 0.10 reconn/s: 0.00
[ 560s ] thds: 400 tps: 8306.60 qps: 166097.78 (r/w/o: 116248.19/33236.40/16613.20) lat (ms,95%): 92.42 err/s: 0.00 reconn/s: 0.00
[ 570s ] thds: 400 tps: 7568.30 qps: 151302.30 (r/w/o: 105856.53/30309.18/15136.59) lat (ms,95%): 94.10 err/s: 0.00 reconn/s: 0.00
[ 580s ] thds: 400 tps: 7527.69 qps: 150579.90 (r/w/o: 105466.56/30057.96/15055.38) lat (ms,95%): 97.55 err/s: 0.00 reconn/s: 0.00
[ 590s ] thds: 400 tps: 7834.17 qps: 156843.25 (r/w/o: 109775.25/31399.77/15668.24) lat (ms,95%): 86.00 err/s: 0.00 reconn/s: 0.00
[ 600s ] thds: 400 tps: 8588.23 qps: 171464.86 (r/w/o: 120006.26/34286.03/17172.57) lat (ms,95%): 81.48 err/s: 0.00 reconn/s: 0.00
[ 610s ] thds: 400 tps: 9474.08 qps: 189612.85 (r/w/o: 132730.06/37935.33/18947.47) lat (ms,95%): 57.87 err/s: 0.00 reconn/s: 0.00
[ 620s ] thds: 400 tps: 9355.54 qps: 187241.46 (r/w/o: 131106.60/37418.87/18715.99) lat (ms,95%): 64.47 err/s: 0.10 reconn/s: 0.00
[ 630s ] thds: 400 tps: 9665.48 qps: 193286.26 (r/w/o: 135278.69/38676.51/19331.06) lat (ms,95%): 55.82 err/s: 0.00 reconn/s: 0.00
[ 640s ] thds: 400 tps: 8937.51 qps: 178728.87 (r/w/o: 125121.89/35732.45/17874.53) lat (ms,95%): 80.03 err/s: 0.00 reconn/s: 0.00
[ 650s ] thds: 400 tps: 9706.88 qps: 194256.98 (r/w/o: 135979.78/38862.84/19414.37) lat (ms,95%): 54.83 err/s: 0.00 reconn/s: 0.00
[ 660s ] thds: 400 tps: 9513.39 qps: 190067.51 (r/w/o: 133044.10/38000.44/19022.97) lat (ms,95%): 62.19 err/s: 0.00 reconn/s: 0.00
[ 670s ] thds: 400 tps: 8724.93 qps: 174542.36 (r/w/o: 122163.99/34926.51/17451.86) lat (ms,95%): 86.00 err/s: 0.10 reconn/s: 0.00
[ 680s ] thds: 400 tps: 7294.09 qps: 145791.43 (r/w/o: 102046.88/29159.27/14585.28) lat (ms,95%): 102.97 err/s: 0.00 reconn/s: 0.00
[ 690s ] thds: 400 tps: 7635.84 qps: 152806.25 (r/w/o: 106981.79/30547.17/15277.28) lat (ms,95%): 92.42 err/s: 0.10 reconn/s: 0.00
[ 700s ] thds: 400 tps: 7697.35 qps: 153884.84 (r/w/o: 107708.95/30784.09/15391.79) lat (ms,95%): 92.42 err/s: 0.00 reconn/s: 0.00
[ 710s ] thds: 400 tps: 8512.03 qps: 170210.87 (r/w/o: 119156.57/34027.93/17026.37) lat (ms,95%): 84.47 err/s: 0.00 reconn/s: 0.00
[ 720s ] thds: 400 tps: 9619.70 qps: 192247.62 (r/w/o: 134544.95/38462.28/19240.39) lat (ms,95%): 54.83 err/s: 0.10 reconn/s: 0.00
[ 730s ] thds: 400 tps: 9467.38 qps: 189562.77 (r/w/o: 132754.77/37873.23/18934.77) lat (ms,95%): 62.19 err/s: 0.00 reconn/s: 0.00
[ 740s ] thds: 400 tps: 9574.12 qps: 191386.84 (r/w/o: 133927.41/38314.49/19144.94) lat (ms,95%): 58.92 err/s: 0.10 reconn/s: 0.00
[ 750s ] thds: 400 tps: 9088.07 qps: 181864.77 (r/w/o: 127321.23/36367.89/18175.65) lat (ms,95%): 73.13 err/s: 0.00 reconn/s: 0.00
[ 760s ] thds: 400 tps: 9598.46 qps: 192015.87 (r/w/o: 134408.52/38406.13/19201.22) lat (ms,95%): 57.87 err/s: 0.00 reconn/s: 0.00
[ 770s ] thds: 400 tps: 9391.48 qps: 187847.53 (r/w/o: 131498.64/37565.83/18783.06) lat (ms,95%): 64.47 err/s: 0.00 reconn/s: 0.00
[ 780s ] thds: 400 tps: 7961.15 qps: 159129.07 (r/w/o: 111400.08/31806.99/15922.00) lat (ms,95%): 101.13 err/s: 0.10 reconn/s: 0.00
[ 790s ] thds: 400 tps: 8285.33 qps: 165781.93 (r/w/o: 116036.77/33173.81/16571.35) lat (ms,95%): 97.55 err/s: 0.10 reconn/s: 0.00
[ 800s ] thds: 400 tps: 8005.10 qps: 160120.70 (r/w/o: 112059.87/32054.92/16005.91) lat (ms,95%): 101.13 err/s: 0.00 reconn/s: 0.00
[ 810s ] thds: 400 tps: 7552.01 qps: 151036.31 (r/w/o: 105719.08/30214.62/15102.61) lat (ms,95%): 101.13 err/s: 0.00 reconn/s: 0.00
[ 820s ] thds: 400 tps: 7433.54 qps: 148384.39 (r/w/o: 103863.95/29655.16/14865.28) lat (ms,95%): 110.66 err/s: 0.00 reconn/s: 0.00
[ 830s ] thds: 400 tps: 7975.86 qps: 159609.10 (r/w/o: 111741.67/31907.92/15959.51) lat (ms,95%): 99.33 err/s: 0.10 reconn/s: 0.00
[ 840s ] thds: 400 tps: 8173.12 qps: 163386.25 (r/w/o: 114352.12/32688.49/16345.65) lat (ms,95%): 95.81 err/s: 0.00 reconn/s: 0.00
SQL statistics:
    queries performed:
        read:                            101269518
        write:                           28934045
        other:                           14467123
        total:                           144670686
    transactions:                        7233510 (8585.89 per sec.)
    queries:                             144670686 (171718.42 per sec.)
    ignored errors:                      27     (0.03 per sec.)
    reconnects:                          0      (0.00 per sec.)

General statistics:
    total time:                          842.4869s
    total number of events:              7233510

Latency (ms):
         min:                                   19.71
         avg:                                   46.48
         max:                                 2518.51
         95th percentile:                       87.56
         sum:                            336237382.24

Threads fairness:
    events (avg/stddev):           18083.7750/410.81
    execution time (avg/stddev):   840.5935/0.36

