sysbench 1.0.20-ebf1c90 (using bundled LuaJIT 2.1.0-beta2)

Running the test with following options:
Number of threads: 400
Report intermediate results every 10 second(s)
Initializing random number generator from current time


Initializing worker threads...

Threads started!

[ 10s ] thds: 400 tps: 5572.90 qps: 111764.13 (r/w/o: 78275.42/22303.61/11185.10) lat (ms,95%): 211.60 err/s: 0.00 reconn/s: 0.00
[ 20s ] thds: 400 tps: 7821.45 qps: 156455.03 (r/w/o: 109518.85/31294.69/15641.49) lat (ms,95%): 170.48 err/s: 0.00 reconn/s: 0.00
[ 30s ] thds: 400 tps: 8416.20 qps: 168628.38 (r/w/o: 118078.56/33715.32/16834.51) lat (ms,95%): 134.90 err/s: 0.00 reconn/s: 0.00
[ 40s ] thds: 400 tps: 9039.92 qps: 180662.71 (r/w/o: 126488.51/36094.16/18080.03) lat (ms,95%): 70.55 err/s: 0.00 reconn/s: 0.00
[ 50s ] thds: 400 tps: 9067.18 qps: 181366.17 (r/w/o: 126891.60/36340.21/18134.36) lat (ms,95%): 68.05 err/s: 0.00 reconn/s: 0.00
[ 60s ] thds: 400 tps: 9462.56 qps: 189257.06 (r/w/o: 132507.18/37824.95/18924.93) lat (ms,95%): 56.84 err/s: 0.00 reconn/s: 0.00
[ 70s ] thds: 400 tps: 9400.23 qps: 187994.64 (r/w/o: 131606.58/37587.21/18800.85) lat (ms,95%): 64.47 err/s: 0.10 reconn/s: 0.00
[ 80s ] thds: 400 tps: 9113.91 qps: 182419.51 (r/w/o: 127680.57/36511.02/18227.91) lat (ms,95%): 77.19 err/s: 0.00 reconn/s: 0.00
[ 90s ] thds: 400 tps: 9535.69 qps: 190539.35 (r/w/o: 133384.30/38083.47/19071.59) lat (ms,95%): 62.19 err/s: 0.10 reconn/s: 0.00
[ 100s ] thds: 400 tps: 9648.87 qps: 193100.58 (r/w/o: 135182.34/38620.50/19297.75) lat (ms,95%): 55.82 err/s: 0.00 reconn/s: 0.00
[ 110s ] thds: 400 tps: 7377.67 qps: 147429.35 (r/w/o: 103151.12/29532.49/14745.75) lat (ms,95%): 125.52 err/s: 0.00 reconn/s: 0.00
[ 120s ] thds: 400 tps: 6327.78 qps: 126666.52 (r/w/o: 88708.87/25292.40/12665.25) lat (ms,95%): 139.85 err/s: 0.00 reconn/s: 0.00
[ 130s ] thds: 400 tps: 6441.02 qps: 128643.28 (r/w/o: 89991.27/25775.68/12876.34) lat (ms,95%): 125.52 err/s: 0.00 reconn/s: 0.00
[ 140s ] thds: 400 tps: 7807.02 qps: 156266.05 (r/w/o: 109413.44/31240.57/15612.03) lat (ms,95%): 97.55 err/s: 0.00 reconn/s: 0.00
[ 150s ] thds: 400 tps: 9397.99 qps: 187590.58 (r/w/o: 131274.92/37519.58/18796.09) lat (ms,95%): 65.65 err/s: 0.00 reconn/s: 0.00
[ 160s ] thds: 400 tps: 9218.53 qps: 184596.01 (r/w/o: 129276.66/36874.50/18444.85) lat (ms,95%): 66.84 err/s: 0.00 reconn/s: 0.00
[ 170s ] thds: 400 tps: 9693.61 qps: 193838.65 (r/w/o: 135683.61/38768.53/19386.52) lat (ms,95%): 57.87 err/s: 0.00 reconn/s: 0.00
[ 180s ] thds: 400 tps: 9408.00 qps: 188210.90 (r/w/o: 131745.57/37648.52/18816.81) lat (ms,95%): 66.84 err/s: 0.00 reconn/s: 0.00
[ 190s ] thds: 400 tps: 9702.80 qps: 194136.27 (r/w/o: 135919.65/38811.31/19405.31) lat (ms,95%): 54.83 err/s: 0.00 reconn/s: 0.00
[ 200s ] thds: 400 tps: 9664.09 qps: 193051.47 (r/w/o: 135090.91/38631.97/19328.59) lat (ms,95%): 59.99 err/s: 0.10 reconn/s: 0.00
[ 210s ] thds: 400 tps: 9645.27 qps: 193230.11 (r/w/o: 135296.88/38642.38/19290.84) lat (ms,95%): 55.82 err/s: 0.10 reconn/s: 0.00
[ 220s ] thds: 400 tps: 8014.40 qps: 160347.19 (r/w/o: 112248.70/32069.70/16028.80) lat (ms,95%): 97.55 err/s: 0.00 reconn/s: 0.00
[ 230s ] thds: 400 tps: 7743.48 qps: 154813.25 (r/w/o: 108393.08/30933.01/15487.15) lat (ms,95%): 97.55 err/s: 0.10 reconn/s: 0.00
[ 240s ] thds: 400 tps: 7454.65 qps: 149106.98 (r/w/o: 104345.28/29852.30/14909.40) lat (ms,95%): 104.84 err/s: 0.10 reconn/s: 0.00
[ 250s ] thds: 400 tps: 7100.96 qps: 141858.83 (r/w/o: 99287.89/28374.53/14196.41) lat (ms,95%): 106.75 err/s: 0.00 reconn/s: 0.00
[ 260s ] thds: 400 tps: 9337.87 qps: 186694.55 (r/w/o: 130685.61/37327.99/18680.94) lat (ms,95%): 61.08 err/s: 0.00 reconn/s: 0.00
[ 270s ] thds: 400 tps: 9182.55 qps: 183669.97 (r/w/o: 128571.18/36737.09/18361.70) lat (ms,95%): 69.29 err/s: 0.00 reconn/s: 0.00
[ 280s ] thds: 400 tps: 9628.37 qps: 192748.35 (r/w/o: 134957.62/38529.99/19260.75) lat (ms,95%): 54.83 err/s: 0.00 reconn/s: 0.00
[ 290s ] thds: 400 tps: 9441.21 qps: 188562.83 (r/w/o: 131926.96/37753.35/18882.52) lat (ms,95%): 65.65 err/s: 0.00 reconn/s: 0.00
[ 300s ] thds: 400 tps: 9525.08 qps: 190888.62 (r/w/o: 133649.73/38188.62/19050.26) lat (ms,95%): 59.99 err/s: 0.00 reconn/s: 0.00
[ 310s ] thds: 400 tps: 9611.95 qps: 192178.35 (r/w/o: 134539.43/38414.91/19224.00) lat (ms,95%): 59.99 err/s: 0.00 reconn/s: 0.00
[ 320s ] thds: 400 tps: 9672.59 qps: 193098.74 (r/w/o: 135136.12/38625.45/19337.17) lat (ms,95%): 56.84 err/s: 0.10 reconn/s: 0.00
[ 330s ] thds: 400 tps: 8279.48 qps: 165863.26 (r/w/o: 116117.36/33179.03/16566.87) lat (ms,95%): 92.42 err/s: 0.00 reconn/s: 0.00
[ 340s ] thds: 400 tps: 7284.20 qps: 145622.80 (r/w/o: 101977.27/29081.42/14564.11) lat (ms,95%): 104.84 err/s: 0.00 reconn/s: 0.00
[ 350s ] thds: 400 tps: 7485.06 qps: 149529.43 (r/w/o: 104612.99/29945.63/14970.81) lat (ms,95%): 99.33 err/s: 0.00 reconn/s: 0.00
[ 360s ] thds: 400 tps: 7709.47 qps: 154577.11 (r/w/o: 108219.42/30934.56/15423.13) lat (ms,95%): 95.81 err/s: 0.10 reconn/s: 0.00
[ 370s ] thds: 400 tps: 8097.04 qps: 161754.78 (r/w/o: 113278.05/32282.86/16193.88) lat (ms,95%): 94.10 err/s: 0.00 reconn/s: 0.00
[ 380s ] thds: 400 tps: 9144.50 qps: 182878.27 (r/w/o: 127964.05/36628.72/18285.51) lat (ms,95%): 70.55 err/s: 0.00 reconn/s: 0.00
[ 390s ] thds: 400 tps: 8723.64 qps: 174326.87 (r/w/o: 122046.74/34829.75/17450.38) lat (ms,95%): 87.56 err/s: 0.10 reconn/s: 0.00
[ 400s ] thds: 400 tps: 8100.61 qps: 162308.79 (r/w/o: 113609.93/32496.74/16202.12) lat (ms,95%): 101.13 err/s: 0.00 reconn/s: 0.00
[ 410s ] thds: 400 tps: 8379.41 qps: 167247.51 (r/w/o: 117068.38/33422.12/16757.01) lat (ms,95%): 97.55 err/s: 0.00 reconn/s: 0.00
[ 420s ] thds: 400 tps: 7821.27 qps: 156785.04 (r/w/o: 109758.11/31382.49/15644.44) lat (ms,95%): 104.84 err/s: 0.00 reconn/s: 0.00
[ 430s ] thds: 400 tps: 8564.84 qps: 171328.28 (r/w/o: 119921.72/34276.88/17129.69) lat (ms,95%): 92.42 err/s: 0.00 reconn/s: 0.00
[ 440s ] thds: 400 tps: 9676.38 qps: 193370.93 (r/w/o: 135358.87/38659.31/19352.75) lat (ms,95%): 57.87 err/s: 0.00 reconn/s: 0.00
[ 450s ] thds: 400 tps: 8449.91 qps: 169093.82 (r/w/o: 118362.98/33830.82/16900.01) lat (ms,95%): 90.78 err/s: 0.00 reconn/s: 0.00
[ 460s ] thds: 400 tps: 7271.59 qps: 145335.97 (r/w/o: 101761.81/29031.78/14542.39) lat (ms,95%): 104.84 err/s: 0.00 reconn/s: 0.00
[ 470s ] thds: 400 tps: 7445.21 qps: 148919.75 (r/w/o: 104259.97/29768.65/14891.12) lat (ms,95%): 95.81 err/s: 0.00 reconn/s: 0.00
[ 480s ] thds: 400 tps: 7709.68 qps: 154265.43 (r/w/o: 107950.54/30895.33/15419.56) lat (ms,95%): 94.10 err/s: 0.00 reconn/s: 0.00
[ 490s ] thds: 400 tps: 8937.02 qps: 178780.44 (r/w/o: 125143.81/35762.29/17874.34) lat (ms,95%): 74.46 err/s: 0.10 reconn/s: 0.00
[ 500s ] thds: 400 tps: 9638.24 qps: 192610.91 (r/w/o: 134859.57/38474.86/19276.48) lat (ms,95%): 55.82 err/s: 0.00 reconn/s: 0.00
[ 510s ] thds: 400 tps: 9412.27 qps: 188182.48 (r/w/o: 131704.93/37652.90/18824.65) lat (ms,95%): 64.47 err/s: 0.00 reconn/s: 0.00
[ 520s ] thds: 400 tps: 9806.27 qps: 196163.04 (r/w/o: 137294.74/39260.27/19608.03) lat (ms,95%): 54.83 err/s: 0.00 reconn/s: 0.00
[ 530s ] thds: 400 tps: 9121.17 qps: 182379.90 (r/w/o: 127697.48/36435.38/18247.04) lat (ms,95%): 77.19 err/s: 0.00 reconn/s: 0.00
[ 540s ] thds: 400 tps: 9662.37 qps: 193335.55 (r/w/o: 135360.45/38650.47/19324.64) lat (ms,95%): 58.92 err/s: 0.00 reconn/s: 0.00
[ 550s ] thds: 400 tps: 9489.19 qps: 189626.01 (r/w/o: 132702.60/37948.24/18975.17) lat (ms,95%): 62.19 err/s: 0.00 reconn/s: 0.00
[ 560s ] thds: 400 tps: 8296.55 qps: 166125.02 (r/w/o: 116312.05/33216.48/16596.49) lat (ms,95%): 92.42 err/s: 0.00 reconn/s: 0.00
[ 570s ] thds: 400 tps: 7520.37 qps: 150484.31 (r/w/o: 105308.09/30135.48/15040.74) lat (ms,95%): 95.81 err/s: 0.00 reconn/s: 0.00
[ 580s ] thds: 400 tps: 7550.45 qps: 150694.84 (r/w/o: 105461.22/30136.61/15097.00) lat (ms,95%): 97.55 err/s: 0.00 reconn/s: 0.00
[ 590s ] thds: 400 tps: 7843.07 qps: 156834.64 (r/w/o: 109782.21/31362.19/15690.24) lat (ms,95%): 87.56 err/s: 0.00 reconn/s: 0.00
[ 600s ] thds: 400 tps: 8509.16 qps: 170431.84 (r/w/o: 119312.47/34101.05/17018.32) lat (ms,95%): 82.96 err/s: 0.00 reconn/s: 0.00
[ 610s ] thds: 400 tps: 9505.49 qps: 189970.62 (r/w/o: 132977.18/37982.56/19010.88) lat (ms,95%): 58.92 err/s: 0.00 reconn/s: 0.00
[ 620s ] thds: 400 tps: 9414.03 qps: 188269.20 (r/w/o: 131826.15/37615.70/18827.35) lat (ms,95%): 64.47 err/s: 0.00 reconn/s: 0.00
[ 630s ] thds: 400 tps: 9614.12 qps: 192443.12 (r/w/o: 134696.03/38517.87/19229.23) lat (ms,95%): 55.82 err/s: 0.00 reconn/s: 0.00
[ 640s ] thds: 400 tps: 8941.56 qps: 178749.36 (r/w/o: 125163.58/35702.25/17883.53) lat (ms,95%): 80.03 err/s: 0.10 reconn/s: 0.00
[ 650s ] thds: 400 tps: 9738.00 qps: 194841.07 (r/w/o: 136364.15/39000.91/19476.01) lat (ms,95%): 54.83 err/s: 0.00 reconn/s: 0.00
[ 660s ] thds: 400 tps: 9500.47 qps: 189955.16 (r/w/o: 132950.32/38003.79/19001.05) lat (ms,95%): 62.19 err/s: 0.00 reconn/s: 0.00
[ 670s ] thds: 400 tps: 8728.81 qps: 174492.28 (r/w/o: 122144.23/34894.44/17453.62) lat (ms,95%): 86.00 err/s: 0.20 reconn/s: 0.00
[ 680s ] thds: 400 tps: 7318.03 qps: 146518.85 (r/w/o: 102586.16/29292.03/14640.67) lat (ms,95%): 101.13 err/s: 0.10 reconn/s: 0.00
[ 690s ] thds: 400 tps: 7605.72 qps: 152065.48 (r/w/o: 106443.07/30410.68/15211.74) lat (ms,95%): 92.42 err/s: 0.10 reconn/s: 0.00
[ 700s ] thds: 400 tps: 7729.32 qps: 154662.86 (r/w/o: 108273.62/30930.19/15459.05) lat (ms,95%): 90.78 err/s: 0.10 reconn/s: 0.00
[ 710s ] thds: 400 tps: 8509.89 qps: 169819.67 (r/w/o: 118808.94/33991.35/17019.38) lat (ms,95%): 84.47 err/s: 0.00 reconn/s: 0.00
[ 720s ] thds: 400 tps: 9647.85 qps: 193158.00 (r/w/o: 135228.90/38639.50/19289.60) lat (ms,95%): 53.85 err/s: 0.00 reconn/s: 0.00
[ 730s ] thds: 400 tps: 9420.55 qps: 188309.34 (r/w/o: 131821.56/37642.39/18845.39) lat (ms,95%): 64.47 err/s: 0.00 reconn/s: 0.00
[ 740s ] thds: 400 tps: 9595.45 qps: 191854.13 (r/w/o: 134278.15/38382.99/19192.99) lat (ms,95%): 57.87 err/s: 0.00 reconn/s: 0.00
[ 750s ] thds: 400 tps: 9089.68 qps: 182006.86 (r/w/o: 127481.57/36345.53/18179.77) lat (ms,95%): 74.46 err/s: 0.10 reconn/s: 0.00
[ 760s ] thds: 400 tps: 9618.72 qps: 192343.30 (r/w/o: 134602.85/38503.10/19237.35) lat (ms,95%): 57.87 err/s: 0.00 reconn/s: 0.00
[ 770s ] thds: 400 tps: 9396.15 qps: 187937.80 (r/w/o: 131551.17/37593.82/18792.81) lat (ms,95%): 64.47 err/s: 0.20 reconn/s: 0.00
[ 780s ] thds: 400 tps: 7981.92 qps: 159422.14 (r/w/o: 111566.40/31891.99/15963.74) lat (ms,95%): 101.13 err/s: 0.00 reconn/s: 0.00
[ 790s ] thds: 400 tps: 8296.69 qps: 166112.13 (r/w/o: 116331.71/33186.75/16593.67) lat (ms,95%): 97.55 err/s: 0.00 reconn/s: 0.00
[ 800s ] thds: 400 tps: 7985.62 qps: 159866.02 (r/w/o: 111876.10/32018.48/15971.44) lat (ms,95%): 101.13 err/s: 0.10 reconn/s: 0.00
[ 810s ] thds: 400 tps: 7603.89 qps: 151899.76 (r/w/o: 106322.20/30369.77/15207.79) lat (ms,95%): 101.13 err/s: 0.00 reconn/s: 0.00
[ 820s ] thds: 400 tps: 7433.10 qps: 148761.53 (r/w/o: 104138.92/29756.31/14866.30) lat (ms,95%): 108.68 err/s: 0.00 reconn/s: 0.00
[ 830s ] thds: 400 tps: 7997.59 qps: 159784.29 (r/w/o: 111831.35/31957.66/15995.28) lat (ms,95%): 99.33 err/s: 0.00 reconn/s: 0.00
[ 840s ] thds: 400 tps: 8183.45 qps: 163618.19 (r/w/o: 114521.26/32737.72/16359.21) lat (ms,95%): 95.81 err/s: 0.00 reconn/s: 0.00
SQL statistics:
    queries performed:
        read:                            101262420
        write:                           28932042
        other:                           14466098
        total:                           144660560
    transactions:                        7233010 (8579.44 per sec.)
    queries:                             144660560 (171589.26 per sec.)
    ignored errors:                      20     (0.02 per sec.)
    reconnects:                          0      (0.00 per sec.)

General statistics:
    total time:                          843.0617s
    total number of events:              7233010

Latency (ms):
         min:                                   19.75
         avg:                                   46.48
         max:                                 3080.42
         95th percentile:                       87.56
         sum:                            336205371.36

Threads fairness:
    events (avg/stddev):           18082.5250/441.60
    execution time (avg/stddev):   840.5134/0.42

