sysbench 1.0.20-ebf1c90 (using bundled LuaJIT 2.1.0-beta2)

Running the test with following options:
Number of threads: 400
Report intermediate results every 10 second(s)
Initializing random number generator from current time


Initializing worker threads...

Threads started!

[ 10s ] thds: 400 tps: 5556.12 qps: 111458.66 (r/w/o: 78070.67/22236.06/11151.93) lat (ms,95%): 211.60 err/s: 0.00 reconn/s: 0.00
[ 20s ] thds: 400 tps: 7816.88 qps: 156507.05 (r/w/o: 109555.19/31318.01/15633.86) lat (ms,95%): 170.48 err/s: 0.00 reconn/s: 0.00
[ 30s ] thds: 400 tps: 8456.62 qps: 168991.30 (r/w/o: 118307.01/33770.76/16913.53) lat (ms,95%): 132.49 err/s: 0.10 reconn/s: 0.00
[ 40s ] thds: 400 tps: 9060.54 qps: 181108.25 (r/w/o: 126731.82/36263.85/18112.57) lat (ms,95%): 70.55 err/s: 0.10 reconn/s: 0.00
[ 50s ] thds: 400 tps: 9053.19 qps: 181317.74 (r/w/o: 126995.62/36206.65/18115.47) lat (ms,95%): 69.29 err/s: 0.00 reconn/s: 0.00
[ 60s ] thds: 400 tps: 9449.22 qps: 188988.71 (r/w/o: 132261.82/37828.06/18898.83) lat (ms,95%): 57.87 err/s: 0.20 reconn/s: 0.00
[ 70s ] thds: 400 tps: 9399.49 qps: 188018.21 (r/w/o: 131601.57/37621.06/18795.58) lat (ms,95%): 64.47 err/s: 0.10 reconn/s: 0.00
[ 80s ] thds: 400 tps: 9103.51 qps: 181923.84 (r/w/o: 127358.07/36355.35/18210.42) lat (ms,95%): 77.19 err/s: 0.00 reconn/s: 0.00
[ 90s ] thds: 400 tps: 9579.38 qps: 191570.61 (r/w/o: 134076.03/38336.42/19158.16) lat (ms,95%): 61.08 err/s: 0.20 reconn/s: 0.00
[ 100s ] thds: 400 tps: 9731.88 qps: 194670.37 (r/w/o: 136275.80/38929.51/19465.06) lat (ms,95%): 55.82 err/s: 0.00 reconn/s: 0.00
[ 110s ] thds: 400 tps: 7437.08 qps: 148836.71 (r/w/o: 104229.96/29732.50/14874.25) lat (ms,95%): 123.28 err/s: 0.00 reconn/s: 0.00
[ 120s ] thds: 400 tps: 6373.11 qps: 127359.73 (r/w/o: 89141.49/25472.53/12745.71) lat (ms,95%): 139.85 err/s: 0.10 reconn/s: 0.00
[ 130s ] thds: 400 tps: 6468.07 qps: 129598.86 (r/w/o: 90698.75/25963.07/12937.04) lat (ms,95%): 125.52 err/s: 0.00 reconn/s: 0.00
[ 140s ] thds: 400 tps: 7802.71 qps: 156022.53 (r/w/o: 109252.36/31164.84/15605.32) lat (ms,95%): 97.55 err/s: 0.00 reconn/s: 0.00
[ 150s ] thds: 400 tps: 9377.49 qps: 187458.11 (r/w/o: 131212.10/37490.74/18755.27) lat (ms,95%): 65.65 err/s: 0.10 reconn/s: 0.00
[ 160s ] thds: 400 tps: 9219.10 qps: 184433.66 (r/w/o: 129112.67/36884.39/18436.60) lat (ms,95%): 66.84 err/s: 0.20 reconn/s: 0.00
[ 170s ] thds: 400 tps: 9684.10 qps: 193789.01 (r/w/o: 135611.81/38806.80/19370.40) lat (ms,95%): 57.87 err/s: 0.00 reconn/s: 0.00
[ 180s ] thds: 400 tps: 9458.59 qps: 189004.44 (r/w/o: 132302.62/37784.65/18917.17) lat (ms,95%): 66.84 err/s: 0.00 reconn/s: 0.00
[ 190s ] thds: 400 tps: 9696.31 qps: 193816.84 (r/w/o: 135640.80/38783.53/19392.51) lat (ms,95%): 54.83 err/s: 0.00 reconn/s: 0.00
[ 200s ] thds: 400 tps: 9659.93 qps: 193466.76 (r/w/o: 135479.46/38667.13/19320.17) lat (ms,95%): 59.99 err/s: 0.00 reconn/s: 0.00
[ 210s ] thds: 400 tps: 9683.17 qps: 193410.74 (r/w/o: 135358.41/38686.09/19366.24) lat (ms,95%): 55.82 err/s: 0.00 reconn/s: 0.00
[ 220s ] thds: 400 tps: 8067.99 qps: 161398.58 (r/w/o: 112987.12/32275.28/16136.19) lat (ms,95%): 97.55 err/s: 0.00 reconn/s: 0.00
[ 230s ] thds: 400 tps: 7781.10 qps: 155485.49 (r/w/o: 108833.16/31090.12/15562.21) lat (ms,95%): 97.55 err/s: 0.00 reconn/s: 0.00
[ 240s ] thds: 400 tps: 7509.29 qps: 150345.03 (r/w/o: 105269.28/30057.67/15018.08) lat (ms,95%): 102.97 err/s: 0.00 reconn/s: 0.00
[ 250s ] thds: 400 tps: 7122.99 qps: 142522.54 (r/w/o: 99776.42/28499.75/14246.37) lat (ms,95%): 104.84 err/s: 0.00 reconn/s: 0.00
[ 260s ] thds: 400 tps: 9309.17 qps: 186290.90 (r/w/o: 130379.48/37292.78/18618.64) lat (ms,95%): 62.19 err/s: 0.00 reconn/s: 0.00
[ 270s ] thds: 400 tps: 9143.22 qps: 182834.32 (r/w/o: 127975.39/36575.48/18283.44) lat (ms,95%): 70.55 err/s: 0.00 reconn/s: 0.00
[ 280s ] thds: 400 tps: 9729.59 qps: 194320.17 (r/w/o: 136022.34/38835.65/19462.18) lat (ms,95%): 54.83 err/s: 0.00 reconn/s: 0.00
[ 290s ] thds: 400 tps: 9456.00 qps: 189315.37 (r/w/o: 132580.75/37822.21/18912.41) lat (ms,95%): 66.84 err/s: 0.10 reconn/s: 0.00
[ 300s ] thds: 400 tps: 9550.21 qps: 190865.13 (r/w/o: 133568.96/38200.05/19096.12) lat (ms,95%): 59.99 err/s: 0.00 reconn/s: 0.00
[ 310s ] thds: 400 tps: 9581.66 qps: 191574.43 (r/w/o: 134082.46/38324.45/19167.52) lat (ms,95%): 59.99 err/s: 0.10 reconn/s: 0.00
[ 320s ] thds: 400 tps: 9691.54 qps: 194010.79 (r/w/o: 135860.92/38766.28/19383.59) lat (ms,95%): 56.84 err/s: 0.10 reconn/s: 0.00
[ 330s ] thds: 400 tps: 8310.99 qps: 166191.81 (r/w/o: 116294.67/33277.56/16619.58) lat (ms,95%): 92.42 err/s: 0.00 reconn/s: 0.00
[ 340s ] thds: 400 tps: 7322.98 qps: 146489.92 (r/w/o: 102560.04/29281.82/14648.06) lat (ms,95%): 104.84 err/s: 0.00 reconn/s: 0.00
[ 350s ] thds: 400 tps: 7501.69 qps: 150098.29 (r/w/o: 105025.13/30076.38/14996.79) lat (ms,95%): 97.55 err/s: 0.00 reconn/s: 0.00
[ 360s ] thds: 400 tps: 7773.11 qps: 155373.25 (r/w/o: 108800.88/31019.05/15553.33) lat (ms,95%): 95.81 err/s: 0.00 reconn/s: 0.00
[ 370s ] thds: 400 tps: 8108.00 qps: 162001.63 (r/w/o: 113347.05/32437.79/16216.79) lat (ms,95%): 94.10 err/s: 0.20 reconn/s: 0.00
[ 380s ] thds: 400 tps: 9152.68 qps: 183355.99 (r/w/o: 128379.32/36671.32/18305.36) lat (ms,95%): 70.55 err/s: 0.10 reconn/s: 0.00
[ 390s ] thds: 400 tps: 8729.60 qps: 174346.12 (r/w/o: 122007.91/34881.00/17457.20) lat (ms,95%): 87.56 err/s: 0.00 reconn/s: 0.00
[ 400s ] thds: 400 tps: 8157.60 qps: 163168.93 (r/w/o: 114239.85/32613.59/16315.49) lat (ms,95%): 99.33 err/s: 0.00 reconn/s: 0.00
[ 410s ] thds: 400 tps: 8355.21 qps: 167407.69 (r/w/o: 117197.01/33497.66/16713.03) lat (ms,95%): 97.55 err/s: 0.20 reconn/s: 0.00
[ 420s ] thds: 400 tps: 7836.30 qps: 156592.67 (r/w/o: 109667.58/31252.09/15673.00) lat (ms,95%): 104.84 err/s: 0.10 reconn/s: 0.00
[ 430s ] thds: 400 tps: 8607.41 qps: 172014.34 (r/w/o: 120362.27/34437.45/17214.62) lat (ms,95%): 90.78 err/s: 0.00 reconn/s: 0.00
[ 440s ] thds: 400 tps: 9708.91 qps: 194377.82 (r/w/o: 136064.28/38895.52/19418.01) lat (ms,95%): 57.87 err/s: 0.00 reconn/s: 0.00
[ 450s ] thds: 400 tps: 8458.68 qps: 169059.95 (r/w/o: 118369.49/33773.01/16917.46) lat (ms,95%): 89.16 err/s: 0.00 reconn/s: 0.00
[ 460s ] thds: 400 tps: 7284.23 qps: 145598.36 (r/w/o: 101888.46/29144.63/14565.27) lat (ms,95%): 104.84 err/s: 0.00 reconn/s: 0.00
[ 470s ] thds: 400 tps: 7442.50 qps: 148732.72 (r/w/o: 104104.61/29739.80/14888.30) lat (ms,95%): 95.81 err/s: 0.10 reconn/s: 0.00
[ 480s ] thds: 400 tps: 7709.10 qps: 154483.17 (r/w/o: 108179.58/30884.89/15418.70) lat (ms,95%): 94.10 err/s: 0.10 reconn/s: 0.00
[ 490s ] thds: 400 tps: 8978.90 qps: 179484.67 (r/w/o: 125635.28/35891.69/17957.70) lat (ms,95%): 74.46 err/s: 0.00 reconn/s: 0.00
[ 500s ] thds: 400 tps: 9626.79 qps: 192442.86 (r/w/o: 134673.00/38526.57/19243.29) lat (ms,95%): 55.82 err/s: 0.00 reconn/s: 0.00
[ 510s ] thds: 400 tps: 9428.31 qps: 188574.56 (r/w/o: 131997.98/37709.55/18867.03) lat (ms,95%): 64.47 err/s: 0.00 reconn/s: 0.00
[ 520s ] thds: 400 tps: 9794.27 qps: 195909.25 (r/w/o: 137171.25/39149.67/19588.34) lat (ms,95%): 54.83 err/s: 0.10 reconn/s: 0.00
[ 530s ] thds: 400 tps: 9087.73 qps: 181745.27 (r/w/o: 127196.20/36377.91/18171.16) lat (ms,95%): 77.19 err/s: 0.00 reconn/s: 0.00
[ 540s ] thds: 400 tps: 9672.29 qps: 193258.94 (r/w/o: 135256.69/38654.97/19347.28) lat (ms,95%): 59.99 err/s: 0.00 reconn/s: 0.00
[ 550s ] thds: 400 tps: 9417.01 qps: 188709.58 (r/w/o: 132113.09/37760.16/18836.33) lat (ms,95%): 62.19 err/s: 0.00 reconn/s: 0.00
[ 560s ] thds: 400 tps: 8370.48 qps: 167093.19 (r/w/o: 116959.58/33394.34/16739.27) lat (ms,95%): 92.42 err/s: 0.10 reconn/s: 0.00
[ 570s ] thds: 400 tps: 7560.11 qps: 151510.53 (r/w/o: 106103.86/30284.05/15122.62) lat (ms,95%): 94.10 err/s: 0.00 reconn/s: 0.00
[ 580s ] thds: 400 tps: 7542.50 qps: 150867.12 (r/w/o: 105608.42/30173.70/15085.00) lat (ms,95%): 97.55 err/s: 0.00 reconn/s: 0.00
[ 590s ] thds: 400 tps: 7878.39 qps: 157537.06 (r/w/o: 110275.83/31504.35/15756.88) lat (ms,95%): 86.00 err/s: 0.00 reconn/s: 0.00
[ 600s ] thds: 400 tps: 8540.10 qps: 170736.65 (r/w/o: 119490.24/34166.11/17080.31) lat (ms,95%): 81.48 err/s: 0.00 reconn/s: 0.00
[ 610s ] thds: 400 tps: 9465.01 qps: 189370.96 (r/w/o: 132570.28/37870.45/18930.23) lat (ms,95%): 58.92 err/s: 0.10 reconn/s: 0.00
[ 620s ] thds: 400 tps: 9382.68 qps: 187348.67 (r/w/o: 131077.87/37511.63/18759.17) lat (ms,95%): 65.65 err/s: 0.20 reconn/s: 0.00
[ 630s ] thds: 400 tps: 9623.60 qps: 192597.66 (r/w/o: 134861.67/38482.29/19253.70) lat (ms,95%): 55.82 err/s: 0.00 reconn/s: 0.00
[ 640s ] thds: 400 tps: 8958.41 qps: 178963.64 (r/w/o: 125234.30/35820.33/17909.01) lat (ms,95%): 80.03 err/s: 0.00 reconn/s: 0.00
[ 650s ] thds: 400 tps: 9728.09 qps: 194663.82 (r/w/o: 136296.80/38907.74/19459.27) lat (ms,95%): 54.83 err/s: 0.00 reconn/s: 0.00
[ 660s ] thds: 400 tps: 9507.91 qps: 190425.25 (r/w/o: 133331.80/38072.53/19020.91) lat (ms,95%): 61.08 err/s: 0.00 reconn/s: 0.00
[ 670s ] thds: 400 tps: 8753.90 qps: 175047.20 (r/w/o: 122518.10/35027.70/17501.40) lat (ms,95%): 86.00 err/s: 0.00 reconn/s: 0.00
[ 680s ] thds: 400 tps: 7344.68 qps: 146668.17 (r/w/o: 102651.00/29323.91/14693.26) lat (ms,95%): 101.13 err/s: 0.00 reconn/s: 0.00
[ 690s ] thds: 400 tps: 7646.30 qps: 153129.95 (r/w/o: 107236.64/30597.81/15295.51) lat (ms,95%): 92.42 err/s: 0.10 reconn/s: 0.00
[ 700s ] thds: 400 tps: 7672.60 qps: 153230.41 (r/w/o: 107220.21/30669.40/15340.80) lat (ms,95%): 92.42 err/s: 0.00 reconn/s: 0.00
[ 710s ] thds: 400 tps: 8514.00 qps: 170612.98 (r/w/o: 119466.16/34114.62/17032.21) lat (ms,95%): 84.47 err/s: 0.00 reconn/s: 0.00
[ 720s ] thds: 400 tps: 9650.09 qps: 192848.31 (r/w/o: 135006.37/38541.56/19300.38) lat (ms,95%): 53.85 err/s: 0.00 reconn/s: 0.00
[ 730s ] thds: 400 tps: 9431.80 qps: 188790.78 (r/w/o: 132116.29/37810.50/18864.00) lat (ms,95%): 63.32 err/s: 0.20 reconn/s: 0.00
[ 740s ] thds: 400 tps: 9586.80 qps: 191720.49 (r/w/o: 134233.00/38313.60/19173.90) lat (ms,95%): 57.87 err/s: 0.10 reconn/s: 0.00
[ 750s ] thds: 400 tps: 9114.81 qps: 181942.61 (r/w/o: 127275.44/36444.64/18222.52) lat (ms,95%): 74.46 err/s: 0.10 reconn/s: 0.00
[ 760s ] thds: 400 tps: 9572.78 qps: 191731.39 (r/w/o: 134285.18/38293.14/19153.07) lat (ms,95%): 57.87 err/s: 0.10 reconn/s: 0.00
[ 770s ] thds: 400 tps: 9381.01 qps: 187517.31 (r/w/o: 131232.45/37522.44/18762.42) lat (ms,95%): 64.47 err/s: 0.10 reconn/s: 0.00
[ 780s ] thds: 400 tps: 7942.10 qps: 159077.06 (r/w/o: 111377.17/31815.49/15884.40) lat (ms,95%): 101.13 err/s: 0.10 reconn/s: 0.00
[ 790s ] thds: 400 tps: 8326.50 qps: 166567.66 (r/w/o: 116577.17/33337.49/16653.00) lat (ms,95%): 97.55 err/s: 0.20 reconn/s: 0.00
[ 800s ] thds: 400 tps: 8025.51 qps: 160249.71 (r/w/o: 112211.98/31986.32/16051.41) lat (ms,95%): 101.13 err/s: 0.00 reconn/s: 0.00
[ 810s ] thds: 400 tps: 7611.88 qps: 152341.48 (r/w/o: 106621.98/30495.74/15223.77) lat (ms,95%): 101.13 err/s: 0.00 reconn/s: 0.00
[ 820s ] thds: 400 tps: 7451.51 qps: 148922.15 (r/w/o: 104237.21/29781.83/14903.12) lat (ms,95%): 110.66 err/s: 0.00 reconn/s: 0.00
[ 830s ] thds: 400 tps: 8017.90 qps: 160479.44 (r/w/o: 112332.33/32111.31/16035.80) lat (ms,95%): 97.55 err/s: 0.00 reconn/s: 0.00
[ 840s ] thds: 400 tps: 8276.45 qps: 165367.56 (r/w/o: 115720.77/33103.99/16542.80) lat (ms,95%): 95.81 err/s: 0.00 reconn/s: 0.00
SQL statistics:
    queries performed:
        read:                            101415398
        write:                           28975705
        other:                           14487963
        total:                           144879066
    transactions:                        7243920 (8601.01 per sec.)
    queries:                             144879066 (172021.05 per sec.)
    ignored errors:                      37     (0.04 per sec.)
    reconnects:                          0      (0.00 per sec.)

General statistics:
    total time:                          842.2161s
    total number of events:              7243920

Latency (ms):
         min:                                   19.90
         avg:                                   46.40
         max:                                 2221.21
         95th percentile:                       87.56
         sum:                            336131149.64

Threads fairness:
    events (avg/stddev):           18109.8000/429.65
    execution time (avg/stddev):   840.3279/0.43

