sysbench 1.0.20-ebf1c90 (using bundled LuaJIT 2.1.0-beta2)

Running the test with following options:
Number of threads: 400
Report intermediate results every 10 second(s)
Initializing random number generator from current time


Initializing worker threads...

Threads started!

[ 10s ] thds: 400 tps: 5689.26 qps: 114228.19 (r/w/o: 80045.32/22764.45/11418.42) lat (ms,95%): 211.60 err/s: 0.00 reconn/s: 0.00
[ 20s ] thds: 400 tps: 8032.98 qps: 160454.95 (r/w/o: 112249.48/32143.61/16061.86) lat (ms,95%): 164.45 err/s: 0.10 reconn/s: 0.00
[ 30s ] thds: 400 tps: 8798.20 qps: 176244.21 (r/w/o: 123458.50/35184.70/17601.00) lat (ms,95%): 89.16 err/s: 0.10 reconn/s: 0.00
[ 40s ] thds: 400 tps: 9041.21 qps: 180859.71 (r/w/o: 126575.14/36202.04/18082.52) lat (ms,95%): 74.46 err/s: 0.00 reconn/s: 0.00
[ 50s ] thds: 400 tps: 9490.68 qps: 189577.53 (r/w/o: 132647.77/37956.91/18972.85) lat (ms,95%): 62.19 err/s: 0.00 reconn/s: 0.00
[ 60s ] thds: 400 tps: 9640.87 qps: 193162.63 (r/w/o: 135260.50/38611.89/19290.24) lat (ms,95%): 58.92 err/s: 0.00 reconn/s: 0.00
[ 70s ] thds: 400 tps: 9570.73 qps: 191346.51 (r/w/o: 133962.43/38242.72/19141.36) lat (ms,95%): 64.47 err/s: 0.00 reconn/s: 0.00
[ 80s ] thds: 400 tps: 9614.21 qps: 192083.57 (r/w/o: 134417.72/38437.23/19228.62) lat (ms,95%): 62.19 err/s: 0.00 reconn/s: 0.00
[ 90s ] thds: 400 tps: 10000.49 qps: 200236.36 (r/w/o: 140212.10/40023.27/20000.99) lat (ms,95%): 51.02 err/s: 0.00 reconn/s: 0.00
[ 100s ] thds: 400 tps: 9656.03 qps: 192938.26 (r/w/o: 135048.36/38577.73/19312.17) lat (ms,95%): 59.99 err/s: 0.00 reconn/s: 0.00
[ 110s ] thds: 400 tps: 9962.55 qps: 199412.64 (r/w/o: 139593.03/39894.31/19925.30) lat (ms,95%): 52.89 err/s: 0.10 reconn/s: 0.00
[ 120s ] thds: 400 tps: 7491.04 qps: 149851.39 (r/w/o: 104890.85/29978.46/14982.08) lat (ms,95%): 114.72 err/s: 0.00 reconn/s: 0.00
[ 130s ] thds: 400 tps: 6322.76 qps: 126299.46 (r/w/o: 88402.01/25251.43/12646.02) lat (ms,95%): 130.13 err/s: 0.10 reconn/s: 0.00
[ 140s ] thds: 400 tps: 7343.61 qps: 146918.66 (r/w/o: 102868.28/29363.25/14687.13) lat (ms,95%): 106.75 err/s: 0.00 reconn/s: 0.00
[ 150s ] thds: 400 tps: 9572.48 qps: 191654.31 (r/w/o: 134096.53/38412.62/19145.16) lat (ms,95%): 58.92 err/s: 0.00 reconn/s: 0.00
[ 160s ] thds: 400 tps: 9551.50 qps: 190601.60 (r/w/o: 133423.50/38074.80/19103.30) lat (ms,95%): 63.32 err/s: 0.10 reconn/s: 0.00
[ 170s ] thds: 400 tps: 9589.82 qps: 191853.61 (r/w/o: 134311.92/38362.06/19179.63) lat (ms,95%): 58.92 err/s: 0.00 reconn/s: 0.00
[ 180s ] thds: 400 tps: 9626.97 qps: 192757.50 (r/w/o: 134964.38/38539.18/19253.94) lat (ms,95%): 63.32 err/s: 0.00 reconn/s: 0.00
[ 190s ] thds: 400 tps: 9783.77 qps: 195341.49 (r/w/o: 136675.67/39099.88/19565.94) lat (ms,95%): 56.84 err/s: 0.00 reconn/s: 0.00
[ 200s ] thds: 400 tps: 10031.99 qps: 201018.87 (r/w/o: 140753.54/40199.75/20065.58) lat (ms,95%): 52.89 err/s: 0.00 reconn/s: 0.00
[ 210s ] thds: 400 tps: 9731.61 qps: 194541.00 (r/w/o: 136168.87/38910.62/19461.51) lat (ms,95%): 61.08 err/s: 0.00 reconn/s: 0.00
[ 220s ] thds: 400 tps: 9786.47 qps: 195797.09 (r/w/o: 137056.67/39165.28/19575.14) lat (ms,95%): 56.84 err/s: 0.10 reconn/s: 0.00
[ 230s ] thds: 400 tps: 8294.69 qps: 165748.05 (r/w/o: 116047.69/33111.07/16589.28) lat (ms,95%): 92.42 err/s: 0.00 reconn/s: 0.00
[ 240s ] thds: 400 tps: 7286.39 qps: 145749.11 (r/w/o: 102018.77/29157.86/14572.48) lat (ms,95%): 104.84 err/s: 0.00 reconn/s: 0.00
[ 250s ] thds: 400 tps: 7162.99 qps: 143271.72 (r/w/o: 100272.58/28676.86/14322.28) lat (ms,95%): 97.55 err/s: 0.00 reconn/s: 0.00
[ 260s ] thds: 400 tps: 9153.53 qps: 183044.15 (r/w/o: 128162.05/36570.63/18311.46) lat (ms,95%): 71.83 err/s: 0.10 reconn/s: 0.00
[ 270s ] thds: 400 tps: 9618.62 qps: 192488.96 (r/w/o: 134752.72/38498.99/19237.25) lat (ms,95%): 57.87 err/s: 0.00 reconn/s: 0.00
[ 280s ] thds: 400 tps: 9545.77 qps: 190974.94 (r/w/o: 133642.90/38240.29/19091.74) lat (ms,95%): 65.65 err/s: 0.10 reconn/s: 0.00
[ 290s ] thds: 400 tps: 9765.87 qps: 194974.73 (r/w/o: 136463.60/38984.29/19526.84) lat (ms,95%): 55.82 err/s: 0.00 reconn/s: 0.00
[ 300s ] thds: 400 tps: 10063.41 qps: 201350.91 (r/w/o: 140939.38/40280.42/20131.11) lat (ms,95%): 51.94 err/s: 0.00 reconn/s: 0.00
[ 310s ] thds: 400 tps: 9771.76 qps: 195460.03 (r/w/o: 136842.49/39073.43/19544.11) lat (ms,95%): 55.82 err/s: 0.10 reconn/s: 0.00
[ 320s ] thds: 400 tps: 9451.51 qps: 188975.26 (r/w/o: 132284.62/37787.43/18903.22) lat (ms,95%): 69.29 err/s: 0.00 reconn/s: 0.00
[ 330s ] thds: 400 tps: 9530.74 qps: 190642.00 (r/w/o: 133447.23/38134.78/19059.99) lat (ms,95%): 65.65 err/s: 0.00 reconn/s: 0.00
[ 340s ] thds: 400 tps: 8422.18 qps: 168697.84 (r/w/o: 118110.05/33741.93/16845.86) lat (ms,95%): 90.78 err/s: 0.00 reconn/s: 0.00
[ 350s ] thds: 400 tps: 7151.31 qps: 143014.08 (r/w/o: 100117.40/28593.96/14302.73) lat (ms,95%): 102.97 err/s: 0.00 reconn/s: 0.00
[ 360s ] thds: 400 tps: 7929.10 qps: 158365.33 (r/w/o: 110838.52/31668.51/15858.30) lat (ms,95%): 89.16 err/s: 0.00 reconn/s: 0.00
[ 370s ] thds: 400 tps: 8262.48 qps: 165526.39 (r/w/o: 115865.91/33135.32/16525.16) lat (ms,95%): 94.10 err/s: 0.10 reconn/s: 0.00
[ 380s ] thds: 400 tps: 8463.39 qps: 169174.65 (r/w/o: 118412.62/33838.05/16923.97) lat (ms,95%): 86.00 err/s: 0.00 reconn/s: 0.00
[ 390s ] thds: 400 tps: 7966.35 qps: 159133.27 (r/w/o: 111393.38/31804.29/15935.60) lat (ms,95%): 99.33 err/s: 0.00 reconn/s: 0.00
[ 400s ] thds: 400 tps: 8064.87 qps: 161545.90 (r/w/o: 113107.08/32309.78/16129.04) lat (ms,95%): 97.55 err/s: 0.00 reconn/s: 0.00
[ 410s ] thds: 400 tps: 8857.41 qps: 177025.14 (r/w/o: 123882.37/35427.35/17715.42) lat (ms,95%): 80.03 err/s: 0.00 reconn/s: 0.00
[ 420s ] thds: 400 tps: 9691.49 qps: 193903.54 (r/w/o: 135760.99/38759.17/19383.38) lat (ms,95%): 57.87 err/s: 0.00 reconn/s: 0.00
[ 430s ] thds: 400 tps: 9612.57 qps: 192213.51 (r/w/o: 134554.62/38433.76/19225.13) lat (ms,95%): 62.19 err/s: 0.00 reconn/s: 0.00
[ 440s ] thds: 400 tps: 10037.07 qps: 200781.75 (r/w/o: 140578.45/40129.17/20074.14) lat (ms,95%): 53.85 err/s: 0.00 reconn/s: 0.00
[ 450s ] thds: 400 tps: 8291.40 qps: 165674.45 (r/w/o: 115929.77/33163.89/16580.80) lat (ms,95%): 87.56 err/s: 0.10 reconn/s: 0.00
[ 460s ] thds: 400 tps: 8237.07 qps: 164797.93 (r/w/o: 115363.80/32957.99/16476.14) lat (ms,95%): 89.16 err/s: 0.00 reconn/s: 0.00
[ 470s ] thds: 400 tps: 7493.83 qps: 149849.98 (r/w/o: 104878.17/29987.74/14984.07) lat (ms,95%): 94.10 err/s: 0.00 reconn/s: 0.00
[ 480s ] thds: 400 tps: 8905.98 qps: 178227.34 (r/w/o: 124786.65/35624.73/17815.96) lat (ms,95%): 74.46 err/s: 0.00 reconn/s: 0.00
[ 490s ] thds: 400 tps: 9538.73 qps: 190806.63 (r/w/o: 133529.44/38199.73/19077.46) lat (ms,95%): 58.92 err/s: 0.00 reconn/s: 0.00
[ 500s ] thds: 400 tps: 9912.70 qps: 198322.02 (r/w/o: 138860.22/39636.30/19825.50) lat (ms,95%): 54.83 err/s: 0.00 reconn/s: 0.00
[ 510s ] thds: 400 tps: 8576.84 qps: 171240.58 (r/w/o: 119841.22/34256.48/17142.89) lat (ms,95%): 84.47 err/s: 0.10 reconn/s: 0.00
[ 520s ] thds: 400 tps: 8825.54 qps: 176766.50 (r/w/o: 123751.26/35353.06/17662.18) lat (ms,95%): 81.48 err/s: 0.00 reconn/s: 0.00
[ 530s ] thds: 400 tps: 9638.71 qps: 192679.72 (r/w/o: 134907.19/38495.12/19277.41) lat (ms,95%): 58.92 err/s: 0.00 reconn/s: 0.00
[ 540s ] thds: 400 tps: 9639.72 qps: 192851.74 (r/w/o: 134968.14/38603.97/19279.63) lat (ms,95%): 61.08 err/s: 0.00 reconn/s: 0.00
[ 550s ] thds: 400 tps: 9733.09 qps: 194632.75 (r/w/o: 136231.49/38934.77/19466.48) lat (ms,95%): 57.87 err/s: 0.20 reconn/s: 0.00
[ 560s ] thds: 400 tps: 8312.37 qps: 166089.50 (r/w/o: 116256.38/33211.68/16621.44) lat (ms,95%): 92.42 err/s: 0.00 reconn/s: 0.00
[ 570s ] thds: 400 tps: 8318.99 qps: 166526.03 (r/w/o: 116584.51/33300.25/16641.27) lat (ms,95%): 87.56 err/s: 0.00 reconn/s: 0.00
[ 580s ] thds: 400 tps: 7620.03 qps: 152297.58 (r/w/o: 106577.37/30479.54/15240.67) lat (ms,95%): 94.10 err/s: 0.10 reconn/s: 0.00
[ 590s ] thds: 400 tps: 8465.41 qps: 169394.84 (r/w/o: 118600.20/33863.83/16930.81) lat (ms,95%): 82.96 err/s: 0.00 reconn/s: 0.00
[ 600s ] thds: 400 tps: 9741.50 qps: 194638.92 (r/w/o: 136201.85/38954.18/19482.89) lat (ms,95%): 56.84 err/s: 0.00 reconn/s: 0.00
[ 610s ] thds: 400 tps: 9888.04 qps: 197945.84 (r/w/o: 138624.29/39546.47/19775.08) lat (ms,95%): 52.89 err/s: 0.10 reconn/s: 0.00
[ 620s ] thds: 400 tps: 8554.53 qps: 171016.94 (r/w/o: 119681.85/34224.53/17110.56) lat (ms,95%): 84.47 err/s: 0.00 reconn/s: 0.00
[ 630s ] thds: 400 tps: 8930.41 qps: 178716.11 (r/w/o: 125113.88/35741.42/17860.81) lat (ms,95%): 80.03 err/s: 0.00 reconn/s: 0.00
[ 640s ] thds: 400 tps: 9563.61 qps: 191156.42 (r/w/o: 133803.66/38228.24/19124.52) lat (ms,95%): 59.99 err/s: 0.00 reconn/s: 0.00
[ 650s ] thds: 400 tps: 9752.46 qps: 195032.39 (r/w/o: 136510.43/39018.04/19503.92) lat (ms,95%): 55.82 err/s: 0.10 reconn/s: 0.00
[ 660s ] thds: 400 tps: 9624.27 qps: 192471.17 (r/w/o: 134745.96/38473.37/19251.84) lat (ms,95%): 58.92 err/s: 0.00 reconn/s: 0.00
[ 670s ] thds: 400 tps: 8305.10 qps: 166086.05 (r/w/o: 116271.03/33204.01/16611.00) lat (ms,95%): 89.16 err/s: 0.00 reconn/s: 0.00
[ 680s ] thds: 400 tps: 7949.45 qps: 159304.29 (r/w/o: 111503.76/31901.42/15899.11) lat (ms,95%): 90.78 err/s: 0.10 reconn/s: 0.00
[ 690s ] thds: 400 tps: 7826.55 qps: 156317.65 (r/w/o: 109445.36/31221.39/15650.89) lat (ms,95%): 90.78 err/s: 0.10 reconn/s: 0.00
[ 700s ] thds: 400 tps: 8568.93 qps: 171434.41 (r/w/o: 119985.85/34308.20/17140.35) lat (ms,95%): 78.60 err/s: 0.00 reconn/s: 0.00
[ 710s ] thds: 400 tps: 9726.65 qps: 194394.19 (r/w/o: 136047.56/38893.32/19453.31) lat (ms,95%): 57.87 err/s: 0.00 reconn/s: 0.00
[ 720s ] thds: 400 tps: 9883.10 qps: 197777.04 (r/w/o: 138445.86/39564.99/19766.19) lat (ms,95%): 56.84 err/s: 0.00 reconn/s: 0.00
[ 730s ] thds: 400 tps: 8919.08 qps: 178491.97 (r/w/o: 124981.37/35672.43/17838.17) lat (ms,95%): 80.03 err/s: 0.00 reconn/s: 0.00
[ 740s ] thds: 400 tps: 8308.74 qps: 165821.42 (r/w/o: 116032.21/33171.64/16617.57) lat (ms,95%): 86.00 err/s: 0.00 reconn/s: 0.00
[ 750s ] thds: 400 tps: 9419.86 qps: 188589.58 (r/w/o: 132016.10/37733.76/18839.73) lat (ms,95%): 68.05 err/s: 0.00 reconn/s: 0.00
[ 760s ] thds: 400 tps: 9207.73 qps: 184106.28 (r/w/o: 128869.50/36821.22/18415.56) lat (ms,95%): 78.60 err/s: 0.00 reconn/s: 0.00
[ 770s ] thds: 400 tps: 8602.99 qps: 172207.82 (r/w/o: 120592.40/34409.44/17205.97) lat (ms,95%): 87.56 err/s: 0.00 reconn/s: 0.00
[ 780s ] thds: 400 tps: 7662.35 qps: 153136.32 (r/w/o: 107193.21/30618.60/15324.50) lat (ms,95%): 102.97 err/s: 0.00 reconn/s: 0.00
[ 790s ] thds: 400 tps: 8069.89 qps: 161285.22 (r/w/o: 112852.98/32297.16/16135.08) lat (ms,95%): 92.42 err/s: 0.00 reconn/s: 0.00
[ 800s ] thds: 400 tps: 7805.74 qps: 156301.76 (r/w/o: 109440.23/31247.95/15613.58) lat (ms,95%): 97.55 err/s: 0.00 reconn/s: 0.00
[ 810s ] thds: 400 tps: 8137.11 qps: 162684.55 (r/w/o: 113865.28/32541.95/16277.33) lat (ms,95%): 94.10 err/s: 0.10 reconn/s: 0.00
[ 820s ] thds: 400 tps: 7828.85 qps: 156562.40 (r/w/o: 109609.27/31299.42/15653.71) lat (ms,95%): 101.13 err/s: 0.10 reconn/s: 0.00
[ 830s ] thds: 400 tps: 9743.12 qps: 194810.14 (r/w/o: 136367.44/38951.87/19490.83) lat (ms,95%): 55.82 err/s: 0.10 reconn/s: 0.00
[ 840s ] thds: 400 tps: 9103.94 qps: 182067.40 (r/w/o: 127424.86/36441.96/18200.58) lat (ms,95%): 75.82 err/s: 0.10 reconn/s: 0.00
SQL statistics:
    queries performed:
        read:                            104315414
        write:                           29804321
        other:                           14902239
        total:                           149021974
    transactions:                        7451078 (8860.31 per sec.)
    queries:                             149021974 (177206.64 per sec.)
    ignored errors:                      23     (0.03 per sec.)
    reconnects:                          0      (0.00 per sec.)

General statistics:
    total time:                          840.9493s
    total number of events:              7451078

Latency (ms):
         min:                                   19.64
         avg:                                   45.10
         max:                                 1005.12
         95th percentile:                       81.48
         sum:                            336069160.34

Threads fairness:
    events (avg/stddev):           18627.6950/463.83
    execution time (avg/stddev):   840.1729/0.14

