sysbench 1.0.20-ebf1c90 (using bundled LuaJIT 2.1.0-beta2)

Running the test with following options:
Number of threads: 400
Report intermediate results every 10 second(s)
Initializing random number generator from current time


Initializing worker threads...

Threads started!

[ 10s ] thds: 400 tps: 5678.70 qps: 114036.87 (r/w/o: 79914.87/22724.60/11397.40) lat (ms,95%): 207.82 err/s: 0.00 reconn/s: 0.00
[ 20s ] thds: 400 tps: 8052.16 qps: 160933.48 (r/w/o: 112603.03/32225.94/16104.52) lat (ms,95%): 164.45 err/s: 0.10 reconn/s: 0.00
[ 30s ] thds: 400 tps: 8801.82 qps: 176273.68 (r/w/o: 123441.57/35228.28/17603.84) lat (ms,95%): 89.16 err/s: 0.10 reconn/s: 0.00
[ 40s ] thds: 400 tps: 9078.97 qps: 181604.58 (r/w/o: 127114.84/36331.60/18158.15) lat (ms,95%): 74.46 err/s: 0.10 reconn/s: 0.00
[ 50s ] thds: 400 tps: 9528.08 qps: 190193.34 (r/w/o: 133078.68/38058.71/19055.95) lat (ms,95%): 62.19 err/s: 0.00 reconn/s: 0.00
[ 60s ] thds: 400 tps: 9642.45 qps: 193303.58 (r/w/o: 135334.45/38684.12/19285.01) lat (ms,95%): 58.92 err/s: 0.00 reconn/s: 0.00
[ 70s ] thds: 400 tps: 9556.34 qps: 191063.39 (r/w/o: 133777.56/38173.06/19112.78) lat (ms,95%): 64.47 err/s: 0.00 reconn/s: 0.00
[ 80s ] thds: 400 tps: 9615.07 qps: 192037.19 (r/w/o: 134409.44/38397.50/19230.25) lat (ms,95%): 62.19 err/s: 0.00 reconn/s: 0.00
[ 90s ] thds: 400 tps: 9966.62 qps: 199639.57 (r/w/o: 139752.43/39953.89/19933.25) lat (ms,95%): 51.02 err/s: 0.00 reconn/s: 0.00
[ 100s ] thds: 400 tps: 9608.18 qps: 191989.08 (r/w/o: 134430.97/38341.94/19216.17) lat (ms,95%): 61.08 err/s: 0.00 reconn/s: 0.00
[ 110s ] thds: 400 tps: 10006.59 qps: 200126.52 (r/w/o: 140052.37/40061.96/20012.18) lat (ms,95%): 52.89 err/s: 0.00 reconn/s: 0.00
[ 120s ] thds: 400 tps: 7552.42 qps: 151027.27 (r/w/o: 105698.53/30229.99/15098.75) lat (ms,95%): 114.72 err/s: 0.00 reconn/s: 0.00
[ 130s ] thds: 400 tps: 6355.31 qps: 127139.17 (r/w/o: 89041.69/25380.55/12716.93) lat (ms,95%): 130.13 err/s: 0.00 reconn/s: 0.00
[ 140s ] thds: 400 tps: 7359.41 qps: 147260.24 (r/w/o: 103084.60/29455.43/14720.21) lat (ms,95%): 106.75 err/s: 0.00 reconn/s: 0.00
[ 150s ] thds: 400 tps: 9637.91 qps: 192421.75 (r/w/o: 134607.36/38544.36/19270.03) lat (ms,95%): 58.92 err/s: 0.00 reconn/s: 0.00
[ 160s ] thds: 400 tps: 9542.47 qps: 191001.40 (r/w/o: 133765.86/38144.69/19090.85) lat (ms,95%): 63.32 err/s: 0.20 reconn/s: 0.00
[ 170s ] thds: 400 tps: 9659.06 qps: 193254.02 (r/w/o: 135280.65/38654.74/19318.62) lat (ms,95%): 57.87 err/s: 0.00 reconn/s: 0.00
[ 180s ] thds: 400 tps: 9647.04 qps: 193117.80 (r/w/o: 135181.36/38642.36/19294.07) lat (ms,95%): 63.32 err/s: 0.00 reconn/s: 0.00
[ 190s ] thds: 400 tps: 9848.60 qps: 196691.09 (r/w/o: 137667.36/39326.52/19697.21) lat (ms,95%): 56.84 err/s: 0.00 reconn/s: 0.00
[ 200s ] thds: 400 tps: 10066.56 qps: 201521.18 (r/w/o: 141055.49/40332.45/20133.23) lat (ms,95%): 51.94 err/s: 0.00 reconn/s: 0.00
[ 210s ] thds: 400 tps: 9721.06 qps: 194398.42 (r/w/o: 136082.19/38874.02/19442.21) lat (ms,95%): 61.08 err/s: 0.00 reconn/s: 0.00
[ 220s ] thds: 400 tps: 9806.38 qps: 196265.32 (r/w/o: 137388.63/39263.92/19612.76) lat (ms,95%): 56.84 err/s: 0.00 reconn/s: 0.00
[ 230s ] thds: 400 tps: 8366.43 qps: 167134.48 (r/w/o: 117022.51/33379.22/16732.76) lat (ms,95%): 90.78 err/s: 0.00 reconn/s: 0.00
[ 240s ] thds: 400 tps: 7294.88 qps: 145930.68 (r/w/o: 102144.50/29196.32/14589.86) lat (ms,95%): 104.84 err/s: 0.00 reconn/s: 0.00
[ 250s ] thds: 400 tps: 7202.49 qps: 144050.20 (r/w/o: 100807.86/28837.36/14404.98) lat (ms,95%): 97.55 err/s: 0.00 reconn/s: 0.00
[ 260s ] thds: 400 tps: 9175.00 qps: 183489.07 (r/w/o: 128498.58/36640.29/18350.20) lat (ms,95%): 70.55 err/s: 0.10 reconn/s: 0.00
[ 270s ] thds: 400 tps: 9643.68 qps: 193003.24 (r/w/o: 135082.15/38633.73/19287.36) lat (ms,95%): 57.87 err/s: 0.00 reconn/s: 0.00
[ 280s ] thds: 400 tps: 9543.51 qps: 190494.23 (r/w/o: 133288.77/38121.74/19083.72) lat (ms,95%): 65.65 err/s: 0.00 reconn/s: 0.00
[ 290s ] thds: 400 tps: 9806.75 qps: 196296.37 (r/w/o: 137443.56/39235.41/19617.40) lat (ms,95%): 55.82 err/s: 0.10 reconn/s: 0.00
[ 300s ] thds: 400 tps: 10049.41 qps: 200989.04 (r/w/o: 140676.77/40213.45/20098.82) lat (ms,95%): 51.94 err/s: 0.00 reconn/s: 0.00
[ 310s ] thds: 400 tps: 9760.57 qps: 195269.38 (r/w/o: 136713.54/39034.70/19521.15) lat (ms,95%): 55.82 err/s: 0.00 reconn/s: 0.00
[ 320s ] thds: 400 tps: 9504.45 qps: 190025.85 (r/w/o: 133024.24/37992.31/19009.31) lat (ms,95%): 68.05 err/s: 0.00 reconn/s: 0.00
[ 330s ] thds: 400 tps: 9556.57 qps: 191181.63 (r/w/o: 133831.33/38237.07/19113.23) lat (ms,95%): 65.65 err/s: 0.00 reconn/s: 0.00
[ 340s ] thds: 400 tps: 8470.15 qps: 169575.87 (r/w/o: 118691.88/33943.59/16940.40) lat (ms,95%): 89.16 err/s: 0.00 reconn/s: 0.00
[ 350s ] thds: 400 tps: 7197.13 qps: 143712.26 (r/w/o: 100591.86/28726.03/14394.37) lat (ms,95%): 102.97 err/s: 0.00 reconn/s: 0.00
[ 360s ] thds: 400 tps: 7938.82 qps: 158862.63 (r/w/o: 111217.80/31767.19/15877.64) lat (ms,95%): 89.16 err/s: 0.00 reconn/s: 0.00
[ 370s ] thds: 400 tps: 8285.82 qps: 165906.18 (r/w/o: 116114.27/33220.38/16571.54) lat (ms,95%): 94.10 err/s: 0.00 reconn/s: 0.00
[ 380s ] thds: 400 tps: 8519.14 qps: 170232.28 (r/w/o: 119148.04/34050.46/17033.78) lat (ms,95%): 86.00 err/s: 0.00 reconn/s: 0.00
[ 390s ] thds: 400 tps: 7942.34 qps: 158803.68 (r/w/o: 111192.64/31721.76/15889.28) lat (ms,95%): 99.33 err/s: 0.00 reconn/s: 0.00
[ 400s ] thds: 400 tps: 8102.84 qps: 162155.69 (r/w/o: 113506.96/32445.46/16203.28) lat (ms,95%): 95.81 err/s: 0.10 reconn/s: 0.00
[ 410s ] thds: 400 tps: 8858.50 qps: 176944.08 (r/w/o: 123822.26/35410.02/17711.81) lat (ms,95%): 80.03 err/s: 0.00 reconn/s: 0.00
[ 420s ] thds: 400 tps: 9748.33 qps: 195036.04 (r/w/o: 136540.85/38990.63/19504.56) lat (ms,95%): 57.87 err/s: 0.00 reconn/s: 0.00
[ 430s ] thds: 400 tps: 9628.93 qps: 192673.20 (r/w/o: 134901.95/38514.40/19256.85) lat (ms,95%): 62.19 err/s: 0.00 reconn/s: 0.00
[ 440s ] thds: 400 tps: 10008.62 qps: 200280.16 (r/w/o: 140201.35/40060.17/20018.64) lat (ms,95%): 53.85 err/s: 0.00 reconn/s: 0.00
[ 450s ] thds: 400 tps: 8287.01 qps: 165555.33 (r/w/o: 115876.29/33105.93/16573.11) lat (ms,95%): 87.56 err/s: 0.00 reconn/s: 0.00
[ 460s ] thds: 400 tps: 8256.26 qps: 165166.36 (r/w/o: 115609.48/33047.85/16509.03) lat (ms,95%): 89.16 err/s: 0.00 reconn/s: 0.00
[ 470s ] thds: 400 tps: 7558.62 qps: 151160.73 (r/w/o: 105804.43/30236.77/15119.53) lat (ms,95%): 92.42 err/s: 0.00 reconn/s: 0.00
[ 480s ] thds: 400 tps: 8937.30 qps: 178923.46 (r/w/o: 125257.17/35789.39/17876.90) lat (ms,95%): 73.13 err/s: 0.00 reconn/s: 0.00
[ 490s ] thds: 400 tps: 9544.22 qps: 190801.41 (r/w/o: 133538.22/38178.26/19084.93) lat (ms,95%): 58.92 err/s: 0.00 reconn/s: 0.00
[ 500s ] thds: 400 tps: 9899.59 qps: 197870.93 (r/w/o: 138505.98/39568.37/19796.58) lat (ms,95%): 54.83 err/s: 0.10 reconn/s: 0.00
[ 510s ] thds: 400 tps: 8591.76 qps: 171777.27 (r/w/o: 120259.89/34335.85/17181.53) lat (ms,95%): 84.47 err/s: 0.00 reconn/s: 0.00
[ 520s ] thds: 400 tps: 8898.51 qps: 177887.38 (r/w/o: 124502.80/35584.76/17799.83) lat (ms,95%): 80.03 err/s: 0.00 reconn/s: 0.00
[ 530s ] thds: 400 tps: 9629.03 qps: 192895.39 (r/w/o: 135070.51/38561.12/19263.76) lat (ms,95%): 58.92 err/s: 0.00 reconn/s: 0.00
[ 540s ] thds: 400 tps: 9606.89 qps: 192049.24 (r/w/o: 134415.82/38424.95/19208.47) lat (ms,95%): 61.08 err/s: 0.00 reconn/s: 0.00
[ 550s ] thds: 400 tps: 9773.29 qps: 195398.83 (r/w/o: 136770.91/39082.35/19545.57) lat (ms,95%): 57.87 err/s: 0.10 reconn/s: 0.00
[ 560s ] thds: 400 tps: 8386.51 qps: 167719.10 (r/w/o: 117412.61/33528.66/16777.83) lat (ms,95%): 90.78 err/s: 0.00 reconn/s: 0.00
[ 570s ] thds: 400 tps: 8333.03 qps: 166793.71 (r/w/o: 116760.23/33365.62/16667.86) lat (ms,95%): 87.56 err/s: 0.00 reconn/s: 0.00
[ 580s ] thds: 400 tps: 7669.30 qps: 153127.37 (r/w/o: 107172.35/30623.81/15331.21) lat (ms,95%): 94.10 err/s: 0.00 reconn/s: 0.00
[ 590s ] thds: 400 tps: 8505.66 qps: 170410.58 (r/w/o: 119309.92/34081.64/17019.02) lat (ms,95%): 82.96 err/s: 0.00 reconn/s: 0.00
[ 600s ] thds: 400 tps: 9743.68 qps: 194530.06 (r/w/o: 136129.76/38914.83/19485.47) lat (ms,95%): 56.84 err/s: 0.00 reconn/s: 0.00
[ 610s ] thds: 400 tps: 9849.81 qps: 197261.82 (r/w/o: 138111.18/39452.02/19698.61) lat (ms,95%): 52.89 err/s: 0.00 reconn/s: 0.00
[ 620s ] thds: 400 tps: 8616.91 qps: 172193.03 (r/w/o: 120531.99/34424.23/17236.81) lat (ms,95%): 84.47 err/s: 0.00 reconn/s: 0.00
[ 630s ] thds: 400 tps: 8972.77 qps: 179601.88 (r/w/o: 125710.97/35949.38/17941.54) lat (ms,95%): 80.03 err/s: 0.00 reconn/s: 0.00
[ 640s ] thds: 400 tps: 9625.22 qps: 192431.39 (r/w/o: 134723.14/38453.60/19254.65) lat (ms,95%): 59.99 err/s: 0.10 reconn/s: 0.00
[ 650s ] thds: 400 tps: 9760.42 qps: 195240.00 (r/w/o: 136654.68/39065.08/19520.24) lat (ms,95%): 55.82 err/s: 0.00 reconn/s: 0.00
[ 660s ] thds: 400 tps: 9655.39 qps: 193047.65 (r/w/o: 135153.23/38584.55/19309.88) lat (ms,95%): 58.92 err/s: 0.00 reconn/s: 0.00
[ 670s ] thds: 400 tps: 8369.19 qps: 167421.07 (r/w/o: 117219.31/33461.47/16740.29) lat (ms,95%): 89.16 err/s: 0.10 reconn/s: 0.00
[ 680s ] thds: 400 tps: 7962.37 qps: 159474.00 (r/w/o: 111584.78/31964.68/15924.54) lat (ms,95%): 90.78 err/s: 0.00 reconn/s: 0.00
[ 690s ] thds: 400 tps: 7866.14 qps: 157199.85 (r/w/o: 110062.00/31405.07/15732.79) lat (ms,95%): 90.78 err/s: 0.00 reconn/s: 0.00
[ 700s ] thds: 400 tps: 8633.19 qps: 172495.95 (r/w/o: 120730.10/34499.47/17266.38) lat (ms,95%): 78.60 err/s: 0.00 reconn/s: 0.00
[ 710s ] thds: 400 tps: 9728.98 qps: 194552.34 (r/w/o: 136177.35/38919.93/19455.06) lat (ms,95%): 57.87 err/s: 0.00 reconn/s: 0.00
[ 720s ] thds: 400 tps: 9846.71 qps: 197129.95 (r/w/o: 137998.38/39435.05/19696.53) lat (ms,95%): 56.84 err/s: 0.00 reconn/s: 0.00
[ 730s ] thds: 400 tps: 8943.33 qps: 178856.37 (r/w/o: 125201.30/35774.51/17880.56) lat (ms,95%): 80.03 err/s: 0.00 reconn/s: 0.00
[ 740s ] thds: 400 tps: 8335.24 qps: 166560.29 (r/w/o: 116614.75/33268.86/16676.68) lat (ms,95%): 86.00 err/s: 0.00 reconn/s: 0.00
[ 750s ] thds: 400 tps: 9435.63 qps: 188796.43 (r/w/o: 132132.94/37792.33/18871.16) lat (ms,95%): 68.05 err/s: 0.00 reconn/s: 0.00
[ 760s ] thds: 400 tps: 9247.08 qps: 184819.63 (r/w/o: 129364.04/36962.13/18493.46) lat (ms,95%): 77.19 err/s: 0.00 reconn/s: 0.00
[ 770s ] thds: 400 tps: 8650.80 qps: 173260.58 (r/w/o: 121313.06/34645.02/17302.51) lat (ms,95%): 86.00 err/s: 0.00 reconn/s: 0.00
[ 780s ] thds: 400 tps: 7693.47 qps: 153708.75 (r/w/o: 107593.12/30728.69/15386.95) lat (ms,95%): 101.13 err/s: 0.00 reconn/s: 0.00
[ 790s ] thds: 400 tps: 8075.93 qps: 161377.48 (r/w/o: 112935.21/32291.32/16150.96) lat (ms,95%): 92.42 err/s: 0.00 reconn/s: 0.00
[ 800s ] thds: 400 tps: 7839.02 qps: 156966.37 (r/w/o: 109875.76/31411.67/15678.94) lat (ms,95%): 97.55 err/s: 0.00 reconn/s: 0.00
[ 810s ] thds: 400 tps: 8202.09 qps: 163902.16 (r/w/o: 114732.43/32765.35/16404.38) lat (ms,95%): 92.42 err/s: 0.00 reconn/s: 0.00
[ 820s ] thds: 400 tps: 7845.39 qps: 156990.87 (r/w/o: 109912.74/31387.35/15690.78) lat (ms,95%): 101.13 err/s: 0.00 reconn/s: 0.00
[ 830s ] thds: 400 tps: 9772.30 qps: 195412.23 (r/w/o: 136802.82/39064.71/19544.70) lat (ms,95%): 55.82 err/s: 0.00 reconn/s: 0.00
[ 840s ] thds: 400 tps: 9090.22 qps: 181741.55 (r/w/o: 127181.42/36385.49/18174.65) lat (ms,95%): 75.82 err/s: 0.00 reconn/s: 0.00
SQL statistics:
    queries performed:
        read:                            104582198
        write:                           29880558
        other:                           14940360
        total:                           149403116
    transactions:                        7470145 (8883.70 per sec.)
    queries:                             149403116 (177674.19 per sec.)
    ignored errors:                      12     (0.01 per sec.)
    reconnects:                          0      (0.00 per sec.)

General statistics:
    total time:                          840.8814s
    total number of events:              7470145

Latency (ms):
         min:                                   19.75
         avg:                                   44.99
         max:                                  902.05
         95th percentile:                       81.48
         sum:                            336075171.66

Threads fairness:
    events (avg/stddev):           18675.3625/466.33
    execution time (avg/stddev):   840.1879/0.13

