sysbench 1.0.20-ebf1c90 (using bundled LuaJIT 2.1.0-beta2)

Running the test with following options:
Number of threads: 400
Report intermediate results every 10 second(s)
Initializing random number generator from current time


Initializing worker threads...

Threads started!

[ 10s ] thds: 400 tps: 5688.29 qps: 114235.73 (r/w/o: 80056.37/22762.68/11416.68) lat (ms,95%): 211.60 err/s: 0.00 reconn/s: 0.00
[ 20s ] thds: 400 tps: 8050.73 qps: 161096.92 (r/w/o: 112756.56/32239.80/16100.55) lat (ms,95%): 164.45 err/s: 0.00 reconn/s: 0.00
[ 30s ] thds: 400 tps: 8799.90 qps: 175810.67 (r/w/o: 123052.45/35157.71/17600.51) lat (ms,95%): 87.56 err/s: 0.00 reconn/s: 0.00
[ 40s ] thds: 400 tps: 9045.50 qps: 180944.53 (r/w/o: 126646.02/36207.11/18091.40) lat (ms,95%): 74.46 err/s: 0.00 reconn/s: 0.00
[ 50s ] thds: 400 tps: 9489.01 qps: 189956.36 (r/w/o: 133026.08/37952.25/18978.03) lat (ms,95%): 62.19 err/s: 0.00 reconn/s: 0.00
[ 60s ] thds: 400 tps: 9624.83 qps: 192414.88 (r/w/o: 134689.87/38475.34/19249.67) lat (ms,95%): 58.92 err/s: 0.00 reconn/s: 0.00
[ 70s ] thds: 400 tps: 9568.87 qps: 191196.85 (r/w/o: 133773.62/38291.19/19132.05) lat (ms,95%): 65.65 err/s: 0.00 reconn/s: 0.00
[ 80s ] thds: 400 tps: 9550.97 qps: 191300.84 (r/w/o: 133937.41/38255.69/19107.74) lat (ms,95%): 61.08 err/s: 0.00 reconn/s: 0.00
[ 90s ] thds: 400 tps: 9998.00 qps: 199690.63 (r/w/o: 139770.02/39927.01/19993.60) lat (ms,95%): 51.94 err/s: 0.00 reconn/s: 0.00
[ 100s ] thds: 400 tps: 9579.05 qps: 191652.86 (r/w/o: 134138.14/38361.31/19153.41) lat (ms,95%): 61.08 err/s: 0.00 reconn/s: 0.00
[ 110s ] thds: 400 tps: 9967.84 qps: 199326.10 (r/w/o: 139548.49/39835.64/19941.97) lat (ms,95%): 52.89 err/s: 0.00 reconn/s: 0.00
[ 120s ] thds: 400 tps: 7449.76 qps: 149071.39 (r/w/o: 104374.13/29796.74/14900.52) lat (ms,95%): 116.80 err/s: 0.00 reconn/s: 0.00
[ 130s ] thds: 400 tps: 6330.35 qps: 126609.39 (r/w/o: 88593.89/25359.60/12655.90) lat (ms,95%): 130.13 err/s: 0.00 reconn/s: 0.00
[ 140s ] thds: 400 tps: 7325.59 qps: 146593.99 (r/w/o: 102605.25/29332.66/14656.08) lat (ms,95%): 106.75 err/s: 0.00 reconn/s: 0.00
[ 150s ] thds: 400 tps: 9553.44 qps: 191072.69 (r/w/o: 133825.42/38140.28/19106.99) lat (ms,95%): 58.92 err/s: 0.00 reconn/s: 0.00
[ 160s ] thds: 400 tps: 9550.74 qps: 191138.59 (r/w/o: 133759.95/38277.16/19101.48) lat (ms,95%): 63.32 err/s: 0.00 reconn/s: 0.00
[ 170s ] thds: 400 tps: 9689.32 qps: 193622.40 (r/w/o: 135497.28/38746.38/19378.74) lat (ms,95%): 58.92 err/s: 0.00 reconn/s: 0.00
[ 180s ] thds: 400 tps: 9594.15 qps: 191767.35 (r/w/o: 134270.26/38308.89/19188.19) lat (ms,95%): 63.32 err/s: 0.10 reconn/s: 0.00
[ 190s ] thds: 400 tps: 9787.25 qps: 195920.79 (r/w/o: 137137.46/39208.22/19575.11) lat (ms,95%): 56.84 err/s: 0.10 reconn/s: 0.00
[ 200s ] thds: 400 tps: 10080.74 qps: 201526.48 (r/w/o: 141066.91/40297.78/20161.79) lat (ms,95%): 51.94 err/s: 0.00 reconn/s: 0.00
[ 210s ] thds: 400 tps: 9721.95 qps: 194463.75 (r/w/o: 136134.07/38885.79/19443.90) lat (ms,95%): 61.08 err/s: 0.00 reconn/s: 0.00
[ 220s ] thds: 400 tps: 9773.52 qps: 195356.53 (r/w/o: 136741.60/39068.19/19546.74) lat (ms,95%): 56.84 err/s: 0.00 reconn/s: 0.00
[ 230s ] thds: 400 tps: 8282.85 qps: 165861.85 (r/w/o: 116118.03/33178.31/16565.50) lat (ms,95%): 92.42 err/s: 0.00 reconn/s: 0.00
[ 240s ] thds: 400 tps: 7286.20 qps: 145630.98 (r/w/o: 101923.86/29136.62/14570.51) lat (ms,95%): 104.84 err/s: 0.00 reconn/s: 0.00
[ 250s ] thds: 400 tps: 7176.54 qps: 143521.37 (r/w/o: 100484.74/28681.06/14355.58) lat (ms,95%): 97.55 err/s: 0.00 reconn/s: 0.00
[ 260s ] thds: 400 tps: 9130.08 qps: 182667.68 (r/w/o: 127836.37/36577.84/18253.47) lat (ms,95%): 71.83 err/s: 0.00 reconn/s: 0.00
[ 270s ] thds: 400 tps: 9641.10 qps: 192790.31 (r/w/o: 134950.74/38550.78/19288.79) lat (ms,95%): 57.87 err/s: 0.00 reconn/s: 0.00
[ 280s ] thds: 400 tps: 9567.01 qps: 191372.33 (r/w/o: 134009.79/38228.33/19134.21) lat (ms,95%): 65.65 err/s: 0.10 reconn/s: 0.00
[ 290s ] thds: 400 tps: 9765.23 qps: 195250.84 (r/w/o: 136618.28/39102.01/19530.55) lat (ms,95%): 55.82 err/s: 0.00 reconn/s: 0.00
[ 300s ] thds: 400 tps: 10029.88 qps: 200682.05 (r/w/o: 140516.79/40105.01/20060.26) lat (ms,95%): 51.94 err/s: 0.20 reconn/s: 0.00
[ 310s ] thds: 400 tps: 9728.07 qps: 194708.90 (r/w/o: 136263.05/38989.50/19456.35) lat (ms,95%): 55.82 err/s: 0.10 reconn/s: 0.00
[ 320s ] thds: 400 tps: 9453.65 qps: 189065.25 (r/w/o: 132360.26/37797.49/18907.49) lat (ms,95%): 69.29 err/s: 0.10 reconn/s: 0.00
[ 330s ] thds: 400 tps: 9557.75 qps: 191034.58 (r/w/o: 133726.48/38192.40/19115.70) lat (ms,95%): 65.65 err/s: 0.00 reconn/s: 0.00
[ 340s ] thds: 400 tps: 8442.90 qps: 168903.02 (r/w/o: 118252.25/33764.88/16885.89) lat (ms,95%): 89.16 err/s: 0.00 reconn/s: 0.00
[ 350s ] thds: 400 tps: 7196.64 qps: 143912.67 (r/w/o: 100720.64/28802.15/14389.88) lat (ms,95%): 102.97 err/s: 0.00 reconn/s: 0.00
[ 360s ] thds: 400 tps: 7937.59 qps: 158589.83 (r/w/o: 110983.91/31727.85/15878.07) lat (ms,95%): 89.16 err/s: 0.10 reconn/s: 0.00
[ 370s ] thds: 400 tps: 8268.18 qps: 165288.74 (r/w/o: 115737.65/33014.43/16536.66) lat (ms,95%): 94.10 err/s: 0.00 reconn/s: 0.00
[ 380s ] thds: 400 tps: 8485.55 qps: 169780.96 (r/w/o: 118823.07/33986.59/16971.30) lat (ms,95%): 86.00 err/s: 0.10 reconn/s: 0.00
[ 390s ] thds: 400 tps: 7919.61 qps: 158649.41 (r/w/o: 111060.18/31749.62/15839.61) lat (ms,95%): 97.55 err/s: 0.00 reconn/s: 0.00
[ 400s ] thds: 400 tps: 8090.17 qps: 161692.76 (r/w/o: 113206.55/32306.37/16179.84) lat (ms,95%): 95.81 err/s: 0.00 reconn/s: 0.00
[ 410s ] thds: 400 tps: 8842.01 qps: 176808.34 (r/w/o: 123786.90/35336.93/17684.51) lat (ms,95%): 80.03 err/s: 0.00 reconn/s: 0.00
[ 420s ] thds: 400 tps: 9647.95 qps: 192786.19 (r/w/o: 134911.99/38580.70/19293.50) lat (ms,95%): 58.92 err/s: 0.00 reconn/s: 0.00
[ 430s ] thds: 400 tps: 9594.61 qps: 191842.04 (r/w/o: 134268.80/38384.93/19188.31) lat (ms,95%): 62.19 err/s: 0.00 reconn/s: 0.00
[ 440s ] thds: 400 tps: 9999.97 qps: 200123.86 (r/w/o: 140142.65/39977.47/20003.74) lat (ms,95%): 53.85 err/s: 0.10 reconn/s: 0.00
[ 450s ] thds: 400 tps: 8276.97 qps: 165560.81 (r/w/o: 115862.72/33145.16/16552.93) lat (ms,95%): 87.56 err/s: 0.10 reconn/s: 0.00
[ 460s ] thds: 400 tps: 8261.12 qps: 165224.80 (r/w/o: 115654.41/33046.76/16523.63) lat (ms,95%): 89.16 err/s: 0.00 reconn/s: 0.00
[ 470s ] thds: 400 tps: 7551.97 qps: 151084.98 (r/w/o: 105761.24/30220.00/15103.75) lat (ms,95%): 92.42 err/s: 0.00 reconn/s: 0.00
[ 480s ] thds: 400 tps: 8958.15 qps: 178950.99 (r/w/o: 125256.99/35777.80/17916.20) lat (ms,95%): 74.46 err/s: 0.10 reconn/s: 0.00
[ 490s ] thds: 400 tps: 9580.38 qps: 191826.12 (r/w/o: 134313.94/38350.72/19161.46) lat (ms,95%): 58.92 err/s: 0.00 reconn/s: 0.00
[ 500s ] thds: 400 tps: 9861.54 qps: 197031.85 (r/w/o: 137874.49/39439.67/19717.68) lat (ms,95%): 55.82 err/s: 0.00 reconn/s: 0.00
[ 510s ] thds: 400 tps: 8593.86 qps: 172059.37 (r/w/o: 120473.89/34393.65/17191.83) lat (ms,95%): 84.47 err/s: 0.00 reconn/s: 0.00
[ 520s ] thds: 400 tps: 8909.60 qps: 178235.00 (r/w/o: 124783.53/35630.88/17820.59) lat (ms,95%): 80.03 err/s: 0.00 reconn/s: 0.00
[ 530s ] thds: 400 tps: 9591.06 qps: 191462.77 (r/w/o: 133950.42/38330.33/19182.02) lat (ms,95%): 58.92 err/s: 0.10 reconn/s: 0.00
[ 540s ] thds: 400 tps: 9616.22 qps: 192679.28 (r/w/o: 134931.37/38515.08/19232.84) lat (ms,95%): 61.08 err/s: 0.00 reconn/s: 0.00
[ 550s ] thds: 400 tps: 9735.42 qps: 194643.44 (r/w/o: 136250.10/38923.29/19470.04) lat (ms,95%): 57.87 err/s: 0.00 reconn/s: 0.00
[ 560s ] thds: 400 tps: 8313.69 qps: 166293.05 (r/w/o: 116395.82/33269.05/16628.17) lat (ms,95%): 92.42 err/s: 0.00 reconn/s: 0.00
[ 570s ] thds: 400 tps: 8322.23 qps: 166415.16 (r/w/o: 116462.99/33312.51/16639.66) lat (ms,95%): 87.56 err/s: 0.00 reconn/s: 0.00
[ 580s ] thds: 400 tps: 7622.86 qps: 152489.68 (r/w/o: 106800.83/30438.24/15250.62) lat (ms,95%): 94.10 err/s: 0.00 reconn/s: 0.00
[ 590s ] thds: 400 tps: 8481.26 qps: 169572.09 (r/w/o: 118656.43/33953.14/16962.52) lat (ms,95%): 82.96 err/s: 0.00 reconn/s: 0.00
[ 600s ] thds: 400 tps: 9711.64 qps: 194361.47 (r/w/o: 136091.04/38847.25/19423.18) lat (ms,95%): 56.84 err/s: 0.00 reconn/s: 0.00
[ 610s ] thds: 400 tps: 9925.47 qps: 198279.37 (r/w/o: 138738.43/39689.79/19851.15) lat (ms,95%): 52.89 err/s: 0.00 reconn/s: 0.00
[ 620s ] thds: 400 tps: 8558.61 qps: 171322.85 (r/w/o: 119944.98/34260.75/17117.13) lat (ms,95%): 84.47 err/s: 0.00 reconn/s: 0.00
[ 630s ] thds: 400 tps: 8978.40 qps: 179545.16 (r/w/o: 125706.97/35881.29/17956.90) lat (ms,95%): 80.03 err/s: 0.00 reconn/s: 0.00
[ 640s ] thds: 400 tps: 9570.89 qps: 191459.02 (r/w/o: 134014.18/38303.96/19140.88) lat (ms,95%): 59.99 err/s: 0.10 reconn/s: 0.00
[ 650s ] thds: 400 tps: 9763.42 qps: 195256.30 (r/w/o: 136687.18/39040.78/19528.34) lat (ms,95%): 55.82 err/s: 0.10 reconn/s: 0.00
[ 660s ] thds: 400 tps: 9586.32 qps: 191638.15 (r/w/o: 134111.71/38353.99/19172.44) lat (ms,95%): 59.99 err/s: 0.00 reconn/s: 0.00
[ 670s ] thds: 400 tps: 8325.18 qps: 166562.13 (r/w/o: 116605.17/33306.11/16650.85) lat (ms,95%): 89.16 err/s: 0.10 reconn/s: 0.00
[ 680s ] thds: 400 tps: 7962.65 qps: 159228.59 (r/w/o: 111425.46/31880.92/15922.21) lat (ms,95%): 90.78 err/s: 0.10 reconn/s: 0.00
[ 690s ] thds: 400 tps: 7845.62 qps: 157056.91 (r/w/o: 109988.59/31373.98/15694.34) lat (ms,95%): 90.78 err/s: 0.00 reconn/s: 0.00
[ 700s ] thds: 400 tps: 8611.54 qps: 172114.41 (r/w/o: 120484.56/34408.36/17221.48) lat (ms,95%): 78.60 err/s: 0.00 reconn/s: 0.00
[ 710s ] thds: 400 tps: 9716.79 qps: 194370.21 (r/w/o: 136054.17/38880.56/19435.48) lat (ms,95%): 57.87 err/s: 0.00 reconn/s: 0.00
[ 720s ] thds: 400 tps: 9858.12 qps: 197162.42 (r/w/o: 138007.92/39438.26/19716.23) lat (ms,95%): 56.84 err/s: 0.00 reconn/s: 0.00
[ 730s ] thds: 400 tps: 8939.13 qps: 178686.63 (r/w/o: 125085.97/35724.01/17876.65) lat (ms,95%): 80.03 err/s: 0.00 reconn/s: 0.00
[ 740s ] thds: 400 tps: 8287.66 qps: 165960.02 (r/w/o: 116183.98/33200.82/16575.21) lat (ms,95%): 86.00 err/s: 0.10 reconn/s: 0.00
[ 750s ] thds: 400 tps: 9414.65 qps: 188265.46 (r/w/o: 131790.24/37647.01/18828.21) lat (ms,95%): 68.05 err/s: 0.00 reconn/s: 0.00
[ 760s ] thds: 400 tps: 9239.63 qps: 184732.45 (r/w/o: 129307.49/36944.81/18480.16) lat (ms,95%): 77.19 err/s: 0.10 reconn/s: 0.00
[ 770s ] thds: 400 tps: 8653.68 qps: 172847.87 (r/w/o: 120962.50/34575.41/17309.96) lat (ms,95%): 86.00 err/s: 0.00 reconn/s: 0.00
[ 780s ] thds: 400 tps: 7626.80 qps: 152785.66 (r/w/o: 106977.34/30554.71/15253.61) lat (ms,95%): 102.97 err/s: 0.00 reconn/s: 0.00
[ 790s ] thds: 400 tps: 8103.52 qps: 162013.05 (r/w/o: 113425.32/32380.69/16207.05) lat (ms,95%): 92.42 err/s: 0.00 reconn/s: 0.00
[ 800s ] thds: 400 tps: 7827.39 qps: 156533.51 (r/w/o: 109520.87/31357.86/15654.78) lat (ms,95%): 97.55 err/s: 0.00 reconn/s: 0.00
[ 810s ] thds: 400 tps: 8141.10 qps: 162955.07 (r/w/o: 114109.88/32563.09/16282.10) lat (ms,95%): 94.10 err/s: 0.10 reconn/s: 0.00
[ 820s ] thds: 400 tps: 7853.22 qps: 156854.19 (r/w/o: 109771.57/31376.68/15705.94) lat (ms,95%): 101.13 err/s: 0.10 reconn/s: 0.00
[ 830s ] thds: 400 tps: 9738.99 qps: 194791.13 (r/w/o: 136343.21/38976.45/19471.47) lat (ms,95%): 55.82 err/s: 0.00 reconn/s: 0.00
[ 840s ] thds: 400 tps: 9109.18 qps: 182344.45 (r/w/o: 127660.98/36458.41/18225.05) lat (ms,95%): 75.82 err/s: 0.00 reconn/s: 0.00
SQL statistics:
    queries performed:
        read:                            104346480
        write:                           29813200
        other:                           14906678
        total:                           149066358
    transactions:                        7453299 (8864.44 per sec.)
    queries:                             149066358 (177289.22 per sec.)
    ignored errors:                      21     (0.02 per sec.)
    reconnects:                          0      (0.00 per sec.)

General statistics:
    total time:                          840.8080s
    total number of events:              7453299

Latency (ms):
         min:                                   19.77
         avg:                                   45.09
         max:                                  914.83
         95th percentile:                       81.48
         sum:                            336077037.37

Threads fairness:
    events (avg/stddev):           18633.2475/415.52
    execution time (avg/stddev):   840.1926/0.10

