sysbench 1.0.20-ebf1c90 (using bundled LuaJIT 2.1.0-beta2)

Running the test with following options:
Number of threads: 400
Report intermediate results every 10 second(s)
Initializing random number generator from current time


Initializing worker threads...

Threads started!

[ 10s ] thds: 400 tps: 5692.42 qps: 114301.02 (r/w/o: 80095.21/22780.97/11424.83) lat (ms,95%): 211.60 err/s: 0.00 reconn/s: 0.00
[ 20s ] thds: 400 tps: 8040.14 qps: 160829.77 (r/w/o: 112581.24/32168.25/16080.28) lat (ms,95%): 161.51 err/s: 0.00 reconn/s: 0.00
[ 30s ] thds: 400 tps: 8839.79 qps: 176622.30 (r/w/o: 123572.33/35371.68/17678.29) lat (ms,95%): 84.47 err/s: 0.10 reconn/s: 0.00
[ 40s ] thds: 400 tps: 9046.97 qps: 181117.92 (r/w/o: 126802.52/36221.56/18093.83) lat (ms,95%): 74.46 err/s: 0.00 reconn/s: 0.00
[ 50s ] thds: 400 tps: 9490.41 qps: 189778.13 (r/w/o: 132897.46/37898.05/18982.62) lat (ms,95%): 62.19 err/s: 0.10 reconn/s: 0.00
[ 60s ] thds: 400 tps: 9618.73 qps: 192236.60 (r/w/o: 134519.75/38479.10/19237.75) lat (ms,95%): 58.92 err/s: 0.10 reconn/s: 0.00
[ 70s ] thds: 400 tps: 9586.29 qps: 191911.64 (r/w/o: 134339.78/38403.77/19168.08) lat (ms,95%): 64.47 err/s: 0.10 reconn/s: 0.00
[ 80s ] thds: 400 tps: 9616.70 qps: 192324.41 (r/w/o: 134660.94/38425.48/19237.99) lat (ms,95%): 61.08 err/s: 0.00 reconn/s: 0.00
[ 90s ] thds: 400 tps: 10025.10 qps: 200494.44 (r/w/o: 140302.16/40141.79/20050.49) lat (ms,95%): 51.02 err/s: 0.10 reconn/s: 0.00
[ 100s ] thds: 400 tps: 9625.21 qps: 192669.15 (r/w/o: 134917.88/38500.65/19250.62) lat (ms,95%): 61.08 err/s: 0.00 reconn/s: 0.00
[ 110s ] thds: 400 tps: 9960.39 qps: 199177.78 (r/w/o: 139393.95/39863.06/19920.78) lat (ms,95%): 52.89 err/s: 0.00 reconn/s: 0.00
[ 120s ] thds: 400 tps: 7550.21 qps: 150623.84 (r/w/o: 105405.30/30119.23/15099.31) lat (ms,95%): 114.72 err/s: 0.00 reconn/s: 0.00
[ 130s ] thds: 400 tps: 6320.90 qps: 126784.26 (r/w/o: 88796.54/25346.41/12641.31) lat (ms,95%): 130.13 err/s: 0.00 reconn/s: 0.00
[ 140s ] thds: 400 tps: 7360.47 qps: 147289.86 (r/w/o: 103083.35/29485.67/14720.84) lat (ms,95%): 106.75 err/s: 0.00 reconn/s: 0.00
[ 150s ] thds: 400 tps: 9615.52 qps: 192035.51 (r/w/o: 134449.22/38353.26/19233.03) lat (ms,95%): 58.92 err/s: 0.10 reconn/s: 0.00
[ 160s ] thds: 400 tps: 9579.00 qps: 191718.38 (r/w/o: 134222.06/38338.32/19158.01) lat (ms,95%): 63.32 err/s: 0.00 reconn/s: 0.00
[ 170s ] thds: 400 tps: 9632.19 qps: 192692.99 (r/w/o: 134869.95/38558.66/19264.38) lat (ms,95%): 58.92 err/s: 0.00 reconn/s: 0.00
[ 180s ] thds: 400 tps: 9657.18 qps: 192858.30 (r/w/o: 134948.99/38601.64/19307.67) lat (ms,95%): 63.32 err/s: 0.00 reconn/s: 0.00
[ 190s ] thds: 400 tps: 9816.82 qps: 196595.42 (r/w/o: 137674.49/39280.58/19640.34) lat (ms,95%): 56.84 err/s: 0.00 reconn/s: 0.00
[ 200s ] thds: 400 tps: 10068.59 qps: 201256.82 (r/w/o: 140836.28/40283.26/20137.28) lat (ms,95%): 52.89 err/s: 0.00 reconn/s: 0.00
[ 210s ] thds: 400 tps: 9695.77 qps: 193904.47 (r/w/o: 135748.93/38763.99/19391.55) lat (ms,95%): 61.08 err/s: 0.00 reconn/s: 0.00
[ 220s ] thds: 400 tps: 9825.24 qps: 196301.00 (r/w/o: 137360.86/39289.96/19650.18) lat (ms,95%): 56.84 err/s: 0.00 reconn/s: 0.00
[ 230s ] thds: 400 tps: 8278.66 qps: 165872.68 (r/w/o: 116181.03/33134.04/16557.62) lat (ms,95%): 92.42 err/s: 0.00 reconn/s: 0.00
[ 240s ] thds: 400 tps: 7266.50 qps: 145384.72 (r/w/o: 101759.62/29092.00/14533.10) lat (ms,95%): 104.84 err/s: 0.00 reconn/s: 0.00
[ 250s ] thds: 400 tps: 7222.21 qps: 144207.26 (r/w/o: 100923.38/28839.35/14444.53) lat (ms,95%): 97.55 err/s: 0.00 reconn/s: 0.00
[ 260s ] thds: 400 tps: 9136.08 qps: 182991.77 (r/w/o: 128134.90/36584.51/18272.36) lat (ms,95%): 71.83 err/s: 0.10 reconn/s: 0.00
[ 270s ] thds: 400 tps: 9577.30 qps: 191432.33 (r/w/o: 133955.12/38327.21/19150.00) lat (ms,95%): 58.92 err/s: 0.00 reconn/s: 0.00
[ 280s ] thds: 400 tps: 9547.91 qps: 190868.39 (r/w/o: 133640.03/38128.94/19099.42) lat (ms,95%): 65.65 err/s: 0.00 reconn/s: 0.00
[ 290s ] thds: 400 tps: 9775.20 qps: 195711.83 (r/w/o: 137006.75/39153.59/19551.49) lat (ms,95%): 55.82 err/s: 0.00 reconn/s: 0.00
[ 300s ] thds: 400 tps: 10035.51 qps: 200566.29 (r/w/o: 140387.10/40108.16/20071.03) lat (ms,95%): 51.94 err/s: 0.00 reconn/s: 0.00
[ 310s ] thds: 400 tps: 9773.77 qps: 195561.15 (r/w/o: 136894.61/39119.39/19547.15) lat (ms,95%): 55.82 err/s: 0.00 reconn/s: 0.00
[ 320s ] thds: 400 tps: 9521.32 qps: 190422.61 (r/w/o: 133322.59/38056.68/19043.34) lat (ms,95%): 68.05 err/s: 0.00 reconn/s: 0.00
[ 330s ] thds: 400 tps: 9523.88 qps: 190460.80 (r/w/o: 133306.02/38107.52/19047.26) lat (ms,95%): 65.65 err/s: 0.00 reconn/s: 0.00
[ 340s ] thds: 400 tps: 8453.89 qps: 168996.86 (r/w/o: 118268.50/33820.07/16908.29) lat (ms,95%): 89.16 err/s: 0.00 reconn/s: 0.00
[ 350s ] thds: 400 tps: 7189.90 qps: 143869.65 (r/w/o: 100734.34/28755.41/14379.91) lat (ms,95%): 102.97 err/s: 0.00 reconn/s: 0.00
[ 360s ] thds: 400 tps: 7932.19 qps: 158756.69 (r/w/o: 111122.42/31769.88/15864.39) lat (ms,95%): 89.16 err/s: 0.00 reconn/s: 0.00
[ 370s ] thds: 400 tps: 8306.52 qps: 165737.13 (r/w/o: 115961.43/33166.27/16609.43) lat (ms,95%): 94.10 err/s: 0.00 reconn/s: 0.00
[ 380s ] thds: 400 tps: 8498.91 qps: 170107.17 (r/w/o: 119088.02/34018.73/17000.42) lat (ms,95%): 86.00 err/s: 0.00 reconn/s: 0.00
[ 390s ] thds: 400 tps: 7940.88 qps: 158976.24 (r/w/o: 111334.08/31759.31/15882.85) lat (ms,95%): 99.33 err/s: 0.00 reconn/s: 0.00
[ 400s ] thds: 400 tps: 8063.50 qps: 161260.00 (r/w/o: 112861.87/32273.62/16124.51) lat (ms,95%): 97.55 err/s: 0.00 reconn/s: 0.00
[ 410s ] thds: 400 tps: 8849.02 qps: 176811.88 (r/w/o: 123764.26/35347.98/17699.64) lat (ms,95%): 80.03 err/s: 0.00 reconn/s: 0.00
[ 420s ] thds: 400 tps: 9678.19 qps: 193590.76 (r/w/o: 135503.53/38738.35/19348.88) lat (ms,95%): 58.92 err/s: 0.00 reconn/s: 0.00
[ 430s ] thds: 400 tps: 9588.66 qps: 191969.59 (r/w/o: 134379.61/38404.06/19185.93) lat (ms,95%): 62.19 err/s: 0.00 reconn/s: 0.00
[ 440s ] thds: 400 tps: 10028.55 qps: 200352.92 (r/w/o: 140245.04/40050.88/20056.99) lat (ms,95%): 53.85 err/s: 0.00 reconn/s: 0.00
[ 450s ] thds: 400 tps: 8293.19 qps: 166089.14 (r/w/o: 116299.02/33203.35/16586.77) lat (ms,95%): 87.56 err/s: 0.10 reconn/s: 0.00
[ 460s ] thds: 400 tps: 8230.37 qps: 164564.82 (r/w/o: 115174.42/32932.96/16457.43) lat (ms,95%): 89.16 err/s: 0.00 reconn/s: 0.00
[ 470s ] thds: 400 tps: 7510.92 qps: 150127.11 (r/w/o: 105072.92/30030.76/15023.43) lat (ms,95%): 94.10 err/s: 0.00 reconn/s: 0.00
[ 480s ] thds: 400 tps: 8941.70 qps: 178702.13 (r/w/o: 125059.05/35764.79/17878.29) lat (ms,95%): 74.46 err/s: 0.10 reconn/s: 0.00
[ 490s ] thds: 400 tps: 9543.32 qps: 190927.31 (r/w/o: 133687.12/38146.56/19093.63) lat (ms,95%): 58.92 err/s: 0.00 reconn/s: 0.00
[ 500s ] thds: 400 tps: 9845.11 qps: 197137.97 (r/w/o: 137988.39/39459.15/19690.43) lat (ms,95%): 54.83 err/s: 0.10 reconn/s: 0.00
[ 510s ] thds: 400 tps: 8607.40 qps: 171911.54 (r/w/o: 120345.23/34354.81/17211.50) lat (ms,95%): 84.47 err/s: 0.10 reconn/s: 0.00
[ 520s ] thds: 400 tps: 8880.40 qps: 177626.00 (r/w/o: 124354.80/35506.70/17764.50) lat (ms,95%): 81.48 err/s: 0.10 reconn/s: 0.00
[ 530s ] thds: 400 tps: 9584.59 qps: 192019.43 (r/w/o: 134386.01/38464.15/19169.27) lat (ms,95%): 58.92 err/s: 0.00 reconn/s: 0.00
[ 540s ] thds: 400 tps: 9645.90 qps: 192531.02 (r/w/o: 134767.72/38476.60/19286.70) lat (ms,95%): 61.08 err/s: 0.00 reconn/s: 0.00
[ 550s ] thds: 400 tps: 9732.39 qps: 194785.56 (r/w/o: 136375.73/38939.55/19470.28) lat (ms,95%): 57.87 err/s: 0.00 reconn/s: 0.00
[ 560s ] thds: 400 tps: 8303.02 qps: 166038.92 (r/w/o: 116232.12/33204.56/16602.23) lat (ms,95%): 92.42 err/s: 0.00 reconn/s: 0.00
[ 570s ] thds: 400 tps: 8313.60 qps: 166463.02 (r/w/o: 116520.94/33311.08/16630.99) lat (ms,95%): 87.56 err/s: 0.00 reconn/s: 0.00
[ 580s ] thds: 400 tps: 7621.40 qps: 152220.11 (r/w/o: 106571.91/30405.30/15242.90) lat (ms,95%): 94.10 err/s: 0.00 reconn/s: 0.00
[ 590s ] thds: 400 tps: 8433.08 qps: 168756.89 (r/w/o: 118097.78/33792.74/16866.37) lat (ms,95%): 84.47 err/s: 0.10 reconn/s: 0.00
[ 600s ] thds: 400 tps: 9727.31 qps: 194496.58 (r/w/o: 136195.50/38846.46/19454.63) lat (ms,95%): 56.84 err/s: 0.00 reconn/s: 0.00
[ 610s ] thds: 400 tps: 9862.80 qps: 197447.68 (r/w/o: 138162.99/39559.10/19725.60) lat (ms,95%): 52.89 err/s: 0.00 reconn/s: 0.00
[ 620s ] thds: 400 tps: 8618.31 qps: 172319.81 (r/w/o: 120654.54/34428.44/17236.82) lat (ms,95%): 84.47 err/s: 0.00 reconn/s: 0.00
[ 630s ] thds: 400 tps: 8970.00 qps: 179120.80 (r/w/o: 125343.57/35837.52/17939.71) lat (ms,95%): 80.03 err/s: 0.00 reconn/s: 0.00
[ 640s ] thds: 400 tps: 9566.70 qps: 191505.67 (r/w/o: 134093.68/38278.09/19133.90) lat (ms,95%): 59.99 err/s: 0.00 reconn/s: 0.00
[ 650s ] thds: 400 tps: 9733.10 qps: 194578.40 (r/w/o: 136189.40/38925.40/19463.60) lat (ms,95%): 55.82 err/s: 0.00 reconn/s: 0.00
[ 660s ] thds: 400 tps: 9609.99 qps: 192289.45 (r/w/o: 134602.73/38464.85/19221.87) lat (ms,95%): 59.99 err/s: 0.10 reconn/s: 0.00
[ 670s ] thds: 400 tps: 8325.00 qps: 166547.94 (r/w/o: 116623.96/33272.69/16651.29) lat (ms,95%): 89.16 err/s: 0.10 reconn/s: 0.00
[ 680s ] thds: 400 tps: 7947.10 qps: 159101.55 (r/w/o: 111312.33/31894.71/15894.50) lat (ms,95%): 90.78 err/s: 0.10 reconn/s: 0.00
[ 690s ] thds: 400 tps: 7832.21 qps: 156438.00 (r/w/o: 109522.47/31253.52/15662.01) lat (ms,95%): 90.78 err/s: 0.10 reconn/s: 0.00
[ 700s ] thds: 400 tps: 8604.78 qps: 172087.29 (r/w/o: 120470.01/34405.02/17212.26) lat (ms,95%): 78.60 err/s: 0.00 reconn/s: 0.00
[ 710s ] thds: 400 tps: 9712.41 qps: 194208.65 (r/w/o: 135945.17/38839.55/19423.92) lat (ms,95%): 57.87 err/s: 0.10 reconn/s: 0.00
[ 720s ] thds: 400 tps: 9907.31 qps: 198099.49 (r/w/o: 138654.40/39629.16/19815.93) lat (ms,95%): 55.82 err/s: 0.00 reconn/s: 0.00
[ 730s ] thds: 400 tps: 8967.98 qps: 179456.05 (r/w/o: 125617.48/35904.71/17933.85) lat (ms,95%): 80.03 err/s: 0.00 reconn/s: 0.00
[ 740s ] thds: 400 tps: 8300.10 qps: 166017.57 (r/w/o: 116268.25/33147.11/16602.21) lat (ms,95%): 86.00 err/s: 0.10 reconn/s: 0.00
[ 750s ] thds: 400 tps: 9429.61 qps: 188525.61 (r/w/o: 131941.25/37724.74/18859.62) lat (ms,95%): 68.05 err/s: 0.00 reconn/s: 0.00
[ 760s ] thds: 400 tps: 9199.82 qps: 183961.55 (r/w/o: 128758.34/36803.57/18399.63) lat (ms,95%): 78.60 err/s: 0.00 reconn/s: 0.00
[ 770s ] thds: 400 tps: 8659.58 qps: 173075.13 (r/w/o: 121106.37/34653.11/17315.65) lat (ms,95%): 86.00 err/s: 0.00 reconn/s: 0.00
[ 780s ] thds: 400 tps: 7638.61 qps: 152981.56 (r/w/o: 107140.88/30559.85/15280.83) lat (ms,95%): 102.97 err/s: 0.00 reconn/s: 0.00
[ 790s ] thds: 400 tps: 8084.50 qps: 161633.18 (r/w/o: 113159.09/32304.60/16169.50) lat (ms,95%): 92.42 err/s: 0.20 reconn/s: 0.00
[ 800s ] thds: 400 tps: 7800.59 qps: 156214.13 (r/w/o: 109313.88/31299.07/15601.18) lat (ms,95%): 99.33 err/s: 0.10 reconn/s: 0.00
[ 810s ] thds: 400 tps: 8190.53 qps: 163571.13 (r/w/o: 114512.97/32678.21/16379.95) lat (ms,95%): 92.42 err/s: 0.00 reconn/s: 0.00
[ 820s ] thds: 400 tps: 7817.70 qps: 156439.76 (r/w/o: 109503.94/31299.01/15636.81) lat (ms,95%): 101.13 err/s: 0.00 reconn/s: 0.00
[ 830s ] thds: 400 tps: 9735.48 qps: 194802.87 (r/w/o: 136393.60/38938.31/19470.96) lat (ms,95%): 56.84 err/s: 0.00 reconn/s: 0.00
[ 840s ] thds: 400 tps: 9133.38 qps: 182506.77 (r/w/o: 127713.77/36528.43/18264.57) lat (ms,95%): 75.82 err/s: 0.00 reconn/s: 0.00
SQL statistics:
    queries performed:
        read:                            104405966
        write:                           29830196
        other:                           14915174
        total:                           149151336
    transactions:                        7457547 (8869.41 per sec.)
    queries:                             149151336 (177388.67 per sec.)
    ignored errors:                      22     (0.03 per sec.)
    reconnects:                          0      (0.00 per sec.)

General statistics:
    total time:                          840.8156s
    total number of events:              7457547

Latency (ms):
         min:                                   19.66
         avg:                                   45.07
         max:                                  832.72
         95th percentile:                       81.48
         sum:                            336076295.52

Threads fairness:
    events (avg/stddev):           18643.8675/461.69
    execution time (avg/stddev):   840.1907/0.11

