sysbench 1.0.20-ebf1c90 (using bundled LuaJIT 2.1.0-beta2)

Running the test with following options:
Number of threads: 400
Report intermediate results every 10 second(s)
Initializing random number generator from current time


Initializing worker threads...

Threads started!

[ 10s ] thds: 400 tps: 5691.57 qps: 114309.34 (r/w/o: 80103.83/22782.38/11423.14) lat (ms,95%): 211.60 err/s: 0.00 reconn/s: 0.00
[ 20s ] thds: 400 tps: 8020.99 qps: 160474.69 (r/w/o: 112308.15/32124.36/16042.18) lat (ms,95%): 164.45 err/s: 0.00 reconn/s: 0.00
[ 30s ] thds: 400 tps: 8832.23 qps: 176506.16 (r/w/o: 123567.19/35274.51/17664.46) lat (ms,95%): 89.16 err/s: 0.00 reconn/s: 0.00
[ 40s ] thds: 400 tps: 9077.09 qps: 181492.59 (r/w/o: 127024.42/36313.78/18154.39) lat (ms,95%): 74.46 err/s: 0.10 reconn/s: 0.00
[ 50s ] thds: 400 tps: 9526.65 qps: 190804.55 (r/w/o: 133593.24/38157.91/19053.41) lat (ms,95%): 61.08 err/s: 0.00 reconn/s: 0.00
[ 60s ] thds: 400 tps: 9690.43 qps: 193687.80 (r/w/o: 135588.82/38717.92/19381.06) lat (ms,95%): 58.92 err/s: 0.10 reconn/s: 0.00
[ 70s ] thds: 400 tps: 9598.79 qps: 192011.21 (r/w/o: 134404.07/38409.46/19197.68) lat (ms,95%): 64.47 err/s: 0.00 reconn/s: 0.00
[ 80s ] thds: 400 tps: 9604.20 qps: 192034.14 (r/w/o: 134387.16/38443.59/19203.39) lat (ms,95%): 61.08 err/s: 0.00 reconn/s: 0.00
[ 90s ] thds: 400 tps: 10040.30 qps: 200813.09 (r/w/o: 140620.16/40107.32/20085.61) lat (ms,95%): 51.02 err/s: 0.00 reconn/s: 0.00
[ 100s ] thds: 400 tps: 9637.51 qps: 192526.42 (r/w/o: 134681.54/38573.96/19270.93) lat (ms,95%): 59.99 err/s: 0.10 reconn/s: 0.00
[ 110s ] thds: 400 tps: 9993.59 qps: 200029.52 (r/w/o: 140088.87/39949.27/19991.38) lat (ms,95%): 52.89 err/s: 0.00 reconn/s: 0.00
[ 120s ] thds: 400 tps: 7554.97 qps: 151175.67 (r/w/o: 105836.53/30228.79/15110.35) lat (ms,95%): 114.72 err/s: 0.00 reconn/s: 0.00
[ 130s ] thds: 400 tps: 6398.65 qps: 127835.93 (r/w/o: 89414.82/25626.30/12794.80) lat (ms,95%): 130.13 err/s: 0.00 reconn/s: 0.00
[ 140s ] thds: 400 tps: 7399.87 qps: 147960.63 (r/w/o: 103599.73/29558.97/14801.93) lat (ms,95%): 106.75 err/s: 0.10 reconn/s: 0.00
[ 150s ] thds: 400 tps: 9619.02 qps: 192682.70 (r/w/o: 134895.66/38548.50/19238.55) lat (ms,95%): 57.87 err/s: 0.00 reconn/s: 0.00
[ 160s ] thds: 400 tps: 9527.94 qps: 190576.82 (r/w/o: 133402.80/38117.94/19056.07) lat (ms,95%): 63.32 err/s: 0.00 reconn/s: 0.00
[ 170s ] thds: 400 tps: 9672.84 qps: 193155.57 (r/w/o: 135179.04/38639.65/19336.88) lat (ms,95%): 57.87 err/s: 0.00 reconn/s: 0.00
[ 180s ] thds: 400 tps: 9650.69 qps: 193075.79 (r/w/o: 135186.35/38579.46/19309.98) lat (ms,95%): 63.32 err/s: 0.10 reconn/s: 0.00
[ 190s ] thds: 400 tps: 9847.20 qps: 197128.92 (r/w/o: 137962.94/39470.89/19695.09) lat (ms,95%): 56.84 err/s: 0.00 reconn/s: 0.00
[ 200s ] thds: 400 tps: 10115.67 qps: 202275.11 (r/w/o: 141618.22/40425.16/20231.73) lat (ms,95%): 51.94 err/s: 0.10 reconn/s: 0.00
[ 210s ] thds: 400 tps: 9706.23 qps: 194122.55 (r/w/o: 135903.16/38806.83/19412.57) lat (ms,95%): 61.08 err/s: 0.00 reconn/s: 0.00
[ 220s ] thds: 400 tps: 9841.74 qps: 196775.15 (r/w/o: 137716.72/39375.05/19683.38) lat (ms,95%): 56.84 err/s: 0.00 reconn/s: 0.00
[ 230s ] thds: 400 tps: 8378.31 qps: 167468.97 (r/w/o: 117236.19/33476.85/16755.93) lat (ms,95%): 90.78 err/s: 0.10 reconn/s: 0.00
[ 240s ] thds: 400 tps: 7311.09 qps: 146248.31 (r/w/o: 102370.97/29256.36/14620.98) lat (ms,95%): 104.84 err/s: 0.00 reconn/s: 0.00
[ 250s ] thds: 400 tps: 7202.48 qps: 144098.27 (r/w/o: 100880.37/28814.03/14403.87) lat (ms,95%): 97.55 err/s: 0.00 reconn/s: 0.00
[ 260s ] thds: 400 tps: 9187.69 qps: 183498.44 (r/w/o: 128376.67/36746.08/18375.69) lat (ms,95%): 70.55 err/s: 0.00 reconn/s: 0.00
[ 270s ] thds: 400 tps: 9717.37 qps: 194587.89 (r/w/o: 136276.94/38873.20/19437.75) lat (ms,95%): 57.87 err/s: 0.10 reconn/s: 0.00
[ 280s ] thds: 400 tps: 9546.15 qps: 191034.65 (r/w/o: 133757.87/38184.19/19092.59) lat (ms,95%): 65.65 err/s: 0.00 reconn/s: 0.00
[ 290s ] thds: 400 tps: 9795.69 qps: 195880.70 (r/w/o: 137061.23/39227.98/19591.49) lat (ms,95%): 55.82 err/s: 0.00 reconn/s: 0.00
[ 300s ] thds: 400 tps: 10060.81 qps: 201273.45 (r/w/o: 140909.61/40242.23/20121.62) lat (ms,95%): 51.94 err/s: 0.00 reconn/s: 0.00
[ 310s ] thds: 400 tps: 9799.56 qps: 195841.65 (r/w/o: 137049.78/39192.75/19599.13) lat (ms,95%): 55.82 err/s: 0.00 reconn/s: 0.00
[ 320s ] thds: 400 tps: 9502.71 qps: 190067.10 (r/w/o: 133049.57/38020.92/18996.61) lat (ms,95%): 68.05 err/s: 0.00 reconn/s: 0.00
[ 330s ] thds: 400 tps: 9554.70 qps: 191067.34 (r/w/o: 133753.36/38201.99/19111.99) lat (ms,95%): 64.47 err/s: 0.00 reconn/s: 0.00
[ 340s ] thds: 400 tps: 8515.65 qps: 170414.81 (r/w/o: 119329.84/34047.38/17037.59) lat (ms,95%): 89.16 err/s: 0.00 reconn/s: 0.00
[ 350s ] thds: 400 tps: 7217.08 qps: 144354.89 (r/w/o: 101059.31/28861.32/14434.26) lat (ms,95%): 101.13 err/s: 0.00 reconn/s: 0.00
[ 360s ] thds: 400 tps: 7947.99 qps: 158796.76 (r/w/o: 111131.20/31769.47/15896.09) lat (ms,95%): 89.16 err/s: 0.00 reconn/s: 0.00
[ 370s ] thds: 400 tps: 8282.64 qps: 165865.93 (r/w/o: 116118.71/33182.05/16565.17) lat (ms,95%): 94.10 err/s: 0.00 reconn/s: 0.00
[ 380s ] thds: 400 tps: 8504.14 qps: 170118.89 (r/w/o: 119067.26/34044.46/17007.18) lat (ms,95%): 86.00 err/s: 0.10 reconn/s: 0.00
[ 390s ] thds: 400 tps: 8018.99 qps: 160139.82 (r/w/o: 112066.50/32042.14/16031.17) lat (ms,95%): 97.55 err/s: 0.00 reconn/s: 0.00
[ 400s ] thds: 400 tps: 8107.90 qps: 162324.59 (r/w/o: 113678.07/32422.42/16224.11) lat (ms,95%): 95.81 err/s: 0.00 reconn/s: 0.00
[ 410s ] thds: 400 tps: 8837.81 qps: 176736.47 (r/w/o: 123732.49/35328.55/17675.43) lat (ms,95%): 80.03 err/s: 0.00 reconn/s: 0.00
[ 420s ] thds: 400 tps: 9689.87 qps: 193747.39 (r/w/o: 135582.84/38784.40/19380.15) lat (ms,95%): 58.92 err/s: 0.00 reconn/s: 0.00
[ 430s ] thds: 400 tps: 9642.98 qps: 192718.38 (r/w/o: 134899.10/38535.02/19284.26) lat (ms,95%): 62.19 err/s: 0.00 reconn/s: 0.00
[ 440s ] thds: 400 tps: 10033.28 qps: 200787.43 (r/w/o: 140592.17/40126.91/20068.35) lat (ms,95%): 53.85 err/s: 0.00 reconn/s: 0.00
[ 450s ] thds: 400 tps: 8332.43 qps: 166772.00 (r/w/o: 116735.29/33371.74/16664.97) lat (ms,95%): 87.56 err/s: 0.00 reconn/s: 0.00
[ 460s ] thds: 400 tps: 8272.81 qps: 165243.99 (r/w/o: 115641.80/33060.16/16542.03) lat (ms,95%): 89.16 err/s: 0.00 reconn/s: 0.00
[ 470s ] thds: 400 tps: 7597.94 qps: 152197.43 (r/w/o: 106549.01/30448.75/15199.67) lat (ms,95%): 92.42 err/s: 0.00 reconn/s: 0.00
[ 480s ] thds: 400 tps: 8947.54 qps: 178766.23 (r/w/o: 125138.38/35732.97/17894.88) lat (ms,95%): 74.46 err/s: 0.00 reconn/s: 0.00
[ 490s ] thds: 400 tps: 9540.79 qps: 191046.15 (r/w/o: 133725.62/38238.55/19081.97) lat (ms,95%): 58.92 err/s: 0.10 reconn/s: 0.00
[ 500s ] thds: 400 tps: 9879.87 qps: 197385.77 (r/w/o: 138184.43/39441.49/19759.85) lat (ms,95%): 55.82 err/s: 0.00 reconn/s: 0.00
[ 510s ] thds: 400 tps: 8616.95 qps: 172500.58 (r/w/o: 120734.25/34533.62/17232.71) lat (ms,95%): 84.47 err/s: 0.20 reconn/s: 0.00
[ 520s ] thds: 400 tps: 8892.03 qps: 177788.64 (r/w/o: 124500.45/35502.53/17785.66) lat (ms,95%): 80.03 err/s: 0.00 reconn/s: 0.00
[ 530s ] thds: 400 tps: 9642.76 qps: 192681.60 (r/w/o: 134830.54/38566.04/19285.02) lat (ms,95%): 58.92 err/s: 0.00 reconn/s: 0.00
[ 540s ] thds: 400 tps: 9625.08 qps: 192611.07 (r/w/o: 134843.00/38516.91/19251.16) lat (ms,95%): 61.08 err/s: 0.10 reconn/s: 0.00
[ 550s ] thds: 400 tps: 9734.99 qps: 194809.77 (r/w/o: 136380.64/38959.15/19469.98) lat (ms,95%): 57.87 err/s: 0.10 reconn/s: 0.00
[ 560s ] thds: 400 tps: 8349.15 qps: 166803.78 (r/w/o: 116723.39/33381.70/16698.70) lat (ms,95%): 90.78 err/s: 0.00 reconn/s: 0.00
[ 570s ] thds: 400 tps: 8370.97 qps: 167494.26 (r/w/o: 117257.45/33496.07/16740.74) lat (ms,95%): 87.56 err/s: 0.00 reconn/s: 0.00
[ 580s ] thds: 400 tps: 7653.84 qps: 153254.55 (r/w/o: 107279.02/30666.65/15308.88) lat (ms,95%): 94.10 err/s: 0.00 reconn/s: 0.00
[ 590s ] thds: 400 tps: 8505.40 qps: 169905.57 (r/w/o: 118922.08/33973.89/17009.60) lat (ms,95%): 82.96 err/s: 0.10 reconn/s: 0.00
[ 600s ] thds: 400 tps: 9742.03 qps: 195049.27 (r/w/o: 136548.30/39015.31/19485.66) lat (ms,95%): 55.82 err/s: 0.00 reconn/s: 0.00
[ 610s ] thds: 400 tps: 9957.76 qps: 198968.55 (r/w/o: 139285.10/39769.53/19913.91) lat (ms,95%): 52.89 err/s: 0.00 reconn/s: 0.00
[ 620s ] thds: 400 tps: 8559.98 qps: 171256.76 (r/w/o: 119865.06/34270.03/17121.67) lat (ms,95%): 84.47 err/s: 0.00 reconn/s: 0.00
[ 630s ] thds: 400 tps: 8994.33 qps: 179929.97 (r/w/o: 125976.17/35965.13/17988.67) lat (ms,95%): 80.03 err/s: 0.00 reconn/s: 0.00
[ 640s ] thds: 400 tps: 9631.91 qps: 192453.48 (r/w/o: 134670.00/38519.65/19263.83) lat (ms,95%): 59.99 err/s: 0.00 reconn/s: 0.00
[ 650s ] thds: 400 tps: 9773.62 qps: 195614.37 (r/w/o: 136962.86/39104.27/19547.24) lat (ms,95%): 55.82 err/s: 0.00 reconn/s: 0.00
[ 660s ] thds: 400 tps: 9662.88 qps: 193122.01 (r/w/o: 135166.35/38632.70/19322.95) lat (ms,95%): 58.92 err/s: 0.00 reconn/s: 0.00
[ 670s ] thds: 400 tps: 8349.36 qps: 166813.03 (r/w/o: 116712.19/33406.53/16694.31) lat (ms,95%): 89.16 err/s: 0.00 reconn/s: 0.00
[ 680s ] thds: 400 tps: 7969.72 qps: 159759.98 (r/w/o: 111925.87/31887.28/15946.84) lat (ms,95%): 90.78 err/s: 0.00 reconn/s: 0.00
[ 690s ] thds: 400 tps: 7868.22 qps: 157174.89 (r/w/o: 109985.58/31452.58/15736.74) lat (ms,95%): 89.16 err/s: 0.10 reconn/s: 0.00
[ 700s ] thds: 400 tps: 8613.06 qps: 172347.70 (r/w/o: 120653.74/34467.64/17226.32) lat (ms,95%): 78.60 err/s: 0.10 reconn/s: 0.00
[ 710s ] thds: 400 tps: 9735.79 qps: 194759.18 (r/w/o: 136317.95/38969.05/19472.18) lat (ms,95%): 57.87 err/s: 0.20 reconn/s: 0.00
[ 720s ] thds: 400 tps: 9933.49 qps: 198815.85 (r/w/o: 139191.92/39756.95/19866.97) lat (ms,95%): 55.82 err/s: 0.00 reconn/s: 0.00
[ 730s ] thds: 400 tps: 9014.05 qps: 180095.02 (r/w/o: 126067.95/35998.98/18028.09) lat (ms,95%): 78.60 err/s: 0.00 reconn/s: 0.00
[ 740s ] thds: 400 tps: 8340.41 qps: 166983.69 (r/w/o: 116849.33/33457.44/16676.92) lat (ms,95%): 86.00 err/s: 0.10 reconn/s: 0.00
[ 750s ] thds: 400 tps: 9409.72 qps: 188175.85 (r/w/o: 131761.51/37590.79/18823.54) lat (ms,95%): 68.05 err/s: 0.00 reconn/s: 0.00
[ 760s ] thds: 400 tps: 9230.43 qps: 184522.44 (r/w/o: 129158.78/36902.71/18460.95) lat (ms,95%): 77.19 err/s: 0.00 reconn/s: 0.00
[ 770s ] thds: 400 tps: 8670.32 qps: 173201.84 (r/w/o: 121232.01/34630.19/17339.64) lat (ms,95%): 86.00 err/s: 0.00 reconn/s: 0.00
[ 780s ] thds: 400 tps: 7704.65 qps: 154087.98 (r/w/o: 107863.25/30815.22/15409.51) lat (ms,95%): 102.97 err/s: 0.00 reconn/s: 0.00
[ 790s ] thds: 400 tps: 8088.64 qps: 162079.08 (r/w/o: 113481.52/32419.48/16178.09) lat (ms,95%): 92.42 err/s: 0.00 reconn/s: 0.00
[ 800s ] thds: 400 tps: 7867.95 qps: 157286.67 (r/w/o: 110086.48/31464.89/15735.30) lat (ms,95%): 97.55 err/s: 0.00 reconn/s: 0.00
[ 810s ] thds: 400 tps: 8195.03 qps: 163865.46 (r/w/o: 114692.79/32782.71/16389.96) lat (ms,95%): 92.42 err/s: 0.10 reconn/s: 0.00
[ 820s ] thds: 400 tps: 7870.40 qps: 157250.15 (r/w/o: 110076.47/31431.79/15741.90) lat (ms,95%): 101.13 err/s: 0.00 reconn/s: 0.00
[ 830s ] thds: 400 tps: 9800.24 qps: 195925.12 (r/w/o: 137104.57/39221.36/19599.18) lat (ms,95%): 55.82 err/s: 0.00 reconn/s: 0.00
[ 840s ] thds: 400 tps: 9125.27 qps: 182711.79 (r/w/o: 127931.54/36527.80/18252.45) lat (ms,95%): 75.82 err/s: 0.10 reconn/s: 0.00
SQL statistics:
    queries performed:
        read:                            104722464
        write:                           29920612
        other:                           14960400
        total:                           149603476
    transactions:                        7480154 (8898.40 per sec.)
    queries:                             149603476 (177968.51 per sec.)
    ignored errors:                      22     (0.03 per sec.)
    reconnects:                          0      (0.00 per sec.)

General statistics:
    total time:                          840.6166s
    total number of events:              7480154

Latency (ms):
         min:                                   19.79
         avg:                                   44.92
         max:                                  719.18
         95th percentile:                       81.48
         sum:                            336042553.53

Threads fairness:
    events (avg/stddev):           18700.3850/513.20
    execution time (avg/stddev):   840.1064/0.14

