sysbench 1.0.20-ebf1c90 (using bundled LuaJIT 2.1.0-beta2)

Running the test with following options:
Number of threads: 400
Report intermediate results every 10 second(s)
Initializing random number generator from current time


Initializing worker threads...

Threads started!

[ 10s ] thds: 400 tps: 5686.78 qps: 114194.37 (r/w/o: 80023.99/22757.02/11413.36) lat (ms,95%): 207.82 err/s: 0.00 reconn/s: 0.00
[ 20s ] thds: 400 tps: 8047.72 qps: 160978.43 (r/w/o: 112680.90/32204.49/16093.04) lat (ms,95%): 161.51 err/s: 0.00 reconn/s: 0.00
[ 30s ] thds: 400 tps: 8824.27 qps: 176383.24 (r/w/o: 123427.84/35306.67/17648.73) lat (ms,95%): 86.00 err/s: 0.00 reconn/s: 0.00
[ 40s ] thds: 400 tps: 9044.12 qps: 180903.97 (r/w/o: 126620.56/36195.57/18087.84) lat (ms,95%): 75.82 err/s: 0.00 reconn/s: 0.00
[ 50s ] thds: 400 tps: 9510.07 qps: 190316.38 (r/w/o: 133300.33/37993.10/19022.95) lat (ms,95%): 62.19 err/s: 0.00 reconn/s: 0.00
[ 60s ] thds: 400 tps: 9661.32 qps: 193124.83 (r/w/o: 135161.10/38641.09/19322.64) lat (ms,95%): 58.92 err/s: 0.00 reconn/s: 0.00
[ 70s ] thds: 400 tps: 9574.89 qps: 191506.52 (r/w/o: 134008.10/38348.64/19149.77) lat (ms,95%): 64.47 err/s: 0.00 reconn/s: 0.00
[ 80s ] thds: 400 tps: 9581.81 qps: 191733.73 (r/w/o: 134253.46/38316.75/19163.52) lat (ms,95%): 61.08 err/s: 0.00 reconn/s: 0.00
[ 90s ] thds: 400 tps: 9949.61 qps: 199025.98 (r/w/o: 139299.42/39827.24/19899.32) lat (ms,95%): 51.94 err/s: 0.00 reconn/s: 0.00
[ 100s ] thds: 400 tps: 9584.21 qps: 191810.30 (r/w/o: 134276.67/38365.12/19168.51) lat (ms,95%): 61.08 err/s: 0.00 reconn/s: 0.00
[ 110s ] thds: 400 tps: 9991.27 qps: 199453.01 (r/w/o: 139593.69/39877.28/19982.04) lat (ms,95%): 52.89 err/s: 0.10 reconn/s: 0.00
[ 120s ] thds: 400 tps: 7513.90 qps: 150308.71 (r/w/o: 105231.40/30049.40/15027.90) lat (ms,95%): 114.72 err/s: 0.10 reconn/s: 0.00
[ 130s ] thds: 400 tps: 6350.01 qps: 127104.82 (r/w/o: 88963.58/25442.22/12699.01) lat (ms,95%): 130.13 err/s: 0.00 reconn/s: 0.00
[ 140s ] thds: 400 tps: 7319.29 qps: 146378.43 (r/w/o: 102438.11/29299.65/14640.67) lat (ms,95%): 108.68 err/s: 0.00 reconn/s: 0.00
[ 150s ] thds: 400 tps: 9602.60 qps: 192111.94 (r/w/o: 134558.83/38347.71/19205.40) lat (ms,95%): 58.92 err/s: 0.10 reconn/s: 0.00
[ 160s ] thds: 400 tps: 9546.38 qps: 191046.29 (r/w/o: 133714.78/38238.74/19092.77) lat (ms,95%): 63.32 err/s: 0.00 reconn/s: 0.00
[ 170s ] thds: 400 tps: 9631.01 qps: 192500.27 (r/w/o: 134716.59/38528.45/19255.23) lat (ms,95%): 58.92 err/s: 0.10 reconn/s: 0.00
[ 180s ] thds: 400 tps: 9652.18 qps: 192859.84 (r/w/o: 134994.14/38557.13/19308.56) lat (ms,95%): 63.32 err/s: 0.20 reconn/s: 0.00
[ 190s ] thds: 400 tps: 9822.19 qps: 196619.38 (r/w/o: 137670.22/39305.68/19643.49) lat (ms,95%): 56.84 err/s: 0.00 reconn/s: 0.00
[ 200s ] thds: 400 tps: 10089.71 qps: 201658.64 (r/w/o: 141119.00/40360.53/20179.11) lat (ms,95%): 51.94 err/s: 0.00 reconn/s: 0.00
[ 210s ] thds: 400 tps: 9699.89 qps: 194057.76 (r/w/o: 135866.10/38790.27/19401.39) lat (ms,95%): 61.08 err/s: 0.00 reconn/s: 0.00
[ 220s ] thds: 400 tps: 9806.35 qps: 196065.20 (r/w/o: 137214.93/39234.68/19615.59) lat (ms,95%): 56.84 err/s: 0.00 reconn/s: 0.00
[ 230s ] thds: 400 tps: 8288.45 qps: 166006.58 (r/w/o: 116252.45/33177.22/16576.91) lat (ms,95%): 92.42 err/s: 0.00 reconn/s: 0.00
[ 240s ] thds: 400 tps: 7267.06 qps: 145220.20 (r/w/o: 101630.31/29059.86/14530.03) lat (ms,95%): 104.84 err/s: 0.20 reconn/s: 0.00
[ 250s ] thds: 400 tps: 7194.47 qps: 143814.43 (r/w/o: 100676.13/28744.57/14393.73) lat (ms,95%): 97.55 err/s: 0.10 reconn/s: 0.00
[ 260s ] thds: 400 tps: 9160.47 qps: 183501.51 (r/w/o: 128452.59/36727.68/18321.24) lat (ms,95%): 70.55 err/s: 0.10 reconn/s: 0.00
[ 270s ] thds: 400 tps: 9648.98 qps: 192774.12 (r/w/o: 134912.47/38563.90/19297.75) lat (ms,95%): 58.92 err/s: 0.10 reconn/s: 0.00
[ 280s ] thds: 400 tps: 9534.03 qps: 190713.26 (r/w/o: 133555.36/38089.53/19068.37) lat (ms,95%): 65.65 err/s: 0.00 reconn/s: 0.00
[ 290s ] thds: 400 tps: 9771.49 qps: 195621.25 (r/w/o: 136914.72/39163.35/19543.17) lat (ms,95%): 55.82 err/s: 0.00 reconn/s: 0.00
[ 300s ] thds: 400 tps: 10013.18 qps: 200032.07 (r/w/o: 140023.60/39983.41/20025.06) lat (ms,95%): 52.89 err/s: 0.00 reconn/s: 0.00
[ 310s ] thds: 400 tps: 9768.43 qps: 195577.53 (r/w/o: 136888.34/39150.83/19538.36) lat (ms,95%): 55.82 err/s: 0.10 reconn/s: 0.00
[ 320s ] thds: 400 tps: 9497.47 qps: 189917.78 (r/w/o: 132975.14/37947.80/18994.85) lat (ms,95%): 68.05 err/s: 0.00 reconn/s: 0.00
[ 330s ] thds: 400 tps: 9508.93 qps: 190111.08 (r/w/o: 133071.51/38023.82/19015.76) lat (ms,95%): 65.65 err/s: 0.00 reconn/s: 0.00
[ 340s ] thds: 400 tps: 8469.54 qps: 169390.75 (r/w/o: 118558.69/33890.57/16941.48) lat (ms,95%): 89.16 err/s: 0.10 reconn/s: 0.00
[ 350s ] thds: 400 tps: 7182.25 qps: 143695.81 (r/w/o: 100605.53/28725.78/14364.49) lat (ms,95%): 102.97 err/s: 0.00 reconn/s: 0.00
[ 360s ] thds: 400 tps: 7907.98 qps: 158116.33 (r/w/o: 110641.57/31658.71/15816.05) lat (ms,95%): 89.16 err/s: 0.00 reconn/s: 0.00
[ 370s ] thds: 400 tps: 8312.19 qps: 165981.83 (r/w/o: 116188.38/33169.37/16624.08) lat (ms,95%): 94.10 err/s: 0.00 reconn/s: 0.00
[ 380s ] thds: 400 tps: 8475.87 qps: 169575.10 (r/w/o: 118690.15/33934.20/16950.75) lat (ms,95%): 86.00 err/s: 0.10 reconn/s: 0.00
[ 390s ] thds: 400 tps: 7940.11 qps: 159081.68 (r/w/o: 111387.89/31811.96/15881.83) lat (ms,95%): 97.55 err/s: 0.00 reconn/s: 0.00
[ 400s ] thds: 400 tps: 8078.07 qps: 161456.18 (r/w/o: 113016.34/32284.90/16154.95) lat (ms,95%): 95.81 err/s: 0.00 reconn/s: 0.00
[ 410s ] thds: 400 tps: 8858.83 qps: 177097.04 (r/w/o: 123985.75/35392.33/17718.96) lat (ms,95%): 80.03 err/s: 0.10 reconn/s: 0.00
[ 420s ] thds: 400 tps: 9702.42 qps: 194072.76 (r/w/o: 135826.45/38840.97/19405.34) lat (ms,95%): 58.92 err/s: 0.10 reconn/s: 0.00
[ 430s ] thds: 400 tps: 9617.70 qps: 192257.77 (r/w/o: 134550.25/38475.51/19232.01) lat (ms,95%): 62.19 err/s: 0.00 reconn/s: 0.00
[ 440s ] thds: 400 tps: 10013.20 qps: 200248.54 (r/w/o: 140211.66/40006.99/20029.89) lat (ms,95%): 53.85 err/s: 0.00 reconn/s: 0.00
[ 450s ] thds: 400 tps: 8272.28 qps: 165586.64 (r/w/o: 115917.45/33131.53/16537.66) lat (ms,95%): 87.56 err/s: 0.00 reconn/s: 0.00
[ 460s ] thds: 400 tps: 8239.58 qps: 164650.39 (r/w/o: 115225.71/32939.42/16485.26) lat (ms,95%): 89.16 err/s: 0.00 reconn/s: 0.00
[ 470s ] thds: 400 tps: 7493.72 qps: 149962.86 (r/w/o: 104983.85/29991.77/14987.24) lat (ms,95%): 94.10 err/s: 0.00 reconn/s: 0.00
[ 480s ] thds: 400 tps: 8953.95 qps: 178873.37 (r/w/o: 125180.15/35784.21/17909.01) lat (ms,95%): 74.46 err/s: 0.00 reconn/s: 0.00
[ 490s ] thds: 400 tps: 9575.23 qps: 191717.05 (r/w/o: 134251.65/38315.33/19150.06) lat (ms,95%): 58.92 err/s: 0.00 reconn/s: 0.00
[ 500s ] thds: 400 tps: 9910.84 qps: 198317.50 (r/w/o: 138808.46/39693.06/19815.98) lat (ms,95%): 54.83 err/s: 0.00 reconn/s: 0.00
[ 510s ] thds: 400 tps: 8587.73 qps: 171626.36 (r/w/o: 120146.16/34301.43/17178.77) lat (ms,95%): 84.47 err/s: 0.00 reconn/s: 0.00
[ 520s ] thds: 400 tps: 8886.35 qps: 177757.52 (r/w/o: 124448.64/35533.48/17775.39) lat (ms,95%): 81.48 err/s: 0.00 reconn/s: 0.00
[ 530s ] thds: 400 tps: 9586.81 qps: 191611.11 (r/w/o: 134056.25/38388.94/19165.92) lat (ms,95%): 58.92 err/s: 0.00 reconn/s: 0.00
[ 540s ] thds: 400 tps: 9605.37 qps: 192232.63 (r/w/o: 134609.33/38404.27/19219.03) lat (ms,95%): 61.08 err/s: 0.10 reconn/s: 0.00
[ 550s ] thds: 400 tps: 9721.38 qps: 194396.25 (r/w/o: 136089.86/38869.63/19436.77) lat (ms,95%): 57.87 err/s: 0.00 reconn/s: 0.00
[ 560s ] thds: 400 tps: 8295.36 qps: 165998.19 (r/w/o: 116196.00/33205.36/16596.83) lat (ms,95%): 92.42 err/s: 0.00 reconn/s: 0.00
[ 570s ] thds: 400 tps: 8312.95 qps: 166413.07 (r/w/o: 116479.35/33307.91/16625.81) lat (ms,95%): 87.56 err/s: 0.00 reconn/s: 0.00
[ 580s ] thds: 400 tps: 7622.49 qps: 152253.02 (r/w/o: 106608.68/30399.06/15245.28) lat (ms,95%): 94.10 err/s: 0.00 reconn/s: 0.00
[ 590s ] thds: 400 tps: 8485.30 qps: 169687.14 (r/w/o: 118743.76/33979.79/16963.59) lat (ms,95%): 82.96 err/s: 0.10 reconn/s: 0.00
[ 600s ] thds: 400 tps: 9740.79 qps: 194898.71 (r/w/o: 136479.00/38930.94/19488.77) lat (ms,95%): 56.84 err/s: 0.00 reconn/s: 0.00
[ 610s ] thds: 400 tps: 9863.92 qps: 197193.45 (r/w/o: 137971.64/39500.27/19721.54) lat (ms,95%): 53.85 err/s: 0.10 reconn/s: 0.00
[ 620s ] thds: 400 tps: 8553.59 qps: 171243.17 (r/w/o: 119895.41/34236.27/17111.49) lat (ms,95%): 86.00 err/s: 0.00 reconn/s: 0.00
[ 630s ] thds: 400 tps: 8987.73 qps: 179534.72 (r/w/o: 125664.77/35891.90/17978.05) lat (ms,95%): 80.03 err/s: 0.00 reconn/s: 0.00
[ 640s ] thds: 400 tps: 9568.55 qps: 191510.41 (r/w/o: 134080.81/38293.20/19136.40) lat (ms,95%): 59.99 err/s: 0.30 reconn/s: 0.00
[ 650s ] thds: 400 tps: 9774.05 qps: 195437.35 (r/w/o: 136805.06/39083.59/19548.69) lat (ms,95%): 55.82 err/s: 0.00 reconn/s: 0.00
[ 660s ] thds: 400 tps: 9613.62 qps: 192376.76 (r/w/o: 134647.45/38501.27/19228.04) lat (ms,95%): 59.99 err/s: 0.00 reconn/s: 0.00
[ 670s ] thds: 400 tps: 8350.61 qps: 167043.81 (r/w/o: 116948.25/33394.34/16701.22) lat (ms,95%): 87.56 err/s: 0.00 reconn/s: 0.00
[ 680s ] thds: 400 tps: 7949.97 qps: 159056.53 (r/w/o: 111296.50/31861.79/15898.24) lat (ms,95%): 90.78 err/s: 0.00 reconn/s: 0.00
[ 690s ] thds: 400 tps: 7855.62 qps: 156959.70 (r/w/o: 109896.65/31351.00/15712.05) lat (ms,95%): 90.78 err/s: 0.00 reconn/s: 0.00
[ 700s ] thds: 400 tps: 8588.20 qps: 171741.67 (r/w/o: 120235.78/34328.49/17177.40) lat (ms,95%): 78.60 err/s: 0.00 reconn/s: 0.00
[ 710s ] thds: 400 tps: 9746.80 qps: 194936.41 (r/w/o: 136451.44/38993.18/19491.79) lat (ms,95%): 56.84 err/s: 0.10 reconn/s: 0.00
[ 720s ] thds: 400 tps: 9880.08 qps: 197615.20 (r/w/o: 138319.39/39533.64/19762.17) lat (ms,95%): 56.84 err/s: 0.00 reconn/s: 0.00
[ 730s ] thds: 400 tps: 8993.59 qps: 179715.31 (r/w/o: 125787.37/35940.76/17987.18) lat (ms,95%): 80.03 err/s: 0.00 reconn/s: 0.00
[ 740s ] thds: 400 tps: 8282.11 qps: 165879.61 (r/w/o: 116164.75/33150.54/16564.32) lat (ms,95%): 86.00 err/s: 0.10 reconn/s: 0.00
[ 750s ] thds: 400 tps: 9420.20 qps: 188368.07 (r/w/o: 131842.55/37684.91/18840.61) lat (ms,95%): 68.05 err/s: 0.10 reconn/s: 0.00
[ 760s ] thds: 400 tps: 9209.09 qps: 184116.82 (r/w/o: 128881.48/36816.86/18418.48) lat (ms,95%): 77.19 err/s: 0.00 reconn/s: 0.00
[ 770s ] thds: 400 tps: 8623.99 qps: 172394.49 (r/w/o: 120630.42/34515.78/17248.29) lat (ms,95%): 87.56 err/s: 0.00 reconn/s: 0.00
[ 780s ] thds: 400 tps: 7627.86 qps: 152656.43 (r/w/o: 106897.29/30503.43/15255.71) lat (ms,95%): 102.97 err/s: 0.00 reconn/s: 0.00
[ 790s ] thds: 400 tps: 8085.82 qps: 161654.66 (r/w/o: 113173.22/32309.69/16171.75) lat (ms,95%): 92.42 err/s: 0.00 reconn/s: 0.00
[ 800s ] thds: 400 tps: 7841.40 qps: 156724.11 (r/w/o: 109656.01/31390.20/15677.90) lat (ms,95%): 97.55 err/s: 0.10 reconn/s: 0.00
[ 810s ] thds: 400 tps: 8148.50 qps: 163171.38 (r/w/o: 114266.29/32602.70/16302.40) lat (ms,95%): 94.10 err/s: 0.10 reconn/s: 0.00
[ 820s ] thds: 400 tps: 7855.72 qps: 157079.45 (r/w/o: 109938.52/31433.19/15707.75) lat (ms,95%): 101.13 err/s: 0.00 reconn/s: 0.00
[ 830s ] thds: 400 tps: 9729.14 qps: 194749.93 (r/w/o: 136336.61/38950.95/19462.37) lat (ms,95%): 55.82 err/s: 0.10 reconn/s: 0.00
[ 840s ] thds: 400 tps: 9159.08 qps: 183012.20 (r/w/o: 128093.82/36601.22/18317.16) lat (ms,95%): 75.82 err/s: 0.00 reconn/s: 0.00
SQL statistics:
    queries performed:
        read:                            104404104
        write:                           29829651
        other:                           14914909
        total:                           149148664
    transactions:                        7457408 (8868.82 per sec.)
    queries:                             149148664 (177377.00 per sec.)
    ignored errors:                      28     (0.03 per sec.)
    reconnects:                          0      (0.00 per sec.)

General statistics:
    total time:                          840.8559s
    total number of events:              7457408

Latency (ms):
         min:                                   19.90
         avg:                                   45.07
         max:                                  924.07
         95th percentile:                       81.48
         sum:                            336078293.82

Threads fairness:
    events (avg/stddev):           18643.5200/470.08
    execution time (avg/stddev):   840.1957/0.11

