sysbench 1.0.20-ebf1c90 (using bundled LuaJIT 2.1.0-beta2)

Running the test with following options:
Number of threads: 400
Report intermediate results every 10 second(s)
Initializing random number generator from current time


Initializing worker threads...

Threads started!

[ 10s ] thds: 400 tps: 5843.74 qps: 117089.22 (r/w/o: 81979.90/23381.55/11727.77) lat (ms,95%): 207.82 err/s: 0.10 reconn/s: 0.00
[ 20s ] thds: 400 tps: 8291.84 qps: 166135.48 (r/w/o: 116322.31/33229.28/16583.89) lat (ms,95%): 150.29 err/s: 0.00 reconn/s: 0.00
[ 30s ] thds: 400 tps: 8957.76 qps: 179073.92 (r/w/o: 125393.85/35764.44/17915.62) lat (ms,95%): 92.42 err/s: 0.10 reconn/s: 0.00
[ 40s ] thds: 400 tps: 9439.40 qps: 188592.71 (r/w/o: 131951.21/37762.80/18878.70) lat (ms,95%): 66.84 err/s: 0.00 reconn/s: 0.00
[ 50s ] thds: 400 tps: 9665.72 qps: 193647.33 (r/w/o: 135614.00/38701.49/19331.84) lat (ms,95%): 63.32 err/s: 0.10 reconn/s: 0.00
[ 60s ] thds: 400 tps: 9996.33 qps: 199962.77 (r/w/o: 139985.07/39984.93/19992.77) lat (ms,95%): 54.83 err/s: 0.00 reconn/s: 0.00
[ 70s ] thds: 400 tps: 9879.50 qps: 197618.24 (r/w/o: 138328.03/39531.11/19759.10) lat (ms,95%): 61.08 err/s: 0.00 reconn/s: 0.00
[ 80s ] thds: 400 tps: 9653.00 qps: 192978.75 (r/w/o: 135072.13/38600.51/19306.10) lat (ms,95%): 65.65 err/s: 0.00 reconn/s: 0.00
[ 90s ] thds: 400 tps: 9815.83 qps: 196326.00 (r/w/o: 137427.72/39266.62/19631.66) lat (ms,95%): 57.87 err/s: 0.00 reconn/s: 0.00
[ 100s ] thds: 400 tps: 10316.60 qps: 206457.21 (r/w/o: 144499.53/41324.38/20633.29) lat (ms,95%): 51.94 err/s: 0.10 reconn/s: 0.00
[ 110s ] thds: 400 tps: 7307.00 qps: 145905.04 (r/w/o: 102138.36/29152.39/14614.29) lat (ms,95%): 116.80 err/s: 0.10 reconn/s: 0.00
[ 120s ] thds: 400 tps: 5830.06 qps: 116398.13 (r/w/o: 81418.07/23323.94/11656.12) lat (ms,95%): 137.35 err/s: 0.00 reconn/s: 0.00
[ 130s ] thds: 400 tps: 7697.78 qps: 154196.26 (r/w/o: 108001.77/30801.33/15393.16) lat (ms,95%): 102.97 err/s: 0.00 reconn/s: 0.00
[ 140s ] thds: 400 tps: 9842.47 qps: 196941.08 (r/w/o: 137883.36/39368.78/19688.94) lat (ms,95%): 57.87 err/s: 0.00 reconn/s: 0.00
[ 150s ] thds: 400 tps: 9861.18 qps: 196987.17 (r/w/o: 137858.30/39404.21/19724.66) lat (ms,95%): 63.32 err/s: 0.00 reconn/s: 0.00
[ 160s ] thds: 400 tps: 10029.56 qps: 200662.03 (r/w/o: 140466.86/40137.25/20057.92) lat (ms,95%): 57.87 err/s: 0.00 reconn/s: 0.00
[ 170s ] thds: 400 tps: 10064.12 qps: 201251.93 (r/w/o: 140870.73/40251.07/20130.13) lat (ms,95%): 55.82 err/s: 0.10 reconn/s: 0.00
[ 180s ] thds: 400 tps: 9995.73 qps: 200114.76 (r/w/o: 140099.16/40023.93/19991.67) lat (ms,95%): 57.87 err/s: 0.10 reconn/s: 0.00
[ 190s ] thds: 400 tps: 10133.26 qps: 202443.60 (r/w/o: 141698.41/40478.96/20266.23) lat (ms,95%): 55.82 err/s: 0.10 reconn/s: 0.00
[ 200s ] thds: 400 tps: 10293.91 qps: 206026.08 (r/w/o: 144227.43/41210.34/20588.32) lat (ms,95%): 51.94 err/s: 0.00 reconn/s: 0.00
[ 210s ] thds: 400 tps: 9296.64 qps: 185816.44 (r/w/o: 130046.99/37175.87/18593.58) lat (ms,95%): 81.48 err/s: 0.10 reconn/s: 0.00
[ 220s ] thds: 400 tps: 8266.33 qps: 165612.52 (r/w/o: 115932.63/33147.12/16532.76) lat (ms,95%): 92.42 err/s: 0.00 reconn/s: 0.00
[ 230s ] thds: 400 tps: 6912.50 qps: 138035.60 (r/w/o: 96612.87/27597.72/13825.01) lat (ms,95%): 110.66 err/s: 0.00 reconn/s: 0.00
[ 240s ] thds: 400 tps: 7890.92 qps: 157952.67 (r/w/o: 110616.13/31554.69/15781.85) lat (ms,95%): 97.55 err/s: 0.00 reconn/s: 0.00
[ 250s ] thds: 400 tps: 9847.72 qps: 196655.50 (r/w/o: 137614.48/39346.88/19694.14) lat (ms,95%): 61.08 err/s: 0.00 reconn/s: 0.00
[ 260s ] thds: 400 tps: 10058.42 qps: 201337.54 (r/w/o: 140988.74/40230.47/20118.33) lat (ms,95%): 55.82 err/s: 0.10 reconn/s: 0.00
[ 270s ] thds: 400 tps: 10183.50 qps: 203399.69 (r/w/o: 142296.00/40737.40/20366.30) lat (ms,95%): 53.85 err/s: 0.00 reconn/s: 0.00
[ 280s ] thds: 400 tps: 9990.04 qps: 200170.79 (r/w/o: 140180.93/40008.98/19980.89) lat (ms,95%): 56.84 err/s: 0.00 reconn/s: 0.00
[ 290s ] thds: 400 tps: 10109.98 qps: 202352.92 (r/w/o: 141617.67/40515.40/20219.85) lat (ms,95%): 54.83 err/s: 0.00 reconn/s: 0.00
[ 300s ] thds: 400 tps: 10265.79 qps: 205022.45 (r/w/o: 143528.63/40962.35/20531.48) lat (ms,95%): 52.89 err/s: 0.00 reconn/s: 0.00
[ 310s ] thds: 400 tps: 9307.71 qps: 186240.03 (r/w/o: 130386.36/37238.55/18615.12) lat (ms,95%): 80.03 err/s: 0.10 reconn/s: 0.00
[ 320s ] thds: 400 tps: 8854.54 qps: 177100.78 (r/w/o: 123977.71/35412.98/17710.09) lat (ms,95%): 87.56 err/s: 0.10 reconn/s: 0.00
[ 330s ] thds: 400 tps: 8556.61 qps: 171333.86 (r/w/o: 119901.48/34319.15/17113.23) lat (ms,95%): 87.56 err/s: 0.00 reconn/s: 0.00
[ 340s ] thds: 400 tps: 7164.70 qps: 143295.72 (r/w/o: 100307.44/28658.88/14329.39) lat (ms,95%): 108.68 err/s: 0.00 reconn/s: 0.00
[ 350s ] thds: 400 tps: 8025.46 qps: 160304.65 (r/w/o: 112213.47/32046.35/16044.82) lat (ms,95%): 92.42 err/s: 0.00 reconn/s: 0.00
[ 360s ] thds: 400 tps: 10043.56 qps: 200849.95 (r/w/o: 140600.78/40157.85/20091.33) lat (ms,95%): 52.89 err/s: 0.00 reconn/s: 0.00
[ 370s ] thds: 400 tps: 9878.19 qps: 197451.44 (r/w/o: 138214.38/39485.37/19751.68) lat (ms,95%): 62.19 err/s: 0.00 reconn/s: 0.00
[ 380s ] thds: 400 tps: 9569.90 qps: 191479.30 (r/w/o: 134059.20/38273.60/19146.50) lat (ms,95%): 74.46 err/s: 0.00 reconn/s: 0.00
[ 390s ] thds: 400 tps: 9305.21 qps: 186240.79 (r/w/o: 130357.73/37275.44/18607.62) lat (ms,95%): 82.96 err/s: 0.10 reconn/s: 0.00
[ 400s ] thds: 400 tps: 8816.19 qps: 176059.51 (r/w/o: 123206.10/35222.64/17630.77) lat (ms,95%): 94.10 err/s: 0.00 reconn/s: 0.00
[ 410s ] thds: 400 tps: 8528.18 qps: 170852.51 (r/w/o: 119591.22/34203.82/17057.46) lat (ms,95%): 97.55 err/s: 0.00 reconn/s: 0.00
[ 420s ] thds: 400 tps: 8053.14 qps: 160927.16 (r/w/o: 112672.23/32147.95/16106.98) lat (ms,95%): 95.81 err/s: 0.00 reconn/s: 0.00
[ 430s ] thds: 400 tps: 8574.61 qps: 171533.91 (r/w/o: 120106.75/34274.85/17152.32) lat (ms,95%): 87.56 err/s: 0.00 reconn/s: 0.00
[ 440s ] thds: 400 tps: 9206.04 qps: 184321.24 (r/w/o: 128991.08/36917.97/18412.18) lat (ms,95%): 74.46 err/s: 0.00 reconn/s: 0.00
[ 450s ] thds: 400 tps: 7446.32 qps: 148753.28 (r/w/o: 104189.06/29671.58/14892.64) lat (ms,95%): 99.33 err/s: 0.00 reconn/s: 0.00
[ 460s ] thds: 400 tps: 7669.29 qps: 153454.14 (r/w/o: 107384.12/30732.35/15337.67) lat (ms,95%): 92.42 err/s: 0.00 reconn/s: 0.00
[ 470s ] thds: 400 tps: 9888.95 qps: 197708.14 (r/w/o: 138393.46/39536.59/19778.09) lat (ms,95%): 55.82 err/s: 0.00 reconn/s: 0.00
[ 480s ] thds: 400 tps: 10168.48 qps: 203405.19 (r/w/o: 142394.08/40673.44/20337.67) lat (ms,95%): 53.85 err/s: 0.00 reconn/s: 0.00
[ 490s ] thds: 400 tps: 10081.55 qps: 201547.18 (r/w/o: 141080.66/40303.12/20163.41) lat (ms,95%): 56.84 err/s: 0.00 reconn/s: 0.00
[ 500s ] thds: 400 tps: 10075.83 qps: 201134.26 (r/w/o: 140705.31/40286.40/20142.55) lat (ms,95%): 57.87 err/s: 0.00 reconn/s: 0.00
[ 510s ] thds: 400 tps: 9793.07 qps: 196324.00 (r/w/o: 137530.58/39198.18/19595.24) lat (ms,95%): 63.32 err/s: 0.00 reconn/s: 0.00
[ 520s ] thds: 400 tps: 9286.86 qps: 185454.33 (r/w/o: 129755.79/37124.83/18573.71) lat (ms,95%): 78.60 err/s: 0.00 reconn/s: 0.00
[ 530s ] thds: 400 tps: 8917.21 qps: 178675.71 (r/w/o: 125124.94/35716.04/17834.72) lat (ms,95%): 84.47 err/s: 0.10 reconn/s: 0.00
[ 540s ] thds: 400 tps: 9231.47 qps: 184428.75 (r/w/o: 129090.71/36876.49/18461.55) lat (ms,95%): 77.19 err/s: 0.00 reconn/s: 0.00
[ 550s ] thds: 400 tps: 9129.61 qps: 182656.19 (r/w/o: 127847.50/36547.96/18260.73) lat (ms,95%): 78.60 err/s: 0.00 reconn/s: 0.00
[ 560s ] thds: 400 tps: 7964.47 qps: 159171.44 (r/w/o: 111405.74/31842.87/15922.83) lat (ms,95%): 94.10 err/s: 0.00 reconn/s: 0.00
[ 570s ] thds: 400 tps: 7399.97 qps: 148296.85 (r/w/o: 103817.12/29673.59/14806.15) lat (ms,95%): 97.55 err/s: 0.00 reconn/s: 0.00
[ 580s ] thds: 400 tps: 9719.60 qps: 194235.14 (r/w/o: 136014.56/38781.89/19438.69) lat (ms,95%): 62.19 err/s: 0.00 reconn/s: 0.00
[ 590s ] thds: 400 tps: 10165.61 qps: 203407.48 (r/w/o: 142335.40/40740.26/20331.83) lat (ms,95%): 52.89 err/s: 0.00 reconn/s: 0.00
[ 600s ] thds: 400 tps: 9921.18 qps: 198479.68 (r/w/o: 138924.87/39712.64/19842.17) lat (ms,95%): 58.92 err/s: 0.00 reconn/s: 0.00
[ 610s ] thds: 400 tps: 9879.01 qps: 197530.49 (r/w/o: 138291.53/39480.64/19758.32) lat (ms,95%): 61.08 err/s: 0.00 reconn/s: 0.00
[ 620s ] thds: 400 tps: 10345.23 qps: 206836.19 (r/w/o: 144817.88/41327.94/20690.37) lat (ms,95%): 52.89 err/s: 0.00 reconn/s: 0.00
[ 630s ] thds: 400 tps: 9341.95 qps: 186897.18 (r/w/o: 130817.09/37395.90/18684.20) lat (ms,95%): 78.60 err/s: 0.10 reconn/s: 0.00
[ 640s ] thds: 400 tps: 8011.90 qps: 160036.67 (r/w/o: 112008.85/32003.91/16023.91) lat (ms,95%): 90.78 err/s: 0.00 reconn/s: 0.00
[ 650s ] thds: 400 tps: 9238.54 qps: 184864.42 (r/w/o: 129419.47/36967.76/18477.18) lat (ms,95%): 75.82 err/s: 0.10 reconn/s: 0.00
[ 660s ] thds: 400 tps: 9478.95 qps: 189596.55 (r/w/o: 132696.84/37944.41/18955.31) lat (ms,95%): 70.55 err/s: 0.00 reconn/s: 0.00
[ 670s ] thds: 400 tps: 7671.33 qps: 153321.11 (r/w/o: 107334.13/30641.12/15345.86) lat (ms,95%): 94.10 err/s: 0.10 reconn/s: 0.00
[ 680s ] thds: 400 tps: 8054.82 qps: 161065.43 (r/w/o: 112703.30/32261.28/16100.84) lat (ms,95%): 86.00 err/s: 0.00 reconn/s: 0.00
[ 690s ] thds: 400 tps: 10054.17 qps: 201262.83 (r/w/o: 140959.41/40185.88/20117.54) lat (ms,95%): 55.82 err/s: 0.10 reconn/s: 0.00
[ 700s ] thds: 400 tps: 10031.47 qps: 200589.91 (r/w/o: 140347.91/40179.06/20062.93) lat (ms,95%): 58.92 err/s: 0.00 reconn/s: 0.00
[ 710s ] thds: 400 tps: 10062.82 qps: 201333.48 (r/w/o: 140974.66/40233.08/20125.74) lat (ms,95%): 57.87 err/s: 0.00 reconn/s: 0.00
[ 720s ] thds: 400 tps: 10147.81 qps: 202820.11 (r/w/o: 141942.18/40588.92/20289.01) lat (ms,95%): 54.83 err/s: 0.00 reconn/s: 0.00
[ 730s ] thds: 400 tps: 10040.27 qps: 200892.75 (r/w/o: 140610.65/40196.07/20086.04) lat (ms,95%): 56.84 err/s: 0.00 reconn/s: 0.00
[ 740s ] thds: 400 tps: 8792.25 qps: 175723.70 (r/w/o: 123014.90/35130.20/17578.60) lat (ms,95%): 86.00 err/s: 0.00 reconn/s: 0.00
[ 750s ] thds: 400 tps: 9559.37 qps: 191336.89 (r/w/o: 133958.47/38252.48/19125.94) lat (ms,95%): 71.83 err/s: 0.00 reconn/s: 0.00
[ 760s ] thds: 400 tps: 8886.54 qps: 177684.62 (r/w/o: 124354.70/35557.24/17772.67) lat (ms,95%): 87.56 err/s: 0.00 reconn/s: 0.00
[ 770s ] thds: 400 tps: 8055.59 qps: 161185.77 (r/w/o: 112845.24/32228.95/16111.58) lat (ms,95%): 99.33 err/s: 0.00 reconn/s: 0.00
[ 780s ] thds: 400 tps: 8522.71 qps: 170217.47 (r/w/o: 119119.69/34052.35/17045.43) lat (ms,95%): 95.81 err/s: 0.00 reconn/s: 0.00
[ 790s ] thds: 400 tps: 8785.41 qps: 175868.57 (r/w/o: 123169.92/35127.93/17570.72) lat (ms,95%): 92.42 err/s: 0.00 reconn/s: 0.00
[ 800s ] thds: 400 tps: 8535.88 qps: 170762.81 (r/w/o: 119519.93/34171.02/17071.86) lat (ms,95%): 95.81 err/s: 0.00 reconn/s: 0.00
[ 810s ] thds: 400 tps: 8371.58 qps: 167245.69 (r/w/o: 117036.88/33475.54/16733.27) lat (ms,95%): 92.42 err/s: 0.00 reconn/s: 0.00
[ 820s ] thds: 400 tps: 7895.06 qps: 158110.62 (r/w/o: 110689.95/31620.44/15800.22) lat (ms,95%): 102.97 err/s: 0.00 reconn/s: 0.00
[ 830s ] thds: 400 tps: 8813.44 qps: 176111.00 (r/w/o: 123274.46/35209.46/17627.08) lat (ms,95%): 86.00 err/s: 0.00 reconn/s: 0.00
[ 840s ] thds: 400 tps: 9594.74 qps: 191977.60 (r/w/o: 134434.86/38353.16/19189.58) lat (ms,95%): 68.05 err/s: 0.00 reconn/s: 0.00
SQL statistics:
    queries performed:
        read:                            107057034
        write:                           30587647
        other:                           15293903
        total:                           152938584
    transactions:                        7646913 (9094.76 per sec.)
    queries:                             152938584 (181895.55 per sec.)
    ignored errors:                      18     (0.02 per sec.)
    reconnects:                          0      (0.00 per sec.)

General statistics:
    total time:                          840.8034s
    total number of events:              7646913

Latency (ms):
         min:                                   19.88
         avg:                                   43.94
         max:                                  815.68
         95th percentile:                       81.48
         sum:                            336031245.52

Threads fairness:
    events (avg/stddev):           19117.2825/510.73
    execution time (avg/stddev):   840.0781/0.15

