sysbench 1.0.20-ebf1c90 (using bundled LuaJIT 2.1.0-beta2)

Running the test with following options:
Number of threads: 400
Report intermediate results every 10 second(s)
Initializing random number generator from current time


Initializing worker threads...

Threads started!

[ 10s ] thds: 400 tps: 5846.33 qps: 117116.01 (r/w/o: 81993.83/23389.53/11732.66) lat (ms,95%): 207.82 err/s: 0.00 reconn/s: 0.00
[ 20s ] thds: 400 tps: 8282.28 qps: 165874.49 (r/w/o: 116136.31/33173.72/16564.46) lat (ms,95%): 153.02 err/s: 0.00 reconn/s: 0.00
[ 30s ] thds: 400 tps: 8895.70 qps: 177814.35 (r/w/o: 124485.53/35540.01/17788.80) lat (ms,95%): 94.10 err/s: 0.00 reconn/s: 0.00
[ 40s ] thds: 400 tps: 9452.50 qps: 189265.63 (r/w/o: 132466.42/37891.40/18907.80) lat (ms,95%): 66.84 err/s: 0.00 reconn/s: 0.00
[ 50s ] thds: 400 tps: 9646.17 qps: 192889.92 (r/w/o: 135078.92/38518.77/19292.23) lat (ms,95%): 63.32 err/s: 0.00 reconn/s: 0.00
[ 60s ] thds: 400 tps: 9938.46 qps: 198784.43 (r/w/o: 139164.79/39742.33/19877.31) lat (ms,95%): 55.82 err/s: 0.00 reconn/s: 0.00
[ 70s ] thds: 400 tps: 9891.67 qps: 197864.57 (r/w/o: 138503.03/39578.19/19783.35) lat (ms,95%): 61.08 err/s: 0.00 reconn/s: 0.00
[ 80s ] thds: 400 tps: 9646.19 qps: 192842.07 (r/w/o: 134963.64/38585.85/19292.58) lat (ms,95%): 64.47 err/s: 0.10 reconn/s: 0.00
[ 90s ] thds: 400 tps: 9778.16 qps: 195519.63 (r/w/o: 136849.66/39113.85/19556.12) lat (ms,95%): 57.87 err/s: 0.00 reconn/s: 0.00
[ 100s ] thds: 400 tps: 10311.10 qps: 206388.53 (r/w/o: 144482.62/41283.51/20622.40) lat (ms,95%): 51.94 err/s: 0.00 reconn/s: 0.00
[ 110s ] thds: 400 tps: 7314.81 qps: 146122.57 (r/w/o: 102269.39/29223.55/14629.63) lat (ms,95%): 116.80 err/s: 0.00 reconn/s: 0.00
[ 120s ] thds: 400 tps: 5808.79 qps: 116488.69 (r/w/o: 81526.15/23344.96/11617.58) lat (ms,95%): 137.35 err/s: 0.00 reconn/s: 0.00
[ 130s ] thds: 400 tps: 7736.68 qps: 154526.07 (r/w/o: 108205.30/30849.41/15471.36) lat (ms,95%): 102.97 err/s: 0.00 reconn/s: 0.00
[ 140s ] thds: 400 tps: 9803.70 qps: 196097.44 (r/w/o: 137296.96/39191.19/19609.29) lat (ms,95%): 57.87 err/s: 0.00 reconn/s: 0.00
[ 150s ] thds: 400 tps: 9823.90 qps: 196450.36 (r/w/o: 137466.84/39335.41/19648.11) lat (ms,95%): 64.47 err/s: 0.20 reconn/s: 0.00
[ 160s ] thds: 400 tps: 10008.91 qps: 200184.43 (r/w/o: 140146.49/40024.33/20013.61) lat (ms,95%): 57.87 err/s: 0.10 reconn/s: 0.00
[ 170s ] thds: 400 tps: 10022.60 qps: 200283.81 (r/w/o: 140171.04/40062.88/20049.89) lat (ms,95%): 56.84 err/s: 0.10 reconn/s: 0.00
[ 180s ] thds: 400 tps: 9927.79 qps: 198698.12 (r/w/o: 139115.07/39727.26/19855.78) lat (ms,95%): 57.87 err/s: 0.00 reconn/s: 0.00
[ 190s ] thds: 400 tps: 10101.43 qps: 201804.63 (r/w/o: 141222.77/40380.51/20201.35) lat (ms,95%): 56.84 err/s: 0.10 reconn/s: 0.00
[ 200s ] thds: 400 tps: 10298.62 qps: 206257.72 (r/w/o: 144422.02/41236.56/20599.13) lat (ms,95%): 51.94 err/s: 0.00 reconn/s: 0.00
[ 210s ] thds: 400 tps: 9249.28 qps: 184884.04 (r/w/o: 129381.38/37004.01/18498.65) lat (ms,95%): 81.48 err/s: 0.00 reconn/s: 0.00
[ 220s ] thds: 400 tps: 8256.76 qps: 165325.55 (r/w/o: 115749.60/33062.43/16513.51) lat (ms,95%): 92.42 err/s: 0.00 reconn/s: 0.00
[ 230s ] thds: 400 tps: 6900.42 qps: 137880.44 (r/w/o: 96506.24/27579.87/13794.33) lat (ms,95%): 110.66 err/s: 0.10 reconn/s: 0.00
[ 240s ] thds: 400 tps: 7936.63 qps: 158710.74 (r/w/o: 111142.88/31691.01/15876.85) lat (ms,95%): 95.81 err/s: 0.00 reconn/s: 0.00
[ 250s ] thds: 400 tps: 9752.39 qps: 195181.33 (r/w/o: 136605.58/39067.57/19508.18) lat (ms,95%): 61.08 err/s: 0.10 reconn/s: 0.00
[ 260s ] thds: 400 tps: 10054.21 qps: 200831.02 (r/w/o: 140576.49/40146.02/20108.51) lat (ms,95%): 55.82 err/s: 0.00 reconn/s: 0.00
[ 270s ] thds: 400 tps: 10107.79 qps: 202474.40 (r/w/o: 141711.76/40547.46/20215.18) lat (ms,95%): 53.85 err/s: 0.00 reconn/s: 0.00
[ 280s ] thds: 400 tps: 10011.83 qps: 199990.83 (r/w/o: 140012.77/39953.91/20024.15) lat (ms,95%): 56.84 err/s: 0.00 reconn/s: 0.00
[ 290s ] thds: 400 tps: 10132.77 qps: 202877.55 (r/w/o: 142002.95/40608.97/20265.64) lat (ms,95%): 54.83 err/s: 0.00 reconn/s: 0.00
[ 300s ] thds: 400 tps: 10161.60 qps: 202921.95 (r/w/o: 142037.86/40562.09/20321.99) lat (ms,95%): 53.85 err/s: 0.10 reconn/s: 0.00
[ 310s ] thds: 400 tps: 9270.39 qps: 185647.50 (r/w/o: 129998.59/37106.94/18541.97) lat (ms,95%): 80.03 err/s: 0.00 reconn/s: 0.00
[ 320s ] thds: 400 tps: 8843.68 qps: 176764.48 (r/w/o: 123715.77/35361.04/17687.67) lat (ms,95%): 86.00 err/s: 0.00 reconn/s: 0.00
[ 330s ] thds: 400 tps: 8574.41 qps: 171687.85 (r/w/o: 120166.28/34372.75/17148.83) lat (ms,95%): 87.56 err/s: 0.00 reconn/s: 0.00
[ 340s ] thds: 400 tps: 7145.01 qps: 142888.98 (r/w/o: 100010.62/28588.34/14290.02) lat (ms,95%): 108.68 err/s: 0.00 reconn/s: 0.00
[ 350s ] thds: 400 tps: 8035.18 qps: 160687.80 (r/w/o: 112511.45/32106.10/16070.25) lat (ms,95%): 90.78 err/s: 0.00 reconn/s: 0.00
[ 360s ] thds: 400 tps: 10050.80 qps: 200839.41 (r/w/o: 140577.30/40160.30/20101.80) lat (ms,95%): 52.89 err/s: 0.00 reconn/s: 0.00
[ 370s ] thds: 400 tps: 9804.73 qps: 196032.47 (r/w/o: 137205.90/39217.31/19609.26) lat (ms,95%): 63.32 err/s: 0.00 reconn/s: 0.00
[ 380s ] thds: 400 tps: 9517.99 qps: 190333.05 (r/w/o: 133231.90/38064.97/19036.19) lat (ms,95%): 74.46 err/s: 0.00 reconn/s: 0.00
[ 390s ] thds: 400 tps: 9302.81 qps: 186237.82 (r/w/o: 130402.78/37229.52/18605.51) lat (ms,95%): 82.96 err/s: 0.10 reconn/s: 0.00
[ 400s ] thds: 400 tps: 8789.80 qps: 175913.80 (r/w/o: 123102.00/35231.80/17580.00) lat (ms,95%): 94.10 err/s: 0.00 reconn/s: 0.00
[ 410s ] thds: 400 tps: 8515.49 qps: 170260.06 (r/w/o: 119166.60/34067.77/17025.69) lat (ms,95%): 99.33 err/s: 0.00 reconn/s: 0.00
[ 420s ] thds: 400 tps: 8030.49 qps: 160501.30 (r/w/o: 112370.66/32064.76/16065.88) lat (ms,95%): 95.81 err/s: 0.00 reconn/s: 0.00
[ 430s ] thds: 400 tps: 8543.52 qps: 170764.06 (r/w/o: 119549.75/34126.67/17087.64) lat (ms,95%): 87.56 err/s: 0.00 reconn/s: 0.00
[ 440s ] thds: 400 tps: 9188.87 qps: 184056.86 (r/w/o: 128828.42/36850.59/18377.85) lat (ms,95%): 74.46 err/s: 0.00 reconn/s: 0.00
[ 450s ] thds: 400 tps: 7446.47 qps: 148709.78 (r/w/o: 104143.76/29672.88/14893.14) lat (ms,95%): 99.33 err/s: 0.10 reconn/s: 0.00
[ 460s ] thds: 400 tps: 7667.24 qps: 153476.15 (r/w/o: 107403.89/30738.97/15333.28) lat (ms,95%): 92.42 err/s: 0.00 reconn/s: 0.00
[ 470s ] thds: 400 tps: 9846.70 qps: 196885.59 (r/w/o: 137830.96/39360.02/19694.61) lat (ms,95%): 55.82 err/s: 0.00 reconn/s: 0.00
[ 480s ] thds: 400 tps: 10176.39 qps: 203514.00 (r/w/o: 142467.36/40697.36/20349.28) lat (ms,95%): 53.85 err/s: 0.10 reconn/s: 0.00
[ 490s ] thds: 400 tps: 10049.11 qps: 200876.43 (r/w/o: 140599.46/40174.95/20102.02) lat (ms,95%): 56.84 err/s: 0.00 reconn/s: 0.00
[ 500s ] thds: 400 tps: 10024.09 qps: 200781.77 (r/w/o: 140513.21/40220.27/20048.29) lat (ms,95%): 57.87 err/s: 0.00 reconn/s: 0.00
[ 510s ] thds: 400 tps: 9819.28 qps: 196146.93 (r/w/o: 137348.67/39159.71/19638.55) lat (ms,95%): 63.32 err/s: 0.00 reconn/s: 0.00
[ 520s ] thds: 400 tps: 9212.11 qps: 184324.14 (r/w/o: 128989.60/36910.13/18424.41) lat (ms,95%): 78.60 err/s: 0.00 reconn/s: 0.00
[ 530s ] thds: 400 tps: 8950.41 qps: 178969.05 (r/w/o: 125321.00/35747.13/17900.91) lat (ms,95%): 84.47 err/s: 0.00 reconn/s: 0.00
[ 540s ] thds: 400 tps: 9205.41 qps: 183958.20 (r/w/o: 128748.34/36802.04/18407.82) lat (ms,95%): 78.60 err/s: 0.00 reconn/s: 0.00
[ 550s ] thds: 400 tps: 9118.78 qps: 182402.87 (r/w/o: 127676.07/36486.13/18240.67) lat (ms,95%): 78.60 err/s: 0.00 reconn/s: 0.00
[ 560s ] thds: 400 tps: 7920.51 qps: 158391.51 (r/w/o: 110843.48/31708.32/15839.71) lat (ms,95%): 94.10 err/s: 0.10 reconn/s: 0.00
[ 570s ] thds: 400 tps: 7363.90 qps: 147493.40 (r/w/o: 103282.20/29481.50/14729.70) lat (ms,95%): 99.33 err/s: 0.10 reconn/s: 0.00
[ 580s ] thds: 400 tps: 9745.18 qps: 194753.32 (r/w/o: 136354.33/38908.92/19490.06) lat (ms,95%): 61.08 err/s: 0.00 reconn/s: 0.00
[ 590s ] thds: 400 tps: 10140.12 qps: 202844.02 (r/w/o: 141978.22/40587.36/20278.43) lat (ms,95%): 52.89 err/s: 0.00 reconn/s: 0.00
[ 600s ] thds: 400 tps: 9916.21 qps: 198416.16 (r/w/o: 138871.18/39710.55/19834.43) lat (ms,95%): 58.92 err/s: 0.00 reconn/s: 0.00
[ 610s ] thds: 400 tps: 9831.82 qps: 196553.48 (r/w/o: 137576.37/39312.88/19664.24) lat (ms,95%): 61.08 err/s: 0.20 reconn/s: 0.00
[ 620s ] thds: 400 tps: 10332.26 qps: 206602.94 (r/w/o: 144662.90/41275.53/20664.51) lat (ms,95%): 52.89 err/s: 0.00 reconn/s: 0.00
[ 630s ] thds: 400 tps: 9371.02 qps: 187424.55 (r/w/o: 131192.12/37491.49/18740.95) lat (ms,95%): 78.60 err/s: 0.00 reconn/s: 0.00
[ 640s ] thds: 400 tps: 7986.35 qps: 159541.95 (r/w/o: 111629.13/31941.61/15971.20) lat (ms,95%): 90.78 err/s: 0.00 reconn/s: 0.00
[ 650s ] thds: 400 tps: 9206.12 qps: 184290.11 (r/w/o: 129048.09/36827.28/18414.74) lat (ms,95%): 75.82 err/s: 0.10 reconn/s: 0.00
[ 660s ] thds: 400 tps: 9427.05 qps: 188644.73 (r/w/o: 132032.65/37758.79/18853.29) lat (ms,95%): 70.55 err/s: 0.00 reconn/s: 0.00
[ 670s ] thds: 400 tps: 7691.80 qps: 153581.13 (r/w/o: 107486.52/30710.61/15384.00) lat (ms,95%): 94.10 err/s: 0.00 reconn/s: 0.00
[ 680s ] thds: 400 tps: 8003.00 qps: 160378.76 (r/w/o: 112275.84/32095.51/16007.41) lat (ms,95%): 86.00 err/s: 0.10 reconn/s: 0.00
[ 690s ] thds: 400 tps: 10079.99 qps: 201469.62 (r/w/o: 141075.41/40234.34/20159.87) lat (ms,95%): 54.83 err/s: 0.00 reconn/s: 0.00
[ 700s ] thds: 400 tps: 9988.32 qps: 199682.73 (r/w/o: 139708.90/40001.79/19972.04) lat (ms,95%): 58.92 err/s: 0.00 reconn/s: 0.00
[ 710s ] thds: 400 tps: 10068.43 qps: 201475.14 (r/w/o: 141085.18/40248.41/20141.55) lat (ms,95%): 56.84 err/s: 0.00 reconn/s: 0.00
[ 720s ] thds: 400 tps: 10070.40 qps: 201469.28 (r/w/o: 141006.29/40322.20/20140.80) lat (ms,95%): 54.83 err/s: 0.00 reconn/s: 0.00
[ 730s ] thds: 400 tps: 10092.70 qps: 201844.85 (r/w/o: 141269.33/40390.91/20184.60) lat (ms,95%): 56.84 err/s: 0.10 reconn/s: 0.00
[ 740s ] thds: 400 tps: 8767.39 qps: 175272.74 (r/w/o: 122699.81/35039.15/17533.77) lat (ms,95%): 86.00 err/s: 0.00 reconn/s: 0.00
[ 750s ] thds: 400 tps: 9541.93 qps: 190874.05 (r/w/o: 133632.68/38155.31/19086.05) lat (ms,95%): 71.83 err/s: 0.00 reconn/s: 0.00
[ 760s ] thds: 400 tps: 8862.14 qps: 177192.23 (r/w/o: 124004.91/35465.15/17722.17) lat (ms,95%): 87.56 err/s: 0.10 reconn/s: 0.00
[ 770s ] thds: 400 tps: 8077.75 qps: 161587.45 (r/w/o: 113134.87/32294.69/16157.90) lat (ms,95%): 99.33 err/s: 0.00 reconn/s: 0.00
[ 780s ] thds: 400 tps: 8482.39 qps: 169476.62 (r/w/o: 118583.40/33931.14/16962.07) lat (ms,95%): 95.81 err/s: 0.00 reconn/s: 0.00
[ 790s ] thds: 400 tps: 8755.90 qps: 175282.96 (r/w/o: 122770.67/34999.49/17512.80) lat (ms,95%): 92.42 err/s: 0.00 reconn/s: 0.00
[ 800s ] thds: 400 tps: 8480.40 qps: 169597.61 (r/w/o: 118717.73/33918.58/16961.29) lat (ms,95%): 97.55 err/s: 0.00 reconn/s: 0.00
[ 810s ] thds: 400 tps: 8395.48 qps: 168061.88 (r/w/o: 117627.50/33642.12/16792.26) lat (ms,95%): 92.42 err/s: 0.00 reconn/s: 0.00
[ 820s ] thds: 400 tps: 7927.12 qps: 158450.25 (r/w/o: 110924.34/31671.77/15854.13) lat (ms,95%): 101.13 err/s: 0.00 reconn/s: 0.00
[ 830s ] thds: 400 tps: 8758.22 qps: 175238.95 (r/w/o: 122650.14/35072.27/17516.53) lat (ms,95%): 86.00 err/s: 0.00 reconn/s: 0.00
[ 840s ] thds: 400 tps: 9576.44 qps: 191347.08 (r/w/o: 133968.42/38225.68/19152.99) lat (ms,95%): 68.05 err/s: 0.00 reconn/s: 0.00
SQL statistics:
    queries performed:
        read:                            106838424
        write:                           30525187
        other:                           15262669
        total:                           152626280
    transactions:                        7631296 (9074.06 per sec.)
    queries:                             152626280 (181481.72 per sec.)
    ignored errors:                      20     (0.02 per sec.)
    reconnects:                          0      (0.00 per sec.)

General statistics:
    total time:                          840.9999s
    total number of events:              7631296

Latency (ms):
         min:                                   19.80
         avg:                                   44.03
         max:                                 1004.03
         95th percentile:                       81.48
         sum:                            336033418.03

Threads fairness:
    events (avg/stddev):           19078.2400/434.90
    execution time (avg/stddev):   840.0835/0.15

