sysbench 1.0.20-ebf1c90 (using bundled LuaJIT 2.1.0-beta2)

Running the test with following options:
Number of threads: 400
Report intermediate results every 10 second(s)
Initializing random number generator from current time


Initializing worker threads...

Threads started!

[ 10s ] thds: 400 tps: 5831.30 qps: 116958.45 (r/w/o: 81921.43/23334.22/11702.80) lat (ms,95%): 207.82 err/s: 0.00 reconn/s: 0.00
[ 20s ] thds: 400 tps: 8315.79 qps: 166614.66 (r/w/o: 116645.13/33337.55/16631.98) lat (ms,95%): 150.29 err/s: 0.20 reconn/s: 0.00
[ 30s ] thds: 400 tps: 8919.30 qps: 178277.85 (r/w/o: 124798.94/35645.51/17833.41) lat (ms,95%): 95.81 err/s: 0.00 reconn/s: 0.00
[ 40s ] thds: 400 tps: 9455.94 qps: 189097.67 (r/w/o: 132399.71/37780.58/18917.39) lat (ms,95%): 65.65 err/s: 0.10 reconn/s: 0.00
[ 50s ] thds: 400 tps: 9628.51 qps: 192618.15 (r/w/o: 134786.81/38574.03/19257.32) lat (ms,95%): 63.32 err/s: 0.10 reconn/s: 0.00
[ 60s ] thds: 400 tps: 9906.40 qps: 198056.82 (r/w/o: 138631.92/39611.90/19813.00) lat (ms,95%): 54.83 err/s: 0.10 reconn/s: 0.00
[ 70s ] thds: 400 tps: 9916.28 qps: 198363.28 (r/w/o: 138905.80/39624.92/19832.56) lat (ms,95%): 61.08 err/s: 0.00 reconn/s: 0.00
[ 80s ] thds: 400 tps: 9621.91 qps: 192422.91 (r/w/o: 134677.35/38505.34/19240.22) lat (ms,95%): 65.65 err/s: 0.20 reconn/s: 0.00
[ 90s ] thds: 400 tps: 9804.86 qps: 196297.30 (r/w/o: 137390.14/39293.35/19613.82) lat (ms,95%): 57.87 err/s: 0.00 reconn/s: 0.00
[ 100s ] thds: 400 tps: 10303.17 qps: 205990.76 (r/w/o: 144204.02/41180.49/20606.25) lat (ms,95%): 51.94 err/s: 0.00 reconn/s: 0.00
[ 110s ] thds: 400 tps: 7297.33 qps: 145658.08 (r/w/o: 101932.21/29133.22/14592.66) lat (ms,95%): 116.80 err/s: 0.00 reconn/s: 0.00
[ 120s ] thds: 400 tps: 5860.81 qps: 117372.02 (r/w/o: 82136.55/23521.04/11714.42) lat (ms,95%): 134.90 err/s: 0.00 reconn/s: 0.00
[ 130s ] thds: 400 tps: 7732.00 qps: 154533.85 (r/w/o: 108190.66/30870.69/15472.49) lat (ms,95%): 101.13 err/s: 0.00 reconn/s: 0.00
[ 140s ] thds: 400 tps: 9852.79 qps: 196975.45 (r/w/o: 137870.43/39401.25/19703.78) lat (ms,95%): 57.87 err/s: 0.10 reconn/s: 0.00
[ 150s ] thds: 400 tps: 9818.91 qps: 196464.16 (r/w/o: 137561.51/39263.63/19639.02) lat (ms,95%): 64.47 err/s: 0.00 reconn/s: 0.00
[ 160s ] thds: 400 tps: 10041.87 qps: 200964.56 (r/w/o: 140668.05/40210.87/20085.64) lat (ms,95%): 57.87 err/s: 0.00 reconn/s: 0.00
[ 170s ] thds: 400 tps: 9993.97 qps: 199874.33 (r/w/o: 139963.00/39923.29/19988.04) lat (ms,95%): 56.84 err/s: 0.00 reconn/s: 0.00
[ 180s ] thds: 400 tps: 9948.85 qps: 198987.70 (r/w/o: 139263.70/39826.20/19897.80) lat (ms,95%): 57.87 err/s: 0.00 reconn/s: 0.00
[ 190s ] thds: 400 tps: 10138.14 qps: 202778.21 (r/w/o: 141940.39/40561.54/20276.27) lat (ms,95%): 55.82 err/s: 0.00 reconn/s: 0.00
[ 200s ] thds: 400 tps: 10265.60 qps: 205257.08 (r/w/o: 143667.16/41065.12/20524.81) lat (ms,95%): 51.94 err/s: 0.10 reconn/s: 0.00
[ 210s ] thds: 400 tps: 9270.84 qps: 185411.27 (r/w/o: 129826.94/37036.05/18548.28) lat (ms,95%): 80.03 err/s: 0.00 reconn/s: 0.00
[ 220s ] thds: 400 tps: 8282.07 qps: 165437.51 (r/w/o: 115739.62/33134.26/16563.63) lat (ms,95%): 92.42 err/s: 0.00 reconn/s: 0.00
[ 230s ] thds: 400 tps: 6905.73 qps: 138151.77 (r/w/o: 96722.00/27617.61/13812.16) lat (ms,95%): 110.66 err/s: 0.10 reconn/s: 0.00
[ 240s ] thds: 400 tps: 7925.52 qps: 158863.38 (r/w/o: 111227.27/31784.68/15851.44) lat (ms,95%): 95.81 err/s: 0.10 reconn/s: 0.00
[ 250s ] thds: 400 tps: 9801.59 qps: 195711.42 (r/w/o: 136969.67/39138.26/19603.48) lat (ms,95%): 62.19 err/s: 0.10 reconn/s: 0.00
[ 260s ] thds: 400 tps: 10050.51 qps: 201255.61 (r/w/o: 140930.05/40224.54/20101.02) lat (ms,95%): 55.82 err/s: 0.00 reconn/s: 0.00
[ 270s ] thds: 400 tps: 10186.87 qps: 203451.37 (r/w/o: 142341.43/40736.89/20373.05) lat (ms,95%): 53.85 err/s: 0.00 reconn/s: 0.00
[ 280s ] thds: 400 tps: 10014.87 qps: 200549.05 (r/w/o: 140469.51/40049.09/20030.44) lat (ms,95%): 56.84 err/s: 0.00 reconn/s: 0.00
[ 290s ] thds: 400 tps: 10205.25 qps: 203951.85 (r/w/o: 142707.83/40833.61/20410.40) lat (ms,95%): 53.85 err/s: 0.00 reconn/s: 0.00
[ 300s ] thds: 400 tps: 10186.82 qps: 203942.95 (r/w/o: 142788.75/40780.27/20373.94) lat (ms,95%): 52.89 err/s: 0.00 reconn/s: 0.00
[ 310s ] thds: 400 tps: 9313.02 qps: 186040.00 (r/w/o: 130203.65/37210.10/18626.25) lat (ms,95%): 80.03 err/s: 0.00 reconn/s: 0.00
[ 320s ] thds: 400 tps: 8878.32 qps: 177646.59 (r/w/o: 124347.21/35550.06/17749.33) lat (ms,95%): 84.47 err/s: 0.00 reconn/s: 0.00
[ 330s ] thds: 400 tps: 8577.05 qps: 171627.43 (r/w/o: 120148.25/34320.38/17158.79) lat (ms,95%): 89.16 err/s: 0.10 reconn/s: 0.00
[ 340s ] thds: 400 tps: 7201.70 qps: 143979.63 (r/w/o: 100816.35/28757.09/14406.19) lat (ms,95%): 106.75 err/s: 0.00 reconn/s: 0.00
[ 350s ] thds: 400 tps: 8072.23 qps: 161193.69 (r/w/o: 112778.12/32271.41/16144.16) lat (ms,95%): 90.78 err/s: 0.00 reconn/s: 0.00
[ 360s ] thds: 400 tps: 10020.31 qps: 200583.00 (r/w/o: 140433.54/40110.24/20039.22) lat (ms,95%): 52.89 err/s: 0.00 reconn/s: 0.00
[ 370s ] thds: 400 tps: 9887.69 qps: 197844.22 (r/w/o: 138529.38/39538.36/19776.48) lat (ms,95%): 62.19 err/s: 0.10 reconn/s: 0.00
[ 380s ] thds: 400 tps: 9578.31 qps: 191628.33 (r/w/o: 134113.56/38360.15/19154.62) lat (ms,95%): 73.13 err/s: 0.00 reconn/s: 0.00
[ 390s ] thds: 400 tps: 9328.18 qps: 186441.27 (r/w/o: 130478.37/37314.73/18648.17) lat (ms,95%): 82.96 err/s: 0.00 reconn/s: 0.00
[ 400s ] thds: 400 tps: 8776.49 qps: 175723.39 (r/w/o: 123050.93/35108.17/17564.29) lat (ms,95%): 94.10 err/s: 0.10 reconn/s: 0.00
[ 410s ] thds: 400 tps: 8517.84 qps: 170161.48 (r/w/o: 119103.65/34022.96/17034.88) lat (ms,95%): 97.55 err/s: 0.00 reconn/s: 0.00
[ 420s ] thds: 400 tps: 8079.80 qps: 161406.34 (r/w/o: 112933.86/32313.69/16158.79) lat (ms,95%): 95.81 err/s: 0.00 reconn/s: 0.00
[ 430s ] thds: 400 tps: 8576.42 qps: 171874.32 (r/w/o: 120389.62/34330.06/17154.63) lat (ms,95%): 86.00 err/s: 0.00 reconn/s: 0.00
[ 440s ] thds: 400 tps: 9201.84 qps: 184077.30 (r/w/o: 128817.46/36856.06/18403.78) lat (ms,95%): 74.46 err/s: 0.00 reconn/s: 0.00
[ 450s ] thds: 400 tps: 7500.69 qps: 150006.17 (r/w/o: 105029.44/29975.35/15001.38) lat (ms,95%): 97.55 err/s: 0.00 reconn/s: 0.00
[ 460s ] thds: 400 tps: 7706.71 qps: 153759.12 (r/w/o: 107566.48/30782.72/15409.91) lat (ms,95%): 92.42 err/s: 0.00 reconn/s: 0.00
[ 470s ] thds: 400 tps: 9874.32 qps: 197817.95 (r/w/o: 138526.41/39539.19/19752.34) lat (ms,95%): 54.83 err/s: 0.00 reconn/s: 0.00
[ 480s ] thds: 400 tps: 10197.97 qps: 203758.85 (r/w/o: 142605.41/40757.49/20395.94) lat (ms,95%): 53.85 err/s: 0.00 reconn/s: 0.00
[ 490s ] thds: 400 tps: 10055.71 qps: 201135.61 (r/w/o: 140788.68/40237.12/20109.81) lat (ms,95%): 56.84 err/s: 0.20 reconn/s: 0.00
[ 500s ] thds: 400 tps: 10064.99 qps: 201340.65 (r/w/o: 140972.03/40236.45/20132.18) lat (ms,95%): 57.87 err/s: 0.00 reconn/s: 0.00
[ 510s ] thds: 400 tps: 9790.23 qps: 195895.78 (r/w/o: 137129.27/39186.94/19579.57) lat (ms,95%): 63.32 err/s: 0.00 reconn/s: 0.00
[ 520s ] thds: 400 tps: 9287.66 qps: 185669.54 (r/w/o: 129947.90/37145.83/18575.81) lat (ms,95%): 77.19 err/s: 0.00 reconn/s: 0.00
[ 530s ] thds: 400 tps: 8945.81 qps: 179074.23 (r/w/o: 125354.06/35830.55/17889.62) lat (ms,95%): 82.96 err/s: 0.00 reconn/s: 0.00
[ 540s ] thds: 400 tps: 9198.52 qps: 183701.95 (r/w/o: 128563.21/36742.79/18395.94) lat (ms,95%): 77.19 err/s: 0.00 reconn/s: 0.00
[ 550s ] thds: 400 tps: 9137.34 qps: 182923.50 (r/w/o: 128060.59/36585.54/18277.37) lat (ms,95%): 78.60 err/s: 0.10 reconn/s: 0.00
[ 560s ] thds: 400 tps: 7997.51 qps: 159976.17 (r/w/o: 112024.82/31955.03/15996.32) lat (ms,95%): 92.42 err/s: 0.00 reconn/s: 0.00
[ 570s ] thds: 400 tps: 7383.40 qps: 147659.75 (r/w/o: 103364.47/29528.39/14766.90) lat (ms,95%): 99.33 err/s: 0.10 reconn/s: 0.00
[ 580s ] thds: 400 tps: 9734.86 qps: 194655.01 (r/w/o: 136231.65/38953.94/19469.42) lat (ms,95%): 59.99 err/s: 0.00 reconn/s: 0.00
[ 590s ] thds: 400 tps: 10133.11 qps: 202624.03 (r/w/o: 141821.79/40535.43/20266.81) lat (ms,95%): 53.85 err/s: 0.10 reconn/s: 0.00
[ 600s ] thds: 400 tps: 9927.23 qps: 198593.72 (r/w/o: 139024.86/39714.30/19854.55) lat (ms,95%): 59.99 err/s: 0.00 reconn/s: 0.00
[ 610s ] thds: 400 tps: 9849.09 qps: 197028.73 (r/w/o: 137930.48/39401.07/19697.18) lat (ms,95%): 61.08 err/s: 0.00 reconn/s: 0.00
[ 620s ] thds: 400 tps: 10326.79 qps: 206473.17 (r/w/o: 144548.51/41275.28/20649.39) lat (ms,95%): 52.89 err/s: 0.00 reconn/s: 0.00
[ 630s ] thds: 400 tps: 9353.59 qps: 186958.40 (r/w/o: 130843.56/37404.86/18709.98) lat (ms,95%): 78.60 err/s: 0.10 reconn/s: 0.00
[ 640s ] thds: 400 tps: 8012.64 qps: 160459.71 (r/w/o: 112353.40/32078.34/16027.97) lat (ms,95%): 90.78 err/s: 0.00 reconn/s: 0.00
[ 650s ] thds: 400 tps: 9264.98 qps: 185079.53 (r/w/o: 129514.17/37035.40/18529.95) lat (ms,95%): 75.82 err/s: 0.10 reconn/s: 0.00
[ 660s ] thds: 400 tps: 9432.68 qps: 188932.47 (r/w/o: 132283.17/37783.73/18865.57) lat (ms,95%): 70.55 err/s: 0.00 reconn/s: 0.00
[ 670s ] thds: 400 tps: 7719.88 qps: 154308.41 (r/w/o: 108038.83/30829.62/15439.96) lat (ms,95%): 94.10 err/s: 0.10 reconn/s: 0.00
[ 680s ] thds: 400 tps: 8056.36 qps: 161147.05 (r/w/o: 112762.58/32271.75/16112.73) lat (ms,95%): 86.00 err/s: 0.00 reconn/s: 0.00
[ 690s ] thds: 400 tps: 10032.69 qps: 200734.25 (r/w/o: 140534.29/40134.57/20065.38) lat (ms,95%): 54.83 err/s: 0.00 reconn/s: 0.00
[ 700s ] thds: 400 tps: 10044.19 qps: 200745.43 (r/w/o: 140505.41/40152.25/20087.77) lat (ms,95%): 58.92 err/s: 0.10 reconn/s: 0.00
[ 710s ] thds: 400 tps: 10055.81 qps: 201224.70 (r/w/o: 140853.24/40258.84/20112.62) lat (ms,95%): 56.84 err/s: 0.10 reconn/s: 0.00
[ 720s ] thds: 400 tps: 10135.67 qps: 202517.41 (r/w/o: 141757.62/40492.16/20267.63) lat (ms,95%): 54.83 err/s: 0.00 reconn/s: 0.00
[ 730s ] thds: 400 tps: 10082.20 qps: 201645.58 (r/w/o: 141157.78/40319.90/20167.90) lat (ms,95%): 56.84 err/s: 0.00 reconn/s: 0.00
[ 740s ] thds: 400 tps: 8789.85 qps: 175920.88 (r/w/o: 123145.65/35195.02/17580.21) lat (ms,95%): 86.00 err/s: 0.10 reconn/s: 0.00
[ 750s ] thds: 400 tps: 9590.34 qps: 191742.29 (r/w/o: 134206.46/38355.76/19180.08) lat (ms,95%): 71.83 err/s: 0.00 reconn/s: 0.00
[ 760s ] thds: 400 tps: 8865.60 qps: 177410.99 (r/w/o: 124219.56/35459.62/17731.81) lat (ms,95%): 87.56 err/s: 0.00 reconn/s: 0.00
[ 770s ] thds: 400 tps: 8080.62 qps: 161387.68 (r/w/o: 112939.33/32294.40/16153.95) lat (ms,95%): 97.55 err/s: 0.00 reconn/s: 0.00
[ 780s ] thds: 400 tps: 8474.57 qps: 169623.98 (r/w/o: 118743.17/33925.28/16955.54) lat (ms,95%): 95.81 err/s: 0.00 reconn/s: 0.00
[ 790s ] thds: 400 tps: 8783.76 qps: 175744.46 (r/w/o: 123040.21/35135.83/17568.42) lat (ms,95%): 92.42 err/s: 0.00 reconn/s: 0.00
[ 800s ] thds: 400 tps: 8555.95 qps: 170846.66 (r/w/o: 119529.27/34207.19/17110.20) lat (ms,95%): 94.10 err/s: 0.00 reconn/s: 0.00
[ 810s ] thds: 400 tps: 8398.20 qps: 167974.97 (r/w/o: 117618.28/33558.59/16798.10) lat (ms,95%): 90.78 err/s: 0.00 reconn/s: 0.00
[ 820s ] thds: 400 tps: 7887.76 qps: 157832.13 (r/w/o: 110467.96/31593.75/15770.42) lat (ms,95%): 102.97 err/s: 0.10 reconn/s: 0.00
[ 830s ] thds: 400 tps: 8783.97 qps: 175870.09 (r/w/o: 123149.44/35146.90/17573.75) lat (ms,95%): 86.00 err/s: 0.00 reconn/s: 0.00
[ 840s ] thds: 400 tps: 9551.36 qps: 191033.49 (r/w/o: 133684.74/38250.84/19097.92) lat (ms,95%): 68.05 err/s: 0.20 reconn/s: 0.00
SQL statistics:
    queries performed:
        read:                            107044182
        write:                           30583957
        other:                           15292063
        total:                           152920202
    transactions:                        7645984 (9088.79 per sec.)
    queries:                             152920202 (181776.48 per sec.)
    ignored errors:                      29     (0.03 per sec.)
    reconnects:                          0      (0.00 per sec.)

General statistics:
    total time:                          841.2531s
    total number of events:              7645984

Latency (ms):
         min:                                   19.68
         avg:                                   43.95
         max:                                 1261.05
         95th percentile:                       81.48
         sum:                            336071937.97

Threads fairness:
    events (avg/stddev):           19114.9600/472.28
    execution time (avg/stddev):   840.1798/0.27

