sysbench 1.0.20-ebf1c90 (using bundled LuaJIT 2.1.0-beta2)

Running the test with following options:
Number of threads: 400
Report intermediate results every 10 second(s)
Initializing random number generator from current time


Initializing worker threads...

Threads started!

[ 10s ] thds: 400 tps: 5852.07 qps: 117231.36 (r/w/o: 82073.95/23413.28/11744.13) lat (ms,95%): 207.82 err/s: 0.00 reconn/s: 0.00
[ 20s ] thds: 400 tps: 8303.85 qps: 166351.96 (r/w/o: 116473.74/33270.31/16607.91) lat (ms,95%): 153.02 err/s: 0.00 reconn/s: 0.00
[ 30s ] thds: 400 tps: 8896.87 qps: 177936.76 (r/w/o: 124574.13/35569.69/17792.95) lat (ms,95%): 97.55 err/s: 0.00 reconn/s: 0.00
[ 40s ] thds: 400 tps: 9484.90 qps: 189854.00 (r/w/o: 132931.60/37951.50/18970.90) lat (ms,95%): 66.84 err/s: 0.00 reconn/s: 0.00
[ 50s ] thds: 400 tps: 9677.41 qps: 193279.95 (r/w/o: 135262.68/38663.55/19353.73) lat (ms,95%): 63.32 err/s: 0.10 reconn/s: 0.00
[ 60s ] thds: 400 tps: 9914.18 qps: 198308.49 (r/w/o: 138811.21/39667.92/19829.36) lat (ms,95%): 55.82 err/s: 0.00 reconn/s: 0.00
[ 70s ] thds: 400 tps: 9863.22 qps: 197538.67 (r/w/o: 138282.03/39529.89/19726.75) lat (ms,95%): 61.08 err/s: 0.00 reconn/s: 0.00
[ 80s ] thds: 400 tps: 9623.21 qps: 192371.76 (r/w/o: 134659.51/38465.73/19246.52) lat (ms,95%): 65.65 err/s: 0.00 reconn/s: 0.00
[ 90s ] thds: 400 tps: 9777.01 qps: 195505.16 (r/w/o: 136843.08/39107.65/19554.43) lat (ms,95%): 58.92 err/s: 0.10 reconn/s: 0.00
[ 100s ] thds: 400 tps: 10319.69 qps: 206099.30 (r/w/o: 144250.86/41210.56/20637.88) lat (ms,95%): 51.94 err/s: 0.00 reconn/s: 0.00
[ 110s ] thds: 400 tps: 7242.90 qps: 145221.78 (r/w/o: 101692.79/29041.50/14487.50) lat (ms,95%): 118.92 err/s: 0.00 reconn/s: 0.00
[ 120s ] thds: 400 tps: 5806.60 qps: 116005.51 (r/w/o: 81226.01/23166.40/11613.10) lat (ms,95%): 137.35 err/s: 0.00 reconn/s: 0.00
[ 130s ] thds: 400 tps: 7731.29 qps: 154544.81 (r/w/o: 108154.00/30928.04/15462.77) lat (ms,95%): 101.13 err/s: 0.00 reconn/s: 0.00
[ 140s ] thds: 400 tps: 9784.02 qps: 195694.80 (r/w/o: 136983.51/39142.96/19568.33) lat (ms,95%): 57.87 err/s: 0.00 reconn/s: 0.00
[ 150s ] thds: 400 tps: 9815.52 qps: 196442.82 (r/w/o: 137525.53/39286.26/19631.03) lat (ms,95%): 64.47 err/s: 0.00 reconn/s: 0.00
[ 160s ] thds: 400 tps: 9984.90 qps: 199704.10 (r/w/o: 139783.03/39951.28/19969.79) lat (ms,95%): 57.87 err/s: 0.00 reconn/s: 0.00
[ 170s ] thds: 400 tps: 9983.08 qps: 199730.56 (r/w/o: 139822.76/39941.53/19966.27) lat (ms,95%): 56.84 err/s: 0.00 reconn/s: 0.00
[ 180s ] thds: 400 tps: 9924.60 qps: 198386.27 (r/w/o: 138868.15/39668.71/19849.41) lat (ms,95%): 57.87 err/s: 0.10 reconn/s: 0.00
[ 190s ] thds: 400 tps: 10094.10 qps: 201935.02 (r/w/o: 141336.12/40410.70/20188.20) lat (ms,95%): 55.82 err/s: 0.00 reconn/s: 0.00
[ 200s ] thds: 400 tps: 10291.79 qps: 205622.20 (r/w/o: 143925.49/41114.34/20582.37) lat (ms,95%): 51.02 err/s: 0.00 reconn/s: 0.00
[ 210s ] thds: 400 tps: 9252.42 qps: 185374.54 (r/w/o: 129779.81/37088.69/18506.04) lat (ms,95%): 81.48 err/s: 0.00 reconn/s: 0.00
[ 220s ] thds: 400 tps: 8269.39 qps: 165153.83 (r/w/o: 115633.58/32981.87/16538.38) lat (ms,95%): 92.42 err/s: 0.00 reconn/s: 0.00
[ 230s ] thds: 400 tps: 6882.47 qps: 137743.93 (r/w/o: 96422.10/27556.29/13765.54) lat (ms,95%): 110.66 err/s: 0.00 reconn/s: 0.00
[ 240s ] thds: 400 tps: 7935.33 qps: 158392.56 (r/w/o: 110794.59/31729.81/15868.16) lat (ms,95%): 95.81 err/s: 0.00 reconn/s: 0.00
[ 250s ] thds: 400 tps: 9745.57 qps: 195200.98 (r/w/o: 136713.04/38994.80/19493.15) lat (ms,95%): 62.19 err/s: 0.00 reconn/s: 0.00
[ 260s ] thds: 400 tps: 9990.42 qps: 199804.91 (r/w/o: 139832.72/39996.46/19975.73) lat (ms,95%): 55.82 err/s: 0.00 reconn/s: 0.00
[ 270s ] thds: 400 tps: 10145.28 qps: 202858.88 (r/w/o: 142041.78/40521.14/20295.97) lat (ms,95%): 53.85 err/s: 0.00 reconn/s: 0.00
[ 280s ] thds: 400 tps: 9951.76 qps: 199299.48 (r/w/o: 139465.83/39929.24/19904.42) lat (ms,95%): 56.84 err/s: 0.20 reconn/s: 0.00
[ 290s ] thds: 400 tps: 10197.18 qps: 203695.33 (r/w/o: 142630.44/40670.33/20394.56) lat (ms,95%): 54.83 err/s: 0.00 reconn/s: 0.00
[ 300s ] thds: 400 tps: 10160.71 qps: 203232.71 (r/w/o: 142210.57/40701.62/20320.51) lat (ms,95%): 52.89 err/s: 0.00 reconn/s: 0.00
[ 310s ] thds: 400 tps: 9279.37 qps: 185524.41 (r/w/o: 129901.88/37062.78/18559.74) lat (ms,95%): 80.03 err/s: 0.10 reconn/s: 0.00
[ 320s ] thds: 400 tps: 8854.41 qps: 177111.75 (r/w/o: 123956.50/35446.13/17709.11) lat (ms,95%): 86.00 err/s: 0.00 reconn/s: 0.00
[ 330s ] thds: 400 tps: 8571.38 qps: 171338.37 (r/w/o: 119949.60/34246.61/17142.16) lat (ms,95%): 89.16 err/s: 0.00 reconn/s: 0.00
[ 340s ] thds: 400 tps: 7121.84 qps: 142345.36 (r/w/o: 99613.73/28486.75/14244.88) lat (ms,95%): 108.68 err/s: 0.20 reconn/s: 0.00
[ 350s ] thds: 400 tps: 8000.57 qps: 160206.50 (r/w/o: 112198.48/32006.78/16001.24) lat (ms,95%): 92.42 err/s: 0.00 reconn/s: 0.00
[ 360s ] thds: 400 tps: 10033.21 qps: 200567.09 (r/w/o: 140357.63/40144.04/20065.42) lat (ms,95%): 52.89 err/s: 0.00 reconn/s: 0.00
[ 370s ] thds: 400 tps: 9846.30 qps: 197190.09 (r/w/o: 138039.79/39456.80/19693.50) lat (ms,95%): 63.32 err/s: 0.00 reconn/s: 0.00
[ 380s ] thds: 400 tps: 9577.70 qps: 191463.22 (r/w/o: 134023.14/38284.58/19155.49) lat (ms,95%): 74.46 err/s: 0.00 reconn/s: 0.00
[ 390s ] thds: 400 tps: 9289.67 qps: 185528.71 (r/w/o: 129838.09/37111.28/18579.34) lat (ms,95%): 84.47 err/s: 0.00 reconn/s: 0.00
[ 400s ] thds: 400 tps: 8802.34 qps: 176277.78 (r/w/o: 123463.11/35209.87/17604.79) lat (ms,95%): 94.10 err/s: 0.00 reconn/s: 0.00
[ 410s ] thds: 400 tps: 8476.28 qps: 169434.55 (r/w/o: 118546.16/33938.43/16949.97) lat (ms,95%): 99.33 err/s: 0.00 reconn/s: 0.00
[ 420s ] thds: 400 tps: 8028.16 qps: 160711.65 (r/w/o: 112521.87/32131.15/16058.62) lat (ms,95%): 95.81 err/s: 0.10 reconn/s: 0.00
[ 430s ] thds: 400 tps: 8553.93 qps: 170719.58 (r/w/o: 119438.37/34178.74/17102.47) lat (ms,95%): 87.56 err/s: 0.00 reconn/s: 0.00
[ 440s ] thds: 400 tps: 9193.48 qps: 183969.78 (r/w/o: 128820.87/36759.44/18389.47) lat (ms,95%): 74.46 err/s: 0.00 reconn/s: 0.00
[ 450s ] thds: 400 tps: 7420.34 qps: 148395.38 (r/w/o: 103876.95/29673.96/14844.48) lat (ms,95%): 99.33 err/s: 0.00 reconn/s: 0.00
[ 460s ] thds: 400 tps: 7631.06 qps: 152888.51 (r/w/o: 107058.45/30569.14/15260.92) lat (ms,95%): 92.42 err/s: 0.00 reconn/s: 0.00
[ 470s ] thds: 400 tps: 9851.70 qps: 196915.22 (r/w/o: 137801.81/39410.40/19703.00) lat (ms,95%): 55.82 err/s: 0.00 reconn/s: 0.00
[ 480s ] thds: 400 tps: 10149.13 qps: 202955.34 (r/w/o: 142096.85/40560.73/20297.76) lat (ms,95%): 53.85 err/s: 0.00 reconn/s: 0.00
[ 490s ] thds: 400 tps: 10049.30 qps: 200940.22 (r/w/o: 140639.21/40206.30/20094.70) lat (ms,95%): 56.84 err/s: 0.00 reconn/s: 0.00
[ 500s ] thds: 400 tps: 10018.22 qps: 200521.11 (r/w/o: 140431.89/40046.68/20042.54) lat (ms,95%): 57.87 err/s: 0.00 reconn/s: 0.00
[ 510s ] thds: 400 tps: 9794.03 qps: 195628.14 (r/w/o: 136863.95/39178.23/19585.96) lat (ms,95%): 63.32 err/s: 0.00 reconn/s: 0.00
[ 520s ] thds: 400 tps: 9245.22 qps: 185232.79 (r/w/o: 129718.04/37022.20/18492.55) lat (ms,95%): 78.60 err/s: 0.00 reconn/s: 0.00
[ 530s ] thds: 400 tps: 8873.80 qps: 177389.68 (r/w/o: 124139.79/35502.10/17747.80) lat (ms,95%): 84.47 err/s: 0.10 reconn/s: 0.00
[ 540s ] thds: 400 tps: 9180.02 qps: 183661.01 (r/w/o: 128589.19/36711.48/18360.34) lat (ms,95%): 78.60 err/s: 0.10 reconn/s: 0.00
[ 550s ] thds: 400 tps: 9129.69 qps: 182472.48 (r/w/o: 127698.31/36514.78/18259.39) lat (ms,95%): 78.60 err/s: 0.00 reconn/s: 0.00
[ 560s ] thds: 400 tps: 7910.58 qps: 158299.00 (r/w/o: 110830.09/31652.24/15816.67) lat (ms,95%): 94.10 err/s: 0.10 reconn/s: 0.00
[ 570s ] thds: 400 tps: 7375.61 qps: 147227.68 (r/w/o: 103003.69/29472.96/14751.03) lat (ms,95%): 99.33 err/s: 0.10 reconn/s: 0.00
[ 580s ] thds: 400 tps: 9691.60 qps: 194104.02 (r/w/o: 135918.52/38797.30/19388.20) lat (ms,95%): 61.08 err/s: 0.00 reconn/s: 0.00
[ 590s ] thds: 400 tps: 10191.21 qps: 203700.00 (r/w/o: 142582.14/40735.14/20382.72) lat (ms,95%): 53.85 err/s: 0.10 reconn/s: 0.00
[ 600s ] thds: 400 tps: 9940.09 qps: 198781.63 (r/w/o: 139150.68/39750.57/19880.38) lat (ms,95%): 59.99 err/s: 0.00 reconn/s: 0.00
[ 610s ] thds: 400 tps: 9817.76 qps: 196511.54 (r/w/o: 137557.66/39318.35/19635.52) lat (ms,95%): 61.08 err/s: 0.00 reconn/s: 0.00
[ 620s ] thds: 400 tps: 10297.96 qps: 205821.77 (r/w/o: 144061.92/41174.43/20585.42) lat (ms,95%): 52.89 err/s: 0.10 reconn/s: 0.00
[ 630s ] thds: 400 tps: 9321.60 qps: 186309.73 (r/w/o: 130408.15/37257.59/18643.99) lat (ms,95%): 80.03 err/s: 0.00 reconn/s: 0.00
[ 640s ] thds: 400 tps: 7941.69 qps: 159264.76 (r/w/o: 111504.63/31866.15/15893.98) lat (ms,95%): 92.42 err/s: 0.20 reconn/s: 0.00
[ 650s ] thds: 400 tps: 9233.91 qps: 184446.62 (r/w/o: 129123.99/36855.22/18467.41) lat (ms,95%): 75.82 err/s: 0.00 reconn/s: 0.00
[ 660s ] thds: 400 tps: 9438.71 qps: 188811.49 (r/w/o: 132169.94/37766.84/18874.72) lat (ms,95%): 70.55 err/s: 0.00 reconn/s: 0.00
[ 670s ] thds: 400 tps: 7674.97 qps: 153697.33 (r/w/o: 107588.93/30755.17/15353.23) lat (ms,95%): 94.10 err/s: 0.10 reconn/s: 0.00
[ 680s ] thds: 400 tps: 8035.65 qps: 160515.19 (r/w/o: 112378.06/32065.62/16071.51) lat (ms,95%): 86.00 err/s: 0.10 reconn/s: 0.00
[ 690s ] thds: 400 tps: 10045.12 qps: 200835.91 (r/w/o: 140548.18/40197.38/20090.34) lat (ms,95%): 54.83 err/s: 0.00 reconn/s: 0.00
[ 700s ] thds: 400 tps: 10028.17 qps: 200660.76 (r/w/o: 140488.63/40115.79/20056.35) lat (ms,95%): 58.92 err/s: 0.00 reconn/s: 0.00
[ 710s ] thds: 400 tps: 10043.41 qps: 200562.08 (r/w/o: 140341.63/40134.14/20086.32) lat (ms,95%): 57.87 err/s: 0.00 reconn/s: 0.00
[ 720s ] thds: 400 tps: 10078.67 qps: 201873.14 (r/w/o: 141360.14/40355.07/20157.93) lat (ms,95%): 54.83 err/s: 0.00 reconn/s: 0.00
[ 730s ] thds: 400 tps: 10058.80 qps: 201248.49 (r/w/o: 140900.19/40230.40/20117.90) lat (ms,95%): 56.84 err/s: 0.00 reconn/s: 0.00
[ 740s ] thds: 400 tps: 8746.80 qps: 174770.19 (r/w/o: 122285.76/34995.32/17489.11) lat (ms,95%): 87.56 err/s: 0.00 reconn/s: 0.00
[ 750s ] thds: 400 tps: 9540.78 qps: 190729.16 (r/w/o: 133521.09/38122.01/19086.06) lat (ms,95%): 71.83 err/s: 0.00 reconn/s: 0.00
[ 760s ] thds: 400 tps: 8824.04 qps: 176613.83 (r/w/o: 123621.71/35343.85/17648.27) lat (ms,95%): 89.16 err/s: 0.10 reconn/s: 0.00
[ 770s ] thds: 400 tps: 8056.06 qps: 161129.16 (r/w/o: 112815.81/32201.23/16112.12) lat (ms,95%): 99.33 err/s: 0.00 reconn/s: 0.00
[ 780s ] thds: 400 tps: 8457.30 qps: 169242.58 (r/w/o: 118490.09/33838.10/16914.40) lat (ms,95%): 95.81 err/s: 0.00 reconn/s: 0.00
[ 790s ] thds: 400 tps: 8755.80 qps: 175138.82 (r/w/o: 122598.94/35027.68/17512.19) lat (ms,95%): 92.42 err/s: 0.00 reconn/s: 0.00
[ 800s ] thds: 400 tps: 8487.09 qps: 169616.59 (r/w/o: 118710.46/33931.66/16974.48) lat (ms,95%): 97.55 err/s: 0.10 reconn/s: 0.00
[ 810s ] thds: 400 tps: 8339.63 qps: 166820.43 (r/w/o: 116784.24/33356.93/16679.26) lat (ms,95%): 92.42 err/s: 0.00 reconn/s: 0.00
[ 820s ] thds: 400 tps: 7900.79 qps: 157994.76 (r/w/o: 110590.93/31602.65/15801.18) lat (ms,95%): 102.97 err/s: 0.00 reconn/s: 0.00
[ 830s ] thds: 400 tps: 8763.69 qps: 175389.45 (r/w/o: 122764.39/35097.07/17527.98) lat (ms,95%): 86.00 err/s: 0.10 reconn/s: 0.00
[ 840s ] thds: 400 tps: 9579.16 qps: 191688.60 (r/w/o: 134164.84/38365.44/19158.32) lat (ms,95%): 68.05 err/s: 0.00 reconn/s: 0.00
SQL statistics:
    queries performed:
        read:                            106748950
        write:                           30499606
        other:                           15249900
        total:                           152498456
    transactions:                        7624903 (9065.49 per sec.)
    queries:                             152498456 (181310.30 per sec.)
    ignored errors:                      22     (0.03 per sec.)
    reconnects:                          0      (0.00 per sec.)

General statistics:
    total time:                          841.0900s
    total number of events:              7624903

Latency (ms):
         min:                                   19.78
         avg:                                   44.07
         max:                                 1087.02
         95th percentile:                       81.48
         sum:                            336028895.40

Threads fairness:
    events (avg/stddev):           19062.2575/447.99
    execution time (avg/stddev):   840.0722/0.16

