sysbench 1.0.20-ebf1c90 (using bundled LuaJIT 2.1.0-beta2)

Running the test with following options:
Number of threads: 400
Report intermediate results every 10 second(s)
Initializing random number generator from current time


Initializing worker threads...

Threads started!

[ 10s ] thds: 400 tps: 5839.07 qps: 116986.69 (r/w/o: 81907.60/23361.16/11717.93) lat (ms,95%): 207.82 err/s: 0.00 reconn/s: 0.00
[ 20s ] thds: 400 tps: 8341.11 qps: 167010.70 (r/w/o: 116938.04/33390.04/16682.62) lat (ms,95%): 150.29 err/s: 0.00 reconn/s: 0.00
[ 30s ] thds: 400 tps: 8894.84 qps: 177964.01 (r/w/o: 124610.29/35564.04/17789.67) lat (ms,95%): 99.33 err/s: 0.00 reconn/s: 0.00
[ 40s ] thds: 400 tps: 9467.69 qps: 189178.03 (r/w/o: 132375.88/37866.77/18935.38) lat (ms,95%): 65.65 err/s: 0.00 reconn/s: 0.00
[ 50s ] thds: 400 tps: 9647.28 qps: 193166.65 (r/w/o: 135245.56/38627.83/19293.27) lat (ms,95%): 63.32 err/s: 0.00 reconn/s: 0.00
[ 60s ] thds: 400 tps: 9862.41 qps: 197330.08 (r/w/o: 138143.19/39460.46/19726.43) lat (ms,95%): 55.82 err/s: 0.10 reconn/s: 0.00
[ 70s ] thds: 400 tps: 9932.59 qps: 198386.45 (r/w/o: 138851.79/39675.67/19858.98) lat (ms,95%): 61.08 err/s: 0.00 reconn/s: 0.00
[ 80s ] thds: 400 tps: 9639.76 qps: 192937.60 (r/w/o: 135072.07/38584.22/19281.31) lat (ms,95%): 64.47 err/s: 0.10 reconn/s: 0.00
[ 90s ] thds: 400 tps: 9806.52 qps: 196169.02 (r/w/o: 137326.72/39224.56/19617.73) lat (ms,95%): 57.87 err/s: 0.00 reconn/s: 0.00
[ 100s ] thds: 400 tps: 10327.05 qps: 206583.37 (r/w/o: 144637.55/41291.81/20654.01) lat (ms,95%): 51.94 err/s: 0.00 reconn/s: 0.00
[ 110s ] thds: 400 tps: 7301.17 qps: 145842.83 (r/w/o: 102025.30/29220.79/14596.74) lat (ms,95%): 116.80 err/s: 0.00 reconn/s: 0.00
[ 120s ] thds: 400 tps: 5891.21 qps: 118199.47 (r/w/o: 82736.52/23674.83/11788.12) lat (ms,95%): 134.90 err/s: 0.00 reconn/s: 0.00
[ 130s ] thds: 400 tps: 7717.57 qps: 154243.29 (r/w/o: 107995.64/30812.50/15435.15) lat (ms,95%): 101.13 err/s: 0.00 reconn/s: 0.00
[ 140s ] thds: 400 tps: 9811.60 qps: 196165.11 (r/w/o: 137325.74/39216.18/19623.19) lat (ms,95%): 57.87 err/s: 0.00 reconn/s: 0.00
[ 150s ] thds: 400 tps: 9857.90 qps: 196890.84 (r/w/o: 137775.63/39407.21/19708.00) lat (ms,95%): 63.32 err/s: 0.00 reconn/s: 0.00
[ 160s ] thds: 400 tps: 10032.02 qps: 200739.59 (r/w/o: 140537.57/40136.18/20065.84) lat (ms,95%): 57.87 err/s: 0.00 reconn/s: 0.00
[ 170s ] thds: 400 tps: 9986.11 qps: 199625.43 (r/w/o: 139734.66/39911.85/19978.92) lat (ms,95%): 56.84 err/s: 0.10 reconn/s: 0.00
[ 180s ] thds: 400 tps: 9947.50 qps: 199100.33 (r/w/o: 139369.92/39835.41/19895.00) lat (ms,95%): 57.87 err/s: 0.00 reconn/s: 0.00
[ 190s ] thds: 400 tps: 10121.46 qps: 202432.69 (r/w/o: 141733.43/40456.54/20242.72) lat (ms,95%): 55.82 err/s: 0.00 reconn/s: 0.00
[ 200s ] thds: 400 tps: 10221.13 qps: 204506.52 (r/w/o: 143161.17/40902.70/20442.65) lat (ms,95%): 51.94 err/s: 0.10 reconn/s: 0.00
[ 210s ] thds: 400 tps: 9269.57 qps: 185141.08 (r/w/o: 129546.73/37055.00/18539.35) lat (ms,95%): 81.48 err/s: 0.00 reconn/s: 0.00
[ 220s ] thds: 400 tps: 8253.42 qps: 165450.73 (r/w/o: 115845.90/33097.99/16506.84) lat (ms,95%): 92.42 err/s: 0.00 reconn/s: 0.00
[ 230s ] thds: 400 tps: 6949.70 qps: 138882.73 (r/w/o: 97192.15/27790.69/13899.89) lat (ms,95%): 110.66 err/s: 0.20 reconn/s: 0.00
[ 240s ] thds: 400 tps: 7944.53 qps: 158850.75 (r/w/o: 111266.35/31695.33/15889.06) lat (ms,95%): 95.81 err/s: 0.00 reconn/s: 0.00
[ 250s ] thds: 400 tps: 9788.09 qps: 195806.57 (r/w/o: 137021.51/39208.77/19576.29) lat (ms,95%): 61.08 err/s: 0.00 reconn/s: 0.00
[ 260s ] thds: 400 tps: 10018.18 qps: 200192.35 (r/w/o: 140138.79/40017.21/20036.36) lat (ms,95%): 55.82 err/s: 0.00 reconn/s: 0.00
[ 270s ] thds: 400 tps: 10123.11 qps: 202737.43 (r/w/o: 141911.99/40579.83/20245.61) lat (ms,95%): 53.85 err/s: 0.00 reconn/s: 0.00
[ 280s ] thds: 400 tps: 10034.20 qps: 200390.82 (r/w/o: 140279.74/40041.88/20069.19) lat (ms,95%): 56.84 err/s: 0.10 reconn/s: 0.00
[ 290s ] thds: 400 tps: 10149.68 qps: 203226.24 (r/w/o: 142259.38/40669.81/20297.05) lat (ms,95%): 54.83 err/s: 0.00 reconn/s: 0.00
[ 300s ] thds: 400 tps: 10195.44 qps: 203719.30 (r/w/o: 142599.16/40728.56/20391.58) lat (ms,95%): 52.89 err/s: 0.00 reconn/s: 0.00
[ 310s ] thds: 400 tps: 9311.78 qps: 186293.70 (r/w/o: 130382.12/37286.22/18625.36) lat (ms,95%): 80.03 err/s: 0.00 reconn/s: 0.00
[ 320s ] thds: 400 tps: 8871.52 qps: 177471.97 (r/w/o: 124260.46/35468.27/17743.24) lat (ms,95%): 86.00 err/s: 0.00 reconn/s: 0.00
[ 330s ] thds: 400 tps: 8587.89 qps: 171813.82 (r/w/o: 120274.00/34364.14/17175.67) lat (ms,95%): 87.56 err/s: 0.00 reconn/s: 0.00
[ 340s ] thds: 400 tps: 7169.02 qps: 143235.35 (r/w/o: 100270.64/28626.57/14338.13) lat (ms,95%): 108.68 err/s: 0.00 reconn/s: 0.00
[ 350s ] thds: 400 tps: 8035.59 qps: 161002.73 (r/w/o: 112669.41/32261.85/16071.47) lat (ms,95%): 90.78 err/s: 0.10 reconn/s: 0.00
[ 360s ] thds: 400 tps: 10007.52 qps: 200001.41 (r/w/o: 140020.29/39965.68/20015.44) lat (ms,95%): 53.85 err/s: 0.10 reconn/s: 0.00
[ 370s ] thds: 400 tps: 9858.70 qps: 197055.80 (r/w/o: 137931.70/39406.70/19717.40) lat (ms,95%): 63.32 err/s: 0.10 reconn/s: 0.00
[ 380s ] thds: 400 tps: 9540.86 qps: 190757.47 (r/w/o: 133510.02/38165.43/19082.02) lat (ms,95%): 74.46 err/s: 0.00 reconn/s: 0.00
[ 390s ] thds: 400 tps: 9290.91 qps: 186024.13 (r/w/o: 130244.86/37197.65/18581.62) lat (ms,95%): 82.96 err/s: 0.00 reconn/s: 0.00
[ 400s ] thds: 400 tps: 8790.88 qps: 175834.93 (r/w/o: 123096.94/35156.03/17581.96) lat (ms,95%): 94.10 err/s: 0.00 reconn/s: 0.00
[ 410s ] thds: 400 tps: 8536.42 qps: 170518.93 (r/w/o: 119337.20/34111.19/17070.54) lat (ms,95%): 97.55 err/s: 0.00 reconn/s: 0.00
[ 420s ] thds: 400 tps: 8060.78 qps: 161430.25 (r/w/o: 112996.25/32310.73/16123.26) lat (ms,95%): 95.81 err/s: 0.00 reconn/s: 0.00
[ 430s ] thds: 400 tps: 8591.14 qps: 171711.75 (r/w/o: 120255.42/34273.45/17182.88) lat (ms,95%): 87.56 err/s: 0.00 reconn/s: 0.00
[ 440s ] thds: 400 tps: 9231.48 qps: 184655.38 (r/w/o: 129227.18/36965.44/18462.77) lat (ms,95%): 74.46 err/s: 0.10 reconn/s: 0.00
[ 450s ] thds: 400 tps: 7455.80 qps: 149134.00 (r/w/o: 104415.00/29806.70/14912.30) lat (ms,95%): 99.33 err/s: 0.10 reconn/s: 0.00
[ 460s ] thds: 400 tps: 7645.39 qps: 153079.91 (r/w/o: 107107.69/30681.24/15290.97) lat (ms,95%): 92.42 err/s: 0.10 reconn/s: 0.00
[ 470s ] thds: 400 tps: 9902.41 qps: 197840.30 (r/w/o: 138522.04/39513.34/19804.92) lat (ms,95%): 55.82 err/s: 0.00 reconn/s: 0.00
[ 480s ] thds: 400 tps: 10165.25 qps: 203376.88 (r/w/o: 142346.78/40699.30/20330.80) lat (ms,95%): 53.85 err/s: 0.10 reconn/s: 0.00
[ 490s ] thds: 400 tps: 10035.25 qps: 200732.76 (r/w/o: 140535.77/40126.09/20070.90) lat (ms,95%): 57.87 err/s: 0.10 reconn/s: 0.00
[ 500s ] thds: 400 tps: 10069.91 qps: 201136.06 (r/w/o: 140742.01/40254.33/20139.72) lat (ms,95%): 57.87 err/s: 0.10 reconn/s: 0.00
[ 510s ] thds: 400 tps: 9784.29 qps: 195917.08 (r/w/o: 137203.42/39144.78/19568.89) lat (ms,95%): 63.32 err/s: 0.00 reconn/s: 0.00
[ 520s ] thds: 400 tps: 9255.32 qps: 184940.30 (r/w/o: 129405.38/37027.48/18507.44) lat (ms,95%): 77.19 err/s: 0.00 reconn/s: 0.00
[ 530s ] thds: 400 tps: 8962.48 qps: 179350.12 (r/w/o: 125553.94/35867.52/17928.66) lat (ms,95%): 82.96 err/s: 0.10 reconn/s: 0.00
[ 540s ] thds: 400 tps: 9190.80 qps: 183995.21 (r/w/o: 128810.84/36802.68/18381.69) lat (ms,95%): 77.19 err/s: 0.00 reconn/s: 0.00
[ 550s ] thds: 400 tps: 9139.91 qps: 182679.57 (r/w/o: 127896.72/36503.03/18279.82) lat (ms,95%): 78.60 err/s: 0.00 reconn/s: 0.00
[ 560s ] thds: 400 tps: 7963.24 qps: 159165.55 (r/w/o: 111389.39/31849.57/15926.58) lat (ms,95%): 94.10 err/s: 0.00 reconn/s: 0.00
[ 570s ] thds: 400 tps: 7399.54 qps: 147958.80 (r/w/o: 103586.76/29573.16/14798.88) lat (ms,95%): 97.55 err/s: 0.10 reconn/s: 0.00
[ 580s ] thds: 400 tps: 9733.02 qps: 194750.45 (r/w/o: 136325.52/38958.49/19466.45) lat (ms,95%): 59.99 err/s: 0.00 reconn/s: 0.00
[ 590s ] thds: 400 tps: 10162.83 qps: 203308.21 (r/w/o: 142318.05/40664.50/20325.65) lat (ms,95%): 52.89 err/s: 0.00 reconn/s: 0.00
[ 600s ] thds: 400 tps: 9973.76 qps: 199468.85 (r/w/o: 139629.38/39893.55/19945.93) lat (ms,95%): 58.92 err/s: 0.00 reconn/s: 0.00
[ 610s ] thds: 400 tps: 9811.12 qps: 196231.11 (r/w/o: 137337.48/39271.28/19622.34) lat (ms,95%): 61.08 err/s: 0.00 reconn/s: 0.00
[ 620s ] thds: 400 tps: 10302.02 qps: 205924.32 (r/w/o: 144153.22/41165.16/20605.93) lat (ms,95%): 52.89 err/s: 0.10 reconn/s: 0.00
[ 630s ] thds: 400 tps: 9363.88 qps: 187171.79 (r/w/o: 131002.68/37442.54/18726.57) lat (ms,95%): 77.19 err/s: 0.10 reconn/s: 0.00
[ 640s ] thds: 400 tps: 8031.19 qps: 160590.87 (r/w/o: 112412.91/32113.97/16063.99) lat (ms,95%): 90.78 err/s: 0.10 reconn/s: 0.00
[ 650s ] thds: 400 tps: 9234.29 qps: 184950.54 (r/w/o: 129490.29/36991.67/18468.58) lat (ms,95%): 75.82 err/s: 0.00 reconn/s: 0.00
[ 660s ] thds: 400 tps: 9451.21 qps: 188919.80 (r/w/o: 132231.04/37786.54/18902.22) lat (ms,95%): 70.55 err/s: 0.00 reconn/s: 0.00
[ 670s ] thds: 400 tps: 7719.80 qps: 154265.74 (r/w/o: 107989.43/30836.31/15440.00) lat (ms,95%): 94.10 err/s: 0.10 reconn/s: 0.00
[ 680s ] thds: 400 tps: 8044.47 qps: 161120.42 (r/w/o: 112789.40/32241.68/16089.34) lat (ms,95%): 86.00 err/s: 0.00 reconn/s: 0.00
[ 690s ] thds: 400 tps: 10083.70 qps: 201555.64 (r/w/o: 141107.33/40280.91/20167.40) lat (ms,95%): 54.83 err/s: 0.00 reconn/s: 0.00
[ 700s ] thds: 400 tps: 10009.83 qps: 200201.03 (r/w/o: 140103.64/40077.63/20019.76) lat (ms,95%): 58.92 err/s: 0.00 reconn/s: 0.00
[ 710s ] thds: 400 tps: 10061.42 qps: 201317.07 (r/w/o: 140988.06/40206.27/20122.74) lat (ms,95%): 56.84 err/s: 0.00 reconn/s: 0.00
[ 720s ] thds: 400 tps: 10120.31 qps: 202409.06 (r/w/o: 141623.11/40545.43/20240.52) lat (ms,95%): 54.83 err/s: 0.00 reconn/s: 0.00
[ 730s ] thds: 400 tps: 10065.19 qps: 201301.54 (r/w/o: 140906.19/40265.37/20129.98) lat (ms,95%): 56.84 err/s: 0.00 reconn/s: 0.00
[ 740s ] thds: 400 tps: 8760.02 qps: 175240.74 (r/w/o: 122696.54/35023.27/17520.93) lat (ms,95%): 86.00 err/s: 0.00 reconn/s: 0.00
[ 750s ] thds: 400 tps: 9594.60 qps: 191798.24 (r/w/o: 134262.06/38347.59/19188.59) lat (ms,95%): 71.83 err/s: 0.10 reconn/s: 0.00
[ 760s ] thds: 400 tps: 8869.40 qps: 177424.95 (r/w/o: 124193.73/35491.61/17739.60) lat (ms,95%): 89.16 err/s: 0.00 reconn/s: 0.00
[ 770s ] thds: 400 tps: 8070.26 qps: 161369.25 (r/w/o: 112944.17/32284.75/16140.32) lat (ms,95%): 97.55 err/s: 0.10 reconn/s: 0.00
[ 780s ] thds: 400 tps: 8504.62 qps: 170036.01 (r/w/o: 119007.79/34018.58/17009.64) lat (ms,95%): 95.81 err/s: 0.00 reconn/s: 0.00
[ 790s ] thds: 400 tps: 8763.59 qps: 175346.19 (r/w/o: 122774.95/35044.26/17526.98) lat (ms,95%): 92.42 err/s: 0.00 reconn/s: 0.00
[ 800s ] thds: 400 tps: 8514.32 qps: 170464.84 (r/w/o: 119313.94/34121.67/17029.23) lat (ms,95%): 95.81 err/s: 0.00 reconn/s: 0.00
[ 810s ] thds: 400 tps: 8407.70 qps: 167966.13 (r/w/o: 117546.52/33611.41/16808.20) lat (ms,95%): 90.78 err/s: 0.10 reconn/s: 0.00
[ 820s ] thds: 400 tps: 7930.59 qps: 158766.76 (r/w/o: 111165.23/31732.75/15868.78) lat (ms,95%): 101.13 err/s: 0.00 reconn/s: 0.00
[ 830s ] thds: 400 tps: 8796.53 qps: 175770.96 (r/w/o: 123028.36/35149.23/17593.37) lat (ms,95%): 84.47 err/s: 0.10 reconn/s: 0.00
[ 840s ] thds: 400 tps: 9545.58 qps: 191046.18 (r/w/o: 133721.61/38236.31/19088.26) lat (ms,95%): 68.05 err/s: 0.00 reconn/s: 0.00
SQL statistics:
    queries performed:
        read:                            106987328
        write:                           30567708
        other:                           15283952
        total:                           152838988
    transactions:                        7641926 (9085.81 per sec.)
    queries:                             152838988 (181716.82 per sec.)
    ignored errors:                      26     (0.03 per sec.)
    reconnects:                          0      (0.00 per sec.)

General statistics:
    total time:                          841.0824s
    total number of events:              7641926

Latency (ms):
         min:                                   19.85
         avg:                                   43.98
         max:                                 1087.45
         95th percentile:                       81.48
         sum:                            336055774.21

Threads fairness:
    events (avg/stddev):           19104.8150/436.17
    execution time (avg/stddev):   840.1394/0.23

