sysbench 1.0.20-ebf1c90 (using bundled LuaJIT 2.1.0-beta2)

Running the test with following options:
Number of threads: 400
Report intermediate results every 10 second(s)
Initializing random number generator from current time


Initializing worker threads...

Threads started!

[ 10s ] thds: 400 tps: 5846.95 qps: 117129.17 (r/w/o: 82001.71/23393.58/11733.88) lat (ms,95%): 207.82 err/s: 0.00 reconn/s: 0.00
[ 20s ] thds: 400 tps: 8290.30 qps: 165995.47 (r/w/o: 116224.65/33190.01/16580.81) lat (ms,95%): 150.29 err/s: 0.00 reconn/s: 0.00
[ 30s ] thds: 400 tps: 8887.53 qps: 177849.65 (r/w/o: 124522.79/35553.31/17773.56) lat (ms,95%): 94.10 err/s: 0.00 reconn/s: 0.00
[ 40s ] thds: 400 tps: 9443.92 qps: 188992.66 (r/w/o: 132323.85/37779.57/18889.24) lat (ms,95%): 66.84 err/s: 0.00 reconn/s: 0.00
[ 50s ] thds: 400 tps: 9676.33 qps: 193261.89 (r/w/o: 135232.68/38676.74/19352.47) lat (ms,95%): 63.32 err/s: 0.00 reconn/s: 0.00
[ 60s ] thds: 400 tps: 9928.36 qps: 198595.81 (r/w/o: 139020.28/39720.82/19854.71) lat (ms,95%): 54.83 err/s: 0.00 reconn/s: 0.00
[ 70s ] thds: 400 tps: 9916.02 qps: 198602.53 (r/w/o: 139029.13/39739.07/19834.33) lat (ms,95%): 61.08 err/s: 0.00 reconn/s: 0.00
[ 80s ] thds: 400 tps: 9611.26 qps: 192096.29 (r/w/o: 134470.11/38403.26/19222.93) lat (ms,95%): 65.65 err/s: 0.20 reconn/s: 0.00
[ 90s ] thds: 400 tps: 9814.43 qps: 196263.21 (r/w/o: 137360.66/39273.50/19629.05) lat (ms,95%): 58.92 err/s: 0.00 reconn/s: 0.00
[ 100s ] thds: 400 tps: 10306.29 qps: 205849.71 (r/w/o: 144072.87/41164.06/20612.78) lat (ms,95%): 51.94 err/s: 0.00 reconn/s: 0.00
[ 110s ] thds: 400 tps: 7313.39 qps: 146643.66 (r/w/o: 102705.50/29311.37/14626.79) lat (ms,95%): 116.80 err/s: 0.00 reconn/s: 0.00
[ 120s ] thds: 400 tps: 5884.74 qps: 117578.30 (r/w/o: 82331.46/23477.36/11769.48) lat (ms,95%): 134.90 err/s: 0.00 reconn/s: 0.00
[ 130s ] thds: 400 tps: 7720.44 qps: 154320.23 (r/w/o: 107989.08/30890.47/15440.68) lat (ms,95%): 101.13 err/s: 0.00 reconn/s: 0.00
[ 140s ] thds: 400 tps: 9818.21 qps: 196344.07 (r/w/o: 137428.89/39278.65/19636.53) lat (ms,95%): 57.87 err/s: 0.00 reconn/s: 0.00
[ 150s ] thds: 400 tps: 9820.22 qps: 196535.45 (r/w/o: 137596.62/39298.09/19640.75) lat (ms,95%): 64.47 err/s: 0.10 reconn/s: 0.00
[ 160s ] thds: 400 tps: 10012.79 qps: 200243.54 (r/w/o: 140164.09/40054.07/20025.38) lat (ms,95%): 57.87 err/s: 0.10 reconn/s: 0.00
[ 170s ] thds: 400 tps: 10000.66 qps: 200139.10 (r/w/o: 140108.14/40028.94/20002.02) lat (ms,95%): 56.84 err/s: 0.00 reconn/s: 0.00
[ 180s ] thds: 400 tps: 9992.24 qps: 199686.62 (r/w/o: 139767.61/39934.54/19984.47) lat (ms,95%): 57.87 err/s: 0.00 reconn/s: 0.00
[ 190s ] thds: 400 tps: 10120.08 qps: 202494.05 (r/w/o: 141748.09/40505.81/20240.16) lat (ms,95%): 55.82 err/s: 0.00 reconn/s: 0.00
[ 200s ] thds: 400 tps: 10297.98 qps: 205834.04 (r/w/o: 144071.88/41174.01/20588.15) lat (ms,95%): 51.94 err/s: 0.00 reconn/s: 0.00
[ 210s ] thds: 400 tps: 9287.21 qps: 185992.60 (r/w/o: 130208.91/37201.46/18582.23) lat (ms,95%): 81.48 err/s: 0.00 reconn/s: 0.00
[ 220s ] thds: 400 tps: 8290.18 qps: 165572.01 (r/w/o: 115917.43/33074.22/16580.36) lat (ms,95%): 92.42 err/s: 0.00 reconn/s: 0.00
[ 230s ] thds: 400 tps: 6897.91 qps: 138014.87 (r/w/o: 96611.89/27607.25/13795.73) lat (ms,95%): 110.66 err/s: 0.00 reconn/s: 0.00
[ 240s ] thds: 400 tps: 7965.71 qps: 159056.35 (r/w/o: 111259.37/31865.45/15931.53) lat (ms,95%): 95.81 err/s: 0.00 reconn/s: 0.00
[ 250s ] thds: 400 tps: 9825.18 qps: 196745.27 (r/w/o: 137801.77/39294.84/19648.67) lat (ms,95%): 61.08 err/s: 0.00 reconn/s: 0.00
[ 260s ] thds: 400 tps: 10020.05 qps: 200616.95 (r/w/o: 140414.64/40160.01/20042.31) lat (ms,95%): 55.82 err/s: 0.10 reconn/s: 0.00
[ 270s ] thds: 400 tps: 10187.36 qps: 203488.76 (r/w/o: 142459.09/40655.35/20374.33) lat (ms,95%): 53.85 err/s: 0.00 reconn/s: 0.00
[ 280s ] thds: 400 tps: 9993.49 qps: 200155.59 (r/w/o: 140071.25/40096.86/19987.48) lat (ms,95%): 56.84 err/s: 0.00 reconn/s: 0.00
[ 290s ] thds: 400 tps: 10208.91 qps: 203875.84 (r/w/o: 142743.60/40715.03/20417.21) lat (ms,95%): 53.85 err/s: 0.00 reconn/s: 0.00
[ 300s ] thds: 400 tps: 10175.30 qps: 203662.96 (r/w/o: 142547.84/40768.21/20346.91) lat (ms,95%): 52.89 err/s: 0.10 reconn/s: 0.00
[ 310s ] thds: 400 tps: 9309.19 qps: 185994.04 (r/w/o: 130200.82/37170.45/18622.77) lat (ms,95%): 80.03 err/s: 0.00 reconn/s: 0.00
[ 320s ] thds: 400 tps: 8875.56 qps: 177518.87 (r/w/o: 124247.09/35525.35/17746.43) lat (ms,95%): 86.00 err/s: 0.00 reconn/s: 0.00
[ 330s ] thds: 400 tps: 8570.61 qps: 171372.54 (r/w/o: 119964.70/34261.53/17146.31) lat (ms,95%): 89.16 err/s: 0.10 reconn/s: 0.00
[ 340s ] thds: 400 tps: 7171.14 qps: 143331.24 (r/w/o: 100311.99/28676.87/14342.38) lat (ms,95%): 108.68 err/s: 0.00 reconn/s: 0.00
[ 350s ] thds: 400 tps: 8020.44 qps: 160593.17 (r/w/o: 112468.11/32084.17/16040.89) lat (ms,95%): 92.42 err/s: 0.00 reconn/s: 0.00
[ 360s ] thds: 400 tps: 10005.95 qps: 200126.42 (r/w/o: 140056.91/40059.00/20010.50) lat (ms,95%): 52.89 err/s: 0.00 reconn/s: 0.00
[ 370s ] thds: 400 tps: 9847.37 qps: 197071.48 (r/w/o: 137962.87/39412.48/19696.14) lat (ms,95%): 62.19 err/s: 0.00 reconn/s: 0.00
[ 380s ] thds: 400 tps: 9564.42 qps: 191233.80 (r/w/o: 133847.18/38257.78/19128.84) lat (ms,95%): 74.46 err/s: 0.00 reconn/s: 0.00
[ 390s ] thds: 400 tps: 9325.51 qps: 186252.17 (r/w/o: 130344.92/37256.53/18650.72) lat (ms,95%): 82.96 err/s: 0.00 reconn/s: 0.00
[ 400s ] thds: 400 tps: 8809.79 qps: 176390.33 (r/w/o: 123545.31/35228.15/17616.87) lat (ms,95%): 94.10 err/s: 0.00 reconn/s: 0.00
[ 410s ] thds: 400 tps: 8505.99 qps: 170050.10 (r/w/o: 118971.96/34066.56/17011.58) lat (ms,95%): 97.55 err/s: 0.00 reconn/s: 0.00
[ 420s ] thds: 400 tps: 8053.64 qps: 161219.93 (r/w/o: 112887.21/32222.55/16110.17) lat (ms,95%): 95.81 err/s: 0.00 reconn/s: 0.00
[ 430s ] thds: 400 tps: 8589.01 qps: 171747.45 (r/w/o: 120180.51/34399.23/17167.72) lat (ms,95%): 87.56 err/s: 0.10 reconn/s: 0.00
[ 440s ] thds: 400 tps: 9222.82 qps: 184236.32 (r/w/o: 128977.42/36807.16/18451.73) lat (ms,95%): 74.46 err/s: 0.00 reconn/s: 0.00
[ 450s ] thds: 400 tps: 7447.45 qps: 148933.19 (r/w/o: 104249.47/29785.02/14898.71) lat (ms,95%): 99.33 err/s: 0.10 reconn/s: 0.00
[ 460s ] thds: 400 tps: 7691.33 qps: 154094.69 (r/w/o: 107908.08/30802.84/15383.77) lat (ms,95%): 92.42 err/s: 0.10 reconn/s: 0.00
[ 470s ] thds: 400 tps: 9842.27 qps: 196800.94 (r/w/o: 137736.24/39385.77/19678.93) lat (ms,95%): 55.82 err/s: 0.10 reconn/s: 0.00
[ 480s ] thds: 400 tps: 10192.30 qps: 203796.32 (r/w/o: 142672.94/40732.38/20390.99) lat (ms,95%): 53.85 err/s: 0.00 reconn/s: 0.00
[ 490s ] thds: 400 tps: 10050.70 qps: 200984.17 (r/w/o: 140667.38/40215.49/20101.30) lat (ms,95%): 57.87 err/s: 0.10 reconn/s: 0.00
[ 500s ] thds: 400 tps: 10060.45 qps: 201325.25 (r/w/o: 140999.84/40203.81/20121.61) lat (ms,95%): 57.87 err/s: 0.00 reconn/s: 0.00
[ 510s ] thds: 400 tps: 9783.26 qps: 195557.01 (r/w/o: 136815.55/39175.14/19566.32) lat (ms,95%): 63.32 err/s: 0.10 reconn/s: 0.00
[ 520s ] thds: 400 tps: 9256.73 qps: 185295.66 (r/w/o: 129765.29/37016.41/18513.96) lat (ms,95%): 78.60 err/s: 0.00 reconn/s: 0.00
[ 530s ] thds: 400 tps: 8922.74 qps: 178385.52 (r/w/o: 124831.38/35708.56/17845.58) lat (ms,95%): 84.47 err/s: 0.00 reconn/s: 0.00
[ 540s ] thds: 400 tps: 9248.64 qps: 185015.48 (r/w/o: 129538.02/36980.18/18497.29) lat (ms,95%): 77.19 err/s: 0.00 reconn/s: 0.00
[ 550s ] thds: 400 tps: 9117.78 qps: 182231.63 (r/w/o: 127526.34/36469.73/18235.56) lat (ms,95%): 78.60 err/s: 0.00 reconn/s: 0.00
[ 560s ] thds: 400 tps: 7957.89 qps: 159406.88 (r/w/o: 111613.01/31878.08/15915.79) lat (ms,95%): 94.10 err/s: 0.00 reconn/s: 0.00
[ 570s ] thds: 400 tps: 7427.20 qps: 148119.88 (r/w/o: 103616.56/29654.42/14848.91) lat (ms,95%): 97.55 err/s: 0.00 reconn/s: 0.00
[ 580s ] thds: 400 tps: 9745.69 qps: 195156.80 (r/w/o: 136655.73/39004.08/19496.99) lat (ms,95%): 59.99 err/s: 0.10 reconn/s: 0.00
[ 590s ] thds: 400 tps: 10162.89 qps: 203150.76 (r/w/o: 142197.00/40627.77/20325.99) lat (ms,95%): 52.89 err/s: 0.00 reconn/s: 0.00
[ 600s ] thds: 400 tps: 9951.75 qps: 198988.43 (r/w/o: 139291.85/39794.59/19901.99) lat (ms,95%): 58.92 err/s: 0.10 reconn/s: 0.00
[ 610s ] thds: 400 tps: 9870.56 qps: 197547.62 (r/w/o: 138279.86/39524.64/19743.12) lat (ms,95%): 61.08 err/s: 0.00 reconn/s: 0.00
[ 620s ] thds: 400 tps: 10308.03 qps: 206351.75 (r/w/o: 144461.86/41273.83/20616.07) lat (ms,95%): 52.89 err/s: 0.00 reconn/s: 0.00
[ 630s ] thds: 400 tps: 9395.66 qps: 187569.22 (r/w/o: 131277.29/37510.52/18781.41) lat (ms,95%): 77.19 err/s: 0.10 reconn/s: 0.00
[ 640s ] thds: 400 tps: 8045.51 qps: 161265.74 (r/w/o: 112918.00/32246.53/16101.21) lat (ms,95%): 90.78 err/s: 0.00 reconn/s: 0.00
[ 650s ] thds: 400 tps: 9238.74 qps: 184534.39 (r/w/o: 129160.75/36896.36/18477.28) lat (ms,95%): 75.82 err/s: 0.20 reconn/s: 0.00
[ 660s ] thds: 400 tps: 9452.45 qps: 189120.31 (r/w/o: 132391.51/37826.40/18902.40) lat (ms,95%): 70.55 err/s: 0.00 reconn/s: 0.00
[ 670s ] thds: 400 tps: 7677.45 qps: 153732.96 (r/w/o: 107628.07/30746.89/15358.00) lat (ms,95%): 94.10 err/s: 0.00 reconn/s: 0.00
[ 680s ] thds: 400 tps: 8074.36 qps: 161303.70 (r/w/o: 112917.64/32237.04/16149.02) lat (ms,95%): 86.00 err/s: 0.00 reconn/s: 0.00
[ 690s ] thds: 400 tps: 10039.70 qps: 200715.80 (r/w/o: 140473.30/40170.70/20071.80) lat (ms,95%): 54.83 err/s: 0.10 reconn/s: 0.00
[ 700s ] thds: 400 tps: 10020.47 qps: 200503.73 (r/w/o: 140373.43/40080.97/20049.33) lat (ms,95%): 58.92 err/s: 0.10 reconn/s: 0.00
[ 710s ] thds: 400 tps: 10057.33 qps: 200820.85 (r/w/o: 140508.46/40199.53/20112.87) lat (ms,95%): 57.87 err/s: 0.00 reconn/s: 0.00
[ 720s ] thds: 400 tps: 10097.14 qps: 202269.43 (r/w/o: 141643.98/40429.17/20196.28) lat (ms,95%): 54.83 err/s: 0.00 reconn/s: 0.00
[ 730s ] thds: 400 tps: 10078.23 qps: 201644.34 (r/w/o: 141178.77/40309.01/20156.55) lat (ms,95%): 56.84 err/s: 0.00 reconn/s: 0.00
[ 740s ] thds: 400 tps: 8797.60 qps: 175938.79 (r/w/o: 123121.86/35225.72/17591.21) lat (ms,95%): 86.00 err/s: 0.10 reconn/s: 0.00
[ 750s ] thds: 400 tps: 9586.62 qps: 191488.50 (r/w/o: 134028.38/38282.58/19177.54) lat (ms,95%): 71.83 err/s: 0.10 reconn/s: 0.00
[ 760s ] thds: 400 tps: 8889.30 qps: 177864.73 (r/w/o: 124508.12/35577.81/17778.80) lat (ms,95%): 89.16 err/s: 0.00 reconn/s: 0.00
[ 770s ] thds: 400 tps: 8115.96 qps: 162357.62 (r/w/o: 113662.65/32463.04/16231.92) lat (ms,95%): 97.55 err/s: 0.00 reconn/s: 0.00
[ 780s ] thds: 400 tps: 8519.24 qps: 170494.56 (r/w/o: 119383.83/34072.35/17038.38) lat (ms,95%): 94.10 err/s: 0.00 reconn/s: 0.00
[ 790s ] thds: 400 tps: 8787.21 qps: 175775.60 (r/w/o: 123041.67/35159.32/17574.61) lat (ms,95%): 92.42 err/s: 0.00 reconn/s: 0.00
[ 800s ] thds: 400 tps: 8543.79 qps: 170702.76 (r/w/o: 119456.01/34161.47/17085.29) lat (ms,95%): 95.81 err/s: 0.10 reconn/s: 0.00
[ 810s ] thds: 400 tps: 8397.55 qps: 167998.79 (r/w/o: 117619.86/33581.22/16797.71) lat (ms,95%): 92.42 err/s: 0.00 reconn/s: 0.00
[ 820s ] thds: 400 tps: 7927.10 qps: 158516.49 (r/w/o: 110952.46/31709.82/15854.21) lat (ms,95%): 101.13 err/s: 0.00 reconn/s: 0.00
[ 830s ] thds: 400 tps: 8789.74 qps: 175912.73 (r/w/o: 123131.61/35201.55/17579.57) lat (ms,95%): 84.47 err/s: 0.00 reconn/s: 0.00
[ 840s ] thds: 400 tps: 9559.83 qps: 191338.83 (r/w/o: 133929.74/38289.53/19119.56) lat (ms,95%): 68.05 err/s: 0.00 reconn/s: 0.00
SQL statistics:
    queries performed:
        read:                            107043552
        write:                           30583783
        other:                           15291979
        total:                           152919314
    transactions:                        7645945 (9087.89 per sec.)
    queries:                             152919314 (181758.21 per sec.)
    ignored errors:                      23     (0.03 per sec.)
    reconnects:                          0      (0.00 per sec.)

General statistics:
    total time:                          841.3328s
    total number of events:              7645945

Latency (ms):
         min:                                   19.85
         avg:                                   43.95
         max:                                 1359.37
         95th percentile:                       81.48
         sum:                            336033350.92

Threads fairness:
    events (avg/stddev):           19114.8625/478.21
    execution time (avg/stddev):   840.0834/0.17

