sysbench 1.0.20-ebf1c90 (using bundled LuaJIT 2.1.0-beta2)

Running the test with following options:
Number of threads: 400
Report intermediate results every 10 second(s)
Initializing random number generator from current time


Initializing worker threads...

Threads started!

[ 10s ] thds: 400 tps: 6169.53 qps: 123939.41 (r/w/o: 86840.66/24719.70/12379.05) lat (ms,95%): 196.89 err/s: 0.00 reconn/s: 0.00
[ 20s ] thds: 400 tps: 8058.54 qps: 161055.11 (r/w/o: 112719.26/32218.96/16116.88) lat (ms,95%): 161.51 err/s: 0.00 reconn/s: 0.00
[ 30s ] thds: 400 tps: 8540.81 qps: 171065.78 (r/w/o: 119741.39/34242.46/17081.93) lat (ms,95%): 144.97 err/s: 0.00 reconn/s: 0.00
[ 40s ] thds: 400 tps: 8967.31 qps: 179239.48 (r/w/o: 125485.72/35818.94/17934.82) lat (ms,95%): 74.46 err/s: 0.10 reconn/s: 0.00
[ 50s ] thds: 400 tps: 9291.26 qps: 185889.27 (r/w/o: 130123.62/37182.93/18582.72) lat (ms,95%): 73.13 err/s: 0.00 reconn/s: 0.00
[ 60s ] thds: 400 tps: 9592.30 qps: 191789.55 (r/w/o: 134264.83/38339.81/19184.90) lat (ms,95%): 57.87 err/s: 0.10 reconn/s: 0.00
[ 70s ] thds: 400 tps: 9404.22 qps: 188072.22 (r/w/o: 131642.00/37621.98/18808.24) lat (ms,95%): 65.65 err/s: 0.00 reconn/s: 0.00
[ 80s ] thds: 400 tps: 9392.58 qps: 187857.28 (r/w/o: 131508.38/37564.34/18784.57) lat (ms,95%): 70.55 err/s: 0.10 reconn/s: 0.00
[ 90s ] thds: 400 tps: 9483.58 qps: 189720.83 (r/w/o: 132787.14/37965.63/18968.06) lat (ms,95%): 61.08 err/s: 0.00 reconn/s: 0.00
[ 100s ] thds: 400 tps: 9728.25 qps: 194592.81 (r/w/o: 136222.81/38913.20/19456.80) lat (ms,95%): 55.82 err/s: 0.00 reconn/s: 0.00
[ 110s ] thds: 400 tps: 7032.40 qps: 140493.28 (r/w/o: 98346.79/28082.50/14064.00) lat (ms,95%): 130.13 err/s: 0.10 reconn/s: 0.00
[ 120s ] thds: 400 tps: 5477.50 qps: 109411.40 (r/w/o: 76549.47/21909.32/10952.61) lat (ms,95%): 161.51 err/s: 0.10 reconn/s: 0.00
[ 130s ] thds: 400 tps: 6387.18 qps: 127873.24 (r/w/o: 89569.55/25525.63/12778.06) lat (ms,95%): 127.81 err/s: 0.00 reconn/s: 0.00
[ 140s ] thds: 400 tps: 9319.25 qps: 186354.50 (r/w/o: 130420.00/37302.50/18632.00) lat (ms,95%): 65.65 err/s: 0.00 reconn/s: 0.00
[ 150s ] thds: 400 tps: 9884.73 qps: 197560.63 (r/w/o: 138268.84/39516.13/19775.66) lat (ms,95%): 53.85 err/s: 0.10 reconn/s: 0.00
[ 160s ] thds: 400 tps: 9159.92 qps: 183380.54 (r/w/o: 128392.41/36667.79/18320.34) lat (ms,95%): 78.60 err/s: 0.00 reconn/s: 0.00
[ 170s ] thds: 400 tps: 9689.99 qps: 193996.34 (r/w/o: 135786.82/38829.45/19380.07) lat (ms,95%): 58.92 err/s: 0.00 reconn/s: 0.00
[ 180s ] thds: 400 tps: 9587.05 qps: 191422.16 (r/w/o: 133993.84/38254.11/19174.21) lat (ms,95%): 66.84 err/s: 0.00 reconn/s: 0.00
[ 190s ] thds: 400 tps: 9757.33 qps: 195309.33 (r/w/o: 136705.44/39094.73/19509.16) lat (ms,95%): 61.08 err/s: 0.00 reconn/s: 0.00
[ 200s ] thds: 400 tps: 9794.13 qps: 195972.76 (r/w/o: 137194.09/39185.41/19593.26) lat (ms,95%): 57.87 err/s: 0.00 reconn/s: 0.00
[ 210s ] thds: 400 tps: 9802.30 qps: 195869.51 (r/w/o: 137133.43/39130.78/19605.29) lat (ms,95%): 57.87 err/s: 0.10 reconn/s: 0.00
[ 220s ] thds: 400 tps: 8016.83 qps: 160470.86 (r/w/o: 112292.86/32149.13/16028.87) lat (ms,95%): 101.13 err/s: 0.00 reconn/s: 0.00
[ 230s ] thds: 400 tps: 7141.43 qps: 142675.64 (r/w/o: 99889.28/28499.41/14286.95) lat (ms,95%): 108.68 err/s: 0.10 reconn/s: 0.00
[ 240s ] thds: 400 tps: 6584.57 qps: 131654.52 (r/w/o: 92147.72/26336.76/13170.03) lat (ms,95%): 114.72 err/s: 0.00 reconn/s: 0.00
[ 250s ] thds: 400 tps: 8027.41 qps: 160806.87 (r/w/o: 112583.22/32168.73/16054.92) lat (ms,95%): 92.42 err/s: 0.00 reconn/s: 0.00
[ 260s ] thds: 400 tps: 9658.75 qps: 192868.15 (r/w/o: 134972.46/38584.79/19310.89) lat (ms,95%): 58.92 err/s: 0.00 reconn/s: 0.00
[ 270s ] thds: 400 tps: 9114.73 qps: 182495.01 (r/w/o: 127767.03/36491.82/18236.16) lat (ms,95%): 80.03 err/s: 0.00 reconn/s: 0.00
[ 280s ] thds: 400 tps: 9776.41 qps: 195424.35 (r/w/o: 136809.50/39062.93/19551.91) lat (ms,95%): 55.82 err/s: 0.00 reconn/s: 0.00
[ 290s ] thds: 400 tps: 9510.60 qps: 190167.61 (r/w/o: 133121.24/38024.28/19022.09) lat (ms,95%): 64.47 err/s: 0.00 reconn/s: 0.00
[ 300s ] thds: 400 tps: 9647.59 qps: 193065.20 (r/w/o: 135171.86/38598.16/19295.18) lat (ms,95%): 59.99 err/s: 0.00 reconn/s: 0.00
[ 310s ] thds: 400 tps: 9691.70 qps: 193834.05 (r/w/o: 135671.33/38779.11/19383.60) lat (ms,95%): 59.99 err/s: 0.10 reconn/s: 0.00
[ 320s ] thds: 400 tps: 9939.65 qps: 198719.99 (r/w/o: 139100.36/39740.32/19879.31) lat (ms,95%): 52.89 err/s: 0.00 reconn/s: 0.00
[ 330s ] thds: 400 tps: 8360.82 qps: 167314.13 (r/w/o: 117143.80/33448.59/16721.74) lat (ms,95%): 101.13 err/s: 0.00 reconn/s: 0.00
[ 340s ] thds: 400 tps: 6950.82 qps: 139103.45 (r/w/o: 97305.52/27897.49/13900.45) lat (ms,95%): 110.66 err/s: 0.10 reconn/s: 0.00
[ 350s ] thds: 400 tps: 7248.26 qps: 144803.75 (r/w/o: 101407.77/28897.75/14498.22) lat (ms,95%): 104.84 err/s: 0.10 reconn/s: 0.00
[ 360s ] thds: 400 tps: 7363.41 qps: 147353.98 (r/w/o: 103132.73/29494.44/14726.82) lat (ms,95%): 102.97 err/s: 0.00 reconn/s: 0.00
[ 370s ] thds: 400 tps: 9407.09 qps: 188114.00 (r/w/o: 131690.73/37611.28/18811.99) lat (ms,95%): 64.47 err/s: 0.00 reconn/s: 0.00
[ 380s ] thds: 400 tps: 9231.22 qps: 184525.99 (r/w/o: 129150.84/36910.70/18464.45) lat (ms,95%): 73.13 err/s: 0.00 reconn/s: 0.00
[ 390s ] thds: 400 tps: 8732.19 qps: 174868.93 (r/w/o: 122414.11/34990.25/17464.57) lat (ms,95%): 95.81 err/s: 0.00 reconn/s: 0.00
[ 400s ] thds: 400 tps: 8090.02 qps: 161491.00 (r/w/o: 113027.58/32283.18/16180.24) lat (ms,95%): 108.68 err/s: 0.00 reconn/s: 0.00
[ 410s ] thds: 400 tps: 7765.19 qps: 155452.71 (r/w/o: 108843.39/31080.14/15529.17) lat (ms,95%): 110.66 err/s: 0.00 reconn/s: 0.00
[ 420s ] thds: 400 tps: 7951.43 qps: 159186.04 (r/w/o: 111425.68/31856.11/15904.25) lat (ms,95%): 108.68 err/s: 0.10 reconn/s: 0.00
[ 430s ] thds: 400 tps: 9817.16 qps: 196377.02 (r/w/o: 137447.65/39295.04/19634.32) lat (ms,95%): 55.82 err/s: 0.00 reconn/s: 0.00
[ 440s ] thds: 400 tps: 9272.46 qps: 185215.22 (r/w/o: 129633.56/37036.74/18544.92) lat (ms,95%): 77.19 err/s: 0.00 reconn/s: 0.00
[ 450s ] thds: 400 tps: 8272.65 qps: 165421.63 (r/w/o: 115784.32/33097.81/16539.50) lat (ms,95%): 97.55 err/s: 0.10 reconn/s: 0.00
[ 460s ] thds: 400 tps: 7206.52 qps: 144089.78 (r/w/o: 100849.86/28822.48/14417.44) lat (ms,95%): 108.68 err/s: 0.00 reconn/s: 0.00
[ 470s ] thds: 400 tps: 7398.42 qps: 147905.94 (r/w/o: 103557.01/29553.49/14795.44) lat (ms,95%): 99.33 err/s: 0.10 reconn/s: 0.00
[ 480s ] thds: 400 tps: 8397.16 qps: 167955.06 (r/w/o: 117553.01/33610.43/16791.62) lat (ms,95%): 86.00 err/s: 0.00 reconn/s: 0.00
[ 490s ] thds: 400 tps: 9795.89 qps: 196077.13 (r/w/o: 137310.38/39172.37/19594.38) lat (ms,95%): 56.84 err/s: 0.10 reconn/s: 0.00
[ 500s ] thds: 400 tps: 9753.73 qps: 194998.54 (r/w/o: 136445.04/39046.23/19507.26) lat (ms,95%): 59.99 err/s: 0.10 reconn/s: 0.00
[ 510s ] thds: 400 tps: 9486.98 qps: 190065.34 (r/w/o: 133063.88/38023.31/18978.15) lat (ms,95%): 66.84 err/s: 0.00 reconn/s: 0.00
[ 520s ] thds: 400 tps: 9412.15 qps: 187951.93 (r/w/o: 131579.35/37548.19/18824.39) lat (ms,95%): 68.05 err/s: 0.00 reconn/s: 0.00
[ 530s ] thds: 400 tps: 9601.26 qps: 191939.00 (r/w/o: 134331.44/38405.84/19201.72) lat (ms,95%): 64.47 err/s: 0.00 reconn/s: 0.00
[ 540s ] thds: 400 tps: 9734.31 qps: 194799.79 (r/w/o: 136372.70/38957.56/19469.53) lat (ms,95%): 59.99 err/s: 0.00 reconn/s: 0.00
[ 550s ] thds: 400 tps: 9219.42 qps: 184296.53 (r/w/o: 128999.60/36857.79/18439.14) lat (ms,95%): 78.60 err/s: 0.10 reconn/s: 0.00
[ 560s ] thds: 400 tps: 8401.01 qps: 168185.58 (r/w/o: 117762.00/33621.76/16801.83) lat (ms,95%): 90.78 err/s: 0.00 reconn/s: 0.00
[ 570s ] thds: 400 tps: 7034.38 qps: 140682.58 (r/w/o: 98455.60/28159.82/14067.16) lat (ms,95%): 110.66 err/s: 0.10 reconn/s: 0.00
[ 580s ] thds: 400 tps: 7378.60 qps: 147454.74 (r/w/o: 103233.53/29465.71/14755.50) lat (ms,95%): 99.33 err/s: 0.00 reconn/s: 0.00
[ 590s ] thds: 400 tps: 8490.49 qps: 169963.93 (r/w/o: 118996.61/33982.45/16984.87) lat (ms,95%): 80.03 err/s: 0.00 reconn/s: 0.00
[ 600s ] thds: 400 tps: 9677.47 qps: 193413.49 (r/w/o: 135355.94/38709.70/19347.85) lat (ms,95%): 61.08 err/s: 0.00 reconn/s: 0.00
[ 610s ] thds: 400 tps: 9720.00 qps: 194281.49 (r/w/o: 135986.89/38847.00/19447.60) lat (ms,95%): 61.08 err/s: 0.10 reconn/s: 0.00
[ 620s ] thds: 400 tps: 9725.01 qps: 194649.19 (r/w/o: 136265.73/38933.44/19450.02) lat (ms,95%): 62.19 err/s: 0.00 reconn/s: 0.00
[ 630s ] thds: 400 tps: 9475.38 qps: 189619.71 (r/w/o: 132778.06/37890.80/18950.85) lat (ms,95%): 68.05 err/s: 0.00 reconn/s: 0.00
[ 640s ] thds: 400 tps: 9391.93 qps: 187787.35 (r/w/o: 131385.78/37626.91/18774.65) lat (ms,95%): 68.05 err/s: 0.10 reconn/s: 0.00
[ 650s ] thds: 400 tps: 9667.96 qps: 193167.18 (r/w/o: 135230.13/38596.64/19340.42) lat (ms,95%): 59.99 err/s: 0.00 reconn/s: 0.00
[ 660s ] thds: 400 tps: 9158.54 qps: 183412.27 (r/w/o: 128423.71/36666.37/18322.19) lat (ms,95%): 77.19 err/s: 0.00 reconn/s: 0.00
[ 670s ] thds: 400 tps: 8689.67 qps: 173804.67 (r/w/o: 121633.63/34792.29/17378.75) lat (ms,95%): 86.00 err/s: 0.00 reconn/s: 0.00
[ 680s ] thds: 400 tps: 7006.02 qps: 140128.52 (r/w/o: 98110.02/28005.66/14012.83) lat (ms,95%): 108.68 err/s: 0.10 reconn/s: 0.00
[ 690s ] thds: 400 tps: 7249.51 qps: 145103.45 (r/w/o: 101557.37/29046.95/14499.12) lat (ms,95%): 97.55 err/s: 0.00 reconn/s: 0.00
[ 700s ] thds: 400 tps: 8465.63 qps: 169132.82 (r/w/o: 118430.33/33771.12/16931.36) lat (ms,95%): 81.48 err/s: 0.00 reconn/s: 0.00
[ 710s ] thds: 400 tps: 9750.75 qps: 195034.13 (r/w/o: 136490.05/39042.59/19501.49) lat (ms,95%): 55.82 err/s: 0.00 reconn/s: 0.00
[ 720s ] thds: 400 tps: 9606.93 qps: 192134.60 (r/w/o: 134493.22/38427.32/19214.06) lat (ms,95%): 63.32 err/s: 0.10 reconn/s: 0.00
[ 730s ] thds: 400 tps: 9330.91 qps: 186580.36 (r/w/o: 130640.28/37278.05/18662.03) lat (ms,95%): 73.13 err/s: 0.00 reconn/s: 0.00
[ 740s ] thds: 400 tps: 9473.56 qps: 189443.21 (r/w/o: 132582.75/37918.14/18942.32) lat (ms,95%): 70.55 err/s: 0.00 reconn/s: 0.00
[ 750s ] thds: 400 tps: 9500.02 qps: 189935.84 (r/w/o: 132962.44/37968.47/19004.93) lat (ms,95%): 70.55 err/s: 0.00 reconn/s: 0.00
[ 760s ] thds: 400 tps: 9264.32 qps: 185335.34 (r/w/o: 129736.10/37070.59/18528.64) lat (ms,95%): 75.82 err/s: 0.00 reconn/s: 0.00
[ 770s ] thds: 400 tps: 8866.00 qps: 177252.70 (r/w/o: 124035.80/35484.80/17732.10) lat (ms,95%): 87.56 err/s: 0.10 reconn/s: 0.00
[ 780s ] thds: 400 tps: 8557.20 qps: 171329.11 (r/w/o: 119991.41/34223.10/17114.60) lat (ms,95%): 95.81 err/s: 0.10 reconn/s: 0.00
[ 790s ] thds: 400 tps: 8295.40 qps: 165729.66 (r/w/o: 115984.54/33154.21/16590.91) lat (ms,95%): 99.33 err/s: 0.00 reconn/s: 0.00
[ 800s ] thds: 400 tps: 7763.45 qps: 155198.62 (r/w/o: 108584.21/31087.40/15527.00) lat (ms,95%): 104.84 err/s: 0.00 reconn/s: 0.00
[ 810s ] thds: 400 tps: 8035.87 qps: 160907.03 (r/w/o: 112670.90/32164.19/16071.94) lat (ms,95%): 99.33 err/s: 0.10 reconn/s: 0.00
[ 820s ] thds: 400 tps: 7229.23 qps: 144528.68 (r/w/o: 101200.08/28870.04/14458.57) lat (ms,95%): 125.52 err/s: 0.00 reconn/s: 0.00
[ 830s ] thds: 400 tps: 8016.88 qps: 160320.73 (r/w/o: 112206.17/32086.31/16028.25) lat (ms,95%): 102.97 err/s: 0.00 reconn/s: 0.00
[ 840s ] thds: 400 tps: 7565.27 qps: 151368.13 (r/w/o: 105972.63/30261.17/15134.33) lat (ms,95%): 104.84 err/s: 0.00 reconn/s: 0.00
SQL statistics:
    queries performed:
        read:                            102329962
        write:                           29237046
        other:                           14618602
        total:                           146185610
    transactions:                        7309258 (8683.82 per sec.)
    queries:                             146185610 (173676.84 per sec.)
    ignored errors:                      25     (0.03 per sec.)
    reconnects:                          0      (0.00 per sec.)

General statistics:
    total time:                          841.7095s
    total number of events:              7309258

Latency (ms):
         min:                                   19.75
         avg:                                   45.98
         max:                                 1879.00
         95th percentile:                       90.78
         sum:                            336048417.00

Threads fairness:
    events (avg/stddev):           18273.1450/485.17
    execution time (avg/stddev):   840.1210/0.27

