sysbench 1.0.20-ebf1c90 (using bundled LuaJIT 2.1.0-beta2)

Running the test with following options:
Number of threads: 400
Report intermediate results every 10 second(s)
Initializing random number generator from current time


Initializing worker threads...

Threads started!

[ 10s ] thds: 400 tps: 6194.00 qps: 124412.28 (r/w/o: 87174.08/24810.21/12428.00) lat (ms,95%): 196.89 err/s: 0.00 reconn/s: 0.00
[ 20s ] thds: 400 tps: 8049.28 qps: 160950.83 (r/w/o: 112660.14/32192.23/16098.46) lat (ms,95%): 161.51 err/s: 0.00 reconn/s: 0.00
[ 30s ] thds: 400 tps: 8662.49 qps: 173261.59 (r/w/o: 121244.02/34692.48/17325.09) lat (ms,95%): 139.85 err/s: 0.00 reconn/s: 0.00
[ 40s ] thds: 400 tps: 8935.97 qps: 178774.83 (r/w/o: 125189.90/35712.89/17872.04) lat (ms,95%): 74.46 err/s: 0.00 reconn/s: 0.00
[ 50s ] thds: 400 tps: 9312.23 qps: 186222.78 (r/w/o: 130330.81/37267.42/18624.56) lat (ms,95%): 71.83 err/s: 0.00 reconn/s: 0.00
[ 60s ] thds: 400 tps: 9583.75 qps: 191655.10 (r/w/o: 134185.27/38306.42/19163.41) lat (ms,95%): 57.87 err/s: 0.00 reconn/s: 0.00
[ 70s ] thds: 400 tps: 9398.45 qps: 188032.90 (r/w/o: 131611.77/37620.02/18801.11) lat (ms,95%): 65.65 err/s: 0.00 reconn/s: 0.00
[ 80s ] thds: 400 tps: 9369.38 qps: 187328.00 (r/w/o: 131156.39/37433.74/18737.87) lat (ms,95%): 70.55 err/s: 0.10 reconn/s: 0.00
[ 90s ] thds: 400 tps: 9492.93 qps: 189888.04 (r/w/o: 132924.78/37976.41/18986.85) lat (ms,95%): 61.08 err/s: 0.00 reconn/s: 0.00
[ 100s ] thds: 400 tps: 9755.67 qps: 195187.40 (r/w/o: 136604.08/39071.48/19511.84) lat (ms,95%): 55.82 err/s: 0.10 reconn/s: 0.00
[ 110s ] thds: 400 tps: 7033.65 qps: 140531.35 (r/w/o: 98367.33/28096.71/14067.30) lat (ms,95%): 130.13 err/s: 0.00 reconn/s: 0.00
[ 120s ] thds: 400 tps: 5488.72 qps: 109842.13 (r/w/o: 76869.20/21995.59/10977.34) lat (ms,95%): 158.63 err/s: 0.00 reconn/s: 0.00
[ 130s ] thds: 400 tps: 6473.07 qps: 129209.43 (r/w/o: 90439.93/25824.57/12944.93) lat (ms,95%): 125.52 err/s: 0.00 reconn/s: 0.00
[ 140s ] thds: 400 tps: 9297.13 qps: 186100.81 (r/w/o: 130283.23/37224.52/18593.06) lat (ms,95%): 65.65 err/s: 0.10 reconn/s: 0.00
[ 150s ] thds: 400 tps: 9902.36 qps: 197981.49 (r/w/o: 138566.53/39614.34/19800.62) lat (ms,95%): 53.85 err/s: 0.00 reconn/s: 0.00
[ 160s ] thds: 400 tps: 9199.36 qps: 184073.74 (r/w/o: 128904.60/36762.83/18406.31) lat (ms,95%): 78.60 err/s: 0.20 reconn/s: 0.00
[ 170s ] thds: 400 tps: 9652.98 qps: 193208.72 (r/w/o: 135241.06/38661.50/19306.15) lat (ms,95%): 59.99 err/s: 0.10 reconn/s: 0.00
[ 180s ] thds: 400 tps: 9546.48 qps: 190689.61 (r/w/o: 133451.53/38145.22/19092.86) lat (ms,95%): 66.84 err/s: 0.00 reconn/s: 0.00
[ 190s ] thds: 400 tps: 9775.25 qps: 195794.16 (r/w/o: 137054.88/39188.69/19550.60) lat (ms,95%): 61.08 err/s: 0.00 reconn/s: 0.00
[ 200s ] thds: 400 tps: 9807.75 qps: 195969.82 (r/w/o: 137175.25/39178.98/19615.59) lat (ms,95%): 57.87 err/s: 0.00 reconn/s: 0.00
[ 210s ] thds: 400 tps: 9793.72 qps: 195977.51 (r/w/o: 137226.29/39163.48/19587.74) lat (ms,95%): 57.87 err/s: 0.00 reconn/s: 0.00
[ 220s ] thds: 400 tps: 8087.00 qps: 161734.86 (r/w/o: 113180.67/32379.99/16174.20) lat (ms,95%): 101.13 err/s: 0.10 reconn/s: 0.00
[ 230s ] thds: 400 tps: 7109.10 qps: 142278.16 (r/w/o: 99583.77/28476.09/14218.30) lat (ms,95%): 108.68 err/s: 0.20 reconn/s: 0.00
[ 240s ] thds: 400 tps: 6589.30 qps: 131681.56 (r/w/o: 92197.64/26305.01/13178.91) lat (ms,95%): 114.72 err/s: 0.20 reconn/s: 0.00
[ 250s ] thds: 400 tps: 8041.23 qps: 160937.38 (r/w/o: 112653.81/32200.72/16082.86) lat (ms,95%): 92.42 err/s: 0.00 reconn/s: 0.00
[ 260s ] thds: 400 tps: 9693.02 qps: 193497.44 (r/w/o: 135401.94/38709.47/19386.03) lat (ms,95%): 57.87 err/s: 0.00 reconn/s: 0.00
[ 270s ] thds: 400 tps: 9094.45 qps: 182292.99 (r/w/o: 127627.26/36476.52/18189.21) lat (ms,95%): 80.03 err/s: 0.10 reconn/s: 0.00
[ 280s ] thds: 400 tps: 9774.50 qps: 195260.76 (r/w/o: 136727.34/38984.11/19549.31) lat (ms,95%): 56.84 err/s: 0.10 reconn/s: 0.00
[ 290s ] thds: 400 tps: 9450.21 qps: 188928.90 (r/w/o: 132223.57/37805.52/18899.81) lat (ms,95%): 64.47 err/s: 0.00 reconn/s: 0.00
[ 300s ] thds: 400 tps: 9696.09 qps: 194029.45 (r/w/o: 135821.99/38819.97/19387.48) lat (ms,95%): 59.99 err/s: 0.00 reconn/s: 0.00
[ 310s ] thds: 400 tps: 9645.46 qps: 192841.32 (r/w/o: 134986.08/38558.92/19296.31) lat (ms,95%): 59.99 err/s: 0.10 reconn/s: 0.00
[ 320s ] thds: 400 tps: 9948.15 qps: 198831.42 (r/w/o: 139160.32/39776.00/19895.10) lat (ms,95%): 52.89 err/s: 0.00 reconn/s: 0.00
[ 330s ] thds: 400 tps: 8362.77 qps: 167385.39 (r/w/o: 117219.07/33439.38/16726.94) lat (ms,95%): 101.13 err/s: 0.00 reconn/s: 0.00
[ 340s ] thds: 400 tps: 6943.14 qps: 138850.15 (r/w/o: 97162.12/27806.45/13881.57) lat (ms,95%): 110.66 err/s: 0.00 reconn/s: 0.00
[ 350s ] thds: 400 tps: 7203.59 qps: 144221.65 (r/w/o: 101000.49/28808.97/14412.18) lat (ms,95%): 104.84 err/s: 0.10 reconn/s: 0.00
[ 360s ] thds: 400 tps: 7400.82 qps: 147943.82 (r/w/o: 103568.80/29573.28/14801.74) lat (ms,95%): 102.97 err/s: 0.00 reconn/s: 0.00
[ 370s ] thds: 400 tps: 9427.21 qps: 188481.90 (r/w/o: 131917.34/37711.74/18852.82) lat (ms,95%): 63.32 err/s: 0.10 reconn/s: 0.00
[ 380s ] thds: 400 tps: 9216.23 qps: 184494.47 (r/w/o: 129125.07/36935.13/18434.27) lat (ms,95%): 71.83 err/s: 0.00 reconn/s: 0.00
[ 390s ] thds: 400 tps: 8767.79 qps: 175278.33 (r/w/o: 122718.28/35025.77/17534.28) lat (ms,95%): 95.81 err/s: 0.00 reconn/s: 0.00
[ 400s ] thds: 400 tps: 8133.06 qps: 162438.56 (r/w/o: 113656.01/32517.53/16265.02) lat (ms,95%): 106.75 err/s: 0.00 reconn/s: 0.00
[ 410s ] thds: 400 tps: 7762.59 qps: 155582.36 (r/w/o: 108943.33/31111.15/15527.88) lat (ms,95%): 110.66 err/s: 0.10 reconn/s: 0.00
[ 420s ] thds: 400 tps: 8031.00 qps: 160504.24 (r/w/o: 112364.86/32077.49/16061.89) lat (ms,95%): 108.68 err/s: 0.00 reconn/s: 0.00
[ 430s ] thds: 400 tps: 9811.44 qps: 196275.88 (r/w/o: 137411.85/39240.76/19623.28) lat (ms,95%): 55.82 err/s: 0.00 reconn/s: 0.00
[ 440s ] thds: 400 tps: 9348.05 qps: 186854.56 (r/w/o: 130742.54/37415.61/18696.41) lat (ms,95%): 75.82 err/s: 0.10 reconn/s: 0.00
[ 450s ] thds: 400 tps: 8225.30 qps: 164673.60 (r/w/o: 115275.70/32946.90/16451.00) lat (ms,95%): 97.55 err/s: 0.10 reconn/s: 0.00
[ 460s ] thds: 400 tps: 7226.52 qps: 144495.05 (r/w/o: 101149.31/28892.59/14453.14) lat (ms,95%): 108.68 err/s: 0.00 reconn/s: 0.00
[ 470s ] thds: 400 tps: 7417.15 qps: 148002.09 (r/w/o: 103564.19/29608.40/14829.50) lat (ms,95%): 99.33 err/s: 0.10 reconn/s: 0.00
[ 480s ] thds: 400 tps: 8322.71 qps: 166925.71 (r/w/o: 116865.98/33409.32/16650.41) lat (ms,95%): 86.00 err/s: 0.10 reconn/s: 0.00
[ 490s ] thds: 400 tps: 9843.71 qps: 196580.75 (r/w/o: 137640.20/39252.63/19687.92) lat (ms,95%): 56.84 err/s: 0.00 reconn/s: 0.00
[ 500s ] thds: 400 tps: 9805.30 qps: 196066.98 (r/w/o: 137191.09/39268.10/19607.80) lat (ms,95%): 58.92 err/s: 0.20 reconn/s: 0.00
[ 510s ] thds: 400 tps: 9518.69 qps: 190614.48 (r/w/o: 133506.02/38067.68/19040.79) lat (ms,95%): 66.84 err/s: 0.00 reconn/s: 0.00
[ 520s ] thds: 400 tps: 9458.91 qps: 188985.05 (r/w/o: 132285.98/37782.95/18916.13) lat (ms,95%): 66.84 err/s: 0.00 reconn/s: 0.00
[ 530s ] thds: 400 tps: 9548.30 qps: 191011.79 (r/w/o: 133680.07/38233.32/19098.41) lat (ms,95%): 65.65 err/s: 0.00 reconn/s: 0.00
[ 540s ] thds: 400 tps: 9740.25 qps: 194809.72 (r/w/o: 136356.72/38978.60/19474.40) lat (ms,95%): 59.99 err/s: 0.10 reconn/s: 0.00
[ 550s ] thds: 400 tps: 9253.15 qps: 184986.11 (r/w/o: 129494.03/36979.68/18512.39) lat (ms,95%): 77.19 err/s: 0.00 reconn/s: 0.00
[ 560s ] thds: 400 tps: 8422.43 qps: 168450.38 (r/w/o: 117877.30/33734.81/16838.26) lat (ms,95%): 90.78 err/s: 0.00 reconn/s: 0.00
[ 570s ] thds: 400 tps: 7071.14 qps: 141546.19 (r/w/o: 99114.92/28281.98/14149.29) lat (ms,95%): 110.66 err/s: 0.00 reconn/s: 0.00
[ 580s ] thds: 400 tps: 7355.59 qps: 147196.02 (r/w/o: 103058.57/29426.16/14711.28) lat (ms,95%): 99.33 err/s: 0.00 reconn/s: 0.00
[ 590s ] thds: 400 tps: 8518.75 qps: 170296.99 (r/w/o: 119216.66/34042.72/17037.61) lat (ms,95%): 80.03 err/s: 0.00 reconn/s: 0.00
[ 600s ] thds: 400 tps: 9718.01 qps: 194260.68 (r/w/o: 135962.82/38861.74/19436.12) lat (ms,95%): 59.99 err/s: 0.10 reconn/s: 0.00
[ 610s ] thds: 400 tps: 9695.64 qps: 193898.29 (r/w/o: 135721.72/38785.38/19391.19) lat (ms,95%): 61.08 err/s: 0.00 reconn/s: 0.00
[ 620s ] thds: 400 tps: 9719.94 qps: 194476.16 (r/w/o: 136167.83/38868.15/19440.18) lat (ms,95%): 62.19 err/s: 0.00 reconn/s: 0.00
[ 630s ] thds: 400 tps: 9509.45 qps: 190291.88 (r/w/o: 133185.76/38087.02/19019.11) lat (ms,95%): 68.05 err/s: 0.10 reconn/s: 0.00
[ 640s ] thds: 400 tps: 9419.72 qps: 188467.24 (r/w/o: 131927.54/37700.27/18839.43) lat (ms,95%): 68.05 err/s: 0.00 reconn/s: 0.00
[ 650s ] thds: 400 tps: 9714.23 qps: 193947.55 (r/w/o: 135748.75/38770.03/19428.76) lat (ms,95%): 58.92 err/s: 0.10 reconn/s: 0.00
[ 660s ] thds: 400 tps: 9155.30 qps: 183395.83 (r/w/o: 128384.25/36700.99/18310.59) lat (ms,95%): 77.19 err/s: 0.00 reconn/s: 0.00
[ 670s ] thds: 400 tps: 8693.74 qps: 173879.55 (r/w/o: 121730.53/34761.55/17387.48) lat (ms,95%): 86.00 err/s: 0.00 reconn/s: 0.00
[ 680s ] thds: 400 tps: 6981.53 qps: 139655.36 (r/w/o: 97745.26/27947.83/13962.27) lat (ms,95%): 108.68 err/s: 0.10 reconn/s: 0.00
[ 690s ] thds: 400 tps: 7257.86 qps: 145171.21 (r/w/o: 101623.88/29030.62/14516.71) lat (ms,95%): 97.55 err/s: 0.00 reconn/s: 0.00
[ 700s ] thds: 400 tps: 8420.45 qps: 168274.73 (r/w/o: 117813.82/33619.91/16841.00) lat (ms,95%): 81.48 err/s: 0.00 reconn/s: 0.00
[ 710s ] thds: 400 tps: 9729.92 qps: 194633.14 (r/w/o: 136215.64/38957.77/19459.73) lat (ms,95%): 54.83 err/s: 0.00 reconn/s: 0.00
[ 720s ] thds: 400 tps: 9614.89 qps: 192379.94 (r/w/o: 134654.42/38495.55/19229.97) lat (ms,95%): 63.32 err/s: 0.10 reconn/s: 0.00
[ 730s ] thds: 400 tps: 9275.86 qps: 185295.99 (r/w/o: 129740.40/37003.66/18551.93) lat (ms,95%): 73.13 err/s: 0.00 reconn/s: 0.00
[ 740s ] thds: 400 tps: 9524.99 qps: 190463.67 (r/w/o: 133289.04/38124.45/19050.18) lat (ms,95%): 69.29 err/s: 0.10 reconn/s: 0.00
[ 750s ] thds: 400 tps: 9470.36 qps: 189684.42 (r/w/o: 132796.89/37946.82/18940.71) lat (ms,95%): 71.83 err/s: 0.00 reconn/s: 0.00
[ 760s ] thds: 400 tps: 9262.12 qps: 185027.26 (r/w/o: 129529.72/36973.19/18524.35) lat (ms,95%): 77.19 err/s: 0.00 reconn/s: 0.00
[ 770s ] thds: 400 tps: 8894.52 qps: 177881.02 (r/w/o: 124525.49/35566.48/17789.04) lat (ms,95%): 87.56 err/s: 0.00 reconn/s: 0.00
[ 780s ] thds: 400 tps: 8542.34 qps: 170924.80 (r/w/o: 119652.46/34187.76/17084.58) lat (ms,95%): 95.81 err/s: 0.00 reconn/s: 0.00
[ 790s ] thds: 400 tps: 8242.47 qps: 164787.86 (r/w/o: 115338.35/32969.57/16479.94) lat (ms,95%): 99.33 err/s: 0.10 reconn/s: 0.00
[ 800s ] thds: 400 tps: 7752.93 qps: 155199.42 (r/w/o: 108600.16/31093.80/15505.45) lat (ms,95%): 104.84 err/s: 0.00 reconn/s: 0.00
[ 810s ] thds: 400 tps: 8056.78 qps: 160960.06 (r/w/o: 112666.96/32174.23/16118.87) lat (ms,95%): 99.33 err/s: 0.00 reconn/s: 0.00
[ 820s ] thds: 400 tps: 7218.47 qps: 144224.28 (r/w/o: 100970.14/28816.50/14437.65) lat (ms,95%): 125.52 err/s: 0.00 reconn/s: 0.00
[ 830s ] thds: 400 tps: 7958.52 qps: 159418.16 (r/w/o: 111614.75/31886.57/15916.84) lat (ms,95%): 104.84 err/s: 0.00 reconn/s: 0.00
[ 840s ] thds: 400 tps: 7546.75 qps: 151119.28 (r/w/o: 105754.88/30270.80/15093.60) lat (ms,95%): 104.84 err/s: 0.00 reconn/s: 0.00
SQL statistics:
    queries performed:
        read:                            102397302
        write:                           29256266
        other:                           14628230
        total:                           146281798
    transactions:                        7314062 (8689.71 per sec.)
    queries:                             146281798 (173794.79 per sec.)
    ignored errors:                      31     (0.04 per sec.)
    reconnects:                          0      (0.00 per sec.)

General statistics:
    total time:                          841.6917s
    total number of events:              7314062

Latency (ms):
         min:                                   19.82
         avg:                                   45.95
         max:                                 1901.76
         95th percentile:                       90.78
         sum:                            336054210.51

Threads fairness:
    events (avg/stddev):           18285.1550/469.94
    execution time (avg/stddev):   840.1355/0.34

