sysbench 1.0.20-ebf1c90 (using bundled LuaJIT 2.1.0-beta2)

Running the test with following options:
Number of threads: 400
Report intermediate results every 10 second(s)
Initializing random number generator from current time


Initializing worker threads...

Threads started!

[ 10s ] thds: 400 tps: 6188.54 qps: 124105.60 (r/w/o: 86924.48/24765.55/12415.57) lat (ms,95%): 200.47 err/s: 0.00 reconn/s: 0.00
[ 20s ] thds: 400 tps: 8025.87 qps: 160646.07 (r/w/o: 112478.16/32114.87/16053.04) lat (ms,95%): 161.51 err/s: 0.00 reconn/s: 0.00
[ 30s ] thds: 400 tps: 8649.12 qps: 173123.08 (r/w/o: 121197.27/34627.28/17298.54) lat (ms,95%): 139.85 err/s: 0.00 reconn/s: 0.00
[ 40s ] thds: 400 tps: 8948.42 qps: 178810.41 (r/w/o: 125162.49/35751.08/17896.84) lat (ms,95%): 73.13 err/s: 0.10 reconn/s: 0.00
[ 50s ] thds: 400 tps: 9286.76 qps: 185818.63 (r/w/o: 130077.16/37167.65/18573.82) lat (ms,95%): 73.13 err/s: 0.00 reconn/s: 0.00
[ 60s ] thds: 400 tps: 9553.32 qps: 190970.25 (r/w/o: 133670.82/38192.59/19106.85) lat (ms,95%): 58.92 err/s: 0.10 reconn/s: 0.00
[ 70s ] thds: 400 tps: 9352.83 qps: 187107.14 (r/w/o: 130978.75/37422.43/18705.96) lat (ms,95%): 66.84 err/s: 0.10 reconn/s: 0.00
[ 80s ] thds: 400 tps: 9371.84 qps: 187384.28 (r/w/o: 131170.02/37470.38/18743.89) lat (ms,95%): 70.55 err/s: 0.10 reconn/s: 0.00
[ 90s ] thds: 400 tps: 9506.76 qps: 190167.21 (r/w/o: 133129.05/38024.34/19013.82) lat (ms,95%): 61.08 err/s: 0.10 reconn/s: 0.00
[ 100s ] thds: 400 tps: 9774.23 qps: 195539.30 (r/w/o: 136860.92/39131.42/19546.96) lat (ms,95%): 55.82 err/s: 0.00 reconn/s: 0.00
[ 110s ] thds: 400 tps: 7007.08 qps: 140063.95 (r/w/o: 98031.28/28017.81/14014.86) lat (ms,95%): 132.49 err/s: 0.00 reconn/s: 0.00
[ 120s ] thds: 400 tps: 5431.92 qps: 108663.83 (r/w/o: 76059.70/21739.79/10864.34) lat (ms,95%): 161.51 err/s: 0.00 reconn/s: 0.00
[ 130s ] thds: 400 tps: 6410.60 qps: 128140.71 (r/w/o: 89651.24/25669.78/12819.69) lat (ms,95%): 125.52 err/s: 0.00 reconn/s: 0.00
[ 140s ] thds: 400 tps: 9308.81 qps: 186219.72 (r/w/o: 130386.49/37213.72/18619.51) lat (ms,95%): 65.65 err/s: 0.00 reconn/s: 0.00
[ 150s ] thds: 400 tps: 9854.91 qps: 197272.17 (r/w/o: 138106.19/39456.05/19709.93) lat (ms,95%): 53.85 err/s: 0.00 reconn/s: 0.00
[ 160s ] thds: 400 tps: 9168.40 qps: 183152.91 (r/w/o: 128193.11/36623.00/18336.80) lat (ms,95%): 80.03 err/s: 0.00 reconn/s: 0.00
[ 170s ] thds: 400 tps: 9662.79 qps: 193357.27 (r/w/o: 135405.41/38625.77/19326.09) lat (ms,95%): 59.99 err/s: 0.20 reconn/s: 0.00
[ 180s ] thds: 400 tps: 9542.77 qps: 190928.11 (r/w/o: 133607.59/38234.88/19085.64) lat (ms,95%): 66.84 err/s: 0.00 reconn/s: 0.00
[ 190s ] thds: 400 tps: 9750.32 qps: 194931.19 (r/w/o: 136466.65/38966.00/19498.55) lat (ms,95%): 61.08 err/s: 0.00 reconn/s: 0.00
[ 200s ] thds: 400 tps: 9723.21 qps: 194529.69 (r/w/o: 136181.04/38900.04/19448.62) lat (ms,95%): 57.87 err/s: 0.00 reconn/s: 0.00
[ 210s ] thds: 400 tps: 9774.49 qps: 195428.09 (r/w/o: 136806.12/39072.78/19549.19) lat (ms,95%): 56.84 err/s: 0.10 reconn/s: 0.00
[ 220s ] thds: 400 tps: 8064.89 qps: 161287.61 (r/w/o: 112875.07/32286.06/16126.48) lat (ms,95%): 101.13 err/s: 0.10 reconn/s: 0.00
[ 230s ] thds: 400 tps: 7123.17 qps: 142569.52 (r/w/o: 99794.89/28525.18/14249.44) lat (ms,95%): 108.68 err/s: 0.00 reconn/s: 0.00
[ 240s ] thds: 400 tps: 6577.36 qps: 131505.16 (r/w/o: 92072.68/26276.95/13155.53) lat (ms,95%): 114.72 err/s: 0.10 reconn/s: 0.00
[ 250s ] thds: 400 tps: 8051.81 qps: 161050.53 (r/w/o: 112729.29/32217.33/16103.91) lat (ms,95%): 92.42 err/s: 0.10 reconn/s: 0.00
[ 260s ] thds: 400 tps: 9629.70 qps: 192703.13 (r/w/o: 134886.32/38557.11/19259.70) lat (ms,95%): 58.92 err/s: 0.10 reconn/s: 0.00
[ 270s ] thds: 400 tps: 9089.79 qps: 181744.36 (r/w/o: 127214.30/36350.37/18179.69) lat (ms,95%): 81.48 err/s: 0.00 reconn/s: 0.00
[ 280s ] thds: 400 tps: 9821.67 qps: 196101.47 (r/w/o: 137248.83/39209.99/19642.65) lat (ms,95%): 55.82 err/s: 0.00 reconn/s: 0.00
[ 290s ] thds: 400 tps: 9444.10 qps: 188957.87 (r/w/o: 132276.18/37795.49/18886.20) lat (ms,95%): 65.65 err/s: 0.00 reconn/s: 0.00
[ 300s ] thds: 400 tps: 9666.41 qps: 193513.50 (r/w/o: 135479.87/38697.82/19335.81) lat (ms,95%): 59.99 err/s: 0.10 reconn/s: 0.00
[ 310s ] thds: 400 tps: 9675.69 qps: 193392.30 (r/w/o: 135369.76/38671.36/19351.18) lat (ms,95%): 59.99 err/s: 0.00 reconn/s: 0.00
[ 320s ] thds: 400 tps: 9915.24 qps: 198512.51 (r/w/o: 138954.60/39727.24/19830.67) lat (ms,95%): 52.89 err/s: 0.00 reconn/s: 0.00
[ 330s ] thds: 400 tps: 8338.69 qps: 166492.87 (r/w/o: 116527.04/33288.45/16677.38) lat (ms,95%): 101.13 err/s: 0.00 reconn/s: 0.00
[ 340s ] thds: 400 tps: 6921.21 qps: 138512.45 (r/w/o: 96967.70/27706.73/13838.01) lat (ms,95%): 110.66 err/s: 0.10 reconn/s: 0.00
[ 350s ] thds: 400 tps: 7211.20 qps: 144282.09 (r/w/o: 101036.19/28818.70/14427.20) lat (ms,95%): 104.84 err/s: 0.10 reconn/s: 0.00
[ 360s ] thds: 400 tps: 7372.90 qps: 147319.49 (r/w/o: 103100.66/29473.02/14745.81) lat (ms,95%): 102.97 err/s: 0.00 reconn/s: 0.00
[ 370s ] thds: 400 tps: 9345.39 qps: 186944.98 (r/w/o: 130854.62/37399.68/18690.69) lat (ms,95%): 64.47 err/s: 0.00 reconn/s: 0.00
[ 380s ] thds: 400 tps: 9248.00 qps: 185160.25 (r/w/o: 129625.33/37038.61/18496.30) lat (ms,95%): 71.83 err/s: 0.00 reconn/s: 0.00
[ 390s ] thds: 400 tps: 8764.60 qps: 175132.55 (r/w/o: 122600.87/35002.59/17529.10) lat (ms,95%): 95.81 err/s: 0.00 reconn/s: 0.00
[ 400s ] thds: 400 tps: 8063.79 qps: 161530.56 (r/w/o: 113066.20/32336.67/16127.69) lat (ms,95%): 108.68 err/s: 0.00 reconn/s: 0.00
[ 410s ] thds: 400 tps: 7750.20 qps: 154954.38 (r/w/o: 108478.08/30975.90/15500.40) lat (ms,95%): 110.66 err/s: 0.00 reconn/s: 0.00
[ 420s ] thds: 400 tps: 7947.91 qps: 158767.28 (r/w/o: 111133.32/31738.44/15895.52) lat (ms,95%): 108.68 err/s: 0.00 reconn/s: 0.00
[ 430s ] thds: 400 tps: 9827.80 qps: 196619.85 (r/w/o: 137662.53/39301.21/19656.10) lat (ms,95%): 55.82 err/s: 0.00 reconn/s: 0.00
[ 440s ] thds: 400 tps: 9316.80 qps: 186401.51 (r/w/o: 130449.71/37318.10/18633.70) lat (ms,95%): 75.82 err/s: 0.00 reconn/s: 0.00
[ 450s ] thds: 400 tps: 8232.28 qps: 164582.70 (r/w/o: 115192.32/32926.62/16463.76) lat (ms,95%): 97.55 err/s: 0.00 reconn/s: 0.00
[ 460s ] thds: 400 tps: 7193.02 qps: 143955.89 (r/w/o: 100782.74/28788.20/14384.95) lat (ms,95%): 108.68 err/s: 0.00 reconn/s: 0.00
[ 470s ] thds: 400 tps: 7367.78 qps: 147463.75 (r/w/o: 103207.05/29519.23/14737.47) lat (ms,95%): 99.33 err/s: 0.00 reconn/s: 0.00
[ 480s ] thds: 400 tps: 8382.71 qps: 167580.09 (r/w/o: 117334.30/33480.26/16765.53) lat (ms,95%): 86.00 err/s: 0.00 reconn/s: 0.00
[ 490s ] thds: 400 tps: 9842.78 qps: 196621.67 (r/w/o: 137591.27/39344.53/19685.87) lat (ms,95%): 56.84 err/s: 0.10 reconn/s: 0.00
[ 500s ] thds: 400 tps: 9747.01 qps: 195197.93 (r/w/o: 136669.99/39033.83/19494.11) lat (ms,95%): 59.99 err/s: 0.00 reconn/s: 0.00
[ 510s ] thds: 400 tps: 9431.80 qps: 188487.95 (r/w/o: 131972.77/37651.59/18863.60) lat (ms,95%): 68.05 err/s: 0.00 reconn/s: 0.00
[ 520s ] thds: 400 tps: 9406.46 qps: 187939.30 (r/w/o: 131492.94/37633.34/18813.02) lat (ms,95%): 68.05 err/s: 0.00 reconn/s: 0.00
[ 530s ] thds: 400 tps: 9555.24 qps: 191317.22 (r/w/o: 133926.18/38280.26/19110.78) lat (ms,95%): 65.65 err/s: 0.10 reconn/s: 0.00
[ 540s ] thds: 400 tps: 9734.70 qps: 194649.39 (r/w/o: 136275.09/38912.30/19462.00) lat (ms,95%): 59.99 err/s: 0.00 reconn/s: 0.00
[ 550s ] thds: 400 tps: 9235.00 qps: 184611.97 (r/w/o: 129207.35/36930.01/18474.61) lat (ms,95%): 78.60 err/s: 0.00 reconn/s: 0.00
[ 560s ] thds: 400 tps: 8344.56 qps: 167197.40 (r/w/o: 117058.64/33446.74/16692.02) lat (ms,95%): 90.78 err/s: 0.00 reconn/s: 0.00
[ 570s ] thds: 400 tps: 7028.11 qps: 140459.97 (r/w/o: 98339.82/28063.93/14056.22) lat (ms,95%): 110.66 err/s: 0.00 reconn/s: 0.00
[ 580s ] thds: 400 tps: 7369.51 qps: 147242.04 (r/w/o: 103036.47/29466.55/14739.02) lat (ms,95%): 99.33 err/s: 0.00 reconn/s: 0.00
[ 590s ] thds: 400 tps: 8488.99 qps: 169778.37 (r/w/o: 118862.14/33938.25/16977.98) lat (ms,95%): 80.03 err/s: 0.00 reconn/s: 0.00
[ 600s ] thds: 400 tps: 9681.30 qps: 193656.61 (r/w/o: 135541.34/38753.18/19362.09) lat (ms,95%): 59.99 err/s: 0.10 reconn/s: 0.00
[ 610s ] thds: 400 tps: 9713.41 qps: 194337.31 (r/w/o: 136051.65/38857.94/19427.72) lat (ms,95%): 61.08 err/s: 0.10 reconn/s: 0.00
[ 620s ] thds: 400 tps: 9740.49 qps: 194678.65 (r/w/o: 136257.39/38939.97/19481.28) lat (ms,95%): 62.19 err/s: 0.10 reconn/s: 0.00
[ 630s ] thds: 400 tps: 9477.30 qps: 189601.71 (r/w/o: 132738.13/37910.58/18952.99) lat (ms,95%): 68.05 err/s: 0.00 reconn/s: 0.00
[ 640s ] thds: 400 tps: 9417.90 qps: 188471.28 (r/w/o: 131970.36/37663.52/18837.41) lat (ms,95%): 68.05 err/s: 0.00 reconn/s: 0.00
[ 650s ] thds: 400 tps: 9669.63 qps: 193402.60 (r/w/o: 135327.15/38736.20/19339.25) lat (ms,95%): 58.92 err/s: 0.00 reconn/s: 0.00
[ 660s ] thds: 400 tps: 9163.05 qps: 183090.78 (r/w/o: 128159.29/36608.40/18323.10) lat (ms,95%): 78.60 err/s: 0.00 reconn/s: 0.00
[ 670s ] thds: 400 tps: 8702.61 qps: 174080.00 (r/w/o: 121874.41/34797.16/17408.43) lat (ms,95%): 86.00 err/s: 0.00 reconn/s: 0.00
[ 680s ] thds: 400 tps: 7001.29 qps: 140235.08 (r/w/o: 98170.31/28062.08/14002.69) lat (ms,95%): 106.75 err/s: 0.00 reconn/s: 0.00
[ 690s ] thds: 400 tps: 7251.71 qps: 144911.21 (r/w/o: 101464.68/28943.12/14503.41) lat (ms,95%): 97.55 err/s: 0.00 reconn/s: 0.00
[ 700s ] thds: 400 tps: 8451.10 qps: 168846.59 (r/w/o: 118138.29/33806.10/16902.20) lat (ms,95%): 81.48 err/s: 0.00 reconn/s: 0.00
[ 710s ] thds: 400 tps: 9725.90 qps: 194553.20 (r/w/o: 136195.57/38905.82/19451.81) lat (ms,95%): 55.82 err/s: 0.00 reconn/s: 0.00
[ 720s ] thds: 400 tps: 9597.70 qps: 192060.36 (r/w/o: 134474.14/38394.61/19191.61) lat (ms,95%): 64.47 err/s: 0.00 reconn/s: 0.00
[ 730s ] thds: 400 tps: 9286.60 qps: 185643.96 (r/w/o: 129918.77/37151.69/18573.50) lat (ms,95%): 73.13 err/s: 0.00 reconn/s: 0.00
[ 740s ] thds: 400 tps: 9489.21 qps: 189806.46 (r/w/o: 132861.81/37962.53/18982.12) lat (ms,95%): 70.55 err/s: 0.00 reconn/s: 0.00
[ 750s ] thds: 400 tps: 9476.50 qps: 189643.93 (r/w/o: 132776.22/37914.31/18953.40) lat (ms,95%): 70.55 err/s: 0.00 reconn/s: 0.00
[ 760s ] thds: 400 tps: 9256.19 qps: 185021.18 (r/w/o: 129491.11/37019.48/18510.59) lat (ms,95%): 77.19 err/s: 0.10 reconn/s: 0.00
[ 770s ] thds: 400 tps: 8830.21 qps: 176527.02 (r/w/o: 123559.08/35305.82/17662.11) lat (ms,95%): 89.16 err/s: 0.00 reconn/s: 0.00
[ 780s ] thds: 400 tps: 8559.58 qps: 171171.96 (r/w/o: 119834.26/34218.43/17119.27) lat (ms,95%): 95.81 err/s: 0.00 reconn/s: 0.00
[ 790s ] thds: 400 tps: 8272.20 qps: 165584.74 (r/w/o: 115947.53/33092.51/16544.70) lat (ms,95%): 99.33 err/s: 0.00 reconn/s: 0.00
[ 800s ] thds: 400 tps: 7726.40 qps: 154658.52 (r/w/o: 108255.32/30951.70/15451.50) lat (ms,95%): 104.84 err/s: 0.00 reconn/s: 0.00
[ 810s ] thds: 400 tps: 8026.80 qps: 160530.81 (r/w/o: 112356.93/32118.98/16054.89) lat (ms,95%): 99.33 err/s: 0.00 reconn/s: 0.00
[ 820s ] thds: 400 tps: 7233.21 qps: 144538.24 (r/w/o: 101130.37/28949.75/14458.12) lat (ms,95%): 125.52 err/s: 0.00 reconn/s: 0.00
[ 830s ] thds: 400 tps: 7991.10 qps: 159799.33 (r/w/o: 111910.83/31898.81/15989.70) lat (ms,95%): 104.84 err/s: 0.10 reconn/s: 0.00
[ 840s ] thds: 400 tps: 7535.11 qps: 150958.12 (r/w/o: 105643.58/30243.22/15071.31) lat (ms,95%): 104.84 err/s: 0.00 reconn/s: 0.00
SQL statistics:
    queries performed:
        read:                            102219726
        write:                           29205554
        other:                           14602856
        total:                           146028136
    transactions:                        7301387 (8678.87 per sec.)
    queries:                             146028136 (173577.77 per sec.)
    ignored errors:                      22     (0.03 per sec.)
    reconnects:                          0      (0.00 per sec.)

General statistics:
    total time:                          841.2826s
    total number of events:              7301387

Latency (ms):
         min:                                   19.80
         avg:                                   46.03
         max:                                 1482.36
         95th percentile:                       90.78
         sum:                            336046448.53

Threads fairness:
    events (avg/stddev):           18253.4675/454.40
    execution time (avg/stddev):   840.1161/0.28

