sysbench 1.0.20-ebf1c90 (using bundled LuaJIT 2.1.0-beta2)

Running the test with following options:
Number of threads: 400
Report intermediate results every 10 second(s)
Initializing random number generator from current time


Initializing worker threads...

Threads started!

[ 10s ] thds: 400 tps: 6187.36 qps: 124079.65 (r/w/o: 86905.82/24759.13/12414.70) lat (ms,95%): 200.47 err/s: 0.00 reconn/s: 0.00
[ 20s ] thds: 400 tps: 8035.23 qps: 160834.34 (r/w/o: 112609.58/32154.81/16069.95) lat (ms,95%): 161.51 err/s: 0.00 reconn/s: 0.00
[ 30s ] thds: 400 tps: 8634.93 qps: 172862.82 (r/w/o: 121017.43/34574.62/17270.76) lat (ms,95%): 142.39 err/s: 0.10 reconn/s: 0.00
[ 40s ] thds: 400 tps: 8961.59 qps: 179070.44 (r/w/o: 125344.42/35802.85/17923.17) lat (ms,95%): 73.13 err/s: 0.00 reconn/s: 0.00
[ 50s ] thds: 400 tps: 9281.12 qps: 185709.95 (r/w/o: 130004.65/37142.87/18562.44) lat (ms,95%): 73.13 err/s: 0.10 reconn/s: 0.00
[ 60s ] thds: 400 tps: 9534.91 qps: 190602.67 (r/w/o: 133412.92/38119.93/19069.82) lat (ms,95%): 58.92 err/s: 0.00 reconn/s: 0.00
[ 70s ] thds: 400 tps: 9361.80 qps: 187289.74 (r/w/o: 131105.46/37460.59/18723.69) lat (ms,95%): 66.84 err/s: 0.00 reconn/s: 0.00
[ 80s ] thds: 400 tps: 9371.28 qps: 187366.36 (r/w/o: 131156.16/37467.63/18742.57) lat (ms,95%): 70.55 err/s: 0.00 reconn/s: 0.00
[ 90s ] thds: 400 tps: 9478.95 qps: 189603.54 (r/w/o: 132736.36/37909.09/18958.09) lat (ms,95%): 61.08 err/s: 0.10 reconn/s: 0.00
[ 100s ] thds: 400 tps: 9786.03 qps: 195763.33 (r/w/o: 137015.94/39175.63/19571.76) lat (ms,95%): 55.82 err/s: 0.00 reconn/s: 0.00
[ 110s ] thds: 400 tps: 7025.19 qps: 140423.68 (r/w/o: 98284.81/28088.08/14050.79) lat (ms,95%): 130.13 err/s: 0.00 reconn/s: 0.00
[ 120s ] thds: 400 tps: 5486.37 qps: 109779.43 (r/w/o: 76834.33/21972.27/10972.83) lat (ms,95%): 158.63 err/s: 0.10 reconn/s: 0.00
[ 130s ] thds: 400 tps: 6421.08 qps: 128315.92 (r/w/o: 89781.54/25693.12/12841.26) lat (ms,95%): 125.52 err/s: 0.10 reconn/s: 0.00
[ 140s ] thds: 400 tps: 9312.61 qps: 186319.01 (r/w/o: 130447.54/37244.54/18626.92) lat (ms,95%): 65.65 err/s: 0.10 reconn/s: 0.00
[ 150s ] thds: 400 tps: 9863.94 qps: 197452.71 (r/w/o: 138235.00/39489.74/19727.97) lat (ms,95%): 53.85 err/s: 0.00 reconn/s: 0.00
[ 160s ] thds: 400 tps: 9178.42 qps: 183341.54 (r/w/o: 128328.51/36657.29/18355.74) lat (ms,95%): 78.60 err/s: 0.00 reconn/s: 0.00
[ 170s ] thds: 400 tps: 9680.48 qps: 193722.98 (r/w/o: 135660.98/38699.94/19362.07) lat (ms,95%): 59.99 err/s: 0.00 reconn/s: 0.00
[ 180s ] thds: 400 tps: 9555.87 qps: 191140.24 (r/w/o: 133753.04/38278.37/19108.83) lat (ms,95%): 66.84 err/s: 0.00 reconn/s: 0.00
[ 190s ] thds: 400 tps: 9781.44 qps: 195603.93 (r/w/o: 136942.21/39095.95/19565.77) lat (ms,95%): 61.08 err/s: 0.00 reconn/s: 0.00
[ 200s ] thds: 400 tps: 9778.01 qps: 195615.05 (r/w/o: 136939.71/39119.13/19556.22) lat (ms,95%): 57.87 err/s: 0.00 reconn/s: 0.00
[ 210s ] thds: 400 tps: 9829.59 qps: 196546.44 (r/w/o: 137586.91/39300.15/19659.37) lat (ms,95%): 56.84 err/s: 0.10 reconn/s: 0.00
[ 220s ] thds: 400 tps: 8078.56 qps: 161463.66 (r/w/o: 112992.31/32319.63/16151.72) lat (ms,95%): 101.13 err/s: 0.00 reconn/s: 0.00
[ 230s ] thds: 400 tps: 7142.53 qps: 143031.07 (r/w/o: 100121.40/28619.41/14290.26) lat (ms,95%): 108.68 err/s: 0.00 reconn/s: 0.00
[ 240s ] thds: 400 tps: 6581.59 qps: 131582.70 (r/w/o: 92125.89/26293.64/13163.17) lat (ms,95%): 114.72 err/s: 0.00 reconn/s: 0.00
[ 250s ] thds: 400 tps: 8070.34 qps: 161442.53 (r/w/o: 113008.41/32293.15/16140.97) lat (ms,95%): 92.42 err/s: 0.00 reconn/s: 0.00
[ 260s ] thds: 400 tps: 9636.87 qps: 192829.65 (r/w/o: 134972.72/38583.19/19273.75) lat (ms,95%): 58.92 err/s: 0.00 reconn/s: 0.00
[ 270s ] thds: 400 tps: 9111.13 qps: 182187.34 (r/w/o: 127522.68/36442.41/18222.25) lat (ms,95%): 80.03 err/s: 0.00 reconn/s: 0.00
[ 280s ] thds: 400 tps: 9827.30 qps: 196224.53 (r/w/o: 137346.12/39223.41/19655.00) lat (ms,95%): 55.82 err/s: 0.10 reconn/s: 0.00
[ 290s ] thds: 400 tps: 9486.20 qps: 189804.63 (r/w/o: 132863.32/37968.91/18972.40) lat (ms,95%): 64.47 err/s: 0.00 reconn/s: 0.00
[ 300s ] thds: 400 tps: 9683.48 qps: 193848.79 (r/w/o: 135712.71/38768.92/19367.16) lat (ms,95%): 59.99 err/s: 0.00 reconn/s: 0.00
[ 310s ] thds: 400 tps: 9663.60 qps: 193139.61 (r/w/o: 135193.94/38618.48/19327.19) lat (ms,95%): 59.99 err/s: 0.00 reconn/s: 0.00
[ 320s ] thds: 400 tps: 9919.22 qps: 198577.14 (r/w/o: 138999.64/39738.87/19838.63) lat (ms,95%): 52.89 err/s: 0.00 reconn/s: 0.00
[ 330s ] thds: 400 tps: 8385.62 qps: 167437.49 (r/w/o: 117189.85/33477.20/16770.45) lat (ms,95%): 101.13 err/s: 0.00 reconn/s: 0.00
[ 340s ] thds: 400 tps: 6947.19 qps: 139025.49 (r/w/o: 97325.55/27809.06/13890.88) lat (ms,95%): 110.66 err/s: 0.00 reconn/s: 0.00
[ 350s ] thds: 400 tps: 7260.50 qps: 145267.56 (r/w/o: 101723.24/29018.91/14525.41) lat (ms,95%): 102.97 err/s: 0.00 reconn/s: 0.00
[ 360s ] thds: 400 tps: 7375.87 qps: 147412.00 (r/w/o: 103176.55/29483.30/14752.15) lat (ms,95%): 102.97 err/s: 0.00 reconn/s: 0.00
[ 370s ] thds: 400 tps: 9402.55 qps: 188025.62 (r/w/o: 131603.41/37620.30/18801.90) lat (ms,95%): 63.32 err/s: 0.00 reconn/s: 0.00
[ 380s ] thds: 400 tps: 9229.98 qps: 184836.53 (r/w/o: 129393.47/36979.71/18463.35) lat (ms,95%): 73.13 err/s: 0.00 reconn/s: 0.00
[ 390s ] thds: 400 tps: 8744.05 qps: 174730.79 (r/w/o: 122325.99/34916.80/17488.00) lat (ms,95%): 95.81 err/s: 0.00 reconn/s: 0.00
[ 400s ] thds: 400 tps: 8115.07 qps: 162549.29 (r/w/o: 113771.17/32547.58/16230.54) lat (ms,95%): 106.75 err/s: 0.10 reconn/s: 0.00
[ 410s ] thds: 400 tps: 7801.57 qps: 155971.95 (r/w/o: 109193.21/31175.39/15603.34) lat (ms,95%): 108.68 err/s: 0.10 reconn/s: 0.00
[ 420s ] thds: 400 tps: 7978.65 qps: 159382.41 (r/w/o: 111563.04/31862.08/15957.29) lat (ms,95%): 108.68 err/s: 0.00 reconn/s: 0.00
[ 430s ] thds: 400 tps: 9813.80 qps: 196337.69 (r/w/o: 137464.39/39245.80/19627.50) lat (ms,95%): 56.84 err/s: 0.00 reconn/s: 0.00
[ 440s ] thds: 400 tps: 9318.00 qps: 186461.06 (r/w/o: 130488.04/37336.81/18636.21) lat (ms,95%): 75.82 err/s: 0.00 reconn/s: 0.00
[ 450s ] thds: 400 tps: 8230.72 qps: 164529.98 (r/w/o: 115159.36/32910.48/16460.14) lat (ms,95%): 97.55 err/s: 0.00 reconn/s: 0.00
[ 460s ] thds: 400 tps: 7232.86 qps: 144587.42 (r/w/o: 101217.68/28909.92/14459.81) lat (ms,95%): 108.68 err/s: 0.00 reconn/s: 0.00
[ 470s ] thds: 400 tps: 7366.31 qps: 147595.92 (r/w/o: 103302.05/29553.74/14740.12) lat (ms,95%): 99.33 err/s: 0.00 reconn/s: 0.00
[ 480s ] thds: 400 tps: 8407.24 qps: 168072.12 (r/w/o: 117682.20/33575.44/16814.47) lat (ms,95%): 84.47 err/s: 0.00 reconn/s: 0.00
[ 490s ] thds: 400 tps: 9818.21 qps: 196074.33 (r/w/o: 137211.96/39227.85/19634.52) lat (ms,95%): 56.84 err/s: 0.00 reconn/s: 0.00
[ 500s ] thds: 400 tps: 9749.89 qps: 195310.30 (r/w/o: 136742.93/39065.48/19501.89) lat (ms,95%): 59.99 err/s: 0.00 reconn/s: 0.00
[ 510s ] thds: 400 tps: 9494.73 qps: 189754.58 (r/w/o: 132866.47/37898.14/18989.97) lat (ms,95%): 66.84 err/s: 0.20 reconn/s: 0.00
[ 520s ] thds: 400 tps: 9434.82 qps: 188471.92 (r/w/o: 131866.22/37737.86/18867.83) lat (ms,95%): 68.05 err/s: 0.10 reconn/s: 0.00
[ 530s ] thds: 400 tps: 9557.48 qps: 191419.01 (r/w/o: 133996.36/38305.70/19116.95) lat (ms,95%): 65.65 err/s: 0.00 reconn/s: 0.00
[ 540s ] thds: 400 tps: 9737.40 qps: 194661.75 (r/w/o: 136274.84/38912.91/19474.01) lat (ms,95%): 59.99 err/s: 0.00 reconn/s: 0.00
[ 550s ] thds: 400 tps: 9263.24 qps: 185206.12 (r/w/o: 129623.40/37055.34/18527.37) lat (ms,95%): 78.60 err/s: 0.00 reconn/s: 0.00
[ 560s ] thds: 400 tps: 8395.90 qps: 168204.84 (r/w/o: 117766.36/33646.59/16791.89) lat (ms,95%): 90.78 err/s: 0.00 reconn/s: 0.00
[ 570s ] thds: 400 tps: 7064.41 qps: 141185.41 (r/w/o: 98853.08/28203.52/14128.81) lat (ms,95%): 110.66 err/s: 0.00 reconn/s: 0.00
[ 580s ] thds: 400 tps: 7339.18 qps: 146669.63 (r/w/o: 102637.97/29353.11/14678.55) lat (ms,95%): 99.33 err/s: 0.00 reconn/s: 0.00
[ 590s ] thds: 400 tps: 8507.17 qps: 170078.55 (r/w/o: 119071.62/33992.59/17014.35) lat (ms,95%): 80.03 err/s: 0.00 reconn/s: 0.00
[ 600s ] thds: 400 tps: 9666.47 qps: 193250.35 (r/w/o: 135252.64/38672.47/19325.23) lat (ms,95%): 61.08 err/s: 0.00 reconn/s: 0.00
[ 610s ] thds: 400 tps: 9676.79 qps: 193775.39 (r/w/o: 135657.25/38756.36/19361.78) lat (ms,95%): 61.08 err/s: 0.20 reconn/s: 0.00
[ 620s ] thds: 400 tps: 9696.73 qps: 193663.42 (r/w/o: 135549.23/38725.42/19388.76) lat (ms,95%): 62.19 err/s: 0.00 reconn/s: 0.00
[ 630s ] thds: 400 tps: 9454.26 qps: 189243.53 (r/w/o: 132484.26/37846.85/18912.42) lat (ms,95%): 68.05 err/s: 0.00 reconn/s: 0.00
[ 640s ] thds: 400 tps: 9398.75 qps: 188097.40 (r/w/o: 131707.53/37591.38/18798.49) lat (ms,95%): 68.05 err/s: 0.00 reconn/s: 0.00
[ 650s ] thds: 400 tps: 9634.00 qps: 192654.16 (r/w/o: 134809.47/38578.29/19266.40) lat (ms,95%): 59.99 err/s: 0.00 reconn/s: 0.00
[ 660s ] thds: 400 tps: 9138.24 qps: 182650.07 (r/w/o: 127847.71/36524.07/18278.29) lat (ms,95%): 78.60 err/s: 0.00 reconn/s: 0.00
[ 670s ] thds: 400 tps: 8716.74 qps: 174358.79 (r/w/o: 122076.55/34848.76/17433.48) lat (ms,95%): 86.00 err/s: 0.00 reconn/s: 0.00
[ 680s ] thds: 400 tps: 6996.30 qps: 140114.92 (r/w/o: 98080.75/28041.58/13992.59) lat (ms,95%): 106.75 err/s: 0.00 reconn/s: 0.00
[ 690s ] thds: 400 tps: 7258.85 qps: 145080.58 (r/w/o: 101575.39/28987.40/14517.80) lat (ms,95%): 97.55 err/s: 0.00 reconn/s: 0.00
[ 700s ] thds: 400 tps: 8423.00 qps: 168278.61 (r/w/o: 117754.44/33678.28/16845.89) lat (ms,95%): 82.96 err/s: 0.00 reconn/s: 0.00
[ 710s ] thds: 400 tps: 9675.41 qps: 193531.53 (r/w/o: 135469.86/38710.55/19351.12) lat (ms,95%): 55.82 err/s: 0.10 reconn/s: 0.00
[ 720s ] thds: 400 tps: 9589.86 qps: 191908.76 (r/w/o: 134368.38/38361.15/19179.23) lat (ms,95%): 64.47 err/s: 0.00 reconn/s: 0.00
[ 730s ] thds: 400 tps: 9316.88 qps: 186116.74 (r/w/o: 130249.28/37239.21/18628.25) lat (ms,95%): 73.13 err/s: 0.10 reconn/s: 0.00
[ 740s ] thds: 400 tps: 9472.66 qps: 189605.77 (r/w/o: 132726.09/37927.95/18951.73) lat (ms,95%): 70.55 err/s: 0.00 reconn/s: 0.00
[ 750s ] thds: 400 tps: 9448.49 qps: 189092.41 (r/w/o: 132387.09/37808.24/18897.07) lat (ms,95%): 70.55 err/s: 0.00 reconn/s: 0.00
[ 760s ] thds: 400 tps: 9280.33 qps: 185420.88 (r/w/o: 129771.41/37093.62/18555.86) lat (ms,95%): 75.82 err/s: 0.00 reconn/s: 0.00
[ 770s ] thds: 400 tps: 8864.04 qps: 177200.75 (r/w/o: 124039.00/35434.37/17727.39) lat (ms,95%): 87.56 err/s: 0.00 reconn/s: 0.00
[ 780s ] thds: 400 tps: 8548.41 qps: 171010.33 (r/w/o: 119719.36/34188.45/17102.52) lat (ms,95%): 95.81 err/s: 0.10 reconn/s: 0.00
[ 790s ] thds: 400 tps: 8260.18 qps: 165358.73 (r/w/o: 115786.07/33051.91/16520.75) lat (ms,95%): 99.33 err/s: 0.00 reconn/s: 0.00
[ 800s ] thds: 400 tps: 7741.71 qps: 154960.12 (r/w/o: 108459.66/31016.84/15483.62) lat (ms,95%): 104.84 err/s: 0.10 reconn/s: 0.00
[ 810s ] thds: 400 tps: 8017.80 qps: 160359.81 (r/w/o: 112236.34/32087.58/16035.89) lat (ms,95%): 99.33 err/s: 0.00 reconn/s: 0.00
[ 820s ] thds: 400 tps: 7214.46 qps: 144005.99 (r/w/o: 100755.93/28829.44/14420.62) lat (ms,95%): 125.52 err/s: 0.00 reconn/s: 0.00
[ 830s ] thds: 400 tps: 8009.95 qps: 160320.97 (r/w/o: 112286.55/32008.11/16026.31) lat (ms,95%): 102.97 err/s: 0.00 reconn/s: 0.00
[ 840s ] thds: 400 tps: 7567.50 qps: 151599.75 (r/w/o: 106087.66/30375.29/15136.79) lat (ms,95%): 104.84 err/s: 0.00 reconn/s: 0.00
SQL statistics:
    queries performed:
        read:                            102316284
        write:                           29233133
        other:                           14616665
        total:                           146166082
    transactions:                        7308287 (8687.44 per sec.)
    queries:                             146166082 (173749.11 per sec.)
    ignored errors:                      19     (0.02 per sec.)
    reconnects:                          0      (0.00 per sec.)

General statistics:
    total time:                          841.2469s
    total number of events:              7308287

Latency (ms):
         min:                                   19.98
         avg:                                   45.98
         max:                                 1447.21
         95th percentile:                       90.78
         sum:                            336042474.37

Threads fairness:
    events (avg/stddev):           18270.7175/462.24
    execution time (avg/stddev):   840.1062/0.28

