sysbench 1.0.20-ebf1c90 (using bundled LuaJIT 2.1.0-beta2)

Running the test with following options:
Number of threads: 400
Report intermediate results every 10 second(s)
Initializing random number generator from current time


Initializing worker threads...

Threads started!

[ 10s ] thds: 400 tps: 6173.36 qps: 123822.43 (r/w/o: 86709.46/24726.75/12386.22) lat (ms,95%): 200.47 err/s: 0.00 reconn/s: 0.00
[ 20s ] thds: 400 tps: 8040.02 qps: 160950.81 (r/w/o: 112714.82/32155.76/16080.23) lat (ms,95%): 164.45 err/s: 0.00 reconn/s: 0.00
[ 30s ] thds: 400 tps: 8654.80 qps: 173011.86 (r/w/o: 121091.47/34610.29/17310.10) lat (ms,95%): 142.39 err/s: 0.10 reconn/s: 0.00
[ 40s ] thds: 400 tps: 8917.35 qps: 178464.02 (r/w/o: 124917.91/35711.40/17834.70) lat (ms,95%): 74.46 err/s: 0.00 reconn/s: 0.00
[ 50s ] thds: 400 tps: 9273.51 qps: 185241.97 (r/w/o: 129652.62/37042.33/18547.02) lat (ms,95%): 73.13 err/s: 0.00 reconn/s: 0.00
[ 60s ] thds: 400 tps: 9533.18 qps: 190778.06 (r/w/o: 133545.86/38173.53/19058.67) lat (ms,95%): 58.92 err/s: 0.10 reconn/s: 0.00
[ 70s ] thds: 400 tps: 9353.00 qps: 187007.37 (r/w/o: 130900.25/37393.01/18714.11) lat (ms,95%): 66.84 err/s: 0.00 reconn/s: 0.00
[ 80s ] thds: 400 tps: 9349.48 qps: 186877.24 (r/w/o: 130784.63/37394.54/18698.07) lat (ms,95%): 71.83 err/s: 0.00 reconn/s: 0.00
[ 90s ] thds: 400 tps: 9500.89 qps: 189948.27 (r/w/o: 132968.07/37978.23/19001.97) lat (ms,95%): 61.08 err/s: 0.00 reconn/s: 0.00
[ 100s ] thds: 400 tps: 9743.27 qps: 195157.56 (r/w/o: 136657.52/39012.59/19487.45) lat (ms,95%): 55.82 err/s: 0.00 reconn/s: 0.00
[ 110s ] thds: 400 tps: 6959.81 qps: 139106.91 (r/w/o: 97373.55/27816.64/13916.72) lat (ms,95%): 132.49 err/s: 0.00 reconn/s: 0.00
[ 120s ] thds: 400 tps: 5426.91 qps: 108509.49 (r/w/o: 75948.24/21706.74/10854.52) lat (ms,95%): 161.51 err/s: 0.00 reconn/s: 0.00
[ 130s ] thds: 400 tps: 6391.28 qps: 128140.41 (r/w/o: 89716.15/25639.00/12785.25) lat (ms,95%): 125.52 err/s: 0.20 reconn/s: 0.00
[ 140s ] thds: 400 tps: 9304.10 qps: 185997.53 (r/w/o: 130192.02/37197.11/18608.40) lat (ms,95%): 65.65 err/s: 0.10 reconn/s: 0.00
[ 150s ] thds: 400 tps: 9895.69 qps: 197929.72 (r/w/o: 138576.61/39561.55/19791.57) lat (ms,95%): 53.85 err/s: 0.10 reconn/s: 0.00
[ 160s ] thds: 400 tps: 9134.26 qps: 182802.02 (r/w/o: 127921.95/36611.84/18268.22) lat (ms,95%): 78.60 err/s: 0.00 reconn/s: 0.00
[ 170s ] thds: 400 tps: 9677.72 qps: 193122.12 (r/w/o: 135180.33/38588.26/19353.53) lat (ms,95%): 59.99 err/s: 0.10 reconn/s: 0.00
[ 180s ] thds: 400 tps: 9527.11 qps: 190858.34 (r/w/o: 133649.40/38152.33/19056.61) lat (ms,95%): 66.84 err/s: 0.00 reconn/s: 0.00
[ 190s ] thds: 400 tps: 9734.87 qps: 194535.69 (r/w/o: 136142.15/38923.80/19469.75) lat (ms,95%): 61.08 err/s: 0.00 reconn/s: 0.00
[ 200s ] thds: 400 tps: 9769.23 qps: 195382.83 (r/w/o: 136774.34/39070.03/19538.46) lat (ms,95%): 57.87 err/s: 0.00 reconn/s: 0.00
[ 210s ] thds: 400 tps: 9801.94 qps: 196068.36 (r/w/o: 137257.93/39210.45/19599.98) lat (ms,95%): 56.84 err/s: 0.00 reconn/s: 0.00
[ 220s ] thds: 400 tps: 8028.18 qps: 160606.05 (r/w/o: 112406.36/32141.23/16058.47) lat (ms,95%): 101.13 err/s: 0.00 reconn/s: 0.00
[ 230s ] thds: 400 tps: 7091.64 qps: 141812.73 (r/w/o: 99281.01/28347.45/14184.27) lat (ms,95%): 108.68 err/s: 0.00 reconn/s: 0.00
[ 240s ] thds: 400 tps: 6536.01 qps: 130690.86 (r/w/o: 91489.41/26128.93/13072.52) lat (ms,95%): 114.72 err/s: 0.00 reconn/s: 0.00
[ 250s ] thds: 400 tps: 8033.56 qps: 160528.38 (r/w/o: 112339.90/32122.46/16066.03) lat (ms,95%): 92.42 err/s: 0.00 reconn/s: 0.00
[ 260s ] thds: 400 tps: 9617.82 qps: 192548.16 (r/w/o: 134824.62/38486.39/19237.15) lat (ms,95%): 58.92 err/s: 0.00 reconn/s: 0.00
[ 270s ] thds: 400 tps: 9121.15 qps: 182439.82 (r/w/o: 127698.35/36498.88/18242.59) lat (ms,95%): 80.03 err/s: 0.10 reconn/s: 0.00
[ 280s ] thds: 400 tps: 9762.01 qps: 195202.87 (r/w/o: 136600.19/39078.65/19524.03) lat (ms,95%): 56.84 err/s: 0.00 reconn/s: 0.00
[ 290s ] thds: 400 tps: 9442.55 qps: 188957.52 (r/w/o: 132336.02/37736.30/18885.20) lat (ms,95%): 65.65 err/s: 0.00 reconn/s: 0.00
[ 300s ] thds: 400 tps: 9628.44 qps: 192483.00 (r/w/o: 134696.26/38529.86/19256.88) lat (ms,95%): 59.99 err/s: 0.00 reconn/s: 0.00
[ 310s ] thds: 400 tps: 9611.85 qps: 192257.79 (r/w/o: 134587.36/38446.92/19223.51) lat (ms,95%): 61.08 err/s: 0.00 reconn/s: 0.00
[ 320s ] thds: 400 tps: 9980.87 qps: 199553.50 (r/w/o: 139685.58/39912.48/19955.44) lat (ms,95%): 52.89 err/s: 0.00 reconn/s: 0.00
[ 330s ] thds: 400 tps: 8333.86 qps: 166914.68 (r/w/o: 116835.59/33404.76/16674.33) lat (ms,95%): 101.13 err/s: 0.00 reconn/s: 0.00
[ 340s ] thds: 400 tps: 6944.16 qps: 138668.30 (r/w/o: 97054.34/27729.44/13884.52) lat (ms,95%): 110.66 err/s: 0.00 reconn/s: 0.00
[ 350s ] thds: 400 tps: 7228.90 qps: 144630.12 (r/w/o: 101280.22/28888.31/14461.60) lat (ms,95%): 102.97 err/s: 0.00 reconn/s: 0.00
[ 360s ] thds: 400 tps: 7353.61 qps: 146905.90 (r/w/o: 102760.17/29446.42/14699.31) lat (ms,95%): 102.97 err/s: 0.10 reconn/s: 0.00
[ 370s ] thds: 400 tps: 9331.97 qps: 186927.10 (r/w/o: 130889.11/37365.66/18672.33) lat (ms,95%): 65.65 err/s: 0.20 reconn/s: 0.00
[ 380s ] thds: 400 tps: 9241.27 qps: 184694.15 (r/w/o: 129311.15/36900.17/18482.84) lat (ms,95%): 73.13 err/s: 0.00 reconn/s: 0.00
[ 390s ] thds: 400 tps: 8733.84 qps: 174690.62 (r/w/o: 122253.40/34969.74/17467.47) lat (ms,95%): 97.55 err/s: 0.00 reconn/s: 0.00
[ 400s ] thds: 400 tps: 8052.12 qps: 161072.71 (r/w/o: 112815.42/32152.86/16104.43) lat (ms,95%): 108.68 err/s: 0.00 reconn/s: 0.00
[ 410s ] thds: 400 tps: 7697.10 qps: 153909.22 (r/w/o: 107719.21/30795.90/15394.10) lat (ms,95%): 112.67 err/s: 0.00 reconn/s: 0.00
[ 420s ] thds: 400 tps: 7961.01 qps: 158972.38 (r/w/o: 111208.12/31842.14/15922.12) lat (ms,95%): 108.68 err/s: 0.00 reconn/s: 0.00
[ 430s ] thds: 400 tps: 9821.29 qps: 196386.76 (r/w/o: 137481.83/39262.25/19642.68) lat (ms,95%): 55.82 err/s: 0.00 reconn/s: 0.00
[ 440s ] thds: 400 tps: 9271.21 qps: 185683.79 (r/w/o: 130019.74/37121.64/18542.42) lat (ms,95%): 77.19 err/s: 0.00 reconn/s: 0.00
[ 450s ] thds: 400 tps: 8221.56 qps: 164345.28 (r/w/o: 115021.00/32885.76/16438.53) lat (ms,95%): 97.55 err/s: 0.00 reconn/s: 0.00
[ 460s ] thds: 400 tps: 7173.13 qps: 143460.46 (r/w/o: 100443.49/28667.21/14349.76) lat (ms,95%): 108.68 err/s: 0.00 reconn/s: 0.00
[ 470s ] thds: 400 tps: 7324.61 qps: 146630.21 (r/w/o: 102665.45/29314.24/14650.52) lat (ms,95%): 99.33 err/s: 0.00 reconn/s: 0.00
[ 480s ] thds: 400 tps: 8340.75 qps: 166742.43 (r/w/o: 116711.85/33348.89/16681.69) lat (ms,95%): 86.00 err/s: 0.10 reconn/s: 0.00
[ 490s ] thds: 400 tps: 9779.62 qps: 195811.35 (r/w/o: 137041.31/39210.79/19559.24) lat (ms,95%): 56.84 err/s: 0.00 reconn/s: 0.00
[ 500s ] thds: 400 tps: 9835.06 qps: 196417.53 (r/w/o: 137504.96/39242.15/19670.42) lat (ms,95%): 58.92 err/s: 0.10 reconn/s: 0.00
[ 510s ] thds: 400 tps: 9439.62 qps: 188672.12 (r/w/o: 132043.59/37749.39/18879.14) lat (ms,95%): 68.05 err/s: 0.10 reconn/s: 0.00
[ 520s ] thds: 400 tps: 9364.50 qps: 187574.56 (r/w/o: 131306.84/37544.91/18722.81) lat (ms,95%): 68.05 err/s: 0.00 reconn/s: 0.00
[ 530s ] thds: 400 tps: 9536.12 qps: 190762.24 (r/w/o: 133556.34/38126.87/19079.03) lat (ms,95%): 65.65 err/s: 0.10 reconn/s: 0.00
[ 540s ] thds: 400 tps: 9741.29 qps: 194651.88 (r/w/o: 136262.45/38906.86/19482.58) lat (ms,95%): 59.99 err/s: 0.00 reconn/s: 0.00
[ 550s ] thds: 400 tps: 9227.66 qps: 184699.34 (r/w/o: 129284.27/36959.35/18455.72) lat (ms,95%): 78.60 err/s: 0.10 reconn/s: 0.00
[ 560s ] thds: 400 tps: 8331.23 qps: 166649.24 (r/w/o: 116651.88/33334.91/16662.45) lat (ms,95%): 92.42 err/s: 0.00 reconn/s: 0.00
[ 570s ] thds: 400 tps: 6976.30 qps: 139372.17 (r/w/o: 97537.45/27882.81/13951.91) lat (ms,95%): 112.67 err/s: 0.00 reconn/s: 0.00
[ 580s ] thds: 400 tps: 7350.30 qps: 146985.99 (r/w/o: 102896.49/29393.80/14695.70) lat (ms,95%): 99.33 err/s: 0.20 reconn/s: 0.00
[ 590s ] thds: 400 tps: 8478.50 qps: 169653.56 (r/w/o: 118749.24/33941.01/16963.31) lat (ms,95%): 80.03 err/s: 0.10 reconn/s: 0.00
[ 600s ] thds: 400 tps: 9687.40 qps: 193803.75 (r/w/o: 135702.23/38726.51/19375.01) lat (ms,95%): 59.99 err/s: 0.10 reconn/s: 0.00
[ 610s ] thds: 400 tps: 9721.21 qps: 194416.71 (r/w/o: 136114.45/38859.84/19442.42) lat (ms,95%): 61.08 err/s: 0.00 reconn/s: 0.00
[ 620s ] thds: 400 tps: 9666.52 qps: 193273.06 (r/w/o: 135226.85/38712.97/19333.24) lat (ms,95%): 63.32 err/s: 0.10 reconn/s: 0.00
[ 630s ] thds: 400 tps: 9451.62 qps: 189124.70 (r/w/o: 132405.85/37815.50/18903.35) lat (ms,95%): 69.29 err/s: 0.00 reconn/s: 0.00
[ 640s ] thds: 400 tps: 9442.27 qps: 188708.24 (r/w/o: 132126.93/37696.38/18884.93) lat (ms,95%): 68.05 err/s: 0.10 reconn/s: 0.00
[ 650s ] thds: 400 tps: 9654.20 qps: 193152.12 (r/w/o: 135182.51/38660.71/19308.90) lat (ms,95%): 59.99 err/s: 0.20 reconn/s: 0.00
[ 660s ] thds: 400 tps: 9143.19 qps: 182844.30 (r/w/o: 127982.96/36576.36/18284.98) lat (ms,95%): 78.60 err/s: 0.10 reconn/s: 0.00
[ 670s ] thds: 400 tps: 8700.71 qps: 173863.37 (r/w/o: 121668.18/34792.45/17402.73) lat (ms,95%): 86.00 err/s: 0.00 reconn/s: 0.00
[ 680s ] thds: 400 tps: 6974.92 qps: 139674.75 (r/w/o: 97782.31/27942.19/13950.24) lat (ms,95%): 108.68 err/s: 0.00 reconn/s: 0.00
[ 690s ] thds: 400 tps: 7192.76 qps: 143678.77 (r/w/o: 100596.62/28696.93/14385.22) lat (ms,95%): 97.55 err/s: 0.00 reconn/s: 0.00
[ 700s ] thds: 400 tps: 8422.22 qps: 168585.57 (r/w/o: 117996.33/33752.59/16836.65) lat (ms,95%): 81.48 err/s: 0.10 reconn/s: 0.00
[ 710s ] thds: 400 tps: 9739.41 qps: 194831.14 (r/w/o: 136397.17/38946.85/19487.12) lat (ms,95%): 54.83 err/s: 0.00 reconn/s: 0.00
[ 720s ] thds: 400 tps: 9605.49 qps: 191983.46 (r/w/o: 134394.73/38377.65/19211.08) lat (ms,95%): 64.47 err/s: 0.00 reconn/s: 0.00
[ 730s ] thds: 400 tps: 9238.26 qps: 185049.51 (r/w/o: 129531.87/37041.12/18476.51) lat (ms,95%): 74.46 err/s: 0.00 reconn/s: 0.00
[ 740s ] thds: 400 tps: 9479.26 qps: 189451.25 (r/w/o: 132620.68/37872.05/18958.53) lat (ms,95%): 70.55 err/s: 0.00 reconn/s: 0.00
[ 750s ] thds: 400 tps: 9454.97 qps: 189180.33 (r/w/o: 132451.93/37818.47/18909.93) lat (ms,95%): 71.83 err/s: 0.00 reconn/s: 0.00
[ 760s ] thds: 400 tps: 9209.27 qps: 184167.37 (r/w/o: 128879.63/36869.00/18418.75) lat (ms,95%): 77.19 err/s: 0.10 reconn/s: 0.00
[ 770s ] thds: 400 tps: 8859.04 qps: 177030.87 (r/w/o: 123923.21/35394.57/17713.09) lat (ms,95%): 87.56 err/s: 0.00 reconn/s: 0.00
[ 780s ] thds: 400 tps: 8508.12 qps: 170296.97 (r/w/o: 119201.13/34074.29/17021.55) lat (ms,95%): 97.55 err/s: 0.10 reconn/s: 0.00
[ 790s ] thds: 400 tps: 8258.96 qps: 165029.19 (r/w/o: 115555.90/32955.46/16517.83) lat (ms,95%): 99.33 err/s: 0.00 reconn/s: 0.00
[ 800s ] thds: 400 tps: 7737.01 qps: 154788.29 (r/w/o: 108360.53/30953.44/15474.32) lat (ms,95%): 104.84 err/s: 0.00 reconn/s: 0.00
[ 810s ] thds: 400 tps: 7996.76 qps: 159915.76 (r/w/o: 111909.71/32012.53/15993.52) lat (ms,95%): 101.13 err/s: 0.00 reconn/s: 0.00
[ 820s ] thds: 400 tps: 7214.40 qps: 144487.54 (r/w/o: 101146.36/28912.19/14428.99) lat (ms,95%): 125.52 err/s: 0.10 reconn/s: 0.00
[ 830s ] thds: 400 tps: 7969.17 qps: 159141.68 (r/w/o: 111403.57/31801.48/15936.64) lat (ms,95%): 104.84 err/s: 0.00 reconn/s: 0.00
[ 840s ] thds: 400 tps: 7502.50 qps: 150269.47 (r/w/o: 105173.05/30089.72/15006.71) lat (ms,95%): 106.75 err/s: 0.00 reconn/s: 0.00
SQL statistics:
    queries performed:
        read:                            102057158
        write:                           29159102
        other:                           14579622
        total:                           145795882
    transactions:                        7289768 (8665.65 per sec.)
    queries:                             145795882 (173313.69 per sec.)
    ignored errors:                      29     (0.03 per sec.)
    reconnects:                          0      (0.00 per sec.)

General statistics:
    total time:                          841.2244s
    total number of events:              7289768

Latency (ms):
         min:                                   19.82
         avg:                                   46.10
         max:                                 1414.20
         95th percentile:                       90.78
         sum:                            336055686.66

Threads fairness:
    events (avg/stddev):           18224.4200/433.33
    execution time (avg/stddev):   840.1392/0.30

