sysbench 1.0.20-ebf1c90 (using bundled LuaJIT 2.1.0-beta2)

Running the test with following options:
Number of threads: 400
Report intermediate results every 10 second(s)
Initializing random number generator from current time


Initializing worker threads...

Threads started!

[ 10s ] thds: 400 tps: 6194.40 qps: 124342.34 (r/w/o: 87116.86/24796.69/12428.79) lat (ms,95%): 200.47 err/s: 0.00 reconn/s: 0.00
[ 20s ] thds: 400 tps: 8067.19 qps: 161358.33 (r/w/o: 112953.21/32270.85/16134.27) lat (ms,95%): 161.51 err/s: 0.00 reconn/s: 0.00
[ 30s ] thds: 400 tps: 8652.48 qps: 173204.60 (r/w/o: 121229.42/34673.42/17301.76) lat (ms,95%): 139.85 err/s: 0.00 reconn/s: 0.00
[ 40s ] thds: 400 tps: 8952.32 qps: 178935.88 (r/w/o: 125273.87/35754.88/17907.14) lat (ms,95%): 74.46 err/s: 0.00 reconn/s: 0.00
[ 50s ] thds: 400 tps: 9325.97 qps: 186612.13 (r/w/o: 130633.10/37326.59/18652.44) lat (ms,95%): 71.83 err/s: 0.00 reconn/s: 0.00
[ 60s ] thds: 400 tps: 9546.40 qps: 190867.05 (r/w/o: 133613.73/38159.71/19093.60) lat (ms,95%): 58.92 err/s: 0.10 reconn/s: 0.00
[ 70s ] thds: 400 tps: 9381.87 qps: 187605.68 (r/w/o: 131313.54/37528.10/18764.05) lat (ms,95%): 66.84 err/s: 0.10 reconn/s: 0.00
[ 80s ] thds: 400 tps: 9405.72 qps: 188112.93 (r/w/o: 131698.50/37602.99/18811.44) lat (ms,95%): 70.55 err/s: 0.00 reconn/s: 0.00
[ 90s ] thds: 400 tps: 9478.44 qps: 189571.17 (r/w/o: 132703.64/37910.35/18957.18) lat (ms,95%): 61.08 err/s: 0.00 reconn/s: 0.00
[ 100s ] thds: 400 tps: 9721.58 qps: 194498.77 (r/w/o: 136128.20/38927.21/19443.36) lat (ms,95%): 55.82 err/s: 0.00 reconn/s: 0.00
[ 110s ] thds: 400 tps: 7012.70 qps: 140134.97 (r/w/o: 98080.75/28029.21/14025.01) lat (ms,95%): 132.49 err/s: 0.00 reconn/s: 0.00
[ 120s ] thds: 400 tps: 5446.64 qps: 108984.81 (r/w/o: 76274.16/21817.26/10893.38) lat (ms,95%): 161.51 err/s: 0.00 reconn/s: 0.00
[ 130s ] thds: 400 tps: 6434.46 qps: 128453.04 (r/w/o: 89887.80/25696.93/12868.31) lat (ms,95%): 125.52 err/s: 0.20 reconn/s: 0.00
[ 140s ] thds: 400 tps: 9316.29 qps: 186517.05 (r/w/o: 130580.22/37302.75/18634.07) lat (ms,95%): 65.65 err/s: 0.00 reconn/s: 0.00
[ 150s ] thds: 400 tps: 9862.12 qps: 197444.72 (r/w/o: 138221.32/39499.06/19724.33) lat (ms,95%): 53.85 err/s: 0.00 reconn/s: 0.00
[ 160s ] thds: 400 tps: 9145.10 qps: 182648.48 (r/w/o: 127872.59/36485.70/18290.20) lat (ms,95%): 80.03 err/s: 0.00 reconn/s: 0.00
[ 170s ] thds: 400 tps: 9691.60 qps: 193975.57 (r/w/o: 135811.95/38780.21/19383.41) lat (ms,95%): 58.92 err/s: 0.10 reconn/s: 0.00
[ 180s ] thds: 400 tps: 9540.39 qps: 190636.47 (r/w/o: 133384.21/38171.37/19080.89) lat (ms,95%): 66.84 err/s: 0.00 reconn/s: 0.00
[ 190s ] thds: 400 tps: 9780.21 qps: 195827.15 (r/w/o: 137100.60/39166.03/19560.51) lat (ms,95%): 61.08 err/s: 0.00 reconn/s: 0.00
[ 200s ] thds: 400 tps: 9808.79 qps: 196190.30 (r/w/o: 137342.66/39230.66/19616.98) lat (ms,95%): 57.87 err/s: 0.00 reconn/s: 0.00
[ 210s ] thds: 400 tps: 9801.40 qps: 195929.99 (r/w/o: 137171.10/39155.30/19603.60) lat (ms,95%): 56.84 err/s: 0.00 reconn/s: 0.00
[ 220s ] thds: 400 tps: 8034.28 qps: 160678.25 (r/w/o: 112441.78/32167.81/16068.65) lat (ms,95%): 101.13 err/s: 0.00 reconn/s: 0.00
[ 230s ] thds: 400 tps: 7119.82 qps: 142527.93 (r/w/o: 99765.10/28522.79/14240.04) lat (ms,95%): 108.68 err/s: 0.20 reconn/s: 0.00
[ 240s ] thds: 400 tps: 6543.26 qps: 130786.72 (r/w/o: 91567.75/26132.64/13086.32) lat (ms,95%): 114.72 err/s: 0.00 reconn/s: 0.00
[ 250s ] thds: 400 tps: 8048.70 qps: 161037.65 (r/w/o: 112737.64/32202.31/16097.71) lat (ms,95%): 90.78 err/s: 0.00 reconn/s: 0.00
[ 260s ] thds: 400 tps: 9639.09 qps: 192665.07 (r/w/o: 134824.64/38570.45/19269.98) lat (ms,95%): 58.92 err/s: 0.10 reconn/s: 0.00
[ 270s ] thds: 400 tps: 9145.12 qps: 183089.83 (r/w/o: 128169.60/36621.49/18298.74) lat (ms,95%): 80.03 err/s: 0.00 reconn/s: 0.00
[ 280s ] thds: 400 tps: 9811.48 qps: 195942.16 (r/w/o: 137189.09/39130.11/19622.96) lat (ms,95%): 55.82 err/s: 0.00 reconn/s: 0.00
[ 290s ] thds: 400 tps: 9417.02 qps: 188345.23 (r/w/o: 131815.13/37698.97/18831.13) lat (ms,95%): 65.65 err/s: 0.00 reconn/s: 0.00
[ 300s ] thds: 400 tps: 9653.00 qps: 193265.72 (r/w/o: 135305.92/38650.40/19309.40) lat (ms,95%): 59.99 err/s: 0.10 reconn/s: 0.00
[ 310s ] thds: 400 tps: 9631.78 qps: 192546.30 (r/w/o: 134776.72/38506.62/19262.96) lat (ms,95%): 59.99 err/s: 0.00 reconn/s: 0.00
[ 320s ] thds: 400 tps: 9934.72 qps: 198619.85 (r/w/o: 139021.75/39733.47/19864.64) lat (ms,95%): 52.89 err/s: 0.00 reconn/s: 0.00
[ 330s ] thds: 400 tps: 8356.70 qps: 167059.06 (r/w/o: 116953.74/33386.51/16718.81) lat (ms,95%): 101.13 err/s: 0.00 reconn/s: 0.00
[ 340s ] thds: 400 tps: 6948.40 qps: 138985.59 (r/w/o: 97270.89/27824.00/13890.70) lat (ms,95%): 110.66 err/s: 0.10 reconn/s: 0.00
[ 350s ] thds: 400 tps: 7206.90 qps: 144288.98 (r/w/o: 101049.88/28819.00/14420.10) lat (ms,95%): 104.84 err/s: 0.00 reconn/s: 0.00
[ 360s ] thds: 400 tps: 7359.38 qps: 147108.93 (r/w/o: 102978.87/29411.31/14718.75) lat (ms,95%): 102.97 err/s: 0.00 reconn/s: 0.00
[ 370s ] thds: 400 tps: 9395.92 qps: 187883.81 (r/w/o: 131493.62/37598.46/18791.73) lat (ms,95%): 64.47 err/s: 0.10 reconn/s: 0.00
[ 380s ] thds: 400 tps: 9228.21 qps: 184745.50 (r/w/o: 129313.51/36975.26/18456.73) lat (ms,95%): 73.13 err/s: 0.00 reconn/s: 0.00
[ 390s ] thds: 400 tps: 8776.40 qps: 175474.72 (r/w/o: 122859.72/35062.40/17552.60) lat (ms,95%): 95.81 err/s: 0.00 reconn/s: 0.00
[ 400s ] thds: 400 tps: 8071.29 qps: 161172.19 (r/w/o: 112759.52/32273.28/16139.39) lat (ms,95%): 108.68 err/s: 0.00 reconn/s: 0.00
[ 410s ] thds: 400 tps: 7770.19 qps: 155730.46 (r/w/o: 109059.83/31126.65/15543.98) lat (ms,95%): 108.68 err/s: 0.10 reconn/s: 0.00
[ 420s ] thds: 400 tps: 7978.02 qps: 159454.43 (r/w/o: 111632.33/31867.26/15954.83) lat (ms,95%): 108.68 err/s: 0.00 reconn/s: 0.00
[ 430s ] thds: 400 tps: 9795.19 qps: 195926.73 (r/w/o: 137159.08/39176.07/19591.58) lat (ms,95%): 56.84 err/s: 0.00 reconn/s: 0.00
[ 440s ] thds: 400 tps: 9323.19 qps: 186376.08 (r/w/o: 130416.14/37321.36/18638.58) lat (ms,95%): 75.82 err/s: 0.00 reconn/s: 0.00
[ 450s ] thds: 400 tps: 8211.29 qps: 164321.24 (r/w/o: 115025.99/32865.17/16430.08) lat (ms,95%): 97.55 err/s: 0.00 reconn/s: 0.00
[ 460s ] thds: 400 tps: 7192.45 qps: 143834.00 (r/w/o: 100682.83/28765.98/14385.19) lat (ms,95%): 108.68 err/s: 0.00 reconn/s: 0.00
[ 470s ] thds: 400 tps: 7363.18 qps: 147028.31 (r/w/o: 102871.13/29430.82/14726.36) lat (ms,95%): 99.33 err/s: 0.00 reconn/s: 0.00
[ 480s ] thds: 400 tps: 8356.33 qps: 167529.28 (r/w/o: 117312.11/33504.42/16712.76) lat (ms,95%): 86.00 err/s: 0.00 reconn/s: 0.00
[ 490s ] thds: 400 tps: 9809.69 qps: 195932.43 (r/w/o: 137165.01/39147.95/19619.47) lat (ms,95%): 56.84 err/s: 0.00 reconn/s: 0.00
[ 500s ] thds: 400 tps: 9817.39 qps: 196578.20 (r/w/o: 137596.13/39349.18/19632.89) lat (ms,95%): 58.92 err/s: 0.00 reconn/s: 0.00
[ 510s ] thds: 400 tps: 9481.73 qps: 189533.88 (r/w/o: 132721.81/37846.32/18965.76) lat (ms,95%): 68.05 err/s: 0.10 reconn/s: 0.00
[ 520s ] thds: 400 tps: 9382.57 qps: 187498.54 (r/w/o: 131223.54/37509.77/18765.23) lat (ms,95%): 68.05 err/s: 0.00 reconn/s: 0.00
[ 530s ] thds: 400 tps: 9580.31 qps: 191574.13 (r/w/o: 134059.96/38353.25/19160.92) lat (ms,95%): 65.65 err/s: 0.10 reconn/s: 0.00
[ 540s ] thds: 400 tps: 9751.00 qps: 195178.51 (r/w/o: 136640.84/39035.58/19502.09) lat (ms,95%): 58.92 err/s: 0.00 reconn/s: 0.00
[ 550s ] thds: 400 tps: 9249.76 qps: 184797.22 (r/w/o: 129344.66/36953.94/18498.62) lat (ms,95%): 78.60 err/s: 0.10 reconn/s: 0.00
[ 560s ] thds: 400 tps: 8373.93 qps: 167873.47 (r/w/o: 117514.37/33609.93/16749.17) lat (ms,95%): 90.78 err/s: 0.10 reconn/s: 0.00
[ 570s ] thds: 400 tps: 7031.09 qps: 140356.10 (r/w/o: 98260.13/28036.28/14059.69) lat (ms,95%): 110.66 err/s: 0.00 reconn/s: 0.00
[ 580s ] thds: 400 tps: 7330.39 qps: 146711.38 (r/w/o: 102709.31/29338.58/14663.49) lat (ms,95%): 99.33 err/s: 0.00 reconn/s: 0.00
[ 590s ] thds: 400 tps: 8496.20 qps: 169810.45 (r/w/o: 118881.14/33938.71/16990.61) lat (ms,95%): 80.03 err/s: 0.00 reconn/s: 0.00
[ 600s ] thds: 400 tps: 9679.60 qps: 193507.98 (r/w/o: 135423.46/38724.02/19360.51) lat (ms,95%): 61.08 err/s: 0.00 reconn/s: 0.00
[ 610s ] thds: 400 tps: 9696.20 qps: 193952.42 (r/w/o: 135760.41/38800.40/19391.60) lat (ms,95%): 61.08 err/s: 0.00 reconn/s: 0.00
[ 620s ] thds: 400 tps: 9703.00 qps: 194062.01 (r/w/o: 135879.71/38774.50/19407.80) lat (ms,95%): 63.32 err/s: 0.10 reconn/s: 0.00
[ 630s ] thds: 400 tps: 9512.61 qps: 190402.93 (r/w/o: 133266.06/38111.65/19025.22) lat (ms,95%): 68.05 err/s: 0.00 reconn/s: 0.00
[ 640s ] thds: 400 tps: 9403.68 qps: 188165.59 (r/w/o: 131734.29/37623.94/18807.37) lat (ms,95%): 68.05 err/s: 0.00 reconn/s: 0.00
[ 650s ] thds: 400 tps: 9695.29 qps: 193549.56 (r/w/o: 135443.10/38716.87/19389.59) lat (ms,95%): 58.92 err/s: 0.00 reconn/s: 0.00
[ 660s ] thds: 400 tps: 9121.54 qps: 182673.67 (r/w/o: 127892.14/36537.45/18244.08) lat (ms,95%): 78.60 err/s: 0.00 reconn/s: 0.00
[ 670s ] thds: 400 tps: 8719.87 qps: 174428.59 (r/w/o: 122127.57/34861.28/17439.74) lat (ms,95%): 86.00 err/s: 0.00 reconn/s: 0.00
[ 680s ] thds: 400 tps: 6951.24 qps: 139152.03 (r/w/o: 97378.98/27870.47/13902.58) lat (ms,95%): 108.68 err/s: 0.00 reconn/s: 0.00
[ 690s ] thds: 400 tps: 7245.30 qps: 144840.62 (r/w/o: 101412.05/28937.98/14490.59) lat (ms,95%): 97.55 err/s: 0.00 reconn/s: 0.00
[ 700s ] thds: 400 tps: 8464.00 qps: 169123.44 (r/w/o: 118377.43/33818.01/16928.00) lat (ms,95%): 81.48 err/s: 0.00 reconn/s: 0.00
[ 710s ] thds: 400 tps: 9741.88 qps: 194853.39 (r/w/o: 136372.51/38996.92/19483.96) lat (ms,95%): 55.82 err/s: 0.00 reconn/s: 0.00
[ 720s ] thds: 400 tps: 9608.70 qps: 192272.94 (r/w/o: 134604.06/38451.59/19217.29) lat (ms,95%): 63.32 err/s: 0.00 reconn/s: 0.00
[ 730s ] thds: 400 tps: 9278.82 qps: 185391.94 (r/w/o: 129780.04/37054.47/18557.43) lat (ms,95%): 74.46 err/s: 0.00 reconn/s: 0.00
[ 740s ] thds: 400 tps: 9541.20 qps: 190841.59 (r/w/o: 133566.39/38192.90/19082.30) lat (ms,95%): 70.55 err/s: 0.00 reconn/s: 0.00
[ 750s ] thds: 400 tps: 9462.48 qps: 189449.59 (r/w/o: 132636.88/37887.14/18925.57) lat (ms,95%): 70.55 err/s: 0.10 reconn/s: 0.00
[ 760s ] thds: 400 tps: 9285.10 qps: 185414.33 (r/w/o: 129773.45/37071.19/18569.69) lat (ms,95%): 77.19 err/s: 0.00 reconn/s: 0.00
[ 770s ] thds: 400 tps: 8894.49 qps: 177914.79 (r/w/o: 124555.15/35570.46/17789.18) lat (ms,95%): 89.16 err/s: 0.00 reconn/s: 0.00
[ 780s ] thds: 400 tps: 8552.28 qps: 171172.25 (r/w/o: 119841.25/34226.03/17104.96) lat (ms,95%): 95.81 err/s: 0.00 reconn/s: 0.00
[ 790s ] thds: 400 tps: 8257.64 qps: 165205.82 (r/w/o: 115648.80/33041.64/16515.37) lat (ms,95%): 99.33 err/s: 0.00 reconn/s: 0.00
[ 800s ] thds: 400 tps: 7748.20 qps: 155116.67 (r/w/o: 108542.48/31077.79/15496.40) lat (ms,95%): 106.75 err/s: 0.00 reconn/s: 0.00
[ 810s ] thds: 400 tps: 8043.10 qps: 160717.78 (r/w/o: 112500.86/32136.22/16080.71) lat (ms,95%): 101.13 err/s: 0.00 reconn/s: 0.00
[ 820s ] thds: 400 tps: 7232.10 qps: 144271.51 (r/w/o: 100954.81/28848.60/14468.10) lat (ms,95%): 125.52 err/s: 0.00 reconn/s: 0.00
[ 830s ] thds: 400 tps: 7957.51 qps: 159462.50 (r/w/o: 111681.14/31865.44/15915.92) lat (ms,95%): 104.84 err/s: 0.00 reconn/s: 0.00
[ 840s ] thds: 400 tps: 7512.50 qps: 150473.08 (r/w/o: 105299.39/30148.40/15025.30) lat (ms,95%): 106.75 err/s: 0.00 reconn/s: 0.00
SQL statistics:
    queries performed:
        read:                            102274620
        write:                           29221244
        other:                           14610700
        total:                           146106564
    transactions:                        7305312 (8681.78 per sec.)
    queries:                             146106564 (173635.91 per sec.)
    ignored errors:                      18     (0.02 per sec.)
    reconnects:                          0      (0.00 per sec.)

General statistics:
    total time:                          841.4526s
    total number of events:              7305312

Latency (ms):
         min:                                   19.89
         avg:                                   46.00
         max:                                 1657.12
         95th percentile:                       90.78
         sum:                            336050210.23

Threads fairness:
    events (avg/stddev):           18263.2800/478.73
    execution time (avg/stddev):   840.1255/0.31

