sysbench 1.0.20-ebf1c90 (using bundled LuaJIT 2.1.0-beta2)

Running the test with following options:
Number of threads: 400
Report intermediate results every 10 second(s)
Initializing random number generator from current time


Initializing worker threads...

Threads started!

[ 10s ] thds: 400 tps: 6179.26 qps: 124034.87 (r/w/o: 86861.22/24775.24/12398.42) lat (ms,95%): 200.47 err/s: 0.00 reconn/s: 0.00
[ 20s ] thds: 400 tps: 8053.69 qps: 161106.33 (r/w/o: 112817.58/32181.87/16106.88) lat (ms,95%): 161.51 err/s: 0.00 reconn/s: 0.00
[ 30s ] thds: 400 tps: 8669.76 qps: 173407.87 (r/w/o: 121386.82/34680.93/17340.12) lat (ms,95%): 139.85 err/s: 0.00 reconn/s: 0.00
[ 40s ] thds: 400 tps: 8910.27 qps: 178072.05 (r/w/o: 124629.32/35630.79/17811.95) lat (ms,95%): 74.46 err/s: 0.00 reconn/s: 0.00
[ 50s ] thds: 400 tps: 9239.73 qps: 184767.51 (r/w/o: 129333.43/36945.92/18488.16) lat (ms,95%): 73.13 err/s: 0.00 reconn/s: 0.00
[ 60s ] thds: 400 tps: 9573.99 qps: 191414.66 (r/w/o: 133972.83/38294.05/19147.78) lat (ms,95%): 58.92 err/s: 0.00 reconn/s: 0.00
[ 70s ] thds: 400 tps: 9361.74 qps: 187408.80 (r/w/o: 131201.59/37483.54/18723.67) lat (ms,95%): 66.84 err/s: 0.00 reconn/s: 0.00
[ 80s ] thds: 400 tps: 9402.48 qps: 187828.20 (r/w/o: 131447.72/37576.92/18803.56) lat (ms,95%): 70.55 err/s: 0.00 reconn/s: 0.00
[ 90s ] thds: 400 tps: 9546.10 qps: 190958.12 (r/w/o: 133685.11/38179.70/19093.30) lat (ms,95%): 59.99 err/s: 0.00 reconn/s: 0.00
[ 100s ] thds: 400 tps: 9739.21 qps: 194992.37 (r/w/o: 136526.72/38987.33/19478.32) lat (ms,95%): 55.82 err/s: 0.10 reconn/s: 0.00
[ 110s ] thds: 400 tps: 7027.83 qps: 140500.22 (r/w/o: 98343.64/28101.82/14054.76) lat (ms,95%): 132.49 err/s: 0.00 reconn/s: 0.00
[ 120s ] thds: 400 tps: 5452.11 qps: 109020.45 (r/w/o: 76306.77/21808.45/10905.22) lat (ms,95%): 161.51 err/s: 0.00 reconn/s: 0.00
[ 130s ] thds: 400 tps: 6390.81 qps: 128130.27 (r/w/o: 89689.72/25657.83/12782.72) lat (ms,95%): 125.52 err/s: 0.00 reconn/s: 0.00
[ 140s ] thds: 400 tps: 9317.66 qps: 186255.52 (r/w/o: 130396.36/37223.94/18635.22) lat (ms,95%): 65.65 err/s: 0.00 reconn/s: 0.00
[ 150s ] thds: 400 tps: 9934.45 qps: 198602.34 (r/w/o: 139027.42/39711.11/19863.80) lat (ms,95%): 53.85 err/s: 0.10 reconn/s: 0.00
[ 160s ] thds: 400 tps: 9163.38 qps: 183138.66 (r/w/o: 128145.86/36671.43/18321.37) lat (ms,95%): 78.60 err/s: 0.00 reconn/s: 0.00
[ 170s ] thds: 400 tps: 9667.12 qps: 193334.18 (r/w/o: 135379.47/38609.48/19345.24) lat (ms,95%): 58.92 err/s: 0.00 reconn/s: 0.00
[ 180s ] thds: 400 tps: 9568.65 qps: 191624.97 (r/w/o: 134151.35/38336.01/19137.61) lat (ms,95%): 66.84 err/s: 0.10 reconn/s: 0.00
[ 190s ] thds: 400 tps: 9762.52 qps: 195144.91 (r/w/o: 136591.89/39027.98/19525.04) lat (ms,95%): 61.08 err/s: 0.00 reconn/s: 0.00
[ 200s ] thds: 400 tps: 9715.24 qps: 194261.44 (r/w/o: 135986.39/38845.27/19429.78) lat (ms,95%): 58.92 err/s: 0.00 reconn/s: 0.00
[ 210s ] thds: 400 tps: 9797.21 qps: 195895.86 (r/w/o: 137125.78/39178.95/19591.13) lat (ms,95%): 56.84 err/s: 0.00 reconn/s: 0.00
[ 220s ] thds: 400 tps: 8086.07 qps: 161723.44 (r/w/o: 113184.71/32364.08/16174.64) lat (ms,95%): 101.13 err/s: 0.00 reconn/s: 0.00
[ 230s ] thds: 400 tps: 7134.64 qps: 142783.33 (r/w/o: 99964.18/28548.96/14270.18) lat (ms,95%): 108.68 err/s: 0.00 reconn/s: 0.00
[ 240s ] thds: 400 tps: 6579.66 qps: 131541.17 (r/w/o: 92082.22/26299.23/13159.72) lat (ms,95%): 114.72 err/s: 0.00 reconn/s: 0.00
[ 250s ] thds: 400 tps: 8053.02 qps: 160963.22 (r/w/o: 112655.93/32200.86/16106.43) lat (ms,95%): 92.42 err/s: 0.00 reconn/s: 0.00
[ 260s ] thds: 400 tps: 9648.52 qps: 193100.07 (r/w/o: 135202.43/38600.69/19296.95) lat (ms,95%): 57.87 err/s: 0.00 reconn/s: 0.00
[ 270s ] thds: 400 tps: 9109.84 qps: 182232.43 (r/w/o: 127557.51/36455.15/18219.77) lat (ms,95%): 80.03 err/s: 0.00 reconn/s: 0.00
[ 280s ] thds: 400 tps: 9799.61 qps: 195839.22 (r/w/o: 137029.76/39217.04/19592.42) lat (ms,95%): 56.84 err/s: 0.00 reconn/s: 0.00
[ 290s ] thds: 400 tps: 9429.58 qps: 188775.66 (r/w/o: 132199.07/37711.33/18865.26) lat (ms,95%): 65.65 err/s: 0.10 reconn/s: 0.00
[ 300s ] thds: 400 tps: 9695.19 qps: 193735.75 (r/w/o: 135583.92/38761.65/19390.17) lat (ms,95%): 59.99 err/s: 0.00 reconn/s: 0.00
[ 310s ] thds: 400 tps: 9655.43 qps: 193272.00 (r/w/o: 135306.59/38652.84/19312.57) lat (ms,95%): 59.99 err/s: 0.00 reconn/s: 0.00
[ 320s ] thds: 400 tps: 9956.79 qps: 199052.87 (r/w/o: 139321.74/39817.55/19913.58) lat (ms,95%): 52.89 err/s: 0.00 reconn/s: 0.00
[ 330s ] thds: 400 tps: 8332.25 qps: 166632.08 (r/w/o: 116627.19/33348.50/16656.40) lat (ms,95%): 101.13 err/s: 0.10 reconn/s: 0.00
[ 340s ] thds: 400 tps: 6947.55 qps: 138958.37 (r/w/o: 97280.45/27777.51/13900.41) lat (ms,95%): 110.66 err/s: 0.00 reconn/s: 0.00
[ 350s ] thds: 400 tps: 7254.65 qps: 145011.47 (r/w/o: 101539.28/28964.79/14507.40) lat (ms,95%): 102.97 err/s: 0.00 reconn/s: 0.00
[ 360s ] thds: 400 tps: 7344.19 qps: 146697.50 (r/w/o: 102611.19/29394.74/14691.57) lat (ms,95%): 104.84 err/s: 0.00 reconn/s: 0.00
[ 370s ] thds: 400 tps: 9362.19 qps: 187449.88 (r/w/o: 131259.12/37472.58/18718.19) lat (ms,95%): 64.47 err/s: 0.00 reconn/s: 0.00
[ 380s ] thds: 400 tps: 9232.67 qps: 184779.00 (r/w/o: 129376.65/36929.00/18473.35) lat (ms,95%): 71.83 err/s: 0.00 reconn/s: 0.00
[ 390s ] thds: 400 tps: 8734.57 qps: 174459.81 (r/w/o: 122089.29/34910.38/17460.14) lat (ms,95%): 95.81 err/s: 0.00 reconn/s: 0.00
[ 400s ] thds: 400 tps: 8088.93 qps: 162075.11 (r/w/o: 113508.23/32379.92/16186.96) lat (ms,95%): 108.68 err/s: 0.00 reconn/s: 0.00
[ 410s ] thds: 400 tps: 7761.95 qps: 155198.68 (r/w/o: 108631.89/31042.80/15524.00) lat (ms,95%): 110.66 err/s: 0.00 reconn/s: 0.00
[ 420s ] thds: 400 tps: 7969.31 qps: 159113.87 (r/w/o: 111325.92/31851.13/15936.82) lat (ms,95%): 108.68 err/s: 0.00 reconn/s: 0.00
[ 430s ] thds: 400 tps: 9821.04 qps: 196463.98 (r/w/o: 137544.72/39275.88/19643.39) lat (ms,95%): 55.82 err/s: 0.00 reconn/s: 0.00
[ 440s ] thds: 400 tps: 9312.43 qps: 186320.14 (r/w/o: 130434.65/37263.03/18622.46) lat (ms,95%): 75.82 err/s: 0.10 reconn/s: 0.00
[ 450s ] thds: 400 tps: 8267.89 qps: 165362.55 (r/w/o: 115738.40/33087.77/16536.39) lat (ms,95%): 97.55 err/s: 0.00 reconn/s: 0.00
[ 460s ] thds: 400 tps: 7203.89 qps: 144159.81 (r/w/o: 100942.77/28806.86/14410.18) lat (ms,95%): 108.68 err/s: 0.00 reconn/s: 0.00
[ 470s ] thds: 400 tps: 7390.32 qps: 147933.06 (r/w/o: 103554.52/29597.69/14780.85) lat (ms,95%): 99.33 err/s: 0.00 reconn/s: 0.00
[ 480s ] thds: 400 tps: 8366.47 qps: 167240.82 (r/w/o: 117077.89/33429.38/16733.54) lat (ms,95%): 86.00 err/s: 0.20 reconn/s: 0.00
[ 490s ] thds: 400 tps: 9764.53 qps: 195193.48 (r/w/o: 136582.78/39088.24/19522.47) lat (ms,95%): 56.84 err/s: 0.10 reconn/s: 0.00
[ 500s ] thds: 400 tps: 9793.02 qps: 195933.82 (r/w/o: 137195.22/39145.46/19593.13) lat (ms,95%): 58.92 err/s: 0.00 reconn/s: 0.00
[ 510s ] thds: 400 tps: 9478.84 qps: 189463.03 (r/w/o: 132616.81/37888.45/18957.77) lat (ms,95%): 68.05 err/s: 0.00 reconn/s: 0.00
[ 520s ] thds: 400 tps: 9389.01 qps: 187703.28 (r/w/o: 131337.52/37591.84/18773.92) lat (ms,95%): 68.05 err/s: 0.20 reconn/s: 0.00
[ 530s ] thds: 400 tps: 9546.90 qps: 191202.58 (r/w/o: 133892.89/38216.30/19093.40) lat (ms,95%): 65.65 err/s: 0.00 reconn/s: 0.00
[ 540s ] thds: 400 tps: 9736.95 qps: 194668.37 (r/w/o: 136289.88/38899.59/19478.90) lat (ms,95%): 59.99 err/s: 0.00 reconn/s: 0.00
[ 550s ] thds: 400 tps: 9240.90 qps: 184777.74 (r/w/o: 129309.83/36990.80/18477.10) lat (ms,95%): 78.60 err/s: 0.00 reconn/s: 0.00
[ 560s ] thds: 400 tps: 8393.04 qps: 168043.78 (r/w/o: 117645.95/33606.76/16791.08) lat (ms,95%): 90.78 err/s: 0.10 reconn/s: 0.00
[ 570s ] thds: 400 tps: 7038.65 qps: 140585.73 (r/w/o: 98389.52/28118.81/14077.40) lat (ms,95%): 110.66 err/s: 0.00 reconn/s: 0.00
[ 580s ] thds: 400 tps: 7313.80 qps: 146304.18 (r/w/o: 102406.49/29269.70/14628.00) lat (ms,95%): 99.33 err/s: 0.20 reconn/s: 0.00
[ 590s ] thds: 400 tps: 8501.23 qps: 169927.32 (r/w/o: 118945.06/33980.30/17001.95) lat (ms,95%): 80.03 err/s: 0.00 reconn/s: 0.00
[ 600s ] thds: 400 tps: 9650.80 qps: 193266.38 (r/w/o: 135323.29/38641.00/19302.10) lat (ms,95%): 59.99 err/s: 0.00 reconn/s: 0.00
[ 610s ] thds: 400 tps: 9709.63 qps: 194158.62 (r/w/o: 135937.73/38801.52/19419.36) lat (ms,95%): 61.08 err/s: 0.00 reconn/s: 0.00
[ 620s ] thds: 400 tps: 9648.12 qps: 192799.56 (r/w/o: 134889.62/38618.69/19291.25) lat (ms,95%): 63.32 err/s: 0.00 reconn/s: 0.00
[ 630s ] thds: 400 tps: 9480.41 qps: 189681.90 (r/w/o: 132804.97/37917.72/18959.21) lat (ms,95%): 68.05 err/s: 0.00 reconn/s: 0.00
[ 640s ] thds: 400 tps: 9380.19 qps: 187594.01 (r/w/o: 131357.86/37469.06/18767.08) lat (ms,95%): 69.29 err/s: 0.00 reconn/s: 0.00
[ 650s ] thds: 400 tps: 9653.44 qps: 193132.10 (r/w/o: 135156.90/38668.34/19306.87) lat (ms,95%): 59.99 err/s: 0.00 reconn/s: 0.00
[ 660s ] thds: 400 tps: 9147.70 qps: 182891.59 (r/w/o: 128018.37/36581.12/18292.11) lat (ms,95%): 78.60 err/s: 0.00 reconn/s: 0.00
[ 670s ] thds: 400 tps: 8706.91 qps: 174054.60 (r/w/o: 121817.17/34820.02/17417.41) lat (ms,95%): 86.00 err/s: 0.10 reconn/s: 0.00
[ 680s ] thds: 400 tps: 6996.19 qps: 140105.80 (r/w/o: 98072.09/28041.34/13992.37) lat (ms,95%): 106.75 err/s: 0.00 reconn/s: 0.00
[ 690s ] thds: 400 tps: 7259.82 qps: 144995.21 (r/w/o: 101532.82/28942.86/14519.53) lat (ms,95%): 97.55 err/s: 0.00 reconn/s: 0.00
[ 700s ] thds: 400 tps: 8419.51 qps: 168421.50 (r/w/o: 117844.64/33737.74/16839.12) lat (ms,95%): 82.96 err/s: 0.00 reconn/s: 0.00
[ 710s ] thds: 400 tps: 9699.60 qps: 194187.67 (r/w/o: 135962.25/38825.91/19399.51) lat (ms,95%): 55.82 err/s: 0.10 reconn/s: 0.00
[ 720s ] thds: 400 tps: 9612.69 qps: 192090.12 (r/w/o: 134479.10/38385.54/19225.47) lat (ms,95%): 63.32 err/s: 0.00 reconn/s: 0.00
[ 730s ] thds: 400 tps: 9284.58 qps: 185602.10 (r/w/o: 129880.09/37160.64/18561.37) lat (ms,95%): 74.46 err/s: 0.00 reconn/s: 0.00
[ 740s ] thds: 400 tps: 9480.82 qps: 189856.91 (r/w/o: 132937.82/37949.36/18969.73) lat (ms,95%): 70.55 err/s: 0.00 reconn/s: 0.00
[ 750s ] thds: 400 tps: 9469.02 qps: 189287.00 (r/w/o: 132509.61/37840.06/18937.33) lat (ms,95%): 71.83 err/s: 0.00 reconn/s: 0.00
[ 760s ] thds: 400 tps: 9252.84 qps: 184940.58 (r/w/o: 129421.65/37020.26/18498.68) lat (ms,95%): 75.82 err/s: 0.00 reconn/s: 0.00
[ 770s ] thds: 400 tps: 8859.63 qps: 177240.76 (r/w/o: 124068.79/35444.91/17727.06) lat (ms,95%): 87.56 err/s: 0.00 reconn/s: 0.00
[ 780s ] thds: 400 tps: 8498.83 qps: 169881.89 (r/w/o: 118907.68/33984.14/16990.07) lat (ms,95%): 97.55 err/s: 0.10 reconn/s: 0.00
[ 790s ] thds: 400 tps: 8235.97 qps: 164822.01 (r/w/o: 115427.78/32914.18/16480.04) lat (ms,95%): 99.33 err/s: 0.10 reconn/s: 0.00
[ 800s ] thds: 400 tps: 7728.72 qps: 154651.77 (r/w/o: 108270.76/30923.58/15457.44) lat (ms,95%): 104.84 err/s: 0.00 reconn/s: 0.00
[ 810s ] thds: 400 tps: 8012.39 qps: 160181.88 (r/w/o: 112096.62/32063.58/16021.69) lat (ms,95%): 101.13 err/s: 0.00 reconn/s: 0.00
[ 820s ] thds: 400 tps: 7208.04 qps: 144405.82 (r/w/o: 101069.30/28917.14/14419.37) lat (ms,95%): 125.52 err/s: 0.10 reconn/s: 0.00
[ 830s ] thds: 400 tps: 7958.58 qps: 158899.44 (r/w/o: 111249.88/31734.61/15914.95) lat (ms,95%): 104.84 err/s: 0.00 reconn/s: 0.00
[ 840s ] thds: 400 tps: 7543.25 qps: 151116.20 (r/w/o: 105758.47/30268.72/15089.01) lat (ms,95%): 104.84 err/s: 0.10 reconn/s: 0.00
SQL statistics:
    queries performed:
        read:                            102220930
        write:                           29205898
        other:                           14603032
        total:                           146029860
    transactions:                        7301475 (8678.94 per sec.)
    queries:                             146029860 (173579.19 per sec.)
    ignored errors:                      20     (0.02 per sec.)
    reconnects:                          0      (0.00 per sec.)

General statistics:
    total time:                          841.2857s
    total number of events:              7301475

Latency (ms):
         min:                                   19.90
         avg:                                   46.03
         max:                                 1479.39
         95th percentile:                       90.78
         sum:                            336058392.41

Threads fairness:
    events (avg/stddev):           18253.6875/431.30
    execution time (avg/stddev):   840.1460/0.30

