sysbench 1.0.20-ebf1c90 (using bundled LuaJIT 2.1.0-beta2)

Running the test with following options:
Number of threads: 400
Report intermediate results every 10 second(s)
Initializing random number generator from current time


Initializing worker threads...

Threads started!

[ 10s ] thds: 400 tps: 6033.24 qps: 121069.80 (r/w/o: 84827.37/24135.86/12106.57) lat (ms,95%): 211.60 err/s: 0.00 reconn/s: 0.00
[ 20s ] thds: 400 tps: 7992.33 qps: 159720.64 (r/w/o: 111752.54/31983.23/15984.87) lat (ms,95%): 167.44 err/s: 0.00 reconn/s: 0.00
[ 30s ] thds: 400 tps: 8741.59 qps: 175081.29 (r/w/o: 122610.58/34987.34/17483.37) lat (ms,95%): 110.66 err/s: 0.10 reconn/s: 0.00
[ 40s ] thds: 400 tps: 9091.75 qps: 181667.97 (r/w/o: 127144.64/36341.01/18182.31) lat (ms,95%): 71.83 err/s: 0.00 reconn/s: 0.00
[ 50s ] thds: 400 tps: 9371.27 qps: 187472.81 (r/w/o: 131237.59/37491.48/18743.74) lat (ms,95%): 63.32 err/s: 0.00 reconn/s: 0.00
[ 60s ] thds: 400 tps: 9566.36 qps: 191444.85 (r/w/o: 134024.48/38289.45/19130.93) lat (ms,95%): 59.99 err/s: 0.00 reconn/s: 0.00
[ 70s ] thds: 400 tps: 9614.38 qps: 192229.78 (r/w/o: 134533.01/38468.22/19228.56) lat (ms,95%): 61.08 err/s: 0.00 reconn/s: 0.00
[ 80s ] thds: 400 tps: 9222.14 qps: 184255.06 (r/w/o: 128949.13/36867.55/18438.38) lat (ms,95%): 73.13 err/s: 0.00 reconn/s: 0.00
[ 90s ] thds: 400 tps: 9584.02 qps: 191912.35 (r/w/o: 134407.64/38328.27/19176.43) lat (ms,95%): 59.99 err/s: 0.00 reconn/s: 0.00
[ 100s ] thds: 400 tps: 9823.47 qps: 196549.14 (r/w/o: 137585.61/39316.49/19647.04) lat (ms,95%): 53.85 err/s: 0.00 reconn/s: 0.00
[ 110s ] thds: 400 tps: 6891.34 qps: 137406.95 (r/w/o: 96101.70/27527.07/13778.18) lat (ms,95%): 125.52 err/s: 0.00 reconn/s: 0.00
[ 120s ] thds: 400 tps: 5592.77 qps: 112241.20 (r/w/o: 78628.38/22422.68/11190.14) lat (ms,95%): 139.85 err/s: 0.00 reconn/s: 0.00
[ 130s ] thds: 400 tps: 7514.08 qps: 150377.17 (r/w/o: 105255.80/30092.91/15028.46) lat (ms,95%): 112.67 err/s: 0.00 reconn/s: 0.00
[ 140s ] thds: 400 tps: 9219.92 qps: 184080.47 (r/w/o: 128835.16/36806.27/18439.04) lat (ms,95%): 68.05 err/s: 0.00 reconn/s: 0.00
[ 150s ] thds: 400 tps: 9283.72 qps: 185948.96 (r/w/o: 130198.95/37181.67/18568.34) lat (ms,95%): 68.05 err/s: 0.00 reconn/s: 0.00
[ 160s ] thds: 400 tps: 9292.15 qps: 185803.03 (r/w/o: 130055.45/37163.29/18584.29) lat (ms,95%): 71.83 err/s: 0.00 reconn/s: 0.00
[ 170s ] thds: 400 tps: 9908.39 qps: 198004.57 (r/w/o: 138614.21/39573.37/19816.99) lat (ms,95%): 57.87 err/s: 0.10 reconn/s: 0.00
[ 180s ] thds: 400 tps: 9569.39 qps: 191356.40 (r/w/o: 133929.36/38288.26/19138.78) lat (ms,95%): 62.19 err/s: 0.00 reconn/s: 0.00
[ 190s ] thds: 400 tps: 9624.56 qps: 192560.24 (r/w/o: 134787.77/38531.75/19240.72) lat (ms,95%): 59.99 err/s: 0.00 reconn/s: 0.00
[ 200s ] thds: 400 tps: 9707.17 qps: 194196.27 (r/w/o: 135969.43/38803.79/19423.05) lat (ms,95%): 58.92 err/s: 0.10 reconn/s: 0.00
[ 210s ] thds: 400 tps: 9853.70 qps: 196833.63 (r/w/o: 137727.82/39403.21/19702.60) lat (ms,95%): 55.82 err/s: 0.00 reconn/s: 0.00
[ 220s ] thds: 400 tps: 7739.37 qps: 155095.59 (r/w/o: 108613.44/30998.70/15483.45) lat (ms,95%): 102.97 err/s: 0.00 reconn/s: 0.00
[ 230s ] thds: 400 tps: 6709.83 qps: 134163.48 (r/w/o: 93909.81/26836.82/13416.86) lat (ms,95%): 114.72 err/s: 0.20 reconn/s: 0.00
[ 240s ] thds: 400 tps: 6624.78 qps: 132609.82 (r/w/o: 92834.16/26522.70/13252.95) lat (ms,95%): 104.84 err/s: 0.00 reconn/s: 0.00
[ 250s ] thds: 400 tps: 9403.75 qps: 187879.70 (r/w/o: 131527.20/37545.00/18807.50) lat (ms,95%): 59.99 err/s: 0.00 reconn/s: 0.00
[ 260s ] thds: 400 tps: 9469.20 qps: 189568.15 (r/w/o: 132682.74/37946.91/18938.51) lat (ms,95%): 61.08 err/s: 0.00 reconn/s: 0.00
[ 270s ] thds: 400 tps: 9451.71 qps: 188717.68 (r/w/o: 132059.90/37754.16/18903.63) lat (ms,95%): 69.29 err/s: 0.10 reconn/s: 0.00
[ 280s ] thds: 400 tps: 9780.85 qps: 195901.93 (r/w/o: 137180.22/39159.91/19561.80) lat (ms,95%): 55.82 err/s: 0.00 reconn/s: 0.00
[ 290s ] thds: 400 tps: 9622.38 qps: 192313.99 (r/w/o: 134578.41/38490.62/19244.96) lat (ms,95%): 58.92 err/s: 0.00 reconn/s: 0.00
[ 300s ] thds: 400 tps: 9680.53 qps: 193494.90 (r/w/o: 135431.65/38702.20/19361.05) lat (ms,95%): 59.99 err/s: 0.00 reconn/s: 0.00
[ 310s ] thds: 400 tps: 9780.10 qps: 195635.54 (r/w/o: 136984.76/39096.49/19554.29) lat (ms,95%): 57.87 err/s: 0.00 reconn/s: 0.00
[ 320s ] thds: 400 tps: 10013.08 qps: 200387.64 (r/w/o: 140295.35/40060.03/20032.26) lat (ms,95%): 51.94 err/s: 0.00 reconn/s: 0.00
[ 330s ] thds: 400 tps: 8272.44 qps: 165436.62 (r/w/o: 115815.40/33077.14/16544.07) lat (ms,95%): 95.81 err/s: 0.00 reconn/s: 0.00
[ 340s ] thds: 400 tps: 6673.39 qps: 133535.72 (r/w/o: 93452.37/26735.26/13348.08) lat (ms,95%): 118.92 err/s: 0.00 reconn/s: 0.00
[ 350s ] thds: 400 tps: 7165.41 qps: 143165.91 (r/w/o: 100161.27/28680.72/14323.91) lat (ms,95%): 102.97 err/s: 0.00 reconn/s: 0.00
[ 360s ] thds: 400 tps: 9339.45 qps: 186991.53 (r/w/o: 130933.32/37372.21/18686.00) lat (ms,95%): 62.19 err/s: 0.00 reconn/s: 0.00
[ 370s ] thds: 400 tps: 9368.63 qps: 187194.26 (r/w/o: 131058.06/37398.73/18737.47) lat (ms,95%): 69.29 err/s: 0.10 reconn/s: 0.00
[ 380s ] thds: 400 tps: 8653.01 qps: 173019.56 (r/w/o: 121103.81/34609.53/17306.22) lat (ms,95%): 87.56 err/s: 0.10 reconn/s: 0.00
[ 390s ] thds: 400 tps: 8306.37 qps: 166258.93 (r/w/o: 116345.23/33300.87/16612.83) lat (ms,95%): 106.75 err/s: 0.10 reconn/s: 0.00
[ 400s ] thds: 400 tps: 7846.25 qps: 156928.97 (r/w/o: 109893.87/31342.60/15692.50) lat (ms,95%): 101.13 err/s: 0.00 reconn/s: 0.00
[ 410s ] thds: 400 tps: 8017.99 qps: 160239.64 (r/w/o: 112121.12/32088.35/16030.17) lat (ms,95%): 95.81 err/s: 0.20 reconn/s: 0.00
[ 420s ] thds: 400 tps: 9515.95 qps: 190304.82 (r/w/o: 133233.15/38033.48/19038.19) lat (ms,95%): 62.19 err/s: 0.00 reconn/s: 0.00
[ 430s ] thds: 400 tps: 9816.48 qps: 196413.63 (r/w/o: 137523.17/39258.80/19631.65) lat (ms,95%): 57.87 err/s: 0.00 reconn/s: 0.00
[ 440s ] thds: 400 tps: 9395.84 qps: 187831.32 (r/w/o: 131465.97/37572.36/18792.98) lat (ms,95%): 69.29 err/s: 0.00 reconn/s: 0.00
[ 450s ] thds: 400 tps: 7283.45 qps: 145827.77 (r/w/o: 102094.98/29165.89/14566.90) lat (ms,95%): 104.84 err/s: 0.00 reconn/s: 0.00
[ 460s ] thds: 400 tps: 7166.31 qps: 143458.45 (r/w/o: 100398.11/28727.63/14332.72) lat (ms,95%): 101.13 err/s: 0.00 reconn/s: 0.00
[ 470s ] thds: 400 tps: 8217.41 qps: 164068.01 (r/w/o: 114865.38/32767.72/16434.91) lat (ms,95%): 81.48 err/s: 0.00 reconn/s: 0.00
[ 480s ] thds: 400 tps: 8955.29 qps: 179068.34 (r/w/o: 125298.09/35865.96/17904.28) lat (ms,95%): 74.46 err/s: 0.10 reconn/s: 0.00
[ 490s ] thds: 400 tps: 9882.34 qps: 197804.27 (r/w/o: 138523.64/39508.95/19771.68) lat (ms,95%): 55.82 err/s: 0.10 reconn/s: 0.00
[ 500s ] thds: 400 tps: 9853.53 qps: 196981.01 (r/w/o: 137841.62/39432.12/19707.26) lat (ms,95%): 56.84 err/s: 0.20 reconn/s: 0.00
[ 510s ] thds: 400 tps: 9373.65 qps: 187596.32 (r/w/o: 131357.74/37492.29/18746.29) lat (ms,95%): 70.55 err/s: 0.00 reconn/s: 0.00
[ 520s ] thds: 400 tps: 9530.68 qps: 190682.77 (r/w/o: 133479.97/38140.03/19062.77) lat (ms,95%): 64.47 err/s: 0.00 reconn/s: 0.00
[ 530s ] thds: 400 tps: 9805.82 qps: 196023.46 (r/w/o: 137238.92/39172.69/19611.85) lat (ms,95%): 56.84 err/s: 0.00 reconn/s: 0.00
[ 540s ] thds: 400 tps: 9554.95 qps: 191044.00 (r/w/o: 133690.37/38243.72/19109.91) lat (ms,95%): 66.84 err/s: 0.00 reconn/s: 0.00
[ 550s ] thds: 400 tps: 9197.48 qps: 183987.75 (r/w/o: 128811.95/36780.73/18395.06) lat (ms,95%): 77.19 err/s: 0.00 reconn/s: 0.00
[ 560s ] thds: 400 tps: 7508.25 qps: 150175.42 (r/w/o: 105078.94/30084.89/15011.59) lat (ms,95%): 101.13 err/s: 0.00 reconn/s: 0.00
[ 570s ] thds: 400 tps: 6872.63 qps: 137341.49 (r/w/o: 96140.48/27453.84/13747.17) lat (ms,95%): 108.68 err/s: 0.00 reconn/s: 0.00
[ 580s ] thds: 400 tps: 7947.86 qps: 159087.72 (r/w/o: 111388.66/31800.34/15898.72) lat (ms,95%): 87.56 err/s: 0.00 reconn/s: 0.00
[ 590s ] thds: 400 tps: 9269.95 qps: 185395.63 (r/w/o: 129781.95/37073.59/18540.09) lat (ms,95%): 69.29 err/s: 0.10 reconn/s: 0.00
[ 600s ] thds: 400 tps: 9667.39 qps: 193347.00 (r/w/o: 135373.36/38638.46/19335.18) lat (ms,95%): 58.92 err/s: 0.20 reconn/s: 0.00
[ 610s ] thds: 400 tps: 9726.94 qps: 194690.41 (r/w/o: 136232.30/39004.14/19453.97) lat (ms,95%): 57.87 err/s: 0.00 reconn/s: 0.00
[ 620s ] thds: 400 tps: 9416.93 qps: 188106.28 (r/w/o: 131679.20/37602.32/18824.76) lat (ms,95%): 71.83 err/s: 0.00 reconn/s: 0.00
[ 630s ] thds: 400 tps: 9365.43 qps: 187248.62 (r/w/o: 131070.06/37438.90/18739.65) lat (ms,95%): 68.05 err/s: 0.00 reconn/s: 0.00
[ 640s ] thds: 400 tps: 9746.83 qps: 195053.73 (r/w/o: 136569.47/38989.91/19494.35) lat (ms,95%): 56.84 err/s: 0.10 reconn/s: 0.00
[ 650s ] thds: 400 tps: 9494.29 qps: 189817.76 (r/w/o: 132830.10/37998.87/18988.79) lat (ms,95%): 65.65 err/s: 0.10 reconn/s: 0.00
[ 660s ] thds: 400 tps: 9085.62 qps: 181926.72 (r/w/o: 127343.79/36411.68/18171.24) lat (ms,95%): 78.60 err/s: 0.00 reconn/s: 0.00
[ 670s ] thds: 400 tps: 7655.50 qps: 153070.39 (r/w/o: 107172.89/30586.30/15311.20) lat (ms,95%): 99.33 err/s: 0.00 reconn/s: 0.00
[ 680s ] thds: 400 tps: 6978.80 qps: 139305.38 (r/w/o: 97485.26/27867.32/13952.81) lat (ms,95%): 104.84 err/s: 0.10 reconn/s: 0.00
[ 690s ] thds: 400 tps: 7769.76 qps: 155379.67 (r/w/o: 108781.22/31053.93/15544.52) lat (ms,95%): 90.78 err/s: 0.00 reconn/s: 0.00
[ 700s ] thds: 400 tps: 9422.25 qps: 188619.82 (r/w/o: 132075.44/37701.59/18842.79) lat (ms,95%): 61.08 err/s: 0.00 reconn/s: 0.00
[ 710s ] thds: 400 tps: 9899.08 qps: 197818.82 (r/w/o: 138417.33/39601.43/19800.06) lat (ms,95%): 54.83 err/s: 0.00 reconn/s: 0.00
[ 720s ] thds: 400 tps: 9829.01 qps: 196516.01 (r/w/o: 137552.37/39309.02/19654.61) lat (ms,95%): 56.84 err/s: 0.10 reconn/s: 0.00
[ 730s ] thds: 400 tps: 8893.92 qps: 178096.80 (r/w/o: 124710.41/35594.66/17791.73) lat (ms,95%): 82.96 err/s: 0.00 reconn/s: 0.00
[ 740s ] thds: 400 tps: 9614.39 qps: 192086.34 (r/w/o: 134412.99/38450.87/19222.48) lat (ms,95%): 61.08 err/s: 0.00 reconn/s: 0.00
[ 750s ] thds: 400 tps: 9864.13 qps: 197552.02 (r/w/o: 138340.47/39476.80/19734.75) lat (ms,95%): 57.87 err/s: 0.00 reconn/s: 0.00
[ 760s ] thds: 400 tps: 8956.42 qps: 179041.39 (r/w/o: 125301.44/35826.90/17913.05) lat (ms,95%): 87.56 err/s: 0.10 reconn/s: 0.00
[ 770s ] thds: 400 tps: 8321.64 qps: 166445.60 (r/w/o: 116547.06/33255.16/16643.38) lat (ms,95%): 95.81 err/s: 0.00 reconn/s: 0.00
[ 780s ] thds: 400 tps: 7731.15 qps: 154483.33 (r/w/o: 108070.15/30957.89/15455.29) lat (ms,95%): 102.97 err/s: 0.00 reconn/s: 0.00
[ 790s ] thds: 400 tps: 7755.33 qps: 155439.77 (r/w/o: 108848.87/31073.13/15517.77) lat (ms,95%): 99.33 err/s: 0.00 reconn/s: 0.00
[ 800s ] thds: 400 tps: 7152.81 qps: 142840.66 (r/w/o: 99959.71/28575.33/14305.61) lat (ms,95%): 108.68 err/s: 0.00 reconn/s: 0.00
[ 810s ] thds: 400 tps: 7887.25 qps: 157771.68 (r/w/o: 110482.89/31514.29/15774.50) lat (ms,95%): 106.75 err/s: 0.00 reconn/s: 0.00
[ 820s ] thds: 400 tps: 7193.74 qps: 143976.05 (r/w/o: 100784.79/28803.67/14387.59) lat (ms,95%): 110.66 err/s: 0.00 reconn/s: 0.00
[ 830s ] thds: 400 tps: 9689.95 qps: 193606.03 (r/w/o: 135506.72/38720.51/19378.81) lat (ms,95%): 61.08 err/s: 0.10 reconn/s: 0.00
[ 840s ] thds: 400 tps: 9736.53 qps: 194716.69 (r/w/o: 136261.48/38990.64/19464.57) lat (ms,95%): 57.87 err/s: 0.10 reconn/s: 0.00
SQL statistics:
    queries performed:
        read:                            103244470
        write:                           29498315
        other:                           14749265
        total:                           147492050
    transactions:                        7374580 (8768.73 per sec.)
    queries:                             147492050 (175375.17 per sec.)
    ignored errors:                      25     (0.03 per sec.)
    reconnects:                          0      (0.00 per sec.)

General statistics:
    total time:                          841.0078s
    total number of events:              7374580

Latency (ms):
         min:                                   19.68
         avg:                                   45.56
         max:                                  970.68
         95th percentile:                       86.00
         sum:                            336017250.67

Threads fairness:
    events (avg/stddev):           18436.4500/423.45
    execution time (avg/stddev):   840.0431/0.13

