sysbench 1.0.20-ebf1c90 (using bundled LuaJIT 2.1.0-beta2)

Running the test with following options:
Number of threads: 400
Report intermediate results every 10 second(s)
Initializing random number generator from current time


Initializing worker threads...

Threads started!

[ 10s ] thds: 400 tps: 6038.60 qps: 121445.49 (r/w/o: 85089.71/24238.59/12117.19) lat (ms,95%): 211.60 err/s: 0.00 reconn/s: 0.00
[ 20s ] thds: 400 tps: 7982.09 qps: 159457.09 (r/w/o: 111635.42/31858.38/15963.29) lat (ms,95%): 167.44 err/s: 0.00 reconn/s: 0.00
[ 30s ] thds: 400 tps: 8754.70 qps: 175077.65 (r/w/o: 122498.66/35068.49/17510.49) lat (ms,95%): 110.66 err/s: 0.10 reconn/s: 0.00
[ 40s ] thds: 400 tps: 9080.36 qps: 181718.13 (r/w/o: 127249.89/36307.33/18160.91) lat (ms,95%): 71.83 err/s: 0.10 reconn/s: 0.00
[ 50s ] thds: 400 tps: 9398.28 qps: 188004.90 (r/w/o: 131591.75/37616.40/18796.75) lat (ms,95%): 63.32 err/s: 0.00 reconn/s: 0.00
[ 60s ] thds: 400 tps: 9553.47 qps: 190854.15 (r/w/o: 133566.42/38180.79/19106.95) lat (ms,95%): 58.92 err/s: 0.00 reconn/s: 0.00
[ 70s ] thds: 400 tps: 9603.67 qps: 192180.46 (r/w/o: 134565.05/38408.07/19207.34) lat (ms,95%): 61.08 err/s: 0.00 reconn/s: 0.00
[ 80s ] thds: 400 tps: 9205.36 qps: 184159.12 (r/w/o: 128922.38/36825.72/18411.01) lat (ms,95%): 73.13 err/s: 0.10 reconn/s: 0.00
[ 90s ] thds: 400 tps: 9571.71 qps: 191363.32 (r/w/o: 133918.76/38304.34/19140.22) lat (ms,95%): 61.08 err/s: 0.00 reconn/s: 0.00
[ 100s ] thds: 400 tps: 9857.10 qps: 197127.52 (r/w/o: 137996.15/39414.09/19717.29) lat (ms,95%): 53.85 err/s: 0.00 reconn/s: 0.00
[ 110s ] thds: 400 tps: 6840.80 qps: 136809.30 (r/w/o: 95802.23/27325.28/13681.79) lat (ms,95%): 125.52 err/s: 0.00 reconn/s: 0.00
[ 120s ] thds: 400 tps: 5561.10 qps: 111366.57 (r/w/o: 77920.15/22326.11/11120.31) lat (ms,95%): 142.39 err/s: 0.10 reconn/s: 0.00
[ 130s ] thds: 400 tps: 7494.56 qps: 149729.95 (r/w/o: 104819.88/29918.85/14991.23) lat (ms,95%): 112.67 err/s: 0.00 reconn/s: 0.00
[ 140s ] thds: 400 tps: 9177.82 qps: 183732.68 (r/w/o: 128629.77/36747.08/18355.84) lat (ms,95%): 68.05 err/s: 0.00 reconn/s: 0.00
[ 150s ] thds: 400 tps: 9367.54 qps: 187201.34 (r/w/o: 131003.92/37469.55/18727.87) lat (ms,95%): 66.84 err/s: 0.10 reconn/s: 0.00
[ 160s ] thds: 400 tps: 9309.34 qps: 186060.01 (r/w/o: 130223.47/37216.86/18619.68) lat (ms,95%): 70.55 err/s: 0.00 reconn/s: 0.00
[ 170s ] thds: 400 tps: 9883.63 qps: 197773.36 (r/w/o: 138464.29/39544.61/19764.46) lat (ms,95%): 57.87 err/s: 0.00 reconn/s: 0.00
[ 180s ] thds: 400 tps: 9558.60 qps: 191236.59 (r/w/o: 133895.97/38219.52/19121.11) lat (ms,95%): 62.19 err/s: 0.00 reconn/s: 0.00
[ 190s ] thds: 400 tps: 9647.24 qps: 192820.40 (r/w/o: 134965.46/38556.06/19298.88) lat (ms,95%): 59.99 err/s: 0.00 reconn/s: 0.00
[ 200s ] thds: 400 tps: 9726.83 qps: 194710.21 (r/w/o: 136282.23/38973.42/19454.56) lat (ms,95%): 58.92 err/s: 0.00 reconn/s: 0.00
[ 210s ] thds: 400 tps: 9857.20 qps: 197123.57 (r/w/o: 138025.98/39382.89/19714.70) lat (ms,95%): 55.82 err/s: 0.10 reconn/s: 0.00
[ 220s ] thds: 400 tps: 7700.60 qps: 154106.35 (r/w/o: 107847.03/30858.11/15401.20) lat (ms,95%): 104.84 err/s: 0.00 reconn/s: 0.00
[ 230s ] thds: 400 tps: 6722.49 qps: 134236.10 (r/w/o: 93947.66/26845.46/13442.98) lat (ms,95%): 114.72 err/s: 0.00 reconn/s: 0.00
[ 240s ] thds: 400 tps: 6649.00 qps: 132847.65 (r/w/o: 92978.07/26571.19/13298.40) lat (ms,95%): 104.84 err/s: 0.00 reconn/s: 0.00
[ 250s ] thds: 400 tps: 9375.82 qps: 187886.49 (r/w/o: 131561.57/37571.38/18753.54) lat (ms,95%): 59.99 err/s: 0.10 reconn/s: 0.00
[ 260s ] thds: 400 tps: 9547.10 qps: 190489.18 (r/w/o: 133278.49/38116.50/19094.20) lat (ms,95%): 59.99 err/s: 0.00 reconn/s: 0.00
[ 270s ] thds: 400 tps: 9471.60 qps: 189732.14 (r/w/o: 132877.93/37911.01/18943.20) lat (ms,95%): 68.05 err/s: 0.00 reconn/s: 0.00
[ 280s ] thds: 400 tps: 9832.51 qps: 196622.19 (r/w/o: 137579.23/39380.84/19662.12) lat (ms,95%): 55.82 err/s: 0.00 reconn/s: 0.00
[ 290s ] thds: 400 tps: 9615.69 qps: 192241.78 (r/w/o: 134620.15/38387.16/19234.48) lat (ms,95%): 58.92 err/s: 0.10 reconn/s: 0.00
[ 300s ] thds: 400 tps: 9653.98 qps: 193142.53 (r/w/o: 135188.47/38645.71/19308.35) lat (ms,95%): 59.99 err/s: 0.20 reconn/s: 0.00
[ 310s ] thds: 400 tps: 9816.94 qps: 196411.64 (r/w/o: 137481.12/39296.55/19633.97) lat (ms,95%): 56.84 err/s: 0.00 reconn/s: 0.00
[ 320s ] thds: 400 tps: 10050.91 qps: 201089.33 (r/w/o: 140772.89/40214.53/20101.91) lat (ms,95%): 51.94 err/s: 0.00 reconn/s: 0.00
[ 330s ] thds: 400 tps: 8247.88 qps: 164863.14 (r/w/o: 115435.98/32931.51/16495.65) lat (ms,95%): 95.81 err/s: 0.00 reconn/s: 0.00
[ 340s ] thds: 400 tps: 6693.96 qps: 134047.37 (r/w/o: 93790.02/26869.33/13388.02) lat (ms,95%): 116.80 err/s: 0.00 reconn/s: 0.00
[ 350s ] thds: 400 tps: 7144.93 qps: 142630.88 (r/w/o: 99821.28/28521.84/14287.77) lat (ms,95%): 102.97 err/s: 0.00 reconn/s: 0.00
[ 360s ] thds: 400 tps: 9348.68 qps: 187013.84 (r/w/o: 130956.88/37357.61/18699.35) lat (ms,95%): 61.08 err/s: 0.00 reconn/s: 0.00
[ 370s ] thds: 400 tps: 9421.85 qps: 188663.05 (r/w/o: 132052.73/37766.31/18844.00) lat (ms,95%): 68.05 err/s: 0.00 reconn/s: 0.00
[ 380s ] thds: 400 tps: 8728.28 qps: 174477.76 (r/w/o: 122150.26/34870.83/17456.67) lat (ms,95%): 87.56 err/s: 0.00 reconn/s: 0.00
[ 390s ] thds: 400 tps: 8309.10 qps: 166087.17 (r/w/o: 116257.25/33211.31/16618.61) lat (ms,95%): 106.75 err/s: 0.10 reconn/s: 0.00
[ 400s ] thds: 400 tps: 7834.82 qps: 156647.95 (r/w/o: 109650.74/31328.37/15668.83) lat (ms,95%): 102.97 err/s: 0.00 reconn/s: 0.00
[ 410s ] thds: 400 tps: 8005.22 qps: 160129.19 (r/w/o: 112076.17/32041.78/16011.24) lat (ms,95%): 95.81 err/s: 0.00 reconn/s: 0.00
[ 420s ] thds: 400 tps: 9449.71 qps: 189133.78 (r/w/o: 132387.63/37846.44/18899.72) lat (ms,95%): 63.32 err/s: 0.10 reconn/s: 0.00
[ 430s ] thds: 400 tps: 9810.29 qps: 196051.91 (r/w/o: 137223.20/39208.14/19620.57) lat (ms,95%): 57.87 err/s: 0.00 reconn/s: 0.00
[ 440s ] thds: 400 tps: 9406.03 qps: 188204.52 (r/w/o: 131764.27/37629.90/18810.35) lat (ms,95%): 68.05 err/s: 0.00 reconn/s: 0.00
[ 450s ] thds: 400 tps: 7271.71 qps: 145576.33 (r/w/o: 101893.56/29137.65/14545.12) lat (ms,95%): 104.84 err/s: 0.00 reconn/s: 0.00
[ 460s ] thds: 400 tps: 7212.40 qps: 143912.04 (r/w/o: 100737.43/28750.01/14424.60) lat (ms,95%): 101.13 err/s: 0.00 reconn/s: 0.00
[ 470s ] thds: 400 tps: 8214.87 qps: 164538.59 (r/w/o: 115196.94/32911.90/16429.75) lat (ms,95%): 81.48 err/s: 0.00 reconn/s: 0.00
[ 480s ] thds: 400 tps: 8970.83 qps: 179234.54 (r/w/o: 125451.65/35840.83/17942.06) lat (ms,95%): 74.46 err/s: 0.00 reconn/s: 0.00
[ 490s ] thds: 400 tps: 9889.44 qps: 198003.52 (r/w/o: 138585.10/39639.54/19778.87) lat (ms,95%): 55.82 err/s: 0.00 reconn/s: 0.00
[ 500s ] thds: 400 tps: 9860.64 qps: 196973.61 (r/w/o: 137898.87/39360.16/19714.58) lat (ms,95%): 56.84 err/s: 0.00 reconn/s: 0.00
[ 510s ] thds: 400 tps: 9356.02 qps: 187247.93 (r/w/o: 131094.90/37434.29/18718.74) lat (ms,95%): 70.55 err/s: 0.00 reconn/s: 0.00
[ 520s ] thds: 400 tps: 9520.11 qps: 190267.89 (r/w/o: 133136.93/38090.74/19040.22) lat (ms,95%): 64.47 err/s: 0.00 reconn/s: 0.00
[ 530s ] thds: 400 tps: 9745.97 qps: 195166.60 (r/w/o: 136633.28/39041.38/19491.94) lat (ms,95%): 56.84 err/s: 0.00 reconn/s: 0.00
[ 540s ] thds: 400 tps: 9563.51 qps: 191295.83 (r/w/o: 133909.66/38259.15/19127.02) lat (ms,95%): 66.84 err/s: 0.00 reconn/s: 0.00
[ 550s ] thds: 400 tps: 9234.62 qps: 184683.87 (r/w/o: 129280.63/36934.09/18469.15) lat (ms,95%): 77.19 err/s: 0.00 reconn/s: 0.00
[ 560s ] thds: 400 tps: 7519.40 qps: 150225.72 (r/w/o: 105148.91/30040.10/15036.70) lat (ms,95%): 99.33 err/s: 0.00 reconn/s: 0.00
[ 570s ] thds: 400 tps: 6880.69 qps: 137663.27 (r/w/o: 96388.61/27511.47/13763.19) lat (ms,95%): 106.75 err/s: 0.00 reconn/s: 0.00
[ 580s ] thds: 400 tps: 7955.81 qps: 159164.83 (r/w/o: 111390.06/31862.65/15912.12) lat (ms,95%): 87.56 err/s: 0.00 reconn/s: 0.00
[ 590s ] thds: 400 tps: 9271.77 qps: 185299.73 (r/w/o: 129716.70/37043.99/18539.04) lat (ms,95%): 69.29 err/s: 0.00 reconn/s: 0.00
[ 600s ] thds: 400 tps: 9643.21 qps: 193122.46 (r/w/o: 135183.08/38648.05/19291.33) lat (ms,95%): 58.92 err/s: 0.20 reconn/s: 0.00
[ 610s ] thds: 400 tps: 9752.92 qps: 194653.43 (r/w/o: 136233.70/38913.69/19506.04) lat (ms,95%): 57.87 err/s: 0.10 reconn/s: 0.00
[ 620s ] thds: 400 tps: 9413.27 qps: 188406.16 (r/w/o: 131927.25/37652.27/18826.64) lat (ms,95%): 71.83 err/s: 0.10 reconn/s: 0.00
[ 630s ] thds: 400 tps: 9358.21 qps: 187328.78 (r/w/o: 131132.79/37479.36/18716.63) lat (ms,95%): 68.05 err/s: 0.00 reconn/s: 0.00
[ 640s ] thds: 400 tps: 9756.69 qps: 195066.41 (r/w/o: 136530.17/39022.76/19513.48) lat (ms,95%): 56.84 err/s: 0.00 reconn/s: 0.00
[ 650s ] thds: 400 tps: 9470.59 qps: 189506.53 (r/w/o: 132668.88/37896.37/18941.28) lat (ms,95%): 65.65 err/s: 0.10 reconn/s: 0.00
[ 660s ] thds: 400 tps: 9105.28 qps: 181969.60 (r/w/o: 127373.32/36385.42/18210.86) lat (ms,95%): 80.03 err/s: 0.10 reconn/s: 0.00
[ 670s ] thds: 400 tps: 7656.13 qps: 152905.38 (r/w/o: 106984.01/30609.72/15311.66) lat (ms,95%): 99.33 err/s: 0.10 reconn/s: 0.00
[ 680s ] thds: 400 tps: 6952.30 qps: 139287.70 (r/w/o: 97561.23/27821.88/13904.59) lat (ms,95%): 104.84 err/s: 0.00 reconn/s: 0.00
[ 690s ] thds: 400 tps: 7741.59 qps: 154875.89 (r/w/o: 108412.95/30978.66/15484.28) lat (ms,95%): 90.78 err/s: 0.00 reconn/s: 0.00
[ 700s ] thds: 400 tps: 9448.40 qps: 188803.76 (r/w/o: 132129.07/37777.89/18896.80) lat (ms,95%): 59.99 err/s: 0.00 reconn/s: 0.00
[ 710s ] thds: 400 tps: 9867.81 qps: 197488.81 (r/w/o: 138301.34/39452.94/19734.52) lat (ms,95%): 54.83 err/s: 0.00 reconn/s: 0.00
[ 720s ] thds: 400 tps: 9847.51 qps: 196706.01 (r/w/o: 137615.48/39394.32/19696.21) lat (ms,95%): 56.84 err/s: 0.00 reconn/s: 0.00
[ 730s ] thds: 400 tps: 8933.01 qps: 179049.67 (r/w/o: 125376.29/35807.35/17866.03) lat (ms,95%): 81.48 err/s: 0.00 reconn/s: 0.00
[ 740s ] thds: 400 tps: 9642.86 qps: 192646.76 (r/w/o: 134880.41/38480.63/19285.72) lat (ms,95%): 61.08 err/s: 0.00 reconn/s: 0.00
[ 750s ] thds: 400 tps: 9857.03 qps: 197204.29 (r/w/o: 138017.38/39476.84/19710.07) lat (ms,95%): 57.87 err/s: 0.00 reconn/s: 0.00
[ 760s ] thds: 400 tps: 8949.69 qps: 178928.27 (r/w/o: 125251.04/35775.95/17901.28) lat (ms,95%): 87.56 err/s: 0.00 reconn/s: 0.00
[ 770s ] thds: 400 tps: 8311.81 qps: 166245.46 (r/w/o: 116379.88/33240.15/16625.43) lat (ms,95%): 95.81 err/s: 0.00 reconn/s: 0.00
[ 780s ] thds: 400 tps: 7773.01 qps: 155464.24 (r/w/o: 108823.97/31093.65/15546.62) lat (ms,95%): 101.13 err/s: 0.00 reconn/s: 0.00
[ 790s ] thds: 400 tps: 7800.32 qps: 155904.26 (r/w/o: 109095.75/31207.97/15600.54) lat (ms,95%): 97.55 err/s: 0.00 reconn/s: 0.00
[ 800s ] thds: 400 tps: 7164.70 qps: 143414.14 (r/w/o: 100438.06/28646.59/14329.49) lat (ms,95%): 108.68 err/s: 0.00 reconn/s: 0.00
[ 810s ] thds: 400 tps: 7867.87 qps: 157449.37 (r/w/o: 110201.03/31512.59/15735.75) lat (ms,95%): 106.75 err/s: 0.00 reconn/s: 0.00
[ 820s ] thds: 400 tps: 7218.39 qps: 144138.53 (r/w/o: 100846.91/28856.55/14435.07) lat (ms,95%): 110.66 err/s: 0.00 reconn/s: 0.00
[ 830s ] thds: 400 tps: 9617.31 qps: 192645.66 (r/w/o: 134898.21/38510.83/19236.62) lat (ms,95%): 61.08 err/s: 0.00 reconn/s: 0.00
[ 840s ] thds: 400 tps: 9749.27 qps: 194654.17 (r/w/o: 136223.83/38933.89/19496.45) lat (ms,95%): 57.87 err/s: 0.00 reconn/s: 0.00
SQL statistics:
    queries performed:
        read:                            103280366
        write:                           29508607
        other:                           14754369
        total:                           147543342
    transactions:                        7377150 (8772.60 per sec.)
    queries:                             147543342 (175452.36 per sec.)
    ignored errors:                      19     (0.02 per sec.)
    reconnects:                          0      (0.00 per sec.)

General statistics:
    total time:                          840.9300s
    total number of events:              7377150

Latency (ms):
         min:                                   19.84
         avg:                                   45.55
         max:                                  963.24
         95th percentile:                       86.00
         sum:                            336034130.16

Threads fairness:
    events (avg/stddev):           18442.8750/437.08
    execution time (avg/stddev):   840.0853/0.16

