sysbench 1.0.20-ebf1c90 (using bundled LuaJIT 2.1.0-beta2)

Running the test with following options:
Number of threads: 400
Report intermediate results every 10 second(s)
Initializing random number generator from current time


Initializing worker threads...

Threads started!

[ 10s ] thds: 400 tps: 6033.04 qps: 121199.23 (r/w/o: 84888.57/24211.80/12098.86) lat (ms,95%): 211.60 err/s: 0.10 reconn/s: 0.00
[ 20s ] thds: 400 tps: 7980.05 qps: 159656.39 (r/w/o: 111781.86/31907.02/15967.51) lat (ms,95%): 167.44 err/s: 0.00 reconn/s: 0.00
[ 30s ] thds: 400 tps: 8767.41 qps: 175357.44 (r/w/o: 122743.20/35079.33/17534.91) lat (ms,95%): 108.68 err/s: 0.00 reconn/s: 0.00
[ 40s ] thds: 400 tps: 9055.70 qps: 181160.18 (r/w/o: 126814.49/36234.10/18111.60) lat (ms,95%): 73.13 err/s: 0.10 reconn/s: 0.00
[ 50s ] thds: 400 tps: 9399.27 qps: 187762.30 (r/w/o: 131385.75/37579.10/18797.45) lat (ms,95%): 63.32 err/s: 0.00 reconn/s: 0.00
[ 60s ] thds: 400 tps: 9498.88 qps: 189979.95 (r/w/o: 133014.69/37966.31/18998.96) lat (ms,95%): 59.99 err/s: 0.10 reconn/s: 0.00
[ 70s ] thds: 400 tps: 9597.83 qps: 192065.73 (r/w/o: 134475.54/38394.33/19195.86) lat (ms,95%): 61.08 err/s: 0.00 reconn/s: 0.00
[ 80s ] thds: 400 tps: 9194.60 qps: 183996.37 (r/w/o: 128806.38/36800.49/18389.50) lat (ms,95%): 73.13 err/s: 0.00 reconn/s: 0.00
[ 90s ] thds: 400 tps: 9577.36 qps: 191439.77 (r/w/o: 133976.42/38308.53/19154.82) lat (ms,95%): 59.99 err/s: 0.00 reconn/s: 0.00
[ 100s ] thds: 400 tps: 9836.15 qps: 196655.60 (r/w/o: 137679.50/39303.70/19672.40) lat (ms,95%): 53.85 err/s: 0.00 reconn/s: 0.00
[ 110s ] thds: 400 tps: 6831.86 qps: 136722.81 (r/w/o: 95732.28/27327.12/13663.41) lat (ms,95%): 125.52 err/s: 0.00 reconn/s: 0.00
[ 120s ] thds: 400 tps: 5549.06 qps: 111011.24 (r/w/o: 77661.27/22253.25/11096.72) lat (ms,95%): 142.39 err/s: 0.10 reconn/s: 0.00
[ 130s ] thds: 400 tps: 7509.69 qps: 150091.37 (r/w/o: 105090.51/29979.47/15021.39) lat (ms,95%): 112.67 err/s: 0.00 reconn/s: 0.00
[ 140s ] thds: 400 tps: 9192.31 qps: 184014.18 (r/w/o: 128783.53/36848.74/18381.92) lat (ms,95%): 68.05 err/s: 0.20 reconn/s: 0.00
[ 150s ] thds: 400 tps: 9350.50 qps: 186770.06 (r/w/o: 130724.94/37341.81/18703.31) lat (ms,95%): 68.05 err/s: 0.10 reconn/s: 0.00
[ 160s ] thds: 400 tps: 9318.40 qps: 186327.54 (r/w/o: 130444.46/37245.19/18637.89) lat (ms,95%): 70.55 err/s: 0.10 reconn/s: 0.00
[ 170s ] thds: 400 tps: 9849.10 qps: 196916.67 (r/w/o: 137831.65/39390.71/19694.31) lat (ms,95%): 57.87 err/s: 0.00 reconn/s: 0.00
[ 180s ] thds: 400 tps: 9504.70 qps: 190458.94 (r/w/o: 133326.93/38118.61/19013.40) lat (ms,95%): 62.19 err/s: 0.00 reconn/s: 0.00
[ 190s ] thds: 400 tps: 9612.40 qps: 192136.54 (r/w/o: 134531.96/38379.69/19224.89) lat (ms,95%): 59.99 err/s: 0.00 reconn/s: 0.00
[ 200s ] thds: 400 tps: 9741.78 qps: 194959.14 (r/w/o: 136440.08/39035.51/19483.55) lat (ms,95%): 58.92 err/s: 0.00 reconn/s: 0.00
[ 210s ] thds: 400 tps: 9796.72 qps: 195863.24 (r/w/o: 137136.04/39133.57/19593.63) lat (ms,95%): 56.84 err/s: 0.00 reconn/s: 0.00
[ 220s ] thds: 400 tps: 7711.55 qps: 154302.48 (r/w/o: 107991.08/30888.00/15423.40) lat (ms,95%): 102.97 err/s: 0.10 reconn/s: 0.00
[ 230s ] thds: 400 tps: 6709.96 qps: 134045.63 (r/w/o: 93836.56/26789.65/13419.42) lat (ms,95%): 114.72 err/s: 0.00 reconn/s: 0.00
[ 240s ] thds: 400 tps: 6607.50 qps: 132109.14 (r/w/o: 92492.56/26400.99/13215.59) lat (ms,95%): 104.84 err/s: 0.00 reconn/s: 0.00
[ 250s ] thds: 400 tps: 9334.10 qps: 186795.23 (r/w/o: 130706.82/37427.01/18661.40) lat (ms,95%): 61.08 err/s: 0.00 reconn/s: 0.00
[ 260s ] thds: 400 tps: 9558.10 qps: 191006.51 (r/w/o: 133748.81/38134.60/19123.10) lat (ms,95%): 59.99 err/s: 0.00 reconn/s: 0.00
[ 270s ] thds: 400 tps: 9492.80 qps: 189978.21 (r/w/o: 132955.60/38037.00/18985.60) lat (ms,95%): 68.05 err/s: 0.00 reconn/s: 0.00
[ 280s ] thds: 400 tps: 9853.37 qps: 196803.20 (r/w/o: 137746.25/39355.20/19701.75) lat (ms,95%): 55.82 err/s: 0.00 reconn/s: 0.00
[ 290s ] thds: 400 tps: 9546.81 qps: 191197.93 (r/w/o: 133895.16/38203.95/19098.82) lat (ms,95%): 59.99 err/s: 0.10 reconn/s: 0.00
[ 300s ] thds: 400 tps: 9681.51 qps: 193583.38 (r/w/o: 135474.22/38745.84/19363.32) lat (ms,95%): 58.92 err/s: 0.10 reconn/s: 0.00
[ 310s ] thds: 400 tps: 9788.79 qps: 195930.15 (r/w/o: 137144.72/39207.55/19577.87) lat (ms,95%): 56.84 err/s: 0.10 reconn/s: 0.00
[ 320s ] thds: 400 tps: 10064.01 qps: 201219.14 (r/w/o: 140847.10/40243.83/20128.21) lat (ms,95%): 51.94 err/s: 0.10 reconn/s: 0.00
[ 330s ] thds: 400 tps: 8249.56 qps: 164977.21 (r/w/o: 115537.37/32940.42/16499.41) lat (ms,95%): 95.81 err/s: 0.10 reconn/s: 0.00
[ 340s ] thds: 400 tps: 6687.54 qps: 133887.24 (r/w/o: 93664.32/26848.65/13374.27) lat (ms,95%): 116.80 err/s: 0.00 reconn/s: 0.00
[ 350s ] thds: 400 tps: 7158.27 qps: 142908.56 (r/w/o: 100039.45/28553.77/14315.34) lat (ms,95%): 102.97 err/s: 0.00 reconn/s: 0.00
[ 360s ] thds: 400 tps: 9343.23 qps: 186962.36 (r/w/o: 130916.09/37357.61/18688.66) lat (ms,95%): 61.08 err/s: 0.00 reconn/s: 0.00
[ 370s ] thds: 400 tps: 9350.60 qps: 187024.21 (r/w/o: 130859.04/37473.58/18691.59) lat (ms,95%): 69.29 err/s: 0.00 reconn/s: 0.00
[ 380s ] thds: 400 tps: 8679.21 qps: 173431.31 (r/w/o: 121409.48/34655.32/17366.51) lat (ms,95%): 87.56 err/s: 0.00 reconn/s: 0.00
[ 390s ] thds: 400 tps: 8275.91 qps: 165646.67 (r/w/o: 116002.39/33094.45/16549.83) lat (ms,95%): 106.75 err/s: 0.10 reconn/s: 0.00
[ 400s ] thds: 400 tps: 7821.32 qps: 156433.38 (r/w/o: 109503.66/31283.28/15646.44) lat (ms,95%): 101.13 err/s: 0.00 reconn/s: 0.00
[ 410s ] thds: 400 tps: 8004.37 qps: 160110.18 (r/w/o: 112062.24/32039.20/16008.75) lat (ms,95%): 95.81 err/s: 0.00 reconn/s: 0.00
[ 420s ] thds: 400 tps: 9458.86 qps: 189089.09 (r/w/o: 132321.91/37860.06/18907.13) lat (ms,95%): 63.32 err/s: 0.10 reconn/s: 0.00
[ 430s ] thds: 400 tps: 9845.64 qps: 196808.60 (r/w/o: 137781.89/39324.64/19702.07) lat (ms,95%): 57.87 err/s: 0.00 reconn/s: 0.00
[ 440s ] thds: 400 tps: 9354.90 qps: 187162.01 (r/w/o: 131004.11/37450.10/18707.80) lat (ms,95%): 68.05 err/s: 0.00 reconn/s: 0.00
[ 450s ] thds: 400 tps: 7218.89 qps: 144687.18 (r/w/o: 101274.71/28972.78/14439.69) lat (ms,95%): 104.84 err/s: 0.00 reconn/s: 0.00
[ 460s ] thds: 400 tps: 7207.31 qps: 143892.67 (r/w/o: 100791.89/28685.86/14414.93) lat (ms,95%): 101.13 err/s: 0.10 reconn/s: 0.00
[ 470s ] thds: 400 tps: 8167.82 qps: 163540.86 (r/w/o: 114435.25/32769.07/16336.54) lat (ms,95%): 81.48 err/s: 0.40 reconn/s: 0.00
[ 480s ] thds: 400 tps: 8987.10 qps: 179639.97 (r/w/o: 125777.25/35888.41/17974.31) lat (ms,95%): 74.46 err/s: 0.00 reconn/s: 0.00
[ 490s ] thds: 400 tps: 9862.14 qps: 197101.59 (r/w/o: 137926.12/39451.18/19724.29) lat (ms,95%): 55.82 err/s: 0.00 reconn/s: 0.00
[ 500s ] thds: 400 tps: 9789.95 qps: 195946.15 (r/w/o: 137192.44/39173.61/19580.10) lat (ms,95%): 57.87 err/s: 0.00 reconn/s: 0.00
[ 510s ] thds: 400 tps: 9339.66 qps: 186726.77 (r/w/o: 130716.22/37331.43/18679.12) lat (ms,95%): 70.55 err/s: 0.00 reconn/s: 0.00
[ 520s ] thds: 400 tps: 9508.42 qps: 190170.55 (r/w/o: 133112.12/38041.29/19017.15) lat (ms,95%): 64.47 err/s: 0.00 reconn/s: 0.00
[ 530s ] thds: 400 tps: 9788.46 qps: 195559.14 (r/w/o: 136860.60/39121.63/19576.91) lat (ms,95%): 56.84 err/s: 0.00 reconn/s: 0.00
[ 540s ] thds: 400 tps: 9567.06 qps: 191460.88 (r/w/o: 134022.50/38304.26/19134.13) lat (ms,95%): 66.84 err/s: 0.00 reconn/s: 0.00
[ 550s ] thds: 400 tps: 9205.17 qps: 184043.63 (r/w/o: 128827.90/36805.39/18410.34) lat (ms,95%): 77.19 err/s: 0.00 reconn/s: 0.00
[ 560s ] thds: 400 tps: 7464.09 qps: 149436.19 (r/w/o: 104623.72/29885.18/14927.29) lat (ms,95%): 101.13 err/s: 0.00 reconn/s: 0.00
[ 570s ] thds: 400 tps: 6879.41 qps: 137699.98 (r/w/o: 96398.62/27542.04/13759.32) lat (ms,95%): 106.75 err/s: 0.00 reconn/s: 0.00
[ 580s ] thds: 400 tps: 7955.58 qps: 158805.54 (r/w/o: 111127.65/31772.13/15905.76) lat (ms,95%): 89.16 err/s: 0.00 reconn/s: 0.00
[ 590s ] thds: 400 tps: 9263.20 qps: 185353.45 (r/w/o: 129781.27/37039.49/18532.70) lat (ms,95%): 68.05 err/s: 0.00 reconn/s: 0.00
[ 600s ] thds: 400 tps: 9640.54 qps: 192649.12 (r/w/o: 134809.37/38558.66/19281.08) lat (ms,95%): 59.99 err/s: 0.00 reconn/s: 0.00
[ 610s ] thds: 400 tps: 9747.39 qps: 195119.05 (r/w/o: 136650.92/38973.35/19494.77) lat (ms,95%): 57.87 err/s: 0.00 reconn/s: 0.00
[ 620s ] thds: 400 tps: 9372.81 qps: 187565.28 (r/w/o: 131296.70/37523.06/18745.53) lat (ms,95%): 71.83 err/s: 0.00 reconn/s: 0.00
[ 630s ] thds: 400 tps: 9360.16 qps: 187123.12 (r/w/o: 130934.26/37468.94/18719.92) lat (ms,95%): 68.05 err/s: 0.10 reconn/s: 0.00
[ 640s ] thds: 400 tps: 9722.32 qps: 194532.77 (r/w/o: 136199.13/38888.29/19445.35) lat (ms,95%): 56.84 err/s: 0.00 reconn/s: 0.00
[ 650s ] thds: 400 tps: 9474.79 qps: 189408.61 (r/w/o: 132589.37/37870.66/18948.58) lat (ms,95%): 65.65 err/s: 0.00 reconn/s: 0.00
[ 660s ] thds: 400 tps: 9069.23 qps: 181535.37 (r/w/o: 127100.07/36295.53/18139.77) lat (ms,95%): 80.03 err/s: 0.10 reconn/s: 0.00
[ 670s ] thds: 400 tps: 7613.68 qps: 152033.10 (r/w/o: 106392.82/30413.02/15227.26) lat (ms,95%): 101.13 err/s: 0.00 reconn/s: 0.00
[ 680s ] thds: 400 tps: 6927.16 qps: 138815.16 (r/w/o: 97183.51/27777.13/13854.52) lat (ms,95%): 104.84 err/s: 0.00 reconn/s: 0.00
[ 690s ] thds: 400 tps: 7700.71 qps: 154032.85 (r/w/o: 107813.31/30818.03/15401.52) lat (ms,95%): 92.42 err/s: 0.00 reconn/s: 0.00
[ 700s ] thds: 400 tps: 9465.56 qps: 189115.28 (r/w/o: 132381.20/37802.76/18931.33) lat (ms,95%): 59.99 err/s: 0.10 reconn/s: 0.00
[ 710s ] thds: 400 tps: 9860.27 qps: 197368.70 (r/w/o: 138176.48/39472.48/19719.74) lat (ms,95%): 54.83 err/s: 0.00 reconn/s: 0.00
[ 720s ] thds: 400 tps: 9834.75 qps: 196455.86 (r/w/o: 137496.44/39290.31/19669.11) lat (ms,95%): 56.84 err/s: 0.00 reconn/s: 0.00
[ 730s ] thds: 400 tps: 8906.42 qps: 178482.90 (r/w/o: 124924.15/35745.00/17813.75) lat (ms,95%): 82.96 err/s: 0.00 reconn/s: 0.00
[ 740s ] thds: 400 tps: 9645.61 qps: 192741.10 (r/w/o: 134972.97/38477.32/19290.81) lat (ms,95%): 61.08 err/s: 0.00 reconn/s: 0.00
[ 750s ] thds: 400 tps: 9867.29 qps: 197250.14 (r/w/o: 138041.22/39476.55/19732.37) lat (ms,95%): 57.87 err/s: 0.00 reconn/s: 0.00
[ 760s ] thds: 400 tps: 8988.29 qps: 179784.05 (r/w/o: 125848.02/35956.65/17979.37) lat (ms,95%): 87.56 err/s: 0.00 reconn/s: 0.00
[ 770s ] thds: 400 tps: 8320.13 qps: 166345.85 (r/w/o: 116451.16/33256.03/16638.67) lat (ms,95%): 95.81 err/s: 0.00 reconn/s: 0.00
[ 780s ] thds: 400 tps: 7762.70 qps: 155345.64 (r/w/o: 108746.23/31072.11/15527.30) lat (ms,95%): 102.97 err/s: 0.10 reconn/s: 0.00
[ 790s ] thds: 400 tps: 7789.80 qps: 155696.52 (r/w/o: 108990.74/31126.18/15579.59) lat (ms,95%): 97.55 err/s: 0.00 reconn/s: 0.00
[ 800s ] thds: 400 tps: 7144.69 qps: 143078.74 (r/w/o: 100163.59/28625.77/14289.38) lat (ms,95%): 108.68 err/s: 0.00 reconn/s: 0.00
[ 810s ] thds: 400 tps: 7828.48 qps: 156565.14 (r/w/o: 109571.48/31336.71/15656.95) lat (ms,95%): 106.75 err/s: 0.00 reconn/s: 0.00
[ 820s ] thds: 400 tps: 7232.92 qps: 144375.05 (r/w/o: 101050.34/28860.57/14464.13) lat (ms,95%): 110.66 err/s: 0.00 reconn/s: 0.00
[ 830s ] thds: 400 tps: 9659.49 qps: 193288.86 (r/w/o: 135287.60/38680.57/19320.69) lat (ms,95%): 61.08 err/s: 0.00 reconn/s: 0.00
[ 840s ] thds: 400 tps: 9720.25 qps: 194452.81 (r/w/o: 136147.24/38866.08/19439.49) lat (ms,95%): 57.87 err/s: 0.00 reconn/s: 0.00
SQL statistics:
    queries performed:
        read:                            103135242
        write:                           29467128
        other:                           14733640
        total:                           147336010
    transactions:                        7366778 (8760.50 per sec.)
    queries:                             147336010 (175210.53 per sec.)
    ignored errors:                      25     (0.03 per sec.)
    reconnects:                          0      (0.00 per sec.)

General statistics:
    total time:                          840.9074s
    total number of events:              7366778

Latency (ms):
         min:                                   19.81
         avg:                                   45.61
         max:                                  961.34
         95th percentile:                       86.00
         sum:                            336029625.59

Threads fairness:
    events (avg/stddev):           18416.9450/414.62
    execution time (avg/stddev):   840.0741/0.12

