sysbench 1.0.20-ebf1c90 (using bundled LuaJIT 2.1.0-beta2)

Running the test with following options:
Number of threads: 400
Report intermediate results every 10 second(s)
Initializing random number generator from current time


Initializing worker threads...

Threads started!

[ 10s ] thds: 400 tps: 6016.87 qps: 121025.58 (r/w/o: 84792.26/24159.58/12073.74) lat (ms,95%): 211.60 err/s: 0.00 reconn/s: 0.00
[ 20s ] thds: 400 tps: 7973.52 qps: 159255.10 (r/w/o: 111493.28/31816.08/15945.74) lat (ms,95%): 170.48 err/s: 0.00 reconn/s: 0.00
[ 30s ] thds: 400 tps: 8744.79 qps: 174894.02 (r/w/o: 122376.80/35026.24/17490.97) lat (ms,95%): 112.67 err/s: 0.00 reconn/s: 0.00
[ 40s ] thds: 400 tps: 9035.39 qps: 180838.38 (r/w/o: 126625.21/36142.58/18070.59) lat (ms,95%): 73.13 err/s: 0.00 reconn/s: 0.00
[ 50s ] thds: 400 tps: 9394.37 qps: 187938.87 (r/w/o: 131536.96/37612.87/18789.04) lat (ms,95%): 63.32 err/s: 0.00 reconn/s: 0.00
[ 60s ] thds: 400 tps: 9547.84 qps: 190720.80 (r/w/o: 133485.36/38139.66/19095.78) lat (ms,95%): 59.99 err/s: 0.00 reconn/s: 0.00
[ 70s ] thds: 400 tps: 9584.80 qps: 191810.10 (r/w/o: 134308.93/38331.48/19169.69) lat (ms,95%): 61.08 err/s: 0.00 reconn/s: 0.00
[ 80s ] thds: 400 tps: 9188.31 qps: 183804.28 (r/w/o: 128677.42/36750.24/18376.62) lat (ms,95%): 73.13 err/s: 0.00 reconn/s: 0.00
[ 90s ] thds: 400 tps: 9550.09 qps: 190967.73 (r/w/o: 133636.08/38232.46/19099.18) lat (ms,95%): 59.99 err/s: 0.00 reconn/s: 0.00
[ 100s ] thds: 400 tps: 9872.00 qps: 197317.69 (r/w/o: 138132.67/39444.02/19741.01) lat (ms,95%): 53.85 err/s: 0.00 reconn/s: 0.00
[ 110s ] thds: 400 tps: 6869.78 qps: 137477.92 (r/w/o: 96273.53/27460.52/13743.86) lat (ms,95%): 125.52 err/s: 0.00 reconn/s: 0.00
[ 120s ] thds: 400 tps: 5547.86 qps: 111069.47 (r/w/o: 77702.92/22272.83/11093.72) lat (ms,95%): 142.39 err/s: 0.00 reconn/s: 0.00
[ 130s ] thds: 400 tps: 7545.13 qps: 150793.34 (r/w/o: 105576.37/30124.51/15092.45) lat (ms,95%): 110.66 err/s: 0.10 reconn/s: 0.00
[ 140s ] thds: 400 tps: 9244.01 qps: 185036.27 (r/w/o: 129526.32/37021.93/18488.02) lat (ms,95%): 66.84 err/s: 0.00 reconn/s: 0.00
[ 150s ] thds: 400 tps: 9337.67 qps: 186440.22 (r/w/o: 130465.99/37301.98/18672.24) lat (ms,95%): 68.05 err/s: 0.00 reconn/s: 0.00
[ 160s ] thds: 400 tps: 9290.33 qps: 185785.77 (r/w/o: 130037.80/37165.11/18582.86) lat (ms,95%): 71.83 err/s: 0.20 reconn/s: 0.00
[ 170s ] thds: 400 tps: 9886.27 qps: 197680.03 (r/w/o: 138378.30/39532.99/19768.74) lat (ms,95%): 57.87 err/s: 0.10 reconn/s: 0.00
[ 180s ] thds: 400 tps: 9530.53 qps: 190886.20 (r/w/o: 133667.75/38151.80/19066.65) lat (ms,95%): 62.19 err/s: 0.00 reconn/s: 0.00
[ 190s ] thds: 400 tps: 9671.19 qps: 193300.75 (r/w/o: 135318.33/38640.15/19342.28) lat (ms,95%): 59.99 err/s: 0.00 reconn/s: 0.00
[ 200s ] thds: 400 tps: 9721.60 qps: 194587.70 (r/w/o: 136183.20/38961.20/19443.30) lat (ms,95%): 58.92 err/s: 0.00 reconn/s: 0.00
[ 210s ] thds: 400 tps: 9796.07 qps: 195894.15 (r/w/o: 137172.85/39129.17/19592.14) lat (ms,95%): 55.82 err/s: 0.00 reconn/s: 0.00
[ 220s ] thds: 400 tps: 7699.16 qps: 154076.96 (r/w/o: 107824.21/30854.43/15398.32) lat (ms,95%): 102.97 err/s: 0.00 reconn/s: 0.00
[ 230s ] thds: 400 tps: 6694.59 qps: 133691.29 (r/w/o: 93574.26/26729.06/13387.98) lat (ms,95%): 114.72 err/s: 0.10 reconn/s: 0.00
[ 240s ] thds: 400 tps: 6604.68 qps: 131979.91 (r/w/o: 92373.96/26395.10/13210.85) lat (ms,95%): 106.75 err/s: 0.00 reconn/s: 0.00
[ 250s ] thds: 400 tps: 9335.39 qps: 187049.97 (r/w/o: 130954.91/37423.97/18671.09) lat (ms,95%): 61.08 err/s: 0.00 reconn/s: 0.00
[ 260s ] thds: 400 tps: 9590.51 qps: 191381.42 (r/w/o: 133929.49/38272.12/19179.81) lat (ms,95%): 59.99 err/s: 0.00 reconn/s: 0.00
[ 270s ] thds: 400 tps: 9462.80 qps: 189489.20 (r/w/o: 132689.43/37875.68/18924.09) lat (ms,95%): 69.29 err/s: 0.10 reconn/s: 0.00
[ 280s ] thds: 400 tps: 9831.22 qps: 196458.16 (r/w/o: 137460.06/39339.67/19658.44) lat (ms,95%): 55.82 err/s: 0.10 reconn/s: 0.00
[ 290s ] thds: 400 tps: 9594.45 qps: 192002.61 (r/w/o: 134463.71/38343.30/19195.60) lat (ms,95%): 58.92 err/s: 0.00 reconn/s: 0.00
[ 300s ] thds: 400 tps: 9669.34 qps: 193469.28 (r/w/o: 135423.15/38706.96/19339.18) lat (ms,95%): 59.99 err/s: 0.00 reconn/s: 0.00
[ 310s ] thds: 400 tps: 9773.21 qps: 195534.10 (r/w/o: 136859.61/39128.06/19546.43) lat (ms,95%): 56.84 err/s: 0.00 reconn/s: 0.00
[ 320s ] thds: 400 tps: 10008.18 qps: 200102.40 (r/w/o: 140067.55/40025.50/20009.35) lat (ms,95%): 51.94 err/s: 0.00 reconn/s: 0.00
[ 330s ] thds: 400 tps: 8249.33 qps: 164999.81 (r/w/o: 115546.32/32947.72/16505.76) lat (ms,95%): 95.81 err/s: 0.00 reconn/s: 0.00
[ 340s ] thds: 400 tps: 6662.09 qps: 133409.85 (r/w/o: 93336.49/26748.97/13324.38) lat (ms,95%): 118.92 err/s: 0.00 reconn/s: 0.00
[ 350s ] thds: 400 tps: 7147.90 qps: 142665.92 (r/w/o: 99849.74/28522.48/14293.69) lat (ms,95%): 102.97 err/s: 0.00 reconn/s: 0.00
[ 360s ] thds: 400 tps: 9314.30 qps: 186363.01 (r/w/o: 130508.64/37223.98/18630.39) lat (ms,95%): 61.08 err/s: 0.00 reconn/s: 0.00
[ 370s ] thds: 400 tps: 9345.62 qps: 187133.43 (r/w/o: 130967.70/37474.09/18691.64) lat (ms,95%): 69.29 err/s: 0.00 reconn/s: 0.00
[ 380s ] thds: 400 tps: 8690.59 qps: 173747.06 (r/w/o: 121636.00/34729.87/17381.19) lat (ms,95%): 87.56 err/s: 0.00 reconn/s: 0.00
[ 390s ] thds: 400 tps: 8291.49 qps: 165734.81 (r/w/o: 116027.90/33123.74/16583.17) lat (ms,95%): 106.75 err/s: 0.10 reconn/s: 0.00
[ 400s ] thds: 400 tps: 7821.41 qps: 156360.40 (r/w/o: 109447.44/31270.34/15642.62) lat (ms,95%): 101.13 err/s: 0.00 reconn/s: 0.00
[ 410s ] thds: 400 tps: 8040.68 qps: 160768.83 (r/w/o: 112522.24/32168.93/16077.66) lat (ms,95%): 94.10 err/s: 0.10 reconn/s: 0.00
[ 420s ] thds: 400 tps: 9442.14 qps: 189064.17 (r/w/o: 132327.61/37848.07/18888.49) lat (ms,95%): 63.32 err/s: 0.00 reconn/s: 0.00
[ 430s ] thds: 400 tps: 9774.68 qps: 195342.75 (r/w/o: 136740.85/39052.43/19549.46) lat (ms,95%): 58.92 err/s: 0.00 reconn/s: 0.00
[ 440s ] thds: 400 tps: 9370.61 qps: 187510.52 (r/w/o: 131266.89/37502.42/18741.21) lat (ms,95%): 68.05 err/s: 0.00 reconn/s: 0.00
[ 450s ] thds: 400 tps: 7221.37 qps: 144534.55 (r/w/o: 101164.24/28927.57/14442.73) lat (ms,95%): 104.84 err/s: 0.00 reconn/s: 0.00
[ 460s ] thds: 400 tps: 7191.61 qps: 143511.67 (r/w/o: 100477.49/28651.35/14382.83) lat (ms,95%): 101.13 err/s: 0.00 reconn/s: 0.00
[ 470s ] thds: 400 tps: 8161.31 qps: 163435.44 (r/w/o: 114408.00/32704.23/16323.21) lat (ms,95%): 81.48 err/s: 0.00 reconn/s: 0.00
[ 480s ] thds: 400 tps: 8972.79 qps: 179310.68 (r/w/o: 125518.72/35846.38/17945.59) lat (ms,95%): 74.46 err/s: 0.00 reconn/s: 0.00
[ 490s ] thds: 400 tps: 9883.19 qps: 197693.76 (r/w/o: 138351.50/39583.67/19758.59) lat (ms,95%): 55.82 err/s: 0.00 reconn/s: 0.00
[ 500s ] thds: 400 tps: 9833.00 qps: 196639.95 (r/w/o: 137675.64/39290.01/19674.31) lat (ms,95%): 56.84 err/s: 0.10 reconn/s: 0.00
[ 510s ] thds: 400 tps: 9342.42 qps: 186936.48 (r/w/o: 130867.14/37384.60/18684.75) lat (ms,95%): 71.83 err/s: 0.00 reconn/s: 0.00
[ 520s ] thds: 400 tps: 9515.27 qps: 190114.45 (r/w/o: 133039.12/38045.59/19029.75) lat (ms,95%): 64.47 err/s: 0.00 reconn/s: 0.00
[ 530s ] thds: 400 tps: 9762.90 qps: 195430.39 (r/w/o: 136804.80/39106.50/19519.10) lat (ms,95%): 56.84 err/s: 0.00 reconn/s: 0.00
[ 540s ] thds: 400 tps: 9497.51 qps: 190039.18 (r/w/o: 133034.20/38005.46/18999.53) lat (ms,95%): 68.05 err/s: 0.00 reconn/s: 0.00
[ 550s ] thds: 400 tps: 9222.39 qps: 184481.48 (r/w/o: 129145.15/36888.36/18447.98) lat (ms,95%): 77.19 err/s: 0.00 reconn/s: 0.00
[ 560s ] thds: 400 tps: 7501.28 qps: 149831.86 (r/w/o: 104868.99/29964.11/14998.76) lat (ms,95%): 99.33 err/s: 0.00 reconn/s: 0.00
[ 570s ] thds: 400 tps: 6850.83 qps: 137122.92 (r/w/o: 96008.06/27409.90/13704.95) lat (ms,95%): 106.75 err/s: 0.00 reconn/s: 0.00
[ 580s ] thds: 400 tps: 7892.39 qps: 157904.52 (r/w/o: 110510.07/31608.86/15785.58) lat (ms,95%): 89.16 err/s: 0.10 reconn/s: 0.00
[ 590s ] thds: 400 tps: 9256.79 qps: 184974.66 (r/w/o: 129490.93/36970.15/18513.58) lat (ms,95%): 69.29 err/s: 0.00 reconn/s: 0.00
[ 600s ] thds: 400 tps: 9610.31 qps: 192467.52 (r/w/o: 134719.48/38527.22/19220.81) lat (ms,95%): 59.99 err/s: 0.00 reconn/s: 0.00
[ 610s ] thds: 400 tps: 9725.60 qps: 194142.46 (r/w/o: 135892.67/38798.39/19451.40) lat (ms,95%): 57.87 err/s: 0.10 reconn/s: 0.00
[ 620s ] thds: 400 tps: 9382.38 qps: 187771.41 (r/w/o: 131479.73/37527.12/18764.56) lat (ms,95%): 71.83 err/s: 0.00 reconn/s: 0.00
[ 630s ] thds: 400 tps: 9377.91 qps: 187733.70 (r/w/o: 131397.61/37579.76/18756.33) lat (ms,95%): 68.05 err/s: 0.00 reconn/s: 0.00
[ 640s ] thds: 400 tps: 9737.03 qps: 194561.39 (r/w/o: 136181.81/38908.52/19471.06) lat (ms,95%): 56.84 err/s: 0.20 reconn/s: 0.00
[ 650s ] thds: 400 tps: 9494.97 qps: 189903.54 (r/w/o: 132942.61/37973.29/18987.64) lat (ms,95%): 65.65 err/s: 0.00 reconn/s: 0.00
[ 660s ] thds: 400 tps: 9096.41 qps: 181983.14 (r/w/o: 127398.89/36385.43/18198.81) lat (ms,95%): 78.60 err/s: 0.00 reconn/s: 0.00
[ 670s ] thds: 400 tps: 7610.89 qps: 152010.61 (r/w/o: 106361.37/30427.26/15221.98) lat (ms,95%): 101.13 err/s: 0.10 reconn/s: 0.00
[ 680s ] thds: 400 tps: 6954.59 qps: 139313.53 (r/w/o: 97569.21/27835.95/13908.37) lat (ms,95%): 104.84 err/s: 0.00 reconn/s: 0.00
[ 690s ] thds: 400 tps: 7734.82 qps: 154724.30 (r/w/o: 108301.65/30952.00/15470.65) lat (ms,95%): 90.78 err/s: 0.00 reconn/s: 0.00
[ 700s ] thds: 400 tps: 9473.91 qps: 189329.34 (r/w/o: 132505.37/37876.15/18947.82) lat (ms,95%): 59.99 err/s: 0.00 reconn/s: 0.00
[ 710s ] thds: 400 tps: 9887.01 qps: 197862.11 (r/w/o: 138557.57/39530.22/19774.31) lat (ms,95%): 54.83 err/s: 0.10 reconn/s: 0.00
[ 720s ] thds: 400 tps: 9792.69 qps: 195618.56 (r/w/o: 136861.73/39171.25/19585.58) lat (ms,95%): 56.84 err/s: 0.10 reconn/s: 0.00
[ 730s ] thds: 400 tps: 8914.39 qps: 178669.40 (r/w/o: 125099.56/35740.96/17828.88) lat (ms,95%): 81.48 err/s: 0.00 reconn/s: 0.00
[ 740s ] thds: 400 tps: 9606.74 qps: 191936.24 (r/w/o: 134393.62/38329.05/19213.57) lat (ms,95%): 61.08 err/s: 0.20 reconn/s: 0.00
[ 750s ] thds: 400 tps: 9860.67 qps: 197163.42 (r/w/o: 137971.83/39471.06/19720.53) lat (ms,95%): 57.87 err/s: 0.00 reconn/s: 0.00
[ 760s ] thds: 400 tps: 9002.67 qps: 180143.34 (r/w/o: 126119.51/36017.39/18006.44) lat (ms,95%): 87.56 err/s: 0.00 reconn/s: 0.00
[ 770s ] thds: 400 tps: 8295.40 qps: 165876.33 (r/w/o: 116119.22/33166.91/16590.20) lat (ms,95%): 95.81 err/s: 0.00 reconn/s: 0.00
[ 780s ] thds: 400 tps: 7747.22 qps: 154956.09 (r/w/o: 108474.07/30986.78/15495.24) lat (ms,95%): 102.97 err/s: 0.10 reconn/s: 0.00
[ 790s ] thds: 400 tps: 7770.59 qps: 155320.45 (r/w/o: 108689.99/31089.27/15541.18) lat (ms,95%): 99.33 err/s: 0.00 reconn/s: 0.00
[ 800s ] thds: 400 tps: 7117.31 qps: 142464.57 (r/w/o: 99765.92/28463.93/14234.72) lat (ms,95%): 110.66 err/s: 0.00 reconn/s: 0.00
[ 810s ] thds: 400 tps: 7869.35 qps: 157460.61 (r/w/o: 110199.91/31521.90/15738.80) lat (ms,95%): 106.75 err/s: 0.00 reconn/s: 0.00
[ 820s ] thds: 400 tps: 7201.16 qps: 143715.11 (r/w/o: 100553.45/28760.64/14401.02) lat (ms,95%): 110.66 err/s: 0.00 reconn/s: 0.00
[ 830s ] thds: 400 tps: 9673.55 qps: 193869.19 (r/w/o: 135744.89/38775.60/19348.70) lat (ms,95%): 61.08 err/s: 0.10 reconn/s: 0.00
[ 840s ] thds: 400 tps: 9756.22 qps: 194781.79 (r/w/o: 136332.04/38938.90/19510.85) lat (ms,95%): 57.87 err/s: 0.10 reconn/s: 0.00
SQL statistics:
    queries performed:
        read:                            103124630
        write:                           29464092
        other:                           14732134
        total:                           147320856
    transactions:                        7366023 (8759.55 per sec.)
    queries:                             147320856 (175191.42 per sec.)
    ignored errors:                      22     (0.03 per sec.)
    reconnects:                          0      (0.00 per sec.)

General statistics:
    total time:                          840.9126s
    total number of events:              7366023

Latency (ms):
         min:                                   19.79
         avg:                                   45.62
         max:                                  957.62
         95th percentile:                       86.00
         sum:                            336029543.83

Threads fairness:
    events (avg/stddev):           18415.0575/405.73
    execution time (avg/stddev):   840.0739/0.14

