sysbench 1.0.20-ebf1c90 (using bundled LuaJIT 2.1.0-beta2)

Running the test with following options:
Number of threads: 400
Report intermediate results every 10 second(s)
Initializing random number generator from current time


Initializing worker threads...

Threads started!

[ 10s ] thds: 400 tps: 5559.07 qps: 111828.00 (r/w/o: 78365.60/22304.27/11158.13) lat (ms,95%): 215.44 err/s: 0.00 reconn/s: 0.00
[ 20s ] thds: 400 tps: 8021.57 qps: 160268.36 (r/w/o: 112195.65/32029.47/16043.24) lat (ms,95%): 155.80 err/s: 0.00 reconn/s: 0.00
[ 30s ] thds: 400 tps: 8665.15 qps: 173304.08 (r/w/o: 121255.48/34729.00/17319.60) lat (ms,95%): 114.72 err/s: 0.00 reconn/s: 0.00
[ 40s ] thds: 400 tps: 9165.64 qps: 183336.12 (r/w/o: 128364.51/36629.54/18342.07) lat (ms,95%): 70.55 err/s: 0.00 reconn/s: 0.00
[ 50s ] thds: 400 tps: 9219.84 qps: 184371.18 (r/w/o: 129064.31/36867.38/18439.49) lat (ms,95%): 66.84 err/s: 0.10 reconn/s: 0.00
[ 60s ] thds: 400 tps: 9717.57 qps: 194303.00 (r/w/o: 136028.71/38838.86/19435.43) lat (ms,95%): 55.82 err/s: 0.00 reconn/s: 0.00
[ 70s ] thds: 400 tps: 9342.09 qps: 186789.43 (r/w/o: 130708.98/37400.67/18679.78) lat (ms,95%): 66.84 err/s: 0.00 reconn/s: 0.00
[ 80s ] thds: 400 tps: 9773.98 qps: 195689.70 (r/w/o: 137019.72/39119.32/19550.66) lat (ms,95%): 53.85 err/s: 0.00 reconn/s: 0.00
[ 90s ] thds: 400 tps: 8954.57 qps: 178842.86 (r/w/o: 125154.22/35778.49/17910.15) lat (ms,95%): 84.47 err/s: 0.00 reconn/s: 0.00
[ 100s ] thds: 400 tps: 9784.82 qps: 196012.26 (r/w/o: 137217.05/39224.47/19570.74) lat (ms,95%): 54.83 err/s: 0.00 reconn/s: 0.00
[ 110s ] thds: 400 tps: 7028.02 qps: 140466.05 (r/w/o: 98342.92/28066.89/14056.25) lat (ms,95%): 130.13 err/s: 0.10 reconn/s: 0.00
[ 120s ] thds: 400 tps: 5836.26 qps: 116705.14 (r/w/o: 81690.07/23343.25/11671.82) lat (ms,95%): 147.61 err/s: 0.10 reconn/s: 0.00
[ 130s ] thds: 400 tps: 6555.18 qps: 131125.22 (r/w/o: 91782.64/26233.12/13109.46) lat (ms,95%): 125.52 err/s: 0.00 reconn/s: 0.00
[ 140s ] thds: 400 tps: 9260.12 qps: 185097.54 (r/w/o: 129554.94/37020.37/18522.23) lat (ms,95%): 65.65 err/s: 0.00 reconn/s: 0.00
[ 150s ] thds: 400 tps: 9578.57 qps: 191568.97 (r/w/o: 134107.36/38307.07/19154.54) lat (ms,95%): 63.32 err/s: 0.00 reconn/s: 0.00
[ 160s ] thds: 400 tps: 9404.14 qps: 188140.70 (r/w/o: 131722.19/37607.34/18811.17) lat (ms,95%): 66.84 err/s: 0.00 reconn/s: 0.00
[ 170s ] thds: 400 tps: 9668.95 qps: 193483.15 (r/w/o: 135407.83/38737.51/19337.80) lat (ms,95%): 55.82 err/s: 0.00 reconn/s: 0.00
[ 180s ] thds: 400 tps: 9513.31 qps: 190154.83 (r/w/o: 133142.69/37985.23/19026.91) lat (ms,95%): 63.32 err/s: 0.10 reconn/s: 0.00
[ 190s ] thds: 400 tps: 10015.08 qps: 200413.73 (r/w/o: 140280.87/40102.71/20030.15) lat (ms,95%): 51.94 err/s: 0.00 reconn/s: 0.00
[ 200s ] thds: 400 tps: 9390.70 qps: 187486.06 (r/w/o: 131198.54/37506.11/18781.41) lat (ms,95%): 71.83 err/s: 0.00 reconn/s: 0.00
[ 210s ] thds: 400 tps: 9847.06 qps: 197192.90 (r/w/o: 138101.04/39397.64/19694.22) lat (ms,95%): 52.89 err/s: 0.00 reconn/s: 0.00
[ 220s ] thds: 400 tps: 8015.50 qps: 160162.01 (r/w/o: 112062.44/32068.58/16030.99) lat (ms,95%): 102.97 err/s: 0.00 reconn/s: 0.00
[ 230s ] thds: 400 tps: 7238.49 qps: 144624.56 (r/w/o: 101190.23/28964.75/14469.58) lat (ms,95%): 104.84 err/s: 0.10 reconn/s: 0.00
[ 240s ] thds: 400 tps: 6846.37 qps: 137424.58 (r/w/o: 96233.67/27490.28/13700.64) lat (ms,95%): 114.72 err/s: 0.10 reconn/s: 0.00
[ 250s ] thds: 400 tps: 8461.15 qps: 168863.68 (r/w/o: 118225.42/33715.47/16922.79) lat (ms,95%): 84.47 err/s: 0.20 reconn/s: 0.00
[ 260s ] thds: 400 tps: 9648.92 qps: 192980.51 (r/w/o: 135091.88/38590.68/19297.94) lat (ms,95%): 57.87 err/s: 0.00 reconn/s: 0.00
[ 270s ] thds: 400 tps: 9157.51 qps: 183069.73 (r/w/o: 128131.76/36623.05/18314.92) lat (ms,95%): 71.83 err/s: 0.00 reconn/s: 0.00
[ 280s ] thds: 400 tps: 9923.90 qps: 198610.06 (r/w/o: 139068.48/39693.69/19847.90) lat (ms,95%): 51.94 err/s: 0.00 reconn/s: 0.00
[ 290s ] thds: 400 tps: 9532.62 qps: 190762.14 (r/w/o: 133483.74/38217.27/19061.13) lat (ms,95%): 63.32 err/s: 0.00 reconn/s: 0.00
[ 300s ] thds: 400 tps: 10043.55 qps: 200838.37 (r/w/o: 140654.28/40092.70/20091.40) lat (ms,95%): 51.02 err/s: 0.00 reconn/s: 0.00
[ 310s ] thds: 400 tps: 9437.03 qps: 188685.96 (r/w/o: 132033.49/37778.31/18874.16) lat (ms,95%): 71.83 err/s: 0.00 reconn/s: 0.00
[ 320s ] thds: 400 tps: 9604.26 qps: 192088.26 (r/w/o: 134446.38/38433.35/19208.53) lat (ms,95%): 57.87 err/s: 0.00 reconn/s: 0.00
[ 330s ] thds: 400 tps: 8216.03 qps: 164298.14 (r/w/o: 114993.15/32881.73/16423.26) lat (ms,95%): 95.81 err/s: 0.00 reconn/s: 0.00
[ 340s ] thds: 400 tps: 7327.41 qps: 146560.12 (r/w/o: 102617.15/29282.44/14660.52) lat (ms,95%): 104.84 err/s: 0.00 reconn/s: 0.00
[ 350s ] thds: 400 tps: 7512.40 qps: 150146.15 (r/w/o: 105079.93/30042.61/15023.60) lat (ms,95%): 97.55 err/s: 0.00 reconn/s: 0.00
[ 360s ] thds: 400 tps: 7947.60 qps: 159178.81 (r/w/o: 111493.21/31785.80/15899.80) lat (ms,95%): 92.42 err/s: 0.00 reconn/s: 0.00
[ 370s ] thds: 400 tps: 9315.80 qps: 186036.76 (r/w/o: 130134.67/37270.50/18631.60) lat (ms,95%): 70.55 err/s: 0.00 reconn/s: 0.00
[ 380s ] thds: 400 tps: 9633.46 qps: 192842.63 (r/w/o: 135020.89/38554.83/19266.91) lat (ms,95%): 52.89 err/s: 0.00 reconn/s: 0.00
[ 390s ] thds: 400 tps: 9433.40 qps: 188479.34 (r/w/o: 131935.76/37677.19/18866.39) lat (ms,95%): 69.29 err/s: 0.10 reconn/s: 0.00
[ 400s ] thds: 400 tps: 8782.54 qps: 175954.43 (r/w/o: 123207.71/35181.35/17565.37) lat (ms,95%): 87.56 err/s: 0.00 reconn/s: 0.00
[ 410s ] thds: 400 tps: 8544.27 qps: 170853.08 (r/w/o: 119607.04/34157.20/17088.85) lat (ms,95%): 94.10 err/s: 0.00 reconn/s: 0.00
[ 420s ] thds: 400 tps: 8001.48 qps: 160141.31 (r/w/o: 112073.46/32064.90/16002.95) lat (ms,95%): 97.55 err/s: 0.00 reconn/s: 0.00
[ 430s ] thds: 400 tps: 7886.49 qps: 157525.43 (r/w/o: 110233.11/31525.35/15766.97) lat (ms,95%): 102.97 err/s: 0.00 reconn/s: 0.00
[ 440s ] thds: 400 tps: 8294.02 qps: 166006.95 (r/w/o: 116271.71/33140.79/16594.44) lat (ms,95%): 92.42 err/s: 0.00 reconn/s: 0.00
[ 450s ] thds: 400 tps: 8278.77 qps: 165443.38 (r/w/o: 115798.04/33087.90/16557.45) lat (ms,95%): 87.56 err/s: 0.00 reconn/s: 0.00
[ 460s ] thds: 400 tps: 7277.96 qps: 145726.99 (r/w/o: 101993.84/29177.14/14556.02) lat (ms,95%): 108.68 err/s: 0.00 reconn/s: 0.00
[ 470s ] thds: 400 tps: 7653.43 qps: 152881.30 (r/w/o: 107016.95/30557.50/15306.85) lat (ms,95%): 95.81 err/s: 0.00 reconn/s: 0.00
[ 480s ] thds: 400 tps: 8620.49 qps: 172220.64 (r/w/o: 120497.22/34484.75/17238.67) lat (ms,95%): 82.96 err/s: 0.00 reconn/s: 0.00
[ 490s ] thds: 400 tps: 9845.22 qps: 197331.17 (r/w/o: 138199.09/39439.26/19692.83) lat (ms,95%): 54.83 err/s: 0.00 reconn/s: 0.00
[ 500s ] thds: 400 tps: 9741.11 qps: 194615.20 (r/w/o: 136224.84/38908.14/19482.22) lat (ms,95%): 57.87 err/s: 0.00 reconn/s: 0.00
[ 510s ] thds: 400 tps: 9615.03 qps: 192208.74 (r/w/o: 134525.48/38453.21/19230.05) lat (ms,95%): 61.08 err/s: 0.00 reconn/s: 0.00
[ 520s ] thds: 400 tps: 9754.19 qps: 195245.70 (r/w/o: 136697.46/39042.96/19505.28) lat (ms,95%): 55.82 err/s: 0.10 reconn/s: 0.00
[ 530s ] thds: 400 tps: 9925.42 qps: 198624.45 (r/w/o: 139037.64/39732.67/19854.13) lat (ms,95%): 53.85 err/s: 0.00 reconn/s: 0.00
[ 540s ] thds: 400 tps: 8936.60 qps: 178541.93 (r/w/o: 124961.22/35710.11/17870.60) lat (ms,95%): 84.47 err/s: 0.00 reconn/s: 0.00
[ 550s ] thds: 400 tps: 8764.41 qps: 175475.68 (r/w/o: 122835.63/35108.34/17531.72) lat (ms,95%): 86.00 err/s: 0.10 reconn/s: 0.00
[ 560s ] thds: 400 tps: 8313.58 qps: 166014.27 (r/w/o: 116171.77/33220.83/16621.67) lat (ms,95%): 90.78 err/s: 0.00 reconn/s: 0.00
[ 570s ] thds: 400 tps: 7545.25 qps: 151087.07 (r/w/o: 105828.25/30162.81/15096.01) lat (ms,95%): 97.55 err/s: 0.00 reconn/s: 0.00
[ 580s ] thds: 400 tps: 7522.37 qps: 150550.46 (r/w/o: 105362.95/30142.67/15044.84) lat (ms,95%): 97.55 err/s: 0.00 reconn/s: 0.00
[ 590s ] thds: 400 tps: 8114.77 qps: 162009.14 (r/w/o: 113356.81/32432.89/16219.44) lat (ms,95%): 90.78 err/s: 0.00 reconn/s: 0.00
[ 600s ] thds: 400 tps: 9771.90 qps: 195529.78 (r/w/o: 136923.05/39052.82/19553.91) lat (ms,95%): 56.84 err/s: 0.00 reconn/s: 0.00
[ 610s ] thds: 400 tps: 9791.59 qps: 195958.24 (r/w/o: 137169.52/39205.45/19583.27) lat (ms,95%): 57.87 err/s: 0.10 reconn/s: 0.00
[ 620s ] thds: 400 tps: 9777.83 qps: 195414.09 (r/w/o: 136780.11/39078.02/19555.96) lat (ms,95%): 54.83 err/s: 0.00 reconn/s: 0.00
[ 630s ] thds: 400 tps: 9651.44 qps: 192930.57 (r/w/o: 135028.60/38599.18/19302.79) lat (ms,95%): 59.99 err/s: 0.00 reconn/s: 0.00
[ 640s ] thds: 400 tps: 9708.50 qps: 194259.47 (r/w/o: 135973.18/38879.79/19406.50) lat (ms,95%): 59.99 err/s: 0.00 reconn/s: 0.00
[ 650s ] thds: 400 tps: 9099.98 qps: 182227.10 (r/w/o: 127576.55/36440.10/18210.45) lat (ms,95%): 80.03 err/s: 0.00 reconn/s: 0.00
[ 660s ] thds: 400 tps: 8909.41 qps: 177899.21 (r/w/o: 124557.38/35525.62/17816.21) lat (ms,95%): 86.00 err/s: 0.00 reconn/s: 0.00
[ 670s ] thds: 400 tps: 8035.52 qps: 160824.77 (r/w/o: 112543.46/32216.98/16064.34) lat (ms,95%): 94.10 err/s: 0.00 reconn/s: 0.00
[ 680s ] thds: 400 tps: 7618.16 qps: 152239.82 (r/w/o: 106594.08/30400.12/15245.61) lat (ms,95%): 95.81 err/s: 0.00 reconn/s: 0.00
[ 690s ] thds: 400 tps: 7533.68 qps: 150838.21 (r/w/o: 105609.75/30160.70/15067.75) lat (ms,95%): 94.10 err/s: 0.00 reconn/s: 0.00
[ 700s ] thds: 400 tps: 7771.18 qps: 155283.75 (r/w/o: 108682.09/31059.51/15542.16) lat (ms,95%): 90.78 err/s: 0.00 reconn/s: 0.00
[ 710s ] thds: 400 tps: 9669.35 qps: 193362.86 (r/w/o: 135342.65/38681.81/19338.41) lat (ms,95%): 57.87 err/s: 0.00 reconn/s: 0.00
[ 720s ] thds: 400 tps: 9856.55 qps: 197226.82 (r/w/o: 138062.08/39451.83/19712.91) lat (ms,95%): 54.83 err/s: 0.00 reconn/s: 0.00
[ 730s ] thds: 400 tps: 9620.25 qps: 192153.04 (r/w/o: 134459.31/38456.92/19236.81) lat (ms,95%): 62.19 err/s: 0.10 reconn/s: 0.00
[ 740s ] thds: 400 tps: 9821.75 qps: 196690.79 (r/w/o: 137743.00/39299.09/19648.70) lat (ms,95%): 56.84 err/s: 0.10 reconn/s: 0.00
[ 750s ] thds: 400 tps: 9515.70 qps: 190341.60 (r/w/o: 133236.80/38073.90/19030.90) lat (ms,95%): 65.65 err/s: 0.20 reconn/s: 0.00
[ 760s ] thds: 400 tps: 8873.23 qps: 177357.31 (r/w/o: 124103.73/35517.02/17736.56) lat (ms,95%): 82.96 err/s: 0.10 reconn/s: 0.00
[ 770s ] thds: 400 tps: 8813.57 qps: 176291.00 (r/w/o: 123422.88/35233.38/17634.74) lat (ms,95%): 86.00 err/s: 0.00 reconn/s: 0.00
[ 780s ] thds: 400 tps: 9171.31 qps: 183626.37 (r/w/o: 128567.92/36712.23/18346.22) lat (ms,95%): 77.19 err/s: 0.10 reconn/s: 0.00
[ 790s ] thds: 400 tps: 8156.63 qps: 162978.55 (r/w/o: 114101.66/32563.93/16312.97) lat (ms,95%): 99.33 err/s: 0.00 reconn/s: 0.00
[ 800s ] thds: 400 tps: 7545.01 qps: 150899.27 (r/w/o: 105603.92/30205.33/15090.02) lat (ms,95%): 106.75 err/s: 0.10 reconn/s: 0.00
[ 810s ] thds: 400 tps: 7773.87 qps: 155385.63 (r/w/o: 108754.70/31084.19/15546.74) lat (ms,95%): 102.97 err/s: 0.00 reconn/s: 0.00
[ 820s ] thds: 400 tps: 7850.64 qps: 157173.77 (r/w/o: 110080.01/31390.78/15702.99) lat (ms,95%): 108.68 err/s: 0.10 reconn/s: 0.00
[ 830s ] thds: 400 tps: 8218.52 qps: 164201.52 (r/w/o: 114888.53/32875.97/16437.03) lat (ms,95%): 101.13 err/s: 0.00 reconn/s: 0.00
[ 840s ] thds: 400 tps: 7331.89 qps: 146798.66 (r/w/o: 102755.00/29383.57/14660.09) lat (ms,95%): 106.75 err/s: 0.00 reconn/s: 0.00
SQL statistics:
    queries performed:
        read:                            102612258
        write:                           29317711
        other:                           14658931
        total:                           146588900
    transactions:                        7329427 (8717.71 per sec.)
    queries:                             146588900 (174354.59 per sec.)
    ignored errors:                      20     (0.02 per sec.)
    reconnects:                          0      (0.00 per sec.)

General statistics:
    total time:                          840.7506s
    total number of events:              7329427

Latency (ms):
         min:                                   19.78
         avg:                                   45.85
         max:                                  751.62
         95th percentile:                       87.56
         sum:                            336022788.11

Threads fairness:
    events (avg/stddev):           18323.5675/457.72
    execution time (avg/stddev):   840.0570/0.09

