sysbench 1.0.20-ebf1c90 (using bundled LuaJIT 2.1.0-beta2)

Running the test with following options:
Number of threads: 400
Report intermediate results every 10 second(s)
Initializing random number generator from current time


Initializing worker threads...

Threads started!

[ 10s ] thds: 400 tps: 5589.18 qps: 112105.30 (r/w/o: 78514.21/22379.93/11211.16) lat (ms,95%): 215.44 err/s: 0.00 reconn/s: 0.00
[ 20s ] thds: 400 tps: 7989.21 qps: 159886.57 (r/w/o: 111909.59/31991.35/15985.63) lat (ms,95%): 158.63 err/s: 0.10 reconn/s: 0.00
[ 30s ] thds: 400 tps: 8670.50 qps: 173460.09 (r/w/o: 121487.56/34631.02/17341.51) lat (ms,95%): 114.72 err/s: 0.10 reconn/s: 0.00
[ 40s ] thds: 400 tps: 9186.31 qps: 183809.20 (r/w/o: 128631.37/36805.22/18372.61) lat (ms,95%): 69.29 err/s: 0.00 reconn/s: 0.00
[ 50s ] thds: 400 tps: 9192.69 qps: 183784.41 (r/w/o: 128651.27/36748.06/18385.08) lat (ms,95%): 66.84 err/s: 0.00 reconn/s: 0.00
[ 60s ] thds: 400 tps: 9726.21 qps: 194733.85 (r/w/o: 136309.68/38971.05/19453.13) lat (ms,95%): 55.82 err/s: 0.20 reconn/s: 0.00
[ 70s ] thds: 400 tps: 9331.06 qps: 186370.68 (r/w/o: 130453.83/37254.54/18662.32) lat (ms,95%): 68.05 err/s: 0.00 reconn/s: 0.00
[ 80s ] thds: 400 tps: 9825.54 qps: 196535.95 (r/w/o: 137605.89/39278.57/19651.48) lat (ms,95%): 53.85 err/s: 0.10 reconn/s: 0.00
[ 90s ] thds: 400 tps: 8910.67 qps: 178349.41 (r/w/o: 124822.32/35705.66/17821.43) lat (ms,95%): 84.47 err/s: 0.00 reconn/s: 0.00
[ 100s ] thds: 400 tps: 9849.34 qps: 196857.18 (r/w/o: 137814.92/39343.38/19698.89) lat (ms,95%): 53.85 err/s: 0.10 reconn/s: 0.00
[ 110s ] thds: 400 tps: 7035.80 qps: 140579.01 (r/w/o: 98372.31/28135.10/14071.60) lat (ms,95%): 130.13 err/s: 0.00 reconn/s: 0.00
[ 120s ] thds: 400 tps: 5841.95 qps: 116820.41 (r/w/o: 81752.40/23386.20/11681.80) lat (ms,95%): 147.61 err/s: 0.10 reconn/s: 0.00
[ 130s ] thds: 400 tps: 6540.06 qps: 131041.98 (r/w/o: 91767.50/26191.96/13082.53) lat (ms,95%): 123.28 err/s: 0.00 reconn/s: 0.00
[ 140s ] thds: 400 tps: 9278.72 qps: 185589.69 (r/w/o: 129938.84/37093.00/18557.85) lat (ms,95%): 65.65 err/s: 0.20 reconn/s: 0.00
[ 150s ] thds: 400 tps: 9583.02 qps: 191554.68 (r/w/o: 134068.57/38323.18/19162.94) lat (ms,95%): 62.19 err/s: 0.00 reconn/s: 0.00
[ 160s ] thds: 400 tps: 9406.48 qps: 187966.70 (r/w/o: 131517.52/37640.02/18809.16) lat (ms,95%): 66.84 err/s: 0.00 reconn/s: 0.00
[ 170s ] thds: 400 tps: 9678.83 qps: 193790.29 (r/w/o: 135725.79/38699.74/19364.77) lat (ms,95%): 55.82 err/s: 0.00 reconn/s: 0.00
[ 180s ] thds: 400 tps: 9557.09 qps: 191046.32 (r/w/o: 133685.78/38249.86/19110.68) lat (ms,95%): 63.32 err/s: 0.00 reconn/s: 0.00
[ 190s ] thds: 400 tps: 9988.38 qps: 199892.67 (r/w/o: 139961.77/39950.53/19980.37) lat (ms,95%): 51.94 err/s: 0.00 reconn/s: 0.00
[ 200s ] thds: 400 tps: 9431.13 qps: 188596.35 (r/w/o: 132023.66/37710.43/18862.27) lat (ms,95%): 69.29 err/s: 0.00 reconn/s: 0.00
[ 210s ] thds: 400 tps: 9836.31 qps: 196874.70 (r/w/o: 137785.54/39416.54/19672.62) lat (ms,95%): 52.89 err/s: 0.00 reconn/s: 0.00
[ 220s ] thds: 400 tps: 8048.68 qps: 160913.20 (r/w/o: 112652.59/32163.24/16097.37) lat (ms,95%): 102.97 err/s: 0.00 reconn/s: 0.00
[ 230s ] thds: 400 tps: 7232.91 qps: 144549.13 (r/w/o: 101225.29/28858.23/14465.61) lat (ms,95%): 104.84 err/s: 0.00 reconn/s: 0.00
[ 240s ] thds: 400 tps: 6877.76 qps: 137411.32 (r/w/o: 96150.75/27505.74/13754.82) lat (ms,95%): 112.67 err/s: 0.00 reconn/s: 0.00
[ 250s ] thds: 400 tps: 8398.59 qps: 168201.49 (r/w/o: 117749.12/33655.68/16796.69) lat (ms,95%): 86.00 err/s: 0.00 reconn/s: 0.00
[ 260s ] thds: 400 tps: 9622.50 qps: 192418.33 (r/w/o: 134666.65/38505.09/19246.59) lat (ms,95%): 58.92 err/s: 0.00 reconn/s: 0.00
[ 270s ] thds: 400 tps: 9123.01 qps: 182531.21 (r/w/o: 127814.78/36470.92/18245.51) lat (ms,95%): 71.83 err/s: 0.00 reconn/s: 0.00
[ 280s ] thds: 400 tps: 9909.29 qps: 198262.13 (r/w/o: 138747.68/39695.37/19819.08) lat (ms,95%): 51.94 err/s: 0.00 reconn/s: 0.00
[ 290s ] thds: 400 tps: 9554.32 qps: 190881.96 (r/w/o: 133651.72/38121.49/19108.75) lat (ms,95%): 63.32 err/s: 0.00 reconn/s: 0.00
[ 300s ] thds: 400 tps: 10054.30 qps: 200794.63 (r/w/o: 140479.42/40207.41/20107.80) lat (ms,95%): 51.02 err/s: 0.10 reconn/s: 0.00
[ 310s ] thds: 400 tps: 9394.99 qps: 188214.44 (r/w/o: 131787.89/37635.47/18791.08) lat (ms,95%): 71.83 err/s: 0.00 reconn/s: 0.00
[ 320s ] thds: 400 tps: 9614.39 qps: 192326.07 (r/w/o: 134651.11/38445.87/19229.09) lat (ms,95%): 57.87 err/s: 0.10 reconn/s: 0.00
[ 330s ] thds: 400 tps: 8238.19 qps: 164734.45 (r/w/o: 115340.49/32917.67/16476.28) lat (ms,95%): 95.81 err/s: 0.00 reconn/s: 0.00
[ 340s ] thds: 400 tps: 7320.31 qps: 146446.12 (r/w/o: 102479.25/29326.34/14640.52) lat (ms,95%): 104.84 err/s: 0.10 reconn/s: 0.00
[ 350s ] thds: 400 tps: 7576.69 qps: 151506.94 (r/w/o: 106082.59/30270.57/15153.78) lat (ms,95%): 95.81 err/s: 0.00 reconn/s: 0.00
[ 360s ] thds: 400 tps: 8017.40 qps: 160084.68 (r/w/o: 112002.76/32048.22/16033.71) lat (ms,95%): 92.42 err/s: 0.00 reconn/s: 0.00
[ 370s ] thds: 400 tps: 9298.51 qps: 186235.75 (r/w/o: 130430.17/37207.45/18598.13) lat (ms,95%): 69.29 err/s: 0.00 reconn/s: 0.00
[ 380s ] thds: 400 tps: 9651.50 qps: 193079.56 (r/w/o: 135133.84/38642.71/19303.01) lat (ms,95%): 52.89 err/s: 0.00 reconn/s: 0.00
[ 390s ] thds: 400 tps: 9361.89 qps: 187157.49 (r/w/o: 131035.32/37398.48/18723.69) lat (ms,95%): 70.55 err/s: 0.00 reconn/s: 0.00
[ 400s ] thds: 400 tps: 8797.14 qps: 175891.85 (r/w/o: 123059.93/35237.35/17594.58) lat (ms,95%): 87.56 err/s: 0.10 reconn/s: 0.00
[ 410s ] thds: 400 tps: 8552.54 qps: 171066.35 (r/w/o: 119754.92/34210.75/17100.67) lat (ms,95%): 94.10 err/s: 0.00 reconn/s: 0.00
[ 420s ] thds: 400 tps: 8044.50 qps: 160726.91 (r/w/o: 112471.01/32168.10/16087.80) lat (ms,95%): 99.33 err/s: 0.00 reconn/s: 0.00
[ 430s ] thds: 400 tps: 7932.01 qps: 158824.65 (r/w/o: 111219.30/31737.93/15867.41) lat (ms,95%): 101.13 err/s: 0.00 reconn/s: 0.00
[ 440s ] thds: 400 tps: 8317.09 qps: 166134.54 (r/w/o: 116282.69/33215.37/16636.48) lat (ms,95%): 92.42 err/s: 0.00 reconn/s: 0.00
[ 450s ] thds: 400 tps: 8221.58 qps: 164803.38 (r/w/o: 115395.78/32964.34/16443.27) lat (ms,95%): 87.56 err/s: 0.00 reconn/s: 0.00
[ 460s ] thds: 400 tps: 7330.95 qps: 146295.44 (r/w/o: 102372.46/29261.09/14661.89) lat (ms,95%): 108.68 err/s: 0.00 reconn/s: 0.00
[ 470s ] thds: 400 tps: 7629.21 qps: 152895.64 (r/w/o: 107033.90/30606.13/15255.61) lat (ms,95%): 95.81 err/s: 0.10 reconn/s: 0.00
[ 480s ] thds: 400 tps: 8666.87 qps: 173234.54 (r/w/o: 121313.64/34584.17/17336.73) lat (ms,95%): 81.48 err/s: 0.00 reconn/s: 0.00
[ 490s ] thds: 400 tps: 9908.70 qps: 198036.06 (r/w/o: 138605.94/39612.71/19817.41) lat (ms,95%): 53.85 err/s: 0.00 reconn/s: 0.00
[ 500s ] thds: 400 tps: 9733.01 qps: 194912.48 (r/w/o: 136407.09/39039.16/19466.23) lat (ms,95%): 57.87 err/s: 0.10 reconn/s: 0.00
[ 510s ] thds: 400 tps: 9591.79 qps: 191861.88 (r/w/o: 134318.85/38359.36/19183.68) lat (ms,95%): 61.08 err/s: 0.00 reconn/s: 0.00
[ 520s ] thds: 400 tps: 9823.71 qps: 196157.55 (r/w/o: 137304.10/39207.13/19646.31) lat (ms,95%): 55.82 err/s: 0.10 reconn/s: 0.00
[ 530s ] thds: 400 tps: 9945.59 qps: 198810.29 (r/w/o: 139150.76/39772.16/19887.38) lat (ms,95%): 53.85 err/s: 0.00 reconn/s: 0.00
[ 540s ] thds: 400 tps: 8924.01 qps: 178864.66 (r/w/o: 125212.51/35800.83/17851.32) lat (ms,95%): 84.47 err/s: 0.00 reconn/s: 0.00
[ 550s ] thds: 400 tps: 8790.11 qps: 175822.71 (r/w/o: 123063.18/35179.02/17580.51) lat (ms,95%): 86.00 err/s: 0.00 reconn/s: 0.00
[ 560s ] thds: 400 tps: 8293.20 qps: 165741.01 (r/w/o: 116092.54/33060.08/16588.39) lat (ms,95%): 90.78 err/s: 0.10 reconn/s: 0.00
[ 570s ] thds: 400 tps: 7600.50 qps: 151703.10 (r/w/o: 106101.00/30403.60/15198.50) lat (ms,95%): 97.55 err/s: 0.00 reconn/s: 0.00
[ 580s ] thds: 400 tps: 7511.50 qps: 150708.96 (r/w/o: 105540.04/30143.21/15025.71) lat (ms,95%): 97.55 err/s: 0.00 reconn/s: 0.00
[ 590s ] thds: 400 tps: 8151.52 qps: 162838.25 (r/w/o: 114036.82/32498.09/16303.34) lat (ms,95%): 90.78 err/s: 0.10 reconn/s: 0.00
[ 600s ] thds: 400 tps: 9771.19 qps: 195377.21 (r/w/o: 136706.20/39128.54/19542.47) lat (ms,95%): 56.84 err/s: 0.00 reconn/s: 0.00
[ 610s ] thds: 400 tps: 9770.30 qps: 195318.03 (r/w/o: 136735.22/39043.71/19539.10) lat (ms,95%): 57.87 err/s: 0.00 reconn/s: 0.00
[ 620s ] thds: 400 tps: 9779.21 qps: 195537.26 (r/w/o: 136815.79/39167.35/19554.13) lat (ms,95%): 54.83 err/s: 0.00 reconn/s: 0.00
[ 630s ] thds: 400 tps: 9655.90 qps: 193331.93 (r/w/o: 135399.85/38614.39/19317.69) lat (ms,95%): 59.99 err/s: 0.00 reconn/s: 0.00
[ 640s ] thds: 400 tps: 9718.62 qps: 194357.31 (r/w/o: 136074.09/38845.78/19437.44) lat (ms,95%): 59.99 err/s: 0.10 reconn/s: 0.00
[ 650s ] thds: 400 tps: 9128.68 qps: 182388.56 (r/w/o: 127622.06/36510.33/18256.17) lat (ms,95%): 80.03 err/s: 0.00 reconn/s: 0.00
[ 660s ] thds: 400 tps: 8935.59 qps: 178959.03 (r/w/o: 125284.38/35801.87/17872.78) lat (ms,95%): 84.47 err/s: 0.00 reconn/s: 0.00
[ 670s ] thds: 400 tps: 8058.70 qps: 161087.20 (r/w/o: 112802.67/32166.92/16117.61) lat (ms,95%): 94.10 err/s: 0.10 reconn/s: 0.00
[ 680s ] thds: 400 tps: 7626.30 qps: 152592.48 (r/w/o: 106782.26/30557.82/15252.41) lat (ms,95%): 95.81 err/s: 0.00 reconn/s: 0.00
[ 690s ] thds: 400 tps: 7530.77 qps: 150770.52 (r/w/o: 105517.70/30190.78/15062.04) lat (ms,95%): 94.10 err/s: 0.00 reconn/s: 0.00
[ 700s ] thds: 400 tps: 7764.59 qps: 155125.74 (r/w/o: 108601.32/31001.35/15523.07) lat (ms,95%): 90.78 err/s: 0.00 reconn/s: 0.00
[ 710s ] thds: 400 tps: 9673.30 qps: 193536.66 (r/w/o: 135492.88/38691.29/19352.50) lat (ms,95%): 57.87 err/s: 0.00 reconn/s: 0.00
[ 720s ] thds: 400 tps: 9845.51 qps: 196832.90 (r/w/o: 137776.04/39365.74/19691.12) lat (ms,95%): 54.83 err/s: 0.00 reconn/s: 0.00
[ 730s ] thds: 400 tps: 9649.19 qps: 192928.95 (r/w/o: 135076.39/38554.87/19297.68) lat (ms,95%): 62.19 err/s: 0.00 reconn/s: 0.00
[ 740s ] thds: 400 tps: 9811.91 qps: 196348.16 (r/w/o: 137396.41/39327.83/19623.92) lat (ms,95%): 56.84 err/s: 0.00 reconn/s: 0.00
[ 750s ] thds: 400 tps: 9500.01 qps: 189789.63 (r/w/o: 132841.89/37947.03/19000.71) lat (ms,95%): 65.65 err/s: 0.00 reconn/s: 0.00
[ 760s ] thds: 400 tps: 8863.70 qps: 177387.09 (r/w/o: 124238.66/35420.92/17727.51) lat (ms,95%): 82.96 err/s: 0.00 reconn/s: 0.00
[ 770s ] thds: 400 tps: 8821.79 qps: 176344.49 (r/w/o: 123407.75/35293.06/17643.68) lat (ms,95%): 86.00 err/s: 0.00 reconn/s: 0.00
[ 780s ] thds: 400 tps: 9183.91 qps: 183615.69 (r/w/o: 128510.10/36743.86/18361.73) lat (ms,95%): 77.19 err/s: 0.00 reconn/s: 0.00
[ 790s ] thds: 400 tps: 8172.51 qps: 163577.62 (r/w/o: 114517.08/32715.12/16345.41) lat (ms,95%): 99.33 err/s: 0.00 reconn/s: 0.00
[ 800s ] thds: 400 tps: 7523.10 qps: 150514.93 (r/w/o: 105351.72/30111.21/15052.00) lat (ms,95%): 108.68 err/s: 0.00 reconn/s: 0.00
[ 810s ] thds: 400 tps: 7807.39 qps: 156316.95 (r/w/o: 109421.79/31280.87/15614.28) lat (ms,95%): 102.97 err/s: 0.00 reconn/s: 0.00
[ 820s ] thds: 400 tps: 7879.31 qps: 157377.28 (r/w/o: 110158.32/31459.94/15759.02) lat (ms,95%): 108.68 err/s: 0.10 reconn/s: 0.00
[ 830s ] thds: 400 tps: 8178.10 qps: 163530.14 (r/w/o: 114495.26/32683.39/16351.49) lat (ms,95%): 101.13 err/s: 0.00 reconn/s: 0.00
[ 840s ] thds: 400 tps: 7306.40 qps: 146384.45 (r/w/o: 102439.47/29326.89/14618.10) lat (ms,95%): 106.75 err/s: 0.00 reconn/s: 0.00
SQL statistics:
    queries performed:
        read:                            102691218
        write:                           29340265
        other:                           14670215
        total:                           146701698
    transactions:                        7335066 (8725.83 per sec.)
    queries:                             146701698 (174517.13 per sec.)
    ignored errors:                      21     (0.02 per sec.)
    reconnects:                          0      (0.00 per sec.)

General statistics:
    total time:                          840.6139s
    total number of events:              7335066

Latency (ms):
         min:                                   19.72
         avg:                                   45.81
         max:                                  752.89
         95th percentile:                       87.56
         sum:                            336018045.72

Threads fairness:
    events (avg/stddev):           18337.6650/464.38
    execution time (avg/stddev):   840.0451/0.09

