sysbench 1.0.20-ebf1c90 (using bundled LuaJIT 2.1.0-beta2)

Running the test with following options:
Number of threads: 400
Report intermediate results every 10 second(s)
Initializing random number generator from current time


Initializing worker threads...

Threads started!

[ 10s ] thds: 400 tps: 5586.71 qps: 112026.04 (r/w/o: 78459.81/22352.83/11213.40) lat (ms,95%): 215.44 err/s: 0.00 reconn/s: 0.00
[ 20s ] thds: 400 tps: 7989.20 qps: 159873.16 (r/w/o: 111899.64/31999.71/15973.81) lat (ms,95%): 155.80 err/s: 0.00 reconn/s: 0.00
[ 30s ] thds: 400 tps: 8662.69 qps: 173382.46 (r/w/o: 121438.70/34614.07/17329.69) lat (ms,95%): 116.80 err/s: 0.00 reconn/s: 0.00
[ 40s ] thds: 400 tps: 9182.11 qps: 183647.20 (r/w/o: 128512.14/36773.64/18361.42) lat (ms,95%): 69.29 err/s: 0.10 reconn/s: 0.00
[ 50s ] thds: 400 tps: 9233.73 qps: 184626.24 (r/w/o: 129239.65/36916.33/18470.26) lat (ms,95%): 66.84 err/s: 0.10 reconn/s: 0.00
[ 60s ] thds: 400 tps: 9691.01 qps: 194051.50 (r/w/o: 135825.54/38843.04/19382.92) lat (ms,95%): 55.82 err/s: 0.00 reconn/s: 0.00
[ 70s ] thds: 400 tps: 9372.76 qps: 187245.52 (r/w/o: 131077.65/37422.14/18745.72) lat (ms,95%): 66.84 err/s: 0.10 reconn/s: 0.00
[ 80s ] thds: 400 tps: 9753.54 qps: 195100.97 (r/w/o: 136598.81/38994.97/19507.19) lat (ms,95%): 53.85 err/s: 0.00 reconn/s: 0.00
[ 90s ] thds: 400 tps: 8930.76 qps: 178752.98 (r/w/o: 125094.89/35796.56/17861.53) lat (ms,95%): 84.47 err/s: 0.00 reconn/s: 0.00
[ 100s ] thds: 400 tps: 9841.20 qps: 196666.76 (r/w/o: 137699.84/39284.51/19682.41) lat (ms,95%): 53.85 err/s: 0.00 reconn/s: 0.00
[ 110s ] thds: 400 tps: 7035.10 qps: 140538.70 (r/w/o: 98346.03/28125.08/14067.59) lat (ms,95%): 130.13 err/s: 0.10 reconn/s: 0.00
[ 120s ] thds: 400 tps: 5809.50 qps: 116194.56 (r/w/o: 81309.74/23263.71/11621.11) lat (ms,95%): 147.61 err/s: 0.10 reconn/s: 0.00
[ 130s ] thds: 400 tps: 6521.90 qps: 130673.22 (r/w/o: 91504.02/26127.00/13042.20) lat (ms,95%): 123.28 err/s: 0.10 reconn/s: 0.00
[ 140s ] thds: 400 tps: 9268.59 qps: 185304.52 (r/w/o: 129726.21/37041.44/18536.87) lat (ms,95%): 65.65 err/s: 0.10 reconn/s: 0.00
[ 150s ] thds: 400 tps: 9557.99 qps: 191140.53 (r/w/o: 133791.18/38230.17/19119.18) lat (ms,95%): 62.19 err/s: 0.10 reconn/s: 0.00
[ 160s ] thds: 400 tps: 9374.81 qps: 187175.69 (r/w/o: 130950.00/37478.46/18747.23) lat (ms,95%): 68.05 err/s: 0.00 reconn/s: 0.00
[ 170s ] thds: 400 tps: 9665.50 qps: 193697.35 (r/w/o: 135677.46/38685.99/19333.89) lat (ms,95%): 55.82 err/s: 0.00 reconn/s: 0.00
[ 180s ] thds: 400 tps: 9552.77 qps: 190803.31 (r/w/o: 133498.79/38198.58/19105.94) lat (ms,95%): 63.32 err/s: 0.20 reconn/s: 0.00
[ 190s ] thds: 400 tps: 9991.40 qps: 200058.07 (r/w/o: 140093.45/39985.31/19979.31) lat (ms,95%): 51.94 err/s: 0.00 reconn/s: 0.00
[ 200s ] thds: 400 tps: 9365.23 qps: 187353.77 (r/w/o: 131137.27/37482.13/18734.37) lat (ms,95%): 70.55 err/s: 0.00 reconn/s: 0.00
[ 210s ] thds: 400 tps: 9842.99 qps: 196959.49 (r/w/o: 137858.12/39415.28/19686.09) lat (ms,95%): 52.89 err/s: 0.00 reconn/s: 0.00
[ 220s ] thds: 400 tps: 8051.53 qps: 160956.12 (r/w/o: 112673.63/32181.82/16100.66) lat (ms,95%): 102.97 err/s: 0.00 reconn/s: 0.00
[ 230s ] thds: 400 tps: 7224.93 qps: 144422.70 (r/w/o: 101149.52/28820.82/14452.36) lat (ms,95%): 104.84 err/s: 0.00 reconn/s: 0.00
[ 240s ] thds: 400 tps: 6829.15 qps: 136434.22 (r/w/o: 95468.62/27307.60/13658.00) lat (ms,95%): 114.72 err/s: 0.00 reconn/s: 0.00
[ 250s ] thds: 400 tps: 8379.39 qps: 167842.92 (r/w/o: 117472.91/33610.85/16759.17) lat (ms,95%): 86.00 err/s: 0.00 reconn/s: 0.00
[ 260s ] thds: 400 tps: 9609.45 qps: 192157.08 (r/w/o: 134507.78/38430.30/19219.00) lat (ms,95%): 58.92 err/s: 0.00 reconn/s: 0.00
[ 270s ] thds: 400 tps: 9156.64 qps: 183203.42 (r/w/o: 128262.90/36627.64/18312.87) lat (ms,95%): 71.83 err/s: 0.00 reconn/s: 0.00
[ 280s ] thds: 400 tps: 9936.72 qps: 198616.64 (r/w/o: 139004.93/39745.67/19866.03) lat (ms,95%): 51.94 err/s: 0.00 reconn/s: 0.00
[ 290s ] thds: 400 tps: 9540.29 qps: 190804.16 (r/w/o: 133608.43/38106.95/19088.78) lat (ms,95%): 63.32 err/s: 0.10 reconn/s: 0.00
[ 300s ] thds: 400 tps: 10029.29 qps: 200282.64 (r/w/o: 140135.52/40089.15/20057.97) lat (ms,95%): 51.02 err/s: 0.00 reconn/s: 0.00
[ 310s ] thds: 400 tps: 9418.00 qps: 188545.97 (r/w/o: 131999.98/37709.49/18836.50) lat (ms,95%): 71.83 err/s: 0.00 reconn/s: 0.00
[ 320s ] thds: 400 tps: 9612.30 qps: 192332.98 (r/w/o: 134650.09/38461.00/19221.90) lat (ms,95%): 57.87 err/s: 0.20 reconn/s: 0.00
[ 330s ] thds: 400 tps: 8188.61 qps: 163811.37 (r/w/o: 114706.09/32724.75/16380.53) lat (ms,95%): 95.81 err/s: 0.00 reconn/s: 0.00
[ 340s ] thds: 400 tps: 7321.18 qps: 146430.26 (r/w/o: 102461.89/29326.81/14641.56) lat (ms,95%): 104.84 err/s: 0.00 reconn/s: 0.00
[ 350s ] thds: 400 tps: 7515.73 qps: 150339.02 (r/w/o: 105260.06/30046.70/15032.25) lat (ms,95%): 97.55 err/s: 0.00 reconn/s: 0.00
[ 360s ] thds: 400 tps: 7989.49 qps: 159540.18 (r/w/o: 111644.91/31916.08/15979.19) lat (ms,95%): 92.42 err/s: 0.20 reconn/s: 0.00
[ 370s ] thds: 400 tps: 9260.20 qps: 185451.68 (r/w/o: 129863.86/37067.22/18520.61) lat (ms,95%): 70.55 err/s: 0.00 reconn/s: 0.00
[ 380s ] thds: 400 tps: 9633.48 qps: 192711.13 (r/w/o: 134879.67/38564.51/19266.95) lat (ms,95%): 52.89 err/s: 0.00 reconn/s: 0.00
[ 390s ] thds: 400 tps: 9393.81 qps: 187773.24 (r/w/o: 131463.27/37521.95/18788.02) lat (ms,95%): 69.29 err/s: 0.20 reconn/s: 0.00
[ 400s ] thds: 400 tps: 8751.86 qps: 174981.42 (r/w/o: 122431.46/35047.84/17502.12) lat (ms,95%): 89.16 err/s: 0.00 reconn/s: 0.00
[ 410s ] thds: 400 tps: 8511.62 qps: 170186.64 (r/w/o: 119130.04/34031.67/17024.93) lat (ms,95%): 94.10 err/s: 0.00 reconn/s: 0.00
[ 420s ] thds: 400 tps: 7994.81 qps: 159820.38 (r/w/o: 111842.00/31988.46/15989.93) lat (ms,95%): 99.33 err/s: 0.10 reconn/s: 0.00
[ 430s ] thds: 400 tps: 7870.52 qps: 157606.82 (r/w/o: 110370.90/31495.98/15739.94) lat (ms,95%): 101.13 err/s: 0.10 reconn/s: 0.00
[ 440s ] thds: 400 tps: 8280.58 qps: 165422.61 (r/w/o: 115794.76/33065.10/16562.75) lat (ms,95%): 94.10 err/s: 0.00 reconn/s: 0.00
[ 450s ] thds: 400 tps: 8214.42 qps: 164612.73 (r/w/o: 115248.60/32935.29/16428.84) lat (ms,95%): 87.56 err/s: 0.00 reconn/s: 0.00
[ 460s ] thds: 400 tps: 7342.96 qps: 146590.41 (r/w/o: 102588.18/29316.22/14686.01) lat (ms,95%): 108.68 err/s: 0.00 reconn/s: 0.00
[ 470s ] thds: 400 tps: 7613.79 qps: 152315.77 (r/w/o: 106596.44/30496.65/15222.68) lat (ms,95%): 95.81 err/s: 0.00 reconn/s: 0.00
[ 480s ] thds: 400 tps: 8648.74 qps: 173118.69 (r/w/o: 121246.32/34569.98/17302.39) lat (ms,95%): 81.48 err/s: 0.00 reconn/s: 0.00
[ 490s ] thds: 400 tps: 9931.39 qps: 198506.62 (r/w/o: 138956.91/39686.84/19862.87) lat (ms,95%): 53.85 err/s: 0.00 reconn/s: 0.00
[ 500s ] thds: 400 tps: 9654.94 qps: 193318.81 (r/w/o: 135269.10/38739.54/19310.17) lat (ms,95%): 58.92 err/s: 0.10 reconn/s: 0.00
[ 510s ] thds: 400 tps: 9594.19 qps: 191894.94 (r/w/o: 134334.29/38373.07/19187.58) lat (ms,95%): 61.08 err/s: 0.00 reconn/s: 0.00
[ 520s ] thds: 400 tps: 9799.56 qps: 195689.49 (r/w/o: 136997.60/39091.76/19600.13) lat (ms,95%): 56.84 err/s: 0.00 reconn/s: 0.00
[ 530s ] thds: 400 tps: 9955.42 qps: 198969.46 (r/w/o: 139253.42/39811.39/19904.65) lat (ms,95%): 53.85 err/s: 0.00 reconn/s: 0.00
[ 540s ] thds: 400 tps: 8911.88 qps: 178387.11 (r/w/o: 124858.26/35705.70/17823.15) lat (ms,95%): 84.47 err/s: 0.00 reconn/s: 0.00
[ 550s ] thds: 400 tps: 8741.65 qps: 175039.64 (r/w/o: 122535.76/35017.59/17486.29) lat (ms,95%): 86.00 err/s: 0.10 reconn/s: 0.00
[ 560s ] thds: 400 tps: 8339.48 qps: 166751.30 (r/w/o: 116794.85/33273.50/16682.95) lat (ms,95%): 90.78 err/s: 0.00 reconn/s: 0.00
[ 570s ] thds: 400 tps: 7564.81 qps: 151045.05 (r/w/o: 105662.91/30252.43/15129.72) lat (ms,95%): 97.55 err/s: 0.00 reconn/s: 0.00
[ 580s ] thds: 400 tps: 7491.20 qps: 150227.33 (r/w/o: 105181.85/30063.09/14982.39) lat (ms,95%): 97.55 err/s: 0.00 reconn/s: 0.00
[ 590s ] thds: 400 tps: 8157.60 qps: 162983.28 (r/w/o: 114141.68/32526.40/16315.20) lat (ms,95%): 90.78 err/s: 0.00 reconn/s: 0.00
[ 600s ] thds: 400 tps: 9802.39 qps: 195981.08 (r/w/o: 137129.94/39249.16/19601.98) lat (ms,95%): 56.84 err/s: 0.10 reconn/s: 0.00
[ 610s ] thds: 400 tps: 9767.39 qps: 195324.36 (r/w/o: 136756.53/39029.75/19538.08) lat (ms,95%): 57.87 err/s: 0.00 reconn/s: 0.00
[ 620s ] thds: 400 tps: 9812.30 qps: 196082.29 (r/w/o: 137180.66/39277.02/19624.61) lat (ms,95%): 54.83 err/s: 0.00 reconn/s: 0.00
[ 630s ] thds: 400 tps: 9668.39 qps: 193669.88 (r/w/o: 135634.95/38698.06/19336.88) lat (ms,95%): 59.99 err/s: 0.00 reconn/s: 0.00
[ 640s ] thds: 400 tps: 9726.03 qps: 194469.85 (r/w/o: 136153.06/38864.83/19451.97) lat (ms,95%): 58.92 err/s: 0.00 reconn/s: 0.00
[ 650s ] thds: 400 tps: 9121.92 qps: 182257.61 (r/w/o: 127545.82/36468.16/18243.63) lat (ms,95%): 81.48 err/s: 0.00 reconn/s: 0.00
[ 660s ] thds: 400 tps: 8899.08 qps: 178248.23 (r/w/o: 124758.34/35691.43/17798.46) lat (ms,95%): 84.47 err/s: 0.00 reconn/s: 0.00
[ 670s ] thds: 400 tps: 8046.81 qps: 160863.80 (r/w/o: 112656.67/32113.62/16093.51) lat (ms,95%): 94.10 err/s: 0.00 reconn/s: 0.00
[ 680s ] thds: 400 tps: 7622.91 qps: 152468.53 (r/w/o: 106701.06/30521.75/15245.72) lat (ms,95%): 95.81 err/s: 0.00 reconn/s: 0.00
[ 690s ] thds: 400 tps: 7525.25 qps: 150425.78 (r/w/o: 105261.66/30120.22/15043.91) lat (ms,95%): 94.10 err/s: 0.00 reconn/s: 0.00
[ 700s ] thds: 400 tps: 7751.69 qps: 155042.30 (r/w/o: 108533.96/30997.86/15510.48) lat (ms,95%): 92.42 err/s: 0.00 reconn/s: 0.00
[ 710s ] thds: 400 tps: 9696.93 qps: 193898.55 (r/w/o: 135749.78/38761.71/19387.05) lat (ms,95%): 57.87 err/s: 0.10 reconn/s: 0.00
[ 720s ] thds: 400 tps: 9828.43 qps: 196715.31 (r/w/o: 137716.93/39334.22/19664.16) lat (ms,95%): 54.83 err/s: 0.20 reconn/s: 0.00
[ 730s ] thds: 400 tps: 9648.77 qps: 192901.38 (r/w/o: 135046.84/38557.10/19297.45) lat (ms,95%): 62.19 err/s: 0.00 reconn/s: 0.00
[ 740s ] thds: 400 tps: 9794.18 qps: 195588.67 (r/w/o: 136842.60/39163.31/19582.76) lat (ms,95%): 56.84 err/s: 0.00 reconn/s: 0.00
[ 750s ] thds: 400 tps: 9482.60 qps: 189885.08 (r/w/o: 132950.45/37963.22/18971.41) lat (ms,95%): 65.65 err/s: 0.00 reconn/s: 0.00
[ 760s ] thds: 400 tps: 8873.33 qps: 177548.22 (r/w/o: 124342.13/35459.42/17746.66) lat (ms,95%): 82.96 err/s: 0.00 reconn/s: 0.00
[ 770s ] thds: 400 tps: 8808.12 qps: 176084.69 (r/w/o: 123225.44/35243.00/17616.25) lat (ms,95%): 86.00 err/s: 0.00 reconn/s: 0.00
[ 780s ] thds: 400 tps: 9160.75 qps: 183133.33 (r/w/o: 128173.25/36638.69/18321.39) lat (ms,95%): 77.19 err/s: 0.00 reconn/s: 0.00
[ 790s ] thds: 400 tps: 8133.82 qps: 162779.83 (r/w/o: 113943.83/32568.27/16267.73) lat (ms,95%): 99.33 err/s: 0.00 reconn/s: 0.00
[ 800s ] thds: 400 tps: 7522.40 qps: 150536.18 (r/w/o: 105379.16/30112.42/15044.61) lat (ms,95%): 106.75 err/s: 0.00 reconn/s: 0.00
[ 810s ] thds: 400 tps: 7785.98 qps: 155533.66 (r/w/o: 108843.69/31126.71/15563.26) lat (ms,95%): 102.97 err/s: 0.00 reconn/s: 0.00
[ 820s ] thds: 400 tps: 7853.21 qps: 157068.27 (r/w/o: 109961.42/31391.23/15715.62) lat (ms,95%): 108.68 err/s: 0.10 reconn/s: 0.00
[ 830s ] thds: 400 tps: 8168.83 qps: 163489.93 (r/w/o: 114458.27/32694.01/16337.65) lat (ms,95%): 102.97 err/s: 0.00 reconn/s: 0.00
[ 840s ] thds: 400 tps: 7299.70 qps: 146223.72 (r/w/o: 102342.41/29282.00/14599.30) lat (ms,95%): 106.75 err/s: 0.00 reconn/s: 0.00
SQL statistics:
    queries performed:
        read:                            102555236
        write:                           29301404
        other:                           14650788
        total:                           146507428
    transactions:                        7325348 (8714.00 per sec.)
    queries:                             146507428 (174280.65 per sec.)
    ignored errors:                      26     (0.03 per sec.)
    reconnects:                          0      (0.00 per sec.)

General statistics:
    total time:                          840.6398s
    total number of events:              7325348

Latency (ms):
         min:                                   19.52
         avg:                                   45.87
         max:                                  931.46
         95th percentile:                       87.56
         sum:                            336019189.33

Threads fairness:
    events (avg/stddev):           18313.3700/477.79
    execution time (avg/stddev):   840.0480/0.09

