sysbench 1.0.20-ebf1c90 (using bundled LuaJIT 2.1.0-beta2)

Running the test with following options:
Number of threads: 400
Report intermediate results every 10 second(s)
Initializing random number generator from current time


Initializing worker threads...

Threads started!

[ 10s ] thds: 400 tps: 5564.41 qps: 111853.38 (r/w/o: 78377.13/22307.33/11168.91) lat (ms,95%): 215.44 err/s: 0.00 reconn/s: 0.00
[ 20s ] thds: 400 tps: 8025.44 qps: 160324.35 (r/w/o: 112214.10/32058.97/16051.29) lat (ms,95%): 155.80 err/s: 0.20 reconn/s: 0.00
[ 30s ] thds: 400 tps: 8657.85 qps: 173452.34 (r/w/o: 121412.76/34723.89/17315.69) lat (ms,95%): 114.72 err/s: 0.00 reconn/s: 0.00
[ 40s ] thds: 400 tps: 9138.18 qps: 182504.65 (r/w/o: 127745.19/36483.91/18275.56) lat (ms,95%): 71.83 err/s: 0.10 reconn/s: 0.00
[ 50s ] thds: 400 tps: 9205.24 qps: 184049.59 (r/w/o: 128834.52/36804.08/18410.99) lat (ms,95%): 66.84 err/s: 0.00 reconn/s: 0.00
[ 60s ] thds: 400 tps: 9692.52 qps: 193785.12 (r/w/o: 135636.83/38762.47/19385.83) lat (ms,95%): 55.82 err/s: 0.10 reconn/s: 0.00
[ 70s ] thds: 400 tps: 9307.31 qps: 186419.87 (r/w/o: 130510.42/37294.83/18614.62) lat (ms,95%): 66.84 err/s: 0.00 reconn/s: 0.00
[ 80s ] thds: 400 tps: 9776.31 qps: 195525.91 (r/w/o: 136917.67/39055.62/19552.61) lat (ms,95%): 53.85 err/s: 0.00 reconn/s: 0.00
[ 90s ] thds: 400 tps: 8980.02 qps: 179334.01 (r/w/o: 125456.12/35917.66/17960.23) lat (ms,95%): 84.47 err/s: 0.10 reconn/s: 0.00
[ 100s ] thds: 400 tps: 9792.39 qps: 196110.98 (r/w/o: 137314.15/39211.86/19584.98) lat (ms,95%): 54.83 err/s: 0.00 reconn/s: 0.00
[ 110s ] thds: 400 tps: 7043.51 qps: 140825.15 (r/w/o: 98603.98/28134.35/14086.83) lat (ms,95%): 130.13 err/s: 0.00 reconn/s: 0.00
[ 120s ] thds: 400 tps: 5859.70 qps: 117187.67 (r/w/o: 82005.18/23463.79/11718.70) lat (ms,95%): 147.61 err/s: 0.00 reconn/s: 0.00
[ 130s ] thds: 400 tps: 6566.35 qps: 131395.23 (r/w/o: 91965.35/26297.49/13132.39) lat (ms,95%): 123.28 err/s: 0.00 reconn/s: 0.00
[ 140s ] thds: 400 tps: 9249.07 qps: 184845.90 (r/w/o: 129391.68/36957.58/18496.64) lat (ms,95%): 66.84 err/s: 0.10 reconn/s: 0.00
[ 150s ] thds: 400 tps: 9542.71 qps: 190991.43 (r/w/o: 133719.86/38183.65/19087.92) lat (ms,95%): 62.19 err/s: 0.00 reconn/s: 0.00
[ 160s ] thds: 400 tps: 9375.85 qps: 187339.44 (r/w/o: 131126.96/37460.09/18752.39) lat (ms,95%): 66.84 err/s: 0.00 reconn/s: 0.00
[ 170s ] thds: 400 tps: 9654.12 qps: 193231.58 (r/w/o: 135223.66/38699.58/19308.34) lat (ms,95%): 55.82 err/s: 0.00 reconn/s: 0.00
[ 180s ] thds: 400 tps: 9569.70 qps: 191231.66 (r/w/o: 133905.34/38186.71/19139.61) lat (ms,95%): 63.32 err/s: 0.00 reconn/s: 0.00
[ 190s ] thds: 400 tps: 10022.89 qps: 200646.09 (r/w/o: 140465.22/40135.38/20045.49) lat (ms,95%): 51.94 err/s: 0.00 reconn/s: 0.00
[ 200s ] thds: 400 tps: 9367.65 qps: 187187.64 (r/w/o: 130975.63/37482.51/18729.50) lat (ms,95%): 70.55 err/s: 0.00 reconn/s: 0.00
[ 210s ] thds: 400 tps: 9800.78 qps: 196025.28 (r/w/o: 137267.20/39150.22/19607.86) lat (ms,95%): 52.89 err/s: 0.10 reconn/s: 0.00
[ 220s ] thds: 400 tps: 8026.80 qps: 160627.15 (r/w/o: 112409.34/32164.11/16053.71) lat (ms,95%): 102.97 err/s: 0.00 reconn/s: 0.00
[ 230s ] thds: 400 tps: 7201.87 qps: 144268.76 (r/w/o: 100976.72/28888.19/14403.85) lat (ms,95%): 104.84 err/s: 0.00 reconn/s: 0.00
[ 240s ] thds: 400 tps: 6868.71 qps: 137351.86 (r/w/o: 96151.08/27463.05/13737.73) lat (ms,95%): 112.67 err/s: 0.10 reconn/s: 0.00
[ 250s ] thds: 400 tps: 8417.86 qps: 167994.66 (r/w/o: 117595.31/33563.73/16835.62) lat (ms,95%): 84.47 err/s: 0.10 reconn/s: 0.00
[ 260s ] thds: 400 tps: 9627.85 qps: 192508.11 (r/w/o: 134750.11/38502.70/19255.30) lat (ms,95%): 58.92 err/s: 0.00 reconn/s: 0.00
[ 270s ] thds: 400 tps: 9165.42 qps: 183201.52 (r/w/o: 128212.92/36660.96/18327.63) lat (ms,95%): 71.83 err/s: 0.00 reconn/s: 0.00
[ 280s ] thds: 400 tps: 9906.74 qps: 198233.86 (r/w/o: 138798.63/39618.05/19817.18) lat (ms,95%): 51.94 err/s: 0.00 reconn/s: 0.00
[ 290s ] thds: 400 tps: 9487.04 qps: 189974.47 (r/w/o: 132984.51/38015.57/18974.39) lat (ms,95%): 63.32 err/s: 0.00 reconn/s: 0.00
[ 300s ] thds: 400 tps: 10026.48 qps: 200437.10 (r/w/o: 140347.72/40036.12/20053.26) lat (ms,95%): 51.02 err/s: 0.10 reconn/s: 0.00
[ 310s ] thds: 400 tps: 9408.16 qps: 188068.49 (r/w/o: 131612.10/37642.06/18814.33) lat (ms,95%): 71.83 err/s: 0.00 reconn/s: 0.00
[ 320s ] thds: 400 tps: 9630.26 qps: 192808.34 (r/w/o: 134962.07/38583.65/19262.62) lat (ms,95%): 57.87 err/s: 0.00 reconn/s: 0.00
[ 330s ] thds: 400 tps: 8231.53 qps: 164764.01 (r/w/o: 115349.53/32951.42/16463.06) lat (ms,95%): 95.81 err/s: 0.00 reconn/s: 0.00
[ 340s ] thds: 400 tps: 7361.32 qps: 147035.39 (r/w/o: 102912.67/29402.48/14720.24) lat (ms,95%): 104.84 err/s: 0.00 reconn/s: 0.00
[ 350s ] thds: 400 tps: 7499.74 qps: 150163.23 (r/w/o: 105115.18/30046.17/15001.88) lat (ms,95%): 97.55 err/s: 0.00 reconn/s: 0.00
[ 360s ] thds: 400 tps: 7986.50 qps: 159566.71 (r/w/o: 111732.24/31861.18/15973.29) lat (ms,95%): 92.42 err/s: 0.10 reconn/s: 0.00
[ 370s ] thds: 400 tps: 9300.00 qps: 186219.24 (r/w/o: 130309.16/37311.29/18598.79) lat (ms,95%): 70.55 err/s: 0.10 reconn/s: 0.00
[ 380s ] thds: 400 tps: 9650.30 qps: 192939.31 (r/w/o: 135073.83/38563.08/19302.39) lat (ms,95%): 52.89 err/s: 0.10 reconn/s: 0.00
[ 390s ] thds: 400 tps: 9448.61 qps: 188498.54 (r/w/o: 131889.00/37714.43/18895.11) lat (ms,95%): 69.29 err/s: 0.10 reconn/s: 0.00
[ 400s ] thds: 400 tps: 8772.69 qps: 175813.16 (r/w/o: 123157.83/35107.65/17547.68) lat (ms,95%): 87.56 err/s: 0.00 reconn/s: 0.00
[ 410s ] thds: 400 tps: 8518.07 qps: 170324.74 (r/w/o: 119223.64/34064.87/17036.23) lat (ms,95%): 94.10 err/s: 0.00 reconn/s: 0.00
[ 420s ] thds: 400 tps: 8062.04 qps: 161390.19 (r/w/o: 112958.82/32307.58/16123.79) lat (ms,95%): 97.55 err/s: 0.00 reconn/s: 0.00
[ 430s ] thds: 400 tps: 7907.16 qps: 157982.40 (r/w/o: 110545.94/31629.64/15806.82) lat (ms,95%): 102.97 err/s: 0.00 reconn/s: 0.00
[ 440s ] thds: 400 tps: 8322.16 qps: 166465.33 (r/w/o: 116592.66/33220.55/16652.12) lat (ms,95%): 92.42 err/s: 0.00 reconn/s: 0.00
[ 450s ] thds: 400 tps: 8256.19 qps: 165041.09 (r/w/o: 115501.32/33027.98/16511.79) lat (ms,95%): 87.56 err/s: 0.10 reconn/s: 0.00
[ 460s ] thds: 400 tps: 7315.26 qps: 146387.16 (r/w/o: 102472.71/29283.03/14631.42) lat (ms,95%): 108.68 err/s: 0.00 reconn/s: 0.00
[ 470s ] thds: 400 tps: 7685.99 qps: 153557.87 (r/w/o: 107459.24/30727.75/15370.88) lat (ms,95%): 95.81 err/s: 0.00 reconn/s: 0.00
[ 480s ] thds: 400 tps: 8628.27 qps: 172840.34 (r/w/o: 120990.40/34598.99/17250.94) lat (ms,95%): 81.48 err/s: 0.00 reconn/s: 0.00
[ 490s ] thds: 400 tps: 9895.73 qps: 197917.74 (r/w/o: 138581.78/39537.81/19798.15) lat (ms,95%): 53.85 err/s: 0.00 reconn/s: 0.00
[ 500s ] thds: 400 tps: 9765.27 qps: 195110.39 (r/w/o: 136560.14/39019.50/19530.75) lat (ms,95%): 57.87 err/s: 0.10 reconn/s: 0.00
[ 510s ] thds: 400 tps: 9587.78 qps: 191635.80 (r/w/o: 134124.65/38336.50/19174.65) lat (ms,95%): 61.08 err/s: 0.30 reconn/s: 0.00
[ 520s ] thds: 400 tps: 9766.35 qps: 195564.85 (r/w/o: 136941.04/39089.31/19534.51) lat (ms,95%): 55.82 err/s: 0.00 reconn/s: 0.00
[ 530s ] thds: 400 tps: 9902.97 qps: 198084.23 (r/w/o: 138655.30/39622.79/19806.14) lat (ms,95%): 54.83 err/s: 0.10 reconn/s: 0.00
[ 540s ] thds: 400 tps: 8920.49 qps: 178273.84 (r/w/o: 124770.29/35666.07/17837.48) lat (ms,95%): 84.47 err/s: 0.10 reconn/s: 0.00
[ 550s ] thds: 400 tps: 8751.90 qps: 175172.52 (r/w/o: 122632.54/35032.38/17507.59) lat (ms,95%): 86.00 err/s: 0.00 reconn/s: 0.00
[ 560s ] thds: 400 tps: 8310.06 qps: 166336.84 (r/w/o: 116415.97/33300.75/16620.12) lat (ms,95%): 89.16 err/s: 0.00 reconn/s: 0.00
[ 570s ] thds: 400 tps: 7566.13 qps: 151106.84 (r/w/o: 105794.95/30179.43/15132.46) lat (ms,95%): 97.55 err/s: 0.00 reconn/s: 0.00
[ 580s ] thds: 400 tps: 7544.55 qps: 151063.12 (r/w/o: 105747.41/30226.40/15089.30) lat (ms,95%): 97.55 err/s: 0.10 reconn/s: 0.00
[ 590s ] thds: 400 tps: 8107.46 qps: 162221.25 (r/w/o: 113532.61/32473.73/16214.92) lat (ms,95%): 90.78 err/s: 0.00 reconn/s: 0.00
[ 600s ] thds: 400 tps: 9832.30 qps: 196305.05 (r/w/o: 137415.86/39224.49/19664.69) lat (ms,95%): 55.82 err/s: 0.00 reconn/s: 0.00
[ 610s ] thds: 400 tps: 9744.40 qps: 195062.95 (r/w/o: 136569.44/39004.71/19488.81) lat (ms,95%): 57.87 err/s: 0.00 reconn/s: 0.00
[ 620s ] thds: 400 tps: 9772.30 qps: 195409.39 (r/w/o: 136754.37/39110.32/19544.71) lat (ms,95%): 54.83 err/s: 0.00 reconn/s: 0.00
[ 630s ] thds: 400 tps: 9675.98 qps: 193545.82 (r/w/o: 135488.53/38707.82/19349.46) lat (ms,95%): 59.99 err/s: 0.10 reconn/s: 0.00
[ 640s ] thds: 400 tps: 9692.50 qps: 193972.09 (r/w/o: 135781.46/38802.72/19387.91) lat (ms,95%): 58.92 err/s: 0.10 reconn/s: 0.00
[ 650s ] thds: 400 tps: 9115.69 qps: 182294.43 (r/w/o: 127594.91/36468.15/18231.37) lat (ms,95%): 80.03 err/s: 0.10 reconn/s: 0.00
[ 660s ] thds: 400 tps: 8903.21 qps: 177756.26 (r/w/o: 124428.51/35521.43/17806.32) lat (ms,95%): 86.00 err/s: 0.10 reconn/s: 0.00
[ 670s ] thds: 400 tps: 8023.22 qps: 160799.06 (r/w/o: 112590.52/32161.39/16047.15) lat (ms,95%): 94.10 err/s: 0.00 reconn/s: 0.00
[ 680s ] thds: 400 tps: 7644.43 qps: 152560.32 (r/w/o: 106771.96/30502.00/15286.35) lat (ms,95%): 95.81 err/s: 0.00 reconn/s: 0.00
[ 690s ] thds: 400 tps: 7517.75 qps: 150442.11 (r/w/o: 105328.04/30077.08/15036.99) lat (ms,95%): 94.10 err/s: 0.00 reconn/s: 0.00
[ 700s ] thds: 400 tps: 7773.05 qps: 155351.45 (r/w/o: 108711.67/31092.69/15547.10) lat (ms,95%): 90.78 err/s: 0.00 reconn/s: 0.00
[ 710s ] thds: 400 tps: 9616.28 qps: 192325.01 (r/w/o: 134624.66/38467.60/19232.75) lat (ms,95%): 57.87 err/s: 0.00 reconn/s: 0.00
[ 720s ] thds: 400 tps: 9817.65 qps: 196459.31 (r/w/o: 137539.93/39285.38/19633.99) lat (ms,95%): 54.83 err/s: 0.10 reconn/s: 0.00
[ 730s ] thds: 400 tps: 9586.75 qps: 192004.75 (r/w/o: 134400.27/38429.49/19175.00) lat (ms,95%): 62.19 err/s: 0.00 reconn/s: 0.00
[ 740s ] thds: 400 tps: 9818.99 qps: 196035.41 (r/w/o: 137223.57/39173.86/19637.98) lat (ms,95%): 56.84 err/s: 0.10 reconn/s: 0.00
[ 750s ] thds: 400 tps: 9470.79 qps: 189601.75 (r/w/o: 132731.13/37929.25/18941.38) lat (ms,95%): 65.65 err/s: 0.00 reconn/s: 0.00
[ 760s ] thds: 400 tps: 8868.50 qps: 177517.93 (r/w/o: 124261.85/35518.59/17737.49) lat (ms,95%): 82.96 err/s: 0.00 reconn/s: 0.00
[ 770s ] thds: 400 tps: 8812.49 qps: 176223.73 (r/w/o: 123378.38/35220.27/17625.08) lat (ms,95%): 86.00 err/s: 0.00 reconn/s: 0.00
[ 780s ] thds: 400 tps: 9167.60 qps: 183226.83 (r/w/o: 128240.32/36651.31/18335.20) lat (ms,95%): 77.19 err/s: 0.00 reconn/s: 0.00
[ 790s ] thds: 400 tps: 8168.22 qps: 163251.71 (r/w/o: 114285.62/32630.06/16336.03) lat (ms,95%): 99.33 err/s: 0.00 reconn/s: 0.00
[ 800s ] thds: 400 tps: 7542.17 qps: 150825.76 (r/w/o: 105561.55/30180.57/15083.64) lat (ms,95%): 106.75 err/s: 0.00 reconn/s: 0.00
[ 810s ] thds: 400 tps: 7761.83 qps: 155363.38 (r/w/o: 108746.68/31093.94/15522.77) lat (ms,95%): 102.97 err/s: 0.00 reconn/s: 0.00
[ 820s ] thds: 400 tps: 7838.90 qps: 156709.65 (r/w/o: 109737.36/31292.09/15680.19) lat (ms,95%): 108.68 err/s: 0.10 reconn/s: 0.00
[ 830s ] thds: 400 tps: 8226.29 qps: 164431.48 (r/w/o: 115040.72/32937.98/16452.79) lat (ms,95%): 101.13 err/s: 0.10 reconn/s: 0.00
[ 840s ] thds: 400 tps: 7315.70 qps: 146509.86 (r/w/o: 102583.64/29298.41/14627.81) lat (ms,95%): 106.75 err/s: 0.00 reconn/s: 0.00
SQL statistics:
    queries performed:
        read:                            102588332
        write:                           29310855
        other:                           14655513
        total:                           146554700
    transactions:                        7327708 (8717.12 per sec.)
    queries:                             146554700 (174343.13 per sec.)
    ignored errors:                      30     (0.04 per sec.)
    reconnects:                          0      (0.00 per sec.)

General statistics:
    total time:                          840.6097s
    total number of events:              7327708

Latency (ms):
         min:                                   19.70
         avg:                                   45.86
         max:                                  950.36
         95th percentile:                       87.56
         sum:                            336021054.65

Threads fairness:
    events (avg/stddev):           18319.2700/433.88
    execution time (avg/stddev):   840.0526/0.08

