sysbench 1.0.20-ebf1c90 (using bundled LuaJIT 2.1.0-beta2)

Running the test with following options:
Number of threads: 400
Report intermediate results every 10 second(s)
Initializing random number generator from current time


Initializing worker threads...

Threads started!

[ 10s ] thds: 400 tps: 5564.48 qps: 111944.22 (r/w/o: 78446.55/22328.71/11168.95) lat (ms,95%): 215.44 err/s: 0.00 reconn/s: 0.00
[ 20s ] thds: 400 tps: 8009.85 qps: 160043.11 (r/w/o: 112040.64/31982.38/16020.09) lat (ms,95%): 158.63 err/s: 0.10 reconn/s: 0.00
[ 30s ] thds: 400 tps: 8640.77 qps: 172661.49 (r/w/o: 120790.84/34598.70/17271.95) lat (ms,95%): 123.28 err/s: 0.00 reconn/s: 0.00
[ 40s ] thds: 400 tps: 9154.05 qps: 183182.25 (r/w/o: 128269.76/36598.09/18314.39) lat (ms,95%): 70.55 err/s: 0.10 reconn/s: 0.00
[ 50s ] thds: 400 tps: 9213.27 qps: 184318.10 (r/w/o: 129030.65/36857.90/18429.55) lat (ms,95%): 66.84 err/s: 0.00 reconn/s: 0.00
[ 60s ] thds: 400 tps: 9755.61 qps: 195049.33 (r/w/o: 136547.66/38989.75/19511.92) lat (ms,95%): 55.82 err/s: 0.00 reconn/s: 0.00
[ 70s ] thds: 400 tps: 9363.37 qps: 187193.41 (r/w/o: 130986.18/37480.48/18726.74) lat (ms,95%): 66.84 err/s: 0.00 reconn/s: 0.00
[ 80s ] thds: 400 tps: 9780.04 qps: 195743.94 (r/w/o: 137060.62/39127.95/19555.37) lat (ms,95%): 53.85 err/s: 0.00 reconn/s: 0.00
[ 90s ] thds: 400 tps: 8968.41 qps: 179224.75 (r/w/o: 125429.01/35855.73/17940.02) lat (ms,95%): 82.96 err/s: 0.00 reconn/s: 0.00
[ 100s ] thds: 400 tps: 9790.16 qps: 196105.63 (r/w/o: 137276.89/39246.73/19582.01) lat (ms,95%): 54.83 err/s: 0.00 reconn/s: 0.00
[ 110s ] thds: 400 tps: 7086.94 qps: 141640.92 (r/w/o: 99167.08/28299.96/14173.88) lat (ms,95%): 130.13 err/s: 0.00 reconn/s: 0.00
[ 120s ] thds: 400 tps: 5816.98 qps: 116325.26 (r/w/o: 81422.49/23269.71/11633.06) lat (ms,95%): 147.61 err/s: 0.00 reconn/s: 0.00
[ 130s ] thds: 400 tps: 6546.80 qps: 130875.99 (r/w/o: 91606.70/26179.70/13089.60) lat (ms,95%): 125.52 err/s: 0.10 reconn/s: 0.00
[ 140s ] thds: 400 tps: 9247.38 qps: 184904.42 (r/w/o: 129425.73/36979.42/18499.26) lat (ms,95%): 65.65 err/s: 0.00 reconn/s: 0.00
[ 150s ] thds: 400 tps: 9549.33 qps: 191023.03 (r/w/o: 133719.37/38205.01/19098.65) lat (ms,95%): 62.19 err/s: 0.00 reconn/s: 0.00
[ 160s ] thds: 400 tps: 9399.60 qps: 188055.93 (r/w/o: 131665.12/37590.71/18800.10) lat (ms,95%): 68.05 err/s: 0.00 reconn/s: 0.00
[ 170s ] thds: 400 tps: 9678.30 qps: 193632.36 (r/w/o: 135513.08/38764.09/19355.20) lat (ms,95%): 55.82 err/s: 0.00 reconn/s: 0.00
[ 180s ] thds: 400 tps: 9517.20 qps: 190270.17 (r/w/o: 133222.98/38011.29/19035.90) lat (ms,95%): 63.32 err/s: 0.00 reconn/s: 0.00
[ 190s ] thds: 400 tps: 10017.90 qps: 200460.43 (r/w/o: 140309.75/40114.69/20035.99) lat (ms,95%): 51.94 err/s: 0.10 reconn/s: 0.00
[ 200s ] thds: 400 tps: 9394.53 qps: 187566.24 (r/w/o: 131269.88/37507.21/18789.15) lat (ms,95%): 70.55 err/s: 0.00 reconn/s: 0.00
[ 210s ] thds: 400 tps: 9840.09 qps: 197023.74 (r/w/o: 137970.92/39373.35/19679.47) lat (ms,95%): 52.89 err/s: 0.00 reconn/s: 0.00
[ 220s ] thds: 400 tps: 7992.10 qps: 159675.18 (r/w/o: 111725.29/31965.30/15984.60) lat (ms,95%): 102.97 err/s: 0.00 reconn/s: 0.00
[ 230s ] thds: 400 tps: 7190.31 qps: 143593.91 (r/w/o: 100458.28/28761.12/14374.51) lat (ms,95%): 104.84 err/s: 0.00 reconn/s: 0.00
[ 240s ] thds: 400 tps: 6844.53 qps: 137379.92 (r/w/o: 96201.64/27487.92/13690.36) lat (ms,95%): 114.72 err/s: 0.00 reconn/s: 0.00
[ 250s ] thds: 400 tps: 8452.05 qps: 168770.13 (r/w/o: 118168.82/33691.81/16909.50) lat (ms,95%): 84.47 err/s: 0.00 reconn/s: 0.00
[ 260s ] thds: 400 tps: 9616.82 qps: 192383.73 (r/w/o: 134680.23/38469.87/19233.63) lat (ms,95%): 58.92 err/s: 0.00 reconn/s: 0.00
[ 270s ] thds: 400 tps: 9154.19 qps: 182979.79 (r/w/o: 128067.52/36604.48/18307.79) lat (ms,95%): 71.83 err/s: 0.00 reconn/s: 0.00
[ 280s ] thds: 400 tps: 9931.83 qps: 198765.69 (r/w/o: 139174.81/39726.62/19864.26) lat (ms,95%): 51.94 err/s: 0.00 reconn/s: 0.00
[ 290s ] thds: 400 tps: 9509.86 qps: 190197.62 (r/w/o: 133079.36/38104.35/19013.92) lat (ms,95%): 63.32 err/s: 0.10 reconn/s: 0.00
[ 300s ] thds: 400 tps: 10070.53 qps: 201477.78 (r/w/o: 141104.88/40225.84/20147.07) lat (ms,95%): 51.02 err/s: 0.00 reconn/s: 0.00
[ 310s ] thds: 400 tps: 9377.25 qps: 187493.67 (r/w/o: 131200.28/37538.79/18754.60) lat (ms,95%): 71.83 err/s: 0.00 reconn/s: 0.00
[ 320s ] thds: 400 tps: 9614.73 qps: 192295.62 (r/w/o: 134595.66/38470.50/19229.45) lat (ms,95%): 57.87 err/s: 0.00 reconn/s: 0.00
[ 330s ] thds: 400 tps: 8237.85 qps: 164664.75 (r/w/o: 115238.24/32955.11/16471.41) lat (ms,95%): 95.81 err/s: 0.00 reconn/s: 0.00
[ 340s ] thds: 400 tps: 7334.40 qps: 146797.38 (r/w/o: 102799.26/29326.72/14671.41) lat (ms,95%): 104.84 err/s: 0.10 reconn/s: 0.00
[ 350s ] thds: 400 tps: 7521.33 qps: 150274.11 (r/w/o: 105161.25/30070.40/15042.45) lat (ms,95%): 97.55 err/s: 0.00 reconn/s: 0.00
[ 360s ] thds: 400 tps: 7947.16 qps: 159190.90 (r/w/o: 111502.21/31792.06/15896.63) lat (ms,95%): 92.42 err/s: 0.00 reconn/s: 0.00
[ 370s ] thds: 400 tps: 9318.95 qps: 186103.61 (r/w/o: 130184.41/37282.80/18636.40) lat (ms,95%): 69.29 err/s: 0.00 reconn/s: 0.00
[ 380s ] thds: 400 tps: 9667.66 qps: 193577.08 (r/w/o: 135533.73/38705.94/19337.42) lat (ms,95%): 52.89 err/s: 0.20 reconn/s: 0.00
[ 390s ] thds: 400 tps: 9454.35 qps: 188868.88 (r/w/o: 132215.28/37744.90/18908.70) lat (ms,95%): 69.29 err/s: 0.00 reconn/s: 0.00
[ 400s ] thds: 400 tps: 8786.27 qps: 176004.56 (r/w/o: 123226.75/35205.97/17571.84) lat (ms,95%): 87.56 err/s: 0.00 reconn/s: 0.00
[ 410s ] thds: 400 tps: 8540.57 qps: 170764.66 (r/w/o: 119554.42/34130.29/17079.95) lat (ms,95%): 94.10 err/s: 0.00 reconn/s: 0.00
[ 420s ] thds: 400 tps: 8018.70 qps: 160500.46 (r/w/o: 112321.47/32139.49/16039.50) lat (ms,95%): 97.55 err/s: 0.20 reconn/s: 0.00
[ 430s ] thds: 400 tps: 7941.90 qps: 158597.68 (r/w/o: 110986.79/31733.40/15877.50) lat (ms,95%): 102.97 err/s: 0.00 reconn/s: 0.00
[ 440s ] thds: 400 tps: 8265.08 qps: 165496.66 (r/w/o: 115906.79/33053.11/16536.76) lat (ms,95%): 92.42 err/s: 0.00 reconn/s: 0.00
[ 450s ] thds: 400 tps: 8260.87 qps: 165039.04 (r/w/o: 115520.91/32996.89/16521.24) lat (ms,95%): 87.56 err/s: 0.00 reconn/s: 0.00
[ 460s ] thds: 400 tps: 7285.12 qps: 145904.69 (r/w/o: 102114.57/29219.38/14570.74) lat (ms,95%): 108.68 err/s: 0.00 reconn/s: 0.00
[ 470s ] thds: 400 tps: 7649.86 qps: 152811.70 (r/w/o: 106980.17/30531.72/15299.81) lat (ms,95%): 95.81 err/s: 0.00 reconn/s: 0.00
[ 480s ] thds: 400 tps: 8673.95 qps: 173260.88 (r/w/o: 121218.35/34695.31/17347.21) lat (ms,95%): 81.48 err/s: 0.00 reconn/s: 0.00
[ 490s ] thds: 400 tps: 9877.92 qps: 198000.01 (r/w/o: 138662.21/39581.16/19756.63) lat (ms,95%): 53.85 err/s: 0.00 reconn/s: 0.00
[ 500s ] thds: 400 tps: 9757.84 qps: 194957.81 (r/w/o: 136469.60/38972.34/19515.87) lat (ms,95%): 57.87 err/s: 0.00 reconn/s: 0.00
[ 510s ] thds: 400 tps: 9632.69 qps: 192569.98 (r/w/o: 134782.35/38522.16/19265.48) lat (ms,95%): 61.08 err/s: 0.00 reconn/s: 0.00
[ 520s ] thds: 400 tps: 9757.42 qps: 195297.83 (r/w/o: 136725.03/39057.97/19514.83) lat (ms,95%): 56.84 err/s: 0.00 reconn/s: 0.00
[ 530s ] thds: 400 tps: 9911.58 qps: 198355.04 (r/w/o: 138847.28/39684.61/19823.15) lat (ms,95%): 53.85 err/s: 0.00 reconn/s: 0.00
[ 540s ] thds: 400 tps: 8961.15 qps: 179030.16 (r/w/o: 125310.47/35799.39/17920.30) lat (ms,95%): 82.96 err/s: 0.00 reconn/s: 0.00
[ 550s ] thds: 400 tps: 8773.94 qps: 175655.11 (r/w/o: 122956.66/35148.16/17550.28) lat (ms,95%): 86.00 err/s: 0.20 reconn/s: 0.00
[ 560s ] thds: 400 tps: 8336.88 qps: 166409.36 (r/w/o: 116442.39/33298.81/16668.16) lat (ms,95%): 89.16 err/s: 0.00 reconn/s: 0.00
[ 570s ] thds: 400 tps: 7553.34 qps: 151314.85 (r/w/o: 106000.03/30202.55/15112.28) lat (ms,95%): 97.55 err/s: 0.00 reconn/s: 0.00
[ 580s ] thds: 400 tps: 7557.86 qps: 151266.29 (r/w/o: 105857.50/30293.06/15115.73) lat (ms,95%): 97.55 err/s: 0.00 reconn/s: 0.00
[ 590s ] thds: 400 tps: 8182.38 qps: 163252.77 (r/w/o: 114224.87/32670.73/16357.17) lat (ms,95%): 90.78 err/s: 0.10 reconn/s: 0.00
[ 600s ] thds: 400 tps: 9769.70 qps: 195595.96 (r/w/o: 136981.77/39066.49/19547.70) lat (ms,95%): 56.84 err/s: 0.20 reconn/s: 0.00
[ 610s ] thds: 400 tps: 9718.94 qps: 194497.74 (r/w/o: 136132.89/38926.87/19437.98) lat (ms,95%): 57.87 err/s: 0.00 reconn/s: 0.00
[ 620s ] thds: 400 tps: 9769.38 qps: 195305.63 (r/w/o: 136724.47/39042.31/19538.85) lat (ms,95%): 54.83 err/s: 0.00 reconn/s: 0.00
[ 630s ] thds: 400 tps: 9688.95 qps: 193664.79 (r/w/o: 135536.26/38750.52/19378.01) lat (ms,95%): 59.99 err/s: 0.00 reconn/s: 0.00
[ 640s ] thds: 400 tps: 9689.83 qps: 193706.25 (r/w/o: 135564.69/38771.51/19370.06) lat (ms,95%): 58.92 err/s: 0.00 reconn/s: 0.00
[ 650s ] thds: 400 tps: 9082.52 qps: 182017.21 (r/w/o: 127442.68/36399.78/18174.74) lat (ms,95%): 80.03 err/s: 0.00 reconn/s: 0.00
[ 660s ] thds: 400 tps: 8934.75 qps: 178408.24 (r/w/o: 124914.03/35625.21/17869.00) lat (ms,95%): 86.00 err/s: 0.00 reconn/s: 0.00
[ 670s ] thds: 400 tps: 8041.44 qps: 160781.64 (r/w/o: 112500.69/32207.37/16073.58) lat (ms,95%): 94.10 err/s: 0.00 reconn/s: 0.00
[ 680s ] thds: 400 tps: 7628.12 qps: 152606.06 (r/w/o: 106868.32/30472.89/15264.85) lat (ms,95%): 95.81 err/s: 0.00 reconn/s: 0.00
[ 690s ] thds: 400 tps: 7506.97 qps: 150325.01 (r/w/o: 105246.99/30062.58/15015.44) lat (ms,95%): 94.10 err/s: 0.00 reconn/s: 0.00
[ 700s ] thds: 400 tps: 7779.51 qps: 155423.34 (r/w/o: 108786.87/31078.95/15557.52) lat (ms,95%): 90.78 err/s: 0.10 reconn/s: 0.00
[ 710s ] thds: 400 tps: 9671.67 qps: 193443.25 (r/w/o: 135402.55/38695.47/19345.24) lat (ms,95%): 57.87 err/s: 0.10 reconn/s: 0.00
[ 720s ] thds: 400 tps: 9779.65 qps: 195663.76 (r/w/o: 136958.57/39147.09/19558.10) lat (ms,95%): 54.83 err/s: 0.00 reconn/s: 0.00
[ 730s ] thds: 400 tps: 9582.52 qps: 191429.91 (r/w/o: 133959.02/38304.96/19165.93) lat (ms,95%): 62.19 err/s: 0.00 reconn/s: 0.00
[ 740s ] thds: 400 tps: 9799.35 qps: 196243.79 (r/w/o: 137424.16/39220.42/19599.21) lat (ms,95%): 56.84 err/s: 0.00 reconn/s: 0.00
[ 750s ] thds: 400 tps: 9525.86 qps: 190519.19 (r/w/o: 133359.71/38108.06/19051.43) lat (ms,95%): 65.65 err/s: 0.00 reconn/s: 0.00
[ 760s ] thds: 400 tps: 8859.27 qps: 176936.28 (r/w/o: 123792.93/35434.40/17708.95) lat (ms,95%): 82.96 err/s: 0.00 reconn/s: 0.00
[ 770s ] thds: 400 tps: 8811.82 qps: 176379.61 (r/w/o: 123493.92/35251.76/17633.93) lat (ms,95%): 86.00 err/s: 0.10 reconn/s: 0.00
[ 780s ] thds: 400 tps: 9174.67 qps: 183716.69 (r/w/o: 128634.25/36732.70/18349.75) lat (ms,95%): 77.19 err/s: 0.10 reconn/s: 0.00
[ 790s ] thds: 400 tps: 8177.88 qps: 163387.40 (r/w/o: 114393.72/32638.02/16355.66) lat (ms,95%): 99.33 err/s: 0.00 reconn/s: 0.00
[ 800s ] thds: 400 tps: 7530.77 qps: 150637.79 (r/w/o: 105417.37/30159.08/15061.34) lat (ms,95%): 106.75 err/s: 0.00 reconn/s: 0.00
[ 810s ] thds: 400 tps: 7805.48 qps: 155955.60 (r/w/o: 109158.42/31188.72/15608.46) lat (ms,95%): 102.97 err/s: 0.00 reconn/s: 0.00
[ 820s ] thds: 400 tps: 7844.19 qps: 157083.78 (r/w/o: 110011.32/31380.98/15691.49) lat (ms,95%): 108.68 err/s: 0.10 reconn/s: 0.00
[ 830s ] thds: 400 tps: 8166.95 qps: 163184.09 (r/w/o: 114184.97/32665.02/16334.11) lat (ms,95%): 102.97 err/s: 0.10 reconn/s: 0.00
[ 840s ] thds: 400 tps: 7293.63 qps: 146014.60 (r/w/o: 102198.72/29231.62/14584.26) lat (ms,95%): 106.75 err/s: 0.00 reconn/s: 0.00
SQL statistics:
    queries performed:
        read:                            102616192
        write:                           29318830
        other:                           14659496
        total:                           146594518
    transactions:                        7329707 (8719.70 per sec.)
    queries:                             146594518 (174394.38 per sec.)
    ignored errors:                      21     (0.02 per sec.)
    reconnects:                          0      (0.00 per sec.)

General statistics:
    total time:                          840.5910s
    total number of events:              7329707

Latency (ms):
         min:                                   19.66
         avg:                                   45.84
         max:                                  930.64
         95th percentile:                       87.56
         sum:                            336027769.17

Threads fairness:
    events (avg/stddev):           18324.2675/467.68
    execution time (avg/stddev):   840.0694/0.09

