sysbench 1.0.20-ebf1c90 (using bundled LuaJIT 2.1.0-beta2)

Running the test with following options:
Number of threads: 400
Report intermediate results every 10 second(s)
Initializing random number generator from current time


Initializing worker threads...

Threads started!

[ 10s ] thds: 400 tps: 5564.92 qps: 111793.42 (r/w/o: 78308.32/22319.77/11165.33) lat (ms,95%): 215.44 err/s: 0.00 reconn/s: 0.00
[ 20s ] thds: 400 tps: 8002.48 qps: 159847.50 (r/w/o: 111858.82/31979.42/16009.26) lat (ms,95%): 155.80 err/s: 0.10 reconn/s: 0.00
[ 30s ] thds: 400 tps: 8653.49 qps: 173227.69 (r/w/o: 121315.96/34604.26/17307.48) lat (ms,95%): 116.80 err/s: 0.10 reconn/s: 0.00
[ 40s ] thds: 400 tps: 9101.07 qps: 182159.64 (r/w/o: 127528.04/36429.27/18202.33) lat (ms,95%): 71.83 err/s: 0.00 reconn/s: 0.00
[ 50s ] thds: 400 tps: 9211.12 qps: 184171.02 (r/w/o: 128934.09/36814.78/18422.14) lat (ms,95%): 66.84 err/s: 0.10 reconn/s: 0.00
[ 60s ] thds: 400 tps: 9719.46 qps: 194509.65 (r/w/o: 136120.98/38949.15/19439.53) lat (ms,95%): 55.82 err/s: 0.00 reconn/s: 0.00
[ 70s ] thds: 400 tps: 9338.42 qps: 186668.17 (r/w/o: 130669.26/37321.97/18676.94) lat (ms,95%): 68.05 err/s: 0.00 reconn/s: 0.00
[ 80s ] thds: 400 tps: 9821.51 qps: 196211.75 (r/w/o: 137329.17/39239.35/19643.22) lat (ms,95%): 53.85 err/s: 0.00 reconn/s: 0.00
[ 90s ] thds: 400 tps: 8933.58 qps: 178872.11 (r/w/o: 125235.85/35771.50/17864.75) lat (ms,95%): 84.47 err/s: 0.00 reconn/s: 0.00
[ 100s ] thds: 400 tps: 9843.63 qps: 196743.46 (r/w/o: 137688.66/39365.13/19689.67) lat (ms,95%): 53.85 err/s: 0.00 reconn/s: 0.00
[ 110s ] thds: 400 tps: 7027.66 qps: 140504.86 (r/w/o: 98353.21/28096.43/14055.22) lat (ms,95%): 132.49 err/s: 0.00 reconn/s: 0.00
[ 120s ] thds: 400 tps: 5793.92 qps: 116053.91 (r/w/o: 81249.22/23218.66/11586.03) lat (ms,95%): 150.29 err/s: 0.00 reconn/s: 0.00
[ 130s ] thds: 400 tps: 6509.50 qps: 130249.97 (r/w/o: 91189.58/26039.19/13021.20) lat (ms,95%): 125.52 err/s: 0.10 reconn/s: 0.00
[ 140s ] thds: 400 tps: 9193.08 qps: 183707.81 (r/w/o: 128607.32/36714.72/18385.76) lat (ms,95%): 66.84 err/s: 0.10 reconn/s: 0.00
[ 150s ] thds: 400 tps: 9590.91 qps: 191857.43 (r/w/o: 134317.96/38357.65/19181.82) lat (ms,95%): 62.19 err/s: 0.00 reconn/s: 0.00
[ 160s ] thds: 400 tps: 9374.32 qps: 187520.69 (r/w/o: 131206.54/37564.70/18749.45) lat (ms,95%): 66.84 err/s: 0.00 reconn/s: 0.00
[ 170s ] thds: 400 tps: 9654.50 qps: 193120.64 (r/w/o: 135220.66/38590.99/19308.99) lat (ms,95%): 55.82 err/s: 0.00 reconn/s: 0.00
[ 180s ] thds: 400 tps: 9565.80 qps: 191124.23 (r/w/o: 133728.25/38268.69/19127.29) lat (ms,95%): 62.19 err/s: 0.00 reconn/s: 0.00
[ 190s ] thds: 400 tps: 10025.51 qps: 200494.62 (r/w/o: 140377.28/40061.92/20055.41) lat (ms,95%): 51.94 err/s: 0.00 reconn/s: 0.00
[ 200s ] thds: 400 tps: 9375.30 qps: 187805.04 (r/w/o: 131493.03/37561.21/18750.80) lat (ms,95%): 70.55 err/s: 0.00 reconn/s: 0.00
[ 210s ] thds: 400 tps: 9875.48 qps: 197360.14 (r/w/o: 138109.25/39499.73/19751.16) lat (ms,95%): 52.89 err/s: 0.10 reconn/s: 0.00
[ 220s ] thds: 400 tps: 8015.59 qps: 160329.86 (r/w/o: 112252.81/32049.77/16027.29) lat (ms,95%): 102.97 err/s: 0.00 reconn/s: 0.00
[ 230s ] thds: 400 tps: 7197.49 qps: 143978.55 (r/w/o: 100803.20/28775.77/14399.59) lat (ms,95%): 104.84 err/s: 0.10 reconn/s: 0.00
[ 240s ] thds: 400 tps: 6826.40 qps: 136537.67 (r/w/o: 95558.38/27329.49/13649.80) lat (ms,95%): 114.72 err/s: 0.00 reconn/s: 0.00
[ 250s ] thds: 400 tps: 8391.86 qps: 167820.04 (r/w/o: 117482.90/33551.63/16785.51) lat (ms,95%): 84.47 err/s: 0.10 reconn/s: 0.00
[ 260s ] thds: 400 tps: 9609.34 qps: 192184.62 (r/w/o: 134525.60/38444.74/19214.27) lat (ms,95%): 58.92 err/s: 0.00 reconn/s: 0.00
[ 270s ] thds: 400 tps: 9172.32 qps: 183572.13 (r/w/o: 128498.83/36722.47/18350.83) lat (ms,95%): 71.83 err/s: 0.00 reconn/s: 0.00
[ 280s ] thds: 400 tps: 9925.78 qps: 198515.77 (r/w/o: 138970.57/39693.43/19851.77) lat (ms,95%): 51.94 err/s: 0.00 reconn/s: 0.00
[ 290s ] thds: 400 tps: 9485.99 qps: 189562.54 (r/w/o: 132699.49/37890.87/18972.18) lat (ms,95%): 64.47 err/s: 0.00 reconn/s: 0.00
[ 300s ] thds: 400 tps: 10014.07 qps: 200248.33 (r/w/o: 140125.90/40101.69/20020.74) lat (ms,95%): 51.02 err/s: 0.10 reconn/s: 0.00
[ 310s ] thds: 400 tps: 9435.11 qps: 188748.41 (r/w/o: 132128.35/37744.94/18875.12) lat (ms,95%): 71.83 err/s: 0.20 reconn/s: 0.00
[ 320s ] thds: 400 tps: 9576.59 qps: 191581.72 (r/w/o: 134140.80/38284.44/19156.47) lat (ms,95%): 57.87 err/s: 0.10 reconn/s: 0.00
[ 330s ] thds: 400 tps: 8202.93 qps: 163900.01 (r/w/o: 114729.26/32765.00/16405.75) lat (ms,95%): 95.81 err/s: 0.10 reconn/s: 0.00
[ 340s ] thds: 400 tps: 7312.89 qps: 146489.82 (r/w/o: 102531.80/29331.84/14626.17) lat (ms,95%): 102.97 err/s: 0.00 reconn/s: 0.00
[ 350s ] thds: 400 tps: 7478.10 qps: 149412.33 (r/w/o: 104586.22/29870.61/14955.50) lat (ms,95%): 97.55 err/s: 0.00 reconn/s: 0.00
[ 360s ] thds: 400 tps: 7954.00 qps: 159178.91 (r/w/o: 111410.41/31859.70/15908.80) lat (ms,95%): 92.42 err/s: 0.00 reconn/s: 0.00
[ 370s ] thds: 400 tps: 9298.38 qps: 185912.31 (r/w/o: 130188.36/37126.90/18597.05) lat (ms,95%): 69.29 err/s: 0.00 reconn/s: 0.00
[ 380s ] thds: 400 tps: 9627.22 qps: 192502.17 (r/w/o: 134741.06/38506.37/19254.74) lat (ms,95%): 52.89 err/s: 0.10 reconn/s: 0.00
[ 390s ] thds: 400 tps: 9371.01 qps: 187557.90 (r/w/o: 131290.57/37525.32/18742.01) lat (ms,95%): 70.55 err/s: 0.00 reconn/s: 0.00
[ 400s ] thds: 400 tps: 8774.09 qps: 175251.13 (r/w/o: 122658.61/35044.95/17547.57) lat (ms,95%): 87.56 err/s: 0.00 reconn/s: 0.00
[ 410s ] thds: 400 tps: 8480.21 qps: 169550.04 (r/w/o: 118653.07/33944.05/16952.92) lat (ms,95%): 95.81 err/s: 0.00 reconn/s: 0.00
[ 420s ] thds: 400 tps: 8007.10 qps: 160358.23 (r/w/o: 112299.72/32037.11/16021.40) lat (ms,95%): 97.55 err/s: 0.00 reconn/s: 0.00
[ 430s ] thds: 400 tps: 7876.99 qps: 157689.98 (r/w/o: 110350.21/31584.78/15754.99) lat (ms,95%): 102.97 err/s: 0.00 reconn/s: 0.00
[ 440s ] thds: 400 tps: 8292.41 qps: 165547.71 (r/w/o: 115874.25/33088.64/16584.82) lat (ms,95%): 92.42 err/s: 0.00 reconn/s: 0.00
[ 450s ] thds: 400 tps: 8298.30 qps: 165975.34 (r/w/o: 116216.65/33165.59/16593.09) lat (ms,95%): 87.56 err/s: 0.10 reconn/s: 0.00
[ 460s ] thds: 400 tps: 7270.26 qps: 145443.28 (r/w/o: 101785.80/29113.76/14543.73) lat (ms,95%): 108.68 err/s: 0.00 reconn/s: 0.00
[ 470s ] thds: 400 tps: 7600.84 qps: 152232.19 (r/w/o: 106583.96/30445.86/15202.38) lat (ms,95%): 95.81 err/s: 0.10 reconn/s: 0.00
[ 480s ] thds: 400 tps: 8669.99 qps: 173315.87 (r/w/o: 121320.11/34655.57/17340.19) lat (ms,95%): 82.96 err/s: 0.00 reconn/s: 0.00
[ 490s ] thds: 400 tps: 9894.62 qps: 197731.96 (r/w/o: 138399.05/39549.07/19783.84) lat (ms,95%): 53.85 err/s: 0.00 reconn/s: 0.00
[ 500s ] thds: 400 tps: 9727.91 qps: 194612.92 (r/w/o: 136229.48/38922.22/19461.21) lat (ms,95%): 57.87 err/s: 0.00 reconn/s: 0.00
[ 510s ] thds: 400 tps: 9584.59 qps: 191806.02 (r/w/o: 134261.77/38374.66/19169.58) lat (ms,95%): 61.08 err/s: 0.10 reconn/s: 0.00
[ 520s ] thds: 400 tps: 9772.39 qps: 195164.33 (r/w/o: 136591.91/39030.95/19541.47) lat (ms,95%): 55.82 err/s: 0.00 reconn/s: 0.00
[ 530s ] thds: 400 tps: 9916.00 qps: 198477.89 (r/w/o: 138947.66/39694.92/19835.31) lat (ms,95%): 54.83 err/s: 0.00 reconn/s: 0.00
[ 540s ] thds: 400 tps: 8949.09 qps: 178884.79 (r/w/o: 125207.52/35783.28/17893.99) lat (ms,95%): 84.47 err/s: 0.00 reconn/s: 0.00
[ 550s ] thds: 400 tps: 8772.70 qps: 175502.77 (r/w/o: 122884.95/35068.11/17549.71) lat (ms,95%): 86.00 err/s: 0.00 reconn/s: 0.00
[ 560s ] thds: 400 tps: 8283.70 qps: 165780.65 (r/w/o: 116051.44/33161.91/16567.31) lat (ms,95%): 90.78 err/s: 0.00 reconn/s: 0.00
[ 570s ] thds: 400 tps: 7537.79 qps: 150757.68 (r/w/o: 105501.52/30190.08/15066.09) lat (ms,95%): 97.55 err/s: 0.10 reconn/s: 0.00
[ 580s ] thds: 400 tps: 7532.21 qps: 150695.11 (r/w/o: 105539.57/30081.22/15074.31) lat (ms,95%): 97.55 err/s: 0.00 reconn/s: 0.00
[ 590s ] thds: 400 tps: 8131.50 qps: 162601.65 (r/w/o: 113837.54/32500.71/16263.41) lat (ms,95%): 90.78 err/s: 0.10 reconn/s: 0.00
[ 600s ] thds: 400 tps: 9803.90 qps: 196123.51 (r/w/o: 137224.01/39291.40/19608.10) lat (ms,95%): 55.82 err/s: 0.10 reconn/s: 0.00
[ 610s ] thds: 400 tps: 9775.90 qps: 195294.29 (r/w/o: 136705.49/39041.10/19547.70) lat (ms,95%): 57.87 err/s: 0.00 reconn/s: 0.00
[ 620s ] thds: 400 tps: 9775.27 qps: 195710.16 (r/w/o: 137025.62/39134.59/19549.95) lat (ms,95%): 54.83 err/s: 0.00 reconn/s: 0.00
[ 630s ] thds: 400 tps: 9664.11 qps: 193231.11 (r/w/o: 135263.85/38634.84/19332.42) lat (ms,95%): 59.99 err/s: 0.00 reconn/s: 0.00
[ 640s ] thds: 400 tps: 9698.91 qps: 193987.45 (r/w/o: 135798.01/38790.73/19398.72) lat (ms,95%): 58.92 err/s: 0.00 reconn/s: 0.00
[ 650s ] thds: 400 tps: 9113.21 qps: 182305.34 (r/w/o: 127588.39/36491.53/18225.41) lat (ms,95%): 78.60 err/s: 0.10 reconn/s: 0.00
[ 660s ] thds: 400 tps: 8877.48 qps: 177655.29 (r/w/o: 124374.48/35524.64/17756.17) lat (ms,95%): 86.00 err/s: 0.00 reconn/s: 0.00
[ 670s ] thds: 400 tps: 8017.82 qps: 160124.64 (r/w/o: 112087.54/32001.47/16035.63) lat (ms,95%): 94.10 err/s: 0.00 reconn/s: 0.00
[ 680s ] thds: 400 tps: 7623.59 qps: 152450.60 (r/w/o: 106674.73/30529.28/15246.59) lat (ms,95%): 95.81 err/s: 0.00 reconn/s: 0.00
[ 690s ] thds: 400 tps: 7518.81 qps: 150465.26 (r/w/o: 105324.68/30102.35/15038.23) lat (ms,95%): 94.10 err/s: 0.00 reconn/s: 0.00
[ 700s ] thds: 400 tps: 7721.00 qps: 154635.81 (r/w/o: 108273.31/30920.40/15442.10) lat (ms,95%): 92.42 err/s: 0.00 reconn/s: 0.00
[ 710s ] thds: 400 tps: 9714.31 qps: 194190.82 (r/w/o: 135941.08/38820.82/19428.91) lat (ms,95%): 57.87 err/s: 0.10 reconn/s: 0.00
[ 720s ] thds: 400 tps: 9849.50 qps: 196700.72 (r/w/o: 137660.15/39342.58/19697.99) lat (ms,95%): 54.83 err/s: 0.00 reconn/s: 0.00
[ 730s ] thds: 400 tps: 9596.32 qps: 192164.62 (r/w/o: 134567.09/38403.78/19193.74) lat (ms,95%): 62.19 err/s: 0.00 reconn/s: 0.00
[ 740s ] thds: 400 tps: 9803.50 qps: 196071.63 (r/w/o: 137202.35/39262.29/19606.99) lat (ms,95%): 56.84 err/s: 0.00 reconn/s: 0.00
[ 750s ] thds: 400 tps: 9491.40 qps: 189876.74 (r/w/o: 132940.33/37953.51/18982.90) lat (ms,95%): 65.65 err/s: 0.20 reconn/s: 0.00
[ 760s ] thds: 400 tps: 8867.69 qps: 177217.89 (r/w/o: 124064.25/35417.76/17735.88) lat (ms,95%): 84.47 err/s: 0.10 reconn/s: 0.00
[ 770s ] thds: 400 tps: 8838.18 qps: 176669.00 (r/w/o: 123648.89/35343.74/17676.37) lat (ms,95%): 86.00 err/s: 0.00 reconn/s: 0.00
[ 780s ] thds: 400 tps: 9180.41 qps: 183849.39 (r/w/o: 128689.90/36798.46/18361.03) lat (ms,95%): 77.19 err/s: 0.00 reconn/s: 0.00
[ 790s ] thds: 400 tps: 8195.31 qps: 163795.80 (r/w/o: 114690.41/32714.76/16390.63) lat (ms,95%): 99.33 err/s: 0.00 reconn/s: 0.00
[ 800s ] thds: 400 tps: 7567.19 qps: 151119.05 (r/w/o: 105724.59/30263.57/15130.88) lat (ms,95%): 106.75 err/s: 0.00 reconn/s: 0.00
[ 810s ] thds: 400 tps: 7743.51 qps: 155177.71 (r/w/o: 108675.58/31012.02/15490.11) lat (ms,95%): 102.97 err/s: 0.00 reconn/s: 0.00
[ 820s ] thds: 400 tps: 7827.39 qps: 156543.29 (r/w/o: 109540.92/31354.68/15647.69) lat (ms,95%): 108.68 err/s: 0.10 reconn/s: 0.00
[ 830s ] thds: 400 tps: 8169.60 qps: 163505.67 (r/w/o: 114469.38/32689.09/16347.20) lat (ms,95%): 101.13 err/s: 0.10 reconn/s: 0.00
[ 840s ] thds: 400 tps: 7346.30 qps: 146737.09 (r/w/o: 102714.26/29332.32/14690.51) lat (ms,95%): 104.84 err/s: 0.00 reconn/s: 0.00
SQL statistics:
    queries performed:
        read:                            102517436
        write:                           29290589
        other:                           14645401
        total:                           146453426
    transactions:                        7322647 (8711.08 per sec.)
    queries:                             146453426 (174222.11 per sec.)
    ignored errors:                      27     (0.03 per sec.)
    reconnects:                          0      (0.00 per sec.)

General statistics:
    total time:                          840.6124s
    total number of events:              7322647

Latency (ms):
         min:                                   19.71
         avg:                                   45.89
         max:                                  747.38
         95th percentile:                       87.56
         sum:                            336026254.24

Threads fairness:
    events (avg/stddev):           18306.6175/445.65
    execution time (avg/stddev):   840.0656/0.07

