sysbench 1.0.20-ebf1c90 (using bundled LuaJIT 2.1.0-beta2)

Running the test with following options:
Number of threads: 400
Report intermediate results every 10 second(s)
Initializing random number generator from current time


Initializing worker threads...

Threads started!

[ 10s ] thds: 400 tps: 5590.12 qps: 112228.35 (r/w/o: 78638.53/22369.58/11220.24) lat (ms,95%): 215.44 err/s: 0.00 reconn/s: 0.00
[ 20s ] thds: 400 tps: 8010.81 qps: 160119.69 (r/w/o: 112057.60/32040.16/16021.93) lat (ms,95%): 158.63 err/s: 0.20 reconn/s: 0.00
[ 30s ] thds: 400 tps: 8652.60 qps: 173348.99 (r/w/o: 121371.10/34672.70/17305.20) lat (ms,95%): 118.92 err/s: 0.00 reconn/s: 0.00
[ 40s ] thds: 400 tps: 9199.39 qps: 183775.36 (r/w/o: 128611.53/36764.75/18399.08) lat (ms,95%): 69.29 err/s: 0.10 reconn/s: 0.00
[ 50s ] thds: 400 tps: 9188.62 qps: 183758.11 (r/w/o: 128643.88/36737.58/18376.64) lat (ms,95%): 66.84 err/s: 0.00 reconn/s: 0.00
[ 60s ] thds: 400 tps: 9715.30 qps: 194149.66 (r/w/o: 135867.34/38851.41/19430.91) lat (ms,95%): 55.82 err/s: 0.00 reconn/s: 0.00
[ 70s ] thds: 400 tps: 9361.32 qps: 187400.32 (r/w/o: 131195.49/37485.98/18718.84) lat (ms,95%): 66.84 err/s: 0.00 reconn/s: 0.00
[ 80s ] thds: 400 tps: 9788.17 qps: 195930.30 (r/w/o: 137189.45/39160.50/19580.35) lat (ms,95%): 53.85 err/s: 0.00 reconn/s: 0.00
[ 90s ] thds: 400 tps: 8987.59 qps: 179445.89 (r/w/o: 125562.75/35907.96/17975.18) lat (ms,95%): 82.96 err/s: 0.00 reconn/s: 0.00
[ 100s ] thds: 400 tps: 9828.33 qps: 196856.99 (r/w/o: 137852.18/39348.04/19656.77) lat (ms,95%): 53.85 err/s: 0.00 reconn/s: 0.00
[ 110s ] thds: 400 tps: 7082.20 qps: 141551.68 (r/w/o: 99098.38/28288.90/14164.40) lat (ms,95%): 130.13 err/s: 0.00 reconn/s: 0.00
[ 120s ] thds: 400 tps: 5869.73 qps: 117286.69 (r/w/o: 82073.79/23473.74/11739.17) lat (ms,95%): 144.97 err/s: 0.00 reconn/s: 0.00
[ 130s ] thds: 400 tps: 6565.16 qps: 131481.03 (r/w/o: 92030.06/26320.05/13130.92) lat (ms,95%): 123.28 err/s: 0.10 reconn/s: 0.00
[ 140s ] thds: 400 tps: 9257.48 qps: 184985.35 (r/w/o: 129473.15/37008.33/18503.86) lat (ms,95%): 65.65 err/s: 0.00 reconn/s: 0.00
[ 150s ] thds: 400 tps: 9563.62 qps: 191383.37 (r/w/o: 133977.53/38267.89/19137.95) lat (ms,95%): 62.19 err/s: 0.00 reconn/s: 0.00
[ 160s ] thds: 400 tps: 9405.72 qps: 187938.06 (r/w/o: 131558.45/37567.67/18811.94) lat (ms,95%): 66.84 err/s: 0.00 reconn/s: 0.00
[ 170s ] thds: 400 tps: 9650.99 qps: 193294.98 (r/w/o: 135314.35/38678.56/19302.08) lat (ms,95%): 55.82 err/s: 0.00 reconn/s: 0.00
[ 180s ] thds: 400 tps: 9579.93 qps: 191383.54 (r/w/o: 133974.98/38248.41/19160.15) lat (ms,95%): 63.32 err/s: 0.10 reconn/s: 0.00
[ 190s ] thds: 400 tps: 10027.89 qps: 200620.52 (r/w/o: 140436.98/40130.47/20053.08) lat (ms,95%): 51.94 err/s: 0.00 reconn/s: 0.00
[ 200s ] thds: 400 tps: 9377.00 qps: 187428.55 (r/w/o: 131170.14/37503.61/18754.81) lat (ms,95%): 70.55 err/s: 0.30 reconn/s: 0.00
[ 210s ] thds: 400 tps: 9809.69 qps: 196161.55 (r/w/o: 137305.49/39234.57/19621.48) lat (ms,95%): 52.89 err/s: 0.00 reconn/s: 0.00
[ 220s ] thds: 400 tps: 8054.21 qps: 161128.97 (r/w/o: 112802.79/32220.15/16106.03) lat (ms,95%): 101.13 err/s: 0.00 reconn/s: 0.00
[ 230s ] thds: 400 tps: 7235.40 qps: 145009.44 (r/w/o: 101553.36/28982.49/14473.59) lat (ms,95%): 104.84 err/s: 0.00 reconn/s: 0.00
[ 240s ] thds: 400 tps: 6909.41 qps: 138010.68 (r/w/o: 96605.83/27586.14/13818.72) lat (ms,95%): 112.67 err/s: 0.00 reconn/s: 0.00
[ 250s ] thds: 400 tps: 8440.97 qps: 168790.50 (r/w/o: 118093.91/33814.36/16882.23) lat (ms,95%): 84.47 err/s: 0.00 reconn/s: 0.00
[ 260s ] thds: 400 tps: 9652.50 qps: 193075.74 (r/w/o: 135171.56/38600.19/19303.99) lat (ms,95%): 58.92 err/s: 0.00 reconn/s: 0.00
[ 270s ] thds: 400 tps: 9123.22 qps: 182568.43 (r/w/o: 127787.00/36533.99/18247.44) lat (ms,95%): 73.13 err/s: 0.10 reconn/s: 0.00
[ 280s ] thds: 400 tps: 9944.31 qps: 198637.08 (r/w/o: 139057.80/39691.76/19887.53) lat (ms,95%): 51.94 err/s: 0.00 reconn/s: 0.00
[ 290s ] thds: 400 tps: 9510.78 qps: 190532.09 (r/w/o: 133398.78/38110.34/19022.97) lat (ms,95%): 64.47 err/s: 0.00 reconn/s: 0.00
[ 300s ] thds: 400 tps: 10047.35 qps: 200778.90 (r/w/o: 140555.87/40128.12/20094.91) lat (ms,95%): 51.02 err/s: 0.10 reconn/s: 0.00
[ 310s ] thds: 400 tps: 9444.73 qps: 188955.42 (r/w/o: 132259.47/37806.30/18889.65) lat (ms,95%): 70.55 err/s: 0.00 reconn/s: 0.00
[ 320s ] thds: 400 tps: 9648.52 qps: 192831.69 (r/w/o: 134943.34/38596.10/19292.25) lat (ms,95%): 57.87 err/s: 0.00 reconn/s: 0.00
[ 330s ] thds: 400 tps: 8177.69 qps: 163757.70 (r/w/o: 114666.09/32733.74/16357.87) lat (ms,95%): 95.81 err/s: 0.00 reconn/s: 0.00
[ 340s ] thds: 400 tps: 7303.41 qps: 146146.98 (r/w/o: 102277.79/29260.06/14609.13) lat (ms,95%): 104.84 err/s: 0.00 reconn/s: 0.00
[ 350s ] thds: 400 tps: 7598.56 qps: 151927.03 (r/w/o: 106367.09/30366.23/15193.71) lat (ms,95%): 95.81 err/s: 0.10 reconn/s: 0.00
[ 360s ] thds: 400 tps: 7995.69 qps: 159821.87 (r/w/o: 111901.14/31925.55/15995.18) lat (ms,95%): 92.42 err/s: 0.00 reconn/s: 0.00
[ 370s ] thds: 400 tps: 9335.02 qps: 186870.23 (r/w/o: 130782.53/37417.67/18670.03) lat (ms,95%): 69.29 err/s: 0.00 reconn/s: 0.00
[ 380s ] thds: 400 tps: 9678.12 qps: 193460.36 (r/w/o: 135403.42/38700.69/19356.25) lat (ms,95%): 52.89 err/s: 0.00 reconn/s: 0.00
[ 390s ] thds: 400 tps: 9399.19 qps: 187965.79 (r/w/o: 131613.63/37553.68/18798.49) lat (ms,95%): 69.29 err/s: 0.10 reconn/s: 0.00
[ 400s ] thds: 400 tps: 8814.38 qps: 176163.25 (r/w/o: 123300.89/35234.71/17627.66) lat (ms,95%): 87.56 err/s: 0.00 reconn/s: 0.00
[ 410s ] thds: 400 tps: 8530.52 qps: 170604.03 (r/w/o: 119429.90/34111.79/17062.34) lat (ms,95%): 94.10 err/s: 0.00 reconn/s: 0.00
[ 420s ] thds: 400 tps: 8048.58 qps: 160909.48 (r/w/o: 112624.88/32187.44/16097.17) lat (ms,95%): 99.33 err/s: 0.00 reconn/s: 0.00
[ 430s ] thds: 400 tps: 7864.73 qps: 157529.49 (r/w/o: 110258.91/31542.22/15728.36) lat (ms,95%): 101.13 err/s: 0.00 reconn/s: 0.00
[ 440s ] thds: 400 tps: 8301.18 qps: 165931.79 (r/w/o: 116193.01/33134.92/16603.86) lat (ms,95%): 92.42 err/s: 0.10 reconn/s: 0.00
[ 450s ] thds: 400 tps: 8234.81 qps: 164906.57 (r/w/o: 115388.49/33048.55/16469.53) lat (ms,95%): 87.56 err/s: 0.00 reconn/s: 0.00
[ 460s ] thds: 400 tps: 7335.59 qps: 146473.91 (r/w/o: 102571.67/29230.96/14671.28) lat (ms,95%): 108.68 err/s: 0.00 reconn/s: 0.00
[ 470s ] thds: 400 tps: 7634.61 qps: 152736.18 (r/w/o: 106868.83/30597.94/15269.42) lat (ms,95%): 95.81 err/s: 0.10 reconn/s: 0.00
[ 480s ] thds: 400 tps: 8622.20 qps: 172592.96 (r/w/o: 120848.17/34500.39/17244.40) lat (ms,95%): 82.96 err/s: 0.00 reconn/s: 0.00
[ 490s ] thds: 400 tps: 9865.11 qps: 197169.36 (r/w/o: 138055.91/39383.23/19730.22) lat (ms,95%): 54.83 err/s: 0.00 reconn/s: 0.00
[ 500s ] thds: 400 tps: 9757.92 qps: 194882.42 (r/w/o: 136330.89/39036.58/19514.94) lat (ms,95%): 57.87 err/s: 0.10 reconn/s: 0.00
[ 510s ] thds: 400 tps: 9598.90 qps: 191890.17 (r/w/o: 134304.98/38387.29/19197.90) lat (ms,95%): 61.08 err/s: 0.00 reconn/s: 0.00
[ 520s ] thds: 400 tps: 9731.79 qps: 194998.08 (r/w/o: 136578.04/38955.26/19464.78) lat (ms,95%): 56.84 err/s: 0.00 reconn/s: 0.00
[ 530s ] thds: 400 tps: 9949.11 qps: 198771.60 (r/w/o: 139108.54/39767.54/19895.52) lat (ms,95%): 53.85 err/s: 0.00 reconn/s: 0.00
[ 540s ] thds: 400 tps: 8988.65 qps: 179813.70 (r/w/o: 125854.40/35979.30/17980.00) lat (ms,95%): 82.96 err/s: 0.00 reconn/s: 0.00
[ 550s ] thds: 400 tps: 8731.76 qps: 174725.46 (r/w/o: 122291.58/34977.75/17456.13) lat (ms,95%): 86.00 err/s: 0.10 reconn/s: 0.00
[ 560s ] thds: 400 tps: 8299.86 qps: 166206.13 (r/w/o: 116391.49/33206.62/16608.01) lat (ms,95%): 89.16 err/s: 0.20 reconn/s: 0.00
[ 570s ] thds: 400 tps: 7602.71 qps: 151781.64 (r/w/o: 106238.70/30338.73/15204.21) lat (ms,95%): 97.55 err/s: 0.00 reconn/s: 0.00
[ 580s ] thds: 400 tps: 7532.50 qps: 151007.65 (r/w/o: 105678.46/30262.69/15066.49) lat (ms,95%): 97.55 err/s: 0.00 reconn/s: 0.00
[ 590s ] thds: 400 tps: 8193.10 qps: 163770.49 (r/w/o: 114676.50/32707.80/16386.20) lat (ms,95%): 90.78 err/s: 0.00 reconn/s: 0.00
[ 600s ] thds: 400 tps: 9800.79 qps: 195747.61 (r/w/o: 137004.80/39145.54/19597.27) lat (ms,95%): 55.82 err/s: 0.10 reconn/s: 0.00
[ 610s ] thds: 400 tps: 9750.97 qps: 195143.64 (r/w/o: 136640.51/38997.99/19505.14) lat (ms,95%): 57.87 err/s: 0.00 reconn/s: 0.00
[ 620s ] thds: 400 tps: 9794.65 qps: 195685.15 (r/w/o: 136938.37/39158.79/19588.00) lat (ms,95%): 54.83 err/s: 0.10 reconn/s: 0.00
[ 630s ] thds: 400 tps: 9653.53 qps: 193191.07 (r/w/o: 135212.87/38670.63/19307.57) lat (ms,95%): 59.99 err/s: 0.00 reconn/s: 0.00
[ 640s ] thds: 400 tps: 9692.96 qps: 194002.84 (r/w/o: 135838.00/38778.13/19386.71) lat (ms,95%): 58.92 err/s: 0.00 reconn/s: 0.00
[ 650s ] thds: 400 tps: 9109.66 qps: 182115.33 (r/w/o: 127508.89/36385.33/18221.11) lat (ms,95%): 80.03 err/s: 0.00 reconn/s: 0.00
[ 660s ] thds: 400 tps: 8906.79 qps: 177826.70 (r/w/o: 124390.69/35625.34/17810.67) lat (ms,95%): 86.00 err/s: 0.00 reconn/s: 0.00
[ 670s ] thds: 400 tps: 8066.94 qps: 161797.67 (r/w/o: 113325.41/32335.17/16137.09) lat (ms,95%): 92.42 err/s: 0.00 reconn/s: 0.00
[ 680s ] thds: 400 tps: 7660.94 qps: 152954.01 (r/w/o: 107042.00/30590.74/15321.27) lat (ms,95%): 95.81 err/s: 0.00 reconn/s: 0.00
[ 690s ] thds: 400 tps: 7577.52 qps: 151434.02 (r/w/o: 105971.30/30306.98/15155.74) lat (ms,95%): 94.10 err/s: 0.00 reconn/s: 0.00
[ 700s ] thds: 400 tps: 7772.67 qps: 155729.65 (r/w/o: 109038.02/31151.19/15540.45) lat (ms,95%): 90.78 err/s: 0.00 reconn/s: 0.00
[ 710s ] thds: 400 tps: 9663.90 qps: 193250.38 (r/w/o: 135285.75/38632.02/19332.61) lat (ms,95%): 57.87 err/s: 0.00 reconn/s: 0.00
[ 720s ] thds: 400 tps: 9834.84 qps: 196642.12 (r/w/o: 137630.07/39342.66/19669.38) lat (ms,95%): 54.83 err/s: 0.00 reconn/s: 0.00
[ 730s ] thds: 400 tps: 9597.96 qps: 192140.21 (r/w/o: 134520.68/38423.22/19196.31) lat (ms,95%): 61.08 err/s: 0.00 reconn/s: 0.00
[ 740s ] thds: 400 tps: 9796.50 qps: 195715.42 (r/w/o: 137013.81/39108.40/19593.20) lat (ms,95%): 56.84 err/s: 0.00 reconn/s: 0.00
[ 750s ] thds: 400 tps: 9509.92 qps: 190186.13 (r/w/o: 133118.90/38047.39/19019.84) lat (ms,95%): 65.65 err/s: 0.00 reconn/s: 0.00
[ 760s ] thds: 400 tps: 8819.29 qps: 176635.44 (r/w/o: 123656.62/35340.05/17638.77) lat (ms,95%): 84.47 err/s: 0.10 reconn/s: 0.00
[ 770s ] thds: 400 tps: 8816.59 qps: 176306.70 (r/w/o: 123424.46/35249.06/17633.18) lat (ms,95%): 86.00 err/s: 0.00 reconn/s: 0.00
[ 780s ] thds: 400 tps: 9195.92 qps: 183762.03 (r/w/o: 128633.10/36740.39/18388.54) lat (ms,95%): 77.19 err/s: 0.00 reconn/s: 0.00
[ 790s ] thds: 400 tps: 8158.29 qps: 163308.11 (r/w/o: 114292.90/32695.44/16319.77) lat (ms,95%): 99.33 err/s: 0.00 reconn/s: 0.00
[ 800s ] thds: 400 tps: 7558.00 qps: 151175.57 (r/w/o: 105834.88/30226.19/15114.50) lat (ms,95%): 106.75 err/s: 0.10 reconn/s: 0.00
[ 810s ] thds: 400 tps: 7798.40 qps: 155779.57 (r/w/o: 109023.65/31158.21/15597.71) lat (ms,95%): 102.97 err/s: 0.00 reconn/s: 0.00
[ 820s ] thds: 400 tps: 7865.30 qps: 157259.20 (r/w/o: 110097.70/31433.40/15728.10) lat (ms,95%): 108.68 err/s: 0.10 reconn/s: 0.00
[ 830s ] thds: 400 tps: 8175.35 qps: 163623.53 (r/w/o: 114515.12/32753.71/16354.70) lat (ms,95%): 102.97 err/s: 0.10 reconn/s: 0.00
[ 840s ] thds: 400 tps: 7321.78 qps: 146583.54 (r/w/o: 102597.18/29345.30/14641.06) lat (ms,95%): 106.75 err/s: 0.10 reconn/s: 0.00
SQL statistics:
    queries performed:
        read:                            102702894
        write:                           29343601
        other:                           14671875
        total:                           146718370
    transactions:                        7335896 (8723.88 per sec.)
    queries:                             146718370 (174478.05 per sec.)
    ignored errors:                      25     (0.03 per sec.)
    reconnects:                          0      (0.00 per sec.)

General statistics:
    total time:                          840.8977s
    total number of events:              7335896

Latency (ms):
         min:                                   19.75
         avg:                                   45.81
         max:                                  897.26
         95th percentile:                       87.56
         sum:                            336043776.00

Threads fairness:
    events (avg/stddev):           18339.7400/467.86
    execution time (avg/stddev):   840.1094/0.18

