sysbench 1.0.20-ebf1c90 (using bundled LuaJIT 2.1.0-beta2)

Running the test with following options:
Number of threads: 400
Report intermediate results every 10 second(s)
Initializing random number generator from current time


Initializing worker threads...

Threads started!

[ 10s ] thds: 400 tps: 5761.68 qps: 115696.12 (r/w/o: 81052.02/23080.83/11563.26) lat (ms,95%): 204.11 err/s: 0.00 reconn/s: 0.00
[ 20s ] thds: 400 tps: 8117.58 qps: 162190.01 (r/w/o: 113507.63/32449.52/16232.86) lat (ms,95%): 155.80 err/s: 0.00 reconn/s: 0.00
[ 30s ] thds: 400 tps: 8457.84 qps: 169410.37 (r/w/o: 118646.75/33845.45/16918.17) lat (ms,95%): 134.90 err/s: 0.00 reconn/s: 0.00
[ 40s ] thds: 400 tps: 9106.54 qps: 181990.13 (r/w/o: 127374.68/36405.17/18210.28) lat (ms,95%): 65.65 err/s: 0.00 reconn/s: 0.00
[ 50s ] thds: 400 tps: 9486.07 qps: 189876.75 (r/w/o: 132918.41/37982.99/18975.34) lat (ms,95%): 59.99 err/s: 0.00 reconn/s: 0.00
[ 60s ] thds: 400 tps: 9656.69 qps: 193130.30 (r/w/o: 135207.13/38609.48/19313.69) lat (ms,95%): 56.84 err/s: 0.10 reconn/s: 0.00
[ 70s ] thds: 400 tps: 9435.55 qps: 188557.13 (r/w/o: 131944.95/37741.08/18871.09) lat (ms,95%): 63.32 err/s: 0.00 reconn/s: 0.00
[ 80s ] thds: 400 tps: 9422.59 qps: 188362.96 (r/w/o: 131833.43/37685.15/18844.38) lat (ms,95%): 66.84 err/s: 0.00 reconn/s: 0.00
[ 90s ] thds: 400 tps: 9389.29 qps: 187753.04 (r/w/o: 131421.19/37555.47/18776.38) lat (ms,95%): 59.99 err/s: 0.10 reconn/s: 0.00
[ 100s ] thds: 400 tps: 9823.35 qps: 196598.95 (r/w/o: 137626.23/39322.31/19650.40) lat (ms,95%): 52.89 err/s: 0.10 reconn/s: 0.00
[ 110s ] thds: 400 tps: 7398.01 qps: 147926.68 (r/w/o: 103562.13/29568.64/14795.92) lat (ms,95%): 116.80 err/s: 0.00 reconn/s: 0.00
[ 120s ] thds: 400 tps: 6199.10 qps: 124315.32 (r/w/o: 87014.24/24902.58/12398.49) lat (ms,95%): 130.13 err/s: 0.10 reconn/s: 0.00
[ 130s ] thds: 400 tps: 7046.46 qps: 140827.80 (r/w/o: 98629.34/28106.04/14092.42) lat (ms,95%): 112.67 err/s: 0.00 reconn/s: 0.00
[ 140s ] thds: 400 tps: 9463.85 qps: 188978.78 (r/w/o: 132235.25/37815.31/18928.21) lat (ms,95%): 59.99 err/s: 0.00 reconn/s: 0.00
[ 150s ] thds: 400 tps: 9529.92 qps: 190821.63 (r/w/o: 133583.30/38181.09/19057.24) lat (ms,95%): 61.08 err/s: 0.00 reconn/s: 0.00
[ 160s ] thds: 400 tps: 9389.11 qps: 187626.20 (r/w/o: 131329.44/37518.24/18778.52) lat (ms,95%): 65.65 err/s: 0.20 reconn/s: 0.00
[ 170s ] thds: 400 tps: 9764.79 qps: 195339.74 (r/w/o: 136773.62/39033.25/19532.87) lat (ms,95%): 53.85 err/s: 0.00 reconn/s: 0.00
[ 180s ] thds: 400 tps: 9293.17 qps: 185874.28 (r/w/o: 130094.73/37193.20/18586.35) lat (ms,95%): 74.46 err/s: 0.00 reconn/s: 0.00
[ 190s ] thds: 400 tps: 9557.43 qps: 191181.61 (r/w/o: 133812.76/38256.90/19111.95) lat (ms,95%): 58.92 err/s: 0.00 reconn/s: 0.00
[ 200s ] thds: 400 tps: 9813.87 qps: 196266.55 (r/w/o: 137413.75/39228.07/19624.74) lat (ms,95%): 54.83 err/s: 0.10 reconn/s: 0.00
[ 210s ] thds: 400 tps: 9685.66 qps: 193704.39 (r/w/o: 135599.10/38728.06/19377.23) lat (ms,95%): 57.87 err/s: 0.00 reconn/s: 0.00
[ 220s ] thds: 400 tps: 8127.81 qps: 162628.15 (r/w/o: 113818.01/32554.33/16255.82) lat (ms,95%): 92.42 err/s: 0.00 reconn/s: 0.00
[ 230s ] thds: 400 tps: 7654.73 qps: 153285.10 (r/w/o: 107300.02/30675.62/15309.46) lat (ms,95%): 92.42 err/s: 0.00 reconn/s: 0.00
[ 240s ] thds: 400 tps: 7151.19 qps: 142703.53 (r/w/o: 99856.19/28544.67/14302.68) lat (ms,95%): 102.97 err/s: 0.10 reconn/s: 0.00
[ 250s ] thds: 400 tps: 8656.45 qps: 173295.43 (r/w/o: 121362.92/34619.81/17312.70) lat (ms,95%): 81.48 err/s: 0.00 reconn/s: 0.00
[ 260s ] thds: 400 tps: 9374.10 qps: 187341.92 (r/w/o: 131115.84/37477.98/18748.09) lat (ms,95%): 61.08 err/s: 0.00 reconn/s: 0.00
[ 270s ] thds: 400 tps: 9495.57 qps: 189990.91 (r/w/o: 133016.99/37982.18/18991.74) lat (ms,95%): 65.65 err/s: 0.10 reconn/s: 0.00
[ 280s ] thds: 400 tps: 9866.30 qps: 197172.55 (r/w/o: 137972.33/39467.51/19732.70) lat (ms,95%): 51.94 err/s: 0.00 reconn/s: 0.00
[ 290s ] thds: 400 tps: 9397.86 qps: 188068.13 (r/w/o: 131709.29/37562.93/18795.91) lat (ms,95%): 71.83 err/s: 0.10 reconn/s: 0.00
[ 300s ] thds: 400 tps: 9657.73 qps: 193142.91 (r/w/o: 135199.56/38627.90/19315.45) lat (ms,95%): 56.84 err/s: 0.00 reconn/s: 0.00
[ 310s ] thds: 400 tps: 9671.10 qps: 193474.12 (r/w/o: 135427.11/38704.80/19342.20) lat (ms,95%): 54.83 err/s: 0.00 reconn/s: 0.00
[ 320s ] thds: 400 tps: 8688.61 qps: 173748.27 (r/w/o: 121618.89/34752.05/17377.33) lat (ms,95%): 90.78 err/s: 0.00 reconn/s: 0.00
[ 330s ] thds: 400 tps: 8414.44 qps: 168411.58 (r/w/o: 117892.32/33690.18/16829.09) lat (ms,95%): 89.16 err/s: 0.10 reconn/s: 0.00
[ 340s ] thds: 400 tps: 8119.96 qps: 162505.61 (r/w/o: 113736.35/32528.94/16240.32) lat (ms,95%): 86.00 err/s: 0.20 reconn/s: 0.00
[ 350s ] thds: 400 tps: 7310.22 qps: 145836.51 (r/w/o: 102062.78/29153.88/14619.84) lat (ms,95%): 95.81 err/s: 0.00 reconn/s: 0.00
[ 360s ] thds: 400 tps: 8434.86 qps: 168673.91 (r/w/o: 118074.95/33733.64/16865.32) lat (ms,95%): 82.96 err/s: 0.10 reconn/s: 0.00
[ 370s ] thds: 400 tps: 9257.72 qps: 185325.65 (r/w/o: 129726.15/37084.87/18514.64) lat (ms,95%): 73.13 err/s: 0.00 reconn/s: 0.00
[ 380s ] thds: 400 tps: 8563.57 qps: 171352.65 (r/w/o: 119995.15/34223.97/17133.54) lat (ms,95%): 84.47 err/s: 0.10 reconn/s: 0.00
[ 390s ] thds: 400 tps: 8421.85 qps: 168381.71 (r/w/o: 117808.45/33740.57/16832.69) lat (ms,95%): 87.56 err/s: 0.00 reconn/s: 0.00
[ 400s ] thds: 400 tps: 7788.72 qps: 155791.72 (r/w/o: 109090.90/31115.58/15585.24) lat (ms,95%): 97.55 err/s: 0.00 reconn/s: 0.00
[ 410s ] thds: 400 tps: 8218.44 qps: 164195.11 (r/w/o: 114901.54/32853.38/16440.19) lat (ms,95%): 90.78 err/s: 0.00 reconn/s: 0.00
[ 420s ] thds: 400 tps: 9494.36 qps: 190151.13 (r/w/o: 133120.09/38042.23/18988.81) lat (ms,95%): 63.32 err/s: 0.00 reconn/s: 0.00
[ 430s ] thds: 400 tps: 9167.68 qps: 183268.96 (r/w/o: 128341.69/36591.71/18335.56) lat (ms,95%): 75.82 err/s: 0.10 reconn/s: 0.00
[ 440s ] thds: 400 tps: 9999.23 qps: 199993.23 (r/w/o: 139954.34/40040.33/19998.56) lat (ms,95%): 52.89 err/s: 0.00 reconn/s: 0.00
[ 450s ] thds: 400 tps: 8186.35 qps: 163542.78 (r/w/o: 114457.09/32713.40/16372.30) lat (ms,95%): 94.10 err/s: 0.10 reconn/s: 0.00
[ 460s ] thds: 400 tps: 7275.22 qps: 145613.20 (r/w/o: 101914.35/29156.10/14542.75) lat (ms,95%): 102.97 err/s: 0.00 reconn/s: 0.00
[ 470s ] thds: 400 tps: 7384.55 qps: 147525.50 (r/w/o: 103264.40/29486.70/14774.40) lat (ms,95%): 95.81 err/s: 0.00 reconn/s: 0.00
[ 480s ] thds: 400 tps: 9171.33 qps: 183536.65 (r/w/o: 128522.08/36668.71/18345.85) lat (ms,95%): 66.84 err/s: 0.00 reconn/s: 0.00
[ 490s ] thds: 400 tps: 9707.74 qps: 194111.74 (r/w/o: 135870.42/38825.55/19415.77) lat (ms,95%): 54.83 err/s: 0.10 reconn/s: 0.00
[ 500s ] thds: 400 tps: 9765.38 qps: 195354.08 (r/w/o: 136748.68/39074.64/19530.77) lat (ms,95%): 57.87 err/s: 0.00 reconn/s: 0.00
[ 510s ] thds: 400 tps: 9130.39 qps: 182668.52 (r/w/o: 127869.98/36537.76/18260.78) lat (ms,95%): 77.19 err/s: 0.00 reconn/s: 0.00
[ 520s ] thds: 400 tps: 9649.19 qps: 193249.62 (r/w/o: 135260.40/38690.64/19298.57) lat (ms,95%): 57.87 err/s: 0.00 reconn/s: 0.00
[ 530s ] thds: 400 tps: 9636.82 qps: 192505.43 (r/w/o: 134802.13/38429.57/19273.73) lat (ms,95%): 59.99 err/s: 0.10 reconn/s: 0.00
[ 540s ] thds: 400 tps: 9135.97 qps: 182737.07 (r/w/o: 127885.33/36586.39/18265.35) lat (ms,95%): 77.19 err/s: 0.20 reconn/s: 0.00
[ 550s ] thds: 400 tps: 9973.44 qps: 199437.73 (r/w/o: 139631.08/39853.17/19953.48) lat (ms,95%): 52.89 err/s: 0.00 reconn/s: 0.00
[ 560s ] thds: 400 tps: 8269.32 qps: 165290.95 (r/w/o: 115669.01/33084.39/16537.55) lat (ms,95%): 94.10 err/s: 0.00 reconn/s: 0.00
[ 570s ] thds: 400 tps: 7011.63 qps: 140295.04 (r/w/o: 98213.25/28059.03/14022.76) lat (ms,95%): 106.75 err/s: 0.10 reconn/s: 0.00
[ 580s ] thds: 400 tps: 7459.29 qps: 149018.12 (r/w/o: 104287.38/29809.56/14921.18) lat (ms,95%): 95.81 err/s: 0.00 reconn/s: 0.00
[ 590s ] thds: 400 tps: 9106.96 qps: 182101.45 (r/w/o: 127460.98/36426.55/18213.93) lat (ms,95%): 71.83 err/s: 0.10 reconn/s: 0.00
[ 600s ] thds: 400 tps: 9548.19 qps: 191037.06 (r/w/o: 133742.50/38198.27/19096.29) lat (ms,95%): 56.84 err/s: 0.00 reconn/s: 0.00
[ 610s ] thds: 400 tps: 9582.52 qps: 191722.79 (r/w/o: 134231.87/38325.48/19165.44) lat (ms,95%): 59.99 err/s: 0.00 reconn/s: 0.00
[ 620s ] thds: 400 tps: 9254.47 qps: 185276.75 (r/w/o: 129672.45/37095.37/18508.94) lat (ms,95%): 71.83 err/s: 0.00 reconn/s: 0.00
[ 630s ] thds: 400 tps: 9494.26 qps: 189902.21 (r/w/o: 132967.48/37946.12/18988.61) lat (ms,95%): 61.08 err/s: 0.00 reconn/s: 0.00
[ 640s ] thds: 400 tps: 9775.01 qps: 195275.05 (r/w/o: 136626.80/39098.03/19550.22) lat (ms,95%): 55.82 err/s: 0.00 reconn/s: 0.00
[ 650s ] thds: 400 tps: 9081.65 qps: 181476.18 (r/w/o: 127018.89/36298.70/18158.60) lat (ms,95%): 77.19 err/s: 0.00 reconn/s: 0.00
[ 660s ] thds: 400 tps: 9964.34 qps: 199505.50 (r/w/o: 139706.96/39866.96/19931.58) lat (ms,95%): 52.89 err/s: 0.00 reconn/s: 0.00
[ 670s ] thds: 400 tps: 8562.09 qps: 171381.78 (r/w/o: 119962.75/34292.96/17126.08) lat (ms,95%): 86.00 err/s: 0.00 reconn/s: 0.00
[ 680s ] thds: 400 tps: 7167.19 qps: 143155.40 (r/w/o: 100214.53/28608.39/14332.48) lat (ms,95%): 101.13 err/s: 0.00 reconn/s: 0.00
[ 690s ] thds: 400 tps: 7301.16 qps: 146195.45 (r/w/o: 102328.27/29267.77/14599.41) lat (ms,95%): 97.55 err/s: 0.00 reconn/s: 0.00
[ 700s ] thds: 400 tps: 8909.07 qps: 178251.12 (r/w/o: 124791.92/35635.66/17823.53) lat (ms,95%): 74.46 err/s: 0.20 reconn/s: 0.00
[ 710s ] thds: 400 tps: 9558.70 qps: 191160.35 (r/w/o: 133833.36/38209.59/19117.39) lat (ms,95%): 57.87 err/s: 0.00 reconn/s: 0.00
[ 720s ] thds: 400 tps: 9780.90 qps: 195603.69 (r/w/o: 136931.39/39110.30/19562.00) lat (ms,95%): 54.83 err/s: 0.00 reconn/s: 0.00
[ 730s ] thds: 400 tps: 9095.23 qps: 181979.66 (r/w/o: 127363.79/36425.31/18190.56) lat (ms,95%): 75.82 err/s: 0.00 reconn/s: 0.00
[ 740s ] thds: 400 tps: 9602.65 qps: 191929.15 (r/w/o: 134358.13/38365.51/19205.50) lat (ms,95%): 59.99 err/s: 0.10 reconn/s: 0.00
[ 750s ] thds: 400 tps: 9236.52 qps: 184943.79 (r/w/o: 129421.64/37049.00/18473.15) lat (ms,95%): 74.46 err/s: 0.00 reconn/s: 0.00
[ 760s ] thds: 400 tps: 8706.49 qps: 174030.56 (r/w/o: 121837.03/34780.55/17412.98) lat (ms,95%): 87.56 err/s: 0.00 reconn/s: 0.00
[ 770s ] thds: 400 tps: 8819.41 qps: 176035.92 (r/w/o: 123210.25/35187.94/17637.72) lat (ms,95%): 84.47 err/s: 0.00 reconn/s: 0.00
[ 780s ] thds: 400 tps: 7669.20 qps: 153769.41 (r/w/o: 107663.61/30766.20/15339.60) lat (ms,95%): 99.33 err/s: 0.00 reconn/s: 0.00
[ 790s ] thds: 400 tps: 7791.09 qps: 155577.13 (r/w/o: 108907.81/31087.75/15581.57) lat (ms,95%): 94.10 err/s: 0.00 reconn/s: 0.00
[ 800s ] thds: 400 tps: 7405.81 qps: 148235.81 (r/w/o: 103792.75/29630.74/14812.32) lat (ms,95%): 99.33 err/s: 0.00 reconn/s: 0.00
[ 810s ] thds: 400 tps: 7592.38 qps: 151912.19 (r/w/o: 106304.61/30422.62/15184.96) lat (ms,95%): 104.84 err/s: 0.10 reconn/s: 0.00
[ 820s ] thds: 400 tps: 7665.62 qps: 153218.36 (r/w/o: 107231.32/30655.79/15331.25) lat (ms,95%): 94.10 err/s: 0.00 reconn/s: 0.00
[ 830s ] thds: 400 tps: 8938.80 qps: 178920.03 (r/w/o: 125258.15/35785.69/17876.19) lat (ms,95%): 80.03 err/s: 0.10 reconn/s: 0.00
[ 840s ] thds: 400 tps: 9195.71 qps: 183743.68 (r/w/o: 128613.60/36740.16/18389.93) lat (ms,95%): 71.83 err/s: 0.10 reconn/s: 0.00
SQL statistics:
    queries performed:
        read:                            103227138
        write:                           29493365
        other:                           14746779
        total:                           147467282
    transactions:                        7373338 (8768.63 per sec.)
    queries:                             147467282 (175373.24 per sec.)
    ignored errors:                      29     (0.03 per sec.)
    reconnects:                          0      (0.00 per sec.)

General statistics:
    total time:                          840.8757s
    total number of events:              7373338

Latency (ms):
         min:                                   19.82
         avg:                                   45.58
         max:                                  879.66
         95th percentile:                       82.96
         sum:                            336069318.27

Threads fairness:
    events (avg/stddev):           18433.3450/430.38
    execution time (avg/stddev):   840.1733/0.27

