sysbench 1.0.20-ebf1c90 (using bundled LuaJIT 2.1.0-beta2)

Running the test with following options:
Number of threads: 400
Report intermediate results every 10 second(s)
Initializing random number generator from current time


Initializing worker threads...

Threads started!

[ 10s ] thds: 400 tps: 5738.63 qps: 115381.17 (r/w/o: 80853.10/23010.71/11517.35) lat (ms,95%): 204.11 err/s: 0.00 reconn/s: 0.00
[ 20s ] thds: 400 tps: 8114.36 qps: 162303.04 (r/w/o: 113614.46/32459.75/16228.82) lat (ms,95%): 155.80 err/s: 0.00 reconn/s: 0.00
[ 30s ] thds: 400 tps: 8466.87 qps: 168940.86 (r/w/o: 118191.45/33816.07/16933.34) lat (ms,95%): 137.35 err/s: 0.10 reconn/s: 0.00
[ 40s ] thds: 400 tps: 9067.64 qps: 181689.39 (r/w/o: 127219.33/36339.68/18130.39) lat (ms,95%): 66.84 err/s: 0.00 reconn/s: 0.00
[ 50s ] thds: 400 tps: 9572.90 qps: 191188.81 (r/w/o: 133816.74/38222.18/19149.89) lat (ms,95%): 58.92 err/s: 0.00 reconn/s: 0.00
[ 60s ] thds: 400 tps: 9695.86 qps: 194153.45 (r/w/o: 135918.08/38842.15/19393.23) lat (ms,95%): 55.82 err/s: 0.00 reconn/s: 0.00
[ 70s ] thds: 400 tps: 9445.56 qps: 188977.17 (r/w/o: 132335.32/37750.63/18891.22) lat (ms,95%): 63.32 err/s: 0.00 reconn/s: 0.00
[ 80s ] thds: 400 tps: 9439.35 qps: 188668.01 (r/w/o: 132034.94/37754.48/18878.59) lat (ms,95%): 66.84 err/s: 0.00 reconn/s: 0.00
[ 90s ] thds: 400 tps: 9404.61 qps: 188050.23 (r/w/o: 131634.79/37606.03/18809.41) lat (ms,95%): 58.92 err/s: 0.00 reconn/s: 0.00
[ 100s ] thds: 400 tps: 9852.34 qps: 197150.86 (r/w/o: 138031.41/39414.77/19704.69) lat (ms,95%): 53.85 err/s: 0.00 reconn/s: 0.00
[ 110s ] thds: 400 tps: 7415.30 qps: 148280.35 (r/w/o: 103751.37/29698.89/14830.10) lat (ms,95%): 114.72 err/s: 0.00 reconn/s: 0.00
[ 120s ] thds: 400 tps: 6236.37 qps: 124681.23 (r/w/o: 87304.50/24905.18/12471.54) lat (ms,95%): 130.13 err/s: 0.00 reconn/s: 0.00
[ 130s ] thds: 400 tps: 7073.97 qps: 141343.04 (r/w/o: 98918.54/28275.07/14149.43) lat (ms,95%): 110.66 err/s: 0.00 reconn/s: 0.00
[ 140s ] thds: 400 tps: 9434.35 qps: 188867.44 (r/w/o: 132247.86/37750.59/18868.99) lat (ms,95%): 59.99 err/s: 0.00 reconn/s: 0.00
[ 150s ] thds: 400 tps: 9564.66 qps: 191291.66 (r/w/o: 133899.71/38262.43/19129.52) lat (ms,95%): 61.08 err/s: 0.10 reconn/s: 0.00
[ 160s ] thds: 400 tps: 9370.56 qps: 187226.64 (r/w/o: 131021.87/37468.75/18736.02) lat (ms,95%): 65.65 err/s: 0.00 reconn/s: 0.00
[ 170s ] thds: 400 tps: 9779.82 qps: 195934.29 (r/w/o: 137158.04/39213.10/19563.15) lat (ms,95%): 52.89 err/s: 0.00 reconn/s: 0.00
[ 180s ] thds: 400 tps: 9265.15 qps: 185139.81 (r/w/o: 129607.24/37000.98/18531.59) lat (ms,95%): 74.46 err/s: 0.10 reconn/s: 0.00
[ 190s ] thds: 400 tps: 9586.07 qps: 191613.37 (r/w/o: 134132.26/38308.57/19172.54) lat (ms,95%): 59.99 err/s: 0.10 reconn/s: 0.00
[ 200s ] thds: 400 tps: 9781.58 qps: 195915.05 (r/w/o: 137120.89/39230.51/19563.65) lat (ms,95%): 54.83 err/s: 0.10 reconn/s: 0.00
[ 210s ] thds: 400 tps: 9717.46 qps: 193939.70 (r/w/o: 135738.64/38768.24/19432.82) lat (ms,95%): 57.87 err/s: 0.00 reconn/s: 0.00
[ 220s ] thds: 400 tps: 8106.53 qps: 162464.84 (r/w/o: 113744.45/32504.93/16215.46) lat (ms,95%): 92.42 err/s: 0.00 reconn/s: 0.00
[ 230s ] thds: 400 tps: 7694.85 qps: 153909.54 (r/w/o: 107767.36/30752.49/15389.69) lat (ms,95%): 92.42 err/s: 0.00 reconn/s: 0.00
[ 240s ] thds: 400 tps: 7130.28 qps: 142617.86 (r/w/o: 99821.99/28535.21/14260.66) lat (ms,95%): 102.97 err/s: 0.00 reconn/s: 0.00
[ 250s ] thds: 400 tps: 8680.57 qps: 173448.51 (r/w/o: 121388.68/34700.68/17359.14) lat (ms,95%): 80.03 err/s: 0.10 reconn/s: 0.00
[ 260s ] thds: 400 tps: 9351.32 qps: 187135.16 (r/w/o: 131007.92/37422.69/18704.55) lat (ms,95%): 61.08 err/s: 0.00 reconn/s: 0.00
[ 270s ] thds: 400 tps: 9479.16 qps: 189518.90 (r/w/o: 132640.01/37920.16/18958.73) lat (ms,95%): 66.84 err/s: 0.00 reconn/s: 0.00
[ 280s ] thds: 400 tps: 9859.44 qps: 197131.92 (r/w/o: 138037.18/39375.87/19718.88) lat (ms,95%): 52.89 err/s: 0.00 reconn/s: 0.00
[ 290s ] thds: 400 tps: 9380.66 qps: 187847.68 (r/w/o: 131466.49/37619.56/18761.63) lat (ms,95%): 73.13 err/s: 0.10 reconn/s: 0.00
[ 300s ] thds: 400 tps: 9646.60 qps: 192967.78 (r/w/o: 135072.35/38602.32/19293.11) lat (ms,95%): 55.82 err/s: 0.00 reconn/s: 0.00
[ 310s ] thds: 400 tps: 9621.59 qps: 192303.70 (r/w/o: 134605.16/38455.16/19243.38) lat (ms,95%): 55.82 err/s: 0.00 reconn/s: 0.00
[ 320s ] thds: 400 tps: 8688.38 qps: 173805.11 (r/w/o: 121709.13/34719.22/17376.76) lat (ms,95%): 90.78 err/s: 0.00 reconn/s: 0.00
[ 330s ] thds: 400 tps: 8414.77 qps: 168009.68 (r/w/o: 117550.24/33629.70/16829.75) lat (ms,95%): 89.16 err/s: 0.00 reconn/s: 0.00
[ 340s ] thds: 400 tps: 8148.77 qps: 163086.34 (r/w/o: 114190.44/32598.37/16297.53) lat (ms,95%): 86.00 err/s: 0.00 reconn/s: 0.00
[ 350s ] thds: 400 tps: 7309.04 qps: 146330.75 (r/w/o: 102416.79/29295.87/14618.09) lat (ms,95%): 95.81 err/s: 0.00 reconn/s: 0.00
[ 360s ] thds: 400 tps: 8449.38 qps: 168904.57 (r/w/o: 118295.30/33710.41/16898.86) lat (ms,95%): 82.96 err/s: 0.00 reconn/s: 0.00
[ 370s ] thds: 400 tps: 9231.30 qps: 184650.03 (r/w/o: 129221.92/36965.50/18462.60) lat (ms,95%): 73.13 err/s: 0.00 reconn/s: 0.00
[ 380s ] thds: 400 tps: 8552.47 qps: 170937.29 (r/w/o: 119616.34/34215.60/17105.35) lat (ms,95%): 84.47 err/s: 0.20 reconn/s: 0.00
[ 390s ] thds: 400 tps: 8363.33 qps: 167409.44 (r/w/o: 117241.15/33441.63/16726.66) lat (ms,95%): 89.16 err/s: 0.00 reconn/s: 0.00
[ 400s ] thds: 400 tps: 7784.80 qps: 155698.26 (r/w/o: 108960.74/31169.61/15567.91) lat (ms,95%): 95.81 err/s: 0.00 reconn/s: 0.00
[ 410s ] thds: 400 tps: 8169.06 qps: 163359.34 (r/w/o: 114369.00/32650.23/16340.11) lat (ms,95%): 90.78 err/s: 0.00 reconn/s: 0.00
[ 420s ] thds: 400 tps: 9506.61 qps: 190010.20 (r/w/o: 133007.74/37989.14/19013.32) lat (ms,95%): 63.32 err/s: 0.00 reconn/s: 0.00
[ 430s ] thds: 400 tps: 9143.14 qps: 182800.20 (r/w/o: 127909.03/36615.18/18275.99) lat (ms,95%): 75.82 err/s: 0.00 reconn/s: 0.00
[ 440s ] thds: 400 tps: 9922.34 qps: 198652.51 (r/w/o: 139063.67/39733.76/19855.08) lat (ms,95%): 52.89 err/s: 0.00 reconn/s: 0.00
[ 450s ] thds: 400 tps: 8224.09 qps: 164424.90 (r/w/o: 115143.89/32834.64/16446.37) lat (ms,95%): 92.42 err/s: 0.10 reconn/s: 0.00
[ 460s ] thds: 400 tps: 7276.82 qps: 145485.27 (r/w/o: 101818.36/29111.77/14555.14) lat (ms,95%): 102.97 err/s: 0.00 reconn/s: 0.00
[ 470s ] thds: 400 tps: 7389.41 qps: 147991.49 (r/w/o: 103601.71/29610.76/14779.03) lat (ms,95%): 95.81 err/s: 0.00 reconn/s: 0.00
[ 480s ] thds: 400 tps: 9147.20 qps: 182770.19 (r/w/o: 127936.60/36540.60/18293.00) lat (ms,95%): 68.05 err/s: 0.00 reconn/s: 0.00
[ 490s ] thds: 400 tps: 9702.57 qps: 194222.81 (r/w/o: 135932.75/38882.71/19407.35) lat (ms,95%): 54.83 err/s: 0.00 reconn/s: 0.00
[ 500s ] thds: 400 tps: 9739.73 qps: 194766.35 (r/w/o: 136365.25/38921.63/19479.46) lat (ms,95%): 56.84 err/s: 0.00 reconn/s: 0.00
[ 510s ] thds: 400 tps: 9146.13 qps: 182808.12 (r/w/o: 127949.74/36565.92/18292.46) lat (ms,95%): 77.19 err/s: 0.00 reconn/s: 0.00
[ 520s ] thds: 400 tps: 9677.78 qps: 193540.86 (r/w/o: 135482.86/38708.73/19349.27) lat (ms,95%): 57.87 err/s: 0.00 reconn/s: 0.00
[ 530s ] thds: 400 tps: 9570.54 qps: 191403.02 (r/w/o: 133950.61/38311.04/19141.37) lat (ms,95%): 59.99 err/s: 0.20 reconn/s: 0.00
[ 540s ] thds: 400 tps: 9139.18 qps: 182650.34 (r/w/o: 127885.08/36484.81/18280.45) lat (ms,95%): 77.19 err/s: 0.00 reconn/s: 0.00
[ 550s ] thds: 400 tps: 9957.23 qps: 199327.92 (r/w/o: 139521.10/39893.85/19912.97) lat (ms,95%): 52.89 err/s: 0.10 reconn/s: 0.00
[ 560s ] thds: 400 tps: 8278.12 qps: 165435.17 (r/w/o: 115780.93/33097.50/16556.75) lat (ms,95%): 94.10 err/s: 0.10 reconn/s: 0.00
[ 570s ] thds: 400 tps: 7008.34 qps: 140314.53 (r/w/o: 98227.61/28069.65/14017.27) lat (ms,95%): 106.75 err/s: 0.00 reconn/s: 0.00
[ 580s ] thds: 400 tps: 7463.98 qps: 149386.87 (r/w/o: 104605.40/29847.81/14933.66) lat (ms,95%): 95.81 err/s: 0.00 reconn/s: 0.00
[ 590s ] thds: 400 tps: 9084.08 qps: 181652.75 (r/w/o: 127172.05/36312.33/18168.36) lat (ms,95%): 71.83 err/s: 0.00 reconn/s: 0.00
[ 600s ] thds: 400 tps: 9598.56 qps: 191862.10 (r/w/o: 134323.24/38342.14/19196.72) lat (ms,95%): 56.84 err/s: 0.00 reconn/s: 0.00
[ 610s ] thds: 400 tps: 9608.65 qps: 192261.56 (r/w/o: 134551.44/38492.21/19217.91) lat (ms,95%): 58.92 err/s: 0.00 reconn/s: 0.00
[ 620s ] thds: 400 tps: 9256.04 qps: 185037.28 (r/w/o: 129533.74/36991.46/18512.08) lat (ms,95%): 71.83 err/s: 0.00 reconn/s: 0.00
[ 630s ] thds: 400 tps: 9514.24 qps: 190178.37 (r/w/o: 133088.91/38060.58/19028.89) lat (ms,95%): 61.08 err/s: 0.20 reconn/s: 0.00
[ 640s ] thds: 400 tps: 9726.37 qps: 194582.74 (r/w/o: 136248.44/38881.77/19452.53) lat (ms,95%): 56.84 err/s: 0.00 reconn/s: 0.00
[ 650s ] thds: 400 tps: 9065.69 qps: 181337.77 (r/w/o: 126942.44/36263.75/18131.58) lat (ms,95%): 77.19 err/s: 0.00 reconn/s: 0.00
[ 660s ] thds: 400 tps: 10004.53 qps: 200230.39 (r/w/o: 140130.31/40090.62/20009.46) lat (ms,95%): 52.89 err/s: 0.20 reconn/s: 0.00
[ 670s ] thds: 400 tps: 8601.70 qps: 171841.71 (r/w/o: 120271.20/34372.60/17197.90) lat (ms,95%): 86.00 err/s: 0.20 reconn/s: 0.00
[ 680s ] thds: 400 tps: 7109.23 qps: 142421.89 (r/w/o: 99721.69/28475.74/14224.47) lat (ms,95%): 101.13 err/s: 0.00 reconn/s: 0.00
[ 690s ] thds: 400 tps: 7358.74 qps: 147029.57 (r/w/o: 102913.64/29398.75/14717.18) lat (ms,95%): 95.81 err/s: 0.00 reconn/s: 0.00
[ 700s ] thds: 400 tps: 8931.18 qps: 178575.19 (r/w/o: 125004.51/35707.82/17862.86) lat (ms,95%): 74.46 err/s: 0.20 reconn/s: 0.00
[ 710s ] thds: 400 tps: 9581.52 qps: 191440.64 (r/w/o: 133969.44/38315.27/19155.93) lat (ms,95%): 56.84 err/s: 0.00 reconn/s: 0.00
[ 720s ] thds: 400 tps: 9797.00 qps: 195901.29 (r/w/o: 137132.16/39167.82/19601.31) lat (ms,95%): 54.83 err/s: 0.00 reconn/s: 0.00
[ 730s ] thds: 400 tps: 9091.51 qps: 181888.16 (r/w/o: 127340.11/36364.73/18183.32) lat (ms,95%): 75.82 err/s: 0.10 reconn/s: 0.00
[ 740s ] thds: 400 tps: 9588.78 qps: 191950.44 (r/w/o: 134371.18/38411.61/19167.65) lat (ms,95%): 61.08 err/s: 0.00 reconn/s: 0.00
[ 750s ] thds: 400 tps: 9239.26 qps: 184751.87 (r/w/o: 129318.69/36946.25/18486.93) lat (ms,95%): 74.46 err/s: 0.00 reconn/s: 0.00
[ 760s ] thds: 400 tps: 8673.24 qps: 173504.77 (r/w/o: 121447.64/34708.96/17348.18) lat (ms,95%): 87.56 err/s: 0.00 reconn/s: 0.00
[ 770s ] thds: 400 tps: 8759.30 qps: 175239.37 (r/w/o: 122709.95/35010.61/17518.81) lat (ms,95%): 84.47 err/s: 0.10 reconn/s: 0.00
[ 780s ] thds: 400 tps: 7700.56 qps: 154000.95 (r/w/o: 107804.47/30795.35/15401.12) lat (ms,95%): 99.33 err/s: 0.00 reconn/s: 0.00
[ 790s ] thds: 400 tps: 7732.08 qps: 154570.52 (r/w/o: 108198.54/30908.22/15463.76) lat (ms,95%): 95.81 err/s: 0.00 reconn/s: 0.00
[ 800s ] thds: 400 tps: 7360.46 qps: 147136.47 (r/w/o: 102934.49/29480.45/14721.53) lat (ms,95%): 99.33 err/s: 0.00 reconn/s: 0.00
[ 810s ] thds: 400 tps: 7559.11 qps: 151344.84 (r/w/o: 105987.80/30238.83/15118.21) lat (ms,95%): 104.84 err/s: 0.00 reconn/s: 0.00
[ 820s ] thds: 400 tps: 7583.56 qps: 151505.57 (r/w/o: 106046.59/30291.35/15167.63) lat (ms,95%): 95.81 err/s: 0.20 reconn/s: 0.00
[ 830s ] thds: 400 tps: 8942.55 qps: 178818.47 (r/w/o: 125173.65/35759.41/17885.41) lat (ms,95%): 80.03 err/s: 0.10 reconn/s: 0.00
[ 840s ] thds: 400 tps: 9207.31 qps: 184271.93 (r/w/o: 129019.96/36840.25/18411.72) lat (ms,95%): 71.83 err/s: 0.00 reconn/s: 0.00
SQL statistics:
    queries performed:
        read:                            103193328
        write:                           29483708
        other:                           14741950
        total:                           147418986
    transactions:                        7370925 (8766.87 per sec.)
    queries:                             147418986 (175338.06 per sec.)
    ignored errors:                      27     (0.03 per sec.)
    reconnects:                          0      (0.00 per sec.)

General statistics:
    total time:                          840.7690s
    total number of events:              7370925

Latency (ms):
         min:                                   19.95
         avg:                                   45.59
         max:                                  894.39
         95th percentile:                       82.96
         sum:                            336010490.43

Threads fairness:
    events (avg/stddev):           18427.3125/410.71
    execution time (avg/stddev):   840.0262/0.13

