sysbench 1.0.20-ebf1c90 (using bundled LuaJIT 2.1.0-beta2)

Running the test with following options:
Number of threads: 400
Report intermediate results every 10 second(s)
Initializing random number generator from current time


Initializing worker threads...

Threads started!

[ 10s ] thds: 400 tps: 5807.16 qps: 116699.07 (r/w/o: 81763.61/23281.14/11654.32) lat (ms,95%): 204.11 err/s: 0.00 reconn/s: 0.00
[ 20s ] thds: 400 tps: 8112.44 qps: 162081.00 (r/w/o: 113409.46/32447.76/16223.78) lat (ms,95%): 155.80 err/s: 0.00 reconn/s: 0.00
[ 30s ] thds: 400 tps: 8453.34 qps: 169116.21 (r/w/o: 118403.40/33810.44/16902.37) lat (ms,95%): 139.85 err/s: 0.00 reconn/s: 0.00
[ 40s ] thds: 400 tps: 9130.51 qps: 182691.03 (r/w/o: 127908.36/36515.75/18266.92) lat (ms,95%): 65.65 err/s: 0.20 reconn/s: 0.00
[ 50s ] thds: 400 tps: 9469.04 qps: 189457.62 (r/w/o: 132640.70/37878.84/18938.07) lat (ms,95%): 59.99 err/s: 0.00 reconn/s: 0.00
[ 60s ] thds: 400 tps: 9674.27 qps: 193403.81 (r/w/o: 135382.52/38672.56/19348.73) lat (ms,95%): 56.84 err/s: 0.00 reconn/s: 0.00
[ 70s ] thds: 400 tps: 9387.25 qps: 187718.10 (r/w/o: 131378.90/37565.10/18774.10) lat (ms,95%): 63.32 err/s: 0.00 reconn/s: 0.00
[ 80s ] thds: 400 tps: 9443.30 qps: 188779.10 (r/w/o: 132119.50/37772.50/18887.10) lat (ms,95%): 66.84 err/s: 0.00 reconn/s: 0.00
[ 90s ] thds: 400 tps: 9408.26 qps: 188010.99 (r/w/o: 131577.63/37616.74/18816.62) lat (ms,95%): 59.99 err/s: 0.00 reconn/s: 0.00
[ 100s ] thds: 400 tps: 9800.31 qps: 196326.75 (r/w/o: 137454.40/39275.63/19596.72) lat (ms,95%): 53.85 err/s: 0.00 reconn/s: 0.00
[ 110s ] thds: 400 tps: 7399.24 qps: 147891.26 (r/w/o: 103538.43/29550.45/14802.38) lat (ms,95%): 116.80 err/s: 0.00 reconn/s: 0.00
[ 120s ] thds: 400 tps: 6173.06 qps: 123659.16 (r/w/o: 86574.91/24738.03/12346.22) lat (ms,95%): 130.13 err/s: 0.10 reconn/s: 0.00
[ 130s ] thds: 400 tps: 7089.60 qps: 141771.41 (r/w/o: 99236.21/28356.40/14178.80) lat (ms,95%): 110.66 err/s: 0.00 reconn/s: 0.00
[ 140s ] thds: 400 tps: 9443.78 qps: 188575.33 (r/w/o: 131997.24/37690.33/18887.76) lat (ms,95%): 59.99 err/s: 0.00 reconn/s: 0.00
[ 150s ] thds: 400 tps: 9555.29 qps: 191048.71 (r/w/o: 133709.87/38227.96/19110.88) lat (ms,95%): 61.08 err/s: 0.00 reconn/s: 0.00
[ 160s ] thds: 400 tps: 9356.42 qps: 187105.04 (r/w/o: 130963.51/37428.59/18712.94) lat (ms,95%): 65.65 err/s: 0.00 reconn/s: 0.00
[ 170s ] thds: 400 tps: 9756.00 qps: 195376.33 (r/w/o: 136824.42/39039.91/19512.00) lat (ms,95%): 53.85 err/s: 0.00 reconn/s: 0.00
[ 180s ] thds: 400 tps: 9296.37 qps: 185970.25 (r/w/o: 130187.11/37190.29/18592.84) lat (ms,95%): 73.13 err/s: 0.00 reconn/s: 0.00
[ 190s ] thds: 400 tps: 9554.33 qps: 190896.22 (r/w/o: 133569.44/38227.23/19099.56) lat (ms,95%): 59.99 err/s: 0.10 reconn/s: 0.00
[ 200s ] thds: 400 tps: 9753.38 qps: 195133.11 (r/w/o: 136645.03/38971.92/19516.16) lat (ms,95%): 54.83 err/s: 0.00 reconn/s: 0.00
[ 210s ] thds: 400 tps: 9655.20 qps: 193175.77 (r/w/o: 135227.48/38637.99/19310.30) lat (ms,95%): 57.87 err/s: 0.00 reconn/s: 0.00
[ 220s ] thds: 400 tps: 8146.00 qps: 162792.72 (r/w/o: 113916.24/32587.68/16288.79) lat (ms,95%): 92.42 err/s: 0.00 reconn/s: 0.00
[ 230s ] thds: 400 tps: 7647.31 qps: 153153.94 (r/w/o: 107209.77/30646.55/15297.62) lat (ms,95%): 92.42 err/s: 0.00 reconn/s: 0.00
[ 240s ] thds: 400 tps: 7150.00 qps: 142711.23 (r/w/o: 99851.95/28561.99/14297.29) lat (ms,95%): 102.97 err/s: 0.00 reconn/s: 0.00
[ 250s ] thds: 400 tps: 8665.71 qps: 173471.70 (r/w/o: 121515.44/34621.74/17334.52) lat (ms,95%): 80.03 err/s: 0.00 reconn/s: 0.00
[ 260s ] thds: 400 tps: 9352.91 qps: 187031.59 (r/w/o: 130900.20/37429.76/18701.63) lat (ms,95%): 62.19 err/s: 0.00 reconn/s: 0.00
[ 270s ] thds: 400 tps: 9475.00 qps: 189572.78 (r/w/o: 132707.85/37912.52/18952.41) lat (ms,95%): 64.47 err/s: 0.10 reconn/s: 0.00
[ 280s ] thds: 400 tps: 9851.19 qps: 196951.27 (r/w/o: 137834.54/39419.85/19696.88) lat (ms,95%): 51.94 err/s: 0.10 reconn/s: 0.00
[ 290s ] thds: 400 tps: 9392.71 qps: 187910.10 (r/w/o: 131587.04/37529.84/18793.22) lat (ms,95%): 71.83 err/s: 0.00 reconn/s: 0.00
[ 300s ] thds: 400 tps: 9627.19 qps: 192451.33 (r/w/o: 134685.91/38513.75/19251.67) lat (ms,95%): 56.84 err/s: 0.00 reconn/s: 0.00
[ 310s ] thds: 400 tps: 9670.59 qps: 193472.21 (r/w/o: 135432.20/38697.94/19342.07) lat (ms,95%): 54.83 err/s: 0.00 reconn/s: 0.00
[ 320s ] thds: 400 tps: 8695.62 qps: 173865.96 (r/w/o: 121717.62/34755.09/17393.25) lat (ms,95%): 90.78 err/s: 0.00 reconn/s: 0.00
[ 330s ] thds: 400 tps: 8364.50 qps: 167464.03 (r/w/o: 117245.35/33489.09/16729.59) lat (ms,95%): 89.16 err/s: 0.30 reconn/s: 0.00
[ 340s ] thds: 400 tps: 8177.08 qps: 163581.91 (r/w/o: 114489.42/32738.12/16354.36) lat (ms,95%): 86.00 err/s: 0.00 reconn/s: 0.00
[ 350s ] thds: 400 tps: 7268.60 qps: 145396.92 (r/w/o: 101773.31/29086.60/14537.00) lat (ms,95%): 95.81 err/s: 0.00 reconn/s: 0.00
[ 360s ] thds: 400 tps: 8476.58 qps: 169277.16 (r/w/o: 118464.96/33867.73/16944.47) lat (ms,95%): 82.96 err/s: 0.00 reconn/s: 0.00
[ 370s ] thds: 400 tps: 9237.91 qps: 185069.75 (r/w/o: 129549.88/37034.85/18485.03) lat (ms,95%): 73.13 err/s: 0.10 reconn/s: 0.00
[ 380s ] thds: 400 tps: 8569.42 qps: 171338.05 (r/w/o: 119942.81/34256.39/17138.84) lat (ms,95%): 82.96 err/s: 0.00 reconn/s: 0.00
[ 390s ] thds: 400 tps: 8360.31 qps: 166998.09 (r/w/o: 116871.84/33415.94/16710.32) lat (ms,95%): 89.16 err/s: 0.10 reconn/s: 0.00
[ 400s ] thds: 400 tps: 7720.00 qps: 154504.08 (r/w/o: 108171.95/30883.12/15449.01) lat (ms,95%): 97.55 err/s: 0.00 reconn/s: 0.00
[ 410s ] thds: 400 tps: 8239.89 qps: 164790.92 (r/w/o: 115361.47/32948.16/16481.28) lat (ms,95%): 90.78 err/s: 0.00 reconn/s: 0.00
[ 420s ] thds: 400 tps: 9476.60 qps: 189292.89 (r/w/o: 132478.60/37871.10/18943.20) lat (ms,95%): 63.32 err/s: 0.00 reconn/s: 0.00
[ 430s ] thds: 400 tps: 9161.61 qps: 183478.92 (r/w/o: 128500.99/36644.72/18333.21) lat (ms,95%): 75.82 err/s: 0.00 reconn/s: 0.00
[ 440s ] thds: 400 tps: 9952.92 qps: 198828.56 (r/w/o: 139109.95/39812.67/19905.94) lat (ms,95%): 52.89 err/s: 0.10 reconn/s: 0.00
[ 450s ] thds: 400 tps: 8170.10 qps: 163758.73 (r/w/o: 114658.92/32759.41/16340.40) lat (ms,95%): 92.42 err/s: 0.00 reconn/s: 0.00
[ 460s ] thds: 400 tps: 7297.89 qps: 145996.98 (r/w/o: 102196.71/29204.18/14596.09) lat (ms,95%): 101.13 err/s: 0.10 reconn/s: 0.00
[ 470s ] thds: 400 tps: 7354.99 qps: 147093.82 (r/w/o: 102968.88/29414.86/14710.08) lat (ms,95%): 95.81 err/s: 0.00 reconn/s: 0.00
[ 480s ] thds: 400 tps: 9145.78 qps: 182773.66 (r/w/o: 127966.89/36515.21/18291.56) lat (ms,95%): 66.84 err/s: 0.00 reconn/s: 0.00
[ 490s ] thds: 400 tps: 9687.23 qps: 193832.47 (r/w/o: 135646.47/38811.53/19374.47) lat (ms,95%): 54.83 err/s: 0.00 reconn/s: 0.00
[ 500s ] thds: 400 tps: 9743.41 qps: 194680.36 (r/w/o: 136327.91/38865.63/19486.82) lat (ms,95%): 57.87 err/s: 0.00 reconn/s: 0.00
[ 510s ] thds: 400 tps: 9112.39 qps: 182286.36 (r/w/o: 127577.03/36484.15/18225.18) lat (ms,95%): 77.19 err/s: 0.20 reconn/s: 0.00
[ 520s ] thds: 400 tps: 9670.99 qps: 193444.91 (r/w/o: 135378.70/38732.84/19333.37) lat (ms,95%): 57.87 err/s: 0.10 reconn/s: 0.00
[ 530s ] thds: 400 tps: 9554.72 qps: 191081.88 (r/w/o: 133778.67/38185.08/19118.14) lat (ms,95%): 59.99 err/s: 0.00 reconn/s: 0.00
[ 540s ] thds: 400 tps: 9085.60 qps: 181662.28 (r/w/o: 127147.95/36342.92/18171.41) lat (ms,95%): 77.19 err/s: 0.00 reconn/s: 0.00
[ 550s ] thds: 400 tps: 9954.22 qps: 199103.00 (r/w/o: 139423.91/39771.56/19907.53) lat (ms,95%): 52.89 err/s: 0.00 reconn/s: 0.00
[ 560s ] thds: 400 tps: 8256.49 qps: 165021.28 (r/w/o: 115472.31/33036.77/16512.19) lat (ms,95%): 94.10 err/s: 0.00 reconn/s: 0.00
[ 570s ] thds: 400 tps: 7039.79 qps: 140699.84 (r/w/o: 98468.22/28154.05/14077.57) lat (ms,95%): 104.84 err/s: 0.10 reconn/s: 0.00
[ 580s ] thds: 400 tps: 7475.61 qps: 149646.22 (r/w/o: 104790.08/29900.82/14955.31) lat (ms,95%): 94.10 err/s: 0.00 reconn/s: 0.00
[ 590s ] thds: 400 tps: 9095.89 qps: 181936.47 (r/w/o: 127357.04/36387.55/18191.88) lat (ms,95%): 71.83 err/s: 0.00 reconn/s: 0.00
[ 600s ] thds: 400 tps: 9565.62 qps: 191342.72 (r/w/o: 133916.22/38296.16/19130.33) lat (ms,95%): 57.87 err/s: 0.00 reconn/s: 0.00
[ 610s ] thds: 400 tps: 9590.19 qps: 191749.76 (r/w/o: 134228.50/38346.57/19174.69) lat (ms,95%): 59.99 err/s: 0.00 reconn/s: 0.00
[ 620s ] thds: 400 tps: 9223.02 qps: 184596.42 (r/w/o: 129204.53/36939.36/18452.53) lat (ms,95%): 73.13 err/s: 0.00 reconn/s: 0.00
[ 630s ] thds: 400 tps: 9506.09 qps: 189985.54 (r/w/o: 133012.28/37961.17/19012.08) lat (ms,95%): 61.08 err/s: 0.00 reconn/s: 0.00
[ 640s ] thds: 400 tps: 9732.00 qps: 194695.76 (r/w/o: 136245.77/38994.99/19455.00) lat (ms,95%): 56.84 err/s: 0.10 reconn/s: 0.00
[ 650s ] thds: 400 tps: 9049.80 qps: 180802.22 (r/w/o: 126579.45/36122.28/18100.49) lat (ms,95%): 77.19 err/s: 0.10 reconn/s: 0.00
[ 660s ] thds: 400 tps: 10024.91 qps: 200656.90 (r/w/o: 140501.74/40096.24/20058.92) lat (ms,95%): 52.89 err/s: 0.10 reconn/s: 0.00
[ 670s ] thds: 400 tps: 8546.59 qps: 171112.19 (r/w/o: 119753.75/34265.56/17092.88) lat (ms,95%): 86.00 err/s: 0.10 reconn/s: 0.00
[ 680s ] thds: 400 tps: 7181.71 qps: 143469.69 (r/w/o: 100457.63/28647.84/14364.22) lat (ms,95%): 101.13 err/s: 0.10 reconn/s: 0.00
[ 690s ] thds: 400 tps: 7299.12 qps: 146117.15 (r/w/o: 102268.75/29250.17/14598.24) lat (ms,95%): 97.55 err/s: 0.10 reconn/s: 0.00
[ 700s ] thds: 400 tps: 8971.70 qps: 179458.06 (r/w/o: 125624.24/35890.01/17943.81) lat (ms,95%): 73.13 err/s: 0.00 reconn/s: 0.00
[ 710s ] thds: 400 tps: 9565.60 qps: 191363.13 (r/w/o: 133944.15/38287.69/19131.29) lat (ms,95%): 56.84 err/s: 0.00 reconn/s: 0.00
[ 720s ] thds: 400 tps: 9815.58 qps: 196308.17 (r/w/o: 137429.60/39247.31/19631.26) lat (ms,95%): 54.83 err/s: 0.10 reconn/s: 0.00
[ 730s ] thds: 400 tps: 9094.52 qps: 181711.07 (r/w/o: 127172.26/36349.58/18189.24) lat (ms,95%): 75.82 err/s: 0.00 reconn/s: 0.00
[ 740s ] thds: 400 tps: 9586.39 qps: 191641.84 (r/w/o: 134160.62/38308.25/19172.97) lat (ms,95%): 61.08 err/s: 0.10 reconn/s: 0.00
[ 750s ] thds: 400 tps: 9233.70 qps: 184920.34 (r/w/o: 129476.13/36976.81/18467.40) lat (ms,95%): 74.46 err/s: 0.00 reconn/s: 0.00
[ 760s ] thds: 400 tps: 8635.21 qps: 172514.71 (r/w/o: 120709.98/34538.02/17266.71) lat (ms,95%): 87.56 err/s: 0.10 reconn/s: 0.00
[ 770s ] thds: 400 tps: 8758.72 qps: 175421.41 (r/w/o: 122821.62/35078.46/17521.33) lat (ms,95%): 84.47 err/s: 0.00 reconn/s: 0.00
[ 780s ] thds: 400 tps: 7677.18 qps: 153273.83 (r/w/o: 107292.64/30627.63/15353.56) lat (ms,95%): 99.33 err/s: 0.00 reconn/s: 0.00
[ 790s ] thds: 400 tps: 7728.62 qps: 154638.06 (r/w/o: 108197.35/30986.97/15453.74) lat (ms,95%): 94.10 err/s: 0.00 reconn/s: 0.00
[ 800s ] thds: 400 tps: 7381.69 qps: 147672.68 (r/w/o: 103427.15/29477.46/14768.08) lat (ms,95%): 99.33 err/s: 0.00 reconn/s: 0.00
[ 810s ] thds: 400 tps: 7545.21 qps: 150864.66 (r/w/o: 105600.81/30173.83/15090.02) lat (ms,95%): 104.84 err/s: 0.00 reconn/s: 0.00
[ 820s ] thds: 400 tps: 7632.90 qps: 152466.37 (r/w/o: 106657.08/30548.89/15260.40) lat (ms,95%): 94.10 err/s: 0.10 reconn/s: 0.00
[ 830s ] thds: 400 tps: 8957.80 qps: 179376.98 (r/w/o: 125602.85/35859.12/17915.01) lat (ms,95%): 80.03 err/s: 0.00 reconn/s: 0.00
[ 840s ] thds: 400 tps: 9147.91 qps: 182842.53 (r/w/o: 127991.06/36551.35/18300.12) lat (ms,95%): 73.13 err/s: 0.10 reconn/s: 0.00
SQL statistics:
    queries performed:
        read:                            103115782
        write:                           29461563
        other:                           14730859
        total:                           147308204
    transactions:                        7365385 (8758.07 per sec.)
    queries:                             147308204 (175162.02 per sec.)
    ignored errors:                      28     (0.03 per sec.)
    reconnects:                          0      (0.00 per sec.)

General statistics:
    total time:                          840.9816s
    total number of events:              7365385

Latency (ms):
         min:                                   19.64
         avg:                                   45.64
         max:                                 1002.32
         95th percentile:                       82.96
         sum:                            336173196.57

Threads fairness:
    events (avg/stddev):           18413.4625/410.29
    execution time (avg/stddev):   840.4330/0.31

