sysbench 1.0.20-ebf1c90 (using bundled LuaJIT 2.1.0-beta2)

Running the test with following options:
Number of threads: 400
Report intermediate results every 10 second(s)
Initializing random number generator from current time


Initializing worker threads...

Threads started!

[ 10s ] thds: 400 tps: 5760.00 qps: 115708.64 (r/w/o: 81071.35/23077.30/11560.00) lat (ms,95%): 204.11 err/s: 0.00 reconn/s: 0.00
[ 20s ] thds: 400 tps: 8124.82 qps: 162335.66 (r/w/o: 113613.75/32472.27/16249.64) lat (ms,95%): 155.80 err/s: 0.00 reconn/s: 0.00
[ 30s ] thds: 400 tps: 8437.09 qps: 168994.12 (r/w/o: 118324.60/33795.24/16874.27) lat (ms,95%): 137.35 err/s: 0.10 reconn/s: 0.00
[ 40s ] thds: 400 tps: 9100.52 qps: 181898.13 (r/w/o: 127335.33/36361.57/18201.23) lat (ms,95%): 65.65 err/s: 0.00 reconn/s: 0.00
[ 50s ] thds: 400 tps: 9509.20 qps: 190299.10 (r/w/o: 133198.37/38081.92/19018.81) lat (ms,95%): 59.99 err/s: 0.10 reconn/s: 0.00
[ 60s ] thds: 400 tps: 9674.42 qps: 193484.54 (r/w/o: 135444.10/38691.39/19349.04) lat (ms,95%): 55.82 err/s: 0.00 reconn/s: 0.00
[ 70s ] thds: 400 tps: 9404.10 qps: 187906.74 (r/w/o: 131515.76/37583.29/18807.69) lat (ms,95%): 63.32 err/s: 0.00 reconn/s: 0.00
[ 80s ] thds: 400 tps: 9366.94 qps: 187302.03 (r/w/o: 131094.91/37472.75/18734.37) lat (ms,95%): 68.05 err/s: 0.00 reconn/s: 0.00
[ 90s ] thds: 400 tps: 9340.95 qps: 186771.29 (r/w/o: 130732.60/37356.90/18681.80) lat (ms,95%): 59.99 err/s: 0.00 reconn/s: 0.00
[ 100s ] thds: 400 tps: 9890.67 qps: 197749.29 (r/w/o: 138421.74/39554.70/19772.85) lat (ms,95%): 52.89 err/s: 0.00 reconn/s: 0.00
[ 110s ] thds: 400 tps: 7381.27 qps: 147827.37 (r/w/o: 103506.36/29549.67/14771.34) lat (ms,95%): 114.72 err/s: 0.00 reconn/s: 0.00
[ 120s ] thds: 400 tps: 6181.01 qps: 123635.31 (r/w/o: 86504.77/24775.92/12354.61) lat (ms,95%): 132.49 err/s: 0.10 reconn/s: 0.00
[ 130s ] thds: 400 tps: 7072.95 qps: 141542.67 (r/w/o: 99125.45/28268.91/14148.31) lat (ms,95%): 110.66 err/s: 0.00 reconn/s: 0.00
[ 140s ] thds: 400 tps: 9479.46 qps: 189369.86 (r/w/o: 132547.41/37858.73/18963.72) lat (ms,95%): 59.99 err/s: 0.00 reconn/s: 0.00
[ 150s ] thds: 400 tps: 9611.70 qps: 192142.48 (r/w/o: 134472.78/38449.80/19219.90) lat (ms,95%): 61.08 err/s: 0.00 reconn/s: 0.00
[ 160s ] thds: 400 tps: 9323.23 qps: 186666.81 (r/w/o: 130672.76/37343.10/18650.95) lat (ms,95%): 65.65 err/s: 0.10 reconn/s: 0.00
[ 170s ] thds: 400 tps: 9799.68 qps: 196026.10 (r/w/o: 137265.82/39160.82/19599.46) lat (ms,95%): 52.89 err/s: 0.00 reconn/s: 0.00
[ 180s ] thds: 400 tps: 9253.71 qps: 185052.45 (r/w/o: 129517.61/37027.43/18507.42) lat (ms,95%): 74.46 err/s: 0.00 reconn/s: 0.00
[ 190s ] thds: 400 tps: 9541.90 qps: 190864.73 (r/w/o: 133583.92/38197.01/19083.80) lat (ms,95%): 59.99 err/s: 0.00 reconn/s: 0.00
[ 200s ] thds: 400 tps: 9811.66 qps: 196135.07 (r/w/o: 137322.79/39191.15/19621.13) lat (ms,95%): 54.83 err/s: 0.00 reconn/s: 0.00
[ 210s ] thds: 400 tps: 9650.24 qps: 193068.26 (r/w/o: 135160.20/38605.47/19302.59) lat (ms,95%): 57.87 err/s: 0.00 reconn/s: 0.00
[ 220s ] thds: 400 tps: 8072.17 qps: 161528.00 (r/w/o: 113046.41/32336.76/16144.83) lat (ms,95%): 94.10 err/s: 0.10 reconn/s: 0.00
[ 230s ] thds: 400 tps: 7675.53 qps: 153680.05 (r/w/o: 107566.58/30762.31/15351.15) lat (ms,95%): 92.42 err/s: 0.00 reconn/s: 0.00
[ 240s ] thds: 400 tps: 7160.12 qps: 142768.24 (r/w/o: 99910.74/28543.07/14314.43) lat (ms,95%): 101.13 err/s: 0.00 reconn/s: 0.00
[ 250s ] thds: 400 tps: 8675.60 qps: 173815.39 (r/w/o: 121715.29/34743.80/17356.30) lat (ms,95%): 80.03 err/s: 0.00 reconn/s: 0.00
[ 260s ] thds: 400 tps: 9369.50 qps: 187285.48 (r/w/o: 131092.25/37453.72/18739.51) lat (ms,95%): 62.19 err/s: 0.00 reconn/s: 0.00
[ 270s ] thds: 400 tps: 9486.08 qps: 189818.98 (r/w/o: 132889.28/37957.34/18972.37) lat (ms,95%): 65.65 err/s: 0.00 reconn/s: 0.00
[ 280s ] thds: 400 tps: 9824.50 qps: 196324.91 (r/w/o: 137386.44/39289.48/19648.99) lat (ms,95%): 52.89 err/s: 0.00 reconn/s: 0.00
[ 290s ] thds: 400 tps: 9350.91 qps: 187085.09 (r/w/o: 131018.51/37364.76/18701.83) lat (ms,95%): 74.46 err/s: 0.00 reconn/s: 0.00
[ 300s ] thds: 400 tps: 9628.82 qps: 192568.38 (r/w/o: 134797.96/38512.58/19257.84) lat (ms,95%): 56.84 err/s: 0.10 reconn/s: 0.00
[ 310s ] thds: 400 tps: 9714.80 qps: 194296.70 (r/w/o: 135997.80/38871.50/19427.40) lat (ms,95%): 54.83 err/s: 0.10 reconn/s: 0.00
[ 320s ] thds: 400 tps: 8696.79 qps: 173904.51 (r/w/o: 121733.40/34775.04/17396.07) lat (ms,95%): 90.78 err/s: 0.00 reconn/s: 0.00
[ 330s ] thds: 400 tps: 8366.17 qps: 167524.27 (r/w/o: 117256.83/33534.89/16732.55) lat (ms,95%): 89.16 err/s: 0.10 reconn/s: 0.00
[ 340s ] thds: 400 tps: 8145.63 qps: 162987.92 (r/w/o: 114068.03/32628.72/16291.16) lat (ms,95%): 86.00 err/s: 0.00 reconn/s: 0.00
[ 350s ] thds: 400 tps: 7305.89 qps: 145767.18 (r/w/o: 102042.72/29113.38/14611.09) lat (ms,95%): 95.81 err/s: 0.00 reconn/s: 0.00
[ 360s ] thds: 400 tps: 8389.54 qps: 167785.73 (r/w/o: 117454.28/33552.47/16778.98) lat (ms,95%): 82.96 err/s: 0.00 reconn/s: 0.00
[ 370s ] thds: 400 tps: 9279.58 qps: 185483.90 (r/w/o: 129813.02/37114.42/18556.46) lat (ms,95%): 71.83 err/s: 0.00 reconn/s: 0.00
[ 380s ] thds: 400 tps: 8573.54 qps: 171827.78 (r/w/o: 120318.92/34358.08/17150.79) lat (ms,95%): 82.96 err/s: 0.00 reconn/s: 0.00
[ 390s ] thds: 400 tps: 8391.17 qps: 167384.52 (r/w/o: 117101.39/33506.18/16776.94) lat (ms,95%): 89.16 err/s: 0.10 reconn/s: 0.00
[ 400s ] thds: 400 tps: 7753.56 qps: 155408.76 (r/w/o: 108848.32/31050.63/15509.82) lat (ms,95%): 95.81 err/s: 0.00 reconn/s: 0.00
[ 410s ] thds: 400 tps: 8205.08 qps: 163981.19 (r/w/o: 114761.18/32807.04/16412.97) lat (ms,95%): 90.78 err/s: 0.00 reconn/s: 0.00
[ 420s ] thds: 400 tps: 9469.49 qps: 189486.13 (r/w/o: 132641.81/37913.25/18931.07) lat (ms,95%): 63.32 err/s: 0.00 reconn/s: 0.00
[ 430s ] thds: 400 tps: 9182.83 qps: 183746.11 (r/w/o: 128677.93/36694.32/18373.86) lat (ms,95%): 75.82 err/s: 0.10 reconn/s: 0.00
[ 440s ] thds: 400 tps: 9951.87 qps: 198862.19 (r/w/o: 139166.14/39797.00/19899.05) lat (ms,95%): 52.89 err/s: 0.10 reconn/s: 0.00
[ 450s ] thds: 400 tps: 8198.46 qps: 163984.57 (r/w/o: 114772.32/32810.43/16401.82) lat (ms,95%): 92.42 err/s: 0.00 reconn/s: 0.00
[ 460s ] thds: 400 tps: 7294.76 qps: 145820.16 (r/w/o: 102044.72/29187.33/14588.12) lat (ms,95%): 102.97 err/s: 0.00 reconn/s: 0.00
[ 470s ] thds: 400 tps: 7387.66 qps: 147727.81 (r/w/o: 103412.18/29541.42/14774.21) lat (ms,95%): 95.81 err/s: 0.00 reconn/s: 0.00
[ 480s ] thds: 400 tps: 9172.88 qps: 183616.68 (r/w/o: 128585.28/36682.84/18348.57) lat (ms,95%): 66.84 err/s: 0.00 reconn/s: 0.00
[ 490s ] thds: 400 tps: 9709.32 qps: 194043.76 (r/w/o: 135810.72/38814.39/19418.65) lat (ms,95%): 54.83 err/s: 0.00 reconn/s: 0.00
[ 500s ] thds: 400 tps: 9709.83 qps: 194273.05 (r/w/o: 136003.99/38849.41/19419.66) lat (ms,95%): 57.87 err/s: 0.00 reconn/s: 0.00
[ 510s ] thds: 400 tps: 9111.71 qps: 182340.16 (r/w/o: 127638.89/36477.85/18223.43) lat (ms,95%): 78.60 err/s: 0.00 reconn/s: 0.00
[ 520s ] thds: 400 tps: 9688.71 qps: 193682.15 (r/w/o: 135534.07/38780.35/19367.72) lat (ms,95%): 57.87 err/s: 0.10 reconn/s: 0.00
[ 530s ] thds: 400 tps: 9568.03 qps: 191481.68 (r/w/o: 134113.17/38222.64/19145.87) lat (ms,95%): 59.99 err/s: 0.00 reconn/s: 0.00
[ 540s ] thds: 400 tps: 9121.26 qps: 182400.00 (r/w/o: 127619.17/36538.02/18242.81) lat (ms,95%): 77.19 err/s: 0.00 reconn/s: 0.00
[ 550s ] thds: 400 tps: 9943.24 qps: 198873.77 (r/w/o: 139266.11/39721.47/19886.19) lat (ms,95%): 52.89 err/s: 0.10 reconn/s: 0.00
[ 560s ] thds: 400 tps: 8283.89 qps: 165549.80 (r/w/o: 115852.09/33130.24/16567.47) lat (ms,95%): 94.10 err/s: 0.00 reconn/s: 0.00
[ 570s ] thds: 400 tps: 7033.31 qps: 140676.88 (r/w/o: 98475.12/28137.14/14064.62) lat (ms,95%): 106.75 err/s: 0.00 reconn/s: 0.00
[ 580s ] thds: 400 tps: 7449.52 qps: 148959.72 (r/w/o: 104274.82/29782.76/14902.13) lat (ms,95%): 95.81 err/s: 0.10 reconn/s: 0.00
[ 590s ] thds: 400 tps: 9096.78 qps: 181882.66 (r/w/o: 127302.96/36386.03/18193.67) lat (ms,95%): 73.13 err/s: 0.00 reconn/s: 0.00
[ 600s ] thds: 400 tps: 9591.67 qps: 191853.90 (r/w/o: 134296.18/38374.28/19183.44) lat (ms,95%): 56.84 err/s: 0.00 reconn/s: 0.00
[ 610s ] thds: 400 tps: 9557.33 qps: 191256.54 (r/w/o: 133920.45/38221.43/19114.66) lat (ms,95%): 59.99 err/s: 0.00 reconn/s: 0.00
[ 620s ] thds: 400 tps: 9200.12 qps: 184157.27 (r/w/o: 128872.86/36884.37/18400.04) lat (ms,95%): 71.83 err/s: 0.00 reconn/s: 0.00
[ 630s ] thds: 400 tps: 9518.80 qps: 190341.73 (r/w/o: 133271.85/38034.89/19034.99) lat (ms,95%): 61.08 err/s: 0.00 reconn/s: 0.00
[ 640s ] thds: 400 tps: 9769.29 qps: 195092.70 (r/w/o: 136505.46/39051.56/19535.68) lat (ms,95%): 55.82 err/s: 0.00 reconn/s: 0.00
[ 650s ] thds: 400 tps: 9056.41 qps: 181078.53 (r/w/o: 126742.06/36217.75/18118.72) lat (ms,95%): 77.19 err/s: 0.00 reconn/s: 0.00
[ 660s ] thds: 400 tps: 9979.71 qps: 199773.85 (r/w/o: 139896.81/39917.63/19959.42) lat (ms,95%): 53.85 err/s: 0.10 reconn/s: 0.00
[ 670s ] thds: 400 tps: 8557.40 qps: 171345.73 (r/w/o: 119932.05/34298.79/17114.89) lat (ms,95%): 86.00 err/s: 0.00 reconn/s: 0.00
[ 680s ] thds: 400 tps: 7127.47 qps: 142376.43 (r/w/o: 99678.23/28443.27/14254.93) lat (ms,95%): 101.13 err/s: 0.00 reconn/s: 0.00
[ 690s ] thds: 400 tps: 7320.40 qps: 146499.70 (r/w/o: 102523.30/29338.80/14637.60) lat (ms,95%): 97.55 err/s: 0.00 reconn/s: 0.00
[ 700s ] thds: 400 tps: 8925.82 qps: 178637.15 (r/w/o: 125067.15/35715.07/17854.94) lat (ms,95%): 74.46 err/s: 0.00 reconn/s: 0.00
[ 710s ] thds: 400 tps: 9595.20 qps: 191843.17 (r/w/o: 134296.58/38356.59/19190.00) lat (ms,95%): 56.84 err/s: 0.10 reconn/s: 0.00
[ 720s ] thds: 400 tps: 9809.08 qps: 196229.24 (r/w/o: 137368.18/39242.21/19618.85) lat (ms,95%): 54.83 err/s: 0.00 reconn/s: 0.00
[ 730s ] thds: 400 tps: 9118.61 qps: 182424.53 (r/w/o: 127679.09/36508.23/18237.21) lat (ms,95%): 75.82 err/s: 0.00 reconn/s: 0.00
[ 740s ] thds: 400 tps: 9644.79 qps: 192788.97 (r/w/o: 134972.44/38526.85/19289.68) lat (ms,95%): 59.99 err/s: 0.00 reconn/s: 0.00
[ 750s ] thds: 400 tps: 9200.32 qps: 184184.39 (r/w/o: 128880.94/36903.10/18400.35) lat (ms,95%): 75.82 err/s: 0.00 reconn/s: 0.00
[ 760s ] thds: 400 tps: 8705.00 qps: 174000.78 (r/w/o: 121820.99/34769.30/17410.50) lat (ms,95%): 87.56 err/s: 0.00 reconn/s: 0.00
[ 770s ] thds: 400 tps: 8806.34 qps: 175847.08 (r/w/o: 123104.25/35130.16/17612.68) lat (ms,95%): 84.47 err/s: 0.10 reconn/s: 0.00
[ 780s ] thds: 400 tps: 7664.91 qps: 153621.00 (r/w/o: 107528.81/30762.16/15330.03) lat (ms,95%): 99.33 err/s: 0.00 reconn/s: 0.00
[ 790s ] thds: 400 tps: 7718.71 qps: 154165.63 (r/w/o: 107937.19/30791.03/15437.41) lat (ms,95%): 95.81 err/s: 0.00 reconn/s: 0.00
[ 800s ] thds: 400 tps: 7334.57 qps: 146794.25 (r/w/o: 102777.15/29347.77/14669.34) lat (ms,95%): 101.13 err/s: 0.00 reconn/s: 0.00
[ 810s ] thds: 400 tps: 7546.10 qps: 151010.49 (r/w/o: 105666.86/30251.32/15092.31) lat (ms,95%): 104.84 err/s: 0.00 reconn/s: 0.00
[ 820s ] thds: 400 tps: 7611.61 qps: 151949.44 (r/w/o: 106339.47/30392.55/15217.42) lat (ms,95%): 94.10 err/s: 0.00 reconn/s: 0.00
[ 830s ] thds: 400 tps: 8947.50 qps: 179059.34 (r/w/o: 125335.02/35823.41/17900.90) lat (ms,95%): 80.03 err/s: 0.00 reconn/s: 0.00
[ 840s ] thds: 400 tps: 9147.36 qps: 182939.08 (r/w/o: 128073.90/36573.16/18292.03) lat (ms,95%): 73.13 err/s: 0.00 reconn/s: 0.00
SQL statistics:
    queries performed:
        read:                            103131154
        write:                           29465974
        other:                           14733058
        total:                           147330186
    transactions:                        7366494 (8759.85 per sec.)
    queries:                             147330186 (175197.34 per sec.)
    ignored errors:                      17     (0.02 per sec.)
    reconnects:                          0      (0.00 per sec.)

General statistics:
    total time:                          840.9375s
    total number of events:              7366494

Latency (ms):
         min:                                   19.84
         avg:                                   45.62
         max:                                 1012.69
         95th percentile:                       82.96
         sum:                            336079206.51

Threads fairness:
    events (avg/stddev):           18416.2350/380.92
    execution time (avg/stddev):   840.1980/0.28

