sysbench 1.0.20-ebf1c90 (using bundled LuaJIT 2.1.0-beta2)

Running the test with following options:
Number of threads: 400
Report intermediate results every 10 second(s)
Initializing random number generator from current time


Initializing worker threads...

Threads started!

[ 10s ] thds: 400 tps: 5748.63 qps: 115474.77 (r/w/o: 80907.92/23029.60/11537.25) lat (ms,95%): 204.11 err/s: 0.00 reconn/s: 0.00
[ 20s ] thds: 400 tps: 8130.42 qps: 162448.23 (r/w/o: 113691.74/32495.67/16260.83) lat (ms,95%): 155.80 err/s: 0.00 reconn/s: 0.00
[ 30s ] thds: 400 tps: 8409.09 qps: 168419.12 (r/w/o: 117924.35/33676.58/16818.19) lat (ms,95%): 139.85 err/s: 0.00 reconn/s: 0.00
[ 40s ] thds: 400 tps: 9141.01 qps: 182734.35 (r/w/o: 127921.50/36530.83/18282.02) lat (ms,95%): 65.65 err/s: 0.00 reconn/s: 0.00
[ 50s ] thds: 400 tps: 9484.73 qps: 189815.60 (r/w/o: 132854.19/37991.84/18969.57) lat (ms,95%): 59.99 err/s: 0.00 reconn/s: 0.00
[ 60s ] thds: 400 tps: 9727.51 qps: 194532.00 (r/w/o: 136182.07/38894.72/19455.21) lat (ms,95%): 55.82 err/s: 0.10 reconn/s: 0.00
[ 70s ] thds: 400 tps: 9418.09 qps: 188195.02 (r/w/o: 131715.71/37644.04/18835.27) lat (ms,95%): 63.32 err/s: 0.00 reconn/s: 0.00
[ 80s ] thds: 400 tps: 9418.74 qps: 188329.10 (r/w/o: 131813.03/37677.28/18838.79) lat (ms,95%): 66.84 err/s: 0.10 reconn/s: 0.00
[ 90s ] thds: 400 tps: 9396.56 qps: 187912.42 (r/w/o: 131536.25/37583.04/18793.12) lat (ms,95%): 59.99 err/s: 0.10 reconn/s: 0.00
[ 100s ] thds: 400 tps: 9864.91 qps: 197208.29 (r/w/o: 138037.03/39449.34/19721.92) lat (ms,95%): 53.85 err/s: 0.00 reconn/s: 0.00
[ 110s ] thds: 400 tps: 7379.79 qps: 147786.76 (r/w/o: 103480.03/29539.05/14767.68) lat (ms,95%): 116.80 err/s: 0.00 reconn/s: 0.00
[ 120s ] thds: 400 tps: 6173.96 qps: 123503.57 (r/w/o: 86413.92/24748.93/12340.72) lat (ms,95%): 132.49 err/s: 0.00 reconn/s: 0.00
[ 130s ] thds: 400 tps: 7063.33 qps: 141368.89 (r/w/o: 99004.48/28234.74/14129.67) lat (ms,95%): 110.66 err/s: 0.10 reconn/s: 0.00
[ 140s ] thds: 400 tps: 9469.26 qps: 189178.96 (r/w/o: 132413.51/37822.83/18942.62) lat (ms,95%): 58.92 err/s: 0.00 reconn/s: 0.00
[ 150s ] thds: 400 tps: 9587.94 qps: 191659.59 (r/w/o: 134135.32/38350.58/19173.69) lat (ms,95%): 61.08 err/s: 0.00 reconn/s: 0.00
[ 160s ] thds: 400 tps: 9358.90 qps: 187352.63 (r/w/o: 131149.35/37482.79/18720.49) lat (ms,95%): 64.47 err/s: 0.00 reconn/s: 0.00
[ 170s ] thds: 400 tps: 9765.62 qps: 195358.34 (r/w/o: 136800.51/39026.69/19531.14) lat (ms,95%): 53.85 err/s: 0.00 reconn/s: 0.00
[ 180s ] thds: 400 tps: 9256.35 qps: 185111.05 (r/w/o: 129558.94/37039.11/18513.00) lat (ms,95%): 74.46 err/s: 0.10 reconn/s: 0.00
[ 190s ] thds: 400 tps: 9623.63 qps: 192503.58 (r/w/o: 134727.97/38528.34/19247.27) lat (ms,95%): 58.92 err/s: 0.00 reconn/s: 0.00
[ 200s ] thds: 400 tps: 9793.69 qps: 195740.57 (r/w/o: 137044.21/39110.38/19585.99) lat (ms,95%): 54.83 err/s: 0.20 reconn/s: 0.00
[ 210s ] thds: 400 tps: 9681.43 qps: 193706.94 (r/w/o: 135606.78/38735.91/19364.25) lat (ms,95%): 57.87 err/s: 0.00 reconn/s: 0.00
[ 220s ] thds: 400 tps: 8094.12 qps: 161967.50 (r/w/o: 113358.88/32419.78/16188.84) lat (ms,95%): 92.42 err/s: 0.10 reconn/s: 0.00
[ 230s ] thds: 400 tps: 7624.02 qps: 152648.07 (r/w/o: 106850.26/30549.78/15248.04) lat (ms,95%): 92.42 err/s: 0.00 reconn/s: 0.00
[ 240s ] thds: 400 tps: 7150.56 qps: 142582.39 (r/w/o: 99772.44/28516.24/14293.71) lat (ms,95%): 102.97 err/s: 0.00 reconn/s: 0.00
[ 250s ] thds: 400 tps: 8619.06 qps: 172687.24 (r/w/o: 120928.84/34513.26/17245.13) lat (ms,95%): 81.48 err/s: 0.00 reconn/s: 0.00
[ 260s ] thds: 400 tps: 9376.09 qps: 187427.93 (r/w/o: 131192.91/37482.15/18752.87) lat (ms,95%): 62.19 err/s: 0.00 reconn/s: 0.00
[ 270s ] thds: 400 tps: 9467.52 qps: 189422.27 (r/w/o: 132609.56/37877.67/18935.04) lat (ms,95%): 65.65 err/s: 0.00 reconn/s: 0.00
[ 280s ] thds: 400 tps: 9864.06 qps: 197113.29 (r/w/o: 137937.13/39448.04/19728.12) lat (ms,95%): 52.89 err/s: 0.00 reconn/s: 0.00
[ 290s ] thds: 400 tps: 9395.86 qps: 188010.62 (r/w/o: 131670.58/37548.22/18791.81) lat (ms,95%): 73.13 err/s: 0.00 reconn/s: 0.00
[ 300s ] thds: 400 tps: 9637.51 qps: 192734.78 (r/w/o: 134913.52/38546.24/19275.02) lat (ms,95%): 56.84 err/s: 0.00 reconn/s: 0.00
[ 310s ] thds: 400 tps: 9653.73 qps: 193078.57 (r/w/o: 135145.70/38627.81/19305.06) lat (ms,95%): 54.83 err/s: 0.00 reconn/s: 0.00
[ 320s ] thds: 400 tps: 8666.34 qps: 173304.36 (r/w/o: 121314.10/34655.07/17335.19) lat (ms,95%): 90.78 err/s: 0.00 reconn/s: 0.00
[ 330s ] thds: 400 tps: 8381.54 qps: 167804.62 (r/w/o: 117454.20/33587.34/16763.07) lat (ms,95%): 89.16 err/s: 0.00 reconn/s: 0.00
[ 340s ] thds: 400 tps: 8123.61 qps: 162556.06 (r/w/o: 113764.01/32544.83/16247.22) lat (ms,95%): 86.00 err/s: 0.00 reconn/s: 0.00
[ 350s ] thds: 400 tps: 7257.64 qps: 144801.12 (r/w/o: 101362.37/28924.46/14514.28) lat (ms,95%): 95.81 err/s: 0.00 reconn/s: 0.00
[ 360s ] thds: 400 tps: 8411.64 qps: 168238.47 (r/w/o: 117774.11/33640.67/16823.69) lat (ms,95%): 82.96 err/s: 0.00 reconn/s: 0.00
[ 370s ] thds: 400 tps: 9233.46 qps: 184537.83 (r/w/o: 129145.26/36928.65/18463.92) lat (ms,95%): 73.13 err/s: 0.00 reconn/s: 0.00
[ 380s ] thds: 400 tps: 8553.21 qps: 171419.13 (r/w/o: 120041.96/34266.95/17110.22) lat (ms,95%): 84.47 err/s: 0.00 reconn/s: 0.00
[ 390s ] thds: 400 tps: 8390.72 qps: 167402.02 (r/w/o: 117108.99/33516.58/16776.44) lat (ms,95%): 89.16 err/s: 0.00 reconn/s: 0.00
[ 400s ] thds: 400 tps: 7712.81 qps: 154582.29 (r/w/o: 108272.50/30881.96/15427.83) lat (ms,95%): 97.55 err/s: 0.10 reconn/s: 0.00
[ 410s ] thds: 400 tps: 8203.84 qps: 163968.91 (r/w/o: 114754.00/32803.94/16410.97) lat (ms,95%): 90.78 err/s: 0.10 reconn/s: 0.00
[ 420s ] thds: 400 tps: 9478.69 qps: 189641.98 (r/w/o: 132746.25/37946.95/18948.78) lat (ms,95%): 63.32 err/s: 0.00 reconn/s: 0.00
[ 430s ] thds: 400 tps: 9130.89 qps: 182727.87 (r/w/o: 127966.72/36490.57/18270.59) lat (ms,95%): 75.82 err/s: 0.00 reconn/s: 0.00
[ 440s ] thds: 400 tps: 9908.36 qps: 197995.44 (r/w/o: 138554.90/39628.53/19812.01) lat (ms,95%): 52.89 err/s: 0.10 reconn/s: 0.00
[ 450s ] thds: 400 tps: 8205.61 qps: 164125.44 (r/w/o: 114878.37/32830.95/16416.12) lat (ms,95%): 94.10 err/s: 0.00 reconn/s: 0.00
[ 460s ] thds: 400 tps: 7240.64 qps: 144729.47 (r/w/o: 101274.81/28975.07/14479.59) lat (ms,95%): 102.97 err/s: 0.00 reconn/s: 0.00
[ 470s ] thds: 400 tps: 7379.45 qps: 147591.37 (r/w/o: 103326.38/29505.79/14759.20) lat (ms,95%): 95.81 err/s: 0.00 reconn/s: 0.00
[ 480s ] thds: 400 tps: 9154.88 qps: 183229.45 (r/w/o: 128308.56/36609.63/18311.26) lat (ms,95%): 66.84 err/s: 0.00 reconn/s: 0.00
[ 490s ] thds: 400 tps: 9688.04 qps: 193643.03 (r/w/o: 135532.48/38734.27/19376.28) lat (ms,95%): 54.83 err/s: 0.10 reconn/s: 0.00
[ 500s ] thds: 400 tps: 9728.18 qps: 194620.62 (r/w/o: 136244.23/38920.02/19456.36) lat (ms,95%): 57.87 err/s: 0.00 reconn/s: 0.00
[ 510s ] thds: 400 tps: 9099.44 qps: 182090.00 (r/w/o: 127456.76/36434.46/18198.78) lat (ms,95%): 78.60 err/s: 0.00 reconn/s: 0.00
[ 520s ] thds: 400 tps: 9651.23 qps: 192937.35 (r/w/o: 135015.59/38629.91/19291.86) lat (ms,95%): 57.87 err/s: 0.00 reconn/s: 0.00
[ 530s ] thds: 400 tps: 9583.33 qps: 191787.89 (r/w/o: 134329.72/38280.82/19177.36) lat (ms,95%): 59.99 err/s: 0.00 reconn/s: 0.00
[ 540s ] thds: 400 tps: 9107.62 qps: 182120.98 (r/w/o: 127428.06/36477.48/18215.44) lat (ms,95%): 77.19 err/s: 0.00 reconn/s: 0.00
[ 550s ] thds: 400 tps: 9972.18 qps: 199456.57 (r/w/o: 139674.37/39838.13/19944.07) lat (ms,95%): 52.89 err/s: 0.00 reconn/s: 0.00
[ 560s ] thds: 400 tps: 8250.00 qps: 164877.54 (r/w/o: 115377.46/32999.89/16500.19) lat (ms,95%): 95.81 err/s: 0.10 reconn/s: 0.00
[ 570s ] thds: 400 tps: 7007.73 qps: 140164.82 (r/w/o: 98119.33/28032.22/14013.26) lat (ms,95%): 106.75 err/s: 0.00 reconn/s: 0.00
[ 580s ] thds: 400 tps: 7460.02 qps: 149154.65 (r/w/o: 104407.34/29824.67/14922.64) lat (ms,95%): 95.81 err/s: 0.00 reconn/s: 0.00
[ 590s ] thds: 400 tps: 9068.80 qps: 181326.09 (r/w/o: 126914.59/36273.80/18137.70) lat (ms,95%): 73.13 err/s: 0.00 reconn/s: 0.00
[ 600s ] thds: 400 tps: 9596.05 qps: 191928.97 (r/w/o: 134348.08/38388.79/19192.10) lat (ms,95%): 57.87 err/s: 0.00 reconn/s: 0.00
[ 610s ] thds: 400 tps: 9559.66 qps: 191322.62 (r/w/o: 133967.95/38235.34/19119.32) lat (ms,95%): 59.99 err/s: 0.00 reconn/s: 0.00
[ 620s ] thds: 400 tps: 9263.37 qps: 185414.95 (r/w/o: 129751.72/37136.49/18526.75) lat (ms,95%): 71.83 err/s: 0.00 reconn/s: 0.00
[ 630s ] thds: 400 tps: 9533.49 qps: 190635.77 (r/w/o: 133480.61/38090.87/19064.29) lat (ms,95%): 61.08 err/s: 0.00 reconn/s: 0.00
[ 640s ] thds: 400 tps: 9740.27 qps: 194507.66 (r/w/o: 136095.42/38933.99/19478.25) lat (ms,95%): 56.84 err/s: 0.20 reconn/s: 0.00
[ 650s ] thds: 400 tps: 9099.60 qps: 181955.74 (r/w/o: 127356.43/36394.31/18205.00) lat (ms,95%): 77.19 err/s: 0.00 reconn/s: 0.00
[ 660s ] thds: 400 tps: 9954.80 qps: 199289.88 (r/w/o: 139559.56/39820.62/19909.71) lat (ms,95%): 53.85 err/s: 0.10 reconn/s: 0.00
[ 670s ] thds: 400 tps: 8557.70 qps: 171337.43 (r/w/o: 119921.45/34300.39/17115.59) lat (ms,95%): 86.00 err/s: 0.00 reconn/s: 0.00
[ 680s ] thds: 400 tps: 7154.25 qps: 142914.43 (r/w/o: 100053.15/28552.99/14308.29) lat (ms,95%): 102.97 err/s: 0.00 reconn/s: 0.00
[ 690s ] thds: 400 tps: 7291.08 qps: 145898.94 (r/w/o: 102104.88/29216.31/14577.75) lat (ms,95%): 99.33 err/s: 0.00 reconn/s: 0.00
[ 700s ] thds: 400 tps: 8893.56 qps: 178007.81 (r/w/o: 124627.64/35588.44/17791.72) lat (ms,95%): 74.46 err/s: 0.00 reconn/s: 0.00
[ 710s ] thds: 400 tps: 9580.26 qps: 191524.32 (r/w/o: 134072.45/38291.94/19159.92) lat (ms,95%): 56.84 err/s: 0.00 reconn/s: 0.00
[ 720s ] thds: 400 tps: 9822.73 qps: 196515.14 (r/w/o: 137572.85/39296.13/19646.16) lat (ms,95%): 54.83 err/s: 0.00 reconn/s: 0.00
[ 730s ] thds: 400 tps: 9049.70 qps: 181044.48 (r/w/o: 126705.36/36239.92/18099.21) lat (ms,95%): 75.82 err/s: 0.00 reconn/s: 0.00
[ 740s ] thds: 400 tps: 9646.84 qps: 192841.70 (r/w/o: 135018.13/38529.68/19293.89) lat (ms,95%): 59.99 err/s: 0.00 reconn/s: 0.00
[ 750s ] thds: 400 tps: 9201.39 qps: 184204.45 (r/w/o: 128889.79/36911.88/18402.78) lat (ms,95%): 75.82 err/s: 0.00 reconn/s: 0.00
[ 760s ] thds: 400 tps: 8666.88 qps: 173223.92 (r/w/o: 121280.53/34609.62/17333.76) lat (ms,95%): 87.56 err/s: 0.00 reconn/s: 0.00
[ 770s ] thds: 400 tps: 8802.70 qps: 175788.72 (r/w/o: 123062.72/35120.40/17605.60) lat (ms,95%): 84.47 err/s: 0.10 reconn/s: 0.00
[ 780s ] thds: 400 tps: 7628.74 qps: 152883.26 (r/w/o: 107013.00/30612.47/15257.79) lat (ms,95%): 99.33 err/s: 0.10 reconn/s: 0.00
[ 790s ] thds: 400 tps: 7734.16 qps: 154486.48 (r/w/o: 108156.80/30861.66/15468.03) lat (ms,95%): 95.81 err/s: 0.00 reconn/s: 0.00
[ 800s ] thds: 400 tps: 7336.99 qps: 146843.80 (r/w/o: 102805.56/29363.96/14674.28) lat (ms,95%): 101.13 err/s: 0.00 reconn/s: 0.00
[ 810s ] thds: 400 tps: 7513.42 qps: 150342.80 (r/w/o: 105209.35/30106.60/15026.85) lat (ms,95%): 104.84 err/s: 0.00 reconn/s: 0.00
[ 820s ] thds: 400 tps: 7611.59 qps: 151947.39 (r/w/o: 106336.22/30394.18/15216.99) lat (ms,95%): 94.10 err/s: 0.00 reconn/s: 0.00
[ 830s ] thds: 400 tps: 8928.47 qps: 178691.48 (r/w/o: 125080.83/35747.40/17863.25) lat (ms,95%): 81.48 err/s: 0.10 reconn/s: 0.00
[ 840s ] thds: 400 tps: 9111.01 qps: 182225.03 (r/w/o: 127575.19/36429.83/18220.01) lat (ms,95%): 73.13 err/s: 0.00 reconn/s: 0.00
SQL statistics:
    queries performed:
        read:                            103060678
        write:                           29445843
        other:                           14722981
        total:                           147229502
    transactions:                        7361458 (8754.40 per sec.)
    queries:                             147229502 (175088.39 per sec.)
    ignored errors:                      19     (0.02 per sec.)
    reconnects:                          0      (0.00 per sec.)

General statistics:
    total time:                          840.8857s
    total number of events:              7361458

Latency (ms):
         min:                                   19.71
         avg:                                   45.65
         max:                                  918.72
         95th percentile:                       82.96
         sum:                            336070650.90

Threads fairness:
    events (avg/stddev):           18403.6450/421.31
    execution time (avg/stddev):   840.1766/0.27

