sysbench 1.0.20-ebf1c90 (using bundled LuaJIT 2.1.0-beta2)

Running the test with following options:
Number of threads: 400
Report intermediate results every 10 second(s)
Initializing random number generator from current time


Initializing worker threads...

Threads started!

[ 10s ] thds: 400 tps: 5750.18 qps: 115626.78 (r/w/o: 81024.39/23062.03/11540.36) lat (ms,95%): 204.11 err/s: 0.00 reconn/s: 0.00
[ 20s ] thds: 400 tps: 8147.11 qps: 162773.08 (r/w/o: 113947.20/32531.55/16294.33) lat (ms,95%): 155.80 err/s: 0.00 reconn/s: 0.00
[ 30s ] thds: 400 tps: 8423.14 qps: 168530.38 (r/w/o: 117939.04/33745.06/16846.28) lat (ms,95%): 139.85 err/s: 0.00 reconn/s: 0.00
[ 40s ] thds: 400 tps: 9101.17 qps: 182107.84 (r/w/o: 127499.31/36406.19/18202.34) lat (ms,95%): 65.65 err/s: 0.00 reconn/s: 0.00
[ 50s ] thds: 400 tps: 9461.16 qps: 189296.25 (r/w/o: 132473.40/37900.83/18922.01) lat (ms,95%): 59.99 err/s: 0.00 reconn/s: 0.00
[ 60s ] thds: 400 tps: 9687.84 qps: 193781.15 (r/w/o: 135645.60/38759.57/19375.99) lat (ms,95%): 55.82 err/s: 0.00 reconn/s: 0.00
[ 70s ] thds: 400 tps: 9377.40 qps: 187329.27 (r/w/o: 131153.85/37420.52/18754.91) lat (ms,95%): 64.47 err/s: 0.00 reconn/s: 0.00
[ 80s ] thds: 400 tps: 9415.55 qps: 188214.61 (r/w/o: 131737.31/37646.60/18830.70) lat (ms,95%): 66.84 err/s: 0.00 reconn/s: 0.00
[ 90s ] thds: 400 tps: 9361.77 qps: 187265.15 (r/w/o: 131100.85/37440.27/18724.04) lat (ms,95%): 59.99 err/s: 0.10 reconn/s: 0.00
[ 100s ] thds: 400 tps: 9871.31 qps: 197367.62 (r/w/o: 138149.46/39475.44/19742.72) lat (ms,95%): 52.89 err/s: 0.00 reconn/s: 0.00
[ 110s ] thds: 400 tps: 7374.09 qps: 147556.68 (r/w/o: 103292.85/29516.76/14747.08) lat (ms,95%): 116.80 err/s: 0.00 reconn/s: 0.00
[ 120s ] thds: 400 tps: 6198.48 qps: 123798.73 (r/w/o: 86613.57/24791.41/12393.75) lat (ms,95%): 130.13 err/s: 0.00 reconn/s: 0.00
[ 130s ] thds: 400 tps: 7051.22 qps: 141249.41 (r/w/o: 98893.92/28255.16/14100.33) lat (ms,95%): 110.66 err/s: 0.00 reconn/s: 0.00
[ 140s ] thds: 400 tps: 9418.41 qps: 188385.83 (r/w/o: 131906.46/37636.24/18843.12) lat (ms,95%): 59.99 err/s: 0.00 reconn/s: 0.00
[ 150s ] thds: 400 tps: 9556.33 qps: 191007.45 (r/w/o: 133686.76/38207.83/19112.87) lat (ms,95%): 61.08 err/s: 0.00 reconn/s: 0.00
[ 160s ] thds: 400 tps: 9341.98 qps: 186814.00 (r/w/o: 130753.95/37376.10/18683.95) lat (ms,95%): 65.65 err/s: 0.00 reconn/s: 0.00
[ 170s ] thds: 400 tps: 9787.85 qps: 195983.33 (r/w/o: 137233.55/39173.89/19575.89) lat (ms,95%): 52.89 err/s: 0.10 reconn/s: 0.00
[ 180s ] thds: 400 tps: 9254.97 qps: 185111.48 (r/w/o: 129568.26/37033.18/18510.04) lat (ms,95%): 74.46 err/s: 0.00 reconn/s: 0.00
[ 190s ] thds: 400 tps: 9560.31 qps: 190921.35 (r/w/o: 133611.11/38189.63/19120.62) lat (ms,95%): 59.99 err/s: 0.00 reconn/s: 0.00
[ 200s ] thds: 400 tps: 9806.86 qps: 196373.39 (r/w/o: 137486.56/39273.12/19613.71) lat (ms,95%): 54.83 err/s: 0.00 reconn/s: 0.00
[ 210s ] thds: 400 tps: 9697.64 qps: 193898.23 (r/w/o: 135737.28/38765.67/19395.28) lat (ms,95%): 57.87 err/s: 0.00 reconn/s: 0.00
[ 220s ] thds: 400 tps: 8113.77 qps: 162254.49 (r/w/o: 113553.74/32473.10/16227.65) lat (ms,95%): 92.42 err/s: 0.00 reconn/s: 0.00
[ 230s ] thds: 400 tps: 7679.37 qps: 153846.29 (r/w/o: 107682.37/30805.18/15358.74) lat (ms,95%): 92.42 err/s: 0.00 reconn/s: 0.00
[ 240s ] thds: 400 tps: 7152.79 qps: 142782.87 (r/w/o: 99969.94/28507.16/14305.77) lat (ms,95%): 102.97 err/s: 0.10 reconn/s: 0.00
[ 250s ] thds: 400 tps: 8658.16 qps: 173396.05 (r/w/o: 121366.11/34713.23/17316.71) lat (ms,95%): 80.03 err/s: 0.20 reconn/s: 0.00
[ 260s ] thds: 400 tps: 9395.47 qps: 187763.34 (r/w/o: 131444.34/37531.27/18787.73) lat (ms,95%): 61.08 err/s: 0.00 reconn/s: 0.00
[ 270s ] thds: 400 tps: 9482.50 qps: 189759.29 (r/w/o: 132828.29/37962.90/18968.10) lat (ms,95%): 65.65 err/s: 0.00 reconn/s: 0.00
[ 280s ] thds: 400 tps: 9884.39 qps: 197400.07 (r/w/o: 138176.04/39456.95/19767.08) lat (ms,95%): 51.94 err/s: 0.00 reconn/s: 0.00
[ 290s ] thds: 400 tps: 9386.02 qps: 187921.40 (r/w/o: 131585.68/37561.78/18773.94) lat (ms,95%): 71.83 err/s: 0.00 reconn/s: 0.00
[ 300s ] thds: 400 tps: 9622.90 qps: 192431.53 (r/w/o: 134702.45/38484.29/19244.79) lat (ms,95%): 56.84 err/s: 0.00 reconn/s: 0.00
[ 310s ] thds: 400 tps: 9693.31 qps: 193844.49 (r/w/o: 135661.63/38797.84/19385.02) lat (ms,95%): 54.83 err/s: 0.00 reconn/s: 0.00
[ 320s ] thds: 400 tps: 8702.13 qps: 174047.61 (r/w/o: 121858.36/34782.20/17407.05) lat (ms,95%): 90.78 err/s: 0.10 reconn/s: 0.00
[ 330s ] thds: 400 tps: 8370.98 qps: 167620.48 (r/w/o: 117289.41/33588.82/16742.26) lat (ms,95%): 89.16 err/s: 0.10 reconn/s: 0.00
[ 340s ] thds: 400 tps: 8165.38 qps: 162910.92 (r/w/o: 113994.57/32595.10/16321.25) lat (ms,95%): 86.00 err/s: 0.00 reconn/s: 0.00
[ 350s ] thds: 400 tps: 7279.77 qps: 145691.69 (r/w/o: 102047.94/29074.80/14568.95) lat (ms,95%): 95.81 err/s: 0.00 reconn/s: 0.00
[ 360s ] thds: 400 tps: 8435.51 qps: 168768.74 (r/w/o: 118150.97/33746.25/16871.52) lat (ms,95%): 82.96 err/s: 0.20 reconn/s: 0.00
[ 370s ] thds: 400 tps: 9253.48 qps: 185006.88 (r/w/o: 129493.67/37006.04/18507.17) lat (ms,95%): 73.13 err/s: 0.00 reconn/s: 0.00
[ 380s ] thds: 400 tps: 8552.66 qps: 171090.52 (r/w/o: 119739.08/34245.92/17105.51) lat (ms,95%): 84.47 err/s: 0.00 reconn/s: 0.00
[ 390s ] thds: 400 tps: 8396.29 qps: 167796.08 (r/w/o: 117462.44/33541.06/16792.58) lat (ms,95%): 87.56 err/s: 0.00 reconn/s: 0.00
[ 400s ] thds: 400 tps: 7720.62 qps: 154652.84 (r/w/o: 108276.11/30935.49/15441.24) lat (ms,95%): 97.55 err/s: 0.00 reconn/s: 0.00
[ 410s ] thds: 400 tps: 8177.42 qps: 163398.91 (r/w/o: 114382.29/32661.58/16355.04) lat (ms,95%): 92.42 err/s: 0.00 reconn/s: 0.00
[ 420s ] thds: 400 tps: 9525.04 qps: 190381.93 (r/w/o: 133229.88/38104.07/19047.98) lat (ms,95%): 62.19 err/s: 0.00 reconn/s: 0.00
[ 430s ] thds: 400 tps: 9160.46 qps: 183574.53 (r/w/o: 128539.79/36711.63/18323.11) lat (ms,95%): 75.82 err/s: 0.00 reconn/s: 0.00
[ 440s ] thds: 400 tps: 9973.03 qps: 199302.61 (r/w/o: 139510.33/39845.92/19946.36) lat (ms,95%): 52.89 err/s: 0.10 reconn/s: 0.00
[ 450s ] thds: 400 tps: 8221.57 qps: 164350.49 (r/w/o: 115037.17/32871.38/16441.94) lat (ms,95%): 92.42 err/s: 0.00 reconn/s: 0.00
[ 460s ] thds: 400 tps: 7288.44 qps: 145616.62 (r/w/o: 101901.70/29138.04/14576.87) lat (ms,95%): 102.97 err/s: 0.10 reconn/s: 0.00
[ 470s ] thds: 400 tps: 7370.12 qps: 147471.79 (r/w/o: 103241.35/29490.10/14740.35) lat (ms,95%): 95.81 err/s: 0.00 reconn/s: 0.00
[ 480s ] thds: 400 tps: 9214.26 qps: 184549.83 (r/w/o: 129224.46/36895.55/18429.82) lat (ms,95%): 66.84 err/s: 0.00 reconn/s: 0.00
[ 490s ] thds: 400 tps: 9666.32 qps: 193096.70 (r/w/o: 135147.78/38615.88/19333.04) lat (ms,95%): 54.83 err/s: 0.00 reconn/s: 0.00
[ 500s ] thds: 400 tps: 9739.67 qps: 194962.63 (r/w/o: 136492.10/38990.99/19479.54) lat (ms,95%): 56.84 err/s: 0.10 reconn/s: 0.00
[ 510s ] thds: 400 tps: 9141.46 qps: 182819.35 (r/w/o: 127951.28/36585.05/18283.02) lat (ms,95%): 77.19 err/s: 0.00 reconn/s: 0.00
[ 520s ] thds: 400 tps: 9697.83 qps: 193776.60 (r/w/o: 135612.75/38768.10/19395.75) lat (ms,95%): 57.87 err/s: 0.00 reconn/s: 0.00
[ 530s ] thds: 400 tps: 9582.42 qps: 191873.30 (r/w/o: 134355.28/38353.18/19164.84) lat (ms,95%): 59.99 err/s: 0.00 reconn/s: 0.00
[ 540s ] thds: 400 tps: 9105.21 qps: 181873.93 (r/w/o: 127272.49/36391.03/18210.41) lat (ms,95%): 77.19 err/s: 0.00 reconn/s: 0.00
[ 550s ] thds: 400 tps: 9969.28 qps: 199635.19 (r/w/o: 139795.11/39903.42/19936.66) lat (ms,95%): 52.89 err/s: 0.00 reconn/s: 0.00
[ 560s ] thds: 400 tps: 8276.93 qps: 165422.54 (r/w/o: 115780.05/33087.03/16555.46) lat (ms,95%): 94.10 err/s: 0.00 reconn/s: 0.00
[ 570s ] thds: 400 tps: 7010.98 qps: 140201.81 (r/w/o: 98142.53/28038.92/14020.36) lat (ms,95%): 106.75 err/s: 0.10 reconn/s: 0.00
[ 580s ] thds: 400 tps: 7469.41 qps: 149433.67 (r/w/o: 104637.79/29854.75/14941.13) lat (ms,95%): 94.10 err/s: 0.00 reconn/s: 0.00
[ 590s ] thds: 400 tps: 9091.72 qps: 181806.36 (r/w/o: 127255.85/36366.87/18183.64) lat (ms,95%): 73.13 err/s: 0.10 reconn/s: 0.00
[ 600s ] thds: 400 tps: 9631.69 qps: 192509.21 (r/w/o: 134711.96/38533.86/19263.38) lat (ms,95%): 56.84 err/s: 0.00 reconn/s: 0.00
[ 610s ] thds: 400 tps: 9605.42 qps: 192289.11 (r/w/o: 134655.82/38422.56/19210.73) lat (ms,95%): 59.99 err/s: 0.00 reconn/s: 0.00
[ 620s ] thds: 400 tps: 9288.50 qps: 185587.77 (r/w/o: 129848.48/37161.99/18577.30) lat (ms,95%): 71.83 err/s: 0.20 reconn/s: 0.00
[ 630s ] thds: 400 tps: 9501.58 qps: 190166.85 (r/w/o: 133133.46/38034.63/18998.77) lat (ms,95%): 61.08 err/s: 0.10 reconn/s: 0.00
[ 640s ] thds: 400 tps: 9785.56 qps: 195629.21 (r/w/o: 136950.84/39102.34/19576.02) lat (ms,95%): 55.82 err/s: 0.00 reconn/s: 0.00
[ 650s ] thds: 400 tps: 9066.15 qps: 181307.98 (r/w/o: 126916.66/36258.92/18132.41) lat (ms,95%): 77.19 err/s: 0.00 reconn/s: 0.00
[ 660s ] thds: 400 tps: 9962.59 qps: 199409.87 (r/w/o: 139600.01/39884.67/19925.19) lat (ms,95%): 52.89 err/s: 0.00 reconn/s: 0.00
[ 670s ] thds: 400 tps: 8584.57 qps: 171787.97 (r/w/o: 120222.83/34396.79/17168.35) lat (ms,95%): 86.00 err/s: 0.00 reconn/s: 0.00
[ 680s ] thds: 400 tps: 7164.23 qps: 143221.05 (r/w/o: 100281.39/28610.41/14329.26) lat (ms,95%): 101.13 err/s: 0.00 reconn/s: 0.00
[ 690s ] thds: 400 tps: 7309.65 qps: 146084.81 (r/w/o: 102217.04/29252.38/14615.39) lat (ms,95%): 97.55 err/s: 0.00 reconn/s: 0.00
[ 700s ] thds: 400 tps: 8985.88 qps: 179637.10 (r/w/o: 125750.09/35911.14/17975.87) lat (ms,95%): 74.46 err/s: 0.00 reconn/s: 0.00
[ 710s ] thds: 400 tps: 9555.69 qps: 191175.34 (r/w/o: 133818.59/38250.87/19105.88) lat (ms,95%): 57.87 err/s: 0.00 reconn/s: 0.00
[ 720s ] thds: 400 tps: 9764.29 qps: 195255.65 (r/w/o: 136684.72/39041.05/19529.87) lat (ms,95%): 54.83 err/s: 0.00 reconn/s: 0.00
[ 730s ] thds: 400 tps: 9095.61 qps: 181824.53 (r/w/o: 127268.76/36360.45/18195.32) lat (ms,95%): 75.82 err/s: 0.10 reconn/s: 0.00
[ 740s ] thds: 400 tps: 9619.79 qps: 192633.24 (r/w/o: 134874.49/38518.77/19239.98) lat (ms,95%): 59.99 err/s: 0.00 reconn/s: 0.00
[ 750s ] thds: 400 tps: 9269.08 qps: 184994.38 (r/w/o: 129424.38/37037.74/18532.27) lat (ms,95%): 74.46 err/s: 0.00 reconn/s: 0.00
[ 760s ] thds: 400 tps: 8657.82 qps: 173653.51 (r/w/o: 121614.92/34717.06/17321.53) lat (ms,95%): 87.56 err/s: 0.00 reconn/s: 0.00
[ 770s ] thds: 400 tps: 8834.91 qps: 176506.51 (r/w/o: 123599.05/35237.64/17669.82) lat (ms,95%): 84.47 err/s: 0.00 reconn/s: 0.00
[ 780s ] thds: 400 tps: 7658.27 qps: 153418.93 (r/w/o: 107341.40/30760.98/15316.54) lat (ms,95%): 99.33 err/s: 0.00 reconn/s: 0.00
[ 790s ] thds: 400 tps: 7768.00 qps: 155214.71 (r/w/o: 108684.24/30994.28/15536.19) lat (ms,95%): 94.10 err/s: 0.10 reconn/s: 0.00
[ 800s ] thds: 400 tps: 7386.13 qps: 147830.92 (r/w/o: 103464.76/29593.50/14772.65) lat (ms,95%): 99.33 err/s: 0.10 reconn/s: 0.00
[ 810s ] thds: 400 tps: 7569.19 qps: 151098.02 (r/w/o: 105726.58/30237.46/15133.98) lat (ms,95%): 104.84 err/s: 0.00 reconn/s: 0.00
[ 820s ] thds: 400 tps: 7617.51 qps: 152356.92 (r/w/o: 106687.15/30430.24/15239.52) lat (ms,95%): 94.10 err/s: 0.00 reconn/s: 0.00
[ 830s ] thds: 400 tps: 8931.41 qps: 178779.48 (r/w/o: 125134.03/35783.64/17861.82) lat (ms,95%): 80.03 err/s: 0.00 reconn/s: 0.00
[ 840s ] thds: 400 tps: 9188.71 qps: 183765.00 (r/w/o: 128643.74/36745.04/18376.22) lat (ms,95%): 71.83 err/s: 0.00 reconn/s: 0.00
SQL statistics:
    queries performed:
        read:                            103196324
        write:                           29484593
        other:                           14742363
        total:                           147423280
    transactions:                        7371146 (8765.38 per sec.)
    queries:                             147423280 (175307.99 per sec.)
    ignored errors:                      20     (0.02 per sec.)
    reconnects:                          0      (0.00 per sec.)

General statistics:
    total time:                          840.9377s
    total number of events:              7371146

Latency (ms):
         min:                                   19.84
         avg:                                   45.59
         max:                                  941.92
         95th percentile:                       82.96
         sum:                            336071915.34

Threads fairness:
    events (avg/stddev):           18427.8650/422.98
    execution time (avg/stddev):   840.1798/0.28

