sysbench 1.0.20-ebf1c90 (using bundled LuaJIT 2.1.0-beta2)

Running the test with following options:
Number of threads: 400
Report intermediate results every 10 second(s)
Initializing random number generator from current time


Initializing worker threads...

Threads started!

[ 10s ] thds: 400 tps: 5850.15 qps: 117480.11 (r/w/o: 82320.43/23419.39/11740.29) lat (ms,95%): 207.82 err/s: 0.00 reconn/s: 0.00
[ 20s ] thds: 400 tps: 7939.46 qps: 158727.45 (r/w/o: 111091.31/31757.23/15878.92) lat (ms,95%): 161.51 err/s: 0.00 reconn/s: 0.00
[ 30s ] thds: 400 tps: 8473.30 qps: 169479.39 (r/w/o: 118625.36/33907.32/16946.71) lat (ms,95%): 142.39 err/s: 0.00 reconn/s: 0.00
[ 40s ] thds: 400 tps: 8890.44 qps: 177865.24 (r/w/o: 124550.22/35534.15/17780.87) lat (ms,95%): 86.00 err/s: 0.00 reconn/s: 0.00
[ 50s ] thds: 400 tps: 9233.33 qps: 184635.95 (r/w/o: 129231.65/36937.93/18466.36) lat (ms,95%): 69.29 err/s: 0.00 reconn/s: 0.00
[ 60s ] thds: 400 tps: 9386.63 qps: 187808.95 (r/w/o: 131418.65/37620.33/18769.96) lat (ms,95%): 65.65 err/s: 0.00 reconn/s: 0.00
[ 70s ] thds: 400 tps: 9511.83 qps: 190043.52 (r/w/o: 133030.27/37986.20/19027.05) lat (ms,95%): 64.47 err/s: 0.10 reconn/s: 0.00
[ 80s ] thds: 400 tps: 9355.61 qps: 187348.76 (r/w/o: 131200.98/37435.65/18712.13) lat (ms,95%): 68.05 err/s: 0.20 reconn/s: 0.00
[ 90s ] thds: 400 tps: 9400.95 qps: 187798.48 (r/w/o: 131406.86/37593.52/18798.11) lat (ms,95%): 65.65 err/s: 0.00 reconn/s: 0.00
[ 100s ] thds: 400 tps: 9817.12 qps: 196671.56 (r/w/o: 137686.55/39346.67/19638.34) lat (ms,95%): 56.84 err/s: 0.00 reconn/s: 0.00
[ 110s ] thds: 400 tps: 7150.30 qps: 142916.51 (r/w/o: 100043.34/28573.58/14299.59) lat (ms,95%): 127.81 err/s: 0.00 reconn/s: 0.00
[ 120s ] thds: 400 tps: 5643.60 qps: 112894.20 (r/w/o: 79016.97/22590.42/11286.81) lat (ms,95%): 153.02 err/s: 0.00 reconn/s: 0.00
[ 130s ] thds: 400 tps: 6351.28 qps: 126606.92 (r/w/o: 88576.86/25331.60/12698.45) lat (ms,95%): 121.08 err/s: 0.00 reconn/s: 0.00
[ 140s ] thds: 400 tps: 8950.63 qps: 179285.03 (r/w/o: 125565.07/35813.01/17906.95) lat (ms,95%): 70.55 err/s: 0.10 reconn/s: 0.00
[ 150s ] thds: 400 tps: 9416.38 qps: 188056.73 (r/w/o: 131579.07/37647.71/18829.95) lat (ms,95%): 65.65 err/s: 0.00 reconn/s: 0.00
[ 160s ] thds: 400 tps: 9404.89 qps: 188311.00 (r/w/o: 131861.53/37636.58/18812.89) lat (ms,95%): 71.83 err/s: 0.10 reconn/s: 0.00
[ 170s ] thds: 400 tps: 9546.56 qps: 190882.71 (r/w/o: 133594.68/38194.52/19093.51) lat (ms,95%): 64.47 err/s: 0.20 reconn/s: 0.00
[ 180s ] thds: 400 tps: 9772.08 qps: 195658.20 (r/w/o: 137002.29/39112.04/19543.87) lat (ms,95%): 58.92 err/s: 0.10 reconn/s: 0.00
[ 190s ] thds: 400 tps: 9498.77 qps: 189735.51 (r/w/o: 132762.29/37974.88/18998.34) lat (ms,95%): 62.19 err/s: 0.10 reconn/s: 0.00
[ 200s ] thds: 400 tps: 9786.43 qps: 195927.84 (r/w/o: 137208.18/39146.61/19573.05) lat (ms,95%): 57.87 err/s: 0.00 reconn/s: 0.00
[ 210s ] thds: 400 tps: 9706.97 qps: 194208.61 (r/w/o: 135942.32/38852.16/19414.13) lat (ms,95%): 61.08 err/s: 0.10 reconn/s: 0.00
[ 220s ] thds: 400 tps: 8937.85 qps: 178463.44 (r/w/o: 124874.56/35716.09/17872.79) lat (ms,95%): 90.78 err/s: 0.00 reconn/s: 0.00
[ 230s ] thds: 400 tps: 6966.95 qps: 139649.59 (r/w/o: 97802.29/27910.30/13937.00) lat (ms,95%): 112.67 err/s: 0.00 reconn/s: 0.00
[ 240s ] thds: 400 tps: 6966.12 qps: 139408.08 (r/w/o: 97571.24/27904.60/13932.25) lat (ms,95%): 108.68 err/s: 0.00 reconn/s: 0.00
[ 250s ] thds: 400 tps: 7973.23 qps: 159038.50 (r/w/o: 111298.25/31793.60/15946.65) lat (ms,95%): 92.42 err/s: 0.10 reconn/s: 0.00
[ 260s ] thds: 400 tps: 9046.38 qps: 181111.78 (r/w/o: 126844.70/36174.12/18092.96) lat (ms,95%): 75.82 err/s: 0.00 reconn/s: 0.00
[ 270s ] thds: 400 tps: 9570.39 qps: 191329.52 (r/w/o: 133880.90/38307.84/19140.77) lat (ms,95%): 57.87 err/s: 0.00 reconn/s: 0.00
[ 280s ] thds: 400 tps: 9558.94 qps: 191343.74 (r/w/o: 133960.39/38265.47/19117.88) lat (ms,95%): 59.99 err/s: 0.00 reconn/s: 0.00
[ 290s ] thds: 400 tps: 9646.77 qps: 192693.13 (r/w/o: 134850.20/38549.39/19293.54) lat (ms,95%): 57.87 err/s: 0.00 reconn/s: 0.00
[ 300s ] thds: 400 tps: 9592.12 qps: 192112.90 (r/w/o: 134539.35/38389.20/19184.35) lat (ms,95%): 64.47 err/s: 0.00 reconn/s: 0.00
[ 310s ] thds: 400 tps: 10131.42 qps: 202679.65 (r/w/o: 141859.25/40557.77/20262.64) lat (ms,95%): 51.94 err/s: 0.00 reconn/s: 0.00
[ 320s ] thds: 400 tps: 9490.32 qps: 189493.28 (r/w/o: 132614.33/37898.20/18980.75) lat (ms,95%): 68.05 err/s: 0.00 reconn/s: 0.00
[ 330s ] thds: 400 tps: 8812.74 qps: 176464.11 (r/w/o: 123557.69/35280.74/17625.67) lat (ms,95%): 86.00 err/s: 0.00 reconn/s: 0.00
[ 340s ] thds: 400 tps: 7167.04 qps: 143268.39 (r/w/o: 100277.02/28657.78/14333.59) lat (ms,95%): 108.68 err/s: 0.00 reconn/s: 0.00
[ 350s ] thds: 400 tps: 7025.42 qps: 140700.27 (r/w/o: 98504.96/28143.97/14051.34) lat (ms,95%): 114.72 err/s: 0.00 reconn/s: 0.00
[ 360s ] thds: 400 tps: 7228.61 qps: 144094.04 (r/w/o: 100785.37/28853.65/14455.02) lat (ms,95%): 106.75 err/s: 0.00 reconn/s: 0.00
[ 370s ] thds: 400 tps: 9391.54 qps: 188017.58 (r/w/o: 131656.64/37580.56/18780.38) lat (ms,95%): 59.99 err/s: 0.00 reconn/s: 0.00
[ 380s ] thds: 400 tps: 9066.94 qps: 181104.78 (r/w/o: 126722.32/36245.58/18136.89) lat (ms,95%): 81.48 err/s: 0.00 reconn/s: 0.00
[ 390s ] thds: 400 tps: 8449.40 qps: 169315.77 (r/w/o: 118580.05/33838.71/16897.01) lat (ms,95%): 95.81 err/s: 0.00 reconn/s: 0.00
[ 400s ] thds: 400 tps: 8124.05 qps: 162700.86 (r/w/o: 113886.44/32562.51/16251.91) lat (ms,95%): 104.84 err/s: 0.00 reconn/s: 0.00
[ 410s ] thds: 400 tps: 7757.80 qps: 155086.10 (r/w/o: 108571.30/30999.90/15514.90) lat (ms,95%): 106.75 err/s: 0.00 reconn/s: 0.00
[ 420s ] thds: 400 tps: 8383.92 qps: 167415.78 (r/w/o: 117173.87/33479.98/16761.94) lat (ms,95%): 95.81 err/s: 0.00 reconn/s: 0.00
[ 430s ] thds: 400 tps: 9579.40 qps: 191941.11 (r/w/o: 134381.23/38394.48/19165.39) lat (ms,95%): 61.08 err/s: 0.00 reconn/s: 0.00
[ 440s ] thds: 400 tps: 9004.56 qps: 179891.19 (r/w/o: 125925.81/35956.86/18008.53) lat (ms,95%): 81.48 err/s: 0.10 reconn/s: 0.00
[ 450s ] thds: 400 tps: 9109.04 qps: 182055.76 (r/w/o: 127415.10/36424.57/18216.09) lat (ms,95%): 81.48 err/s: 0.00 reconn/s: 0.00
[ 460s ] thds: 400 tps: 7350.98 qps: 147313.93 (r/w/o: 103143.37/29465.61/14704.95) lat (ms,95%): 99.33 err/s: 0.00 reconn/s: 0.00
[ 470s ] thds: 400 tps: 7211.63 qps: 144078.08 (r/w/o: 100837.78/28819.64/14420.67) lat (ms,95%): 104.84 err/s: 0.00 reconn/s: 0.00
[ 480s ] thds: 400 tps: 7684.47 qps: 153845.48 (r/w/o: 107712.16/30761.78/15371.54) lat (ms,95%): 97.55 err/s: 0.00 reconn/s: 0.00
[ 490s ] thds: 400 tps: 9690.82 qps: 193829.36 (r/w/o: 135691.05/38756.67/19381.64) lat (ms,95%): 56.84 err/s: 0.00 reconn/s: 0.00
[ 500s ] thds: 400 tps: 9750.01 qps: 194807.63 (r/w/o: 136346.99/38961.43/19499.21) lat (ms,95%): 59.99 err/s: 0.00 reconn/s: 0.00
[ 510s ] thds: 400 tps: 9711.39 qps: 194201.21 (r/w/o: 135938.59/38841.04/19421.57) lat (ms,95%): 57.87 err/s: 0.10 reconn/s: 0.00
[ 520s ] thds: 400 tps: 9173.20 qps: 183674.97 (r/w/o: 128546.05/36785.01/18343.91) lat (ms,95%): 75.82 err/s: 0.00 reconn/s: 0.00
[ 530s ] thds: 400 tps: 9722.72 qps: 194368.41 (r/w/o: 136128.52/38790.16/19449.73) lat (ms,95%): 59.99 err/s: 0.00 reconn/s: 0.00
[ 540s ] thds: 400 tps: 9776.05 qps: 195465.93 (r/w/o: 136770.05/39143.79/19552.09) lat (ms,95%): 61.08 err/s: 0.00 reconn/s: 0.00
[ 550s ] thds: 400 tps: 8917.12 qps: 178520.86 (r/w/o: 124983.72/35701.99/17835.15) lat (ms,95%): 86.00 err/s: 0.00 reconn/s: 0.00
[ 560s ] thds: 400 tps: 9047.28 qps: 180824.80 (r/w/o: 126573.19/36156.94/18094.67) lat (ms,95%): 81.48 err/s: 0.10 reconn/s: 0.00
[ 570s ] thds: 400 tps: 7461.51 qps: 149122.98 (r/w/o: 104387.53/29812.14/14923.32) lat (ms,95%): 99.33 err/s: 0.10 reconn/s: 0.00
[ 580s ] thds: 400 tps: 7121.98 qps: 142409.83 (r/w/o: 99678.04/28487.83/14243.96) lat (ms,95%): 106.75 err/s: 0.10 reconn/s: 0.00
[ 590s ] thds: 400 tps: 7386.20 qps: 147783.11 (r/w/o: 103442.71/29575.00/14765.40) lat (ms,95%): 104.84 err/s: 0.00 reconn/s: 0.00
[ 600s ] thds: 400 tps: 9760.57 qps: 195287.68 (r/w/o: 136744.63/39014.20/19528.85) lat (ms,95%): 55.82 err/s: 0.00 reconn/s: 0.00
[ 610s ] thds: 400 tps: 9820.50 qps: 196287.30 (r/w/o: 137364.53/39283.38/19639.39) lat (ms,95%): 56.84 err/s: 0.00 reconn/s: 0.00
[ 620s ] thds: 400 tps: 9773.21 qps: 195489.13 (r/w/o: 136873.69/39067.33/19548.11) lat (ms,95%): 57.87 err/s: 0.00 reconn/s: 0.00
[ 630s ] thds: 400 tps: 9252.22 qps: 185035.47 (r/w/o: 129533.23/36997.59/18504.65) lat (ms,95%): 77.19 err/s: 0.10 reconn/s: 0.00
[ 640s ] thds: 400 tps: 9569.60 qps: 191397.21 (r/w/o: 133963.04/38300.98/19133.19) lat (ms,95%): 59.99 err/s: 0.00 reconn/s: 0.00
[ 650s ] thds: 400 tps: 9426.58 qps: 188570.16 (r/w/o: 131999.09/37711.61/18859.46) lat (ms,95%): 66.84 err/s: 0.10 reconn/s: 0.00
[ 660s ] thds: 400 tps: 8834.36 qps: 176725.82 (r/w/o: 123738.86/35318.24/17668.72) lat (ms,95%): 84.47 err/s: 0.00 reconn/s: 0.00
[ 670s ] thds: 400 tps: 9255.43 qps: 185212.12 (r/w/o: 129613.06/37088.10/18510.95) lat (ms,95%): 73.13 err/s: 0.00 reconn/s: 0.00
[ 680s ] thds: 400 tps: 7669.95 qps: 153261.27 (r/w/o: 107245.95/30683.91/15331.41) lat (ms,95%): 102.97 err/s: 0.00 reconn/s: 0.00
[ 690s ] thds: 400 tps: 7093.33 qps: 141638.30 (r/w/o: 99125.32/28323.82/14189.16) lat (ms,95%): 106.75 err/s: 0.00 reconn/s: 0.00
[ 700s ] thds: 400 tps: 7140.70 qps: 142809.71 (r/w/o: 99967.64/28555.38/14286.69) lat (ms,95%): 104.84 err/s: 0.00 reconn/s: 0.00
[ 710s ] thds: 400 tps: 9613.45 qps: 192394.78 (r/w/o: 134709.29/38464.90/19220.60) lat (ms,95%): 58.92 err/s: 0.00 reconn/s: 0.00
[ 720s ] thds: 400 tps: 9607.08 qps: 192141.49 (r/w/o: 134492.92/38427.32/19221.26) lat (ms,95%): 63.32 err/s: 0.00 reconn/s: 0.00
[ 730s ] thds: 400 tps: 9719.87 qps: 194583.19 (r/w/o: 136238.84/38904.60/19439.75) lat (ms,95%): 57.87 err/s: 0.00 reconn/s: 0.00
[ 740s ] thds: 400 tps: 9288.72 qps: 185597.15 (r/w/o: 129888.32/37131.39/18577.45) lat (ms,95%): 73.13 err/s: 0.00 reconn/s: 0.00
[ 750s ] thds: 400 tps: 9624.34 qps: 192664.09 (r/w/o: 134909.76/38505.66/19248.68) lat (ms,95%): 62.19 err/s: 0.00 reconn/s: 0.00
[ 760s ] thds: 400 tps: 9207.27 qps: 184018.21 (r/w/o: 128764.28/36839.08/18414.84) lat (ms,95%): 81.48 err/s: 0.10 reconn/s: 0.00
[ 770s ] thds: 400 tps: 8667.06 qps: 173235.20 (r/w/o: 121279.14/34621.94/17334.12) lat (ms,95%): 90.78 err/s: 0.00 reconn/s: 0.00
[ 780s ] thds: 400 tps: 8079.62 qps: 161663.52 (r/w/o: 113155.29/32348.78/16159.44) lat (ms,95%): 95.81 err/s: 0.00 reconn/s: 0.00
[ 790s ] thds: 400 tps: 7813.96 qps: 156192.48 (r/w/o: 109343.79/31221.06/15627.63) lat (ms,95%): 102.97 err/s: 0.10 reconn/s: 0.00
[ 800s ] thds: 400 tps: 7457.32 qps: 149268.81 (r/w/o: 104523.99/29829.18/14915.64) lat (ms,95%): 108.68 err/s: 0.10 reconn/s: 0.00
[ 810s ] thds: 400 tps: 7371.20 qps: 147388.92 (r/w/o: 103162.04/29484.28/14742.59) lat (ms,95%): 112.67 err/s: 0.00 reconn/s: 0.00
[ 820s ] thds: 400 tps: 7374.89 qps: 147714.41 (r/w/o: 103387.50/29577.44/14749.47) lat (ms,95%): 112.67 err/s: 0.00 reconn/s: 0.00
[ 830s ] thds: 400 tps: 7664.49 qps: 153278.04 (r/w/o: 107288.31/30660.35/15329.37) lat (ms,95%): 106.75 err/s: 0.00 reconn/s: 0.00
[ 840s ] thds: 400 tps: 8252.58 qps: 164939.47 (r/w/o: 115442.97/32994.43/16502.07) lat (ms,95%): 97.55 err/s: 0.10 reconn/s: 0.00
SQL statistics:
    queries performed:
        read:                            101843588
        write:                           29098082
        other:                           14549126
        total:                           145490796
    transactions:                        7274520 (8650.88 per sec.)
    queries:                             145490796 (173018.01 per sec.)
    ignored errors:                      22     (0.03 per sec.)
    reconnects:                          0      (0.00 per sec.)

General statistics:
    total time:                          840.8987s
    total number of events:              7274520

Latency (ms):
         min:                                   19.81
         avg:                                   46.20
         max:                                 1065.65
         95th percentile:                       90.78
         sum:                            336071042.80

Threads fairness:
    events (avg/stddev):           18186.3000/440.00
    execution time (avg/stddev):   840.1776/0.22

