sysbench 1.0.20-ebf1c90 (using bundled LuaJIT 2.1.0-beta2)

Running the test with following options:
Number of threads: 400
Report intermediate results every 10 second(s)
Initializing random number generator from current time


Initializing worker threads...

Threads started!

[ 10s ] thds: 400 tps: 5876.34 qps: 118065.25 (r/w/o: 82723.94/23548.55/11792.77) lat (ms,95%): 207.82 err/s: 0.00 reconn/s: 0.00
[ 20s ] thds: 400 tps: 7940.55 qps: 158685.18 (r/w/o: 111061.69/31742.40/15881.10) lat (ms,95%): 164.45 err/s: 0.00 reconn/s: 0.00
[ 30s ] thds: 400 tps: 8443.40 qps: 168992.60 (r/w/o: 118307.97/33797.82/16886.81) lat (ms,95%): 142.39 err/s: 0.00 reconn/s: 0.00
[ 40s ] thds: 400 tps: 8919.51 qps: 178483.19 (r/w/o: 124935.80/35708.26/17839.13) lat (ms,95%): 84.47 err/s: 0.00 reconn/s: 0.00
[ 50s ] thds: 400 tps: 9247.41 qps: 184849.31 (r/w/o: 129413.25/36941.44/18494.62) lat (ms,95%): 68.05 err/s: 0.00 reconn/s: 0.00
[ 60s ] thds: 400 tps: 9414.08 qps: 188106.40 (r/w/o: 131607.09/37670.74/18828.57) lat (ms,95%): 65.65 err/s: 0.00 reconn/s: 0.00
[ 70s ] thds: 400 tps: 9540.09 qps: 190893.34 (r/w/o: 133659.79/38153.17/19080.38) lat (ms,95%): 63.32 err/s: 0.10 reconn/s: 0.00
[ 80s ] thds: 400 tps: 9456.69 qps: 189237.09 (r/w/o: 132486.36/37838.86/18911.88) lat (ms,95%): 66.84 err/s: 0.00 reconn/s: 0.00
[ 90s ] thds: 400 tps: 9448.82 qps: 188795.87 (r/w/o: 132147.33/37749.69/18898.85) lat (ms,95%): 65.65 err/s: 0.00 reconn/s: 0.00
[ 100s ] thds: 400 tps: 9783.90 qps: 195787.21 (r/w/o: 137029.84/39189.28/19568.09) lat (ms,95%): 57.87 err/s: 0.00 reconn/s: 0.00
[ 110s ] thds: 400 tps: 7256.39 qps: 145020.34 (r/w/o: 101512.82/29003.55/14503.97) lat (ms,95%): 125.52 err/s: 0.00 reconn/s: 0.00
[ 120s ] thds: 400 tps: 5714.45 qps: 114452.26 (r/w/o: 80114.74/22902.61/11434.91) lat (ms,95%): 150.29 err/s: 0.10 reconn/s: 0.00
[ 130s ] thds: 400 tps: 6425.96 qps: 128213.96 (r/w/o: 89728.98/25634.55/12850.43) lat (ms,95%): 121.08 err/s: 0.00 reconn/s: 0.00
[ 140s ] thds: 400 tps: 9002.35 qps: 180333.19 (r/w/o: 126284.47/36039.32/18009.41) lat (ms,95%): 70.55 err/s: 0.00 reconn/s: 0.00
[ 150s ] thds: 400 tps: 9487.26 qps: 189442.79 (r/w/o: 132554.03/37916.24/18972.52) lat (ms,95%): 64.47 err/s: 0.10 reconn/s: 0.00
[ 160s ] thds: 400 tps: 9457.75 qps: 189469.23 (r/w/o: 132687.52/37863.91/18917.80) lat (ms,95%): 70.55 err/s: 0.00 reconn/s: 0.00
[ 170s ] thds: 400 tps: 9577.07 qps: 191237.10 (r/w/o: 133815.01/38269.06/19153.03) lat (ms,95%): 64.47 err/s: 0.00 reconn/s: 0.00
[ 180s ] thds: 400 tps: 9782.63 qps: 195839.06 (r/w/o: 137088.29/39193.31/19557.46) lat (ms,95%): 58.92 err/s: 0.00 reconn/s: 0.00
[ 190s ] thds: 400 tps: 9508.47 qps: 189969.82 (r/w/o: 132965.29/37978.68/19025.84) lat (ms,95%): 62.19 err/s: 0.00 reconn/s: 0.00
[ 200s ] thds: 400 tps: 9805.94 qps: 196267.88 (r/w/o: 137432.22/39225.98/19609.69) lat (ms,95%): 57.87 err/s: 0.00 reconn/s: 0.00
[ 210s ] thds: 400 tps: 9767.92 qps: 195578.40 (r/w/o: 136919.98/39120.38/19538.04) lat (ms,95%): 59.99 err/s: 0.00 reconn/s: 0.00
[ 220s ] thds: 400 tps: 8964.89 qps: 178875.71 (r/w/o: 125142.27/35803.46/17929.98) lat (ms,95%): 89.16 err/s: 0.00 reconn/s: 0.00
[ 230s ] thds: 400 tps: 6996.98 qps: 140135.08 (r/w/o: 98114.47/28031.44/13989.17) lat (ms,95%): 110.66 err/s: 0.00 reconn/s: 0.00
[ 240s ] thds: 400 tps: 7050.75 qps: 141202.63 (r/w/o: 98902.82/28193.51/14106.30) lat (ms,95%): 108.68 err/s: 0.00 reconn/s: 0.00
[ 250s ] thds: 400 tps: 8015.53 qps: 159940.60 (r/w/o: 111883.12/32026.42/16031.06) lat (ms,95%): 92.42 err/s: 0.00 reconn/s: 0.00
[ 260s ] thds: 400 tps: 9065.80 qps: 181532.34 (r/w/o: 127132.42/36268.01/18131.90) lat (ms,95%): 75.82 err/s: 0.10 reconn/s: 0.00
[ 270s ] thds: 400 tps: 9594.74 qps: 191832.20 (r/w/o: 134239.43/38403.28/19189.49) lat (ms,95%): 57.87 err/s: 0.00 reconn/s: 0.00
[ 280s ] thds: 400 tps: 9596.86 qps: 192293.29 (r/w/o: 134655.51/38443.36/19194.43) lat (ms,95%): 59.99 err/s: 0.20 reconn/s: 0.00
[ 290s ] thds: 400 tps: 9672.49 qps: 192982.53 (r/w/o: 135030.81/38606.75/19344.97) lat (ms,95%): 56.84 err/s: 0.00 reconn/s: 0.00
[ 300s ] thds: 400 tps: 9635.22 qps: 192978.80 (r/w/o: 135122.11/38586.26/19270.43) lat (ms,95%): 64.47 err/s: 0.00 reconn/s: 0.00
[ 310s ] thds: 400 tps: 10153.80 qps: 203292.29 (r/w/o: 142309.96/40674.22/20308.11) lat (ms,95%): 51.94 err/s: 0.20 reconn/s: 0.00
[ 320s ] thds: 400 tps: 9547.04 qps: 190650.94 (r/w/o: 133461.62/38095.25/19094.07) lat (ms,95%): 66.84 err/s: 0.00 reconn/s: 0.00
[ 330s ] thds: 400 tps: 8774.94 qps: 175634.98 (r/w/o: 122961.55/35123.86/17549.58) lat (ms,95%): 86.00 err/s: 0.00 reconn/s: 0.00
[ 340s ] thds: 400 tps: 7258.38 qps: 144900.56 (r/w/o: 101370.86/29014.83/14514.87) lat (ms,95%): 106.75 err/s: 0.10 reconn/s: 0.00
[ 350s ] thds: 400 tps: 7050.84 qps: 141300.83 (r/w/o: 98964.28/28233.27/14103.28) lat (ms,95%): 112.67 err/s: 0.00 reconn/s: 0.00
[ 360s ] thds: 400 tps: 7262.04 qps: 145250.12 (r/w/o: 101687.21/29038.04/14524.87) lat (ms,95%): 106.75 err/s: 0.00 reconn/s: 0.00
[ 370s ] thds: 400 tps: 9438.70 qps: 188396.64 (r/w/o: 131798.76/37719.99/18877.89) lat (ms,95%): 59.99 err/s: 0.10 reconn/s: 0.00
[ 380s ] thds: 400 tps: 9045.03 qps: 181028.32 (r/w/o: 126758.27/36180.10/18089.95) lat (ms,95%): 80.03 err/s: 0.00 reconn/s: 0.00
[ 390s ] thds: 400 tps: 8490.34 qps: 170077.23 (r/w/o: 119064.81/34032.15/16980.27) lat (ms,95%): 94.10 err/s: 0.00 reconn/s: 0.00
[ 400s ] thds: 400 tps: 8218.53 qps: 164470.58 (r/w/o: 115124.61/32908.22/16437.76) lat (ms,95%): 102.97 err/s: 0.10 reconn/s: 0.00
[ 410s ] thds: 400 tps: 7734.06 qps: 154538.22 (r/w/o: 108173.45/30898.24/15466.52) lat (ms,95%): 106.75 err/s: 0.10 reconn/s: 0.00
[ 420s ] thds: 400 tps: 8427.99 qps: 168468.80 (r/w/o: 117931.66/33679.56/16857.58) lat (ms,95%): 95.81 err/s: 0.00 reconn/s: 0.00
[ 430s ] thds: 400 tps: 9604.30 qps: 192215.38 (r/w/o: 134596.48/38410.10/19208.80) lat (ms,95%): 63.32 err/s: 0.00 reconn/s: 0.00
[ 440s ] thds: 400 tps: 8988.60 qps: 179618.30 (r/w/o: 125680.10/35963.80/17974.40) lat (ms,95%): 80.03 err/s: 0.00 reconn/s: 0.00
[ 450s ] thds: 400 tps: 9128.88 qps: 182581.28 (r/w/o: 127844.41/36476.32/18260.56) lat (ms,95%): 80.03 err/s: 0.00 reconn/s: 0.00
[ 460s ] thds: 400 tps: 7393.33 qps: 147940.56 (r/w/o: 103508.09/29648.41/14784.06) lat (ms,95%): 99.33 err/s: 0.00 reconn/s: 0.00
[ 470s ] thds: 400 tps: 7247.40 qps: 144712.97 (r/w/o: 101290.55/28930.11/14492.31) lat (ms,95%): 104.84 err/s: 0.00 reconn/s: 0.00
[ 480s ] thds: 400 tps: 7707.65 qps: 154586.97 (r/w/o: 108247.55/30918.71/15420.71) lat (ms,95%): 97.55 err/s: 0.10 reconn/s: 0.00
[ 490s ] thds: 400 tps: 9726.46 qps: 194392.77 (r/w/o: 136123.69/38816.65/19452.43) lat (ms,95%): 55.82 err/s: 0.00 reconn/s: 0.00
[ 500s ] thds: 400 tps: 9774.08 qps: 195336.91 (r/w/o: 136705.43/39082.62/19548.86) lat (ms,95%): 58.92 err/s: 0.10 reconn/s: 0.00
[ 510s ] thds: 400 tps: 9716.76 qps: 194183.94 (r/w/o: 135860.27/38893.45/19430.22) lat (ms,95%): 57.87 err/s: 0.10 reconn/s: 0.00
[ 520s ] thds: 400 tps: 9213.35 qps: 184475.47 (r/w/o: 129159.25/36895.11/18421.11) lat (ms,95%): 74.46 err/s: 0.10 reconn/s: 0.00
[ 530s ] thds: 400 tps: 9750.89 qps: 195107.44 (r/w/o: 136604.39/38991.47/19511.58) lat (ms,95%): 59.99 err/s: 0.10 reconn/s: 0.00
[ 540s ] thds: 400 tps: 9804.52 qps: 196054.80 (r/w/o: 137240.05/39205.40/19609.35) lat (ms,95%): 62.19 err/s: 0.00 reconn/s: 0.00
[ 550s ] thds: 400 tps: 8897.27 qps: 178126.88 (r/w/o: 124684.07/35648.28/17794.54) lat (ms,95%): 86.00 err/s: 0.00 reconn/s: 0.00
[ 560s ] thds: 400 tps: 9056.80 qps: 180897.62 (r/w/o: 126656.15/36127.88/18113.59) lat (ms,95%): 81.48 err/s: 0.00 reconn/s: 0.00
[ 570s ] thds: 400 tps: 7476.39 qps: 149382.36 (r/w/o: 104529.93/29899.45/14952.98) lat (ms,95%): 99.33 err/s: 0.10 reconn/s: 0.00
[ 580s ] thds: 400 tps: 7144.50 qps: 143004.41 (r/w/o: 100136.93/28578.48/14288.99) lat (ms,95%): 104.84 err/s: 0.00 reconn/s: 0.00
[ 590s ] thds: 400 tps: 7426.26 qps: 148660.98 (r/w/o: 104006.33/29801.64/14853.02) lat (ms,95%): 102.97 err/s: 0.10 reconn/s: 0.00
[ 600s ] thds: 400 tps: 9803.88 qps: 196093.89 (r/w/o: 137300.18/39185.74/19607.97) lat (ms,95%): 54.83 err/s: 0.10 reconn/s: 0.00
[ 610s ] thds: 400 tps: 9899.63 qps: 197872.94 (r/w/o: 138493.18/39580.41/19799.35) lat (ms,95%): 55.82 err/s: 0.00 reconn/s: 0.00
[ 620s ] thds: 400 tps: 9843.11 qps: 196851.30 (r/w/o: 137835.31/39329.66/19686.33) lat (ms,95%): 57.87 err/s: 0.00 reconn/s: 0.00
[ 630s ] thds: 400 tps: 9306.05 qps: 186151.39 (r/w/o: 130282.77/37256.42/18612.21) lat (ms,95%): 74.46 err/s: 0.00 reconn/s: 0.00
[ 640s ] thds: 400 tps: 9629.05 qps: 192369.75 (r/w/o: 134613.16/38498.59/19258.00) lat (ms,95%): 58.92 err/s: 0.00 reconn/s: 0.00
[ 650s ] thds: 400 tps: 9444.74 qps: 189085.11 (r/w/o: 132423.27/37772.26/18889.58) lat (ms,95%): 66.84 err/s: 0.00 reconn/s: 0.00
[ 660s ] thds: 400 tps: 8848.88 qps: 177044.42 (r/w/o: 123935.96/35410.80/17697.65) lat (ms,95%): 82.96 err/s: 0.00 reconn/s: 0.00
[ 670s ] thds: 400 tps: 9297.71 qps: 186014.69 (r/w/o: 130226.40/37192.56/18595.73) lat (ms,95%): 71.83 err/s: 0.10 reconn/s: 0.00
[ 680s ] thds: 400 tps: 7693.60 qps: 154038.47 (r/w/o: 107761.48/30889.59/15387.40) lat (ms,95%): 102.97 err/s: 0.10 reconn/s: 0.00
[ 690s ] thds: 400 tps: 7145.90 qps: 142780.14 (r/w/o: 99944.73/28543.51/14291.90) lat (ms,95%): 104.84 err/s: 0.00 reconn/s: 0.00
[ 700s ] thds: 400 tps: 7192.80 qps: 143742.63 (r/w/o: 100628.92/28735.61/14378.10) lat (ms,95%): 102.97 err/s: 0.00 reconn/s: 0.00
[ 710s ] thds: 400 tps: 9653.80 qps: 192945.38 (r/w/o: 135051.99/38580.00/19313.40) lat (ms,95%): 57.87 err/s: 0.00 reconn/s: 0.00
[ 720s ] thds: 400 tps: 9621.11 qps: 192432.54 (r/w/o: 134732.97/38455.45/19244.12) lat (ms,95%): 64.47 err/s: 0.00 reconn/s: 0.00
[ 730s ] thds: 400 tps: 9776.90 qps: 195693.25 (r/w/o: 136977.17/39162.09/19554.00) lat (ms,95%): 56.84 err/s: 0.00 reconn/s: 0.00
[ 740s ] thds: 400 tps: 9283.20 qps: 185626.47 (r/w/o: 129946.25/37113.41/18566.81) lat (ms,95%): 73.13 err/s: 0.20 reconn/s: 0.00
[ 750s ] thds: 400 tps: 9677.56 qps: 193608.34 (r/w/o: 135546.76/38706.35/19355.22) lat (ms,95%): 62.19 err/s: 0.00 reconn/s: 0.00
[ 760s ] thds: 400 tps: 9257.99 qps: 184976.61 (r/w/o: 129428.67/37031.76/18516.18) lat (ms,95%): 80.03 err/s: 0.10 reconn/s: 0.00
[ 770s ] thds: 400 tps: 8711.25 qps: 174147.34 (r/w/o: 121915.16/34809.59/17422.59) lat (ms,95%): 89.16 err/s: 0.00 reconn/s: 0.00
[ 780s ] thds: 400 tps: 8151.44 qps: 163142.23 (r/w/o: 114215.81/32623.35/16303.07) lat (ms,95%): 94.10 err/s: 0.00 reconn/s: 0.00
[ 790s ] thds: 400 tps: 7813.45 qps: 156333.49 (r/w/o: 109463.96/31247.12/15622.41) lat (ms,95%): 102.97 err/s: 0.10 reconn/s: 0.00
[ 800s ] thds: 400 tps: 7565.04 qps: 151316.49 (r/w/o: 105900.25/30281.36/15134.88) lat (ms,95%): 106.75 err/s: 0.00 reconn/s: 0.00
[ 810s ] thds: 400 tps: 7367.88 qps: 147308.39 (r/w/o: 103131.98/29440.44/14735.97) lat (ms,95%): 112.67 err/s: 0.10 reconn/s: 0.00
[ 820s ] thds: 400 tps: 7436.11 qps: 149000.91 (r/w/o: 104271.28/29857.42/14872.21) lat (ms,95%): 112.67 err/s: 0.00 reconn/s: 0.00
[ 830s ] thds: 400 tps: 7733.16 qps: 154593.04 (r/w/o: 108241.40/30885.33/15466.31) lat (ms,95%): 106.75 err/s: 0.00 reconn/s: 0.00
[ 840s ] thds: 400 tps: 8261.05 qps: 165071.19 (r/w/o: 115520.76/33031.72/16518.71) lat (ms,95%): 97.55 err/s: 0.00 reconn/s: 0.00
SQL statistics:
    queries performed:
        read:                            102251590
        write:                           29214646
        other:                           14607410
        total:                           146073646
    transactions:                        7303658 (8684.30 per sec.)
    queries:                             146073646 (173686.67 per sec.)
    ignored errors:                      27     (0.03 per sec.)
    reconnects:                          0      (0.00 per sec.)

General statistics:
    total time:                          841.0172s
    total number of events:              7303658

Latency (ms):
         min:                                   20.03
         avg:                                   46.02
         max:                                 1070.93
         95th percentile:                       89.16
         sum:                            336114759.89

Threads fairness:
    events (avg/stddev):           18259.1450/501.64
    execution time (avg/stddev):   840.2869/0.23

