sysbench 1.0.20-ebf1c90 (using bundled LuaJIT 2.1.0-beta2)

Running the test with following options:
Number of threads: 400
Report intermediate results every 10 second(s)
Initializing random number generator from current time


Initializing worker threads...

Threads started!

[ 10s ] thds: 400 tps: 5840.95 qps: 117277.67 (r/w/o: 82181.40/23374.48/11721.79) lat (ms,95%): 207.82 err/s: 0.10 reconn/s: 0.00
[ 20s ] thds: 400 tps: 7895.26 qps: 157949.23 (r/w/o: 110532.39/31635.63/15781.21) lat (ms,95%): 164.45 err/s: 0.00 reconn/s: 0.00
[ 30s ] thds: 400 tps: 8521.30 qps: 170431.12 (r/w/o: 119315.32/34063.40/17052.40) lat (ms,95%): 142.39 err/s: 0.10 reconn/s: 0.00
[ 40s ] thds: 400 tps: 8903.44 qps: 177850.35 (r/w/o: 124457.22/35586.15/17806.97) lat (ms,95%): 84.47 err/s: 0.00 reconn/s: 0.00
[ 50s ] thds: 400 tps: 9229.68 qps: 184666.28 (r/w/o: 129262.88/36944.54/18458.87) lat (ms,95%): 68.05 err/s: 0.00 reconn/s: 0.00
[ 60s ] thds: 400 tps: 9426.69 qps: 188642.00 (r/w/o: 132116.66/37673.46/18851.88) lat (ms,95%): 65.65 err/s: 0.00 reconn/s: 0.00
[ 70s ] thds: 400 tps: 9466.93 qps: 189476.86 (r/w/o: 132586.86/37953.73/18936.27) lat (ms,95%): 64.47 err/s: 0.10 reconn/s: 0.00
[ 80s ] thds: 400 tps: 9418.45 qps: 188102.10 (r/w/o: 131684.00/37581.30/18836.80) lat (ms,95%): 68.05 err/s: 0.00 reconn/s: 0.00
[ 90s ] thds: 400 tps: 9392.11 qps: 188108.96 (r/w/o: 131700.32/37624.53/18784.12) lat (ms,95%): 65.65 err/s: 0.00 reconn/s: 0.00
[ 100s ] thds: 400 tps: 9831.49 qps: 196533.05 (r/w/o: 137595.92/39273.65/19663.47) lat (ms,95%): 57.87 err/s: 0.00 reconn/s: 0.00
[ 110s ] thds: 400 tps: 7158.10 qps: 143141.82 (r/w/o: 100155.04/28672.08/14314.69) lat (ms,95%): 127.81 err/s: 0.10 reconn/s: 0.00
[ 120s ] thds: 400 tps: 5650.51 qps: 113007.98 (r/w/o: 79090.53/22617.54/11299.92) lat (ms,95%): 153.02 err/s: 0.00 reconn/s: 0.00
[ 130s ] thds: 400 tps: 6323.76 qps: 126654.72 (r/w/o: 88682.16/25321.55/12651.02) lat (ms,95%): 123.28 err/s: 0.30 reconn/s: 0.00
[ 140s ] thds: 400 tps: 8970.16 qps: 179168.71 (r/w/o: 125408.64/35820.14/17939.92) lat (ms,95%): 70.55 err/s: 0.00 reconn/s: 0.00
[ 150s ] thds: 400 tps: 9398.21 qps: 188140.65 (r/w/o: 131735.27/37608.45/18796.93) lat (ms,95%): 65.65 err/s: 0.00 reconn/s: 0.00
[ 160s ] thds: 400 tps: 9403.84 qps: 187915.72 (r/w/o: 131509.88/37602.66/18803.18) lat (ms,95%): 71.83 err/s: 0.00 reconn/s: 0.00
[ 170s ] thds: 400 tps: 9509.10 qps: 190415.86 (r/w/o: 133287.54/38105.22/19023.10) lat (ms,95%): 64.47 err/s: 0.20 reconn/s: 0.00
[ 180s ] thds: 400 tps: 9779.27 qps: 195334.64 (r/w/o: 136733.54/39043.27/19557.83) lat (ms,95%): 59.99 err/s: 0.00 reconn/s: 0.00
[ 190s ] thds: 400 tps: 9506.14 qps: 190337.89 (r/w/o: 133262.32/38062.48/19013.09) lat (ms,95%): 62.19 err/s: 0.00 reconn/s: 0.00
[ 200s ] thds: 400 tps: 9789.50 qps: 195508.86 (r/w/o: 136824.44/39107.61/19576.81) lat (ms,95%): 56.84 err/s: 0.00 reconn/s: 0.00
[ 210s ] thds: 400 tps: 9754.96 qps: 195201.35 (r/w/o: 136658.38/39032.55/19510.43) lat (ms,95%): 61.08 err/s: 0.00 reconn/s: 0.00
[ 220s ] thds: 400 tps: 8924.62 qps: 178691.17 (r/w/o: 125078.76/35761.27/17851.14) lat (ms,95%): 90.78 err/s: 0.10 reconn/s: 0.00
[ 230s ] thds: 400 tps: 6988.81 qps: 139506.64 (r/w/o: 97652.07/27877.45/13977.12) lat (ms,95%): 112.67 err/s: 0.00 reconn/s: 0.00
[ 240s ] thds: 400 tps: 7007.89 qps: 140278.09 (r/w/o: 98222.75/28038.96/14016.38) lat (ms,95%): 108.68 err/s: 0.00 reconn/s: 0.00
[ 250s ] thds: 400 tps: 7941.72 qps: 158973.32 (r/w/o: 111270.59/31819.18/15883.54) lat (ms,95%): 92.42 err/s: 0.00 reconn/s: 0.00
[ 260s ] thds: 400 tps: 9052.55 qps: 180769.97 (r/w/o: 126471.08/36202.89/18096.00) lat (ms,95%): 75.82 err/s: 0.10 reconn/s: 0.00
[ 270s ] thds: 400 tps: 9586.35 qps: 191884.11 (r/w/o: 134409.71/38292.20/19182.20) lat (ms,95%): 57.87 err/s: 0.00 reconn/s: 0.00
[ 280s ] thds: 400 tps: 9575.17 qps: 191392.80 (r/w/o: 133917.11/38328.56/19147.13) lat (ms,95%): 59.99 err/s: 0.10 reconn/s: 0.00
[ 290s ] thds: 400 tps: 9651.41 qps: 193214.65 (r/w/o: 135292.68/38615.75/19306.23) lat (ms,95%): 57.87 err/s: 0.00 reconn/s: 0.00
[ 300s ] thds: 400 tps: 9585.94 qps: 191320.40 (r/w/o: 133851.96/38299.16/19169.27) lat (ms,95%): 64.47 err/s: 0.00 reconn/s: 0.00
[ 310s ] thds: 400 tps: 10163.62 qps: 203508.86 (r/w/o: 142518.25/40660.78/20329.84) lat (ms,95%): 51.94 err/s: 0.00 reconn/s: 0.00
[ 320s ] thds: 400 tps: 9480.66 qps: 189751.43 (r/w/o: 132843.59/37946.83/18961.01) lat (ms,95%): 68.05 err/s: 0.10 reconn/s: 0.00
[ 330s ] thds: 400 tps: 8820.21 qps: 176245.01 (r/w/o: 123334.08/35275.72/17635.21) lat (ms,95%): 86.00 err/s: 0.00 reconn/s: 0.00
[ 340s ] thds: 400 tps: 7191.66 qps: 143762.94 (r/w/o: 100629.47/28744.95/14388.52) lat (ms,95%): 108.68 err/s: 0.10 reconn/s: 0.00
[ 350s ] thds: 400 tps: 7025.23 qps: 140762.12 (r/w/o: 98573.27/28137.20/14051.65) lat (ms,95%): 114.72 err/s: 0.00 reconn/s: 0.00
[ 360s ] thds: 400 tps: 7179.93 qps: 143684.30 (r/w/o: 100564.32/28759.42/14360.56) lat (ms,95%): 106.75 err/s: 0.20 reconn/s: 0.00
[ 370s ] thds: 400 tps: 9376.94 qps: 187508.84 (r/w/o: 131248.22/37506.55/18754.07) lat (ms,95%): 58.92 err/s: 0.00 reconn/s: 0.00
[ 380s ] thds: 400 tps: 9053.23 qps: 181059.96 (r/w/o: 126734.80/36218.71/18106.46) lat (ms,95%): 81.48 err/s: 0.00 reconn/s: 0.00
[ 390s ] thds: 400 tps: 8515.78 qps: 170131.89 (r/w/o: 119069.19/34031.24/17031.47) lat (ms,95%): 94.10 err/s: 0.00 reconn/s: 0.00
[ 400s ] thds: 400 tps: 8103.74 qps: 162186.30 (r/w/o: 113560.36/32418.36/16207.58) lat (ms,95%): 104.84 err/s: 0.00 reconn/s: 0.00
[ 410s ] thds: 400 tps: 7764.89 qps: 155211.52 (r/w/o: 108626.81/31056.74/15527.97) lat (ms,95%): 104.84 err/s: 0.00 reconn/s: 0.00
[ 420s ] thds: 400 tps: 8355.69 qps: 167144.84 (r/w/o: 117012.89/33423.87/16708.08) lat (ms,95%): 97.55 err/s: 0.00 reconn/s: 0.00
[ 430s ] thds: 400 tps: 9589.03 qps: 191903.95 (r/w/o: 134343.79/38377.11/19183.06) lat (ms,95%): 62.19 err/s: 0.00 reconn/s: 0.00
[ 440s ] thds: 400 tps: 8984.53 qps: 179457.04 (r/w/o: 125585.98/35906.31/17964.75) lat (ms,95%): 81.48 err/s: 0.00 reconn/s: 0.00
[ 450s ] thds: 400 tps: 9107.39 qps: 182135.21 (r/w/o: 127493.96/36427.46/18213.78) lat (ms,95%): 81.48 err/s: 0.00 reconn/s: 0.00
[ 460s ] thds: 400 tps: 7410.00 qps: 148307.09 (r/w/o: 103856.07/29625.52/14825.51) lat (ms,95%): 99.33 err/s: 0.00 reconn/s: 0.00
[ 470s ] thds: 400 tps: 7198.22 qps: 143956.42 (r/w/o: 100735.89/28826.18/14394.34) lat (ms,95%): 104.84 err/s: 0.00 reconn/s: 0.00
[ 480s ] thds: 400 tps: 7667.96 qps: 153365.04 (r/w/o: 107403.10/30623.83/15338.11) lat (ms,95%): 97.55 err/s: 0.00 reconn/s: 0.00
[ 490s ] thds: 400 tps: 9701.07 qps: 193920.74 (r/w/o: 135719.94/38798.67/19402.13) lat (ms,95%): 56.84 err/s: 0.00 reconn/s: 0.00
[ 500s ] thds: 400 tps: 9777.16 qps: 195510.90 (r/w/o: 136831.11/39128.46/19551.33) lat (ms,95%): 58.92 err/s: 0.00 reconn/s: 0.00
[ 510s ] thds: 400 tps: 9709.05 qps: 194304.41 (r/w/o: 136027.11/38857.50/19419.80) lat (ms,95%): 57.87 err/s: 0.10 reconn/s: 0.00
[ 520s ] thds: 400 tps: 9200.49 qps: 184108.79 (r/w/o: 128896.95/36809.06/18402.78) lat (ms,95%): 75.82 err/s: 0.00 reconn/s: 0.00
[ 530s ] thds: 400 tps: 9729.29 qps: 194407.89 (r/w/o: 136088.32/38860.68/19458.89) lat (ms,95%): 59.99 err/s: 0.10 reconn/s: 0.00
[ 540s ] thds: 400 tps: 9749.30 qps: 195189.44 (r/w/o: 136620.03/39071.01/19498.41) lat (ms,95%): 61.08 err/s: 0.10 reconn/s: 0.00
[ 550s ] thds: 400 tps: 8897.14 qps: 177825.14 (r/w/o: 124490.29/35540.07/17794.78) lat (ms,95%): 89.16 err/s: 0.00 reconn/s: 0.00
[ 560s ] thds: 400 tps: 9056.08 qps: 181078.34 (r/w/o: 126755.88/36210.81/18111.65) lat (ms,95%): 81.48 err/s: 0.00 reconn/s: 0.00
[ 570s ] thds: 400 tps: 7416.03 qps: 148401.16 (r/w/o: 103850.09/29724.01/14827.06) lat (ms,95%): 99.33 err/s: 0.00 reconn/s: 0.00
[ 580s ] thds: 400 tps: 7085.67 qps: 141759.54 (r/w/o: 99237.44/28350.57/14171.53) lat (ms,95%): 106.75 err/s: 0.10 reconn/s: 0.00
[ 590s ] thds: 400 tps: 7366.47 qps: 147300.28 (r/w/o: 103135.44/29425.70/14739.15) lat (ms,95%): 104.84 err/s: 0.10 reconn/s: 0.00
[ 600s ] thds: 400 tps: 9748.40 qps: 194693.02 (r/w/o: 136233.51/38967.90/19491.60) lat (ms,95%): 55.82 err/s: 0.00 reconn/s: 0.00
[ 610s ] thds: 400 tps: 9792.69 qps: 196005.12 (r/w/o: 137244.50/39169.45/19591.17) lat (ms,95%): 56.84 err/s: 0.10 reconn/s: 0.00
[ 620s ] thds: 400 tps: 9784.57 qps: 195688.58 (r/w/o: 136940.87/39189.98/19557.74) lat (ms,95%): 57.87 err/s: 0.00 reconn/s: 0.00
[ 630s ] thds: 400 tps: 9277.00 qps: 185359.91 (r/w/o: 129724.78/37076.62/18558.51) lat (ms,95%): 75.82 err/s: 0.00 reconn/s: 0.00
[ 640s ] thds: 400 tps: 9578.51 qps: 191859.38 (r/w/o: 134396.45/38299.02/19163.91) lat (ms,95%): 59.99 err/s: 0.00 reconn/s: 0.00
[ 650s ] thds: 400 tps: 9429.36 qps: 188530.80 (r/w/o: 131907.34/37764.54/18858.92) lat (ms,95%): 66.84 err/s: 0.00 reconn/s: 0.00
[ 660s ] thds: 400 tps: 8835.69 qps: 176488.68 (r/w/o: 123536.42/35281.38/17670.89) lat (ms,95%): 84.47 err/s: 0.00 reconn/s: 0.00
[ 670s ] thds: 400 tps: 9286.40 qps: 185920.31 (r/w/o: 130201.53/37145.48/18573.29) lat (ms,95%): 71.83 err/s: 0.00 reconn/s: 0.00
[ 680s ] thds: 400 tps: 7701.44 qps: 154176.51 (r/w/o: 107910.19/30863.44/15402.87) lat (ms,95%): 102.97 err/s: 0.00 reconn/s: 0.00
[ 690s ] thds: 400 tps: 7072.99 qps: 141471.16 (r/w/o: 99024.63/28300.75/14145.78) lat (ms,95%): 104.84 err/s: 0.00 reconn/s: 0.00
[ 700s ] thds: 400 tps: 7160.52 qps: 143241.44 (r/w/o: 100272.01/28647.99/14321.44) lat (ms,95%): 104.84 err/s: 0.00 reconn/s: 0.00
[ 710s ] thds: 400 tps: 9605.79 qps: 191892.60 (r/w/o: 134306.46/38377.56/19208.58) lat (ms,95%): 58.92 err/s: 0.00 reconn/s: 0.00
[ 720s ] thds: 400 tps: 9551.14 qps: 191112.15 (r/w/o: 133797.53/38214.35/19100.28) lat (ms,95%): 64.47 err/s: 0.00 reconn/s: 0.00
[ 730s ] thds: 400 tps: 9724.73 qps: 194540.29 (r/w/o: 136176.51/38909.12/19454.66) lat (ms,95%): 56.84 err/s: 0.00 reconn/s: 0.00
[ 740s ] thds: 400 tps: 9234.56 qps: 184714.59 (r/w/o: 129310.40/36935.06/18469.13) lat (ms,95%): 73.13 err/s: 0.00 reconn/s: 0.00
[ 750s ] thds: 400 tps: 9661.89 qps: 193006.32 (r/w/o: 135074.51/38611.24/19320.57) lat (ms,95%): 62.19 err/s: 0.10 reconn/s: 0.00
[ 760s ] thds: 400 tps: 9187.32 qps: 183974.96 (r/w/o: 128793.43/36803.29/18378.24) lat (ms,95%): 81.48 err/s: 0.00 reconn/s: 0.00
[ 770s ] thds: 400 tps: 8690.30 qps: 173868.26 (r/w/o: 121705.57/34782.09/17380.60) lat (ms,95%): 89.16 err/s: 0.00 reconn/s: 0.00
[ 780s ] thds: 400 tps: 8109.87 qps: 162159.58 (r/w/o: 113518.34/32421.50/16219.75) lat (ms,95%): 95.81 err/s: 0.00 reconn/s: 0.00
[ 790s ] thds: 400 tps: 7822.24 qps: 156068.23 (r/w/o: 109208.41/31222.75/15637.07) lat (ms,95%): 104.84 err/s: 0.00 reconn/s: 0.00
[ 800s ] thds: 400 tps: 7464.38 qps: 149447.17 (r/w/o: 104605.30/29906.31/14935.56) lat (ms,95%): 108.68 err/s: 0.00 reconn/s: 0.00
[ 810s ] thds: 400 tps: 7334.51 qps: 146908.74 (r/w/o: 102859.60/29387.33/14661.81) lat (ms,95%): 112.67 err/s: 0.00 reconn/s: 0.00
[ 820s ] thds: 400 tps: 7416.20 qps: 148118.10 (r/w/o: 103700.97/29580.72/14836.41) lat (ms,95%): 112.67 err/s: 0.00 reconn/s: 0.00
[ 830s ] thds: 400 tps: 7680.90 qps: 153763.50 (r/w/o: 107652.40/30746.00/15365.10) lat (ms,95%): 106.75 err/s: 0.00 reconn/s: 0.00
[ 840s ] thds: 400 tps: 8193.24 qps: 164009.88 (r/w/o: 114805.05/32817.56/16387.28) lat (ms,95%): 99.33 err/s: 0.00 reconn/s: 0.00
SQL statistics:
    queries performed:
        read:                            101856790
        write:                           29101844
        other:                           14551020
        total:                           145509654
    transactions:                        7275462 (8652.09 per sec.)
    queries:                             145509654 (173042.33 per sec.)
    ignored errors:                      23     (0.03 per sec.)
    reconnects:                          0      (0.00 per sec.)

General statistics:
    total time:                          840.8894s
    total number of events:              7275462

Latency (ms):
         min:                                   19.89
         avg:                                   46.19
         max:                                  901.88
         95th percentile:                       90.78
         sum:                            336030066.14

Threads fairness:
    events (avg/stddev):           18188.6550/456.78
    execution time (avg/stddev):   840.0752/0.16

