sysbench 1.0.20-ebf1c90 (using bundled LuaJIT 2.1.0-beta2)

Running the test with following options:
Number of threads: 400
Report intermediate results every 10 second(s)
Initializing random number generator from current time


Initializing worker threads...

Threads started!

[ 10s ] thds: 400 tps: 5831.89 qps: 117097.62 (r/w/o: 82056.19/23337.86/11703.57) lat (ms,95%): 207.82 err/s: 0.00 reconn/s: 0.00
[ 20s ] thds: 400 tps: 7920.14 qps: 158517.55 (r/w/o: 110941.32/31741.95/15834.27) lat (ms,95%): 161.51 err/s: 0.00 reconn/s: 0.00
[ 30s ] thds: 400 tps: 8490.19 qps: 169731.89 (r/w/o: 118812.43/33932.78/16986.69) lat (ms,95%): 147.61 err/s: 0.00 reconn/s: 0.00
[ 40s ] thds: 400 tps: 8878.60 qps: 177341.23 (r/w/o: 124098.35/35485.59/17757.29) lat (ms,95%): 87.56 err/s: 0.00 reconn/s: 0.00
[ 50s ] thds: 400 tps: 9234.62 qps: 184768.61 (r/w/o: 129336.82/36963.66/18468.13) lat (ms,95%): 68.05 err/s: 0.00 reconn/s: 0.00
[ 60s ] thds: 400 tps: 9426.58 qps: 188656.42 (r/w/o: 132128.83/37675.22/18852.36) lat (ms,95%): 65.65 err/s: 0.10 reconn/s: 0.00
[ 70s ] thds: 400 tps: 9475.90 qps: 189637.30 (r/w/o: 132699.60/37983.50/18954.20) lat (ms,95%): 64.47 err/s: 0.10 reconn/s: 0.00
[ 80s ] thds: 400 tps: 9419.40 qps: 188115.79 (r/w/o: 131686.17/37590.82/18838.81) lat (ms,95%): 66.84 err/s: 0.00 reconn/s: 0.00
[ 90s ] thds: 400 tps: 9371.21 qps: 187713.24 (r/w/o: 131427.27/37543.65/18742.32) lat (ms,95%): 65.65 err/s: 0.10 reconn/s: 0.00
[ 100s ] thds: 400 tps: 9788.61 qps: 195665.05 (r/w/o: 136988.50/39098.93/19577.61) lat (ms,95%): 57.87 err/s: 0.00 reconn/s: 0.00
[ 110s ] thds: 400 tps: 7185.39 qps: 143688.88 (r/w/o: 100543.12/28777.38/14368.39) lat (ms,95%): 127.81 err/s: 0.00 reconn/s: 0.00
[ 120s ] thds: 400 tps: 5709.50 qps: 114216.10 (r/w/o: 79934.70/22862.10/11419.30) lat (ms,95%): 150.29 err/s: 0.00 reconn/s: 0.00
[ 130s ] thds: 400 tps: 6345.71 qps: 127047.05 (r/w/o: 88958.41/25394.73/12693.92) lat (ms,95%): 121.08 err/s: 0.20 reconn/s: 0.00
[ 140s ] thds: 400 tps: 8971.99 qps: 179237.67 (r/w/o: 125456.41/35837.07/17944.19) lat (ms,95%): 70.55 err/s: 0.10 reconn/s: 0.00
[ 150s ] thds: 400 tps: 9428.58 qps: 188720.06 (r/w/o: 132139.86/37723.03/18857.17) lat (ms,95%): 64.47 err/s: 0.00 reconn/s: 0.00
[ 160s ] thds: 400 tps: 9401.20 qps: 187906.31 (r/w/o: 131508.03/37601.88/18796.39) lat (ms,95%): 71.83 err/s: 0.00 reconn/s: 0.00
[ 170s ] thds: 400 tps: 9490.14 qps: 190012.33 (r/w/o: 132996.61/38029.35/18986.37) lat (ms,95%): 65.65 err/s: 0.00 reconn/s: 0.00
[ 180s ] thds: 400 tps: 9793.35 qps: 195625.58 (r/w/o: 136939.05/39100.82/19585.71) lat (ms,95%): 58.92 err/s: 0.10 reconn/s: 0.00
[ 190s ] thds: 400 tps: 9472.69 qps: 189666.86 (r/w/o: 132793.00/37927.07/18946.79) lat (ms,95%): 62.19 err/s: 0.10 reconn/s: 0.00
[ 200s ] thds: 400 tps: 9824.82 qps: 196212.38 (r/w/o: 137317.97/39246.48/19647.94) lat (ms,95%): 56.84 err/s: 0.10 reconn/s: 0.00
[ 210s ] thds: 400 tps: 9741.20 qps: 194946.82 (r/w/o: 136481.41/38981.00/19484.40) lat (ms,95%): 61.08 err/s: 0.10 reconn/s: 0.00
[ 220s ] thds: 400 tps: 8927.92 qps: 178718.72 (r/w/o: 125100.49/35762.18/17856.04) lat (ms,95%): 89.16 err/s: 0.00 reconn/s: 0.00
[ 230s ] thds: 400 tps: 7023.10 qps: 140226.82 (r/w/o: 98155.21/28025.70/14045.90) lat (ms,95%): 112.67 err/s: 0.00 reconn/s: 0.00
[ 240s ] thds: 400 tps: 7047.64 qps: 141035.50 (r/w/o: 98744.43/28195.48/14095.59) lat (ms,95%): 108.68 err/s: 0.00 reconn/s: 0.00
[ 250s ] thds: 400 tps: 7982.40 qps: 159800.10 (r/w/o: 111852.77/31982.52/15964.81) lat (ms,95%): 92.42 err/s: 0.00 reconn/s: 0.00
[ 260s ] thds: 400 tps: 9086.82 qps: 181513.84 (r/w/o: 127000.04/36349.87/18163.93) lat (ms,95%): 75.82 err/s: 0.00 reconn/s: 0.00
[ 270s ] thds: 400 tps: 9559.30 qps: 191292.95 (r/w/o: 133991.03/38173.61/19128.30) lat (ms,95%): 58.92 err/s: 0.00 reconn/s: 0.00
[ 280s ] thds: 400 tps: 9580.80 qps: 191510.82 (r/w/o: 133999.35/38352.38/19159.09) lat (ms,95%): 59.99 err/s: 0.00 reconn/s: 0.00
[ 290s ] thds: 400 tps: 9692.28 qps: 194018.26 (r/w/o: 135855.66/38775.53/19387.07) lat (ms,95%): 56.84 err/s: 0.00 reconn/s: 0.00
[ 300s ] thds: 400 tps: 9640.41 qps: 192426.19 (r/w/o: 134627.53/38522.04/19276.62) lat (ms,95%): 64.47 err/s: 0.10 reconn/s: 0.00
[ 310s ] thds: 400 tps: 10150.70 qps: 203241.58 (r/w/o: 142328.69/40608.20/20304.70) lat (ms,95%): 51.94 err/s: 0.00 reconn/s: 0.00
[ 320s ] thds: 400 tps: 9547.40 qps: 191075.53 (r/w/o: 133767.12/38212.81/19095.60) lat (ms,95%): 66.84 err/s: 0.00 reconn/s: 0.00
[ 330s ] thds: 400 tps: 8846.84 qps: 176796.63 (r/w/o: 123721.61/35386.85/17688.17) lat (ms,95%): 86.00 err/s: 0.00 reconn/s: 0.00
[ 340s ] thds: 400 tps: 7212.00 qps: 144138.31 (r/w/o: 100886.03/28824.28/14427.99) lat (ms,95%): 106.75 err/s: 0.10 reconn/s: 0.00
[ 350s ] thds: 400 tps: 7064.59 qps: 141566.24 (r/w/o: 99145.52/28289.55/14131.17) lat (ms,95%): 112.67 err/s: 0.00 reconn/s: 0.00
[ 360s ] thds: 400 tps: 7221.62 qps: 144515.98 (r/w/o: 101142.37/28930.08/14443.54) lat (ms,95%): 106.75 err/s: 0.00 reconn/s: 0.00
[ 370s ] thds: 400 tps: 9375.28 qps: 187467.99 (r/w/o: 131222.59/37494.54/18750.87) lat (ms,95%): 58.92 err/s: 0.10 reconn/s: 0.00
[ 380s ] thds: 400 tps: 9076.98 qps: 181539.09 (r/w/o: 127065.51/36319.42/18154.16) lat (ms,95%): 81.48 err/s: 0.00 reconn/s: 0.00
[ 390s ] thds: 400 tps: 8487.41 qps: 169538.34 (r/w/o: 118655.10/33908.43/16974.81) lat (ms,95%): 95.81 err/s: 0.00 reconn/s: 0.00
[ 400s ] thds: 400 tps: 8163.60 qps: 163396.13 (r/w/o: 114408.92/32659.71/16327.50) lat (ms,95%): 102.97 err/s: 0.10 reconn/s: 0.00
[ 410s ] thds: 400 tps: 7758.91 qps: 155104.26 (r/w/o: 108551.08/31037.45/15515.73) lat (ms,95%): 104.84 err/s: 0.20 reconn/s: 0.00
[ 420s ] thds: 400 tps: 8362.01 qps: 167300.33 (r/w/o: 117124.59/33453.93/16721.81) lat (ms,95%): 97.55 err/s: 0.00 reconn/s: 0.00
[ 430s ] thds: 400 tps: 9576.08 qps: 191624.70 (r/w/o: 134144.39/38323.54/19156.77) lat (ms,95%): 62.19 err/s: 0.00 reconn/s: 0.00
[ 440s ] thds: 400 tps: 8981.09 qps: 179403.15 (r/w/o: 125548.30/35897.37/17957.49) lat (ms,95%): 81.48 err/s: 0.00 reconn/s: 0.00
[ 450s ] thds: 400 tps: 9128.46 qps: 182522.12 (r/w/o: 127764.58/36501.92/18255.61) lat (ms,95%): 80.03 err/s: 0.00 reconn/s: 0.00
[ 460s ] thds: 400 tps: 7401.84 qps: 148124.93 (r/w/o: 103724.38/29590.66/14809.88) lat (ms,95%): 99.33 err/s: 0.00 reconn/s: 0.00
[ 470s ] thds: 400 tps: 7214.50 qps: 144345.13 (r/w/o: 101015.65/28901.89/14427.59) lat (ms,95%): 104.84 err/s: 0.10 reconn/s: 0.00
[ 480s ] thds: 400 tps: 7703.83 qps: 154069.04 (r/w/o: 107897.45/30761.93/15409.66) lat (ms,95%): 97.55 err/s: 0.00 reconn/s: 0.00
[ 490s ] thds: 400 tps: 9682.00 qps: 193525.21 (r/w/o: 135438.41/38722.80/19364.00) lat (ms,95%): 56.84 err/s: 0.00 reconn/s: 0.00
[ 500s ] thds: 400 tps: 9749.40 qps: 194962.37 (r/w/o: 136449.65/39019.51/19493.21) lat (ms,95%): 58.92 err/s: 0.00 reconn/s: 0.00
[ 510s ] thds: 400 tps: 9739.01 qps: 194882.92 (r/w/o: 136424.35/38977.84/19480.72) lat (ms,95%): 57.87 err/s: 0.00 reconn/s: 0.00
[ 520s ] thds: 400 tps: 9161.86 qps: 183362.07 (r/w/o: 128386.49/36648.85/18326.73) lat (ms,95%): 75.82 err/s: 0.00 reconn/s: 0.00
[ 530s ] thds: 400 tps: 9737.18 qps: 194546.48 (r/w/o: 136176.38/38895.64/19474.47) lat (ms,95%): 59.99 err/s: 0.00 reconn/s: 0.00
[ 540s ] thds: 400 tps: 9798.72 qps: 196184.07 (r/w/o: 137316.63/39270.29/19597.15) lat (ms,95%): 61.08 err/s: 0.00 reconn/s: 0.00
[ 550s ] thds: 400 tps: 8908.39 qps: 178047.12 (r/w/o: 124649.27/35580.76/17817.08) lat (ms,95%): 87.56 err/s: 0.00 reconn/s: 0.00
[ 560s ] thds: 400 tps: 9074.71 qps: 181461.81 (r/w/o: 127026.08/36286.52/18149.21) lat (ms,95%): 80.03 err/s: 0.00 reconn/s: 0.00
[ 570s ] thds: 400 tps: 7423.40 qps: 148583.28 (r/w/o: 103980.29/29760.40/14842.60) lat (ms,95%): 99.33 err/s: 0.00 reconn/s: 0.00
[ 580s ] thds: 400 tps: 7160.01 qps: 143238.88 (r/w/o: 100269.83/28649.04/14320.02) lat (ms,95%): 106.75 err/s: 0.00 reconn/s: 0.00
[ 590s ] thds: 400 tps: 7409.29 qps: 148119.27 (r/w/o: 103705.71/29590.37/14823.19) lat (ms,95%): 102.97 err/s: 0.00 reconn/s: 0.00
[ 600s ] thds: 400 tps: 9757.71 qps: 194908.08 (r/w/o: 136388.92/39010.73/19508.42) lat (ms,95%): 55.82 err/s: 0.20 reconn/s: 0.00
[ 610s ] thds: 400 tps: 9822.77 qps: 196588.21 (r/w/o: 137648.29/39286.78/19653.14) lat (ms,95%): 56.84 err/s: 0.00 reconn/s: 0.00
[ 620s ] thds: 400 tps: 9815.53 qps: 196365.07 (r/w/o: 137421.07/39324.34/19619.67) lat (ms,95%): 57.87 err/s: 0.00 reconn/s: 0.00
[ 630s ] thds: 400 tps: 9313.98 qps: 186100.34 (r/w/o: 130243.95/37224.53/18631.86) lat (ms,95%): 75.82 err/s: 0.00 reconn/s: 0.00
[ 640s ] thds: 400 tps: 9583.50 qps: 191897.17 (r/w/o: 134421.48/38301.79/19173.90) lat (ms,95%): 59.99 err/s: 0.00 reconn/s: 0.00
[ 650s ] thds: 400 tps: 9455.12 qps: 189026.97 (r/w/o: 132246.06/37869.87/18911.04) lat (ms,95%): 66.84 err/s: 0.00 reconn/s: 0.00
[ 660s ] thds: 400 tps: 8873.89 qps: 177248.15 (r/w/o: 124064.32/35436.45/17747.37) lat (ms,95%): 84.47 err/s: 0.00 reconn/s: 0.00
[ 670s ] thds: 400 tps: 9270.72 qps: 185639.43 (r/w/o: 130013.63/37083.97/18541.83) lat (ms,95%): 73.13 err/s: 0.00 reconn/s: 0.00
[ 680s ] thds: 400 tps: 7717.30 qps: 154482.33 (r/w/o: 108119.75/30927.99/15434.59) lat (ms,95%): 102.97 err/s: 0.00 reconn/s: 0.00
[ 690s ] thds: 400 tps: 7116.40 qps: 142366.26 (r/w/o: 99654.95/28478.41/14232.91) lat (ms,95%): 104.84 err/s: 0.00 reconn/s: 0.00
[ 700s ] thds: 400 tps: 7237.69 qps: 144761.82 (r/w/o: 101336.00/28950.44/14475.37) lat (ms,95%): 102.97 err/s: 0.00 reconn/s: 0.00
[ 710s ] thds: 400 tps: 9668.52 qps: 193181.60 (r/w/o: 135211.78/38634.88/19334.94) lat (ms,95%): 58.92 err/s: 0.00 reconn/s: 0.00
[ 720s ] thds: 400 tps: 9583.00 qps: 191734.08 (r/w/o: 134228.49/38341.30/19164.30) lat (ms,95%): 64.47 err/s: 0.00 reconn/s: 0.00
[ 730s ] thds: 400 tps: 9803.30 qps: 196092.55 (r/w/o: 137260.86/39220.59/19611.09) lat (ms,95%): 56.84 err/s: 0.00 reconn/s: 0.00
[ 740s ] thds: 400 tps: 9280.90 qps: 185623.01 (r/w/o: 129946.01/37115.00/18562.00) lat (ms,95%): 73.13 err/s: 0.10 reconn/s: 0.00
[ 750s ] thds: 400 tps: 9688.47 qps: 193572.65 (r/w/o: 135476.65/38722.07/19373.94) lat (ms,95%): 62.19 err/s: 0.10 reconn/s: 0.00
[ 760s ] thds: 400 tps: 9247.41 qps: 185130.70 (r/w/o: 129597.44/37035.14/18498.12) lat (ms,95%): 81.48 err/s: 0.00 reconn/s: 0.00
[ 770s ] thds: 400 tps: 8715.00 qps: 174380.76 (r/w/o: 122066.44/34884.41/17429.91) lat (ms,95%): 90.78 err/s: 0.00 reconn/s: 0.00
[ 780s ] thds: 400 tps: 8122.83 qps: 162425.01 (r/w/o: 113707.62/32471.62/16245.76) lat (ms,95%): 95.81 err/s: 0.00 reconn/s: 0.00
[ 790s ] thds: 400 tps: 7887.40 qps: 157382.22 (r/w/o: 110123.14/31491.48/15767.59) lat (ms,95%): 101.13 err/s: 0.00 reconn/s: 0.00
[ 800s ] thds: 400 tps: 7476.68 qps: 149695.24 (r/w/o: 104783.14/29951.53/14960.56) lat (ms,95%): 106.75 err/s: 0.00 reconn/s: 0.00
[ 810s ] thds: 400 tps: 7356.34 qps: 147389.70 (r/w/o: 103195.29/29486.54/14707.87) lat (ms,95%): 112.67 err/s: 0.00 reconn/s: 0.00
[ 820s ] thds: 400 tps: 7437.68 qps: 148520.65 (r/w/o: 103983.66/29659.43/14877.57) lat (ms,95%): 112.67 err/s: 0.00 reconn/s: 0.00
[ 830s ] thds: 400 tps: 7695.71 qps: 153998.45 (r/w/o: 107810.07/30794.85/15393.52) lat (ms,95%): 106.75 err/s: 0.10 reconn/s: 0.00
[ 840s ] thds: 400 tps: 8226.09 qps: 164712.66 (r/w/o: 115298.33/32961.25/16453.08) lat (ms,95%): 99.33 err/s: 0.00 reconn/s: 0.00
SQL statistics:
    queries performed:
        read:                            102067910
        write:                           29162179
        other:                           14581167
        total:                           145811256
    transactions:                        7290543 (8669.95 per sec.)
    queries:                             145811256 (173399.41 per sec.)
    ignored errors:                      22     (0.03 per sec.)
    reconnects:                          0      (0.00 per sec.)

General statistics:
    total time:                          840.8972s
    total number of events:              7290543

Latency (ms):
         min:                                   19.86
         avg:                                   46.09
         max:                                 1064.07
         95th percentile:                       90.78
         sum:                            336027291.41

Threads fairness:
    events (avg/stddev):           18226.3575/468.49
    execution time (avg/stddev):   840.0682/0.16

