sysbench 1.0.20-ebf1c90 (using bundled LuaJIT 2.1.0-beta2)

Running the test with following options:
Number of threads: 400
Report intermediate results every 10 second(s)
Initializing random number generator from current time


Initializing worker threads...

Threads started!

[ 10s ] thds: 400 tps: 5851.59 qps: 117510.70 (r/w/o: 82344.45/23423.07/11743.18) lat (ms,95%): 207.82 err/s: 0.00 reconn/s: 0.00
[ 20s ] thds: 400 tps: 7917.72 qps: 158323.10 (r/w/o: 110816.85/31670.70/15835.55) lat (ms,95%): 164.45 err/s: 0.00 reconn/s: 0.00
[ 30s ] thds: 400 tps: 8492.00 qps: 169846.47 (r/w/o: 118876.28/33985.79/16984.40) lat (ms,95%): 142.39 err/s: 0.20 reconn/s: 0.00
[ 40s ] thds: 400 tps: 8878.40 qps: 177621.00 (r/w/o: 124376.03/35487.98/17756.99) lat (ms,95%): 87.56 err/s: 0.10 reconn/s: 0.00
[ 50s ] thds: 400 tps: 9264.35 qps: 185275.13 (r/w/o: 129682.45/37064.29/18528.39) lat (ms,95%): 68.05 err/s: 0.00 reconn/s: 0.00
[ 60s ] thds: 400 tps: 9414.75 qps: 188299.11 (r/w/o: 131750.04/37720.98/18828.09) lat (ms,95%): 65.65 err/s: 0.00 reconn/s: 0.00
[ 70s ] thds: 400 tps: 9482.50 qps: 189541.79 (r/w/o: 132695.16/37879.62/18967.01) lat (ms,95%): 64.47 err/s: 0.00 reconn/s: 0.00
[ 80s ] thds: 400 tps: 9401.69 qps: 188260.12 (r/w/o: 131822.07/37634.66/18803.38) lat (ms,95%): 68.05 err/s: 0.00 reconn/s: 0.00
[ 90s ] thds: 400 tps: 9381.82 qps: 187364.86 (r/w/o: 131112.55/37488.87/18763.44) lat (ms,95%): 65.65 err/s: 0.00 reconn/s: 0.00
[ 100s ] thds: 400 tps: 9791.90 qps: 196115.41 (r/w/o: 137287.54/39247.88/19579.99) lat (ms,95%): 57.87 err/s: 0.00 reconn/s: 0.00
[ 110s ] thds: 400 tps: 7149.30 qps: 142955.82 (r/w/o: 100072.92/28580.70/14302.20) lat (ms,95%): 127.81 err/s: 0.00 reconn/s: 0.00
[ 120s ] thds: 400 tps: 5659.30 qps: 113182.61 (r/w/o: 79224.91/22641.50/11316.20) lat (ms,95%): 153.02 err/s: 0.00 reconn/s: 0.00
[ 130s ] thds: 400 tps: 6345.94 qps: 126520.85 (r/w/o: 88516.43/25309.85/12694.58) lat (ms,95%): 121.08 err/s: 0.00 reconn/s: 0.00
[ 140s ] thds: 400 tps: 8966.30 qps: 179627.93 (r/w/o: 125805.32/35889.81/17932.80) lat (ms,95%): 70.55 err/s: 0.00 reconn/s: 0.00
[ 150s ] thds: 400 tps: 9439.04 qps: 188523.22 (r/w/o: 131916.91/37728.54/18877.77) lat (ms,95%): 65.65 err/s: 0.10 reconn/s: 0.00
[ 160s ] thds: 400 tps: 9338.18 qps: 186980.88 (r/w/o: 130929.90/37373.82/18677.16) lat (ms,95%): 71.83 err/s: 0.00 reconn/s: 0.00
[ 170s ] thds: 400 tps: 9552.80 qps: 190969.91 (r/w/o: 133655.94/38208.58/19105.39) lat (ms,95%): 64.47 err/s: 0.10 reconn/s: 0.00
[ 180s ] thds: 400 tps: 9776.80 qps: 195606.40 (r/w/o: 136944.07/39113.72/19548.61) lat (ms,95%): 58.92 err/s: 0.10 reconn/s: 0.00
[ 190s ] thds: 400 tps: 9533.03 qps: 190557.26 (r/w/o: 133353.99/38131.41/19071.86) lat (ms,95%): 62.19 err/s: 0.00 reconn/s: 0.00
[ 200s ] thds: 400 tps: 9794.59 qps: 196134.82 (r/w/o: 137344.57/39201.06/19589.18) lat (ms,95%): 56.84 err/s: 0.00 reconn/s: 0.00
[ 210s ] thds: 400 tps: 9734.90 qps: 194629.22 (r/w/o: 136222.42/38940.40/19466.40) lat (ms,95%): 61.08 err/s: 0.00 reconn/s: 0.00
[ 220s ] thds: 400 tps: 8907.50 qps: 177985.78 (r/w/o: 124567.49/35599.80/17818.50) lat (ms,95%): 90.78 err/s: 0.00 reconn/s: 0.00
[ 230s ] thds: 400 tps: 6938.17 qps: 139044.24 (r/w/o: 97370.04/27797.77/13876.43) lat (ms,95%): 112.67 err/s: 0.00 reconn/s: 0.00
[ 240s ] thds: 400 tps: 7002.20 qps: 140139.69 (r/w/o: 98076.40/28058.80/14004.50) lat (ms,95%): 108.68 err/s: 0.10 reconn/s: 0.00
[ 250s ] thds: 400 tps: 7985.00 qps: 159257.63 (r/w/o: 111465.05/31824.19/15968.39) lat (ms,95%): 92.42 err/s: 0.20 reconn/s: 0.00
[ 260s ] thds: 400 tps: 9058.21 qps: 181376.75 (r/w/o: 127028.48/36229.75/18118.53) lat (ms,95%): 75.82 err/s: 0.00 reconn/s: 0.00
[ 270s ] thds: 400 tps: 9588.89 qps: 191681.13 (r/w/o: 134117.31/38386.05/19177.77) lat (ms,95%): 57.87 err/s: 0.00 reconn/s: 0.00
[ 280s ] thds: 400 tps: 9542.33 qps: 191041.94 (r/w/o: 133753.77/38203.41/19084.75) lat (ms,95%): 61.08 err/s: 0.00 reconn/s: 0.00
[ 290s ] thds: 400 tps: 9676.00 qps: 193192.05 (r/w/o: 135202.67/38641.39/19348.00) lat (ms,95%): 57.87 err/s: 0.00 reconn/s: 0.00
[ 300s ] thds: 400 tps: 9556.19 qps: 191454.52 (r/w/o: 134073.28/38264.66/19116.58) lat (ms,95%): 65.65 err/s: 0.00 reconn/s: 0.00
[ 310s ] thds: 400 tps: 10149.26 qps: 203058.43 (r/w/o: 142122.39/40637.43/20298.61) lat (ms,95%): 51.94 err/s: 0.00 reconn/s: 0.00
[ 320s ] thds: 400 tps: 9531.63 qps: 190338.50 (r/w/o: 133220.49/38055.04/19062.97) lat (ms,95%): 66.84 err/s: 0.00 reconn/s: 0.00
[ 330s ] thds: 400 tps: 8824.11 qps: 176631.58 (r/w/o: 123660.13/35322.84/17648.62) lat (ms,95%): 86.00 err/s: 0.00 reconn/s: 0.00
[ 340s ] thds: 400 tps: 7179.30 qps: 143533.87 (r/w/o: 100462.05/28713.21/14358.61) lat (ms,95%): 108.68 err/s: 0.10 reconn/s: 0.00
[ 350s ] thds: 400 tps: 7035.40 qps: 140889.34 (r/w/o: 98642.06/28176.09/14071.19) lat (ms,95%): 114.72 err/s: 0.00 reconn/s: 0.00
[ 360s ] thds: 400 tps: 7236.30 qps: 144252.21 (r/w/o: 100902.44/28878.08/14471.69) lat (ms,95%): 106.75 err/s: 0.10 reconn/s: 0.00
[ 370s ] thds: 400 tps: 9417.37 qps: 188572.49 (r/w/o: 132037.67/37700.88/18833.94) lat (ms,95%): 59.99 err/s: 0.00 reconn/s: 0.00
[ 380s ] thds: 400 tps: 9059.54 qps: 180969.26 (r/w/o: 126641.20/36207.17/18120.89) lat (ms,95%): 81.48 err/s: 0.00 reconn/s: 0.00
[ 390s ] thds: 400 tps: 8464.90 qps: 169585.22 (r/w/o: 118758.82/33898.60/16927.80) lat (ms,95%): 95.81 err/s: 0.10 reconn/s: 0.00
[ 400s ] thds: 400 tps: 8121.29 qps: 162659.48 (r/w/o: 113847.11/32567.38/16244.99) lat (ms,95%): 104.84 err/s: 0.10 reconn/s: 0.00
[ 410s ] thds: 400 tps: 7756.30 qps: 155043.40 (r/w/o: 108542.87/30988.12/15512.41) lat (ms,95%): 104.84 err/s: 0.00 reconn/s: 0.00
[ 420s ] thds: 400 tps: 8360.50 qps: 166992.33 (r/w/o: 116882.95/33387.79/16721.59) lat (ms,95%): 97.55 err/s: 0.10 reconn/s: 0.00
[ 430s ] thds: 400 tps: 9570.41 qps: 191725.84 (r/w/o: 134225.10/38359.93/19140.81) lat (ms,95%): 62.19 err/s: 0.00 reconn/s: 0.00
[ 440s ] thds: 400 tps: 8999.50 qps: 179799.85 (r/w/o: 125872.13/35929.11/17998.60) lat (ms,95%): 81.48 err/s: 0.00 reconn/s: 0.00
[ 450s ] thds: 400 tps: 9103.00 qps: 181914.61 (r/w/o: 127314.91/36397.30/18202.40) lat (ms,95%): 81.48 err/s: 0.00 reconn/s: 0.00
[ 460s ] thds: 400 tps: 7387.40 qps: 148038.79 (r/w/o: 103645.99/29614.00/14778.80) lat (ms,95%): 99.33 err/s: 0.00 reconn/s: 0.00
[ 470s ] thds: 400 tps: 7236.18 qps: 144573.22 (r/w/o: 101186.34/28916.42/14470.46) lat (ms,95%): 104.84 err/s: 0.00 reconn/s: 0.00
[ 480s ] thds: 400 tps: 7671.87 qps: 153600.09 (r/w/o: 107539.64/30714.50/15345.95) lat (ms,95%): 97.55 err/s: 0.10 reconn/s: 0.00
[ 490s ] thds: 400 tps: 9718.19 qps: 194384.56 (r/w/o: 136071.71/38876.47/19436.39) lat (ms,95%): 55.82 err/s: 0.00 reconn/s: 0.00
[ 500s ] thds: 400 tps: 9801.23 qps: 195835.89 (r/w/o: 137075.98/39157.54/19602.37) lat (ms,95%): 58.92 err/s: 0.00 reconn/s: 0.00
[ 510s ] thds: 400 tps: 9703.49 qps: 194026.91 (r/w/o: 135818.27/38803.36/19405.28) lat (ms,95%): 57.87 err/s: 0.00 reconn/s: 0.00
[ 520s ] thds: 400 tps: 9205.81 qps: 184108.01 (r/w/o: 128828.38/36872.72/18406.91) lat (ms,95%): 75.82 err/s: 0.00 reconn/s: 0.00
[ 530s ] thds: 400 tps: 9686.10 qps: 193846.53 (r/w/o: 135775.52/38691.81/19379.20) lat (ms,95%): 59.99 err/s: 0.20 reconn/s: 0.00
[ 540s ] thds: 400 tps: 9771.51 qps: 195421.91 (r/w/o: 136750.98/39127.72/19543.21) lat (ms,95%): 61.08 err/s: 0.00 reconn/s: 0.00
[ 550s ] thds: 400 tps: 8892.88 qps: 177785.02 (r/w/o: 124445.24/35561.62/17778.16) lat (ms,95%): 87.56 err/s: 0.00 reconn/s: 0.00
[ 560s ] thds: 400 tps: 9017.92 qps: 180452.85 (r/w/o: 126328.65/36080.67/18043.54) lat (ms,95%): 81.48 err/s: 0.00 reconn/s: 0.00
[ 570s ] thds: 400 tps: 7461.38 qps: 149144.84 (r/w/o: 104412.15/29809.53/14923.16) lat (ms,95%): 99.33 err/s: 0.10 reconn/s: 0.00
[ 580s ] thds: 400 tps: 7101.92 qps: 141998.54 (r/w/o: 99393.74/28401.07/14203.73) lat (ms,95%): 106.75 err/s: 0.00 reconn/s: 0.00
[ 590s ] thds: 400 tps: 7344.30 qps: 146916.90 (r/w/o: 102816.73/29411.48/14688.69) lat (ms,95%): 104.84 err/s: 0.00 reconn/s: 0.00
[ 600s ] thds: 400 tps: 9755.30 qps: 195201.28 (r/w/o: 136692.28/38998.30/19510.70) lat (ms,95%): 55.82 err/s: 0.00 reconn/s: 0.00
[ 610s ] thds: 400 tps: 9814.40 qps: 196199.68 (r/w/o: 137295.86/39275.12/19628.71) lat (ms,95%): 56.84 err/s: 0.00 reconn/s: 0.00
[ 620s ] thds: 400 tps: 9803.69 qps: 196056.92 (r/w/o: 137288.28/39160.66/19607.98) lat (ms,95%): 57.87 err/s: 0.10 reconn/s: 0.00
[ 630s ] thds: 400 tps: 9288.81 qps: 185775.34 (r/w/o: 130045.80/37151.83/18577.71) lat (ms,95%): 75.82 err/s: 0.00 reconn/s: 0.00
[ 640s ] thds: 400 tps: 9583.70 qps: 191673.16 (r/w/o: 134141.14/38364.61/19167.41) lat (ms,95%): 59.99 err/s: 0.00 reconn/s: 0.00
[ 650s ] thds: 400 tps: 9416.70 qps: 188423.69 (r/w/o: 131908.29/37681.80/18833.60) lat (ms,95%): 68.05 err/s: 0.10 reconn/s: 0.00
[ 660s ] thds: 400 tps: 8824.30 qps: 176473.13 (r/w/o: 123558.32/35266.21/17648.60) lat (ms,95%): 84.47 err/s: 0.00 reconn/s: 0.00
[ 670s ] thds: 400 tps: 9223.19 qps: 184591.09 (r/w/o: 129172.72/36971.78/18446.59) lat (ms,95%): 74.46 err/s: 0.10 reconn/s: 0.00
[ 680s ] thds: 400 tps: 7686.10 qps: 153396.36 (r/w/o: 107330.94/30699.21/15366.21) lat (ms,95%): 102.97 err/s: 0.00 reconn/s: 0.00
[ 690s ] thds: 400 tps: 7070.99 qps: 141341.31 (r/w/o: 98936.37/28257.56/14147.38) lat (ms,95%): 106.75 err/s: 0.00 reconn/s: 0.00
[ 700s ] thds: 400 tps: 7145.91 qps: 142966.23 (r/w/o: 100089.66/28584.15/14292.42) lat (ms,95%): 104.84 err/s: 0.00 reconn/s: 0.00
[ 710s ] thds: 400 tps: 9565.70 qps: 191417.98 (r/w/o: 134017.18/38269.30/19131.50) lat (ms,95%): 58.92 err/s: 0.00 reconn/s: 0.00
[ 720s ] thds: 400 tps: 9520.50 qps: 190448.65 (r/w/o: 133314.64/38092.61/19041.41) lat (ms,95%): 64.47 err/s: 0.10 reconn/s: 0.00
[ 730s ] thds: 400 tps: 9737.19 qps: 194884.96 (r/w/o: 136438.50/38971.97/19474.49) lat (ms,95%): 56.84 err/s: 0.00 reconn/s: 0.00
[ 740s ] thds: 400 tps: 9265.40 qps: 185123.38 (r/w/o: 129554.75/37038.12/18530.51) lat (ms,95%): 73.13 err/s: 0.10 reconn/s: 0.00
[ 750s ] thds: 400 tps: 9610.50 qps: 192397.06 (r/w/o: 134716.07/38459.49/19221.50) lat (ms,95%): 62.19 err/s: 0.00 reconn/s: 0.00
[ 760s ] thds: 400 tps: 9228.28 qps: 184390.32 (r/w/o: 129031.56/36902.60/18456.15) lat (ms,95%): 81.48 err/s: 0.00 reconn/s: 0.00
[ 770s ] thds: 400 tps: 8680.91 qps: 173600.86 (r/w/o: 121548.28/34690.35/17362.23) lat (ms,95%): 90.78 err/s: 0.00 reconn/s: 0.00
[ 780s ] thds: 400 tps: 8117.91 qps: 162425.14 (r/w/o: 113685.60/32503.73/16235.81) lat (ms,95%): 95.81 err/s: 0.00 reconn/s: 0.00
[ 790s ] thds: 400 tps: 7793.21 qps: 155719.88 (r/w/o: 109004.42/31129.44/15586.02) lat (ms,95%): 104.84 err/s: 0.00 reconn/s: 0.00
[ 800s ] thds: 400 tps: 7469.98 qps: 149560.67 (r/w/o: 104735.37/29884.73/14940.57) lat (ms,95%): 108.68 err/s: 0.10 reconn/s: 0.00
[ 810s ] thds: 400 tps: 7358.73 qps: 147137.80 (r/w/o: 102990.22/29430.32/14717.26) lat (ms,95%): 112.67 err/s: 0.00 reconn/s: 0.00
[ 820s ] thds: 400 tps: 7376.40 qps: 147716.70 (r/w/o: 103373.77/29590.02/14752.91) lat (ms,95%): 114.72 err/s: 0.00 reconn/s: 0.00
[ 830s ] thds: 400 tps: 7664.79 qps: 153297.40 (r/w/o: 107298.76/30668.86/15329.78) lat (ms,95%): 106.75 err/s: 0.00 reconn/s: 0.00
[ 840s ] thds: 400 tps: 8195.69 qps: 163744.40 (r/w/o: 114615.06/32741.66/16387.68) lat (ms,95%): 99.33 err/s: 0.00 reconn/s: 0.00
SQL statistics:
    queries performed:
        read:                            101846052
        write:                           29098783
        other:                           14549477
        total:                           145494312
    transactions:                        7274694 (8651.07 per sec.)
    queries:                             145494312 (173021.93 per sec.)
    ignored errors:                      24     (0.03 per sec.)
    reconnects:                          0      (0.00 per sec.)

General statistics:
    total time:                          840.9000s
    total number of events:              7274694

Latency (ms):
         min:                                   19.77
         avg:                                   46.20
         max:                                  906.55
         95th percentile:                       90.78
         sum:                            336083149.93

Threads fairness:
    events (avg/stddev):           18186.7350/461.53
    execution time (avg/stddev):   840.2079/0.21

