sysbench 1.0.20-ebf1c90 (using bundled LuaJIT 2.1.0-beta2)

Running the test with following options:
Number of threads: 400
Report intermediate results every 10 second(s)
Initializing random number generator from current time


Initializing worker threads...

Threads started!

[ 10s ] thds: 400 tps: 5858.01 qps: 117637.59 (r/w/o: 82427.45/23454.13/11756.01) lat (ms,95%): 207.82 err/s: 0.00 reconn/s: 0.00
[ 20s ] thds: 400 tps: 7921.43 qps: 158531.78 (r/w/o: 110958.51/31730.32/15842.96) lat (ms,95%): 164.45 err/s: 0.00 reconn/s: 0.00
[ 30s ] thds: 400 tps: 8457.36 qps: 169009.27 (r/w/o: 118294.52/33800.83/16913.92) lat (ms,95%): 142.39 err/s: 0.00 reconn/s: 0.00
[ 40s ] thds: 400 tps: 8906.25 qps: 178045.01 (r/w/o: 124620.51/35615.30/17809.20) lat (ms,95%): 86.00 err/s: 0.00 reconn/s: 0.00
[ 50s ] thds: 400 tps: 9243.70 qps: 185083.96 (r/w/o: 129556.37/37036.49/18491.10) lat (ms,95%): 68.05 err/s: 0.00 reconn/s: 0.00
[ 60s ] thds: 400 tps: 9419.33 qps: 188206.19 (r/w/o: 131776.08/37590.74/18839.37) lat (ms,95%): 65.65 err/s: 0.00 reconn/s: 0.00
[ 70s ] thds: 400 tps: 9495.12 qps: 190024.80 (r/w/o: 133025.68/38008.68/18990.44) lat (ms,95%): 64.47 err/s: 0.00 reconn/s: 0.00
[ 80s ] thds: 400 tps: 9392.94 qps: 187556.38 (r/w/o: 131224.61/37548.97/18782.79) lat (ms,95%): 68.05 err/s: 0.00 reconn/s: 0.00
[ 90s ] thds: 400 tps: 9365.52 qps: 187719.13 (r/w/o: 131460.90/37524.09/18734.14) lat (ms,95%): 65.65 err/s: 0.20 reconn/s: 0.00
[ 100s ] thds: 400 tps: 9797.21 qps: 195779.05 (r/w/o: 137058.38/39125.75/19594.92) lat (ms,95%): 57.87 err/s: 0.00 reconn/s: 0.00
[ 110s ] thds: 400 tps: 7176.72 qps: 143558.95 (r/w/o: 100477.65/28728.17/14353.14) lat (ms,95%): 127.81 err/s: 0.00 reconn/s: 0.00
[ 120s ] thds: 400 tps: 5691.73 qps: 113913.58 (r/w/o: 79711.77/22820.94/11380.87) lat (ms,95%): 150.29 err/s: 0.00 reconn/s: 0.00
[ 130s ] thds: 400 tps: 6360.68 qps: 127169.19 (r/w/o: 89082.18/25362.64/12724.37) lat (ms,95%): 123.28 err/s: 0.00 reconn/s: 0.00
[ 140s ] thds: 400 tps: 9037.77 qps: 180690.52 (r/w/o: 126428.42/36186.57/18075.53) lat (ms,95%): 70.55 err/s: 0.00 reconn/s: 0.00
[ 150s ] thds: 400 tps: 9413.89 qps: 188369.56 (r/w/o: 131912.33/37629.45/18827.78) lat (ms,95%): 65.65 err/s: 0.00 reconn/s: 0.00
[ 160s ] thds: 400 tps: 9450.67 qps: 189003.83 (r/w/o: 132259.83/37842.67/18901.33) lat (ms,95%): 70.55 err/s: 0.00 reconn/s: 0.00
[ 170s ] thds: 400 tps: 9553.82 qps: 191116.35 (r/w/o: 133812.85/38195.47/19108.04) lat (ms,95%): 64.47 err/s: 0.20 reconn/s: 0.00
[ 180s ] thds: 400 tps: 9782.22 qps: 195460.64 (r/w/o: 136775.84/39120.87/19563.93) lat (ms,95%): 58.92 err/s: 0.00 reconn/s: 0.00
[ 190s ] thds: 400 tps: 9486.09 qps: 189844.08 (r/w/o: 132942.51/37928.88/18972.69) lat (ms,95%): 62.19 err/s: 0.00 reconn/s: 0.00
[ 200s ] thds: 400 tps: 9806.71 qps: 196195.57 (r/w/o: 137289.49/39292.65/19613.43) lat (ms,95%): 56.84 err/s: 0.00 reconn/s: 0.00
[ 210s ] thds: 400 tps: 9720.02 qps: 194228.72 (r/w/o: 135962.43/38826.26/19440.03) lat (ms,95%): 61.08 err/s: 0.00 reconn/s: 0.00
[ 220s ] thds: 400 tps: 8921.02 qps: 178581.24 (r/w/o: 125041.01/35697.89/17842.35) lat (ms,95%): 90.78 err/s: 0.10 reconn/s: 0.00
[ 230s ] thds: 400 tps: 6971.06 qps: 139257.95 (r/w/o: 97401.50/27923.74/13932.72) lat (ms,95%): 112.67 err/s: 0.00 reconn/s: 0.00
[ 240s ] thds: 400 tps: 7009.69 qps: 140157.52 (r/w/o: 98154.17/27975.07/14028.28) lat (ms,95%): 108.68 err/s: 0.00 reconn/s: 0.00
[ 250s ] thds: 400 tps: 7961.37 qps: 159435.20 (r/w/o: 111657.01/31855.06/15923.13) lat (ms,95%): 92.42 err/s: 0.00 reconn/s: 0.00
[ 260s ] thds: 400 tps: 9039.99 qps: 180899.40 (r/w/o: 126590.73/36228.48/18080.19) lat (ms,95%): 75.82 err/s: 0.00 reconn/s: 0.00
[ 270s ] thds: 400 tps: 9570.63 qps: 191228.82 (r/w/o: 133874.77/38212.51/19141.55) lat (ms,95%): 57.87 err/s: 0.10 reconn/s: 0.00
[ 280s ] thds: 400 tps: 9569.85 qps: 191398.31 (r/w/o: 133939.30/38321.10/19137.90) lat (ms,95%): 59.99 err/s: 0.00 reconn/s: 0.00
[ 290s ] thds: 400 tps: 9665.57 qps: 193365.43 (r/w/o: 135405.23/38627.37/19332.83) lat (ms,95%): 57.87 err/s: 0.00 reconn/s: 0.00
[ 300s ] thds: 400 tps: 9584.60 qps: 191433.12 (r/w/o: 133940.25/38324.48/19168.39) lat (ms,95%): 65.65 err/s: 0.00 reconn/s: 0.00
[ 310s ] thds: 400 tps: 10205.05 qps: 204132.99 (r/w/o: 142907.57/40820.82/20404.61) lat (ms,95%): 51.94 err/s: 0.00 reconn/s: 0.00
[ 320s ] thds: 400 tps: 9516.55 qps: 190558.70 (r/w/o: 133426.83/38092.68/19039.19) lat (ms,95%): 66.84 err/s: 0.00 reconn/s: 0.00
[ 330s ] thds: 400 tps: 8829.42 qps: 176558.31 (r/w/o: 123590.02/35310.26/17658.03) lat (ms,95%): 86.00 err/s: 0.00 reconn/s: 0.00
[ 340s ] thds: 400 tps: 7191.67 qps: 143939.12 (r/w/o: 100749.49/28804.78/14384.84) lat (ms,95%): 108.68 err/s: 0.00 reconn/s: 0.00
[ 350s ] thds: 400 tps: 7070.12 qps: 141204.19 (r/w/o: 98822.14/28246.60/14135.45) lat (ms,95%): 112.67 err/s: 0.10 reconn/s: 0.00
[ 360s ] thds: 400 tps: 7226.59 qps: 144641.42 (r/w/o: 101306.77/28876.27/14458.38) lat (ms,95%): 106.75 err/s: 0.00 reconn/s: 0.00
[ 370s ] thds: 400 tps: 9402.61 qps: 188139.20 (r/w/o: 131664.40/37669.46/18805.33) lat (ms,95%): 59.99 err/s: 0.00 reconn/s: 0.00
[ 380s ] thds: 400 tps: 9083.05 qps: 181572.50 (r/w/o: 127134.90/36271.30/18166.30) lat (ms,95%): 81.48 err/s: 0.00 reconn/s: 0.00
[ 390s ] thds: 400 tps: 8483.86 qps: 169602.24 (r/w/o: 118668.67/33966.75/16966.82) lat (ms,95%): 94.10 err/s: 0.00 reconn/s: 0.00
[ 400s ] thds: 400 tps: 8160.21 qps: 163203.12 (r/w/o: 114250.88/32630.82/16321.41) lat (ms,95%): 104.84 err/s: 0.00 reconn/s: 0.00
[ 410s ] thds: 400 tps: 7748.00 qps: 155048.69 (r/w/o: 108515.89/31042.30/15490.50) lat (ms,95%): 104.84 err/s: 0.10 reconn/s: 0.00
[ 420s ] thds: 400 tps: 8423.27 qps: 168419.37 (r/w/o: 117914.06/33653.37/16851.94) lat (ms,95%): 95.81 err/s: 0.00 reconn/s: 0.00
[ 430s ] thds: 400 tps: 9616.74 qps: 192025.90 (r/w/o: 134356.46/38437.26/19232.18) lat (ms,95%): 62.19 err/s: 0.00 reconn/s: 0.00
[ 440s ] thds: 400 tps: 8952.09 qps: 179347.06 (r/w/o: 125593.03/35847.85/17906.18) lat (ms,95%): 80.03 err/s: 0.00 reconn/s: 0.00
[ 450s ] thds: 400 tps: 9089.75 qps: 182003.39 (r/w/o: 127392.26/36431.92/18179.21) lat (ms,95%): 80.03 err/s: 0.10 reconn/s: 0.00
[ 460s ] thds: 400 tps: 7386.44 qps: 147684.62 (r/w/o: 103361.37/29553.76/14769.48) lat (ms,95%): 99.33 err/s: 0.10 reconn/s: 0.00
[ 470s ] thds: 400 tps: 7212.49 qps: 144266.92 (r/w/o: 101008.08/28829.67/14429.18) lat (ms,95%): 104.84 err/s: 0.00 reconn/s: 0.00
[ 480s ] thds: 400 tps: 7713.87 qps: 153986.89 (r/w/o: 107794.48/30764.28/15428.14) lat (ms,95%): 95.81 err/s: 0.20 reconn/s: 0.00
[ 490s ] thds: 400 tps: 9679.17 qps: 193411.47 (r/w/o: 135341.27/38711.87/19358.33) lat (ms,95%): 56.84 err/s: 0.00 reconn/s: 0.00
[ 500s ] thds: 400 tps: 9739.89 qps: 195292.77 (r/w/o: 136748.22/39064.78/19479.78) lat (ms,95%): 58.92 err/s: 0.00 reconn/s: 0.00
[ 510s ] thds: 400 tps: 9720.44 qps: 194233.54 (r/w/o: 135977.72/38815.95/19439.87) lat (ms,95%): 57.87 err/s: 0.10 reconn/s: 0.00
[ 520s ] thds: 400 tps: 9225.22 qps: 184471.51 (r/w/o: 129167.79/36851.98/18451.74) lat (ms,95%): 74.46 err/s: 0.00 reconn/s: 0.00
[ 530s ] thds: 400 tps: 9723.12 qps: 194454.57 (r/w/o: 136076.43/38931.69/19446.45) lat (ms,95%): 59.99 err/s: 0.10 reconn/s: 0.00
[ 540s ] thds: 400 tps: 9747.07 qps: 194998.18 (r/w/o: 136483.87/39019.88/19494.44) lat (ms,95%): 62.19 err/s: 0.10 reconn/s: 0.00
[ 550s ] thds: 400 tps: 8907.19 qps: 177960.84 (r/w/o: 124586.42/35559.85/17814.57) lat (ms,95%): 87.56 err/s: 0.10 reconn/s: 0.00
[ 560s ] thds: 400 tps: 9004.33 qps: 180416.74 (r/w/o: 126291.68/36116.50/18008.56) lat (ms,95%): 81.48 err/s: 0.00 reconn/s: 0.00
[ 570s ] thds: 400 tps: 7443.58 qps: 148872.23 (r/w/o: 104207.97/29776.61/14887.65) lat (ms,95%): 101.13 err/s: 0.20 reconn/s: 0.00
[ 580s ] thds: 400 tps: 7129.82 qps: 142636.72 (r/w/o: 99846.79/28530.08/14259.84) lat (ms,95%): 104.84 err/s: 0.10 reconn/s: 0.00
[ 590s ] thds: 400 tps: 7430.04 qps: 148280.46 (r/w/o: 103797.40/29622.97/14860.09) lat (ms,95%): 102.97 err/s: 0.00 reconn/s: 0.00
[ 600s ] thds: 400 tps: 9757.71 qps: 195339.45 (r/w/o: 136717.78/39106.25/19515.43) lat (ms,95%): 55.82 err/s: 0.00 reconn/s: 0.00
[ 610s ] thds: 400 tps: 9831.23 qps: 196518.08 (r/w/o: 137599.40/39255.92/19662.76) lat (ms,95%): 56.84 err/s: 0.10 reconn/s: 0.00
[ 620s ] thds: 400 tps: 9773.00 qps: 195662.51 (r/w/o: 136960.00/39156.30/19546.20) lat (ms,95%): 57.87 err/s: 0.10 reconn/s: 0.00
[ 630s ] thds: 400 tps: 9327.60 qps: 186468.73 (r/w/o: 130523.62/37289.81/18655.30) lat (ms,95%): 74.46 err/s: 0.10 reconn/s: 0.00
[ 640s ] thds: 400 tps: 9554.92 qps: 191012.48 (r/w/o: 133739.36/38163.18/19109.94) lat (ms,95%): 61.08 err/s: 0.00 reconn/s: 0.00
[ 650s ] thds: 400 tps: 9462.71 qps: 189452.62 (r/w/o: 132566.95/37960.05/18925.62) lat (ms,95%): 66.84 err/s: 0.00 reconn/s: 0.00
[ 660s ] thds: 400 tps: 8893.94 qps: 177549.62 (r/w/o: 124262.10/35499.64/17787.87) lat (ms,95%): 82.96 err/s: 0.00 reconn/s: 0.00
[ 670s ] thds: 400 tps: 9267.13 qps: 185172.65 (r/w/o: 129601.99/37036.51/18534.15) lat (ms,95%): 73.13 err/s: 0.00 reconn/s: 0.00
[ 680s ] thds: 400 tps: 7667.09 qps: 153579.89 (r/w/o: 107580.46/30665.15/15334.28) lat (ms,95%): 102.97 err/s: 0.00 reconn/s: 0.00
[ 690s ] thds: 400 tps: 7130.90 qps: 142692.43 (r/w/o: 99894.95/28535.69/14261.79) lat (ms,95%): 104.84 err/s: 0.00 reconn/s: 0.00
[ 700s ] thds: 400 tps: 7180.87 qps: 143575.27 (r/w/o: 100498.96/28715.47/14360.84) lat (ms,95%): 102.97 err/s: 0.00 reconn/s: 0.00
[ 710s ] thds: 400 tps: 9596.80 qps: 191932.45 (r/w/o: 134340.97/38396.89/19194.60) lat (ms,95%): 58.92 err/s: 0.00 reconn/s: 0.00
[ 720s ] thds: 400 tps: 9603.27 qps: 192174.17 (r/w/o: 134515.13/38452.19/19206.85) lat (ms,95%): 64.47 err/s: 0.10 reconn/s: 0.00
[ 730s ] thds: 400 tps: 9760.96 qps: 195159.01 (r/w/o: 136596.78/39040.02/19522.21) lat (ms,95%): 56.84 err/s: 0.00 reconn/s: 0.00
[ 740s ] thds: 400 tps: 9274.49 qps: 185570.25 (r/w/o: 129918.29/37102.77/18549.18) lat (ms,95%): 73.13 err/s: 0.10 reconn/s: 0.00
[ 750s ] thds: 400 tps: 9644.77 qps: 192843.09 (r/w/o: 134971.58/38581.98/19289.54) lat (ms,95%): 62.19 err/s: 0.00 reconn/s: 0.00
[ 760s ] thds: 400 tps: 9213.55 qps: 184341.78 (r/w/o: 129065.35/36849.22/18427.21) lat (ms,95%): 81.48 err/s: 0.00 reconn/s: 0.00
[ 770s ] thds: 400 tps: 8685.22 qps: 173742.53 (r/w/o: 121621.03/34751.07/17370.43) lat (ms,95%): 90.78 err/s: 0.00 reconn/s: 0.00
[ 780s ] thds: 400 tps: 8126.05 qps: 162487.69 (r/w/o: 113726.56/32509.02/16252.11) lat (ms,95%): 95.81 err/s: 0.00 reconn/s: 0.00
[ 790s ] thds: 400 tps: 7814.50 qps: 156040.84 (r/w/o: 109224.13/31187.81/15628.90) lat (ms,95%): 102.97 err/s: 0.00 reconn/s: 0.00
[ 800s ] thds: 400 tps: 7484.28 qps: 149858.83 (r/w/o: 104897.84/29992.23/14968.76) lat (ms,95%): 108.68 err/s: 0.00 reconn/s: 0.00
[ 810s ] thds: 400 tps: 7402.21 qps: 148177.34 (r/w/o: 103745.00/29627.93/14804.41) lat (ms,95%): 112.67 err/s: 0.00 reconn/s: 0.00
[ 820s ] thds: 400 tps: 7431.93 qps: 148374.04 (r/w/o: 103835.78/29674.41/14863.85) lat (ms,95%): 112.67 err/s: 0.00 reconn/s: 0.00
[ 830s ] thds: 400 tps: 7725.37 qps: 154358.01 (r/w/o: 108026.02/30885.46/15446.53) lat (ms,95%): 106.75 err/s: 0.00 reconn/s: 0.00
[ 840s ] thds: 400 tps: 8181.42 qps: 163824.73 (r/w/o: 114697.73/32763.97/16363.03) lat (ms,95%): 97.55 err/s: 0.00 reconn/s: 0.00
SQL statistics:
    queries performed:
        read:                            101993948
        write:                           29141042
        other:                           14570602
        total:                           145705592
    transactions:                        7285258 (8662.33 per sec.)
    queries:                             145705592 (173247.04 per sec.)
    ignored errors:                      24     (0.03 per sec.)
    reconnects:                          0      (0.00 per sec.)

General statistics:
    total time:                          841.0269s
    total number of events:              7285258

Latency (ms):
         min:                                   19.98
         avg:                                   46.13
         max:                                 1269.77
         95th percentile:                       90.78
         sum:                            336100138.99

Threads fairness:
    events (avg/stddev):           18213.1450/447.22
    execution time (avg/stddev):   840.2503/0.24

