sysbench 1.0.20-ebf1c90 (using bundled LuaJIT 2.1.0-beta2)

Running the test with following options:
Number of threads: 400
Report intermediate results every 10 second(s)
Initializing random number generator from current time


Initializing worker threads...

Threads started!

[ 10s ] thds: 400 tps: 5878.77 qps: 118043.90 (r/w/o: 82717.39/23529.08/11797.43) lat (ms,95%): 207.82 err/s: 0.00 reconn/s: 0.00
[ 20s ] thds: 400 tps: 7926.66 qps: 158468.58 (r/w/o: 110910.10/31704.96/15853.53) lat (ms,95%): 164.45 err/s: 0.00 reconn/s: 0.00
[ 30s ] thds: 400 tps: 8442.86 qps: 168890.27 (r/w/o: 118213.09/33791.35/16885.83) lat (ms,95%): 144.97 err/s: 0.00 reconn/s: 0.00
[ 40s ] thds: 400 tps: 8893.24 qps: 177915.66 (r/w/o: 124584.00/35545.37/17786.29) lat (ms,95%): 87.56 err/s: 0.00 reconn/s: 0.00
[ 50s ] thds: 400 tps: 9207.48 qps: 184100.67 (r/w/o: 128852.70/36832.91/18415.06) lat (ms,95%): 69.29 err/s: 0.00 reconn/s: 0.00
[ 60s ] thds: 400 tps: 9395.73 qps: 187996.06 (r/w/o: 131555.89/37651.71/18788.46) lat (ms,95%): 65.65 err/s: 0.00 reconn/s: 0.00
[ 70s ] thds: 400 tps: 9501.39 qps: 189847.90 (r/w/o: 132894.86/37946.86/19006.18) lat (ms,95%): 64.47 err/s: 0.10 reconn/s: 0.00
[ 80s ] thds: 400 tps: 9374.09 qps: 187712.19 (r/w/o: 131448.52/37515.18/18748.49) lat (ms,95%): 68.05 err/s: 0.10 reconn/s: 0.00
[ 90s ] thds: 400 tps: 9447.13 qps: 188722.28 (r/w/o: 132054.98/37777.14/18890.17) lat (ms,95%): 64.47 err/s: 0.10 reconn/s: 0.00
[ 100s ] thds: 400 tps: 9765.00 qps: 195641.45 (r/w/o: 136964.87/39142.09/19534.49) lat (ms,95%): 57.87 err/s: 0.00 reconn/s: 0.00
[ 110s ] thds: 400 tps: 7210.97 qps: 144114.82 (r/w/o: 100877.52/28816.16/14421.13) lat (ms,95%): 127.81 err/s: 0.00 reconn/s: 0.00
[ 120s ] thds: 400 tps: 5709.37 qps: 114215.43 (r/w/o: 79946.53/22850.87/11418.03) lat (ms,95%): 150.29 err/s: 0.00 reconn/s: 0.00
[ 130s ] thds: 400 tps: 6406.18 qps: 127710.20 (r/w/o: 89347.02/25553.22/12809.96) lat (ms,95%): 121.08 err/s: 0.00 reconn/s: 0.00
[ 140s ] thds: 400 tps: 8998.05 qps: 180232.43 (r/w/o: 126228.35/36003.69/18000.39) lat (ms,95%): 70.55 err/s: 0.10 reconn/s: 0.00
[ 150s ] thds: 400 tps: 9461.87 qps: 188956.89 (r/w/o: 132212.60/37822.66/18921.63) lat (ms,95%): 64.47 err/s: 0.10 reconn/s: 0.00
[ 160s ] thds: 400 tps: 9372.35 qps: 187673.24 (r/w/o: 131418.66/37507.69/18746.89) lat (ms,95%): 71.83 err/s: 0.00 reconn/s: 0.00
[ 170s ] thds: 400 tps: 9510.59 qps: 190127.06 (r/w/o: 133061.43/38044.35/19021.28) lat (ms,95%): 64.47 err/s: 0.00 reconn/s: 0.00
[ 180s ] thds: 400 tps: 9734.30 qps: 194938.95 (r/w/o: 136497.63/38972.91/19468.40) lat (ms,95%): 58.92 err/s: 0.10 reconn/s: 0.00
[ 190s ] thds: 400 tps: 9531.98 qps: 190369.82 (r/w/o: 133204.14/38101.32/19064.36) lat (ms,95%): 62.19 err/s: 0.00 reconn/s: 0.00
[ 200s ] thds: 400 tps: 9823.01 qps: 196683.97 (r/w/o: 137738.99/39298.75/19646.23) lat (ms,95%): 55.82 err/s: 0.00 reconn/s: 0.00
[ 210s ] thds: 400 tps: 9685.31 qps: 193757.65 (r/w/o: 135619.50/38767.43/19370.71) lat (ms,95%): 61.08 err/s: 0.00 reconn/s: 0.00
[ 220s ] thds: 400 tps: 8935.30 qps: 178406.23 (r/w/o: 124846.02/35691.51/17868.70) lat (ms,95%): 90.78 err/s: 0.00 reconn/s: 0.00
[ 230s ] thds: 400 tps: 6986.32 qps: 140050.31 (r/w/o: 98078.29/27997.48/13974.54) lat (ms,95%): 112.67 err/s: 0.00 reconn/s: 0.00
[ 240s ] thds: 400 tps: 7051.81 qps: 141127.55 (r/w/o: 98778.30/28245.63/14103.61) lat (ms,95%): 108.68 err/s: 0.00 reconn/s: 0.00
[ 250s ] thds: 400 tps: 8010.05 qps: 159753.22 (r/w/o: 111793.31/31939.70/16020.20) lat (ms,95%): 92.42 err/s: 0.00 reconn/s: 0.00
[ 260s ] thds: 400 tps: 9017.69 qps: 180551.53 (r/w/o: 126455.28/36060.87/18035.38) lat (ms,95%): 75.82 err/s: 0.00 reconn/s: 0.00
[ 270s ] thds: 400 tps: 9590.51 qps: 191703.48 (r/w/o: 134136.30/38386.16/19181.03) lat (ms,95%): 57.87 err/s: 0.00 reconn/s: 0.00
[ 280s ] thds: 400 tps: 9587.00 qps: 191954.57 (r/w/o: 134399.48/38380.89/19174.20) lat (ms,95%): 59.99 err/s: 0.10 reconn/s: 0.00
[ 290s ] thds: 400 tps: 9647.03 qps: 192655.73 (r/w/o: 134817.07/38544.71/19293.95) lat (ms,95%): 56.84 err/s: 0.00 reconn/s: 0.00
[ 300s ] thds: 400 tps: 9581.50 qps: 191917.30 (r/w/o: 134400.57/38353.52/19163.21) lat (ms,95%): 64.47 err/s: 0.00 reconn/s: 0.00
[ 310s ] thds: 400 tps: 10168.10 qps: 203444.28 (r/w/o: 142398.58/40709.40/20336.30) lat (ms,95%): 51.94 err/s: 0.00 reconn/s: 0.00
[ 320s ] thds: 400 tps: 9529.95 qps: 190277.39 (r/w/o: 133170.46/38047.12/19059.81) lat (ms,95%): 66.84 err/s: 0.00 reconn/s: 0.00
[ 330s ] thds: 400 tps: 8807.61 qps: 176339.21 (r/w/o: 123462.58/35261.12/17615.51) lat (ms,95%): 86.00 err/s: 0.10 reconn/s: 0.00
[ 340s ] thds: 400 tps: 7205.39 qps: 144047.68 (r/w/o: 100820.65/28816.46/14410.58) lat (ms,95%): 106.75 err/s: 0.10 reconn/s: 0.00
[ 350s ] thds: 400 tps: 7053.29 qps: 141265.77 (r/w/o: 98904.81/28253.67/14107.29) lat (ms,95%): 114.72 err/s: 0.00 reconn/s: 0.00
[ 360s ] thds: 400 tps: 7260.29 qps: 144723.32 (r/w/o: 101223.80/28980.34/14519.17) lat (ms,95%): 106.75 err/s: 0.00 reconn/s: 0.00
[ 370s ] thds: 400 tps: 9441.81 qps: 189016.61 (r/w/o: 132358.55/37777.34/18880.72) lat (ms,95%): 58.92 err/s: 0.10 reconn/s: 0.00
[ 380s ] thds: 400 tps: 9069.49 qps: 181149.65 (r/w/o: 126750.39/36257.87/18141.38) lat (ms,95%): 81.48 err/s: 0.10 reconn/s: 0.00
[ 390s ] thds: 400 tps: 8473.08 qps: 169781.48 (r/w/o: 118906.50/33929.72/16945.26) lat (ms,95%): 94.10 err/s: 0.00 reconn/s: 0.00
[ 400s ] thds: 400 tps: 8171.95 qps: 163684.49 (r/w/o: 114575.59/32761.50/16347.40) lat (ms,95%): 102.97 err/s: 0.00 reconn/s: 0.00
[ 410s ] thds: 400 tps: 7801.39 qps: 155962.60 (r/w/o: 109186.39/31173.54/15602.67) lat (ms,95%): 104.84 err/s: 0.10 reconn/s: 0.00
[ 420s ] thds: 400 tps: 8379.89 qps: 167354.75 (r/w/o: 117130.10/33470.47/16754.19) lat (ms,95%): 95.81 err/s: 0.00 reconn/s: 0.00
[ 430s ] thds: 400 tps: 9586.31 qps: 192065.11 (r/w/o: 134468.78/38417.72/19178.61) lat (ms,95%): 61.08 err/s: 0.00 reconn/s: 0.00
[ 440s ] thds: 400 tps: 8974.08 qps: 179265.50 (r/w/o: 125486.25/35831.90/17947.35) lat (ms,95%): 81.48 err/s: 0.00 reconn/s: 0.00
[ 450s ] thds: 400 tps: 9138.73 qps: 182662.98 (r/w/o: 127846.61/36541.52/18274.86) lat (ms,95%): 78.60 err/s: 0.10 reconn/s: 0.00
[ 460s ] thds: 400 tps: 7422.40 qps: 148742.37 (r/w/o: 104133.35/29760.61/14848.41) lat (ms,95%): 99.33 err/s: 0.00 reconn/s: 0.00
[ 470s ] thds: 400 tps: 7256.26 qps: 144961.91 (r/w/o: 101462.45/28989.74/14509.72) lat (ms,95%): 104.84 err/s: 0.00 reconn/s: 0.00
[ 480s ] thds: 400 tps: 7712.15 qps: 154406.80 (r/w/o: 108101.20/30878.10/15427.50) lat (ms,95%): 95.81 err/s: 0.00 reconn/s: 0.00
[ 490s ] thds: 400 tps: 9689.82 qps: 193792.68 (r/w/o: 135673.04/38740.00/19379.65) lat (ms,95%): 56.84 err/s: 0.00 reconn/s: 0.00
[ 500s ] thds: 400 tps: 9772.00 qps: 195264.91 (r/w/o: 136666.30/39055.10/19543.50) lat (ms,95%): 58.92 err/s: 0.00 reconn/s: 0.00
[ 510s ] thds: 400 tps: 9696.51 qps: 193906.64 (r/w/o: 135726.77/38788.85/19391.02) lat (ms,95%): 57.87 err/s: 0.00 reconn/s: 0.00
[ 520s ] thds: 400 tps: 9199.19 qps: 184199.86 (r/w/o: 128915.43/36887.55/18396.88) lat (ms,95%): 75.82 err/s: 0.00 reconn/s: 0.00
[ 530s ] thds: 400 tps: 9718.54 qps: 194275.72 (r/w/o: 136065.11/38769.84/19440.77) lat (ms,95%): 59.99 err/s: 0.10 reconn/s: 0.00
[ 540s ] thds: 400 tps: 9770.27 qps: 195321.71 (r/w/o: 136666.12/39114.76/19540.83) lat (ms,95%): 61.08 err/s: 0.10 reconn/s: 0.00
[ 550s ] thds: 400 tps: 8877.76 qps: 177764.06 (r/w/o: 124454.58/35553.35/17756.13) lat (ms,95%): 87.56 err/s: 0.00 reconn/s: 0.00
[ 560s ] thds: 400 tps: 9093.91 qps: 181755.63 (r/w/o: 127223.19/36344.63/18187.81) lat (ms,95%): 80.03 err/s: 0.00 reconn/s: 0.00
[ 570s ] thds: 400 tps: 7486.69 qps: 149602.85 (r/w/o: 104727.09/29901.77/14973.98) lat (ms,95%): 99.33 err/s: 0.20 reconn/s: 0.00
[ 580s ] thds: 400 tps: 7163.12 qps: 143255.22 (r/w/o: 100276.32/28653.16/14325.73) lat (ms,95%): 106.75 err/s: 0.00 reconn/s: 0.00
[ 590s ] thds: 400 tps: 7393.59 qps: 147930.74 (r/w/o: 103537.09/29613.17/14780.48) lat (ms,95%): 102.97 err/s: 0.00 reconn/s: 0.00
[ 600s ] thds: 400 tps: 9747.93 qps: 195018.86 (r/w/o: 136553.09/38962.61/19503.16) lat (ms,95%): 55.82 err/s: 0.00 reconn/s: 0.00
[ 610s ] thds: 400 tps: 9835.90 qps: 196622.63 (r/w/o: 137605.42/39347.91/19669.30) lat (ms,95%): 56.84 err/s: 0.10 reconn/s: 0.00
[ 620s ] thds: 400 tps: 9808.80 qps: 196182.31 (r/w/o: 137361.21/39200.40/19620.70) lat (ms,95%): 57.87 err/s: 0.20 reconn/s: 0.00
[ 630s ] thds: 400 tps: 9289.77 qps: 185787.79 (r/w/o: 130056.24/37151.80/18579.75) lat (ms,95%): 75.82 err/s: 0.00 reconn/s: 0.00
[ 640s ] thds: 400 tps: 9583.70 qps: 191643.45 (r/w/o: 134123.37/38359.99/19160.10) lat (ms,95%): 59.99 err/s: 0.00 reconn/s: 0.00
[ 650s ] thds: 400 tps: 9471.64 qps: 189530.12 (r/w/o: 132684.48/37895.06/18950.58) lat (ms,95%): 66.84 err/s: 0.00 reconn/s: 0.00
[ 660s ] thds: 400 tps: 8903.41 qps: 178081.03 (r/w/o: 124684.49/35589.53/17807.01) lat (ms,95%): 82.96 err/s: 0.00 reconn/s: 0.00
[ 670s ] thds: 400 tps: 9292.70 qps: 185957.82 (r/w/o: 130137.85/37234.58/18585.39) lat (ms,95%): 73.13 err/s: 0.00 reconn/s: 0.00
[ 680s ] thds: 400 tps: 7715.60 qps: 154191.33 (r/w/o: 107892.72/30876.11/15422.50) lat (ms,95%): 102.97 err/s: 0.00 reconn/s: 0.00
[ 690s ] thds: 400 tps: 7140.90 qps: 142596.65 (r/w/o: 99802.04/28510.31/14284.30) lat (ms,95%): 104.84 err/s: 0.00 reconn/s: 0.00
[ 700s ] thds: 400 tps: 7211.37 qps: 144223.14 (r/w/o: 100961.04/28833.17/14428.93) lat (ms,95%): 102.97 err/s: 0.00 reconn/s: 0.00
[ 710s ] thds: 400 tps: 9610.87 qps: 192349.49 (r/w/o: 134675.27/38456.68/19217.54) lat (ms,95%): 57.87 err/s: 0.20 reconn/s: 0.00
[ 720s ] thds: 400 tps: 9601.44 qps: 192018.04 (r/w/o: 134404.39/38405.77/19207.88) lat (ms,95%): 63.32 err/s: 0.10 reconn/s: 0.00
[ 730s ] thds: 400 tps: 9774.42 qps: 195656.28 (r/w/o: 136989.27/39118.18/19548.84) lat (ms,95%): 56.84 err/s: 0.00 reconn/s: 0.00
[ 740s ] thds: 400 tps: 9291.95 qps: 185683.04 (r/w/o: 129946.33/37152.61/18584.10) lat (ms,95%): 73.13 err/s: 0.10 reconn/s: 0.00
[ 750s ] thds: 400 tps: 9637.29 qps: 192897.00 (r/w/o: 135076.03/38546.18/19274.79) lat (ms,95%): 62.19 err/s: 0.10 reconn/s: 0.00
[ 760s ] thds: 400 tps: 9205.24 qps: 184006.46 (r/w/o: 128748.40/36847.37/18410.69) lat (ms,95%): 80.03 err/s: 0.10 reconn/s: 0.00
[ 770s ] thds: 400 tps: 8708.68 qps: 174075.81 (r/w/o: 121879.32/34778.52/17417.96) lat (ms,95%): 89.16 err/s: 0.20 reconn/s: 0.00
[ 780s ] thds: 400 tps: 8093.72 qps: 161914.51 (r/w/o: 113324.02/32403.06/16187.43) lat (ms,95%): 95.81 err/s: 0.00 reconn/s: 0.00
[ 790s ] thds: 400 tps: 7872.31 qps: 157369.36 (r/w/o: 110168.78/31456.45/15744.13) lat (ms,95%): 101.13 err/s: 0.00 reconn/s: 0.00
[ 800s ] thds: 400 tps: 7525.48 qps: 150654.15 (r/w/o: 105500.66/30102.03/15051.47) lat (ms,95%): 106.75 err/s: 0.00 reconn/s: 0.00
[ 810s ] thds: 400 tps: 7396.74 qps: 147869.41 (r/w/o: 103489.77/29586.16/14793.48) lat (ms,95%): 110.66 err/s: 0.00 reconn/s: 0.00
[ 820s ] thds: 400 tps: 7429.73 qps: 148821.35 (r/w/o: 104165.16/29797.13/14859.07) lat (ms,95%): 112.67 err/s: 0.00 reconn/s: 0.00
[ 830s ] thds: 400 tps: 7735.26 qps: 154712.89 (r/w/o: 108289.03/30953.04/15470.82) lat (ms,95%): 104.84 err/s: 0.00 reconn/s: 0.00
[ 840s ] thds: 400 tps: 8287.60 qps: 165581.34 (r/w/o: 115893.13/33117.01/16571.20) lat (ms,95%): 97.55 err/s: 0.10 reconn/s: 0.00
SQL statistics:
    queries performed:
        read:                            102089862
        write:                           29168436
        other:                           14584304
        total:                           145842602
    transactions:                        7292104 (8671.43 per sec.)
    queries:                             145842602 (173429.21 per sec.)
    ignored errors:                      29     (0.03 per sec.)
    reconnects:                          0      (0.00 per sec.)

General statistics:
    total time:                          840.9334s
    total number of events:              7292104

Latency (ms):
         min:                                   19.78
         avg:                                   46.09
         max:                                  905.58
         95th percentile:                       89.16
         sum:                            336081573.99

Threads fairness:
    events (avg/stddev):           18230.2600/448.81
    execution time (avg/stddev):   840.2039/0.22

