sysbench 1.0.20-ebf1c90 (using bundled LuaJIT 2.1.0-beta2)

Running the test with following options:
Number of threads: 400
Report intermediate results every 10 second(s)
Initializing random number generator from current time


Initializing worker threads...

Threads started!

[ 10s ] thds: 400 tps: 5620.19 qps: 112783.83 (r/w/o: 78980.90/22525.85/11277.07) lat (ms,95%): 207.82 err/s: 0.10 reconn/s: 0.00
[ 20s ] thds: 400 tps: 7780.01 qps: 155602.91 (r/w/o: 108939.38/31100.22/15563.31) lat (ms,95%): 164.45 err/s: 0.00 reconn/s: 0.00
[ 30s ] thds: 400 tps: 8453.55 qps: 169132.43 (r/w/o: 118414.05/33810.99/16907.39) lat (ms,95%): 123.28 err/s: 0.00 reconn/s: 0.00
[ 40s ] thds: 400 tps: 8891.52 qps: 177985.03 (r/w/o: 124602.40/35599.19/17783.44) lat (ms,95%): 74.46 err/s: 0.20 reconn/s: 0.00
[ 50s ] thds: 400 tps: 9136.74 qps: 182648.50 (r/w/o: 127821.33/36559.48/18267.69) lat (ms,95%): 68.05 err/s: 0.10 reconn/s: 0.00
[ 60s ] thds: 400 tps: 9306.70 qps: 185976.83 (r/w/o: 130179.82/37177.30/18619.70) lat (ms,95%): 62.19 err/s: 0.00 reconn/s: 0.00
[ 70s ] thds: 400 tps: 9342.67 qps: 187049.68 (r/w/o: 130972.83/37395.10/18681.75) lat (ms,95%): 61.08 err/s: 0.00 reconn/s: 0.00
[ 80s ] thds: 400 tps: 9215.41 qps: 184008.15 (r/w/o: 128734.80/36838.83/18434.52) lat (ms,95%): 70.55 err/s: 0.00 reconn/s: 0.00
[ 90s ] thds: 400 tps: 9400.63 qps: 188077.09 (r/w/o: 131672.51/37603.82/18800.76) lat (ms,95%): 62.19 err/s: 0.00 reconn/s: 0.00
[ 100s ] thds: 400 tps: 9557.66 qps: 191413.37 (r/w/o: 134057.32/38239.94/19116.12) lat (ms,95%): 55.82 err/s: 0.10 reconn/s: 0.00
[ 110s ] thds: 400 tps: 8957.89 qps: 179033.69 (r/w/o: 125264.55/35853.26/17915.88) lat (ms,95%): 82.96 err/s: 0.00 reconn/s: 0.00
[ 120s ] thds: 400 tps: 7129.77 qps: 142575.58 (r/w/o: 99846.46/28469.28/14259.84) lat (ms,95%): 118.92 err/s: 0.10 reconn/s: 0.00
[ 130s ] thds: 400 tps: 5715.79 qps: 114302.80 (r/w/o: 79977.36/22900.86/11424.58) lat (ms,95%): 142.39 err/s: 0.00 reconn/s: 0.00
[ 140s ] thds: 400 tps: 7288.43 qps: 145994.57 (r/w/o: 102223.50/29187.11/14583.96) lat (ms,95%): 112.67 err/s: 0.00 reconn/s: 0.00
[ 150s ] thds: 400 tps: 9210.30 qps: 184133.89 (r/w/o: 128907.39/36805.90/18420.60) lat (ms,95%): 63.32 err/s: 0.00 reconn/s: 0.00
[ 160s ] thds: 400 tps: 9128.01 qps: 182457.60 (r/w/o: 127685.24/36516.34/18256.02) lat (ms,95%): 69.29 err/s: 0.00 reconn/s: 0.00
[ 170s ] thds: 400 tps: 9478.09 qps: 189402.69 (r/w/o: 132563.72/37882.58/18956.39) lat (ms,95%): 58.92 err/s: 0.00 reconn/s: 0.00
[ 180s ] thds: 400 tps: 9475.18 qps: 189911.00 (r/w/o: 132940.52/38020.82/18949.66) lat (ms,95%): 61.08 err/s: 0.10 reconn/s: 0.00
[ 190s ] thds: 400 tps: 9197.25 qps: 183439.96 (r/w/o: 128381.07/36665.19/18393.70) lat (ms,95%): 71.83 err/s: 0.00 reconn/s: 0.00
[ 200s ] thds: 400 tps: 9471.95 qps: 189627.77 (r/w/o: 132785.88/37896.19/18945.70) lat (ms,95%): 56.84 err/s: 0.10 reconn/s: 0.00
[ 210s ] thds: 400 tps: 9437.60 qps: 189022.75 (r/w/o: 132315.84/37831.61/18875.31) lat (ms,95%): 59.99 err/s: 0.00 reconn/s: 0.00
[ 220s ] thds: 400 tps: 9331.24 qps: 186570.43 (r/w/o: 130605.08/37302.97/18662.38) lat (ms,95%): 65.65 err/s: 0.00 reconn/s: 0.00
[ 230s ] thds: 400 tps: 9374.76 qps: 187432.11 (r/w/o: 131203.48/37480.12/18748.51) lat (ms,95%): 63.32 err/s: 0.00 reconn/s: 0.00
[ 240s ] thds: 400 tps: 7167.60 qps: 143460.56 (r/w/o: 100413.27/28711.09/14336.20) lat (ms,95%): 104.84 err/s: 0.00 reconn/s: 0.00
[ 250s ] thds: 400 tps: 6550.88 qps: 130846.49 (r/w/o: 91600.48/26145.14/13100.87) lat (ms,95%): 114.72 err/s: 0.00 reconn/s: 0.00
[ 260s ] thds: 400 tps: 8357.16 qps: 166999.66 (r/w/o: 116878.39/33405.75/16715.53) lat (ms,95%): 89.16 err/s: 0.10 reconn/s: 0.00
[ 270s ] thds: 400 tps: 9300.91 qps: 186222.62 (r/w/o: 130392.99/37227.73/18601.91) lat (ms,95%): 64.47 err/s: 0.00 reconn/s: 0.00
[ 280s ] thds: 400 tps: 9380.15 qps: 187623.11 (r/w/o: 131321.34/37541.28/18760.49) lat (ms,95%): 58.92 err/s: 0.00 reconn/s: 0.00
[ 290s ] thds: 400 tps: 9532.06 qps: 190658.25 (r/w/o: 133441.40/38153.53/19063.31) lat (ms,95%): 55.82 err/s: 0.00 reconn/s: 0.00
[ 300s ] thds: 400 tps: 9340.16 qps: 186728.48 (r/w/o: 130737.99/37309.25/18681.23) lat (ms,95%): 64.47 err/s: 0.00 reconn/s: 0.00
[ 310s ] thds: 400 tps: 9466.72 qps: 189361.17 (r/w/o: 132556.03/37871.39/18933.75) lat (ms,95%): 59.99 err/s: 0.10 reconn/s: 0.00
[ 320s ] thds: 400 tps: 9589.88 qps: 191892.86 (r/w/o: 134306.26/38408.83/19177.77) lat (ms,95%): 55.82 err/s: 0.00 reconn/s: 0.00
[ 330s ] thds: 400 tps: 8927.11 qps: 178139.44 (r/w/o: 124662.90/35620.83/17855.71) lat (ms,95%): 84.47 err/s: 0.00 reconn/s: 0.00
[ 340s ] thds: 400 tps: 9454.56 qps: 189357.29 (r/w/o: 132616.44/37832.64/18908.22) lat (ms,95%): 55.82 err/s: 0.00 reconn/s: 0.00
[ 350s ] thds: 400 tps: 7206.87 qps: 144309.76 (r/w/o: 100976.95/28917.77/14415.04) lat (ms,95%): 104.84 err/s: 0.00 reconn/s: 0.00
[ 360s ] thds: 400 tps: 7301.66 qps: 145786.75 (r/w/o: 102014.57/29177.75/14594.42) lat (ms,95%): 95.81 err/s: 0.00 reconn/s: 0.00
[ 370s ] thds: 400 tps: 6901.91 qps: 138049.17 (r/w/o: 96689.29/27546.55/13813.33) lat (ms,95%): 106.75 err/s: 0.10 reconn/s: 0.00
[ 380s ] thds: 400 tps: 8761.12 qps: 175369.98 (r/w/o: 122783.67/35064.08/17522.24) lat (ms,95%): 78.60 err/s: 0.00 reconn/s: 0.00
[ 390s ] thds: 400 tps: 8468.91 qps: 169261.30 (r/w/o: 118416.47/33906.92/16937.91) lat (ms,95%): 89.16 err/s: 0.10 reconn/s: 0.00
[ 400s ] thds: 400 tps: 8114.61 qps: 162516.84 (r/w/o: 113794.70/32492.63/16229.51) lat (ms,95%): 102.97 err/s: 0.10 reconn/s: 0.00
[ 410s ] thds: 400 tps: 7584.57 qps: 151321.37 (r/w/o: 105889.63/30270.49/15161.25) lat (ms,95%): 101.13 err/s: 0.10 reconn/s: 0.00
[ 420s ] thds: 400 tps: 8367.17 qps: 167561.96 (r/w/o: 117323.32/33495.99/16742.65) lat (ms,95%): 94.10 err/s: 0.10 reconn/s: 0.00
[ 430s ] thds: 400 tps: 9605.32 qps: 192129.28 (r/w/o: 134534.77/38383.88/19210.64) lat (ms,95%): 56.84 err/s: 0.00 reconn/s: 0.00
[ 440s ] thds: 400 tps: 9104.52 qps: 182211.09 (r/w/o: 127506.44/36495.60/18209.05) lat (ms,95%): 75.82 err/s: 0.00 reconn/s: 0.00
[ 450s ] thds: 400 tps: 9597.01 qps: 191776.91 (r/w/o: 134254.88/38327.92/19194.11) lat (ms,95%): 56.84 err/s: 0.00 reconn/s: 0.00
[ 460s ] thds: 400 tps: 8747.70 qps: 174908.96 (r/w/o: 122404.77/35010.49/17493.70) lat (ms,95%): 81.48 err/s: 0.10 reconn/s: 0.00
[ 470s ] thds: 400 tps: 7167.61 qps: 143461.38 (r/w/o: 100463.79/28660.36/14337.23) lat (ms,95%): 101.13 err/s: 0.10 reconn/s: 0.00
[ 480s ] thds: 400 tps: 7384.87 qps: 147517.70 (r/w/o: 103222.00/29525.86/14769.83) lat (ms,95%): 95.81 err/s: 0.00 reconn/s: 0.00
[ 490s ] thds: 400 tps: 7724.45 qps: 154602.70 (r/w/o: 108291.13/30862.28/15449.29) lat (ms,95%): 90.78 err/s: 0.10 reconn/s: 0.00
[ 500s ] thds: 400 tps: 9386.60 qps: 187642.30 (r/w/o: 131290.27/37578.82/18773.21) lat (ms,95%): 57.87 err/s: 0.10 reconn/s: 0.00
[ 510s ] thds: 400 tps: 9411.99 qps: 188260.55 (r/w/o: 131806.43/37629.95/18824.18) lat (ms,95%): 58.92 err/s: 0.00 reconn/s: 0.00
[ 520s ] thds: 400 tps: 9078.70 qps: 181657.92 (r/w/o: 127198.24/36302.18/18157.49) lat (ms,95%): 71.83 err/s: 0.00 reconn/s: 0.00
[ 530s ] thds: 400 tps: 9368.54 qps: 187210.81 (r/w/o: 130966.30/37515.94/18728.57) lat (ms,95%): 61.08 err/s: 0.00 reconn/s: 0.00
[ 540s ] thds: 400 tps: 9368.37 qps: 187485.53 (r/w/o: 131265.83/37477.27/18742.43) lat (ms,95%): 61.08 err/s: 0.00 reconn/s: 0.00
[ 550s ] thds: 400 tps: 9118.83 qps: 182527.84 (r/w/o: 127791.65/36495.13/18241.06) lat (ms,95%): 73.13 err/s: 0.20 reconn/s: 0.00
[ 560s ] thds: 400 tps: 9504.00 qps: 190058.71 (r/w/o: 133070.54/37980.28/19007.89) lat (ms,95%): 56.84 err/s: 0.10 reconn/s: 0.00
[ 570s ] thds: 400 tps: 8921.29 qps: 178057.08 (r/w/o: 124556.24/35663.56/17837.28) lat (ms,95%): 75.82 err/s: 0.00 reconn/s: 0.00
[ 580s ] thds: 400 tps: 7097.09 qps: 142296.99 (r/w/o: 99676.55/28420.66/14199.78) lat (ms,95%): 102.97 err/s: 0.00 reconn/s: 0.00
[ 590s ] thds: 400 tps: 7351.43 qps: 147098.17 (r/w/o: 102957.10/29438.11/14702.96) lat (ms,95%): 95.81 err/s: 0.00 reconn/s: 0.00
[ 600s ] thds: 400 tps: 7505.62 qps: 150023.63 (r/w/o: 104997.03/30018.87/15007.73) lat (ms,95%): 94.10 err/s: 0.10 reconn/s: 0.00
[ 610s ] thds: 400 tps: 9191.11 qps: 183911.44 (r/w/o: 128755.09/36770.23/18386.11) lat (ms,95%): 63.32 err/s: 0.10 reconn/s: 0.00
[ 620s ] thds: 400 tps: 9523.18 qps: 190270.01 (r/w/o: 133141.60/38086.14/19042.27) lat (ms,95%): 57.87 err/s: 0.10 reconn/s: 0.00
[ 630s ] thds: 400 tps: 9226.61 qps: 184607.01 (r/w/o: 129273.33/36880.15/18453.53) lat (ms,95%): 70.55 err/s: 0.20 reconn/s: 0.00
[ 640s ] thds: 400 tps: 9383.05 qps: 187843.81 (r/w/o: 131468.53/37604.48/18770.79) lat (ms,95%): 63.32 err/s: 0.10 reconn/s: 0.00
[ 650s ] thds: 400 tps: 9523.83 qps: 190211.52 (r/w/o: 133179.03/37984.82/19047.66) lat (ms,95%): 58.92 err/s: 0.00 reconn/s: 0.00
[ 660s ] thds: 400 tps: 9154.04 qps: 183125.61 (r/w/o: 128173.96/36643.66/18307.98) lat (ms,95%): 70.55 err/s: 0.00 reconn/s: 0.00
[ 670s ] thds: 400 tps: 9614.97 qps: 192217.84 (r/w/o: 134556.74/38431.37/19229.73) lat (ms,95%): 54.83 err/s: 0.00 reconn/s: 0.00
[ 680s ] thds: 400 tps: 8927.70 qps: 178449.53 (r/w/o: 124849.15/35749.89/17850.49) lat (ms,95%): 80.03 err/s: 0.00 reconn/s: 0.00
[ 690s ] thds: 400 tps: 7513.73 qps: 150234.27 (r/w/o: 105186.39/30015.32/15032.55) lat (ms,95%): 95.81 err/s: 0.00 reconn/s: 0.00
[ 700s ] thds: 400 tps: 7219.51 qps: 144343.59 (r/w/o: 101032.53/28874.84/14436.22) lat (ms,95%): 99.33 err/s: 0.00 reconn/s: 0.00
[ 710s ] thds: 400 tps: 7375.45 qps: 147835.45 (r/w/o: 103531.16/29552.79/14751.50) lat (ms,95%): 92.42 err/s: 0.10 reconn/s: 0.00
[ 720s ] thds: 400 tps: 8613.63 qps: 172277.86 (r/w/o: 120556.46/34499.24/17222.17) lat (ms,95%): 74.46 err/s: 0.00 reconn/s: 0.00
[ 730s ] thds: 400 tps: 9438.38 qps: 188772.99 (r/w/o: 132195.61/37692.42/18884.96) lat (ms,95%): 59.99 err/s: 0.00 reconn/s: 0.00
[ 740s ] thds: 400 tps: 9019.24 qps: 180363.06 (r/w/o: 126240.33/36085.65/18037.08) lat (ms,95%): 71.83 err/s: 0.00 reconn/s: 0.00
[ 750s ] thds: 400 tps: 9387.15 qps: 187756.06 (r/w/o: 131404.44/37575.61/18776.01) lat (ms,95%): 61.08 err/s: 0.10 reconn/s: 0.00
[ 760s ] thds: 400 tps: 9498.31 qps: 190047.91 (r/w/o: 133050.05/38001.64/18996.22) lat (ms,95%): 59.99 err/s: 0.20 reconn/s: 0.00
[ 770s ] thds: 400 tps: 8975.94 qps: 179429.03 (r/w/o: 125610.01/35866.35/17952.67) lat (ms,95%): 78.60 err/s: 0.00 reconn/s: 0.00
[ 780s ] thds: 400 tps: 9000.03 qps: 180078.65 (r/w/o: 126059.38/36020.01/17999.25) lat (ms,95%): 81.48 err/s: 0.00 reconn/s: 0.00
[ 790s ] thds: 400 tps: 8011.56 qps: 159978.88 (r/w/o: 111923.02/32037.74/16018.12) lat (ms,95%): 94.10 err/s: 0.10 reconn/s: 0.00
[ 800s ] thds: 400 tps: 7191.97 qps: 143778.97 (r/w/o: 100667.26/28726.57/14385.14) lat (ms,95%): 101.13 err/s: 0.00 reconn/s: 0.00
[ 810s ] thds: 400 tps: 7617.33 qps: 152708.75 (r/w/o: 106916.79/30552.31/15239.66) lat (ms,95%): 101.13 err/s: 0.00 reconn/s: 0.00
[ 820s ] thds: 400 tps: 7520.56 qps: 150415.99 (r/w/o: 105312.20/30062.56/15041.23) lat (ms,95%): 99.33 err/s: 0.00 reconn/s: 0.00
[ 830s ] thds: 400 tps: 7641.06 qps: 152850.72 (r/w/o: 106987.25/30581.34/15282.12) lat (ms,95%): 95.81 err/s: 0.00 reconn/s: 0.00
[ 840s ] thds: 400 tps: 7540.62 qps: 150712.46 (r/w/o: 105454.56/30181.35/15076.55) lat (ms,95%): 101.13 err/s: 0.00 reconn/s: 0.00
SQL statistics:
    queries performed:
        read:                            100979130
        write:                           28851076
        other:                           14425628
        total:                           144255834
    transactions:                        7212762 (8580.31 per sec.)
    queries:                             144255834 (171606.87 per sec.)
    ignored errors:                      33     (0.04 per sec.)
    reconnects:                          0      (0.00 per sec.)

General statistics:
    total time:                          840.6170s
    total number of events:              7212762

Latency (ms):
         min:                                   19.75
         avg:                                   46.59
         max:                                  806.75
         95th percentile:                       86.00
         sum:                            336021188.27

Threads fairness:
    events (avg/stddev):           18031.9050/371.14
    execution time (avg/stddev):   840.0530/0.06

