sysbench 1.0.20-ebf1c90 (using bundled LuaJIT 2.1.0-beta2)

Running the test with following options:
Number of threads: 400
Report intermediate results every 10 second(s)
Initializing random number generator from current time


Initializing worker threads...

Threads started!

[ 10s ] thds: 400 tps: 5584.03 qps: 112075.99 (r/w/o: 78524.83/22343.61/11207.55) lat (ms,95%): 211.60 err/s: 0.00 reconn/s: 0.00
[ 20s ] thds: 400 tps: 7772.23 qps: 155420.25 (r/w/o: 108775.19/31100.31/15544.76) lat (ms,95%): 167.44 err/s: 0.00 reconn/s: 0.00
[ 30s ] thds: 400 tps: 8432.61 qps: 168781.88 (r/w/o: 118173.99/33742.46/16865.43) lat (ms,95%): 127.81 err/s: 0.00 reconn/s: 0.00
[ 40s ] thds: 400 tps: 8892.99 qps: 177655.00 (r/w/o: 124324.69/35544.54/17785.77) lat (ms,95%): 74.46 err/s: 0.10 reconn/s: 0.00
[ 50s ] thds: 400 tps: 9182.93 qps: 183747.63 (r/w/o: 128639.03/36741.93/18366.66) lat (ms,95%): 68.05 err/s: 0.10 reconn/s: 0.00
[ 60s ] thds: 400 tps: 9323.72 qps: 186612.26 (r/w/o: 130667.97/37296.77/18647.53) lat (ms,95%): 61.08 err/s: 0.00 reconn/s: 0.00
[ 70s ] thds: 400 tps: 9327.80 qps: 186278.74 (r/w/o: 130325.46/37300.49/18652.79) lat (ms,95%): 61.08 err/s: 0.00 reconn/s: 0.00
[ 80s ] thds: 400 tps: 9243.00 qps: 185127.29 (r/w/o: 129647.86/36991.92/18487.51) lat (ms,95%): 69.29 err/s: 0.00 reconn/s: 0.00
[ 90s ] thds: 400 tps: 9387.52 qps: 187770.29 (r/w/o: 131441.74/37552.20/18776.35) lat (ms,95%): 61.08 err/s: 0.00 reconn/s: 0.00
[ 100s ] thds: 400 tps: 9632.39 qps: 192447.80 (r/w/o: 134643.89/38538.94/19264.97) lat (ms,95%): 55.82 err/s: 0.00 reconn/s: 0.00
[ 110s ] thds: 400 tps: 8919.02 qps: 178546.33 (r/w/o: 125021.73/35686.47/17838.13) lat (ms,95%): 84.47 err/s: 0.00 reconn/s: 0.00
[ 120s ] thds: 400 tps: 7137.65 qps: 142963.97 (r/w/o: 100055.58/28633.20/14275.20) lat (ms,95%): 116.80 err/s: 0.00 reconn/s: 0.00
[ 130s ] thds: 400 tps: 5757.37 qps: 115011.85 (r/w/o: 80490.94/23010.77/11510.13) lat (ms,95%): 139.85 err/s: 0.00 reconn/s: 0.00
[ 140s ] thds: 400 tps: 7329.25 qps: 146296.30 (r/w/o: 102425.67/29210.02/14660.61) lat (ms,95%): 110.66 err/s: 0.00 reconn/s: 0.00
[ 150s ] thds: 400 tps: 9200.81 qps: 184233.21 (r/w/o: 128962.55/36866.44/18404.22) lat (ms,95%): 64.47 err/s: 0.00 reconn/s: 0.00
[ 160s ] thds: 400 tps: 9119.63 qps: 182459.12 (r/w/o: 127748.94/36470.93/18239.26) lat (ms,95%): 69.29 err/s: 0.00 reconn/s: 0.00
[ 170s ] thds: 400 tps: 9445.28 qps: 188902.00 (r/w/o: 132239.72/37771.62/18890.66) lat (ms,95%): 59.99 err/s: 0.00 reconn/s: 0.00
[ 180s ] thds: 400 tps: 9506.21 qps: 190053.17 (r/w/o: 133035.12/38005.43/19012.62) lat (ms,95%): 61.08 err/s: 0.10 reconn/s: 0.00
[ 190s ] thds: 400 tps: 9171.82 qps: 183509.73 (r/w/o: 128475.00/36690.99/18343.74) lat (ms,95%): 71.83 err/s: 0.00 reconn/s: 0.00
[ 200s ] thds: 400 tps: 9540.74 qps: 190929.91 (r/w/o: 133623.07/38225.36/19081.48) lat (ms,95%): 56.84 err/s: 0.00 reconn/s: 0.00
[ 210s ] thds: 400 tps: 9501.46 qps: 189728.36 (r/w/o: 132813.08/37912.35/19002.93) lat (ms,95%): 59.99 err/s: 0.00 reconn/s: 0.00
[ 220s ] thds: 400 tps: 9319.35 qps: 186392.00 (r/w/o: 130463.93/37290.48/18637.59) lat (ms,95%): 65.65 err/s: 0.10 reconn/s: 0.00
[ 230s ] thds: 400 tps: 9369.25 qps: 187428.59 (r/w/o: 131187.16/37502.22/18739.21) lat (ms,95%): 64.47 err/s: 0.10 reconn/s: 0.00
[ 240s ] thds: 400 tps: 7150.98 qps: 143039.21 (r/w/o: 100129.65/28607.30/14302.25) lat (ms,95%): 104.84 err/s: 0.00 reconn/s: 0.00
[ 250s ] thds: 400 tps: 6544.55 qps: 130710.45 (r/w/o: 91465.53/26158.01/13086.90) lat (ms,95%): 114.72 err/s: 0.00 reconn/s: 0.00
[ 260s ] thds: 400 tps: 8311.49 qps: 166538.12 (r/w/o: 116649.50/33262.74/16625.87) lat (ms,95%): 89.16 err/s: 0.00 reconn/s: 0.00
[ 270s ] thds: 400 tps: 9299.09 qps: 185873.44 (r/w/o: 130070.12/37207.75/18595.57) lat (ms,95%): 64.47 err/s: 0.00 reconn/s: 0.00
[ 280s ] thds: 400 tps: 9401.18 qps: 187980.41 (r/w/o: 131588.73/37586.72/18804.96) lat (ms,95%): 58.92 err/s: 0.00 reconn/s: 0.00
[ 290s ] thds: 400 tps: 9529.59 qps: 190669.44 (r/w/o: 133479.32/38131.45/19058.67) lat (ms,95%): 55.82 err/s: 0.00 reconn/s: 0.00
[ 300s ] thds: 400 tps: 9391.99 qps: 187639.27 (r/w/o: 131332.74/37522.56/18783.98) lat (ms,95%): 64.47 err/s: 0.00 reconn/s: 0.00
[ 310s ] thds: 400 tps: 9490.21 qps: 189940.29 (r/w/o: 132953.90/38005.16/18981.23) lat (ms,95%): 59.99 err/s: 0.00 reconn/s: 0.00
[ 320s ] thds: 400 tps: 9605.55 qps: 192069.06 (r/w/o: 134473.07/38384.59/19211.40) lat (ms,95%): 55.82 err/s: 0.00 reconn/s: 0.00
[ 330s ] thds: 400 tps: 8938.23 qps: 178915.90 (r/w/o: 125261.52/35777.92/17876.46) lat (ms,95%): 82.96 err/s: 0.00 reconn/s: 0.00
[ 340s ] thds: 400 tps: 9474.20 qps: 189367.59 (r/w/o: 132551.26/37870.12/18946.21) lat (ms,95%): 55.82 err/s: 0.00 reconn/s: 0.00
[ 350s ] thds: 400 tps: 7213.95 qps: 144291.54 (r/w/o: 100981.13/28881.91/14428.50) lat (ms,95%): 104.84 err/s: 0.10 reconn/s: 0.00
[ 360s ] thds: 400 tps: 7349.02 qps: 147140.54 (r/w/o: 103009.24/29431.47/14699.83) lat (ms,95%): 94.10 err/s: 0.00 reconn/s: 0.00
[ 370s ] thds: 400 tps: 6865.04 qps: 137375.56 (r/w/o: 96173.10/27472.07/13730.39) lat (ms,95%): 106.75 err/s: 0.00 reconn/s: 0.00
[ 380s ] thds: 400 tps: 8752.99 qps: 174748.98 (r/w/o: 122266.52/34976.38/17506.09) lat (ms,95%): 78.60 err/s: 0.00 reconn/s: 0.00
[ 390s ] thds: 400 tps: 8446.08 qps: 169101.35 (r/w/o: 118443.49/33765.71/16892.15) lat (ms,95%): 89.16 err/s: 0.00 reconn/s: 0.00
[ 400s ] thds: 400 tps: 8148.47 qps: 162831.86 (r/w/o: 113931.95/32602.97/16296.94) lat (ms,95%): 104.84 err/s: 0.00 reconn/s: 0.00
[ 410s ] thds: 400 tps: 7565.32 qps: 151419.93 (r/w/o: 106057.60/30231.69/15130.64) lat (ms,95%): 101.13 err/s: 0.00 reconn/s: 0.00
[ 420s ] thds: 400 tps: 8380.80 qps: 167589.84 (r/w/o: 117272.43/33555.71/16761.70) lat (ms,95%): 94.10 err/s: 0.00 reconn/s: 0.00
[ 430s ] thds: 400 tps: 9658.96 qps: 193002.65 (r/w/o: 135055.41/38629.33/19317.92) lat (ms,95%): 56.84 err/s: 0.00 reconn/s: 0.00
[ 440s ] thds: 400 tps: 9128.81 qps: 182686.47 (r/w/o: 127925.42/36507.43/18253.62) lat (ms,95%): 74.46 err/s: 0.00 reconn/s: 0.00
[ 450s ] thds: 400 tps: 9597.65 qps: 192079.19 (r/w/o: 134441.76/38438.02/19199.41) lat (ms,95%): 56.84 err/s: 0.00 reconn/s: 0.00
[ 460s ] thds: 400 tps: 8757.84 qps: 175239.75 (r/w/o: 122685.22/35038.85/17515.67) lat (ms,95%): 81.48 err/s: 0.00 reconn/s: 0.00
[ 470s ] thds: 400 tps: 7223.30 qps: 144144.64 (r/w/o: 100855.26/28842.49/14446.89) lat (ms,95%): 101.13 err/s: 0.10 reconn/s: 0.00
[ 480s ] thds: 400 tps: 7391.84 qps: 148093.79 (r/w/o: 103697.15/29614.26/14782.38) lat (ms,95%): 95.81 err/s: 0.00 reconn/s: 0.00
[ 490s ] thds: 400 tps: 7721.69 qps: 154569.80 (r/w/o: 108195.73/30929.38/15444.69) lat (ms,95%): 89.16 err/s: 0.00 reconn/s: 0.00
[ 500s ] thds: 400 tps: 9375.96 qps: 187366.88 (r/w/o: 131185.13/37432.04/18749.72) lat (ms,95%): 57.87 err/s: 0.00 reconn/s: 0.00
[ 510s ] thds: 400 tps: 9446.69 qps: 188999.87 (r/w/o: 132279.21/37824.57/18896.09) lat (ms,95%): 57.87 err/s: 0.10 reconn/s: 0.00
[ 520s ] thds: 400 tps: 9105.27 qps: 182196.95 (r/w/o: 127528.51/36457.69/18210.74) lat (ms,95%): 71.83 err/s: 0.10 reconn/s: 0.00
[ 530s ] thds: 400 tps: 9422.71 qps: 188204.40 (r/w/o: 131764.44/37596.35/18843.62) lat (ms,95%): 61.08 err/s: 0.00 reconn/s: 0.00
[ 540s ] thds: 400 tps: 9385.92 qps: 187767.58 (r/w/o: 131423.06/37570.78/18773.74) lat (ms,95%): 61.08 err/s: 0.00 reconn/s: 0.00
[ 550s ] thds: 400 tps: 9120.94 qps: 182302.45 (r/w/o: 127628.32/36432.16/18241.97) lat (ms,95%): 73.13 err/s: 0.00 reconn/s: 0.00
[ 560s ] thds: 400 tps: 9453.46 qps: 188902.53 (r/w/o: 132174.39/37821.23/18906.91) lat (ms,95%): 57.87 err/s: 0.00 reconn/s: 0.00
[ 570s ] thds: 400 tps: 8915.65 qps: 178641.85 (r/w/o: 125132.54/35678.20/17831.10) lat (ms,95%): 77.19 err/s: 0.00 reconn/s: 0.00
[ 580s ] thds: 400 tps: 7133.37 qps: 142528.51 (r/w/o: 99702.00/28559.78/14266.74) lat (ms,95%): 102.97 err/s: 0.00 reconn/s: 0.00
[ 590s ] thds: 400 tps: 7340.26 qps: 146762.73 (r/w/o: 102738.96/29343.04/14680.72) lat (ms,95%): 95.81 err/s: 0.00 reconn/s: 0.00
[ 600s ] thds: 400 tps: 7518.49 qps: 150368.28 (r/w/o: 105248.62/30084.98/15034.69) lat (ms,95%): 94.10 err/s: 0.00 reconn/s: 0.00
[ 610s ] thds: 400 tps: 9231.83 qps: 184586.32 (r/w/o: 129233.16/36888.51/18464.65) lat (ms,95%): 64.47 err/s: 0.00 reconn/s: 0.00
[ 620s ] thds: 400 tps: 9565.81 qps: 191516.13 (r/w/o: 134103.19/38279.22/19133.71) lat (ms,95%): 57.87 err/s: 0.30 reconn/s: 0.00
[ 630s ] thds: 400 tps: 9169.82 qps: 183430.81 (r/w/o: 128366.59/36724.28/18339.94) lat (ms,95%): 70.55 err/s: 0.10 reconn/s: 0.00
[ 640s ] thds: 400 tps: 9386.20 qps: 187573.32 (r/w/o: 131299.61/37501.20/18772.50) lat (ms,95%): 62.19 err/s: 0.00 reconn/s: 0.00
[ 650s ] thds: 400 tps: 9479.60 qps: 189864.36 (r/w/o: 132921.64/37983.61/18959.11) lat (ms,95%): 58.92 err/s: 0.00 reconn/s: 0.00
[ 660s ] thds: 400 tps: 9163.92 qps: 183142.23 (r/w/o: 128176.30/36637.89/18328.04) lat (ms,95%): 70.55 err/s: 0.00 reconn/s: 0.00
[ 670s ] thds: 400 tps: 9635.73 qps: 192827.89 (r/w/o: 134998.18/38558.24/19271.47) lat (ms,95%): 55.82 err/s: 0.00 reconn/s: 0.00
[ 680s ] thds: 400 tps: 8916.38 qps: 178197.06 (r/w/o: 124726.99/35638.11/17831.96) lat (ms,95%): 80.03 err/s: 0.00 reconn/s: 0.00
[ 690s ] thds: 400 tps: 7509.26 qps: 150246.23 (r/w/o: 105194.26/30032.55/15019.42) lat (ms,95%): 95.81 err/s: 0.00 reconn/s: 0.00
[ 700s ] thds: 400 tps: 7248.23 qps: 145080.08 (r/w/o: 101543.07/29040.24/14496.77) lat (ms,95%): 97.55 err/s: 0.10 reconn/s: 0.00
[ 710s ] thds: 400 tps: 7420.13 qps: 148108.81 (r/w/o: 103688.13/29580.13/14840.56) lat (ms,95%): 92.42 err/s: 0.10 reconn/s: 0.00
[ 720s ] thds: 400 tps: 8629.45 qps: 172636.96 (r/w/o: 120837.04/34541.21/17258.71) lat (ms,95%): 74.46 err/s: 0.00 reconn/s: 0.00
[ 730s ] thds: 400 tps: 9450.21 qps: 188861.30 (r/w/o: 132167.44/37799.84/18894.02) lat (ms,95%): 58.92 err/s: 0.00 reconn/s: 0.00
[ 740s ] thds: 400 tps: 9064.64 qps: 181344.04 (r/w/o: 126935.92/36275.15/18132.97) lat (ms,95%): 71.83 err/s: 0.00 reconn/s: 0.00
[ 750s ] thds: 400 tps: 9382.37 qps: 187804.89 (r/w/o: 131538.14/37499.20/18767.55) lat (ms,95%): 62.19 err/s: 0.00 reconn/s: 0.00
[ 760s ] thds: 400 tps: 9517.91 qps: 190207.19 (r/w/o: 133076.90/38099.36/19030.93) lat (ms,95%): 59.99 err/s: 0.00 reconn/s: 0.00
[ 770s ] thds: 400 tps: 8979.29 qps: 179752.82 (r/w/o: 125848.00/35947.64/17957.17) lat (ms,95%): 78.60 err/s: 0.00 reconn/s: 0.00
[ 780s ] thds: 400 tps: 8989.74 qps: 179826.95 (r/w/o: 125902.23/35938.75/17985.98) lat (ms,95%): 81.48 err/s: 0.00 reconn/s: 0.00
[ 790s ] thds: 400 tps: 8000.99 qps: 160104.62 (r/w/o: 112065.71/32036.94/16001.97) lat (ms,95%): 94.10 err/s: 0.00 reconn/s: 0.00
[ 800s ] thds: 400 tps: 7178.28 qps: 143525.52 (r/w/o: 100485.33/28683.52/14356.66) lat (ms,95%): 101.13 err/s: 0.00 reconn/s: 0.00
[ 810s ] thds: 400 tps: 7645.43 qps: 152748.93 (r/w/o: 106885.88/30576.30/15286.75) lat (ms,95%): 101.13 err/s: 0.10 reconn/s: 0.00
[ 820s ] thds: 400 tps: 7535.36 qps: 150715.72 (r/w/o: 105491.35/30156.15/15068.22) lat (ms,95%): 99.33 err/s: 0.00 reconn/s: 0.00
[ 830s ] thds: 400 tps: 7707.96 qps: 154028.53 (r/w/o: 107817.89/30794.93/15415.71) lat (ms,95%): 95.81 err/s: 0.00 reconn/s: 0.00
[ 840s ] thds: 400 tps: 7525.30 qps: 150920.26 (r/w/o: 105644.07/30218.69/15057.50) lat (ms,95%): 101.13 err/s: 0.00 reconn/s: 0.00
SQL statistics:
    queries performed:
        read:                            101084284
        write:                           28881153
        other:                           14440651
        total:                           144406088
    transactions:                        7220290 (8588.19 per sec.)
    queries:                             144406088 (171764.24 per sec.)
    ignored errors:                      16     (0.02 per sec.)
    reconnects:                          0      (0.00 per sec.)

General statistics:
    total time:                          840.7217s
    total number of events:              7220290

Latency (ms):
         min:                                   19.80
         avg:                                   46.54
         max:                                 1002.44
         95th percentile:                       86.00
         sum:                            336016770.73

Threads fairness:
    events (avg/stddev):           18050.7250/386.33
    execution time (avg/stddev):   840.0419/0.06

