sysbench 1.0.20-ebf1c90 (using bundled LuaJIT 2.1.0-beta2)

Running the test with following options:
Number of threads: 400
Report intermediate results every 10 second(s)
Initializing random number generator from current time


Initializing worker threads...

Threads started!

[ 10s ] thds: 400 tps: 5571.69 qps: 111887.27 (r/w/o: 78360.03/22343.86/11183.38) lat (ms,95%): 211.60 err/s: 0.00 reconn/s: 0.00
[ 20s ] thds: 400 tps: 7793.85 qps: 155754.51 (r/w/o: 109033.51/31135.80/15585.20) lat (ms,95%): 167.44 err/s: 0.00 reconn/s: 0.00
[ 30s ] thds: 400 tps: 8437.34 qps: 168801.33 (r/w/o: 118174.38/33751.07/16875.88) lat (ms,95%): 125.52 err/s: 0.00 reconn/s: 0.00
[ 40s ] thds: 400 tps: 8889.44 qps: 178099.56 (r/w/o: 124668.63/35650.55/17780.38) lat (ms,95%): 74.46 err/s: 0.00 reconn/s: 0.00
[ 50s ] thds: 400 tps: 9176.45 qps: 183380.70 (r/w/o: 128354.43/36676.08/18350.19) lat (ms,95%): 68.05 err/s: 0.00 reconn/s: 0.00
[ 60s ] thds: 400 tps: 9321.92 qps: 186340.79 (r/w/o: 130457.07/37237.08/18646.64) lat (ms,95%): 61.08 err/s: 0.00 reconn/s: 0.00
[ 70s ] thds: 400 tps: 9395.84 qps: 188177.68 (r/w/o: 131718.61/37667.28/18791.79) lat (ms,95%): 59.99 err/s: 0.10 reconn/s: 0.00
[ 80s ] thds: 400 tps: 9250.05 qps: 184647.44 (r/w/o: 129242.53/36904.81/18500.10) lat (ms,95%): 70.55 err/s: 0.00 reconn/s: 0.00
[ 90s ] thds: 400 tps: 9397.87 qps: 187920.50 (r/w/o: 131549.38/37575.98/18795.14) lat (ms,95%): 61.08 err/s: 0.00 reconn/s: 0.00
[ 100s ] thds: 400 tps: 9599.19 qps: 192268.14 (r/w/o: 134628.09/38440.67/19199.38) lat (ms,95%): 55.82 err/s: 0.00 reconn/s: 0.00
[ 110s ] thds: 400 tps: 8908.86 qps: 178014.40 (r/w/o: 124580.41/35616.26/17817.73) lat (ms,95%): 84.47 err/s: 0.00 reconn/s: 0.00
[ 120s ] thds: 400 tps: 7157.19 qps: 143255.90 (r/w/o: 100282.86/28658.56/14314.48) lat (ms,95%): 116.80 err/s: 0.00 reconn/s: 0.00
[ 130s ] thds: 400 tps: 5732.79 qps: 114843.78 (r/w/o: 80363.65/23013.96/11466.18) lat (ms,95%): 142.39 err/s: 0.10 reconn/s: 0.00
[ 140s ] thds: 400 tps: 7347.54 qps: 146748.79 (r/w/o: 102760.32/29293.48/14694.99) lat (ms,95%): 112.67 err/s: 0.00 reconn/s: 0.00
[ 150s ] thds: 400 tps: 9190.20 qps: 183850.69 (r/w/o: 128714.66/36755.42/18380.61) lat (ms,95%): 64.47 err/s: 0.00 reconn/s: 0.00
[ 160s ] thds: 400 tps: 9151.03 qps: 182890.30 (r/w/o: 127970.32/36617.92/18302.06) lat (ms,95%): 70.55 err/s: 0.00 reconn/s: 0.00
[ 170s ] thds: 400 tps: 9452.82 qps: 188954.00 (r/w/o: 132285.95/37762.30/18905.75) lat (ms,95%): 58.92 err/s: 0.00 reconn/s: 0.00
[ 180s ] thds: 400 tps: 9504.76 qps: 190135.04 (r/w/o: 133079.07/38046.45/19009.52) lat (ms,95%): 61.08 err/s: 0.00 reconn/s: 0.00
[ 190s ] thds: 400 tps: 9156.91 qps: 183087.74 (r/w/o: 128175.77/36598.05/18313.92) lat (ms,95%): 71.83 err/s: 0.00 reconn/s: 0.00
[ 200s ] thds: 400 tps: 9502.76 qps: 190224.37 (r/w/o: 133190.89/38027.86/19005.63) lat (ms,95%): 56.84 err/s: 0.00 reconn/s: 0.00
[ 210s ] thds: 400 tps: 9499.27 qps: 189712.94 (r/w/o: 132709.33/38010.07/18993.54) lat (ms,95%): 59.99 err/s: 0.10 reconn/s: 0.00
[ 220s ] thds: 400 tps: 9338.60 qps: 187025.70 (r/w/o: 130958.73/37384.58/18682.39) lat (ms,95%): 65.65 err/s: 0.00 reconn/s: 0.00
[ 230s ] thds: 400 tps: 9368.71 qps: 187512.56 (r/w/o: 131284.48/37490.65/18737.43) lat (ms,95%): 64.47 err/s: 0.00 reconn/s: 0.00
[ 240s ] thds: 400 tps: 7172.76 qps: 143308.89 (r/w/o: 100281.63/28684.34/14342.92) lat (ms,95%): 104.84 err/s: 0.00 reconn/s: 0.00
[ 250s ] thds: 400 tps: 6562.61 qps: 131051.22 (r/w/o: 91704.18/26226.02/13121.01) lat (ms,95%): 114.72 err/s: 0.00 reconn/s: 0.00
[ 260s ] thds: 400 tps: 8367.50 qps: 167418.78 (r/w/o: 117253.18/33423.60/16742.00) lat (ms,95%): 87.56 err/s: 0.00 reconn/s: 0.00
[ 270s ] thds: 400 tps: 9301.85 qps: 186196.00 (r/w/o: 130374.60/37217.70/18603.70) lat (ms,95%): 64.47 err/s: 0.10 reconn/s: 0.00
[ 280s ] thds: 400 tps: 9369.73 qps: 187419.89 (r/w/o: 131163.99/37516.14/18739.77) lat (ms,95%): 58.92 err/s: 0.00 reconn/s: 0.00
[ 290s ] thds: 400 tps: 9597.38 qps: 191843.06 (r/w/o: 134260.36/38389.53/19193.17) lat (ms,95%): 55.82 err/s: 0.10 reconn/s: 0.00
[ 300s ] thds: 400 tps: 9327.68 qps: 186293.37 (r/w/o: 130373.90/37267.21/18652.26) lat (ms,95%): 65.65 err/s: 0.00 reconn/s: 0.00
[ 310s ] thds: 400 tps: 9468.70 qps: 189711.06 (r/w/o: 132861.77/37907.09/18942.20) lat (ms,95%): 58.92 err/s: 0.00 reconn/s: 0.00
[ 320s ] thds: 400 tps: 9667.75 qps: 193344.11 (r/w/o: 135315.74/38692.48/19335.89) lat (ms,95%): 55.82 err/s: 0.10 reconn/s: 0.00
[ 330s ] thds: 400 tps: 8934.29 qps: 178541.74 (r/w/o: 124981.42/35693.35/17866.97) lat (ms,95%): 84.47 err/s: 0.00 reconn/s: 0.00
[ 340s ] thds: 400 tps: 9492.40 qps: 189956.29 (r/w/o: 133012.19/37957.90/18986.20) lat (ms,95%): 55.82 err/s: 0.10 reconn/s: 0.00
[ 350s ] thds: 400 tps: 7206.29 qps: 144069.26 (r/w/o: 100803.20/28853.97/14412.09) lat (ms,95%): 102.97 err/s: 0.00 reconn/s: 0.00
[ 360s ] thds: 400 tps: 7297.92 qps: 146078.85 (r/w/o: 102274.21/29207.99/14596.64) lat (ms,95%): 95.81 err/s: 0.10 reconn/s: 0.00
[ 370s ] thds: 400 tps: 6901.46 qps: 138012.21 (r/w/o: 96635.45/27573.34/13803.42) lat (ms,95%): 106.75 err/s: 0.00 reconn/s: 0.00
[ 380s ] thds: 400 tps: 8739.17 qps: 174901.60 (r/w/o: 122423.48/34999.78/17478.34) lat (ms,95%): 78.60 err/s: 0.00 reconn/s: 0.00
[ 390s ] thds: 400 tps: 8524.83 qps: 170269.96 (r/w/o: 119158.56/34064.83/17046.57) lat (ms,95%): 89.16 err/s: 0.00 reconn/s: 0.00
[ 400s ] thds: 400 tps: 8134.10 qps: 162680.67 (r/w/o: 113845.68/32563.49/16271.50) lat (ms,95%): 104.84 err/s: 0.00 reconn/s: 0.00
[ 410s ] thds: 400 tps: 7585.10 qps: 151595.48 (r/w/o: 106133.69/30291.70/15170.10) lat (ms,95%): 101.13 err/s: 0.00 reconn/s: 0.00
[ 420s ] thds: 400 tps: 8401.04 qps: 168147.27 (r/w/o: 117724.24/33622.75/16800.28) lat (ms,95%): 92.42 err/s: 0.00 reconn/s: 0.00
[ 430s ] thds: 400 tps: 9627.43 qps: 192732.49 (r/w/o: 134934.99/38540.34/19257.17) lat (ms,95%): 56.84 err/s: 0.00 reconn/s: 0.00
[ 440s ] thds: 400 tps: 9140.43 qps: 182736.27 (r/w/o: 127881.57/36573.63/18281.07) lat (ms,95%): 74.46 err/s: 0.10 reconn/s: 0.00
[ 450s ] thds: 400 tps: 9628.03 qps: 192662.55 (r/w/o: 134881.19/38524.91/19256.46) lat (ms,95%): 56.84 err/s: 0.10 reconn/s: 0.00
[ 460s ] thds: 400 tps: 8833.26 qps: 176585.34 (r/w/o: 123610.00/35308.83/17666.51) lat (ms,95%): 81.48 err/s: 0.00 reconn/s: 0.00
[ 470s ] thds: 400 tps: 7198.70 qps: 144104.53 (r/w/o: 100860.85/28846.29/14397.39) lat (ms,95%): 101.13 err/s: 0.00 reconn/s: 0.00
[ 480s ] thds: 400 tps: 7403.19 qps: 147945.34 (r/w/o: 103570.12/29569.45/14805.77) lat (ms,95%): 95.81 err/s: 0.00 reconn/s: 0.00
[ 490s ] thds: 400 tps: 7745.71 qps: 154927.81 (r/w/o: 108484.78/30951.42/15491.61) lat (ms,95%): 90.78 err/s: 0.00 reconn/s: 0.00
[ 500s ] thds: 400 tps: 9435.64 qps: 188586.10 (r/w/o: 131995.46/37719.06/18871.58) lat (ms,95%): 57.87 err/s: 0.00 reconn/s: 0.00
[ 510s ] thds: 400 tps: 9417.18 qps: 188415.09 (r/w/o: 131893.38/37687.14/18834.57) lat (ms,95%): 58.92 err/s: 0.00 reconn/s: 0.00
[ 520s ] thds: 400 tps: 9098.98 qps: 182060.11 (r/w/o: 127451.53/36410.32/18198.26) lat (ms,95%): 71.83 err/s: 0.10 reconn/s: 0.00
[ 530s ] thds: 400 tps: 9392.10 qps: 187545.56 (r/w/o: 131222.84/37541.11/18781.61) lat (ms,95%): 61.08 err/s: 0.00 reconn/s: 0.00
[ 540s ] thds: 400 tps: 9429.31 qps: 188734.58 (r/w/o: 132132.55/37741.92/18860.11) lat (ms,95%): 59.99 err/s: 0.10 reconn/s: 0.00
[ 550s ] thds: 400 tps: 9174.93 qps: 183391.53 (r/w/o: 128329.56/36711.71/18350.26) lat (ms,95%): 73.13 err/s: 0.00 reconn/s: 0.00
[ 560s ] thds: 400 tps: 9427.73 qps: 188870.03 (r/w/o: 132265.34/37748.43/18856.26) lat (ms,95%): 57.87 err/s: 0.00 reconn/s: 0.00
[ 570s ] thds: 400 tps: 8898.38 qps: 177718.94 (r/w/o: 124412.28/35509.51/17797.15) lat (ms,95%): 77.19 err/s: 0.00 reconn/s: 0.00
[ 580s ] thds: 400 tps: 7104.60 qps: 142339.61 (r/w/o: 99630.81/28499.60/14209.20) lat (ms,95%): 102.97 err/s: 0.00 reconn/s: 0.00
[ 590s ] thds: 400 tps: 7361.61 qps: 147220.69 (r/w/o: 103040.74/29456.74/14723.22) lat (ms,95%): 95.81 err/s: 0.00 reconn/s: 0.00
[ 600s ] thds: 400 tps: 7524.39 qps: 150472.74 (r/w/o: 105320.02/30108.05/15044.67) lat (ms,95%): 94.10 err/s: 0.00 reconn/s: 0.00
[ 610s ] thds: 400 tps: 9222.11 qps: 184514.47 (r/w/o: 129167.92/36898.03/18448.52) lat (ms,95%): 64.47 err/s: 0.00 reconn/s: 0.00
[ 620s ] thds: 400 tps: 9612.90 qps: 191858.44 (r/w/o: 134283.86/38349.79/19224.79) lat (ms,95%): 56.84 err/s: 0.00 reconn/s: 0.00
[ 630s ] thds: 400 tps: 9207.02 qps: 184437.93 (r/w/o: 129160.00/36862.79/18415.15) lat (ms,95%): 69.29 err/s: 0.00 reconn/s: 0.00
[ 640s ] thds: 400 tps: 9377.22 qps: 187563.83 (r/w/o: 131263.70/37545.49/18754.64) lat (ms,95%): 62.19 err/s: 0.00 reconn/s: 0.00
[ 650s ] thds: 400 tps: 9513.93 qps: 190150.68 (r/w/o: 133135.51/37987.21/19027.96) lat (ms,95%): 57.87 err/s: 0.10 reconn/s: 0.00
[ 660s ] thds: 400 tps: 9188.25 qps: 183877.91 (r/w/o: 128706.94/36794.18/18376.79) lat (ms,95%): 70.55 err/s: 0.10 reconn/s: 0.00
[ 670s ] thds: 400 tps: 9631.35 qps: 192528.46 (r/w/o: 134788.68/38478.09/19261.70) lat (ms,95%): 54.83 err/s: 0.00 reconn/s: 0.00
[ 680s ] thds: 400 tps: 8921.60 qps: 178322.89 (r/w/o: 124787.26/35694.62/17841.01) lat (ms,95%): 80.03 err/s: 0.00 reconn/s: 0.00
[ 690s ] thds: 400 tps: 7483.43 qps: 149599.68 (r/w/o: 104697.78/29931.83/14970.07) lat (ms,95%): 97.55 err/s: 0.00 reconn/s: 0.00
[ 700s ] thds: 400 tps: 7252.34 qps: 145346.72 (r/w/o: 101782.81/29059.04/14504.87) lat (ms,95%): 97.55 err/s: 0.00 reconn/s: 0.00
[ 710s ] thds: 400 tps: 7429.78 qps: 148253.47 (r/w/o: 103712.20/29689.61/14851.66) lat (ms,95%): 92.42 err/s: 0.00 reconn/s: 0.00
[ 720s ] thds: 400 tps: 8612.13 qps: 172285.46 (r/w/o: 120620.36/34438.73/17226.37) lat (ms,95%): 75.82 err/s: 0.10 reconn/s: 0.00
[ 730s ] thds: 400 tps: 9444.22 qps: 189145.39 (r/w/o: 132471.45/37779.40/18894.55) lat (ms,95%): 58.92 err/s: 0.00 reconn/s: 0.00
[ 740s ] thds: 400 tps: 9102.41 qps: 181827.60 (r/w/o: 127194.97/36432.32/18200.31) lat (ms,95%): 70.55 err/s: 0.00 reconn/s: 0.00
[ 750s ] thds: 400 tps: 9370.60 qps: 187331.27 (r/w/o: 131152.45/37433.11/18745.71) lat (ms,95%): 62.19 err/s: 0.00 reconn/s: 0.00
[ 760s ] thds: 400 tps: 9515.51 qps: 190635.53 (r/w/o: 133440.39/38166.02/19029.11) lat (ms,95%): 58.92 err/s: 0.00 reconn/s: 0.00
[ 770s ] thds: 400 tps: 8986.66 qps: 179742.28 (r/w/o: 125882.13/35884.53/17975.62) lat (ms,95%): 78.60 err/s: 0.10 reconn/s: 0.00
[ 780s ] thds: 400 tps: 9007.97 qps: 179863.49 (r/w/o: 125850.35/35999.59/18013.54) lat (ms,95%): 81.48 err/s: 0.00 reconn/s: 0.00
[ 790s ] thds: 400 tps: 7954.26 qps: 159350.14 (r/w/o: 111569.54/31870.27/15910.33) lat (ms,95%): 95.81 err/s: 0.10 reconn/s: 0.00
[ 800s ] thds: 400 tps: 7203.29 qps: 143940.22 (r/w/o: 100763.61/28769.15/14407.47) lat (ms,95%): 101.13 err/s: 0.00 reconn/s: 0.00
[ 810s ] thds: 400 tps: 7661.16 qps: 153230.23 (r/w/o: 107230.79/30681.43/15318.01) lat (ms,95%): 99.33 err/s: 0.00 reconn/s: 0.00
[ 820s ] thds: 400 tps: 7541.77 qps: 150974.45 (r/w/o: 105735.31/30151.19/15087.95) lat (ms,95%): 99.33 err/s: 0.10 reconn/s: 0.00
[ 830s ] thds: 400 tps: 7646.00 qps: 152926.53 (r/w/o: 107024.85/30610.69/15290.99) lat (ms,95%): 95.81 err/s: 0.00 reconn/s: 0.00
[ 840s ] thds: 400 tps: 7592.51 qps: 151834.62 (r/w/o: 106278.36/30370.44/15185.82) lat (ms,95%): 101.13 err/s: 0.00 reconn/s: 0.00
SQL statistics:
    queries performed:
        read:                            101158442
        write:                           28902330
        other:                           14451252
        total:                           144512024
    transactions:                        7225585 (8595.17 per sec.)
    queries:                             144512024 (171903.82 per sec.)
    ignored errors:                      18     (0.02 per sec.)
    reconnects:                          0      (0.00 per sec.)

General statistics:
    total time:                          840.6553s
    total number of events:              7225585

Latency (ms):
         min:                                   19.82
         avg:                                   46.50
         max:                                  737.52
         95th percentile:                       86.00
         sum:                            336020575.07

Threads fairness:
    events (avg/stddev):           18063.9625/405.19
    execution time (avg/stddev):   840.0514/0.06

