sysbench 1.0.20-ebf1c90 (using bundled LuaJIT 2.1.0-beta2)

Running the test with following options:
Number of threads: 400
Report intermediate results every 10 second(s)
Initializing random number generator from current time


Initializing worker threads...

Threads started!

[ 10s ] thds: 400 tps: 5563.37 qps: 111825.06 (r/w/o: 78338.24/22325.38/11161.44) lat (ms,95%): 211.60 err/s: 0.00 reconn/s: 0.00
[ 20s ] thds: 400 tps: 7801.25 qps: 155873.17 (r/w/o: 109103.95/31161.41/15607.81) lat (ms,95%): 167.44 err/s: 0.00 reconn/s: 0.00
[ 30s ] thds: 400 tps: 8463.60 qps: 169302.31 (r/w/o: 118516.01/33860.90/16925.40) lat (ms,95%): 121.08 err/s: 0.00 reconn/s: 0.00
[ 40s ] thds: 400 tps: 8858.18 qps: 177333.32 (r/w/o: 124170.46/35444.50/17718.35) lat (ms,95%): 74.46 err/s: 0.00 reconn/s: 0.00
[ 50s ] thds: 400 tps: 9144.48 qps: 182778.16 (r/w/o: 127896.29/36596.81/18285.06) lat (ms,95%): 68.05 err/s: 0.00 reconn/s: 0.00
[ 60s ] thds: 400 tps: 9346.80 qps: 186711.69 (r/w/o: 130684.36/37333.62/18693.71) lat (ms,95%): 61.08 err/s: 0.00 reconn/s: 0.00
[ 70s ] thds: 400 tps: 9321.74 qps: 186770.39 (r/w/o: 130799.25/37323.66/18647.48) lat (ms,95%): 61.08 err/s: 0.00 reconn/s: 0.00
[ 80s ] thds: 400 tps: 9269.36 qps: 185114.89 (r/w/o: 129515.51/37060.76/18538.63) lat (ms,95%): 69.29 err/s: 0.00 reconn/s: 0.00
[ 90s ] thds: 400 tps: 9415.83 qps: 188455.96 (r/w/o: 131931.19/37692.81/18831.96) lat (ms,95%): 61.08 err/s: 0.00 reconn/s: 0.00
[ 100s ] thds: 400 tps: 9601.40 qps: 192049.63 (r/w/o: 134497.15/38349.49/19202.99) lat (ms,95%): 55.82 err/s: 0.10 reconn/s: 0.00
[ 110s ] thds: 400 tps: 8904.99 qps: 178147.26 (r/w/o: 124668.30/35668.97/17809.99) lat (ms,95%): 86.00 err/s: 0.00 reconn/s: 0.00
[ 120s ] thds: 400 tps: 7194.56 qps: 143758.23 (r/w/o: 100623.86/28745.75/14388.62) lat (ms,95%): 116.80 err/s: 0.00 reconn/s: 0.00
[ 130s ] thds: 400 tps: 5726.50 qps: 114789.92 (r/w/o: 80359.64/22976.58/11453.69) lat (ms,95%): 139.85 err/s: 0.10 reconn/s: 0.00
[ 140s ] thds: 400 tps: 7345.03 qps: 146773.72 (r/w/o: 102786.86/29296.40/14690.45) lat (ms,95%): 110.66 err/s: 0.20 reconn/s: 0.00
[ 150s ] thds: 400 tps: 9145.40 qps: 182886.00 (r/w/o: 128011.63/36583.38/18290.99) lat (ms,95%): 64.47 err/s: 0.10 reconn/s: 0.00
[ 160s ] thds: 400 tps: 9130.67 qps: 182615.39 (r/w/o: 127798.14/36559.90/18257.35) lat (ms,95%): 70.55 err/s: 0.00 reconn/s: 0.00
[ 170s ] thds: 400 tps: 9500.58 qps: 189821.27 (r/w/o: 132832.80/37985.41/19003.06) lat (ms,95%): 58.92 err/s: 0.20 reconn/s: 0.00
[ 180s ] thds: 400 tps: 9574.87 qps: 191745.25 (r/w/o: 134240.85/38352.17/19152.24) lat (ms,95%): 59.99 err/s: 0.00 reconn/s: 0.00
[ 190s ] thds: 400 tps: 9167.88 qps: 183101.97 (r/w/o: 128140.77/36625.43/18335.77) lat (ms,95%): 71.83 err/s: 0.00 reconn/s: 0.00
[ 200s ] thds: 400 tps: 9544.50 qps: 190946.19 (r/w/o: 133706.99/38149.80/19089.40) lat (ms,95%): 56.84 err/s: 0.10 reconn/s: 0.00
[ 210s ] thds: 400 tps: 9460.21 qps: 189540.13 (r/w/o: 132661.46/37958.35/18920.32) lat (ms,95%): 57.87 err/s: 0.00 reconn/s: 0.00
[ 220s ] thds: 400 tps: 9341.70 qps: 186742.01 (r/w/o: 130750.61/37307.80/18683.60) lat (ms,95%): 68.05 err/s: 0.00 reconn/s: 0.00
[ 230s ] thds: 400 tps: 9426.99 qps: 188446.97 (r/w/o: 131907.04/37686.05/18853.88) lat (ms,95%): 63.32 err/s: 0.00 reconn/s: 0.00
[ 240s ] thds: 400 tps: 7197.10 qps: 144099.85 (r/w/o: 100863.67/28841.79/14394.40) lat (ms,95%): 102.97 err/s: 0.00 reconn/s: 0.00
[ 250s ] thds: 400 tps: 6549.11 qps: 131049.79 (r/w/o: 91705.53/26246.04/13098.22) lat (ms,95%): 114.72 err/s: 0.00 reconn/s: 0.00
[ 260s ] thds: 400 tps: 8365.69 qps: 166912.82 (r/w/o: 116829.18/33352.16/16731.48) lat (ms,95%): 87.56 err/s: 0.00 reconn/s: 0.00
[ 270s ] thds: 400 tps: 9293.91 qps: 185938.03 (r/w/o: 130207.89/37142.13/18588.01) lat (ms,95%): 65.65 err/s: 0.10 reconn/s: 0.00
[ 280s ] thds: 400 tps: 9427.60 qps: 188573.27 (r/w/o: 131997.98/37724.69/18850.60) lat (ms,95%): 58.92 err/s: 0.00 reconn/s: 0.00
[ 290s ] thds: 400 tps: 9584.12 qps: 191651.19 (r/w/o: 134115.84/38366.00/19169.35) lat (ms,95%): 55.82 err/s: 0.00 reconn/s: 0.00
[ 300s ] thds: 400 tps: 9351.79 qps: 187304.18 (r/w/o: 131112.44/37487.36/18704.38) lat (ms,95%): 63.32 err/s: 0.10 reconn/s: 0.00
[ 310s ] thds: 400 tps: 9478.97 qps: 189345.37 (r/w/o: 132576.73/37807.59/18961.05) lat (ms,95%): 62.19 err/s: 0.00 reconn/s: 0.00
[ 320s ] thds: 400 tps: 9628.92 qps: 192663.11 (r/w/o: 134864.31/38546.66/19252.13) lat (ms,95%): 55.82 err/s: 0.00 reconn/s: 0.00
[ 330s ] thds: 400 tps: 8921.09 qps: 178503.06 (r/w/o: 124936.93/35718.25/17847.88) lat (ms,95%): 84.47 err/s: 0.00 reconn/s: 0.00
[ 340s ] thds: 400 tps: 9538.92 qps: 190578.75 (r/w/o: 133427.22/38074.49/19077.05) lat (ms,95%): 55.82 err/s: 0.00 reconn/s: 0.00
[ 350s ] thds: 400 tps: 7250.49 qps: 144981.25 (r/w/o: 101442.99/29038.47/14499.78) lat (ms,95%): 102.97 err/s: 0.00 reconn/s: 0.00
[ 360s ] thds: 400 tps: 7310.89 qps: 146264.23 (r/w/o: 102404.41/29236.15/14623.67) lat (ms,95%): 95.81 err/s: 0.00 reconn/s: 0.00
[ 370s ] thds: 400 tps: 6928.88 qps: 138511.34 (r/w/o: 96968.88/27684.61/13857.85) lat (ms,95%): 104.84 err/s: 0.00 reconn/s: 0.00
[ 380s ] thds: 400 tps: 8754.97 qps: 175254.05 (r/w/o: 122704.65/35039.27/17510.13) lat (ms,95%): 78.60 err/s: 0.00 reconn/s: 0.00
[ 390s ] thds: 400 tps: 8498.76 qps: 169701.77 (r/w/o: 118726.02/33981.03/16994.72) lat (ms,95%): 89.16 err/s: 0.00 reconn/s: 0.00
[ 400s ] thds: 400 tps: 8134.23 qps: 163102.14 (r/w/o: 114210.75/32619.83/16271.56) lat (ms,95%): 102.97 err/s: 0.00 reconn/s: 0.00
[ 410s ] thds: 400 tps: 7596.97 qps: 151702.83 (r/w/o: 106153.03/30362.77/15187.03) lat (ms,95%): 101.13 err/s: 0.00 reconn/s: 0.00
[ 420s ] thds: 400 tps: 8400.60 qps: 168002.10 (r/w/o: 117631.50/33562.30/16808.30) lat (ms,95%): 92.42 err/s: 0.00 reconn/s: 0.00
[ 430s ] thds: 400 tps: 9643.07 qps: 193011.93 (r/w/o: 135155.50/38570.29/19286.14) lat (ms,95%): 56.84 err/s: 0.00 reconn/s: 0.00
[ 440s ] thds: 400 tps: 9131.53 qps: 182597.85 (r/w/o: 127778.79/36561.41/18257.66) lat (ms,95%): 74.46 err/s: 0.00 reconn/s: 0.00
[ 450s ] thds: 400 tps: 9599.50 qps: 191963.12 (r/w/o: 134372.34/38386.18/19204.59) lat (ms,95%): 56.84 err/s: 0.10 reconn/s: 0.00
[ 460s ] thds: 400 tps: 8824.00 qps: 176469.70 (r/w/o: 123534.20/35287.60/17647.90) lat (ms,95%): 81.48 err/s: 0.00 reconn/s: 0.00
[ 470s ] thds: 400 tps: 7215.00 qps: 144411.14 (r/w/o: 101098.03/28883.41/14429.70) lat (ms,95%): 101.13 err/s: 0.00 reconn/s: 0.00
[ 480s ] thds: 400 tps: 7429.80 qps: 148494.67 (r/w/o: 103923.48/29713.19/14858.00) lat (ms,95%): 95.81 err/s: 0.10 reconn/s: 0.00
[ 490s ] thds: 400 tps: 7772.81 qps: 155418.40 (r/w/o: 108834.21/31036.26/15547.93) lat (ms,95%): 89.16 err/s: 0.00 reconn/s: 0.00
[ 500s ] thds: 400 tps: 9406.03 qps: 188051.11 (r/w/o: 131590.16/37649.10/18811.85) lat (ms,95%): 57.87 err/s: 0.00 reconn/s: 0.00
[ 510s ] thds: 400 tps: 9415.81 qps: 188362.09 (r/w/o: 131863.43/37666.84/18831.82) lat (ms,95%): 58.92 err/s: 0.00 reconn/s: 0.00
[ 520s ] thds: 400 tps: 9135.90 qps: 182742.27 (r/w/o: 127954.38/36516.09/18271.80) lat (ms,95%): 71.83 err/s: 0.00 reconn/s: 0.00
[ 530s ] thds: 400 tps: 9414.70 qps: 188333.83 (r/w/o: 131776.75/37727.89/18829.19) lat (ms,95%): 61.08 err/s: 0.00 reconn/s: 0.00
[ 540s ] thds: 400 tps: 9408.24 qps: 188159.71 (r/w/o: 131736.96/37608.76/18813.98) lat (ms,95%): 59.99 err/s: 0.00 reconn/s: 0.00
[ 550s ] thds: 400 tps: 9134.34 qps: 182908.17 (r/w/o: 128038.41/36598.47/18271.29) lat (ms,95%): 73.13 err/s: 0.00 reconn/s: 0.00
[ 560s ] thds: 400 tps: 9418.98 qps: 188190.70 (r/w/o: 131766.32/37587.72/18836.66) lat (ms,95%): 57.87 err/s: 0.00 reconn/s: 0.00
[ 570s ] thds: 400 tps: 8934.10 qps: 178375.97 (r/w/o: 124788.75/35717.81/17869.41) lat (ms,95%): 75.82 err/s: 0.00 reconn/s: 0.00
[ 580s ] thds: 400 tps: 7132.78 qps: 142974.68 (r/w/o: 100145.38/28563.94/14265.37) lat (ms,95%): 102.97 err/s: 0.00 reconn/s: 0.00
[ 590s ] thds: 400 tps: 7354.23 qps: 147158.82 (r/w/o: 103014.17/29435.80/14708.85) lat (ms,95%): 95.81 err/s: 0.00 reconn/s: 0.00
[ 600s ] thds: 400 tps: 7544.21 qps: 150920.80 (r/w/o: 105616.57/30215.72/15088.51) lat (ms,95%): 94.10 err/s: 0.10 reconn/s: 0.00
[ 610s ] thds: 400 tps: 9220.21 qps: 184352.97 (r/w/o: 129076.09/36836.15/18440.73) lat (ms,95%): 63.32 err/s: 0.00 reconn/s: 0.00
[ 620s ] thds: 400 tps: 9578.48 qps: 191376.12 (r/w/o: 133906.37/38321.40/19148.35) lat (ms,95%): 56.84 err/s: 0.00 reconn/s: 0.00
[ 630s ] thds: 400 tps: 9235.01 qps: 184788.62 (r/w/o: 129411.28/36898.62/18478.71) lat (ms,95%): 69.29 err/s: 0.00 reconn/s: 0.00
[ 640s ] thds: 400 tps: 9403.80 qps: 188225.39 (r/w/o: 131756.69/37660.90/18807.80) lat (ms,95%): 62.19 err/s: 0.10 reconn/s: 0.00
[ 650s ] thds: 400 tps: 9523.62 qps: 190195.09 (r/w/o: 133096.77/38051.18/19047.14) lat (ms,95%): 57.87 err/s: 0.00 reconn/s: 0.00
[ 660s ] thds: 400 tps: 9103.28 qps: 182164.69 (r/w/o: 127540.88/36416.94/18206.87) lat (ms,95%): 70.55 err/s: 0.10 reconn/s: 0.00
[ 670s ] thds: 400 tps: 9658.30 qps: 193117.66 (r/w/o: 135178.37/38622.69/19316.60) lat (ms,95%): 54.83 err/s: 0.00 reconn/s: 0.00
[ 680s ] thds: 400 tps: 8949.80 qps: 178975.19 (r/w/o: 125258.99/35820.10/17896.10) lat (ms,95%): 80.03 err/s: 0.10 reconn/s: 0.00
[ 690s ] thds: 400 tps: 7486.70 qps: 149924.06 (r/w/o: 104954.27/29992.59/14977.20) lat (ms,95%): 97.55 err/s: 0.00 reconn/s: 0.00
[ 700s ] thds: 400 tps: 7251.71 qps: 145063.06 (r/w/o: 101563.11/28996.53/14503.42) lat (ms,95%): 97.55 err/s: 0.00 reconn/s: 0.00
[ 710s ] thds: 400 tps: 7399.70 qps: 148071.42 (r/w/o: 103649.11/29622.90/14799.40) lat (ms,95%): 92.42 err/s: 0.00 reconn/s: 0.00
[ 720s ] thds: 400 tps: 8620.51 qps: 172197.62 (r/w/o: 120501.18/34459.92/17236.51) lat (ms,95%): 75.82 err/s: 0.00 reconn/s: 0.00
[ 730s ] thds: 400 tps: 9477.31 qps: 189576.97 (r/w/o: 132773.09/37844.75/18959.13) lat (ms,95%): 59.99 err/s: 0.00 reconn/s: 0.00
[ 740s ] thds: 400 tps: 9062.40 qps: 181426.44 (r/w/o: 126954.32/36347.31/18124.80) lat (ms,95%): 70.55 err/s: 0.00 reconn/s: 0.00
[ 750s ] thds: 400 tps: 9439.04 qps: 188272.77 (r/w/o: 131726.91/37667.87/18877.99) lat (ms,95%): 62.19 err/s: 0.10 reconn/s: 0.00
[ 760s ] thds: 400 tps: 9516.94 qps: 190852.93 (r/w/o: 133656.18/38162.37/19034.38) lat (ms,95%): 57.87 err/s: 0.00 reconn/s: 0.00
[ 770s ] thds: 400 tps: 9027.80 qps: 180412.09 (r/w/o: 126338.40/36018.00/18055.70) lat (ms,95%): 78.60 err/s: 0.00 reconn/s: 0.00
[ 780s ] thds: 400 tps: 8969.07 qps: 179400.57 (r/w/o: 125518.86/35943.47/17938.24) lat (ms,95%): 81.48 err/s: 0.00 reconn/s: 0.00
[ 790s ] thds: 400 tps: 8041.15 qps: 160799.29 (r/w/o: 112590.29/32128.10/16080.90) lat (ms,95%): 94.10 err/s: 0.00 reconn/s: 0.00
[ 800s ] thds: 400 tps: 7195.20 qps: 143680.04 (r/w/o: 100525.73/28764.61/14389.70) lat (ms,95%): 101.13 err/s: 0.10 reconn/s: 0.00
[ 810s ] thds: 400 tps: 7680.08 qps: 153743.52 (r/w/o: 107635.16/30751.10/15357.25) lat (ms,95%): 99.33 err/s: 0.00 reconn/s: 0.00
[ 820s ] thds: 400 tps: 7569.80 qps: 151441.20 (r/w/o: 106069.40/30226.70/15145.10) lat (ms,95%): 99.33 err/s: 0.00 reconn/s: 0.00
[ 830s ] thds: 400 tps: 7677.29 qps: 153565.62 (r/w/o: 107474.60/30738.44/15352.57) lat (ms,95%): 95.81 err/s: 0.00 reconn/s: 0.00
[ 840s ] thds: 400 tps: 7583.12 qps: 151700.67 (r/w/o: 106207.26/30325.17/15168.24) lat (ms,95%): 101.13 err/s: 0.00 reconn/s: 0.00
SQL statistics:
    queries performed:
        read:                            101232726
        write:                           28923568
        other:                           14461850
        total:                           144618144
    transactions:                        7230891 (8602.43 per sec.)
    queries:                             144618144 (172049.06 per sec.)
    ignored errors:                      18     (0.02 per sec.)
    reconnects:                          0      (0.00 per sec.)

General statistics:
    total time:                          840.5624s
    total number of events:              7230891

Latency (ms):
         min:                                   19.65
         avg:                                   46.47
         max:                                  717.50
         95th percentile:                       84.47
         sum:                            336019164.69

Threads fairness:
    events (avg/stddev):           18077.2275/406.83
    execution time (avg/stddev):   840.0479/0.06

