sysbench 1.0.20-ebf1c90 (using bundled LuaJIT 2.1.0-beta2)

Running the test with following options:
Number of threads: 400
Report intermediate results every 10 second(s)
Initializing random number generator from current time


Initializing worker threads...

Threads started!

[ 10s ] thds: 400 tps: 5590.49 qps: 112297.73 (r/w/o: 78656.70/22428.15/11212.88) lat (ms,95%): 211.60 err/s: 0.00 reconn/s: 0.00
[ 20s ] thds: 400 tps: 7765.82 qps: 155185.60 (r/w/o: 108630.51/31015.36/15539.73) lat (ms,95%): 167.44 err/s: 0.00 reconn/s: 0.00
[ 30s ] thds: 400 tps: 8448.33 qps: 169060.67 (r/w/o: 118361.07/33802.93/16896.67) lat (ms,95%): 123.28 err/s: 0.00 reconn/s: 0.00
[ 40s ] thds: 400 tps: 8906.37 qps: 178275.12 (r/w/o: 124826.69/35635.38/17813.04) lat (ms,95%): 74.46 err/s: 0.00 reconn/s: 0.00
[ 50s ] thds: 400 tps: 9148.96 qps: 182983.05 (r/w/o: 128053.80/36631.13/18298.11) lat (ms,95%): 68.05 err/s: 0.10 reconn/s: 0.00
[ 60s ] thds: 400 tps: 9292.04 qps: 185592.15 (r/w/o: 129894.49/37120.77/18576.88) lat (ms,95%): 61.08 err/s: 0.00 reconn/s: 0.00
[ 70s ] thds: 400 tps: 9380.65 qps: 187848.66 (r/w/o: 131540.57/37539.69/18768.40) lat (ms,95%): 59.99 err/s: 0.00 reconn/s: 0.00
[ 80s ] thds: 400 tps: 9279.93 qps: 185234.45 (r/w/o: 129581.05/37099.63/18553.77) lat (ms,95%): 69.29 err/s: 0.10 reconn/s: 0.00
[ 90s ] thds: 400 tps: 9375.37 qps: 187674.15 (r/w/o: 131394.72/37528.19/18751.25) lat (ms,95%): 62.19 err/s: 0.00 reconn/s: 0.00
[ 100s ] thds: 400 tps: 9581.40 qps: 191779.54 (r/w/o: 134313.33/38296.91/19169.30) lat (ms,95%): 55.82 err/s: 0.00 reconn/s: 0.00
[ 110s ] thds: 400 tps: 8936.29 qps: 178618.62 (r/w/o: 124978.71/35773.64/17866.27) lat (ms,95%): 84.47 err/s: 0.00 reconn/s: 0.00
[ 120s ] thds: 400 tps: 7152.74 qps: 142971.19 (r/w/o: 100096.82/28563.38/14310.99) lat (ms,95%): 116.80 err/s: 0.10 reconn/s: 0.00
[ 130s ] thds: 400 tps: 5711.89 qps: 114379.32 (r/w/o: 80047.30/22909.54/11422.47) lat (ms,95%): 142.39 err/s: 0.00 reconn/s: 0.00
[ 140s ] thds: 400 tps: 7304.18 qps: 146211.26 (r/w/o: 102376.89/29223.61/14610.76) lat (ms,95%): 112.67 err/s: 0.00 reconn/s: 0.00
[ 150s ] thds: 400 tps: 9205.35 qps: 184004.45 (r/w/o: 128820.56/36773.09/18410.79) lat (ms,95%): 63.32 err/s: 0.00 reconn/s: 0.00
[ 160s ] thds: 400 tps: 9183.26 qps: 183537.72 (r/w/o: 128426.26/36744.85/18366.62) lat (ms,95%): 69.29 err/s: 0.00 reconn/s: 0.00
[ 170s ] thds: 400 tps: 9439.23 qps: 188619.60 (r/w/o: 132015.92/37730.72/18872.96) lat (ms,95%): 58.92 err/s: 0.00 reconn/s: 0.00
[ 180s ] thds: 400 tps: 9517.48 qps: 190831.71 (r/w/o: 133602.33/38188.82/19040.56) lat (ms,95%): 61.08 err/s: 0.10 reconn/s: 0.00
[ 190s ] thds: 400 tps: 9190.24 qps: 183423.41 (r/w/o: 128369.30/36679.24/18374.87) lat (ms,95%): 71.83 err/s: 0.00 reconn/s: 0.00
[ 200s ] thds: 400 tps: 9533.23 qps: 190700.76 (r/w/o: 133524.99/38103.51/19072.26) lat (ms,95%): 56.84 err/s: 0.00 reconn/s: 0.00
[ 210s ] thds: 400 tps: 9413.36 qps: 188559.06 (r/w/o: 132004.71/37727.43/18826.92) lat (ms,95%): 61.08 err/s: 0.00 reconn/s: 0.00
[ 220s ] thds: 400 tps: 9375.18 qps: 187433.94 (r/w/o: 131206.08/37477.11/18750.75) lat (ms,95%): 65.65 err/s: 0.20 reconn/s: 0.00
[ 230s ] thds: 400 tps: 9398.10 qps: 187894.73 (r/w/o: 131524.12/37575.41/18795.20) lat (ms,95%): 63.32 err/s: 0.00 reconn/s: 0.00
[ 240s ] thds: 400 tps: 7152.21 qps: 143155.68 (r/w/o: 100203.03/28647.24/14305.42) lat (ms,95%): 106.75 err/s: 0.00 reconn/s: 0.00
[ 250s ] thds: 400 tps: 6548.70 qps: 130774.19 (r/w/o: 91548.39/26130.40/13095.40) lat (ms,95%): 114.72 err/s: 0.00 reconn/s: 0.00
[ 260s ] thds: 400 tps: 8351.67 qps: 166986.07 (r/w/o: 116865.33/33415.10/16705.65) lat (ms,95%): 89.16 err/s: 0.00 reconn/s: 0.00
[ 270s ] thds: 400 tps: 9265.62 qps: 185444.44 (r/w/o: 129851.04/37062.17/18531.23) lat (ms,95%): 65.65 err/s: 0.00 reconn/s: 0.00
[ 280s ] thds: 400 tps: 9365.79 qps: 187326.38 (r/w/o: 131118.01/37476.68/18731.69) lat (ms,95%): 59.99 err/s: 0.00 reconn/s: 0.00
[ 290s ] thds: 400 tps: 9549.80 qps: 191058.52 (r/w/o: 133720.81/38239.50/19098.20) lat (ms,95%): 55.82 err/s: 0.00 reconn/s: 0.00
[ 300s ] thds: 400 tps: 9349.80 qps: 186900.67 (r/w/o: 130852.35/37347.31/18701.01) lat (ms,95%): 64.47 err/s: 0.00 reconn/s: 0.00
[ 310s ] thds: 400 tps: 9510.03 qps: 190210.74 (r/w/o: 133154.78/38035.91/19020.05) lat (ms,95%): 58.92 err/s: 0.00 reconn/s: 0.00
[ 320s ] thds: 400 tps: 9588.40 qps: 191897.50 (r/w/o: 134314.03/38406.68/19176.79) lat (ms,95%): 55.82 err/s: 0.00 reconn/s: 0.00
[ 330s ] thds: 400 tps: 8914.64 qps: 177834.62 (r/w/o: 124426.71/35582.44/17825.47) lat (ms,95%): 84.47 err/s: 0.00 reconn/s: 0.00
[ 340s ] thds: 400 tps: 9456.69 qps: 189454.22 (r/w/o: 132704.61/37833.25/18916.37) lat (ms,95%): 55.82 err/s: 0.00 reconn/s: 0.00
[ 350s ] thds: 400 tps: 7211.06 qps: 144356.16 (r/w/o: 101014.28/28919.35/14422.53) lat (ms,95%): 102.97 err/s: 0.00 reconn/s: 0.00
[ 360s ] thds: 400 tps: 7311.25 qps: 146268.06 (r/w/o: 102370.75/29277.91/14619.41) lat (ms,95%): 95.81 err/s: 0.00 reconn/s: 0.00
[ 370s ] thds: 400 tps: 6918.88 qps: 138056.85 (r/w/o: 96646.08/27568.81/13841.95) lat (ms,95%): 106.75 err/s: 0.30 reconn/s: 0.00
[ 380s ] thds: 400 tps: 8732.19 qps: 174830.73 (r/w/o: 122433.38/34932.97/17464.38) lat (ms,95%): 78.60 err/s: 0.00 reconn/s: 0.00
[ 390s ] thds: 400 tps: 8460.70 qps: 169088.75 (r/w/o: 118287.27/33885.69/16915.79) lat (ms,95%): 89.16 err/s: 0.00 reconn/s: 0.00
[ 400s ] thds: 400 tps: 8100.49 qps: 162257.34 (r/w/o: 113620.22/32430.45/16206.67) lat (ms,95%): 104.84 err/s: 0.00 reconn/s: 0.00
[ 410s ] thds: 400 tps: 7548.53 qps: 150981.28 (r/w/o: 105666.07/30217.94/15097.27) lat (ms,95%): 101.13 err/s: 0.10 reconn/s: 0.00
[ 420s ] thds: 400 tps: 8392.46 qps: 167681.86 (r/w/o: 117398.51/33498.43/16784.92) lat (ms,95%): 94.10 err/s: 0.00 reconn/s: 0.00
[ 430s ] thds: 400 tps: 9641.40 qps: 192847.21 (r/w/o: 135023.53/38540.88/19282.79) lat (ms,95%): 56.84 err/s: 0.00 reconn/s: 0.00
[ 440s ] thds: 400 tps: 9132.12 qps: 182761.37 (r/w/o: 127897.56/36599.47/18264.34) lat (ms,95%): 74.46 err/s: 0.00 reconn/s: 0.00
[ 450s ] thds: 400 tps: 9629.37 qps: 192446.23 (r/w/o: 134722.53/38469.37/19254.33) lat (ms,95%): 56.84 err/s: 0.00 reconn/s: 0.00
[ 460s ] thds: 400 tps: 8819.13 qps: 176323.08 (r/w/o: 123393.91/35288.32/17640.86) lat (ms,95%): 81.48 err/s: 0.00 reconn/s: 0.00
[ 470s ] thds: 400 tps: 7207.42 qps: 144245.26 (r/w/o: 101019.22/28809.99/14416.05) lat (ms,95%): 101.13 err/s: 0.00 reconn/s: 0.00
[ 480s ] thds: 400 tps: 7411.91 qps: 148045.07 (r/w/o: 103574.79/29645.85/14824.43) lat (ms,95%): 95.81 err/s: 0.00 reconn/s: 0.00
[ 490s ] thds: 400 tps: 7730.90 qps: 154740.89 (r/w/o: 108385.39/30893.70/15461.80) lat (ms,95%): 90.78 err/s: 0.00 reconn/s: 0.00
[ 500s ] thds: 400 tps: 9399.29 qps: 187881.82 (r/w/o: 131462.18/37620.76/18798.88) lat (ms,95%): 57.87 err/s: 0.20 reconn/s: 0.00
[ 510s ] thds: 400 tps: 9460.80 qps: 189234.24 (r/w/o: 132478.26/37834.79/18921.19) lat (ms,95%): 57.87 err/s: 0.00 reconn/s: 0.00
[ 520s ] thds: 400 tps: 9086.56 qps: 181831.83 (r/w/o: 127325.19/36332.73/18173.91) lat (ms,95%): 71.83 err/s: 0.10 reconn/s: 0.00
[ 530s ] thds: 400 tps: 9381.13 qps: 187784.29 (r/w/o: 131396.78/37625.34/18762.17) lat (ms,95%): 61.08 err/s: 0.00 reconn/s: 0.00
[ 540s ] thds: 400 tps: 9409.96 qps: 188026.07 (r/w/o: 131627.72/37578.23/18820.12) lat (ms,95%): 61.08 err/s: 0.00 reconn/s: 0.00
[ 550s ] thds: 400 tps: 9132.30 qps: 182784.43 (r/w/o: 127982.92/36536.71/18264.80) lat (ms,95%): 73.13 err/s: 0.00 reconn/s: 0.00
[ 560s ] thds: 400 tps: 9481.59 qps: 189594.57 (r/w/o: 132735.21/37896.07/18963.29) lat (ms,95%): 57.87 err/s: 0.00 reconn/s: 0.00
[ 570s ] thds: 400 tps: 8911.96 qps: 178096.22 (r/w/o: 124592.05/35690.14/17814.02) lat (ms,95%): 77.19 err/s: 0.00 reconn/s: 0.00
[ 580s ] thds: 400 tps: 7148.02 qps: 143085.71 (r/w/o: 100224.82/28554.96/14305.93) lat (ms,95%): 102.97 err/s: 0.00 reconn/s: 0.00
[ 590s ] thds: 400 tps: 7345.18 qps: 146959.77 (r/w/o: 102866.67/29402.63/14690.47) lat (ms,95%): 95.81 err/s: 0.00 reconn/s: 0.00
[ 600s ] thds: 400 tps: 7485.17 qps: 149717.49 (r/w/o: 104779.74/29967.60/14970.15) lat (ms,95%): 95.81 err/s: 0.00 reconn/s: 0.00
[ 610s ] thds: 400 tps: 9218.96 qps: 184381.45 (r/w/o: 129083.41/36859.93/18438.12) lat (ms,95%): 63.32 err/s: 0.00 reconn/s: 0.00
[ 620s ] thds: 400 tps: 9564.35 qps: 191177.41 (r/w/o: 133768.04/38280.68/19128.69) lat (ms,95%): 57.87 err/s: 0.00 reconn/s: 0.00
[ 630s ] thds: 400 tps: 9246.66 qps: 185014.99 (r/w/o: 129561.61/36959.76/18493.63) lat (ms,95%): 69.29 err/s: 0.10 reconn/s: 0.00
[ 640s ] thds: 400 tps: 9401.75 qps: 188130.50 (r/w/o: 131677.97/37649.02/18803.51) lat (ms,95%): 62.19 err/s: 0.00 reconn/s: 0.00
[ 650s ] thds: 400 tps: 9539.29 qps: 190490.59 (r/w/o: 133346.72/38065.08/19078.79) lat (ms,95%): 57.87 err/s: 0.00 reconn/s: 0.00
[ 660s ] thds: 400 tps: 9133.71 qps: 182750.92 (r/w/o: 127917.45/36565.94/18267.52) lat (ms,95%): 70.55 err/s: 0.00 reconn/s: 0.00
[ 670s ] thds: 400 tps: 9588.74 qps: 191752.50 (r/w/o: 134237.93/38337.08/19177.49) lat (ms,95%): 55.82 err/s: 0.00 reconn/s: 0.00
[ 680s ] thds: 400 tps: 8913.00 qps: 178356.66 (r/w/o: 124809.64/35727.11/17819.91) lat (ms,95%): 80.03 err/s: 0.10 reconn/s: 0.00
[ 690s ] thds: 400 tps: 7520.04 qps: 150152.14 (r/w/o: 105103.02/30009.75/15039.37) lat (ms,95%): 95.81 err/s: 0.00 reconn/s: 0.00
[ 700s ] thds: 400 tps: 7216.99 qps: 144217.51 (r/w/o: 100932.10/28847.34/14438.07) lat (ms,95%): 99.33 err/s: 0.00 reconn/s: 0.00
[ 710s ] thds: 400 tps: 7372.96 qps: 147889.22 (r/w/o: 103601.15/29539.14/14748.92) lat (ms,95%): 92.42 err/s: 0.00 reconn/s: 0.00
[ 720s ] thds: 400 tps: 8586.48 qps: 171860.61 (r/w/o: 120253.73/34434.02/17172.86) lat (ms,95%): 74.46 err/s: 0.00 reconn/s: 0.00
[ 730s ] thds: 400 tps: 9422.69 qps: 188235.71 (r/w/o: 131811.27/37578.56/18845.88) lat (ms,95%): 59.99 err/s: 0.10 reconn/s: 0.00
[ 740s ] thds: 400 tps: 9038.37 qps: 180740.59 (r/w/o: 126503.27/36162.88/18074.44) lat (ms,95%): 71.83 err/s: 0.00 reconn/s: 0.00
[ 750s ] thds: 400 tps: 9403.13 qps: 188073.04 (r/w/o: 131620.65/37643.83/18808.56) lat (ms,95%): 61.08 err/s: 0.00 reconn/s: 0.00
[ 760s ] thds: 400 tps: 9560.97 qps: 191292.59 (r/w/o: 133934.44/38236.40/19121.75) lat (ms,95%): 59.99 err/s: 0.00 reconn/s: 0.00
[ 770s ] thds: 400 tps: 9021.99 qps: 180352.61 (r/w/o: 126246.40/36061.54/18044.67) lat (ms,95%): 78.60 err/s: 0.00 reconn/s: 0.00
[ 780s ] thds: 400 tps: 8945.93 qps: 179022.57 (r/w/o: 125327.27/35804.63/17890.67) lat (ms,95%): 81.48 err/s: 0.10 reconn/s: 0.00
[ 790s ] thds: 400 tps: 8020.80 qps: 160247.77 (r/w/o: 112114.48/32095.29/16038.00) lat (ms,95%): 94.10 err/s: 0.00 reconn/s: 0.00
[ 800s ] thds: 400 tps: 7161.47 qps: 143377.28 (r/w/o: 100389.36/28660.18/14327.74) lat (ms,95%): 101.13 err/s: 0.00 reconn/s: 0.00
[ 810s ] thds: 400 tps: 7646.42 qps: 152966.74 (r/w/o: 107093.84/30579.87/15293.03) lat (ms,95%): 101.13 err/s: 0.00 reconn/s: 0.00
[ 820s ] thds: 400 tps: 7535.01 qps: 150730.24 (r/w/o: 105535.40/30124.83/15070.01) lat (ms,95%): 99.33 err/s: 0.00 reconn/s: 0.00
[ 830s ] thds: 400 tps: 7638.14 qps: 152777.33 (r/w/o: 106937.38/30563.57/15276.38) lat (ms,95%): 95.81 err/s: 0.00 reconn/s: 0.00
[ 840s ] thds: 400 tps: 7517.80 qps: 150326.06 (r/w/o: 105173.10/30120.67/15032.30) lat (ms,95%): 101.13 err/s: 0.00 reconn/s: 0.00
SQL statistics:
    queries performed:
        read:                            101070480
        write:                           28877205
        other:                           14438681
        total:                           144386366
    transactions:                        7219303 (8586.95 per sec.)
    queries:                             144386366 (171739.30 per sec.)
    ignored errors:                      17     (0.02 per sec.)
    reconnects:                          0      (0.00 per sec.)

General statistics:
    total time:                          840.7289s
    total number of events:              7219303

Latency (ms):
         min:                                   19.69
         avg:                                   46.54
         max:                                  781.72
         95th percentile:                       86.00
         sum:                            336022210.97

Threads fairness:
    events (avg/stddev):           18048.2575/392.09
    execution time (avg/stddev):   840.0555/0.07

