sysbench 1.0.20-ebf1c90 (using bundled LuaJIT 2.1.0-beta2)

Running the test with following options:
Number of threads: 400
Report intermediate results every 10 second(s)
Initializing random number generator from current time


Initializing worker threads...

Threads started!

[ 10s ] thds: 400 tps: 5554.47 qps: 111517.70 (r/w/o: 78092.57/22276.18/11148.94) lat (ms,95%): 211.60 err/s: 0.00 reconn/s: 0.00
[ 20s ] thds: 400 tps: 7776.13 qps: 155508.09 (r/w/o: 108874.71/31081.22/15552.16) lat (ms,95%): 167.44 err/s: 0.00 reconn/s: 0.00
[ 30s ] thds: 400 tps: 8427.97 qps: 168537.71 (r/w/o: 117981.22/33701.56/16854.93) lat (ms,95%): 127.81 err/s: 0.00 reconn/s: 0.00
[ 40s ] thds: 400 tps: 8863.64 qps: 177561.37 (r/w/o: 124299.84/35533.05/17728.48) lat (ms,95%): 74.46 err/s: 0.00 reconn/s: 0.00
[ 50s ] thds: 400 tps: 9143.68 qps: 182804.34 (r/w/o: 127949.95/36566.63/18287.76) lat (ms,95%): 68.05 err/s: 0.20 reconn/s: 0.00
[ 60s ] thds: 400 tps: 9293.81 qps: 185684.59 (r/w/o: 129986.11/37110.86/18587.63) lat (ms,95%): 62.19 err/s: 0.00 reconn/s: 0.00
[ 70s ] thds: 400 tps: 9383.55 qps: 187968.08 (r/w/o: 131583.05/37617.72/18767.31) lat (ms,95%): 59.99 err/s: 0.10 reconn/s: 0.00
[ 80s ] thds: 400 tps: 9249.31 qps: 184611.39 (r/w/o: 129205.34/36907.44/18498.62) lat (ms,95%): 69.29 err/s: 0.00 reconn/s: 0.00
[ 90s ] thds: 400 tps: 9387.67 qps: 187756.54 (r/w/o: 131443.64/37537.57/18775.33) lat (ms,95%): 62.19 err/s: 0.00 reconn/s: 0.00
[ 100s ] thds: 400 tps: 9560.15 qps: 191430.44 (r/w/o: 134048.36/38261.59/19120.49) lat (ms,95%): 55.82 err/s: 0.10 reconn/s: 0.00
[ 110s ] thds: 400 tps: 8913.39 qps: 178120.97 (r/w/o: 124655.51/35641.07/17824.39) lat (ms,95%): 84.47 err/s: 0.00 reconn/s: 0.00
[ 120s ] thds: 400 tps: 7097.11 qps: 142045.82 (r/w/o: 99437.98/28411.42/14196.41) lat (ms,95%): 118.92 err/s: 0.00 reconn/s: 0.00
[ 130s ] thds: 400 tps: 5727.93 qps: 114764.48 (r/w/o: 80303.68/23004.74/11456.07) lat (ms,95%): 142.39 err/s: 0.00 reconn/s: 0.00
[ 140s ] thds: 400 tps: 7346.65 qps: 146738.13 (r/w/o: 102746.82/29301.81/14689.50) lat (ms,95%): 112.67 err/s: 0.10 reconn/s: 0.00
[ 150s ] thds: 400 tps: 9182.48 qps: 183654.00 (r/w/o: 128580.62/36704.42/18368.96) lat (ms,95%): 64.47 err/s: 0.00 reconn/s: 0.00
[ 160s ] thds: 400 tps: 9136.94 qps: 182656.01 (r/w/o: 127801.47/36582.06/18272.48) lat (ms,95%): 69.29 err/s: 0.00 reconn/s: 0.00
[ 170s ] thds: 400 tps: 9491.93 qps: 189699.67 (r/w/o: 132804.00/37914.11/18981.56) lat (ms,95%): 58.92 err/s: 0.00 reconn/s: 0.00
[ 180s ] thds: 400 tps: 9512.39 qps: 190293.22 (r/w/o: 133189.21/38075.54/19028.47) lat (ms,95%): 61.08 err/s: 0.00 reconn/s: 0.00
[ 190s ] thds: 400 tps: 9156.92 qps: 183070.30 (r/w/o: 128157.98/36598.88/18313.44) lat (ms,95%): 71.83 err/s: 0.00 reconn/s: 0.00
[ 200s ] thds: 400 tps: 9561.90 qps: 191437.99 (r/w/o: 134049.79/38263.70/19124.50) lat (ms,95%): 56.84 err/s: 0.00 reconn/s: 0.00
[ 210s ] thds: 400 tps: 9484.71 qps: 189538.66 (r/w/o: 132597.11/37979.13/18962.42) lat (ms,95%): 58.92 err/s: 0.00 reconn/s: 0.00
[ 220s ] thds: 400 tps: 9346.66 qps: 187043.44 (r/w/o: 130961.90/37381.13/18700.41) lat (ms,95%): 66.84 err/s: 0.30 reconn/s: 0.00
[ 230s ] thds: 400 tps: 9385.40 qps: 187875.33 (r/w/o: 131539.82/37564.11/18771.40) lat (ms,95%): 64.47 err/s: 0.00 reconn/s: 0.00
[ 240s ] thds: 400 tps: 7157.40 qps: 143021.01 (r/w/o: 100083.04/28627.98/14309.99) lat (ms,95%): 104.84 err/s: 0.00 reconn/s: 0.00
[ 250s ] thds: 400 tps: 6556.43 qps: 130906.43 (r/w/o: 91599.14/26195.83/13111.46) lat (ms,95%): 114.72 err/s: 0.00 reconn/s: 0.00
[ 260s ] thds: 400 tps: 8346.11 qps: 166975.99 (r/w/o: 116935.24/33342.74/16698.02) lat (ms,95%): 89.16 err/s: 0.00 reconn/s: 0.00
[ 270s ] thds: 400 tps: 9294.76 qps: 186085.78 (r/w/o: 130309.23/37186.34/18590.22) lat (ms,95%): 64.47 err/s: 0.10 reconn/s: 0.00
[ 280s ] thds: 400 tps: 9391.30 qps: 187830.06 (r/w/o: 131444.67/37602.59/18782.80) lat (ms,95%): 59.99 err/s: 0.00 reconn/s: 0.00
[ 290s ] thds: 400 tps: 9577.06 qps: 191444.86 (r/w/o: 133990.18/38302.85/19151.83) lat (ms,95%): 55.82 err/s: 0.00 reconn/s: 0.00
[ 300s ] thds: 400 tps: 9377.36 qps: 187328.08 (r/w/o: 131093.03/37483.14/18751.92) lat (ms,95%): 64.47 err/s: 0.00 reconn/s: 0.00
[ 310s ] thds: 400 tps: 9445.53 qps: 189190.04 (r/w/o: 132504.35/37793.03/18892.66) lat (ms,95%): 59.99 err/s: 0.00 reconn/s: 0.00
[ 320s ] thds: 400 tps: 9591.91 qps: 191845.95 (r/w/o: 134259.67/38398.35/19187.92) lat (ms,95%): 56.84 err/s: 0.10 reconn/s: 0.00
[ 330s ] thds: 400 tps: 8917.31 qps: 178248.88 (r/w/o: 124780.42/35633.84/17834.62) lat (ms,95%): 84.47 err/s: 0.00 reconn/s: 0.00
[ 340s ] thds: 400 tps: 9485.07 qps: 189772.06 (r/w/o: 132878.82/37923.29/18969.95) lat (ms,95%): 55.82 err/s: 0.00 reconn/s: 0.00
[ 350s ] thds: 400 tps: 7216.58 qps: 144263.27 (r/w/o: 100936.57/28894.53/14432.17) lat (ms,95%): 104.84 err/s: 0.00 reconn/s: 0.00
[ 360s ] thds: 400 tps: 7302.52 qps: 146195.74 (r/w/o: 102359.01/29231.19/14605.54) lat (ms,95%): 95.81 err/s: 0.00 reconn/s: 0.00
[ 370s ] thds: 400 tps: 6914.21 qps: 138224.14 (r/w/o: 96782.87/27612.25/13829.02) lat (ms,95%): 104.84 err/s: 0.00 reconn/s: 0.00
[ 380s ] thds: 400 tps: 8717.02 qps: 174449.92 (r/w/o: 122113.69/34901.88/17434.34) lat (ms,95%): 78.60 err/s: 0.00 reconn/s: 0.00
[ 390s ] thds: 400 tps: 8478.22 qps: 169378.45 (r/w/o: 118530.21/33892.49/16955.74) lat (ms,95%): 89.16 err/s: 0.00 reconn/s: 0.00
[ 400s ] thds: 400 tps: 8143.67 qps: 162828.43 (r/w/o: 113950.73/32596.37/16281.33) lat (ms,95%): 104.84 err/s: 0.00 reconn/s: 0.00
[ 410s ] thds: 400 tps: 7569.23 qps: 151286.38 (r/w/o: 105904.70/30236.52/15145.16) lat (ms,95%): 101.13 err/s: 0.00 reconn/s: 0.00
[ 420s ] thds: 400 tps: 8370.19 qps: 167608.83 (r/w/o: 117360.01/33509.35/16739.47) lat (ms,95%): 94.10 err/s: 0.00 reconn/s: 0.00
[ 430s ] thds: 400 tps: 9604.50 qps: 192229.99 (r/w/o: 134583.99/38435.00/19211.00) lat (ms,95%): 56.84 err/s: 0.20 reconn/s: 0.00
[ 440s ] thds: 400 tps: 9125.61 qps: 182438.63 (r/w/o: 127669.56/36517.65/18251.42) lat (ms,95%): 74.46 err/s: 0.10 reconn/s: 0.00
[ 450s ] thds: 400 tps: 9600.05 qps: 192099.31 (r/w/o: 134485.34/38413.88/19200.09) lat (ms,95%): 56.84 err/s: 0.00 reconn/s: 0.00
[ 460s ] thds: 400 tps: 8792.15 qps: 175760.72 (r/w/o: 123036.74/35139.58/17584.39) lat (ms,95%): 81.48 err/s: 0.00 reconn/s: 0.00
[ 470s ] thds: 400 tps: 7154.97 qps: 143217.14 (r/w/o: 100243.44/28663.67/14310.03) lat (ms,95%): 102.97 err/s: 0.00 reconn/s: 0.00
[ 480s ] thds: 400 tps: 7389.53 qps: 147701.57 (r/w/o: 103396.17/29527.23/14778.17) lat (ms,95%): 95.81 err/s: 0.00 reconn/s: 0.00
[ 490s ] thds: 400 tps: 7730.29 qps: 154595.10 (r/w/o: 108252.83/30880.78/15461.49) lat (ms,95%): 90.78 err/s: 0.10 reconn/s: 0.00
[ 500s ] thds: 400 tps: 9378.20 qps: 187439.35 (r/w/o: 131188.46/37493.99/18756.90) lat (ms,95%): 57.87 err/s: 0.10 reconn/s: 0.00
[ 510s ] thds: 400 tps: 9415.63 qps: 188374.06 (r/w/o: 131868.79/37673.71/18831.56) lat (ms,95%): 58.92 err/s: 0.10 reconn/s: 0.00
[ 520s ] thds: 400 tps: 9097.32 qps: 182020.22 (r/w/o: 127426.30/36399.08/18194.84) lat (ms,95%): 71.83 err/s: 0.00 reconn/s: 0.00
[ 530s ] thds: 400 tps: 9361.66 qps: 186992.77 (r/w/o: 130832.12/37443.43/18717.22) lat (ms,95%): 61.08 err/s: 0.00 reconn/s: 0.00
[ 540s ] thds: 400 tps: 9348.65 qps: 187093.30 (r/w/o: 130986.43/37406.28/18700.59) lat (ms,95%): 61.08 err/s: 0.20 reconn/s: 0.00
[ 550s ] thds: 400 tps: 9143.92 qps: 182774.50 (r/w/o: 127895.61/36593.96/18284.93) lat (ms,95%): 73.13 err/s: 0.00 reconn/s: 0.00
[ 560s ] thds: 400 tps: 9459.21 qps: 189496.18 (r/w/o: 132705.20/37866.46/18924.53) lat (ms,95%): 57.87 err/s: 0.00 reconn/s: 0.00
[ 570s ] thds: 400 tps: 8896.56 qps: 177653.92 (r/w/o: 124353.08/35507.42/17793.41) lat (ms,95%): 77.19 err/s: 0.00 reconn/s: 0.00
[ 580s ] thds: 400 tps: 7104.68 qps: 142350.72 (r/w/o: 99649.06/28492.30/14209.35) lat (ms,95%): 102.97 err/s: 0.00 reconn/s: 0.00
[ 590s ] thds: 400 tps: 7347.30 qps: 146947.77 (r/w/o: 102860.15/29393.21/14694.41) lat (ms,95%): 95.81 err/s: 0.00 reconn/s: 0.00
[ 600s ] thds: 400 tps: 7514.46 qps: 150349.18 (r/w/o: 105224.80/30095.16/15029.23) lat (ms,95%): 94.10 err/s: 0.00 reconn/s: 0.00
[ 610s ] thds: 400 tps: 9142.03 qps: 182849.72 (r/w/o: 128003.64/36562.02/18284.06) lat (ms,95%): 64.47 err/s: 0.00 reconn/s: 0.00
[ 620s ] thds: 400 tps: 9614.43 qps: 191886.10 (r/w/o: 134293.55/38365.40/19227.15) lat (ms,95%): 56.84 err/s: 0.10 reconn/s: 0.00
[ 630s ] thds: 400 tps: 9216.80 qps: 184626.61 (r/w/o: 129305.64/36885.48/18435.49) lat (ms,95%): 70.55 err/s: 0.00 reconn/s: 0.00
[ 640s ] thds: 400 tps: 9423.61 qps: 188475.56 (r/w/o: 131901.02/37727.33/18847.22) lat (ms,95%): 62.19 err/s: 0.00 reconn/s: 0.00
[ 650s ] thds: 400 tps: 9508.80 qps: 190056.95 (r/w/o: 133061.36/37977.99/19017.59) lat (ms,95%): 58.92 err/s: 0.00 reconn/s: 0.00
[ 660s ] thds: 400 tps: 9102.20 qps: 182171.81 (r/w/o: 127513.84/36453.48/18204.49) lat (ms,95%): 70.55 err/s: 0.00 reconn/s: 0.00
[ 670s ] thds: 400 tps: 9647.30 qps: 192853.83 (r/w/o: 135015.52/38543.61/19294.70) lat (ms,95%): 54.83 err/s: 0.10 reconn/s: 0.00
[ 680s ] thds: 400 tps: 8939.60 qps: 178679.07 (r/w/o: 125036.88/35765.79/17876.40) lat (ms,95%): 80.03 err/s: 0.00 reconn/s: 0.00
[ 690s ] thds: 400 tps: 7492.60 qps: 149778.87 (r/w/o: 104828.18/29968.19/14982.50) lat (ms,95%): 97.55 err/s: 0.10 reconn/s: 0.00
[ 700s ] thds: 400 tps: 7191.04 qps: 144125.29 (r/w/o: 100925.95/28811.36/14387.98) lat (ms,95%): 99.33 err/s: 0.00 reconn/s: 0.00
[ 710s ] thds: 400 tps: 7392.67 qps: 147629.10 (r/w/o: 103283.11/29573.16/14772.83) lat (ms,95%): 92.42 err/s: 0.10 reconn/s: 0.00
[ 720s ] thds: 400 tps: 8587.21 qps: 171668.57 (r/w/o: 120180.22/34305.83/17182.52) lat (ms,95%): 75.82 err/s: 0.00 reconn/s: 0.00
[ 730s ] thds: 400 tps: 9427.17 qps: 188793.87 (r/w/o: 132229.76/37705.18/18858.94) lat (ms,95%): 59.99 err/s: 0.00 reconn/s: 0.00
[ 740s ] thds: 400 tps: 9035.71 qps: 180572.69 (r/w/o: 126316.33/36190.14/18066.22) lat (ms,95%): 71.83 err/s: 0.10 reconn/s: 0.00
[ 750s ] thds: 400 tps: 9414.22 qps: 188120.06 (r/w/o: 131693.05/37592.97/18834.04) lat (ms,95%): 62.19 err/s: 0.00 reconn/s: 0.00
[ 760s ] thds: 400 tps: 9516.48 qps: 190709.88 (r/w/o: 133505.01/38174.82/19030.06) lat (ms,95%): 57.87 err/s: 0.10 reconn/s: 0.00
[ 770s ] thds: 400 tps: 8991.92 qps: 179797.78 (r/w/o: 125914.97/35895.77/17987.04) lat (ms,95%): 78.60 err/s: 0.00 reconn/s: 0.00
[ 780s ] thds: 400 tps: 9012.58 qps: 179984.35 (r/w/o: 125924.48/36035.01/18024.86) lat (ms,95%): 81.48 err/s: 0.00 reconn/s: 0.00
[ 790s ] thds: 400 tps: 7960.66 qps: 159466.21 (r/w/o: 111660.15/31884.54/15921.52) lat (ms,95%): 95.81 err/s: 0.00 reconn/s: 0.00
[ 800s ] thds: 400 tps: 7162.80 qps: 143080.05 (r/w/o: 100156.83/28597.41/14325.80) lat (ms,95%): 101.13 err/s: 0.00 reconn/s: 0.00
[ 810s ] thds: 400 tps: 7633.35 qps: 152731.52 (r/w/o: 106889.91/30578.50/15263.10) lat (ms,95%): 99.33 err/s: 0.00 reconn/s: 0.00
[ 820s ] thds: 400 tps: 7519.02 qps: 150482.00 (r/w/o: 105396.65/30043.70/15041.65) lat (ms,95%): 99.33 err/s: 0.00 reconn/s: 0.00
[ 830s ] thds: 400 tps: 7641.48 qps: 152885.56 (r/w/o: 106983.76/30618.53/15283.27) lat (ms,95%): 95.81 err/s: 0.00 reconn/s: 0.00
[ 840s ] thds: 400 tps: 7574.30 qps: 151445.04 (r/w/o: 106019.26/30277.09/15148.69) lat (ms,95%): 101.13 err/s: 0.20 reconn/s: 0.00
SQL statistics:
    queries performed:
        read:                            101008908
        write:                           28859595
        other:                           14429885
        total:                           144298388
    transactions:                        7214896 (8583.12 per sec.)
    queries:                             144298388 (171663.05 per sec.)
    ignored errors:                      26     (0.03 per sec.)
    reconnects:                          0      (0.00 per sec.)

General statistics:
    total time:                          840.5898s
    total number of events:              7214896

Latency (ms):
         min:                                   19.67
         avg:                                   46.57
         max:                                  803.08
         95th percentile:                       86.00
         sum:                            336021465.12

Threads fairness:
    events (avg/stddev):           18037.2400/366.54
    execution time (avg/stddev):   840.0537/0.06

