sysbench 1.0.20-ebf1c90 (using bundled LuaJIT 2.1.0-beta2)

Running the test with following options:
Number of threads: 400
Report intermediate results every 10 second(s)
Initializing random number generator from current time


Initializing worker threads...

Threads started!

[ 10s ] thds: 400 tps: 5587.91 qps: 112114.12 (r/w/o: 78541.05/22357.75/11215.32) lat (ms,95%): 211.60 err/s: 0.00 reconn/s: 0.00
[ 20s ] thds: 400 tps: 7777.22 qps: 155581.10 (r/w/o: 108903.28/31122.88/15554.94) lat (ms,95%): 167.44 err/s: 0.00 reconn/s: 0.00
[ 30s ] thds: 400 tps: 8450.22 qps: 169129.70 (r/w/o: 118417.75/33811.30/16900.65) lat (ms,95%): 121.08 err/s: 0.10 reconn/s: 0.00
[ 40s ] thds: 400 tps: 8879.14 qps: 177366.59 (r/w/o: 124109.62/35499.08/17757.89) lat (ms,95%): 74.46 err/s: 0.00 reconn/s: 0.00
[ 50s ] thds: 400 tps: 9185.11 qps: 183738.58 (r/w/o: 128626.93/36741.54/18370.12) lat (ms,95%): 68.05 err/s: 0.10 reconn/s: 0.00
[ 60s ] thds: 400 tps: 9304.28 qps: 186249.70 (r/w/o: 130426.55/37213.90/18609.25) lat (ms,95%): 61.08 err/s: 0.00 reconn/s: 0.00
[ 70s ] thds: 400 tps: 9361.71 qps: 186970.48 (r/w/o: 130802.11/37445.95/18722.43) lat (ms,95%): 61.08 err/s: 0.00 reconn/s: 0.00
[ 80s ] thds: 400 tps: 9206.42 qps: 184404.04 (r/w/o: 129146.14/36844.07/18413.83) lat (ms,95%): 69.29 err/s: 0.00 reconn/s: 0.00
[ 90s ] thds: 400 tps: 9395.33 qps: 187907.14 (r/w/o: 131538.15/37578.03/18790.96) lat (ms,95%): 61.08 err/s: 0.10 reconn/s: 0.00
[ 100s ] thds: 400 tps: 9650.98 qps: 192792.03 (r/w/o: 134881.44/38615.12/19295.46) lat (ms,95%): 54.83 err/s: 0.10 reconn/s: 0.00
[ 110s ] thds: 400 tps: 8951.18 qps: 179176.02 (r/w/o: 125458.57/35808.30/17909.15) lat (ms,95%): 82.96 err/s: 0.00 reconn/s: 0.00
[ 120s ] thds: 400 tps: 7161.39 qps: 143496.73 (r/w/o: 100444.11/28730.05/14322.57) lat (ms,95%): 116.80 err/s: 0.00 reconn/s: 0.00
[ 130s ] thds: 400 tps: 5740.88 qps: 114683.31 (r/w/o: 80257.03/22950.42/11475.86) lat (ms,95%): 142.39 err/s: 0.00 reconn/s: 0.00
[ 140s ] thds: 400 tps: 7360.03 qps: 146962.58 (r/w/o: 102884.98/29351.24/14726.37) lat (ms,95%): 110.66 err/s: 0.10 reconn/s: 0.00
[ 150s ] thds: 400 tps: 9150.48 qps: 183164.28 (r/w/o: 128221.68/36641.44/18301.17) lat (ms,95%): 64.47 err/s: 0.00 reconn/s: 0.00
[ 160s ] thds: 400 tps: 9151.20 qps: 183077.96 (r/w/o: 128178.75/36596.81/18302.41) lat (ms,95%): 70.55 err/s: 0.00 reconn/s: 0.00
[ 170s ] thds: 400 tps: 9458.42 qps: 189155.03 (r/w/o: 132423.50/37814.69/18916.84) lat (ms,95%): 58.92 err/s: 0.00 reconn/s: 0.00
[ 180s ] thds: 400 tps: 9527.15 qps: 190468.51 (r/w/o: 133316.73/38097.28/19054.49) lat (ms,95%): 61.08 err/s: 0.10 reconn/s: 0.00
[ 190s ] thds: 400 tps: 9144.15 qps: 182975.34 (r/w/o: 128108.13/36578.91/18288.30) lat (ms,95%): 71.83 err/s: 0.00 reconn/s: 0.00
[ 200s ] thds: 400 tps: 9469.57 qps: 189509.48 (r/w/o: 132634.77/37935.28/18939.44) lat (ms,95%): 56.84 err/s: 0.10 reconn/s: 0.00
[ 210s ] thds: 400 tps: 9503.70 qps: 189747.20 (r/w/o: 132803.87/37935.52/19007.81) lat (ms,95%): 59.99 err/s: 0.20 reconn/s: 0.00
[ 220s ] thds: 400 tps: 9365.90 qps: 187390.80 (r/w/o: 131169.87/37488.72/18732.21) lat (ms,95%): 65.65 err/s: 0.10 reconn/s: 0.00
[ 230s ] thds: 400 tps: 9375.42 qps: 187556.72 (r/w/o: 131283.99/37521.78/18750.94) lat (ms,95%): 64.47 err/s: 0.00 reconn/s: 0.00
[ 240s ] thds: 400 tps: 7183.97 qps: 143678.72 (r/w/o: 100571.59/28740.28/14366.84) lat (ms,95%): 104.84 err/s: 0.00 reconn/s: 0.00
[ 250s ] thds: 400 tps: 6551.01 qps: 130857.60 (r/w/o: 91574.97/26181.12/13101.51) lat (ms,95%): 114.72 err/s: 0.00 reconn/s: 0.00
[ 260s ] thds: 400 tps: 8352.52 qps: 167319.78 (r/w/o: 117200.14/33413.00/16706.65) lat (ms,95%): 89.16 err/s: 0.00 reconn/s: 0.00
[ 270s ] thds: 400 tps: 9287.31 qps: 185734.62 (r/w/o: 129979.45/37186.44/18568.72) lat (ms,95%): 65.65 err/s: 0.10 reconn/s: 0.00
[ 280s ] thds: 400 tps: 9364.90 qps: 187160.34 (r/w/o: 130999.13/37425.11/18736.10) lat (ms,95%): 59.99 err/s: 0.10 reconn/s: 0.00
[ 290s ] thds: 400 tps: 9548.18 qps: 191045.03 (r/w/o: 133746.34/38203.93/19094.76) lat (ms,95%): 55.82 err/s: 0.00 reconn/s: 0.00
[ 300s ] thds: 400 tps: 9356.01 qps: 186905.48 (r/w/o: 130811.43/37381.44/18712.62) lat (ms,95%): 65.65 err/s: 0.10 reconn/s: 0.00
[ 310s ] thds: 400 tps: 9478.93 qps: 189719.11 (r/w/o: 132816.23/37949.62/18953.26) lat (ms,95%): 59.99 err/s: 0.00 reconn/s: 0.00
[ 320s ] thds: 400 tps: 9643.26 qps: 192822.40 (r/w/o: 134984.91/38545.66/19291.83) lat (ms,95%): 55.82 err/s: 0.10 reconn/s: 0.00
[ 330s ] thds: 400 tps: 8953.50 qps: 179225.33 (r/w/o: 125479.05/35838.19/17908.09) lat (ms,95%): 82.96 err/s: 0.20 reconn/s: 0.00
[ 340s ] thds: 400 tps: 9464.80 qps: 189249.08 (r/w/o: 132481.48/37838.00/18929.60) lat (ms,95%): 55.82 err/s: 0.00 reconn/s: 0.00
[ 350s ] thds: 400 tps: 7206.20 qps: 144091.02 (r/w/o: 100831.44/28849.18/14410.39) lat (ms,95%): 104.84 err/s: 0.00 reconn/s: 0.00
[ 360s ] thds: 400 tps: 7313.59 qps: 146420.47 (r/w/o: 102510.34/29280.75/14629.38) lat (ms,95%): 95.81 err/s: 0.00 reconn/s: 0.00
[ 370s ] thds: 400 tps: 6912.20 qps: 138322.77 (r/w/o: 96836.08/27661.99/13824.70) lat (ms,95%): 106.75 err/s: 0.10 reconn/s: 0.00
[ 380s ] thds: 400 tps: 8774.48 qps: 175189.50 (r/w/o: 122569.35/35071.40/17548.75) lat (ms,95%): 78.60 err/s: 0.00 reconn/s: 0.00
[ 390s ] thds: 400 tps: 8481.62 qps: 169792.42 (r/w/o: 118927.72/33901.16/16963.53) lat (ms,95%): 89.16 err/s: 0.00 reconn/s: 0.00
[ 400s ] thds: 400 tps: 8120.62 qps: 162284.36 (r/w/o: 113554.85/32488.27/16241.24) lat (ms,95%): 104.84 err/s: 0.00 reconn/s: 0.00
[ 410s ] thds: 400 tps: 7574.67 qps: 151599.37 (r/w/o: 106177.13/30272.99/15149.25) lat (ms,95%): 101.13 err/s: 0.00 reconn/s: 0.00
[ 420s ] thds: 400 tps: 8372.83 qps: 167418.54 (r/w/o: 117162.98/33511.91/16743.65) lat (ms,95%): 94.10 err/s: 0.00 reconn/s: 0.00
[ 430s ] thds: 400 tps: 9630.48 qps: 192447.09 (r/w/o: 134665.01/38524.32/19257.76) lat (ms,95%): 56.84 err/s: 0.00 reconn/s: 0.00
[ 440s ] thds: 400 tps: 9092.49 qps: 182054.42 (r/w/o: 127478.80/36385.24/18190.37) lat (ms,95%): 74.46 err/s: 0.10 reconn/s: 0.00
[ 450s ] thds: 400 tps: 9604.24 qps: 192109.54 (r/w/o: 134460.32/38440.45/19208.77) lat (ms,95%): 56.84 err/s: 0.00 reconn/s: 0.00
[ 460s ] thds: 400 tps: 8772.60 qps: 175556.03 (r/w/o: 122908.95/35101.89/17545.19) lat (ms,95%): 81.48 err/s: 0.00 reconn/s: 0.00
[ 470s ] thds: 400 tps: 7213.48 qps: 143938.75 (r/w/o: 100709.16/28803.03/14426.57) lat (ms,95%): 101.13 err/s: 0.00 reconn/s: 0.00
[ 480s ] thds: 400 tps: 7380.82 qps: 147894.08 (r/w/o: 103562.27/29570.18/14761.64) lat (ms,95%): 95.81 err/s: 0.00 reconn/s: 0.00
[ 490s ] thds: 400 tps: 7727.99 qps: 154678.03 (r/w/o: 108273.91/30947.55/15456.57) lat (ms,95%): 89.16 err/s: 0.10 reconn/s: 0.00
[ 500s ] thds: 400 tps: 9391.99 qps: 187737.97 (r/w/o: 131439.84/37514.15/18783.98) lat (ms,95%): 57.87 err/s: 0.00 reconn/s: 0.00
[ 510s ] thds: 400 tps: 9425.81 qps: 188501.20 (r/w/o: 131931.21/37718.06/18851.93) lat (ms,95%): 58.92 err/s: 0.10 reconn/s: 0.00
[ 520s ] thds: 400 tps: 9094.10 qps: 181991.20 (r/w/o: 127395.37/36407.42/18188.41) lat (ms,95%): 71.83 err/s: 0.00 reconn/s: 0.00
[ 530s ] thds: 400 tps: 9369.12 qps: 187190.51 (r/w/o: 131040.31/37412.06/18738.13) lat (ms,95%): 61.08 err/s: 0.10 reconn/s: 0.00
[ 540s ] thds: 400 tps: 9429.08 qps: 188585.33 (r/w/o: 131992.34/37734.03/18858.96) lat (ms,95%): 59.99 err/s: 0.20 reconn/s: 0.00
[ 550s ] thds: 400 tps: 9163.67 qps: 183121.77 (r/w/o: 128192.03/36602.39/18327.35) lat (ms,95%): 73.13 err/s: 0.10 reconn/s: 0.00
[ 560s ] thds: 400 tps: 9440.12 qps: 188657.35 (r/w/o: 132011.84/37767.97/18877.53) lat (ms,95%): 57.87 err/s: 0.00 reconn/s: 0.00
[ 570s ] thds: 400 tps: 8875.88 qps: 177883.08 (r/w/o: 124608.58/35519.03/17755.47) lat (ms,95%): 75.82 err/s: 0.10 reconn/s: 0.00
[ 580s ] thds: 400 tps: 7126.50 qps: 142343.92 (r/w/o: 99564.42/28526.50/14253.00) lat (ms,95%): 102.97 err/s: 0.00 reconn/s: 0.00
[ 590s ] thds: 400 tps: 7347.02 qps: 146917.18 (r/w/o: 102841.76/29381.38/14694.04) lat (ms,95%): 95.81 err/s: 0.00 reconn/s: 0.00
[ 600s ] thds: 400 tps: 7493.78 qps: 149900.96 (r/w/o: 104934.26/29981.53/14985.17) lat (ms,95%): 95.81 err/s: 0.00 reconn/s: 0.00
[ 610s ] thds: 400 tps: 9218.02 qps: 184271.24 (r/w/o: 129002.24/36832.07/18436.93) lat (ms,95%): 64.47 err/s: 0.00 reconn/s: 0.00
[ 620s ] thds: 400 tps: 9551.91 qps: 191265.99 (r/w/o: 133928.73/38231.44/19105.82) lat (ms,95%): 56.84 err/s: 0.10 reconn/s: 0.00
[ 630s ] thds: 400 tps: 9223.21 qps: 184437.89 (r/w/o: 129071.00/36919.86/18447.03) lat (ms,95%): 69.29 err/s: 0.20 reconn/s: 0.00
[ 640s ] thds: 400 tps: 9426.97 qps: 188419.63 (r/w/o: 131894.40/37676.09/18849.14) lat (ms,95%): 62.19 err/s: 0.10 reconn/s: 0.00
[ 650s ] thds: 400 tps: 9511.02 qps: 190517.05 (r/w/o: 133394.21/38095.79/19027.04) lat (ms,95%): 57.87 err/s: 0.00 reconn/s: 0.00
[ 660s ] thds: 400 tps: 9144.66 qps: 182743.94 (r/w/o: 127887.89/36566.73/18289.31) lat (ms,95%): 70.55 err/s: 0.00 reconn/s: 0.00
[ 670s ] thds: 400 tps: 9580.70 qps: 191741.71 (r/w/o: 134242.51/38338.20/19161.00) lat (ms,95%): 55.82 err/s: 0.00 reconn/s: 0.00
[ 680s ] thds: 400 tps: 8911.11 qps: 178106.52 (r/w/o: 124664.98/35619.72/17821.81) lat (ms,95%): 80.03 err/s: 0.00 reconn/s: 0.00
[ 690s ] thds: 400 tps: 7496.92 qps: 149984.22 (r/w/o: 105000.29/29989.18/14994.74) lat (ms,95%): 97.55 err/s: 0.00 reconn/s: 0.00
[ 700s ] thds: 400 tps: 7249.97 qps: 145125.16 (r/w/o: 101578.62/29046.49/14500.05) lat (ms,95%): 97.55 err/s: 0.00 reconn/s: 0.00
[ 710s ] thds: 400 tps: 7404.72 qps: 147752.52 (r/w/o: 103425.42/29517.76/14809.33) lat (ms,95%): 92.42 err/s: 0.00 reconn/s: 0.00
[ 720s ] thds: 400 tps: 8605.04 qps: 172161.03 (r/w/o: 120515.78/34435.77/17209.48) lat (ms,95%): 74.46 err/s: 0.00 reconn/s: 0.00
[ 730s ] thds: 400 tps: 9447.50 qps: 189016.31 (r/w/o: 132298.14/37832.88/18885.29) lat (ms,95%): 58.92 err/s: 0.00 reconn/s: 0.00
[ 740s ] thds: 400 tps: 9095.49 qps: 181804.62 (r/w/o: 127234.07/36372.16/18198.38) lat (ms,95%): 71.83 err/s: 0.10 reconn/s: 0.00
[ 750s ] thds: 400 tps: 9411.31 qps: 188357.43 (r/w/o: 131926.79/37604.73/18825.91) lat (ms,95%): 61.08 err/s: 0.00 reconn/s: 0.00
[ 760s ] thds: 400 tps: 9552.05 qps: 190934.11 (r/w/o: 133586.44/38245.98/19101.69) lat (ms,95%): 58.92 err/s: 0.00 reconn/s: 0.00
[ 770s ] thds: 400 tps: 8951.26 qps: 179286.15 (r/w/o: 125531.90/35849.23/17905.01) lat (ms,95%): 78.60 err/s: 0.00 reconn/s: 0.00
[ 780s ] thds: 400 tps: 8962.09 qps: 179143.05 (r/w/o: 125420.29/35798.47/17924.28) lat (ms,95%): 81.48 err/s: 0.00 reconn/s: 0.00
[ 790s ] thds: 400 tps: 7991.40 qps: 159903.66 (r/w/o: 111919.48/32001.59/15982.60) lat (ms,95%): 94.10 err/s: 0.00 reconn/s: 0.00
[ 800s ] thds: 400 tps: 7169.15 qps: 143339.79 (r/w/o: 100360.36/28640.72/14338.71) lat (ms,95%): 101.13 err/s: 0.00 reconn/s: 0.00
[ 810s ] thds: 400 tps: 7686.15 qps: 153633.98 (r/w/o: 107504.56/30758.02/15371.41) lat (ms,95%): 99.33 err/s: 0.00 reconn/s: 0.00
[ 820s ] thds: 400 tps: 7538.09 qps: 150848.42 (r/w/o: 105590.67/30180.76/15076.98) lat (ms,95%): 99.33 err/s: 0.00 reconn/s: 0.00
[ 830s ] thds: 400 tps: 7641.78 qps: 152710.62 (r/w/o: 106895.53/30534.62/15280.46) lat (ms,95%): 95.81 err/s: 0.00 reconn/s: 0.00
[ 840s ] thds: 400 tps: 7547.42 qps: 151218.00 (r/w/o: 105845.35/30274.40/15098.25) lat (ms,95%): 101.13 err/s: 0.00 reconn/s: 0.00
SQL statistics:
    queries performed:
        read:                            101085474
        write:                           28881466
        other:                           14440820
        total:                           144407760
    transactions:                        7220361 (8589.42 per sec.)
    queries:                             144407760 (171789.08 per sec.)
    ignored errors:                      30     (0.04 per sec.)
    reconnects:                          0      (0.00 per sec.)

General statistics:
    total time:                          840.6098s
    total number of events:              7220361

Latency (ms):
         min:                                   19.63
         avg:                                   46.54
         max:                                  771.86
         95th percentile:                       86.00
         sum:                            336018837.44

Threads fairness:
    events (avg/stddev):           18050.9025/378.64
    execution time (avg/stddev):   840.0471/0.06

