sysbench 1.0.20-ebf1c90 (using bundled LuaJIT 2.1.0-beta2)

Running the test with following options:
Number of threads: 400
Report intermediate results every 10 second(s)
Initializing random number generator from current time


Initializing worker threads...

Threads started!

[ 10s ] thds: 400 tps: 5480.49 qps: 109907.80 (r/w/o: 76977.36/21935.57/10994.88) lat (ms,95%): 215.44 err/s: 0.00 reconn/s: 0.00
[ 20s ] thds: 400 tps: 7798.84 qps: 156141.72 (r/w/o: 109332.50/31205.24/15603.97) lat (ms,95%): 164.45 err/s: 0.00 reconn/s: 0.00
[ 30s ] thds: 400 tps: 8517.29 qps: 170252.93 (r/w/o: 119169.31/34049.15/17034.47) lat (ms,95%): 137.35 err/s: 0.10 reconn/s: 0.00
[ 40s ] thds: 400 tps: 9027.81 qps: 180618.87 (r/w/o: 126433.29/36138.55/18047.03) lat (ms,95%): 69.29 err/s: 0.10 reconn/s: 0.00
[ 50s ] thds: 400 tps: 9168.67 qps: 183381.04 (r/w/o: 128378.21/36655.89/18346.94) lat (ms,95%): 68.05 err/s: 0.10 reconn/s: 0.00
[ 60s ] thds: 400 tps: 9117.52 qps: 182409.17 (r/w/o: 127662.73/36511.39/18235.05) lat (ms,95%): 70.55 err/s: 0.00 reconn/s: 0.00
[ 70s ] thds: 400 tps: 9522.19 qps: 190288.32 (r/w/o: 133195.30/38051.04/19041.97) lat (ms,95%): 59.99 err/s: 0.00 reconn/s: 0.00
[ 80s ] thds: 400 tps: 9228.31 qps: 184523.34 (r/w/o: 129157.07/36907.15/18459.12) lat (ms,95%): 74.46 err/s: 0.00 reconn/s: 0.00
[ 90s ] thds: 400 tps: 9404.98 qps: 188444.01 (r/w/o: 131947.22/37686.82/18809.96) lat (ms,95%): 62.19 err/s: 0.00 reconn/s: 0.00
[ 100s ] thds: 400 tps: 9810.43 qps: 196203.88 (r/w/o: 137326.77/39256.14/19620.97) lat (ms,95%): 54.83 err/s: 0.10 reconn/s: 0.00
[ 110s ] thds: 400 tps: 9542.79 qps: 190453.71 (r/w/o: 133268.57/38100.76/19084.38) lat (ms,95%): 56.84 err/s: 0.00 reconn/s: 0.00
[ 120s ] thds: 400 tps: 6809.90 qps: 136572.30 (r/w/o: 95681.53/27269.68/13621.09) lat (ms,95%): 132.49 err/s: 0.00 reconn/s: 0.00
[ 130s ] thds: 400 tps: 5955.67 qps: 119056.51 (r/w/o: 83346.09/23799.18/11911.24) lat (ms,95%): 144.97 err/s: 0.00 reconn/s: 0.00
[ 140s ] thds: 400 tps: 6676.43 qps: 133541.97 (r/w/o: 93459.40/26729.52/13353.06) lat (ms,95%): 116.80 err/s: 0.00 reconn/s: 0.00
[ 150s ] thds: 400 tps: 9110.61 qps: 182203.97 (r/w/o: 127550.02/36435.43/18218.52) lat (ms,95%): 64.47 err/s: 0.00 reconn/s: 0.00
[ 160s ] thds: 400 tps: 9288.91 qps: 185712.19 (r/w/o: 129981.80/37154.06/18576.33) lat (ms,95%): 66.84 err/s: 0.00 reconn/s: 0.00
[ 170s ] thds: 400 tps: 9329.18 qps: 186769.17 (r/w/o: 130739.80/37366.71/18662.66) lat (ms,95%): 65.65 err/s: 0.00 reconn/s: 0.00
[ 180s ] thds: 400 tps: 9565.77 qps: 191051.26 (r/w/o: 133694.72/38233.09/19123.45) lat (ms,95%): 56.84 err/s: 0.00 reconn/s: 0.00
[ 190s ] thds: 400 tps: 9465.20 qps: 189365.86 (r/w/o: 132584.34/37845.91/18935.61) lat (ms,95%): 68.05 err/s: 0.10 reconn/s: 0.00
[ 200s ] thds: 400 tps: 9668.50 qps: 193214.89 (r/w/o: 135236.87/38637.92/19340.11) lat (ms,95%): 55.82 err/s: 0.00 reconn/s: 0.00
[ 210s ] thds: 400 tps: 9695.47 qps: 194097.37 (r/w/o: 135888.23/38817.79/19391.35) lat (ms,95%): 53.85 err/s: 0.00 reconn/s: 0.00
[ 220s ] thds: 400 tps: 9512.92 qps: 190284.06 (r/w/o: 133229.32/38028.89/19025.85) lat (ms,95%): 56.84 err/s: 0.00 reconn/s: 0.00
[ 230s ] thds: 400 tps: 7797.81 qps: 155634.44 (r/w/o: 108859.80/31180.23/15594.41) lat (ms,95%): 99.33 err/s: 0.00 reconn/s: 0.00
[ 240s ] thds: 400 tps: 7760.28 qps: 155499.22 (r/w/o: 108907.47/31070.00/15521.75) lat (ms,95%): 97.55 err/s: 0.00 reconn/s: 0.00
[ 250s ] thds: 400 tps: 6928.05 qps: 138651.98 (r/w/o: 97061.98/27733.80/13856.20) lat (ms,95%): 106.75 err/s: 0.00 reconn/s: 0.00
[ 260s ] thds: 400 tps: 7860.97 qps: 157037.56 (r/w/o: 109869.65/31454.67/15713.24) lat (ms,95%): 97.55 err/s: 0.00 reconn/s: 0.00
[ 270s ] thds: 400 tps: 9295.10 qps: 186016.48 (r/w/o: 130249.69/37175.20/18591.60) lat (ms,95%): 64.47 err/s: 0.00 reconn/s: 0.00
[ 280s ] thds: 400 tps: 9511.31 qps: 190293.14 (r/w/o: 133222.90/38040.23/19030.01) lat (ms,95%): 57.87 err/s: 0.00 reconn/s: 0.00
[ 290s ] thds: 400 tps: 9521.35 qps: 190308.64 (r/w/o: 133223.46/38042.09/19043.09) lat (ms,95%): 57.87 err/s: 0.10 reconn/s: 0.00
[ 300s ] thds: 400 tps: 9426.03 qps: 188323.16 (r/w/o: 131783.16/37693.73/18846.27) lat (ms,95%): 68.05 err/s: 0.00 reconn/s: 0.00
[ 310s ] thds: 400 tps: 9428.11 qps: 188594.50 (r/w/o: 132000.47/37731.62/18862.41) lat (ms,95%): 61.08 err/s: 0.20 reconn/s: 0.00
[ 320s ] thds: 400 tps: 9855.28 qps: 197159.05 (r/w/o: 138039.36/39409.03/19710.67) lat (ms,95%): 53.85 err/s: 0.00 reconn/s: 0.00
[ 330s ] thds: 400 tps: 9476.02 qps: 189646.16 (r/w/o: 132753.85/37940.27/18952.04) lat (ms,95%): 57.87 err/s: 0.00 reconn/s: 0.00
[ 340s ] thds: 400 tps: 7809.59 qps: 156422.23 (r/w/o: 109493.68/31309.37/15619.18) lat (ms,95%): 97.55 err/s: 0.00 reconn/s: 0.00
[ 350s ] thds: 400 tps: 7817.02 qps: 156067.43 (r/w/o: 109286.80/31146.59/15634.04) lat (ms,95%): 97.55 err/s: 0.00 reconn/s: 0.00
[ 360s ] thds: 400 tps: 7520.80 qps: 150457.75 (r/w/o: 105304.44/30112.31/15041.01) lat (ms,95%): 97.55 err/s: 0.00 reconn/s: 0.00
[ 370s ] thds: 400 tps: 7329.47 qps: 146728.77 (r/w/o: 102727.53/29341.49/14659.75) lat (ms,95%): 101.13 err/s: 0.10 reconn/s: 0.00
[ 380s ] thds: 400 tps: 8375.53 qps: 167300.25 (r/w/o: 117093.18/33455.81/16751.25) lat (ms,95%): 84.47 err/s: 0.10 reconn/s: 0.00
[ 390s ] thds: 400 tps: 8918.92 qps: 178290.16 (r/w/o: 124774.55/35677.27/17838.34) lat (ms,95%): 80.03 err/s: 0.20 reconn/s: 0.00
[ 400s ] thds: 400 tps: 8563.21 qps: 171372.47 (r/w/o: 119987.12/34262.73/17122.62) lat (ms,95%): 94.10 err/s: 0.00 reconn/s: 0.00
[ 410s ] thds: 400 tps: 7832.50 qps: 156845.65 (r/w/o: 109793.64/31383.21/15668.81) lat (ms,95%): 97.55 err/s: 0.00 reconn/s: 0.00
[ 420s ] thds: 400 tps: 8064.49 qps: 161218.99 (r/w/o: 112863.55/32226.36/16129.08) lat (ms,95%): 108.68 err/s: 0.00 reconn/s: 0.00
[ 430s ] thds: 400 tps: 8210.42 qps: 163965.54 (r/w/o: 114741.11/32803.49/16420.94) lat (ms,95%): 97.55 err/s: 0.00 reconn/s: 0.00
[ 440s ] thds: 400 tps: 9688.69 qps: 193907.26 (r/w/o: 135749.00/38782.47/19375.79) lat (ms,95%): 54.83 err/s: 0.00 reconn/s: 0.00
[ 450s ] thds: 400 tps: 9614.18 qps: 192421.85 (r/w/o: 134697.38/38494.31/19230.15) lat (ms,95%): 58.92 err/s: 0.00 reconn/s: 0.00
[ 460s ] thds: 400 tps: 7420.52 qps: 148409.99 (r/w/o: 103896.87/29672.08/14841.04) lat (ms,95%): 104.84 err/s: 0.00 reconn/s: 0.00
[ 470s ] thds: 400 tps: 7906.18 qps: 157919.05 (r/w/o: 110482.16/31635.63/15801.27) lat (ms,95%): 92.42 err/s: 0.00 reconn/s: 0.00
[ 480s ] thds: 400 tps: 7694.74 qps: 154237.29 (r/w/o: 107995.25/30841.36/15400.68) lat (ms,95%): 94.10 err/s: 0.00 reconn/s: 0.00
[ 490s ] thds: 400 tps: 8095.87 qps: 161795.95 (r/w/o: 113287.91/32317.39/16190.64) lat (ms,95%): 89.16 err/s: 0.00 reconn/s: 0.00
[ 500s ] thds: 400 tps: 9038.69 qps: 180508.88 (r/w/o: 126341.35/36089.26/18078.28) lat (ms,95%): 75.82 err/s: 0.00 reconn/s: 0.00
[ 510s ] thds: 400 tps: 9549.69 qps: 191061.16 (r/w/o: 133752.20/38209.17/19099.79) lat (ms,95%): 56.84 err/s: 0.00 reconn/s: 0.00
[ 520s ] thds: 400 tps: 9517.53 qps: 190580.99 (r/w/o: 133410.08/38135.84/19035.07) lat (ms,95%): 59.99 err/s: 0.00 reconn/s: 0.00
[ 530s ] thds: 400 tps: 9459.76 qps: 188980.62 (r/w/o: 132262.58/37800.92/18917.11) lat (ms,95%): 63.32 err/s: 0.00 reconn/s: 0.00
[ 540s ] thds: 400 tps: 9360.53 qps: 187231.78 (r/w/o: 131069.61/37438.82/18723.36) lat (ms,95%): 65.65 err/s: 0.00 reconn/s: 0.00
[ 550s ] thds: 400 tps: 9583.76 qps: 191911.66 (r/w/o: 134351.68/38391.85/19168.13) lat (ms,95%): 55.82 err/s: 0.10 reconn/s: 0.00
[ 560s ] thds: 400 tps: 9535.96 qps: 190761.92 (r/w/o: 133518.78/38171.02/19072.11) lat (ms,95%): 58.92 err/s: 0.10 reconn/s: 0.00
[ 570s ] thds: 400 tps: 7432.18 qps: 148581.20 (r/w/o: 104022.22/29694.42/14864.56) lat (ms,95%): 101.13 err/s: 0.10 reconn/s: 0.00
[ 580s ] thds: 400 tps: 7511.00 qps: 150125.36 (r/w/o: 105101.57/30001.89/15021.90) lat (ms,95%): 97.55 err/s: 0.00 reconn/s: 0.00
[ 590s ] thds: 400 tps: 7863.61 qps: 157251.58 (r/w/o: 110083.02/31444.84/15723.72) lat (ms,95%): 89.16 err/s: 0.00 reconn/s: 0.00
[ 600s ] thds: 400 tps: 7746.98 qps: 154958.98 (r/w/o: 108469.07/30992.24/15497.67) lat (ms,95%): 90.78 err/s: 0.00 reconn/s: 0.00
[ 610s ] thds: 400 tps: 9045.81 qps: 180752.75 (r/w/o: 126505.30/36158.83/18088.61) lat (ms,95%): 74.46 err/s: 0.00 reconn/s: 0.00
[ 620s ] thds: 400 tps: 9630.11 qps: 192869.61 (r/w/o: 134989.85/38619.54/19260.22) lat (ms,95%): 57.87 err/s: 0.00 reconn/s: 0.00
[ 630s ] thds: 400 tps: 9349.78 qps: 186887.85 (r/w/o: 130838.95/37346.33/18702.56) lat (ms,95%): 64.47 err/s: 0.00 reconn/s: 0.00
[ 640s ] thds: 400 tps: 9486.87 qps: 189606.06 (r/w/o: 132732.55/37900.57/18972.94) lat (ms,95%): 59.99 err/s: 0.00 reconn/s: 0.00
[ 650s ] thds: 400 tps: 9801.76 qps: 196175.28 (r/w/o: 137298.32/39272.44/19604.52) lat (ms,95%): 54.83 err/s: 0.10 reconn/s: 0.00
[ 660s ] thds: 400 tps: 9089.36 qps: 181873.08 (r/w/o: 127321.93/36372.14/18179.02) lat (ms,95%): 75.82 err/s: 0.10 reconn/s: 0.00
[ 670s ] thds: 400 tps: 9730.05 qps: 194277.11 (r/w/o: 135969.04/38853.68/19454.39) lat (ms,95%): 53.85 err/s: 0.00 reconn/s: 0.00
[ 680s ] thds: 400 tps: 7497.77 qps: 150143.82 (r/w/o: 105125.19/30017.48/15001.14) lat (ms,95%): 104.84 err/s: 0.00 reconn/s: 0.00
[ 690s ] thds: 400 tps: 8000.98 qps: 160167.69 (r/w/o: 112121.58/32044.04/16002.07) lat (ms,95%): 92.42 err/s: 0.00 reconn/s: 0.00
[ 700s ] thds: 400 tps: 7474.18 qps: 149480.98 (r/w/o: 104654.08/29878.34/14948.57) lat (ms,95%): 99.33 err/s: 0.10 reconn/s: 0.00
[ 710s ] thds: 400 tps: 7623.14 qps: 152514.14 (r/w/o: 106734.89/30532.97/15246.28) lat (ms,95%): 90.78 err/s: 0.00 reconn/s: 0.00
[ 720s ] thds: 400 tps: 8702.30 qps: 173855.69 (r/w/o: 121753.56/34697.52/17404.61) lat (ms,95%): 77.19 err/s: 0.00 reconn/s: 0.00
[ 730s ] thds: 400 tps: 9575.40 qps: 191477.12 (r/w/o: 133969.51/38357.60/19150.00) lat (ms,95%): 55.82 err/s: 0.10 reconn/s: 0.00
[ 740s ] thds: 400 tps: 9233.10 qps: 184484.22 (r/w/o: 129141.92/36875.00/18467.30) lat (ms,95%): 74.46 err/s: 0.00 reconn/s: 0.00
[ 750s ] thds: 400 tps: 9514.42 qps: 190338.63 (r/w/o: 133223.50/38086.39/19028.74) lat (ms,95%): 59.99 err/s: 0.00 reconn/s: 0.00
[ 760s ] thds: 400 tps: 9291.71 qps: 186057.76 (r/w/o: 130292.31/37181.73/18583.72) lat (ms,95%): 66.84 err/s: 0.00 reconn/s: 0.00
[ 770s ] thds: 400 tps: 9270.27 qps: 185445.82 (r/w/o: 129788.82/37116.36/18540.63) lat (ms,95%): 70.55 err/s: 0.00 reconn/s: 0.00
[ 780s ] thds: 400 tps: 8639.10 qps: 172755.42 (r/w/o: 120933.45/34543.68/17278.29) lat (ms,95%): 87.56 err/s: 0.00 reconn/s: 0.00
[ 790s ] thds: 400 tps: 8167.42 qps: 163289.00 (r/w/o: 114322.48/32631.68/16334.84) lat (ms,95%): 94.10 err/s: 0.00 reconn/s: 0.00
[ 800s ] thds: 400 tps: 8112.47 qps: 162258.72 (r/w/o: 113599.92/32433.86/16224.93) lat (ms,95%): 99.33 err/s: 0.00 reconn/s: 0.00
[ 810s ] thds: 400 tps: 7935.89 qps: 158500.01 (r/w/o: 110898.36/31730.56/15871.08) lat (ms,95%): 97.55 err/s: 0.00 reconn/s: 0.00
[ 820s ] thds: 400 tps: 7697.98 qps: 154199.70 (r/w/o: 107945.65/30856.90/15397.15) lat (ms,95%): 95.81 err/s: 0.10 reconn/s: 0.00
[ 830s ] thds: 400 tps: 7719.43 qps: 153976.51 (r/w/o: 107727.26/30813.50/15435.75) lat (ms,95%): 108.68 err/s: 0.00 reconn/s: 0.00
[ 840s ] thds: 400 tps: 7874.45 qps: 157779.73 (r/w/o: 110470.82/31564.01/15744.90) lat (ms,95%): 92.42 err/s: 0.00 reconn/s: 0.00
SQL statistics:
    queries performed:
        read:                            101433724
        write:                           28980985
        other:                           14490571
        total:                           144905280
    transactions:                        7245246 (8617.34 per sec.)
    queries:                             144905280 (172347.13 per sec.)
    ignored errors:                      20     (0.02 per sec.)
    reconnects:                          0      (0.00 per sec.)

General statistics:
    total time:                          840.7747s
    total number of events:              7245246

Latency (ms):
         min:                                   19.53
         avg:                                   46.38
         max:                                  774.35
         95th percentile:                       86.00
         sum:                            336054224.55

Threads fairness:
    events (avg/stddev):           18113.1150/454.92
    execution time (avg/stddev):   840.1356/0.15

