sysbench 1.0.20-ebf1c90 (using bundled LuaJIT 2.1.0-beta2)

Running the test with following options:
Number of threads: 400
Report intermediate results every 10 second(s)
Initializing random number generator from current time


Initializing worker threads...

Threads started!

[ 10s ] thds: 400 tps: 5429.55 qps: 109160.46 (r/w/o: 76483.69/21777.68/10899.09) lat (ms,95%): 215.44 err/s: 0.00 reconn/s: 0.00
[ 20s ] thds: 400 tps: 7835.81 qps: 156516.74 (r/w/o: 109541.56/31303.85/15671.32) lat (ms,95%): 164.45 err/s: 0.00 reconn/s: 0.00
[ 30s ] thds: 400 tps: 8447.00 qps: 169213.07 (r/w/o: 118472.28/33846.39/16894.40) lat (ms,95%): 134.90 err/s: 0.00 reconn/s: 0.00
[ 40s ] thds: 400 tps: 8997.00 qps: 179850.52 (r/w/o: 125869.34/35987.38/17993.79) lat (ms,95%): 69.29 err/s: 0.00 reconn/s: 0.00
[ 50s ] thds: 400 tps: 9220.70 qps: 184031.49 (r/w/o: 128779.57/36810.62/18441.31) lat (ms,95%): 68.05 err/s: 0.10 reconn/s: 0.00
[ 60s ] thds: 400 tps: 9088.90 qps: 182115.58 (r/w/o: 127561.58/36375.30/18178.70) lat (ms,95%): 70.55 err/s: 0.10 reconn/s: 0.00
[ 70s ] thds: 400 tps: 9518.25 qps: 190532.40 (r/w/o: 133347.73/38148.18/19036.49) lat (ms,95%): 58.92 err/s: 0.00 reconn/s: 0.00
[ 80s ] thds: 400 tps: 9269.77 qps: 185291.32 (r/w/o: 129740.99/37010.48/18539.84) lat (ms,95%): 74.46 err/s: 0.10 reconn/s: 0.00
[ 90s ] thds: 400 tps: 9455.47 qps: 189157.59 (r/w/o: 132405.18/37841.28/18911.14) lat (ms,95%): 61.08 err/s: 0.10 reconn/s: 0.00
[ 100s ] thds: 400 tps: 9783.72 qps: 195558.00 (r/w/o: 136891.81/39098.76/19567.43) lat (ms,95%): 55.82 err/s: 0.00 reconn/s: 0.00
[ 110s ] thds: 400 tps: 9549.30 qps: 191056.36 (r/w/o: 133746.24/38211.91/19098.21) lat (ms,95%): 56.84 err/s: 0.10 reconn/s: 0.00
[ 120s ] thds: 400 tps: 6842.77 qps: 136744.55 (r/w/o: 95675.74/27384.17/13684.63) lat (ms,95%): 130.13 err/s: 0.00 reconn/s: 0.00
[ 130s ] thds: 400 tps: 6000.20 qps: 120039.82 (r/w/o: 84056.72/23980.60/12002.50) lat (ms,95%): 142.39 err/s: 0.00 reconn/s: 0.00
[ 140s ] thds: 400 tps: 6683.14 qps: 133549.55 (r/w/o: 93468.02/26715.25/13366.27) lat (ms,95%): 114.72 err/s: 0.00 reconn/s: 0.00
[ 150s ] thds: 400 tps: 9132.76 qps: 182632.76 (r/w/o: 127841.28/36525.65/18265.83) lat (ms,95%): 64.47 err/s: 0.10 reconn/s: 0.00
[ 160s ] thds: 400 tps: 9323.84 qps: 186658.33 (r/w/o: 130690.41/37320.05/18647.87) lat (ms,95%): 66.84 err/s: 0.10 reconn/s: 0.00
[ 170s ] thds: 400 tps: 9343.90 qps: 186817.83 (r/w/o: 130778.32/37351.61/18687.90) lat (ms,95%): 66.84 err/s: 0.00 reconn/s: 0.00
[ 180s ] thds: 400 tps: 9533.96 qps: 190840.49 (r/w/o: 133571.94/38200.64/19067.92) lat (ms,95%): 56.84 err/s: 0.00 reconn/s: 0.00
[ 190s ] thds: 400 tps: 9470.52 qps: 189371.90 (r/w/o: 132562.28/37868.38/18941.24) lat (ms,95%): 68.05 err/s: 0.10 reconn/s: 0.00
[ 200s ] thds: 400 tps: 9664.59 qps: 193327.85 (r/w/o: 135314.52/38683.85/19329.47) lat (ms,95%): 55.82 err/s: 0.10 reconn/s: 0.00
[ 210s ] thds: 400 tps: 9700.61 qps: 193791.38 (r/w/o: 135632.40/38761.56/19397.43) lat (ms,95%): 53.85 err/s: 0.10 reconn/s: 0.00
[ 220s ] thds: 400 tps: 9537.70 qps: 190547.96 (r/w/o: 133345.27/38127.09/19075.60) lat (ms,95%): 56.84 err/s: 0.00 reconn/s: 0.00
[ 230s ] thds: 400 tps: 7840.23 qps: 157101.26 (r/w/o: 110039.79/31377.31/15684.16) lat (ms,95%): 99.33 err/s: 0.00 reconn/s: 0.00
[ 240s ] thds: 400 tps: 7802.99 qps: 156019.16 (r/w/o: 109178.50/31237.17/15603.49) lat (ms,95%): 95.81 err/s: 0.00 reconn/s: 0.00
[ 250s ] thds: 400 tps: 6971.40 qps: 139478.31 (r/w/o: 97676.04/27856.68/13945.59) lat (ms,95%): 106.75 err/s: 0.10 reconn/s: 0.00
[ 260s ] thds: 400 tps: 7842.21 qps: 156980.27 (r/w/o: 109847.99/31448.25/15684.03) lat (ms,95%): 97.55 err/s: 0.00 reconn/s: 0.00
[ 270s ] thds: 400 tps: 9383.60 qps: 187559.33 (r/w/o: 131340.82/37450.80/18767.70) lat (ms,95%): 63.32 err/s: 0.00 reconn/s: 0.00
[ 280s ] thds: 400 tps: 9526.38 qps: 190447.52 (r/w/o: 133306.33/38088.02/19053.16) lat (ms,95%): 58.92 err/s: 0.10 reconn/s: 0.00
[ 290s ] thds: 400 tps: 9522.89 qps: 190393.83 (r/w/o: 133220.98/38127.97/19044.88) lat (ms,95%): 58.92 err/s: 0.00 reconn/s: 0.00
[ 300s ] thds: 400 tps: 9424.36 qps: 188597.35 (r/w/o: 132061.97/37685.65/18849.72) lat (ms,95%): 68.05 err/s: 0.00 reconn/s: 0.00
[ 310s ] thds: 400 tps: 9402.97 qps: 188205.05 (r/w/o: 131731.54/37667.57/18805.93) lat (ms,95%): 61.08 err/s: 0.00 reconn/s: 0.00
[ 320s ] thds: 400 tps: 9824.78 qps: 196474.63 (r/w/o: 137547.74/39277.43/19649.46) lat (ms,95%): 53.85 err/s: 0.00 reconn/s: 0.00
[ 330s ] thds: 400 tps: 9518.47 qps: 190438.28 (r/w/o: 133282.73/38118.20/19037.35) lat (ms,95%): 56.84 err/s: 0.10 reconn/s: 0.00
[ 340s ] thds: 400 tps: 7906.21 qps: 157836.45 (r/w/o: 110497.80/31527.33/15811.31) lat (ms,95%): 97.55 err/s: 0.00 reconn/s: 0.00
[ 350s ] thds: 400 tps: 7819.40 qps: 156422.00 (r/w/o: 109510.00/31272.40/15639.60) lat (ms,95%): 97.55 err/s: 0.00 reconn/s: 0.00
[ 360s ] thds: 400 tps: 7570.35 qps: 151622.90 (r/w/o: 106129.20/30352.40/15141.30) lat (ms,95%): 95.81 err/s: 0.00 reconn/s: 0.00
[ 370s ] thds: 400 tps: 7365.93 qps: 147240.50 (r/w/o: 103084.95/29423.80/14731.75) lat (ms,95%): 101.13 err/s: 0.00 reconn/s: 0.00
[ 380s ] thds: 400 tps: 8378.40 qps: 167420.74 (r/w/o: 117122.93/33540.91/16756.90) lat (ms,95%): 86.00 err/s: 0.00 reconn/s: 0.00
[ 390s ] thds: 400 tps: 8923.63 qps: 178743.94 (r/w/o: 125153.15/35743.03/17847.76) lat (ms,95%): 80.03 err/s: 0.10 reconn/s: 0.00
[ 400s ] thds: 400 tps: 8611.70 qps: 172153.96 (r/w/o: 120499.67/34430.79/17223.50) lat (ms,95%): 92.42 err/s: 0.00 reconn/s: 0.00
[ 410s ] thds: 400 tps: 7865.98 qps: 157271.02 (r/w/o: 110101.54/31437.62/15731.86) lat (ms,95%): 97.55 err/s: 0.00 reconn/s: 0.00
[ 420s ] thds: 400 tps: 8024.58 qps: 160471.38 (r/w/o: 112362.00/32060.82/16048.56) lat (ms,95%): 108.68 err/s: 0.00 reconn/s: 0.00
[ 430s ] thds: 400 tps: 8227.21 qps: 164462.05 (r/w/o: 115090.87/32917.75/16453.42) lat (ms,95%): 94.10 err/s: 0.00 reconn/s: 0.00
[ 440s ] thds: 400 tps: 9664.49 qps: 193392.59 (r/w/o: 135354.32/38715.78/19322.49) lat (ms,95%): 55.82 err/s: 0.00 reconn/s: 0.00
[ 450s ] thds: 400 tps: 9597.31 qps: 191923.33 (r/w/o: 134408.19/38312.33/19202.81) lat (ms,95%): 58.92 err/s: 0.10 reconn/s: 0.00
[ 460s ] thds: 400 tps: 7429.61 qps: 148367.65 (r/w/o: 103801.37/29712.15/14854.12) lat (ms,95%): 104.84 err/s: 0.00 reconn/s: 0.00
[ 470s ] thds: 400 tps: 7892.37 qps: 157990.26 (r/w/o: 110640.32/31559.59/15790.35) lat (ms,95%): 92.42 err/s: 0.10 reconn/s: 0.00
[ 480s ] thds: 400 tps: 7707.33 qps: 154376.64 (r/w/o: 108024.95/30937.23/15414.46) lat (ms,95%): 92.42 err/s: 0.00 reconn/s: 0.00
[ 490s ] thds: 400 tps: 8144.32 qps: 162744.59 (r/w/o: 113929.77/32526.88/16287.94) lat (ms,95%): 87.56 err/s: 0.00 reconn/s: 0.00
[ 500s ] thds: 400 tps: 8976.72 qps: 179598.93 (r/w/o: 125716.63/35927.77/17954.53) lat (ms,95%): 75.82 err/s: 0.10 reconn/s: 0.00
[ 510s ] thds: 400 tps: 9601.78 qps: 191944.59 (r/w/o: 134344.51/38403.02/19197.06) lat (ms,95%): 56.84 err/s: 0.10 reconn/s: 0.00
[ 520s ] thds: 400 tps: 9527.28 qps: 190515.95 (r/w/o: 133397.26/38059.73/19058.97) lat (ms,95%): 59.99 err/s: 0.00 reconn/s: 0.00
[ 530s ] thds: 400 tps: 9468.22 qps: 189386.37 (r/w/o: 132590.53/37856.89/18938.95) lat (ms,95%): 63.32 err/s: 0.00 reconn/s: 0.00
[ 540s ] thds: 400 tps: 9352.30 qps: 186906.71 (r/w/o: 130757.84/37456.88/18691.99) lat (ms,95%): 64.47 err/s: 0.10 reconn/s: 0.00
[ 550s ] thds: 400 tps: 9609.55 qps: 192293.23 (r/w/o: 134671.92/38389.31/19232.00) lat (ms,95%): 56.84 err/s: 0.00 reconn/s: 0.00
[ 560s ] thds: 400 tps: 9558.44 qps: 191393.07 (r/w/o: 133943.71/38332.37/19116.99) lat (ms,95%): 57.87 err/s: 0.00 reconn/s: 0.00
[ 570s ] thds: 400 tps: 7522.50 qps: 149967.48 (r/w/o: 104936.28/29986.70/15044.50) lat (ms,95%): 99.33 err/s: 0.00 reconn/s: 0.00
[ 580s ] thds: 400 tps: 7478.65 qps: 149776.80 (r/w/o: 104910.60/29908.40/14957.80) lat (ms,95%): 97.55 err/s: 0.00 reconn/s: 0.00
[ 590s ] thds: 400 tps: 7833.83 qps: 156776.49 (r/w/o: 109763.18/31345.64/15667.67) lat (ms,95%): 90.78 err/s: 0.00 reconn/s: 0.00
[ 600s ] thds: 400 tps: 7743.19 qps: 154774.20 (r/w/o: 108304.23/30988.58/15481.39) lat (ms,95%): 90.78 err/s: 0.00 reconn/s: 0.00
[ 610s ] thds: 400 tps: 9023.94 qps: 180356.00 (r/w/o: 126220.43/36084.58/18050.99) lat (ms,95%): 74.46 err/s: 0.10 reconn/s: 0.00
[ 620s ] thds: 400 tps: 9639.75 qps: 193089.39 (r/w/o: 135194.76/38612.82/19281.81) lat (ms,95%): 56.84 err/s: 0.00 reconn/s: 0.00
[ 630s ] thds: 400 tps: 9393.29 qps: 187792.82 (r/w/o: 131453.57/37552.56/18786.68) lat (ms,95%): 63.32 err/s: 0.00 reconn/s: 0.00
[ 640s ] thds: 400 tps: 9475.79 qps: 189510.82 (r/w/o: 132647.51/37911.74/18951.57) lat (ms,95%): 59.99 err/s: 0.00 reconn/s: 0.00
[ 650s ] thds: 400 tps: 9812.00 qps: 196082.96 (r/w/o: 137251.14/39209.31/19622.51) lat (ms,95%): 54.83 err/s: 0.00 reconn/s: 0.00
[ 660s ] thds: 400 tps: 9121.32 qps: 182564.38 (r/w/o: 127841.77/36479.18/18243.44) lat (ms,95%): 74.46 err/s: 0.00 reconn/s: 0.00
[ 670s ] thds: 400 tps: 9727.19 qps: 194691.83 (r/w/o: 136267.28/38969.37/19455.18) lat (ms,95%): 52.89 err/s: 0.00 reconn/s: 0.00
[ 680s ] thds: 400 tps: 7480.62 qps: 149481.62 (r/w/o: 104658.43/29861.86/14961.33) lat (ms,95%): 104.84 err/s: 0.00 reconn/s: 0.00
[ 690s ] thds: 400 tps: 8060.18 qps: 161254.13 (r/w/o: 112836.54/32297.13/16120.46) lat (ms,95%): 92.42 err/s: 0.00 reconn/s: 0.00
[ 700s ] thds: 400 tps: 7480.09 qps: 149249.62 (r/w/o: 104415.07/29881.36/14953.18) lat (ms,95%): 99.33 err/s: 0.00 reconn/s: 0.00
[ 710s ] thds: 400 tps: 7600.12 qps: 152186.51 (r/w/o: 106554.09/30424.98/15207.44) lat (ms,95%): 90.78 err/s: 0.10 reconn/s: 0.00
[ 720s ] thds: 400 tps: 8677.89 qps: 173628.44 (r/w/o: 121567.32/34705.45/17355.67) lat (ms,95%): 77.19 err/s: 0.00 reconn/s: 0.00
[ 730s ] thds: 400 tps: 9575.65 qps: 191538.80 (r/w/o: 134094.03/38293.28/19151.49) lat (ms,95%): 55.82 err/s: 0.10 reconn/s: 0.00
[ 740s ] thds: 400 tps: 9206.09 qps: 184148.89 (r/w/o: 128875.95/36860.76/18412.18) lat (ms,95%): 74.46 err/s: 0.00 reconn/s: 0.00
[ 750s ] thds: 400 tps: 9525.46 qps: 190646.50 (r/w/o: 133470.61/38124.76/19051.13) lat (ms,95%): 58.92 err/s: 0.00 reconn/s: 0.00
[ 760s ] thds: 400 tps: 9317.02 qps: 186215.94 (r/w/o: 130382.14/37199.77/18634.03) lat (ms,95%): 65.65 err/s: 0.00 reconn/s: 0.00
[ 770s ] thds: 400 tps: 9271.18 qps: 185434.94 (r/w/o: 129774.15/37122.73/18538.06) lat (ms,95%): 70.55 err/s: 0.00 reconn/s: 0.00
[ 780s ] thds: 400 tps: 8653.22 qps: 173101.15 (r/w/o: 121194.91/34595.59/17310.64) lat (ms,95%): 86.00 err/s: 0.00 reconn/s: 0.00
[ 790s ] thds: 400 tps: 8198.80 qps: 163628.47 (r/w/o: 114485.48/32745.49/16397.50) lat (ms,95%): 94.10 err/s: 0.20 reconn/s: 0.00
[ 800s ] thds: 400 tps: 8117.69 qps: 162380.77 (r/w/o: 113673.54/32471.35/16235.88) lat (ms,95%): 99.33 err/s: 0.20 reconn/s: 0.00
[ 810s ] thds: 400 tps: 7900.66 qps: 158432.56 (r/w/o: 110926.81/31703.93/15801.82) lat (ms,95%): 95.81 err/s: 0.00 reconn/s: 0.00
[ 820s ] thds: 400 tps: 7736.76 qps: 154579.68 (r/w/o: 108241.13/30864.74/15473.82) lat (ms,95%): 95.81 err/s: 0.00 reconn/s: 0.00
[ 830s ] thds: 400 tps: 7725.50 qps: 154692.74 (r/w/o: 108257.26/30984.49/15450.99) lat (ms,95%): 108.68 err/s: 0.00 reconn/s: 0.00
[ 840s ] thds: 400 tps: 7944.26 qps: 158746.43 (r/w/o: 111137.59/31720.73/15888.11) lat (ms,95%): 92.42 err/s: 0.00 reconn/s: 0.00
SQL statistics:
    queries performed:
        read:                            101556140
        write:                           29015948
        other:                           14508060
        total:                           145080148
    transactions:                        7253984 (8629.55 per sec.)
    queries:                             145080148 (172591.56 per sec.)
    ignored errors:                      26     (0.03 per sec.)
    reconnects:                          0      (0.00 per sec.)

General statistics:
    total time:                          840.5972s
    total number of events:              7253984

Latency (ms):
         min:                                   19.60
         avg:                                   46.32
         max:                                  762.70
         95th percentile:                       86.00
         sum:                            336022450.48

Threads fairness:
    events (avg/stddev):           18134.9600/422.98
    execution time (avg/stddev):   840.0561/0.10

