sysbench 1.0.20-ebf1c90 (using bundled LuaJIT 2.1.0-beta2)

Running the test with following options:
Number of threads: 400
Report intermediate results every 10 second(s)
Initializing random number generator from current time


Initializing worker threads...

Threads started!

[ 10s ] thds: 400 tps: 5424.43 qps: 108995.32 (r/w/o: 76356.43/21751.63/10887.26) lat (ms,95%): 215.44 err/s: 0.00 reconn/s: 0.00
[ 20s ] thds: 400 tps: 7823.06 qps: 156434.89 (r/w/o: 109533.63/31253.44/15647.82) lat (ms,95%): 164.45 err/s: 0.00 reconn/s: 0.00
[ 30s ] thds: 400 tps: 8479.32 qps: 169390.06 (r/w/o: 118501.96/33936.37/16951.74) lat (ms,95%): 137.35 err/s: 0.10 reconn/s: 0.00
[ 40s ] thds: 400 tps: 8943.50 qps: 179154.86 (r/w/o: 125453.34/35807.41/17894.11) lat (ms,95%): 70.55 err/s: 0.00 reconn/s: 0.00
[ 50s ] thds: 400 tps: 9224.69 qps: 184362.60 (r/w/o: 129081.99/36831.24/18449.37) lat (ms,95%): 66.84 err/s: 0.00 reconn/s: 0.00
[ 60s ] thds: 400 tps: 9096.87 qps: 181976.07 (r/w/o: 127361.46/36420.87/18193.74) lat (ms,95%): 70.55 err/s: 0.00 reconn/s: 0.00
[ 70s ] thds: 400 tps: 9511.64 qps: 190110.25 (r/w/o: 133025.10/38064.17/19020.99) lat (ms,95%): 58.92 err/s: 0.20 reconn/s: 0.00
[ 80s ] thds: 400 tps: 9232.28 qps: 184582.29 (r/w/o: 129225.28/36898.64/18458.37) lat (ms,95%): 75.82 err/s: 0.00 reconn/s: 0.00
[ 90s ] thds: 400 tps: 9440.89 qps: 189187.03 (r/w/o: 132433.58/37862.07/18891.38) lat (ms,95%): 62.19 err/s: 0.10 reconn/s: 0.00
[ 100s ] thds: 400 tps: 9805.32 qps: 195990.65 (r/w/o: 137223.01/39157.89/19609.74) lat (ms,95%): 54.83 err/s: 0.00 reconn/s: 0.00
[ 110s ] thds: 400 tps: 9567.29 qps: 191038.29 (r/w/o: 133687.72/38223.58/19126.99) lat (ms,95%): 57.87 err/s: 0.00 reconn/s: 0.00
[ 120s ] thds: 400 tps: 6895.69 qps: 138354.02 (r/w/o: 96869.58/27684.56/13799.88) lat (ms,95%): 130.13 err/s: 0.00 reconn/s: 0.00
[ 130s ] thds: 400 tps: 6025.27 qps: 120512.30 (r/w/o: 84383.38/24078.38/12050.54) lat (ms,95%): 142.39 err/s: 0.00 reconn/s: 0.00
[ 140s ] thds: 400 tps: 6715.18 qps: 134244.45 (r/w/o: 93983.16/26830.93/13430.37) lat (ms,95%): 114.72 err/s: 0.00 reconn/s: 0.00
[ 150s ] thds: 400 tps: 9135.64 qps: 182622.66 (r/w/o: 127862.90/36488.07/18271.69) lat (ms,95%): 63.32 err/s: 0.20 reconn/s: 0.00
[ 160s ] thds: 400 tps: 9336.05 qps: 186911.32 (r/w/o: 130778.74/37460.18/18672.39) lat (ms,95%): 66.84 err/s: 0.10 reconn/s: 0.00
[ 170s ] thds: 400 tps: 9314.84 qps: 186157.96 (r/w/o: 130351.03/37176.85/18630.08) lat (ms,95%): 66.84 err/s: 0.10 reconn/s: 0.00
[ 180s ] thds: 400 tps: 9534.00 qps: 190544.10 (r/w/o: 133307.50/38168.60/19068.00) lat (ms,95%): 56.84 err/s: 0.00 reconn/s: 0.00
[ 190s ] thds: 400 tps: 9413.20 qps: 188407.87 (r/w/o: 131899.08/37682.39/18826.40) lat (ms,95%): 68.05 err/s: 0.00 reconn/s: 0.00
[ 200s ] thds: 400 tps: 9643.60 qps: 192780.92 (r/w/o: 134951.11/38542.60/19287.20) lat (ms,95%): 54.83 err/s: 0.00 reconn/s: 0.00
[ 210s ] thds: 400 tps: 9695.59 qps: 193763.13 (r/w/o: 135654.88/38717.17/19391.08) lat (ms,95%): 53.85 err/s: 0.00 reconn/s: 0.00
[ 220s ] thds: 400 tps: 9561.29 qps: 191243.37 (r/w/o: 133875.51/38244.97/19122.89) lat (ms,95%): 55.82 err/s: 0.00 reconn/s: 0.00
[ 230s ] thds: 400 tps: 7851.48 qps: 157256.49 (r/w/o: 110092.31/31461.32/15702.86) lat (ms,95%): 99.33 err/s: 0.00 reconn/s: 0.00
[ 240s ] thds: 400 tps: 7800.41 qps: 155837.00 (r/w/o: 109058.34/31180.74/15597.92) lat (ms,95%): 95.81 err/s: 0.00 reconn/s: 0.00
[ 250s ] thds: 400 tps: 6993.61 qps: 140091.83 (r/w/o: 98073.76/28027.55/13990.52) lat (ms,95%): 106.75 err/s: 0.00 reconn/s: 0.00
[ 260s ] thds: 400 tps: 7903.72 qps: 157723.64 (r/w/o: 110384.63/31531.77/15807.23) lat (ms,95%): 95.81 err/s: 0.00 reconn/s: 0.00
[ 270s ] thds: 400 tps: 9315.51 qps: 186699.71 (r/w/o: 130718.98/37349.42/18631.31) lat (ms,95%): 63.32 err/s: 0.00 reconn/s: 0.00
[ 280s ] thds: 400 tps: 9504.06 qps: 189996.02 (r/w/o: 133030.05/37958.34/19007.62) lat (ms,95%): 58.92 err/s: 0.00 reconn/s: 0.00
[ 290s ] thds: 400 tps: 9560.39 qps: 191074.76 (r/w/o: 133719.70/38233.97/19121.09) lat (ms,95%): 57.87 err/s: 0.00 reconn/s: 0.00
[ 300s ] thds: 400 tps: 9412.55 qps: 188167.22 (r/w/o: 131688.45/37656.18/18822.59) lat (ms,95%): 69.29 err/s: 0.00 reconn/s: 0.00
[ 310s ] thds: 400 tps: 9448.31 qps: 188897.46 (r/w/o: 132210.98/37792.65/18893.83) lat (ms,95%): 61.08 err/s: 0.00 reconn/s: 0.00
[ 320s ] thds: 400 tps: 9841.61 qps: 196775.80 (r/w/o: 137753.64/39333.24/19688.92) lat (ms,95%): 52.89 err/s: 0.10 reconn/s: 0.00
[ 330s ] thds: 400 tps: 9496.91 qps: 190193.73 (r/w/o: 133140.79/38058.83/18994.11) lat (ms,95%): 56.84 err/s: 0.00 reconn/s: 0.00
[ 340s ] thds: 400 tps: 7877.81 qps: 157499.62 (r/w/o: 110293.69/31450.82/15755.11) lat (ms,95%): 97.55 err/s: 0.10 reconn/s: 0.00
[ 350s ] thds: 400 tps: 7802.42 qps: 156195.85 (r/w/o: 109349.72/31240.59/15605.55) lat (ms,95%): 97.55 err/s: 0.00 reconn/s: 0.00
[ 360s ] thds: 400 tps: 7565.49 qps: 151393.47 (r/w/o: 105950.34/30312.15/15130.98) lat (ms,95%): 95.81 err/s: 0.00 reconn/s: 0.00
[ 370s ] thds: 400 tps: 7394.59 qps: 147872.89 (r/w/o: 103513.12/29570.48/14789.29) lat (ms,95%): 101.13 err/s: 0.00 reconn/s: 0.00
[ 380s ] thds: 400 tps: 8367.68 qps: 167035.64 (r/w/o: 116915.08/33385.21/16735.35) lat (ms,95%): 86.00 err/s: 0.00 reconn/s: 0.00
[ 390s ] thds: 400 tps: 8892.17 qps: 177873.92 (r/w/o: 124500.09/35592.98/17780.84) lat (ms,95%): 80.03 err/s: 0.10 reconn/s: 0.00
[ 400s ] thds: 400 tps: 8624.13 qps: 172337.11 (r/w/o: 120610.52/34474.82/17251.76) lat (ms,95%): 92.42 err/s: 0.00 reconn/s: 0.00
[ 410s ] thds: 400 tps: 7879.98 qps: 157964.07 (r/w/o: 110602.90/31600.91/15760.26) lat (ms,95%): 95.81 err/s: 0.00 reconn/s: 0.00
[ 420s ] thds: 400 tps: 8033.95 qps: 160707.87 (r/w/o: 112492.85/32147.11/16067.91) lat (ms,95%): 108.68 err/s: 0.00 reconn/s: 0.00
[ 430s ] thds: 400 tps: 8234.59 qps: 164564.48 (r/w/o: 115225.25/32871.46/16467.78) lat (ms,95%): 94.10 err/s: 0.00 reconn/s: 0.00
[ 440s ] thds: 400 tps: 9745.42 qps: 194764.06 (r/w/o: 136294.52/38977.29/19492.25) lat (ms,95%): 54.83 err/s: 0.00 reconn/s: 0.00
[ 450s ] thds: 400 tps: 9563.00 qps: 191575.19 (r/w/o: 134132.06/38317.12/19126.01) lat (ms,95%): 58.92 err/s: 0.00 reconn/s: 0.00
[ 460s ] thds: 400 tps: 7456.89 qps: 148994.43 (r/w/o: 104307.48/29774.57/14912.38) lat (ms,95%): 104.84 err/s: 0.00 reconn/s: 0.00
[ 470s ] thds: 400 tps: 7920.60 qps: 158437.15 (r/w/o: 110911.97/31682.49/15842.70) lat (ms,95%): 90.78 err/s: 0.00 reconn/s: 0.00
[ 480s ] thds: 400 tps: 7743.29 qps: 154932.37 (r/w/o: 108397.01/31054.17/15481.19) lat (ms,95%): 92.42 err/s: 0.00 reconn/s: 0.00
[ 490s ] thds: 400 tps: 8190.53 qps: 163824.66 (r/w/o: 114709.39/32729.01/16386.26) lat (ms,95%): 86.00 err/s: 0.10 reconn/s: 0.00
[ 500s ] thds: 400 tps: 9065.08 qps: 181062.78 (r/w/o: 126722.01/36210.12/18130.66) lat (ms,95%): 74.46 err/s: 0.00 reconn/s: 0.00
[ 510s ] thds: 400 tps: 9549.99 qps: 190930.71 (r/w/o: 133664.50/38167.64/19098.57) lat (ms,95%): 56.84 err/s: 0.00 reconn/s: 0.00
[ 520s ] thds: 400 tps: 9508.09 qps: 190524.29 (r/w/o: 133369.73/38136.78/19017.79) lat (ms,95%): 59.99 err/s: 0.00 reconn/s: 0.00
[ 530s ] thds: 400 tps: 9479.82 qps: 189569.24 (r/w/o: 132713.51/37896.49/18959.24) lat (ms,95%): 63.32 err/s: 0.00 reconn/s: 0.00
[ 540s ] thds: 400 tps: 9357.58 qps: 186857.30 (r/w/o: 130746.32/37403.22/18707.76) lat (ms,95%): 64.47 err/s: 0.00 reconn/s: 0.00
[ 550s ] thds: 400 tps: 9606.92 qps: 192179.03 (r/w/o: 134576.63/38381.57/19220.83) lat (ms,95%): 56.84 err/s: 0.00 reconn/s: 0.00
[ 560s ] thds: 400 tps: 9559.88 qps: 191200.93 (r/w/o: 133807.37/38272.91/19120.65) lat (ms,95%): 58.92 err/s: 0.00 reconn/s: 0.00
[ 570s ] thds: 400 tps: 7509.01 qps: 150163.87 (r/w/o: 105149.29/29996.75/15017.83) lat (ms,95%): 99.33 err/s: 0.00 reconn/s: 0.00
[ 580s ] thds: 400 tps: 7498.24 qps: 150182.04 (r/w/o: 105147.42/30037.95/14996.67) lat (ms,95%): 97.55 err/s: 0.00 reconn/s: 0.00
[ 590s ] thds: 400 tps: 7860.56 qps: 157258.24 (r/w/o: 110071.17/31465.65/15721.42) lat (ms,95%): 89.16 err/s: 0.10 reconn/s: 0.00
[ 600s ] thds: 400 tps: 7785.70 qps: 155555.93 (r/w/o: 108889.65/31095.09/15571.19) lat (ms,95%): 90.78 err/s: 0.00 reconn/s: 0.00
[ 610s ] thds: 400 tps: 9038.85 qps: 180791.86 (r/w/o: 126553.64/36160.11/18078.11) lat (ms,95%): 74.46 err/s: 0.00 reconn/s: 0.00
[ 620s ] thds: 400 tps: 9624.35 qps: 192717.13 (r/w/o: 134868.52/38599.81/19248.80) lat (ms,95%): 56.84 err/s: 0.00 reconn/s: 0.00
[ 630s ] thds: 400 tps: 9385.67 qps: 187436.19 (r/w/o: 131224.97/37439.88/18771.34) lat (ms,95%): 64.47 err/s: 0.00 reconn/s: 0.00
[ 640s ] thds: 400 tps: 9468.72 qps: 189507.48 (r/w/o: 132645.06/37925.18/18937.24) lat (ms,95%): 59.99 err/s: 0.00 reconn/s: 0.00
[ 650s ] thds: 400 tps: 9778.53 qps: 195596.56 (r/w/o: 136945.56/39093.53/19557.47) lat (ms,95%): 54.83 err/s: 0.10 reconn/s: 0.00
[ 660s ] thds: 400 tps: 9151.50 qps: 183079.40 (r/w/o: 128130.10/36646.40/18302.90) lat (ms,95%): 74.46 err/s: 0.00 reconn/s: 0.00
[ 670s ] thds: 400 tps: 9765.25 qps: 194898.84 (r/w/o: 136376.43/38998.21/19524.20) lat (ms,95%): 53.85 err/s: 0.00 reconn/s: 0.00
[ 680s ] thds: 400 tps: 7472.13 qps: 149852.28 (r/w/o: 104973.68/29927.84/14950.77) lat (ms,95%): 104.84 err/s: 0.00 reconn/s: 0.00
[ 690s ] thds: 400 tps: 8062.16 qps: 160999.40 (r/w/o: 112658.84/32216.24/16124.32) lat (ms,95%): 92.42 err/s: 0.00 reconn/s: 0.00
[ 700s ] thds: 400 tps: 7498.98 qps: 149976.74 (r/w/o: 105026.05/29952.63/14998.06) lat (ms,95%): 97.55 err/s: 0.00 reconn/s: 0.00
[ 710s ] thds: 400 tps: 7593.96 qps: 151863.93 (r/w/o: 106273.69/30404.83/15185.41) lat (ms,95%): 90.78 err/s: 0.00 reconn/s: 0.00
[ 720s ] thds: 400 tps: 8693.16 qps: 173887.75 (r/w/o: 121744.80/34754.13/17388.81) lat (ms,95%): 77.19 err/s: 0.00 reconn/s: 0.00
[ 730s ] thds: 400 tps: 9614.78 qps: 192557.28 (r/w/o: 134776.21/38551.62/19229.46) lat (ms,95%): 55.82 err/s: 0.00 reconn/s: 0.00
[ 740s ] thds: 400 tps: 9227.60 qps: 184149.76 (r/w/o: 128885.44/36808.81/18455.51) lat (ms,95%): 74.46 err/s: 0.10 reconn/s: 0.00
[ 750s ] thds: 400 tps: 9550.73 qps: 191127.26 (r/w/o: 133786.39/38240.71/19100.16) lat (ms,95%): 58.92 err/s: 0.00 reconn/s: 0.00
[ 760s ] thds: 400 tps: 9275.99 qps: 185674.50 (r/w/o: 129999.96/37127.76/18546.78) lat (ms,95%): 65.65 err/s: 0.00 reconn/s: 0.00
[ 770s ] thds: 400 tps: 9318.47 qps: 186295.93 (r/w/o: 130394.23/37263.47/18638.23) lat (ms,95%): 69.29 err/s: 0.00 reconn/s: 0.00
[ 780s ] thds: 400 tps: 8677.66 qps: 173745.62 (r/w/o: 121634.88/34750.12/17360.61) lat (ms,95%): 86.00 err/s: 0.00 reconn/s: 0.00
[ 790s ] thds: 400 tps: 8218.96 qps: 164178.89 (r/w/o: 114949.53/32791.14/16438.22) lat (ms,95%): 94.10 err/s: 0.00 reconn/s: 0.00
[ 800s ] thds: 400 tps: 8127.61 qps: 162581.72 (r/w/o: 113822.18/32504.42/16255.11) lat (ms,95%): 97.55 err/s: 0.00 reconn/s: 0.00
[ 810s ] thds: 400 tps: 7968.92 qps: 159297.04 (r/w/o: 111441.81/31917.59/15937.64) lat (ms,95%): 95.81 err/s: 0.00 reconn/s: 0.00
[ 820s ] thds: 400 tps: 7694.17 qps: 154121.97 (r/w/o: 107914.03/30818.99/15388.95) lat (ms,95%): 95.81 err/s: 0.10 reconn/s: 0.00
[ 830s ] thds: 400 tps: 7790.25 qps: 155496.85 (r/w/o: 108800.54/31115.71/15580.61) lat (ms,95%): 108.68 err/s: 0.00 reconn/s: 0.00
[ 840s ] thds: 400 tps: 7922.38 qps: 158749.95 (r/w/o: 111168.28/31736.81/15844.85) lat (ms,95%): 90.78 err/s: 0.00 reconn/s: 0.00
SQL statistics:
    queries performed:
        read:                            101637858
        write:                           29039318
        other:                           14519732
        total:                           145196908
    transactions:                        7259831 (8636.51 per sec.)
    queries:                             145196908 (172730.56 per sec.)
    ignored errors:                      16     (0.02 per sec.)
    reconnects:                          0      (0.00 per sec.)

General statistics:
    total time:                          840.5965s
    total number of events:              7259831

Latency (ms):
         min:                                   19.77
         avg:                                   46.28
         max:                                  903.67
         95th percentile:                       86.00
         sum:                            336019095.10

Threads fairness:
    events (avg/stddev):           18149.5775/446.84
    execution time (avg/stddev):   840.0477/0.09

