sysbench 1.0.20-ebf1c90 (using bundled LuaJIT 2.1.0-beta2)

Running the test with following options:
Number of threads: 400
Report intermediate results every 10 second(s)
Initializing random number generator from current time


Initializing worker threads...

Threads started!

[ 10s ] thds: 400 tps: 5480.14 qps: 110022.24 (r/w/o: 77069.21/21957.16/10995.88) lat (ms,95%): 215.44 err/s: 0.00 reconn/s: 0.00
[ 20s ] thds: 400 tps: 7830.07 qps: 156625.54 (r/w/o: 109658.31/31302.39/15664.84) lat (ms,95%): 164.45 err/s: 0.00 reconn/s: 0.00
[ 30s ] thds: 400 tps: 8486.94 qps: 169611.16 (r/w/o: 118706.30/33933.47/16971.39) lat (ms,95%): 134.90 err/s: 0.00 reconn/s: 0.00
[ 40s ] thds: 400 tps: 8997.56 qps: 180213.80 (r/w/o: 126176.77/36040.02/17997.01) lat (ms,95%): 69.29 err/s: 0.00 reconn/s: 0.00
[ 50s ] thds: 400 tps: 9176.04 qps: 183356.37 (r/w/o: 128348.21/36656.07/18352.09) lat (ms,95%): 68.05 err/s: 0.00 reconn/s: 0.00
[ 60s ] thds: 400 tps: 9107.38 qps: 182192.39 (r/w/o: 127520.58/36457.64/18214.17) lat (ms,95%): 70.55 err/s: 0.00 reconn/s: 0.00
[ 70s ] thds: 400 tps: 9462.77 qps: 189144.29 (r/w/o: 132379.37/37837.88/18927.04) lat (ms,95%): 59.99 err/s: 0.00 reconn/s: 0.00
[ 80s ] thds: 400 tps: 9227.83 qps: 184475.43 (r/w/o: 129121.27/36900.71/18453.45) lat (ms,95%): 74.46 err/s: 0.00 reconn/s: 0.00
[ 90s ] thds: 400 tps: 9432.80 qps: 189003.16 (r/w/o: 132355.14/37780.21/18867.81) lat (ms,95%): 62.19 err/s: 0.00 reconn/s: 0.00
[ 100s ] thds: 400 tps: 9731.82 qps: 194653.69 (r/w/o: 136235.24/38954.80/19463.65) lat (ms,95%): 55.82 err/s: 0.00 reconn/s: 0.00
[ 110s ] thds: 400 tps: 9535.79 qps: 190356.50 (r/w/o: 133199.66/38092.36/19064.48) lat (ms,95%): 57.87 err/s: 0.00 reconn/s: 0.00
[ 120s ] thds: 400 tps: 6849.46 qps: 137281.97 (r/w/o: 96186.32/27389.83/13705.82) lat (ms,95%): 130.13 err/s: 0.00 reconn/s: 0.00
[ 130s ] thds: 400 tps: 6019.25 qps: 120374.75 (r/w/o: 84261.46/24074.59/12038.69) lat (ms,95%): 139.85 err/s: 0.00 reconn/s: 0.00
[ 140s ] thds: 400 tps: 6716.81 qps: 134313.27 (r/w/o: 93993.42/26886.13/13433.72) lat (ms,95%): 114.72 err/s: 0.00 reconn/s: 0.00
[ 150s ] thds: 400 tps: 9116.19 qps: 182384.19 (r/w/o: 127686.75/36464.96/18232.48) lat (ms,95%): 64.47 err/s: 0.00 reconn/s: 0.00
[ 160s ] thds: 400 tps: 9343.39 qps: 186854.95 (r/w/o: 130788.59/37381.47/18684.88) lat (ms,95%): 66.84 err/s: 0.00 reconn/s: 0.00
[ 170s ] thds: 400 tps: 9351.63 qps: 187096.28 (r/w/o: 130961.80/37429.32/18705.16) lat (ms,95%): 65.65 err/s: 0.00 reconn/s: 0.00
[ 180s ] thds: 400 tps: 9518.78 qps: 190272.95 (r/w/o: 133146.49/38088.61/19037.86) lat (ms,95%): 56.84 err/s: 0.10 reconn/s: 0.00
[ 190s ] thds: 400 tps: 9438.00 qps: 188714.91 (r/w/o: 132125.60/37713.20/18876.10) lat (ms,95%): 69.29 err/s: 0.00 reconn/s: 0.00
[ 200s ] thds: 400 tps: 9646.22 qps: 192720.94 (r/w/o: 134879.84/38548.87/19292.23) lat (ms,95%): 55.82 err/s: 0.00 reconn/s: 0.00
[ 210s ] thds: 400 tps: 9657.59 qps: 193321.22 (r/w/o: 135358.90/38647.14/19315.17) lat (ms,95%): 54.83 err/s: 0.00 reconn/s: 0.00
[ 220s ] thds: 400 tps: 9536.84 qps: 190786.95 (r/w/o: 133579.42/38133.45/19074.07) lat (ms,95%): 56.84 err/s: 0.10 reconn/s: 0.00
[ 230s ] thds: 400 tps: 7845.31 qps: 156587.55 (r/w/o: 109525.87/31379.15/15682.52) lat (ms,95%): 99.33 err/s: 0.00 reconn/s: 0.00
[ 240s ] thds: 400 tps: 7807.24 qps: 156442.31 (r/w/o: 109567.50/31253.34/15621.47) lat (ms,95%): 95.81 err/s: 0.00 reconn/s: 0.00
[ 250s ] thds: 400 tps: 6992.10 qps: 139918.18 (r/w/o: 97948.55/27984.32/13985.31) lat (ms,95%): 106.75 err/s: 0.00 reconn/s: 0.00
[ 260s ] thds: 400 tps: 7890.52 qps: 157836.05 (r/w/o: 110445.85/31616.77/15773.44) lat (ms,95%): 95.81 err/s: 0.10 reconn/s: 0.00
[ 270s ] thds: 400 tps: 9326.81 qps: 186600.04 (r/w/o: 130650.00/37288.63/18661.41) lat (ms,95%): 63.32 err/s: 0.00 reconn/s: 0.00
[ 280s ] thds: 400 tps: 9468.28 qps: 189293.20 (r/w/o: 132524.92/37832.42/18935.86) lat (ms,95%): 58.92 err/s: 0.00 reconn/s: 0.00
[ 290s ] thds: 400 tps: 9489.01 qps: 189634.19 (r/w/o: 132733.70/37921.56/18978.93) lat (ms,95%): 58.92 err/s: 0.00 reconn/s: 0.00
[ 300s ] thds: 400 tps: 9413.45 qps: 188206.13 (r/w/o: 131709.62/37669.41/18827.10) lat (ms,95%): 69.29 err/s: 0.10 reconn/s: 0.00
[ 310s ] thds: 400 tps: 9429.04 qps: 188487.18 (r/w/o: 131917.34/37712.46/18857.38) lat (ms,95%): 61.08 err/s: 0.10 reconn/s: 0.00
[ 320s ] thds: 400 tps: 9853.58 qps: 197119.53 (r/w/o: 138005.34/39406.03/19708.16) lat (ms,95%): 52.89 err/s: 0.00 reconn/s: 0.00
[ 330s ] thds: 400 tps: 9489.32 qps: 189917.20 (r/w/o: 132948.91/37989.26/18979.03) lat (ms,95%): 57.87 err/s: 0.10 reconn/s: 0.00
[ 340s ] thds: 400 tps: 7858.90 qps: 157431.22 (r/w/o: 110205.22/31508.20/15717.80) lat (ms,95%): 97.55 err/s: 0.00 reconn/s: 0.00
[ 350s ] thds: 400 tps: 7843.29 qps: 156601.70 (r/w/o: 109664.03/31251.08/15686.59) lat (ms,95%): 97.55 err/s: 0.00 reconn/s: 0.00
[ 360s ] thds: 400 tps: 7571.09 qps: 151436.69 (r/w/o: 105978.52/30316.18/15141.99) lat (ms,95%): 95.81 err/s: 0.00 reconn/s: 0.00
[ 370s ] thds: 400 tps: 7352.21 qps: 147189.03 (r/w/o: 103065.79/29418.63/14704.61) lat (ms,95%): 101.13 err/s: 0.00 reconn/s: 0.00
[ 380s ] thds: 400 tps: 8346.34 qps: 166714.48 (r/w/o: 116666.01/33355.68/16692.79) lat (ms,95%): 84.47 err/s: 0.00 reconn/s: 0.00
[ 390s ] thds: 400 tps: 8887.30 qps: 177635.92 (r/w/o: 124319.64/35541.28/17774.99) lat (ms,95%): 80.03 err/s: 0.20 reconn/s: 0.00
[ 400s ] thds: 400 tps: 8605.18 qps: 172272.07 (r/w/o: 120622.67/34439.93/17209.47) lat (ms,95%): 92.42 err/s: 0.00 reconn/s: 0.00
[ 410s ] thds: 400 tps: 7843.35 qps: 157021.18 (r/w/o: 109922.56/31411.02/15687.61) lat (ms,95%): 97.55 err/s: 0.00 reconn/s: 0.00
[ 420s ] thds: 400 tps: 8018.52 qps: 160308.35 (r/w/o: 112224.62/32046.69/16037.05) lat (ms,95%): 110.66 err/s: 0.00 reconn/s: 0.00
[ 430s ] thds: 400 tps: 8214.71 qps: 164029.87 (r/w/o: 114775.49/32825.45/16428.93) lat (ms,95%): 95.81 err/s: 0.00 reconn/s: 0.00
[ 440s ] thds: 400 tps: 9679.38 qps: 193781.01 (r/w/o: 135669.83/38753.82/19357.36) lat (ms,95%): 54.83 err/s: 0.00 reconn/s: 0.00
[ 450s ] thds: 400 tps: 9608.31 qps: 192246.17 (r/w/o: 134570.19/38457.45/19218.53) lat (ms,95%): 58.92 err/s: 0.00 reconn/s: 0.00
[ 460s ] thds: 400 tps: 7404.01 qps: 148096.66 (r/w/o: 103679.61/29609.03/14808.02) lat (ms,95%): 104.84 err/s: 0.00 reconn/s: 0.00
[ 470s ] thds: 400 tps: 7900.41 qps: 158084.30 (r/w/o: 110617.67/31671.82/15794.81) lat (ms,95%): 92.42 err/s: 0.00 reconn/s: 0.00
[ 480s ] thds: 400 tps: 7715.14 qps: 154366.73 (r/w/o: 108072.28/30858.27/15436.18) lat (ms,95%): 92.42 err/s: 0.00 reconn/s: 0.00
[ 490s ] thds: 400 tps: 8095.85 qps: 161801.06 (r/w/o: 113289.37/32319.79/16191.90) lat (ms,95%): 87.56 err/s: 0.00 reconn/s: 0.00
[ 500s ] thds: 400 tps: 9036.16 qps: 180442.36 (r/w/o: 126282.78/36087.35/18072.23) lat (ms,95%): 74.46 err/s: 0.10 reconn/s: 0.00
[ 510s ] thds: 400 tps: 9539.78 qps: 190845.11 (r/w/o: 133600.13/38164.72/19080.26) lat (ms,95%): 56.84 err/s: 0.10 reconn/s: 0.00
[ 520s ] thds: 400 tps: 9569.72 qps: 191638.17 (r/w/o: 134171.46/38326.97/19139.74) lat (ms,95%): 59.99 err/s: 0.00 reconn/s: 0.00
[ 530s ] thds: 400 tps: 9453.96 qps: 188867.97 (r/w/o: 132169.42/37792.83/18905.72) lat (ms,95%): 63.32 err/s: 0.00 reconn/s: 0.00
[ 540s ] thds: 400 tps: 9371.02 qps: 187427.24 (r/w/o: 131201.44/37481.87/18743.93) lat (ms,95%): 64.47 err/s: 0.00 reconn/s: 0.00
[ 550s ] thds: 400 tps: 9595.04 qps: 192152.59 (r/w/o: 134534.15/38427.66/19190.78) lat (ms,95%): 55.82 err/s: 0.10 reconn/s: 0.00
[ 560s ] thds: 400 tps: 9536.51 qps: 190797.12 (r/w/o: 133535.45/38188.14/19073.52) lat (ms,95%): 58.92 err/s: 0.10 reconn/s: 0.00
[ 570s ] thds: 400 tps: 7430.90 qps: 148556.38 (r/w/o: 104008.89/29685.50/14862.00) lat (ms,95%): 101.13 err/s: 0.10 reconn/s: 0.00
[ 580s ] thds: 400 tps: 7533.92 qps: 150557.78 (r/w/o: 105401.37/30088.68/15067.74) lat (ms,95%): 97.55 err/s: 0.00 reconn/s: 0.00
[ 590s ] thds: 400 tps: 7832.76 qps: 156732.72 (r/w/o: 109721.08/31345.92/15665.71) lat (ms,95%): 90.78 err/s: 0.00 reconn/s: 0.00
[ 600s ] thds: 400 tps: 7761.27 qps: 155150.27 (r/w/o: 108599.66/31027.77/15522.84) lat (ms,95%): 90.78 err/s: 0.10 reconn/s: 0.00
[ 610s ] thds: 400 tps: 9048.51 qps: 180825.57 (r/w/o: 126557.79/36173.35/18094.43) lat (ms,95%): 74.46 err/s: 0.00 reconn/s: 0.00
[ 620s ] thds: 400 tps: 9639.07 qps: 193094.32 (r/w/o: 135155.42/38658.46/19280.43) lat (ms,95%): 57.87 err/s: 0.00 reconn/s: 0.00
[ 630s ] thds: 400 tps: 9401.27 qps: 187835.40 (r/w/o: 131500.38/37532.18/18802.84) lat (ms,95%): 63.32 err/s: 0.00 reconn/s: 0.00
[ 640s ] thds: 400 tps: 9501.29 qps: 189928.28 (r/w/o: 132947.54/37978.66/19002.08) lat (ms,95%): 59.99 err/s: 0.00 reconn/s: 0.00
[ 650s ] thds: 400 tps: 9739.51 qps: 194885.27 (r/w/o: 136400.69/39005.05/19479.53) lat (ms,95%): 54.83 err/s: 0.00 reconn/s: 0.00
[ 660s ] thds: 400 tps: 9075.71 qps: 181618.70 (r/w/o: 127147.94/36319.24/18151.52) lat (ms,95%): 75.82 err/s: 0.00 reconn/s: 0.00
[ 670s ] thds: 400 tps: 9755.97 qps: 194923.47 (r/w/o: 136424.33/38996.79/19502.35) lat (ms,95%): 53.85 err/s: 0.00 reconn/s: 0.00
[ 680s ] thds: 400 tps: 7503.84 qps: 150202.64 (r/w/o: 105174.32/30017.05/15011.27) lat (ms,95%): 104.84 err/s: 0.00 reconn/s: 0.00
[ 690s ] thds: 400 tps: 8036.38 qps: 160844.82 (r/w/o: 112581.34/32184.62/16078.86) lat (ms,95%): 92.42 err/s: 0.00 reconn/s: 0.00
[ 700s ] thds: 400 tps: 7499.59 qps: 149985.47 (r/w/o: 105005.01/29981.07/14999.39) lat (ms,95%): 99.33 err/s: 0.00 reconn/s: 0.00
[ 710s ] thds: 400 tps: 7622.01 qps: 152498.56 (r/w/o: 106723.21/30531.13/15244.22) lat (ms,95%): 90.78 err/s: 0.10 reconn/s: 0.00
[ 720s ] thds: 400 tps: 8727.78 qps: 174341.11 (r/w/o: 122090.53/34794.92/17455.66) lat (ms,95%): 77.19 err/s: 0.00 reconn/s: 0.00
[ 730s ] thds: 400 tps: 9558.35 qps: 191195.01 (r/w/o: 133793.14/38291.38/19110.49) lat (ms,95%): 55.82 err/s: 0.00 reconn/s: 0.00
[ 740s ] thds: 400 tps: 9196.68 qps: 183702.22 (r/w/o: 128572.64/36729.73/18399.86) lat (ms,95%): 74.46 err/s: 0.10 reconn/s: 0.00
[ 750s ] thds: 400 tps: 9580.72 qps: 191604.96 (r/w/o: 134102.65/38340.87/19161.44) lat (ms,95%): 58.92 err/s: 0.00 reconn/s: 0.00
[ 760s ] thds: 400 tps: 9306.07 qps: 186390.99 (r/w/o: 130540.24/37238.30/18612.45) lat (ms,95%): 65.65 err/s: 0.00 reconn/s: 0.00
[ 770s ] thds: 400 tps: 9268.62 qps: 185437.01 (r/w/o: 129778.72/37120.66/18537.63) lat (ms,95%): 70.55 err/s: 0.10 reconn/s: 0.00
[ 780s ] thds: 400 tps: 8681.14 qps: 173593.68 (r/w/o: 121529.44/34703.26/17360.98) lat (ms,95%): 86.00 err/s: 0.00 reconn/s: 0.00
[ 790s ] thds: 400 tps: 8170.25 qps: 163345.72 (r/w/o: 114355.62/32648.30/16341.80) lat (ms,95%): 94.10 err/s: 0.00 reconn/s: 0.00
[ 800s ] thds: 400 tps: 8090.51 qps: 161805.01 (r/w/o: 113282.04/32342.14/16180.82) lat (ms,95%): 99.33 err/s: 0.30 reconn/s: 0.00
[ 810s ] thds: 400 tps: 7942.55 qps: 158621.72 (r/w/o: 110971.51/31764.10/15886.10) lat (ms,95%): 97.55 err/s: 0.00 reconn/s: 0.00
[ 820s ] thds: 400 tps: 7720.09 qps: 154637.21 (r/w/o: 108269.57/30927.46/15440.18) lat (ms,95%): 95.81 err/s: 0.00 reconn/s: 0.00
[ 830s ] thds: 400 tps: 7712.28 qps: 153916.72 (r/w/o: 107678.93/30818.52/15419.26) lat (ms,95%): 110.66 err/s: 0.00 reconn/s: 0.00
[ 840s ] thds: 400 tps: 7891.96 qps: 158139.04 (r/w/o: 110722.69/31632.83/15783.52) lat (ms,95%): 90.78 err/s: 0.00 reconn/s: 0.00
SQL statistics:
    queries performed:
        read:                            101498152
        write:                           28999388
        other:                           14499780
        total:                           144997320
    transactions:                        7249848 (8623.71 per sec.)
    queries:                             144997320 (172474.64 per sec.)
    ignored errors:                      20     (0.02 per sec.)
    reconnects:                          0      (0.00 per sec.)

General statistics:
    total time:                          840.6868s
    total number of events:              7249848

Latency (ms):
         min:                                   19.75
         avg:                                   46.35
         max:                                  921.60
         95th percentile:                       86.00
         sum:                            336043677.68

Threads fairness:
    events (avg/stddev):           18124.6200/425.50
    execution time (avg/stddev):   840.1092/0.14

