sysbench 1.0.20-ebf1c90 (using bundled LuaJIT 2.1.0-beta2)

Running the test with following options:
Number of threads: 400
Report intermediate results every 10 second(s)
Initializing random number generator from current time


Initializing worker threads...

Threads started!

[ 10s ] thds: 400 tps: 5422.24 qps: 108916.51 (r/w/o: 76294.16/21737.77/10884.58) lat (ms,95%): 215.44 err/s: 0.00 reconn/s: 0.00
[ 20s ] thds: 400 tps: 7849.91 qps: 156976.31 (r/w/o: 109910.48/31365.92/15699.91) lat (ms,95%): 164.45 err/s: 0.00 reconn/s: 0.00
[ 30s ] thds: 400 tps: 8439.18 qps: 169039.94 (r/w/o: 118299.58/33861.81/16878.55) lat (ms,95%): 139.85 err/s: 0.10 reconn/s: 0.00
[ 40s ] thds: 400 tps: 9005.91 qps: 179919.60 (r/w/o: 125943.04/35964.34/18012.22) lat (ms,95%): 69.29 err/s: 0.10 reconn/s: 0.00
[ 50s ] thds: 400 tps: 9202.52 qps: 183913.41 (r/w/o: 128759.06/36749.41/18404.95) lat (ms,95%): 68.05 err/s: 0.00 reconn/s: 0.00
[ 60s ] thds: 400 tps: 9077.19 qps: 181683.01 (r/w/o: 127180.07/36350.06/18152.88) lat (ms,95%): 70.55 err/s: 0.10 reconn/s: 0.00
[ 70s ] thds: 400 tps: 9533.93 qps: 190525.98 (r/w/o: 133312.20/38149.72/19064.06) lat (ms,95%): 58.92 err/s: 0.10 reconn/s: 0.00
[ 80s ] thds: 400 tps: 9212.33 qps: 184547.86 (r/w/o: 129230.70/36886.11/18431.06) lat (ms,95%): 74.46 err/s: 0.20 reconn/s: 0.00
[ 90s ] thds: 400 tps: 9477.32 qps: 189468.11 (r/w/o: 132611.92/37901.46/18954.73) lat (ms,95%): 61.08 err/s: 0.00 reconn/s: 0.00
[ 100s ] thds: 400 tps: 9760.40 qps: 195269.81 (r/w/o: 136729.31/39019.40/19521.10) lat (ms,95%): 55.82 err/s: 0.10 reconn/s: 0.00
[ 110s ] thds: 400 tps: 9542.34 qps: 190865.49 (r/w/o: 133575.45/38205.26/19084.78) lat (ms,95%): 56.84 err/s: 0.00 reconn/s: 0.00
[ 120s ] thds: 400 tps: 6930.19 qps: 138577.16 (r/w/o: 96995.43/27721.05/13860.68) lat (ms,95%): 127.81 err/s: 0.10 reconn/s: 0.00
[ 130s ] thds: 400 tps: 6053.09 qps: 121090.46 (r/w/o: 84790.30/24193.97/12106.19) lat (ms,95%): 139.85 err/s: 0.00 reconn/s: 0.00
[ 140s ] thds: 400 tps: 6731.41 qps: 134551.98 (r/w/o: 94192.92/26896.24/13462.82) lat (ms,95%): 114.72 err/s: 0.00 reconn/s: 0.00
[ 150s ] thds: 400 tps: 9142.33 qps: 182780.90 (r/w/o: 127975.32/36520.52/18285.06) lat (ms,95%): 64.47 err/s: 0.10 reconn/s: 0.00
[ 160s ] thds: 400 tps: 9325.72 qps: 186684.64 (r/w/o: 130636.11/37397.09/18651.44) lat (ms,95%): 66.84 err/s: 0.00 reconn/s: 0.00
[ 170s ] thds: 400 tps: 9386.12 qps: 187617.84 (r/w/o: 131369.04/37476.37/18772.43) lat (ms,95%): 65.65 err/s: 0.10 reconn/s: 0.00
[ 180s ] thds: 400 tps: 9556.89 qps: 191056.49 (r/w/o: 133673.45/38276.16/19106.88) lat (ms,95%): 56.84 err/s: 0.00 reconn/s: 0.00
[ 190s ] thds: 400 tps: 9476.12 qps: 189540.15 (r/w/o: 132682.94/37899.67/18957.53) lat (ms,95%): 68.05 err/s: 0.00 reconn/s: 0.00
[ 200s ] thds: 400 tps: 9646.21 qps: 192848.13 (r/w/o: 134978.76/38574.95/19294.42) lat (ms,95%): 54.83 err/s: 0.10 reconn/s: 0.00
[ 210s ] thds: 400 tps: 9716.16 qps: 194187.34 (r/w/o: 135949.50/38808.83/19429.01) lat (ms,95%): 54.83 err/s: 0.20 reconn/s: 0.00
[ 220s ] thds: 400 tps: 9565.08 qps: 191324.99 (r/w/o: 133932.21/38258.72/19134.06) lat (ms,95%): 56.84 err/s: 0.10 reconn/s: 0.00
[ 230s ] thds: 400 tps: 7857.09 qps: 157392.74 (r/w/o: 110203.91/31474.65/15714.17) lat (ms,95%): 99.33 err/s: 0.00 reconn/s: 0.00
[ 240s ] thds: 400 tps: 7833.15 qps: 156491.85 (r/w/o: 109510.67/31320.59/15660.60) lat (ms,95%): 95.81 err/s: 0.00 reconn/s: 0.00
[ 250s ] thds: 400 tps: 7001.17 qps: 140215.76 (r/w/o: 98173.35/28034.27/14008.14) lat (ms,95%): 106.75 err/s: 0.00 reconn/s: 0.00
[ 260s ] thds: 400 tps: 7895.66 qps: 157546.24 (r/w/o: 110239.77/31517.55/15788.92) lat (ms,95%): 95.81 err/s: 0.00 reconn/s: 0.00
[ 270s ] thds: 400 tps: 9344.08 qps: 187301.42 (r/w/o: 131166.41/37444.24/18690.77) lat (ms,95%): 63.32 err/s: 0.10 reconn/s: 0.00
[ 280s ] thds: 400 tps: 9476.78 qps: 189447.98 (r/w/o: 132638.71/37855.81/18953.46) lat (ms,95%): 58.92 err/s: 0.00 reconn/s: 0.00
[ 290s ] thds: 400 tps: 9559.12 qps: 191038.99 (r/w/o: 133677.34/38245.20/19116.45) lat (ms,95%): 57.87 err/s: 0.00 reconn/s: 0.00
[ 300s ] thds: 400 tps: 9388.13 qps: 187770.23 (r/w/o: 131430.97/37565.31/18773.95) lat (ms,95%): 69.29 err/s: 0.10 reconn/s: 0.00
[ 310s ] thds: 400 tps: 9453.91 qps: 189371.49 (r/w/o: 132551.43/37909.33/18910.72) lat (ms,95%): 61.08 err/s: 0.00 reconn/s: 0.00
[ 320s ] thds: 400 tps: 9879.69 qps: 197177.78 (r/w/o: 138018.27/39408.83/19750.67) lat (ms,95%): 52.89 err/s: 0.00 reconn/s: 0.00
[ 330s ] thds: 400 tps: 9534.94 qps: 190865.34 (r/w/o: 133597.79/38187.17/19080.38) lat (ms,95%): 56.84 err/s: 0.00 reconn/s: 0.00
[ 340s ] thds: 400 tps: 7938.92 qps: 158731.67 (r/w/o: 111158.36/31696.17/15877.14) lat (ms,95%): 95.81 err/s: 0.10 reconn/s: 0.00
[ 350s ] thds: 400 tps: 7830.07 qps: 156747.91 (r/w/o: 109751.22/31335.56/15661.13) lat (ms,95%): 97.55 err/s: 0.00 reconn/s: 0.00
[ 360s ] thds: 400 tps: 7562.28 qps: 151362.32 (r/w/o: 105925.57/30312.11/15124.65) lat (ms,95%): 95.81 err/s: 0.00 reconn/s: 0.00
[ 370s ] thds: 400 tps: 7399.38 qps: 147969.25 (r/w/o: 103578.58/29591.71/14798.95) lat (ms,95%): 101.13 err/s: 0.10 reconn/s: 0.00
[ 380s ] thds: 400 tps: 8401.84 qps: 167688.73 (r/w/o: 117361.61/33523.75/16803.37) lat (ms,95%): 86.00 err/s: 0.10 reconn/s: 0.00
[ 390s ] thds: 400 tps: 8916.35 qps: 178392.18 (r/w/o: 124860.26/35698.62/17833.31) lat (ms,95%): 80.03 err/s: 0.00 reconn/s: 0.00
[ 400s ] thds: 400 tps: 8645.05 qps: 172695.97 (r/w/o: 120857.45/34555.21/17283.31) lat (ms,95%): 92.42 err/s: 0.10 reconn/s: 0.00
[ 410s ] thds: 400 tps: 7892.13 qps: 158230.54 (r/w/o: 110806.25/31632.83/15791.46) lat (ms,95%): 95.81 err/s: 0.10 reconn/s: 0.00
[ 420s ] thds: 400 tps: 8023.27 qps: 160497.33 (r/w/o: 112350.43/32100.37/16046.53) lat (ms,95%): 108.68 err/s: 0.00 reconn/s: 0.00
[ 430s ] thds: 400 tps: 8216.64 qps: 164218.01 (r/w/o: 114971.84/32814.69/16431.49) lat (ms,95%): 94.10 err/s: 0.00 reconn/s: 0.00
[ 440s ] thds: 400 tps: 9748.37 qps: 194786.85 (r/w/o: 136298.54/38989.38/19498.94) lat (ms,95%): 54.83 err/s: 0.10 reconn/s: 0.00
[ 450s ] thds: 400 tps: 9604.53 qps: 192435.88 (r/w/o: 134762.71/38463.82/19209.36) lat (ms,95%): 57.87 err/s: 0.10 reconn/s: 0.00
[ 460s ] thds: 400 tps: 7514.36 qps: 150170.21 (r/w/o: 105122.87/30018.62/15028.71) lat (ms,95%): 102.97 err/s: 0.00 reconn/s: 0.00
[ 470s ] thds: 400 tps: 7969.75 qps: 159408.70 (r/w/o: 111591.20/31877.80/15939.70) lat (ms,95%): 90.78 err/s: 0.00 reconn/s: 0.00
[ 480s ] thds: 400 tps: 7740.74 qps: 155027.70 (r/w/o: 108470.43/31075.58/15481.69) lat (ms,95%): 92.42 err/s: 0.10 reconn/s: 0.00
[ 490s ] thds: 400 tps: 8160.87 qps: 163074.90 (r/w/o: 114180.28/32573.48/16321.14) lat (ms,95%): 86.00 err/s: 0.00 reconn/s: 0.00
[ 500s ] thds: 400 tps: 9063.64 qps: 180981.64 (r/w/o: 126654.82/36202.25/18124.57) lat (ms,95%): 74.46 err/s: 0.00 reconn/s: 0.00
[ 510s ] thds: 400 tps: 9616.19 qps: 192281.40 (r/w/o: 134592.16/38453.26/19235.98) lat (ms,95%): 56.84 err/s: 0.10 reconn/s: 0.00
[ 520s ] thds: 400 tps: 9578.43 qps: 191944.53 (r/w/o: 134398.67/38389.01/19156.85) lat (ms,95%): 58.92 err/s: 0.00 reconn/s: 0.00
[ 530s ] thds: 400 tps: 9498.80 qps: 189959.99 (r/w/o: 132991.67/37970.72/18997.61) lat (ms,95%): 63.32 err/s: 0.00 reconn/s: 0.00
[ 540s ] thds: 400 tps: 9363.25 qps: 187039.07 (r/w/o: 130864.45/37455.81/18718.81) lat (ms,95%): 64.47 err/s: 0.00 reconn/s: 0.00
[ 550s ] thds: 400 tps: 9603.66 qps: 192209.33 (r/w/o: 134605.36/38388.85/19215.12) lat (ms,95%): 56.84 err/s: 0.00 reconn/s: 0.00
[ 560s ] thds: 400 tps: 9568.69 qps: 191165.98 (r/w/o: 133751.55/38276.95/19137.48) lat (ms,95%): 58.92 err/s: 0.00 reconn/s: 0.00
[ 570s ] thds: 400 tps: 7509.98 qps: 150219.62 (r/w/o: 105194.24/30005.32/15020.06) lat (ms,95%): 99.33 err/s: 0.00 reconn/s: 0.00
[ 580s ] thds: 400 tps: 7512.72 qps: 150474.53 (r/w/o: 105368.23/30080.87/15025.43) lat (ms,95%): 97.55 err/s: 0.00 reconn/s: 0.00
[ 590s ] thds: 400 tps: 7878.71 qps: 157627.21 (r/w/o: 110333.35/31536.34/15757.52) lat (ms,95%): 89.16 err/s: 0.00 reconn/s: 0.00
[ 600s ] thds: 400 tps: 7798.28 qps: 155874.00 (r/w/o: 109101.49/31175.84/15596.67) lat (ms,95%): 90.78 err/s: 0.00 reconn/s: 0.00
[ 610s ] thds: 400 tps: 9069.40 qps: 181278.43 (r/w/o: 126884.12/36256.91/18137.40) lat (ms,95%): 73.13 err/s: 0.00 reconn/s: 0.00
[ 620s ] thds: 400 tps: 9654.65 qps: 193388.09 (r/w/o: 135357.36/38719.92/19310.80) lat (ms,95%): 56.84 err/s: 0.00 reconn/s: 0.00
[ 630s ] thds: 400 tps: 9429.42 qps: 188315.74 (r/w/o: 131836.21/37624.69/18854.84) lat (ms,95%): 63.32 err/s: 0.20 reconn/s: 0.00
[ 640s ] thds: 400 tps: 9483.84 qps: 189812.46 (r/w/o: 132858.80/37982.17/18971.49) lat (ms,95%): 59.99 err/s: 0.10 reconn/s: 0.00
[ 650s ] thds: 400 tps: 9823.12 qps: 196473.64 (r/w/o: 137556.61/39269.89/19647.14) lat (ms,95%): 54.83 err/s: 0.00 reconn/s: 0.00
[ 660s ] thds: 400 tps: 9115.33 qps: 182354.84 (r/w/o: 127635.58/36488.71/18230.55) lat (ms,95%): 75.82 err/s: 0.00 reconn/s: 0.00
[ 670s ] thds: 400 tps: 9727.87 qps: 194578.14 (r/w/o: 136175.21/38952.09/19450.84) lat (ms,95%): 53.85 err/s: 0.00 reconn/s: 0.00
[ 680s ] thds: 400 tps: 7529.43 qps: 150577.18 (r/w/o: 105460.68/30052.34/15064.17) lat (ms,95%): 104.84 err/s: 0.10 reconn/s: 0.00
[ 690s ] thds: 400 tps: 8078.02 qps: 161350.75 (r/w/o: 112896.85/32301.97/16151.93) lat (ms,95%): 90.78 err/s: 0.00 reconn/s: 0.00
[ 700s ] thds: 400 tps: 7539.00 qps: 150710.32 (r/w/o: 105512.01/30116.00/15082.30) lat (ms,95%): 97.55 err/s: 0.10 reconn/s: 0.00
[ 710s ] thds: 400 tps: 7635.30 qps: 152756.43 (r/w/o: 106917.02/30572.00/15267.40) lat (ms,95%): 90.78 err/s: 0.10 reconn/s: 0.00
[ 720s ] thds: 400 tps: 8690.41 qps: 173814.03 (r/w/o: 121689.56/34739.95/17384.52) lat (ms,95%): 77.19 err/s: 0.20 reconn/s: 0.00
[ 730s ] thds: 400 tps: 9609.45 qps: 192446.54 (r/w/o: 134706.45/38520.89/19219.19) lat (ms,95%): 55.82 err/s: 0.10 reconn/s: 0.00
[ 740s ] thds: 400 tps: 9248.05 qps: 184521.75 (r/w/o: 129126.44/36902.81/18492.50) lat (ms,95%): 74.46 err/s: 0.00 reconn/s: 0.00
[ 750s ] thds: 400 tps: 9531.02 qps: 190814.14 (r/w/o: 133583.34/38165.67/19065.13) lat (ms,95%): 58.92 err/s: 0.00 reconn/s: 0.00
[ 760s ] thds: 400 tps: 9303.07 qps: 186306.86 (r/w/o: 130455.45/37244.77/18606.64) lat (ms,95%): 65.65 err/s: 0.00 reconn/s: 0.00
[ 770s ] thds: 400 tps: 9312.71 qps: 186098.02 (r/w/o: 130246.35/37229.64/18622.02) lat (ms,95%): 69.29 err/s: 0.00 reconn/s: 0.00
[ 780s ] thds: 400 tps: 8655.25 qps: 173252.58 (r/w/o: 121299.68/34638.90/17314.00) lat (ms,95%): 86.00 err/s: 0.00 reconn/s: 0.00
[ 790s ] thds: 400 tps: 8231.06 qps: 164403.23 (r/w/o: 115081.59/32859.53/16462.11) lat (ms,95%): 94.10 err/s: 0.00 reconn/s: 0.00
[ 800s ] thds: 400 tps: 8162.76 qps: 163296.16 (r/w/o: 114328.21/32642.53/16325.42) lat (ms,95%): 97.55 err/s: 0.00 reconn/s: 0.00
[ 810s ] thds: 400 tps: 7951.36 qps: 158937.06 (r/w/o: 111192.18/31842.16/15902.73) lat (ms,95%): 95.81 err/s: 0.00 reconn/s: 0.00
[ 820s ] thds: 400 tps: 7765.87 qps: 155549.66 (r/w/o: 108935.75/31081.97/15531.94) lat (ms,95%): 94.10 err/s: 0.00 reconn/s: 0.00
[ 830s ] thds: 400 tps: 7749.16 qps: 154672.18 (r/w/o: 108194.73/30981.14/15496.32) lat (ms,95%): 108.68 err/s: 0.00 reconn/s: 0.00
[ 840s ] thds: 400 tps: 7942.14 qps: 159170.31 (r/w/o: 111486.57/31797.26/15886.48) lat (ms,95%): 90.78 err/s: 0.10 reconn/s: 0.00
SQL statistics:
    queries performed:
        read:                            101796044
        write:                           29084477
        other:                           14542329
        total:                           145422850
    transactions:                        7271111 (8650.03 per sec.)
    queries:                             145422850 (173001.38 per sec.)
    ignored errors:                      35     (0.04 per sec.)
    reconnects:                          0      (0.00 per sec.)

General statistics:
    total time:                          840.5868s
    total number of events:              7271111

Latency (ms):
         min:                                   19.84
         avg:                                   46.21
         max:                                 1773.14
         95th percentile:                       86.00
         sum:                            336020644.72

Threads fairness:
    events (avg/stddev):           18177.7775/470.90
    execution time (avg/stddev):   840.0516/0.09

