sysbench 1.0.20-ebf1c90 (using bundled LuaJIT 2.1.0-beta2)

Running the test with following options:
Number of threads: 400
Report intermediate results every 10 second(s)
Initializing random number generator from current time


Initializing worker threads...

Threads started!

[ 10s ] thds: 400 tps: 5488.86 qps: 110095.70 (r/w/o: 77114.36/21963.63/11017.71) lat (ms,95%): 215.44 err/s: 0.00 reconn/s: 0.00
[ 20s ] thds: 400 tps: 7798.21 qps: 156111.12 (r/w/o: 109312.08/31202.52/15596.51) lat (ms,95%): 164.45 err/s: 0.00 reconn/s: 0.00
[ 30s ] thds: 400 tps: 8514.77 qps: 170234.59 (r/w/o: 119158.94/34046.20/17029.45) lat (ms,95%): 134.90 err/s: 0.00 reconn/s: 0.00
[ 40s ] thds: 400 tps: 9010.53 qps: 180212.38 (r/w/o: 126125.60/36065.82/18020.96) lat (ms,95%): 69.29 err/s: 0.00 reconn/s: 0.00
[ 50s ] thds: 400 tps: 9204.98 qps: 184157.29 (r/w/o: 128934.69/36812.14/18410.47) lat (ms,95%): 68.05 err/s: 0.10 reconn/s: 0.00
[ 60s ] thds: 400 tps: 9145.05 qps: 182977.32 (r/w/o: 128069.04/36617.98/18290.29) lat (ms,95%): 70.55 err/s: 0.10 reconn/s: 0.00
[ 70s ] thds: 400 tps: 9500.94 qps: 189819.44 (r/w/o: 132865.82/37951.75/19001.87) lat (ms,95%): 58.92 err/s: 0.00 reconn/s: 0.00
[ 80s ] thds: 400 tps: 9228.13 qps: 184580.37 (r/w/o: 129207.87/36916.13/18456.37) lat (ms,95%): 74.46 err/s: 0.00 reconn/s: 0.00
[ 90s ] thds: 400 tps: 9478.84 qps: 189895.54 (r/w/o: 132926.39/38011.47/18957.68) lat (ms,95%): 61.08 err/s: 0.00 reconn/s: 0.00
[ 100s ] thds: 400 tps: 9779.40 qps: 195579.05 (r/w/o: 136905.23/39114.91/19558.90) lat (ms,95%): 54.83 err/s: 0.00 reconn/s: 0.00
[ 110s ] thds: 400 tps: 9594.71 qps: 191507.53 (r/w/o: 134018.86/38299.15/19189.52) lat (ms,95%): 56.84 err/s: 0.10 reconn/s: 0.00
[ 120s ] thds: 400 tps: 6896.04 qps: 138275.29 (r/w/o: 96854.05/27629.06/13792.18) lat (ms,95%): 130.13 err/s: 0.00 reconn/s: 0.00
[ 130s ] thds: 400 tps: 6049.24 qps: 120928.29 (r/w/o: 84665.05/24164.76/12098.48) lat (ms,95%): 139.85 err/s: 0.00 reconn/s: 0.00
[ 140s ] thds: 400 tps: 6737.84 qps: 134759.23 (r/w/o: 94311.81/26971.75/13475.67) lat (ms,95%): 114.72 err/s: 0.00 reconn/s: 0.00
[ 150s ] thds: 400 tps: 9094.76 qps: 181825.65 (r/w/o: 127267.07/36369.85/18188.72) lat (ms,95%): 64.47 err/s: 0.10 reconn/s: 0.00
[ 160s ] thds: 400 tps: 9327.15 qps: 186477.92 (r/w/o: 130528.52/37296.90/18652.50) lat (ms,95%): 66.84 err/s: 0.00 reconn/s: 0.00
[ 170s ] thds: 400 tps: 9371.42 qps: 187668.14 (r/w/o: 131370.81/37551.49/18745.84) lat (ms,95%): 65.65 err/s: 0.00 reconn/s: 0.00
[ 180s ] thds: 400 tps: 9553.12 qps: 190594.83 (r/w/o: 133369.40/38125.29/19100.14) lat (ms,95%): 56.84 err/s: 0.00 reconn/s: 0.00
[ 190s ] thds: 400 tps: 9451.44 qps: 189162.69 (r/w/o: 132447.25/37809.36/18906.08) lat (ms,95%): 68.05 err/s: 0.00 reconn/s: 0.00
[ 200s ] thds: 400 tps: 9676.27 qps: 193541.89 (r/w/o: 135487.35/38699.20/19355.35) lat (ms,95%): 54.83 err/s: 0.00 reconn/s: 0.00
[ 210s ] thds: 400 tps: 9689.45 qps: 193969.04 (r/w/o: 135791.46/38798.19/19379.39) lat (ms,95%): 53.85 err/s: 0.00 reconn/s: 0.00
[ 220s ] thds: 400 tps: 9546.97 qps: 190952.89 (r/w/o: 133692.74/38166.20/19093.95) lat (ms,95%): 56.84 err/s: 0.00 reconn/s: 0.00
[ 230s ] thds: 400 tps: 7863.80 qps: 156965.30 (r/w/o: 109799.81/31438.40/15727.10) lat (ms,95%): 99.33 err/s: 0.00 reconn/s: 0.00
[ 240s ] thds: 400 tps: 7837.31 qps: 157019.82 (r/w/o: 109963.06/31381.64/15675.12) lat (ms,95%): 95.81 err/s: 0.00 reconn/s: 0.00
[ 250s ] thds: 400 tps: 7049.80 qps: 141097.80 (r/w/o: 98769.50/28228.10/14100.20) lat (ms,95%): 106.75 err/s: 0.10 reconn/s: 0.00
[ 260s ] thds: 400 tps: 7924.58 qps: 158118.00 (r/w/o: 110618.82/31656.12/15843.06) lat (ms,95%): 95.81 err/s: 0.10 reconn/s: 0.00
[ 270s ] thds: 400 tps: 9343.14 qps: 186907.72 (r/w/o: 130864.70/37358.54/18684.47) lat (ms,95%): 63.32 err/s: 0.00 reconn/s: 0.00
[ 280s ] thds: 400 tps: 9496.41 qps: 190251.31 (r/w/o: 133206.57/38043.62/19001.11) lat (ms,95%): 58.92 err/s: 0.00 reconn/s: 0.00
[ 290s ] thds: 400 tps: 9525.34 qps: 190398.07 (r/w/o: 133300.51/38046.67/19050.89) lat (ms,95%): 58.92 err/s: 0.00 reconn/s: 0.00
[ 300s ] thds: 400 tps: 9437.21 qps: 188535.45 (r/w/o: 131934.68/37728.65/18872.13) lat (ms,95%): 68.05 err/s: 0.00 reconn/s: 0.00
[ 310s ] thds: 400 tps: 9398.69 qps: 187917.28 (r/w/o: 131516.05/37605.06/18796.18) lat (ms,95%): 61.08 err/s: 0.10 reconn/s: 0.00
[ 320s ] thds: 400 tps: 9911.74 qps: 198417.99 (r/w/o: 138931.96/39658.76/19827.28) lat (ms,95%): 52.89 err/s: 0.00 reconn/s: 0.00
[ 330s ] thds: 400 tps: 9538.99 qps: 190879.74 (r/w/o: 133613.02/38188.75/19077.97) lat (ms,95%): 56.84 err/s: 0.00 reconn/s: 0.00
[ 340s ] thds: 400 tps: 7868.93 qps: 157583.39 (r/w/o: 110293.72/31551.82/15737.86) lat (ms,95%): 95.81 err/s: 0.00 reconn/s: 0.00
[ 350s ] thds: 400 tps: 7876.76 qps: 157277.57 (r/w/o: 110142.99/31381.05/15753.53) lat (ms,95%): 97.55 err/s: 0.00 reconn/s: 0.00
[ 360s ] thds: 400 tps: 7578.48 qps: 151580.87 (r/w/o: 106085.80/30339.81/15155.26) lat (ms,95%): 95.81 err/s: 0.00 reconn/s: 0.00
[ 370s ] thds: 400 tps: 7379.56 qps: 147750.71 (r/w/o: 103435.07/29554.42/14761.21) lat (ms,95%): 101.13 err/s: 0.10 reconn/s: 0.00
[ 380s ] thds: 400 tps: 8404.74 qps: 167916.60 (r/w/o: 117550.56/33556.56/16809.48) lat (ms,95%): 84.47 err/s: 0.00 reconn/s: 0.00
[ 390s ] thds: 400 tps: 8941.04 qps: 178688.01 (r/w/o: 125041.20/35764.84/17881.97) lat (ms,95%): 80.03 err/s: 0.00 reconn/s: 0.00
[ 400s ] thds: 400 tps: 8623.21 qps: 172594.75 (r/w/o: 120844.81/34505.73/17244.22) lat (ms,95%): 90.78 err/s: 0.00 reconn/s: 0.00
[ 410s ] thds: 400 tps: 7908.85 qps: 158357.45 (r/w/o: 110843.27/31693.99/15820.20) lat (ms,95%): 95.81 err/s: 0.00 reconn/s: 0.00
[ 420s ] thds: 400 tps: 8079.65 qps: 161539.70 (r/w/o: 113083.17/32296.92/16159.61) lat (ms,95%): 106.75 err/s: 0.10 reconn/s: 0.00
[ 430s ] thds: 400 tps: 8284.26 qps: 165451.33 (r/w/o: 115799.09/33084.03/16568.21) lat (ms,95%): 94.10 err/s: 0.00 reconn/s: 0.00
[ 440s ] thds: 400 tps: 9708.56 qps: 194283.21 (r/w/o: 136000.15/38865.24/19417.82) lat (ms,95%): 54.83 err/s: 0.10 reconn/s: 0.00
[ 450s ] thds: 400 tps: 9624.20 qps: 192637.05 (r/w/o: 134839.44/38549.21/19248.41) lat (ms,95%): 58.92 err/s: 0.00 reconn/s: 0.00
[ 460s ] thds: 400 tps: 7480.29 qps: 149619.92 (r/w/o: 104751.78/29907.57/14960.58) lat (ms,95%): 102.97 err/s: 0.00 reconn/s: 0.00
[ 470s ] thds: 400 tps: 7958.41 qps: 158748.93 (r/w/o: 111046.78/31791.03/15911.12) lat (ms,95%): 90.78 err/s: 0.00 reconn/s: 0.00
[ 480s ] thds: 400 tps: 7745.75 qps: 155437.86 (r/w/o: 108847.78/31092.89/15497.20) lat (ms,95%): 92.42 err/s: 0.00 reconn/s: 0.00
[ 490s ] thds: 400 tps: 8167.82 qps: 163261.36 (r/w/o: 114307.52/32617.89/16335.95) lat (ms,95%): 87.56 err/s: 0.10 reconn/s: 0.00
[ 500s ] thds: 400 tps: 9046.69 qps: 180686.71 (r/w/o: 126490.57/36102.26/18093.88) lat (ms,95%): 74.46 err/s: 0.10 reconn/s: 0.00
[ 510s ] thds: 400 tps: 9598.27 qps: 192040.36 (r/w/o: 134433.65/38409.97/19196.74) lat (ms,95%): 56.84 err/s: 0.10 reconn/s: 0.00
[ 520s ] thds: 400 tps: 9555.45 qps: 191308.01 (r/w/o: 133902.80/38294.30/19110.90) lat (ms,95%): 59.99 err/s: 0.00 reconn/s: 0.00
[ 530s ] thds: 400 tps: 9467.22 qps: 189102.05 (r/w/o: 132359.92/37810.49/18931.65) lat (ms,95%): 63.32 err/s: 0.00 reconn/s: 0.00
[ 540s ] thds: 400 tps: 9415.86 qps: 188356.66 (r/w/o: 131858.41/37663.73/18834.52) lat (ms,95%): 63.32 err/s: 0.00 reconn/s: 0.00
[ 550s ] thds: 400 tps: 9578.04 qps: 191778.34 (r/w/o: 134247.39/38374.67/19156.28) lat (ms,95%): 55.82 err/s: 0.10 reconn/s: 0.00
[ 560s ] thds: 400 tps: 9595.63 qps: 191957.33 (r/w/o: 134360.04/38405.83/19191.46) lat (ms,95%): 57.87 err/s: 0.00 reconn/s: 0.00
[ 570s ] thds: 400 tps: 7489.24 qps: 149740.77 (r/w/o: 104830.01/29932.17/14978.59) lat (ms,95%): 99.33 err/s: 0.10 reconn/s: 0.00
[ 580s ] thds: 400 tps: 7554.47 qps: 151018.70 (r/w/o: 105725.68/30183.88/15109.14) lat (ms,95%): 97.55 err/s: 0.00 reconn/s: 0.00
[ 590s ] thds: 400 tps: 7874.65 qps: 157391.60 (r/w/o: 110179.17/31469.02/15743.41) lat (ms,95%): 89.16 err/s: 0.00 reconn/s: 0.00
[ 600s ] thds: 400 tps: 7811.76 qps: 156308.90 (r/w/o: 109421.17/31258.32/15629.41) lat (ms,95%): 90.78 err/s: 0.00 reconn/s: 0.00
[ 610s ] thds: 400 tps: 9055.29 qps: 180923.15 (r/w/o: 126621.59/36193.27/18108.28) lat (ms,95%): 74.46 err/s: 0.00 reconn/s: 0.00
[ 620s ] thds: 400 tps: 9658.23 qps: 193165.22 (r/w/o: 135180.73/38674.42/19310.06) lat (ms,95%): 57.87 err/s: 0.10 reconn/s: 0.00
[ 630s ] thds: 400 tps: 9388.14 qps: 187976.78 (r/w/o: 131618.15/37573.36/18785.28) lat (ms,95%): 64.47 err/s: 0.00 reconn/s: 0.00
[ 640s ] thds: 400 tps: 9496.24 qps: 189779.04 (r/w/o: 132866.89/37919.97/18992.18) lat (ms,95%): 59.99 err/s: 0.00 reconn/s: 0.00
[ 650s ] thds: 400 tps: 9781.38 qps: 195741.03 (r/w/o: 136979.74/39197.93/19563.36) lat (ms,95%): 54.83 err/s: 0.10 reconn/s: 0.00
[ 660s ] thds: 400 tps: 9125.52 qps: 182586.07 (r/w/o: 127826.56/36508.47/18251.04) lat (ms,95%): 74.46 err/s: 0.00 reconn/s: 0.00
[ 670s ] thds: 400 tps: 9738.75 qps: 194459.73 (r/w/o: 136093.65/38888.19/19477.89) lat (ms,95%): 53.85 err/s: 0.10 reconn/s: 0.00
[ 680s ] thds: 400 tps: 7511.01 qps: 150390.98 (r/w/o: 105288.20/30080.76/15022.03) lat (ms,95%): 104.84 err/s: 0.00 reconn/s: 0.00
[ 690s ] thds: 400 tps: 8054.64 qps: 161273.26 (r/w/o: 112900.83/32262.95/16109.48) lat (ms,95%): 90.78 err/s: 0.10 reconn/s: 0.00
[ 700s ] thds: 400 tps: 7541.81 qps: 150817.93 (r/w/o: 105587.79/30146.43/15083.71) lat (ms,95%): 97.55 err/s: 0.00 reconn/s: 0.00
[ 710s ] thds: 400 tps: 7677.06 qps: 153503.81 (r/w/o: 107424.58/30730.42/15348.81) lat (ms,95%): 90.78 err/s: 0.00 reconn/s: 0.00
[ 720s ] thds: 400 tps: 8738.19 qps: 174662.98 (r/w/o: 122331.92/34849.37/17481.69) lat (ms,95%): 75.82 err/s: 0.00 reconn/s: 0.00
[ 730s ] thds: 400 tps: 9580.88 qps: 191594.64 (r/w/o: 134041.25/38391.63/19161.76) lat (ms,95%): 55.82 err/s: 0.00 reconn/s: 0.00
[ 740s ] thds: 400 tps: 9233.89 qps: 184539.22 (r/w/o: 129204.47/36866.76/18467.98) lat (ms,95%): 74.46 err/s: 0.00 reconn/s: 0.00
[ 750s ] thds: 400 tps: 9534.31 qps: 190704.41 (r/w/o: 133476.07/38160.22/19068.11) lat (ms,95%): 58.92 err/s: 0.00 reconn/s: 0.00
[ 760s ] thds: 400 tps: 9321.09 qps: 186630.43 (r/w/o: 130671.18/37316.47/18642.78) lat (ms,95%): 65.65 err/s: 0.00 reconn/s: 0.00
[ 770s ] thds: 400 tps: 9358.71 qps: 187227.65 (r/w/o: 131047.81/37462.43/18717.42) lat (ms,95%): 68.05 err/s: 0.00 reconn/s: 0.00
[ 780s ] thds: 400 tps: 8698.76 qps: 173957.00 (r/w/o: 121761.14/34798.34/17397.52) lat (ms,95%): 86.00 err/s: 0.00 reconn/s: 0.00
[ 790s ] thds: 400 tps: 8212.97 qps: 164215.69 (r/w/o: 114978.04/32811.50/16426.15) lat (ms,95%): 92.42 err/s: 0.00 reconn/s: 0.00
[ 800s ] thds: 400 tps: 8139.72 qps: 162761.48 (r/w/o: 113949.84/32532.29/16279.35) lat (ms,95%): 97.55 err/s: 0.00 reconn/s: 0.00
[ 810s ] thds: 400 tps: 7976.44 qps: 159351.11 (r/w/o: 111513.80/31884.54/15952.77) lat (ms,95%): 95.81 err/s: 0.00 reconn/s: 0.00
[ 820s ] thds: 400 tps: 7753.74 qps: 155287.92 (r/w/o: 108690.27/31089.66/15507.98) lat (ms,95%): 94.10 err/s: 0.10 reconn/s: 0.00
[ 830s ] thds: 400 tps: 7746.41 qps: 154547.91 (r/w/o: 108144.95/30910.14/15492.81) lat (ms,95%): 110.66 err/s: 0.10 reconn/s: 0.00
[ 840s ] thds: 400 tps: 7899.60 qps: 158074.77 (r/w/o: 110660.74/31627.44/15786.59) lat (ms,95%): 90.78 err/s: 0.30 reconn/s: 0.00
SQL statistics:
    queries performed:
        read:                            101834292
        write:                           29095420
        other:                           14547800
        total:                           145477512
    transactions:                        7273854 (8651.78 per sec.)
    queries:                             145477512 (173036.19 per sec.)
    ignored errors:                      24     (0.03 per sec.)
    reconnects:                          0      (0.00 per sec.)

General statistics:
    total time:                          840.7336s
    total number of events:              7273854

Latency (ms):
         min:                                   19.88
         avg:                                   46.20
         max:                                  772.99
         95th percentile:                       86.00
         sum:                            336050639.07

Threads fairness:
    events (avg/stddev):           18184.6350/447.30
    execution time (avg/stddev):   840.1266/0.14

