sysbench 1.0.20-ebf1c90 (using bundled LuaJIT 2.1.0-beta2)

Running the test with following options:
Number of threads: 400
Report intermediate results every 10 second(s)
Initializing random number generator from current time


Initializing worker threads...

Threads started!

[ 10s ] thds: 400 tps: 5717.82 qps: 114844.96 (r/w/o: 80478.24/22891.08/11475.64) lat (ms,95%): 211.60 err/s: 0.00 reconn/s: 0.00
[ 20s ] thds: 400 tps: 7899.36 qps: 157847.70 (r/w/o: 110453.97/31597.12/15796.61) lat (ms,95%): 158.63 err/s: 0.00 reconn/s: 0.00
[ 30s ] thds: 400 tps: 7978.11 qps: 159659.00 (r/w/o: 111776.54/31924.24/15958.22) lat (ms,95%): 158.63 err/s: 0.00 reconn/s: 0.00
[ 40s ] thds: 400 tps: 8650.46 qps: 172895.01 (r/w/o: 121011.65/34582.14/17301.22) lat (ms,95%): 80.03 err/s: 0.00 reconn/s: 0.00
[ 50s ] thds: 400 tps: 8889.71 qps: 177908.52 (r/w/o: 124576.05/35552.74/17779.72) lat (ms,95%): 69.29 err/s: 0.10 reconn/s: 0.00
[ 60s ] thds: 400 tps: 8922.54 qps: 178406.87 (r/w/o: 124853.84/35707.75/17845.28) lat (ms,95%): 70.55 err/s: 0.10 reconn/s: 0.00
[ 70s ] thds: 400 tps: 9088.17 qps: 181955.52 (r/w/o: 127409.13/36370.07/18176.33) lat (ms,95%): 66.84 err/s: 0.00 reconn/s: 0.00
[ 80s ] thds: 400 tps: 8747.12 qps: 174860.14 (r/w/o: 122393.41/34972.89/17493.84) lat (ms,95%): 81.48 err/s: 0.00 reconn/s: 0.00
[ 90s ] thds: 400 tps: 9041.08 qps: 180638.31 (r/w/o: 126406.12/36153.12/18079.06) lat (ms,95%): 65.65 err/s: 0.00 reconn/s: 0.00
[ 100s ] thds: 400 tps: 9217.32 qps: 184604.15 (r/w/o: 129274.61/36891.39/18438.15) lat (ms,95%): 62.19 err/s: 0.00 reconn/s: 0.00
[ 110s ] thds: 400 tps: 9353.52 qps: 186750.09 (r/w/o: 130662.44/37380.80/18706.85) lat (ms,95%): 62.19 err/s: 0.10 reconn/s: 0.00
[ 120s ] thds: 400 tps: 6900.33 qps: 138199.48 (r/w/o: 96759.88/27641.84/13797.77) lat (ms,95%): 123.28 err/s: 0.00 reconn/s: 0.00
[ 130s ] thds: 400 tps: 5589.09 qps: 111905.29 (r/w/o: 78364.22/22359.58/11181.49) lat (ms,95%): 147.61 err/s: 0.00 reconn/s: 0.00
[ 140s ] thds: 400 tps: 6481.63 qps: 129405.90 (r/w/o: 90563.39/25884.84/12957.67) lat (ms,95%): 125.52 err/s: 0.00 reconn/s: 0.00
[ 150s ] thds: 400 tps: 8842.16 qps: 177083.27 (r/w/o: 123949.72/35443.13/17690.42) lat (ms,95%): 68.05 err/s: 0.20 reconn/s: 0.00
[ 160s ] thds: 400 tps: 8965.38 qps: 179380.28 (r/w/o: 125565.61/35883.72/17930.96) lat (ms,95%): 69.29 err/s: 0.00 reconn/s: 0.00
[ 170s ] thds: 400 tps: 9080.15 qps: 181454.92 (r/w/o: 127049.32/36250.21/18155.40) lat (ms,95%): 69.29 err/s: 0.00 reconn/s: 0.00
[ 180s ] thds: 400 tps: 9166.73 qps: 183248.46 (r/w/o: 128229.90/36680.01/18338.55) lat (ms,95%): 63.32 err/s: 0.10 reconn/s: 0.00
[ 190s ] thds: 400 tps: 9059.95 qps: 181351.42 (r/w/o: 126990.25/36241.08/18120.09) lat (ms,95%): 71.83 err/s: 0.10 reconn/s: 0.00
[ 200s ] thds: 400 tps: 9434.79 qps: 188582.88 (r/w/o: 131960.54/37752.76/18869.58) lat (ms,95%): 58.92 err/s: 0.00 reconn/s: 0.00
[ 210s ] thds: 400 tps: 9466.56 qps: 189396.19 (r/w/o: 132605.50/37857.46/18933.23) lat (ms,95%): 58.92 err/s: 0.00 reconn/s: 0.00
[ 220s ] thds: 400 tps: 9531.30 qps: 190743.18 (r/w/o: 133530.39/38150.20/19062.60) lat (ms,95%): 57.87 err/s: 0.00 reconn/s: 0.00
[ 230s ] thds: 400 tps: 8053.06 qps: 160776.95 (r/w/o: 112515.60/32155.13/16106.22) lat (ms,95%): 94.10 err/s: 0.00 reconn/s: 0.00
[ 240s ] thds: 400 tps: 7976.38 qps: 159510.78 (r/w/o: 111667.21/31893.02/15950.56) lat (ms,95%): 92.42 err/s: 0.00 reconn/s: 0.00
[ 250s ] thds: 400 tps: 6861.40 qps: 137401.24 (r/w/o: 96206.45/27470.69/13724.09) lat (ms,95%): 114.72 err/s: 0.00 reconn/s: 0.00
[ 260s ] thds: 400 tps: 7061.25 qps: 141230.36 (r/w/o: 98855.54/28251.21/14123.61) lat (ms,95%): 104.84 err/s: 0.00 reconn/s: 0.00
[ 270s ] thds: 400 tps: 8854.16 qps: 177072.47 (r/w/o: 123936.49/35427.35/17708.63) lat (ms,95%): 69.29 err/s: 0.10 reconn/s: 0.00
[ 280s ] thds: 400 tps: 9082.11 qps: 181515.66 (r/w/o: 127043.39/36308.05/18164.23) lat (ms,95%): 68.05 err/s: 0.00 reconn/s: 0.00
[ 290s ] thds: 400 tps: 9361.19 qps: 187315.36 (r/w/o: 131155.90/37436.87/18722.59) lat (ms,95%): 61.08 err/s: 0.10 reconn/s: 0.00
[ 300s ] thds: 400 tps: 9003.35 qps: 180144.66 (r/w/o: 126101.47/36036.29/18006.90) lat (ms,95%): 70.55 err/s: 0.10 reconn/s: 0.00
[ 310s ] thds: 400 tps: 9417.52 qps: 188264.88 (r/w/o: 131793.14/37636.70/18835.05) lat (ms,95%): 58.92 err/s: 0.00 reconn/s: 0.00
[ 320s ] thds: 400 tps: 9480.59 qps: 189613.51 (r/w/o: 132732.67/37919.66/18961.18) lat (ms,95%): 58.92 err/s: 0.00 reconn/s: 0.00
[ 330s ] thds: 400 tps: 9337.57 qps: 186724.96 (r/w/o: 130681.62/37370.59/18672.75) lat (ms,95%): 63.32 err/s: 0.00 reconn/s: 0.00
[ 340s ] thds: 400 tps: 8531.04 qps: 170743.29 (r/w/o: 119499.05/34187.26/17056.98) lat (ms,95%): 86.00 err/s: 0.00 reconn/s: 0.00
[ 350s ] thds: 400 tps: 7979.30 qps: 159390.95 (r/w/o: 111564.56/31864.59/15961.79) lat (ms,95%): 94.10 err/s: 0.00 reconn/s: 0.00
[ 360s ] thds: 400 tps: 7257.79 qps: 145292.53 (r/w/o: 101725.51/29054.85/14512.17) lat (ms,95%): 97.55 err/s: 0.00 reconn/s: 0.00
[ 370s ] thds: 400 tps: 6913.94 qps: 138434.14 (r/w/o: 96912.29/27686.17/13835.68) lat (ms,95%): 101.13 err/s: 0.00 reconn/s: 0.00
[ 380s ] thds: 400 tps: 7469.63 qps: 148963.51 (r/w/o: 104206.42/29822.12/14934.96) lat (ms,95%): 94.10 err/s: 0.00 reconn/s: 0.00
[ 390s ] thds: 400 tps: 8500.53 qps: 170252.21 (r/w/o: 119210.63/34039.62/17001.96) lat (ms,95%): 82.96 err/s: 0.00 reconn/s: 0.00
[ 400s ] thds: 400 tps: 8265.62 qps: 165318.74 (r/w/o: 115788.74/32995.17/16534.83) lat (ms,95%): 99.33 err/s: 0.00 reconn/s: 0.00
[ 410s ] thds: 400 tps: 8177.68 qps: 163498.48 (r/w/o: 114436.17/32707.33/16354.97) lat (ms,95%): 92.42 err/s: 0.00 reconn/s: 0.00
[ 420s ] thds: 400 tps: 8076.51 qps: 161493.03 (r/w/o: 113006.79/32339.03/16147.21) lat (ms,95%): 99.33 err/s: 0.10 reconn/s: 0.00
[ 430s ] thds: 400 tps: 7906.57 qps: 158373.43 (r/w/o: 110895.33/31658.47/15819.63) lat (ms,95%): 99.33 err/s: 0.00 reconn/s: 0.00
[ 440s ] thds: 400 tps: 8703.31 qps: 173894.02 (r/w/o: 121684.89/34808.63/17400.51) lat (ms,95%): 77.19 err/s: 0.00 reconn/s: 0.00
[ 450s ] thds: 400 tps: 9275.61 qps: 185379.08 (r/w/o: 129752.42/37073.04/18553.62) lat (ms,95%): 61.08 err/s: 0.00 reconn/s: 0.00
[ 460s ] thds: 400 tps: 8725.62 qps: 174705.47 (r/w/o: 122365.76/34884.47/17455.24) lat (ms,95%): 84.47 err/s: 0.00 reconn/s: 0.00
[ 470s ] thds: 400 tps: 8943.04 qps: 178932.34 (r/w/o: 125229.32/35816.85/17886.17) lat (ms,95%): 70.55 err/s: 0.00 reconn/s: 0.00
[ 480s ] thds: 400 tps: 8691.24 qps: 173621.72 (r/w/o: 121473.40/34771.34/17376.97) lat (ms,95%): 81.48 err/s: 0.00 reconn/s: 0.00
[ 490s ] thds: 400 tps: 7077.73 qps: 141469.62 (r/w/o: 99047.46/28263.00/14159.15) lat (ms,95%): 104.84 err/s: 0.10 reconn/s: 0.00
[ 500s ] thds: 400 tps: 6761.49 qps: 135456.69 (r/w/o: 94878.52/27053.08/13525.09) lat (ms,95%): 108.68 err/s: 0.00 reconn/s: 0.00
[ 510s ] thds: 400 tps: 8993.51 qps: 179994.67 (r/w/o: 125976.92/36030.73/17987.02) lat (ms,95%): 64.47 err/s: 0.00 reconn/s: 0.00
[ 520s ] thds: 400 tps: 9219.39 qps: 184405.79 (r/w/o: 129093.95/36872.96/18438.88) lat (ms,95%): 65.65 err/s: 0.00 reconn/s: 0.00
[ 530s ] thds: 400 tps: 9165.87 qps: 183129.62 (r/w/o: 128186.33/36611.36/18331.93) lat (ms,95%): 65.65 err/s: 0.10 reconn/s: 0.00
[ 540s ] thds: 400 tps: 9300.81 qps: 185930.32 (r/w/o: 130109.38/37219.12/18601.81) lat (ms,95%): 64.47 err/s: 0.00 reconn/s: 0.00
[ 550s ] thds: 400 tps: 9546.34 qps: 191073.94 (r/w/o: 133818.52/38162.55/19092.87) lat (ms,95%): 58.92 err/s: 0.10 reconn/s: 0.00
[ 560s ] thds: 400 tps: 9514.17 qps: 190367.28 (r/w/o: 133233.94/38105.00/19028.35) lat (ms,95%): 61.08 err/s: 0.00 reconn/s: 0.00
[ 570s ] thds: 400 tps: 8697.03 qps: 173837.05 (r/w/o: 121677.66/34765.33/17394.07) lat (ms,95%): 81.48 err/s: 0.00 reconn/s: 0.00
[ 580s ] thds: 400 tps: 8716.10 qps: 174426.90 (r/w/o: 122099.30/34895.10/17432.50) lat (ms,95%): 81.48 err/s: 0.10 reconn/s: 0.00
[ 590s ] thds: 400 tps: 8776.61 qps: 175348.21 (r/w/o: 122738.98/35056.92/17552.31) lat (ms,95%): 75.82 err/s: 0.00 reconn/s: 0.00
[ 600s ] thds: 400 tps: 7348.92 qps: 146951.03 (r/w/o: 102836.10/29421.69/14693.24) lat (ms,95%): 102.97 err/s: 0.00 reconn/s: 0.00
[ 610s ] thds: 400 tps: 7208.08 qps: 144272.89 (r/w/o: 101033.31/28817.72/14421.86) lat (ms,95%): 101.13 err/s: 0.00 reconn/s: 0.00
[ 620s ] thds: 400 tps: 7188.60 qps: 143717.81 (r/w/o: 100553.01/28787.60/14377.20) lat (ms,95%): 97.55 err/s: 0.00 reconn/s: 0.00
[ 630s ] thds: 400 tps: 9055.36 qps: 181086.04 (r/w/o: 126814.57/36160.65/18110.82) lat (ms,95%): 64.47 err/s: 0.00 reconn/s: 0.00
[ 640s ] thds: 400 tps: 9252.58 qps: 184832.52 (r/w/o: 129295.73/37038.22/18498.56) lat (ms,95%): 63.32 err/s: 0.10 reconn/s: 0.00
[ 650s ] thds: 400 tps: 8937.93 qps: 178693.46 (r/w/o: 125089.39/35725.71/17878.36) lat (ms,95%): 71.83 err/s: 0.00 reconn/s: 0.00
[ 660s ] thds: 400 tps: 9401.64 qps: 188542.61 (r/w/o: 132044.70/37689.94/18807.97) lat (ms,95%): 58.92 err/s: 0.00 reconn/s: 0.00
[ 670s ] thds: 400 tps: 9392.77 qps: 187652.94 (r/w/o: 131387.04/37480.37/18785.53) lat (ms,95%): 61.08 err/s: 0.00 reconn/s: 0.00
[ 680s ] thds: 400 tps: 9163.36 qps: 183169.49 (r/w/o: 128184.21/36659.36/18325.93) lat (ms,95%): 69.29 err/s: 0.00 reconn/s: 0.00
[ 690s ] thds: 400 tps: 8401.94 qps: 168124.46 (r/w/o: 117683.63/33636.15/16804.68) lat (ms,95%): 89.16 err/s: 0.00 reconn/s: 0.00
[ 700s ] thds: 400 tps: 9045.85 qps: 180899.67 (r/w/o: 126615.78/36192.19/18091.70) lat (ms,95%): 69.29 err/s: 0.00 reconn/s: 0.00
[ 710s ] thds: 400 tps: 8137.38 qps: 162815.62 (r/w/o: 114011.86/32529.20/16274.55) lat (ms,95%): 94.10 err/s: 0.00 reconn/s: 0.00
[ 720s ] thds: 400 tps: 7272.13 qps: 145363.48 (r/w/o: 101741.31/29077.52/14544.66) lat (ms,95%): 97.55 err/s: 0.10 reconn/s: 0.00
[ 730s ] thds: 400 tps: 7228.64 qps: 144635.20 (r/w/o: 101259.36/28918.66/14457.18) lat (ms,95%): 95.81 err/s: 0.00 reconn/s: 0.00
[ 740s ] thds: 400 tps: 8269.67 qps: 165473.19 (r/w/o: 115799.45/33140.80/16532.95) lat (ms,95%): 81.48 err/s: 0.00 reconn/s: 0.00
[ 750s ] thds: 400 tps: 9278.22 qps: 185491.25 (r/w/o: 129835.61/37099.59/18556.04) lat (ms,95%): 63.32 err/s: 0.00 reconn/s: 0.00
[ 760s ] thds: 400 tps: 9011.00 qps: 180245.04 (r/w/o: 126210.03/36005.91/18029.10) lat (ms,95%): 73.13 err/s: 0.00 reconn/s: 0.00
[ 770s ] thds: 400 tps: 9430.22 qps: 188757.89 (r/w/o: 132108.77/37788.58/18860.54) lat (ms,95%): 58.92 err/s: 0.00 reconn/s: 0.00
[ 780s ] thds: 400 tps: 9383.95 qps: 187528.91 (r/w/o: 131319.01/37442.00/18767.90) lat (ms,95%): 58.92 err/s: 0.00 reconn/s: 0.00
[ 790s ] thds: 400 tps: 8984.84 qps: 179631.10 (r/w/o: 125690.16/35973.86/17967.08) lat (ms,95%): 73.13 err/s: 0.00 reconn/s: 0.00
[ 800s ] thds: 400 tps: 7813.32 qps: 156361.68 (r/w/o: 109467.04/31265.10/15629.55) lat (ms,95%): 97.55 err/s: 0.00 reconn/s: 0.00
[ 810s ] thds: 400 tps: 7710.29 qps: 154277.37 (r/w/o: 107962.34/30894.45/15420.58) lat (ms,95%): 104.84 err/s: 0.00 reconn/s: 0.00
[ 820s ] thds: 400 tps: 7560.50 qps: 151278.68 (r/w/o: 105909.26/30248.32/15121.11) lat (ms,95%): 110.66 err/s: 0.00 reconn/s: 0.00
[ 830s ] thds: 400 tps: 7102.55 qps: 141850.69 (r/w/o: 99305.99/28340.20/14204.50) lat (ms,95%): 108.68 err/s: 0.00 reconn/s: 0.00
[ 840s ] thds: 400 tps: 7392.26 qps: 148027.12 (r/w/o: 103603.25/29638.74/14785.12) lat (ms,95%): 101.13 err/s: 0.00 reconn/s: 0.00
SQL statistics:
    queries performed:
        read:                            99219764
        write:                           28348432
        other:                           14174290
        total:                           141742486
    transactions:                        7087109 (8411.12 per sec.)
    queries:                             141742486 (168222.78 per sec.)
    ignored errors:                      17     (0.02 per sec.)
    reconnects:                          0      (0.00 per sec.)

General statistics:
    total time:                          842.5869s
    total number of events:              7087109

Latency (ms):
         min:                                   19.83
         avg:                                   47.43
         max:                                 2717.45
         95th percentile:                       87.56
         sum:                            336119323.84

Threads fairness:
    events (avg/stddev):           17717.7725/401.37
    execution time (avg/stddev):   840.2983/0.57

