sysbench 1.0.20-ebf1c90 (using bundled LuaJIT 2.1.0-beta2)

Running the test with following options:
Number of threads: 400
Report intermediate results every 10 second(s)
Initializing random number generator from current time


Initializing worker threads...

Threads started!

[ 10s ] thds: 400 tps: 5696.41 qps: 114514.90 (r/w/o: 80215.23/22873.25/11426.42) lat (ms,95%): 211.60 err/s: 0.00 reconn/s: 0.00
[ 20s ] thds: 400 tps: 7895.24 qps: 157700.57 (r/w/o: 110401.41/31502.27/15796.89) lat (ms,95%): 161.51 err/s: 0.00 reconn/s: 0.00
[ 30s ] thds: 400 tps: 7953.70 qps: 159220.34 (r/w/o: 111454.36/31858.59/15907.39) lat (ms,95%): 158.63 err/s: 0.00 reconn/s: 0.00
[ 40s ] thds: 400 tps: 8698.41 qps: 173898.34 (r/w/o: 121756.27/34744.95/17397.12) lat (ms,95%): 77.19 err/s: 0.00 reconn/s: 0.00
[ 50s ] thds: 400 tps: 8873.89 qps: 177608.57 (r/w/o: 124312.71/35547.97/17747.89) lat (ms,95%): 69.29 err/s: 0.00 reconn/s: 0.00
[ 60s ] thds: 400 tps: 8935.61 qps: 178637.13 (r/w/o: 125038.99/35727.73/17870.41) lat (ms,95%): 70.55 err/s: 0.20 reconn/s: 0.00
[ 70s ] thds: 400 tps: 9098.07 qps: 181838.20 (r/w/o: 127233.18/36407.18/18197.84) lat (ms,95%): 66.84 err/s: 0.20 reconn/s: 0.00
[ 80s ] thds: 400 tps: 8745.23 qps: 175101.64 (r/w/o: 122613.85/34997.33/17490.46) lat (ms,95%): 81.48 err/s: 0.00 reconn/s: 0.00
[ 90s ] thds: 400 tps: 9013.87 qps: 180236.29 (r/w/o: 126203.64/36004.80/18027.85) lat (ms,95%): 65.65 err/s: 0.00 reconn/s: 0.00
[ 100s ] thds: 400 tps: 9238.23 qps: 184388.65 (r/w/o: 128972.39/36941.41/18474.85) lat (ms,95%): 61.08 err/s: 0.10 reconn/s: 0.00
[ 110s ] thds: 400 tps: 9371.78 qps: 187978.95 (r/w/o: 131646.09/37587.31/18745.56) lat (ms,95%): 62.19 err/s: 0.00 reconn/s: 0.00
[ 120s ] thds: 400 tps: 6960.98 qps: 138966.48 (r/w/o: 97260.51/27787.52/13918.46) lat (ms,95%): 123.28 err/s: 0.10 reconn/s: 0.00
[ 130s ] thds: 400 tps: 5642.20 qps: 112915.55 (r/w/o: 79075.54/22551.51/11288.51) lat (ms,95%): 144.97 err/s: 0.10 reconn/s: 0.00
[ 140s ] thds: 400 tps: 6495.02 qps: 129967.44 (r/w/o: 90945.14/26032.17/12990.13) lat (ms,95%): 125.52 err/s: 0.00 reconn/s: 0.00
[ 150s ] thds: 400 tps: 8932.72 qps: 178439.62 (r/w/o: 124926.33/35648.36/17864.93) lat (ms,95%): 66.84 err/s: 0.00 reconn/s: 0.00
[ 160s ] thds: 400 tps: 9020.37 qps: 180405.96 (r/w/o: 126262.82/36101.89/18041.25) lat (ms,95%): 69.29 err/s: 0.00 reconn/s: 0.00
[ 170s ] thds: 400 tps: 9094.19 qps: 182182.80 (r/w/o: 127544.69/36449.64/18188.47) lat (ms,95%): 68.05 err/s: 0.00 reconn/s: 0.00
[ 180s ] thds: 400 tps: 9211.61 qps: 183963.60 (r/w/o: 128780.17/36761.02/18422.41) lat (ms,95%): 62.19 err/s: 0.20 reconn/s: 0.00
[ 190s ] thds: 400 tps: 9122.03 qps: 182533.91 (r/w/o: 127742.35/36545.80/18245.75) lat (ms,95%): 70.55 err/s: 0.20 reconn/s: 0.00
[ 200s ] thds: 400 tps: 9450.26 qps: 188912.29 (r/w/o: 132237.43/37773.84/18901.02) lat (ms,95%): 58.92 err/s: 0.20 reconn/s: 0.00
[ 210s ] thds: 400 tps: 9484.15 qps: 189772.05 (r/w/o: 132894.57/37911.99/18965.50) lat (ms,95%): 59.99 err/s: 0.00 reconn/s: 0.00
[ 220s ] thds: 400 tps: 9572.69 qps: 191204.14 (r/w/o: 133777.49/38283.47/19143.18) lat (ms,95%): 57.87 err/s: 0.00 reconn/s: 0.00
[ 230s ] thds: 400 tps: 8072.36 qps: 161734.74 (r/w/o: 113277.20/32307.73/16149.81) lat (ms,95%): 94.10 err/s: 0.00 reconn/s: 0.00
[ 240s ] thds: 400 tps: 8007.65 qps: 160208.47 (r/w/o: 112147.55/32045.61/16015.31) lat (ms,95%): 90.78 err/s: 0.00 reconn/s: 0.00
[ 250s ] thds: 400 tps: 6927.66 qps: 138375.38 (r/w/o: 96847.13/27672.94/13855.32) lat (ms,95%): 114.72 err/s: 0.00 reconn/s: 0.00
[ 260s ] thds: 400 tps: 7043.51 qps: 141096.46 (r/w/o: 98778.52/28230.93/14087.02) lat (ms,95%): 104.84 err/s: 0.00 reconn/s: 0.00
[ 270s ] thds: 400 tps: 8833.00 qps: 176511.34 (r/w/o: 123535.23/35310.01/17666.10) lat (ms,95%): 70.55 err/s: 0.00 reconn/s: 0.00
[ 280s ] thds: 400 tps: 9091.86 qps: 181888.06 (r/w/o: 127369.62/36334.43/18184.02) lat (ms,95%): 69.29 err/s: 0.10 reconn/s: 0.00
[ 290s ] thds: 400 tps: 9352.07 qps: 187159.59 (r/w/o: 130955.47/37499.78/18704.34) lat (ms,95%): 59.99 err/s: 0.00 reconn/s: 0.00
[ 300s ] thds: 400 tps: 9010.54 qps: 180141.70 (r/w/o: 126112.49/36007.84/18021.37) lat (ms,95%): 70.55 err/s: 0.10 reconn/s: 0.00
[ 310s ] thds: 400 tps: 9429.67 qps: 188714.04 (r/w/o: 132086.64/37767.87/18859.53) lat (ms,95%): 58.92 err/s: 0.00 reconn/s: 0.00
[ 320s ] thds: 400 tps: 9493.02 qps: 189851.81 (r/w/o: 132911.62/37953.76/18986.43) lat (ms,95%): 58.92 err/s: 0.20 reconn/s: 0.00
[ 330s ] thds: 400 tps: 9374.00 qps: 187320.62 (r/w/o: 131149.91/37422.80/18747.90) lat (ms,95%): 62.19 err/s: 0.10 reconn/s: 0.00
[ 340s ] thds: 400 tps: 8561.13 qps: 171095.31 (r/w/o: 119726.05/34252.20/17117.05) lat (ms,95%): 86.00 err/s: 0.00 reconn/s: 0.00
[ 350s ] thds: 400 tps: 8062.68 qps: 161299.14 (r/w/o: 112885.95/32290.63/16122.56) lat (ms,95%): 92.42 err/s: 0.00 reconn/s: 0.00
[ 360s ] thds: 400 tps: 7269.75 qps: 145286.33 (r/w/o: 101718.72/29020.21/14547.40) lat (ms,95%): 97.55 err/s: 0.00 reconn/s: 0.00
[ 370s ] thds: 400 tps: 6932.01 qps: 138831.64 (r/w/o: 97196.60/27770.93/13864.11) lat (ms,95%): 101.13 err/s: 0.00 reconn/s: 0.00
[ 380s ] thds: 400 tps: 7491.84 qps: 149821.67 (r/w/o: 104893.34/29944.15/14984.18) lat (ms,95%): 92.42 err/s: 0.00 reconn/s: 0.00
[ 390s ] thds: 400 tps: 8519.27 qps: 170316.59 (r/w/o: 119213.44/34064.50/17038.65) lat (ms,95%): 82.96 err/s: 0.00 reconn/s: 0.00
[ 400s ] thds: 400 tps: 8271.16 qps: 165660.02 (r/w/o: 115956.88/33160.92/16542.21) lat (ms,95%): 99.33 err/s: 0.00 reconn/s: 0.00
[ 410s ] thds: 400 tps: 8177.05 qps: 163576.43 (r/w/o: 114493.12/32729.11/16354.20) lat (ms,95%): 92.42 err/s: 0.00 reconn/s: 0.00
[ 420s ] thds: 400 tps: 8138.58 qps: 162557.58 (r/w/o: 113779.60/32502.12/16275.86) lat (ms,95%): 97.55 err/s: 0.00 reconn/s: 0.00
[ 430s ] thds: 400 tps: 7942.62 qps: 158916.14 (r/w/o: 111270.71/31758.89/15886.54) lat (ms,95%): 99.33 err/s: 0.00 reconn/s: 0.00
[ 440s ] thds: 400 tps: 8746.64 qps: 174849.12 (r/w/o: 122382.18/34977.06/17489.88) lat (ms,95%): 77.19 err/s: 0.00 reconn/s: 0.00
[ 450s ] thds: 400 tps: 9322.47 qps: 186356.94 (r/w/o: 130460.94/37247.57/18648.43) lat (ms,95%): 61.08 err/s: 0.10 reconn/s: 0.00
[ 460s ] thds: 400 tps: 8748.27 qps: 175077.69 (r/w/o: 122527.47/35061.28/17488.94) lat (ms,95%): 82.96 err/s: 0.00 reconn/s: 0.00
[ 470s ] thds: 400 tps: 8946.36 qps: 179073.87 (r/w/o: 125378.69/35794.35/17900.83) lat (ms,95%): 70.55 err/s: 0.00 reconn/s: 0.00
[ 480s ] thds: 400 tps: 8758.40 qps: 175117.85 (r/w/o: 122581.63/35019.31/17516.90) lat (ms,95%): 80.03 err/s: 0.00 reconn/s: 0.00
[ 490s ] thds: 400 tps: 7115.58 qps: 142426.79 (r/w/o: 99678.58/28516.94/14231.27) lat (ms,95%): 104.84 err/s: 0.10 reconn/s: 0.00
[ 500s ] thds: 400 tps: 6813.20 qps: 135942.69 (r/w/o: 95130.99/27190.50/13621.20) lat (ms,95%): 108.68 err/s: 0.10 reconn/s: 0.00
[ 510s ] thds: 400 tps: 9042.12 qps: 180921.56 (r/w/o: 126665.25/36166.57/18089.74) lat (ms,95%): 64.47 err/s: 0.00 reconn/s: 0.00
[ 520s ] thds: 400 tps: 9162.95 qps: 183231.04 (r/w/o: 128258.76/36646.29/18325.99) lat (ms,95%): 65.65 err/s: 0.00 reconn/s: 0.00
[ 530s ] thds: 400 tps: 9147.38 qps: 183105.87 (r/w/o: 128201.17/36609.93/18294.77) lat (ms,95%): 65.65 err/s: 0.00 reconn/s: 0.00
[ 540s ] thds: 400 tps: 9311.08 qps: 186129.65 (r/w/o: 130303.96/37207.13/18618.57) lat (ms,95%): 64.47 err/s: 0.00 reconn/s: 0.00
[ 550s ] thds: 400 tps: 9558.65 qps: 191338.40 (r/w/o: 133924.07/38293.42/19120.91) lat (ms,95%): 58.92 err/s: 0.00 reconn/s: 0.00
[ 560s ] thds: 400 tps: 9553.70 qps: 191100.81 (r/w/o: 133773.24/38219.88/19107.69) lat (ms,95%): 61.08 err/s: 0.10 reconn/s: 0.00
[ 570s ] thds: 400 tps: 8777.98 qps: 175363.68 (r/w/o: 122738.91/35075.32/17549.46) lat (ms,95%): 80.03 err/s: 0.00 reconn/s: 0.00
[ 580s ] thds: 400 tps: 8743.42 qps: 174993.32 (r/w/o: 122528.39/34971.38/17493.54) lat (ms,95%): 80.03 err/s: 0.00 reconn/s: 0.00
[ 590s ] thds: 400 tps: 8834.91 qps: 176375.09 (r/w/o: 123412.73/35298.54/17663.82) lat (ms,95%): 75.82 err/s: 0.00 reconn/s: 0.00
[ 600s ] thds: 400 tps: 7386.29 qps: 148140.78 (r/w/o: 103715.62/29646.48/14778.69) lat (ms,95%): 101.13 err/s: 0.00 reconn/s: 0.00
[ 610s ] thds: 400 tps: 7261.06 qps: 144882.04 (r/w/o: 101434.50/28926.83/14520.71) lat (ms,95%): 101.13 err/s: 0.00 reconn/s: 0.00
[ 620s ] thds: 400 tps: 7244.26 qps: 144954.64 (r/w/o: 101459.30/29005.33/14490.01) lat (ms,95%): 95.81 err/s: 0.00 reconn/s: 0.00
[ 630s ] thds: 400 tps: 9000.98 qps: 180129.49 (r/w/o: 126131.48/35995.84/18002.17) lat (ms,95%): 65.65 err/s: 0.00 reconn/s: 0.00
[ 640s ] thds: 400 tps: 9262.22 qps: 185086.68 (r/w/o: 129512.53/37049.70/18524.45) lat (ms,95%): 63.32 err/s: 0.00 reconn/s: 0.00
[ 650s ] thds: 400 tps: 8934.03 qps: 178828.75 (r/w/o: 125233.36/35727.23/17868.17) lat (ms,95%): 71.83 err/s: 0.00 reconn/s: 0.00
[ 660s ] thds: 400 tps: 9441.56 qps: 188907.48 (r/w/o: 132208.69/37815.46/18883.33) lat (ms,95%): 58.92 err/s: 0.00 reconn/s: 0.00
[ 670s ] thds: 400 tps: 9346.72 qps: 186984.30 (r/w/o: 130879.01/37411.66/18693.63) lat (ms,95%): 61.08 err/s: 0.00 reconn/s: 0.00
[ 680s ] thds: 400 tps: 9175.50 qps: 183429.94 (r/w/o: 128403.43/36675.71/18350.80) lat (ms,95%): 68.05 err/s: 0.00 reconn/s: 0.00
[ 690s ] thds: 400 tps: 8408.88 qps: 167965.60 (r/w/o: 117556.52/33593.72/16815.36) lat (ms,95%): 89.16 err/s: 0.00 reconn/s: 0.00
[ 700s ] thds: 400 tps: 9060.35 qps: 181234.29 (r/w/o: 126875.69/36235.30/18123.30) lat (ms,95%): 69.29 err/s: 0.00 reconn/s: 0.00
[ 710s ] thds: 400 tps: 8179.64 qps: 163765.69 (r/w/o: 114681.35/32724.96/16359.38) lat (ms,95%): 92.42 err/s: 0.00 reconn/s: 0.00
[ 720s ] thds: 400 tps: 7286.97 qps: 145754.87 (r/w/o: 101983.13/29201.99/14569.75) lat (ms,95%): 97.55 err/s: 0.00 reconn/s: 0.00
[ 730s ] thds: 400 tps: 7267.10 qps: 145079.57 (r/w/o: 101522.75/29018.31/14538.51) lat (ms,95%): 95.81 err/s: 0.00 reconn/s: 0.00
[ 740s ] thds: 400 tps: 8254.92 qps: 165105.68 (r/w/o: 115588.07/33011.78/16505.84) lat (ms,95%): 81.48 err/s: 0.00 reconn/s: 0.00
[ 750s ] thds: 400 tps: 9243.12 qps: 184887.40 (r/w/o: 129426.65/36971.20/18489.55) lat (ms,95%): 64.47 err/s: 0.10 reconn/s: 0.00
[ 760s ] thds: 400 tps: 8986.38 qps: 179816.74 (r/w/o: 125878.87/35972.71/17965.15) lat (ms,95%): 73.13 err/s: 0.00 reconn/s: 0.00
[ 770s ] thds: 400 tps: 9464.87 qps: 189367.84 (r/w/o: 132549.71/37879.89/18938.24) lat (ms,95%): 58.92 err/s: 0.00 reconn/s: 0.00
[ 780s ] thds: 400 tps: 9441.93 qps: 189072.30 (r/w/o: 132331.62/37856.82/18883.86) lat (ms,95%): 57.87 err/s: 0.00 reconn/s: 0.00
[ 790s ] thds: 400 tps: 9062.10 qps: 180943.93 (r/w/o: 126722.62/36097.01/18124.30) lat (ms,95%): 73.13 err/s: 0.00 reconn/s: 0.00
[ 800s ] thds: 400 tps: 7817.67 qps: 156395.71 (r/w/o: 109438.28/31323.08/15634.34) lat (ms,95%): 97.55 err/s: 0.00 reconn/s: 0.00
[ 810s ] thds: 400 tps: 7700.72 qps: 153828.61 (r/w/o: 107670.41/30755.76/15402.43) lat (ms,95%): 104.84 err/s: 0.00 reconn/s: 0.00
[ 820s ] thds: 400 tps: 7584.28 qps: 151782.55 (r/w/o: 106269.46/30346.23/15166.87) lat (ms,95%): 110.66 err/s: 0.00 reconn/s: 0.00
[ 830s ] thds: 400 tps: 7131.80 qps: 142641.89 (r/w/o: 99843.96/28534.72/14263.21) lat (ms,95%): 106.75 err/s: 0.00 reconn/s: 0.00
[ 840s ] thds: 400 tps: 7449.09 qps: 149033.38 (r/w/o: 104348.71/29783.98/14900.69) lat (ms,95%): 101.13 err/s: 0.00 reconn/s: 0.00
SQL statistics:
    queries performed:
        read:                            99473738
        write:                           28420972
        other:                           14210584
        total:                           142105294
    transactions:                        7105244 (8426.68 per sec.)
    queries:                             142105294 (168534.12 per sec.)
    ignored errors:                      23     (0.03 per sec.)
    reconnects:                          0      (0.00 per sec.)

General statistics:
    total time:                          843.1831s
    total number of events:              7105244

Latency (ms):
         min:                                   19.96
         avg:                                   47.30
         max:                                 3288.51
         95th percentile:                       87.56
         sum:                            336077457.67

Threads fairness:
    events (avg/stddev):           17763.1100/411.42
    execution time (avg/stddev):   840.1936/0.46

