sysbench 1.0.20-ebf1c90 (using bundled LuaJIT 2.1.0-beta2)

Running the test with following options:
Number of threads: 400
Report intermediate results every 10 second(s)
Initializing random number generator from current time


Initializing worker threads...

Threads started!

[ 10s ] thds: 400 tps: 5710.81 qps: 114557.08 (r/w/o: 80206.86/22888.62/11461.61) lat (ms,95%): 211.60 err/s: 0.00 reconn/s: 0.00
[ 20s ] thds: 400 tps: 7887.05 qps: 157828.76 (r/w/o: 110542.05/31512.51/15774.21) lat (ms,95%): 161.51 err/s: 0.00 reconn/s: 0.00
[ 30s ] thds: 400 tps: 7976.31 qps: 159424.59 (r/w/o: 111565.43/31906.74/15952.42) lat (ms,95%): 158.63 err/s: 0.00 reconn/s: 0.00
[ 40s ] thds: 400 tps: 8711.90 qps: 174451.81 (r/w/o: 122173.74/34853.88/17424.19) lat (ms,95%): 77.19 err/s: 0.10 reconn/s: 0.00
[ 50s ] thds: 400 tps: 8850.41 qps: 177040.07 (r/w/o: 123882.29/35461.35/17696.43) lat (ms,95%): 69.29 err/s: 0.00 reconn/s: 0.00
[ 60s ] thds: 400 tps: 8918.19 qps: 178412.33 (r/w/o: 124890.71/35680.75/17840.87) lat (ms,95%): 70.55 err/s: 0.00 reconn/s: 0.00
[ 70s ] thds: 400 tps: 9100.29 qps: 181829.58 (r/w/o: 127252.54/36380.16/18196.88) lat (ms,95%): 66.84 err/s: 0.10 reconn/s: 0.00
[ 80s ] thds: 400 tps: 8769.11 qps: 175603.60 (r/w/o: 122938.07/35123.02/17542.51) lat (ms,95%): 81.48 err/s: 0.20 reconn/s: 0.00
[ 90s ] thds: 400 tps: 9049.20 qps: 180952.00 (r/w/o: 126702.17/36151.32/18098.51) lat (ms,95%): 65.65 err/s: 0.00 reconn/s: 0.00
[ 100s ] thds: 400 tps: 9221.39 qps: 184070.03 (r/w/o: 128804.38/36822.77/18442.88) lat (ms,95%): 62.19 err/s: 0.00 reconn/s: 0.00
[ 110s ] thds: 400 tps: 9392.03 qps: 187868.95 (r/w/o: 131476.18/37616.91/18775.85) lat (ms,95%): 62.19 err/s: 0.00 reconn/s: 0.00
[ 120s ] thds: 400 tps: 6954.78 qps: 139264.55 (r/w/o: 97522.26/27824.33/13917.97) lat (ms,95%): 123.28 err/s: 0.00 reconn/s: 0.00
[ 130s ] thds: 400 tps: 5585.41 qps: 111746.31 (r/w/o: 78252.95/22326.24/11167.12) lat (ms,95%): 147.61 err/s: 0.00 reconn/s: 0.00
[ 140s ] thds: 400 tps: 6463.40 qps: 129401.06 (r/w/o: 90562.34/25907.91/12930.81) lat (ms,95%): 125.52 err/s: 0.10 reconn/s: 0.00
[ 150s ] thds: 400 tps: 8928.30 qps: 178412.21 (r/w/o: 124931.81/35623.70/17856.70) lat (ms,95%): 66.84 err/s: 0.00 reconn/s: 0.00
[ 160s ] thds: 400 tps: 9014.31 qps: 180184.71 (r/w/o: 126090.27/36066.62/18027.81) lat (ms,95%): 69.29 err/s: 0.00 reconn/s: 0.00
[ 170s ] thds: 400 tps: 9069.17 qps: 181436.40 (r/w/o: 126983.85/36318.00/18134.55) lat (ms,95%): 69.29 err/s: 0.00 reconn/s: 0.00
[ 180s ] thds: 400 tps: 9215.72 qps: 184359.24 (r/w/o: 129086.71/36836.49/18436.04) lat (ms,95%): 63.32 err/s: 0.00 reconn/s: 0.00
[ 190s ] thds: 400 tps: 9142.50 qps: 182736.64 (r/w/o: 127871.16/36580.49/18284.99) lat (ms,95%): 70.55 err/s: 0.10 reconn/s: 0.00
[ 200s ] thds: 400 tps: 9387.30 qps: 187918.94 (r/w/o: 131573.76/37569.99/18775.19) lat (ms,95%): 59.99 err/s: 0.00 reconn/s: 0.00
[ 210s ] thds: 400 tps: 9489.08 qps: 189817.17 (r/w/o: 132885.60/37953.11/18978.46) lat (ms,95%): 58.92 err/s: 0.10 reconn/s: 0.00
[ 220s ] thds: 400 tps: 9589.51 qps: 191565.39 (r/w/o: 134085.80/38300.46/19179.13) lat (ms,95%): 56.84 err/s: 0.00 reconn/s: 0.00
[ 230s ] thds: 400 tps: 8037.70 qps: 160998.67 (r/w/o: 112702.18/32220.99/16075.50) lat (ms,95%): 94.10 err/s: 0.00 reconn/s: 0.00
[ 240s ] thds: 400 tps: 7964.13 qps: 159385.24 (r/w/o: 111561.78/31895.21/15928.25) lat (ms,95%): 92.42 err/s: 0.00 reconn/s: 0.00
[ 250s ] thds: 400 tps: 6936.50 qps: 138512.15 (r/w/o: 96983.74/27655.71/13872.71) lat (ms,95%): 114.72 err/s: 0.00 reconn/s: 0.00
[ 260s ] thds: 400 tps: 7046.58 qps: 140876.80 (r/w/o: 98583.92/28206.32/14086.56) lat (ms,95%): 104.84 err/s: 0.00 reconn/s: 0.00
[ 270s ] thds: 400 tps: 8866.71 qps: 177481.88 (r/w/o: 124253.20/35488.26/17740.43) lat (ms,95%): 69.29 err/s: 0.00 reconn/s: 0.00
[ 280s ] thds: 400 tps: 9122.31 qps: 182479.92 (r/w/o: 127761.98/36473.22/18244.71) lat (ms,95%): 68.05 err/s: 0.00 reconn/s: 0.00
[ 290s ] thds: 400 tps: 9365.20 qps: 187000.76 (r/w/o: 130839.07/37431.29/18730.40) lat (ms,95%): 59.99 err/s: 0.00 reconn/s: 0.00
[ 300s ] thds: 400 tps: 8997.39 qps: 180104.63 (r/w/o: 126091.38/36018.47/17994.78) lat (ms,95%): 70.55 err/s: 0.00 reconn/s: 0.00
[ 310s ] thds: 400 tps: 9426.88 qps: 188396.87 (r/w/o: 131841.37/37708.13/18847.37) lat (ms,95%): 58.92 err/s: 0.20 reconn/s: 0.00
[ 320s ] thds: 400 tps: 9471.04 qps: 189847.10 (r/w/o: 132918.19/37979.74/18949.17) lat (ms,95%): 58.92 err/s: 0.10 reconn/s: 0.00
[ 330s ] thds: 400 tps: 9373.98 qps: 187304.38 (r/w/o: 131141.48/37414.74/18748.17) lat (ms,95%): 62.19 err/s: 0.10 reconn/s: 0.00
[ 340s ] thds: 400 tps: 8600.47 qps: 171844.72 (r/w/o: 120294.40/34349.48/17200.84) lat (ms,95%): 84.47 err/s: 0.00 reconn/s: 0.00
[ 350s ] thds: 400 tps: 8027.22 qps: 160563.57 (r/w/o: 112347.16/32166.57/16049.84) lat (ms,95%): 94.10 err/s: 0.00 reconn/s: 0.00
[ 360s ] thds: 400 tps: 7287.79 qps: 145772.30 (r/w/o: 102094.13/29097.88/14580.29) lat (ms,95%): 97.55 err/s: 0.00 reconn/s: 0.00
[ 370s ] thds: 400 tps: 6934.30 qps: 138813.57 (r/w/o: 97155.88/27789.49/13868.20) lat (ms,95%): 101.13 err/s: 0.00 reconn/s: 0.00
[ 380s ] thds: 400 tps: 7487.01 qps: 149764.59 (r/w/o: 104855.21/29934.66/14974.73) lat (ms,95%): 92.42 err/s: 0.00 reconn/s: 0.00
[ 390s ] thds: 400 tps: 8520.80 qps: 170346.07 (r/w/o: 119245.38/34059.09/17041.60) lat (ms,95%): 82.96 err/s: 0.00 reconn/s: 0.00
[ 400s ] thds: 400 tps: 8268.78 qps: 165410.03 (r/w/o: 115739.97/33141.21/16528.85) lat (ms,95%): 99.33 err/s: 0.00 reconn/s: 0.00
[ 410s ] thds: 400 tps: 8202.40 qps: 163916.39 (r/w/o: 114718.66/32789.72/16408.01) lat (ms,95%): 90.78 err/s: 0.00 reconn/s: 0.00
[ 420s ] thds: 400 tps: 8127.61 qps: 162672.80 (r/w/o: 113910.87/32502.12/16259.81) lat (ms,95%): 97.55 err/s: 0.10 reconn/s: 0.00
[ 430s ] thds: 400 tps: 7960.31 qps: 159066.33 (r/w/o: 111346.69/31797.53/15922.11) lat (ms,95%): 99.33 err/s: 0.10 reconn/s: 0.00
[ 440s ] thds: 400 tps: 8740.90 qps: 174994.14 (r/w/o: 122499.46/35012.79/17481.89) lat (ms,95%): 77.19 err/s: 0.00 reconn/s: 0.00
[ 450s ] thds: 400 tps: 9336.00 qps: 186638.36 (r/w/o: 130683.87/37282.19/18672.30) lat (ms,95%): 61.08 err/s: 0.10 reconn/s: 0.00
[ 460s ] thds: 400 tps: 8796.50 qps: 175853.57 (r/w/o: 123027.28/35238.09/17588.20) lat (ms,95%): 82.96 err/s: 0.00 reconn/s: 0.00
[ 470s ] thds: 400 tps: 8942.82 qps: 179127.93 (r/w/o: 125421.30/35815.99/17890.64) lat (ms,95%): 70.55 err/s: 0.00 reconn/s: 0.00
[ 480s ] thds: 400 tps: 8745.18 qps: 174912.41 (r/w/o: 122431.06/34990.60/17490.75) lat (ms,95%): 80.03 err/s: 0.10 reconn/s: 0.00
[ 490s ] thds: 400 tps: 7136.80 qps: 142573.82 (r/w/o: 99780.72/28525.10/14268.00) lat (ms,95%): 104.84 err/s: 0.10 reconn/s: 0.00
[ 500s ] thds: 400 tps: 6802.10 qps: 135802.27 (r/w/o: 95056.95/27141.01/13604.31) lat (ms,95%): 108.68 err/s: 0.00 reconn/s: 0.00
[ 510s ] thds: 400 tps: 9041.08 qps: 180885.53 (r/w/o: 126643.87/36154.01/18087.65) lat (ms,95%): 64.47 err/s: 0.00 reconn/s: 0.00
[ 520s ] thds: 400 tps: 9195.53 qps: 183894.82 (r/w/o: 128734.13/36769.32/18391.36) lat (ms,95%): 65.65 err/s: 0.00 reconn/s: 0.00
[ 530s ] thds: 400 tps: 9149.40 qps: 183130.66 (r/w/o: 128179.04/36652.81/18298.81) lat (ms,95%): 65.65 err/s: 0.00 reconn/s: 0.00
[ 540s ] thds: 400 tps: 9315.70 qps: 186374.08 (r/w/o: 130479.89/37262.70/18631.50) lat (ms,95%): 64.47 err/s: 0.00 reconn/s: 0.00
[ 550s ] thds: 400 tps: 9608.90 qps: 191918.42 (r/w/o: 134302.42/38398.80/19217.20) lat (ms,95%): 58.92 err/s: 0.10 reconn/s: 0.00
[ 560s ] thds: 400 tps: 9506.89 qps: 190248.15 (r/w/o: 133179.03/38061.85/19007.28) lat (ms,95%): 61.08 err/s: 0.00 reconn/s: 0.00
[ 570s ] thds: 400 tps: 8785.69 qps: 175673.69 (r/w/o: 122983.92/35112.88/17576.89) lat (ms,95%): 80.03 err/s: 0.10 reconn/s: 0.00
[ 580s ] thds: 400 tps: 8727.32 qps: 174709.43 (r/w/o: 122313.43/34944.37/17451.63) lat (ms,95%): 80.03 err/s: 0.00 reconn/s: 0.00
[ 590s ] thds: 400 tps: 8844.20 qps: 176665.06 (r/w/o: 123641.37/35333.89/17689.80) lat (ms,95%): 74.46 err/s: 0.00 reconn/s: 0.00
[ 600s ] thds: 400 tps: 7396.99 qps: 148207.73 (r/w/o: 103750.28/29664.47/14792.98) lat (ms,95%): 101.13 err/s: 0.00 reconn/s: 0.00
[ 610s ] thds: 400 tps: 7253.89 qps: 144920.03 (r/w/o: 101479.18/28928.87/14511.98) lat (ms,95%): 101.13 err/s: 0.00 reconn/s: 0.00
[ 620s ] thds: 400 tps: 7254.41 qps: 145189.95 (r/w/o: 101633.17/29047.05/14509.72) lat (ms,95%): 95.81 err/s: 0.00 reconn/s: 0.00
[ 630s ] thds: 400 tps: 9040.70 qps: 180949.17 (r/w/o: 126667.68/36199.69/18081.80) lat (ms,95%): 64.47 err/s: 0.20 reconn/s: 0.00
[ 640s ] thds: 400 tps: 9219.99 qps: 184304.03 (r/w/o: 129012.78/36851.27/18439.98) lat (ms,95%): 63.32 err/s: 0.00 reconn/s: 0.00
[ 650s ] thds: 400 tps: 8981.21 qps: 179698.38 (r/w/o: 125805.13/35930.74/17962.52) lat (ms,95%): 71.83 err/s: 0.00 reconn/s: 0.00
[ 660s ] thds: 400 tps: 9426.21 qps: 188608.74 (r/w/o: 132005.00/37751.13/18852.61) lat (ms,95%): 58.92 err/s: 0.10 reconn/s: 0.00
[ 670s ] thds: 400 tps: 9439.21 qps: 188700.76 (r/w/o: 132064.41/37763.03/18873.32) lat (ms,95%): 59.99 err/s: 0.00 reconn/s: 0.00
[ 680s ] thds: 400 tps: 9172.30 qps: 183229.57 (r/w/o: 128256.48/36632.19/18340.90) lat (ms,95%): 68.05 err/s: 0.00 reconn/s: 0.00
[ 690s ] thds: 400 tps: 8435.08 qps: 168805.15 (r/w/o: 118191.69/33734.51/16878.96) lat (ms,95%): 89.16 err/s: 0.00 reconn/s: 0.00
[ 700s ] thds: 400 tps: 9045.29 qps: 180944.45 (r/w/o: 126675.90/36177.97/18090.59) lat (ms,95%): 69.29 err/s: 0.00 reconn/s: 0.00
[ 710s ] thds: 400 tps: 8227.50 qps: 164590.40 (r/w/o: 115236.87/32898.42/16455.11) lat (ms,95%): 92.42 err/s: 0.00 reconn/s: 0.00
[ 720s ] thds: 400 tps: 7315.29 qps: 146195.38 (r/w/o: 102265.51/29306.18/14623.69) lat (ms,95%): 97.55 err/s: 0.00 reconn/s: 0.00
[ 730s ] thds: 400 tps: 7278.51 qps: 145460.76 (r/w/o: 101841.92/29057.73/14561.12) lat (ms,95%): 95.81 err/s: 0.10 reconn/s: 0.00
[ 740s ] thds: 400 tps: 8262.69 qps: 165347.13 (r/w/o: 115743.18/33075.57/16528.38) lat (ms,95%): 81.48 err/s: 0.00 reconn/s: 0.00
[ 750s ] thds: 400 tps: 9300.59 qps: 186009.85 (r/w/o: 130231.60/37176.87/18601.39) lat (ms,95%): 63.32 err/s: 0.10 reconn/s: 0.00
[ 760s ] thds: 400 tps: 9018.11 qps: 180403.72 (r/w/o: 126245.86/36122.14/18035.72) lat (ms,95%): 73.13 err/s: 0.00 reconn/s: 0.00
[ 770s ] thds: 400 tps: 9438.28 qps: 188696.85 (r/w/o: 132097.89/37721.81/18877.16) lat (ms,95%): 58.92 err/s: 0.00 reconn/s: 0.00
[ 780s ] thds: 400 tps: 9448.73 qps: 188712.73 (r/w/o: 132039.44/37781.33/18891.96) lat (ms,95%): 57.87 err/s: 0.00 reconn/s: 0.00
[ 790s ] thds: 400 tps: 9000.90 qps: 180382.57 (r/w/o: 126377.18/35997.89/18007.50) lat (ms,95%): 73.13 err/s: 0.00 reconn/s: 0.00
[ 800s ] thds: 400 tps: 7823.60 qps: 156371.98 (r/w/o: 109410.48/31318.00/15643.50) lat (ms,95%): 97.55 err/s: 0.10 reconn/s: 0.00
[ 810s ] thds: 400 tps: 7758.27 qps: 155166.72 (r/w/o: 108636.19/31009.78/15520.74) lat (ms,95%): 102.97 err/s: 0.10 reconn/s: 0.00
[ 820s ] thds: 400 tps: 7609.62 qps: 152241.31 (r/w/o: 106571.32/30451.06/15218.93) lat (ms,95%): 108.68 err/s: 0.00 reconn/s: 0.00
[ 830s ] thds: 400 tps: 7130.54 qps: 142563.23 (r/w/o: 99786.81/28516.95/14259.47) lat (ms,95%): 106.75 err/s: 0.00 reconn/s: 0.00
[ 840s ] thds: 400 tps: 7404.01 qps: 148198.52 (r/w/o: 103771.09/29617.22/14810.21) lat (ms,95%): 101.13 err/s: 0.10 reconn/s: 0.00
SQL statistics:
    queries performed:
        read:                            99519252
        write:                           28433977
        other:                           14217079
        total:                           142170308
    transactions:                        7108492 (8438.36 per sec.)
    queries:                             142170308 (168767.68 per sec.)
    ignored errors:                      26     (0.03 per sec.)
    reconnects:                          0      (0.00 per sec.)

General statistics:
    total time:                          842.4015s
    total number of events:              7108492

Latency (ms):
         min:                                   20.00
         avg:                                   47.28
         max:                                 2503.75
         95th percentile:                       87.56
         sum:                            336080572.09

Threads fairness:
    events (avg/stddev):           17771.2300/430.16
    execution time (avg/stddev):   840.2014/0.46

