sysbench 1.0.20-ebf1c90 (using bundled LuaJIT 2.1.0-beta2)

Running the test with following options:
Number of threads: 400
Report intermediate results every 10 second(s)
Initializing random number generator from current time


Initializing worker threads...

Threads started!

[ 10s ] thds: 400 tps: 5719.82 qps: 114697.46 (r/w/o: 80337.46/22880.38/11479.62) lat (ms,95%): 211.60 err/s: 0.00 reconn/s: 0.00
[ 20s ] thds: 400 tps: 7875.79 qps: 157683.95 (r/w/o: 110389.83/31542.55/15751.57) lat (ms,95%): 161.51 err/s: 0.00 reconn/s: 0.00
[ 30s ] thds: 400 tps: 7972.56 qps: 159488.17 (r/w/o: 111654.82/31888.23/15945.12) lat (ms,95%): 155.80 err/s: 0.00 reconn/s: 0.00
[ 40s ] thds: 400 tps: 8635.49 qps: 172813.34 (r/w/o: 120961.69/34582.97/17268.68) lat (ms,95%): 80.03 err/s: 0.00 reconn/s: 0.00
[ 50s ] thds: 400 tps: 8905.65 qps: 177812.10 (r/w/o: 124434.37/35565.52/17812.21) lat (ms,95%): 69.29 err/s: 0.00 reconn/s: 0.00
[ 60s ] thds: 400 tps: 8916.09 qps: 178533.99 (r/w/o: 124987.05/35713.36/17833.58) lat (ms,95%): 70.55 err/s: 0.00 reconn/s: 0.00
[ 70s ] thds: 400 tps: 9078.17 qps: 181418.66 (r/w/o: 127018.55/36243.77/18156.34) lat (ms,95%): 66.84 err/s: 0.00 reconn/s: 0.00
[ 80s ] thds: 400 tps: 8722.90 qps: 174397.10 (r/w/o: 122048.13/34903.18/17445.79) lat (ms,95%): 81.48 err/s: 0.00 reconn/s: 0.00
[ 90s ] thds: 400 tps: 8996.20 qps: 180076.13 (r/w/o: 126064.25/36019.39/17992.49) lat (ms,95%): 65.65 err/s: 0.00 reconn/s: 0.00
[ 100s ] thds: 400 tps: 9272.73 qps: 185462.02 (r/w/o: 129871.16/37045.31/18545.55) lat (ms,95%): 61.08 err/s: 0.00 reconn/s: 0.00
[ 110s ] thds: 400 tps: 9347.70 qps: 186712.98 (r/w/o: 130628.45/37390.22/18694.31) lat (ms,95%): 62.19 err/s: 0.00 reconn/s: 0.00
[ 120s ] thds: 400 tps: 6907.70 qps: 138394.36 (r/w/o: 96902.67/27678.79/13812.90) lat (ms,95%): 123.28 err/s: 0.00 reconn/s: 0.00
[ 130s ] thds: 400 tps: 5591.59 qps: 111787.24 (r/w/o: 78268.49/22332.77/11185.98) lat (ms,95%): 147.61 err/s: 0.00 reconn/s: 0.00
[ 140s ] thds: 400 tps: 6460.76 qps: 129069.97 (r/w/o: 90301.82/25851.23/12916.92) lat (ms,95%): 125.52 err/s: 0.10 reconn/s: 0.00
[ 150s ] thds: 400 tps: 8888.38 qps: 178080.69 (r/w/o: 124724.22/35573.72/17782.76) lat (ms,95%): 68.05 err/s: 0.00 reconn/s: 0.00
[ 160s ] thds: 400 tps: 9056.67 qps: 181057.47 (r/w/o: 126731.56/36212.37/18113.54) lat (ms,95%): 69.29 err/s: 0.10 reconn/s: 0.00
[ 170s ] thds: 400 tps: 9068.53 qps: 181306.82 (r/w/o: 126882.84/36286.92/18137.06) lat (ms,95%): 69.29 err/s: 0.00 reconn/s: 0.00
[ 180s ] thds: 400 tps: 9200.69 qps: 184104.32 (r/w/o: 128889.60/36813.14/18401.57) lat (ms,95%): 63.32 err/s: 0.10 reconn/s: 0.00
[ 190s ] thds: 400 tps: 9148.87 qps: 182824.52 (r/w/o: 127972.19/36554.18/18298.14) lat (ms,95%): 70.55 err/s: 0.20 reconn/s: 0.00
[ 200s ] thds: 400 tps: 9370.12 qps: 187491.52 (r/w/o: 131240.62/37515.16/18735.73) lat (ms,95%): 59.99 err/s: 0.00 reconn/s: 0.00
[ 210s ] thds: 400 tps: 9458.64 qps: 189114.70 (r/w/o: 132376.03/37821.68/18916.99) lat (ms,95%): 58.92 err/s: 0.00 reconn/s: 0.00
[ 220s ] thds: 400 tps: 9560.68 qps: 191303.98 (r/w/o: 133960.27/38217.24/19126.47) lat (ms,95%): 57.87 err/s: 0.00 reconn/s: 0.00
[ 230s ] thds: 400 tps: 8070.60 qps: 161533.71 (r/w/o: 113030.71/32363.41/16139.60) lat (ms,95%): 92.42 err/s: 0.00 reconn/s: 0.00
[ 240s ] thds: 400 tps: 7961.24 qps: 158895.22 (r/w/o: 111182.98/31789.76/15922.48) lat (ms,95%): 92.42 err/s: 0.10 reconn/s: 0.00
[ 250s ] thds: 400 tps: 6883.12 qps: 137892.74 (r/w/o: 96589.04/27535.67/13768.03) lat (ms,95%): 114.72 err/s: 0.00 reconn/s: 0.00
[ 260s ] thds: 400 tps: 7028.94 qps: 140486.12 (r/w/o: 98308.60/28121.34/14056.17) lat (ms,95%): 106.75 err/s: 0.00 reconn/s: 0.00
[ 270s ] thds: 400 tps: 8838.16 qps: 176802.50 (r/w/o: 123776.97/35347.32/17678.21) lat (ms,95%): 70.55 err/s: 0.00 reconn/s: 0.00
[ 280s ] thds: 400 tps: 9064.87 qps: 181493.58 (r/w/o: 127047.63/36316.30/18129.65) lat (ms,95%): 69.29 err/s: 0.00 reconn/s: 0.00
[ 290s ] thds: 400 tps: 9363.91 qps: 187035.69 (r/w/o: 130917.04/37390.74/18727.92) lat (ms,95%): 61.08 err/s: 0.00 reconn/s: 0.00
[ 300s ] thds: 400 tps: 8980.69 qps: 179551.41 (r/w/o: 125688.06/35906.96/17956.38) lat (ms,95%): 70.55 err/s: 0.10 reconn/s: 0.00
[ 310s ] thds: 400 tps: 9435.85 qps: 188701.48 (r/w/o: 132070.96/37753.42/18877.11) lat (ms,95%): 58.92 err/s: 0.00 reconn/s: 0.00
[ 320s ] thds: 400 tps: 9499.89 qps: 189829.01 (r/w/o: 132850.69/37978.24/19000.07) lat (ms,95%): 58.92 err/s: 0.10 reconn/s: 0.00
[ 330s ] thds: 400 tps: 9328.64 qps: 186815.92 (r/w/o: 130814.28/37344.06/18657.58) lat (ms,95%): 62.19 err/s: 0.10 reconn/s: 0.00
[ 340s ] thds: 400 tps: 8526.32 qps: 170675.60 (r/w/o: 119503.58/34119.28/17052.74) lat (ms,95%): 86.00 err/s: 0.00 reconn/s: 0.00
[ 350s ] thds: 400 tps: 8023.65 qps: 160307.89 (r/w/o: 112157.26/32106.62/16044.01) lat (ms,95%): 92.42 err/s: 0.00 reconn/s: 0.00
[ 360s ] thds: 400 tps: 7266.05 qps: 145472.00 (r/w/o: 101888.90/29047.70/14535.40) lat (ms,95%): 97.55 err/s: 0.00 reconn/s: 0.00
[ 370s ] thds: 400 tps: 6899.33 qps: 138044.20 (r/w/o: 96605.09/27640.54/13798.57) lat (ms,95%): 101.13 err/s: 0.10 reconn/s: 0.00
[ 380s ] thds: 400 tps: 7464.21 qps: 149363.36 (r/w/o: 104563.28/29870.95/14929.13) lat (ms,95%): 94.10 err/s: 0.10 reconn/s: 0.00
[ 390s ] thds: 400 tps: 8554.86 qps: 171012.11 (r/w/o: 119721.68/34180.52/17109.91) lat (ms,95%): 82.96 err/s: 0.10 reconn/s: 0.00
[ 400s ] thds: 400 tps: 8264.30 qps: 164953.89 (r/w/o: 115415.86/33009.12/16528.91) lat (ms,95%): 101.13 err/s: 0.20 reconn/s: 0.00
[ 410s ] thds: 400 tps: 8198.13 qps: 163920.30 (r/w/o: 114733.69/32790.64/16395.97) lat (ms,95%): 92.42 err/s: 0.00 reconn/s: 0.00
[ 420s ] thds: 400 tps: 8064.85 qps: 161566.79 (r/w/o: 113134.26/32306.92/16125.61) lat (ms,95%): 97.55 err/s: 0.00 reconn/s: 0.00
[ 430s ] thds: 400 tps: 7930.31 qps: 158573.39 (r/w/o: 111033.63/31674.74/15865.02) lat (ms,95%): 99.33 err/s: 0.00 reconn/s: 0.00
[ 440s ] thds: 400 tps: 8672.18 qps: 173551.21 (r/w/o: 121449.93/34756.52/17344.76) lat (ms,95%): 77.19 err/s: 0.10 reconn/s: 0.00
[ 450s ] thds: 400 tps: 9284.91 qps: 185740.23 (r/w/o: 130059.09/37111.83/18569.31) lat (ms,95%): 61.08 err/s: 0.00 reconn/s: 0.00
[ 460s ] thds: 400 tps: 8746.06 qps: 174637.16 (r/w/o: 122205.61/34940.63/17490.92) lat (ms,95%): 84.47 err/s: 0.00 reconn/s: 0.00
[ 470s ] thds: 400 tps: 8938.45 qps: 178855.94 (r/w/o: 125178.16/35799.19/17878.59) lat (ms,95%): 70.55 err/s: 0.00 reconn/s: 0.00
[ 480s ] thds: 400 tps: 8739.44 qps: 175118.46 (r/w/o: 122591.40/35048.07/17478.99) lat (ms,95%): 80.03 err/s: 0.00 reconn/s: 0.00
[ 490s ] thds: 400 tps: 7140.18 qps: 142359.74 (r/w/o: 99636.75/28447.33/14275.66) lat (ms,95%): 104.84 err/s: 0.00 reconn/s: 0.00
[ 500s ] thds: 400 tps: 6773.37 qps: 135519.21 (r/w/o: 94903.89/27065.98/13549.34) lat (ms,95%): 108.68 err/s: 0.10 reconn/s: 0.00
[ 510s ] thds: 400 tps: 9029.61 qps: 180750.15 (r/w/o: 126536.18/36152.35/18061.63) lat (ms,95%): 64.47 err/s: 0.00 reconn/s: 0.00
[ 520s ] thds: 400 tps: 9202.58 qps: 184058.00 (r/w/o: 128856.89/36795.94/18405.17) lat (ms,95%): 65.65 err/s: 0.00 reconn/s: 0.00
[ 530s ] thds: 400 tps: 9187.61 qps: 183653.24 (r/w/o: 128518.26/36759.35/18375.62) lat (ms,95%): 65.65 err/s: 0.10 reconn/s: 0.00
[ 540s ] thds: 400 tps: 9278.43 qps: 185840.34 (r/w/o: 130083.95/37199.23/18557.16) lat (ms,95%): 65.65 err/s: 0.10 reconn/s: 0.00
[ 550s ] thds: 400 tps: 9603.66 qps: 191746.22 (r/w/o: 134238.26/38302.54/19205.42) lat (ms,95%): 57.87 err/s: 0.00 reconn/s: 0.00
[ 560s ] thds: 400 tps: 9520.50 qps: 190513.29 (r/w/o: 133336.06/38134.22/19043.01) lat (ms,95%): 61.08 err/s: 0.00 reconn/s: 0.00
[ 570s ] thds: 400 tps: 8728.32 qps: 174528.55 (r/w/o: 122182.51/34889.19/17456.84) lat (ms,95%): 81.48 err/s: 0.00 reconn/s: 0.00
[ 580s ] thds: 400 tps: 8767.69 qps: 175376.04 (r/w/o: 122756.72/35083.75/17535.57) lat (ms,95%): 80.03 err/s: 0.10 reconn/s: 0.00
[ 590s ] thds: 400 tps: 8795.14 qps: 175816.66 (r/w/o: 123071.30/35156.37/17588.99) lat (ms,95%): 75.82 err/s: 0.10 reconn/s: 0.00
[ 600s ] thds: 400 tps: 7368.80 qps: 147547.23 (r/w/o: 103273.52/29537.21/14736.50) lat (ms,95%): 102.97 err/s: 0.00 reconn/s: 0.00
[ 610s ] thds: 400 tps: 7183.08 qps: 143600.99 (r/w/o: 100562.81/28669.52/14368.66) lat (ms,95%): 102.97 err/s: 0.00 reconn/s: 0.00
[ 620s ] thds: 400 tps: 7209.74 qps: 144374.14 (r/w/o: 101053.99/28899.97/14420.18) lat (ms,95%): 97.55 err/s: 0.10 reconn/s: 0.00
[ 630s ] thds: 400 tps: 9044.67 qps: 180504.30 (r/w/o: 126305.95/36110.20/18088.15) lat (ms,95%): 64.47 err/s: 0.10 reconn/s: 0.00
[ 640s ] thds: 400 tps: 9201.73 qps: 184451.83 (r/w/o: 129170.86/36876.21/18404.76) lat (ms,95%): 63.32 err/s: 0.00 reconn/s: 0.00
[ 650s ] thds: 400 tps: 8949.27 qps: 179030.21 (r/w/o: 125295.01/35836.26/17898.93) lat (ms,95%): 71.83 err/s: 0.10 reconn/s: 0.00
[ 660s ] thds: 400 tps: 9419.60 qps: 188236.23 (r/w/o: 131745.75/37651.29/18839.19) lat (ms,95%): 58.92 err/s: 0.00 reconn/s: 0.00
[ 670s ] thds: 400 tps: 9385.38 qps: 187531.57 (r/w/o: 131280.10/37480.61/18770.86) lat (ms,95%): 61.08 err/s: 0.00 reconn/s: 0.00
[ 680s ] thds: 400 tps: 9140.61 qps: 182970.18 (r/w/o: 128089.09/36599.76/18281.33) lat (ms,95%): 69.29 err/s: 0.00 reconn/s: 0.00
[ 690s ] thds: 400 tps: 8383.27 qps: 167649.54 (r/w/o: 117372.64/33510.57/16766.33) lat (ms,95%): 89.16 err/s: 0.00 reconn/s: 0.00
[ 700s ] thds: 400 tps: 9057.88 qps: 181263.01 (r/w/o: 126888.95/36258.00/18116.05) lat (ms,95%): 69.29 err/s: 0.00 reconn/s: 0.00
[ 710s ] thds: 400 tps: 8174.89 qps: 163331.16 (r/w/o: 114347.73/32640.55/16342.88) lat (ms,95%): 94.10 err/s: 0.00 reconn/s: 0.00
[ 720s ] thds: 400 tps: 7263.88 qps: 145119.18 (r/w/o: 101537.18/29051.54/14530.47) lat (ms,95%): 99.33 err/s: 0.00 reconn/s: 0.00
[ 730s ] thds: 400 tps: 7256.49 qps: 145216.15 (r/w/o: 101673.12/29027.25/14515.77) lat (ms,95%): 95.81 err/s: 0.10 reconn/s: 0.00
[ 740s ] thds: 400 tps: 8267.35 qps: 165502.29 (r/w/o: 115858.16/33107.32/16536.81) lat (ms,95%): 81.48 err/s: 0.00 reconn/s: 0.00
[ 750s ] thds: 400 tps: 9277.88 qps: 185601.04 (r/w/o: 129932.38/37112.71/18555.95) lat (ms,95%): 63.32 err/s: 0.10 reconn/s: 0.00
[ 760s ] thds: 400 tps: 9039.22 qps: 180519.04 (r/w/o: 126327.11/36113.49/18078.44) lat (ms,95%): 73.13 err/s: 0.00 reconn/s: 0.00
[ 770s ] thds: 400 tps: 9437.76 qps: 188939.12 (r/w/o: 132279.95/37783.64/18875.52) lat (ms,95%): 58.92 err/s: 0.00 reconn/s: 0.00
[ 780s ] thds: 400 tps: 9377.22 qps: 187390.83 (r/w/o: 131168.20/37468.19/18754.44) lat (ms,95%): 58.92 err/s: 0.00 reconn/s: 0.00
[ 790s ] thds: 400 tps: 8980.25 qps: 179892.37 (r/w/o: 125949.65/35981.81/17960.91) lat (ms,95%): 73.13 err/s: 0.10 reconn/s: 0.00
[ 800s ] thds: 400 tps: 7820.43 qps: 156174.02 (r/w/o: 109296.17/31239.60/15638.25) lat (ms,95%): 99.33 err/s: 0.00 reconn/s: 0.00
[ 810s ] thds: 400 tps: 7686.14 qps: 153909.25 (r/w/o: 107762.42/30771.75/15375.07) lat (ms,95%): 104.84 err/s: 0.00 reconn/s: 0.00
[ 820s ] thds: 400 tps: 7571.80 qps: 151432.69 (r/w/o: 106003.06/30286.42/15143.21) lat (ms,95%): 110.66 err/s: 0.00 reconn/s: 0.00
[ 830s ] thds: 400 tps: 7087.11 qps: 141604.65 (r/w/o: 99105.47/28326.35/14172.82) lat (ms,95%): 108.68 err/s: 0.00 reconn/s: 0.00
[ 840s ] thds: 400 tps: 7379.11 qps: 147724.10 (r/w/o: 103418.64/29545.74/14759.72) lat (ms,95%): 102.97 err/s: 0.00 reconn/s: 0.00
SQL statistics:
    queries performed:
        read:                            99290786
        write:                           28368699
        other:                           14184443
        total:                           141843928
    transactions:                        7092173 (8413.84 per sec.)
    queries:                             141843928 (168277.42 per sec.)
    ignored errors:                      26     (0.03 per sec.)
    reconnects:                          0      (0.00 per sec.)

General statistics:
    total time:                          842.9162s
    total number of events:              7092173

Latency (ms):
         min:                                   20.06
         avg:                                   47.39
         max:                                 3033.92
         95th percentile:                       87.56
         sum:                            336103179.31

Threads fairness:
    events (avg/stddev):           17730.4325/419.94
    execution time (avg/stddev):   840.2579/0.53

