sysbench 1.0.20-ebf1c90 (using bundled LuaJIT 2.1.0-beta2)

Running the test with following options:
Number of threads: 400
Report intermediate results every 10 second(s)
Initializing random number generator from current time


Initializing worker threads...

Threads started!

[ 10s ] thds: 400 tps: 5724.65 qps: 115037.40 (r/w/o: 80619.39/22928.71/11489.30) lat (ms,95%): 211.60 err/s: 0.00 reconn/s: 0.00
[ 20s ] thds: 400 tps: 7912.62 qps: 158060.89 (r/w/o: 110604.37/31631.38/15825.14) lat (ms,95%): 161.51 err/s: 0.00 reconn/s: 0.00
[ 30s ] thds: 400 tps: 8018.99 qps: 160553.84 (r/w/o: 112394.99/32120.67/16038.19) lat (ms,95%): 155.80 err/s: 0.00 reconn/s: 0.00
[ 40s ] thds: 400 tps: 8641.78 qps: 172676.58 (r/w/o: 120879.41/34514.72/17282.46) lat (ms,95%): 80.03 err/s: 0.00 reconn/s: 0.00
[ 50s ] thds: 400 tps: 8894.88 qps: 178073.48 (r/w/o: 124680.18/35602.34/17790.97) lat (ms,95%): 69.29 err/s: 0.00 reconn/s: 0.00
[ 60s ] thds: 400 tps: 8926.00 qps: 178367.83 (r/w/o: 124830.15/35690.59/17847.09) lat (ms,95%): 70.55 err/s: 0.00 reconn/s: 0.00
[ 70s ] thds: 400 tps: 9098.40 qps: 182211.90 (r/w/o: 127568.20/36441.60/18202.10) lat (ms,95%): 66.84 err/s: 0.10 reconn/s: 0.00
[ 80s ] thds: 400 tps: 8730.67 qps: 174540.98 (r/w/o: 122185.14/34894.60/17461.25) lat (ms,95%): 81.48 err/s: 0.00 reconn/s: 0.00
[ 90s ] thds: 400 tps: 9011.05 qps: 179998.62 (r/w/o: 125947.04/36029.38/18022.19) lat (ms,95%): 65.65 err/s: 0.00 reconn/s: 0.00
[ 100s ] thds: 400 tps: 9226.23 qps: 184715.26 (r/w/o: 129341.16/36923.73/18450.37) lat (ms,95%): 62.19 err/s: 0.00 reconn/s: 0.00
[ 110s ] thds: 400 tps: 9376.55 qps: 187318.89 (r/w/o: 131092.37/37470.82/18755.71) lat (ms,95%): 62.19 err/s: 0.10 reconn/s: 0.00
[ 120s ] thds: 400 tps: 6911.58 qps: 138354.54 (r/w/o: 96856.05/27679.03/13819.46) lat (ms,95%): 123.28 err/s: 0.00 reconn/s: 0.00
[ 130s ] thds: 400 tps: 5587.87 qps: 111926.09 (r/w/o: 78381.37/22365.28/11179.44) lat (ms,95%): 147.61 err/s: 0.00 reconn/s: 0.00
[ 140s ] thds: 400 tps: 6486.05 qps: 129558.12 (r/w/o: 90683.22/25902.70/12972.20) lat (ms,95%): 125.52 err/s: 0.00 reconn/s: 0.00
[ 150s ] thds: 400 tps: 8940.68 qps: 178996.85 (r/w/o: 125273.35/35841.83/17881.67) lat (ms,95%): 66.84 err/s: 0.10 reconn/s: 0.00
[ 160s ] thds: 400 tps: 9051.60 qps: 180681.99 (r/w/o: 126440.17/36147.22/18094.61) lat (ms,95%): 69.29 err/s: 0.00 reconn/s: 0.00
[ 170s ] thds: 400 tps: 9061.64 qps: 181433.19 (r/w/o: 127047.63/36253.38/18132.19) lat (ms,95%): 68.05 err/s: 0.00 reconn/s: 0.00
[ 180s ] thds: 400 tps: 9207.11 qps: 184154.10 (r/w/o: 128891.01/36848.56/18414.53) lat (ms,95%): 63.32 err/s: 0.10 reconn/s: 0.00
[ 190s ] thds: 400 tps: 9119.08 qps: 182530.70 (r/w/o: 127796.75/36495.80/18238.15) lat (ms,95%): 70.55 err/s: 0.00 reconn/s: 0.00
[ 200s ] thds: 400 tps: 9404.78 qps: 187993.36 (r/w/o: 131580.26/37603.53/18809.57) lat (ms,95%): 59.99 err/s: 0.00 reconn/s: 0.00
[ 210s ] thds: 400 tps: 9460.24 qps: 189095.70 (r/w/o: 132378.23/37805.98/18911.49) lat (ms,95%): 59.99 err/s: 0.00 reconn/s: 0.00
[ 220s ] thds: 400 tps: 9561.35 qps: 191287.25 (r/w/o: 133865.53/38289.82/19131.91) lat (ms,95%): 57.87 err/s: 0.00 reconn/s: 0.00
[ 230s ] thds: 400 tps: 8067.22 qps: 161247.94 (r/w/o: 112901.04/32212.37/16134.53) lat (ms,95%): 94.10 err/s: 0.00 reconn/s: 0.00
[ 240s ] thds: 400 tps: 7977.65 qps: 159593.05 (r/w/o: 111733.34/31904.31/15955.41) lat (ms,95%): 92.42 err/s: 0.00 reconn/s: 0.00
[ 250s ] thds: 400 tps: 6867.26 qps: 137433.11 (r/w/o: 96204.48/27495.42/13733.21) lat (ms,95%): 114.72 err/s: 0.00 reconn/s: 0.00
[ 260s ] thds: 400 tps: 7077.59 qps: 141628.52 (r/w/o: 99138.27/28333.36/14156.88) lat (ms,95%): 104.84 err/s: 0.10 reconn/s: 0.00
[ 270s ] thds: 400 tps: 8898.54 qps: 177786.54 (r/w/o: 124424.42/35568.75/17793.38) lat (ms,95%): 69.29 err/s: 0.00 reconn/s: 0.00
[ 280s ] thds: 400 tps: 9101.97 qps: 182038.19 (r/w/o: 127438.08/36392.18/18207.94) lat (ms,95%): 69.29 err/s: 0.10 reconn/s: 0.00
[ 290s ] thds: 400 tps: 9364.42 qps: 187417.08 (r/w/o: 131197.17/37490.98/18728.94) lat (ms,95%): 59.99 err/s: 0.00 reconn/s: 0.00
[ 300s ] thds: 400 tps: 9003.05 qps: 180068.57 (r/w/o: 126045.75/36020.21/18002.61) lat (ms,95%): 70.55 err/s: 0.20 reconn/s: 0.00
[ 310s ] thds: 400 tps: 9434.53 qps: 188674.36 (r/w/o: 132102.36/37699.83/18872.17) lat (ms,95%): 58.92 err/s: 0.00 reconn/s: 0.00
[ 320s ] thds: 400 tps: 9507.35 qps: 190129.55 (r/w/o: 133095.77/38018.39/19015.39) lat (ms,95%): 58.92 err/s: 0.00 reconn/s: 0.00
[ 330s ] thds: 400 tps: 9321.34 qps: 186423.05 (r/w/o: 130466.09/37314.17/18642.78) lat (ms,95%): 62.19 err/s: 0.00 reconn/s: 0.00
[ 340s ] thds: 400 tps: 8554.36 qps: 171005.09 (r/w/o: 119656.73/34239.64/17108.72) lat (ms,95%): 86.00 err/s: 0.00 reconn/s: 0.00
[ 350s ] thds: 400 tps: 7978.35 qps: 159487.76 (r/w/o: 111652.17/31885.59/15950.00) lat (ms,95%): 94.10 err/s: 0.00 reconn/s: 0.00
[ 360s ] thds: 400 tps: 7249.58 qps: 145068.73 (r/w/o: 101542.57/29024.01/14502.15) lat (ms,95%): 97.55 err/s: 0.10 reconn/s: 0.00
[ 370s ] thds: 400 tps: 6869.79 qps: 137670.02 (r/w/o: 96393.70/27532.64/13743.67) lat (ms,95%): 101.13 err/s: 0.00 reconn/s: 0.00
[ 380s ] thds: 400 tps: 7472.57 qps: 149063.94 (r/w/o: 104307.31/29811.39/14945.24) lat (ms,95%): 92.42 err/s: 0.00 reconn/s: 0.00
[ 390s ] thds: 400 tps: 8497.89 qps: 169972.36 (r/w/o: 118986.13/33996.05/16990.18) lat (ms,95%): 82.96 err/s: 0.00 reconn/s: 0.00
[ 400s ] thds: 400 tps: 8272.73 qps: 165667.96 (r/w/o: 116045.29/33071.41/16551.26) lat (ms,95%): 99.33 err/s: 0.00 reconn/s: 0.00
[ 410s ] thds: 400 tps: 8219.11 qps: 164349.35 (r/w/o: 115040.20/32870.53/16438.61) lat (ms,95%): 92.42 err/s: 0.10 reconn/s: 0.00
[ 420s ] thds: 400 tps: 8088.03 qps: 161700.54 (r/w/o: 113143.18/32385.91/16171.45) lat (ms,95%): 99.33 err/s: 0.00 reconn/s: 0.00
[ 430s ] thds: 400 tps: 7908.11 qps: 158400.62 (r/w/o: 110884.65/31695.04/15820.92) lat (ms,95%): 99.33 err/s: 0.00 reconn/s: 0.00
[ 440s ] thds: 400 tps: 8757.56 qps: 174852.85 (r/w/o: 122374.87/34962.85/17515.12) lat (ms,95%): 77.19 err/s: 0.00 reconn/s: 0.00
[ 450s ] thds: 400 tps: 9344.26 qps: 186932.28 (r/w/o: 130858.29/37385.56/18688.43) lat (ms,95%): 59.99 err/s: 0.00 reconn/s: 0.00
[ 460s ] thds: 400 tps: 8738.57 qps: 174899.36 (r/w/o: 122479.52/34942.99/17476.85) lat (ms,95%): 82.96 err/s: 0.00 reconn/s: 0.00
[ 470s ] thds: 400 tps: 8923.16 qps: 178335.62 (r/w/o: 124814.45/35678.34/17842.82) lat (ms,95%): 70.55 err/s: 0.20 reconn/s: 0.00
[ 480s ] thds: 400 tps: 8720.61 qps: 174330.04 (r/w/o: 121977.90/34909.83/17442.31) lat (ms,95%): 80.03 err/s: 0.00 reconn/s: 0.00
[ 490s ] thds: 400 tps: 7086.37 qps: 141718.64 (r/w/o: 99235.61/28308.39/14174.64) lat (ms,95%): 104.84 err/s: 0.10 reconn/s: 0.00
[ 500s ] thds: 400 tps: 6747.26 qps: 135203.96 (r/w/o: 94684.58/27023.25/13496.13) lat (ms,95%): 108.68 err/s: 0.00 reconn/s: 0.00
[ 510s ] thds: 400 tps: 8998.49 qps: 180087.66 (r/w/o: 126024.70/36065.47/17997.49) lat (ms,95%): 64.47 err/s: 0.20 reconn/s: 0.00
[ 520s ] thds: 400 tps: 9194.55 qps: 183890.90 (r/w/o: 128728.40/36773.40/18389.10) lat (ms,95%): 65.65 err/s: 0.00 reconn/s: 0.00
[ 530s ] thds: 400 tps: 9157.95 qps: 182952.50 (r/w/o: 128078.60/36557.80/18316.10) lat (ms,95%): 65.65 err/s: 0.10 reconn/s: 0.00
[ 540s ] thds: 400 tps: 9293.90 qps: 185754.37 (r/w/o: 130000.88/37165.69/18587.80) lat (ms,95%): 65.65 err/s: 0.00 reconn/s: 0.00
[ 550s ] thds: 400 tps: 9514.60 qps: 190517.56 (r/w/o: 133412.44/38075.91/19029.21) lat (ms,95%): 58.92 err/s: 0.00 reconn/s: 0.00
[ 560s ] thds: 400 tps: 9488.61 qps: 189855.17 (r/w/o: 132872.42/38005.43/18977.32) lat (ms,95%): 61.08 err/s: 0.00 reconn/s: 0.00
[ 570s ] thds: 400 tps: 8718.42 qps: 174233.98 (r/w/o: 121978.37/34818.58/17437.04) lat (ms,95%): 81.48 err/s: 0.10 reconn/s: 0.00
[ 580s ] thds: 400 tps: 8741.70 qps: 174938.50 (r/w/o: 122440.77/35014.32/17483.41) lat (ms,95%): 81.48 err/s: 0.00 reconn/s: 0.00
[ 590s ] thds: 400 tps: 8793.81 qps: 175731.51 (r/w/o: 123013.45/35130.64/17587.42) lat (ms,95%): 75.82 err/s: 0.10 reconn/s: 0.00
[ 600s ] thds: 400 tps: 7390.81 qps: 147703.52 (r/w/o: 103363.48/29563.12/14776.91) lat (ms,95%): 102.97 err/s: 0.00 reconn/s: 0.00
[ 610s ] thds: 400 tps: 7222.68 qps: 144524.52 (r/w/o: 101203.76/28870.30/14450.45) lat (ms,95%): 101.13 err/s: 0.00 reconn/s: 0.00
[ 620s ] thds: 400 tps: 7275.27 qps: 145330.44 (r/w/o: 101684.54/29096.37/14549.53) lat (ms,95%): 95.81 err/s: 0.00 reconn/s: 0.00
[ 630s ] thds: 400 tps: 9021.64 qps: 180669.14 (r/w/o: 126530.42/36094.35/18044.37) lat (ms,95%): 64.47 err/s: 0.00 reconn/s: 0.00
[ 640s ] thds: 400 tps: 9223.21 qps: 184106.07 (r/w/o: 128791.52/36871.14/18443.42) lat (ms,95%): 63.32 err/s: 0.00 reconn/s: 0.00
[ 650s ] thds: 400 tps: 8936.54 qps: 178803.85 (r/w/o: 125180.60/35747.17/17876.09) lat (ms,95%): 71.83 err/s: 0.00 reconn/s: 0.00
[ 660s ] thds: 400 tps: 9403.41 qps: 188542.76 (r/w/o: 132015.61/37720.33/18806.82) lat (ms,95%): 58.92 err/s: 0.00 reconn/s: 0.00
[ 670s ] thds: 400 tps: 9401.44 qps: 187857.10 (r/w/o: 131535.76/37518.36/18802.98) lat (ms,95%): 61.08 err/s: 0.00 reconn/s: 0.00
[ 680s ] thds: 400 tps: 9173.01 qps: 183407.35 (r/w/o: 128360.17/36701.15/18346.03) lat (ms,95%): 68.05 err/s: 0.00 reconn/s: 0.00
[ 690s ] thds: 400 tps: 8385.27 qps: 167756.66 (r/w/o: 117425.25/33560.47/16770.94) lat (ms,95%): 89.16 err/s: 0.10 reconn/s: 0.00
[ 700s ] thds: 400 tps: 9024.76 qps: 180495.80 (r/w/o: 126336.74/36108.64/18050.42) lat (ms,95%): 69.29 err/s: 0.40 reconn/s: 0.00
[ 710s ] thds: 400 tps: 8190.22 qps: 163785.20 (r/w/o: 114675.81/32730.66/16378.73) lat (ms,95%): 92.42 err/s: 0.00 reconn/s: 0.00
[ 720s ] thds: 400 tps: 7293.40 qps: 145883.92 (r/w/o: 102114.84/29180.18/14588.89) lat (ms,95%): 97.55 err/s: 0.10 reconn/s: 0.00
[ 730s ] thds: 400 tps: 7206.36 qps: 144119.87 (r/w/o: 100892.42/28815.03/14412.42) lat (ms,95%): 95.81 err/s: 0.00 reconn/s: 0.00
[ 740s ] thds: 400 tps: 8241.84 qps: 164722.79 (r/w/o: 115250.92/32987.27/16484.59) lat (ms,95%): 81.48 err/s: 0.20 reconn/s: 0.00
[ 750s ] thds: 400 tps: 9232.82 qps: 184595.20 (r/w/o: 129208.78/36923.38/18463.04) lat (ms,95%): 64.47 err/s: 0.00 reconn/s: 0.00
[ 760s ] thds: 400 tps: 9026.04 qps: 180778.15 (r/w/o: 126610.63/36112.75/18054.78) lat (ms,95%): 73.13 err/s: 0.00 reconn/s: 0.00
[ 770s ] thds: 400 tps: 9436.00 qps: 188830.64 (r/w/o: 132146.62/37811.91/18872.10) lat (ms,95%): 58.92 err/s: 0.00 reconn/s: 0.00
[ 780s ] thds: 400 tps: 9456.28 qps: 188990.12 (r/w/o: 132349.36/37728.00/18912.75) lat (ms,95%): 57.87 err/s: 0.10 reconn/s: 0.00
[ 790s ] thds: 400 tps: 8988.64 qps: 179667.79 (r/w/o: 125712.16/35979.55/17976.08) lat (ms,95%): 73.13 err/s: 0.00 reconn/s: 0.00
[ 800s ] thds: 400 tps: 7812.37 qps: 156242.57 (r/w/o: 109373.33/31247.60/15621.65) lat (ms,95%): 97.55 err/s: 0.00 reconn/s: 0.00
[ 810s ] thds: 400 tps: 7691.70 qps: 154023.77 (r/w/o: 107805.95/30829.72/15388.11) lat (ms,95%): 104.84 err/s: 0.10 reconn/s: 0.00
[ 820s ] thds: 400 tps: 7575.04 qps: 151574.17 (r/w/o: 106098.31/30325.67/15150.19) lat (ms,95%): 110.66 err/s: 0.10 reconn/s: 0.00
[ 830s ] thds: 400 tps: 7099.20 qps: 141820.65 (r/w/o: 99296.07/28326.39/14198.20) lat (ms,95%): 108.68 err/s: 0.00 reconn/s: 0.00
[ 840s ] thds: 400 tps: 7377.07 qps: 147691.67 (r/w/o: 103359.06/29578.17/14754.44) lat (ms,95%): 101.13 err/s: 0.00 reconn/s: 0.00
SQL statistics:
    queries performed:
        read:                            99320718
        write:                           28377244
        other:                           14188720
        total:                           141886682
    transactions:                        7094308 (8418.41 per sec.)
    queries:                             141886682 (168368.72 per sec.)
    ignored errors:                      29     (0.03 per sec.)
    reconnects:                          0      (0.00 per sec.)

General statistics:
    total time:                          842.7130s
    total number of events:              7094308

Latency (ms):
         min:                                   19.94
         avg:                                   47.37
         max:                                 2848.06
         95th percentile:                       87.56
         sum:                            336091678.52

Threads fairness:
    events (avg/stddev):           17735.7700/420.51
    execution time (avg/stddev):   840.2292/0.51

