sysbench 1.0.20-ebf1c90 (using bundled LuaJIT 2.1.0-beta2)

Running the test with following options:
Number of threads: 400
Report intermediate results every 10 second(s)
Initializing random number generator from current time


Initializing worker threads...

Threads started!

[ 10s ] thds: 400 tps: 5738.48 qps: 115186.07 (r/w/o: 80705.59/22966.03/11514.46) lat (ms,95%): 211.60 err/s: 0.00 reconn/s: 0.00
[ 20s ] thds: 400 tps: 7894.30 qps: 157839.28 (r/w/o: 110464.86/31584.52/15789.91) lat (ms,95%): 161.51 err/s: 0.00 reconn/s: 0.00
[ 30s ] thds: 400 tps: 8001.08 qps: 160015.49 (r/w/o: 112012.51/31999.52/16003.46) lat (ms,95%): 158.63 err/s: 0.00 reconn/s: 0.00
[ 40s ] thds: 400 tps: 8665.69 qps: 173487.88 (r/w/o: 121446.72/34714.08/17327.09) lat (ms,95%): 78.60 err/s: 0.10 reconn/s: 0.00
[ 50s ] thds: 400 tps: 8871.32 qps: 177178.20 (r/w/o: 123979.28/35451.38/17747.54) lat (ms,95%): 69.29 err/s: 0.20 reconn/s: 0.00
[ 60s ] thds: 400 tps: 8948.95 qps: 179098.97 (r/w/o: 125376.55/35824.31/17898.11) lat (ms,95%): 69.29 err/s: 0.00 reconn/s: 0.00
[ 70s ] thds: 400 tps: 9110.85 qps: 182006.21 (r/w/o: 127394.54/36390.08/18221.59) lat (ms,95%): 66.84 err/s: 0.10 reconn/s: 0.00
[ 80s ] thds: 400 tps: 8722.58 qps: 174886.63 (r/w/o: 122475.54/34965.63/17445.46) lat (ms,95%): 81.48 err/s: 0.00 reconn/s: 0.00
[ 90s ] thds: 400 tps: 9064.10 qps: 181098.15 (r/w/o: 126749.07/36223.89/18125.20) lat (ms,95%): 65.65 err/s: 0.00 reconn/s: 0.00
[ 100s ] thds: 400 tps: 9202.85 qps: 184023.22 (r/w/o: 128791.52/36830.70/18401.00) lat (ms,95%): 61.08 err/s: 0.00 reconn/s: 0.00
[ 110s ] thds: 400 tps: 9364.05 qps: 187548.68 (r/w/o: 131320.06/37492.32/18736.31) lat (ms,95%): 62.19 err/s: 0.00 reconn/s: 0.00
[ 120s ] thds: 400 tps: 6932.93 qps: 138395.37 (r/w/o: 96883.67/27648.63/13863.07) lat (ms,95%): 123.28 err/s: 0.00 reconn/s: 0.00
[ 130s ] thds: 400 tps: 5542.41 qps: 110935.17 (r/w/o: 77638.89/22208.55/11087.73) lat (ms,95%): 147.61 err/s: 0.00 reconn/s: 0.00
[ 140s ] thds: 400 tps: 6488.59 qps: 129669.95 (r/w/o: 90751.49/25941.27/12977.18) lat (ms,95%): 125.52 err/s: 0.00 reconn/s: 0.00
[ 150s ] thds: 400 tps: 8895.30 qps: 177867.88 (r/w/o: 124540.79/35536.50/17790.60) lat (ms,95%): 66.84 err/s: 0.00 reconn/s: 0.00
[ 160s ] thds: 400 tps: 8989.91 qps: 179957.10 (r/w/o: 126000.71/35976.56/17979.83) lat (ms,95%): 69.29 err/s: 0.00 reconn/s: 0.00
[ 170s ] thds: 400 tps: 9032.99 qps: 180744.71 (r/w/o: 126482.80/36195.64/18066.27) lat (ms,95%): 69.29 err/s: 0.10 reconn/s: 0.00
[ 180s ] thds: 400 tps: 9191.81 qps: 183754.57 (r/w/o: 128651.89/36718.65/18384.03) lat (ms,95%): 63.32 err/s: 0.20 reconn/s: 0.00
[ 190s ] thds: 400 tps: 9083.80 qps: 181465.72 (r/w/o: 126995.81/36302.20/18167.70) lat (ms,95%): 71.83 err/s: 0.00 reconn/s: 0.00
[ 200s ] thds: 400 tps: 9394.16 qps: 187918.20 (r/w/o: 131528.01/37602.36/18787.83) lat (ms,95%): 59.99 err/s: 0.00 reconn/s: 0.00
[ 210s ] thds: 400 tps: 9425.14 qps: 188645.70 (r/w/o: 132085.99/37708.74/18850.97) lat (ms,95%): 58.92 err/s: 0.00 reconn/s: 0.00
[ 220s ] thds: 400 tps: 9590.70 qps: 191815.14 (r/w/o: 134284.36/38349.19/19181.59) lat (ms,95%): 57.87 err/s: 0.10 reconn/s: 0.00
[ 230s ] thds: 400 tps: 8046.28 qps: 160954.44 (r/w/o: 112633.17/32228.51/16092.75) lat (ms,95%): 94.10 err/s: 0.00 reconn/s: 0.00
[ 240s ] thds: 400 tps: 7943.51 qps: 159109.29 (r/w/o: 111361.13/31860.94/15887.22) lat (ms,95%): 92.42 err/s: 0.10 reconn/s: 0.00
[ 250s ] thds: 400 tps: 6834.71 qps: 136554.93 (r/w/o: 95631.06/27254.65/13669.22) lat (ms,95%): 116.80 err/s: 0.00 reconn/s: 0.00
[ 260s ] thds: 400 tps: 7048.29 qps: 140604.95 (r/w/o: 98382.10/28125.97/14096.89) lat (ms,95%): 106.75 err/s: 0.00 reconn/s: 0.00
[ 270s ] thds: 400 tps: 8872.59 qps: 177719.92 (r/w/o: 124442.37/35531.96/17745.58) lat (ms,95%): 69.29 err/s: 0.20 reconn/s: 0.00
[ 280s ] thds: 400 tps: 9026.20 qps: 180688.11 (r/w/o: 126474.14/36161.58/18052.39) lat (ms,95%): 69.29 err/s: 0.00 reconn/s: 0.00
[ 290s ] thds: 400 tps: 9399.90 qps: 187691.88 (r/w/o: 131360.19/37531.90/18799.80) lat (ms,95%): 59.99 err/s: 0.00 reconn/s: 0.00
[ 300s ] thds: 400 tps: 8986.50 qps: 179838.93 (r/w/o: 125918.72/35947.11/17973.10) lat (ms,95%): 70.55 err/s: 0.00 reconn/s: 0.00
[ 310s ] thds: 400 tps: 9411.62 qps: 188232.84 (r/w/o: 131741.01/37668.59/18823.24) lat (ms,95%): 58.92 err/s: 0.00 reconn/s: 0.00
[ 320s ] thds: 400 tps: 9488.40 qps: 189744.32 (r/w/o: 132827.24/37942.88/18974.19) lat (ms,95%): 58.92 err/s: 0.20 reconn/s: 0.00
[ 330s ] thds: 400 tps: 9360.48 qps: 186908.42 (r/w/o: 130782.57/37404.40/18721.45) lat (ms,95%): 63.32 err/s: 0.00 reconn/s: 0.00
[ 340s ] thds: 400 tps: 8567.92 qps: 171765.93 (r/w/o: 120323.00/34304.39/17138.54) lat (ms,95%): 86.00 err/s: 0.00 reconn/s: 0.00
[ 350s ] thds: 400 tps: 7980.00 qps: 159508.78 (r/w/o: 111627.69/31921.70/15959.40) lat (ms,95%): 94.10 err/s: 0.00 reconn/s: 0.00
[ 360s ] thds: 400 tps: 7274.90 qps: 145508.09 (r/w/o: 101865.96/29091.92/14550.21) lat (ms,95%): 97.55 err/s: 0.00 reconn/s: 0.00
[ 370s ] thds: 400 tps: 6866.88 qps: 137354.88 (r/w/o: 96117.28/27505.24/13732.37) lat (ms,95%): 102.97 err/s: 0.20 reconn/s: 0.00
[ 380s ] thds: 400 tps: 7438.18 qps: 148871.52 (r/w/o: 104268.06/29725.00/14878.45) lat (ms,95%): 94.10 err/s: 0.00 reconn/s: 0.00
[ 390s ] thds: 400 tps: 8528.51 qps: 170520.73 (r/w/o: 119361.96/34101.95/17056.82) lat (ms,95%): 82.96 err/s: 0.00 reconn/s: 0.00
[ 400s ] thds: 400 tps: 8256.41 qps: 164811.67 (r/w/o: 115299.52/33009.13/16503.02) lat (ms,95%): 99.33 err/s: 0.00 reconn/s: 0.00
[ 410s ] thds: 400 tps: 8172.59 qps: 163795.23 (r/w/o: 114677.48/32762.47/16355.28) lat (ms,95%): 92.42 err/s: 0.00 reconn/s: 0.00
[ 420s ] thds: 400 tps: 8073.89 qps: 161471.45 (r/w/o: 113035.40/32288.27/16147.79) lat (ms,95%): 99.33 err/s: 0.10 reconn/s: 0.00
[ 430s ] thds: 400 tps: 7922.00 qps: 158205.60 (r/w/o: 110750.90/31610.60/15844.10) lat (ms,95%): 99.33 err/s: 0.00 reconn/s: 0.00
[ 440s ] thds: 400 tps: 8746.90 qps: 175268.99 (r/w/o: 122700.39/35074.50/17494.10) lat (ms,95%): 77.19 err/s: 0.10 reconn/s: 0.00
[ 450s ] thds: 400 tps: 9318.90 qps: 186296.52 (r/w/o: 130430.92/37227.61/18638.00) lat (ms,95%): 61.08 err/s: 0.10 reconn/s: 0.00
[ 460s ] thds: 400 tps: 8724.42 qps: 174232.70 (r/w/o: 121917.71/34867.36/17447.63) lat (ms,95%): 84.47 err/s: 0.10 reconn/s: 0.00
[ 470s ] thds: 400 tps: 8935.98 qps: 178816.68 (r/w/o: 125184.31/35761.72/17870.66) lat (ms,95%): 71.83 err/s: 0.00 reconn/s: 0.00
[ 480s ] thds: 400 tps: 8693.92 qps: 174041.88 (r/w/o: 121813.66/34838.08/17390.14) lat (ms,95%): 81.48 err/s: 0.10 reconn/s: 0.00
[ 490s ] thds: 400 tps: 7031.70 qps: 140621.22 (r/w/o: 98462.74/28094.28/14064.19) lat (ms,95%): 104.84 err/s: 0.00 reconn/s: 0.00
[ 500s ] thds: 400 tps: 6749.70 qps: 134643.85 (r/w/o: 94188.43/26961.31/13494.10) lat (ms,95%): 110.66 err/s: 0.00 reconn/s: 0.00
[ 510s ] thds: 400 tps: 9016.60 qps: 180546.28 (r/w/o: 126460.25/36047.32/18038.71) lat (ms,95%): 64.47 err/s: 0.10 reconn/s: 0.00
[ 520s ] thds: 400 tps: 9163.39 qps: 183256.95 (r/w/o: 128276.13/36654.45/18326.38) lat (ms,95%): 65.65 err/s: 0.00 reconn/s: 0.00
[ 530s ] thds: 400 tps: 9138.98 qps: 182734.20 (r/w/o: 127882.22/36582.22/18269.76) lat (ms,95%): 66.84 err/s: 0.00 reconn/s: 0.00
[ 540s ] thds: 400 tps: 9285.45 qps: 185983.41 (r/w/o: 130194.74/37209.18/18579.49) lat (ms,95%): 64.47 err/s: 0.00 reconn/s: 0.00
[ 550s ] thds: 400 tps: 9567.87 qps: 190990.76 (r/w/o: 133676.63/38179.29/19134.85) lat (ms,95%): 58.92 err/s: 0.10 reconn/s: 0.00
[ 560s ] thds: 400 tps: 9518.89 qps: 190405.87 (r/w/o: 133294.21/38072.57/19039.09) lat (ms,95%): 61.08 err/s: 0.00 reconn/s: 0.00
[ 570s ] thds: 400 tps: 8641.11 qps: 173084.53 (r/w/o: 121169.76/34633.25/17281.52) lat (ms,95%): 81.48 err/s: 0.10 reconn/s: 0.00
[ 580s ] thds: 400 tps: 8777.00 qps: 175379.00 (r/w/o: 122783.43/35040.78/17554.79) lat (ms,95%): 80.03 err/s: 0.00 reconn/s: 0.00
[ 590s ] thds: 400 tps: 8742.20 qps: 175034.72 (r/w/o: 122502.62/35048.10/17484.00) lat (ms,95%): 75.82 err/s: 0.00 reconn/s: 0.00
[ 600s ] thds: 400 tps: 7393.10 qps: 147830.86 (r/w/o: 103497.97/29547.09/14785.80) lat (ms,95%): 101.13 err/s: 0.00 reconn/s: 0.00
[ 610s ] thds: 400 tps: 7190.78 qps: 143707.53 (r/w/o: 100562.34/28768.13/14377.06) lat (ms,95%): 102.97 err/s: 0.20 reconn/s: 0.00
[ 620s ] thds: 400 tps: 7186.51 qps: 143793.72 (r/w/o: 100696.49/28723.02/14374.21) lat (ms,95%): 97.55 err/s: 0.00 reconn/s: 0.00
[ 630s ] thds: 400 tps: 8995.20 qps: 179773.17 (r/w/o: 125794.28/35983.49/17995.40) lat (ms,95%): 65.65 err/s: 0.10 reconn/s: 0.00
[ 640s ] thds: 400 tps: 9210.89 qps: 184394.07 (r/w/o: 129134.51/36837.77/18421.79) lat (ms,95%): 63.32 err/s: 0.00 reconn/s: 0.00
[ 650s ] thds: 400 tps: 8963.98 qps: 179311.04 (r/w/o: 125517.78/35865.11/17928.15) lat (ms,95%): 71.83 err/s: 0.10 reconn/s: 0.00
[ 660s ] thds: 400 tps: 9433.02 qps: 188501.51 (r/w/o: 131935.19/37699.98/18866.34) lat (ms,95%): 58.92 err/s: 0.10 reconn/s: 0.00
[ 670s ] thds: 400 tps: 9347.81 qps: 186912.87 (r/w/o: 130796.22/37421.03/18695.62) lat (ms,95%): 61.08 err/s: 0.00 reconn/s: 0.00
[ 680s ] thds: 400 tps: 9139.50 qps: 182741.31 (r/w/o: 127917.44/36551.88/18271.99) lat (ms,95%): 69.29 err/s: 0.10 reconn/s: 0.00
[ 690s ] thds: 400 tps: 8369.29 qps: 167323.15 (r/w/o: 117108.79/33468.47/16745.88) lat (ms,95%): 89.16 err/s: 0.00 reconn/s: 0.00
[ 700s ] thds: 400 tps: 9050.33 qps: 181241.40 (r/w/o: 126915.15/36225.50/18100.75) lat (ms,95%): 69.29 err/s: 0.10 reconn/s: 0.00
[ 710s ] thds: 400 tps: 8138.58 qps: 162936.77 (r/w/o: 114054.07/32605.43/16277.27) lat (ms,95%): 92.42 err/s: 0.00 reconn/s: 0.00
[ 720s ] thds: 400 tps: 7300.39 qps: 145618.56 (r/w/o: 101897.53/29131.25/14589.78) lat (ms,95%): 99.33 err/s: 0.00 reconn/s: 0.00
[ 730s ] thds: 400 tps: 7150.49 qps: 143173.70 (r/w/o: 100235.63/28625.98/14312.09) lat (ms,95%): 97.55 err/s: 0.00 reconn/s: 0.00
[ 740s ] thds: 400 tps: 8261.12 qps: 165336.37 (r/w/o: 115785.03/33028.99/16522.35) lat (ms,95%): 81.48 err/s: 0.00 reconn/s: 0.00
[ 750s ] thds: 400 tps: 9273.80 qps: 185466.35 (r/w/o: 129826.87/37091.89/18547.60) lat (ms,95%): 63.32 err/s: 0.00 reconn/s: 0.00
[ 760s ] thds: 400 tps: 9009.50 qps: 180172.32 (r/w/o: 126098.41/36056.20/18017.70) lat (ms,95%): 73.13 err/s: 0.00 reconn/s: 0.00
[ 770s ] thds: 400 tps: 9460.50 qps: 189082.31 (r/w/o: 132362.61/37797.20/18922.50) lat (ms,95%): 58.92 err/s: 0.10 reconn/s: 0.00
[ 780s ] thds: 400 tps: 9395.28 qps: 187958.70 (r/w/o: 131557.42/37610.42/18790.86) lat (ms,95%): 58.92 err/s: 0.10 reconn/s: 0.00
[ 790s ] thds: 400 tps: 9000.62 qps: 179992.10 (r/w/o: 125980.58/36017.08/17994.44) lat (ms,95%): 73.13 err/s: 0.00 reconn/s: 0.00
[ 800s ] thds: 400 tps: 7783.59 qps: 155611.06 (r/w/o: 108944.80/31097.37/15568.89) lat (ms,95%): 99.33 err/s: 0.00 reconn/s: 0.00
[ 810s ] thds: 400 tps: 7679.49 qps: 153754.05 (r/w/o: 107658.12/30731.65/15364.27) lat (ms,95%): 104.84 err/s: 0.10 reconn/s: 0.00
[ 820s ] thds: 400 tps: 7571.89 qps: 151376.49 (r/w/o: 105971.95/30260.46/15144.08) lat (ms,95%): 110.66 err/s: 0.10 reconn/s: 0.00
[ 830s ] thds: 400 tps: 7066.91 qps: 141309.22 (r/w/o: 98848.99/28326.22/14134.01) lat (ms,95%): 108.68 err/s: 0.00 reconn/s: 0.00
[ 840s ] thds: 400 tps: 7345.09 qps: 147026.07 (r/w/o: 102916.31/29423.47/14686.29) lat (ms,95%): 102.97 err/s: 0.00 reconn/s: 0.00
SQL statistics:
    queries performed:
        read:                            99185338
        write:                           28338564
        other:                           14169370
        total:                           141693272
    transactions:                        7084633 (8404.88 per sec.)
    queries:                             141693272 (168098.36 per sec.)
    ignored errors:                      34     (0.04 per sec.)
    reconnects:                          0      (0.00 per sec.)

General statistics:
    total time:                          842.9178s
    total number of events:              7084633

Latency (ms):
         min:                                   20.06
         avg:                                   47.46
         max:                                 3072.99
         95th percentile:                       89.16
         sum:                            336206572.64

Threads fairness:
    events (avg/stddev):           17711.5825/408.68
    execution time (avg/stddev):   840.5164/0.70

