sysbench 1.0.20-ebf1c90 (using bundled LuaJIT 2.1.0-beta2)

Running the test with following options:
Number of threads: 400
Report intermediate results every 10 second(s)
Initializing random number generator from current time


Initializing worker threads...

Threads started!

[ 10s ] thds: 400 tps: 5696.76 qps: 114327.78 (r/w/o: 80057.22/22837.04/11433.52) lat (ms,95%): 211.60 err/s: 0.00 reconn/s: 0.00
[ 20s ] thds: 400 tps: 7883.03 qps: 157694.79 (r/w/o: 110430.21/31498.42/15766.16) lat (ms,95%): 161.51 err/s: 0.00 reconn/s: 0.00
[ 30s ] thds: 400 tps: 7957.00 qps: 159094.25 (r/w/o: 111352.74/31827.21/15914.31) lat (ms,95%): 158.63 err/s: 0.10 reconn/s: 0.00
[ 40s ] thds: 400 tps: 8663.30 qps: 173448.57 (r/w/o: 121456.68/34665.09/17326.80) lat (ms,95%): 78.60 err/s: 0.00 reconn/s: 0.00
[ 50s ] thds: 400 tps: 8843.50 qps: 176689.67 (r/w/o: 123620.85/35387.51/17681.31) lat (ms,95%): 69.29 err/s: 0.10 reconn/s: 0.00
[ 60s ] thds: 400 tps: 8891.79 qps: 178050.39 (r/w/o: 124653.85/35609.16/17787.38) lat (ms,95%): 70.55 err/s: 0.00 reconn/s: 0.00
[ 70s ] thds: 400 tps: 9149.78 qps: 182616.59 (r/w/o: 127803.78/36520.34/18292.47) lat (ms,95%): 66.84 err/s: 0.10 reconn/s: 0.00
[ 80s ] thds: 400 tps: 8717.39 qps: 174574.59 (r/w/o: 122209.63/34931.68/17433.29) lat (ms,95%): 81.48 err/s: 0.20 reconn/s: 0.00
[ 90s ] thds: 400 tps: 8975.98 qps: 179725.81 (r/w/o: 125846.76/35915.50/17963.55) lat (ms,95%): 65.65 err/s: 0.00 reconn/s: 0.00
[ 100s ] thds: 400 tps: 9230.95 qps: 184295.01 (r/w/o: 128985.14/36848.08/18461.79) lat (ms,95%): 62.19 err/s: 0.10 reconn/s: 0.00
[ 110s ] thds: 400 tps: 9386.74 qps: 187622.41 (r/w/o: 131281.90/37569.64/18770.87) lat (ms,95%): 62.19 err/s: 0.10 reconn/s: 0.00
[ 120s ] thds: 400 tps: 6931.78 qps: 138910.95 (r/w/o: 97282.09/27762.21/13866.66) lat (ms,95%): 123.28 err/s: 0.00 reconn/s: 0.00
[ 130s ] thds: 400 tps: 5612.77 qps: 112210.43 (r/w/o: 78571.53/22414.37/11224.53) lat (ms,95%): 147.61 err/s: 0.10 reconn/s: 0.00
[ 140s ] thds: 400 tps: 6485.51 qps: 129937.71 (r/w/o: 90945.08/26020.42/12972.21) lat (ms,95%): 125.52 err/s: 0.00 reconn/s: 0.00
[ 150s ] thds: 400 tps: 8949.89 qps: 178842.28 (r/w/o: 125236.02/35706.48/17899.79) lat (ms,95%): 66.84 err/s: 0.00 reconn/s: 0.00
[ 160s ] thds: 400 tps: 9027.81 qps: 180436.65 (r/w/o: 126269.28/36112.55/18054.83) lat (ms,95%): 69.29 err/s: 0.00 reconn/s: 0.00
[ 170s ] thds: 400 tps: 9043.00 qps: 180783.22 (r/w/o: 126510.54/36188.78/18083.89) lat (ms,95%): 69.29 err/s: 0.00 reconn/s: 0.00
[ 180s ] thds: 400 tps: 9144.00 qps: 183077.41 (r/w/o: 128200.20/36586.30/18290.90) lat (ms,95%): 64.47 err/s: 0.00 reconn/s: 0.00
[ 190s ] thds: 400 tps: 9122.21 qps: 182235.25 (r/w/o: 127517.11/36478.73/18239.41) lat (ms,95%): 70.55 err/s: 0.00 reconn/s: 0.00
[ 200s ] thds: 400 tps: 9406.77 qps: 188420.29 (r/w/o: 131927.34/37674.30/18818.65) lat (ms,95%): 58.92 err/s: 0.00 reconn/s: 0.00
[ 210s ] thds: 400 tps: 9436.11 qps: 188724.70 (r/w/o: 132116.94/37735.34/18872.42) lat (ms,95%): 59.99 err/s: 0.10 reconn/s: 0.00
[ 220s ] thds: 400 tps: 9607.29 qps: 191962.50 (r/w/o: 134382.66/38365.16/19214.68) lat (ms,95%): 57.87 err/s: 0.00 reconn/s: 0.00
[ 230s ] thds: 400 tps: 8020.42 qps: 160633.69 (r/w/o: 112421.67/32171.28/16040.74) lat (ms,95%): 94.10 err/s: 0.00 reconn/s: 0.00
[ 240s ] thds: 400 tps: 8000.32 qps: 160079.53 (r/w/o: 112054.53/32024.17/16000.83) lat (ms,95%): 92.42 err/s: 0.00 reconn/s: 0.00
[ 250s ] thds: 400 tps: 6898.80 qps: 137767.21 (r/w/o: 96464.41/27505.30/13797.50) lat (ms,95%): 114.72 err/s: 0.00 reconn/s: 0.00
[ 260s ] thds: 400 tps: 7037.40 qps: 140712.55 (r/w/o: 98464.64/28172.91/14075.01) lat (ms,95%): 104.84 err/s: 0.00 reconn/s: 0.00
[ 270s ] thds: 400 tps: 8862.49 qps: 177255.60 (r/w/o: 124093.86/35442.96/17718.78) lat (ms,95%): 69.29 err/s: 0.10 reconn/s: 0.00
[ 280s ] thds: 400 tps: 9096.39 qps: 182105.81 (r/w/o: 127491.77/36414.66/18199.38) lat (ms,95%): 69.29 err/s: 0.00 reconn/s: 0.00
[ 290s ] thds: 400 tps: 9405.90 qps: 187788.68 (r/w/o: 131412.19/37564.70/18811.80) lat (ms,95%): 59.99 err/s: 0.00 reconn/s: 0.00
[ 300s ] thds: 400 tps: 8975.91 qps: 179589.29 (r/w/o: 125712.43/35927.64/17949.22) lat (ms,95%): 70.55 err/s: 0.00 reconn/s: 0.00
[ 310s ] thds: 400 tps: 9422.39 qps: 188309.84 (r/w/o: 131782.19/37685.07/18842.58) lat (ms,95%): 58.92 err/s: 0.10 reconn/s: 0.00
[ 320s ] thds: 400 tps: 9478.00 qps: 190059.84 (r/w/o: 133071.53/38027.01/18961.30) lat (ms,95%): 58.92 err/s: 0.10 reconn/s: 0.00
[ 330s ] thds: 400 tps: 9333.19 qps: 186504.27 (r/w/o: 130580.51/37257.17/18666.59) lat (ms,95%): 63.32 err/s: 0.00 reconn/s: 0.00
[ 340s ] thds: 400 tps: 8560.00 qps: 171039.27 (r/w/o: 119732.75/34186.51/17120.01) lat (ms,95%): 86.00 err/s: 0.00 reconn/s: 0.00
[ 350s ] thds: 400 tps: 7995.01 qps: 159894.09 (r/w/o: 111878.84/32028.94/15986.32) lat (ms,95%): 94.10 err/s: 0.10 reconn/s: 0.00
[ 360s ] thds: 400 tps: 7233.72 qps: 144689.50 (r/w/o: 101342.98/28875.98/14470.54) lat (ms,95%): 97.55 err/s: 0.00 reconn/s: 0.00
[ 370s ] thds: 400 tps: 6929.08 qps: 138723.56 (r/w/o: 97092.89/27772.11/13858.56) lat (ms,95%): 101.13 err/s: 0.10 reconn/s: 0.00
[ 380s ] thds: 400 tps: 7488.40 qps: 149814.23 (r/w/o: 104889.55/29947.19/14977.49) lat (ms,95%): 92.42 err/s: 0.00 reconn/s: 0.00
[ 390s ] thds: 400 tps: 8542.91 qps: 170719.85 (r/w/o: 119500.90/34135.63/17083.31) lat (ms,95%): 82.96 err/s: 0.00 reconn/s: 0.00
[ 400s ] thds: 400 tps: 8249.08 qps: 164873.83 (r/w/o: 115347.14/33031.43/16495.26) lat (ms,95%): 101.13 err/s: 0.10 reconn/s: 0.00
[ 410s ] thds: 400 tps: 8215.89 qps: 164276.79 (r/w/o: 114977.65/32865.06/16434.08) lat (ms,95%): 92.42 err/s: 0.00 reconn/s: 0.00
[ 420s ] thds: 400 tps: 8104.43 qps: 162281.65 (r/w/o: 113648.39/32423.01/16210.26) lat (ms,95%): 97.55 err/s: 0.00 reconn/s: 0.00
[ 430s ] thds: 400 tps: 7942.69 qps: 158760.50 (r/w/o: 111146.13/31726.78/15887.59) lat (ms,95%): 99.33 err/s: 0.00 reconn/s: 0.00
[ 440s ] thds: 400 tps: 8705.79 qps: 174279.48 (r/w/o: 121987.05/34880.56/17411.88) lat (ms,95%): 77.19 err/s: 0.20 reconn/s: 0.00
[ 450s ] thds: 400 tps: 9376.42 qps: 187468.62 (r/w/o: 131267.79/37448.18/18752.64) lat (ms,95%): 59.99 err/s: 0.00 reconn/s: 0.00
[ 460s ] thds: 400 tps: 8735.00 qps: 174439.97 (r/w/o: 122027.88/34944.89/17467.20) lat (ms,95%): 84.47 err/s: 0.00 reconn/s: 0.00
[ 470s ] thds: 400 tps: 8904.10 qps: 178460.51 (r/w/o: 124951.74/35700.48/17808.29) lat (ms,95%): 71.83 err/s: 0.00 reconn/s: 0.00
[ 480s ] thds: 400 tps: 8746.49 qps: 174992.21 (r/w/o: 122490.40/35005.44/17496.37) lat (ms,95%): 81.48 err/s: 0.00 reconn/s: 0.00
[ 490s ] thds: 400 tps: 7095.02 qps: 141642.08 (r/w/o: 99129.76/28326.08/14186.24) lat (ms,95%): 104.84 err/s: 0.00 reconn/s: 0.00
[ 500s ] thds: 400 tps: 6791.41 qps: 135706.41 (r/w/o: 95000.55/27120.24/13585.62) lat (ms,95%): 108.68 err/s: 0.10 reconn/s: 0.00
[ 510s ] thds: 400 tps: 8996.47 qps: 180014.76 (r/w/o: 126038.95/35981.77/17994.04) lat (ms,95%): 64.47 err/s: 0.00 reconn/s: 0.00
[ 520s ] thds: 400 tps: 9208.20 qps: 184134.75 (r/w/o: 128904.66/36813.39/18416.69) lat (ms,95%): 65.65 err/s: 0.00 reconn/s: 0.00
[ 530s ] thds: 400 tps: 9145.93 qps: 183023.95 (r/w/o: 128102.29/36629.61/18292.06) lat (ms,95%): 65.65 err/s: 0.10 reconn/s: 0.00
[ 540s ] thds: 400 tps: 9289.40 qps: 185871.96 (r/w/o: 130108.44/37184.31/18579.21) lat (ms,95%): 65.65 err/s: 0.10 reconn/s: 0.00
[ 550s ] thds: 400 tps: 9533.69 qps: 190423.03 (r/w/o: 133269.71/38086.05/19067.27) lat (ms,95%): 58.92 err/s: 0.00 reconn/s: 0.00
[ 560s ] thds: 400 tps: 9507.04 qps: 190232.16 (r/w/o: 133160.00/38059.57/19012.59) lat (ms,95%): 61.08 err/s: 0.00 reconn/s: 0.00
[ 570s ] thds: 400 tps: 8696.65 qps: 173906.54 (r/w/o: 121748.62/34762.81/17395.10) lat (ms,95%): 81.48 err/s: 0.00 reconn/s: 0.00
[ 580s ] thds: 400 tps: 8698.01 qps: 174111.81 (r/w/o: 121896.88/34818.82/17396.11) lat (ms,95%): 81.48 err/s: 0.00 reconn/s: 0.00
[ 590s ] thds: 400 tps: 8802.19 qps: 175812.39 (r/w/o: 123048.52/35162.48/17601.39) lat (ms,95%): 75.82 err/s: 0.00 reconn/s: 0.00
[ 600s ] thds: 400 tps: 7341.20 qps: 147064.73 (r/w/o: 102943.45/29440.59/14680.69) lat (ms,95%): 102.97 err/s: 0.00 reconn/s: 0.00
[ 610s ] thds: 400 tps: 7192.79 qps: 143713.52 (r/w/o: 100636.67/28686.46/14390.38) lat (ms,95%): 102.97 err/s: 0.20 reconn/s: 0.00
[ 620s ] thds: 400 tps: 7221.09 qps: 144554.04 (r/w/o: 101194.32/28916.95/14442.77) lat (ms,95%): 97.55 err/s: 0.00 reconn/s: 0.00
[ 630s ] thds: 400 tps: 9015.71 qps: 180440.26 (r/w/o: 126296.52/36112.23/18031.52) lat (ms,95%): 64.47 err/s: 0.00 reconn/s: 0.00
[ 640s ] thds: 400 tps: 9288.51 qps: 185683.53 (r/w/o: 129992.49/37113.83/18577.21) lat (ms,95%): 63.32 err/s: 0.00 reconn/s: 0.00
[ 650s ] thds: 400 tps: 8952.00 qps: 179124.27 (r/w/o: 125385.85/35834.21/17904.21) lat (ms,95%): 71.83 err/s: 0.10 reconn/s: 0.00
[ 660s ] thds: 400 tps: 9429.70 qps: 188493.18 (r/w/o: 131911.08/37728.20/18853.90) lat (ms,95%): 58.92 err/s: 0.00 reconn/s: 0.00
[ 670s ] thds: 400 tps: 9425.91 qps: 188325.93 (r/w/o: 131802.09/37673.83/18850.01) lat (ms,95%): 61.08 err/s: 0.00 reconn/s: 0.00
[ 680s ] thds: 400 tps: 9172.48 qps: 183497.28 (r/w/o: 128460.17/36684.64/18352.47) lat (ms,95%): 69.29 err/s: 0.10 reconn/s: 0.00
[ 690s ] thds: 400 tps: 8385.02 qps: 167822.66 (r/w/o: 117512.42/33539.79/16770.45) lat (ms,95%): 89.16 err/s: 0.10 reconn/s: 0.00
[ 700s ] thds: 400 tps: 9056.11 qps: 181113.08 (r/w/o: 126794.69/36208.16/18110.23) lat (ms,95%): 69.29 err/s: 0.00 reconn/s: 0.00
[ 710s ] thds: 400 tps: 8166.10 qps: 163389.29 (r/w/o: 114390.26/32664.82/16334.21) lat (ms,95%): 92.42 err/s: 0.00 reconn/s: 0.00
[ 720s ] thds: 400 tps: 7274.90 qps: 145326.71 (r/w/o: 101652.13/29125.78/14548.79) lat (ms,95%): 97.55 err/s: 0.00 reconn/s: 0.00
[ 730s ] thds: 400 tps: 7241.09 qps: 144758.60 (r/w/o: 101358.66/28919.06/14480.88) lat (ms,95%): 95.81 err/s: 0.00 reconn/s: 0.00
[ 740s ] thds: 400 tps: 8211.10 qps: 164344.14 (r/w/o: 115053.56/32865.69/16424.89) lat (ms,95%): 81.48 err/s: 0.00 reconn/s: 0.00
[ 750s ] thds: 400 tps: 9262.41 qps: 185232.82 (r/w/o: 129680.18/37028.32/18524.31) lat (ms,95%): 64.47 err/s: 0.00 reconn/s: 0.00
[ 760s ] thds: 400 tps: 8965.40 qps: 179350.45 (r/w/o: 125508.47/35910.59/17931.40) lat (ms,95%): 74.46 err/s: 0.00 reconn/s: 0.00
[ 770s ] thds: 400 tps: 9443.59 qps: 188819.26 (r/w/o: 132191.03/37740.95/18887.28) lat (ms,95%): 58.92 err/s: 0.00 reconn/s: 0.00
[ 780s ] thds: 400 tps: 9468.72 qps: 189064.18 (r/w/o: 132280.13/37847.50/18936.55) lat (ms,95%): 58.92 err/s: 0.00 reconn/s: 0.00
[ 790s ] thds: 400 tps: 9007.10 qps: 180555.21 (r/w/o: 126489.41/36050.60/18015.20) lat (ms,95%): 73.13 err/s: 0.00 reconn/s: 0.00
[ 800s ] thds: 400 tps: 7813.30 qps: 156166.31 (r/w/o: 109269.13/31272.78/15624.39) lat (ms,95%): 97.55 err/s: 0.10 reconn/s: 0.00
[ 810s ] thds: 400 tps: 7704.18 qps: 154109.58 (r/w/o: 107903.31/30795.52/15410.76) lat (ms,95%): 104.84 err/s: 0.00 reconn/s: 0.00
[ 820s ] thds: 400 tps: 7576.20 qps: 151547.97 (r/w/o: 106090.18/30305.29/15152.50) lat (ms,95%): 110.66 err/s: 0.00 reconn/s: 0.00
[ 830s ] thds: 400 tps: 7088.81 qps: 141704.84 (r/w/o: 99176.07/28353.35/14175.42) lat (ms,95%): 108.68 err/s: 0.00 reconn/s: 0.00
[ 840s ] thds: 400 tps: 7390.79 qps: 147934.84 (r/w/o: 103583.52/29567.75/14783.57) lat (ms,95%): 102.97 err/s: 0.00 reconn/s: 0.00
SQL statistics:
    queries performed:
        read:                            99305500
        write:                           28372897
        other:                           14186551
        total:                           141864948
    transactions:                        7093224 (8420.52 per sec.)
    queries:                             141864948 (168411.03 per sec.)
    ignored errors:                      26     (0.03 per sec.)
    reconnects:                          0      (0.00 per sec.)

General statistics:
    total time:                          842.3722s
    total number of events:              7093224

Latency (ms):
         min:                                   19.94
         avg:                                   47.38
         max:                                 2486.72
         95th percentile:                       87.56
         sum:                            336091877.54

Threads fairness:
    events (avg/stddev):           17733.0600/404.82
    execution time (avg/stddev):   840.2297/0.50

