sysbench 1.0.20-ebf1c90 (using bundled LuaJIT 2.1.0-beta2)

Running the test with following options:
Number of threads: 400
Report intermediate results every 10 second(s)
Initializing random number generator from current time


Initializing worker threads...

Threads started!

[ 10s ] thds: 400 tps: 9259.10 qps: 185593.38 (r/w/o: 129970.51/37065.28/18557.59) lat (ms,95%): 161.51 err/s: 0.00 reconn/s: 0.00
[ 20s ] thds: 400 tps: 12479.69 qps: 249643.11 (r/w/o: 174761.77/49924.86/24956.48) lat (ms,95%): 116.80 err/s: 0.00 reconn/s: 0.00
[ 30s ] thds: 400 tps: 14236.24 qps: 284661.45 (r/w/o: 199275.02/56910.35/28476.07) lat (ms,95%): 33.12 err/s: 0.00 reconn/s: 0.00
[ 40s ] thds: 400 tps: 14836.34 qps: 296634.12 (r/w/o: 207611.47/59353.26/29669.38) lat (ms,95%): 32.53 err/s: 0.00 reconn/s: 0.00
[ 50s ] thds: 400 tps: 15045.35 qps: 301112.42 (r/w/o: 210796.22/60222.50/30093.70) lat (ms,95%): 31.94 err/s: 0.00 reconn/s: 0.00
[ 60s ] thds: 400 tps: 15285.51 qps: 305545.83 (r/w/o: 213857.86/61121.45/30566.52) lat (ms,95%): 31.37 err/s: 0.10 reconn/s: 0.00
[ 70s ] thds: 400 tps: 15316.10 qps: 306211.15 (r/w/o: 214336.83/61237.41/30636.90) lat (ms,95%): 31.37 err/s: 0.00 reconn/s: 0.00
[ 80s ] thds: 400 tps: 15605.59 qps: 312528.03 (r/w/o: 218826.48/62490.16/31211.38) lat (ms,95%): 30.26 err/s: 0.00 reconn/s: 0.00
[ 90s ] thds: 400 tps: 15538.20 qps: 310447.68 (r/w/o: 217283.59/62088.40/31075.70) lat (ms,95%): 30.81 err/s: 0.00 reconn/s: 0.00
[ 100s ] thds: 400 tps: 15210.02 qps: 304313.05 (r/w/o: 213055.21/60836.99/30420.84) lat (ms,95%): 31.37 err/s: 0.00 reconn/s: 0.00
[ 110s ] thds: 400 tps: 15484.81 qps: 309548.86 (r/w/o: 216633.61/61946.33/30968.92) lat (ms,95%): 30.81 err/s: 0.00 reconn/s: 0.00
[ 120s ] thds: 400 tps: 15683.02 qps: 313645.31 (r/w/o: 219537.28/62755.08/31352.94) lat (ms,95%): 30.26 err/s: 0.00 reconn/s: 0.00
[ 130s ] thds: 400 tps: 15783.08 qps: 315914.42 (r/w/o: 221204.57/63129.90/31579.95) lat (ms,95%): 30.26 err/s: 0.00 reconn/s: 0.00
[ 140s ] thds: 400 tps: 15772.20 qps: 315271.58 (r/w/o: 220667.78/63059.70/31544.10) lat (ms,95%): 30.26 err/s: 0.00 reconn/s: 0.00
[ 150s ] thds: 400 tps: 13240.10 qps: 264728.76 (r/w/o: 185282.55/52966.71/26479.51) lat (ms,95%): 69.29 err/s: 0.00 reconn/s: 0.00
[ 160s ] thds: 400 tps: 11144.21 qps: 223158.47 (r/w/o: 156221.19/44647.96/22289.33) lat (ms,95%): 77.19 err/s: 0.00 reconn/s: 0.00
[ 170s ] thds: 400 tps: 13238.83 qps: 264545.46 (r/w/o: 185177.86/52891.33/26476.27) lat (ms,95%): 59.99 err/s: 0.00 reconn/s: 0.00
[ 180s ] thds: 400 tps: 15376.20 qps: 307639.02 (r/w/o: 215356.54/61529.08/30753.39) lat (ms,95%): 31.37 err/s: 0.00 reconn/s: 0.00
[ 190s ] thds: 400 tps: 15756.80 qps: 315205.62 (r/w/o: 220671.71/63021.70/31512.20) lat (ms,95%): 30.26 err/s: 0.30 reconn/s: 0.00
[ 200s ] thds: 400 tps: 15429.11 qps: 308451.10 (r/w/o: 215904.04/61686.14/30860.92) lat (ms,95%): 30.81 err/s: 0.10 reconn/s: 0.00
[ 210s ] thds: 400 tps: 15521.79 qps: 310492.90 (r/w/o: 217323.56/62125.56/31043.78) lat (ms,95%): 30.81 err/s: 0.10 reconn/s: 0.00
[ 220s ] thds: 400 tps: 15541.87 qps: 310963.49 (r/w/o: 217713.07/62166.68/31083.74) lat (ms,95%): 30.81 err/s: 0.00 reconn/s: 0.00
[ 230s ] thds: 400 tps: 15667.36 qps: 313208.91 (r/w/o: 219218.78/62655.32/31334.81) lat (ms,95%): 30.26 err/s: 0.00 reconn/s: 0.00
[ 240s ] thds: 400 tps: 15516.52 qps: 310432.48 (r/w/o: 217287.27/62113.48/31031.74) lat (ms,95%): 30.81 err/s: 0.10 reconn/s: 0.00
[ 250s ] thds: 400 tps: 15368.88 qps: 307342.16 (r/w/o: 215132.47/61473.93/30735.77) lat (ms,95%): 31.37 err/s: 0.00 reconn/s: 0.00
[ 260s ] thds: 400 tps: 15658.96 qps: 312974.96 (r/w/o: 219082.01/62573.13/31319.82) lat (ms,95%): 30.26 err/s: 0.00 reconn/s: 0.00
[ 270s ] thds: 400 tps: 15718.60 qps: 314596.04 (r/w/o: 220243.73/62913.81/31438.50) lat (ms,95%): 30.26 err/s: 0.00 reconn/s: 0.00
[ 280s ] thds: 400 tps: 15762.98 qps: 314949.25 (r/w/o: 220407.39/63017.41/31524.45) lat (ms,95%): 30.26 err/s: 0.00 reconn/s: 0.00
[ 290s ] thds: 400 tps: 15513.90 qps: 310533.26 (r/w/o: 217422.44/62084.11/31026.71) lat (ms,95%): 30.81 err/s: 0.00 reconn/s: 0.00
[ 300s ] thds: 400 tps: 14098.96 qps: 281944.51 (r/w/o: 197379.68/56364.02/28200.81) lat (ms,95%): 53.85 err/s: 0.00 reconn/s: 0.00
[ 310s ] thds: 400 tps: 12467.29 qps: 249286.04 (r/w/o: 174474.89/49877.97/24933.18) lat (ms,95%): 62.19 err/s: 0.00 reconn/s: 0.00
[ 320s ] thds: 400 tps: 12887.03 qps: 257749.52 (r/w/o: 180423.53/51551.52/25774.46) lat (ms,95%): 56.84 err/s: 0.00 reconn/s: 0.00
[ 330s ] thds: 400 tps: 15446.51 qps: 309039.90 (r/w/o: 216344.47/61803.52/30891.91) lat (ms,95%): 30.81 err/s: 0.00 reconn/s: 0.00
[ 340s ] thds: 400 tps: 15515.79 qps: 310342.93 (r/w/o: 217243.58/62065.17/31034.18) lat (ms,95%): 30.81 err/s: 0.00 reconn/s: 0.00
[ 350s ] thds: 400 tps: 15685.47 qps: 313722.56 (r/w/o: 219635.22/62716.49/31370.85) lat (ms,95%): 30.26 err/s: 0.00 reconn/s: 0.00
[ 360s ] thds: 400 tps: 15276.09 qps: 305465.83 (r/w/o: 213820.91/61092.55/30552.37) lat (ms,95%): 31.37 err/s: 0.00 reconn/s: 0.00
[ 370s ] thds: 400 tps: 15682.37 qps: 313547.95 (r/w/o: 219434.02/62751.49/31362.45) lat (ms,95%): 30.26 err/s: 0.00 reconn/s: 0.00
[ 380s ] thds: 400 tps: 15645.79 qps: 312843.18 (r/w/o: 218970.32/62580.18/31292.69) lat (ms,95%): 30.26 err/s: 0.00 reconn/s: 0.00
[ 390s ] thds: 400 tps: 15357.14 qps: 307331.52 (r/w/o: 215209.30/61406.64/30715.57) lat (ms,95%): 31.37 err/s: 0.00 reconn/s: 0.00
[ 400s ] thds: 400 tps: 15639.56 qps: 312568.18 (r/w/o: 218722.53/62571.64/31274.02) lat (ms,95%): 30.26 err/s: 0.10 reconn/s: 0.00
[ 410s ] thds: 400 tps: 15576.17 qps: 311547.05 (r/w/o: 218097.24/62293.17/31156.63) lat (ms,95%): 30.26 err/s: 0.00 reconn/s: 0.00
[ 420s ] thds: 400 tps: 15738.24 qps: 314758.15 (r/w/o: 220325.32/62961.45/31471.37) lat (ms,95%): 30.26 err/s: 0.00 reconn/s: 0.00
[ 430s ] thds: 400 tps: 15358.20 qps: 307455.00 (r/w/o: 215268.17/61464.32/30722.51) lat (ms,95%): 31.37 err/s: 0.00 reconn/s: 0.00
[ 440s ] thds: 400 tps: 15261.22 qps: 305146.63 (r/w/o: 213599.30/61025.59/30521.74) lat (ms,95%): 32.53 err/s: 0.00 reconn/s: 0.00
[ 450s ] thds: 400 tps: 14052.39 qps: 280960.61 (r/w/o: 196645.70/56215.54/28099.37) lat (ms,95%): 53.85 err/s: 0.00 reconn/s: 0.00
[ 460s ] thds: 400 tps: 12219.02 qps: 244482.18 (r/w/o: 171152.13/48885.90/24444.15) lat (ms,95%): 64.47 err/s: 0.00 reconn/s: 0.00
[ 470s ] thds: 400 tps: 12855.61 qps: 257003.60 (r/w/o: 179859.84/51432.84/25710.92) lat (ms,95%): 58.92 err/s: 0.00 reconn/s: 0.00
[ 480s ] thds: 400 tps: 15491.49 qps: 309754.53 (r/w/o: 216848.81/61938.25/30967.47) lat (ms,95%): 30.81 err/s: 0.00 reconn/s: 0.00
[ 490s ] thds: 400 tps: 15463.40 qps: 309193.97 (r/w/o: 216415.45/61837.21/30941.31) lat (ms,95%): 30.81 err/s: 0.00 reconn/s: 0.00
[ 500s ] thds: 400 tps: 15643.69 qps: 313214.40 (r/w/o: 219330.66/62594.76/31288.98) lat (ms,95%): 30.81 err/s: 0.10 reconn/s: 0.00
[ 510s ] thds: 400 tps: 15594.98 qps: 311568.45 (r/w/o: 218016.96/62364.32/31187.16) lat (ms,95%): 30.81 err/s: 0.00 reconn/s: 0.00
[ 520s ] thds: 400 tps: 15381.82 qps: 307700.92 (r/w/o: 215403.73/61532.06/30765.13) lat (ms,95%): 31.37 err/s: 0.00 reconn/s: 0.00
[ 530s ] thds: 400 tps: 15056.64 qps: 301314.08 (r/w/o: 210971.44/60228.56/30114.08) lat (ms,95%): 33.12 err/s: 0.00 reconn/s: 0.00
[ 540s ] thds: 400 tps: 14066.78 qps: 281318.21 (r/w/o: 196904.92/56279.12/28134.16) lat (ms,95%): 52.89 err/s: 0.00 reconn/s: 0.00
[ 550s ] thds: 400 tps: 13582.54 qps: 271670.75 (r/w/o: 190163.72/54342.15/27164.87) lat (ms,95%): 56.84 err/s: 0.10 reconn/s: 0.00
[ 560s ] thds: 400 tps: 13280.87 qps: 265447.10 (r/w/o: 185796.61/53092.96/26557.53) lat (ms,95%): 57.87 err/s: 0.00 reconn/s: 0.00
[ 570s ] thds: 400 tps: 15286.02 qps: 305759.87 (r/w/o: 214041.66/61146.67/30571.54) lat (ms,95%): 31.94 err/s: 0.10 reconn/s: 0.00
[ 580s ] thds: 400 tps: 15342.24 qps: 306965.64 (r/w/o: 214884.72/61391.05/30689.87) lat (ms,95%): 31.94 err/s: 0.00 reconn/s: 0.00
[ 590s ] thds: 400 tps: 15142.44 qps: 302647.66 (r/w/o: 211825.91/60536.87/30284.89) lat (ms,95%): 32.53 err/s: 0.00 reconn/s: 0.00
[ 600s ] thds: 400 tps: 14048.17 qps: 280951.57 (r/w/o: 196655.63/56200.59/28095.35) lat (ms,95%): 51.02 err/s: 0.00 reconn/s: 0.00
[ 610s ] thds: 400 tps: 13492.30 qps: 269943.78 (r/w/o: 188988.06/53971.82/26983.91) lat (ms,95%): 54.83 err/s: 0.10 reconn/s: 0.00
[ 620s ] thds: 400 tps: 12730.14 qps: 254687.58 (r/w/o: 178289.84/50936.66/25461.08) lat (ms,95%): 56.84 err/s: 0.00 reconn/s: 0.00
[ 630s ] thds: 400 tps: 13940.40 qps: 278944.89 (r/w/o: 195260.07/55802.72/27882.11) lat (ms,95%): 50.11 err/s: 0.00 reconn/s: 0.00
[ 640s ] thds: 400 tps: 15480.76 qps: 309412.89 (r/w/o: 216592.93/61859.54/30960.42) lat (ms,95%): 30.81 err/s: 0.00 reconn/s: 0.00
[ 650s ] thds: 400 tps: 15491.68 qps: 309835.43 (r/w/o: 216884.57/61966.81/30984.05) lat (ms,95%): 30.81 err/s: 0.00 reconn/s: 0.00
[ 660s ] thds: 400 tps: 15490.50 qps: 309772.35 (r/w/o: 216834.47/61956.69/30981.19) lat (ms,95%): 31.37 err/s: 0.00 reconn/s: 0.00
[ 670s ] thds: 400 tps: 15593.02 qps: 312037.34 (r/w/o: 218472.71/62378.99/31185.64) lat (ms,95%): 30.81 err/s: 0.00 reconn/s: 0.00
[ 680s ] thds: 400 tps: 15496.88 qps: 310036.52 (r/w/o: 216973.04/62069.12/30994.36) lat (ms,95%): 30.81 err/s: 0.00 reconn/s: 0.00
[ 690s ] thds: 400 tps: 15470.98 qps: 309042.69 (r/w/o: 216296.69/61810.54/30935.47) lat (ms,95%): 30.81 err/s: 0.00 reconn/s: 0.00
[ 700s ] thds: 400 tps: 15284.33 qps: 305872.87 (r/w/o: 214158.87/61138.63/30575.37) lat (ms,95%): 31.37 err/s: 0.10 reconn/s: 0.00
[ 710s ] thds: 400 tps: 15644.84 qps: 312872.73 (r/w/o: 219001.61/62582.35/31288.77) lat (ms,95%): 30.81 err/s: 0.00 reconn/s: 0.00
[ 720s ] thds: 400 tps: 15415.16 qps: 308533.73 (r/w/o: 215980.59/61721.83/30831.31) lat (ms,95%): 30.81 err/s: 0.20 reconn/s: 0.00
[ 730s ] thds: 400 tps: 15431.75 qps: 308213.03 (r/w/o: 215686.72/61665.91/30860.40) lat (ms,95%): 31.37 err/s: 0.00 reconn/s: 0.00
[ 740s ] thds: 400 tps: 14579.18 qps: 291751.50 (r/w/o: 204270.42/58319.02/29162.06) lat (ms,95%): 42.61 err/s: 0.10 reconn/s: 0.00
[ 750s ] thds: 400 tps: 14413.36 qps: 288297.68 (r/w/o: 201814.80/57665.06/28817.83) lat (ms,95%): 47.47 err/s: 0.00 reconn/s: 0.00
[ 760s ] thds: 400 tps: 13194.77 qps: 263793.76 (r/w/o: 184628.42/52767.29/26398.05) lat (ms,95%): 54.83 err/s: 0.00 reconn/s: 0.00
[ 770s ] thds: 400 tps: 12598.68 qps: 252010.56 (r/w/o: 176421.06/50394.53/25194.97) lat (ms,95%): 55.82 err/s: 0.00 reconn/s: 0.00
[ 780s ] thds: 400 tps: 14060.70 qps: 281297.14 (r/w/o: 196943.43/56230.91/28122.80) lat (ms,95%): 48.34 err/s: 0.00 reconn/s: 0.00
SQL statistics:
    queries performed:
        read:                            161278236
        write:                           46079446
        other:                           23039766
        total:                           230397448
    transactions:                        11519858 (14756.34 per sec.)
    queries:                             230397448 (295127.20 per sec.)
    ignored errors:                      16     (0.02 per sec.)
    reconnects:                          0      (0.00 per sec.)

General statistics:
    total time:                          780.6707s
    total number of events:              11519858

Latency (ms):
         min:                                   19.75
         avg:                                   27.08
         max:                                  672.33
         95th percentile:                       34.95
         sum:                            311991285.58

Threads fairness:
    events (avg/stddev):           28799.6450/287.70
    execution time (avg/stddev):   779.9782/0.07

