sysbench 1.0.20-ebf1c90 (using bundled LuaJIT 2.1.0-beta2)

Running the test with following options:
Number of threads: 400
Report intermediate results every 10 second(s)
Initializing random number generator from current time


Initializing worker threads...

Threads started!

[ 10s ] thds: 400 tps: 9355.12 qps: 187551.49 (r/w/o: 131343.38/37457.88/18750.23) lat (ms,95%): 158.63 err/s: 0.00 reconn/s: 0.00
[ 20s ] thds: 400 tps: 12479.50 qps: 249527.50 (r/w/o: 174667.97/49902.72/24956.81) lat (ms,95%): 116.80 err/s: 0.00 reconn/s: 0.00
[ 30s ] thds: 400 tps: 14225.20 qps: 284621.46 (r/w/o: 199271.07/56897.79/28452.60) lat (ms,95%): 33.12 err/s: 0.00 reconn/s: 0.00
[ 40s ] thds: 400 tps: 14837.64 qps: 296596.56 (r/w/o: 207584.50/59336.97/29675.09) lat (ms,95%): 32.53 err/s: 0.00 reconn/s: 0.00
[ 50s ] thds: 400 tps: 15048.31 qps: 301088.60 (r/w/o: 210776.04/60221.94/30090.62) lat (ms,95%): 31.94 err/s: 0.00 reconn/s: 0.00
[ 60s ] thds: 400 tps: 15289.44 qps: 305634.10 (r/w/o: 213908.39/61145.74/30579.97) lat (ms,95%): 31.37 err/s: 0.00 reconn/s: 0.00
[ 70s ] thds: 400 tps: 15308.21 qps: 306150.22 (r/w/o: 214317.38/61211.32/30621.51) lat (ms,95%): 31.37 err/s: 0.00 reconn/s: 0.00
[ 80s ] thds: 400 tps: 15609.15 qps: 312514.39 (r/w/o: 218789.66/62506.52/31218.21) lat (ms,95%): 30.26 err/s: 0.00 reconn/s: 0.00
[ 90s ] thds: 400 tps: 15554.95 qps: 310831.72 (r/w/o: 217564.44/62161.68/31105.59) lat (ms,95%): 30.26 err/s: 0.00 reconn/s: 0.00
[ 100s ] thds: 400 tps: 15196.26 qps: 304044.31 (r/w/o: 212855.47/60792.62/30396.21) lat (ms,95%): 31.37 err/s: 0.00 reconn/s: 0.00
[ 110s ] thds: 400 tps: 15480.70 qps: 309496.13 (r/w/o: 216610.35/61924.79/30960.99) lat (ms,95%): 30.81 err/s: 0.10 reconn/s: 0.00
[ 120s ] thds: 400 tps: 15671.91 qps: 313483.81 (r/w/o: 219411.47/62729.92/31342.41) lat (ms,95%): 30.26 err/s: 0.00 reconn/s: 0.00
[ 130s ] thds: 400 tps: 15794.20 qps: 315979.26 (r/w/o: 221228.37/63161.29/31589.60) lat (ms,95%): 30.26 err/s: 0.00 reconn/s: 0.00
[ 140s ] thds: 400 tps: 15761.50 qps: 315117.77 (r/w/o: 220595.58/62997.49/31524.70) lat (ms,95%): 30.26 err/s: 0.00 reconn/s: 0.00
[ 150s ] thds: 400 tps: 13147.54 qps: 263060.61 (r/w/o: 184129.60/52638.74/26292.27) lat (ms,95%): 69.29 err/s: 0.00 reconn/s: 0.00
[ 160s ] thds: 400 tps: 11149.28 qps: 222872.27 (r/w/o: 156012.27/44559.43/22300.57) lat (ms,95%): 77.19 err/s: 0.10 reconn/s: 0.00
[ 170s ] thds: 400 tps: 13231.39 qps: 264665.79 (r/w/o: 185258.03/52944.28/26463.49) lat (ms,95%): 59.99 err/s: 0.00 reconn/s: 0.00
[ 180s ] thds: 400 tps: 15383.72 qps: 307642.43 (r/w/o: 215351.30/61530.19/30760.94) lat (ms,95%): 31.37 err/s: 0.00 reconn/s: 0.00
[ 190s ] thds: 400 tps: 15763.14 qps: 315364.38 (r/w/o: 220759.55/63071.56/31533.28) lat (ms,95%): 30.26 err/s: 0.10 reconn/s: 0.00
[ 200s ] thds: 400 tps: 15406.48 qps: 308102.47 (r/w/o: 215705.17/61584.43/30812.87) lat (ms,95%): 31.37 err/s: 0.00 reconn/s: 0.00
[ 210s ] thds: 400 tps: 15517.91 qps: 310400.78 (r/w/o: 217265.40/62099.36/31036.03) lat (ms,95%): 30.81 err/s: 0.00 reconn/s: 0.00
[ 220s ] thds: 400 tps: 15538.28 qps: 310743.67 (r/w/o: 217488.47/62179.93/31075.27) lat (ms,95%): 30.81 err/s: 0.00 reconn/s: 0.00
[ 230s ] thds: 400 tps: 15657.51 qps: 313239.97 (r/w/o: 219280.72/62643.73/31315.52) lat (ms,95%): 30.26 err/s: 0.00 reconn/s: 0.00
[ 240s ] thds: 400 tps: 15532.40 qps: 310388.88 (r/w/o: 217250.79/62072.60/31065.50) lat (ms,95%): 30.81 err/s: 0.00 reconn/s: 0.00
[ 250s ] thds: 400 tps: 15362.02 qps: 307231.90 (r/w/o: 215058.88/61448.48/30724.54) lat (ms,95%): 31.37 err/s: 0.00 reconn/s: 0.00
[ 260s ] thds: 400 tps: 15637.98 qps: 312781.03 (r/w/o: 218964.47/62543.11/31273.45) lat (ms,95%): 30.26 err/s: 0.00 reconn/s: 0.00
[ 270s ] thds: 400 tps: 15727.51 qps: 314463.36 (r/w/o: 220096.38/62912.45/31454.53) lat (ms,95%): 30.26 err/s: 0.00 reconn/s: 0.00
[ 280s ] thds: 400 tps: 15743.60 qps: 314846.23 (r/w/o: 220386.22/62977.41/31482.60) lat (ms,95%): 30.26 err/s: 0.00 reconn/s: 0.00
[ 290s ] thds: 400 tps: 15499.78 qps: 310101.73 (r/w/o: 217067.67/62030.41/31003.65) lat (ms,95%): 30.81 err/s: 0.00 reconn/s: 0.00
[ 300s ] thds: 400 tps: 14045.26 qps: 280842.80 (r/w/o: 196600.71/56149.16/28092.93) lat (ms,95%): 53.85 err/s: 0.00 reconn/s: 0.00
[ 310s ] thds: 400 tps: 12446.42 qps: 249059.63 (r/w/o: 174358.23/49807.57/24893.83) lat (ms,95%): 62.19 err/s: 0.00 reconn/s: 0.00
[ 320s ] thds: 400 tps: 12897.74 qps: 258011.01 (r/w/o: 180631.56/51584.06/25795.38) lat (ms,95%): 57.87 err/s: 0.00 reconn/s: 0.00
[ 330s ] thds: 400 tps: 15448.28 qps: 308930.35 (r/w/o: 216219.89/61820.91/30889.56) lat (ms,95%): 30.81 err/s: 0.00 reconn/s: 0.00
[ 340s ] thds: 400 tps: 15514.70 qps: 310380.11 (r/w/o: 217291.11/62053.80/31035.20) lat (ms,95%): 31.37 err/s: 0.00 reconn/s: 0.00
[ 350s ] thds: 400 tps: 15669.21 qps: 313447.09 (r/w/o: 219448.03/62659.24/31339.82) lat (ms,95%): 30.26 err/s: 0.00 reconn/s: 0.00
[ 360s ] thds: 400 tps: 15256.49 qps: 305037.03 (r/w/o: 213526.98/60997.37/30512.68) lat (ms,95%): 31.37 err/s: 0.00 reconn/s: 0.00
[ 370s ] thds: 400 tps: 15677.72 qps: 313507.44 (r/w/o: 219413.04/62741.37/31353.03) lat (ms,95%): 30.81 err/s: 0.00 reconn/s: 0.00
[ 380s ] thds: 400 tps: 15631.17 qps: 312417.73 (r/w/o: 218648.30/62506.99/31262.44) lat (ms,95%): 30.26 err/s: 0.00 reconn/s: 0.00
[ 390s ] thds: 400 tps: 15343.53 qps: 307103.30 (r/w/o: 215049.82/61364.52/30688.96) lat (ms,95%): 31.37 err/s: 0.00 reconn/s: 0.00
[ 400s ] thds: 400 tps: 15648.19 qps: 312801.43 (r/w/o: 218912.28/62595.07/31294.08) lat (ms,95%): 30.26 err/s: 0.00 reconn/s: 0.00
[ 410s ] thds: 400 tps: 15566.58 qps: 311407.46 (r/w/o: 217998.19/62272.81/31136.46) lat (ms,95%): 30.26 err/s: 0.00 reconn/s: 0.00
[ 420s ] thds: 400 tps: 15734.09 qps: 314692.42 (r/w/o: 220277.48/62947.86/31467.08) lat (ms,95%): 30.26 err/s: 0.00 reconn/s: 0.00
[ 430s ] thds: 400 tps: 15354.13 qps: 307145.54 (r/w/o: 214988.45/61449.73/30707.36) lat (ms,95%): 31.37 err/s: 0.00 reconn/s: 0.00
[ 440s ] thds: 400 tps: 15244.31 qps: 304899.00 (r/w/o: 213459.67/60948.82/30490.51) lat (ms,95%): 32.53 err/s: 0.00 reconn/s: 0.00
[ 450s ] thds: 400 tps: 14001.56 qps: 280012.11 (r/w/o: 196017.87/55992.72/28001.51) lat (ms,95%): 54.83 err/s: 0.10 reconn/s: 0.00
[ 460s ] thds: 400 tps: 12215.79 qps: 244162.19 (r/w/o: 170872.92/48874.48/24414.79) lat (ms,95%): 64.47 err/s: 0.00 reconn/s: 0.00
[ 470s ] thds: 400 tps: 12787.93 qps: 255708.81 (r/w/o: 178979.02/51138.12/25591.66) lat (ms,95%): 58.92 err/s: 0.00 reconn/s: 0.00
[ 480s ] thds: 400 tps: 15485.07 qps: 309757.56 (r/w/o: 216844.42/61943.39/30969.75) lat (ms,95%): 30.81 err/s: 0.00 reconn/s: 0.00
[ 490s ] thds: 400 tps: 15438.62 qps: 308816.87 (r/w/o: 216193.56/61742.87/30880.44) lat (ms,95%): 30.81 err/s: 0.00 reconn/s: 0.00
[ 500s ] thds: 400 tps: 15631.00 qps: 312853.34 (r/w/o: 219023.43/62567.51/31262.40) lat (ms,95%): 30.81 err/s: 0.00 reconn/s: 0.00
[ 510s ] thds: 400 tps: 15590.00 qps: 311474.84 (r/w/o: 217980.13/62317.31/31177.40) lat (ms,95%): 30.81 err/s: 0.00 reconn/s: 0.00
[ 520s ] thds: 400 tps: 15362.07 qps: 307357.05 (r/w/o: 215167.72/61463.19/30726.15) lat (ms,95%): 31.37 err/s: 0.10 reconn/s: 0.00
[ 530s ] thds: 400 tps: 15053.82 qps: 301184.86 (r/w/o: 210876.32/60200.69/30107.85) lat (ms,95%): 33.12 err/s: 0.10 reconn/s: 0.00
[ 540s ] thds: 400 tps: 14033.31 qps: 280588.69 (r/w/o: 196380.61/56141.86/28066.23) lat (ms,95%): 53.85 err/s: 0.00 reconn/s: 0.00
[ 550s ] thds: 400 tps: 13571.70 qps: 271524.17 (r/w/o: 190084.38/54296.69/27143.10) lat (ms,95%): 56.84 err/s: 0.00 reconn/s: 0.00
[ 560s ] thds: 400 tps: 13244.25 qps: 264756.77 (r/w/o: 185302.38/52965.29/26489.10) lat (ms,95%): 58.92 err/s: 0.00 reconn/s: 0.00
[ 570s ] thds: 400 tps: 15285.82 qps: 305736.47 (r/w/o: 214015.46/61151.47/30569.54) lat (ms,95%): 31.94 err/s: 0.00 reconn/s: 0.00
[ 580s ] thds: 400 tps: 15335.33 qps: 306803.67 (r/w/o: 214761.67/61371.93/30670.07) lat (ms,95%): 31.94 err/s: 0.00 reconn/s: 0.00
[ 590s ] thds: 400 tps: 15129.93 qps: 302442.37 (r/w/o: 211709.20/60469.81/30263.36) lat (ms,95%): 32.53 err/s: 0.00 reconn/s: 0.00
[ 600s ] thds: 400 tps: 14000.30 qps: 280157.04 (r/w/o: 196121.35/56036.09/27999.59) lat (ms,95%): 51.94 err/s: 0.00 reconn/s: 0.00
[ 610s ] thds: 400 tps: 13506.18 qps: 270050.05 (r/w/o: 189038.75/53999.33/27011.96) lat (ms,95%): 54.83 err/s: 0.00 reconn/s: 0.00
[ 620s ] thds: 400 tps: 12723.10 qps: 254485.98 (r/w/o: 178157.99/50880.40/25447.60) lat (ms,95%): 56.84 err/s: 0.00 reconn/s: 0.00
[ 630s ] thds: 400 tps: 13938.80 qps: 278811.58 (r/w/o: 195130.18/55803.90/27877.50) lat (ms,95%): 50.11 err/s: 0.00 reconn/s: 0.00
[ 640s ] thds: 400 tps: 15456.81 qps: 309099.27 (r/w/o: 216395.49/61789.75/30914.03) lat (ms,95%): 30.81 err/s: 0.00 reconn/s: 0.00
[ 650s ] thds: 400 tps: 15503.01 qps: 310101.36 (r/w/o: 217080.91/62016.53/31003.92) lat (ms,95%): 30.81 err/s: 0.00 reconn/s: 0.00
[ 660s ] thds: 400 tps: 15468.67 qps: 309381.11 (r/w/o: 216577.61/61864.36/30939.13) lat (ms,95%): 31.37 err/s: 0.00 reconn/s: 0.00
[ 670s ] thds: 400 tps: 15583.42 qps: 311755.85 (r/w/o: 218244.72/62344.09/31167.05) lat (ms,95%): 30.81 err/s: 0.00 reconn/s: 0.00
[ 680s ] thds: 400 tps: 15508.51 qps: 310070.83 (r/w/o: 216996.66/62067.75/31006.42) lat (ms,95%): 30.81 err/s: 0.00 reconn/s: 0.00
[ 690s ] thds: 400 tps: 15452.86 qps: 309040.83 (r/w/o: 216318.96/61805.55/30916.32) lat (ms,95%): 30.81 err/s: 0.00 reconn/s: 0.00
[ 700s ] thds: 400 tps: 15286.13 qps: 305711.09 (r/w/o: 214017.21/61124.92/30568.96) lat (ms,95%): 31.37 err/s: 0.00 reconn/s: 0.00
[ 710s ] thds: 400 tps: 15636.51 qps: 312619.92 (r/w/o: 218809.75/62535.84/31274.32) lat (ms,95%): 30.81 err/s: 0.00 reconn/s: 0.00
[ 720s ] thds: 400 tps: 15396.09 qps: 308281.01 (r/w/o: 215830.97/61655.46/30794.58) lat (ms,95%): 30.81 err/s: 0.00 reconn/s: 0.00
[ 730s ] thds: 400 tps: 15408.81 qps: 307951.74 (r/w/o: 215537.37/61599.45/30814.92) lat (ms,95%): 31.37 err/s: 0.00 reconn/s: 0.00
[ 740s ] thds: 400 tps: 14549.96 qps: 290955.01 (r/w/o: 203681.38/58173.12/29100.51) lat (ms,95%): 43.39 err/s: 0.00 reconn/s: 0.00
[ 750s ] thds: 400 tps: 14401.83 qps: 288045.96 (r/w/o: 201641.89/57601.41/28802.66) lat (ms,95%): 47.47 err/s: 0.00 reconn/s: 0.00
[ 760s ] thds: 400 tps: 13172.43 qps: 263469.88 (r/w/o: 184403.78/52722.34/26343.77) lat (ms,95%): 54.83 err/s: 0.10 reconn/s: 0.00
[ 770s ] thds: 400 tps: 12599.33 qps: 251918.49 (r/w/o: 176351.28/50368.04/25199.17) lat (ms,95%): 56.84 err/s: 0.00 reconn/s: 0.00
[ 780s ] thds: 400 tps: 13979.84 qps: 279577.25 (r/w/o: 195702.09/55913.27/27961.88) lat (ms,95%): 48.34 err/s: 0.10 reconn/s: 0.00
SQL statistics:
    queries performed:
        read:                            161163940
        write:                           46046804
        other:                           23023440
        total:                           230234184
    transactions:                        11511702 (14740.32 per sec.)
    queries:                             230234184 (294806.56 per sec.)
    ignored errors:                      8      (0.01 per sec.)
    reconnects:                          0      (0.00 per sec.)

General statistics:
    total time:                          780.9660s
    total number of events:              11511702

Latency (ms):
         min:                                   19.63
         avg:                                   27.11
         max:                                  992.45
         95th percentile:                       34.95
         sum:                            312073813.43

Threads fairness:
    events (avg/stddev):           28779.2550/284.43
    execution time (avg/stddev):   780.1845/0.18

