sysbench 1.0.20-ebf1c90 (using bundled LuaJIT 2.1.0-beta2)

Running the test with following options:
Number of threads: 400
Report intermediate results every 10 second(s)
Initializing random number generator from current time


Initializing worker threads...

Threads started!

[ 10s ] thds: 400 tps: 9283.83 qps: 186035.33 (r/w/o: 130281.04/37146.83/18607.46) lat (ms,95%): 158.63 err/s: 0.00 reconn/s: 0.00
[ 20s ] thds: 400 tps: 12483.68 qps: 249785.46 (r/w/o: 174881.19/49936.71/24967.56) lat (ms,95%): 118.92 err/s: 0.00 reconn/s: 0.00
[ 30s ] thds: 400 tps: 14250.70 qps: 284819.18 (r/w/o: 199322.29/56995.90/28501.00) lat (ms,95%): 33.12 err/s: 0.00 reconn/s: 0.00
[ 40s ] thds: 400 tps: 14825.02 qps: 296530.93 (r/w/o: 207564.63/59320.87/29645.43) lat (ms,95%): 31.94 err/s: 0.00 reconn/s: 0.00
[ 50s ] thds: 400 tps: 15052.39 qps: 301096.22 (r/w/o: 210789.87/60196.66/30109.68) lat (ms,95%): 31.94 err/s: 0.00 reconn/s: 0.00
[ 60s ] thds: 400 tps: 15287.52 qps: 305935.51 (r/w/o: 214160.89/61199.78/30574.84) lat (ms,95%): 31.37 err/s: 0.00 reconn/s: 0.00
[ 70s ] thds: 400 tps: 15336.12 qps: 306501.76 (r/w/o: 214506.55/61325.67/30669.54) lat (ms,95%): 31.37 err/s: 0.00 reconn/s: 0.00
[ 80s ] thds: 400 tps: 15624.66 qps: 312668.44 (r/w/o: 218946.86/62469.15/31252.42) lat (ms,95%): 30.26 err/s: 0.00 reconn/s: 0.00
[ 90s ] thds: 400 tps: 15551.86 qps: 310931.02 (r/w/o: 217599.68/62231.72/31099.61) lat (ms,95%): 30.81 err/s: 0.00 reconn/s: 0.00
[ 100s ] thds: 400 tps: 15252.12 qps: 304916.54 (r/w/o: 213439.81/60969.29/30507.44) lat (ms,95%): 31.37 err/s: 0.00 reconn/s: 0.00
[ 110s ] thds: 400 tps: 15487.06 qps: 309924.07 (r/w/o: 216957.12/61994.43/30972.52) lat (ms,95%): 30.81 err/s: 0.00 reconn/s: 0.00
[ 120s ] thds: 400 tps: 15683.07 qps: 313776.27 (r/w/o: 219671.93/62737.39/31366.95) lat (ms,95%): 30.26 err/s: 0.00 reconn/s: 0.00
[ 130s ] thds: 400 tps: 15803.22 qps: 315888.45 (r/w/o: 221103.51/63177.09/31607.84) lat (ms,95%): 30.26 err/s: 0.00 reconn/s: 0.00
[ 140s ] thds: 400 tps: 15787.06 qps: 315543.87 (r/w/o: 220832.02/63137.83/31574.02) lat (ms,95%): 30.26 err/s: 0.00 reconn/s: 0.00
[ 150s ] thds: 400 tps: 13280.78 qps: 265765.11 (r/w/o: 186054.33/53152.22/26558.56) lat (ms,95%): 68.05 err/s: 0.00 reconn/s: 0.00
[ 160s ] thds: 400 tps: 11278.58 qps: 225702.53 (r/w/o: 158049.07/45092.91/22560.55) lat (ms,95%): 75.82 err/s: 0.00 reconn/s: 0.00
[ 170s ] thds: 400 tps: 13295.32 qps: 265948.68 (r/w/o: 186121.06/53236.88/26590.74) lat (ms,95%): 57.87 err/s: 0.00 reconn/s: 0.00
[ 180s ] thds: 400 tps: 15411.56 qps: 308060.79 (r/w/o: 215656.60/61582.06/30822.13) lat (ms,95%): 31.37 err/s: 0.00 reconn/s: 0.00
[ 190s ] thds: 400 tps: 15772.63 qps: 315538.18 (r/w/o: 220884.78/63107.04/31546.37) lat (ms,95%): 30.26 err/s: 0.00 reconn/s: 0.00
[ 200s ] thds: 400 tps: 15433.19 qps: 308505.92 (r/w/o: 215919.37/61723.26/30863.28) lat (ms,95%): 30.81 err/s: 0.00 reconn/s: 0.00
[ 210s ] thds: 400 tps: 15540.95 qps: 310875.73 (r/w/o: 217629.32/62162.51/31083.90) lat (ms,95%): 30.81 err/s: 0.00 reconn/s: 0.00
[ 220s ] thds: 400 tps: 15559.48 qps: 311280.88 (r/w/o: 217930.50/62230.42/31119.96) lat (ms,95%): 30.81 err/s: 0.00 reconn/s: 0.00
[ 230s ] thds: 400 tps: 15668.99 qps: 313344.74 (r/w/o: 219318.28/62690.67/31335.78) lat (ms,95%): 30.26 err/s: 0.10 reconn/s: 0.00
[ 240s ] thds: 400 tps: 15536.07 qps: 310821.43 (r/w/o: 217585.50/62163.09/31072.84) lat (ms,95%): 30.81 err/s: 0.00 reconn/s: 0.00
[ 250s ] thds: 400 tps: 15392.04 qps: 307852.06 (r/w/o: 215509.93/61557.65/30784.48) lat (ms,95%): 31.37 err/s: 0.10 reconn/s: 0.00
[ 260s ] thds: 400 tps: 15648.26 qps: 312984.34 (r/w/o: 219057.37/62631.15/31295.82) lat (ms,95%): 30.26 err/s: 0.00 reconn/s: 0.00
[ 270s ] thds: 400 tps: 15744.93 qps: 314820.88 (r/w/o: 220404.31/62925.22/31491.36) lat (ms,95%): 30.26 err/s: 0.00 reconn/s: 0.00
[ 280s ] thds: 400 tps: 15744.56 qps: 315109.50 (r/w/o: 220566.21/63053.36/31489.93) lat (ms,95%): 30.26 err/s: 0.00 reconn/s: 0.00
[ 290s ] thds: 400 tps: 15540.19 qps: 310709.43 (r/w/o: 217506.81/62122.15/31080.47) lat (ms,95%): 30.81 err/s: 0.00 reconn/s: 0.00
[ 300s ] thds: 400 tps: 14159.41 qps: 282933.74 (r/w/o: 198016.10/56599.63/28318.01) lat (ms,95%): 52.89 err/s: 0.00 reconn/s: 0.00
[ 310s ] thds: 400 tps: 12544.18 qps: 250987.55 (r/w/o: 175702.25/50196.53/25088.76) lat (ms,95%): 61.08 err/s: 0.00 reconn/s: 0.00
[ 320s ] thds: 400 tps: 12957.32 qps: 259118.44 (r/w/o: 181378.24/51827.97/25912.23) lat (ms,95%): 56.84 err/s: 0.00 reconn/s: 0.00
[ 330s ] thds: 400 tps: 15458.69 qps: 309351.90 (r/w/o: 216584.56/61846.66/30920.68) lat (ms,95%): 30.81 err/s: 0.10 reconn/s: 0.00
[ 340s ] thds: 400 tps: 15544.57 qps: 310752.12 (r/w/o: 217504.42/62158.66/31089.03) lat (ms,95%): 30.81 err/s: 0.00 reconn/s: 0.00
[ 350s ] thds: 400 tps: 15702.95 qps: 314003.67 (r/w/o: 219803.68/62793.99/31406.00) lat (ms,95%): 30.26 err/s: 0.00 reconn/s: 0.00
[ 360s ] thds: 400 tps: 15301.51 qps: 305972.01 (r/w/o: 214162.17/61207.42/30602.41) lat (ms,95%): 31.37 err/s: 0.00 reconn/s: 0.00
[ 370s ] thds: 400 tps: 15692.23 qps: 313911.82 (r/w/o: 219731.24/62796.02/31384.56) lat (ms,95%): 30.26 err/s: 0.00 reconn/s: 0.00
[ 380s ] thds: 400 tps: 15639.31 qps: 312946.63 (r/w/o: 219086.59/62581.43/31278.61) lat (ms,95%): 30.26 err/s: 0.00 reconn/s: 0.00
[ 390s ] thds: 400 tps: 15406.00 qps: 307878.67 (r/w/o: 215496.18/61570.30/30812.20) lat (ms,95%): 31.37 err/s: 0.00 reconn/s: 0.00
[ 400s ] thds: 400 tps: 15647.82 qps: 313068.29 (r/w/o: 219155.68/62629.88/31282.74) lat (ms,95%): 30.26 err/s: 0.00 reconn/s: 0.00
[ 410s ] thds: 400 tps: 15601.15 qps: 311987.70 (r/w/o: 218367.70/62408.00/31212.00) lat (ms,95%): 30.26 err/s: 0.00 reconn/s: 0.00
[ 420s ] thds: 400 tps: 15755.53 qps: 315117.85 (r/w/o: 220595.55/63010.63/31511.66) lat (ms,95%): 30.26 err/s: 0.00 reconn/s: 0.00
[ 430s ] thds: 400 tps: 15388.76 qps: 307885.64 (r/w/o: 215565.60/61539.63/30780.41) lat (ms,95%): 31.37 err/s: 0.00 reconn/s: 0.00
[ 440s ] thds: 400 tps: 15285.86 qps: 305652.17 (r/w/o: 213940.79/61139.55/30571.83) lat (ms,95%): 32.53 err/s: 0.00 reconn/s: 0.00
[ 450s ] thds: 400 tps: 14097.97 qps: 282064.61 (r/w/o: 197443.28/56425.28/28196.04) lat (ms,95%): 52.89 err/s: 0.00 reconn/s: 0.00
[ 460s ] thds: 400 tps: 12341.37 qps: 246777.95 (r/w/o: 172742.41/49353.29/24682.24) lat (ms,95%): 63.32 err/s: 0.00 reconn/s: 0.00
[ 470s ] thds: 400 tps: 12901.31 qps: 258134.12 (r/w/o: 180698.58/51632.62/25802.91) lat (ms,95%): 57.87 err/s: 0.00 reconn/s: 0.00
[ 480s ] thds: 400 tps: 15515.49 qps: 310300.97 (r/w/o: 217236.74/62033.15/31031.08) lat (ms,95%): 30.81 err/s: 0.00 reconn/s: 0.00
[ 490s ] thds: 400 tps: 15475.20 qps: 309403.63 (r/w/o: 216520.75/61933.18/30949.69) lat (ms,95%): 30.81 err/s: 0.00 reconn/s: 0.00
[ 500s ] thds: 400 tps: 15680.46 qps: 313571.55 (r/w/o: 219549.77/62660.85/31360.92) lat (ms,95%): 30.81 err/s: 0.00 reconn/s: 0.00
[ 510s ] thds: 400 tps: 15600.31 qps: 311814.87 (r/w/o: 218205.89/62424.55/31184.43) lat (ms,95%): 30.81 err/s: 0.00 reconn/s: 0.00
[ 520s ] thds: 400 tps: 15384.75 qps: 307868.47 (r/w/o: 215538.05/61552.11/30778.31) lat (ms,95%): 31.37 err/s: 0.00 reconn/s: 0.00
[ 530s ] thds: 400 tps: 15105.36 qps: 302075.37 (r/w/o: 211469.89/60386.75/30218.73) lat (ms,95%): 33.12 err/s: 0.00 reconn/s: 0.00
[ 540s ] thds: 400 tps: 14110.92 qps: 282190.22 (r/w/o: 197523.32/56445.26/28221.63) lat (ms,95%): 51.94 err/s: 0.00 reconn/s: 0.00
[ 550s ] thds: 400 tps: 13651.38 qps: 273050.07 (r/w/o: 191133.27/54614.53/27302.27) lat (ms,95%): 55.82 err/s: 0.00 reconn/s: 0.00
[ 560s ] thds: 400 tps: 13339.97 qps: 266864.57 (r/w/o: 186811.43/53375.99/26677.15) lat (ms,95%): 56.84 err/s: 0.00 reconn/s: 0.00
[ 570s ] thds: 400 tps: 15313.26 qps: 306293.81 (r/w/o: 214396.94/61268.54/30628.32) lat (ms,95%): 31.94 err/s: 0.00 reconn/s: 0.00
[ 580s ] thds: 400 tps: 15376.93 qps: 307440.35 (r/w/o: 215212.55/61475.33/30752.46) lat (ms,95%): 31.94 err/s: 0.00 reconn/s: 0.00
[ 590s ] thds: 400 tps: 15155.22 qps: 303316.64 (r/w/o: 212298.51/60704.69/30313.44) lat (ms,95%): 32.53 err/s: 0.00 reconn/s: 0.00
[ 600s ] thds: 400 tps: 14112.36 qps: 282155.36 (r/w/o: 197526.98/56407.85/28220.53) lat (ms,95%): 51.02 err/s: 0.00 reconn/s: 0.00
[ 610s ] thds: 400 tps: 13564.68 qps: 271065.79 (r/w/o: 189729.61/54216.12/27120.06) lat (ms,95%): 53.85 err/s: 0.00 reconn/s: 0.00
[ 620s ] thds: 400 tps: 12800.29 qps: 256280.38 (r/w/o: 179422.35/51243.26/25614.78) lat (ms,95%): 55.82 err/s: 0.00 reconn/s: 0.00
[ 630s ] thds: 400 tps: 14004.66 qps: 280021.19 (r/w/o: 196036.60/55976.26/28008.33) lat (ms,95%): 49.21 err/s: 0.00 reconn/s: 0.00
[ 640s ] thds: 400 tps: 15489.85 qps: 309567.95 (r/w/o: 216635.83/61952.81/30979.30) lat (ms,95%): 30.81 err/s: 0.00 reconn/s: 0.00
[ 650s ] thds: 400 tps: 15513.17 qps: 310348.08 (r/w/o: 217263.37/62056.98/31027.74) lat (ms,95%): 30.81 err/s: 0.00 reconn/s: 0.00
[ 660s ] thds: 400 tps: 15499.73 qps: 309919.65 (r/w/o: 216929.29/61991.71/30998.66) lat (ms,95%): 31.37 err/s: 0.00 reconn/s: 0.00
[ 670s ] thds: 400 tps: 15610.38 qps: 312378.66 (r/w/o: 218717.89/62439.31/31221.46) lat (ms,95%): 30.81 err/s: 0.00 reconn/s: 0.00
[ 680s ] thds: 400 tps: 15513.53 qps: 310373.22 (r/w/o: 217278.26/62067.40/31027.55) lat (ms,95%): 30.81 err/s: 0.10 reconn/s: 0.00
[ 690s ] thds: 400 tps: 15470.90 qps: 309342.44 (r/w/o: 216493.26/61911.79/30937.39) lat (ms,95%): 30.81 err/s: 0.00 reconn/s: 0.00
[ 700s ] thds: 400 tps: 15318.47 qps: 306281.24 (r/w/o: 214403.51/61236.89/30640.84) lat (ms,95%): 31.37 err/s: 0.00 reconn/s: 0.00
[ 710s ] thds: 400 tps: 15654.95 qps: 313175.92 (r/w/o: 219222.94/62642.98/31309.99) lat (ms,95%): 30.81 err/s: 0.00 reconn/s: 0.00
[ 720s ] thds: 400 tps: 15444.94 qps: 308977.94 (r/w/o: 216324.19/61763.97/30889.78) lat (ms,95%): 30.81 err/s: 0.00 reconn/s: 0.00
[ 730s ] thds: 400 tps: 15408.38 qps: 308289.44 (r/w/o: 215781.25/61691.03/30817.16) lat (ms,95%): 31.37 err/s: 0.00 reconn/s: 0.00
[ 740s ] thds: 400 tps: 14632.65 qps: 292533.93 (r/w/o: 204763.22/58505.61/29265.10) lat (ms,95%): 41.85 err/s: 0.00 reconn/s: 0.00
[ 750s ] thds: 400 tps: 14459.73 qps: 289139.21 (r/w/o: 202403.63/57815.72/28919.86) lat (ms,95%): 46.63 err/s: 0.00 reconn/s: 0.00
[ 760s ] thds: 400 tps: 13239.62 qps: 264838.85 (r/w/o: 185375.91/52987.69/26475.24) lat (ms,95%): 54.83 err/s: 0.00 reconn/s: 0.00
[ 770s ] thds: 400 tps: 12674.72 qps: 253342.27 (r/w/o: 177326.16/50673.87/25342.24) lat (ms,95%): 55.82 err/s: 0.00 reconn/s: 0.00
[ 780s ] thds: 400 tps: 14081.96 qps: 281755.94 (r/w/o: 197249.77/56334.05/28172.12) lat (ms,95%): 47.47 err/s: 0.00 reconn/s: 0.00
SQL statistics:
    queries performed:
        read:                            161591934
        write:                           46169098
        other:                           23084580
        total:                           230845612
    transactions:                        11542277 (14786.22 per sec.)
    queries:                             230845612 (295724.56 per sec.)
    ignored errors:                      4      (0.01 per sec.)
    reconnects:                          0      (0.00 per sec.)

General statistics:
    total time:                          780.6092s
    total number of events:              11542277

Latency (ms):
         min:                                   19.59
         avg:                                   27.03
         max:                                  611.50
         95th percentile:                       34.95
         sum:                            312011735.99

Threads fairness:
    events (avg/stddev):           28855.6925/314.32
    execution time (avg/stddev):   780.0293/0.14

