sysbench 1.0.20-ebf1c90 (using bundled LuaJIT 2.1.0-beta2)

Running the test with following options:
Number of threads: 400
Report intermediate results every 10 second(s)
Initializing random number generator from current time


Initializing worker threads...

Threads started!

[ 10s ] thds: 400 tps: 9408.82 qps: 188598.27 (r/w/o: 132075.65/37671.98/18850.64) lat (ms,95%): 155.80 err/s: 0.00 reconn/s: 0.00
[ 20s ] thds: 400 tps: 12535.53 qps: 250802.39 (r/w/o: 175584.11/50140.12/25078.16) lat (ms,95%): 114.72 err/s: 0.00 reconn/s: 0.00
[ 30s ] thds: 400 tps: 14129.19 qps: 282506.78 (r/w/o: 197759.12/56489.78/28257.89) lat (ms,95%): 33.72 err/s: 0.00 reconn/s: 0.00
[ 40s ] thds: 400 tps: 14854.08 qps: 296906.15 (r/w/o: 207777.15/59421.03/29707.96) lat (ms,95%): 31.94 err/s: 0.00 reconn/s: 0.00
[ 50s ] thds: 400 tps: 15174.44 qps: 303751.71 (r/w/o: 212641.90/60763.24/30346.57) lat (ms,95%): 30.81 err/s: 0.00 reconn/s: 0.00
[ 60s ] thds: 400 tps: 15307.88 qps: 305870.41 (r/w/o: 214090.33/61162.22/30617.86) lat (ms,95%): 30.26 err/s: 0.00 reconn/s: 0.00
[ 70s ] thds: 400 tps: 15264.16 qps: 305335.25 (r/w/o: 213754.41/61051.63/30529.22) lat (ms,95%): 30.81 err/s: 0.00 reconn/s: 0.00
[ 80s ] thds: 400 tps: 15718.39 qps: 314487.57 (r/w/o: 220124.21/62934.27/31429.09) lat (ms,95%): 29.19 err/s: 0.10 reconn/s: 0.00
[ 90s ] thds: 400 tps: 15574.48 qps: 311361.55 (r/w/o: 217967.69/62237.41/31156.46) lat (ms,95%): 29.72 err/s: 0.00 reconn/s: 0.00
[ 100s ] thds: 400 tps: 15187.37 qps: 303774.54 (r/w/o: 212649.51/60749.69/30375.34) lat (ms,95%): 30.26 err/s: 0.00 reconn/s: 0.00
[ 110s ] thds: 400 tps: 15463.01 qps: 309183.08 (r/w/o: 216400.69/61857.06/30925.33) lat (ms,95%): 29.72 err/s: 0.00 reconn/s: 0.00
[ 120s ] thds: 400 tps: 15678.53 qps: 313995.42 (r/w/o: 219831.07/62806.80/31357.55) lat (ms,95%): 29.72 err/s: 0.00 reconn/s: 0.00
[ 130s ] thds: 400 tps: 15839.96 qps: 316549.16 (r/w/o: 221609.78/63259.25/31680.13) lat (ms,95%): 29.19 err/s: 0.00 reconn/s: 0.00
[ 140s ] thds: 400 tps: 15778.91 qps: 315705.88 (r/w/o: 221024.92/63123.34/31557.62) lat (ms,95%): 29.19 err/s: 0.00 reconn/s: 0.00
[ 150s ] thds: 400 tps: 12923.56 qps: 258243.81 (r/w/o: 180708.37/51688.62/25846.81) lat (ms,95%): 71.83 err/s: 0.00 reconn/s: 0.00
[ 160s ] thds: 400 tps: 11459.49 qps: 229316.59 (r/w/o: 160521.63/45883.18/22911.79) lat (ms,95%): 71.83 err/s: 0.00 reconn/s: 0.00
[ 170s ] thds: 400 tps: 13530.53 qps: 270721.32 (r/w/o: 189560.26/54093.50/27067.55) lat (ms,95%): 51.02 err/s: 0.00 reconn/s: 0.00
[ 180s ] thds: 400 tps: 15321.79 qps: 306394.53 (r/w/o: 214474.41/61275.55/30644.57) lat (ms,95%): 30.26 err/s: 0.00 reconn/s: 0.00
[ 190s ] thds: 400 tps: 15499.92 qps: 309956.73 (r/w/o: 216903.80/62055.09/30997.84) lat (ms,95%): 30.26 err/s: 0.00 reconn/s: 0.00
[ 200s ] thds: 400 tps: 15428.21 qps: 308671.63 (r/w/o: 216119.16/61693.75/30858.72) lat (ms,95%): 30.26 err/s: 0.10 reconn/s: 0.00
[ 210s ] thds: 400 tps: 15281.10 qps: 305687.77 (r/w/o: 213982.95/61142.51/30562.31) lat (ms,95%): 30.81 err/s: 0.00 reconn/s: 0.00
[ 220s ] thds: 400 tps: 15587.48 qps: 311635.12 (r/w/o: 218161.07/62299.40/31174.65) lat (ms,95%): 29.72 err/s: 0.10 reconn/s: 0.00
[ 230s ] thds: 400 tps: 15488.14 qps: 309417.91 (r/w/o: 216495.39/61947.34/30975.17) lat (ms,95%): 29.72 err/s: 0.00 reconn/s: 0.00
[ 240s ] thds: 400 tps: 15402.42 qps: 308420.31 (r/w/o: 215985.62/61628.26/30806.43) lat (ms,95%): 30.26 err/s: 0.00 reconn/s: 0.00
[ 250s ] thds: 400 tps: 15258.67 qps: 304835.64 (r/w/o: 213306.64/61011.97/30517.03) lat (ms,95%): 30.81 err/s: 0.00 reconn/s: 0.00
[ 260s ] thds: 400 tps: 15508.20 qps: 310487.64 (r/w/o: 217381.96/62095.79/31009.89) lat (ms,95%): 29.72 err/s: 0.00 reconn/s: 0.00
[ 270s ] thds: 400 tps: 15595.40 qps: 311723.92 (r/w/o: 218207.12/62320.20/31196.60) lat (ms,95%): 29.72 err/s: 0.00 reconn/s: 0.00
[ 280s ] thds: 400 tps: 15495.39 qps: 310116.26 (r/w/o: 217102.20/62022.77/30991.29) lat (ms,95%): 29.72 err/s: 0.00 reconn/s: 0.00
[ 290s ] thds: 400 tps: 15373.46 qps: 307551.85 (r/w/o: 215285.98/61518.15/30747.73) lat (ms,95%): 30.26 err/s: 0.10 reconn/s: 0.00
[ 300s ] thds: 400 tps: 13772.21 qps: 275077.03 (r/w/o: 192506.56/55040.05/27530.42) lat (ms,95%): 54.83 err/s: 0.00 reconn/s: 0.00
[ 310s ] thds: 400 tps: 12242.42 qps: 245137.30 (r/w/o: 171646.88/48991.78/24498.64) lat (ms,95%): 59.99 err/s: 0.10 reconn/s: 0.00
[ 320s ] thds: 400 tps: 13186.29 qps: 263560.11 (r/w/o: 184439.79/52758.84/26361.47) lat (ms,95%): 53.85 err/s: 0.00 reconn/s: 0.00
[ 330s ] thds: 400 tps: 15164.50 qps: 303528.53 (r/w/o: 212523.62/60664.01/30340.90) lat (ms,95%): 30.81 err/s: 0.10 reconn/s: 0.00
[ 340s ] thds: 400 tps: 15384.19 qps: 307597.75 (r/w/o: 215318.10/61514.47/30765.19) lat (ms,95%): 30.81 err/s: 0.00 reconn/s: 0.00
[ 350s ] thds: 400 tps: 15334.92 qps: 306670.08 (r/w/o: 214685.96/61311.08/30673.04) lat (ms,95%): 30.26 err/s: 0.00 reconn/s: 0.00
[ 360s ] thds: 400 tps: 15144.49 qps: 302860.42 (r/w/o: 211999.80/60571.64/30288.97) lat (ms,95%): 30.81 err/s: 0.00 reconn/s: 0.00
[ 370s ] thds: 400 tps: 15471.88 qps: 309236.66 (r/w/o: 216397.76/61907.83/30931.07) lat (ms,95%): 30.26 err/s: 0.00 reconn/s: 0.00
[ 380s ] thds: 400 tps: 15354.71 qps: 307290.86 (r/w/o: 215103.31/61465.73/30721.82) lat (ms,95%): 30.26 err/s: 0.00 reconn/s: 0.00
[ 390s ] thds: 400 tps: 15316.02 qps: 306352.22 (r/w/o: 214514.60/61205.69/30631.94) lat (ms,95%): 30.26 err/s: 0.00 reconn/s: 0.00
[ 400s ] thds: 400 tps: 15089.77 qps: 301605.64 (r/w/o: 211078.81/60346.99/30179.84) lat (ms,95%): 31.37 err/s: 0.00 reconn/s: 0.00
[ 410s ] thds: 400 tps: 15419.57 qps: 308361.48 (r/w/o: 215844.33/61678.00/30839.15) lat (ms,95%): 30.26 err/s: 0.10 reconn/s: 0.00
[ 420s ] thds: 400 tps: 15459.79 qps: 309464.39 (r/w/o: 216678.12/61867.08/30919.19) lat (ms,95%): 30.26 err/s: 0.10 reconn/s: 0.00
[ 430s ] thds: 400 tps: 15371.66 qps: 307263.25 (r/w/o: 215058.31/61461.73/30743.22) lat (ms,95%): 30.26 err/s: 0.00 reconn/s: 0.00
[ 440s ] thds: 400 tps: 15315.70 qps: 306526.15 (r/w/o: 214589.23/61304.51/30632.40) lat (ms,95%): 30.26 err/s: 0.00 reconn/s: 0.00
[ 450s ] thds: 400 tps: 13935.87 qps: 278480.63 (r/w/o: 194893.63/55717.26/27869.73) lat (ms,95%): 54.83 err/s: 0.00 reconn/s: 0.00
[ 460s ] thds: 400 tps: 12275.03 qps: 245640.73 (r/w/o: 171963.37/49125.41/24551.95) lat (ms,95%): 61.08 err/s: 0.00 reconn/s: 0.00
[ 470s ] thds: 400 tps: 12979.78 qps: 259547.42 (r/w/o: 181662.96/51925.00/25959.45) lat (ms,95%): 55.82 err/s: 0.00 reconn/s: 0.00
[ 480s ] thds: 400 tps: 15379.19 qps: 307408.96 (r/w/o: 215178.13/61472.25/30758.58) lat (ms,95%): 30.81 err/s: 0.00 reconn/s: 0.00
[ 490s ] thds: 400 tps: 15272.51 qps: 305614.18 (r/w/o: 213940.00/61134.16/30540.03) lat (ms,95%): 30.81 err/s: 0.00 reconn/s: 0.00
[ 500s ] thds: 400 tps: 15222.52 qps: 304630.47 (r/w/o: 213274.03/60905.99/30450.45) lat (ms,95%): 30.81 err/s: 0.10 reconn/s: 0.00
[ 510s ] thds: 400 tps: 15310.58 qps: 306006.91 (r/w/o: 214204.66/61181.40/30620.85) lat (ms,95%): 30.81 err/s: 0.10 reconn/s: 0.00
[ 520s ] thds: 400 tps: 15385.14 qps: 307583.95 (r/w/o: 215274.82/61538.85/30770.28) lat (ms,95%): 30.26 err/s: 0.00 reconn/s: 0.00
[ 530s ] thds: 400 tps: 14715.21 qps: 294477.27 (r/w/o: 206172.29/58874.15/29430.83) lat (ms,95%): 35.59 err/s: 0.00 reconn/s: 0.00
[ 540s ] thds: 400 tps: 14059.78 qps: 281028.47 (r/w/o: 196664.57/56245.93/28117.97) lat (ms,95%): 54.83 err/s: 0.00 reconn/s: 0.00
[ 550s ] thds: 400 tps: 13471.91 qps: 269554.61 (r/w/o: 188696.15/53914.94/26943.52) lat (ms,95%): 59.99 err/s: 0.00 reconn/s: 0.00
[ 560s ] thds: 400 tps: 12971.19 qps: 259235.22 (r/w/o: 181444.80/51847.04/25943.37) lat (ms,95%): 62.19 err/s: 0.00 reconn/s: 0.00
[ 570s ] thds: 400 tps: 15248.92 qps: 305239.03 (r/w/o: 213725.00/61021.89/30492.14) lat (ms,95%): 30.81 err/s: 0.10 reconn/s: 0.00
[ 580s ] thds: 400 tps: 15293.48 qps: 305677.43 (r/w/o: 213948.04/61136.33/30593.06) lat (ms,95%): 30.26 err/s: 0.00 reconn/s: 0.00
[ 590s ] thds: 400 tps: 15235.73 qps: 304694.84 (r/w/o: 213264.34/60961.03/30469.46) lat (ms,95%): 30.81 err/s: 0.00 reconn/s: 0.00
[ 600s ] thds: 400 tps: 14897.24 qps: 298130.92 (r/w/o: 208731.20/59608.44/29791.27) lat (ms,95%): 31.94 err/s: 0.00 reconn/s: 0.00
[ 610s ] thds: 400 tps: 12511.37 qps: 250374.93 (r/w/o: 175260.20/50085.69/25029.04) lat (ms,95%): 58.92 err/s: 0.00 reconn/s: 0.00
[ 620s ] thds: 400 tps: 12764.65 qps: 255107.89 (r/w/o: 178567.29/51013.40/25527.20) lat (ms,95%): 54.83 err/s: 0.00 reconn/s: 0.00
[ 630s ] thds: 400 tps: 14197.29 qps: 283969.63 (r/w/o: 198815.18/56757.97/28396.48) lat (ms,95%): 45.79 err/s: 0.00 reconn/s: 0.00
[ 640s ] thds: 400 tps: 15293.76 qps: 306002.46 (r/w/o: 214206.71/61208.33/30587.42) lat (ms,95%): 30.81 err/s: 0.00 reconn/s: 0.00
[ 650s ] thds: 400 tps: 15193.92 qps: 303723.43 (r/w/o: 212594.60/60740.49/30388.34) lat (ms,95%): 30.81 err/s: 0.00 reconn/s: 0.00
[ 660s ] thds: 400 tps: 15206.51 qps: 303981.28 (r/w/o: 212725.33/60844.94/30411.02) lat (ms,95%): 30.81 err/s: 0.00 reconn/s: 0.00
[ 670s ] thds: 400 tps: 15467.86 qps: 309586.72 (r/w/o: 216747.48/61906.42/30932.81) lat (ms,95%): 30.26 err/s: 0.00 reconn/s: 0.00
[ 680s ] thds: 400 tps: 15436.15 qps: 308550.40 (r/w/o: 215983.20/61689.90/30877.30) lat (ms,95%): 30.26 err/s: 0.10 reconn/s: 0.00
[ 690s ] thds: 400 tps: 15194.31 qps: 303865.79 (r/w/o: 212698.73/60778.64/30388.42) lat (ms,95%): 30.81 err/s: 0.00 reconn/s: 0.00
[ 700s ] thds: 400 tps: 15000.68 qps: 300300.91 (r/w/o: 210234.23/60064.82/30001.86) lat (ms,95%): 31.37 err/s: 0.00 reconn/s: 0.00
[ 710s ] thds: 400 tps: 15325.81 qps: 306268.82 (r/w/o: 214376.15/61240.94/30651.72) lat (ms,95%): 30.81 err/s: 0.10 reconn/s: 0.00
[ 720s ] thds: 400 tps: 15363.39 qps: 307474.92 (r/w/o: 215249.40/61498.94/30726.57) lat (ms,95%): 30.81 err/s: 0.00 reconn/s: 0.00
[ 730s ] thds: 400 tps: 15366.27 qps: 307373.44 (r/w/o: 215178.24/61462.37/30732.83) lat (ms,95%): 30.81 err/s: 0.00 reconn/s: 0.00
[ 740s ] thds: 400 tps: 15178.85 qps: 303339.79 (r/w/o: 212306.19/60676.30/30357.30) lat (ms,95%): 31.37 err/s: 0.00 reconn/s: 0.00
[ 750s ] thds: 400 tps: 14912.10 qps: 298334.81 (r/w/o: 208819.51/59702.00/29813.30) lat (ms,95%): 32.53 err/s: 0.00 reconn/s: 0.00
[ 760s ] thds: 400 tps: 12549.28 qps: 250967.73 (r/w/o: 175694.34/50168.53/25104.86) lat (ms,95%): 58.92 err/s: 0.00 reconn/s: 0.00
[ 770s ] thds: 400 tps: 12658.32 qps: 253092.29 (r/w/o: 177163.94/50607.70/25320.65) lat (ms,95%): 55.82 err/s: 0.00 reconn/s: 0.00
[ 780s ] thds: 400 tps: 13919.78 qps: 278301.09 (r/w/o: 194784.42/55676.12/27840.56) lat (ms,95%): 48.34 err/s: 0.00 reconn/s: 0.00
SQL statistics:
    queries performed:
        read:                            160346676
        write:                           45813293
        other:                           22906685
        total:                           229066654
    transactions:                        11453321 (14676.69 per sec.)
    queries:                             229066654 (293534.09 per sec.)
    ignored errors:                      13     (0.02 per sec.)
    reconnects:                          0      (0.00 per sec.)

General statistics:
    total time:                          780.3740s
    total number of events:              11453321

Latency (ms):
         min:                                   19.40
         avg:                                   27.24
         max:                                  246.52
         95th percentile:                       34.33
         sum:                            311986544.45

Threads fairness:
    events (avg/stddev):           28633.3025/355.18
    execution time (avg/stddev):   779.9664/0.02

