sysbench 1.0.20-ebf1c90 (using bundled LuaJIT 2.1.0-beta2)

Running the test with following options:
Number of threads: 400
Report intermediate results every 10 second(s)
Initializing random number generator from current time


Initializing worker threads...

Threads started!

[ 10s ] thds: 400 tps: 9424.64 qps: 188853.03 (r/w/o: 132257.37/37706.37/18889.28) lat (ms,95%): 155.80 err/s: 0.00 reconn/s: 0.00
[ 20s ] thds: 400 tps: 12583.13 qps: 251657.49 (r/w/o: 176149.48/50342.54/25165.47) lat (ms,95%): 114.72 err/s: 0.00 reconn/s: 0.00
[ 30s ] thds: 400 tps: 14120.53 qps: 282428.24 (r/w/o: 197683.45/56502.93/28241.86) lat (ms,95%): 33.72 err/s: 0.00 reconn/s: 0.00
[ 40s ] thds: 400 tps: 14840.85 qps: 297010.98 (r/w/o: 207950.06/59382.32/29678.61) lat (ms,95%): 31.94 err/s: 0.00 reconn/s: 0.00
[ 50s ] thds: 400 tps: 15194.65 qps: 303828.24 (r/w/o: 212699.73/60736.21/30392.30) lat (ms,95%): 30.81 err/s: 0.00 reconn/s: 0.00
[ 60s ] thds: 400 tps: 15299.05 qps: 306137.17 (r/w/o: 214279.38/61259.39/30598.40) lat (ms,95%): 30.26 err/s: 0.00 reconn/s: 0.00
[ 70s ] thds: 400 tps: 15292.64 qps: 305505.62 (r/w/o: 213791.05/61138.18/30576.39) lat (ms,95%): 30.81 err/s: 0.00 reconn/s: 0.00
[ 80s ] thds: 400 tps: 15719.52 qps: 314637.35 (r/w/o: 220337.05/62852.27/31448.03) lat (ms,95%): 29.19 err/s: 0.00 reconn/s: 0.00
[ 90s ] thds: 400 tps: 15582.70 qps: 311630.94 (r/w/o: 218085.86/62379.79/31165.29) lat (ms,95%): 29.72 err/s: 0.10 reconn/s: 0.00
[ 100s ] thds: 400 tps: 15203.99 qps: 304004.36 (r/w/o: 212772.53/60823.75/30408.08) lat (ms,95%): 30.26 err/s: 0.00 reconn/s: 0.00
[ 110s ] thds: 400 tps: 15457.88 qps: 309337.07 (r/w/o: 216594.47/61828.13/30914.47) lat (ms,95%): 29.72 err/s: 0.00 reconn/s: 0.00
[ 120s ] thds: 400 tps: 15715.60 qps: 314116.21 (r/w/o: 219891.54/62792.58/31432.09) lat (ms,95%): 29.72 err/s: 0.00 reconn/s: 0.00
[ 130s ] thds: 400 tps: 15827.83 qps: 316638.21 (r/w/o: 221594.16/63387.80/31656.25) lat (ms,95%): 29.19 err/s: 0.00 reconn/s: 0.00
[ 140s ] thds: 400 tps: 15809.65 qps: 315909.50 (r/w/o: 221130.03/63160.28/31619.19) lat (ms,95%): 29.19 err/s: 0.00 reconn/s: 0.00
[ 150s ] thds: 400 tps: 12944.09 qps: 259017.42 (r/w/o: 181324.97/51805.66/25886.78) lat (ms,95%): 70.55 err/s: 0.10 reconn/s: 0.00
[ 160s ] thds: 400 tps: 11537.49 qps: 231064.87 (r/w/o: 161750.41/46237.47/23076.99) lat (ms,95%): 70.55 err/s: 0.10 reconn/s: 0.00
[ 170s ] thds: 400 tps: 13640.52 qps: 272490.07 (r/w/o: 190758.56/54450.38/27281.14) lat (ms,95%): 51.02 err/s: 0.00 reconn/s: 0.00
[ 180s ] thds: 400 tps: 15333.35 qps: 306533.67 (r/w/o: 214537.64/61329.61/30666.41) lat (ms,95%): 30.26 err/s: 0.00 reconn/s: 0.00
[ 190s ] thds: 400 tps: 15506.52 qps: 310374.73 (r/w/o: 217335.40/62026.49/31012.84) lat (ms,95%): 29.72 err/s: 0.10 reconn/s: 0.00
[ 200s ] thds: 400 tps: 15455.01 qps: 308991.43 (r/w/o: 216262.79/61818.43/30910.21) lat (ms,95%): 30.26 err/s: 0.00 reconn/s: 0.00
[ 210s ] thds: 400 tps: 15308.30 qps: 306183.40 (r/w/o: 214328.37/61238.02/30617.01) lat (ms,95%): 30.81 err/s: 0.00 reconn/s: 0.00
[ 220s ] thds: 400 tps: 15596.48 qps: 311794.84 (r/w/o: 218216.47/62386.01/31192.35) lat (ms,95%): 29.72 err/s: 0.00 reconn/s: 0.00
[ 230s ] thds: 400 tps: 15468.43 qps: 309724.06 (r/w/o: 216870.39/61916.41/30937.26) lat (ms,95%): 29.72 err/s: 0.00 reconn/s: 0.00
[ 240s ] thds: 400 tps: 15454.73 qps: 308778.67 (r/w/o: 216094.20/61774.52/30909.96) lat (ms,95%): 30.26 err/s: 0.00 reconn/s: 0.00
[ 250s ] thds: 400 tps: 15243.96 qps: 305161.82 (r/w/o: 213648.76/61026.54/30486.52) lat (ms,95%): 30.81 err/s: 0.00 reconn/s: 0.00
[ 260s ] thds: 400 tps: 15553.91 qps: 310910.41 (r/w/o: 217635.88/62165.12/31109.41) lat (ms,95%): 29.72 err/s: 0.00 reconn/s: 0.00
[ 270s ] thds: 400 tps: 15610.99 qps: 312163.92 (r/w/o: 218458.28/62484.06/31221.58) lat (ms,95%): 29.72 err/s: 0.00 reconn/s: 0.00
[ 280s ] thds: 400 tps: 15514.69 qps: 310325.96 (r/w/o: 217281.20/62015.48/31029.29) lat (ms,95%): 29.72 err/s: 0.00 reconn/s: 0.00
[ 290s ] thds: 400 tps: 15402.51 qps: 308118.75 (r/w/o: 215701.37/61612.15/30805.22) lat (ms,95%): 30.26 err/s: 0.00 reconn/s: 0.00
[ 300s ] thds: 400 tps: 13782.40 qps: 275733.20 (r/w/o: 193022.10/55149.20/27561.90) lat (ms,95%): 54.83 err/s: 0.00 reconn/s: 0.00
[ 310s ] thds: 400 tps: 12332.03 qps: 246320.33 (r/w/o: 172348.57/49305.20/24666.55) lat (ms,95%): 58.92 err/s: 0.00 reconn/s: 0.00
[ 320s ] thds: 400 tps: 13196.18 qps: 264187.71 (r/w/o: 185002.93/52791.72/26393.06) lat (ms,95%): 53.85 err/s: 0.00 reconn/s: 0.00
[ 330s ] thds: 400 tps: 15214.08 qps: 304158.79 (r/w/o: 212880.21/60850.72/30427.86) lat (ms,95%): 30.81 err/s: 0.00 reconn/s: 0.00
[ 340s ] thds: 400 tps: 15401.78 qps: 308091.63 (r/w/o: 215675.27/61612.51/30803.85) lat (ms,95%): 30.26 err/s: 0.10 reconn/s: 0.00
[ 350s ] thds: 400 tps: 15361.38 qps: 307041.77 (r/w/o: 214871.67/61447.93/30722.17) lat (ms,95%): 30.26 err/s: 0.10 reconn/s: 0.00
[ 360s ] thds: 400 tps: 15168.74 qps: 303355.30 (r/w/o: 212345.96/60674.76/30334.58) lat (ms,95%): 30.81 err/s: 0.00 reconn/s: 0.00
[ 370s ] thds: 400 tps: 15479.08 qps: 309818.71 (r/w/o: 216941.56/61915.20/30961.95) lat (ms,95%): 30.26 err/s: 0.00 reconn/s: 0.00
[ 380s ] thds: 400 tps: 15389.22 qps: 307830.43 (r/w/o: 215484.10/61568.59/30777.74) lat (ms,95%): 30.26 err/s: 0.00 reconn/s: 0.00
[ 390s ] thds: 400 tps: 15355.92 qps: 306972.71 (r/w/o: 214849.59/61410.28/30712.84) lat (ms,95%): 30.26 err/s: 0.00 reconn/s: 0.00
[ 400s ] thds: 400 tps: 15075.33 qps: 301744.49 (r/w/o: 211199.38/60396.44/30148.67) lat (ms,95%): 31.37 err/s: 0.00 reconn/s: 0.00
[ 410s ] thds: 400 tps: 15442.75 qps: 308818.01 (r/w/o: 216180.54/61758.18/30879.29) lat (ms,95%): 30.26 err/s: 0.00 reconn/s: 0.00
[ 420s ] thds: 400 tps: 15507.53 qps: 310008.77 (r/w/o: 217037.27/61948.53/31022.97) lat (ms,95%): 29.72 err/s: 0.00 reconn/s: 0.00
[ 430s ] thds: 400 tps: 15381.67 qps: 307444.80 (r/w/o: 215148.25/61535.00/30761.55) lat (ms,95%): 30.26 err/s: 0.00 reconn/s: 0.00
[ 440s ] thds: 400 tps: 15344.12 qps: 306954.67 (r/w/o: 214902.53/61361.59/30690.55) lat (ms,95%): 30.26 err/s: 0.00 reconn/s: 0.00
[ 450s ] thds: 400 tps: 13949.11 qps: 279097.40 (r/w/o: 195376.37/55823.42/27897.61) lat (ms,95%): 53.85 err/s: 0.00 reconn/s: 0.00
[ 460s ] thds: 400 tps: 12349.13 qps: 246920.04 (r/w/o: 172833.14/49387.83/24699.06) lat (ms,95%): 59.99 err/s: 0.00 reconn/s: 0.00
[ 470s ] thds: 400 tps: 13014.28 qps: 260525.40 (r/w/o: 182416.59/52080.24/26028.57) lat (ms,95%): 54.83 err/s: 0.00 reconn/s: 0.00
[ 480s ] thds: 400 tps: 15381.41 qps: 307679.87 (r/w/o: 215350.32/61566.83/30762.72) lat (ms,95%): 30.81 err/s: 0.00 reconn/s: 0.00
[ 490s ] thds: 400 tps: 15311.80 qps: 306121.68 (r/w/o: 214319.06/61178.92/30623.71) lat (ms,95%): 30.81 err/s: 0.00 reconn/s: 0.00
[ 500s ] thds: 400 tps: 15265.49 qps: 305146.64 (r/w/o: 213563.79/61051.77/30531.08) lat (ms,95%): 30.81 err/s: 0.10 reconn/s: 0.00
[ 510s ] thds: 400 tps: 15329.43 qps: 306448.58 (r/w/o: 214458.91/61336.82/30652.86) lat (ms,95%): 30.81 err/s: 0.00 reconn/s: 0.00
[ 520s ] thds: 400 tps: 15396.33 qps: 308033.20 (r/w/o: 215636.89/61602.04/30794.27) lat (ms,95%): 30.26 err/s: 0.00 reconn/s: 0.00
[ 530s ] thds: 400 tps: 14738.92 qps: 294741.22 (r/w/o: 206332.50/58928.08/29480.64) lat (ms,95%): 36.89 err/s: 0.00 reconn/s: 0.00
[ 540s ] thds: 400 tps: 14068.79 qps: 281584.93 (r/w/o: 197164.71/56283.45/28136.77) lat (ms,95%): 54.83 err/s: 0.00 reconn/s: 0.00
[ 550s ] thds: 400 tps: 13502.07 qps: 269936.10 (r/w/o: 188941.98/53988.18/27005.94) lat (ms,95%): 58.92 err/s: 0.00 reconn/s: 0.00
[ 560s ] thds: 400 tps: 13013.42 qps: 260375.41 (r/w/o: 182273.12/52075.06/26027.23) lat (ms,95%): 61.08 err/s: 0.00 reconn/s: 0.00
[ 570s ] thds: 400 tps: 15274.53 qps: 305400.09 (r/w/o: 213769.58/61080.84/30549.67) lat (ms,95%): 30.81 err/s: 0.00 reconn/s: 0.00
[ 580s ] thds: 400 tps: 15292.25 qps: 305970.67 (r/w/o: 214160.48/61229.19/30581.00) lat (ms,95%): 30.26 err/s: 0.10 reconn/s: 0.00
[ 590s ] thds: 400 tps: 15240.11 qps: 304804.70 (r/w/o: 213389.31/60931.36/30484.03) lat (ms,95%): 30.81 err/s: 0.00 reconn/s: 0.00
[ 600s ] thds: 400 tps: 14912.23 qps: 298211.65 (r/w/o: 208754.55/59632.63/29824.47) lat (ms,95%): 32.53 err/s: 0.00 reconn/s: 0.00
[ 610s ] thds: 400 tps: 12606.12 qps: 251933.18 (r/w/o: 176313.44/50408.30/25211.45) lat (ms,95%): 57.87 err/s: 0.00 reconn/s: 0.00
[ 620s ] thds: 400 tps: 12792.11 qps: 255852.41 (r/w/o: 179089.85/51179.14/25583.42) lat (ms,95%): 54.83 err/s: 0.00 reconn/s: 0.00
[ 630s ] thds: 400 tps: 14249.16 qps: 284850.03 (r/w/o: 199369.59/56991.33/28489.11) lat (ms,95%): 44.98 err/s: 0.00 reconn/s: 0.00
[ 640s ] thds: 400 tps: 15308.36 qps: 306370.64 (r/w/o: 214515.70/61227.83/30627.11) lat (ms,95%): 30.81 err/s: 0.00 reconn/s: 0.00
[ 650s ] thds: 400 tps: 15209.48 qps: 303983.69 (r/w/o: 212718.78/60856.43/30408.47) lat (ms,95%): 30.81 err/s: 0.00 reconn/s: 0.00
[ 660s ] thds: 400 tps: 15197.47 qps: 304339.37 (r/w/o: 213128.23/60805.49/30405.65) lat (ms,95%): 30.81 err/s: 0.00 reconn/s: 0.00
[ 670s ] thds: 400 tps: 15509.04 qps: 310101.04 (r/w/o: 217069.92/62013.05/31018.07) lat (ms,95%): 30.26 err/s: 0.00 reconn/s: 0.00
[ 680s ] thds: 400 tps: 15438.56 qps: 308947.65 (r/w/o: 216220.40/61850.03/30877.21) lat (ms,95%): 30.26 err/s: 0.00 reconn/s: 0.00
[ 690s ] thds: 400 tps: 15228.56 qps: 304481.08 (r/w/o: 213150.23/60873.54/30457.32) lat (ms,95%): 30.81 err/s: 0.00 reconn/s: 0.00
[ 700s ] thds: 400 tps: 15061.89 qps: 301017.86 (r/w/o: 210713.10/60181.77/30122.99) lat (ms,95%): 31.37 err/s: 0.00 reconn/s: 0.00
[ 710s ] thds: 400 tps: 15320.49 qps: 306638.08 (r/w/o: 214643.91/61353.38/30640.79) lat (ms,95%): 30.81 err/s: 0.00 reconn/s: 0.00
[ 720s ] thds: 400 tps: 15413.58 qps: 307972.13 (r/w/o: 215563.74/61580.43/30827.96) lat (ms,95%): 30.81 err/s: 0.00 reconn/s: 0.00
[ 730s ] thds: 400 tps: 15368.15 qps: 307361.50 (r/w/o: 215153.30/61472.40/30735.80) lat (ms,95%): 30.81 err/s: 0.00 reconn/s: 0.00
[ 740s ] thds: 400 tps: 15168.13 qps: 303604.78 (r/w/o: 212534.28/60738.14/30332.37) lat (ms,95%): 31.37 err/s: 0.00 reconn/s: 0.00
[ 750s ] thds: 400 tps: 14945.01 qps: 298832.94 (r/w/o: 209223.07/59715.35/29894.52) lat (ms,95%): 33.12 err/s: 0.00 reconn/s: 0.00
[ 760s ] thds: 400 tps: 12543.48 qps: 251016.18 (r/w/o: 175686.01/50243.02/25087.16) lat (ms,95%): 57.87 err/s: 0.00 reconn/s: 0.00
[ 770s ] thds: 400 tps: 12696.86 qps: 253826.79 (r/w/o: 177690.70/50742.46/25393.63) lat (ms,95%): 55.82 err/s: 0.00 reconn/s: 0.00
[ 780s ] thds: 400 tps: 13974.63 qps: 279250.91 (r/w/o: 195420.33/55884.72/27945.86) lat (ms,95%): 48.34 err/s: 0.00 reconn/s: 0.00
SQL statistics:
    queries performed:
        read:                            160606460
        write:                           45887521
        other:                           22943803
        total:                           229437784
    transactions:                        11471882 (14692.27 per sec.)
    queries:                             229437784 (293845.56 per sec.)
    ignored errors:                      8      (0.01 per sec.)
    reconnects:                          0      (0.00 per sec.)

General statistics:
    total time:                          780.8098s
    total number of events:              11471882

Latency (ms):
         min:                                   19.73
         avg:                                   27.20
         max:                                  826.28
         95th percentile:                       34.33
         sum:                            312042520.19

Threads fairness:
    events (avg/stddev):           28679.7050/358.62
    execution time (avg/stddev):   780.1063/0.17

