sysbench 1.0.20-ebf1c90 (using bundled LuaJIT 2.1.0-beta2)

Running the test with following options:
Number of threads: 400
Report intermediate results every 10 second(s)
Initializing random number generator from current time


Initializing worker threads...

Threads started!

[ 10s ] thds: 400 tps: 9528.16 qps: 191103.50 (r/w/o: 133832.73/38174.55/19096.22) lat (ms,95%): 155.80 err/s: 0.00 reconn/s: 0.00
[ 20s ] thds: 400 tps: 12660.54 qps: 253019.34 (r/w/o: 177110.02/50589.55/25319.77) lat (ms,95%): 110.66 err/s: 0.00 reconn/s: 0.00
[ 30s ] thds: 400 tps: 14306.17 qps: 286314.03 (r/w/o: 200450.30/57250.98/28612.74) lat (ms,95%): 32.53 err/s: 0.00 reconn/s: 0.00
[ 40s ] thds: 400 tps: 15098.41 qps: 301690.86 (r/w/o: 211127.51/60365.73/30197.62) lat (ms,95%): 31.37 err/s: 0.00 reconn/s: 0.00
[ 50s ] thds: 400 tps: 15491.60 qps: 309851.71 (r/w/o: 216882.61/61990.80/30978.30) lat (ms,95%): 29.72 err/s: 0.00 reconn/s: 0.00
[ 60s ] thds: 400 tps: 15619.82 qps: 312614.09 (r/w/o: 218850.34/62529.70/31234.05) lat (ms,95%): 29.72 err/s: 0.00 reconn/s: 0.00
[ 70s ] thds: 400 tps: 15512.30 qps: 309975.98 (r/w/o: 216971.56/61974.12/31030.31) lat (ms,95%): 29.72 err/s: 0.00 reconn/s: 0.00
[ 80s ] thds: 400 tps: 15910.17 qps: 318672.47 (r/w/o: 223094.43/63752.69/31825.35) lat (ms,95%): 29.19 err/s: 0.00 reconn/s: 0.00
[ 90s ] thds: 400 tps: 15819.56 qps: 316153.98 (r/w/o: 221352.42/63162.64/31638.92) lat (ms,95%): 29.19 err/s: 0.00 reconn/s: 0.00
[ 100s ] thds: 400 tps: 15693.82 qps: 313649.00 (r/w/o: 219486.67/62774.28/31388.04) lat (ms,95%): 29.19 err/s: 0.10 reconn/s: 0.00
[ 110s ] thds: 400 tps: 15803.93 qps: 316138.45 (r/w/o: 221309.56/63221.63/31607.27) lat (ms,95%): 28.67 err/s: 0.00 reconn/s: 0.00
[ 120s ] thds: 400 tps: 15952.94 qps: 318970.30 (r/w/o: 223258.36/63805.56/31906.38) lat (ms,95%): 28.67 err/s: 0.10 reconn/s: 0.00
[ 130s ] thds: 400 tps: 16067.65 qps: 321473.52 (r/w/o: 225044.61/64312.60/32116.30) lat (ms,95%): 28.67 err/s: 0.00 reconn/s: 0.00
[ 140s ] thds: 400 tps: 16025.93 qps: 320694.77 (r/w/o: 224552.00/64071.51/32071.26) lat (ms,95%): 28.67 err/s: 0.00 reconn/s: 0.00
[ 150s ] thds: 400 tps: 13051.67 qps: 261024.38 (r/w/o: 182676.26/52250.18/26097.94) lat (ms,95%): 63.32 err/s: 0.00 reconn/s: 0.00
[ 160s ] thds: 400 tps: 11493.40 qps: 229818.15 (r/w/o: 160877.87/45953.19/22987.09) lat (ms,95%): 65.65 err/s: 0.00 reconn/s: 0.00
[ 170s ] thds: 400 tps: 14795.96 qps: 296144.74 (r/w/o: 207284.17/59263.25/29597.32) lat (ms,95%): 34.95 err/s: 0.00 reconn/s: 0.00
[ 180s ] thds: 400 tps: 15710.77 qps: 314126.81 (r/w/o: 219935.32/62770.36/31421.13) lat (ms,95%): 29.72 err/s: 0.00 reconn/s: 0.00
[ 190s ] thds: 400 tps: 15756.36 qps: 314734.24 (r/w/o: 220231.97/62990.95/31511.32) lat (ms,95%): 29.19 err/s: 0.00 reconn/s: 0.00
[ 200s ] thds: 400 tps: 15652.44 qps: 313064.90 (r/w/o: 219151.26/62606.96/31306.68) lat (ms,95%): 29.72 err/s: 0.00 reconn/s: 0.00
[ 210s ] thds: 400 tps: 15556.50 qps: 311497.97 (r/w/o: 218080.18/62307.59/31110.20) lat (ms,95%): 29.72 err/s: 0.00 reconn/s: 0.00
[ 220s ] thds: 400 tps: 15787.42 qps: 315782.91 (r/w/o: 221092.58/63114.38/31575.94) lat (ms,95%): 29.19 err/s: 0.00 reconn/s: 0.00
[ 230s ] thds: 400 tps: 15845.26 qps: 316682.31 (r/w/o: 221648.25/63342.64/31691.42) lat (ms,95%): 29.19 err/s: 0.10 reconn/s: 0.00
[ 240s ] thds: 400 tps: 15623.60 qps: 312609.07 (r/w/o: 218786.45/62574.11/31248.51) lat (ms,95%): 29.19 err/s: 0.00 reconn/s: 0.00
[ 250s ] thds: 400 tps: 15617.96 qps: 312310.27 (r/w/o: 218685.09/62389.05/31236.13) lat (ms,95%): 29.19 err/s: 0.00 reconn/s: 0.00
[ 260s ] thds: 400 tps: 15697.85 qps: 313921.54 (r/w/o: 219739.05/62786.79/31395.69) lat (ms,95%): 29.72 err/s: 0.00 reconn/s: 0.00
[ 270s ] thds: 400 tps: 15762.49 qps: 315060.47 (r/w/o: 220486.81/63048.87/31524.79) lat (ms,95%): 29.19 err/s: 0.00 reconn/s: 0.00
[ 280s ] thds: 400 tps: 15694.69 qps: 314063.44 (r/w/o: 219897.22/62776.85/31389.37) lat (ms,95%): 29.19 err/s: 0.00 reconn/s: 0.00
[ 290s ] thds: 400 tps: 15681.52 qps: 313765.21 (r/w/o: 219658.68/62742.98/31363.54) lat (ms,95%): 29.19 err/s: 0.10 reconn/s: 0.00
[ 300s ] thds: 400 tps: 12498.02 qps: 249948.86 (r/w/o: 174953.75/50000.47/24994.64) lat (ms,95%): 55.82 err/s: 0.00 reconn/s: 0.00
[ 310s ] thds: 400 tps: 12616.48 qps: 252330.15 (r/w/o: 176601.39/50500.81/25227.96) lat (ms,95%): 53.85 err/s: 0.00 reconn/s: 0.00
[ 320s ] thds: 400 tps: 14791.29 qps: 295686.84 (r/w/o: 206960.32/59142.25/29584.27) lat (ms,95%): 34.33 err/s: 0.00 reconn/s: 0.00
[ 330s ] thds: 400 tps: 15655.99 qps: 313302.51 (r/w/o: 219355.07/62630.66/31316.78) lat (ms,95%): 29.72 err/s: 0.00 reconn/s: 0.00
[ 340s ] thds: 400 tps: 15431.77 qps: 308355.34 (r/w/o: 215796.61/61695.89/30862.84) lat (ms,95%): 30.26 err/s: 0.20 reconn/s: 0.00
[ 350s ] thds: 400 tps: 15627.65 qps: 312760.72 (r/w/o: 218993.45/62511.18/31256.09) lat (ms,95%): 29.72 err/s: 0.00 reconn/s: 0.00
[ 360s ] thds: 400 tps: 15421.67 qps: 308352.74 (r/w/o: 215783.94/61731.96/30836.83) lat (ms,95%): 30.81 err/s: 0.10 reconn/s: 0.00
[ 370s ] thds: 400 tps: 15746.32 qps: 314871.94 (r/w/o: 220405.64/62978.77/31487.53) lat (ms,95%): 29.19 err/s: 0.00 reconn/s: 0.00
[ 380s ] thds: 400 tps: 15589.24 qps: 311782.51 (r/w/o: 218288.57/62303.36/31190.58) lat (ms,95%): 29.72 err/s: 0.00 reconn/s: 0.00
[ 390s ] thds: 400 tps: 15449.54 qps: 309144.38 (r/w/o: 216415.61/61831.88/30896.89) lat (ms,95%): 30.26 err/s: 0.00 reconn/s: 0.00
[ 400s ] thds: 400 tps: 15635.73 qps: 312765.65 (r/w/o: 218898.89/62596.51/31270.26) lat (ms,95%): 29.72 err/s: 0.00 reconn/s: 0.00
[ 410s ] thds: 400 tps: 15706.29 qps: 313835.88 (r/w/o: 219670.85/62750.86/31414.18) lat (ms,95%): 29.19 err/s: 0.00 reconn/s: 0.00
[ 420s ] thds: 400 tps: 15696.67 qps: 314201.95 (r/w/o: 220017.25/62789.87/31394.83) lat (ms,95%): 29.72 err/s: 0.00 reconn/s: 0.00
[ 430s ] thds: 400 tps: 15679.62 qps: 313297.40 (r/w/o: 219225.58/62713.78/31358.04) lat (ms,95%): 29.72 err/s: 0.00 reconn/s: 0.00
[ 440s ] thds: 400 tps: 14342.92 qps: 286788.73 (r/w/o: 200738.80/57363.69/28686.24) lat (ms,95%): 51.02 err/s: 0.00 reconn/s: 0.00
[ 450s ] thds: 400 tps: 12969.30 qps: 259675.19 (r/w/o: 181842.97/51897.32/25934.91) lat (ms,95%): 53.85 err/s: 0.00 reconn/s: 0.00
[ 460s ] thds: 400 tps: 12451.40 qps: 249019.25 (r/w/o: 174281.03/49839.01/24899.20) lat (ms,95%): 52.89 err/s: 0.00 reconn/s: 0.00
[ 470s ] thds: 400 tps: 15537.29 qps: 310714.69 (r/w/o: 217538.22/62092.98/31083.49) lat (ms,95%): 30.26 err/s: 0.00 reconn/s: 0.00
[ 480s ] thds: 400 tps: 15431.16 qps: 308745.30 (r/w/o: 216093.11/61793.26/30858.93) lat (ms,95%): 30.26 err/s: 0.00 reconn/s: 0.00
[ 490s ] thds: 400 tps: 15495.04 qps: 309985.91 (r/w/o: 216967.77/62025.16/30992.98) lat (ms,95%): 30.26 err/s: 0.00 reconn/s: 0.00
[ 500s ] thds: 400 tps: 15458.48 qps: 309129.39 (r/w/o: 216442.12/61770.72/30916.56) lat (ms,95%): 29.72 err/s: 0.00 reconn/s: 0.00
[ 510s ] thds: 400 tps: 15621.03 qps: 312485.88 (r/w/o: 218713.20/62529.82/31242.86) lat (ms,95%): 29.72 err/s: 0.00 reconn/s: 0.00
[ 520s ] thds: 400 tps: 14593.80 qps: 291677.78 (r/w/o: 204202.39/58287.80/29187.60) lat (ms,95%): 49.21 err/s: 0.00 reconn/s: 0.00
[ 530s ] thds: 400 tps: 14386.13 qps: 287764.74 (r/w/o: 201443.85/57548.83/28772.06) lat (ms,95%): 51.02 err/s: 0.00 reconn/s: 0.00
[ 540s ] thds: 400 tps: 13938.19 qps: 278578.12 (r/w/o: 194953.20/55750.14/27874.77) lat (ms,95%): 54.83 err/s: 0.00 reconn/s: 0.00
[ 550s ] thds: 400 tps: 13386.04 qps: 267910.13 (r/w/o: 187584.08/53552.37/26773.68) lat (ms,95%): 53.85 err/s: 0.00 reconn/s: 0.00
[ 560s ] thds: 400 tps: 15395.03 qps: 307878.93 (r/w/o: 215523.37/61566.01/30789.55) lat (ms,95%): 30.26 err/s: 0.00 reconn/s: 0.00
[ 570s ] thds: 400 tps: 15600.68 qps: 312028.58 (r/w/o: 218413.61/62413.12/31201.86) lat (ms,95%): 29.72 err/s: 0.00 reconn/s: 0.00
[ 580s ] thds: 400 tps: 15501.53 qps: 310082.18 (r/w/o: 217043.51/62037.72/31000.96) lat (ms,95%): 30.26 err/s: 0.00 reconn/s: 0.00
[ 590s ] thds: 400 tps: 14105.48 qps: 282009.35 (r/w/o: 197414.19/56381.91/28213.26) lat (ms,95%): 51.02 err/s: 0.00 reconn/s: 0.00
[ 600s ] thds: 400 tps: 12877.96 qps: 257383.31 (r/w/o: 180111.27/51530.22/25741.81) lat (ms,95%): 54.83 err/s: 0.10 reconn/s: 0.00
[ 610s ] thds: 400 tps: 13083.37 qps: 261640.99 (r/w/o: 183136.54/52327.40/26177.05) lat (ms,95%): 51.02 err/s: 0.00 reconn/s: 0.00
[ 620s ] thds: 400 tps: 14645.63 qps: 293095.06 (r/w/o: 205233.96/58565.83/29295.27) lat (ms,95%): 36.89 err/s: 0.00 reconn/s: 0.00
[ 630s ] thds: 400 tps: 15254.86 qps: 305223.77 (r/w/o: 213643.12/61071.23/30509.42) lat (ms,95%): 30.81 err/s: 0.00 reconn/s: 0.00
[ 640s ] thds: 400 tps: 15518.25 qps: 310043.89 (r/w/o: 216986.49/62023.70/31033.70) lat (ms,95%): 30.26 err/s: 0.10 reconn/s: 0.00
[ 650s ] thds: 400 tps: 15427.03 qps: 308824.69 (r/w/o: 216210.69/61760.64/30853.37) lat (ms,95%): 30.26 err/s: 0.00 reconn/s: 0.00
[ 660s ] thds: 400 tps: 15661.51 qps: 312920.71 (r/w/o: 218999.82/62596.16/31324.73) lat (ms,95%): 29.72 err/s: 0.00 reconn/s: 0.00
[ 670s ] thds: 400 tps: 15458.31 qps: 309344.30 (r/w/o: 216598.54/61826.54/30919.22) lat (ms,95%): 29.72 err/s: 0.00 reconn/s: 0.00
[ 680s ] thds: 400 tps: 15569.48 qps: 311333.00 (r/w/o: 217889.52/62309.02/31134.46) lat (ms,95%): 29.72 err/s: 0.00 reconn/s: 0.00
[ 690s ] thds: 400 tps: 15385.11 qps: 308064.53 (r/w/o: 215669.29/61620.63/30774.61) lat (ms,95%): 30.26 err/s: 0.00 reconn/s: 0.00
[ 700s ] thds: 400 tps: 15203.69 qps: 303619.20 (r/w/o: 212503.16/60709.76/30406.28) lat (ms,95%): 30.81 err/s: 0.00 reconn/s: 0.00
[ 710s ] thds: 400 tps: 15559.67 qps: 311513.46 (r/w/o: 218155.35/62237.28/31120.84) lat (ms,95%): 29.72 err/s: 0.00 reconn/s: 0.00
[ 720s ] thds: 400 tps: 15523.57 qps: 310158.29 (r/w/o: 217017.30/62095.56/31045.43) lat (ms,95%): 30.26 err/s: 0.20 reconn/s: 0.00
[ 730s ] thds: 400 tps: 15132.04 qps: 302802.24 (r/w/o: 211975.59/60560.97/30265.68) lat (ms,95%): 31.37 err/s: 0.00 reconn/s: 0.00
[ 740s ] thds: 400 tps: 13887.30 qps: 277566.85 (r/w/o: 194265.86/55528.89/27772.09) lat (ms,95%): 52.89 err/s: 0.00 reconn/s: 0.00
[ 750s ] thds: 400 tps: 13102.31 qps: 262182.65 (r/w/o: 183570.18/52406.55/26205.93) lat (ms,95%): 53.85 err/s: 0.00 reconn/s: 0.00
[ 760s ] thds: 400 tps: 12391.48 qps: 247932.75 (r/w/o: 173583.66/49564.93/24784.17) lat (ms,95%): 53.85 err/s: 0.00 reconn/s: 0.00
[ 770s ] thds: 400 tps: 14943.36 qps: 298914.11 (r/w/o: 209257.35/59769.84/29886.92) lat (ms,95%): 33.12 err/s: 0.00 reconn/s: 0.00
[ 780s ] thds: 400 tps: 15358.98 qps: 307014.58 (r/w/o: 214873.67/61422.73/30718.17) lat (ms,95%): 30.26 err/s: 0.00 reconn/s: 0.00
SQL statistics:
    queries performed:
        read:                            162820616
        write:                           46520133
        other:                           23260109
        total:                           232600858
    transactions:                        11630033 (14898.10 per sec.)
    queries:                             232600858 (297962.22 per sec.)
    ignored errors:                      11     (0.01 per sec.)
    reconnects:                          0      (0.00 per sec.)

General statistics:
    total time:                          780.6378s
    total number of events:              11630033

Latency (ms):
         min:                                   19.51
         avg:                                   26.83
         max:                                  641.05
         95th percentile:                       33.72
         sum:                            312000022.75

Threads fairness:
    events (avg/stddev):           29075.0825/336.68
    execution time (avg/stddev):   780.0001/0.08

