sysbench 1.0.20-ebf1c90 (using bundled LuaJIT 2.1.0-beta2)

Running the test with following options:
Number of threads: 400
Report intermediate results every 10 second(s)
Initializing random number generator from current time


Initializing worker threads...

Threads started!

[ 10s ] thds: 400 tps: 9551.44 qps: 191449.36 (r/w/o: 134081.76/38226.45/19141.15) lat (ms,95%): 155.80 err/s: 0.00 reconn/s: 0.00
[ 20s ] thds: 400 tps: 12643.70 qps: 253107.87 (r/w/o: 177173.95/50645.12/25288.81) lat (ms,95%): 110.66 err/s: 0.00 reconn/s: 0.00
[ 30s ] thds: 400 tps: 14341.22 qps: 286463.30 (r/w/o: 200500.98/57281.28/28681.04) lat (ms,95%): 32.53 err/s: 0.10 reconn/s: 0.00
[ 40s ] thds: 400 tps: 15077.90 qps: 301765.77 (r/w/o: 211273.68/60334.69/30157.40) lat (ms,95%): 31.37 err/s: 0.00 reconn/s: 0.00
[ 50s ] thds: 400 tps: 15504.39 qps: 310072.95 (r/w/o: 217068.49/61995.27/31009.18) lat (ms,95%): 29.72 err/s: 0.00 reconn/s: 0.00
[ 60s ] thds: 400 tps: 15638.75 qps: 312735.88 (r/w/o: 218908.76/62549.52/31277.61) lat (ms,95%): 29.72 err/s: 0.00 reconn/s: 0.00
[ 70s ] thds: 400 tps: 15488.61 qps: 309904.43 (r/w/o: 216946.36/61981.25/30976.82) lat (ms,95%): 30.26 err/s: 0.00 reconn/s: 0.00
[ 80s ] thds: 400 tps: 15945.24 qps: 318750.90 (r/w/o: 223105.76/63754.26/31890.88) lat (ms,95%): 29.19 err/s: 0.00 reconn/s: 0.00
[ 90s ] thds: 400 tps: 15823.51 qps: 316442.11 (r/w/o: 221454.68/63347.42/31640.01) lat (ms,95%): 29.19 err/s: 0.00 reconn/s: 0.00
[ 100s ] thds: 400 tps: 15698.15 qps: 314159.72 (r/w/o: 219983.51/62772.91/31403.30) lat (ms,95%): 29.19 err/s: 0.00 reconn/s: 0.00
[ 110s ] thds: 400 tps: 15819.89 qps: 316478.54 (r/w/o: 221494.22/63344.45/31639.87) lat (ms,95%): 28.67 err/s: 0.00 reconn/s: 0.00
[ 120s ] thds: 400 tps: 15959.37 qps: 319094.78 (r/w/o: 223411.37/63765.58/31917.84) lat (ms,95%): 28.67 err/s: 0.00 reconn/s: 0.00
[ 130s ] thds: 400 tps: 16102.60 qps: 321918.86 (r/w/o: 225331.24/64381.31/32206.31) lat (ms,95%): 28.67 err/s: 0.00 reconn/s: 0.00
[ 140s ] thds: 400 tps: 16046.45 qps: 320750.78 (r/w/o: 224463.15/64195.02/32092.61) lat (ms,95%): 28.16 err/s: 0.00 reconn/s: 0.00
[ 150s ] thds: 400 tps: 13006.87 qps: 260406.53 (r/w/o: 182311.20/52083.99/26011.34) lat (ms,95%): 64.47 err/s: 0.00 reconn/s: 0.00
[ 160s ] thds: 400 tps: 11526.82 qps: 230367.53 (r/w/o: 161254.10/46063.39/23050.04) lat (ms,95%): 65.65 err/s: 0.00 reconn/s: 0.00
[ 170s ] thds: 400 tps: 14836.13 qps: 296788.10 (r/w/o: 207780.82/59329.02/29678.26) lat (ms,95%): 34.95 err/s: 0.00 reconn/s: 0.00
[ 180s ] thds: 400 tps: 15721.12 qps: 314264.89 (r/w/o: 219943.94/62879.20/31441.75) lat (ms,95%): 29.72 err/s: 0.10 reconn/s: 0.00
[ 190s ] thds: 400 tps: 15725.20 qps: 314751.80 (r/w/o: 220400.60/62900.00/31451.20) lat (ms,95%): 29.19 err/s: 0.00 reconn/s: 0.00
[ 200s ] thds: 400 tps: 15666.38 qps: 313269.26 (r/w/o: 219266.79/62669.91/31332.56) lat (ms,95%): 29.72 err/s: 0.00 reconn/s: 0.00
[ 210s ] thds: 400 tps: 15591.66 qps: 311782.16 (r/w/o: 218235.11/62363.33/31183.72) lat (ms,95%): 29.72 err/s: 0.00 reconn/s: 0.00
[ 220s ] thds: 400 tps: 15795.94 qps: 315831.62 (r/w/o: 221056.57/63183.16/31591.88) lat (ms,95%): 29.19 err/s: 0.00 reconn/s: 0.00
[ 230s ] thds: 400 tps: 15832.40 qps: 316839.13 (r/w/o: 221779.12/63400.21/31659.80) lat (ms,95%): 29.19 err/s: 0.00 reconn/s: 0.00
[ 240s ] thds: 400 tps: 15641.24 qps: 312767.52 (r/w/o: 218986.50/62493.34/31287.67) lat (ms,95%): 29.19 err/s: 0.00 reconn/s: 0.00
[ 250s ] thds: 400 tps: 15638.45 qps: 312479.57 (r/w/o: 218648.45/62562.31/31268.81) lat (ms,95%): 29.19 err/s: 0.00 reconn/s: 0.00
[ 260s ] thds: 400 tps: 15703.30 qps: 314041.61 (r/w/o: 219821.84/62818.18/31401.59) lat (ms,95%): 29.72 err/s: 0.00 reconn/s: 0.00
[ 270s ] thds: 400 tps: 15751.15 qps: 315455.04 (r/w/o: 220914.33/63025.21/31515.50) lat (ms,95%): 29.19 err/s: 0.00 reconn/s: 0.00
[ 280s ] thds: 400 tps: 15733.82 qps: 314402.22 (r/w/o: 219998.60/62938.18/31465.44) lat (ms,95%): 29.19 err/s: 0.00 reconn/s: 0.00
[ 290s ] thds: 400 tps: 15714.86 qps: 314177.34 (r/w/o: 219920.60/62827.33/31429.41) lat (ms,95%): 29.19 err/s: 0.00 reconn/s: 0.00
[ 300s ] thds: 400 tps: 12493.81 qps: 250012.45 (r/w/o: 175029.37/49993.85/24989.22) lat (ms,95%): 55.82 err/s: 0.10 reconn/s: 0.00
[ 310s ] thds: 400 tps: 12640.03 qps: 252811.89 (r/w/o: 176992.12/50538.72/25281.06) lat (ms,95%): 52.89 err/s: 0.00 reconn/s: 0.00
[ 320s ] thds: 400 tps: 14779.56 qps: 295716.61 (r/w/o: 207029.48/59128.52/29558.61) lat (ms,95%): 34.33 err/s: 0.00 reconn/s: 0.00
[ 330s ] thds: 400 tps: 15685.64 qps: 313553.15 (r/w/o: 219446.53/62734.85/31371.78) lat (ms,95%): 29.72 err/s: 0.00 reconn/s: 0.00
[ 340s ] thds: 400 tps: 15420.11 qps: 308623.82 (r/w/o: 216076.85/61707.74/30839.22) lat (ms,95%): 30.26 err/s: 0.00 reconn/s: 0.00
[ 350s ] thds: 400 tps: 15655.77 qps: 312900.18 (r/w/o: 218983.83/62604.60/31311.75) lat (ms,95%): 29.72 err/s: 0.00 reconn/s: 0.00
[ 360s ] thds: 400 tps: 15422.30 qps: 308624.48 (r/w/o: 216092.26/61687.02/30845.21) lat (ms,95%): 30.81 err/s: 0.00 reconn/s: 0.00
[ 370s ] thds: 400 tps: 15759.74 qps: 315182.06 (r/w/o: 220632.73/63029.45/31519.88) lat (ms,95%): 29.19 err/s: 0.00 reconn/s: 0.00
[ 380s ] thds: 400 tps: 15575.57 qps: 311708.77 (r/w/o: 218138.43/62419.49/31150.85) lat (ms,95%): 29.72 err/s: 0.00 reconn/s: 0.00
[ 390s ] thds: 400 tps: 15494.33 qps: 309517.92 (r/w/o: 216665.56/61864.80/30987.55) lat (ms,95%): 30.26 err/s: 0.00 reconn/s: 0.00
[ 400s ] thds: 400 tps: 15640.19 qps: 312938.80 (r/w/o: 219099.33/62557.58/31281.89) lat (ms,95%): 29.72 err/s: 0.00 reconn/s: 0.00
[ 410s ] thds: 400 tps: 15702.34 qps: 314123.76 (r/w/o: 219892.00/62827.17/31404.59) lat (ms,95%): 29.19 err/s: 0.00 reconn/s: 0.00
[ 420s ] thds: 400 tps: 15735.43 qps: 314482.53 (r/w/o: 220086.07/62925.91/31470.55) lat (ms,95%): 29.72 err/s: 0.00 reconn/s: 0.00
[ 430s ] thds: 400 tps: 15662.66 qps: 313480.21 (r/w/o: 219476.25/62679.44/31324.52) lat (ms,95%): 29.72 err/s: 0.10 reconn/s: 0.00
[ 440s ] thds: 400 tps: 14353.48 qps: 287087.66 (r/w/o: 200978.96/57401.43/28707.27) lat (ms,95%): 51.02 err/s: 0.00 reconn/s: 0.00
[ 450s ] thds: 400 tps: 12977.49 qps: 259269.57 (r/w/o: 181426.34/51897.35/25945.88) lat (ms,95%): 53.85 err/s: 0.00 reconn/s: 0.00
[ 460s ] thds: 400 tps: 12425.48 qps: 248671.06 (r/w/o: 174080.16/49733.83/24857.07) lat (ms,95%): 53.85 err/s: 0.00 reconn/s: 0.00
[ 470s ] thds: 400 tps: 15574.03 qps: 311403.73 (r/w/o: 217954.64/62309.53/31139.56) lat (ms,95%): 30.26 err/s: 0.00 reconn/s: 0.00
[ 480s ] thds: 400 tps: 15441.37 qps: 308888.12 (r/w/o: 216274.62/61717.87/30895.63) lat (ms,95%): 30.26 err/s: 0.00 reconn/s: 0.00
[ 490s ] thds: 400 tps: 15516.97 qps: 310395.51 (r/w/o: 217293.62/62068.46/31033.43) lat (ms,95%): 30.26 err/s: 0.00 reconn/s: 0.00
[ 500s ] thds: 400 tps: 15482.08 qps: 309508.48 (r/w/o: 216621.21/61922.62/30964.66) lat (ms,95%): 29.72 err/s: 0.00 reconn/s: 0.00
[ 510s ] thds: 400 tps: 15631.37 qps: 312691.45 (r/w/o: 218899.72/62528.89/31262.84) lat (ms,95%): 29.72 err/s: 0.00 reconn/s: 0.00
[ 520s ] thds: 400 tps: 14570.00 qps: 291510.27 (r/w/o: 204036.88/58336.80/29136.60) lat (ms,95%): 50.11 err/s: 0.00 reconn/s: 0.00
[ 530s ] thds: 400 tps: 14399.23 qps: 287724.67 (r/w/o: 201380.77/57545.93/28797.97) lat (ms,95%): 51.02 err/s: 0.00 reconn/s: 0.00
[ 540s ] thds: 400 tps: 13912.34 qps: 278533.50 (r/w/o: 195021.19/55685.04/27827.27) lat (ms,95%): 54.83 err/s: 0.00 reconn/s: 0.00
[ 550s ] thds: 400 tps: 13421.53 qps: 268168.65 (r/w/o: 187673.58/53652.41/26842.66) lat (ms,95%): 53.85 err/s: 0.00 reconn/s: 0.00
[ 560s ] thds: 400 tps: 15415.04 qps: 308214.27 (r/w/o: 215739.74/61651.65/30822.88) lat (ms,95%): 30.26 err/s: 0.00 reconn/s: 0.00
[ 570s ] thds: 400 tps: 15609.69 qps: 312232.00 (r/w/o: 218560.29/62452.74/31218.97) lat (ms,95%): 29.72 err/s: 0.20 reconn/s: 0.00
[ 580s ] thds: 400 tps: 15522.72 qps: 310553.90 (r/w/o: 217424.58/62074.48/31054.84) lat (ms,95%): 29.72 err/s: 0.00 reconn/s: 0.00
[ 590s ] thds: 400 tps: 14115.58 qps: 282192.47 (r/w/o: 197493.70/56470.31/28228.46) lat (ms,95%): 51.02 err/s: 0.00 reconn/s: 0.00
[ 600s ] thds: 400 tps: 12852.55 qps: 257205.68 (r/w/o: 180082.06/51416.52/25707.11) lat (ms,95%): 54.83 err/s: 0.00 reconn/s: 0.00
[ 610s ] thds: 400 tps: 13071.10 qps: 261636.98 (r/w/o: 183198.66/52294.82/26143.51) lat (ms,95%): 51.02 err/s: 0.00 reconn/s: 0.00
[ 620s ] thds: 400 tps: 14684.40 qps: 293618.02 (r/w/o: 205456.64/58796.58/29364.79) lat (ms,95%): 36.89 err/s: 0.00 reconn/s: 0.00
[ 630s ] thds: 400 tps: 15293.62 qps: 305741.66 (r/w/o: 214056.15/61094.77/30590.74) lat (ms,95%): 30.26 err/s: 0.00 reconn/s: 0.00
[ 640s ] thds: 400 tps: 15512.91 qps: 310464.84 (r/w/o: 217357.00/62082.23/31025.61) lat (ms,95%): 29.72 err/s: 0.00 reconn/s: 0.00
[ 650s ] thds: 400 tps: 15485.97 qps: 309551.74 (r/w/o: 216666.51/61912.79/30972.44) lat (ms,95%): 30.26 err/s: 0.00 reconn/s: 0.00
[ 660s ] thds: 400 tps: 15658.23 qps: 313284.93 (r/w/o: 219320.27/62647.61/31317.05) lat (ms,95%): 29.72 err/s: 0.10 reconn/s: 0.00
[ 670s ] thds: 400 tps: 15480.74 qps: 309550.13 (r/w/o: 216630.58/61963.17/30956.38) lat (ms,95%): 29.72 err/s: 0.00 reconn/s: 0.00
[ 680s ] thds: 400 tps: 15592.35 qps: 311882.92 (r/w/o: 218368.11/62325.20/31189.60) lat (ms,95%): 29.72 err/s: 0.00 reconn/s: 0.00
[ 690s ] thds: 400 tps: 15418.24 qps: 308299.53 (r/w/o: 215805.18/61657.67/30836.68) lat (ms,95%): 30.26 err/s: 0.00 reconn/s: 0.00
[ 700s ] thds: 400 tps: 15187.23 qps: 303891.57 (r/w/o: 212727.87/60790.43/30373.27) lat (ms,95%): 30.81 err/s: 0.00 reconn/s: 0.00
[ 710s ] thds: 400 tps: 15616.49 qps: 311974.60 (r/w/o: 218314.09/62426.34/31234.17) lat (ms,95%): 29.72 err/s: 0.00 reconn/s: 0.00
[ 720s ] thds: 400 tps: 15496.29 qps: 310259.34 (r/w/o: 217251.82/62014.75/30992.77) lat (ms,95%): 29.72 err/s: 0.00 reconn/s: 0.00
[ 730s ] thds: 400 tps: 15156.49 qps: 303106.39 (r/w/o: 212164.72/60628.78/30312.89) lat (ms,95%): 31.37 err/s: 0.00 reconn/s: 0.00
[ 740s ] thds: 400 tps: 13885.44 qps: 277681.12 (r/w/o: 194386.21/55524.74/27770.17) lat (ms,95%): 52.89 err/s: 0.00 reconn/s: 0.00
[ 750s ] thds: 400 tps: 13093.29 qps: 261770.78 (r/w/o: 183210.61/52376.08/26184.09) lat (ms,95%): 53.85 err/s: 0.00 reconn/s: 0.00
[ 760s ] thds: 400 tps: 12392.13 qps: 247960.19 (r/w/o: 173595.58/49577.34/24787.27) lat (ms,95%): 53.85 err/s: 0.00 reconn/s: 0.00
[ 770s ] thds: 400 tps: 14996.89 qps: 299753.61 (r/w/o: 209777.87/59981.56/29994.18) lat (ms,95%): 33.12 err/s: 0.00 reconn/s: 0.00
[ 780s ] thds: 400 tps: 15350.40 qps: 307263.92 (r/w/o: 215117.25/61450.78/30695.89) lat (ms,95%): 30.26 err/s: 0.00 reconn/s: 0.00
SQL statistics:
    queries performed:
        read:                            162936242
        write:                           46553174
        other:                           23276630
        total:                           232766046
    transactions:                        11638296 (14912.30 per sec.)
    queries:                             232766046 (298246.12 per sec.)
    ignored errors:                      7      (0.01 per sec.)
    reconnects:                          0      (0.00 per sec.)

General statistics:
    total time:                          780.4486s
    total number of events:              11638296

Latency (ms):
         min:                                   19.39
         avg:                                   26.81
         max:                                  459.36
         95th percentile:                       33.72
         sum:                            311991415.19

Threads fairness:
    events (avg/stddev):           29095.7400/338.30
    execution time (avg/stddev):   779.9785/0.07

