sysbench 1.0.20-ebf1c90 (using bundled LuaJIT 2.1.0-beta2)

Running the test with following options:
Number of threads: 400
Report intermediate results every 10 second(s)
Initializing random number generator from current time


Initializing worker threads...

Threads started!

[ 10s ] thds: 400 tps: 9652.66 qps: 193483.10 (r/w/o: 135499.65/38639.04/19344.41) lat (ms,95%): 153.02 err/s: 0.00 reconn/s: 0.00
[ 20s ] thds: 400 tps: 12838.03 qps: 256885.44 (r/w/o: 179842.04/51366.63/25676.76) lat (ms,95%): 94.10 err/s: 0.00 reconn/s: 0.00
[ 30s ] thds: 400 tps: 14316.98 qps: 286112.92 (r/w/o: 200214.04/57268.52/28630.36) lat (ms,95%): 32.53 err/s: 0.00 reconn/s: 0.00
[ 40s ] thds: 400 tps: 15097.39 qps: 302030.57 (r/w/o: 211467.81/60365.47/30197.29) lat (ms,95%): 30.81 err/s: 0.00 reconn/s: 0.00
[ 50s ] thds: 400 tps: 15499.52 qps: 310087.01 (r/w/o: 217069.22/62017.46/31000.33) lat (ms,95%): 29.72 err/s: 0.00 reconn/s: 0.00
[ 60s ] thds: 400 tps: 15629.42 qps: 312483.72 (r/w/o: 218744.22/62481.06/31258.43) lat (ms,95%): 29.72 err/s: 0.00 reconn/s: 0.00
[ 70s ] thds: 400 tps: 15484.70 qps: 309932.46 (r/w/o: 216963.64/61999.31/30969.51) lat (ms,95%): 30.26 err/s: 0.00 reconn/s: 0.00
[ 80s ] thds: 400 tps: 15951.00 qps: 318753.46 (r/w/o: 223108.87/63742.19/31902.40) lat (ms,95%): 29.19 err/s: 0.00 reconn/s: 0.00
[ 90s ] thds: 400 tps: 15834.57 qps: 316545.58 (r/w/o: 221532.37/63343.78/31669.44) lat (ms,95%): 29.19 err/s: 0.20 reconn/s: 0.00
[ 100s ] thds: 400 tps: 15678.58 qps: 313647.74 (r/w/o: 219549.75/62754.73/31343.26) lat (ms,95%): 29.19 err/s: 0.20 reconn/s: 0.00
[ 110s ] thds: 400 tps: 15807.04 qps: 316167.74 (r/w/o: 221325.39/63235.07/31607.28) lat (ms,95%): 28.67 err/s: 0.10 reconn/s: 0.00
[ 120s ] thds: 400 tps: 15941.18 qps: 319064.40 (r/w/o: 223390.19/63770.94/31903.27) lat (ms,95%): 28.67 err/s: 0.00 reconn/s: 0.00
[ 130s ] thds: 400 tps: 16095.05 qps: 321843.75 (r/w/o: 225318.34/64335.01/32190.41) lat (ms,95%): 28.67 err/s: 0.00 reconn/s: 0.00
[ 140s ] thds: 400 tps: 16046.32 qps: 320828.73 (r/w/o: 224561.70/64174.19/32092.84) lat (ms,95%): 28.16 err/s: 0.10 reconn/s: 0.00
[ 150s ] thds: 400 tps: 12911.04 qps: 258322.44 (r/w/o: 180839.82/51661.35/25821.27) lat (ms,95%): 64.47 err/s: 0.10 reconn/s: 0.00
[ 160s ] thds: 400 tps: 11419.05 qps: 228397.12 (r/w/o: 159847.71/45713.30/22836.10) lat (ms,95%): 66.84 err/s: 0.10 reconn/s: 0.00
[ 170s ] thds: 400 tps: 14899.93 qps: 297854.06 (r/w/o: 208500.76/59551.83/29801.47) lat (ms,95%): 33.12 err/s: 0.00 reconn/s: 0.00
[ 180s ] thds: 400 tps: 15705.66 qps: 313999.22 (r/w/o: 219762.96/62823.74/31412.52) lat (ms,95%): 29.72 err/s: 0.00 reconn/s: 0.00
[ 190s ] thds: 400 tps: 15723.31 qps: 314709.32 (r/w/o: 220369.86/62892.34/31447.12) lat (ms,95%): 29.72 err/s: 0.00 reconn/s: 0.00
[ 200s ] thds: 400 tps: 15654.60 qps: 313054.15 (r/w/o: 219125.47/62619.59/31309.10) lat (ms,95%): 29.72 err/s: 0.00 reconn/s: 0.00
[ 210s ] thds: 400 tps: 15580.12 qps: 311400.61 (r/w/o: 217924.72/62315.56/31160.33) lat (ms,95%): 29.72 err/s: 0.00 reconn/s: 0.00
[ 220s ] thds: 400 tps: 15787.82 qps: 315882.40 (r/w/o: 221159.81/63146.96/31575.63) lat (ms,95%): 29.19 err/s: 0.10 reconn/s: 0.00
[ 230s ] thds: 400 tps: 15781.48 qps: 315738.10 (r/w/o: 221034.39/63140.64/31563.07) lat (ms,95%): 29.19 err/s: 0.00 reconn/s: 0.00
[ 240s ] thds: 400 tps: 15636.31 qps: 312528.13 (r/w/o: 218723.59/62532.23/31272.31) lat (ms,95%): 29.19 err/s: 0.00 reconn/s: 0.00
[ 250s ] thds: 400 tps: 15613.86 qps: 312373.36 (r/w/o: 218665.48/62489.45/31218.43) lat (ms,95%): 29.19 err/s: 0.00 reconn/s: 0.00
[ 260s ] thds: 400 tps: 15709.62 qps: 314299.97 (r/w/o: 220064.76/62805.87/31429.34) lat (ms,95%): 29.72 err/s: 0.00 reconn/s: 0.00
[ 270s ] thds: 400 tps: 15775.80 qps: 315544.91 (r/w/o: 220885.24/63108.38/31551.29) lat (ms,95%): 29.19 err/s: 0.00 reconn/s: 0.00
[ 280s ] thds: 400 tps: 15692.89 qps: 313917.30 (r/w/o: 219730.96/62800.26/31386.08) lat (ms,95%): 29.72 err/s: 0.00 reconn/s: 0.00
[ 290s ] thds: 400 tps: 15677.46 qps: 313209.59 (r/w/o: 219170.83/62692.74/31346.02) lat (ms,95%): 29.19 err/s: 0.00 reconn/s: 0.00
[ 300s ] thds: 400 tps: 12403.53 qps: 248300.72 (r/w/o: 173844.93/49640.22/24815.56) lat (ms,95%): 55.82 err/s: 0.00 reconn/s: 0.00
[ 310s ] thds: 400 tps: 12648.89 qps: 252962.25 (r/w/o: 177081.50/50582.97/25297.79) lat (ms,95%): 53.85 err/s: 0.00 reconn/s: 0.00
[ 320s ] thds: 400 tps: 14847.70 qps: 296827.13 (r/w/o: 207770.35/59361.29/29695.49) lat (ms,95%): 33.12 err/s: 0.00 reconn/s: 0.00
[ 330s ] thds: 400 tps: 15606.65 qps: 312367.37 (r/w/o: 218656.88/62496.59/31213.90) lat (ms,95%): 29.72 err/s: 0.10 reconn/s: 0.00
[ 340s ] thds: 400 tps: 15447.19 qps: 308799.84 (r/w/o: 216176.39/61730.67/30892.78) lat (ms,95%): 30.26 err/s: 0.00 reconn/s: 0.00
[ 350s ] thds: 400 tps: 15675.61 qps: 313325.95 (r/w/o: 219265.20/62710.23/31350.51) lat (ms,95%): 29.72 err/s: 0.00 reconn/s: 0.00
[ 360s ] thds: 400 tps: 15426.27 qps: 308765.42 (r/w/o: 216212.99/61698.28/30854.14) lat (ms,95%): 30.81 err/s: 0.00 reconn/s: 0.00
[ 370s ] thds: 400 tps: 15743.59 qps: 314802.77 (r/w/o: 220353.61/62961.17/31487.99) lat (ms,95%): 29.19 err/s: 0.00 reconn/s: 0.00
[ 380s ] thds: 400 tps: 15568.49 qps: 311521.47 (r/w/o: 218039.21/62347.37/31134.89) lat (ms,95%): 29.72 err/s: 0.00 reconn/s: 0.00
[ 390s ] thds: 400 tps: 15465.82 qps: 309075.54 (r/w/o: 216324.31/61822.09/30929.14) lat (ms,95%): 30.26 err/s: 0.00 reconn/s: 0.00
[ 400s ] thds: 400 tps: 15643.98 qps: 313065.79 (r/w/o: 219232.28/62540.64/31292.87) lat (ms,95%): 29.72 err/s: 0.00 reconn/s: 0.00
[ 410s ] thds: 400 tps: 15686.15 qps: 313752.72 (r/w/o: 219620.51/62759.70/31372.50) lat (ms,95%): 29.72 err/s: 0.00 reconn/s: 0.00
[ 420s ] thds: 400 tps: 15718.44 qps: 314114.03 (r/w/o: 219790.31/62886.75/31436.97) lat (ms,95%): 29.72 err/s: 0.10 reconn/s: 0.00
[ 430s ] thds: 400 tps: 15654.12 qps: 313304.01 (r/w/o: 219400.19/62595.48/31308.34) lat (ms,95%): 29.72 err/s: 0.00 reconn/s: 0.00
[ 440s ] thds: 400 tps: 14331.58 qps: 286528.38 (r/w/o: 200545.27/57319.94/28663.17) lat (ms,95%): 51.02 err/s: 0.00 reconn/s: 0.00
[ 450s ] thds: 400 tps: 12901.36 qps: 258066.48 (r/w/o: 180623.63/51640.74/25802.12) lat (ms,95%): 53.85 err/s: 0.00 reconn/s: 0.00
[ 460s ] thds: 400 tps: 12433.79 qps: 248747.07 (r/w/o: 174162.01/49716.77/24868.29) lat (ms,95%): 53.85 err/s: 0.00 reconn/s: 0.00
[ 470s ] thds: 400 tps: 15568.65 qps: 311260.30 (r/w/o: 217840.90/62289.90/31129.50) lat (ms,95%): 30.26 err/s: 0.00 reconn/s: 0.00
[ 480s ] thds: 400 tps: 15448.39 qps: 308825.87 (r/w/o: 216157.94/61764.15/30903.78) lat (ms,95%): 30.26 err/s: 0.00 reconn/s: 0.00
[ 490s ] thds: 400 tps: 15493.01 qps: 309862.99 (r/w/o: 216907.01/61969.86/30986.13) lat (ms,95%): 30.26 err/s: 0.00 reconn/s: 0.00
[ 500s ] thds: 400 tps: 15465.94 qps: 309368.49 (r/w/o: 216565.15/61871.66/30931.68) lat (ms,95%): 29.72 err/s: 0.00 reconn/s: 0.00
[ 510s ] thds: 400 tps: 15625.27 qps: 312409.87 (r/w/o: 218667.36/62491.87/31250.64) lat (ms,95%): 29.72 err/s: 0.00 reconn/s: 0.00
[ 520s ] thds: 400 tps: 14534.11 qps: 290876.51 (r/w/o: 203664.07/58143.82/29068.61) lat (ms,95%): 51.02 err/s: 0.00 reconn/s: 0.00
[ 530s ] thds: 400 tps: 14359.67 qps: 287380.69 (r/w/o: 201144.37/57516.88/28719.44) lat (ms,95%): 51.02 err/s: 0.00 reconn/s: 0.00
[ 540s ] thds: 400 tps: 13944.07 qps: 278749.74 (r/w/o: 195156.84/55708.47/27884.43) lat (ms,95%): 54.83 err/s: 0.00 reconn/s: 0.00
[ 550s ] thds: 400 tps: 13414.69 qps: 268294.38 (r/w/o: 187819.42/53641.68/26833.29) lat (ms,95%): 53.85 err/s: 0.00 reconn/s: 0.00
[ 560s ] thds: 400 tps: 15392.05 qps: 307979.76 (r/w/o: 215560.64/61637.31/30781.81) lat (ms,95%): 30.26 err/s: 0.00 reconn/s: 0.00
[ 570s ] thds: 400 tps: 15623.92 qps: 312189.85 (r/w/o: 218482.21/62465.29/31242.34) lat (ms,95%): 29.72 err/s: 0.00 reconn/s: 0.00
[ 580s ] thds: 400 tps: 15514.50 qps: 310302.92 (r/w/o: 217245.54/62020.38/31036.99) lat (ms,95%): 30.26 err/s: 0.00 reconn/s: 0.00
[ 590s ] thds: 400 tps: 14070.82 qps: 281661.38 (r/w/o: 197153.97/56367.58/28139.84) lat (ms,95%): 51.94 err/s: 0.00 reconn/s: 0.00
[ 600s ] thds: 400 tps: 12779.92 qps: 255486.21 (r/w/o: 178881.42/51044.86/25559.93) lat (ms,95%): 54.83 err/s: 0.00 reconn/s: 0.00
[ 610s ] thds: 400 tps: 13069.26 qps: 261498.31 (r/w/o: 183018.75/52338.94/26140.62) lat (ms,95%): 51.02 err/s: 0.20 reconn/s: 0.00
[ 620s ] thds: 400 tps: 14731.18 qps: 294488.48 (r/w/o: 206134.21/58900.32/29453.96) lat (ms,95%): 34.95 err/s: 0.00 reconn/s: 0.00
[ 630s ] thds: 400 tps: 15277.14 qps: 305449.77 (r/w/o: 213803.64/61092.65/30553.48) lat (ms,95%): 30.26 err/s: 0.10 reconn/s: 0.00
[ 640s ] thds: 400 tps: 15509.59 qps: 310247.94 (r/w/o: 217214.19/62005.57/31028.18) lat (ms,95%): 30.26 err/s: 0.00 reconn/s: 0.00
[ 650s ] thds: 400 tps: 15468.92 qps: 309164.20 (r/w/o: 216342.88/61884.08/30937.24) lat (ms,95%): 30.26 err/s: 0.00 reconn/s: 0.00
[ 660s ] thds: 400 tps: 15652.49 qps: 313292.22 (r/w/o: 219383.00/62603.44/31305.77) lat (ms,95%): 29.72 err/s: 0.00 reconn/s: 0.00
[ 670s ] thds: 400 tps: 15451.70 qps: 309121.82 (r/w/o: 216405.32/61813.30/30903.20) lat (ms,95%): 29.72 err/s: 0.00 reconn/s: 0.00
[ 680s ] thds: 400 tps: 15596.89 qps: 311695.22 (r/w/o: 218117.68/62384.16/31193.38) lat (ms,95%): 29.72 err/s: 0.00 reconn/s: 0.00
[ 690s ] thds: 400 tps: 15390.31 qps: 308126.24 (r/w/o: 215714.27/61630.45/30781.52) lat (ms,95%): 30.26 err/s: 0.00 reconn/s: 0.00
[ 700s ] thds: 400 tps: 15205.89 qps: 303981.58 (r/w/o: 212818.75/60751.16/30411.68) lat (ms,95%): 30.81 err/s: 0.00 reconn/s: 0.00
[ 710s ] thds: 400 tps: 15568.84 qps: 311546.72 (r/w/o: 218075.01/62334.34/31137.37) lat (ms,95%): 29.72 err/s: 0.00 reconn/s: 0.00
[ 720s ] thds: 400 tps: 15520.81 qps: 310214.91 (r/w/o: 217150.85/62022.04/31042.02) lat (ms,95%): 30.26 err/s: 0.00 reconn/s: 0.00
[ 730s ] thds: 400 tps: 15132.14 qps: 302733.26 (r/w/o: 211924.30/60544.47/30264.49) lat (ms,95%): 31.37 err/s: 0.00 reconn/s: 0.00
[ 740s ] thds: 400 tps: 13880.69 qps: 277536.64 (r/w/o: 194262.29/55513.47/27760.88) lat (ms,95%): 52.89 err/s: 0.00 reconn/s: 0.00
[ 750s ] thds: 400 tps: 13022.38 qps: 260412.44 (r/w/o: 182281.25/52086.13/26045.06) lat (ms,95%): 53.85 err/s: 0.00 reconn/s: 0.00
[ 760s ] thds: 400 tps: 12382.37 qps: 247829.66 (r/w/o: 173466.85/49597.87/24764.94) lat (ms,95%): 53.85 err/s: 0.00 reconn/s: 0.00
[ 770s ] thds: 400 tps: 15030.78 qps: 300369.02 (r/w/o: 210208.83/60103.72/30056.46) lat (ms,95%): 32.53 err/s: 0.00 reconn/s: 0.00
[ 780s ] thds: 400 tps: 15078.37 qps: 301627.08 (r/w/o: 211180.36/60286.18/30160.54) lat (ms,95%): 30.26 err/s: 0.10 reconn/s: 0.00
SQL statistics:
    queries performed:
        read:                            162805020
        write:                           46515674
        other:                           23257876
        total:                           232578570
    transactions:                        11628915 (14883.51 per sec.)
    queries:                             232578570 (297670.56 per sec.)
    ignored errors:                      15     (0.02 per sec.)
    reconnects:                          0      (0.00 per sec.)

General statistics:
    total time:                          781.3278s
    total number of events:              11628915

Latency (ms):
         min:                                   19.47
         avg:                                   26.83
         max:                                 1516.49
         95th percentile:                       33.72
         sum:                            312029926.78

Threads fairness:
    events (avg/stddev):           29072.2875/319.57
    execution time (avg/stddev):   780.0748/0.16

