sysbench 1.0.20-ebf1c90 (using bundled LuaJIT 2.1.0-beta2)

Running the test with following options:
Number of threads: 400
Report intermediate results every 10 second(s)
Initializing random number generator from current time


Initializing worker threads...

Threads started!

[ 10s ] thds: 400 tps: 9387.96 qps: 188086.98 (r/w/o: 131706.75/37564.62/18815.61) lat (ms,95%): 158.63 err/s: 0.00 reconn/s: 0.00
[ 20s ] thds: 400 tps: 12481.97 qps: 249620.00 (r/w/o: 174720.08/49937.38/24962.54) lat (ms,95%): 110.66 err/s: 0.00 reconn/s: 0.00
[ 30s ] thds: 400 tps: 14146.96 qps: 282964.38 (r/w/o: 198095.50/56573.46/28295.43) lat (ms,95%): 34.33 err/s: 0.10 reconn/s: 0.00
[ 40s ] thds: 400 tps: 14663.01 qps: 293209.93 (r/w/o: 205235.19/58649.63/29325.11) lat (ms,95%): 32.53 err/s: 0.00 reconn/s: 0.00
[ 50s ] thds: 400 tps: 14982.09 qps: 299582.56 (r/w/o: 209691.43/59927.35/29963.78) lat (ms,95%): 31.37 err/s: 0.00 reconn/s: 0.00
[ 60s ] thds: 400 tps: 15150.07 qps: 303172.41 (r/w/o: 212273.02/60597.57/30301.83) lat (ms,95%): 30.81 err/s: 0.00 reconn/s: 0.00
[ 70s ] thds: 400 tps: 15131.50 qps: 302611.32 (r/w/o: 211796.21/60553.41/30261.70) lat (ms,95%): 31.37 err/s: 0.00 reconn/s: 0.00
[ 80s ] thds: 400 tps: 15655.23 qps: 313102.59 (r/w/o: 219187.01/62604.72/31310.86) lat (ms,95%): 29.72 err/s: 0.00 reconn/s: 0.00
[ 90s ] thds: 400 tps: 15413.86 qps: 308320.21 (r/w/o: 215845.58/61646.12/30828.51) lat (ms,95%): 30.26 err/s: 0.00 reconn/s: 0.00
[ 100s ] thds: 400 tps: 15094.62 qps: 302077.92 (r/w/o: 211422.49/60467.09/30188.34) lat (ms,95%): 30.26 err/s: 0.00 reconn/s: 0.00
[ 110s ] thds: 400 tps: 15298.13 qps: 305588.19 (r/w/o: 213875.28/61119.84/30593.07) lat (ms,95%): 30.26 err/s: 0.00 reconn/s: 0.00
[ 120s ] thds: 400 tps: 15541.61 qps: 311232.12 (r/w/o: 217945.65/62198.74/31087.72) lat (ms,95%): 29.72 err/s: 0.00 reconn/s: 0.00
[ 130s ] thds: 400 tps: 15644.13 qps: 312460.25 (r/w/o: 218638.75/62534.43/31287.07) lat (ms,95%): 29.72 err/s: 0.00 reconn/s: 0.00
[ 140s ] thds: 400 tps: 15663.76 qps: 313401.47 (r/w/o: 219426.32/62646.13/31329.02) lat (ms,95%): 29.72 err/s: 0.10 reconn/s: 0.00
[ 150s ] thds: 400 tps: 12863.29 qps: 257346.78 (r/w/o: 180157.54/51463.86/25725.38) lat (ms,95%): 69.29 err/s: 0.00 reconn/s: 0.00
[ 160s ] thds: 400 tps: 10940.29 qps: 219020.30 (r/w/o: 153334.06/43804.36/21881.88) lat (ms,95%): 73.13 err/s: 0.10 reconn/s: 0.00
[ 170s ] thds: 400 tps: 13749.62 qps: 274836.45 (r/w/o: 192337.15/55002.87/27496.44) lat (ms,95%): 50.11 err/s: 0.00 reconn/s: 0.00
[ 180s ] thds: 400 tps: 15272.06 qps: 305494.96 (r/w/o: 213894.98/61052.95/30547.03) lat (ms,95%): 30.81 err/s: 0.00 reconn/s: 0.00
[ 190s ] thds: 400 tps: 15414.89 qps: 308204.90 (r/w/o: 215684.36/61693.06/30827.48) lat (ms,95%): 30.26 err/s: 0.00 reconn/s: 0.00
[ 200s ] thds: 400 tps: 15382.34 qps: 307463.78 (r/w/o: 215215.02/61495.68/30753.09) lat (ms,95%): 30.26 err/s: 0.00 reconn/s: 0.00
[ 210s ] thds: 400 tps: 15282.12 qps: 305922.69 (r/w/o: 214198.44/61148.30/30575.95) lat (ms,95%): 30.81 err/s: 0.10 reconn/s: 0.00
[ 220s ] thds: 400 tps: 15188.99 qps: 303552.80 (r/w/o: 212459.09/60713.44/30380.27) lat (ms,95%): 30.81 err/s: 0.00 reconn/s: 0.00
[ 230s ] thds: 400 tps: 15435.31 qps: 308902.68 (r/w/o: 216282.20/61749.56/30870.93) lat (ms,95%): 30.26 err/s: 0.00 reconn/s: 0.00
[ 240s ] thds: 400 tps: 15063.23 qps: 301265.02 (r/w/o: 210890.77/60247.90/30126.35) lat (ms,95%): 31.94 err/s: 0.10 reconn/s: 0.00
[ 250s ] thds: 400 tps: 15374.05 qps: 307506.15 (r/w/o: 215179.73/61578.41/30748.00) lat (ms,95%): 30.26 err/s: 0.00 reconn/s: 0.00
[ 260s ] thds: 400 tps: 15439.58 qps: 308653.56 (r/w/o: 216072.07/61703.83/30877.67) lat (ms,95%): 30.26 err/s: 0.00 reconn/s: 0.00
[ 270s ] thds: 400 tps: 15437.93 qps: 308725.66 (r/w/o: 216123.29/61725.01/30877.36) lat (ms,95%): 30.26 err/s: 0.00 reconn/s: 0.00
[ 280s ] thds: 400 tps: 15337.60 qps: 306953.29 (r/w/o: 214906.16/61371.52/30675.61) lat (ms,95%): 30.81 err/s: 0.00 reconn/s: 0.00
[ 290s ] thds: 400 tps: 14649.59 qps: 292727.00 (r/w/o: 204847.19/58581.14/29298.67) lat (ms,95%): 35.59 err/s: 0.20 reconn/s: 0.00
[ 300s ] thds: 400 tps: 14523.86 qps: 290641.71 (r/w/o: 203491.25/58102.74/29047.72) lat (ms,95%): 40.37 err/s: 0.00 reconn/s: 0.00
[ 310s ] thds: 400 tps: 12214.30 qps: 244176.69 (r/w/o: 170887.19/48860.20/24429.30) lat (ms,95%): 61.08 err/s: 0.10 reconn/s: 0.00
[ 320s ] thds: 400 tps: 12829.46 qps: 256760.04 (r/w/o: 179741.00/51362.33/25656.71) lat (ms,95%): 52.89 err/s: 0.00 reconn/s: 0.00
[ 330s ] thds: 400 tps: 15062.04 qps: 301147.67 (r/w/o: 210831.41/60189.77/30126.49) lat (ms,95%): 31.94 err/s: 0.00 reconn/s: 0.00
[ 340s ] thds: 400 tps: 15199.55 qps: 304181.19 (r/w/o: 212894.76/60887.92/30398.51) lat (ms,95%): 31.37 err/s: 0.00 reconn/s: 0.00
[ 350s ] thds: 400 tps: 15237.84 qps: 304604.67 (r/w/o: 213269.91/60857.97/30476.79) lat (ms,95%): 30.81 err/s: 0.10 reconn/s: 0.00
[ 360s ] thds: 400 tps: 15016.36 qps: 300405.01 (r/w/o: 210221.45/60158.74/30024.82) lat (ms,95%): 31.94 err/s: 0.00 reconn/s: 0.00
[ 370s ] thds: 400 tps: 15401.51 qps: 307816.32 (r/w/o: 215490.65/61515.24/30810.42) lat (ms,95%): 30.81 err/s: 0.00 reconn/s: 0.00
[ 380s ] thds: 400 tps: 15320.33 qps: 306370.51 (r/w/o: 214419.63/61318.42/30632.46) lat (ms,95%): 30.26 err/s: 0.00 reconn/s: 0.00
[ 390s ] thds: 400 tps: 15103.80 qps: 302013.64 (r/w/o: 211407.76/60389.69/30216.19) lat (ms,95%): 31.94 err/s: 0.00 reconn/s: 0.00
[ 400s ] thds: 400 tps: 15222.65 qps: 304823.81 (r/w/o: 213443.74/60936.88/30443.19) lat (ms,95%): 30.81 err/s: 0.00 reconn/s: 0.00
[ 410s ] thds: 400 tps: 15416.33 qps: 308395.70 (r/w/o: 215867.59/61693.04/30835.07) lat (ms,95%): 30.81 err/s: 0.00 reconn/s: 0.00
[ 420s ] thds: 400 tps: 15320.42 qps: 306341.83 (r/w/o: 214443.60/61258.09/30640.14) lat (ms,95%): 30.81 err/s: 0.00 reconn/s: 0.00
[ 430s ] thds: 400 tps: 15427.12 qps: 308427.92 (r/w/o: 215921.19/61651.38/30855.34) lat (ms,95%): 30.81 err/s: 0.00 reconn/s: 0.00
[ 440s ] thds: 400 tps: 14698.98 qps: 293827.36 (r/w/o: 205612.06/58821.53/29393.77) lat (ms,95%): 36.89 err/s: 0.00 reconn/s: 0.00
[ 450s ] thds: 400 tps: 14692.03 qps: 293774.19 (r/w/o: 205639.38/58749.74/29385.07) lat (ms,95%): 33.72 err/s: 0.00 reconn/s: 0.00
[ 460s ] thds: 400 tps: 12506.90 qps: 250495.42 (r/w/o: 175408.71/50069.70/25017.00) lat (ms,95%): 59.99 err/s: 0.00 reconn/s: 0.00
[ 470s ] thds: 400 tps: 12538.71 qps: 250569.01 (r/w/o: 175383.32/50109.66/25076.03) lat (ms,95%): 56.84 err/s: 0.00 reconn/s: 0.00
[ 480s ] thds: 400 tps: 14759.92 qps: 295358.30 (r/w/o: 206767.21/59071.26/29519.83) lat (ms,95%): 33.12 err/s: 0.00 reconn/s: 0.00
[ 490s ] thds: 400 tps: 15360.69 qps: 307028.61 (r/w/o: 214903.57/61402.96/30722.08) lat (ms,95%): 30.81 err/s: 0.00 reconn/s: 0.00
[ 500s ] thds: 400 tps: 15428.65 qps: 308345.33 (r/w/o: 215775.22/61713.61/30856.50) lat (ms,95%): 30.81 err/s: 0.00 reconn/s: 0.00
[ 510s ] thds: 400 tps: 15284.08 qps: 305837.71 (r/w/o: 214115.05/61152.90/30569.75) lat (ms,95%): 31.37 err/s: 0.00 reconn/s: 0.00
[ 520s ] thds: 400 tps: 15324.79 qps: 306535.47 (r/w/o: 214607.14/61279.35/30648.98) lat (ms,95%): 30.81 err/s: 0.00 reconn/s: 0.00
[ 530s ] thds: 400 tps: 15106.76 qps: 302148.67 (r/w/o: 211496.22/60438.53/30213.92) lat (ms,95%): 31.37 err/s: 0.00 reconn/s: 0.00
[ 540s ] thds: 400 tps: 14105.97 qps: 282390.53 (r/w/o: 197679.43/56499.17/28211.93) lat (ms,95%): 53.85 err/s: 0.00 reconn/s: 0.00
[ 550s ] thds: 400 tps: 13201.85 qps: 263842.01 (r/w/o: 184715.44/52723.38/26403.19) lat (ms,95%): 55.82 err/s: 0.10 reconn/s: 0.00
[ 560s ] thds: 400 tps: 12875.39 qps: 257506.73 (r/w/o: 180231.68/51526.07/25748.98) lat (ms,95%): 56.84 err/s: 0.00 reconn/s: 0.00
[ 570s ] thds: 400 tps: 14951.93 qps: 299132.33 (r/w/o: 209443.17/59782.81/29906.35) lat (ms,95%): 31.94 err/s: 0.00 reconn/s: 0.00
[ 580s ] thds: 400 tps: 15317.62 qps: 306147.22 (r/w/o: 214240.29/61272.38/30634.54) lat (ms,95%): 30.81 err/s: 0.00 reconn/s: 0.00
[ 590s ] thds: 400 tps: 14563.51 qps: 291587.65 (r/w/o: 204144.80/58315.03/29127.81) lat (ms,95%): 34.95 err/s: 0.10 reconn/s: 0.00
[ 600s ] thds: 400 tps: 14384.12 qps: 287438.97 (r/w/o: 201163.93/57509.09/28765.95) lat (ms,95%): 41.85 err/s: 0.10 reconn/s: 0.00
[ 610s ] thds: 400 tps: 13940.42 qps: 278887.63 (r/w/o: 195273.63/55730.67/27883.33) lat (ms,95%): 49.21 err/s: 0.00 reconn/s: 0.00
[ 620s ] thds: 400 tps: 12556.51 qps: 251036.68 (r/w/o: 175702.82/50220.54/25113.32) lat (ms,95%): 57.87 err/s: 0.00 reconn/s: 0.00
[ 630s ] thds: 400 tps: 13258.79 qps: 265116.20 (r/w/o: 185523.76/53079.76/26512.68) lat (ms,95%): 51.94 err/s: 0.00 reconn/s: 0.00
[ 640s ] thds: 400 tps: 15075.22 qps: 301414.96 (r/w/o: 210983.92/60282.19/30148.85) lat (ms,95%): 31.94 err/s: 0.00 reconn/s: 0.00
[ 650s ] thds: 400 tps: 15260.43 qps: 305225.16 (r/w/o: 213674.16/61025.23/30525.77) lat (ms,95%): 30.81 err/s: 0.00 reconn/s: 0.00
[ 660s ] thds: 400 tps: 15189.80 qps: 303835.96 (r/w/o: 212703.24/60751.41/30381.31) lat (ms,95%): 31.37 err/s: 0.00 reconn/s: 0.00
[ 670s ] thds: 400 tps: 15213.78 qps: 304459.31 (r/w/o: 213127.76/60911.10/30420.45) lat (ms,95%): 30.81 err/s: 0.00 reconn/s: 0.00
[ 680s ] thds: 400 tps: 15348.28 qps: 306847.31 (r/w/o: 214807.76/61335.80/30703.75) lat (ms,95%): 30.81 err/s: 0.00 reconn/s: 0.00
[ 690s ] thds: 400 tps: 15058.74 qps: 301141.36 (r/w/o: 210788.53/60235.45/30117.38) lat (ms,95%): 31.37 err/s: 0.10 reconn/s: 0.00
[ 700s ] thds: 400 tps: 15007.50 qps: 300114.74 (r/w/o: 210047.43/60057.71/30009.60) lat (ms,95%): 31.94 err/s: 0.00 reconn/s: 0.00
[ 710s ] thds: 400 tps: 15140.75 qps: 303030.06 (r/w/o: 212186.87/60555.99/30287.20) lat (ms,95%): 31.37 err/s: 0.00 reconn/s: 0.00
[ 720s ] thds: 400 tps: 15259.89 qps: 305341.15 (r/w/o: 213730.53/61091.05/30519.58) lat (ms,95%): 30.81 err/s: 0.00 reconn/s: 0.00
[ 730s ] thds: 400 tps: 15269.73 qps: 305196.11 (r/w/o: 213646.86/61009.80/30539.45) lat (ms,95%): 31.37 err/s: 0.00 reconn/s: 0.00
[ 740s ] thds: 400 tps: 14649.23 qps: 293096.03 (r/w/o: 205188.77/58608.61/29298.65) lat (ms,95%): 33.72 err/s: 0.00 reconn/s: 0.00
[ 750s ] thds: 400 tps: 14471.81 qps: 289318.37 (r/w/o: 202485.39/57890.05/28942.93) lat (ms,95%): 43.39 err/s: 0.00 reconn/s: 0.00
[ 760s ] thds: 400 tps: 13866.85 qps: 277285.88 (r/w/o: 194100.86/55451.22/27733.81) lat (ms,95%): 51.94 err/s: 0.00 reconn/s: 0.00
[ 770s ] thds: 400 tps: 12470.79 qps: 249454.69 (r/w/o: 174625.72/49890.48/24938.49) lat (ms,95%): 57.87 err/s: 0.00 reconn/s: 0.00
[ 780s ] thds: 400 tps: 12535.33 qps: 250816.90 (r/w/o: 175536.25/50206.20/25074.45) lat (ms,95%): 54.83 err/s: 0.10 reconn/s: 0.00
SQL statistics:
    queries performed:
        read:                            159193972
        write:                           45483947
        other:                           22742013
        total:                           227419932
    transactions:                        11370984 (14568.69 per sec.)
    queries:                             227419932 (291374.20 per sec.)
    ignored errors:                      14     (0.02 per sec.)
    reconnects:                          0      (0.00 per sec.)

General statistics:
    total time:                          780.5071s
    total number of events:              11370984

Latency (ms):
         min:                                   19.70
         avg:                                   27.44
         max:                                  506.17
         95th percentile:                       34.95
         sum:                            311997298.48

Threads fairness:
    events (avg/stddev):           28427.4600/308.14
    execution time (avg/stddev):   779.9932/0.09

