sysbench 1.0.20-ebf1c90 (using bundled LuaJIT 2.1.0-beta2)

Running the test with following options:
Number of threads: 400
Report intermediate results every 10 second(s)
Initializing random number generator from current time


Initializing worker threads...

Threads started!

[ 10s ] thds: 400 tps: 9406.49 qps: 188662.83 (r/w/o: 132134.05/37675.83/18852.96) lat (ms,95%): 158.63 err/s: 0.00 reconn/s: 0.00
[ 20s ] thds: 400 tps: 12486.15 qps: 249701.62 (r/w/o: 174787.61/49942.20/24971.80) lat (ms,95%): 112.67 err/s: 0.00 reconn/s: 0.00
[ 30s ] thds: 400 tps: 14139.20 qps: 282846.18 (r/w/o: 197987.16/56580.02/28279.01) lat (ms,95%): 34.33 err/s: 0.00 reconn/s: 0.00
[ 40s ] thds: 400 tps: 14656.90 qps: 293151.01 (r/w/o: 205201.43/58641.28/29308.29) lat (ms,95%): 32.53 err/s: 0.00 reconn/s: 0.00
[ 50s ] thds: 400 tps: 14991.80 qps: 299843.23 (r/w/o: 209905.82/59948.31/29989.10) lat (ms,95%): 31.37 err/s: 0.00 reconn/s: 0.00
[ 60s ] thds: 400 tps: 15181.39 qps: 303284.01 (r/w/o: 212240.96/60685.36/30357.68) lat (ms,95%): 30.81 err/s: 0.00 reconn/s: 0.00
[ 70s ] thds: 400 tps: 15127.76 qps: 302731.68 (r/w/o: 211953.29/60521.26/30257.13) lat (ms,95%): 31.37 err/s: 0.00 reconn/s: 0.00
[ 80s ] thds: 400 tps: 15666.98 qps: 313286.86 (r/w/o: 219277.96/62671.53/31337.37) lat (ms,95%): 29.72 err/s: 0.00 reconn/s: 0.00
[ 90s ] thds: 400 tps: 15426.80 qps: 308534.89 (r/w/o: 215962.36/61719.42/30853.11) lat (ms,95%): 30.26 err/s: 0.00 reconn/s: 0.00
[ 100s ] thds: 400 tps: 15113.10 qps: 302368.29 (r/w/o: 211732.70/60409.10/30226.50) lat (ms,95%): 30.26 err/s: 0.10 reconn/s: 0.00
[ 110s ] thds: 400 tps: 15282.39 qps: 305669.99 (r/w/o: 213970.46/61134.96/30564.58) lat (ms,95%): 30.26 err/s: 0.00 reconn/s: 0.00
[ 120s ] thds: 400 tps: 15573.98 qps: 311316.32 (r/w/o: 217884.54/62282.92/31148.86) lat (ms,95%): 29.72 err/s: 0.00 reconn/s: 0.00
[ 130s ] thds: 400 tps: 15617.31 qps: 312575.43 (r/w/o: 218846.19/62495.13/31234.11) lat (ms,95%): 29.72 err/s: 0.00 reconn/s: 0.00
[ 140s ] thds: 400 tps: 15659.60 qps: 313233.96 (r/w/o: 219206.14/62709.41/31318.41) lat (ms,95%): 29.72 err/s: 0.00 reconn/s: 0.00
[ 150s ] thds: 400 tps: 12901.43 qps: 257824.08 (r/w/o: 180500.87/51521.03/25802.17) lat (ms,95%): 69.29 err/s: 0.00 reconn/s: 0.00
[ 160s ] thds: 400 tps: 11001.31 qps: 220039.65 (r/w/o: 154015.68/44032.75/21991.23) lat (ms,95%): 73.13 err/s: 0.00 reconn/s: 0.00
[ 170s ] thds: 400 tps: 13784.59 qps: 275748.93 (r/w/o: 193060.81/55105.15/27582.97) lat (ms,95%): 50.11 err/s: 0.00 reconn/s: 0.00
[ 180s ] thds: 400 tps: 15279.65 qps: 305510.41 (r/w/o: 213788.30/61162.80/30559.30) lat (ms,95%): 30.81 err/s: 0.00 reconn/s: 0.00
[ 190s ] thds: 400 tps: 15413.74 qps: 308386.56 (r/w/o: 215946.90/61612.17/30827.49) lat (ms,95%): 30.26 err/s: 0.00 reconn/s: 0.00
[ 200s ] thds: 400 tps: 15386.82 qps: 307706.50 (r/w/o: 215388.35/61544.50/30773.65) lat (ms,95%): 30.26 err/s: 0.00 reconn/s: 0.00
[ 210s ] thds: 400 tps: 15308.06 qps: 306034.17 (r/w/o: 214188.12/61230.13/30615.92) lat (ms,95%): 30.81 err/s: 0.00 reconn/s: 0.00
[ 220s ] thds: 400 tps: 15168.70 qps: 303550.79 (r/w/o: 212490.46/60725.32/30335.01) lat (ms,95%): 30.81 err/s: 0.00 reconn/s: 0.00
[ 230s ] thds: 400 tps: 15452.63 qps: 308905.20 (r/w/o: 216198.25/61802.80/30904.15) lat (ms,95%): 30.26 err/s: 0.00 reconn/s: 0.00
[ 240s ] thds: 400 tps: 15082.32 qps: 301585.94 (r/w/o: 211108.04/60311.77/30166.13) lat (ms,95%): 31.94 err/s: 0.00 reconn/s: 0.00
[ 250s ] thds: 400 tps: 15376.49 qps: 307706.03 (r/w/o: 215465.78/61484.77/30755.48) lat (ms,95%): 30.81 err/s: 0.00 reconn/s: 0.00
[ 260s ] thds: 400 tps: 15438.81 qps: 308746.73 (r/w/o: 216101.36/61768.75/30876.62) lat (ms,95%): 30.26 err/s: 0.00 reconn/s: 0.00
[ 270s ] thds: 400 tps: 15439.68 qps: 308900.58 (r/w/o: 216194.58/61828.34/30877.67) lat (ms,95%): 30.26 err/s: 0.00 reconn/s: 0.00
[ 280s ] thds: 400 tps: 15372.05 qps: 307182.13 (r/w/o: 215033.05/61402.59/30746.49) lat (ms,95%): 30.81 err/s: 0.10 reconn/s: 0.00
[ 290s ] thds: 400 tps: 14631.70 qps: 292973.38 (r/w/o: 205102.59/58606.50/29264.30) lat (ms,95%): 35.59 err/s: 0.00 reconn/s: 0.00
[ 300s ] thds: 400 tps: 14558.44 qps: 290963.77 (r/w/o: 203672.11/58175.87/29115.79) lat (ms,95%): 40.37 err/s: 0.00 reconn/s: 0.00
[ 310s ] thds: 400 tps: 12258.89 qps: 245156.61 (r/w/o: 171606.87/49031.06/24518.68) lat (ms,95%): 59.99 err/s: 0.00 reconn/s: 0.00
[ 320s ] thds: 400 tps: 12896.31 qps: 257960.05 (r/w/o: 180599.91/51567.33/25792.82) lat (ms,95%): 52.89 err/s: 0.00 reconn/s: 0.00
[ 330s ] thds: 400 tps: 15071.69 qps: 301356.62 (r/w/o: 210881.90/60339.24/30135.47) lat (ms,95%): 31.94 err/s: 0.00 reconn/s: 0.00
[ 340s ] thds: 400 tps: 15218.21 qps: 304436.81 (r/w/o: 213166.65/60826.64/30443.52) lat (ms,95%): 31.37 err/s: 0.10 reconn/s: 0.00
[ 350s ] thds: 400 tps: 15256.18 qps: 304801.70 (r/w/o: 213277.82/61026.02/30497.86) lat (ms,95%): 30.81 err/s: 0.00 reconn/s: 0.00
[ 360s ] thds: 400 tps: 15020.20 qps: 300756.82 (r/w/o: 210621.71/60079.20/30055.90) lat (ms,95%): 31.94 err/s: 0.00 reconn/s: 0.00
[ 370s ] thds: 400 tps: 15405.59 qps: 308178.06 (r/w/o: 215676.80/61689.67/30811.59) lat (ms,95%): 30.26 err/s: 0.10 reconn/s: 0.00
[ 380s ] thds: 400 tps: 15323.97 qps: 306479.76 (r/w/o: 214598.22/61233.59/30647.95) lat (ms,95%): 30.26 err/s: 0.00 reconn/s: 0.00
[ 390s ] thds: 400 tps: 15115.24 qps: 302243.91 (r/w/o: 211565.17/60448.26/30230.48) lat (ms,95%): 31.94 err/s: 0.00 reconn/s: 0.00
[ 400s ] thds: 400 tps: 15254.13 qps: 305008.68 (r/w/o: 213484.77/61016.14/30507.77) lat (ms,95%): 30.81 err/s: 0.00 reconn/s: 0.00
[ 410s ] thds: 400 tps: 15422.77 qps: 308479.25 (r/w/o: 215938.15/61695.37/30845.74) lat (ms,95%): 30.81 err/s: 0.00 reconn/s: 0.00
[ 420s ] thds: 400 tps: 15332.12 qps: 306624.89 (r/w/o: 214636.27/61323.78/30664.84) lat (ms,95%): 30.81 err/s: 0.10 reconn/s: 0.00
[ 430s ] thds: 400 tps: 15429.29 qps: 308385.90 (r/w/o: 215798.76/61736.46/30850.68) lat (ms,95%): 30.81 err/s: 0.00 reconn/s: 0.00
[ 440s ] thds: 400 tps: 14678.51 qps: 293675.36 (r/w/o: 205606.91/58704.53/29363.92) lat (ms,95%): 36.24 err/s: 0.00 reconn/s: 0.00
[ 450s ] thds: 400 tps: 14706.68 qps: 294106.17 (r/w/o: 205865.90/58827.91/29412.36) lat (ms,95%): 34.33 err/s: 0.00 reconn/s: 0.00
[ 460s ] thds: 400 tps: 12555.69 qps: 251137.75 (r/w/o: 175804.63/50220.05/25113.08) lat (ms,95%): 59.99 err/s: 0.00 reconn/s: 0.00
[ 470s ] thds: 400 tps: 12553.00 qps: 251145.44 (r/w/o: 175787.43/50251.81/25106.20) lat (ms,95%): 56.84 err/s: 0.00 reconn/s: 0.00
[ 480s ] thds: 400 tps: 14781.80 qps: 295593.26 (r/w/o: 206948.77/59080.99/29563.50) lat (ms,95%): 33.12 err/s: 0.00 reconn/s: 0.00
[ 490s ] thds: 400 tps: 15338.10 qps: 307054.86 (r/w/o: 214919.44/61459.11/30676.31) lat (ms,95%): 30.81 err/s: 0.00 reconn/s: 0.00
[ 500s ] thds: 400 tps: 15428.39 qps: 308472.27 (r/w/o: 216008.11/61606.97/30857.19) lat (ms,95%): 30.81 err/s: 0.10 reconn/s: 0.00
[ 510s ] thds: 400 tps: 15302.10 qps: 305962.52 (r/w/o: 214135.21/61223.30/30604.00) lat (ms,95%): 31.37 err/s: 0.00 reconn/s: 0.00
[ 520s ] thds: 400 tps: 15326.82 qps: 306499.72 (r/w/o: 214503.90/61351.78/30644.04) lat (ms,95%): 30.81 err/s: 0.00 reconn/s: 0.00
[ 530s ] thds: 400 tps: 15109.73 qps: 302306.79 (r/w/o: 211648.91/60428.72/30229.16) lat (ms,95%): 31.37 err/s: 0.00 reconn/s: 0.00
[ 540s ] thds: 400 tps: 14135.25 qps: 282567.88 (r/w/o: 197801.88/56495.90/28270.10) lat (ms,95%): 52.89 err/s: 0.00 reconn/s: 0.00
[ 550s ] thds: 400 tps: 13196.48 qps: 264012.48 (r/w/o: 184781.58/52840.44/26390.47) lat (ms,95%): 55.82 err/s: 0.00 reconn/s: 0.00
[ 560s ] thds: 400 tps: 12871.41 qps: 257508.74 (r/w/o: 180290.77/51471.65/25746.32) lat (ms,95%): 56.84 err/s: 0.00 reconn/s: 0.00
[ 570s ] thds: 400 tps: 14993.50 qps: 299492.18 (r/w/o: 209579.46/59925.82/29986.91) lat (ms,95%): 31.94 err/s: 0.00 reconn/s: 0.00
[ 580s ] thds: 400 tps: 15301.39 qps: 306491.07 (r/w/o: 214580.81/61308.97/30601.29) lat (ms,95%): 30.81 err/s: 0.10 reconn/s: 0.00
[ 590s ] thds: 400 tps: 14607.70 qps: 291790.05 (r/w/o: 204243.54/58330.01/29216.51) lat (ms,95%): 34.95 err/s: 0.00 reconn/s: 0.00
[ 600s ] thds: 400 tps: 14385.14 qps: 287853.16 (r/w/o: 201519.90/57562.47/28770.79) lat (ms,95%): 41.85 err/s: 0.00 reconn/s: 0.00
[ 610s ] thds: 400 tps: 13962.64 qps: 279075.38 (r/w/o: 195321.45/55829.26/27924.68) lat (ms,95%): 49.21 err/s: 0.00 reconn/s: 0.00
[ 620s ] thds: 400 tps: 12552.31 qps: 251263.87 (r/w/o: 175914.49/50243.95/25105.43) lat (ms,95%): 56.84 err/s: 0.00 reconn/s: 0.00
[ 630s ] thds: 400 tps: 13270.81 qps: 265436.15 (r/w/o: 185842.61/53052.43/26541.12) lat (ms,95%): 51.94 err/s: 0.10 reconn/s: 0.00
[ 640s ] thds: 400 tps: 15079.00 qps: 301615.13 (r/w/o: 211130.92/60325.41/30158.80) lat (ms,95%): 31.94 err/s: 0.00 reconn/s: 0.00
[ 650s ] thds: 400 tps: 15254.82 qps: 305111.07 (r/w/o: 213562.13/61039.99/30508.95) lat (ms,95%): 30.81 err/s: 0.00 reconn/s: 0.00
[ 660s ] thds: 400 tps: 15183.52 qps: 303727.36 (r/w/o: 212606.15/60753.57/30367.64) lat (ms,95%): 31.37 err/s: 0.00 reconn/s: 0.00
[ 670s ] thds: 400 tps: 15237.85 qps: 304572.75 (r/w/o: 213202.44/60894.71/30475.61) lat (ms,95%): 30.81 err/s: 0.00 reconn/s: 0.00
[ 680s ] thds: 400 tps: 15342.40 qps: 306968.93 (r/w/o: 214829.62/61454.31/30685.00) lat (ms,95%): 30.81 err/s: 0.00 reconn/s: 0.00
[ 690s ] thds: 400 tps: 15067.70 qps: 301373.10 (r/w/o: 210970.50/60267.30/30135.30) lat (ms,95%): 31.37 err/s: 0.00 reconn/s: 0.00
[ 700s ] thds: 400 tps: 15022.61 qps: 300352.17 (r/w/o: 210296.02/60010.83/30045.32) lat (ms,95%): 31.94 err/s: 0.00 reconn/s: 0.00
[ 710s ] thds: 400 tps: 15161.28 qps: 303022.09 (r/w/o: 212063.48/60648.84/30309.77) lat (ms,95%): 31.37 err/s: 0.10 reconn/s: 0.00
[ 720s ] thds: 400 tps: 15267.12 qps: 305451.75 (r/w/o: 213841.75/61062.87/30547.14) lat (ms,95%): 30.81 err/s: 0.00 reconn/s: 0.00
[ 730s ] thds: 400 tps: 15255.18 qps: 305215.19 (r/w/o: 213614.09/61090.44/30510.67) lat (ms,95%): 30.81 err/s: 0.00 reconn/s: 0.00
[ 740s ] thds: 400 tps: 14673.46 qps: 293216.45 (r/w/o: 205242.47/58628.45/29345.52) lat (ms,95%): 33.72 err/s: 0.00 reconn/s: 0.00
[ 750s ] thds: 400 tps: 14454.68 qps: 289175.11 (r/w/o: 202426.56/57840.90/28907.65) lat (ms,95%): 43.39 err/s: 0.00 reconn/s: 0.00
[ 760s ] thds: 400 tps: 13882.13 qps: 277621.87 (r/w/o: 194329.87/55527.43/27764.57) lat (ms,95%): 51.02 err/s: 0.00 reconn/s: 0.00
[ 770s ] thds: 400 tps: 12481.73 qps: 249834.02 (r/w/o: 174932.66/49937.60/24963.75) lat (ms,95%): 56.84 err/s: 0.00 reconn/s: 0.00
[ 780s ] thds: 400 tps: 12559.34 qps: 251010.21 (r/w/o: 175676.67/50214.26/25119.28) lat (ms,95%): 54.83 err/s: 0.10 reconn/s: 0.00
SQL statistics:
    queries performed:
        read:                            159313616
        write:                           45518130
        other:                           22759114
        total:                           227590860
    transactions:                        11379534 (14575.30 per sec.)
    queries:                             227590860 (291506.30 per sec.)
    ignored errors:                      10     (0.01 per sec.)
    reconnects:                          0      (0.00 per sec.)

General statistics:
    total time:                          780.7398s
    total number of events:              11379534

Latency (ms):
         min:                                   19.61
         avg:                                   27.42
         max:                                  744.03
         95th percentile:                       34.95
         sum:                            312028076.01

Threads fairness:
    events (avg/stddev):           28448.8350/310.68
    execution time (avg/stddev):   780.0702/0.13

