sysbench 1.0.20-ebf1c90 (using bundled LuaJIT 2.1.0-beta2)

Running the test with following options:
Number of threads: 400
Report intermediate results every 10 second(s)
Initializing random number generator from current time


Initializing worker threads...

Threads started!

[ 10s ] thds: 400 tps: 9609.01 qps: 192566.72 (r/w/o: 134859.74/38448.95/19258.02) lat (ms,95%): 155.80 err/s: 0.00 reconn/s: 0.00
[ 20s ] thds: 400 tps: 12612.80 qps: 252377.25 (r/w/o: 176687.33/50464.51/25225.40) lat (ms,95%): 110.66 err/s: 0.00 reconn/s: 0.00
[ 30s ] thds: 400 tps: 14079.88 qps: 281528.69 (r/w/o: 197044.22/56328.92/28155.56) lat (ms,95%): 33.72 err/s: 0.00 reconn/s: 0.00
[ 40s ] thds: 400 tps: 14918.83 qps: 298537.61 (r/w/o: 208966.53/59729.32/29841.76) lat (ms,95%): 32.53 err/s: 0.00 reconn/s: 0.00
[ 50s ] thds: 400 tps: 15102.88 qps: 301650.89 (r/w/o: 211117.51/60331.32/30202.06) lat (ms,95%): 31.94 err/s: 0.00 reconn/s: 0.00
[ 60s ] thds: 400 tps: 15249.80 qps: 305293.88 (r/w/o: 213793.36/60996.72/30503.81) lat (ms,95%): 31.37 err/s: 0.00 reconn/s: 0.00
[ 70s ] thds: 400 tps: 15353.64 qps: 306900.18 (r/w/o: 214761.11/61431.97/30707.09) lat (ms,95%): 31.37 err/s: 0.00 reconn/s: 0.00
[ 80s ] thds: 400 tps: 15640.39 qps: 312812.89 (r/w/o: 218979.85/62551.86/31281.18) lat (ms,95%): 30.26 err/s: 0.10 reconn/s: 0.00
[ 90s ] thds: 400 tps: 15621.55 qps: 312479.39 (r/w/o: 218739.66/62496.52/31243.21) lat (ms,95%): 30.26 err/s: 0.00 reconn/s: 0.00
[ 100s ] thds: 400 tps: 15197.69 qps: 304015.51 (r/w/o: 212847.49/60772.64/30395.37) lat (ms,95%): 31.94 err/s: 0.10 reconn/s: 0.00
[ 110s ] thds: 400 tps: 15393.39 qps: 308086.71 (r/w/o: 215632.30/61667.84/30786.57) lat (ms,95%): 30.81 err/s: 0.00 reconn/s: 0.00
[ 120s ] thds: 400 tps: 15745.08 qps: 314828.89 (r/w/o: 220420.68/62917.74/31490.47) lat (ms,95%): 29.72 err/s: 0.00 reconn/s: 0.00
[ 130s ] thds: 400 tps: 15669.12 qps: 313304.90 (r/w/o: 219301.38/62666.48/31337.04) lat (ms,95%): 30.26 err/s: 0.00 reconn/s: 0.00
[ 140s ] thds: 400 tps: 15767.39 qps: 315133.84 (r/w/o: 220550.39/63047.97/31535.48) lat (ms,95%): 30.26 err/s: 0.00 reconn/s: 0.00
[ 150s ] thds: 400 tps: 12709.24 qps: 254281.28 (r/w/o: 178015.75/50853.96/25411.58) lat (ms,95%): 66.84 err/s: 0.00 reconn/s: 0.00
[ 160s ] thds: 400 tps: 10946.97 qps: 219078.99 (r/w/o: 153373.74/43805.10/21900.15) lat (ms,95%): 73.13 err/s: 0.00 reconn/s: 0.00
[ 170s ] thds: 400 tps: 14590.53 qps: 291783.50 (r/w/o: 204271.39/58330.04/29182.07) lat (ms,95%): 40.37 err/s: 0.00 reconn/s: 0.00
[ 180s ] thds: 400 tps: 15506.70 qps: 310057.67 (r/w/o: 217023.38/62022.49/31011.80) lat (ms,95%): 30.81 err/s: 0.00 reconn/s: 0.00
[ 190s ] thds: 400 tps: 15713.46 qps: 314464.81 (r/w/o: 220121.65/62915.94/31427.22) lat (ms,95%): 30.26 err/s: 0.00 reconn/s: 0.00
[ 200s ] thds: 400 tps: 15692.72 qps: 313545.20 (r/w/o: 219434.38/62725.08/31385.74) lat (ms,95%): 30.81 err/s: 0.00 reconn/s: 0.00
[ 210s ] thds: 400 tps: 15540.95 qps: 310883.59 (r/w/o: 217635.90/62166.50/31081.20) lat (ms,95%): 30.81 err/s: 0.00 reconn/s: 0.00
[ 220s ] thds: 400 tps: 15544.50 qps: 310949.99 (r/w/o: 217699.96/62160.02/31090.01) lat (ms,95%): 30.81 err/s: 0.00 reconn/s: 0.00
[ 230s ] thds: 400 tps: 15508.06 qps: 310107.05 (r/w/o: 217050.27/62041.05/31015.73) lat (ms,95%): 30.81 err/s: 0.00 reconn/s: 0.00
[ 240s ] thds: 400 tps: 15473.28 qps: 309373.28 (r/w/o: 216544.58/61881.64/30947.07) lat (ms,95%): 31.37 err/s: 0.00 reconn/s: 0.00
[ 250s ] thds: 400 tps: 15645.14 qps: 312903.96 (r/w/o: 219033.03/62579.75/31291.18) lat (ms,95%): 30.81 err/s: 0.00 reconn/s: 0.00
[ 260s ] thds: 400 tps: 15644.99 qps: 312913.35 (r/w/o: 219020.73/62605.25/31287.38) lat (ms,95%): 30.26 err/s: 0.00 reconn/s: 0.00
[ 270s ] thds: 400 tps: 15602.36 qps: 312286.67 (r/w/o: 218610.09/62477.45/31199.13) lat (ms,95%): 30.26 err/s: 0.00 reconn/s: 0.00
[ 280s ] thds: 400 tps: 15622.94 qps: 312252.64 (r/w/o: 218598.72/62399.95/31253.97) lat (ms,95%): 30.81 err/s: 0.00 reconn/s: 0.00
[ 290s ] thds: 400 tps: 15234.88 qps: 304876.56 (r/w/o: 213413.89/60992.21/30470.46) lat (ms,95%): 31.94 err/s: 0.00 reconn/s: 0.00
[ 300s ] thds: 400 tps: 13606.28 qps: 271999.31 (r/w/o: 190382.36/54404.40/27212.55) lat (ms,95%): 51.94 err/s: 0.00 reconn/s: 0.00
[ 310s ] thds: 400 tps: 12287.97 qps: 245804.72 (r/w/o: 172093.80/49136.68/24574.24) lat (ms,95%): 57.87 err/s: 0.00 reconn/s: 0.00
[ 320s ] thds: 400 tps: 14160.84 qps: 283317.85 (r/w/o: 198333.93/56661.75/28322.17) lat (ms,95%): 45.79 err/s: 0.00 reconn/s: 0.00
[ 330s ] thds: 400 tps: 15636.31 qps: 312519.31 (r/w/o: 218727.18/62518.62/31273.51) lat (ms,95%): 30.81 err/s: 0.00 reconn/s: 0.00
[ 340s ] thds: 400 tps: 15618.23 qps: 312288.45 (r/w/o: 218589.68/62463.41/31235.36) lat (ms,95%): 30.81 err/s: 0.00 reconn/s: 0.00
[ 350s ] thds: 400 tps: 15658.59 qps: 313435.80 (r/w/o: 219411.99/62705.84/31317.97) lat (ms,95%): 30.26 err/s: 0.00 reconn/s: 0.00
[ 360s ] thds: 400 tps: 15450.62 qps: 309091.55 (r/w/o: 216395.55/61793.77/30902.24) lat (ms,95%): 31.37 err/s: 0.10 reconn/s: 0.00
[ 370s ] thds: 400 tps: 15492.51 qps: 309672.66 (r/w/o: 216773.31/61914.53/30984.82) lat (ms,95%): 30.81 err/s: 0.00 reconn/s: 0.00
[ 380s ] thds: 400 tps: 15519.80 qps: 310455.14 (r/w/o: 217340.26/62075.29/31039.59) lat (ms,95%): 30.81 err/s: 0.00 reconn/s: 0.00
[ 390s ] thds: 400 tps: 15438.18 qps: 308604.38 (r/w/o: 215978.71/61750.32/30875.36) lat (ms,95%): 30.81 err/s: 0.00 reconn/s: 0.00
[ 400s ] thds: 400 tps: 15544.43 qps: 310970.92 (r/w/o: 217665.24/62219.82/31085.86) lat (ms,95%): 30.26 err/s: 0.00 reconn/s: 0.00
[ 410s ] thds: 400 tps: 15615.34 qps: 312097.54 (r/w/o: 218437.92/62426.05/31233.57) lat (ms,95%): 30.81 err/s: 0.00 reconn/s: 0.00
[ 420s ] thds: 400 tps: 15651.84 qps: 313203.58 (r/w/o: 219288.94/62609.56/31305.08) lat (ms,95%): 30.26 err/s: 0.00 reconn/s: 0.00
[ 430s ] thds: 400 tps: 15309.51 qps: 306355.05 (r/w/o: 214463.31/61272.73/30619.02) lat (ms,95%): 31.94 err/s: 0.00 reconn/s: 0.00
[ 440s ] thds: 400 tps: 14987.11 qps: 299584.46 (r/w/o: 209693.48/59916.95/29974.03) lat (ms,95%): 34.95 err/s: 0.00 reconn/s: 0.00
[ 450s ] thds: 400 tps: 13835.09 qps: 276773.85 (r/w/o: 193752.03/55354.25/27667.58) lat (ms,95%): 51.94 err/s: 0.00 reconn/s: 0.00
[ 460s ] thds: 400 tps: 12318.67 qps: 246381.67 (r/w/o: 172486.53/49255.39/24639.75) lat (ms,95%): 58.92 err/s: 0.00 reconn/s: 0.00
[ 470s ] thds: 400 tps: 14309.29 qps: 286152.16 (r/w/o: 200266.10/57270.77/28615.29) lat (ms,95%): 44.98 err/s: 0.00 reconn/s: 0.00
[ 480s ] thds: 400 tps: 15414.40 qps: 308175.00 (r/w/o: 215706.80/61636.60/30831.60) lat (ms,95%): 31.37 err/s: 0.00 reconn/s: 0.00
[ 490s ] thds: 400 tps: 15505.76 qps: 310284.41 (r/w/o: 217244.28/62027.52/31012.61) lat (ms,95%): 31.37 err/s: 0.10 reconn/s: 0.00
[ 500s ] thds: 400 tps: 15444.73 qps: 308832.32 (r/w/o: 216146.46/61796.30/30889.55) lat (ms,95%): 31.37 err/s: 0.10 reconn/s: 0.00
[ 510s ] thds: 400 tps: 15654.96 qps: 313108.74 (r/w/o: 219212.20/62586.53/31310.01) lat (ms,95%): 30.81 err/s: 0.00 reconn/s: 0.00
[ 520s ] thds: 400 tps: 14945.83 qps: 299002.25 (r/w/o: 209281.56/59830.83/29889.87) lat (ms,95%): 37.56 err/s: 0.00 reconn/s: 0.00
[ 530s ] thds: 400 tps: 14601.29 qps: 291996.98 (r/w/o: 204427.95/58365.46/29203.58) lat (ms,95%): 46.63 err/s: 0.00 reconn/s: 0.00
[ 540s ] thds: 400 tps: 13967.69 qps: 279357.58 (r/w/o: 195548.51/55872.68/27936.39) lat (ms,95%): 51.94 err/s: 0.00 reconn/s: 0.00
[ 550s ] thds: 400 tps: 13626.99 qps: 272486.64 (r/w/o: 190723.92/54508.75/27253.97) lat (ms,95%): 56.84 err/s: 0.00 reconn/s: 0.00
[ 560s ] thds: 400 tps: 14027.38 qps: 280668.38 (r/w/o: 196490.91/56122.82/28054.66) lat (ms,95%): 48.34 err/s: 0.00 reconn/s: 0.00
[ 570s ] thds: 400 tps: 15635.76 qps: 312644.54 (r/w/o: 218830.90/62542.23/31271.41) lat (ms,95%): 30.81 err/s: 0.00 reconn/s: 0.00
[ 580s ] thds: 400 tps: 15244.58 qps: 304728.15 (r/w/o: 213289.55/60953.63/30484.96) lat (ms,95%): 32.53 err/s: 0.00 reconn/s: 0.00
[ 590s ] thds: 400 tps: 14855.84 qps: 297175.44 (r/w/o: 208033.89/59426.57/29714.98) lat (ms,95%): 36.89 err/s: 0.00 reconn/s: 0.00
[ 600s ] thds: 400 tps: 13904.88 qps: 278318.31 (r/w/o: 194840.46/55667.10/27810.75) lat (ms,95%): 51.02 err/s: 0.00 reconn/s: 0.00
[ 610s ] thds: 400 tps: 13263.39 qps: 265088.79 (r/w/o: 185538.35/53023.66/26526.78) lat (ms,95%): 51.94 err/s: 0.00 reconn/s: 0.00
[ 620s ] thds: 400 tps: 13027.92 qps: 260668.02 (r/w/o: 182514.60/52097.38/26056.04) lat (ms,95%): 51.02 err/s: 0.00 reconn/s: 0.00
[ 630s ] thds: 400 tps: 15334.30 qps: 306519.15 (r/w/o: 214520.37/61332.79/30666.00) lat (ms,95%): 31.94 err/s: 0.00 reconn/s: 0.00
[ 640s ] thds: 400 tps: 15623.33 qps: 312582.99 (r/w/o: 218809.31/62527.82/31245.86) lat (ms,95%): 30.81 err/s: 0.00 reconn/s: 0.00
[ 650s ] thds: 400 tps: 15635.06 qps: 312637.70 (r/w/o: 218858.97/62505.22/31273.51) lat (ms,95%): 30.81 err/s: 0.00 reconn/s: 0.00
[ 660s ] thds: 400 tps: 15632.25 qps: 312739.29 (r/w/o: 218927.50/62552.60/31259.20) lat (ms,95%): 30.81 err/s: 0.00 reconn/s: 0.00
[ 670s ] thds: 400 tps: 15561.75 qps: 311013.81 (r/w/o: 217663.04/62224.98/31125.79) lat (ms,95%): 30.81 err/s: 0.00 reconn/s: 0.00
[ 680s ] thds: 400 tps: 15564.62 qps: 311580.99 (r/w/o: 218143.24/62305.70/31132.05) lat (ms,95%): 30.81 err/s: 0.00 reconn/s: 0.00
[ 690s ] thds: 400 tps: 15544.07 qps: 310873.58 (r/w/o: 217611.93/62175.20/31086.45) lat (ms,95%): 31.37 err/s: 0.00 reconn/s: 0.00
[ 700s ] thds: 400 tps: 15439.91 qps: 308744.37 (r/w/o: 216130.62/61732.93/30880.82) lat (ms,95%): 31.37 err/s: 0.00 reconn/s: 0.00
[ 710s ] thds: 400 tps: 15611.50 qps: 312086.78 (r/w/o: 218437.29/62426.70/31222.80) lat (ms,95%): 30.81 err/s: 0.00 reconn/s: 0.00
[ 720s ] thds: 400 tps: 15286.81 qps: 305806.38 (r/w/o: 214096.19/61136.06/30574.13) lat (ms,95%): 31.94 err/s: 0.00 reconn/s: 0.00
[ 730s ] thds: 400 tps: 15340.50 qps: 306772.60 (r/w/o: 214720.00/61371.30/30681.30) lat (ms,95%): 31.94 err/s: 0.00 reconn/s: 0.00
[ 740s ] thds: 400 tps: 14502.75 qps: 290147.54 (r/w/o: 203082.36/58060.79/29004.39) lat (ms,95%): 45.79 err/s: 0.00 reconn/s: 0.00
[ 750s ] thds: 400 tps: 14039.38 qps: 280713.99 (r/w/o: 196515.48/56122.24/28076.27) lat (ms,95%): 51.02 err/s: 0.00 reconn/s: 0.00
[ 760s ] thds: 400 tps: 12783.62 qps: 255704.80 (r/w/o: 179006.18/51127.78/25570.84) lat (ms,95%): 53.85 err/s: 0.00 reconn/s: 0.00
[ 770s ] thds: 400 tps: 13293.12 qps: 265752.84 (r/w/o: 185998.94/53167.37/26586.53) lat (ms,95%): 51.94 err/s: 0.00 reconn/s: 0.00
[ 780s ] thds: 400 tps: 14971.12 qps: 299470.95 (r/w/o: 209642.21/59887.79/29940.94) lat (ms,95%): 31.94 err/s: 0.00 reconn/s: 0.00
SQL statistics:
    queries performed:
        read:                            161938840
        write:                           46268213
        other:                           23134137
        total:                           231341190
    transactions:                        11567055 (14813.93 per sec.)
    queries:                             231341190 (296278.65 per sec.)
    ignored errors:                      5      (0.01 per sec.)
    reconnects:                          0      (0.00 per sec.)

General statistics:
    total time:                          780.8221s
    total number of events:              11567055

Latency (ms):
         min:                                   19.64
         avg:                                   26.98
         max:                                 1167.90
         95th percentile:                       34.95
         sum:                            312023008.77

Threads fairness:
    events (avg/stddev):           28917.6375/249.02
    execution time (avg/stddev):   780.0575/0.12

