sysbench 1.0.20-ebf1c90 (using bundled LuaJIT 2.1.0-beta2)

Running the test with following options:
Number of threads: 400
Report intermediate results every 10 second(s)
Initializing random number generator from current time


Initializing worker threads...

Threads started!

[ 10s ] thds: 400 tps: 9240.26 qps: 185178.58 (r/w/o: 129681.22/36978.74/18518.62) lat (ms,95%): 158.63 err/s: 0.00 reconn/s: 0.00
[ 20s ] thds: 400 tps: 12486.11 qps: 249749.53 (r/w/o: 174831.39/49946.43/24971.71) lat (ms,95%): 114.72 err/s: 0.00 reconn/s: 0.00
[ 30s ] thds: 400 tps: 14098.92 qps: 282046.68 (r/w/o: 197425.84/56420.60/28200.25) lat (ms,95%): 33.12 err/s: 0.00 reconn/s: 0.00
[ 40s ] thds: 400 tps: 14937.27 qps: 298746.31 (r/w/o: 209117.12/59754.76/29874.43) lat (ms,95%): 31.94 err/s: 0.00 reconn/s: 0.00
[ 50s ] thds: 400 tps: 15077.52 qps: 301539.43 (r/w/o: 211105.40/60278.89/30155.14) lat (ms,95%): 31.94 err/s: 0.10 reconn/s: 0.00
[ 60s ] thds: 400 tps: 15306.26 qps: 306175.29 (r/w/o: 214345.70/61217.16/30612.43) lat (ms,95%): 31.37 err/s: 0.00 reconn/s: 0.00
[ 70s ] thds: 400 tps: 15354.61 qps: 306822.71 (r/w/o: 214698.67/61415.82/30708.21) lat (ms,95%): 31.37 err/s: 0.00 reconn/s: 0.00
[ 80s ] thds: 400 tps: 15660.93 qps: 313411.65 (r/w/o: 219452.75/62636.13/31322.76) lat (ms,95%): 30.26 err/s: 0.00 reconn/s: 0.00
[ 90s ] thds: 400 tps: 15629.19 qps: 312424.94 (r/w/o: 218648.52/62518.05/31258.37) lat (ms,95%): 30.26 err/s: 0.00 reconn/s: 0.00
[ 100s ] thds: 400 tps: 15224.48 qps: 304494.49 (r/w/o: 213117.58/60931.84/30445.07) lat (ms,95%): 31.94 err/s: 0.10 reconn/s: 0.00
[ 110s ] thds: 400 tps: 15384.20 qps: 307919.42 (r/w/o: 215607.62/61539.00/30772.80) lat (ms,95%): 30.81 err/s: 0.00 reconn/s: 0.00
[ 120s ] thds: 400 tps: 15777.27 qps: 315407.79 (r/w/o: 220780.54/63073.00/31554.25) lat (ms,95%): 29.72 err/s: 0.00 reconn/s: 0.00
[ 130s ] thds: 400 tps: 15674.11 qps: 313637.83 (r/w/o: 219562.69/62727.73/31347.41) lat (ms,95%): 30.26 err/s: 0.00 reconn/s: 0.00
[ 140s ] thds: 400 tps: 15747.34 qps: 314878.63 (r/w/o: 220361.08/63021.67/31495.88) lat (ms,95%): 30.26 err/s: 0.00 reconn/s: 0.00
[ 150s ] thds: 400 tps: 12946.65 qps: 258695.95 (r/w/o: 181073.93/51732.91/25889.10) lat (ms,95%): 65.65 err/s: 0.00 reconn/s: 0.00
[ 160s ] thds: 400 tps: 11027.87 qps: 220780.15 (r/w/o: 154578.94/44141.27/22059.93) lat (ms,95%): 71.83 err/s: 0.00 reconn/s: 0.00
[ 170s ] thds: 400 tps: 14460.18 qps: 289292.67 (r/w/o: 202528.87/57845.23/28918.57) lat (ms,95%): 42.61 err/s: 0.10 reconn/s: 0.00
[ 180s ] thds: 400 tps: 15527.81 qps: 310444.92 (r/w/o: 217320.48/62066.92/31057.51) lat (ms,95%): 30.81 err/s: 0.00 reconn/s: 0.00
[ 190s ] thds: 400 tps: 15721.43 qps: 314430.25 (r/w/o: 220089.88/62901.81/31438.55) lat (ms,95%): 30.26 err/s: 0.00 reconn/s: 0.00
[ 200s ] thds: 400 tps: 15693.69 qps: 313841.06 (r/w/o: 219651.03/62800.75/31389.28) lat (ms,95%): 30.81 err/s: 0.00 reconn/s: 0.00
[ 210s ] thds: 400 tps: 15557.60 qps: 311231.01 (r/w/o: 217883.81/62240.30/31106.90) lat (ms,95%): 30.81 err/s: 0.00 reconn/s: 0.00
[ 220s ] thds: 400 tps: 15555.95 qps: 310972.58 (r/w/o: 217660.06/62190.22/31122.31) lat (ms,95%): 30.81 err/s: 0.00 reconn/s: 0.00
[ 230s ] thds: 400 tps: 15522.06 qps: 310551.86 (r/w/o: 217429.38/62078.45/31044.03) lat (ms,95%): 30.81 err/s: 0.00 reconn/s: 0.00
[ 240s ] thds: 400 tps: 15456.85 qps: 309104.82 (r/w/o: 216359.44/61831.28/30914.09) lat (ms,95%): 31.37 err/s: 0.10 reconn/s: 0.00
[ 250s ] thds: 400 tps: 15697.80 qps: 313919.45 (r/w/o: 219728.67/62794.79/31396.00) lat (ms,95%): 30.81 err/s: 0.00 reconn/s: 0.00
[ 260s ] thds: 400 tps: 15650.89 qps: 313147.47 (r/w/o: 219188.01/62657.87/31301.59) lat (ms,95%): 30.26 err/s: 0.00 reconn/s: 0.00
[ 270s ] thds: 400 tps: 15616.09 qps: 312333.13 (r/w/o: 218678.71/62422.75/31231.67) lat (ms,95%): 30.81 err/s: 0.00 reconn/s: 0.00
[ 280s ] thds: 400 tps: 15647.83 qps: 313078.65 (r/w/o: 219147.18/62634.71/31296.75) lat (ms,95%): 30.81 err/s: 0.10 reconn/s: 0.00
[ 290s ] thds: 400 tps: 15223.02 qps: 304327.92 (r/w/o: 213022.69/60859.88/30445.34) lat (ms,95%): 31.94 err/s: 0.00 reconn/s: 0.00
[ 300s ] thds: 400 tps: 13739.61 qps: 274763.53 (r/w/o: 192328.09/54959.23/27476.21) lat (ms,95%): 51.02 err/s: 0.10 reconn/s: 0.00
[ 310s ] thds: 400 tps: 12336.05 qps: 246659.52 (r/w/o: 172650.72/49334.30/24674.50) lat (ms,95%): 57.87 err/s: 0.00 reconn/s: 0.00
[ 320s ] thds: 400 tps: 14101.77 qps: 281999.22 (r/w/o: 197396.82/56397.16/28205.23) lat (ms,95%): 45.79 err/s: 0.00 reconn/s: 0.00
[ 330s ] thds: 400 tps: 15630.24 qps: 312477.00 (r/w/o: 218710.99/62523.04/31242.97) lat (ms,95%): 30.81 err/s: 0.00 reconn/s: 0.00
[ 340s ] thds: 400 tps: 15645.97 qps: 313016.75 (r/w/o: 219135.14/62573.27/31308.33) lat (ms,95%): 30.81 err/s: 0.00 reconn/s: 0.00
[ 350s ] thds: 400 tps: 15679.88 qps: 313596.93 (r/w/o: 219518.34/62720.63/31357.96) lat (ms,95%): 30.26 err/s: 0.00 reconn/s: 0.00
[ 360s ] thds: 400 tps: 15455.23 qps: 309234.87 (r/w/o: 216477.17/61845.33/30912.37) lat (ms,95%): 31.37 err/s: 0.10 reconn/s: 0.00
[ 370s ] thds: 400 tps: 15511.72 qps: 310303.40 (r/w/o: 217251.88/62027.68/31023.84) lat (ms,95%): 30.81 err/s: 0.10 reconn/s: 0.00
[ 380s ] thds: 400 tps: 15533.41 qps: 310758.01 (r/w/o: 217511.05/62178.84/31068.12) lat (ms,95%): 30.81 err/s: 0.00 reconn/s: 0.00
[ 390s ] thds: 400 tps: 15461.17 qps: 308924.86 (r/w/o: 216212.55/61790.87/30921.44) lat (ms,95%): 30.81 err/s: 0.00 reconn/s: 0.00
[ 400s ] thds: 400 tps: 15582.19 qps: 311871.48 (r/w/o: 218365.72/62342.08/31163.69) lat (ms,95%): 30.26 err/s: 0.10 reconn/s: 0.00
[ 410s ] thds: 400 tps: 15597.59 qps: 311780.76 (r/w/o: 218182.93/62407.15/31190.68) lat (ms,95%): 30.81 err/s: 0.00 reconn/s: 0.00
[ 420s ] thds: 400 tps: 15674.78 qps: 313639.12 (r/w/o: 219598.84/62685.62/31354.66) lat (ms,95%): 30.26 err/s: 0.00 reconn/s: 0.00
[ 430s ] thds: 400 tps: 15334.03 qps: 306472.93 (r/w/o: 214490.97/61312.61/30669.35) lat (ms,95%): 31.94 err/s: 0.00 reconn/s: 0.00
[ 440s ] thds: 400 tps: 15028.71 qps: 300522.41 (r/w/o: 210347.95/60117.04/30057.42) lat (ms,95%): 34.95 err/s: 0.10 reconn/s: 0.00
[ 450s ] thds: 400 tps: 13962.97 qps: 279330.90 (r/w/o: 195553.55/55853.70/27923.65) lat (ms,95%): 51.02 err/s: 0.10 reconn/s: 0.00
[ 460s ] thds: 400 tps: 12359.56 qps: 247284.78 (r/w/o: 173125.80/49440.46/24718.53) lat (ms,95%): 58.92 err/s: 0.00 reconn/s: 0.00
[ 470s ] thds: 400 tps: 14259.27 qps: 285109.39 (r/w/o: 199550.28/57039.88/28519.24) lat (ms,95%): 44.98 err/s: 0.00 reconn/s: 0.00
[ 480s ] thds: 400 tps: 15436.71 qps: 308912.89 (r/w/o: 216249.93/61789.54/30873.42) lat (ms,95%): 31.37 err/s: 0.00 reconn/s: 0.00
[ 490s ] thds: 400 tps: 15502.69 qps: 310014.00 (r/w/o: 217048.56/61957.36/31008.08) lat (ms,95%): 31.37 err/s: 0.00 reconn/s: 0.00
[ 500s ] thds: 400 tps: 15468.00 qps: 309110.08 (r/w/o: 216297.09/61879.70/30933.30) lat (ms,95%): 31.37 err/s: 0.00 reconn/s: 0.00
[ 510s ] thds: 400 tps: 15656.60 qps: 313132.05 (r/w/o: 219189.27/62628.69/31314.10) lat (ms,95%): 30.81 err/s: 0.00 reconn/s: 0.00
[ 520s ] thds: 400 tps: 15005.48 qps: 300369.41 (r/w/o: 210317.93/60040.32/30011.16) lat (ms,95%): 34.95 err/s: 0.00 reconn/s: 0.00
[ 530s ] thds: 400 tps: 14664.75 qps: 293126.75 (r/w/o: 205156.47/58641.89/29328.39) lat (ms,95%): 45.79 err/s: 0.00 reconn/s: 0.00
[ 540s ] thds: 400 tps: 14019.80 qps: 280561.48 (r/w/o: 196448.95/56070.12/28042.41) lat (ms,95%): 51.94 err/s: 0.00 reconn/s: 0.00
[ 550s ] thds: 400 tps: 13713.84 qps: 274199.00 (r/w/o: 191898.86/54874.66/27425.48) lat (ms,95%): 54.83 err/s: 0.00 reconn/s: 0.00
[ 560s ] thds: 400 tps: 13999.05 qps: 279901.11 (r/w/o: 195913.14/55988.28/27999.69) lat (ms,95%): 49.21 err/s: 0.10 reconn/s: 0.00
[ 570s ] thds: 400 tps: 15654.09 qps: 313068.49 (r/w/o: 219150.73/62611.58/31306.19) lat (ms,95%): 30.81 err/s: 0.00 reconn/s: 0.00
[ 580s ] thds: 400 tps: 15238.55 qps: 304892.02 (r/w/o: 213436.61/60975.40/30480.00) lat (ms,95%): 32.53 err/s: 0.00 reconn/s: 0.00
[ 590s ] thds: 400 tps: 14919.95 qps: 298343.86 (r/w/o: 208855.74/59648.11/29840.01) lat (ms,95%): 36.24 err/s: 0.00 reconn/s: 0.00
[ 600s ] thds: 400 tps: 14022.22 qps: 280460.35 (r/w/o: 196303.42/56112.89/28044.05) lat (ms,95%): 50.11 err/s: 0.00 reconn/s: 0.00
[ 610s ] thds: 400 tps: 13298.16 qps: 266036.65 (r/w/o: 186241.70/53202.73/26592.21) lat (ms,95%): 51.94 err/s: 0.00 reconn/s: 0.00
[ 620s ] thds: 400 tps: 13017.31 qps: 260513.15 (r/w/o: 182368.90/52105.13/26039.12) lat (ms,95%): 51.02 err/s: 0.00 reconn/s: 0.00
[ 630s ] thds: 400 tps: 15364.10 qps: 307111.93 (r/w/o: 214982.45/61403.49/30725.99) lat (ms,95%): 31.94 err/s: 0.00 reconn/s: 0.00
[ 640s ] thds: 400 tps: 15628.21 qps: 312735.36 (r/w/o: 218892.28/62584.45/31258.63) lat (ms,95%): 30.81 err/s: 0.00 reconn/s: 0.00
[ 650s ] thds: 400 tps: 15657.46 qps: 312876.08 (r/w/o: 218993.73/62569.34/31313.02) lat (ms,95%): 30.81 err/s: 0.00 reconn/s: 0.00
[ 660s ] thds: 400 tps: 15654.71 qps: 313095.18 (r/w/o: 219175.73/62615.14/31304.32) lat (ms,95%): 30.81 err/s: 0.00 reconn/s: 0.00
[ 670s ] thds: 400 tps: 15588.81 qps: 311725.98 (r/w/o: 218187.50/62354.46/31184.03) lat (ms,95%): 30.81 err/s: 0.00 reconn/s: 0.00
[ 680s ] thds: 400 tps: 15577.74 qps: 311735.35 (r/w/o: 218276.22/62303.45/31155.67) lat (ms,95%): 30.81 err/s: 0.00 reconn/s: 0.00
[ 690s ] thds: 400 tps: 15572.66 qps: 311249.60 (r/w/o: 217802.74/62303.64/31143.22) lat (ms,95%): 31.37 err/s: 0.00 reconn/s: 0.00
[ 700s ] thds: 400 tps: 15432.40 qps: 308725.33 (r/w/o: 216140.42/61718.41/30866.50) lat (ms,95%): 31.37 err/s: 0.00 reconn/s: 0.00
[ 710s ] thds: 400 tps: 15604.38 qps: 312255.78 (r/w/o: 218592.78/62453.34/31209.67) lat (ms,95%): 30.81 err/s: 0.00 reconn/s: 0.00
[ 720s ] thds: 400 tps: 15329.20 qps: 306452.22 (r/w/o: 214528.51/61265.30/30658.40) lat (ms,95%): 31.94 err/s: 0.10 reconn/s: 0.00
[ 730s ] thds: 400 tps: 15358.22 qps: 307223.63 (r/w/o: 215070.73/61436.07/30716.83) lat (ms,95%): 31.94 err/s: 0.10 reconn/s: 0.00
[ 740s ] thds: 400 tps: 14540.48 qps: 290751.25 (r/w/o: 203503.75/58166.93/29080.56) lat (ms,95%): 44.98 err/s: 0.00 reconn/s: 0.00
[ 750s ] thds: 400 tps: 14151.82 qps: 283068.49 (r/w/o: 198154.34/56610.20/28303.95) lat (ms,95%): 50.11 err/s: 0.00 reconn/s: 0.00
[ 760s ] thds: 400 tps: 12813.50 qps: 256293.57 (r/w/o: 179401.98/51266.29/25625.30) lat (ms,95%): 53.85 err/s: 0.00 reconn/s: 0.00
[ 770s ] thds: 400 tps: 13245.65 qps: 264766.20 (r/w/o: 185309.90/52964.00/26492.30) lat (ms,95%): 51.94 err/s: 0.00 reconn/s: 0.00
[ 780s ] thds: 400 tps: 15481.53 qps: 309691.42 (r/w/o: 216806.24/61921.72/30963.46) lat (ms,95%): 31.37 err/s: 0.00 reconn/s: 0.00
SQL statistics:
    queries performed:
        read:                            162184176
        write:                           46338290
        other:                           23169186
        total:                           231691652
    transactions:                        11584570 (14844.11 per sec.)
    queries:                             231691652 (296882.43 per sec.)
    ignored errors:                      14     (0.02 per sec.)
    reconnects:                          0      (0.00 per sec.)

General statistics:
    total time:                          780.4145s
    total number of events:              11584570

Latency (ms):
         min:                                   19.67
         avg:                                   26.93
         max:                                  410.53
         95th percentile:                       34.95
         sum:                            311984634.79

Threads fairness:
    events (avg/stddev):           28961.4250/256.07
    execution time (avg/stddev):   779.9616/0.04

