sysbench 1.0.20-ebf1c90 (using bundled LuaJIT 2.1.0-beta2)

Running the test with following options:
Number of threads: 400
Report intermediate results every 10 second(s)
Initializing random number generator from current time


Initializing worker threads...

Threads started!

[ 10s ] thds: 400 tps: 9273.28 qps: 185853.69 (r/w/o: 130150.44/37117.90/18585.35) lat (ms,95%): 158.63 err/s: 0.00 reconn/s: 0.00
[ 20s ] thds: 400 tps: 12485.51 qps: 249780.52 (r/w/o: 174859.28/49949.02/24972.21) lat (ms,95%): 110.66 err/s: 0.00 reconn/s: 0.00
[ 30s ] thds: 400 tps: 14101.43 qps: 281937.54 (r/w/o: 197327.28/56409.21/28201.05) lat (ms,95%): 33.12 err/s: 0.00 reconn/s: 0.00
[ 40s ] thds: 400 tps: 14937.29 qps: 298698.20 (r/w/o: 209095.16/59743.16/29859.88) lat (ms,95%): 32.53 err/s: 0.00 reconn/s: 0.00
[ 50s ] thds: 400 tps: 15068.30 qps: 301484.58 (r/w/o: 211054.48/60276.70/30153.40) lat (ms,95%): 31.94 err/s: 0.20 reconn/s: 0.00
[ 60s ] thds: 400 tps: 15302.40 qps: 306099.39 (r/w/o: 214315.99/61178.50/30604.90) lat (ms,95%): 31.37 err/s: 0.00 reconn/s: 0.00
[ 70s ] thds: 400 tps: 15352.23 qps: 306814.43 (r/w/o: 214695.77/61415.11/30703.55) lat (ms,95%): 31.37 err/s: 0.00 reconn/s: 0.00
[ 80s ] thds: 400 tps: 15645.38 qps: 313093.98 (r/w/o: 219227.10/62575.21/31291.66) lat (ms,95%): 30.26 err/s: 0.00 reconn/s: 0.00
[ 90s ] thds: 400 tps: 15615.89 qps: 312133.26 (r/w/o: 218438.20/62463.47/31231.59) lat (ms,95%): 30.26 err/s: 0.00 reconn/s: 0.00
[ 100s ] thds: 400 tps: 15224.39 qps: 304550.04 (r/w/o: 213173.48/60945.27/30431.28) lat (ms,95%): 31.94 err/s: 0.00 reconn/s: 0.00
[ 110s ] thds: 400 tps: 15393.02 qps: 307994.71 (r/w/o: 215643.82/61548.96/30801.93) lat (ms,95%): 30.81 err/s: 0.00 reconn/s: 0.00
[ 120s ] thds: 400 tps: 15765.38 qps: 315176.78 (r/w/o: 220605.98/63038.34/31532.47) lat (ms,95%): 29.72 err/s: 0.00 reconn/s: 0.00
[ 130s ] thds: 400 tps: 15670.29 qps: 313610.76 (r/w/o: 219578.90/62690.97/31340.89) lat (ms,95%): 30.26 err/s: 0.00 reconn/s: 0.00
[ 140s ] thds: 400 tps: 15738.25 qps: 314728.91 (r/w/o: 220240.04/63012.38/31476.49) lat (ms,95%): 30.26 err/s: 0.10 reconn/s: 0.00
[ 150s ] thds: 400 tps: 12951.40 qps: 258817.74 (r/w/o: 181156.66/51760.89/25900.19) lat (ms,95%): 65.65 err/s: 0.00 reconn/s: 0.00
[ 160s ] thds: 400 tps: 11046.43 qps: 221021.72 (r/w/o: 154744.97/44182.50/22094.25) lat (ms,95%): 71.83 err/s: 0.00 reconn/s: 0.00
[ 170s ] thds: 400 tps: 14454.89 qps: 289242.69 (r/w/o: 202493.22/57839.28/28910.19) lat (ms,95%): 42.61 err/s: 0.10 reconn/s: 0.00
[ 180s ] thds: 400 tps: 15515.10 qps: 310125.79 (r/w/o: 217075.69/62018.80/31031.30) lat (ms,95%): 30.81 err/s: 0.00 reconn/s: 0.00
[ 190s ] thds: 400 tps: 15724.60 qps: 314575.13 (r/w/o: 220217.25/62909.99/31447.89) lat (ms,95%): 30.26 err/s: 0.00 reconn/s: 0.00
[ 200s ] thds: 400 tps: 15694.33 qps: 313800.71 (r/w/o: 219618.43/62799.02/31383.26) lat (ms,95%): 30.26 err/s: 0.00 reconn/s: 0.00
[ 210s ] thds: 400 tps: 15536.58 qps: 311025.07 (r/w/o: 217774.80/62170.01/31080.26) lat (ms,95%): 30.81 err/s: 0.10 reconn/s: 0.00
[ 220s ] thds: 400 tps: 15555.95 qps: 310799.82 (r/w/o: 217503.11/62187.40/31109.30) lat (ms,95%): 30.81 err/s: 0.00 reconn/s: 0.00
[ 230s ] thds: 400 tps: 15509.10 qps: 310299.50 (r/w/o: 217255.20/62023.60/31020.70) lat (ms,95%): 30.81 err/s: 0.00 reconn/s: 0.00
[ 240s ] thds: 400 tps: 15459.81 qps: 309204.98 (r/w/o: 216428.82/61856.94/30919.22) lat (ms,95%): 31.37 err/s: 0.00 reconn/s: 0.00
[ 250s ] thds: 400 tps: 15693.39 qps: 313722.38 (r/w/o: 219579.45/62757.46/31385.48) lat (ms,95%): 30.81 err/s: 0.00 reconn/s: 0.00
[ 260s ] thds: 400 tps: 15652.36 qps: 313045.30 (r/w/o: 219115.87/62626.22/31303.21) lat (ms,95%): 30.26 err/s: 0.00 reconn/s: 0.00
[ 270s ] thds: 400 tps: 15603.30 qps: 312262.83 (r/w/o: 218659.35/62393.59/31209.89) lat (ms,95%): 30.81 err/s: 0.00 reconn/s: 0.00
[ 280s ] thds: 400 tps: 15653.40 qps: 313164.04 (r/w/o: 219205.76/62651.39/31306.89) lat (ms,95%): 30.81 err/s: 0.00 reconn/s: 0.00
[ 290s ] thds: 400 tps: 15221.48 qps: 304351.90 (r/w/o: 213042.65/60866.40/30442.85) lat (ms,95%): 31.94 err/s: 0.00 reconn/s: 0.00
[ 300s ] thds: 400 tps: 13754.67 qps: 275080.54 (r/w/o: 192542.94/55027.77/27509.83) lat (ms,95%): 51.02 err/s: 0.10 reconn/s: 0.00
[ 310s ] thds: 400 tps: 12348.89 qps: 246979.98 (r/w/o: 172880.41/49401.68/24697.89) lat (ms,95%): 56.84 err/s: 0.00 reconn/s: 0.00
[ 320s ] thds: 400 tps: 14117.33 qps: 282220.99 (r/w/o: 197528.42/56460.12/28232.46) lat (ms,95%): 45.79 err/s: 0.00 reconn/s: 0.00
[ 330s ] thds: 400 tps: 15595.68 qps: 312071.72 (r/w/o: 218472.17/62408.10/31191.45) lat (ms,95%): 30.81 err/s: 0.00 reconn/s: 0.00
[ 340s ] thds: 400 tps: 15652.61 qps: 312816.40 (r/w/o: 218950.54/62560.84/31305.02) lat (ms,95%): 30.81 err/s: 0.10 reconn/s: 0.00
[ 350s ] thds: 400 tps: 15668.08 qps: 313441.20 (r/w/o: 219411.75/62692.00/31337.45) lat (ms,95%): 30.26 err/s: 0.00 reconn/s: 0.00
[ 360s ] thds: 400 tps: 15458.30 qps: 309183.49 (r/w/o: 216445.56/61820.52/30917.41) lat (ms,95%): 31.37 err/s: 0.00 reconn/s: 0.00
[ 370s ] thds: 400 tps: 15508.61 qps: 310306.55 (r/w/o: 217247.90/62040.63/31018.01) lat (ms,95%): 30.81 err/s: 0.10 reconn/s: 0.00
[ 380s ] thds: 400 tps: 15525.47 qps: 310568.21 (r/w/o: 217408.89/62108.78/31050.54) lat (ms,95%): 30.81 err/s: 0.00 reconn/s: 0.00
[ 390s ] thds: 400 tps: 15448.42 qps: 308735.63 (r/w/o: 216051.20/61786.99/30897.44) lat (ms,95%): 30.81 err/s: 0.10 reconn/s: 0.00
[ 400s ] thds: 400 tps: 15570.59 qps: 311625.40 (r/w/o: 218184.19/62300.04/31141.17) lat (ms,95%): 30.26 err/s: 0.00 reconn/s: 0.00
[ 410s ] thds: 400 tps: 15582.01 qps: 311548.59 (r/w/o: 218051.90/62335.16/31161.53) lat (ms,95%): 30.81 err/s: 0.00 reconn/s: 0.00
[ 420s ] thds: 400 tps: 15675.48 qps: 313557.67 (r/w/o: 219526.00/62679.41/31352.26) lat (ms,95%): 30.26 err/s: 0.00 reconn/s: 0.00
[ 430s ] thds: 400 tps: 15312.63 qps: 306093.82 (r/w/o: 214227.96/61241.30/30624.55) lat (ms,95%): 31.94 err/s: 0.00 reconn/s: 0.00
[ 440s ] thds: 400 tps: 15025.17 qps: 300356.48 (r/w/o: 210212.24/60092.50/30051.75) lat (ms,95%): 34.95 err/s: 0.10 reconn/s: 0.00
[ 450s ] thds: 400 tps: 13947.54 qps: 279221.16 (r/w/o: 195504.63/55824.55/27891.98) lat (ms,95%): 51.02 err/s: 0.00 reconn/s: 0.00
[ 460s ] thds: 400 tps: 12353.28 qps: 246987.96 (r/w/o: 172882.29/49401.01/24704.66) lat (ms,95%): 57.87 err/s: 0.00 reconn/s: 0.00
[ 470s ] thds: 400 tps: 14270.51 qps: 285304.75 (r/w/o: 199698.30/57060.63/28545.81) lat (ms,95%): 44.98 err/s: 0.10 reconn/s: 0.00
[ 480s ] thds: 400 tps: 15424.98 qps: 308730.78 (r/w/o: 216151.91/61728.82/30850.06) lat (ms,95%): 31.37 err/s: 0.00 reconn/s: 0.00
[ 490s ] thds: 400 tps: 15515.52 qps: 310218.20 (r/w/o: 217154.51/62031.56/31032.13) lat (ms,95%): 31.37 err/s: 0.00 reconn/s: 0.00
[ 500s ] thds: 400 tps: 15465.42 qps: 309112.58 (r/w/o: 216312.84/61871.29/30928.45) lat (ms,95%): 31.37 err/s: 0.10 reconn/s: 0.00
[ 510s ] thds: 400 tps: 15653.16 qps: 313075.40 (r/w/o: 219152.97/62614.52/31307.91) lat (ms,95%): 30.81 err/s: 0.00 reconn/s: 0.00
[ 520s ] thds: 400 tps: 15001.00 qps: 300232.20 (r/w/o: 210212.97/60017.42/30001.81) lat (ms,95%): 36.24 err/s: 0.10 reconn/s: 0.00
[ 530s ] thds: 400 tps: 14663.48 qps: 293156.73 (r/w/o: 205188.54/58640.63/29327.56) lat (ms,95%): 44.98 err/s: 0.00 reconn/s: 0.00
[ 540s ] thds: 400 tps: 14023.00 qps: 280320.70 (r/w/o: 196193.77/56082.52/28044.41) lat (ms,95%): 51.94 err/s: 0.00 reconn/s: 0.00
[ 550s ] thds: 400 tps: 13702.92 qps: 274208.99 (r/w/o: 191984.47/54816.98/27407.54) lat (ms,95%): 55.82 err/s: 0.00 reconn/s: 0.00
[ 560s ] thds: 400 tps: 14002.30 qps: 280014.77 (r/w/o: 196004.08/56005.29/28005.40) lat (ms,95%): 49.21 err/s: 0.00 reconn/s: 0.00
[ 570s ] thds: 400 tps: 15632.66 qps: 312652.58 (r/w/o: 218859.30/62529.36/31263.93) lat (ms,95%): 30.81 err/s: 0.00 reconn/s: 0.00
[ 580s ] thds: 400 tps: 15238.64 qps: 304885.49 (r/w/o: 213434.85/60972.26/30478.38) lat (ms,95%): 32.53 err/s: 0.00 reconn/s: 0.00
[ 590s ] thds: 400 tps: 14926.11 qps: 298450.97 (r/w/o: 208916.82/59681.43/29852.72) lat (ms,95%): 36.24 err/s: 0.00 reconn/s: 0.00
[ 600s ] thds: 400 tps: 14017.57 qps: 280351.43 (r/w/o: 196233.00/56083.69/28034.74) lat (ms,95%): 50.11 err/s: 0.10 reconn/s: 0.00
[ 610s ] thds: 400 tps: 13302.72 qps: 266184.62 (r/w/o: 186353.92/53225.36/26605.33) lat (ms,95%): 51.94 err/s: 0.00 reconn/s: 0.00
[ 620s ] thds: 400 tps: 13016.38 qps: 260418.47 (r/w/o: 182316.00/52068.71/26033.76) lat (ms,95%): 51.02 err/s: 0.00 reconn/s: 0.00
[ 630s ] thds: 400 tps: 15349.27 qps: 306822.57 (r/w/o: 214754.76/61369.27/30698.54) lat (ms,95%): 31.94 err/s: 0.00 reconn/s: 0.00
[ 640s ] thds: 400 tps: 15610.57 qps: 312414.49 (r/w/o: 218684.15/62509.70/31220.65) lat (ms,95%): 30.81 err/s: 0.10 reconn/s: 0.00
[ 650s ] thds: 400 tps: 15649.09 qps: 312707.11 (r/w/o: 218857.86/62550.46/31298.78) lat (ms,95%): 30.81 err/s: 0.00 reconn/s: 0.00
[ 660s ] thds: 400 tps: 15641.12 qps: 312802.23 (r/w/o: 218969.63/62551.87/31280.73) lat (ms,95%): 30.81 err/s: 0.00 reconn/s: 0.00
[ 670s ] thds: 400 tps: 15574.79 qps: 311447.98 (r/w/o: 217988.54/62312.76/31146.68) lat (ms,95%): 30.81 err/s: 0.00 reconn/s: 0.00
[ 680s ] thds: 400 tps: 15567.23 qps: 311565.70 (r/w/o: 218160.85/62266.00/31138.85) lat (ms,95%): 30.81 err/s: 0.00 reconn/s: 0.00
[ 690s ] thds: 400 tps: 15540.58 qps: 310868.44 (r/w/o: 217569.25/62218.23/31080.96) lat (ms,95%): 31.37 err/s: 0.00 reconn/s: 0.00
[ 700s ] thds: 400 tps: 15445.63 qps: 308693.27 (r/w/o: 216084.67/61718.63/30889.97) lat (ms,95%): 31.37 err/s: 0.00 reconn/s: 0.00
[ 710s ] thds: 400 tps: 15597.38 qps: 312110.34 (r/w/o: 218496.98/62420.21/31193.15) lat (ms,95%): 30.81 err/s: 0.00 reconn/s: 0.00
[ 720s ] thds: 400 tps: 15313.50 qps: 306212.15 (r/w/o: 214369.57/61212.49/30630.10) lat (ms,95%): 31.94 err/s: 0.00 reconn/s: 0.00
[ 730s ] thds: 400 tps: 15344.99 qps: 306859.20 (r/w/o: 214789.56/61380.06/30689.58) lat (ms,95%): 31.94 err/s: 0.00 reconn/s: 0.00
[ 740s ] thds: 400 tps: 14536.32 qps: 290705.30 (r/w/o: 203488.98/58143.58/29072.74) lat (ms,95%): 44.98 err/s: 0.00 reconn/s: 0.00
[ 750s ] thds: 400 tps: 14145.68 qps: 282875.13 (r/w/o: 197992.74/56593.43/28288.96) lat (ms,95%): 50.11 err/s: 0.00 reconn/s: 0.00
[ 760s ] thds: 400 tps: 12815.28 qps: 256372.32 (r/w/o: 179476.76/51262.50/25633.05) lat (ms,95%): 53.85 err/s: 0.00 reconn/s: 0.00
[ 770s ] thds: 400 tps: 13255.21 qps: 265031.99 (r/w/o: 185514.13/53007.34/26510.52) lat (ms,95%): 51.94 err/s: 0.00 reconn/s: 0.00
[ 780s ] thds: 400 tps: 15447.30 qps: 308944.52 (r/w/o: 216233.92/61818.30/30892.30) lat (ms,95%): 31.37 err/s: 0.00 reconn/s: 0.00
SQL statistics:
    queries performed:
        read:                            162137192
        write:                           46324863
        other:                           23162475
        total:                           231624530
    transactions:                        11581213 (14824.21 per sec.)
    queries:                             231624530 (296484.55 per sec.)
    ignored errors:                      15     (0.02 per sec.)
    reconnects:                          0      (0.00 per sec.)

General statistics:
    total time:                          781.2354s
    total number of events:              11581213

Latency (ms):
         min:                                   19.63
         avg:                                   26.94
         max:                                 1235.68
         95th percentile:                       34.95
         sum:                            312047463.12

Threads fairness:
    events (avg/stddev):           28953.0325/264.23
    execution time (avg/stddev):   780.1187/0.17

