sysbench 1.0.20-ebf1c90 (using bundled LuaJIT 2.1.0-beta2)

Running the test with following options:
Number of threads: 400
Report intermediate results every 10 second(s)
Initializing random number generator from current time


Initializing worker threads...

Threads started!

[ 10s ] thds: 400 tps: 9330.07 qps: 187061.47 (r/w/o: 131032.84/37328.49/18700.14) lat (ms,95%): 155.80 err/s: 0.00 reconn/s: 0.00
[ 20s ] thds: 400 tps: 12684.76 qps: 253786.06 (r/w/o: 177626.51/50793.83/25365.72) lat (ms,95%): 110.66 err/s: 0.00 reconn/s: 0.00
[ 30s ] thds: 400 tps: 14125.56 qps: 282262.14 (r/w/o: 197558.90/56449.03/28254.21) lat (ms,95%): 33.72 err/s: 0.00 reconn/s: 0.00
[ 40s ] thds: 400 tps: 14904.67 qps: 298207.73 (r/w/o: 208786.63/59611.37/29809.73) lat (ms,95%): 31.94 err/s: 0.00 reconn/s: 0.00
[ 50s ] thds: 400 tps: 15097.64 qps: 302181.78 (r/w/o: 211531.55/60454.26/30195.98) lat (ms,95%): 30.81 err/s: 0.30 reconn/s: 0.00
[ 60s ] thds: 400 tps: 15388.27 qps: 307534.52 (r/w/o: 215216.03/61547.26/30771.23) lat (ms,95%): 30.81 err/s: 0.00 reconn/s: 0.00
[ 70s ] thds: 400 tps: 15332.80 qps: 306479.09 (r/w/o: 214520.66/61291.22/30667.21) lat (ms,95%): 30.26 err/s: 0.00 reconn/s: 0.00
[ 80s ] thds: 400 tps: 15527.21 qps: 310856.64 (r/w/o: 217691.87/62106.05/31058.72) lat (ms,95%): 29.72 err/s: 0.10 reconn/s: 0.00
[ 90s ] thds: 400 tps: 15544.57 qps: 310872.97 (r/w/o: 217608.03/62175.59/31089.35) lat (ms,95%): 29.72 err/s: 0.10 reconn/s: 0.00
[ 100s ] thds: 400 tps: 15241.61 qps: 304616.87 (r/w/o: 213145.22/60996.03/30475.62) lat (ms,95%): 30.26 err/s: 0.00 reconn/s: 0.00
[ 110s ] thds: 400 tps: 15573.47 qps: 311629.73 (r/w/o: 218216.10/62259.19/31154.44) lat (ms,95%): 29.72 err/s: 0.00 reconn/s: 0.00
[ 120s ] thds: 400 tps: 15530.29 qps: 310729.88 (r/w/o: 217521.84/62147.06/31060.98) lat (ms,95%): 29.72 err/s: 0.10 reconn/s: 0.00
[ 130s ] thds: 400 tps: 15760.17 qps: 315078.60 (r/w/o: 220545.35/63012.90/31520.35) lat (ms,95%): 29.19 err/s: 0.00 reconn/s: 0.00
[ 140s ] thds: 400 tps: 15739.97 qps: 314572.93 (r/w/o: 220136.00/62958.18/31478.74) lat (ms,95%): 29.72 err/s: 0.00 reconn/s: 0.00
[ 150s ] thds: 400 tps: 12728.02 qps: 254712.10 (r/w/o: 178320.68/50939.88/25451.54) lat (ms,95%): 71.83 err/s: 0.00 reconn/s: 0.00
[ 160s ] thds: 400 tps: 11249.50 qps: 224958.14 (r/w/o: 157475.23/44979.91/22503.00) lat (ms,95%): 73.13 err/s: 0.00 reconn/s: 0.00
[ 170s ] thds: 400 tps: 13795.31 qps: 275833.08 (r/w/o: 193070.53/55170.24/27592.32) lat (ms,95%): 50.11 err/s: 0.00 reconn/s: 0.00
[ 180s ] thds: 400 tps: 15246.28 qps: 305042.27 (r/w/o: 213502.20/61047.71/30492.36) lat (ms,95%): 30.81 err/s: 0.00 reconn/s: 0.00
[ 190s ] thds: 400 tps: 15423.92 qps: 308573.34 (r/w/o: 216086.01/61639.19/30848.14) lat (ms,95%): 29.72 err/s: 0.00 reconn/s: 0.00
[ 200s ] thds: 400 tps: 15338.74 qps: 306569.84 (r/w/o: 214546.82/61345.55/30677.47) lat (ms,95%): 30.81 err/s: 0.00 reconn/s: 0.00
[ 210s ] thds: 400 tps: 15373.35 qps: 307775.86 (r/w/o: 215500.97/61527.89/30747.00) lat (ms,95%): 29.72 err/s: 0.10 reconn/s: 0.00
[ 220s ] thds: 400 tps: 15423.00 qps: 308200.86 (r/w/o: 215658.34/61710.81/30831.71) lat (ms,95%): 30.26 err/s: 0.00 reconn/s: 0.00
[ 230s ] thds: 400 tps: 15513.17 qps: 310314.45 (r/w/o: 217224.42/62053.99/31036.05) lat (ms,95%): 29.72 err/s: 0.00 reconn/s: 0.00
[ 240s ] thds: 400 tps: 15243.19 qps: 304783.46 (r/w/o: 213373.23/60921.05/30489.18) lat (ms,95%): 30.81 err/s: 0.00 reconn/s: 0.00
[ 250s ] thds: 400 tps: 15355.38 qps: 307228.42 (r/w/o: 215095.67/61420.30/30712.45) lat (ms,95%): 30.26 err/s: 0.00 reconn/s: 0.00
[ 260s ] thds: 400 tps: 15397.97 qps: 307992.19 (r/w/o: 215589.77/61606.08/30796.34) lat (ms,95%): 30.26 err/s: 0.20 reconn/s: 0.00
[ 270s ] thds: 400 tps: 15432.72 qps: 308679.99 (r/w/o: 216035.17/61783.68/30861.14) lat (ms,95%): 30.26 err/s: 0.00 reconn/s: 0.00
[ 280s ] thds: 400 tps: 15514.48 qps: 310055.67 (r/w/o: 217020.97/62003.33/31031.37) lat (ms,95%): 29.72 err/s: 0.10 reconn/s: 0.00
[ 290s ] thds: 400 tps: 15430.19 qps: 308706.97 (r/w/o: 216134.91/61709.97/30862.09) lat (ms,95%): 30.26 err/s: 0.00 reconn/s: 0.00
[ 300s ] thds: 400 tps: 13843.02 qps: 276882.14 (r/w/o: 193785.34/55410.17/27686.63) lat (ms,95%): 53.85 err/s: 0.00 reconn/s: 0.00
[ 310s ] thds: 400 tps: 12353.19 qps: 247226.55 (r/w/o: 173095.19/49425.27/24706.08) lat (ms,95%): 57.87 err/s: 0.00 reconn/s: 0.00
[ 320s ] thds: 400 tps: 13041.48 qps: 260678.60 (r/w/o: 182480.39/52115.04/26083.17) lat (ms,95%): 54.83 err/s: 0.00 reconn/s: 0.00
[ 330s ] thds: 400 tps: 15097.09 qps: 301869.61 (r/w/o: 211288.07/60387.16/30194.38) lat (ms,95%): 30.81 err/s: 0.00 reconn/s: 0.00
[ 340s ] thds: 400 tps: 15252.34 qps: 305291.10 (r/w/o: 213736.56/61051.46/30503.08) lat (ms,95%): 30.26 err/s: 0.00 reconn/s: 0.00
[ 350s ] thds: 400 tps: 15254.81 qps: 305067.72 (r/w/o: 213575.15/60981.14/30511.42) lat (ms,95%): 30.26 err/s: 0.00 reconn/s: 0.00
[ 360s ] thds: 400 tps: 15161.98 qps: 303104.43 (r/w/o: 212138.54/60641.93/30323.96) lat (ms,95%): 30.26 err/s: 0.00 reconn/s: 0.00
[ 370s ] thds: 400 tps: 15282.83 qps: 305497.18 (r/w/o: 213798.97/61132.54/30565.67) lat (ms,95%): 30.26 err/s: 0.00 reconn/s: 0.00
[ 380s ] thds: 400 tps: 15324.04 qps: 306559.42 (r/w/o: 214609.91/61302.24/30647.27) lat (ms,95%): 30.26 err/s: 0.00 reconn/s: 0.00
[ 390s ] thds: 400 tps: 15091.29 qps: 301983.57 (r/w/o: 211440.61/60359.27/30183.69) lat (ms,95%): 30.81 err/s: 0.00 reconn/s: 0.00
[ 400s ] thds: 400 tps: 15323.15 qps: 306560.81 (r/w/o: 214607.91/61306.70/30646.20) lat (ms,95%): 30.26 err/s: 0.10 reconn/s: 0.00
[ 410s ] thds: 400 tps: 15334.30 qps: 306722.13 (r/w/o: 214663.35/61392.49/30666.29) lat (ms,95%): 29.72 err/s: 0.10 reconn/s: 0.00
[ 420s ] thds: 400 tps: 15346.02 qps: 306937.52 (r/w/o: 214861.33/61381.36/30694.83) lat (ms,95%): 30.26 err/s: 0.00 reconn/s: 0.00
[ 430s ] thds: 400 tps: 15345.38 qps: 306754.59 (r/w/o: 214739.61/61324.02/30690.96) lat (ms,95%): 30.26 err/s: 0.20 reconn/s: 0.00
[ 440s ] thds: 400 tps: 15322.71 qps: 306312.57 (r/w/o: 214385.89/61281.05/30645.63) lat (ms,95%): 30.26 err/s: 0.00 reconn/s: 0.00
[ 450s ] thds: 400 tps: 13770.53 qps: 275559.65 (r/w/o: 192898.16/55124.43/27537.07) lat (ms,95%): 54.83 err/s: 0.00 reconn/s: 0.00
[ 460s ] thds: 400 tps: 12198.12 qps: 243836.36 (r/w/o: 170664.35/48773.87/24398.14) lat (ms,95%): 59.99 err/s: 0.00 reconn/s: 0.00
[ 470s ] thds: 400 tps: 12690.44 qps: 253864.35 (r/w/o: 177742.30/50739.17/25382.88) lat (ms,95%): 54.83 err/s: 0.00 reconn/s: 0.00
[ 480s ] thds: 400 tps: 15039.61 qps: 300985.00 (r/w/o: 210702.01/60203.86/30079.13) lat (ms,95%): 30.81 err/s: 0.00 reconn/s: 0.00
[ 490s ] thds: 400 tps: 15105.46 qps: 301754.15 (r/w/o: 211142.97/60403.05/30208.12) lat (ms,95%): 30.81 err/s: 0.00 reconn/s: 0.00
[ 500s ] thds: 400 tps: 15273.52 qps: 305674.98 (r/w/o: 213997.23/61127.90/30549.85) lat (ms,95%): 30.81 err/s: 0.00 reconn/s: 0.00
[ 510s ] thds: 400 tps: 15244.28 qps: 304725.65 (r/w/o: 213291.16/60950.33/30484.17) lat (ms,95%): 30.26 err/s: 0.10 reconn/s: 0.00
[ 520s ] thds: 400 tps: 15193.72 qps: 303901.03 (r/w/o: 212765.83/60742.97/30392.23) lat (ms,95%): 30.81 err/s: 0.00 reconn/s: 0.00
[ 530s ] thds: 400 tps: 14607.68 qps: 292241.21 (r/w/o: 204596.63/58429.12/29215.46) lat (ms,95%): 35.59 err/s: 0.00 reconn/s: 0.00
[ 540s ] thds: 400 tps: 13622.14 qps: 272408.93 (r/w/o: 190663.18/54504.37/27241.38) lat (ms,95%): 55.82 err/s: 0.20 reconn/s: 0.00
[ 550s ] thds: 400 tps: 12709.58 qps: 254114.62 (r/w/o: 177845.16/50847.60/25421.85) lat (ms,95%): 56.84 err/s: 0.00 reconn/s: 0.00
[ 560s ] thds: 400 tps: 13430.47 qps: 268825.87 (r/w/o: 188265.96/53698.48/26861.44) lat (ms,95%): 54.83 err/s: 0.00 reconn/s: 0.00
[ 570s ] thds: 400 tps: 14923.09 qps: 298517.52 (r/w/o: 208915.07/59760.76/29841.68) lat (ms,95%): 31.37 err/s: 0.00 reconn/s: 0.00
[ 580s ] thds: 400 tps: 15231.56 qps: 304508.65 (r/w/o: 213176.21/60866.03/30466.42) lat (ms,95%): 30.26 err/s: 0.00 reconn/s: 0.00
[ 590s ] thds: 400 tps: 15140.76 qps: 302919.79 (r/w/o: 212049.70/60590.86/30279.23) lat (ms,95%): 30.81 err/s: 0.00 reconn/s: 0.00
[ 600s ] thds: 400 tps: 14115.23 qps: 282230.44 (r/w/o: 197559.48/56436.81/28234.15) lat (ms,95%): 51.02 err/s: 0.00 reconn/s: 0.00
[ 610s ] thds: 400 tps: 13687.07 qps: 273573.41 (r/w/o: 191439.29/54762.48/27371.64) lat (ms,95%): 54.83 err/s: 0.00 reconn/s: 0.00
[ 620s ] thds: 400 tps: 12142.31 qps: 242965.08 (r/w/o: 170136.10/48541.86/24287.13) lat (ms,95%): 58.92 err/s: 0.00 reconn/s: 0.00
[ 630s ] thds: 400 tps: 13279.55 qps: 265475.28 (r/w/o: 185758.59/53158.50/26558.20) lat (ms,95%): 51.94 err/s: 0.00 reconn/s: 0.00
[ 640s ] thds: 400 tps: 14989.04 qps: 300100.48 (r/w/o: 210168.62/59952.38/29979.49) lat (ms,95%): 31.37 err/s: 0.20 reconn/s: 0.00
[ 650s ] thds: 400 tps: 15141.92 qps: 302700.55 (r/w/o: 211880.61/60535.99/30283.94) lat (ms,95%): 30.81 err/s: 0.10 reconn/s: 0.00
[ 660s ] thds: 400 tps: 15140.35 qps: 302734.15 (r/w/o: 211856.36/60607.39/30270.39) lat (ms,95%): 30.81 err/s: 0.00 reconn/s: 0.00
[ 670s ] thds: 400 tps: 15295.51 qps: 305736.38 (r/w/o: 213984.62/61158.64/30593.12) lat (ms,95%): 30.81 err/s: 0.00 reconn/s: 0.00
[ 680s ] thds: 400 tps: 15361.53 qps: 307173.40 (r/w/o: 215020.09/61423.14/30730.17) lat (ms,95%): 30.26 err/s: 0.00 reconn/s: 0.00
[ 690s ] thds: 400 tps: 15157.68 qps: 303407.98 (r/w/o: 212451.71/60639.62/30316.66) lat (ms,95%): 30.81 err/s: 0.00 reconn/s: 0.00
[ 700s ] thds: 400 tps: 14846.03 qps: 296899.28 (r/w/o: 207835.27/59372.74/29691.27) lat (ms,95%): 31.94 err/s: 0.00 reconn/s: 0.00
[ 710s ] thds: 400 tps: 15071.58 qps: 301289.01 (r/w/o: 210859.66/60285.40/30143.95) lat (ms,95%): 30.81 err/s: 0.00 reconn/s: 0.00
[ 720s ] thds: 400 tps: 15160.91 qps: 303447.91 (r/w/o: 212456.85/60669.94/30321.12) lat (ms,95%): 30.81 err/s: 0.10 reconn/s: 0.00
[ 730s ] thds: 400 tps: 15278.11 qps: 305191.29 (r/w/o: 213544.54/61091.64/30555.12) lat (ms,95%): 30.81 err/s: 0.00 reconn/s: 0.00
[ 740s ] thds: 400 tps: 15061.90 qps: 301576.41 (r/w/o: 211207.91/60243.00/30125.50) lat (ms,95%): 30.81 err/s: 0.00 reconn/s: 0.00
[ 750s ] thds: 400 tps: 13841.25 qps: 276941.72 (r/w/o: 193823.41/55435.60/27682.70) lat (ms,95%): 52.89 err/s: 0.00 reconn/s: 0.00
[ 760s ] thds: 400 tps: 13532.58 qps: 270534.37 (r/w/o: 189346.67/54122.43/27065.27) lat (ms,95%): 54.83 err/s: 0.00 reconn/s: 0.00
[ 770s ] thds: 400 tps: 12651.22 qps: 253112.05 (r/w/o: 177231.95/50578.27/25301.84) lat (ms,95%): 55.82 err/s: 0.00 reconn/s: 0.00
[ 780s ] thds: 400 tps: 12398.47 qps: 247811.84 (r/w/o: 173446.20/49569.89/24795.74) lat (ms,95%): 56.84 err/s: 0.00 reconn/s: 0.00
SQL statistics:
    queries performed:
        read:                            159179482
        write:                           45479793
        other:                           22739943
        total:                           227399218
    transactions:                        11369942 (14557.17 per sec.)
    queries:                             227399218 (291143.95 per sec.)
    ignored errors:                      21     (0.03 per sec.)
    reconnects:                          0      (0.00 per sec.)

General statistics:
    total time:                          781.0532s
    total number of events:              11369942

Latency (ms):
         min:                                   19.54
         avg:                                   27.45
         max:                                 1103.42
         95th percentile:                       34.95
         sum:                            312087776.92

Threads fairness:
    events (avg/stddev):           28424.8550/311.19
    execution time (avg/stddev):   780.2194/0.22

