sysbench 1.0.20-ebf1c90 (using bundled LuaJIT 2.1.0-beta2)

Running the test with following options:
Number of threads: 400
Report intermediate results every 10 second(s)
Initializing random number generator from current time


Initializing worker threads...

Threads started!

[ 10s ] thds: 400 tps: 9346.82 qps: 187384.22 (r/w/o: 131254.34/37396.06/18733.82) lat (ms,95%): 158.63 err/s: 0.10 reconn/s: 0.00
[ 20s ] thds: 400 tps: 12604.83 qps: 252276.90 (r/w/o: 176576.42/50490.92/25209.56) lat (ms,95%): 110.66 err/s: 0.00 reconn/s: 0.00
[ 30s ] thds: 400 tps: 14157.74 qps: 282795.89 (r/w/o: 197915.05/56565.46/28315.38) lat (ms,95%): 33.72 err/s: 0.10 reconn/s: 0.00
[ 40s ] thds: 400 tps: 14876.96 qps: 297632.12 (r/w/o: 208383.35/59494.54/29754.22) lat (ms,95%): 31.94 err/s: 0.00 reconn/s: 0.00
[ 50s ] thds: 400 tps: 15108.47 qps: 302381.85 (r/w/o: 211707.42/60457.49/30216.95) lat (ms,95%): 30.81 err/s: 0.10 reconn/s: 0.00
[ 60s ] thds: 400 tps: 15366.61 qps: 307450.68 (r/w/o: 215168.79/61548.26/30733.63) lat (ms,95%): 30.26 err/s: 0.10 reconn/s: 0.00
[ 70s ] thds: 400 tps: 15345.40 qps: 306717.05 (r/w/o: 214682.16/61347.69/30687.19) lat (ms,95%): 30.26 err/s: 0.00 reconn/s: 0.00
[ 80s ] thds: 400 tps: 15554.82 qps: 311081.04 (r/w/o: 217815.84/62151.67/31113.53) lat (ms,95%): 29.72 err/s: 0.00 reconn/s: 0.00
[ 90s ] thds: 400 tps: 15560.79 qps: 311229.44 (r/w/o: 217863.29/62244.57/31121.58) lat (ms,95%): 29.72 err/s: 0.00 reconn/s: 0.00
[ 100s ] thds: 400 tps: 15255.98 qps: 305000.24 (r/w/o: 213436.58/61067.41/30496.25) lat (ms,95%): 30.26 err/s: 0.00 reconn/s: 0.00
[ 110s ] thds: 400 tps: 15591.26 qps: 311850.18 (r/w/o: 218333.43/62318.54/31198.22) lat (ms,95%): 29.72 err/s: 0.10 reconn/s: 0.00
[ 120s ] thds: 400 tps: 15545.99 qps: 311024.20 (r/w/o: 217742.43/62189.78/31091.99) lat (ms,95%): 29.72 err/s: 0.00 reconn/s: 0.00
[ 130s ] thds: 400 tps: 15758.81 qps: 315049.08 (r/w/o: 220504.29/63027.06/31517.73) lat (ms,95%): 29.19 err/s: 0.00 reconn/s: 0.00
[ 140s ] thds: 400 tps: 15745.98 qps: 314736.38 (r/w/o: 220257.77/62987.83/31490.77) lat (ms,95%): 29.72 err/s: 0.00 reconn/s: 0.00
[ 150s ] thds: 400 tps: 12815.60 qps: 256765.07 (r/w/o: 179772.95/51360.01/25632.11) lat (ms,95%): 70.55 err/s: 0.00 reconn/s: 0.00
[ 160s ] thds: 400 tps: 11329.49 qps: 226393.29 (r/w/o: 158512.75/45222.06/22658.48) lat (ms,95%): 73.13 err/s: 0.00 reconn/s: 0.00
[ 170s ] thds: 400 tps: 13777.13 qps: 275310.07 (r/w/o: 192653.00/55114.21/27542.86) lat (ms,95%): 51.02 err/s: 0.00 reconn/s: 0.00
[ 180s ] thds: 400 tps: 15255.51 qps: 305323.56 (r/w/o: 213734.11/61080.93/30508.52) lat (ms,95%): 30.81 err/s: 0.00 reconn/s: 0.00
[ 190s ] thds: 400 tps: 15442.90 qps: 308885.37 (r/w/o: 216277.38/61706.89/30901.10) lat (ms,95%): 29.72 err/s: 0.20 reconn/s: 0.00
[ 200s ] thds: 400 tps: 15362.69 qps: 307022.57 (r/w/o: 214845.94/61452.15/30724.48) lat (ms,95%): 30.26 err/s: 0.10 reconn/s: 0.00
[ 210s ] thds: 400 tps: 15394.10 qps: 308172.24 (r/w/o: 215812.83/61570.31/30789.10) lat (ms,95%): 29.72 err/s: 0.00 reconn/s: 0.00
[ 220s ] thds: 400 tps: 15413.42 qps: 308458.21 (r/w/o: 215860.92/61770.36/30826.93) lat (ms,95%): 30.26 err/s: 0.00 reconn/s: 0.00
[ 230s ] thds: 400 tps: 15536.29 qps: 310608.74 (r/w/o: 217431.29/62105.77/31071.68) lat (ms,95%): 29.72 err/s: 0.00 reconn/s: 0.00
[ 240s ] thds: 400 tps: 15262.39 qps: 304965.10 (r/w/o: 213462.93/60976.68/30525.49) lat (ms,95%): 30.81 err/s: 0.00 reconn/s: 0.00
[ 250s ] thds: 400 tps: 15377.51 qps: 307535.16 (r/w/o: 215272.01/61507.63/30755.52) lat (ms,95%): 30.26 err/s: 0.00 reconn/s: 0.00
[ 260s ] thds: 400 tps: 15413.49 qps: 308372.30 (r/w/o: 215894.06/61651.76/30826.48) lat (ms,95%): 30.26 err/s: 0.00 reconn/s: 0.00
[ 270s ] thds: 400 tps: 15430.06 qps: 308823.91 (r/w/o: 216180.78/61782.52/30860.61) lat (ms,95%): 30.26 err/s: 0.00 reconn/s: 0.00
[ 280s ] thds: 400 tps: 15541.31 qps: 310431.63 (r/w/o: 217240.59/62109.53/31081.51) lat (ms,95%): 29.72 err/s: 0.00 reconn/s: 0.00
[ 290s ] thds: 400 tps: 15445.15 qps: 308968.13 (r/w/o: 216301.85/61774.89/30891.39) lat (ms,95%): 30.26 err/s: 0.00 reconn/s: 0.00
[ 300s ] thds: 400 tps: 13882.94 qps: 277704.20 (r/w/o: 194395.69/55542.84/27765.67) lat (ms,95%): 52.89 err/s: 0.00 reconn/s: 0.00
[ 310s ] thds: 400 tps: 12406.46 qps: 248325.21 (r/w/o: 173865.65/49646.64/24812.92) lat (ms,95%): 56.84 err/s: 0.00 reconn/s: 0.00
[ 320s ] thds: 400 tps: 13099.55 qps: 261830.33 (r/w/o: 183260.72/52370.21/26199.40) lat (ms,95%): 54.83 err/s: 0.00 reconn/s: 0.00
[ 330s ] thds: 400 tps: 15108.90 qps: 302043.94 (r/w/o: 211392.73/60433.31/30217.90) lat (ms,95%): 30.81 err/s: 0.00 reconn/s: 0.00
[ 340s ] thds: 400 tps: 15260.90 qps: 305521.29 (r/w/o: 213928.46/61071.82/30521.01) lat (ms,95%): 30.26 err/s: 0.00 reconn/s: 0.00
[ 350s ] thds: 400 tps: 15278.94 qps: 305493.73 (r/w/o: 213846.71/61089.05/30557.97) lat (ms,95%): 30.26 err/s: 0.00 reconn/s: 0.00
[ 360s ] thds: 400 tps: 15190.22 qps: 303701.88 (r/w/o: 212560.36/60760.48/30381.04) lat (ms,95%): 30.26 err/s: 0.10 reconn/s: 0.00
[ 370s ] thds: 400 tps: 15297.06 qps: 305959.34 (r/w/o: 214130.47/61234.65/30594.22) lat (ms,95%): 30.26 err/s: 0.00 reconn/s: 0.00
[ 380s ] thds: 400 tps: 15348.93 qps: 306942.58 (r/w/o: 214890.10/61354.62/30697.86) lat (ms,95%): 30.26 err/s: 0.00 reconn/s: 0.00
[ 390s ] thds: 400 tps: 15124.29 qps: 302588.63 (r/w/o: 211851.08/60489.37/30248.18) lat (ms,95%): 30.81 err/s: 0.00 reconn/s: 0.00
[ 400s ] thds: 400 tps: 15341.10 qps: 306956.61 (r/w/o: 214884.63/61389.08/30682.89) lat (ms,95%): 30.26 err/s: 0.00 reconn/s: 0.00
[ 410s ] thds: 400 tps: 15355.71 qps: 307122.79 (r/w/o: 214982.24/61429.04/30711.52) lat (ms,95%): 29.72 err/s: 0.00 reconn/s: 0.00
[ 420s ] thds: 400 tps: 15365.01 qps: 307243.48 (r/w/o: 215073.72/61440.54/30729.22) lat (ms,95%): 30.26 err/s: 0.00 reconn/s: 0.00
[ 430s ] thds: 400 tps: 15368.90 qps: 307254.51 (r/w/o: 215051.31/61465.00/30738.20) lat (ms,95%): 30.26 err/s: 0.00 reconn/s: 0.00
[ 440s ] thds: 400 tps: 15342.00 qps: 306715.89 (r/w/o: 214663.99/61367.70/30684.20) lat (ms,95%): 30.26 err/s: 0.00 reconn/s: 0.00
[ 450s ] thds: 400 tps: 13845.91 qps: 276982.09 (r/w/o: 193886.93/55416.44/27678.72) lat (ms,95%): 53.85 err/s: 0.00 reconn/s: 0.00
[ 460s ] thds: 400 tps: 12246.38 qps: 245037.62 (r/w/o: 171573.87/48958.00/24505.75) lat (ms,95%): 59.99 err/s: 0.00 reconn/s: 0.00
[ 470s ] thds: 400 tps: 12703.77 qps: 254033.47 (r/w/o: 177816.83/50809.09/25407.55) lat (ms,95%): 54.83 err/s: 0.00 reconn/s: 0.00
[ 480s ] thds: 400 tps: 15049.33 qps: 301191.38 (r/w/o: 210852.00/60240.22/30099.16) lat (ms,95%): 30.81 err/s: 0.00 reconn/s: 0.00
[ 490s ] thds: 400 tps: 15124.31 qps: 302074.55 (r/w/o: 211357.77/60472.35/30244.42) lat (ms,95%): 30.81 err/s: 0.00 reconn/s: 0.00
[ 500s ] thds: 400 tps: 15261.91 qps: 305655.21 (r/w/o: 214024.77/61102.42/30528.01) lat (ms,95%): 30.81 err/s: 0.00 reconn/s: 0.00
[ 510s ] thds: 400 tps: 15256.62 qps: 305127.93 (r/w/o: 213574.23/61040.67/30513.03) lat (ms,95%): 30.26 err/s: 0.00 reconn/s: 0.00
[ 520s ] thds: 400 tps: 15228.94 qps: 304324.91 (r/w/o: 213034.57/60832.86/30457.48) lat (ms,95%): 30.81 err/s: 0.00 reconn/s: 0.00
[ 530s ] thds: 400 tps: 14615.62 qps: 292324.49 (r/w/o: 204635.25/58457.60/29231.65) lat (ms,95%): 35.59 err/s: 0.00 reconn/s: 0.00
[ 540s ] thds: 400 tps: 13688.66 qps: 273885.05 (r/w/o: 191736.60/54771.23/27377.21) lat (ms,95%): 55.82 err/s: 0.10 reconn/s: 0.00
[ 550s ] thds: 400 tps: 12745.76 qps: 254843.49 (r/w/o: 178371.94/50980.54/25491.02) lat (ms,95%): 56.84 err/s: 0.00 reconn/s: 0.00
[ 560s ] thds: 400 tps: 13479.88 qps: 269599.28 (r/w/o: 188732.50/53906.72/26960.06) lat (ms,95%): 54.83 err/s: 0.00 reconn/s: 0.00
[ 570s ] thds: 400 tps: 14934.72 qps: 298914.50 (r/w/o: 209237.18/59807.28/29870.04) lat (ms,95%): 31.37 err/s: 0.00 reconn/s: 0.00
[ 580s ] thds: 400 tps: 15262.12 qps: 305073.92 (r/w/o: 213566.82/60982.86/30524.23) lat (ms,95%): 30.26 err/s: 0.00 reconn/s: 0.00
[ 590s ] thds: 400 tps: 15159.79 qps: 303277.92 (r/w/o: 212316.60/60641.64/30319.67) lat (ms,95%): 30.81 err/s: 0.00 reconn/s: 0.00
[ 600s ] thds: 400 tps: 14157.11 qps: 283131.48 (r/w/o: 198164.00/56653.46/28314.03) lat (ms,95%): 50.11 err/s: 0.00 reconn/s: 0.00
[ 610s ] thds: 400 tps: 13726.51 qps: 274369.30 (r/w/o: 192020.07/54897.42/27451.81) lat (ms,95%): 53.85 err/s: 0.00 reconn/s: 0.00
[ 620s ] thds: 400 tps: 12262.79 qps: 245251.68 (r/w/o: 171676.94/49047.96/24526.78) lat (ms,95%): 57.87 err/s: 0.00 reconn/s: 0.00
[ 630s ] thds: 400 tps: 13314.11 qps: 266071.06 (r/w/o: 186193.51/53252.83/26624.72) lat (ms,95%): 51.02 err/s: 0.00 reconn/s: 0.00
[ 640s ] thds: 400 tps: 14988.20 qps: 300146.02 (r/w/o: 210205.51/59960.80/29979.70) lat (ms,95%): 31.37 err/s: 0.10 reconn/s: 0.00
[ 650s ] thds: 400 tps: 15149.00 qps: 302960.58 (r/w/o: 212072.46/60589.92/30298.21) lat (ms,95%): 30.81 err/s: 0.00 reconn/s: 0.00
[ 660s ] thds: 400 tps: 15166.79 qps: 303311.88 (r/w/o: 212268.81/60711.98/30331.09) lat (ms,95%): 30.81 err/s: 0.00 reconn/s: 0.00
[ 670s ] thds: 400 tps: 15302.31 qps: 305984.45 (r/w/o: 214163.81/61213.33/30607.32) lat (ms,95%): 30.81 err/s: 0.00 reconn/s: 0.00
[ 680s ] thds: 400 tps: 15393.58 qps: 307598.78 (r/w/o: 215299.98/61513.64/30785.17) lat (ms,95%): 30.26 err/s: 0.10 reconn/s: 0.00
[ 690s ] thds: 400 tps: 15179.58 qps: 303870.89 (r/w/o: 212794.88/60713.94/30362.07) lat (ms,95%): 30.81 err/s: 0.20 reconn/s: 0.00
[ 700s ] thds: 400 tps: 14863.61 qps: 297168.70 (r/w/o: 207986.84/59454.84/29727.02) lat (ms,95%): 31.94 err/s: 0.00 reconn/s: 0.00
[ 710s ] thds: 400 tps: 15087.43 qps: 301664.09 (r/w/o: 211128.31/60361.82/30173.96) lat (ms,95%): 30.81 err/s: 0.00 reconn/s: 0.00
[ 720s ] thds: 400 tps: 15186.01 qps: 303975.73 (r/w/o: 212825.19/60778.83/30371.71) lat (ms,95%): 30.81 err/s: 0.00 reconn/s: 0.00
[ 730s ] thds: 400 tps: 15292.94 qps: 305647.13 (r/w/o: 213906.68/61162.17/30578.28) lat (ms,95%): 30.81 err/s: 0.00 reconn/s: 0.00
[ 740s ] thds: 400 tps: 15085.39 qps: 301865.37 (r/w/o: 211380.71/60304.27/30180.39) lat (ms,95%): 30.81 err/s: 0.10 reconn/s: 0.00
[ 750s ] thds: 400 tps: 13916.61 qps: 278183.48 (r/w/o: 194680.83/55687.04/27815.62) lat (ms,95%): 51.94 err/s: 0.00 reconn/s: 0.00
[ 760s ] thds: 400 tps: 13540.12 qps: 270740.14 (r/w/o: 189495.64/54148.57/27095.93) lat (ms,95%): 54.83 err/s: 0.00 reconn/s: 0.00
[ 770s ] thds: 400 tps: 12711.07 qps: 254278.48 (r/w/o: 178002.53/50852.80/25423.15) lat (ms,95%): 55.82 err/s: 0.00 reconn/s: 0.00
[ 780s ] thds: 400 tps: 12512.25 qps: 250315.38 (r/w/o: 175247.56/50043.52/25024.31) lat (ms,95%): 56.84 err/s: 0.00 reconn/s: 0.00
SQL statistics:
    queries performed:
        read:                            159441870
        write:                           45554774
        other:                           22777426
        total:                           227774070
    transactions:                        11388690 (14574.81 per sec.)
    queries:                             227774070 (291496.46 per sec.)
    ignored errors:                      15     (0.02 per sec.)
    reconnects:                          0      (0.00 per sec.)

General statistics:
    total time:                          781.3947s
    total number of events:              11388690

Latency (ms):
         min:                                   19.45
         avg:                                   27.40
         max:                                 1409.37
         95th percentile:                       34.95
         sum:                            312067506.85

Threads fairness:
    events (avg/stddev):           28471.7250/343.48
    execution time (avg/stddev):   780.1688/0.21

