sysbench 1.0.20-ebf1c90 (using bundled LuaJIT 2.1.0-beta2)

Running the test with following options:
Number of threads: 400
Report intermediate results every 10 second(s)
Initializing random number generator from current time


Initializing worker threads...

Threads started!

[ 10s ] thds: 400 tps: 9352.24 qps: 187312.46 (r/w/o: 131146.70/37421.38/18744.38) lat (ms,95%): 158.63 err/s: 0.00 reconn/s: 0.00
[ 20s ] thds: 400 tps: 12578.17 qps: 251799.55 (r/w/o: 176313.21/50330.59/25155.75) lat (ms,95%): 112.67 err/s: 0.00 reconn/s: 0.00
[ 30s ] thds: 400 tps: 14139.77 qps: 282613.93 (r/w/o: 197774.73/56562.56/28276.63) lat (ms,95%): 33.72 err/s: 0.00 reconn/s: 0.00
[ 40s ] thds: 400 tps: 14887.60 qps: 297706.77 (r/w/o: 208409.48/59519.09/29778.20) lat (ms,95%): 31.94 err/s: 0.00 reconn/s: 0.00
[ 50s ] thds: 400 tps: 15101.51 qps: 302274.36 (r/w/o: 211655.48/60415.25/30203.62) lat (ms,95%): 30.81 err/s: 0.00 reconn/s: 0.00
[ 60s ] thds: 400 tps: 15358.02 qps: 307245.21 (r/w/o: 215071.72/61457.36/30716.13) lat (ms,95%): 30.26 err/s: 0.00 reconn/s: 0.00
[ 70s ] thds: 400 tps: 15329.61 qps: 306587.96 (r/w/o: 214581.11/61348.53/30658.32) lat (ms,95%): 30.26 err/s: 0.10 reconn/s: 0.00
[ 80s ] thds: 400 tps: 15555.26 qps: 310862.89 (r/w/o: 217596.40/62154.86/31111.63) lat (ms,95%): 29.72 err/s: 0.10 reconn/s: 0.00
[ 90s ] thds: 400 tps: 15556.98 qps: 311150.55 (r/w/o: 217806.86/62229.33/31114.37) lat (ms,95%): 29.72 err/s: 0.10 reconn/s: 0.00
[ 100s ] thds: 400 tps: 15221.35 qps: 304641.75 (r/w/o: 213254.46/60944.69/30442.60) lat (ms,95%): 30.26 err/s: 0.00 reconn/s: 0.00
[ 110s ] thds: 400 tps: 15594.56 qps: 311589.94 (r/w/o: 218080.90/62319.73/31189.31) lat (ms,95%): 29.72 err/s: 0.00 reconn/s: 0.00
[ 120s ] thds: 400 tps: 15540.45 qps: 310973.02 (r/w/o: 217730.52/62161.40/31081.10) lat (ms,95%): 29.72 err/s: 0.00 reconn/s: 0.00
[ 130s ] thds: 400 tps: 15755.61 qps: 314996.03 (r/w/o: 220462.27/63022.85/31510.92) lat (ms,95%): 29.19 err/s: 0.00 reconn/s: 0.00
[ 140s ] thds: 400 tps: 15733.62 qps: 314601.10 (r/w/o: 220184.88/62963.68/31452.54) lat (ms,95%): 29.72 err/s: 0.10 reconn/s: 0.00
[ 150s ] thds: 400 tps: 12771.33 qps: 255771.51 (r/w/o: 179079.63/51134.12/25557.76) lat (ms,95%): 71.83 err/s: 0.00 reconn/s: 0.00
[ 160s ] thds: 400 tps: 11274.67 qps: 225341.06 (r/w/o: 157767.62/45023.69/22549.75) lat (ms,95%): 73.13 err/s: 0.00 reconn/s: 0.00
[ 170s ] thds: 400 tps: 13749.17 qps: 274889.92 (r/w/o: 192366.79/55024.79/27498.34) lat (ms,95%): 51.02 err/s: 0.00 reconn/s: 0.00
[ 180s ] thds: 400 tps: 15245.22 qps: 305239.84 (r/w/o: 213689.71/61059.79/30490.34) lat (ms,95%): 30.81 err/s: 0.00 reconn/s: 0.00
[ 190s ] thds: 400 tps: 15450.67 qps: 308658.20 (r/w/o: 216065.41/61691.26/30901.53) lat (ms,95%): 29.72 err/s: 0.00 reconn/s: 0.00
[ 200s ] thds: 400 tps: 15341.50 qps: 306708.36 (r/w/o: 214650.04/61381.21/30677.11) lat (ms,95%): 30.26 err/s: 0.00 reconn/s: 0.00
[ 210s ] thds: 400 tps: 15387.28 qps: 308045.51 (r/w/o: 215727.95/61536.91/30780.65) lat (ms,95%): 29.72 err/s: 0.10 reconn/s: 0.00
[ 220s ] thds: 400 tps: 15399.04 qps: 308090.97 (r/w/o: 215644.94/61647.85/30798.18) lat (ms,95%): 30.26 err/s: 0.00 reconn/s: 0.00
[ 230s ] thds: 400 tps: 15524.26 qps: 310492.40 (r/w/o: 217348.77/62095.12/31048.51) lat (ms,95%): 29.72 err/s: 0.00 reconn/s: 0.00
[ 240s ] thds: 400 tps: 15256.81 qps: 304753.87 (r/w/o: 213264.19/60976.35/30513.33) lat (ms,95%): 30.81 err/s: 0.00 reconn/s: 0.00
[ 250s ] thds: 400 tps: 15365.15 qps: 307237.48 (r/w/o: 215045.88/61462.00/30729.60) lat (ms,95%): 30.26 err/s: 0.00 reconn/s: 0.00
[ 260s ] thds: 400 tps: 15399.30 qps: 308117.59 (r/w/o: 215722.29/61596.10/30799.20) lat (ms,95%): 30.26 err/s: 0.10 reconn/s: 0.00
[ 270s ] thds: 400 tps: 15423.89 qps: 308722.02 (r/w/o: 216159.50/61714.24/30848.27) lat (ms,95%): 30.26 err/s: 0.00 reconn/s: 0.00
[ 280s ] thds: 400 tps: 15514.30 qps: 310189.42 (r/w/o: 217061.41/62099.40/31028.60) lat (ms,95%): 29.72 err/s: 0.00 reconn/s: 0.00
[ 290s ] thds: 400 tps: 15450.50 qps: 308716.29 (r/w/o: 216076.79/61739.20/30900.30) lat (ms,95%): 30.26 err/s: 0.00 reconn/s: 0.00
[ 300s ] thds: 400 tps: 13872.08 qps: 277650.39 (r/w/o: 194410.38/55496.44/27743.57) lat (ms,95%): 52.89 err/s: 0.00 reconn/s: 0.00
[ 310s ] thds: 400 tps: 12386.49 qps: 247898.77 (r/w/o: 173519.11/49605.57/24774.09) lat (ms,95%): 57.87 err/s: 0.00 reconn/s: 0.00
[ 320s ] thds: 400 tps: 13073.13 qps: 261170.63 (r/w/o: 182793.74/52230.93/26145.96) lat (ms,95%): 54.83 err/s: 0.00 reconn/s: 0.00
[ 330s ] thds: 400 tps: 15089.17 qps: 301845.52 (r/w/o: 211278.92/60387.66/30178.93) lat (ms,95%): 30.81 err/s: 0.00 reconn/s: 0.00
[ 340s ] thds: 400 tps: 15257.30 qps: 305295.19 (r/w/o: 213782.86/60997.82/30514.51) lat (ms,95%): 30.26 err/s: 0.00 reconn/s: 0.00
[ 350s ] thds: 400 tps: 15260.97 qps: 305118.96 (r/w/o: 213558.52/61038.39/30522.05) lat (ms,95%): 30.26 err/s: 0.00 reconn/s: 0.00
[ 360s ] thds: 400 tps: 15175.95 qps: 303445.53 (r/w/o: 212384.42/60709.91/30351.20) lat (ms,95%): 30.26 err/s: 0.00 reconn/s: 0.00
[ 370s ] thds: 400 tps: 15274.88 qps: 305601.72 (r/w/o: 213906.17/61156.60/30538.95) lat (ms,95%): 30.26 err/s: 0.00 reconn/s: 0.00
[ 380s ] thds: 400 tps: 15347.50 qps: 306808.39 (r/w/o: 214774.76/61327.22/30706.41) lat (ms,95%): 30.26 err/s: 0.10 reconn/s: 0.00
[ 390s ] thds: 400 tps: 15113.50 qps: 302357.34 (r/w/o: 211674.86/60454.99/30227.49) lat (ms,95%): 30.81 err/s: 0.00 reconn/s: 0.00
[ 400s ] thds: 400 tps: 15325.82 qps: 306685.15 (r/w/o: 214732.62/61300.69/30651.85) lat (ms,95%): 30.26 err/s: 0.00 reconn/s: 0.00
[ 410s ] thds: 400 tps: 15350.98 qps: 307041.86 (r/w/o: 214917.19/61423.11/30701.56) lat (ms,95%): 29.72 err/s: 0.00 reconn/s: 0.00
[ 420s ] thds: 400 tps: 15357.72 qps: 307066.08 (r/w/o: 214935.14/61415.40/30715.55) lat (ms,95%): 30.26 err/s: 0.00 reconn/s: 0.00
[ 430s ] thds: 400 tps: 15353.31 qps: 306953.71 (r/w/o: 214832.98/61414.52/30706.21) lat (ms,95%): 30.26 err/s: 0.00 reconn/s: 0.00
[ 440s ] thds: 400 tps: 15327.57 qps: 306422.21 (r/w/o: 214456.22/61311.16/30654.83) lat (ms,95%): 30.26 err/s: 0.10 reconn/s: 0.00
[ 450s ] thds: 400 tps: 13837.96 qps: 276887.62 (r/w/o: 193849.75/55362.84/27675.02) lat (ms,95%): 53.85 err/s: 0.00 reconn/s: 0.00
[ 460s ] thds: 400 tps: 12239.33 qps: 244877.84 (r/w/o: 171447.07/48957.01/24473.75) lat (ms,95%): 59.99 err/s: 0.00 reconn/s: 0.00
[ 470s ] thds: 400 tps: 12690.18 qps: 253687.86 (r/w/o: 177554.17/50746.33/25387.37) lat (ms,95%): 54.83 err/s: 0.00 reconn/s: 0.00
[ 480s ] thds: 400 tps: 15043.35 qps: 301058.79 (r/w/o: 210793.59/60178.80/30086.40) lat (ms,95%): 30.81 err/s: 0.00 reconn/s: 0.00
[ 490s ] thds: 400 tps: 15086.25 qps: 301691.93 (r/w/o: 211121.85/60409.89/30160.19) lat (ms,95%): 30.81 err/s: 0.00 reconn/s: 0.00
[ 500s ] thds: 400 tps: 15266.10 qps: 305368.87 (r/w/o: 213806.68/61019.59/30542.60) lat (ms,95%): 30.81 err/s: 0.00 reconn/s: 0.00
[ 510s ] thds: 400 tps: 15233.19 qps: 304740.11 (r/w/o: 213313.10/60960.54/30466.47) lat (ms,95%): 30.26 err/s: 0.00 reconn/s: 0.00
[ 520s ] thds: 400 tps: 15221.32 qps: 304104.74 (r/w/o: 212826.81/60833.39/30444.54) lat (ms,95%): 30.81 err/s: 0.00 reconn/s: 0.00
[ 530s ] thds: 400 tps: 14597.94 qps: 291966.85 (r/w/o: 204379.70/58395.17/29191.99) lat (ms,95%): 35.59 err/s: 0.00 reconn/s: 0.00
[ 540s ] thds: 400 tps: 13651.96 qps: 273198.01 (r/w/o: 191275.25/54615.84/27306.92) lat (ms,95%): 55.82 err/s: 0.00 reconn/s: 0.00
[ 550s ] thds: 400 tps: 12748.76 qps: 254874.83 (r/w/o: 178391.16/50985.64/25498.02) lat (ms,95%): 56.84 err/s: 0.00 reconn/s: 0.00
[ 560s ] thds: 400 tps: 13434.73 qps: 268788.55 (r/w/o: 188172.19/53746.81/26869.56) lat (ms,95%): 54.83 err/s: 0.10 reconn/s: 0.00
[ 570s ] thds: 400 tps: 14923.57 qps: 298690.71 (r/w/o: 209113.02/59729.76/29847.93) lat (ms,95%): 31.37 err/s: 0.00 reconn/s: 0.00
[ 580s ] thds: 400 tps: 15238.53 qps: 304571.15 (r/w/o: 213185.88/60908.31/30476.95) lat (ms,95%): 30.26 err/s: 0.00 reconn/s: 0.00
[ 590s ] thds: 400 tps: 15156.33 qps: 303177.71 (r/w/o: 212236.15/60628.90/30312.65) lat (ms,95%): 30.81 err/s: 0.00 reconn/s: 0.00
[ 600s ] thds: 400 tps: 14126.17 qps: 282522.15 (r/w/o: 197758.45/56512.47/28251.24) lat (ms,95%): 50.11 err/s: 0.10 reconn/s: 0.00
[ 610s ] thds: 400 tps: 13708.30 qps: 274072.82 (r/w/o: 191811.34/54849.28/27412.19) lat (ms,95%): 53.85 err/s: 0.00 reconn/s: 0.00
[ 620s ] thds: 400 tps: 12217.80 qps: 244219.06 (r/w/o: 170928.15/48850.51/24440.41) lat (ms,95%): 58.92 err/s: 0.00 reconn/s: 0.00
[ 630s ] thds: 400 tps: 13263.32 qps: 265418.73 (r/w/o: 185788.40/53105.99/26524.34) lat (ms,95%): 51.94 err/s: 0.00 reconn/s: 0.00
[ 640s ] thds: 400 tps: 14992.43 qps: 299942.27 (r/w/o: 210039.57/59914.93/29987.77) lat (ms,95%): 31.37 err/s: 0.00 reconn/s: 0.00
[ 650s ] thds: 400 tps: 15140.77 qps: 302777.73 (r/w/o: 211930.63/60565.27/30281.83) lat (ms,95%): 30.81 err/s: 0.00 reconn/s: 0.00
[ 660s ] thds: 400 tps: 15134.06 qps: 302843.32 (r/w/o: 211998.28/60577.02/30268.01) lat (ms,95%): 30.81 err/s: 0.00 reconn/s: 0.00
[ 670s ] thds: 400 tps: 15295.17 qps: 305846.40 (r/w/o: 214063.25/61193.30/30589.85) lat (ms,95%): 30.81 err/s: 0.10 reconn/s: 0.00
[ 680s ] thds: 400 tps: 15379.88 qps: 307383.98 (r/w/o: 215120.11/61505.31/30758.56) lat (ms,95%): 30.26 err/s: 0.00 reconn/s: 0.00
[ 690s ] thds: 400 tps: 15173.17 qps: 303423.60 (r/w/o: 212429.91/60645.46/30348.23) lat (ms,95%): 30.81 err/s: 0.00 reconn/s: 0.00
[ 700s ] thds: 400 tps: 14852.16 qps: 296951.27 (r/w/o: 207837.29/59409.46/29704.53) lat (ms,95%): 31.94 err/s: 0.00 reconn/s: 0.00
[ 710s ] thds: 400 tps: 15070.69 qps: 301382.50 (r/w/o: 210949.03/60293.78/30139.69) lat (ms,95%): 30.81 err/s: 0.00 reconn/s: 0.00
[ 720s ] thds: 400 tps: 15161.14 qps: 303547.55 (r/w/o: 212560.50/60662.97/30324.08) lat (ms,95%): 30.81 err/s: 0.00 reconn/s: 0.00
[ 730s ] thds: 400 tps: 15259.60 qps: 305353.19 (r/w/o: 213713.26/61121.72/30518.21) lat (ms,95%): 30.81 err/s: 0.00 reconn/s: 0.00
[ 740s ] thds: 400 tps: 15095.59 qps: 301568.95 (r/w/o: 211107.50/60269.57/30191.89) lat (ms,95%): 30.81 err/s: 0.00 reconn/s: 0.00
[ 750s ] thds: 400 tps: 13888.49 qps: 277970.13 (r/w/o: 194583.38/55610.57/27776.18) lat (ms,95%): 51.94 err/s: 0.00 reconn/s: 0.00
[ 760s ] thds: 400 tps: 13548.91 qps: 270968.61 (r/w/o: 189702.65/54167.44/27098.52) lat (ms,95%): 54.83 err/s: 0.00 reconn/s: 0.00
[ 770s ] thds: 400 tps: 12675.65 qps: 253245.92 (r/w/o: 177211.05/50697.18/25337.69) lat (ms,95%): 55.82 err/s: 0.00 reconn/s: 0.00
[ 780s ] thds: 400 tps: 12496.00 qps: 250252.58 (r/w/o: 175226.46/50020.12/25006.01) lat (ms,95%): 56.84 err/s: 0.00 reconn/s: 0.00
SQL statistics:
    queries performed:
        read:                            159280142
        write:                           45508575
        other:                           22754321
        total:                           227543038
    transactions:                        11377142 (14576.49 per sec.)
    queries:                             227543038 (291529.99 per sec.)
    ignored errors:                      11     (0.01 per sec.)
    reconnects:                          0      (0.00 per sec.)

General statistics:
    total time:                          780.5123s
    total number of events:              11377142

Latency (ms):
         min:                                   19.50
         avg:                                   27.42
         max:                                  513.15
         95th percentile:                       34.95
         sum:                            311988420.06

Threads fairness:
    events (avg/stddev):           28442.8550/342.42
    execution time (avg/stddev):   779.9711/0.07

