sysbench 1.0.20-ebf1c90 (using bundled LuaJIT 2.1.0-beta2)

Running the test with following options:
Number of threads: 400
Report intermediate results every 10 second(s)
Initializing random number generator from current time


Initializing worker threads...

Threads started!

[ 10s ] thds: 400 tps: 8681.99 qps: 174061.54 (r/w/o: 121908.24/34749.54/17403.76) lat (ms,95%): 161.51 err/s: 0.00 reconn/s: 0.00
[ 20s ] thds: 400 tps: 12349.44 qps: 247043.01 (r/w/o: 172938.79/49405.14/24699.07) lat (ms,95%): 114.72 err/s: 0.00 reconn/s: 0.00
[ 30s ] thds: 400 tps: 13981.47 qps: 279398.89 (r/w/o: 195535.84/55903.00/27960.05) lat (ms,95%): 34.33 err/s: 0.00 reconn/s: 0.00
[ 40s ] thds: 400 tps: 14855.90 qps: 297505.75 (r/w/o: 208319.47/59471.59/29714.69) lat (ms,95%): 32.53 err/s: 0.00 reconn/s: 0.00
[ 50s ] thds: 400 tps: 14897.53 qps: 297895.08 (r/w/o: 208518.91/59582.92/29793.26) lat (ms,95%): 32.53 err/s: 0.00 reconn/s: 0.00
[ 60s ] thds: 400 tps: 15223.98 qps: 304588.32 (r/w/o: 213186.23/60951.92/30450.16) lat (ms,95%): 31.37 err/s: 0.20 reconn/s: 0.00
[ 70s ] thds: 400 tps: 15049.86 qps: 300746.92 (r/w/o: 210544.29/60102.83/30099.81) lat (ms,95%): 32.53 err/s: 0.00 reconn/s: 0.00
[ 80s ] thds: 400 tps: 15533.41 qps: 310420.70 (r/w/o: 217221.52/62133.06/31066.13) lat (ms,95%): 30.26 err/s: 0.00 reconn/s: 0.00
[ 90s ] thds: 400 tps: 15381.45 qps: 307869.31 (r/w/o: 215532.38/61577.32/30759.61) lat (ms,95%): 30.81 err/s: 0.00 reconn/s: 0.00
[ 100s ] thds: 400 tps: 15200.91 qps: 303873.91 (r/w/o: 212716.98/60751.62/30405.31) lat (ms,95%): 31.37 err/s: 0.00 reconn/s: 0.00
[ 110s ] thds: 400 tps: 15302.69 qps: 306249.75 (r/w/o: 214378.43/61273.15/30598.18) lat (ms,95%): 31.37 err/s: 0.10 reconn/s: 0.00
[ 120s ] thds: 400 tps: 15393.12 qps: 307703.34 (r/w/o: 215399.91/61509.29/30794.14) lat (ms,95%): 30.81 err/s: 0.00 reconn/s: 0.00
[ 130s ] thds: 400 tps: 15552.84 qps: 311350.49 (r/w/o: 217931.22/62313.88/31105.39) lat (ms,95%): 30.26 err/s: 0.00 reconn/s: 0.00
[ 140s ] thds: 400 tps: 15493.81 qps: 309479.96 (r/w/o: 216604.98/61888.65/30986.33) lat (ms,95%): 31.37 err/s: 0.00 reconn/s: 0.00
[ 150s ] thds: 400 tps: 13794.02 qps: 275987.39 (r/w/o: 193228.97/55168.48/27589.94) lat (ms,95%): 58.92 err/s: 0.00 reconn/s: 0.00
[ 160s ] thds: 400 tps: 12799.44 qps: 256038.00 (r/w/o: 179248.29/51194.04/25595.67) lat (ms,95%): 63.32 err/s: 0.00 reconn/s: 0.00
[ 170s ] thds: 400 tps: 11446.50 qps: 228770.69 (r/w/o: 160084.39/45790.90/22895.40) lat (ms,95%): 66.84 err/s: 0.00 reconn/s: 0.00
[ 180s ] thds: 400 tps: 14819.72 qps: 296488.18 (r/w/o: 207556.57/59291.18/29640.44) lat (ms,95%): 33.12 err/s: 0.10 reconn/s: 0.00
[ 190s ] thds: 400 tps: 15326.50 qps: 306553.49 (r/w/o: 214596.79/61308.60/30648.10) lat (ms,95%): 31.37 err/s: 0.00 reconn/s: 0.00
[ 200s ] thds: 400 tps: 15190.54 qps: 303712.78 (r/w/o: 212573.24/60768.56/30370.98) lat (ms,95%): 31.94 err/s: 0.00 reconn/s: 0.00
[ 210s ] thds: 400 tps: 15163.31 qps: 303670.07 (r/w/o: 212603.02/60726.13/30340.92) lat (ms,95%): 31.94 err/s: 0.00 reconn/s: 0.00
[ 220s ] thds: 400 tps: 15110.10 qps: 302154.83 (r/w/o: 211537.82/60396.01/30221.00) lat (ms,95%): 31.94 err/s: 0.00 reconn/s: 0.00
[ 230s ] thds: 400 tps: 15395.18 qps: 307918.20 (r/w/o: 215573.52/61555.12/30789.56) lat (ms,95%): 30.81 err/s: 0.00 reconn/s: 0.00
[ 240s ] thds: 400 tps: 15287.17 qps: 305661.24 (r/w/o: 213962.51/61123.99/30574.74) lat (ms,95%): 31.37 err/s: 0.00 reconn/s: 0.00
[ 250s ] thds: 400 tps: 15158.80 qps: 303198.79 (r/w/o: 212247.56/60633.12/30318.11) lat (ms,95%): 31.94 err/s: 0.00 reconn/s: 0.00
[ 260s ] thds: 400 tps: 15251.88 qps: 304732.79 (r/w/o: 213230.61/60998.82/30503.36) lat (ms,95%): 31.37 err/s: 0.10 reconn/s: 0.00
[ 270s ] thds: 400 tps: 15319.62 qps: 306416.97 (r/w/o: 214468.03/61308.99/30639.95) lat (ms,95%): 30.81 err/s: 0.10 reconn/s: 0.00
[ 280s ] thds: 400 tps: 15292.07 qps: 305841.18 (r/w/o: 214116.47/61140.48/30584.24) lat (ms,95%): 31.37 err/s: 0.10 reconn/s: 0.00
[ 290s ] thds: 400 tps: 15326.75 qps: 306834.86 (r/w/o: 214854.37/61326.69/30653.80) lat (ms,95%): 31.37 err/s: 0.00 reconn/s: 0.00
[ 300s ] thds: 400 tps: 14311.52 qps: 286194.67 (r/w/o: 200342.53/57229.59/28622.55) lat (ms,95%): 47.47 err/s: 0.00 reconn/s: 0.00
[ 310s ] thds: 400 tps: 13354.95 qps: 267191.84 (r/w/o: 187014.33/53466.81/26710.70) lat (ms,95%): 52.89 err/s: 0.10 reconn/s: 0.00
[ 320s ] thds: 400 tps: 12308.39 qps: 245916.49 (r/w/o: 172120.32/49179.38/24616.79) lat (ms,95%): 54.83 err/s: 0.00 reconn/s: 0.00
[ 330s ] thds: 400 tps: 14071.07 qps: 281570.99 (r/w/o: 197138.07/56290.78/28142.14) lat (ms,95%): 44.17 err/s: 0.00 reconn/s: 0.00
[ 340s ] thds: 400 tps: 15295.92 qps: 305647.65 (r/w/o: 213868.71/61202.49/30576.44) lat (ms,95%): 31.37 err/s: 0.00 reconn/s: 0.00
[ 350s ] thds: 400 tps: 15001.71 qps: 300236.48 (r/w/o: 210232.90/59984.86/30018.73) lat (ms,95%): 31.94 err/s: 0.00 reconn/s: 0.00
[ 360s ] thds: 400 tps: 15073.69 qps: 301566.84 (r/w/o: 211116.12/60303.65/30147.07) lat (ms,95%): 31.94 err/s: 0.00 reconn/s: 0.00
[ 370s ] thds: 400 tps: 14856.01 qps: 297145.88 (r/w/o: 207929.70/59503.66/29712.53) lat (ms,95%): 32.53 err/s: 0.00 reconn/s: 0.00
[ 380s ] thds: 400 tps: 15287.46 qps: 305355.90 (r/w/o: 213720.61/61061.06/30574.23) lat (ms,95%): 30.81 err/s: 0.00 reconn/s: 0.00
[ 390s ] thds: 400 tps: 15137.81 qps: 303038.48 (r/w/o: 212211.50/60550.55/30276.43) lat (ms,95%): 31.94 err/s: 0.00 reconn/s: 0.00
[ 400s ] thds: 400 tps: 14978.32 qps: 299809.94 (r/w/o: 209818.51/60034.69/29956.74) lat (ms,95%): 31.94 err/s: 0.00 reconn/s: 0.00
[ 410s ] thds: 400 tps: 15044.30 qps: 300633.63 (r/w/o: 210491.25/60054.09/30088.29) lat (ms,95%): 31.94 err/s: 0.00 reconn/s: 0.00
[ 420s ] thds: 400 tps: 15083.92 qps: 301658.04 (r/w/o: 211144.41/60345.09/30168.54) lat (ms,95%): 31.37 err/s: 0.10 reconn/s: 0.00
[ 430s ] thds: 400 tps: 15260.58 qps: 305207.76 (r/w/o: 213591.99/61094.61/30521.16) lat (ms,95%): 31.37 err/s: 0.10 reconn/s: 0.00
[ 440s ] thds: 400 tps: 15197.74 qps: 303804.74 (r/w/o: 212676.22/60733.35/30395.17) lat (ms,95%): 31.37 err/s: 0.00 reconn/s: 0.00
[ 450s ] thds: 400 tps: 14042.93 qps: 281056.44 (r/w/o: 196791.25/56180.73/28084.46) lat (ms,95%): 49.21 err/s: 0.00 reconn/s: 0.00
[ 460s ] thds: 400 tps: 13468.66 qps: 269486.41 (r/w/o: 188640.24/53907.84/26938.32) lat (ms,95%): 51.02 err/s: 0.00 reconn/s: 0.00
[ 470s ] thds: 400 tps: 12627.86 qps: 252442.18 (r/w/o: 176697.23/50489.24/25255.72) lat (ms,95%): 52.89 err/s: 0.00 reconn/s: 0.00
[ 480s ] thds: 400 tps: 13803.43 qps: 275847.02 (r/w/o: 193043.43/55197.32/27606.26) lat (ms,95%): 47.47 err/s: 0.00 reconn/s: 0.00
[ 490s ] thds: 400 tps: 14949.50 qps: 299168.80 (r/w/o: 209430.30/59849.60/29888.90) lat (ms,95%): 32.53 err/s: 0.00 reconn/s: 0.00
[ 500s ] thds: 400 tps: 15093.39 qps: 301799.06 (r/w/o: 211265.43/60345.25/30188.38) lat (ms,95%): 31.94 err/s: 0.00 reconn/s: 0.00
[ 510s ] thds: 400 tps: 15075.84 qps: 301727.75 (r/w/o: 211254.32/60311.95/30161.48) lat (ms,95%): 31.37 err/s: 0.00 reconn/s: 0.00
[ 520s ] thds: 400 tps: 15073.27 qps: 301212.07 (r/w/o: 210812.63/60252.49/30146.95) lat (ms,95%): 31.94 err/s: 0.00 reconn/s: 0.00
[ 530s ] thds: 400 tps: 15180.73 qps: 303864.39 (r/w/o: 212770.18/60732.54/30361.67) lat (ms,95%): 31.37 err/s: 0.00 reconn/s: 0.00
[ 540s ] thds: 400 tps: 14747.67 qps: 294759.59 (r/w/o: 206249.68/59023.08/29486.84) lat (ms,95%): 34.33 err/s: 0.00 reconn/s: 0.00
[ 550s ] thds: 400 tps: 13845.40 qps: 276956.86 (r/w/o: 193913.27/55344.79/27698.80) lat (ms,95%): 52.89 err/s: 0.00 reconn/s: 0.00
[ 560s ] thds: 400 tps: 13484.80 qps: 269734.29 (r/w/o: 188818.76/53945.72/26969.81) lat (ms,95%): 56.84 err/s: 0.00 reconn/s: 0.00
[ 570s ] thds: 400 tps: 13181.35 qps: 263699.05 (r/w/o: 184615.04/52720.71/26363.31) lat (ms,95%): 55.82 err/s: 0.00 reconn/s: 0.00
[ 580s ] thds: 400 tps: 14917.92 qps: 298476.12 (r/w/o: 208906.42/59733.56/29836.13) lat (ms,95%): 32.53 err/s: 0.10 reconn/s: 0.00
[ 590s ] thds: 400 tps: 15084.48 qps: 301431.43 (r/w/o: 210960.64/60305.73/30165.06) lat (ms,95%): 31.94 err/s: 0.00 reconn/s: 0.00
[ 600s ] thds: 400 tps: 14165.65 qps: 283307.10 (r/w/o: 198342.20/56629.80/28335.10) lat (ms,95%): 46.63 err/s: 0.00 reconn/s: 0.00
[ 610s ] thds: 400 tps: 13632.59 qps: 272452.24 (r/w/o: 190656.19/54532.07/27263.98) lat (ms,95%): 51.02 err/s: 0.00 reconn/s: 0.00
[ 620s ] thds: 400 tps: 13320.85 qps: 266698.22 (r/w/o: 186747.81/53312.90/26637.50) lat (ms,95%): 51.02 err/s: 0.20 reconn/s: 0.00
[ 630s ] thds: 400 tps: 12660.89 qps: 253149.19 (r/w/o: 177184.65/50638.56/25325.98) lat (ms,95%): 51.94 err/s: 0.00 reconn/s: 0.00
[ 640s ] thds: 400 tps: 14968.97 qps: 299173.84 (r/w/o: 209385.84/59849.27/29938.73) lat (ms,95%): 32.53 err/s: 0.00 reconn/s: 0.00
[ 650s ] thds: 400 tps: 14953.95 qps: 299366.86 (r/w/o: 209642.57/59815.39/29908.90) lat (ms,95%): 31.94 err/s: 0.00 reconn/s: 0.00
[ 660s ] thds: 400 tps: 15125.31 qps: 302341.90 (r/w/o: 211570.04/60525.34/30246.52) lat (ms,95%): 31.94 err/s: 0.00 reconn/s: 0.00
[ 670s ] thds: 400 tps: 14919.06 qps: 298340.37 (r/w/o: 208846.62/59651.83/29841.92) lat (ms,95%): 32.53 err/s: 0.00 reconn/s: 0.00
[ 680s ] thds: 400 tps: 15228.39 qps: 304752.89 (r/w/o: 213319.65/60976.16/30457.08) lat (ms,95%): 31.37 err/s: 0.00 reconn/s: 0.00
[ 690s ] thds: 400 tps: 15165.28 qps: 303356.56 (r/w/o: 212360.99/60672.11/30323.46) lat (ms,95%): 31.94 err/s: 0.00 reconn/s: 0.00
[ 700s ] thds: 400 tps: 15036.50 qps: 300452.70 (r/w/o: 210284.33/60090.38/30077.99) lat (ms,95%): 31.94 err/s: 0.00 reconn/s: 0.00
[ 710s ] thds: 400 tps: 14971.26 qps: 299823.54 (r/w/o: 209974.07/59904.45/29945.02) lat (ms,95%): 31.94 err/s: 0.00 reconn/s: 0.00
[ 720s ] thds: 400 tps: 14658.57 qps: 293107.74 (r/w/o: 205187.31/58603.29/29317.14) lat (ms,95%): 33.72 err/s: 0.10 reconn/s: 0.00
[ 730s ] thds: 400 tps: 14992.17 qps: 299860.69 (r/w/o: 209852.67/60023.48/29984.54) lat (ms,95%): 31.94 err/s: 0.00 reconn/s: 0.00
[ 740s ] thds: 400 tps: 15123.22 qps: 302362.05 (r/w/o: 211637.05/60485.07/30239.94) lat (ms,95%): 31.94 err/s: 0.10 reconn/s: 0.00
[ 750s ] thds: 400 tps: 13977.00 qps: 279284.18 (r/w/o: 195462.59/55866.90/27954.70) lat (ms,95%): 49.21 err/s: 0.00 reconn/s: 0.00
[ 760s ] thds: 400 tps: 13589.02 qps: 272200.41 (r/w/o: 190603.29/54413.18/27183.94) lat (ms,95%): 51.02 err/s: 0.00 reconn/s: 0.00
[ 770s ] thds: 400 tps: 13313.64 qps: 265965.68 (r/w/o: 186135.92/53205.98/26623.79) lat (ms,95%): 52.89 err/s: 0.00 reconn/s: 0.00
[ 780s ] thds: 400 tps: 12934.90 qps: 258767.85 (r/w/o: 181151.76/51744.19/25871.90) lat (ms,95%): 51.94 err/s: 0.00 reconn/s: 0.00
SQL statistics:
    queries performed:
        read:                            158368406
        write:                           45248058
        other:                           22624086
        total:                           226240550
    transactions:                        11312014 (14479.31 per sec.)
    queries:                             226240550 (289586.46 per sec.)
    ignored errors:                      15     (0.02 per sec.)
    reconnects:                          0      (0.00 per sec.)

General statistics:
    total time:                          781.2529s
    total number of events:              11312014

Latency (ms):
         min:                                   19.64
         avg:                                   27.58
         max:                                 1259.07
         95th percentile:                       36.24
         sum:                            312040290.57

Threads fairness:
    events (avg/stddev):           28280.0350/275.30
    execution time (avg/stddev):   780.1007/0.16

