sysbench 1.0.20-ebf1c90 (using bundled LuaJIT 2.1.0-beta2)

Running the test with following options:
Number of threads: 400
Report intermediate results every 10 second(s)
Initializing random number generator from current time


Initializing worker threads...

Threads started!

[ 10s ] thds: 400 tps: 9018.23 qps: 180791.41 (r/w/o: 126629.37/36085.90/18076.14) lat (ms,95%): 158.63 err/s: 0.00 reconn/s: 0.00
[ 20s ] thds: 400 tps: 12356.61 qps: 247047.18 (r/w/o: 172906.69/49427.36/24713.13) lat (ms,95%): 114.72 err/s: 0.00 reconn/s: 0.00
[ 30s ] thds: 400 tps: 13977.33 qps: 279595.76 (r/w/o: 195703.09/55937.51/27955.16) lat (ms,95%): 34.33 err/s: 0.10 reconn/s: 0.00
[ 40s ] thds: 400 tps: 14870.28 qps: 297433.82 (r/w/o: 208240.13/59453.12/29740.56) lat (ms,95%): 32.53 err/s: 0.00 reconn/s: 0.00
[ 50s ] thds: 400 tps: 14903.67 qps: 297872.11 (r/w/o: 208450.71/59614.66/29806.73) lat (ms,95%): 32.53 err/s: 0.00 reconn/s: 0.00
[ 60s ] thds: 400 tps: 15249.12 qps: 305247.41 (r/w/o: 213757.51/60990.86/30499.03) lat (ms,95%): 31.37 err/s: 0.00 reconn/s: 0.00
[ 70s ] thds: 400 tps: 15032.13 qps: 300673.93 (r/w/o: 210426.74/60189.73/30057.46) lat (ms,95%): 32.53 err/s: 0.00 reconn/s: 0.00
[ 80s ] thds: 400 tps: 15519.35 qps: 310426.50 (r/w/o: 217303.23/62083.68/31039.59) lat (ms,95%): 30.26 err/s: 0.10 reconn/s: 0.00
[ 90s ] thds: 400 tps: 15393.75 qps: 307967.37 (r/w/o: 215604.18/61569.09/30794.10) lat (ms,95%): 30.81 err/s: 0.20 reconn/s: 0.00
[ 100s ] thds: 400 tps: 15220.38 qps: 304037.03 (r/w/o: 212784.17/60812.21/30440.65) lat (ms,95%): 31.37 err/s: 0.00 reconn/s: 0.00
[ 110s ] thds: 400 tps: 15282.47 qps: 305951.47 (r/w/o: 214239.86/61146.37/30565.24) lat (ms,95%): 31.37 err/s: 0.10 reconn/s: 0.00
[ 120s ] thds: 400 tps: 15408.45 qps: 307976.86 (r/w/o: 215492.64/61670.71/30813.51) lat (ms,95%): 30.81 err/s: 0.10 reconn/s: 0.00
[ 130s ] thds: 400 tps: 15561.88 qps: 311386.66 (r/w/o: 218037.09/62224.71/31124.86) lat (ms,95%): 30.26 err/s: 0.00 reconn/s: 0.00
[ 140s ] thds: 400 tps: 15475.20 qps: 309522.57 (r/w/o: 216624.48/61950.69/30947.40) lat (ms,95%): 30.81 err/s: 0.00 reconn/s: 0.00
[ 150s ] thds: 400 tps: 13806.59 qps: 275844.67 (r/w/o: 193076.54/55149.35/27618.78) lat (ms,95%): 58.92 err/s: 0.00 reconn/s: 0.00
[ 160s ] thds: 400 tps: 12625.49 qps: 252784.16 (r/w/o: 176978.13/50554.95/25251.08) lat (ms,95%): 63.32 err/s: 0.00 reconn/s: 0.00
[ 170s ] thds: 400 tps: 11541.02 qps: 230617.35 (r/w/o: 161421.05/46115.97/23080.34) lat (ms,95%): 66.84 err/s: 0.00 reconn/s: 0.00
[ 180s ] thds: 400 tps: 14821.96 qps: 296821.32 (r/w/o: 207765.48/59411.02/29644.81) lat (ms,95%): 33.12 err/s: 0.00 reconn/s: 0.00
[ 190s ] thds: 400 tps: 15324.19 qps: 306363.07 (r/w/o: 214498.61/61215.87/30648.59) lat (ms,95%): 31.37 err/s: 0.00 reconn/s: 0.00
[ 200s ] thds: 400 tps: 15202.09 qps: 303992.13 (r/w/o: 212822.48/60764.67/30404.98) lat (ms,95%): 31.94 err/s: 0.00 reconn/s: 0.00
[ 210s ] thds: 400 tps: 15182.74 qps: 303388.26 (r/w/o: 212295.53/60727.55/30365.18) lat (ms,95%): 31.94 err/s: 0.00 reconn/s: 0.00
[ 220s ] thds: 400 tps: 15114.72 qps: 302490.05 (r/w/o: 211800.72/60459.39/30229.95) lat (ms,95%): 31.94 err/s: 0.10 reconn/s: 0.00
[ 230s ] thds: 400 tps: 15392.51 qps: 307938.30 (r/w/o: 215550.64/61603.14/30784.52) lat (ms,95%): 30.81 err/s: 0.00 reconn/s: 0.00
[ 240s ] thds: 400 tps: 15283.78 qps: 305480.65 (r/w/o: 213810.16/61102.93/30567.57) lat (ms,95%): 31.37 err/s: 0.10 reconn/s: 0.00
[ 250s ] thds: 400 tps: 15155.41 qps: 303227.04 (r/w/o: 212285.30/60630.03/30311.71) lat (ms,95%): 31.37 err/s: 0.10 reconn/s: 0.00
[ 260s ] thds: 400 tps: 15215.69 qps: 304430.66 (r/w/o: 213107.60/60892.57/30430.49) lat (ms,95%): 31.37 err/s: 0.00 reconn/s: 0.00
[ 270s ] thds: 400 tps: 15359.21 qps: 306930.23 (r/w/o: 214778.39/61437.03/30714.81) lat (ms,95%): 30.81 err/s: 0.00 reconn/s: 0.00
[ 280s ] thds: 400 tps: 15273.60 qps: 305785.78 (r/w/o: 214107.46/61126.52/30551.81) lat (ms,95%): 31.37 err/s: 0.00 reconn/s: 0.00
[ 290s ] thds: 400 tps: 15362.93 qps: 306953.60 (r/w/o: 214847.39/61380.34/30725.87) lat (ms,95%): 31.37 err/s: 0.00 reconn/s: 0.00
[ 300s ] thds: 400 tps: 14287.65 qps: 285944.24 (r/w/o: 200164.33/57208.31/28571.60) lat (ms,95%): 47.47 err/s: 0.00 reconn/s: 0.00
[ 310s ] thds: 400 tps: 13304.71 qps: 265894.35 (r/w/o: 186114.10/53168.33/26611.91) lat (ms,95%): 52.89 err/s: 0.00 reconn/s: 0.00
[ 320s ] thds: 400 tps: 12300.68 qps: 246002.00 (r/w/o: 172184.52/49217.02/24600.46) lat (ms,95%): 55.82 err/s: 0.00 reconn/s: 0.00
[ 330s ] thds: 400 tps: 14149.04 qps: 283026.22 (r/w/o: 198143.17/56583.76/28299.28) lat (ms,95%): 43.39 err/s: 0.00 reconn/s: 0.00
[ 340s ] thds: 400 tps: 15275.86 qps: 305706.96 (r/w/o: 214029.08/61125.35/30552.53) lat (ms,95%): 31.37 err/s: 0.00 reconn/s: 0.00
[ 350s ] thds: 400 tps: 15000.51 qps: 299865.58 (r/w/o: 209851.42/60013.94/30000.22) lat (ms,95%): 32.53 err/s: 0.00 reconn/s: 0.00
[ 360s ] thds: 400 tps: 15082.22 qps: 301410.16 (r/w/o: 210946.93/60301.09/30162.15) lat (ms,95%): 31.94 err/s: 0.00 reconn/s: 0.00
[ 370s ] thds: 400 tps: 14852.92 qps: 297366.25 (r/w/o: 208233.35/59423.57/29709.34) lat (ms,95%): 32.53 err/s: 0.00 reconn/s: 0.00
[ 380s ] thds: 400 tps: 15269.06 qps: 305473.48 (r/w/o: 213822.83/61114.34/30536.32) lat (ms,95%): 30.81 err/s: 0.00 reconn/s: 0.00
[ 390s ] thds: 400 tps: 15161.87 qps: 302866.58 (r/w/o: 211960.87/60582.38/30323.34) lat (ms,95%): 31.94 err/s: 0.00 reconn/s: 0.00
[ 400s ] thds: 400 tps: 14974.91 qps: 299735.36 (r/w/o: 209878.18/59905.35/29951.83) lat (ms,95%): 31.94 err/s: 0.00 reconn/s: 0.00
[ 410s ] thds: 400 tps: 15025.61 qps: 300415.94 (r/w/o: 210246.07/60119.15/30050.72) lat (ms,95%): 31.94 err/s: 0.00 reconn/s: 0.00
[ 420s ] thds: 400 tps: 15110.30 qps: 302068.70 (r/w/o: 211429.60/60418.30/30220.80) lat (ms,95%): 31.37 err/s: 0.10 reconn/s: 0.00
[ 430s ] thds: 400 tps: 15232.45 qps: 304637.14 (r/w/o: 213238.03/60934.71/30464.40) lat (ms,95%): 31.37 err/s: 0.10 reconn/s: 0.00
[ 440s ] thds: 400 tps: 15183.05 qps: 304126.40 (r/w/o: 212937.17/60821.92/30367.31) lat (ms,95%): 31.37 err/s: 0.00 reconn/s: 0.00
[ 450s ] thds: 400 tps: 14073.05 qps: 281246.94 (r/w/o: 196902.26/56198.39/28146.29) lat (ms,95%): 49.21 err/s: 0.00 reconn/s: 0.00
[ 460s ] thds: 400 tps: 13386.84 qps: 267733.44 (r/w/o: 187387.02/53574.55/26771.87) lat (ms,95%): 51.94 err/s: 0.10 reconn/s: 0.00
[ 470s ] thds: 400 tps: 12645.74 qps: 252990.75 (r/w/o: 177112.32/50584.85/25293.57) lat (ms,95%): 52.89 err/s: 0.00 reconn/s: 0.00
[ 480s ] thds: 400 tps: 13833.53 qps: 276721.89 (r/w/o: 193701.78/55353.14/27666.97) lat (ms,95%): 47.47 err/s: 0.00 reconn/s: 0.00
[ 490s ] thds: 400 tps: 14965.34 qps: 299239.90 (r/w/o: 209481.43/59827.28/29931.19) lat (ms,95%): 32.53 err/s: 0.10 reconn/s: 0.00
[ 500s ] thds: 400 tps: 15102.91 qps: 301932.94 (r/w/o: 211310.17/60430.65/30192.12) lat (ms,95%): 31.94 err/s: 0.00 reconn/s: 0.00
[ 510s ] thds: 400 tps: 15081.33 qps: 301701.24 (r/w/o: 211227.74/60297.33/30176.16) lat (ms,95%): 31.37 err/s: 0.00 reconn/s: 0.00
[ 520s ] thds: 400 tps: 15039.07 qps: 300848.70 (r/w/o: 210610.41/60160.56/30077.73) lat (ms,95%): 31.94 err/s: 0.00 reconn/s: 0.00
[ 530s ] thds: 400 tps: 15215.17 qps: 304132.88 (r/w/o: 212840.67/60861.48/30430.74) lat (ms,95%): 31.37 err/s: 0.00 reconn/s: 0.00
[ 540s ] thds: 400 tps: 14677.81 qps: 293605.71 (r/w/o: 205524.44/58726.44/29354.82) lat (ms,95%): 34.95 err/s: 0.00 reconn/s: 0.00
[ 550s ] thds: 400 tps: 13826.67 qps: 276602.75 (r/w/o: 193647.42/55302.89/27652.45) lat (ms,95%): 52.89 err/s: 0.00 reconn/s: 0.00
[ 560s ] thds: 400 tps: 13436.28 qps: 268768.22 (r/w/o: 188126.16/53767.60/26874.45) lat (ms,95%): 56.84 err/s: 0.00 reconn/s: 0.00
[ 570s ] thds: 400 tps: 13303.46 qps: 265755.83 (r/w/o: 185975.76/53174.25/26605.82) lat (ms,95%): 54.83 err/s: 0.10 reconn/s: 0.00
[ 580s ] thds: 400 tps: 14924.39 qps: 298810.59 (r/w/o: 209259.42/59701.28/29849.89) lat (ms,95%): 32.53 err/s: 0.00 reconn/s: 0.00
[ 590s ] thds: 400 tps: 15056.89 qps: 301093.63 (r/w/o: 210759.21/60220.45/30113.97) lat (ms,95%): 31.94 err/s: 0.00 reconn/s: 0.00
[ 600s ] thds: 400 tps: 14155.71 qps: 283282.59 (r/w/o: 198279.90/56691.36/28311.33) lat (ms,95%): 46.63 err/s: 0.00 reconn/s: 0.00
[ 610s ] thds: 400 tps: 13631.46 qps: 272448.00 (r/w/o: 190723.64/54461.84/27262.52) lat (ms,95%): 51.02 err/s: 0.00 reconn/s: 0.00
[ 620s ] thds: 400 tps: 13290.69 qps: 265745.66 (r/w/o: 186007.50/53156.57/26581.59) lat (ms,95%): 51.94 err/s: 0.10 reconn/s: 0.00
[ 630s ] thds: 400 tps: 12694.89 qps: 253902.40 (r/w/o: 177685.69/50828.54/25388.17) lat (ms,95%): 51.94 err/s: 0.00 reconn/s: 0.00
[ 640s ] thds: 400 tps: 14947.97 qps: 298891.42 (r/w/o: 209251.49/59741.98/29897.94) lat (ms,95%): 32.53 err/s: 0.00 reconn/s: 0.00
[ 650s ] thds: 400 tps: 14998.10 qps: 300071.22 (r/w/o: 210043.91/60037.70/29989.60) lat (ms,95%): 31.94 err/s: 0.00 reconn/s: 0.00
[ 660s ] thds: 400 tps: 15108.82 qps: 302268.41 (r/w/o: 211643.52/60400.56/30224.33) lat (ms,95%): 31.94 err/s: 0.00 reconn/s: 0.00
[ 670s ] thds: 400 tps: 14956.17 qps: 298804.77 (r/w/o: 209067.36/59827.67/29909.74) lat (ms,95%): 32.53 err/s: 0.10 reconn/s: 0.00
[ 680s ] thds: 400 tps: 15220.70 qps: 304696.45 (r/w/o: 213367.86/60886.89/30441.69) lat (ms,95%): 31.37 err/s: 0.10 reconn/s: 0.00
[ 690s ] thds: 400 tps: 15158.44 qps: 303250.52 (r/w/o: 212277.50/60653.24/30319.77) lat (ms,95%): 31.94 err/s: 0.00 reconn/s: 0.00
[ 700s ] thds: 400 tps: 15014.36 qps: 300277.54 (r/w/o: 210205.87/60043.25/30028.42) lat (ms,95%): 32.53 err/s: 0.00 reconn/s: 0.00
[ 710s ] thds: 400 tps: 15001.26 qps: 299688.87 (r/w/o: 209700.22/59987.03/30001.62) lat (ms,95%): 31.94 err/s: 0.00 reconn/s: 0.00
[ 720s ] thds: 400 tps: 14676.16 qps: 293549.47 (r/w/o: 205485.52/58711.83/29352.12) lat (ms,95%): 33.72 err/s: 0.00 reconn/s: 0.00
[ 730s ] thds: 400 tps: 14990.81 qps: 299860.52 (r/w/o: 209921.78/59955.82/29982.91) lat (ms,95%): 31.94 err/s: 0.00 reconn/s: 0.00
[ 740s ] thds: 400 tps: 15107.69 qps: 302346.10 (r/w/o: 211705.63/60424.78/30215.69) lat (ms,95%): 31.94 err/s: 0.00 reconn/s: 0.00
[ 750s ] thds: 400 tps: 13959.44 qps: 279216.78 (r/w/o: 195454.72/55843.68/27918.39) lat (ms,95%): 49.21 err/s: 0.00 reconn/s: 0.00
[ 760s ] thds: 400 tps: 13619.10 qps: 272058.13 (r/w/o: 190345.05/54479.59/27233.49) lat (ms,95%): 51.02 err/s: 0.00 reconn/s: 0.00
[ 770s ] thds: 400 tps: 13217.85 qps: 264794.97 (r/w/o: 185412.85/52941.11/26441.01) lat (ms,95%): 52.89 err/s: 0.00 reconn/s: 0.00
[ 780s ] thds: 400 tps: 12705.97 qps: 253893.20 (r/w/o: 177713.68/50768.78/25410.74) lat (ms,95%): 52.89 err/s: 0.00 reconn/s: 0.00
SQL statistics:
    queries performed:
        read:                            158369316
        write:                           45248323
        other:                           22624207
        total:                           226241846
    transactions:                        11312077 (14480.24 per sec.)
    queries:                             226241846 (289605.21 per sec.)
    ignored errors:                      17     (0.02 per sec.)
    reconnects:                          0      (0.00 per sec.)

General statistics:
    total time:                          781.2068s
    total number of events:              11312077

Latency (ms):
         min:                                   19.52
         avg:                                   27.58
         max:                                 1430.00
         95th percentile:                       36.24
         sum:                            312035323.64

Threads fairness:
    events (avg/stddev):           28280.1925/286.08
    execution time (avg/stddev):   780.0883/0.18

