sysbench 1.0.20-ebf1c90 (using bundled LuaJIT 2.1.0-beta2)

Running the test with following options:
Number of threads: 400
Report intermediate results every 10 second(s)
Initializing random number generator from current time


Initializing worker threads...

Threads started!

[ 10s ] thds: 400 tps: 8650.05 qps: 173494.42 (r/w/o: 121541.27/34613.38/17339.78) lat (ms,95%): 161.51 err/s: 0.00 reconn/s: 0.00
[ 20s ] thds: 400 tps: 12349.03 qps: 246920.48 (r/w/o: 172822.98/49399.24/24698.27) lat (ms,95%): 121.08 err/s: 0.00 reconn/s: 0.00
[ 30s ] thds: 400 tps: 13974.45 qps: 279321.82 (r/w/o: 195474.91/55898.90/27948.00) lat (ms,95%): 34.33 err/s: 0.10 reconn/s: 0.00
[ 40s ] thds: 400 tps: 14861.77 qps: 297586.92 (r/w/o: 208384.09/59478.08/29724.74) lat (ms,95%): 32.53 err/s: 0.00 reconn/s: 0.00
[ 50s ] thds: 400 tps: 14899.93 qps: 297936.46 (r/w/o: 208554.39/59582.31/29799.76) lat (ms,95%): 32.53 err/s: 0.00 reconn/s: 0.00
[ 60s ] thds: 400 tps: 15245.40 qps: 304910.73 (r/w/o: 213430.15/60993.89/30486.69) lat (ms,95%): 31.37 err/s: 0.00 reconn/s: 0.00
[ 70s ] thds: 400 tps: 15051.85 qps: 300915.54 (r/w/o: 210642.06/60165.69/30107.79) lat (ms,95%): 32.53 err/s: 0.00 reconn/s: 0.00
[ 80s ] thds: 400 tps: 15521.53 qps: 310229.09 (r/w/o: 217082.99/62103.14/31042.97) lat (ms,95%): 30.26 err/s: 0.00 reconn/s: 0.00
[ 90s ] thds: 400 tps: 15382.71 qps: 307711.76 (r/w/o: 215395.78/61553.45/30762.53) lat (ms,95%): 30.81 err/s: 0.00 reconn/s: 0.00
[ 100s ] thds: 400 tps: 15191.67 qps: 303805.45 (r/w/o: 212689.74/60730.77/30384.93) lat (ms,95%): 31.37 err/s: 0.00 reconn/s: 0.00
[ 110s ] thds: 400 tps: 15303.49 qps: 306391.80 (r/w/o: 214505.76/61280.16/30605.88) lat (ms,95%): 31.37 err/s: 0.10 reconn/s: 0.00
[ 120s ] thds: 400 tps: 15407.94 qps: 307885.15 (r/w/o: 215499.93/61566.55/30818.68) lat (ms,95%): 30.81 err/s: 0.00 reconn/s: 0.00
[ 130s ] thds: 400 tps: 15550.78 qps: 311330.80 (r/w/o: 217923.32/62305.82/31101.66) lat (ms,95%): 30.26 err/s: 0.00 reconn/s: 0.00
[ 140s ] thds: 400 tps: 15489.46 qps: 309555.72 (r/w/o: 216676.79/61902.52/30976.41) lat (ms,95%): 30.81 err/s: 0.10 reconn/s: 0.00
[ 150s ] thds: 400 tps: 13806.39 qps: 275982.96 (r/w/o: 193186.90/55182.67/27613.39) lat (ms,95%): 57.87 err/s: 0.00 reconn/s: 0.00
[ 160s ] thds: 400 tps: 12804.90 qps: 256316.97 (r/w/o: 179471.38/51233.49/25612.10) lat (ms,95%): 63.32 err/s: 0.00 reconn/s: 0.00
[ 170s ] thds: 400 tps: 11483.86 qps: 229481.69 (r/w/o: 160579.51/45938.26/22963.93) lat (ms,95%): 65.65 err/s: 0.00 reconn/s: 0.00
[ 180s ] thds: 400 tps: 14838.54 qps: 296684.42 (r/w/o: 207670.38/59334.16/29679.88) lat (ms,95%): 33.12 err/s: 0.00 reconn/s: 0.00
[ 190s ] thds: 400 tps: 15319.21 qps: 306571.71 (r/w/o: 214623.28/61311.42/30637.01) lat (ms,95%): 31.37 err/s: 0.10 reconn/s: 0.00
[ 200s ] thds: 400 tps: 15177.77 qps: 303795.84 (r/w/o: 212663.54/60774.57/30357.73) lat (ms,95%): 31.94 err/s: 0.00 reconn/s: 0.00
[ 210s ] thds: 400 tps: 15220.92 qps: 304024.22 (r/w/o: 212799.13/60783.96/30441.13) lat (ms,95%): 31.94 err/s: 0.10 reconn/s: 0.00
[ 220s ] thds: 400 tps: 15100.17 qps: 302350.73 (r/w/o: 211707.70/60441.39/30201.64) lat (ms,95%): 31.94 err/s: 0.00 reconn/s: 0.00
[ 230s ] thds: 400 tps: 15389.25 qps: 307843.54 (r/w/o: 215507.63/61557.81/30778.10) lat (ms,95%): 30.81 err/s: 0.00 reconn/s: 0.00
[ 240s ] thds: 400 tps: 15288.63 qps: 305696.36 (r/w/o: 213990.69/61127.61/30578.06) lat (ms,95%): 31.37 err/s: 0.10 reconn/s: 0.00
[ 250s ] thds: 400 tps: 15145.67 qps: 302887.31 (r/w/o: 212015.92/60581.06/30290.33) lat (ms,95%): 31.94 err/s: 0.00 reconn/s: 0.00
[ 260s ] thds: 400 tps: 15262.08 qps: 304936.83 (r/w/o: 213380.04/61032.12/30524.66) lat (ms,95%): 31.37 err/s: 0.00 reconn/s: 0.00
[ 270s ] thds: 400 tps: 15325.49 qps: 306574.48 (r/w/o: 214596.21/61332.58/30645.69) lat (ms,95%): 30.81 err/s: 0.10 reconn/s: 0.00
[ 280s ] thds: 400 tps: 15304.49 qps: 306083.92 (r/w/o: 214281.97/61187.36/30614.58) lat (ms,95%): 31.37 err/s: 0.00 reconn/s: 0.00
[ 290s ] thds: 400 tps: 15321.38 qps: 306683.34 (r/w/o: 214741.08/61299.01/30643.25) lat (ms,95%): 31.37 err/s: 0.00 reconn/s: 0.00
[ 300s ] thds: 400 tps: 14329.46 qps: 286561.74 (r/w/o: 200582.97/57319.65/28659.12) lat (ms,95%): 47.47 err/s: 0.00 reconn/s: 0.00
[ 310s ] thds: 400 tps: 13366.67 qps: 267397.74 (r/w/o: 187159.04/53508.57/26730.13) lat (ms,95%): 52.89 err/s: 0.00 reconn/s: 0.00
[ 320s ] thds: 400 tps: 12338.09 qps: 246580.21 (r/w/o: 172607.40/49293.44/24679.37) lat (ms,95%): 54.83 err/s: 0.00 reconn/s: 0.00
[ 330s ] thds: 400 tps: 14086.84 qps: 281838.16 (r/w/o: 197308.30/56356.47/28173.39) lat (ms,95%): 44.17 err/s: 0.00 reconn/s: 0.00
[ 340s ] thds: 400 tps: 15275.15 qps: 305433.97 (r/w/o: 213735.35/61151.41/30547.21) lat (ms,95%): 31.37 err/s: 0.00 reconn/s: 0.00
[ 350s ] thds: 400 tps: 15019.23 qps: 300372.42 (r/w/o: 210309.07/60022.10/30041.25) lat (ms,95%): 31.94 err/s: 0.00 reconn/s: 0.00
[ 360s ] thds: 400 tps: 15075.32 qps: 301635.49 (r/w/o: 211171.15/60312.90/30151.45) lat (ms,95%): 31.94 err/s: 0.10 reconn/s: 0.00
[ 370s ] thds: 400 tps: 14851.76 qps: 297065.16 (r/w/o: 207899.91/59466.43/29698.82) lat (ms,95%): 32.53 err/s: 0.00 reconn/s: 0.00
[ 380s ] thds: 400 tps: 15298.27 qps: 305607.17 (r/w/o: 213877.43/61132.89/30596.85) lat (ms,95%): 30.81 err/s: 0.00 reconn/s: 0.00
[ 390s ] thds: 400 tps: 15135.90 qps: 302888.81 (r/w/o: 212083.11/60530.00/30275.70) lat (ms,95%): 31.94 err/s: 0.00 reconn/s: 0.00
[ 400s ] thds: 400 tps: 14974.48 qps: 299705.18 (r/w/o: 209773.41/59984.02/29947.76) lat (ms,95%): 31.94 err/s: 0.00 reconn/s: 0.00
[ 410s ] thds: 400 tps: 15046.25 qps: 300724.01 (r/w/o: 210531.64/60098.28/30094.09) lat (ms,95%): 31.94 err/s: 0.00 reconn/s: 0.00
[ 420s ] thds: 400 tps: 15093.55 qps: 301888.76 (r/w/o: 211322.34/60379.51/30186.91) lat (ms,95%): 31.37 err/s: 0.00 reconn/s: 0.00
[ 430s ] thds: 400 tps: 15274.21 qps: 305262.87 (r/w/o: 213618.29/61106.05/30538.53) lat (ms,95%): 30.81 err/s: 0.00 reconn/s: 0.00
[ 440s ] thds: 400 tps: 15187.17 qps: 303771.11 (r/w/o: 212651.69/60736.38/30383.04) lat (ms,95%): 31.37 err/s: 0.10 reconn/s: 0.00
[ 450s ] thds: 400 tps: 14046.20 qps: 281322.76 (r/w/o: 196979.94/56250.81/28092.01) lat (ms,95%): 49.21 err/s: 0.00 reconn/s: 0.00
[ 460s ] thds: 400 tps: 13520.03 qps: 270216.46 (r/w/o: 189164.06/54010.03/27042.37) lat (ms,95%): 51.02 err/s: 0.00 reconn/s: 0.00
[ 470s ] thds: 400 tps: 12648.55 qps: 252917.38 (r/w/o: 177012.96/50608.42/25296.01) lat (ms,95%): 52.89 err/s: 0.00 reconn/s: 0.00
[ 480s ] thds: 400 tps: 13801.11 qps: 275851.80 (r/w/o: 193056.47/55192.02/27603.31) lat (ms,95%): 47.47 err/s: 0.00 reconn/s: 0.00
[ 490s ] thds: 400 tps: 14966.31 qps: 299390.21 (r/w/o: 209574.77/59886.62/29928.81) lat (ms,95%): 32.53 err/s: 0.00 reconn/s: 0.00
[ 500s ] thds: 400 tps: 15086.96 qps: 301689.05 (r/w/o: 211184.61/60332.83/30171.62) lat (ms,95%): 31.94 err/s: 0.00 reconn/s: 0.00
[ 510s ] thds: 400 tps: 15071.12 qps: 301795.96 (r/w/o: 211330.45/60317.17/30148.34) lat (ms,95%): 31.37 err/s: 0.00 reconn/s: 0.00
[ 520s ] thds: 400 tps: 15088.22 qps: 301489.22 (r/w/o: 210998.03/60314.66/30176.53) lat (ms,95%): 31.94 err/s: 0.00 reconn/s: 0.00
[ 530s ] thds: 400 tps: 15179.12 qps: 303836.38 (r/w/o: 212742.07/60737.38/30356.94) lat (ms,95%): 31.37 err/s: 0.00 reconn/s: 0.00
[ 540s ] thds: 400 tps: 14748.35 qps: 294897.31 (r/w/o: 206367.81/59038.90/29490.60) lat (ms,95%): 34.33 err/s: 0.00 reconn/s: 0.00
[ 550s ] thds: 400 tps: 13869.33 qps: 277349.12 (r/w/o: 194181.66/55421.60/27745.85) lat (ms,95%): 51.94 err/s: 0.00 reconn/s: 0.00
[ 560s ] thds: 400 tps: 13503.94 qps: 270112.79 (r/w/o: 189084.35/54020.46/27007.98) lat (ms,95%): 55.82 err/s: 0.00 reconn/s: 0.00
[ 570s ] thds: 400 tps: 13206.22 qps: 264216.98 (r/w/o: 184952.66/52851.48/26412.84) lat (ms,95%): 54.83 err/s: 0.00 reconn/s: 0.00
[ 580s ] thds: 400 tps: 14932.57 qps: 298664.09 (r/w/o: 209061.54/59737.10/29865.45) lat (ms,95%): 32.53 err/s: 0.10 reconn/s: 0.00
[ 590s ] thds: 400 tps: 15077.88 qps: 301276.89 (r/w/o: 210843.81/60278.62/30154.46) lat (ms,95%): 31.94 err/s: 0.10 reconn/s: 0.00
[ 600s ] thds: 400 tps: 14168.70 qps: 283413.92 (r/w/o: 198417.81/56657.20/28338.90) lat (ms,95%): 46.63 err/s: 0.00 reconn/s: 0.00
[ 610s ] thds: 400 tps: 13659.30 qps: 273094.67 (r/w/o: 191134.28/54646.69/27313.70) lat (ms,95%): 50.11 err/s: 0.10 reconn/s: 0.00
[ 620s ] thds: 400 tps: 13368.20 qps: 267490.89 (r/w/o: 187286.56/53463.42/26740.91) lat (ms,95%): 51.02 err/s: 0.00 reconn/s: 0.00
[ 630s ] thds: 400 tps: 12670.20 qps: 253389.13 (r/w/o: 177352.95/50695.59/25340.59) lat (ms,95%): 51.02 err/s: 0.00 reconn/s: 0.00
[ 640s ] thds: 400 tps: 14962.51 qps: 299089.50 (r/w/o: 209315.14/59849.14/29925.22) lat (ms,95%): 33.12 err/s: 0.00 reconn/s: 0.00
[ 650s ] thds: 400 tps: 14970.12 qps: 299647.75 (r/w/o: 209837.04/59870.37/29940.34) lat (ms,95%): 31.94 err/s: 0.10 reconn/s: 0.00
[ 660s ] thds: 400 tps: 15129.85 qps: 302363.48 (r/w/o: 211577.69/60528.70/30257.10) lat (ms,95%): 31.94 err/s: 0.00 reconn/s: 0.00
[ 670s ] thds: 400 tps: 14935.33 qps: 298712.81 (r/w/o: 209108.73/59731.12/29872.96) lat (ms,95%): 32.53 err/s: 0.00 reconn/s: 0.00
[ 680s ] thds: 400 tps: 15227.35 qps: 304700.90 (r/w/o: 213305.13/60942.38/30453.39) lat (ms,95%): 31.37 err/s: 0.00 reconn/s: 0.00
[ 690s ] thds: 400 tps: 15171.15 qps: 303432.02 (r/w/o: 212387.71/60706.80/30337.50) lat (ms,95%): 31.94 err/s: 0.00 reconn/s: 0.00
[ 700s ] thds: 400 tps: 15033.21 qps: 300505.91 (r/w/o: 210343.37/60095.72/30066.81) lat (ms,95%): 31.94 err/s: 0.00 reconn/s: 0.00
[ 710s ] thds: 400 tps: 14982.81 qps: 300071.24 (r/w/o: 210118.07/59981.15/29972.02) lat (ms,95%): 31.94 err/s: 0.00 reconn/s: 0.00
[ 720s ] thds: 400 tps: 14682.70 qps: 293562.24 (r/w/o: 205514.26/58682.69/29365.29) lat (ms,95%): 33.72 err/s: 0.00 reconn/s: 0.00
[ 730s ] thds: 400 tps: 14993.28 qps: 299744.96 (r/w/o: 209763.79/60002.21/29978.96) lat (ms,95%): 31.94 err/s: 0.00 reconn/s: 0.00
[ 740s ] thds: 400 tps: 15113.30 qps: 302398.77 (r/w/o: 211683.55/60480.91/30234.31) lat (ms,95%): 31.94 err/s: 0.00 reconn/s: 0.00
[ 750s ] thds: 400 tps: 14005.59 qps: 279776.08 (r/w/o: 195819.01/55945.98/28011.09) lat (ms,95%): 48.34 err/s: 0.00 reconn/s: 0.00
[ 760s ] thds: 400 tps: 13605.81 qps: 272420.04 (r/w/o: 190727.80/54486.63/27205.61) lat (ms,95%): 51.02 err/s: 0.00 reconn/s: 0.00
[ 770s ] thds: 400 tps: 13324.20 qps: 266387.24 (r/w/o: 186475.23/53257.41/26654.60) lat (ms,95%): 51.94 err/s: 0.00 reconn/s: 0.00
[ 780s ] thds: 400 tps: 12989.34 qps: 259734.47 (r/w/o: 181805.84/51953.15/25975.48) lat (ms,95%): 51.94 err/s: 0.00 reconn/s: 0.00
SQL statistics:
    queries performed:
        read:                            158452154
        write:                           45272000
        other:                           22636040
        total:                           226360194
    transactions:                        11317998 (14496.92 per sec.)
    queries:                             226360194 (289938.79 per sec.)
    ignored errors:                      13     (0.02 per sec.)
    reconnects:                          0      (0.00 per sec.)

General statistics:
    total time:                          780.7162s
    total number of events:              11317998

Latency (ms):
         min:                                   19.60
         avg:                                   27.57
         max:                                  716.80
         95th percentile:                       36.24
         sum:                            311996186.24

Threads fairness:
    events (avg/stddev):           28294.9950/272.75
    execution time (avg/stddev):   779.9905/0.09

