sysbench 1.0.20-ebf1c90 (using bundled LuaJIT 2.1.0-beta2)

Running the test with following options:
Number of threads: 400
Report intermediate results every 10 second(s)
Initializing random number generator from current time


Initializing worker threads...

Threads started!

[ 10s ] thds: 400 tps: 9914.44 qps: 198785.29 (r/w/o: 139223.85/39694.47/19866.98) lat (ms,95%): 153.02 err/s: 0.00 reconn/s: 0.00
[ 20s ] thds: 400 tps: 12875.15 qps: 257480.79 (r/w/o: 180251.56/51477.02/25752.21) lat (ms,95%): 55.82 err/s: 0.00 reconn/s: 0.00
[ 30s ] thds: 400 tps: 14407.66 qps: 288159.76 (r/w/o: 201688.49/57658.95/28812.33) lat (ms,95%): 33.12 err/s: 0.00 reconn/s: 0.00
[ 40s ] thds: 400 tps: 15127.13 qps: 302343.53 (r/w/o: 211618.14/60469.33/30256.06) lat (ms,95%): 31.37 err/s: 0.00 reconn/s: 0.00
[ 50s ] thds: 400 tps: 15182.17 qps: 303814.40 (r/w/o: 212715.15/60733.90/30365.35) lat (ms,95%): 30.81 err/s: 0.00 reconn/s: 0.00
[ 60s ] thds: 400 tps: 15313.67 qps: 306082.82 (r/w/o: 214205.49/61250.08/30627.24) lat (ms,95%): 29.72 err/s: 0.10 reconn/s: 0.00
[ 70s ] thds: 400 tps: 15351.20 qps: 307002.86 (r/w/o: 214883.97/61428.29/30690.60) lat (ms,95%): 30.26 err/s: 0.00 reconn/s: 0.00
[ 80s ] thds: 400 tps: 15833.02 qps: 316577.25 (r/w/o: 221586.82/63312.49/31677.94) lat (ms,95%): 29.19 err/s: 0.10 reconn/s: 0.00
[ 90s ] thds: 400 tps: 15651.39 qps: 313425.94 (r/w/o: 219466.47/62658.99/31300.49) lat (ms,95%): 29.19 err/s: 0.00 reconn/s: 0.00
[ 100s ] thds: 400 tps: 15361.36 qps: 307339.87 (r/w/o: 215131.92/61482.33/30725.62) lat (ms,95%): 29.72 err/s: 0.00 reconn/s: 0.00
[ 110s ] thds: 400 tps: 15640.04 qps: 312381.07 (r/w/o: 218618.11/62487.37/31275.59) lat (ms,95%): 29.19 err/s: 0.00 reconn/s: 0.00
[ 120s ] thds: 400 tps: 15780.27 qps: 315727.25 (r/w/o: 221062.22/63100.09/31564.95) lat (ms,95%): 29.19 err/s: 0.00 reconn/s: 0.00
[ 130s ] thds: 400 tps: 15900.71 qps: 318120.55 (r/w/o: 222705.68/63615.25/31799.63) lat (ms,95%): 29.19 err/s: 0.00 reconn/s: 0.00
[ 140s ] thds: 400 tps: 15969.06 qps: 319417.01 (r/w/o: 223612.85/63864.14/31940.02) lat (ms,95%): 28.67 err/s: 0.00 reconn/s: 0.00
[ 150s ] thds: 400 tps: 12879.62 qps: 257588.37 (r/w/o: 180247.25/51585.38/25755.74) lat (ms,95%): 70.55 err/s: 0.00 reconn/s: 0.00
[ 160s ] thds: 400 tps: 11170.44 qps: 223352.91 (r/w/o: 156379.20/44629.54/22344.17) lat (ms,95%): 71.83 err/s: 0.00 reconn/s: 0.00
[ 170s ] thds: 400 tps: 14014.14 qps: 280248.60 (r/w/o: 196177.29/56042.84/28028.47) lat (ms,95%): 48.34 err/s: 0.00 reconn/s: 0.00
[ 180s ] thds: 400 tps: 15394.80 qps: 307729.14 (r/w/o: 215362.86/61576.99/30789.29) lat (ms,95%): 30.81 err/s: 0.00 reconn/s: 0.00
[ 190s ] thds: 400 tps: 15728.23 qps: 314630.45 (r/w/o: 220257.89/62916.21/31456.36) lat (ms,95%): 29.72 err/s: 0.00 reconn/s: 0.00
[ 200s ] thds: 400 tps: 15701.69 qps: 314275.66 (r/w/o: 220047.43/62824.35/31403.88) lat (ms,95%): 29.72 err/s: 0.00 reconn/s: 0.00
[ 210s ] thds: 400 tps: 15467.83 qps: 309403.77 (r/w/o: 216532.80/61938.11/30932.86) lat (ms,95%): 30.26 err/s: 0.00 reconn/s: 0.00
[ 220s ] thds: 400 tps: 15686.48 qps: 313380.43 (r/w/o: 219346.34/62658.43/31375.66) lat (ms,95%): 29.72 err/s: 0.10 reconn/s: 0.00
[ 230s ] thds: 400 tps: 15707.97 qps: 314400.28 (r/w/o: 220082.53/62906.19/31411.55) lat (ms,95%): 29.72 err/s: 0.00 reconn/s: 0.00
[ 240s ] thds: 400 tps: 15441.02 qps: 308804.95 (r/w/o: 216162.42/61755.69/30886.85) lat (ms,95%): 30.26 err/s: 0.00 reconn/s: 0.00
[ 250s ] thds: 400 tps: 15658.51 qps: 312925.32 (r/w/o: 219029.56/62579.14/31316.62) lat (ms,95%): 29.72 err/s: 0.00 reconn/s: 0.00
[ 260s ] thds: 400 tps: 15709.60 qps: 314176.88 (r/w/o: 219929.38/62828.50/31419.00) lat (ms,95%): 29.19 err/s: 0.00 reconn/s: 0.00
[ 270s ] thds: 400 tps: 15705.51 qps: 314072.46 (r/w/o: 219839.08/62823.25/31410.13) lat (ms,95%): 29.19 err/s: 0.00 reconn/s: 0.00
[ 280s ] thds: 400 tps: 15624.47 qps: 312463.03 (r/w/o: 218710.40/62503.69/31248.94) lat (ms,95%): 29.72 err/s: 0.00 reconn/s: 0.00
[ 290s ] thds: 400 tps: 15273.75 qps: 305928.19 (r/w/o: 214242.99/61136.10/30549.10) lat (ms,95%): 30.26 err/s: 0.00 reconn/s: 0.00
[ 300s ] thds: 400 tps: 13945.46 qps: 278734.03 (r/w/o: 195078.76/55765.55/27889.72) lat (ms,95%): 52.89 err/s: 0.10 reconn/s: 0.00
[ 310s ] thds: 400 tps: 12723.63 qps: 254408.51 (r/w/o: 178096.93/50863.62/25447.96) lat (ms,95%): 55.82 err/s: 0.00 reconn/s: 0.00
[ 320s ] thds: 400 tps: 13939.45 qps: 278733.81 (r/w/o: 195097.73/55756.38/27879.69) lat (ms,95%): 49.21 err/s: 0.10 reconn/s: 0.00
[ 330s ] thds: 400 tps: 15573.27 qps: 311405.68 (r/w/o: 217961.57/62297.78/31146.34) lat (ms,95%): 30.26 err/s: 0.00 reconn/s: 0.00
[ 340s ] thds: 400 tps: 15477.81 qps: 309883.47 (r/w/o: 216997.11/61930.23/30956.12) lat (ms,95%): 30.26 err/s: 0.00 reconn/s: 0.00
[ 350s ] thds: 400 tps: 15310.15 qps: 306187.13 (r/w/o: 214316.02/61251.91/30619.20) lat (ms,95%): 30.81 err/s: 0.00 reconn/s: 0.00
[ 360s ] thds: 400 tps: 15628.43 qps: 312304.77 (r/w/o: 218561.77/62487.13/31255.87) lat (ms,95%): 29.72 err/s: 0.00 reconn/s: 0.00
[ 370s ] thds: 400 tps: 15628.81 qps: 312875.58 (r/w/o: 219019.93/62595.64/31260.02) lat (ms,95%): 29.72 err/s: 0.10 reconn/s: 0.00
[ 380s ] thds: 400 tps: 15444.30 qps: 308885.96 (r/w/o: 216279.04/61718.31/30888.61) lat (ms,95%): 30.26 err/s: 0.00 reconn/s: 0.00
[ 390s ] thds: 400 tps: 15563.50 qps: 310863.90 (r/w/o: 217507.80/62234.80/31121.30) lat (ms,95%): 29.72 err/s: 0.00 reconn/s: 0.00
[ 400s ] thds: 400 tps: 15637.13 qps: 313032.60 (r/w/o: 219202.82/62550.12/31279.66) lat (ms,95%): 29.72 err/s: 0.00 reconn/s: 0.00
[ 410s ] thds: 400 tps: 15675.28 qps: 313597.61 (r/w/o: 219517.93/62729.12/31350.56) lat (ms,95%): 29.72 err/s: 0.00 reconn/s: 0.00
[ 420s ] thds: 400 tps: 15768.31 qps: 315104.39 (r/w/o: 220507.40/63068.36/31528.63) lat (ms,95%): 29.19 err/s: 0.00 reconn/s: 0.00
[ 430s ] thds: 400 tps: 15400.71 qps: 308098.50 (r/w/o: 215716.94/61572.34/30809.22) lat (ms,95%): 30.26 err/s: 0.00 reconn/s: 0.00
[ 440s ] thds: 400 tps: 14485.25 qps: 289615.95 (r/w/o: 202711.26/57933.79/28970.89) lat (ms,95%): 50.11 err/s: 0.00 reconn/s: 0.00
[ 450s ] thds: 400 tps: 13909.77 qps: 278228.99 (r/w/o: 194730.64/55679.40/27818.95) lat (ms,95%): 53.85 err/s: 0.00 reconn/s: 0.00
[ 460s ] thds: 400 tps: 12514.92 qps: 250283.80 (r/w/o: 175227.38/50037.68/25018.74) lat (ms,95%): 58.92 err/s: 0.00 reconn/s: 0.00
[ 470s ] thds: 400 tps: 13881.71 qps: 277659.72 (r/w/o: 194374.16/55510.44/27775.12) lat (ms,95%): 49.21 err/s: 0.00 reconn/s: 0.00
[ 480s ] thds: 400 tps: 15362.28 qps: 307331.93 (r/w/o: 215159.57/61447.31/30725.05) lat (ms,95%): 30.81 err/s: 0.10 reconn/s: 0.00
[ 490s ] thds: 400 tps: 15458.18 qps: 309125.36 (r/w/o: 216332.66/61881.03/30911.67) lat (ms,95%): 29.72 err/s: 0.00 reconn/s: 0.00
[ 500s ] thds: 400 tps: 15571.90 qps: 311258.81 (r/w/o: 217868.61/62243.00/31147.20) lat (ms,95%): 29.72 err/s: 0.00 reconn/s: 0.00
[ 510s ] thds: 400 tps: 15673.88 qps: 313545.18 (r/w/o: 219502.37/62693.93/31348.87) lat (ms,95%): 29.72 err/s: 0.00 reconn/s: 0.00
[ 520s ] thds: 400 tps: 14676.40 qps: 293469.45 (r/w/o: 205409.43/58708.21/29351.80) lat (ms,95%): 47.47 err/s: 0.00 reconn/s: 0.00
[ 530s ] thds: 400 tps: 14586.38 qps: 291943.34 (r/w/o: 204424.55/58345.43/29173.36) lat (ms,95%): 49.21 err/s: 0.00 reconn/s: 0.00
[ 540s ] thds: 400 tps: 14064.76 qps: 281229.24 (r/w/o: 196840.57/56259.25/28129.42) lat (ms,95%): 54.83 err/s: 0.00 reconn/s: 0.00
[ 550s ] thds: 400 tps: 13102.98 qps: 262092.74 (r/w/o: 183448.85/52438.03/26205.86) lat (ms,95%): 59.99 err/s: 0.00 reconn/s: 0.00
[ 560s ] thds: 400 tps: 14726.88 qps: 294586.58 (r/w/o: 206215.08/58927.14/29444.37) lat (ms,95%): 40.37 err/s: 0.00 reconn/s: 0.00
[ 570s ] thds: 400 tps: 15561.18 qps: 311314.16 (r/w/o: 217947.89/62233.31/31132.96) lat (ms,95%): 29.72 err/s: 0.00 reconn/s: 0.00
[ 580s ] thds: 400 tps: 15220.46 qps: 304327.09 (r/w/o: 213032.50/60853.96/30440.63) lat (ms,95%): 31.37 err/s: 0.10 reconn/s: 0.00
[ 590s ] thds: 400 tps: 14465.54 qps: 289182.33 (r/w/o: 202394.28/57856.56/28931.48) lat (ms,95%): 48.34 err/s: 0.00 reconn/s: 0.00
[ 600s ] thds: 400 tps: 13984.57 qps: 279809.59 (r/w/o: 195862.18/55980.68/27966.74) lat (ms,95%): 52.89 err/s: 0.00 reconn/s: 0.00
[ 610s ] thds: 400 tps: 13530.24 qps: 270685.72 (r/w/o: 189523.37/54099.76/27062.58) lat (ms,95%): 54.83 err/s: 0.00 reconn/s: 0.00
[ 620s ] thds: 400 tps: 12658.05 qps: 253100.58 (r/w/o: 177155.75/50628.32/25316.51) lat (ms,95%): 55.82 err/s: 0.00 reconn/s: 0.00
[ 630s ] thds: 400 tps: 15452.01 qps: 308913.58 (r/w/o: 216219.53/61790.54/30903.52) lat (ms,95%): 30.81 err/s: 0.00 reconn/s: 0.00
[ 640s ] thds: 400 tps: 15378.57 qps: 307769.77 (r/w/o: 215486.76/61525.37/30757.64) lat (ms,95%): 30.81 err/s: 0.00 reconn/s: 0.00
[ 650s ] thds: 400 tps: 15577.55 qps: 311572.38 (r/w/o: 218061.96/62357.02/31153.41) lat (ms,95%): 29.72 err/s: 0.00 reconn/s: 0.00
[ 660s ] thds: 400 tps: 15629.88 qps: 312459.28 (r/w/o: 218718.98/62479.24/31261.07) lat (ms,95%): 29.72 err/s: 0.10 reconn/s: 0.00
[ 670s ] thds: 400 tps: 15345.05 qps: 306816.60 (r/w/o: 214765.40/61360.60/30690.60) lat (ms,95%): 30.26 err/s: 0.00 reconn/s: 0.00
[ 680s ] thds: 400 tps: 15588.84 qps: 311820.61 (r/w/o: 218288.30/62354.84/31177.47) lat (ms,95%): 29.72 err/s: 0.00 reconn/s: 0.00
[ 690s ] thds: 400 tps: 15502.33 qps: 309964.51 (r/w/o: 216942.16/62020.30/31002.05) lat (ms,95%): 30.26 err/s: 0.00 reconn/s: 0.00
[ 700s ] thds: 400 tps: 15440.05 qps: 308747.53 (r/w/o: 216119.32/61758.51/30869.70) lat (ms,95%): 30.26 err/s: 0.00 reconn/s: 0.00
[ 710s ] thds: 400 tps: 15629.14 qps: 312705.02 (r/w/o: 218892.40/62547.14/31265.47) lat (ms,95%): 29.72 err/s: 0.00 reconn/s: 0.00
[ 720s ] thds: 400 tps: 15324.93 qps: 306632.51 (r/w/o: 214710.95/61265.60/30655.95) lat (ms,95%): 30.81 err/s: 0.00 reconn/s: 0.00
[ 730s ] thds: 400 tps: 15060.03 qps: 300938.06 (r/w/o: 210582.66/60237.63/30117.77) lat (ms,95%): 31.94 err/s: 0.00 reconn/s: 0.00
[ 740s ] thds: 400 tps: 14452.72 qps: 289136.16 (r/w/o: 202386.22/57843.39/28906.55) lat (ms,95%): 47.47 err/s: 0.00 reconn/s: 0.00
[ 750s ] thds: 400 tps: 13972.43 qps: 279716.98 (r/w/o: 195872.60/55898.02/27946.36) lat (ms,95%): 52.89 err/s: 0.00 reconn/s: 0.00
[ 760s ] thds: 400 tps: 13317.20 qps: 266276.17 (r/w/o: 186364.78/53276.99/26634.40) lat (ms,95%): 54.83 err/s: 0.00 reconn/s: 0.00
[ 770s ] thds: 400 tps: 12772.26 qps: 255361.66 (r/w/o: 178778.81/51039.23/25543.62) lat (ms,95%): 55.82 err/s: 0.00 reconn/s: 0.00
[ 780s ] thds: 400 tps: 14947.86 qps: 298906.67 (r/w/o: 209201.12/59810.33/29895.22) lat (ms,95%): 30.81 err/s: 0.00 reconn/s: 0.00
SQL statistics:
    queries performed:
        read:                            162127798
        write:                           46322195
        other:                           23161129
        total:                           231611122
    transactions:                        11580548 (14819.60 per sec.)
    queries:                             231611122 (296392.24 per sec.)
    ignored errors:                      9      (0.01 per sec.)
    reconnects:                          0      (0.00 per sec.)

General statistics:
    total time:                          781.4335s
    total number of events:              11580548

Latency (ms):
         min:                                   19.51
         avg:                                   26.95
         max:                                 1725.78
         95th percentile:                       34.33
         sum:                            312127440.20

Threads fairness:
    events (avg/stddev):           28951.3700/374.99
    execution time (avg/stddev):   780.3186/0.22

