sysbench 1.0.20-ebf1c90 (using bundled LuaJIT 2.1.0-beta2)

Running the test with following options:
Number of threads: 400
Report intermediate results every 10 second(s)
Initializing random number generator from current time


Initializing worker threads...

Threads started!

[ 10s ] thds: 400 tps: 8888.26 qps: 178105.35 (r/w/o: 124717.90/35570.94/17816.51) lat (ms,95%): 158.63 err/s: 0.00 reconn/s: 0.00
[ 20s ] thds: 400 tps: 12317.51 qps: 246536.72 (r/w/o: 172597.36/49304.34/24635.02) lat (ms,95%): 121.08 err/s: 0.00 reconn/s: 0.00
[ 30s ] thds: 400 tps: 14065.58 qps: 281176.41 (r/w/o: 196797.96/56250.40/28128.05) lat (ms,95%): 34.95 err/s: 0.00 reconn/s: 0.00
[ 40s ] thds: 400 tps: 14999.02 qps: 300039.79 (r/w/o: 210027.17/60015.18/29997.44) lat (ms,95%): 31.94 err/s: 0.10 reconn/s: 0.00
[ 50s ] thds: 400 tps: 14743.94 qps: 294992.68 (r/w/o: 206513.11/58987.78/29491.79) lat (ms,95%): 33.12 err/s: 0.00 reconn/s: 0.00
[ 60s ] thds: 400 tps: 15285.98 qps: 305370.48 (r/w/o: 213717.07/61081.84/30571.57) lat (ms,95%): 31.37 err/s: 0.00 reconn/s: 0.00
[ 70s ] thds: 400 tps: 15216.09 qps: 304437.33 (r/w/o: 213119.88/60884.87/30432.58) lat (ms,95%): 31.37 err/s: 0.00 reconn/s: 0.00
[ 80s ] thds: 400 tps: 15387.12 qps: 308033.75 (r/w/o: 215690.14/61569.77/30773.83) lat (ms,95%): 30.81 err/s: 0.00 reconn/s: 0.00
[ 90s ] thds: 400 tps: 15414.22 qps: 307866.11 (r/w/o: 215422.92/61615.56/30827.63) lat (ms,95%): 30.26 err/s: 0.00 reconn/s: 0.00
[ 100s ] thds: 400 tps: 15114.86 qps: 302628.97 (r/w/o: 211932.42/60465.73/30230.82) lat (ms,95%): 31.37 err/s: 0.00 reconn/s: 0.00
[ 110s ] thds: 400 tps: 15474.90 qps: 309590.91 (r/w/o: 216682.44/61958.78/30949.69) lat (ms,95%): 30.26 err/s: 0.00 reconn/s: 0.00
[ 120s ] thds: 400 tps: 15520.94 qps: 310151.24 (r/w/o: 217081.32/62028.45/31041.47) lat (ms,95%): 30.26 err/s: 0.10 reconn/s: 0.00
[ 130s ] thds: 400 tps: 15512.69 qps: 310268.68 (r/w/o: 217162.92/62083.28/31022.49) lat (ms,95%): 30.26 err/s: 0.00 reconn/s: 0.00
[ 140s ] thds: 400 tps: 15544.41 qps: 310848.40 (r/w/o: 217577.14/62179.94/31091.32) lat (ms,95%): 30.26 err/s: 0.00 reconn/s: 0.00
[ 150s ] thds: 400 tps: 12981.77 qps: 259729.19 (r/w/o: 181862.57/51902.68/25963.94) lat (ms,95%): 64.47 err/s: 0.00 reconn/s: 0.00
[ 160s ] thds: 400 tps: 11845.67 qps: 236769.99 (r/w/o: 165711.25/47368.30/23690.45) lat (ms,95%): 64.47 err/s: 0.00 reconn/s: 0.00
[ 170s ] thds: 400 tps: 13297.51 qps: 266101.95 (r/w/o: 186298.61/53206.43/26596.92) lat (ms,95%): 52.89 err/s: 0.10 reconn/s: 0.00
[ 180s ] thds: 400 tps: 15380.18 qps: 307722.37 (r/w/o: 215460.10/61501.71/30760.56) lat (ms,95%): 31.37 err/s: 0.00 reconn/s: 0.00
[ 190s ] thds: 400 tps: 15462.81 qps: 309164.36 (r/w/o: 216344.81/61895.73/30923.82) lat (ms,95%): 30.81 err/s: 0.00 reconn/s: 0.00
[ 200s ] thds: 400 tps: 15368.47 qps: 307532.22 (r/w/o: 215310.19/61485.08/30736.94) lat (ms,95%): 30.81 err/s: 0.00 reconn/s: 0.00
[ 210s ] thds: 400 tps: 15365.19 qps: 306957.14 (r/w/o: 214812.92/61416.15/30728.07) lat (ms,95%): 31.37 err/s: 0.00 reconn/s: 0.00
[ 220s ] thds: 400 tps: 15436.18 qps: 308952.07 (r/w/o: 216296.80/61782.61/30872.66) lat (ms,95%): 30.81 err/s: 0.00 reconn/s: 0.00
[ 230s ] thds: 400 tps: 15416.47 qps: 308088.66 (r/w/o: 215639.02/61612.89/30836.75) lat (ms,95%): 30.81 err/s: 0.00 reconn/s: 0.00
[ 240s ] thds: 400 tps: 15234.10 qps: 304838.68 (r/w/o: 213434.88/60935.90/30467.90) lat (ms,95%): 30.81 err/s: 0.00 reconn/s: 0.00
[ 250s ] thds: 400 tps: 15300.61 qps: 306011.96 (r/w/o: 214208.61/61201.33/30602.02) lat (ms,95%): 31.37 err/s: 0.20 reconn/s: 0.00
[ 260s ] thds: 400 tps: 15458.45 qps: 308930.37 (r/w/o: 216178.48/61835.49/30916.40) lat (ms,95%): 30.26 err/s: 0.00 reconn/s: 0.00
[ 270s ] thds: 400 tps: 15335.39 qps: 307021.44 (r/w/o: 215013.42/61336.65/30671.37) lat (ms,95%): 31.37 err/s: 0.00 reconn/s: 0.00
[ 280s ] thds: 400 tps: 15510.41 qps: 310037.76 (r/w/o: 216976.71/62039.93/31021.12) lat (ms,95%): 30.26 err/s: 0.00 reconn/s: 0.00
[ 290s ] thds: 400 tps: 15530.16 qps: 310723.45 (r/w/o: 217541.40/62122.43/31059.61) lat (ms,95%): 30.26 err/s: 0.00 reconn/s: 0.00
[ 300s ] thds: 400 tps: 14032.80 qps: 280586.84 (r/w/o: 196387.63/56132.81/28066.40) lat (ms,95%): 50.11 err/s: 0.00 reconn/s: 0.00
[ 310s ] thds: 400 tps: 12633.29 qps: 252686.79 (r/w/o: 176868.76/50553.76/25264.28) lat (ms,95%): 57.87 err/s: 0.00 reconn/s: 0.00
[ 320s ] thds: 400 tps: 13869.05 qps: 277596.76 (r/w/o: 194357.04/55499.31/27740.41) lat (ms,95%): 45.79 err/s: 0.00 reconn/s: 0.00
[ 330s ] thds: 400 tps: 15318.19 qps: 306264.22 (r/w/o: 214395.10/61232.54/30636.57) lat (ms,95%): 31.37 err/s: 0.00 reconn/s: 0.00
[ 340s ] thds: 400 tps: 15403.08 qps: 307776.70 (r/w/o: 215366.42/61604.72/30805.56) lat (ms,95%): 30.81 err/s: 0.00 reconn/s: 0.00
[ 350s ] thds: 400 tps: 15098.59 qps: 302306.03 (r/w/o: 211672.31/60436.15/30197.57) lat (ms,95%): 31.94 err/s: 0.00 reconn/s: 0.00
[ 360s ] thds: 400 tps: 15287.12 qps: 305830.56 (r/w/o: 214058.82/61197.49/30574.25) lat (ms,95%): 31.37 err/s: 0.00 reconn/s: 0.00
[ 370s ] thds: 400 tps: 15259.58 qps: 305147.71 (r/w/o: 213623.06/61005.30/30519.35) lat (ms,95%): 31.37 err/s: 0.00 reconn/s: 0.00
[ 380s ] thds: 400 tps: 15228.22 qps: 304499.80 (r/w/o: 213168.61/60874.66/30456.53) lat (ms,95%): 30.81 err/s: 0.00 reconn/s: 0.00
[ 390s ] thds: 400 tps: 15201.49 qps: 303863.45 (r/w/o: 212655.80/60805.47/30402.19) lat (ms,95%): 31.37 err/s: 0.20 reconn/s: 0.00
[ 400s ] thds: 400 tps: 15232.60 qps: 304561.47 (r/w/o: 213167.28/60927.79/30466.40) lat (ms,95%): 31.37 err/s: 0.00 reconn/s: 0.00
[ 410s ] thds: 400 tps: 15347.23 qps: 306996.65 (r/w/o: 214930.68/61371.41/30694.55) lat (ms,95%): 30.81 err/s: 0.00 reconn/s: 0.00
[ 420s ] thds: 400 tps: 15325.98 qps: 306836.01 (r/w/o: 214794.83/61389.62/30651.56) lat (ms,95%): 30.81 err/s: 0.00 reconn/s: 0.00
[ 430s ] thds: 400 tps: 15339.29 qps: 306521.28 (r/w/o: 214567.31/61274.88/30679.09) lat (ms,95%): 30.81 err/s: 0.10 reconn/s: 0.00
[ 440s ] thds: 400 tps: 15358.41 qps: 307303.01 (r/w/o: 215106.18/61483.22/30713.61) lat (ms,95%): 30.81 err/s: 0.00 reconn/s: 0.00
[ 450s ] thds: 400 tps: 13442.90 qps: 268613.82 (r/w/o: 188005.75/53719.68/26888.39) lat (ms,95%): 52.89 err/s: 0.00 reconn/s: 0.00
[ 460s ] thds: 400 tps: 12993.90 qps: 260073.81 (r/w/o: 182084.20/52002.70/25986.90) lat (ms,95%): 52.89 err/s: 0.00 reconn/s: 0.00
[ 470s ] thds: 400 tps: 13016.79 qps: 260369.46 (r/w/o: 182272.50/52062.27/26034.69) lat (ms,95%): 52.89 err/s: 0.10 reconn/s: 0.00
[ 480s ] thds: 400 tps: 15397.12 qps: 308022.32 (r/w/o: 215607.53/61619.66/30795.13) lat (ms,95%): 31.37 err/s: 0.00 reconn/s: 0.00
[ 490s ] thds: 400 tps: 15366.49 qps: 307280.77 (r/w/o: 215105.84/61442.45/30732.48) lat (ms,95%): 30.81 err/s: 0.00 reconn/s: 0.00
[ 500s ] thds: 400 tps: 15282.66 qps: 305619.16 (r/w/o: 213921.58/61132.65/30564.93) lat (ms,95%): 31.37 err/s: 0.00 reconn/s: 0.00
[ 510s ] thds: 400 tps: 15321.05 qps: 306417.45 (r/w/o: 214446.33/61330.81/30640.30) lat (ms,95%): 31.37 err/s: 0.00 reconn/s: 0.00
[ 520s ] thds: 400 tps: 15192.07 qps: 303724.16 (r/w/o: 212647.92/60689.89/30386.35) lat (ms,95%): 31.37 err/s: 0.00 reconn/s: 0.00
[ 530s ] thds: 400 tps: 14748.11 qps: 295052.42 (r/w/o: 206561.58/58994.02/29496.81) lat (ms,95%): 35.59 err/s: 0.00 reconn/s: 0.00
[ 540s ] thds: 400 tps: 14349.80 qps: 286925.57 (r/w/o: 200808.48/57417.39/28699.70) lat (ms,95%): 46.63 err/s: 0.00 reconn/s: 0.00
[ 550s ] thds: 400 tps: 13755.20 qps: 275265.69 (r/w/o: 192736.46/55019.22/27510.01) lat (ms,95%): 52.89 err/s: 0.00 reconn/s: 0.00
[ 560s ] thds: 400 tps: 12919.37 qps: 258276.15 (r/w/o: 180729.91/51707.29/25838.94) lat (ms,95%): 56.84 err/s: 0.00 reconn/s: 0.00
[ 570s ] thds: 400 tps: 14648.59 qps: 292763.42 (r/w/o: 204904.61/58561.84/29296.97) lat (ms,95%): 36.24 err/s: 0.00 reconn/s: 0.00
[ 580s ] thds: 400 tps: 15331.24 qps: 307016.08 (r/w/o: 214959.85/61393.66/30662.58) lat (ms,95%): 31.37 err/s: 0.00 reconn/s: 0.00
[ 590s ] thds: 400 tps: 14722.67 qps: 294248.53 (r/w/o: 205976.73/58826.17/29445.63) lat (ms,95%): 37.56 err/s: 0.00 reconn/s: 0.00
[ 600s ] thds: 400 tps: 14666.03 qps: 293423.56 (r/w/o: 205415.56/58675.73/29332.27) lat (ms,95%): 36.24 err/s: 0.00 reconn/s: 0.00
[ 610s ] thds: 400 tps: 13044.72 qps: 260718.94 (r/w/o: 182468.01/52163.89/26087.04) lat (ms,95%): 53.85 err/s: 0.00 reconn/s: 0.00
[ 620s ] thds: 400 tps: 12595.76 qps: 252043.28 (r/w/o: 176459.79/50389.75/25193.73) lat (ms,95%): 54.83 err/s: 0.10 reconn/s: 0.00
[ 630s ] thds: 400 tps: 14690.30 qps: 293821.97 (r/w/o: 205692.18/58748.69/29381.10) lat (ms,95%): 35.59 err/s: 0.00 reconn/s: 0.00
[ 640s ] thds: 400 tps: 15148.00 qps: 302918.57 (r/w/o: 212032.98/60589.59/30296.00) lat (ms,95%): 32.53 err/s: 0.00 reconn/s: 0.00
[ 650s ] thds: 400 tps: 15382.99 qps: 307656.75 (r/w/o: 215318.99/61571.87/30765.88) lat (ms,95%): 31.37 err/s: 0.00 reconn/s: 0.00
[ 660s ] thds: 400 tps: 15224.70 qps: 304568.66 (r/w/o: 213239.84/60880.01/30448.81) lat (ms,95%): 31.37 err/s: 0.00 reconn/s: 0.00
[ 670s ] thds: 400 tps: 15350.84 qps: 306803.48 (r/w/o: 214723.74/61378.26/30701.48) lat (ms,95%): 31.37 err/s: 0.00 reconn/s: 0.00
[ 680s ] thds: 400 tps: 15300.77 qps: 306109.12 (r/w/o: 214270.49/61238.48/30600.14) lat (ms,95%): 31.37 err/s: 0.00 reconn/s: 0.00
[ 690s ] thds: 400 tps: 15160.99 qps: 303136.62 (r/w/o: 212205.38/60606.86/30324.38) lat (ms,95%): 31.37 err/s: 0.10 reconn/s: 0.00
[ 700s ] thds: 400 tps: 15282.57 qps: 305791.35 (r/w/o: 214093.04/61134.17/30564.13) lat (ms,95%): 31.37 err/s: 0.00 reconn/s: 0.00
[ 710s ] thds: 400 tps: 15123.74 qps: 302375.17 (r/w/o: 211629.54/60498.15/30247.48) lat (ms,95%): 31.94 err/s: 0.00 reconn/s: 0.00
[ 720s ] thds: 400 tps: 15264.75 qps: 305196.67 (r/w/o: 213605.38/61062.49/30528.80) lat (ms,95%): 31.37 err/s: 0.00 reconn/s: 0.00
[ 730s ] thds: 400 tps: 15379.00 qps: 307742.67 (r/w/o: 215455.15/61528.41/30759.11) lat (ms,95%): 30.81 err/s: 0.00 reconn/s: 0.00
[ 740s ] thds: 400 tps: 14762.57 qps: 295252.29 (r/w/o: 206675.04/59052.30/29524.95) lat (ms,95%): 35.59 err/s: 0.00 reconn/s: 0.00
[ 750s ] thds: 400 tps: 14434.01 qps: 288783.72 (r/w/o: 202150.28/57765.42/28868.01) lat (ms,95%): 43.39 err/s: 0.00 reconn/s: 0.00
[ 760s ] thds: 400 tps: 13088.24 qps: 261670.69 (r/w/o: 183182.95/52313.06/26174.68) lat (ms,95%): 52.89 err/s: 0.00 reconn/s: 0.00
[ 770s ] thds: 400 tps: 12906.66 qps: 258093.68 (r/w/o: 180644.10/51636.16/25813.43) lat (ms,95%): 51.94 err/s: 0.00 reconn/s: 0.00
[ 780s ] thds: 400 tps: 14366.20 qps: 287333.22 (r/w/o: 201156.35/57442.18/28734.69) lat (ms,95%): 42.61 err/s: 0.10 reconn/s: 0.00
SQL statistics:
    queries performed:
        read:                            160166552
        write:                           45761828
        other:                           22880956
        total:                           228809336
    transactions:                        11440456 (14659.00 per sec.)
    queries:                             228809336 (293180.28 per sec.)
    ignored errors:                      12     (0.02 per sec.)
    reconnects:                          0      (0.00 per sec.)

General statistics:
    total time:                          780.4381s
    total number of events:              11440456

Latency (ms):
         min:                                   19.60
         avg:                                   27.27
         max:                                  435.03
         95th percentile:                       35.59
         sum:                            311995214.07

Threads fairness:
    events (avg/stddev):           28601.1400/338.73
    execution time (avg/stddev):   779.9880/0.05

