sysbench 1.0.20-ebf1c90 (using bundled LuaJIT 2.1.0-beta2)

Running the test with following options:
Number of threads: 400
Report intermediate results every 10 second(s)
Initializing random number generator from current time


Initializing worker threads...

Threads started!

[ 10s ] thds: 400 tps: 8866.22 qps: 177674.27 (r/w/o: 124419.45/35482.38/17772.44) lat (ms,95%): 158.63 err/s: 0.00 reconn/s: 0.00
[ 20s ] thds: 400 tps: 12346.18 qps: 246923.33 (r/w/o: 172845.47/49387.41/24690.45) lat (ms,95%): 121.08 err/s: 0.00 reconn/s: 0.00
[ 30s ] thds: 400 tps: 14038.89 qps: 281024.16 (r/w/o: 196741.00/56203.47/28079.69) lat (ms,95%): 34.95 err/s: 0.00 reconn/s: 0.00
[ 40s ] thds: 400 tps: 15005.57 qps: 299971.08 (r/w/o: 209993.74/59966.30/30011.05) lat (ms,95%): 31.94 err/s: 0.00 reconn/s: 0.00
[ 50s ] thds: 400 tps: 14744.01 qps: 294874.91 (r/w/o: 206401.88/58984.92/29488.11) lat (ms,95%): 33.12 err/s: 0.00 reconn/s: 0.00
[ 60s ] thds: 400 tps: 15254.38 qps: 305234.44 (r/w/o: 213686.98/61039.51/30507.95) lat (ms,95%): 31.37 err/s: 0.00 reconn/s: 0.00
[ 70s ] thds: 400 tps: 15213.20 qps: 304268.61 (r/w/o: 212980.91/60860.50/30427.20) lat (ms,95%): 31.37 err/s: 0.00 reconn/s: 0.00
[ 80s ] thds: 400 tps: 15410.12 qps: 307930.50 (r/w/o: 215516.15/61593.80/30820.55) lat (ms,95%): 30.81 err/s: 0.20 reconn/s: 0.00
[ 90s ] thds: 400 tps: 15379.71 qps: 307849.01 (r/w/o: 215559.65/61529.84/30759.52) lat (ms,95%): 30.26 err/s: 0.00 reconn/s: 0.00
[ 100s ] thds: 400 tps: 15142.01 qps: 302492.53 (r/w/o: 211646.39/60563.93/30282.21) lat (ms,95%): 31.37 err/s: 0.00 reconn/s: 0.00
[ 110s ] thds: 400 tps: 15473.26 qps: 309615.30 (r/w/o: 216780.74/61886.44/30948.12) lat (ms,95%): 30.26 err/s: 0.00 reconn/s: 0.00
[ 120s ] thds: 400 tps: 15500.98 qps: 310162.35 (r/w/o: 217119.69/62040.81/31001.86) lat (ms,95%): 30.26 err/s: 0.00 reconn/s: 0.00
[ 130s ] thds: 400 tps: 15512.58 qps: 310209.93 (r/w/o: 217162.37/62022.31/31025.25) lat (ms,95%): 30.26 err/s: 0.00 reconn/s: 0.00
[ 140s ] thds: 400 tps: 15540.55 qps: 310853.61 (r/w/o: 217619.11/62153.20/31081.30) lat (ms,95%): 30.26 err/s: 0.00 reconn/s: 0.00
[ 150s ] thds: 400 tps: 12910.53 qps: 258119.02 (r/w/o: 180633.03/51665.72/25820.26) lat (ms,95%): 65.65 err/s: 0.10 reconn/s: 0.00
[ 160s ] thds: 400 tps: 11747.88 qps: 235090.55 (r/w/o: 164583.85/47009.93/23496.76) lat (ms,95%): 65.65 err/s: 0.00 reconn/s: 0.00
[ 170s ] thds: 400 tps: 13263.11 qps: 265312.87 (r/w/o: 185687.92/53098.63/26526.32) lat (ms,95%): 52.89 err/s: 0.00 reconn/s: 0.00
[ 180s ] thds: 400 tps: 15407.70 qps: 307787.33 (r/w/o: 215426.65/61545.59/30815.09) lat (ms,95%): 31.37 err/s: 0.00 reconn/s: 0.00
[ 190s ] thds: 400 tps: 15446.81 qps: 309148.14 (r/w/o: 216467.97/61786.24/30893.92) lat (ms,95%): 30.81 err/s: 0.00 reconn/s: 0.00
[ 200s ] thds: 400 tps: 15371.41 qps: 307302.63 (r/w/o: 215079.07/61480.74/30742.82) lat (ms,95%): 30.81 err/s: 0.10 reconn/s: 0.00
[ 210s ] thds: 400 tps: 15347.26 qps: 307135.28 (r/w/o: 215029.90/61410.55/30694.83) lat (ms,95%): 31.37 err/s: 0.00 reconn/s: 0.00
[ 220s ] thds: 400 tps: 15455.52 qps: 308998.93 (r/w/o: 216278.30/61809.99/30910.64) lat (ms,95%): 30.81 err/s: 0.00 reconn/s: 0.00
[ 230s ] thds: 400 tps: 15389.16 qps: 307959.98 (r/w/o: 215586.20/61594.96/30778.83) lat (ms,95%): 30.81 err/s: 0.00 reconn/s: 0.00
[ 240s ] thds: 400 tps: 15238.62 qps: 304793.24 (r/w/o: 213305.81/61012.39/30475.04) lat (ms,95%): 30.81 err/s: 0.00 reconn/s: 0.00
[ 250s ] thds: 400 tps: 15312.84 qps: 306210.12 (r/w/o: 214345.41/61237.75/30626.97) lat (ms,95%): 31.37 err/s: 0.20 reconn/s: 0.00
[ 260s ] thds: 400 tps: 15453.35 qps: 309071.67 (r/w/o: 216419.68/61744.40/30907.60) lat (ms,95%): 30.26 err/s: 0.00 reconn/s: 0.00
[ 270s ] thds: 400 tps: 15361.70 qps: 306876.09 (r/w/o: 214713.16/61439.92/30723.01) lat (ms,95%): 31.37 err/s: 0.00 reconn/s: 0.00
[ 280s ] thds: 400 tps: 15473.39 qps: 309930.67 (r/w/o: 217002.31/61980.57/30947.79) lat (ms,95%): 30.26 err/s: 0.00 reconn/s: 0.00
[ 290s ] thds: 400 tps: 15561.96 qps: 310867.40 (r/w/o: 217574.84/62173.04/31119.52) lat (ms,95%): 30.26 err/s: 0.00 reconn/s: 0.00
[ 300s ] thds: 400 tps: 13997.70 qps: 280068.44 (r/w/o: 196074.73/55994.11/27999.60) lat (ms,95%): 50.11 err/s: 0.00 reconn/s: 0.00
[ 310s ] thds: 400 tps: 12555.59 qps: 251145.17 (r/w/o: 175808.04/50225.65/25111.48) lat (ms,95%): 58.92 err/s: 0.00 reconn/s: 0.00
[ 320s ] thds: 400 tps: 13841.29 qps: 276674.86 (r/w/o: 193657.20/55335.57/27682.09) lat (ms,95%): 46.63 err/s: 0.00 reconn/s: 0.00
[ 330s ] thds: 400 tps: 15309.17 qps: 306081.11 (r/w/o: 214229.82/61234.46/30616.83) lat (ms,95%): 31.37 err/s: 0.00 reconn/s: 0.00
[ 340s ] thds: 400 tps: 15372.36 qps: 307843.64 (r/w/o: 215549.66/61547.45/30746.52) lat (ms,95%): 30.81 err/s: 0.00 reconn/s: 0.00
[ 350s ] thds: 400 tps: 15120.98 qps: 302117.26 (r/w/o: 211447.56/60428.63/30241.07) lat (ms,95%): 31.94 err/s: 0.00 reconn/s: 0.00
[ 360s ] thds: 400 tps: 15283.94 qps: 305807.70 (r/w/o: 214106.06/61132.56/30569.08) lat (ms,95%): 31.37 err/s: 0.00 reconn/s: 0.00
[ 370s ] thds: 400 tps: 15264.59 qps: 305206.59 (r/w/o: 213620.62/61056.58/30529.39) lat (ms,95%): 31.37 err/s: 0.00 reconn/s: 0.00
[ 380s ] thds: 400 tps: 15234.30 qps: 304574.81 (r/w/o: 213162.54/60945.18/30467.09) lat (ms,95%): 30.81 err/s: 0.00 reconn/s: 0.00
[ 390s ] thds: 400 tps: 15186.11 qps: 303979.56 (r/w/o: 212827.78/60780.25/30371.53) lat (ms,95%): 31.37 err/s: 0.00 reconn/s: 0.00
[ 400s ] thds: 400 tps: 15219.13 qps: 304472.22 (r/w/o: 213162.87/60868.80/30440.55) lat (ms,95%): 31.37 err/s: 0.00 reconn/s: 0.00
[ 410s ] thds: 400 tps: 15331.98 qps: 306672.59 (r/w/o: 214668.21/61341.12/30663.26) lat (ms,95%): 30.81 err/s: 0.00 reconn/s: 0.00
[ 420s ] thds: 400 tps: 15363.32 qps: 306994.63 (r/w/o: 214863.60/61403.79/30727.24) lat (ms,95%): 30.81 err/s: 0.00 reconn/s: 0.00
[ 430s ] thds: 400 tps: 15324.38 qps: 306582.17 (r/w/o: 214595.07/61341.43/30645.67) lat (ms,95%): 30.81 err/s: 0.00 reconn/s: 0.00
[ 440s ] thds: 400 tps: 15368.22 qps: 307365.89 (r/w/o: 215193.54/61432.70/30739.65) lat (ms,95%): 30.81 err/s: 0.00 reconn/s: 0.00
[ 450s ] thds: 400 tps: 13362.67 qps: 267403.30 (r/w/o: 187173.18/53505.08/26725.04) lat (ms,95%): 53.85 err/s: 0.10 reconn/s: 0.00
[ 460s ] thds: 400 tps: 12963.32 qps: 258956.55 (r/w/o: 181223.25/51808.67/25924.63) lat (ms,95%): 53.85 err/s: 0.00 reconn/s: 0.00
[ 470s ] thds: 400 tps: 12947.40 qps: 258981.42 (r/w/o: 181304.12/51779.80/25897.50) lat (ms,95%): 52.89 err/s: 0.00 reconn/s: 0.00
[ 480s ] thds: 400 tps: 15398.92 qps: 308097.58 (r/w/o: 215692.24/61607.40/30797.95) lat (ms,95%): 31.37 err/s: 0.00 reconn/s: 0.00
[ 490s ] thds: 400 tps: 15380.11 qps: 307434.53 (r/w/o: 215164.39/61512.83/30757.31) lat (ms,95%): 30.81 err/s: 0.00 reconn/s: 0.00
[ 500s ] thds: 400 tps: 15270.12 qps: 305559.54 (r/w/o: 213914.34/61103.47/30541.73) lat (ms,95%): 31.37 err/s: 0.00 reconn/s: 0.00
[ 510s ] thds: 400 tps: 15318.69 qps: 306507.25 (r/w/o: 214602.83/61265.95/30638.48) lat (ms,95%): 31.37 err/s: 0.00 reconn/s: 0.00
[ 520s ] thds: 400 tps: 15190.71 qps: 303813.25 (r/w/o: 212619.97/60816.75/30376.52) lat (ms,95%): 31.37 err/s: 0.00 reconn/s: 0.00
[ 530s ] thds: 400 tps: 14750.46 qps: 294631.39 (r/w/o: 206197.73/58933.54/29500.12) lat (ms,95%): 35.59 err/s: 0.10 reconn/s: 0.00
[ 540s ] thds: 400 tps: 14302.24 qps: 286249.28 (r/w/o: 200416.02/57222.58/28610.69) lat (ms,95%): 48.34 err/s: 0.00 reconn/s: 0.00
[ 550s ] thds: 400 tps: 13731.04 qps: 274451.48 (r/w/o: 192085.52/54903.88/27462.09) lat (ms,95%): 52.89 err/s: 0.00 reconn/s: 0.00
[ 560s ] thds: 400 tps: 12828.13 qps: 256806.65 (r/w/o: 179817.18/51333.11/25656.35) lat (ms,95%): 57.87 err/s: 0.00 reconn/s: 0.00
[ 570s ] thds: 400 tps: 14608.25 qps: 292222.29 (r/w/o: 204592.06/58413.92/29216.31) lat (ms,95%): 36.24 err/s: 0.00 reconn/s: 0.00
[ 580s ] thds: 400 tps: 15363.45 qps: 307182.86 (r/w/o: 215001.87/61454.29/30726.70) lat (ms,95%): 31.37 err/s: 0.00 reconn/s: 0.00
[ 590s ] thds: 400 tps: 14684.28 qps: 293848.66 (r/w/o: 205678.39/58801.61/29368.66) lat (ms,95%): 37.56 err/s: 0.00 reconn/s: 0.00
[ 600s ] thds: 400 tps: 14639.93 qps: 292791.34 (r/w/o: 204946.15/58564.93/29280.26) lat (ms,95%): 36.89 err/s: 0.00 reconn/s: 0.00
[ 610s ] thds: 400 tps: 12995.40 qps: 259871.07 (r/w/o: 181920.95/51959.31/25990.81) lat (ms,95%): 53.85 err/s: 0.00 reconn/s: 0.00
[ 620s ] thds: 400 tps: 12532.87 qps: 250563.85 (r/w/o: 175399.95/50099.87/25064.04) lat (ms,95%): 54.83 err/s: 0.00 reconn/s: 0.00
[ 630s ] thds: 400 tps: 14698.30 qps: 293845.94 (r/w/o: 205659.03/58789.21/29397.70) lat (ms,95%): 35.59 err/s: 0.00 reconn/s: 0.00
[ 640s ] thds: 400 tps: 15130.38 qps: 302592.10 (r/w/o: 211804.79/60531.64/30255.67) lat (ms,95%): 32.53 err/s: 0.00 reconn/s: 0.00
[ 650s ] thds: 400 tps: 15376.49 qps: 307694.25 (r/w/o: 215423.70/61513.87/30756.69) lat (ms,95%): 31.37 err/s: 0.00 reconn/s: 0.00
[ 660s ] thds: 400 tps: 15223.69 qps: 304287.52 (r/w/o: 212972.30/60866.84/30448.37) lat (ms,95%): 31.37 err/s: 0.00 reconn/s: 0.00
[ 670s ] thds: 400 tps: 15335.90 qps: 306883.49 (r/w/o: 214834.89/61385.60/30663.00) lat (ms,95%): 31.37 err/s: 0.00 reconn/s: 0.00
[ 680s ] thds: 400 tps: 15306.34 qps: 306153.32 (r/w/o: 214340.87/61190.06/30622.38) lat (ms,95%): 31.37 err/s: 0.00 reconn/s: 0.00
[ 690s ] thds: 400 tps: 15136.28 qps: 302854.78 (r/w/o: 211996.00/60587.12/30271.66) lat (ms,95%): 31.37 err/s: 0.00 reconn/s: 0.00
[ 700s ] thds: 400 tps: 15309.67 qps: 305829.14 (r/w/o: 214007.94/61204.37/30616.83) lat (ms,95%): 31.37 err/s: 0.00 reconn/s: 0.00
[ 710s ] thds: 400 tps: 15101.36 qps: 302309.38 (r/w/o: 211676.72/60427.83/30204.82) lat (ms,95%): 31.94 err/s: 0.00 reconn/s: 0.00
[ 720s ] thds: 400 tps: 15270.84 qps: 305406.78 (r/w/o: 213799.92/61067.58/30539.29) lat (ms,95%): 31.37 err/s: 0.00 reconn/s: 0.00
[ 730s ] thds: 400 tps: 15381.33 qps: 307587.02 (r/w/o: 215278.27/61549.50/30759.25) lat (ms,95%): 30.81 err/s: 0.00 reconn/s: 0.00
[ 740s ] thds: 400 tps: 14750.43 qps: 294917.69 (r/w/o: 206448.42/58962.82/29506.46) lat (ms,95%): 35.59 err/s: 0.00 reconn/s: 0.00
[ 750s ] thds: 400 tps: 14415.87 qps: 288421.48 (r/w/o: 201895.77/57692.08/28833.64) lat (ms,95%): 44.17 err/s: 0.00 reconn/s: 0.00
[ 760s ] thds: 400 tps: 13019.53 qps: 260364.82 (r/w/o: 182267.66/52059.70/26037.45) lat (ms,95%): 52.89 err/s: 0.00 reconn/s: 0.00
[ 770s ] thds: 400 tps: 12863.92 qps: 257202.04 (r/w/o: 180029.11/51444.99/25727.94) lat (ms,95%): 51.94 err/s: 0.10 reconn/s: 0.00
[ 780s ] thds: 400 tps: 14332.29 qps: 286909.37 (r/w/o: 200833.04/57410.15/28666.18) lat (ms,95%): 42.61 err/s: 0.00 reconn/s: 0.00
SQL statistics:
    queries performed:
        read:                            160006644
        write:                           45716145
        other:                           22858113
        total:                           228580902
    transactions:                        11429037 (14638.52 per sec.)
    queries:                             228580902 (292770.61 per sec.)
    ignored errors:                      9      (0.01 per sec.)
    reconnects:                          0      (0.00 per sec.)

General statistics:
    total time:                          780.7499s
    total number of events:              11429037

Latency (ms):
         min:                                   19.58
         avg:                                   27.30
         max:                                  761.61
         95th percentile:                       35.59
         sum:                            312009212.72

Threads fairness:
    events (avg/stddev):           28572.5925/322.53
    execution time (avg/stddev):   780.0230/0.12

