sysbench 1.0.20-ebf1c90 (using bundled LuaJIT 2.1.0-beta2)

Running the test with following options:
Number of threads: 400
Report intermediate results every 10 second(s)
Initializing random number generator from current time


Initializing worker threads...

Threads started!

[ 10s ] thds: 400 tps: 8889.18 qps: 178129.64 (r/w/o: 124737.24/35574.03/17818.36) lat (ms,95%): 158.63 err/s: 0.00 reconn/s: 0.00
[ 20s ] thds: 400 tps: 12328.94 qps: 246644.12 (r/w/o: 172664.50/49322.74/24656.87) lat (ms,95%): 121.08 err/s: 0.00 reconn/s: 0.00
[ 30s ] thds: 400 tps: 14057.36 qps: 281097.16 (r/w/o: 196766.98/56215.05/28115.13) lat (ms,95%): 34.95 err/s: 0.00 reconn/s: 0.00
[ 40s ] thds: 400 tps: 14994.46 qps: 299867.15 (r/w/o: 209882.08/59995.95/29989.13) lat (ms,95%): 31.94 err/s: 0.00 reconn/s: 0.00
[ 50s ] thds: 400 tps: 14745.18 qps: 294847.46 (r/w/o: 206388.56/58975.03/29483.87) lat (ms,95%): 33.12 err/s: 0.00 reconn/s: 0.00
[ 60s ] thds: 400 tps: 15251.45 qps: 305135.38 (r/w/o: 213638.78/60986.80/30509.80) lat (ms,95%): 31.37 err/s: 0.00 reconn/s: 0.00
[ 70s ] thds: 400 tps: 15204.87 qps: 304089.16 (r/w/o: 212860.15/60819.37/30409.64) lat (ms,95%): 31.37 err/s: 0.00 reconn/s: 0.00
[ 80s ] thds: 400 tps: 15387.14 qps: 307649.19 (r/w/o: 215297.72/61584.48/30766.99) lat (ms,95%): 30.81 err/s: 0.10 reconn/s: 0.00
[ 90s ] thds: 400 tps: 15386.38 qps: 307800.03 (r/w/o: 215513.07/61506.71/30780.25) lat (ms,95%): 30.26 err/s: 0.00 reconn/s: 0.00
[ 100s ] thds: 400 tps: 15097.89 qps: 302136.29 (r/w/o: 211491.35/60449.26/30195.68) lat (ms,95%): 31.37 err/s: 0.20 reconn/s: 0.00
[ 110s ] thds: 400 tps: 15482.68 qps: 309442.77 (r/w/o: 216566.07/61912.03/30964.67) lat (ms,95%): 30.26 err/s: 0.00 reconn/s: 0.00
[ 120s ] thds: 400 tps: 15506.05 qps: 310248.38 (r/w/o: 217227.58/62007.20/31013.60) lat (ms,95%): 30.26 err/s: 0.00 reconn/s: 0.00
[ 130s ] thds: 400 tps: 15510.98 qps: 310035.25 (r/w/o: 216983.09/62030.51/31021.66) lat (ms,95%): 30.26 err/s: 0.00 reconn/s: 0.00
[ 140s ] thds: 400 tps: 15529.98 qps: 310595.73 (r/w/o: 217423.14/62112.23/31060.36) lat (ms,95%): 30.26 err/s: 0.00 reconn/s: 0.00
[ 150s ] thds: 400 tps: 12903.61 qps: 258190.78 (r/w/o: 180750.49/51633.46/25806.83) lat (ms,95%): 65.65 err/s: 0.00 reconn/s: 0.00
[ 160s ] thds: 400 tps: 11774.54 qps: 235482.72 (r/w/o: 164849.80/47084.54/23548.37) lat (ms,95%): 65.65 err/s: 0.10 reconn/s: 0.00
[ 170s ] thds: 400 tps: 13261.77 qps: 265317.77 (r/w/o: 185742.13/53050.49/26525.15) lat (ms,95%): 52.89 err/s: 0.10 reconn/s: 0.00
[ 180s ] thds: 400 tps: 15372.73 qps: 307495.73 (r/w/o: 215207.47/61548.71/30739.55) lat (ms,95%): 31.37 err/s: 0.00 reconn/s: 0.00
[ 190s ] thds: 400 tps: 15457.00 qps: 308909.04 (r/w/o: 216213.16/61776.09/30919.79) lat (ms,95%): 30.81 err/s: 0.20 reconn/s: 0.00
[ 200s ] thds: 400 tps: 15356.62 qps: 307175.76 (r/w/o: 215016.35/61451.47/30707.94) lat (ms,95%): 30.81 err/s: 0.00 reconn/s: 0.00
[ 210s ] thds: 400 tps: 15335.59 qps: 306740.17 (r/w/o: 214751.31/61312.88/30675.99) lat (ms,95%): 31.37 err/s: 0.00 reconn/s: 0.00
[ 220s ] thds: 400 tps: 15442.49 qps: 308787.93 (r/w/o: 216120.48/61781.47/30885.98) lat (ms,95%): 30.81 err/s: 0.00 reconn/s: 0.00
[ 230s ] thds: 400 tps: 15391.25 qps: 308016.82 (r/w/o: 215678.91/61555.20/30782.70) lat (ms,95%): 30.81 err/s: 0.00 reconn/s: 0.00
[ 240s ] thds: 400 tps: 15225.02 qps: 304556.71 (r/w/o: 213214.72/60891.96/30450.03) lat (ms,95%): 30.81 err/s: 0.10 reconn/s: 0.00
[ 250s ] thds: 400 tps: 15302.25 qps: 306103.15 (r/w/o: 214249.06/61249.39/30604.69) lat (ms,95%): 31.37 err/s: 0.00 reconn/s: 0.00
[ 260s ] thds: 400 tps: 15445.49 qps: 308698.30 (r/w/o: 216067.53/61739.68/30891.09) lat (ms,95%): 30.26 err/s: 0.00 reconn/s: 0.00
[ 270s ] thds: 400 tps: 15324.06 qps: 306790.50 (r/w/o: 214750.04/61392.44/30648.02) lat (ms,95%): 31.37 err/s: 0.00 reconn/s: 0.00
[ 280s ] thds: 400 tps: 15496.60 qps: 309760.24 (r/w/o: 216874.96/61891.99/30993.29) lat (ms,95%): 30.26 err/s: 0.00 reconn/s: 0.00
[ 290s ] thds: 400 tps: 15528.20 qps: 310626.16 (r/w/o: 217424.64/62145.01/31056.51) lat (ms,95%): 30.26 err/s: 0.10 reconn/s: 0.00
[ 300s ] thds: 400 tps: 14009.45 qps: 280157.67 (r/w/o: 196089.28/56049.89/28018.50) lat (ms,95%): 50.11 err/s: 0.00 reconn/s: 0.00
[ 310s ] thds: 400 tps: 12569.79 qps: 251210.53 (r/w/o: 175824.21/50247.95/25138.37) lat (ms,95%): 58.92 err/s: 0.00 reconn/s: 0.00
[ 320s ] thds: 400 tps: 13821.98 qps: 276629.64 (r/w/o: 193622.78/55361.71/27645.15) lat (ms,95%): 46.63 err/s: 0.00 reconn/s: 0.00
[ 330s ] thds: 400 tps: 15294.64 qps: 305864.14 (r/w/o: 214142.32/61136.65/30585.17) lat (ms,95%): 31.37 err/s: 0.00 reconn/s: 0.00
[ 340s ] thds: 400 tps: 15393.99 qps: 307808.28 (r/w/o: 215485.52/61530.08/30792.69) lat (ms,95%): 30.81 err/s: 0.00 reconn/s: 0.00
[ 350s ] thds: 400 tps: 15085.39 qps: 301810.52 (r/w/o: 211218.08/60421.77/30170.68) lat (ms,95%): 31.94 err/s: 0.00 reconn/s: 0.00
[ 360s ] thds: 400 tps: 15283.36 qps: 305310.31 (r/w/o: 213690.72/61055.86/30563.73) lat (ms,95%): 31.37 err/s: 0.00 reconn/s: 0.00
[ 370s ] thds: 400 tps: 15243.01 qps: 305030.02 (r/w/o: 213528.78/61013.42/30487.81) lat (ms,95%): 31.37 err/s: 0.00 reconn/s: 0.00
[ 380s ] thds: 400 tps: 15202.39 qps: 304355.93 (r/w/o: 213095.59/60854.17/30406.18) lat (ms,95%): 30.81 err/s: 0.00 reconn/s: 0.00
[ 390s ] thds: 400 tps: 15196.67 qps: 303670.03 (r/w/o: 212573.90/60707.79/30388.34) lat (ms,95%): 31.37 err/s: 0.00 reconn/s: 0.00
[ 400s ] thds: 400 tps: 15210.01 qps: 304197.47 (r/w/o: 212938.62/60834.03/30424.82) lat (ms,95%): 31.37 err/s: 0.00 reconn/s: 0.00
[ 410s ] thds: 400 tps: 15331.13 qps: 306724.80 (r/w/o: 214738.72/61323.82/30662.26) lat (ms,95%): 30.81 err/s: 0.00 reconn/s: 0.00
[ 420s ] thds: 400 tps: 15332.25 qps: 306556.50 (r/w/o: 214514.07/61377.62/30664.81) lat (ms,95%): 30.81 err/s: 0.10 reconn/s: 0.00
[ 430s ] thds: 400 tps: 15317.33 qps: 306461.81 (r/w/o: 214591.73/61235.92/30634.16) lat (ms,95%): 30.81 err/s: 0.00 reconn/s: 0.00
[ 440s ] thds: 400 tps: 15374.49 qps: 307197.75 (r/w/o: 214958.59/61492.77/30746.38) lat (ms,95%): 30.81 err/s: 0.00 reconn/s: 0.00
[ 450s ] thds: 400 tps: 13352.90 qps: 267265.27 (r/w/o: 187155.28/53400.69/26709.30) lat (ms,95%): 53.85 err/s: 0.00 reconn/s: 0.00
[ 460s ] thds: 400 tps: 12924.00 qps: 258586.64 (r/w/o: 180994.93/51743.91/25847.80) lat (ms,95%): 53.85 err/s: 0.00 reconn/s: 0.00
[ 470s ] thds: 400 tps: 12941.20 qps: 258869.26 (r/w/o: 181190.85/51795.61/25882.81) lat (ms,95%): 53.85 err/s: 0.10 reconn/s: 0.00
[ 480s ] thds: 400 tps: 15412.22 qps: 307860.59 (r/w/o: 215462.97/61574.58/30823.04) lat (ms,95%): 31.37 err/s: 0.00 reconn/s: 0.00
[ 490s ] thds: 400 tps: 15336.26 qps: 307136.76 (r/w/o: 215044.38/61420.95/30671.43) lat (ms,95%): 30.81 err/s: 0.00 reconn/s: 0.00
[ 500s ] thds: 400 tps: 15279.15 qps: 305380.71 (r/w/o: 213776.11/61046.10/30558.50) lat (ms,95%): 31.37 err/s: 0.00 reconn/s: 0.00
[ 510s ] thds: 400 tps: 15315.76 qps: 306207.87 (r/w/o: 214324.39/61249.65/30633.83) lat (ms,95%): 31.37 err/s: 0.00 reconn/s: 0.00
[ 520s ] thds: 400 tps: 15172.84 qps: 303673.46 (r/w/o: 212631.50/60696.17/30345.79) lat (ms,95%): 31.37 err/s: 0.00 reconn/s: 0.00
[ 530s ] thds: 400 tps: 14722.90 qps: 294582.91 (r/w/o: 206180.10/58957.00/29445.80) lat (ms,95%): 36.24 err/s: 0.00 reconn/s: 0.00
[ 540s ] thds: 400 tps: 14311.51 qps: 286179.30 (r/w/o: 200308.31/57247.76/28623.23) lat (ms,95%): 47.47 err/s: 0.10 reconn/s: 0.00
[ 550s ] thds: 400 tps: 13722.36 qps: 274388.26 (r/w/o: 192070.68/54875.65/27441.93) lat (ms,95%): 52.89 err/s: 0.00 reconn/s: 0.00
[ 560s ] thds: 400 tps: 12837.30 qps: 256582.83 (r/w/o: 179595.82/51311.51/25675.50) lat (ms,95%): 57.87 err/s: 0.00 reconn/s: 0.00
[ 570s ] thds: 400 tps: 14607.16 qps: 292142.50 (r/w/o: 204509.61/58417.06/29215.83) lat (ms,95%): 36.89 err/s: 0.00 reconn/s: 0.00
[ 580s ] thds: 400 tps: 15343.48 qps: 306838.35 (r/w/o: 214747.88/61403.21/30687.25) lat (ms,95%): 31.37 err/s: 0.00 reconn/s: 0.00
[ 590s ] thds: 400 tps: 14677.80 qps: 293705.33 (r/w/o: 205655.92/58693.61/29355.80) lat (ms,95%): 38.25 err/s: 0.10 reconn/s: 0.00
[ 600s ] thds: 400 tps: 14633.40 qps: 292678.50 (r/w/o: 204863.37/58549.22/29265.91) lat (ms,95%): 36.89 err/s: 0.00 reconn/s: 0.00
[ 610s ] thds: 400 tps: 12990.96 qps: 259763.20 (r/w/o: 181826.54/51953.84/25982.82) lat (ms,95%): 53.85 err/s: 0.00 reconn/s: 0.00
[ 620s ] thds: 400 tps: 12517.89 qps: 250348.98 (r/w/o: 175256.01/50059.98/25032.99) lat (ms,95%): 54.83 err/s: 0.00 reconn/s: 0.00
[ 630s ] thds: 400 tps: 14672.71 qps: 293502.56 (r/w/o: 205424.31/58740.03/29338.22) lat (ms,95%): 35.59 err/s: 0.00 reconn/s: 0.00
[ 640s ] thds: 400 tps: 15127.26 qps: 302608.14 (r/w/o: 211850.77/60496.85/30260.52) lat (ms,95%): 32.53 err/s: 0.00 reconn/s: 0.00
[ 650s ] thds: 400 tps: 15386.84 qps: 307598.98 (r/w/o: 215309.11/61511.98/30777.89) lat (ms,95%): 31.37 err/s: 0.00 reconn/s: 0.00
[ 660s ] thds: 400 tps: 15209.34 qps: 304239.85 (r/w/o: 212954.60/60868.77/30416.49) lat (ms,95%): 31.37 err/s: 0.00 reconn/s: 0.00
[ 670s ] thds: 400 tps: 15338.74 qps: 306768.20 (r/w/o: 214774.46/61315.26/30678.48) lat (ms,95%): 31.37 err/s: 0.00 reconn/s: 0.00
[ 680s ] thds: 400 tps: 15320.12 qps: 306245.17 (r/w/o: 214320.26/61285.77/30639.14) lat (ms,95%): 31.37 err/s: 0.00 reconn/s: 0.00
[ 690s ] thds: 400 tps: 15135.61 qps: 302895.18 (r/w/o: 212086.43/60535.34/30273.42) lat (ms,95%): 31.37 err/s: 0.00 reconn/s: 0.00
[ 700s ] thds: 400 tps: 15270.28 qps: 305500.60 (r/w/o: 213852.02/61108.02/30540.56) lat (ms,95%): 31.37 err/s: 0.00 reconn/s: 0.00
[ 710s ] thds: 400 tps: 15116.23 qps: 302219.73 (r/w/o: 211539.77/60448.11/30231.85) lat (ms,95%): 31.94 err/s: 0.00 reconn/s: 0.00
[ 720s ] thds: 400 tps: 15261.43 qps: 305124.76 (r/w/o: 213567.06/61034.33/30523.37) lat (ms,95%): 31.37 err/s: 0.00 reconn/s: 0.00
[ 730s ] thds: 400 tps: 15374.21 qps: 307538.22 (r/w/o: 215290.26/61501.04/30746.92) lat (ms,95%): 30.81 err/s: 0.00 reconn/s: 0.00
[ 740s ] thds: 400 tps: 14743.47 qps: 294803.59 (r/w/o: 206328.24/58991.30/29484.05) lat (ms,95%): 36.24 err/s: 0.00 reconn/s: 0.00
[ 750s ] thds: 400 tps: 14405.40 qps: 288120.41 (r/w/o: 201695.33/57610.88/28814.19) lat (ms,95%): 44.98 err/s: 0.00 reconn/s: 0.00
[ 760s ] thds: 400 tps: 13018.10 qps: 260441.06 (r/w/o: 182328.87/52076.09/26036.10) lat (ms,95%): 52.89 err/s: 0.10 reconn/s: 0.00
[ 770s ] thds: 400 tps: 12851.30 qps: 256919.84 (r/w/o: 179820.86/51397.49/25701.49) lat (ms,95%): 51.94 err/s: 0.00 reconn/s: 0.00
[ 780s ] thds: 400 tps: 14314.56 qps: 286483.92 (r/w/o: 200591.45/57260.44/28632.02) lat (ms,95%): 43.39 err/s: 0.00 reconn/s: 0.00
SQL statistics:
    queries performed:
        read:                            159928006
        write:                           45693671
        other:                           22846875
        total:                           228468552
    transactions:                        11423415 (14635.98 per sec.)
    queries:                             228468552 (292719.93 per sec.)
    ignored errors:                      14     (0.02 per sec.)
    reconnects:                          0      (0.00 per sec.)

General statistics:
    total time:                          780.5012s
    total number of events:              11423415

Latency (ms):
         min:                                   19.53
         avg:                                   27.31
         max:                                  504.56
         95th percentile:                       35.59
         sum:                            311999646.10

Threads fairness:
    events (avg/stddev):           28558.5375/296.34
    execution time (avg/stddev):   779.9991/0.07

