sysbench 1.0.20-ebf1c90 (using bundled LuaJIT 2.1.0-beta2)

Running the test with following options:
Number of threads: 400
Report intermediate results every 10 second(s)
Initializing random number generator from current time


Initializing worker threads...

Threads started!

[ 10s ] thds: 400 tps: 9369.47 qps: 187838.37 (r/w/o: 131550.68/37508.86/18778.83) lat (ms,95%): 158.63 err/s: 0.10 reconn/s: 0.00
[ 20s ] thds: 400 tps: 12624.85 qps: 252408.50 (r/w/o: 176684.10/50475.90/25248.50) lat (ms,95%): 114.72 err/s: 0.00 reconn/s: 0.00
[ 30s ] thds: 400 tps: 14425.49 qps: 288592.62 (r/w/o: 202001.11/57749.24/28842.27) lat (ms,95%): 31.94 err/s: 0.00 reconn/s: 0.00
[ 40s ] thds: 400 tps: 15212.01 qps: 304243.99 (r/w/o: 213002.80/60808.36/30432.83) lat (ms,95%): 31.37 err/s: 0.00 reconn/s: 0.00
[ 50s ] thds: 400 tps: 15354.50 qps: 306944.46 (r/w/o: 214829.57/61404.69/30710.20) lat (ms,95%): 30.26 err/s: 0.00 reconn/s: 0.00
[ 60s ] thds: 400 tps: 15692.57 qps: 313805.61 (r/w/o: 219649.39/62772.38/31383.84) lat (ms,95%): 29.72 err/s: 0.00 reconn/s: 0.00
[ 70s ] thds: 400 tps: 15390.47 qps: 307836.73 (r/w/o: 215490.30/61564.79/30781.64) lat (ms,95%): 30.26 err/s: 0.00 reconn/s: 0.00
[ 80s ] thds: 400 tps: 15849.24 qps: 317240.48 (r/w/o: 222066.84/63478.46/31695.18) lat (ms,95%): 29.19 err/s: 0.00 reconn/s: 0.00
[ 90s ] thds: 400 tps: 15627.17 qps: 312612.11 (r/w/o: 218873.42/62481.46/31257.23) lat (ms,95%): 29.19 err/s: 0.00 reconn/s: 0.00
[ 100s ] thds: 400 tps: 15472.14 qps: 309107.27 (r/w/o: 216313.01/61848.97/30945.29) lat (ms,95%): 29.72 err/s: 0.00 reconn/s: 0.00
[ 110s ] thds: 400 tps: 15622.52 qps: 312564.32 (r/w/o: 218838.90/62481.18/31244.24) lat (ms,95%): 29.72 err/s: 0.00 reconn/s: 0.00
[ 120s ] thds: 400 tps: 15819.45 qps: 316218.59 (r/w/o: 221304.49/63280.10/31634.00) lat (ms,95%): 29.19 err/s: 0.00 reconn/s: 0.00
[ 130s ] thds: 400 tps: 16002.12 qps: 320006.99 (r/w/o: 223985.84/64014.30/32006.85) lat (ms,95%): 28.67 err/s: 0.00 reconn/s: 0.00
[ 140s ] thds: 400 tps: 15921.50 qps: 318854.83 (r/w/o: 223283.42/63727.31/31844.10) lat (ms,95%): 29.19 err/s: 0.00 reconn/s: 0.00
[ 150s ] thds: 400 tps: 13082.75 qps: 261554.42 (r/w/o: 183099.72/52287.10/26167.60) lat (ms,95%): 65.65 err/s: 0.00 reconn/s: 0.00
[ 160s ] thds: 400 tps: 11590.07 qps: 231688.60 (r/w/o: 162135.71/46373.66/23179.23) lat (ms,95%): 68.05 err/s: 0.00 reconn/s: 0.00
[ 170s ] thds: 400 tps: 14703.38 qps: 294233.26 (r/w/o: 206030.46/58795.13/29407.67) lat (ms,95%): 39.65 err/s: 0.00 reconn/s: 0.00
[ 180s ] thds: 400 tps: 15561.83 qps: 311341.22 (r/w/o: 217898.46/62318.90/31123.85) lat (ms,95%): 30.26 err/s: 0.00 reconn/s: 0.00
[ 190s ] thds: 400 tps: 15714.49 qps: 313952.78 (r/w/o: 219744.01/62780.38/31428.39) lat (ms,95%): 29.72 err/s: 0.00 reconn/s: 0.00
[ 200s ] thds: 400 tps: 15766.73 qps: 315163.71 (r/w/o: 220556.53/63079.62/31527.56) lat (ms,95%): 29.19 err/s: 0.00 reconn/s: 0.00
[ 210s ] thds: 400 tps: 15538.66 qps: 310970.28 (r/w/o: 217741.10/62146.76/31082.43) lat (ms,95%): 30.26 err/s: 0.00 reconn/s: 0.00
[ 220s ] thds: 400 tps: 15799.98 qps: 315983.32 (r/w/o: 221188.57/63193.80/31600.95) lat (ms,95%): 29.19 err/s: 0.00 reconn/s: 0.00
[ 230s ] thds: 400 tps: 15722.48 qps: 314432.89 (r/w/o: 220101.92/62885.72/31445.26) lat (ms,95%): 29.72 err/s: 0.00 reconn/s: 0.00
[ 240s ] thds: 400 tps: 15571.03 qps: 311600.79 (r/w/o: 218106.01/62352.22/31142.56) lat (ms,95%): 29.72 err/s: 0.10 reconn/s: 0.00
[ 250s ] thds: 400 tps: 15610.82 qps: 312153.70 (r/w/o: 218558.11/62373.66/31221.93) lat (ms,95%): 29.72 err/s: 0.10 reconn/s: 0.00
[ 260s ] thds: 400 tps: 15756.49 qps: 314896.23 (r/w/o: 220349.58/63041.37/31505.28) lat (ms,95%): 29.19 err/s: 0.00 reconn/s: 0.00
[ 270s ] thds: 400 tps: 15808.80 qps: 316542.75 (r/w/o: 221625.27/63291.89/31625.60) lat (ms,95%): 29.19 err/s: 0.10 reconn/s: 0.00
[ 280s ] thds: 400 tps: 15776.48 qps: 315405.42 (r/w/o: 220768.64/63096.12/31540.66) lat (ms,95%): 29.19 err/s: 0.00 reconn/s: 0.00
[ 290s ] thds: 400 tps: 14851.36 qps: 297094.18 (r/w/o: 208032.50/59346.96/29714.73) lat (ms,95%): 42.61 err/s: 0.00 reconn/s: 0.00
[ 300s ] thds: 400 tps: 13972.44 qps: 279340.64 (r/w/o: 195491.99/55908.27/27940.38) lat (ms,95%): 51.94 err/s: 0.00 reconn/s: 0.00
[ 310s ] thds: 400 tps: 12498.24 qps: 250093.23 (r/w/o: 175083.31/50008.95/25000.97) lat (ms,95%): 56.84 err/s: 0.00 reconn/s: 0.00
[ 320s ] thds: 400 tps: 14826.54 qps: 296313.94 (r/w/o: 207367.72/59299.15/29647.07) lat (ms,95%): 39.65 err/s: 0.00 reconn/s: 0.00
[ 330s ] thds: 400 tps: 15570.82 qps: 311435.59 (r/w/o: 218033.74/62253.90/31147.95) lat (ms,95%): 29.72 err/s: 0.00 reconn/s: 0.00
[ 340s ] thds: 400 tps: 15598.75 qps: 312163.04 (r/w/o: 218536.53/62429.61/31196.90) lat (ms,95%): 29.72 err/s: 0.00 reconn/s: 0.00
[ 350s ] thds: 400 tps: 15351.52 qps: 306721.10 (r/w/o: 214646.31/61375.06/30699.73) lat (ms,95%): 30.26 err/s: 0.00 reconn/s: 0.00
[ 360s ] thds: 400 tps: 15680.32 qps: 313624.48 (r/w/o: 219528.27/62732.68/31363.54) lat (ms,95%): 29.72 err/s: 0.00 reconn/s: 0.00
[ 370s ] thds: 400 tps: 15514.60 qps: 310521.91 (r/w/o: 217447.61/62044.90/31029.40) lat (ms,95%): 29.72 err/s: 0.00 reconn/s: 0.00
[ 380s ] thds: 400 tps: 15441.22 qps: 309015.92 (r/w/o: 216280.50/61852.38/30883.04) lat (ms,95%): 30.26 err/s: 0.00 reconn/s: 0.00
[ 390s ] thds: 400 tps: 15544.45 qps: 310738.65 (r/w/o: 217501.17/62153.69/31083.80) lat (ms,95%): 29.72 err/s: 0.10 reconn/s: 0.00
[ 400s ] thds: 400 tps: 15694.93 qps: 313749.68 (r/w/o: 219635.68/62719.24/31394.77) lat (ms,95%): 29.19 err/s: 0.00 reconn/s: 0.00
[ 410s ] thds: 400 tps: 15532.69 qps: 310809.67 (r/w/o: 217548.31/62205.47/31055.89) lat (ms,95%): 29.72 err/s: 0.00 reconn/s: 0.00
[ 420s ] thds: 400 tps: 15685.55 qps: 313583.39 (r/w/o: 219538.19/62664.20/31381.00) lat (ms,95%): 29.72 err/s: 0.00 reconn/s: 0.00
[ 430s ] thds: 400 tps: 14923.58 qps: 298394.54 (r/w/o: 208826.78/59721.21/29846.55) lat (ms,95%): 35.59 err/s: 0.00 reconn/s: 0.00
[ 440s ] thds: 400 tps: 14608.78 qps: 292412.51 (r/w/o: 204752.43/58444.92/29215.16) lat (ms,95%): 47.47 err/s: 0.00 reconn/s: 0.00
[ 450s ] thds: 400 tps: 13979.35 qps: 279593.19 (r/w/o: 195717.89/55913.10/27962.20) lat (ms,95%): 51.02 err/s: 0.00 reconn/s: 0.00
[ 460s ] thds: 400 tps: 12520.41 qps: 250330.16 (r/w/o: 175214.88/50075.45/25039.83) lat (ms,95%): 56.84 err/s: 0.00 reconn/s: 0.00
[ 470s ] thds: 400 tps: 14801.52 qps: 296009.96 (r/w/o: 207222.05/59184.17/29603.74) lat (ms,95%): 41.10 err/s: 0.10 reconn/s: 0.00
[ 480s ] thds: 400 tps: 15494.91 qps: 309792.49 (r/w/o: 216792.90/62013.56/30986.03) lat (ms,95%): 30.26 err/s: 0.00 reconn/s: 0.00
[ 490s ] thds: 400 tps: 15450.49 qps: 309244.15 (r/w/o: 216534.90/61803.97/30905.29) lat (ms,95%): 30.26 err/s: 0.00 reconn/s: 0.00
[ 500s ] thds: 400 tps: 15617.31 qps: 312064.41 (r/w/o: 218396.78/62433.72/31233.91) lat (ms,95%): 29.72 err/s: 0.00 reconn/s: 0.00
[ 510s ] thds: 400 tps: 15398.86 qps: 308156.99 (r/w/o: 215761.24/61597.24/30798.52) lat (ms,95%): 30.26 err/s: 0.00 reconn/s: 0.00
[ 520s ] thds: 400 tps: 14842.68 qps: 296820.66 (r/w/o: 207768.16/59368.13/29684.37) lat (ms,95%): 36.89 err/s: 0.00 reconn/s: 0.00
[ 530s ] thds: 400 tps: 14060.82 qps: 281094.54 (r/w/o: 196718.84/56254.07/28121.63) lat (ms,95%): 52.89 err/s: 0.00 reconn/s: 0.00
[ 540s ] thds: 400 tps: 13689.88 qps: 273800.44 (r/w/o: 191658.28/54764.31/27377.85) lat (ms,95%): 53.85 err/s: 0.00 reconn/s: 0.00
[ 550s ] thds: 400 tps: 13758.96 qps: 275181.49 (r/w/o: 192632.44/55030.34/27518.72) lat (ms,95%): 52.89 err/s: 0.00 reconn/s: 0.00
[ 560s ] thds: 400 tps: 15453.19 qps: 309129.97 (r/w/o: 216394.11/61827.97/30907.89) lat (ms,95%): 30.26 err/s: 0.10 reconn/s: 0.00
[ 570s ] thds: 400 tps: 15635.25 qps: 312883.33 (r/w/o: 219061.05/62554.09/31268.19) lat (ms,95%): 29.72 err/s: 0.10 reconn/s: 0.00
[ 580s ] thds: 400 tps: 15066.04 qps: 301106.48 (r/w/o: 210749.54/60221.66/30135.28) lat (ms,95%): 34.33 err/s: 0.00 reconn/s: 0.00
[ 590s ] thds: 400 tps: 14572.44 qps: 291658.65 (r/w/o: 204158.59/58359.17/29140.88) lat (ms,95%): 46.63 err/s: 0.10 reconn/s: 0.00
[ 600s ] thds: 400 tps: 14037.37 qps: 280550.18 (r/w/o: 196369.26/56103.08/28077.84) lat (ms,95%): 51.02 err/s: 0.00 reconn/s: 0.00
[ 610s ] thds: 400 tps: 13175.00 qps: 263631.97 (r/w/o: 184558.45/52722.01/26351.51) lat (ms,95%): 52.89 err/s: 0.10 reconn/s: 0.00
[ 620s ] thds: 400 tps: 13691.07 qps: 273765.64 (r/w/o: 191656.31/54727.19/27382.14) lat (ms,95%): 49.21 err/s: 0.00 reconn/s: 0.00
[ 630s ] thds: 400 tps: 15552.13 qps: 311054.94 (r/w/o: 217740.35/62210.53/31104.06) lat (ms,95%): 30.26 err/s: 0.00 reconn/s: 0.00
[ 640s ] thds: 400 tps: 15364.42 qps: 307427.04 (r/w/o: 215199.80/61497.99/30729.24) lat (ms,95%): 30.26 err/s: 0.10 reconn/s: 0.00
[ 650s ] thds: 400 tps: 15577.25 qps: 311498.41 (r/w/o: 218059.90/62284.30/31154.20) lat (ms,95%): 30.26 err/s: 0.00 reconn/s: 0.00
[ 660s ] thds: 400 tps: 15598.82 qps: 312050.56 (r/w/o: 218417.22/62435.19/31198.15) lat (ms,95%): 30.26 err/s: 0.00 reconn/s: 0.00
[ 670s ] thds: 400 tps: 15538.59 qps: 310699.64 (r/w/o: 217457.72/62164.75/31077.17) lat (ms,95%): 29.72 err/s: 0.00 reconn/s: 0.00
[ 680s ] thds: 400 tps: 15472.91 qps: 309275.82 (r/w/o: 216509.35/61822.54/30943.92) lat (ms,95%): 30.26 err/s: 0.20 reconn/s: 0.00
[ 690s ] thds: 400 tps: 15384.06 qps: 307905.34 (r/w/o: 215561.30/61573.73/30770.31) lat (ms,95%): 30.26 err/s: 0.00 reconn/s: 0.00
[ 700s ] thds: 400 tps: 15642.85 qps: 312684.11 (r/w/o: 218866.81/62533.00/31284.30) lat (ms,95%): 29.72 err/s: 0.00 reconn/s: 0.00
[ 710s ] thds: 400 tps: 15591.57 qps: 311838.34 (r/w/o: 218293.71/62359.89/31184.74) lat (ms,95%): 29.72 err/s: 0.10 reconn/s: 0.00
[ 720s ] thds: 400 tps: 15061.99 qps: 301388.97 (r/w/o: 210984.54/60280.45/30123.98) lat (ms,95%): 31.37 err/s: 0.00 reconn/s: 0.00
[ 730s ] thds: 400 tps: 15222.63 qps: 304536.71 (r/w/o: 213137.12/60954.42/30445.16) lat (ms,95%): 31.37 err/s: 0.00 reconn/s: 0.00
[ 740s ] thds: 400 tps: 14115.68 qps: 282109.71 (r/w/o: 197483.96/56394.80/28230.95) lat (ms,95%): 50.11 err/s: 0.00 reconn/s: 0.00
[ 750s ] thds: 400 tps: 13753.52 qps: 275054.20 (r/w/o: 192529.95/55018.10/27506.15) lat (ms,95%): 52.89 err/s: 0.00 reconn/s: 0.00
[ 760s ] thds: 400 tps: 12979.75 qps: 259625.76 (r/w/o: 181756.54/51912.11/25957.11) lat (ms,95%): 52.89 err/s: 0.00 reconn/s: 0.00
[ 770s ] thds: 400 tps: 14078.26 qps: 281607.70 (r/w/o: 197085.64/56361.44/28160.62) lat (ms,95%): 47.47 err/s: 0.00 reconn/s: 0.00
[ 780s ] thds: 400 tps: 15430.26 qps: 308396.67 (r/w/o: 215881.22/61660.24/30855.22) lat (ms,95%): 30.81 err/s: 0.00 reconn/s: 0.00
SQL statistics:
    queries performed:
        read:                            162867068
        write:                           46533405
        other:                           23266739
        total:                           232667212
    transactions:                        11633348 (14896.77 per sec.)
    queries:                             232667212 (297935.78 per sec.)
    ignored errors:                      14     (0.02 per sec.)
    reconnects:                          0      (0.00 per sec.)

General statistics:
    total time:                          780.9298s
    total number of events:              11633348

Latency (ms):
         min:                                   19.33
         avg:                                   26.82
         max:                                  927.25
         95th percentile:                       33.72
         sum:                            312041800.04

Threads fairness:
    events (avg/stddev):           29083.3700/291.77
    execution time (avg/stddev):   780.1045/0.15

