sysbench 1.0.20-ebf1c90 (using bundled LuaJIT 2.1.0-beta2)

Running the test with following options:
Number of threads: 400
Report intermediate results every 10 second(s)
Initializing random number generator from current time


Initializing worker threads...

Threads started!

[ 10s ] thds: 400 tps: 9759.68 qps: 195617.79 (r/w/o: 137009.83/39048.81/19559.15) lat (ms,95%): 153.02 err/s: 0.00 reconn/s: 0.00
[ 20s ] thds: 400 tps: 12835.80 qps: 256721.89 (r/w/o: 179678.56/51373.82/25669.51) lat (ms,95%): 110.66 err/s: 0.00 reconn/s: 0.00
[ 30s ] thds: 400 tps: 14570.06 qps: 291419.92 (r/w/o: 204022.55/58256.14/29141.22) lat (ms,95%): 31.37 err/s: 0.00 reconn/s: 0.00
[ 40s ] thds: 400 tps: 15160.72 qps: 303004.09 (r/w/o: 212037.17/60644.98/30321.94) lat (ms,95%): 31.37 err/s: 0.00 reconn/s: 0.00
[ 50s ] thds: 400 tps: 15557.69 qps: 311247.92 (r/w/o: 217893.51/62246.94/31107.47) lat (ms,95%): 29.72 err/s: 0.00 reconn/s: 0.00
[ 60s ] thds: 400 tps: 15699.10 qps: 313828.59 (r/w/o: 219646.89/62779.20/31402.50) lat (ms,95%): 29.19 err/s: 0.00 reconn/s: 0.00
[ 70s ] thds: 400 tps: 15472.48 qps: 309557.69 (r/w/o: 216711.98/61903.34/30942.37) lat (ms,95%): 29.72 err/s: 0.00 reconn/s: 0.00
[ 80s ] thds: 400 tps: 16017.45 qps: 320512.78 (r/w/o: 224387.96/64083.12/32041.71) lat (ms,95%): 28.67 err/s: 0.00 reconn/s: 0.00
[ 90s ] thds: 400 tps: 15806.41 qps: 316091.41 (r/w/o: 221295.28/63183.52/31612.61) lat (ms,95%): 28.67 err/s: 0.00 reconn/s: 0.00
[ 100s ] thds: 400 tps: 15601.89 qps: 312110.65 (r/w/o: 218500.99/62405.37/31204.29) lat (ms,95%): 29.19 err/s: 0.00 reconn/s: 0.00
[ 110s ] thds: 400 tps: 15907.56 qps: 318028.00 (r/w/o: 222581.54/63631.24/31815.22) lat (ms,95%): 28.67 err/s: 0.00 reconn/s: 0.00
[ 120s ] thds: 400 tps: 16089.52 qps: 321780.88 (r/w/o: 225237.53/64365.50/32177.85) lat (ms,95%): 28.67 err/s: 0.10 reconn/s: 0.00
[ 130s ] thds: 400 tps: 16122.67 qps: 322588.94 (r/w/o: 225857.54/64484.77/32246.63) lat (ms,95%): 28.16 err/s: 0.00 reconn/s: 0.00
[ 140s ] thds: 400 tps: 16075.58 qps: 321305.55 (r/w/o: 224851.99/64302.71/32150.86) lat (ms,95%): 28.16 err/s: 0.00 reconn/s: 0.00
[ 150s ] thds: 400 tps: 13575.08 qps: 271624.53 (r/w/o: 190172.87/54303.71/27147.95) lat (ms,95%): 69.29 err/s: 0.00 reconn/s: 0.00
[ 160s ] thds: 400 tps: 11605.06 qps: 232259.26 (r/w/o: 162574.61/46473.13/23211.52) lat (ms,95%): 71.83 err/s: 0.00 reconn/s: 0.00
[ 170s ] thds: 400 tps: 13797.69 qps: 275979.23 (r/w/o: 193174.61/55207.95/27596.67) lat (ms,95%): 54.83 err/s: 0.00 reconn/s: 0.00
[ 180s ] thds: 400 tps: 15723.45 qps: 314322.14 (r/w/o: 220048.53/62826.91/31446.70) lat (ms,95%): 29.72 err/s: 0.00 reconn/s: 0.00
[ 190s ] thds: 400 tps: 15954.64 qps: 319281.23 (r/w/o: 223475.21/63896.75/31909.27) lat (ms,95%): 29.19 err/s: 0.00 reconn/s: 0.00
[ 200s ] thds: 400 tps: 15782.91 qps: 315567.90 (r/w/o: 220929.27/63072.82/31565.81) lat (ms,95%): 29.19 err/s: 0.00 reconn/s: 0.00
[ 210s ] thds: 400 tps: 15825.96 qps: 316133.49 (r/w/o: 221204.73/63286.34/31642.42) lat (ms,95%): 29.19 err/s: 0.00 reconn/s: 0.00
[ 220s ] thds: 400 tps: 16007.82 qps: 320497.38 (r/w/o: 224394.54/64082.50/32020.35) lat (ms,95%): 28.67 err/s: 0.00 reconn/s: 0.00
[ 230s ] thds: 400 tps: 15808.22 qps: 316005.76 (r/w/o: 221174.65/63213.67/31617.43) lat (ms,95%): 29.19 err/s: 0.00 reconn/s: 0.00
[ 240s ] thds: 400 tps: 15805.47 qps: 316042.51 (r/w/o: 221233.12/63198.36/31611.03) lat (ms,95%): 29.72 err/s: 0.00 reconn/s: 0.00
[ 250s ] thds: 400 tps: 15835.31 qps: 316863.74 (r/w/o: 221859.19/63329.83/31674.71) lat (ms,95%): 29.19 err/s: 0.10 reconn/s: 0.00
[ 260s ] thds: 400 tps: 15889.73 qps: 317864.31 (r/w/o: 222512.59/63572.04/31779.67) lat (ms,95%): 29.19 err/s: 0.20 reconn/s: 0.00
[ 270s ] thds: 400 tps: 15997.87 qps: 319837.71 (r/w/o: 223838.38/64009.68/31989.64) lat (ms,95%): 28.67 err/s: 0.00 reconn/s: 0.00
[ 280s ] thds: 400 tps: 15830.96 qps: 316712.22 (r/w/o: 221756.59/63287.22/31668.41) lat (ms,95%): 29.19 err/s: 0.00 reconn/s: 0.00
[ 290s ] thds: 400 tps: 14632.32 qps: 292616.82 (r/w/o: 204775.03/58587.76/29254.03) lat (ms,95%): 49.21 err/s: 0.00 reconn/s: 0.00
[ 300s ] thds: 400 tps: 14363.97 qps: 287320.10 (r/w/o: 201136.55/57448.40/28735.15) lat (ms,95%): 51.94 err/s: 0.00 reconn/s: 0.00
[ 310s ] thds: 400 tps: 12548.33 qps: 250933.04 (r/w/o: 175672.28/50161.81/25098.95) lat (ms,95%): 56.84 err/s: 0.00 reconn/s: 0.00
[ 320s ] thds: 400 tps: 14086.53 qps: 281493.55 (r/w/o: 196993.18/56327.11/28173.25) lat (ms,95%): 50.11 err/s: 0.00 reconn/s: 0.00
[ 330s ] thds: 400 tps: 15823.24 qps: 316644.16 (r/w/o: 221693.00/63305.57/31645.59) lat (ms,95%): 29.19 err/s: 0.00 reconn/s: 0.00
[ 340s ] thds: 400 tps: 15682.88 qps: 313749.97 (r/w/o: 219662.47/62720.03/31367.47) lat (ms,95%): 29.19 err/s: 0.00 reconn/s: 0.00
[ 350s ] thds: 400 tps: 15567.48 qps: 311376.83 (r/w/o: 217954.97/62286.51/31135.35) lat (ms,95%): 29.72 err/s: 0.10 reconn/s: 0.00
[ 360s ] thds: 400 tps: 15958.49 qps: 319255.06 (r/w/o: 223465.03/63875.15/31914.88) lat (ms,95%): 28.67 err/s: 0.00 reconn/s: 0.00
[ 370s ] thds: 400 tps: 15768.89 qps: 315223.16 (r/w/o: 220657.60/63026.47/31539.09) lat (ms,95%): 29.19 err/s: 0.00 reconn/s: 0.00
[ 380s ] thds: 400 tps: 15617.90 qps: 312437.98 (r/w/o: 218684.85/62524.82/31228.31) lat (ms,95%): 29.72 err/s: 0.00 reconn/s: 0.00
[ 390s ] thds: 400 tps: 15917.05 qps: 318224.43 (r/w/o: 222738.85/63646.79/31838.79) lat (ms,95%): 29.19 err/s: 0.00 reconn/s: 0.00
[ 400s ] thds: 400 tps: 15960.05 qps: 319139.49 (r/w/o: 223413.80/63802.50/31923.20) lat (ms,95%): 29.19 err/s: 0.00 reconn/s: 0.00
[ 410s ] thds: 400 tps: 15918.88 qps: 318370.93 (r/w/o: 222837.84/63709.53/31823.56) lat (ms,95%): 29.19 err/s: 0.00 reconn/s: 0.00
[ 420s ] thds: 400 tps: 15857.33 qps: 317029.78 (r/w/o: 221910.70/63389.82/31729.26) lat (ms,95%): 29.19 err/s: 0.00 reconn/s: 0.00
[ 430s ] thds: 400 tps: 14866.88 qps: 297504.90 (r/w/o: 208282.05/59492.30/29730.55) lat (ms,95%): 44.98 err/s: 0.00 reconn/s: 0.00
[ 440s ] thds: 400 tps: 14490.29 qps: 289781.21 (r/w/o: 202843.20/57963.54/28974.47) lat (ms,95%): 51.02 err/s: 0.00 reconn/s: 0.00
[ 450s ] thds: 400 tps: 14465.97 qps: 289304.32 (r/w/o: 202502.60/57871.68/28930.04) lat (ms,95%): 51.02 err/s: 0.10 reconn/s: 0.00
[ 460s ] thds: 400 tps: 12370.11 qps: 247598.42 (r/w/o: 173343.56/49503.64/24751.22) lat (ms,95%): 58.92 err/s: 0.00 reconn/s: 0.00
[ 470s ] thds: 400 tps: 14676.50 qps: 293207.83 (r/w/o: 205195.22/58660.80/29351.80) lat (ms,95%): 44.17 err/s: 0.00 reconn/s: 0.00
[ 480s ] thds: 400 tps: 15718.42 qps: 314409.80 (r/w/o: 220110.25/62861.20/31438.35) lat (ms,95%): 29.72 err/s: 0.10 reconn/s: 0.00
[ 490s ] thds: 400 tps: 15579.66 qps: 311573.82 (r/w/o: 218094.48/62321.82/31157.51) lat (ms,95%): 29.72 err/s: 0.00 reconn/s: 0.00
[ 500s ] thds: 400 tps: 15816.81 qps: 316423.68 (r/w/o: 221524.73/63263.43/31635.52) lat (ms,95%): 29.19 err/s: 0.00 reconn/s: 0.00
[ 510s ] thds: 400 tps: 15605.20 qps: 312278.97 (r/w/o: 218640.15/62428.61/31210.21) lat (ms,95%): 29.72 err/s: 0.00 reconn/s: 0.00
[ 520s ] thds: 400 tps: 15166.20 qps: 303111.39 (r/w/o: 212119.19/60659.30/30332.90) lat (ms,95%): 31.37 err/s: 0.00 reconn/s: 0.00
[ 530s ] thds: 400 tps: 14281.95 qps: 285868.35 (r/w/o: 200126.06/57181.79/28560.49) lat (ms,95%): 53.85 err/s: 0.10 reconn/s: 0.00
[ 540s ] thds: 400 tps: 13701.12 qps: 273798.84 (r/w/o: 191635.20/54760.79/27402.84) lat (ms,95%): 55.82 err/s: 0.00 reconn/s: 0.00
[ 550s ] thds: 400 tps: 13478.16 qps: 269603.94 (r/w/o: 188737.80/53907.03/26959.11) lat (ms,95%): 56.84 err/s: 0.00 reconn/s: 0.00
[ 560s ] thds: 400 tps: 15628.19 qps: 312868.69 (r/w/o: 219000.56/62611.76/31256.38) lat (ms,95%): 30.26 err/s: 0.00 reconn/s: 0.00
[ 570s ] thds: 400 tps: 15748.56 qps: 314862.87 (r/w/o: 220464.32/62900.63/31497.92) lat (ms,95%): 29.72 err/s: 0.10 reconn/s: 0.00
[ 580s ] thds: 400 tps: 14774.33 qps: 295496.86 (r/w/o: 206839.39/59109.21/29548.26) lat (ms,95%): 43.39 err/s: 0.00 reconn/s: 0.00
[ 590s ] thds: 400 tps: 14319.96 qps: 286249.42 (r/w/o: 200336.65/57273.44/28639.32) lat (ms,95%): 51.94 err/s: 0.00 reconn/s: 0.00
[ 600s ] thds: 400 tps: 14150.73 qps: 283096.32 (r/w/o: 198193.57/56600.30/28302.45) lat (ms,95%): 52.89 err/s: 0.00 reconn/s: 0.00
[ 610s ] thds: 400 tps: 13170.72 qps: 263513.19 (r/w/o: 184420.27/52753.58/26339.34) lat (ms,95%): 54.83 err/s: 0.00 reconn/s: 0.00
[ 620s ] thds: 400 tps: 13695.18 qps: 273652.50 (r/w/o: 191544.32/54732.92/27375.26) lat (ms,95%): 51.94 err/s: 0.00 reconn/s: 0.00
[ 630s ] thds: 400 tps: 15738.61 qps: 314734.52 (r/w/o: 220301.58/62939.92/31493.01) lat (ms,95%): 29.72 err/s: 0.00 reconn/s: 0.00
[ 640s ] thds: 400 tps: 15588.31 qps: 312045.76 (r/w/o: 218509.78/62358.45/31177.53) lat (ms,95%): 29.72 err/s: 0.00 reconn/s: 0.00
[ 650s ] thds: 400 tps: 15752.30 qps: 314946.85 (r/w/o: 220450.77/62991.79/31504.30) lat (ms,95%): 29.19 err/s: 0.00 reconn/s: 0.00
[ 660s ] thds: 400 tps: 15683.05 qps: 313653.87 (r/w/o: 219562.05/62725.01/31366.81) lat (ms,95%): 29.72 err/s: 0.00 reconn/s: 0.00
[ 670s ] thds: 400 tps: 15604.84 qps: 312208.73 (r/w/o: 218564.71/62434.75/31209.27) lat (ms,95%): 29.72 err/s: 0.00 reconn/s: 0.00
[ 680s ] thds: 400 tps: 15867.64 qps: 317075.04 (r/w/o: 221883.09/63456.67/31735.28) lat (ms,95%): 29.19 err/s: 0.00 reconn/s: 0.00
[ 690s ] thds: 400 tps: 15447.35 qps: 308940.55 (r/w/o: 216249.63/61800.31/30890.60) lat (ms,95%): 30.26 err/s: 0.00 reconn/s: 0.00
[ 700s ] thds: 400 tps: 15742.92 qps: 314786.28 (r/w/o: 220338.56/62957.28/31490.44) lat (ms,95%): 29.19 err/s: 0.10 reconn/s: 0.00
[ 710s ] thds: 400 tps: 15826.28 qps: 316796.57 (r/w/o: 221838.60/63305.01/31652.96) lat (ms,95%): 29.19 err/s: 0.00 reconn/s: 0.00
[ 720s ] thds: 400 tps: 15013.63 qps: 300095.33 (r/w/o: 210009.97/60060.01/30025.35) lat (ms,95%): 33.72 err/s: 0.00 reconn/s: 0.00
[ 730s ] thds: 400 tps: 14700.94 qps: 294038.54 (r/w/o: 205837.32/58797.55/29403.67) lat (ms,95%): 43.39 err/s: 0.00 reconn/s: 0.00
[ 740s ] thds: 400 tps: 14331.82 qps: 286779.30 (r/w/o: 200769.81/57346.06/28663.43) lat (ms,95%): 51.94 err/s: 0.00 reconn/s: 0.00
[ 750s ] thds: 400 tps: 13817.04 qps: 276203.63 (r/w/o: 193303.98/55265.07/27634.58) lat (ms,95%): 54.83 err/s: 0.00 reconn/s: 0.00
[ 760s ] thds: 400 tps: 13174.81 qps: 263589.53 (r/w/o: 184546.29/52694.53/26348.71) lat (ms,95%): 54.83 err/s: 0.00 reconn/s: 0.00
[ 770s ] thds: 400 tps: 14385.80 qps: 287572.04 (r/w/o: 201264.33/57535.81/28771.90) lat (ms,95%): 48.34 err/s: 0.00 reconn/s: 0.00
[ 780s ] thds: 400 tps: 15269.19 qps: 305483.79 (r/w/o: 213856.22/61090.98/30536.59) lat (ms,95%): 30.26 err/s: 0.00 reconn/s: 0.00
SQL statistics:
    queries performed:
        read:                            164011638
        write:                           46860429
        other:                           23430253
        total:                           234302320
    transactions:                        11715107 (14993.03 per sec.)
    queries:                             234302320 (299860.78 per sec.)
    ignored errors:                      10     (0.01 per sec.)
    reconnects:                          0      (0.00 per sec.)

General statistics:
    total time:                          781.3693s
    total number of events:              11715107

Latency (ms):
         min:                                   19.44
         avg:                                   26.63
         max:                                 1538.62
         95th percentile:                       33.12
         sum:                            312014211.29

Threads fairness:
    events (avg/stddev):           29287.7675/395.24
    execution time (avg/stddev):   780.0355/0.13

