sysbench 1.0.20-ebf1c90 (using bundled LuaJIT 2.1.0-beta2)

Running the test with following options:
Number of threads: 400
Report intermediate results every 10 second(s)
Initializing random number generator from current time


Initializing worker threads...

Threads started!

[ 10s ] thds: 400 tps: 9712.06 qps: 194650.56 (r/w/o: 136319.39/38867.95/19463.22) lat (ms,95%): 155.80 err/s: 0.00 reconn/s: 0.00
[ 20s ] thds: 400 tps: 12802.07 qps: 256125.84 (r/w/o: 179287.60/51237.09/25601.14) lat (ms,95%): 110.66 err/s: 0.00 reconn/s: 0.00
[ 30s ] thds: 400 tps: 14568.22 qps: 291351.49 (r/w/o: 203955.07/58258.68/29137.74) lat (ms,95%): 31.37 err/s: 0.10 reconn/s: 0.00
[ 40s ] thds: 400 tps: 15166.19 qps: 303067.75 (r/w/o: 212090.39/60643.77/30333.58) lat (ms,95%): 30.81 err/s: 0.00 reconn/s: 0.00
[ 50s ] thds: 400 tps: 15558.41 qps: 311256.29 (r/w/o: 217908.83/62229.54/31117.92) lat (ms,95%): 29.72 err/s: 0.00 reconn/s: 0.00
[ 60s ] thds: 400 tps: 15681.11 qps: 313526.36 (r/w/o: 219435.11/62729.03/31362.22) lat (ms,95%): 29.19 err/s: 0.00 reconn/s: 0.00
[ 70s ] thds: 400 tps: 15475.25 qps: 309516.56 (r/w/o: 216676.44/61889.31/30950.81) lat (ms,95%): 29.72 err/s: 0.00 reconn/s: 0.00
[ 80s ] thds: 400 tps: 15985.01 qps: 319846.90 (r/w/o: 223914.54/63971.94/31960.42) lat (ms,95%): 28.67 err/s: 0.00 reconn/s: 0.00
[ 90s ] thds: 400 tps: 15790.29 qps: 315903.12 (r/w/o: 221176.00/63137.44/31589.67) lat (ms,95%): 28.67 err/s: 0.00 reconn/s: 0.00
[ 100s ] thds: 400 tps: 15592.46 qps: 311911.32 (r/w/o: 218348.95/62376.54/31185.82) lat (ms,95%): 29.19 err/s: 0.10 reconn/s: 0.00
[ 110s ] thds: 400 tps: 15892.97 qps: 317713.55 (r/w/o: 222370.35/63556.97/31786.24) lat (ms,95%): 28.67 err/s: 0.10 reconn/s: 0.00
[ 120s ] thds: 400 tps: 16076.26 qps: 321556.69 (r/w/o: 225088.50/64316.36/32151.83) lat (ms,95%): 28.67 err/s: 0.00 reconn/s: 0.00
[ 130s ] thds: 400 tps: 16115.91 qps: 322442.58 (r/w/o: 225756.00/64453.96/32232.63) lat (ms,95%): 28.16 err/s: 0.00 reconn/s: 0.00
[ 140s ] thds: 400 tps: 16073.39 qps: 321239.62 (r/w/o: 224796.57/64296.36/32146.68) lat (ms,95%): 28.16 err/s: 0.10 reconn/s: 0.00
[ 150s ] thds: 400 tps: 13592.94 qps: 271774.67 (r/w/o: 190219.11/54370.27/27185.29) lat (ms,95%): 68.05 err/s: 0.20 reconn/s: 0.00
[ 160s ] thds: 400 tps: 11604.25 qps: 232477.94 (r/w/o: 162798.86/46469.29/23209.79) lat (ms,95%): 71.83 err/s: 0.00 reconn/s: 0.00
[ 170s ] thds: 400 tps: 13737.29 qps: 274658.46 (r/w/o: 192209.33/54977.15/27471.98) lat (ms,95%): 54.83 err/s: 0.00 reconn/s: 0.00
[ 180s ] thds: 400 tps: 15713.45 qps: 314257.54 (r/w/o: 220044.26/62783.99/31429.29) lat (ms,95%): 29.72 err/s: 0.00 reconn/s: 0.00
[ 190s ] thds: 400 tps: 15970.31 qps: 319233.43 (r/w/o: 223385.36/63916.15/31931.92) lat (ms,95%): 29.19 err/s: 0.00 reconn/s: 0.00
[ 200s ] thds: 400 tps: 15759.12 qps: 315400.02 (r/w/o: 220848.39/63024.68/31526.94) lat (ms,95%): 29.19 err/s: 0.00 reconn/s: 0.00
[ 210s ] thds: 400 tps: 15817.69 qps: 316004.04 (r/w/o: 221132.51/63236.25/31635.27) lat (ms,95%): 29.19 err/s: 0.00 reconn/s: 0.00
[ 220s ] thds: 400 tps: 16001.70 qps: 320017.36 (r/w/o: 223996.77/64021.29/31999.30) lat (ms,95%): 28.67 err/s: 0.00 reconn/s: 0.00
[ 230s ] thds: 400 tps: 15797.08 qps: 315925.22 (r/w/o: 221154.46/63172.50/31598.25) lat (ms,95%): 29.19 err/s: 0.00 reconn/s: 0.00
[ 240s ] thds: 400 tps: 15774.95 qps: 315722.11 (r/w/o: 221030.61/63142.20/31549.30) lat (ms,95%): 29.72 err/s: 0.00 reconn/s: 0.00
[ 250s ] thds: 400 tps: 15824.07 qps: 316537.86 (r/w/o: 221626.62/63262.99/31648.25) lat (ms,95%): 29.19 err/s: 0.00 reconn/s: 0.00
[ 260s ] thds: 400 tps: 15887.35 qps: 317845.10 (r/w/o: 222446.93/63622.18/31775.99) lat (ms,95%): 29.19 err/s: 0.10 reconn/s: 0.00
[ 270s ] thds: 400 tps: 15987.67 qps: 319520.65 (r/w/o: 223661.81/63892.29/31966.54) lat (ms,95%): 29.19 err/s: 0.00 reconn/s: 0.00
[ 280s ] thds: 400 tps: 15818.37 qps: 316571.37 (r/w/o: 221669.86/63256.17/31645.34) lat (ms,95%): 29.19 err/s: 0.00 reconn/s: 0.00
[ 290s ] thds: 400 tps: 14643.72 qps: 292515.26 (r/w/o: 204666.82/58569.19/29279.25) lat (ms,95%): 50.11 err/s: 0.00 reconn/s: 0.00
[ 300s ] thds: 400 tps: 14358.80 qps: 287454.70 (r/w/o: 201283.27/57445.32/28726.11) lat (ms,95%): 51.02 err/s: 0.00 reconn/s: 0.00
[ 310s ] thds: 400 tps: 12513.59 qps: 250386.16 (r/w/o: 175247.30/50111.67/25027.19) lat (ms,95%): 56.84 err/s: 0.00 reconn/s: 0.00
[ 320s ] thds: 400 tps: 14056.29 qps: 280915.05 (r/w/o: 196645.19/56157.37/28112.48) lat (ms,95%): 50.11 err/s: 0.00 reconn/s: 0.00
[ 330s ] thds: 400 tps: 15821.35 qps: 316535.84 (r/w/o: 221593.53/63299.51/31642.80) lat (ms,95%): 29.19 err/s: 0.00 reconn/s: 0.00
[ 340s ] thds: 400 tps: 15674.88 qps: 313576.50 (r/w/o: 219524.29/62702.54/31349.67) lat (ms,95%): 29.19 err/s: 0.00 reconn/s: 0.00
[ 350s ] thds: 400 tps: 15558.33 qps: 311183.33 (r/w/o: 217806.64/62259.83/31116.86) lat (ms,95%): 29.72 err/s: 0.00 reconn/s: 0.00
[ 360s ] thds: 400 tps: 15952.73 qps: 318965.49 (r/w/o: 223264.61/63800.22/31900.66) lat (ms,95%): 28.67 err/s: 0.00 reconn/s: 0.00
[ 370s ] thds: 400 tps: 15750.61 qps: 314997.71 (r/w/o: 220507.14/62984.64/31505.92) lat (ms,95%): 29.19 err/s: 0.00 reconn/s: 0.00
[ 380s ] thds: 400 tps: 15612.41 qps: 312175.67 (r/w/o: 218486.22/62468.93/31220.52) lat (ms,95%): 29.72 err/s: 0.00 reconn/s: 0.00
[ 390s ] thds: 400 tps: 15921.31 qps: 318317.86 (r/w/o: 222815.21/63656.43/31846.22) lat (ms,95%): 29.19 err/s: 0.00 reconn/s: 0.00
[ 400s ] thds: 400 tps: 15936.85 qps: 318938.87 (r/w/o: 223320.55/63743.81/31874.51) lat (ms,95%): 29.19 err/s: 0.00 reconn/s: 0.00
[ 410s ] thds: 400 tps: 15903.90 qps: 318003.39 (r/w/o: 222546.06/63649.82/31807.51) lat (ms,95%): 29.19 err/s: 0.00 reconn/s: 0.00
[ 420s ] thds: 400 tps: 15850.24 qps: 316969.61 (r/w/o: 221903.70/63364.94/31700.97) lat (ms,95%): 29.19 err/s: 0.10 reconn/s: 0.00
[ 430s ] thds: 400 tps: 14870.82 qps: 297433.36 (r/w/o: 208181.25/59515.77/29736.34) lat (ms,95%): 44.98 err/s: 0.00 reconn/s: 0.00
[ 440s ] thds: 400 tps: 14503.23 qps: 289943.08 (r/w/o: 202940.51/57993.22/29009.36) lat (ms,95%): 51.02 err/s: 0.00 reconn/s: 0.00
[ 450s ] thds: 400 tps: 14445.02 qps: 289171.36 (r/w/o: 202482.33/57796.59/28892.45) lat (ms,95%): 51.02 err/s: 0.00 reconn/s: 0.00
[ 460s ] thds: 400 tps: 12386.33 qps: 247715.89 (r/w/o: 173395.88/49547.14/24772.87) lat (ms,95%): 58.92 err/s: 0.00 reconn/s: 0.00
[ 470s ] thds: 400 tps: 14630.79 qps: 292381.09 (r/w/o: 204614.12/58508.18/29258.79) lat (ms,95%): 44.17 err/s: 0.00 reconn/s: 0.00
[ 480s ] thds: 400 tps: 15711.51 qps: 314394.26 (r/w/o: 220136.81/62832.33/31425.12) lat (ms,95%): 29.72 err/s: 0.00 reconn/s: 0.00
[ 490s ] thds: 400 tps: 15565.84 qps: 311132.03 (r/w/o: 217735.51/62265.45/31131.07) lat (ms,95%): 29.72 err/s: 0.00 reconn/s: 0.00
[ 500s ] thds: 400 tps: 15817.05 qps: 316516.49 (r/w/o: 221612.99/63268.40/31635.10) lat (ms,95%): 29.19 err/s: 0.00 reconn/s: 0.00
[ 510s ] thds: 400 tps: 15591.40 qps: 311981.08 (r/w/o: 218394.18/62405.50/31181.40) lat (ms,95%): 29.72 err/s: 0.00 reconn/s: 0.00
[ 520s ] thds: 400 tps: 15143.72 qps: 302677.54 (r/w/o: 211858.04/60530.67/30288.83) lat (ms,95%): 31.94 err/s: 0.00 reconn/s: 0.00
[ 530s ] thds: 400 tps: 14258.00 qps: 285243.41 (r/w/o: 199649.24/57079.58/28514.59) lat (ms,95%): 53.85 err/s: 0.00 reconn/s: 0.00
[ 540s ] thds: 400 tps: 13711.82 qps: 274093.11 (r/w/o: 191853.62/54815.76/27423.73) lat (ms,95%): 55.82 err/s: 0.00 reconn/s: 0.00
[ 550s ] thds: 400 tps: 13431.01 qps: 268697.92 (r/w/o: 188120.98/53715.02/26861.91) lat (ms,95%): 56.84 err/s: 0.00 reconn/s: 0.00
[ 560s ] thds: 400 tps: 15634.22 qps: 312471.21 (r/w/o: 218673.92/62538.06/31259.23) lat (ms,95%): 30.26 err/s: 0.00 reconn/s: 0.00
[ 570s ] thds: 400 tps: 15715.56 qps: 314677.86 (r/w/o: 220362.88/62872.55/31442.43) lat (ms,95%): 29.72 err/s: 0.10 reconn/s: 0.00
[ 580s ] thds: 400 tps: 14760.81 qps: 295243.99 (r/w/o: 206651.40/59071.36/29521.23) lat (ms,95%): 43.39 err/s: 0.00 reconn/s: 0.00
[ 590s ] thds: 400 tps: 14311.78 qps: 286062.18 (r/w/o: 200224.98/57214.74/28622.47) lat (ms,95%): 51.94 err/s: 0.00 reconn/s: 0.00
[ 600s ] thds: 400 tps: 14140.51 qps: 282886.03 (r/w/o: 198010.36/56593.35/28282.32) lat (ms,95%): 52.89 err/s: 0.00 reconn/s: 0.00
[ 610s ] thds: 400 tps: 13163.62 qps: 263079.07 (r/w/o: 184134.16/52621.87/26323.04) lat (ms,95%): 54.83 err/s: 0.00 reconn/s: 0.00
[ 620s ] thds: 400 tps: 13682.02 qps: 273532.70 (r/w/o: 191450.21/54714.76/27367.73) lat (ms,95%): 51.94 err/s: 0.00 reconn/s: 0.00
[ 630s ] thds: 400 tps: 15705.49 qps: 314225.97 (r/w/o: 219991.31/62823.27/31411.39) lat (ms,95%): 29.72 err/s: 0.00 reconn/s: 0.00
[ 640s ] thds: 400 tps: 15570.37 qps: 311686.95 (r/w/o: 218193.51/62352.79/31140.64) lat (ms,95%): 29.72 err/s: 0.00 reconn/s: 0.00
[ 650s ] thds: 400 tps: 15733.34 qps: 314602.12 (r/w/o: 220258.17/62877.36/31466.58) lat (ms,95%): 29.19 err/s: 0.00 reconn/s: 0.00
[ 660s ] thds: 400 tps: 15668.25 qps: 313383.90 (r/w/o: 219349.60/62697.40/31336.90) lat (ms,95%): 29.72 err/s: 0.00 reconn/s: 0.00
[ 670s ] thds: 400 tps: 15583.11 qps: 311722.99 (r/w/o: 218178.73/62379.54/31164.72) lat (ms,95%): 29.72 err/s: 0.00 reconn/s: 0.00
[ 680s ] thds: 400 tps: 15835.30 qps: 316533.31 (r/w/o: 221605.24/63255.98/31672.09) lat (ms,95%): 29.19 err/s: 0.00 reconn/s: 0.00
[ 690s ] thds: 400 tps: 15421.77 qps: 308314.78 (r/w/o: 215786.47/61685.98/30842.34) lat (ms,95%): 30.26 err/s: 0.00 reconn/s: 0.00
[ 700s ] thds: 400 tps: 15723.46 qps: 314519.29 (r/w/o: 220179.23/62892.04/31448.02) lat (ms,95%): 29.19 err/s: 0.00 reconn/s: 0.00
[ 710s ] thds: 400 tps: 15806.90 qps: 316264.54 (r/w/o: 221421.33/63229.51/31613.70) lat (ms,95%): 29.19 err/s: 0.00 reconn/s: 0.00
[ 720s ] thds: 400 tps: 14998.08 qps: 299847.48 (r/w/o: 209845.28/60006.44/29995.77) lat (ms,95%): 34.33 err/s: 0.00 reconn/s: 0.00
[ 730s ] thds: 400 tps: 14689.55 qps: 293929.01 (r/w/o: 205798.61/58750.60/29379.80) lat (ms,95%): 44.17 err/s: 0.00 reconn/s: 0.00
[ 740s ] thds: 400 tps: 14349.49 qps: 287038.66 (r/w/o: 200907.90/57432.67/28698.09) lat (ms,95%): 51.94 err/s: 0.00 reconn/s: 0.00
[ 750s ] thds: 400 tps: 13789.92 qps: 275598.10 (r/w/o: 192895.91/55122.86/27579.33) lat (ms,95%): 53.85 err/s: 0.00 reconn/s: 0.00
[ 760s ] thds: 400 tps: 13159.31 qps: 263184.68 (r/w/o: 184217.50/52648.56/26318.63) lat (ms,95%): 54.83 err/s: 0.00 reconn/s: 0.00
[ 770s ] thds: 400 tps: 14354.69 qps: 287139.47 (r/w/o: 201024.11/57405.07/28710.29) lat (ms,95%): 48.34 err/s: 0.00 reconn/s: 0.00
[ 780s ] thds: 400 tps: 15322.19 qps: 306401.40 (r/w/o: 214455.66/61303.36/30642.38) lat (ms,95%): 30.26 err/s: 0.10 reconn/s: 0.00
SQL statistics:
    queries performed:
        read:                            163878400
        write:                           46822367
        other:                           23411213
        total:                           234111980
    transactions:                        11705590 (14975.73 per sec.)
    queries:                             234111980 (299514.84 per sec.)
    ignored errors:                      10     (0.01 per sec.)
    reconnects:                          0      (0.00 per sec.)

General statistics:
    total time:                          781.6364s
    total number of events:              11705590

Latency (ms):
         min:                                   19.46
         avg:                                   26.65
         max:                                 1640.67
         95th percentile:                       33.72
         sum:                            312008363.58

Threads fairness:
    events (avg/stddev):           29263.9750/340.89
    execution time (avg/stddev):   780.0209/0.12

