sysbench 1.0.20-ebf1c90 (using bundled LuaJIT 2.1.0-beta2)

Running the test with following options:
Number of threads: 400
Report intermediate results every 10 second(s)
Initializing random number generator from current time


Initializing worker threads...

Threads started!

[ 10s ] thds: 400 tps: 8929.87 qps: 179044.31 (r/w/o: 125397.43/35749.35/17897.52) lat (ms,95%): 158.63 err/s: 0.00 reconn/s: 0.00
[ 20s ] thds: 400 tps: 12680.53 qps: 253622.20 (r/w/o: 177555.42/50703.72/25363.06) lat (ms,95%): 112.67 err/s: 0.00 reconn/s: 0.00
[ 30s ] thds: 400 tps: 14764.89 qps: 295186.63 (r/w/o: 206603.78/59053.27/29529.58) lat (ms,95%): 30.81 err/s: 0.00 reconn/s: 0.00
[ 40s ] thds: 400 tps: 14837.76 qps: 296731.33 (r/w/o: 207694.69/59362.72/29673.91) lat (ms,95%): 33.72 err/s: 0.00 reconn/s: 0.00
[ 50s ] thds: 400 tps: 15715.65 qps: 314388.05 (r/w/o: 220108.07/62846.39/31433.59) lat (ms,95%): 29.72 err/s: 0.00 reconn/s: 0.00
[ 60s ] thds: 400 tps: 15813.40 qps: 316368.07 (r/w/o: 221481.35/63260.81/31625.91) lat (ms,95%): 29.72 err/s: 0.00 reconn/s: 0.00
[ 70s ] thds: 400 tps: 15626.56 qps: 312388.40 (r/w/o: 218633.67/62500.82/31253.91) lat (ms,95%): 29.72 err/s: 0.00 reconn/s: 0.00
[ 80s ] thds: 400 tps: 16079.37 qps: 321505.39 (r/w/o: 225024.34/64323.10/32157.95) lat (ms,95%): 28.67 err/s: 0.00 reconn/s: 0.00
[ 90s ] thds: 400 tps: 15853.66 qps: 317261.18 (r/w/o: 222144.50/63408.26/31708.43) lat (ms,95%): 29.19 err/s: 0.10 reconn/s: 0.00
[ 100s ] thds: 400 tps: 15663.02 qps: 313108.98 (r/w/o: 219130.74/62652.90/31325.35) lat (ms,95%): 29.19 err/s: 0.00 reconn/s: 0.00
[ 110s ] thds: 400 tps: 15963.53 qps: 319243.36 (r/w/o: 223462.99/63852.51/31927.86) lat (ms,95%): 28.67 err/s: 0.00 reconn/s: 0.00
[ 120s ] thds: 400 tps: 16098.31 qps: 322275.62 (r/w/o: 225638.78/64440.52/32196.31) lat (ms,95%): 28.67 err/s: 0.00 reconn/s: 0.00
[ 130s ] thds: 400 tps: 16121.06 qps: 322475.92 (r/w/o: 225726.75/64506.74/32242.42) lat (ms,95%): 28.16 err/s: 0.00 reconn/s: 0.00
[ 140s ] thds: 400 tps: 16039.24 qps: 320722.15 (r/w/o: 224535.22/64108.45/32078.47) lat (ms,95%): 28.67 err/s: 0.00 reconn/s: 0.00
[ 150s ] thds: 400 tps: 14366.95 qps: 287209.80 (r/w/o: 200995.50/57480.70/28733.60) lat (ms,95%): 56.84 err/s: 0.00 reconn/s: 0.00
[ 160s ] thds: 400 tps: 11627.71 qps: 232575.30 (r/w/o: 162804.17/46516.32/23254.81) lat (ms,95%): 66.84 err/s: 0.00 reconn/s: 0.00
[ 170s ] thds: 400 tps: 13795.79 qps: 275734.33 (r/w/o: 192997.11/55145.15/27592.07) lat (ms,95%): 52.89 err/s: 0.00 reconn/s: 0.00
[ 180s ] thds: 400 tps: 15594.57 qps: 311890.23 (r/w/o: 218316.80/62384.59/31188.84) lat (ms,95%): 30.26 err/s: 0.00 reconn/s: 0.00
[ 190s ] thds: 400 tps: 15779.88 qps: 315885.04 (r/w/o: 221152.85/63175.53/31556.66) lat (ms,95%): 29.72 err/s: 0.00 reconn/s: 0.00
[ 200s ] thds: 400 tps: 15802.09 qps: 315885.40 (r/w/o: 221133.36/63144.16/31607.88) lat (ms,95%): 29.19 err/s: 0.00 reconn/s: 0.00
[ 210s ] thds: 400 tps: 15725.15 qps: 314678.64 (r/w/o: 220253.93/62974.61/31450.10) lat (ms,95%): 29.19 err/s: 0.10 reconn/s: 0.00
[ 220s ] thds: 400 tps: 15910.45 qps: 317978.18 (r/w/o: 222587.76/63569.12/31821.31) lat (ms,95%): 28.67 err/s: 0.00 reconn/s: 0.00
[ 230s ] thds: 400 tps: 15786.80 qps: 315940.24 (r/w/o: 221177.73/63188.51/31574.00) lat (ms,95%): 29.19 err/s: 0.10 reconn/s: 0.00
[ 240s ] thds: 400 tps: 15773.29 qps: 315254.52 (r/w/o: 220653.30/63054.64/31546.57) lat (ms,95%): 29.19 err/s: 0.00 reconn/s: 0.00
[ 250s ] thds: 400 tps: 15875.39 qps: 317497.78 (r/w/o: 222249.65/63497.36/31750.78) lat (ms,95%): 29.19 err/s: 0.00 reconn/s: 0.00
[ 260s ] thds: 400 tps: 15928.11 qps: 318652.61 (r/w/o: 223075.08/63721.12/31856.41) lat (ms,95%): 29.19 err/s: 0.10 reconn/s: 0.00
[ 270s ] thds: 400 tps: 15871.59 qps: 317268.14 (r/w/o: 222036.39/63489.07/31742.68) lat (ms,95%): 29.19 err/s: 0.00 reconn/s: 0.00
[ 280s ] thds: 400 tps: 15867.00 qps: 317636.42 (r/w/o: 222360.01/63541.60/31734.80) lat (ms,95%): 29.19 err/s: 0.10 reconn/s: 0.00
[ 290s ] thds: 400 tps: 14793.34 qps: 295797.67 (r/w/o: 207084.61/59126.57/29586.49) lat (ms,95%): 44.98 err/s: 0.00 reconn/s: 0.00
[ 300s ] thds: 400 tps: 14497.03 qps: 289884.82 (r/w/o: 202910.16/57982.60/28992.05) lat (ms,95%): 48.34 err/s: 0.00 reconn/s: 0.00
[ 310s ] thds: 400 tps: 12669.09 qps: 253548.86 (r/w/o: 177487.00/50721.47/25340.39) lat (ms,95%): 54.83 err/s: 0.00 reconn/s: 0.00
[ 320s ] thds: 400 tps: 14565.31 qps: 291039.22 (r/w/o: 203685.55/58228.44/29125.22) lat (ms,95%): 44.98 err/s: 0.00 reconn/s: 0.00
[ 330s ] thds: 400 tps: 15684.30 qps: 313694.45 (r/w/o: 219614.74/62705.81/31373.91) lat (ms,95%): 29.72 err/s: 0.00 reconn/s: 0.00
[ 340s ] thds: 400 tps: 15761.60 qps: 315238.49 (r/w/o: 220656.29/63070.60/31511.60) lat (ms,95%): 29.72 err/s: 0.00 reconn/s: 0.00
[ 350s ] thds: 400 tps: 15393.61 qps: 307802.72 (r/w/o: 215466.48/61537.42/30798.81) lat (ms,95%): 30.26 err/s: 0.00 reconn/s: 0.00
[ 360s ] thds: 400 tps: 15841.78 qps: 316812.11 (r/w/o: 221758.25/63371.10/31682.75) lat (ms,95%): 29.19 err/s: 0.00 reconn/s: 0.00
[ 370s ] thds: 400 tps: 15683.37 qps: 313969.35 (r/w/o: 219816.34/62787.07/31365.94) lat (ms,95%): 29.19 err/s: 0.00 reconn/s: 0.00
[ 380s ] thds: 400 tps: 15550.28 qps: 311058.83 (r/w/o: 217753.57/62202.71/31102.55) lat (ms,95%): 30.26 err/s: 0.00 reconn/s: 0.00
[ 390s ] thds: 400 tps: 15779.83 qps: 315489.33 (r/w/o: 220853.44/63076.93/31558.96) lat (ms,95%): 29.19 err/s: 0.10 reconn/s: 0.00
[ 400s ] thds: 400 tps: 15758.33 qps: 315199.65 (r/w/o: 220586.78/63096.21/31516.65) lat (ms,95%): 29.19 err/s: 0.00 reconn/s: 0.00
[ 410s ] thds: 400 tps: 15895.96 qps: 317908.48 (r/w/o: 222594.22/63521.44/31792.82) lat (ms,95%): 29.19 err/s: 0.00 reconn/s: 0.00
[ 420s ] thds: 400 tps: 15735.48 qps: 314606.13 (r/w/o: 220207.97/62927.81/31470.35) lat (ms,95%): 29.19 err/s: 0.00 reconn/s: 0.00
[ 430s ] thds: 400 tps: 15144.46 qps: 302779.37 (r/w/o: 211915.32/60574.33/30289.72) lat (ms,95%): 35.59 err/s: 0.00 reconn/s: 0.00
[ 440s ] thds: 400 tps: 14137.14 qps: 282873.45 (r/w/o: 198016.23/56585.65/28271.58) lat (ms,95%): 51.02 err/s: 0.00 reconn/s: 0.00
[ 450s ] thds: 400 tps: 14311.52 qps: 286368.22 (r/w/o: 200495.83/57246.56/28625.83) lat (ms,95%): 49.21 err/s: 0.00 reconn/s: 0.00
[ 460s ] thds: 400 tps: 12314.50 qps: 246230.69 (r/w/o: 172344.07/49258.22/24628.41) lat (ms,95%): 57.87 err/s: 0.10 reconn/s: 0.00
[ 470s ] thds: 400 tps: 14889.60 qps: 297683.92 (r/w/o: 208328.85/59580.28/29774.79) lat (ms,95%): 33.72 err/s: 0.10 reconn/s: 0.00
[ 480s ] thds: 400 tps: 15524.94 qps: 310735.81 (r/w/o: 217547.87/62132.66/31055.28) lat (ms,95%): 29.72 err/s: 0.00 reconn/s: 0.00
[ 490s ] thds: 400 tps: 15570.87 qps: 311044.48 (r/w/o: 217709.94/62193.20/31141.35) lat (ms,95%): 29.72 err/s: 0.00 reconn/s: 0.00
[ 500s ] thds: 400 tps: 15779.21 qps: 315731.64 (r/w/o: 221051.67/63121.75/31558.22) lat (ms,95%): 29.19 err/s: 0.00 reconn/s: 0.00
[ 510s ] thds: 400 tps: 15506.65 qps: 310031.51 (r/w/o: 216988.03/62029.68/31013.79) lat (ms,95%): 29.72 err/s: 0.00 reconn/s: 0.00
[ 520s ] thds: 400 tps: 15087.44 qps: 302089.28 (r/w/o: 211471.25/60443.36/30174.68) lat (ms,95%): 33.12 err/s: 0.10 reconn/s: 0.00
[ 530s ] thds: 400 tps: 14214.86 qps: 283956.66 (r/w/o: 198749.28/56781.65/28425.73) lat (ms,95%): 52.89 err/s: 0.00 reconn/s: 0.00
[ 540s ] thds: 400 tps: 13456.22 qps: 269211.22 (r/w/o: 188484.59/53810.38/26916.24) lat (ms,95%): 55.82 err/s: 0.00 reconn/s: 0.00
[ 550s ] thds: 400 tps: 13538.84 qps: 270737.76 (r/w/o: 189473.03/54187.65/27077.08) lat (ms,95%): 54.83 err/s: 0.00 reconn/s: 0.00
[ 560s ] thds: 400 tps: 15503.33 qps: 310178.24 (r/w/o: 217187.05/61983.03/31008.16) lat (ms,95%): 30.26 err/s: 0.00 reconn/s: 0.00
[ 570s ] thds: 400 tps: 15628.63 qps: 312387.07 (r/w/o: 218622.57/62507.64/31256.87) lat (ms,95%): 29.72 err/s: 0.00 reconn/s: 0.00
[ 580s ] thds: 400 tps: 15006.05 qps: 300243.34 (r/w/o: 210192.43/60039.01/30011.90) lat (ms,95%): 33.12 err/s: 0.00 reconn/s: 0.00
[ 590s ] thds: 400 tps: 14127.69 qps: 282499.22 (r/w/o: 197748.40/56497.34/28253.47) lat (ms,95%): 51.02 err/s: 0.00 reconn/s: 0.00
[ 600s ] thds: 400 tps: 14100.56 qps: 281896.76 (r/w/o: 197292.98/56401.55/28202.23) lat (ms,95%): 50.11 err/s: 0.00 reconn/s: 0.00
[ 610s ] thds: 400 tps: 13033.81 qps: 260784.84 (r/w/o: 182578.40/52139.03/26067.41) lat (ms,95%): 52.89 err/s: 0.00 reconn/s: 0.00
[ 620s ] thds: 400 tps: 14098.02 qps: 282140.33 (r/w/o: 197536.93/56405.37/28198.03) lat (ms,95%): 47.47 err/s: 0.00 reconn/s: 0.00
[ 630s ] thds: 400 tps: 15472.04 qps: 309472.79 (r/w/o: 216641.82/61886.88/30944.09) lat (ms,95%): 30.26 err/s: 0.00 reconn/s: 0.00
[ 640s ] thds: 400 tps: 15488.91 qps: 309849.65 (r/w/o: 216851.67/62020.05/30977.92) lat (ms,95%): 29.72 err/s: 0.00 reconn/s: 0.00
[ 650s ] thds: 400 tps: 15690.39 qps: 313553.59 (r/w/o: 219451.32/62724.48/31377.79) lat (ms,95%): 29.72 err/s: 0.00 reconn/s: 0.00
[ 660s ] thds: 400 tps: 15535.27 qps: 310486.91 (r/w/o: 217316.12/62103.16/31067.63) lat (ms,95%): 29.72 err/s: 0.00 reconn/s: 0.00
[ 670s ] thds: 400 tps: 15546.97 qps: 311181.08 (r/w/o: 217906.34/62174.80/31099.95) lat (ms,95%): 29.72 err/s: 0.00 reconn/s: 0.00
[ 680s ] thds: 400 tps: 15499.54 qps: 310176.73 (r/w/o: 217126.58/62051.07/30999.08) lat (ms,95%): 29.72 err/s: 0.00 reconn/s: 0.00
[ 690s ] thds: 400 tps: 15304.39 qps: 305703.92 (r/w/o: 213922.10/61176.54/30605.27) lat (ms,95%): 30.81 err/s: 0.00 reconn/s: 0.00
[ 700s ] thds: 400 tps: 15604.42 qps: 312145.42 (r/w/o: 218512.72/62422.76/31209.93) lat (ms,95%): 29.72 err/s: 0.00 reconn/s: 0.00
[ 710s ] thds: 400 tps: 15622.59 qps: 312427.84 (r/w/o: 218691.59/62491.57/31244.68) lat (ms,95%): 29.72 err/s: 0.00 reconn/s: 0.00
[ 720s ] thds: 400 tps: 15118.89 qps: 302493.25 (r/w/o: 211779.90/60473.17/30240.19) lat (ms,95%): 31.94 err/s: 0.00 reconn/s: 0.00
[ 730s ] thds: 400 tps: 14836.02 qps: 296737.48 (r/w/o: 207725.94/59341.50/29670.05) lat (ms,95%): 33.12 err/s: 0.10 reconn/s: 0.00
[ 740s ] thds: 400 tps: 14040.56 qps: 280812.46 (r/w/o: 196578.69/56151.25/28082.53) lat (ms,95%): 51.02 err/s: 0.00 reconn/s: 0.00
[ 750s ] thds: 400 tps: 13872.59 qps: 277447.68 (r/w/o: 194197.74/55504.36/27745.58) lat (ms,95%): 51.02 err/s: 0.00 reconn/s: 0.00
[ 760s ] thds: 400 tps: 12519.24 qps: 250466.25 (r/w/o: 175347.19/50080.27/25038.78) lat (ms,95%): 55.82 err/s: 0.00 reconn/s: 0.00
[ 770s ] thds: 400 tps: 14633.41 qps: 292749.64 (r/w/o: 204944.97/58537.65/29267.02) lat (ms,95%): 40.37 err/s: 0.00 reconn/s: 0.00
[ 780s ] thds: 400 tps: 15436.91 qps: 308682.37 (r/w/o: 216053.89/61762.85/30865.63) lat (ms,95%): 30.26 err/s: 0.00 reconn/s: 0.00
SQL statistics:
    queries performed:
        read:                            163623516
        write:                           46749534
        other:                           23374810
        total:                           233747860
    transactions:                        11687384 (14974.03 per sec.)
    queries:                             233747860 (299480.90 per sec.)
    ignored errors:                      10     (0.01 per sec.)
    reconnects:                          0      (0.00 per sec.)

General statistics:
    total time:                          780.5091s
    total number of events:              11687384

Latency (ms):
         min:                                   19.35
         avg:                                   26.69
         max:                                  506.57
         95th percentile:                       33.72
         sum:                            311992768.28

Threads fairness:
    events (avg/stddev):           29218.4600/325.34
    execution time (avg/stddev):   779.9819/0.09

