sysbench 1.0.20-ebf1c90 (using bundled LuaJIT 2.1.0-beta2)

Running the test with following options:
Number of threads: 400
Report intermediate results every 10 second(s)
Initializing random number generator from current time


Initializing worker threads...

Threads started!

[ 10s ] thds: 400 tps: 8963.34 qps: 179692.69 (r/w/o: 125841.48/35884.85/17966.37) lat (ms,95%): 158.63 err/s: 0.00 reconn/s: 0.00
[ 20s ] thds: 400 tps: 12647.50 qps: 252951.62 (r/w/o: 177075.21/50581.30/25295.10) lat (ms,95%): 116.80 err/s: 0.00 reconn/s: 0.00
[ 30s ] thds: 400 tps: 14742.27 qps: 294835.76 (r/w/o: 206398.85/58951.87/29485.04) lat (ms,95%): 30.81 err/s: 0.10 reconn/s: 0.00
[ 40s ] thds: 400 tps: 14862.66 qps: 297224.00 (r/w/o: 208052.44/59446.34/29725.22) lat (ms,95%): 33.72 err/s: 0.00 reconn/s: 0.00
[ 50s ] thds: 400 tps: 15720.66 qps: 314489.00 (r/w/o: 220160.64/62886.64/31441.72) lat (ms,95%): 29.72 err/s: 0.10 reconn/s: 0.00
[ 60s ] thds: 400 tps: 15802.18 qps: 316183.23 (r/w/o: 221324.34/63254.93/31603.96) lat (ms,95%): 29.72 err/s: 0.00 reconn/s: 0.00
[ 70s ] thds: 400 tps: 15618.27 qps: 312261.32 (r/w/o: 218599.79/62424.88/31236.64) lat (ms,95%): 29.72 err/s: 0.10 reconn/s: 0.00
[ 80s ] thds: 400 tps: 16082.52 qps: 321605.24 (r/w/o: 225110.41/64329.19/32165.64) lat (ms,95%): 28.67 err/s: 0.00 reconn/s: 0.00
[ 90s ] thds: 400 tps: 15847.04 qps: 317056.95 (r/w/o: 221950.20/63413.17/31693.59) lat (ms,95%): 29.19 err/s: 0.00 reconn/s: 0.00
[ 100s ] thds: 400 tps: 15653.03 qps: 312975.44 (r/w/o: 219078.08/62590.91/31306.45) lat (ms,95%): 29.19 err/s: 0.00 reconn/s: 0.00
[ 110s ] thds: 400 tps: 15959.27 qps: 319105.23 (r/w/o: 223351.30/63835.29/31918.64) lat (ms,95%): 28.67 err/s: 0.00 reconn/s: 0.00
[ 120s ] thds: 400 tps: 16122.21 qps: 322415.76 (r/w/o: 225645.28/64531.25/32239.23) lat (ms,95%): 28.67 err/s: 0.00 reconn/s: 0.00
[ 130s ] thds: 400 tps: 16131.11 qps: 322447.31 (r/w/o: 225694.45/64507.74/32245.12) lat (ms,95%): 28.16 err/s: 0.10 reconn/s: 0.00
[ 140s ] thds: 400 tps: 16015.82 qps: 320628.36 (r/w/o: 224470.95/64112.37/32045.04) lat (ms,95%): 28.67 err/s: 0.00 reconn/s: 0.00
[ 150s ] thds: 400 tps: 14355.01 qps: 286935.13 (r/w/o: 200865.89/57351.63/28717.61) lat (ms,95%): 56.84 err/s: 0.00 reconn/s: 0.00
[ 160s ] thds: 400 tps: 11566.13 qps: 231479.62 (r/w/o: 162034.73/46316.72/23128.16) lat (ms,95%): 66.84 err/s: 0.00 reconn/s: 0.00
[ 170s ] thds: 400 tps: 13745.81 qps: 274838.23 (r/w/o: 192415.06/54925.45/27497.72) lat (ms,95%): 53.85 err/s: 0.20 reconn/s: 0.00
[ 180s ] thds: 400 tps: 15582.32 qps: 311579.91 (r/w/o: 218087.29/62328.48/31164.14) lat (ms,95%): 30.26 err/s: 0.00 reconn/s: 0.00
[ 190s ] thds: 400 tps: 15789.38 qps: 315633.71 (r/w/o: 220888.63/63175.42/31569.66) lat (ms,95%): 29.72 err/s: 0.00 reconn/s: 0.00
[ 200s ] thds: 400 tps: 15765.60 qps: 315664.72 (r/w/o: 221066.24/63056.98/31541.49) lat (ms,95%): 29.19 err/s: 0.10 reconn/s: 0.00
[ 210s ] thds: 400 tps: 15727.49 qps: 314244.71 (r/w/o: 219877.97/62917.96/31448.78) lat (ms,95%): 29.19 err/s: 0.00 reconn/s: 0.00
[ 220s ] thds: 400 tps: 15878.63 qps: 317803.22 (r/w/o: 222543.86/63495.60/31763.75) lat (ms,95%): 28.67 err/s: 0.20 reconn/s: 0.00
[ 230s ] thds: 400 tps: 15795.02 qps: 315814.45 (r/w/o: 221003.81/63226.29/31584.34) lat (ms,95%): 29.19 err/s: 0.00 reconn/s: 0.00
[ 240s ] thds: 400 tps: 15732.75 qps: 314732.44 (r/w/o: 220370.13/62891.81/31470.50) lat (ms,95%): 29.19 err/s: 0.00 reconn/s: 0.00
[ 250s ] thds: 400 tps: 15854.71 qps: 317120.26 (r/w/o: 221993.78/63416.15/31710.33) lat (ms,95%): 29.19 err/s: 0.00 reconn/s: 0.00
[ 260s ] thds: 400 tps: 15921.77 qps: 318450.69 (r/w/o: 222915.74/63691.80/31843.15) lat (ms,95%): 29.19 err/s: 0.00 reconn/s: 0.00
[ 270s ] thds: 400 tps: 15861.63 qps: 317096.54 (r/w/o: 221934.58/63438.61/31723.35) lat (ms,95%): 29.19 err/s: 0.00 reconn/s: 0.00
[ 280s ] thds: 400 tps: 15884.21 qps: 317464.55 (r/w/o: 222158.87/63538.85/31766.82) lat (ms,95%): 29.19 err/s: 0.00 reconn/s: 0.00
[ 290s ] thds: 400 tps: 14738.19 qps: 294984.59 (r/w/o: 206547.85/58958.56/29478.18) lat (ms,95%): 45.79 err/s: 0.00 reconn/s: 0.00
[ 300s ] thds: 400 tps: 14487.36 qps: 289711.02 (r/w/o: 202784.68/57954.42/28971.91) lat (ms,95%): 49.21 err/s: 0.00 reconn/s: 0.00
[ 310s ] thds: 400 tps: 12613.75 qps: 252268.95 (r/w/o: 176596.67/50446.29/25226.00) lat (ms,95%): 54.83 err/s: 0.00 reconn/s: 0.00
[ 320s ] thds: 400 tps: 14594.01 qps: 291773.27 (r/w/o: 204207.42/58373.73/29192.12) lat (ms,95%): 44.17 err/s: 0.00 reconn/s: 0.00
[ 330s ] thds: 400 tps: 15659.53 qps: 313403.60 (r/w/o: 219441.12/62645.02/31317.46) lat (ms,95%): 29.72 err/s: 0.10 reconn/s: 0.00
[ 340s ] thds: 400 tps: 15749.62 qps: 314905.69 (r/w/o: 220385.44/63024.80/31495.45) lat (ms,95%): 29.72 err/s: 0.00 reconn/s: 0.00
[ 350s ] thds: 400 tps: 15369.94 qps: 307513.08 (r/w/o: 215322.14/61445.06/30745.88) lat (ms,95%): 30.26 err/s: 0.00 reconn/s: 0.00
[ 360s ] thds: 400 tps: 15831.09 qps: 316570.60 (r/w/o: 221573.56/63335.66/31661.38) lat (ms,95%): 29.19 err/s: 0.00 reconn/s: 0.00
[ 370s ] thds: 400 tps: 15674.21 qps: 313679.59 (r/w/o: 219551.71/62778.56/31349.33) lat (ms,95%): 29.19 err/s: 0.10 reconn/s: 0.00
[ 380s ] thds: 400 tps: 15544.06 qps: 310824.17 (r/w/o: 217584.02/62155.63/31084.52) lat (ms,95%): 30.26 err/s: 0.00 reconn/s: 0.00
[ 390s ] thds: 400 tps: 15757.38 qps: 315149.04 (r/w/o: 220646.55/62984.63/31517.86) lat (ms,95%): 29.19 err/s: 0.10 reconn/s: 0.00
[ 400s ] thds: 400 tps: 15761.48 qps: 314913.44 (r/w/o: 220366.98/63040.51/31505.95) lat (ms,95%): 29.19 err/s: 0.10 reconn/s: 0.00
[ 410s ] thds: 400 tps: 15875.19 qps: 317837.49 (r/w/o: 222531.72/63537.38/31768.39) lat (ms,95%): 29.19 err/s: 0.00 reconn/s: 0.00
[ 420s ] thds: 400 tps: 15716.83 qps: 314299.71 (r/w/o: 220048.52/62817.52/31433.66) lat (ms,95%): 29.19 err/s: 0.00 reconn/s: 0.00
[ 430s ] thds: 400 tps: 15111.46 qps: 301925.61 (r/w/o: 211255.68/60453.82/30216.11) lat (ms,95%): 36.24 err/s: 0.00 reconn/s: 0.00
[ 440s ] thds: 400 tps: 14131.46 qps: 282804.75 (r/w/o: 198007.80/56530.63/28266.31) lat (ms,95%): 51.94 err/s: 0.00 reconn/s: 0.00
[ 450s ] thds: 400 tps: 14285.16 qps: 285756.71 (r/w/o: 200068.94/57113.84/28573.92) lat (ms,95%): 49.21 err/s: 0.10 reconn/s: 0.00
[ 460s ] thds: 400 tps: 12261.30 qps: 245344.78 (r/w/o: 171740.96/49081.32/24522.51) lat (ms,95%): 58.92 err/s: 0.00 reconn/s: 0.00
[ 470s ] thds: 400 tps: 14891.55 qps: 297493.09 (r/w/o: 208178.99/59534.10/29780.00) lat (ms,95%): 33.72 err/s: 0.00 reconn/s: 0.00
[ 480s ] thds: 400 tps: 15522.71 qps: 310501.00 (r/w/o: 217344.91/62118.66/31037.43) lat (ms,95%): 29.72 err/s: 0.00 reconn/s: 0.00
[ 490s ] thds: 400 tps: 15528.66 qps: 310715.95 (r/w/o: 217562.87/62084.35/31068.72) lat (ms,95%): 29.72 err/s: 0.10 reconn/s: 0.00
[ 500s ] thds: 400 tps: 15765.72 qps: 315404.26 (r/w/o: 220800.73/63071.89/31531.65) lat (ms,95%): 29.19 err/s: 0.00 reconn/s: 0.00
[ 510s ] thds: 400 tps: 15502.56 qps: 309859.36 (r/w/o: 216854.98/61999.85/31004.53) lat (ms,95%): 29.72 err/s: 0.00 reconn/s: 0.00
[ 520s ] thds: 400 tps: 15081.47 qps: 301774.87 (r/w/o: 211234.13/60382.79/30157.95) lat (ms,95%): 33.72 err/s: 0.00 reconn/s: 0.00
[ 530s ] thds: 400 tps: 14152.13 qps: 282978.47 (r/w/o: 198102.77/56567.63/28308.07) lat (ms,95%): 52.89 err/s: 0.00 reconn/s: 0.00
[ 540s ] thds: 400 tps: 13441.01 qps: 268814.21 (r/w/o: 188172.18/53758.52/26883.51) lat (ms,95%): 55.82 err/s: 0.00 reconn/s: 0.00
[ 550s ] thds: 400 tps: 13565.16 qps: 271113.23 (r/w/o: 189725.36/54258.94/27128.92) lat (ms,95%): 54.83 err/s: 0.00 reconn/s: 0.00
[ 560s ] thds: 400 tps: 15474.40 qps: 309870.58 (r/w/o: 216974.76/61945.72/30950.11) lat (ms,95%): 30.26 err/s: 0.00 reconn/s: 0.00
[ 570s ] thds: 400 tps: 15615.73 qps: 312131.79 (r/w/o: 218481.08/62419.94/31230.77) lat (ms,95%): 29.72 err/s: 0.00 reconn/s: 0.00
[ 580s ] thds: 400 tps: 14974.23 qps: 299438.69 (r/w/o: 209591.58/59902.44/29944.67) lat (ms,95%): 33.12 err/s: 0.00 reconn/s: 0.00
[ 590s ] thds: 400 tps: 14110.40 qps: 282227.70 (r/w/o: 197555.83/56446.68/28225.19) lat (ms,95%): 51.02 err/s: 0.00 reconn/s: 0.00
[ 600s ] thds: 400 tps: 14063.67 qps: 281366.81 (r/w/o: 196978.99/56261.18/28126.64) lat (ms,95%): 50.11 err/s: 0.00 reconn/s: 0.00
[ 610s ] thds: 400 tps: 13019.18 qps: 260221.82 (r/w/o: 182131.16/52052.10/26038.55) lat (ms,95%): 52.89 err/s: 0.00 reconn/s: 0.00
[ 620s ] thds: 400 tps: 14053.88 qps: 281444.64 (r/w/o: 197015.88/56320.21/28108.55) lat (ms,95%): 47.47 err/s: 0.00 reconn/s: 0.00
[ 630s ] thds: 400 tps: 15468.93 qps: 309331.17 (r/w/o: 216544.27/61851.33/30935.57) lat (ms,95%): 30.26 err/s: 0.00 reconn/s: 0.00
[ 640s ] thds: 400 tps: 15475.56 qps: 309417.68 (r/w/o: 216568.93/61898.84/30949.92) lat (ms,95%): 29.72 err/s: 0.00 reconn/s: 0.00
[ 650s ] thds: 400 tps: 15687.59 qps: 313411.67 (r/w/o: 219362.24/62670.65/31378.78) lat (ms,95%): 29.72 err/s: 0.10 reconn/s: 0.00
[ 660s ] thds: 400 tps: 15509.46 qps: 310252.42 (r/w/o: 217196.95/62036.04/31019.42) lat (ms,95%): 29.72 err/s: 0.10 reconn/s: 0.00
[ 670s ] thds: 400 tps: 15523.27 qps: 310763.36 (r/w/o: 217607.25/62109.27/31046.84) lat (ms,95%): 29.72 err/s: 0.00 reconn/s: 0.00
[ 680s ] thds: 400 tps: 15479.46 qps: 309741.42 (r/w/o: 216759.15/62023.25/30959.02) lat (ms,95%): 29.72 err/s: 0.00 reconn/s: 0.00
[ 690s ] thds: 400 tps: 15297.79 qps: 305514.50 (r/w/o: 213847.46/61072.06/30594.98) lat (ms,95%): 30.81 err/s: 0.10 reconn/s: 0.00
[ 700s ] thds: 400 tps: 15606.16 qps: 312122.43 (r/w/o: 218475.59/62433.93/31212.91) lat (ms,95%): 29.72 err/s: 0.00 reconn/s: 0.00
[ 710s ] thds: 400 tps: 15616.17 qps: 312327.56 (r/w/o: 218639.62/62455.49/31232.45) lat (ms,95%): 29.72 err/s: 0.00 reconn/s: 0.00
[ 720s ] thds: 400 tps: 15099.98 qps: 302091.02 (r/w/o: 211496.34/60395.22/30199.46) lat (ms,95%): 31.94 err/s: 0.00 reconn/s: 0.00
[ 730s ] thds: 400 tps: 14814.76 qps: 296369.56 (r/w/o: 207469.28/59270.15/29630.13) lat (ms,95%): 33.12 err/s: 0.10 reconn/s: 0.00
[ 740s ] thds: 400 tps: 14014.55 qps: 280158.13 (r/w/o: 196076.05/56054.29/28027.79) lat (ms,95%): 51.02 err/s: 0.00 reconn/s: 0.00
[ 750s ] thds: 400 tps: 13858.90 qps: 277374.04 (r/w/o: 194179.56/55474.79/27719.69) lat (ms,95%): 51.02 err/s: 0.00 reconn/s: 0.00
[ 760s ] thds: 400 tps: 12475.23 qps: 249440.49 (r/w/o: 174617.48/49873.34/24949.67) lat (ms,95%): 56.84 err/s: 0.00 reconn/s: 0.00
[ 770s ] thds: 400 tps: 14628.20 qps: 292683.92 (r/w/o: 204881.01/58550.90/29252.00) lat (ms,95%): 40.37 err/s: 0.10 reconn/s: 0.00
[ 780s ] thds: 400 tps: 15399.50 qps: 307795.76 (r/w/o: 215441.94/61550.31/30803.51) lat (ms,95%): 30.26 err/s: 0.00 reconn/s: 0.00
SQL statistics:
    queries performed:
        read:                            163457196
        write:                           46701995
        other:                           23351049
        total:                           233510240
    transactions:                        11675494 (14954.47 per sec.)
    queries:                             233510240 (299089.90 per sec.)
    ignored errors:                      20     (0.03 per sec.)
    reconnects:                          0      (0.00 per sec.)

General statistics:
    total time:                          780.7350s
    total number of events:              11675494

Latency (ms):
         min:                                   19.49
         avg:                                   26.72
         max:                                  757.50
         95th percentile:                       33.72
         sum:                            312025955.42

Threads fairness:
    events (avg/stddev):           29188.7350/305.00
    execution time (avg/stddev):   780.0649/0.12

