sysbench 1.0.20-ebf1c90 (using bundled LuaJIT 2.1.0-beta2)

Running the test with following options:
Number of threads: 400
Report intermediate results every 10 second(s)
Initializing random number generator from current time


Initializing worker threads...

Threads started!

[ 10s ] thds: 400 tps: 9016.77 qps: 180739.43 (r/w/o: 126574.92/36093.97/18070.53) lat (ms,95%): 158.63 err/s: 0.00 reconn/s: 0.00
[ 20s ] thds: 400 tps: 12648.68 qps: 253100.32 (r/w/o: 177195.87/50604.10/25300.35) lat (ms,95%): 118.92 err/s: 0.00 reconn/s: 0.00
[ 30s ] thds: 400 tps: 14714.51 qps: 294193.23 (r/w/o: 205936.66/58827.45/29429.12) lat (ms,95%): 30.81 err/s: 0.10 reconn/s: 0.00
[ 40s ] thds: 400 tps: 14905.43 qps: 298120.78 (r/w/o: 208649.51/59662.62/29808.66) lat (ms,95%): 33.72 err/s: 0.00 reconn/s: 0.00
[ 50s ] thds: 400 tps: 15703.08 qps: 314160.86 (r/w/o: 219973.46/62778.73/31408.67) lat (ms,95%): 29.72 err/s: 0.10 reconn/s: 0.00
[ 60s ] thds: 400 tps: 15802.13 qps: 316113.01 (r/w/o: 221252.03/63258.02/31602.96) lat (ms,95%): 29.72 err/s: 0.00 reconn/s: 0.00
[ 70s ] thds: 400 tps: 15624.40 qps: 312416.49 (r/w/o: 218714.39/62451.90/31250.20) lat (ms,95%): 29.72 err/s: 0.10 reconn/s: 0.00
[ 80s ] thds: 400 tps: 16086.58 qps: 321725.40 (r/w/o: 225209.25/64342.80/32173.35) lat (ms,95%): 28.67 err/s: 0.00 reconn/s: 0.00
[ 90s ] thds: 400 tps: 15851.35 qps: 317077.35 (r/w/o: 221927.84/63447.31/31702.21) lat (ms,95%): 29.19 err/s: 0.10 reconn/s: 0.00
[ 100s ] thds: 400 tps: 15649.84 qps: 312954.80 (r/w/o: 219087.49/62566.84/31300.47) lat (ms,95%): 29.19 err/s: 0.00 reconn/s: 0.00
[ 110s ] thds: 400 tps: 15968.59 qps: 319272.38 (r/w/o: 223473.65/63862.16/31936.58) lat (ms,95%): 28.67 err/s: 0.00 reconn/s: 0.00
[ 120s ] thds: 400 tps: 16114.72 qps: 322286.30 (r/w/o: 225540.88/64518.68/32226.74) lat (ms,95%): 28.67 err/s: 0.00 reconn/s: 0.00
[ 130s ] thds: 400 tps: 16141.03 qps: 322528.80 (r/w/o: 225744.09/64500.44/32284.27) lat (ms,95%): 28.16 err/s: 0.10 reconn/s: 0.00
[ 140s ] thds: 400 tps: 16030.12 qps: 320771.84 (r/w/o: 224547.34/64162.97/32061.53) lat (ms,95%): 28.67 err/s: 0.10 reconn/s: 0.00
[ 150s ] thds: 400 tps: 14363.52 qps: 287371.44 (r/w/o: 201222.81/57421.49/28727.14) lat (ms,95%): 56.84 err/s: 0.00 reconn/s: 0.00
[ 160s ] thds: 400 tps: 11597.59 qps: 231969.98 (r/w/o: 162381.55/46394.26/23194.18) lat (ms,95%): 66.84 err/s: 0.00 reconn/s: 0.00
[ 170s ] thds: 400 tps: 13800.44 qps: 276046.52 (r/w/o: 193249.30/55195.24/27601.97) lat (ms,95%): 52.89 err/s: 0.00 reconn/s: 0.00
[ 180s ] thds: 400 tps: 15593.90 qps: 311838.63 (r/w/o: 218283.75/62366.99/31187.89) lat (ms,95%): 30.26 err/s: 0.00 reconn/s: 0.00
[ 190s ] thds: 400 tps: 15799.28 qps: 315721.84 (r/w/o: 220925.75/63198.23/31597.86) lat (ms,95%): 29.19 err/s: 0.00 reconn/s: 0.00
[ 200s ] thds: 400 tps: 15777.06 qps: 315975.22 (r/w/o: 221271.08/63149.32/31554.81) lat (ms,95%): 29.19 err/s: 0.00 reconn/s: 0.00
[ 210s ] thds: 400 tps: 15752.56 qps: 314655.64 (r/w/o: 220179.60/62975.23/31500.81) lat (ms,95%): 29.19 err/s: 0.00 reconn/s: 0.00
[ 220s ] thds: 400 tps: 15880.21 qps: 317942.01 (r/w/o: 222651.94/63524.84/31765.22) lat (ms,95%): 28.67 err/s: 0.00 reconn/s: 0.00
[ 230s ] thds: 400 tps: 15811.49 qps: 315952.78 (r/w/o: 221073.64/63258.86/31620.28) lat (ms,95%): 29.19 err/s: 0.10 reconn/s: 0.00
[ 240s ] thds: 400 tps: 15744.69 qps: 315149.56 (r/w/o: 220702.63/62954.55/31492.38) lat (ms,95%): 29.19 err/s: 0.00 reconn/s: 0.00
[ 250s ] thds: 400 tps: 15854.58 qps: 317103.30 (r/w/o: 221960.22/63434.12/31708.96) lat (ms,95%): 29.19 err/s: 0.10 reconn/s: 0.00
[ 260s ] thds: 400 tps: 15932.41 qps: 318639.37 (r/w/o: 223047.39/63727.25/31864.73) lat (ms,95%): 29.19 err/s: 0.10 reconn/s: 0.00
[ 270s ] thds: 400 tps: 15866.85 qps: 317216.75 (r/w/o: 222027.63/63454.71/31734.40) lat (ms,95%): 29.19 err/s: 0.00 reconn/s: 0.00
[ 280s ] thds: 400 tps: 15888.32 qps: 317543.09 (r/w/o: 222216.77/63553.08/31773.24) lat (ms,95%): 29.19 err/s: 0.00 reconn/s: 0.00
[ 290s ] thds: 400 tps: 14728.31 qps: 294940.78 (r/w/o: 206501.60/58979.16/29460.03) lat (ms,95%): 45.79 err/s: 0.00 reconn/s: 0.00
[ 300s ] thds: 400 tps: 14527.94 qps: 290298.96 (r/w/o: 203189.10/58062.17/29047.69) lat (ms,95%): 48.34 err/s: 0.00 reconn/s: 0.00
[ 310s ] thds: 400 tps: 12627.59 qps: 252604.70 (r/w/o: 176836.06/50507.66/25260.98) lat (ms,95%): 54.83 err/s: 0.00 reconn/s: 0.00
[ 320s ] thds: 400 tps: 14624.32 qps: 292429.60 (r/w/o: 204697.21/58481.76/29250.63) lat (ms,95%): 44.17 err/s: 0.00 reconn/s: 0.00
[ 330s ] thds: 400 tps: 15670.98 qps: 313601.67 (r/w/o: 219566.00/62693.51/31342.16) lat (ms,95%): 29.72 err/s: 0.10 reconn/s: 0.00
[ 340s ] thds: 400 tps: 15757.35 qps: 314962.13 (r/w/o: 220407.12/63042.81/31512.20) lat (ms,95%): 29.72 err/s: 0.00 reconn/s: 0.00
[ 350s ] thds: 400 tps: 15369.30 qps: 307579.49 (r/w/o: 215379.99/61458.40/30741.10) lat (ms,95%): 30.26 err/s: 0.00 reconn/s: 0.00
[ 360s ] thds: 400 tps: 15838.88 qps: 316814.23 (r/w/o: 221748.27/63387.81/31678.15) lat (ms,95%): 29.19 err/s: 0.00 reconn/s: 0.00
[ 370s ] thds: 400 tps: 15705.08 qps: 313941.95 (r/w/o: 219714.09/62833.91/31393.96) lat (ms,95%): 29.19 err/s: 0.00 reconn/s: 0.00
[ 380s ] thds: 400 tps: 15531.61 qps: 310927.13 (r/w/o: 217669.59/62178.63/31078.91) lat (ms,95%): 30.26 err/s: 0.00 reconn/s: 0.00
[ 390s ] thds: 400 tps: 15769.01 qps: 315343.98 (r/w/o: 220758.00/63047.36/31538.63) lat (ms,95%): 29.19 err/s: 0.10 reconn/s: 0.00
[ 400s ] thds: 400 tps: 15777.35 qps: 315109.73 (r/w/o: 220515.15/63040.49/31554.09) lat (ms,95%): 29.19 err/s: 0.00 reconn/s: 0.00
[ 410s ] thds: 400 tps: 15872.07 qps: 317833.15 (r/w/o: 222517.51/63573.69/31741.94) lat (ms,95%): 29.19 err/s: 0.00 reconn/s: 0.00
[ 420s ] thds: 400 tps: 15731.76 qps: 314595.17 (r/w/o: 220290.19/62838.75/31466.23) lat (ms,95%): 29.19 err/s: 0.10 reconn/s: 0.00
[ 430s ] thds: 400 tps: 15110.20 qps: 302118.37 (r/w/o: 211438.98/60459.49/30219.90) lat (ms,95%): 36.24 err/s: 0.10 reconn/s: 0.00
[ 440s ] thds: 400 tps: 14202.94 qps: 284086.71 (r/w/o: 198861.27/56818.46/28406.98) lat (ms,95%): 51.02 err/s: 0.00 reconn/s: 0.00
[ 450s ] thds: 400 tps: 14267.93 qps: 285476.25 (r/w/o: 199859.75/57080.53/28535.96) lat (ms,95%): 49.21 err/s: 0.00 reconn/s: 0.00
[ 460s ] thds: 400 tps: 12342.61 qps: 246732.34 (r/w/o: 172693.20/49357.13/24682.01) lat (ms,95%): 57.87 err/s: 0.00 reconn/s: 0.00
[ 470s ] thds: 400 tps: 14933.93 qps: 298514.99 (r/w/o: 208929.48/59714.74/29870.77) lat (ms,95%): 33.72 err/s: 0.10 reconn/s: 0.00
[ 480s ] thds: 400 tps: 15528.50 qps: 310575.73 (r/w/o: 217373.82/62149.61/31052.30) lat (ms,95%): 29.72 err/s: 0.00 reconn/s: 0.00
[ 490s ] thds: 400 tps: 15550.80 qps: 311135.34 (r/w/o: 217859.06/62170.09/31106.19) lat (ms,95%): 29.72 err/s: 0.00 reconn/s: 0.00
[ 500s ] thds: 400 tps: 15776.20 qps: 315652.93 (r/w/o: 220985.22/63114.71/31553.00) lat (ms,95%): 29.19 err/s: 0.00 reconn/s: 0.00
[ 510s ] thds: 400 tps: 15520.99 qps: 310284.87 (r/w/o: 217165.61/62077.27/31041.99) lat (ms,95%): 29.72 err/s: 0.00 reconn/s: 0.00
[ 520s ] thds: 400 tps: 15089.08 qps: 301930.77 (r/w/o: 211316.27/60436.73/30177.77) lat (ms,95%): 33.72 err/s: 0.00 reconn/s: 0.00
[ 530s ] thds: 400 tps: 14185.35 qps: 283567.78 (r/w/o: 198518.79/56677.80/28371.20) lat (ms,95%): 52.89 err/s: 0.10 reconn/s: 0.00
[ 540s ] thds: 400 tps: 13478.37 qps: 269524.55 (r/w/o: 188661.71/53907.99/26954.84) lat (ms,95%): 55.82 err/s: 0.00 reconn/s: 0.00
[ 550s ] thds: 400 tps: 13600.23 qps: 271802.88 (r/w/o: 190214.70/54386.82/27201.36) lat (ms,95%): 54.83 err/s: 0.00 reconn/s: 0.00
[ 560s ] thds: 400 tps: 15485.55 qps: 310120.21 (r/w/o: 217152.04/61997.08/30971.09) lat (ms,95%): 30.26 err/s: 0.00 reconn/s: 0.00
[ 570s ] thds: 400 tps: 15629.06 qps: 312366.35 (r/w/o: 218652.88/62457.05/31256.43) lat (ms,95%): 29.72 err/s: 0.00 reconn/s: 0.00
[ 580s ] thds: 400 tps: 14992.97 qps: 299898.25 (r/w/o: 209915.65/59994.17/29988.44) lat (ms,95%): 33.12 err/s: 0.00 reconn/s: 0.00
[ 590s ] thds: 400 tps: 14133.30 qps: 282549.80 (r/w/o: 197767.43/56516.28/28266.09) lat (ms,95%): 51.02 err/s: 0.00 reconn/s: 0.00
[ 600s ] thds: 400 tps: 14089.84 qps: 282024.01 (r/w/o: 197443.57/56399.96/28180.48) lat (ms,95%): 50.11 err/s: 0.00 reconn/s: 0.00
[ 610s ] thds: 400 tps: 13068.05 qps: 261097.03 (r/w/o: 182733.72/52227.51/26135.80) lat (ms,95%): 52.89 err/s: 0.00 reconn/s: 0.00
[ 620s ] thds: 400 tps: 14085.93 qps: 282027.22 (r/w/o: 197434.14/56422.42/28170.66) lat (ms,95%): 47.47 err/s: 0.00 reconn/s: 0.00
[ 630s ] thds: 400 tps: 15471.18 qps: 309456.73 (r/w/o: 216628.17/61886.31/30942.25) lat (ms,95%): 30.26 err/s: 0.00 reconn/s: 0.00
[ 640s ] thds: 400 tps: 15496.91 qps: 309783.65 (r/w/o: 216826.11/61966.43/30991.12) lat (ms,95%): 29.72 err/s: 0.00 reconn/s: 0.00
[ 650s ] thds: 400 tps: 15701.03 qps: 313763.98 (r/w/o: 219615.38/62742.54/31406.07) lat (ms,95%): 29.72 err/s: 0.00 reconn/s: 0.00
[ 660s ] thds: 400 tps: 15514.29 qps: 310297.26 (r/w/o: 217211.00/62057.67/31028.59) lat (ms,95%): 29.72 err/s: 0.00 reconn/s: 0.00
[ 670s ] thds: 400 tps: 15549.86 qps: 311339.20 (r/w/o: 218027.61/62212.86/31098.73) lat (ms,95%): 29.72 err/s: 0.00 reconn/s: 0.00
[ 680s ] thds: 400 tps: 15489.91 qps: 309902.47 (r/w/o: 216859.22/62062.33/30980.92) lat (ms,95%): 29.72 err/s: 0.00 reconn/s: 0.00
[ 690s ] thds: 400 tps: 15298.60 qps: 305611.67 (r/w/o: 213933.68/61080.59/30597.40) lat (ms,95%): 30.81 err/s: 0.00 reconn/s: 0.00
[ 700s ] thds: 400 tps: 15613.20 qps: 312249.22 (r/w/o: 218564.81/62460.50/31223.90) lat (ms,95%): 29.72 err/s: 0.00 reconn/s: 0.00
[ 710s ] thds: 400 tps: 15603.90 qps: 312054.83 (r/w/o: 218431.45/62425.29/31198.09) lat (ms,95%): 29.72 err/s: 0.00 reconn/s: 0.00
[ 720s ] thds: 400 tps: 15119.94 qps: 302510.36 (r/w/o: 211799.00/60458.87/30252.49) lat (ms,95%): 31.37 err/s: 0.00 reconn/s: 0.00
[ 730s ] thds: 400 tps: 14821.66 qps: 296354.55 (r/w/o: 207413.70/59298.93/29641.92) lat (ms,95%): 33.12 err/s: 0.00 reconn/s: 0.00
[ 740s ] thds: 400 tps: 14011.63 qps: 280416.20 (r/w/o: 196341.32/56050.42/28024.46) lat (ms,95%): 51.02 err/s: 0.00 reconn/s: 0.00
[ 750s ] thds: 400 tps: 13915.26 qps: 278145.70 (r/w/o: 194668.54/55649.14/27828.02) lat (ms,95%): 51.02 err/s: 0.00 reconn/s: 0.00
[ 760s ] thds: 400 tps: 12472.69 qps: 249604.68 (r/w/o: 174750.25/49909.26/24945.18) lat (ms,95%): 55.82 err/s: 0.00 reconn/s: 0.00
[ 770s ] thds: 400 tps: 14664.81 qps: 293384.00 (r/w/o: 205365.24/58692.74/29326.02) lat (ms,95%): 40.37 err/s: 0.00 reconn/s: 0.00
[ 780s ] thds: 400 tps: 15385.81 qps: 307581.63 (r/w/o: 215299.99/61504.13/30777.51) lat (ms,95%): 30.26 err/s: 0.10 reconn/s: 0.00
SQL statistics:
    queries performed:
        read:                            163617538
        write:                           46747822
        other:                           23373948
        total:                           233739308
    transactions:                        11686951 (14969.93 per sec.)
    queries:                             233739308 (299399.04 per sec.)
    ignored errors:                      16     (0.02 per sec.)
    reconnects:                          0      (0.00 per sec.)

General statistics:
    total time:                          780.6939s
    total number of events:              11686951

Latency (ms):
         min:                                   19.33
         avg:                                   26.70
         max:                                  741.60
         95th percentile:                       33.72
         sum:                            312031203.34

Threads fairness:
    events (avg/stddev):           29217.3775/330.22
    execution time (avg/stddev):   780.0780/0.12

