sysbench 1.0.20-ebf1c90 (using bundled LuaJIT 2.1.0-beta2)

Running the test with following options:
Number of threads: 400
Report intermediate results every 10 second(s)
Initializing random number generator from current time


Initializing worker threads...

Threads started!

[ 10s ] thds: 400 tps: 9084.79 qps: 182101.36 (r/w/o: 127511.36/36381.94/18208.07) lat (ms,95%): 161.51 err/s: 0.00 reconn/s: 0.00
[ 20s ] thds: 400 tps: 12733.57 qps: 254626.15 (r/w/o: 178242.64/50915.07/25468.43) lat (ms,95%): 112.67 err/s: 0.00 reconn/s: 0.00
[ 30s ] thds: 400 tps: 14232.51 qps: 284647.83 (r/w/o: 199275.16/56907.85/28464.82) lat (ms,95%): 33.12 err/s: 0.00 reconn/s: 0.00
[ 40s ] thds: 400 tps: 15120.61 qps: 302303.61 (r/w/o: 211578.78/60484.12/30240.71) lat (ms,95%): 31.37 err/s: 0.00 reconn/s: 0.00
[ 50s ] thds: 400 tps: 15274.75 qps: 305715.25 (r/w/o: 214058.03/61106.91/30550.30) lat (ms,95%): 30.26 err/s: 0.00 reconn/s: 0.00
[ 60s ] thds: 400 tps: 15602.24 qps: 311805.42 (r/w/o: 218196.67/62404.66/31204.08) lat (ms,95%): 29.72 err/s: 0.00 reconn/s: 0.00
[ 70s ] thds: 400 tps: 15361.05 qps: 307373.08 (r/w/o: 215211.15/61439.02/30722.91) lat (ms,95%): 30.26 err/s: 0.10 reconn/s: 0.00
[ 80s ] thds: 400 tps: 15932.01 qps: 318487.38 (r/w/o: 222894.22/63729.64/31863.52) lat (ms,95%): 29.19 err/s: 0.00 reconn/s: 0.00
[ 90s ] thds: 400 tps: 15830.48 qps: 316603.18 (r/w/o: 221620.78/63321.64/31660.77) lat (ms,95%): 29.19 err/s: 0.00 reconn/s: 0.00
[ 100s ] thds: 400 tps: 15317.37 qps: 306310.44 (r/w/o: 214406.84/61268.37/30635.23) lat (ms,95%): 29.72 err/s: 0.00 reconn/s: 0.00
[ 110s ] thds: 400 tps: 15727.93 qps: 314608.05 (r/w/o: 220240.28/62912.21/31455.55) lat (ms,95%): 29.19 err/s: 0.00 reconn/s: 0.00
[ 120s ] thds: 400 tps: 15858.69 qps: 317294.59 (r/w/o: 222142.82/63433.78/31717.99) lat (ms,95%): 29.19 err/s: 0.00 reconn/s: 0.00
[ 130s ] thds: 400 tps: 15938.07 qps: 318678.89 (r/w/o: 223031.57/63771.48/31875.84) lat (ms,95%): 28.67 err/s: 0.00 reconn/s: 0.00
[ 140s ] thds: 400 tps: 15919.48 qps: 318713.31 (r/w/o: 223148.82/63725.32/31839.16) lat (ms,95%): 28.67 err/s: 0.00 reconn/s: 0.00
[ 150s ] thds: 400 tps: 13115.20 qps: 261982.09 (r/w/o: 183355.36/52396.92/26229.81) lat (ms,95%): 70.55 err/s: 0.00 reconn/s: 0.00
[ 160s ] thds: 400 tps: 11733.25 qps: 234876.02 (r/w/o: 164446.55/46963.28/23466.19) lat (ms,95%): 71.83 err/s: 0.10 reconn/s: 0.00
[ 170s ] thds: 400 tps: 13862.63 qps: 276914.71 (r/w/o: 193765.56/55424.90/27724.25) lat (ms,95%): 52.89 err/s: 0.00 reconn/s: 0.00
[ 180s ] thds: 400 tps: 15447.02 qps: 309414.26 (r/w/o: 216682.12/61835.79/30896.35) lat (ms,95%): 29.72 err/s: 0.00 reconn/s: 0.00
[ 190s ] thds: 400 tps: 15547.89 qps: 310585.95 (r/w/o: 217353.09/62137.67/31095.18) lat (ms,95%): 29.72 err/s: 0.00 reconn/s: 0.00
[ 200s ] thds: 400 tps: 15709.27 qps: 314331.45 (r/w/o: 220055.45/62857.47/31418.54) lat (ms,95%): 29.19 err/s: 0.00 reconn/s: 0.00
[ 210s ] thds: 400 tps: 15334.22 qps: 306609.47 (r/w/o: 214624.63/61315.69/30669.15) lat (ms,95%): 30.26 err/s: 0.00 reconn/s: 0.00
[ 220s ] thds: 400 tps: 15610.07 qps: 312292.17 (r/w/o: 218631.23/62441.19/31219.75) lat (ms,95%): 29.19 err/s: 0.00 reconn/s: 0.00
[ 230s ] thds: 400 tps: 15698.93 qps: 313747.46 (r/w/o: 219546.89/62806.91/31393.66) lat (ms,95%): 29.19 err/s: 0.00 reconn/s: 0.00
[ 240s ] thds: 400 tps: 15261.37 qps: 305220.79 (r/w/o: 213650.24/61046.10/30524.45) lat (ms,95%): 30.81 err/s: 0.00 reconn/s: 0.00
[ 250s ] thds: 400 tps: 15421.54 qps: 308595.48 (r/w/o: 216042.82/61711.08/30841.59) lat (ms,95%): 29.72 err/s: 0.10 reconn/s: 0.00
[ 260s ] thds: 400 tps: 15707.33 qps: 314081.03 (r/w/o: 219869.14/62792.23/31419.66) lat (ms,95%): 29.19 err/s: 0.20 reconn/s: 0.00
[ 270s ] thds: 400 tps: 15616.48 qps: 312772.21 (r/w/o: 218946.63/62592.62/31232.96) lat (ms,95%): 29.19 err/s: 0.00 reconn/s: 0.00
[ 280s ] thds: 400 tps: 15531.58 qps: 310431.11 (r/w/o: 217357.42/62010.32/31063.36) lat (ms,95%): 29.72 err/s: 0.00 reconn/s: 0.00
[ 290s ] thds: 400 tps: 15070.06 qps: 301461.44 (r/w/o: 211025.39/60295.73/30140.31) lat (ms,95%): 31.37 err/s: 0.10 reconn/s: 0.00
[ 300s ] thds: 400 tps: 13997.86 qps: 279794.89 (r/w/o: 195817.93/55981.14/27995.82) lat (ms,95%): 53.85 err/s: 0.00 reconn/s: 0.00
[ 310s ] thds: 400 tps: 12334.50 qps: 246788.94 (r/w/o: 172771.43/49348.61/24668.90) lat (ms,95%): 57.87 err/s: 0.00 reconn/s: 0.00
[ 320s ] thds: 400 tps: 12948.91 qps: 259055.94 (r/w/o: 181301.99/51861.93/25892.01) lat (ms,95%): 55.82 err/s: 0.00 reconn/s: 0.00
[ 330s ] thds: 400 tps: 15292.85 qps: 305532.17 (r/w/o: 213859.28/61081.39/30591.50) lat (ms,95%): 30.81 err/s: 0.00 reconn/s: 0.00
[ 340s ] thds: 400 tps: 15388.96 qps: 308026.00 (r/w/o: 215635.71/61618.66/30771.63) lat (ms,95%): 29.72 err/s: 0.00 reconn/s: 0.00
[ 350s ] thds: 400 tps: 15573.60 qps: 311311.35 (r/w/o: 217929.84/62228.11/31153.41) lat (ms,95%): 29.72 err/s: 0.00 reconn/s: 0.00
[ 360s ] thds: 400 tps: 15178.84 qps: 303496.18 (r/w/o: 212414.54/60725.36/30356.28) lat (ms,95%): 30.81 err/s: 0.00 reconn/s: 0.00
[ 370s ] thds: 400 tps: 15519.24 qps: 310628.36 (r/w/o: 217519.84/62068.55/31039.98) lat (ms,95%): 29.72 err/s: 0.00 reconn/s: 0.00
[ 380s ] thds: 400 tps: 15458.30 qps: 309269.74 (r/w/o: 216455.13/61898.01/30916.60) lat (ms,95%): 30.26 err/s: 0.00 reconn/s: 0.00
[ 390s ] thds: 400 tps: 15319.11 qps: 306120.35 (r/w/o: 214267.07/61215.45/30637.82) lat (ms,95%): 30.81 err/s: 0.00 reconn/s: 0.00
[ 400s ] thds: 400 tps: 15314.22 qps: 306569.68 (r/w/o: 214582.77/61357.98/30628.94) lat (ms,95%): 30.26 err/s: 0.00 reconn/s: 0.00
[ 410s ] thds: 400 tps: 15656.97 qps: 312739.00 (r/w/o: 218900.35/62525.00/31313.65) lat (ms,95%): 29.72 err/s: 0.00 reconn/s: 0.00
[ 420s ] thds: 400 tps: 15527.31 qps: 310880.14 (r/w/o: 217681.79/62143.43/31054.91) lat (ms,95%): 29.72 err/s: 0.00 reconn/s: 0.00
[ 430s ] thds: 400 tps: 15308.48 qps: 305947.17 (r/w/o: 214132.20/61198.01/30616.96) lat (ms,95%): 30.26 err/s: 0.00 reconn/s: 0.00
[ 440s ] thds: 400 tps: 14809.90 qps: 296422.27 (r/w/o: 207543.98/59258.39/29619.90) lat (ms,95%): 32.53 err/s: 0.00 reconn/s: 0.00
[ 450s ] thds: 400 tps: 14148.03 qps: 282909.97 (r/w/o: 197978.07/56641.23/28290.67) lat (ms,95%): 52.89 err/s: 0.00 reconn/s: 0.00
[ 460s ] thds: 400 tps: 12598.79 qps: 251748.72 (r/w/o: 176218.58/50328.97/25201.18) lat (ms,95%): 58.92 err/s: 0.00 reconn/s: 0.00
[ 470s ] thds: 400 tps: 12769.82 qps: 255604.09 (r/w/o: 178969.95/51092.60/25541.55) lat (ms,95%): 57.87 err/s: 0.00 reconn/s: 0.00
[ 480s ] thds: 400 tps: 15339.02 qps: 306689.68 (r/w/o: 214669.66/61342.48/30677.54) lat (ms,95%): 30.26 err/s: 0.00 reconn/s: 0.00
[ 490s ] thds: 400 tps: 15368.56 qps: 307558.03 (r/w/o: 215296.16/61524.35/30737.52) lat (ms,95%): 30.26 err/s: 0.00 reconn/s: 0.00
[ 500s ] thds: 400 tps: 15542.52 qps: 310931.55 (r/w/o: 217617.91/62228.89/31084.74) lat (ms,95%): 29.72 err/s: 0.00 reconn/s: 0.00
[ 510s ] thds: 400 tps: 15346.03 qps: 306699.85 (r/w/o: 214716.79/61290.81/30692.26) lat (ms,95%): 30.26 err/s: 0.00 reconn/s: 0.00
[ 520s ] thds: 400 tps: 15314.47 qps: 306089.90 (r/w/o: 214213.51/61248.06/30628.33) lat (ms,95%): 30.26 err/s: 0.10 reconn/s: 0.00
[ 530s ] thds: 400 tps: 14678.06 qps: 293592.48 (r/w/o: 205517.83/58718.74/29355.92) lat (ms,95%): 33.12 err/s: 0.00 reconn/s: 0.00
[ 540s ] thds: 400 tps: 13672.82 qps: 273748.71 (r/w/o: 191659.52/54745.26/27343.93) lat (ms,95%): 55.82 err/s: 0.00 reconn/s: 0.00
[ 550s ] thds: 400 tps: 13105.24 qps: 262087.43 (r/w/o: 183459.71/52415.05/26212.67) lat (ms,95%): 57.87 err/s: 0.00 reconn/s: 0.00
[ 560s ] thds: 400 tps: 13222.36 qps: 264410.07 (r/w/o: 185077.59/52886.95/26445.53) lat (ms,95%): 56.84 err/s: 0.00 reconn/s: 0.00
[ 570s ] thds: 400 tps: 15424.43 qps: 308237.77 (r/w/o: 215750.50/61638.41/30848.86) lat (ms,95%): 30.26 err/s: 0.10 reconn/s: 0.00
[ 580s ] thds: 400 tps: 15255.22 qps: 305097.80 (r/w/o: 213548.68/61047.18/30501.94) lat (ms,95%): 30.26 err/s: 0.10 reconn/s: 0.00
[ 590s ] thds: 400 tps: 14846.66 qps: 296992.13 (r/w/o: 207930.59/59360.63/29700.91) lat (ms,95%): 32.53 err/s: 0.00 reconn/s: 0.00
[ 600s ] thds: 400 tps: 14064.53 qps: 281551.80 (r/w/o: 197096.22/56325.22/28130.36) lat (ms,95%): 53.85 err/s: 0.10 reconn/s: 0.00
[ 610s ] thds: 400 tps: 13667.56 qps: 273207.60 (r/w/o: 191245.37/54630.92/27331.31) lat (ms,95%): 54.83 err/s: 0.00 reconn/s: 0.00
[ 620s ] thds: 400 tps: 12827.52 qps: 256406.11 (r/w/o: 179463.72/51285.96/25656.43) lat (ms,95%): 56.84 err/s: 0.20 reconn/s: 0.00
[ 630s ] thds: 400 tps: 13767.61 qps: 275715.47 (r/w/o: 193038.82/55138.43/27538.22) lat (ms,95%): 51.02 err/s: 0.00 reconn/s: 0.00
[ 640s ] thds: 400 tps: 15412.30 qps: 308094.31 (r/w/o: 215627.01/61643.10/30824.20) lat (ms,95%): 30.26 err/s: 0.00 reconn/s: 0.00
[ 650s ] thds: 400 tps: 15420.35 qps: 308408.36 (r/w/o: 215879.07/61693.69/30835.60) lat (ms,95%): 30.26 err/s: 0.00 reconn/s: 0.00
[ 660s ] thds: 400 tps: 15302.33 qps: 306073.00 (r/w/o: 214315.09/61147.84/30610.07) lat (ms,95%): 30.26 err/s: 0.00 reconn/s: 0.00
[ 670s ] thds: 400 tps: 15344.05 qps: 306910.62 (r/w/o: 214839.55/61382.78/30688.29) lat (ms,95%): 30.26 err/s: 0.00 reconn/s: 0.00
[ 680s ] thds: 400 tps: 15453.97 qps: 309028.00 (r/w/o: 216324.28/61796.08/30907.64) lat (ms,95%): 29.72 err/s: 0.10 reconn/s: 0.00
[ 690s ] thds: 400 tps: 15251.01 qps: 304815.41 (r/w/o: 213313.27/61000.22/30501.91) lat (ms,95%): 30.26 err/s: 0.00 reconn/s: 0.00
[ 700s ] thds: 400 tps: 15049.15 qps: 301143.90 (r/w/o: 210829.53/60217.18/30097.19) lat (ms,95%): 31.37 err/s: 0.00 reconn/s: 0.00
[ 710s ] thds: 400 tps: 15348.62 qps: 307109.79 (r/w/o: 214999.94/61410.90/30698.95) lat (ms,95%): 30.26 err/s: 0.00 reconn/s: 0.00
[ 720s ] thds: 400 tps: 15439.90 qps: 308467.42 (r/w/o: 215848.91/61742.00/30876.50) lat (ms,95%): 29.72 err/s: 0.00 reconn/s: 0.00
[ 730s ] thds: 400 tps: 15216.01 qps: 304374.78 (r/w/o: 213063.32/60881.34/30430.12) lat (ms,95%): 30.26 err/s: 0.00 reconn/s: 0.00
[ 740s ] thds: 400 tps: 14864.17 qps: 297372.16 (r/w/o: 208175.72/59464.39/29732.05) lat (ms,95%): 32.53 err/s: 0.00 reconn/s: 0.00
[ 750s ] thds: 400 tps: 13882.22 qps: 277754.09 (r/w/o: 194455.87/55532.38/27765.84) lat (ms,95%): 54.83 err/s: 0.00 reconn/s: 0.00
[ 760s ] thds: 400 tps: 13583.20 qps: 271576.16 (r/w/o: 190093.87/54315.79/27166.50) lat (ms,95%): 54.83 err/s: 0.00 reconn/s: 0.00
[ 770s ] thds: 400 tps: 12469.36 qps: 249220.73 (r/w/o: 174428.90/49853.83/24938.01) lat (ms,95%): 57.87 err/s: 0.00 reconn/s: 0.00
[ 780s ] thds: 400 tps: 13262.63 qps: 265530.08 (r/w/o: 185929.68/53074.93/26525.47) lat (ms,95%): 54.83 err/s: 0.00 reconn/s: 0.00
SQL statistics:
    queries performed:
        read:                            160794228
        write:                           45941170
        other:                           22970616
        total:                           229706014
    transactions:                        11485289 (14711.06 per sec.)
    queries:                             229706014 (294221.59 per sec.)
    ignored errors:                      13     (0.02 per sec.)
    reconnects:                          0      (0.00 per sec.)

General statistics:
    total time:                          780.7235s
    total number of events:              11485289

Latency (ms):
         min:                                   19.49
         avg:                                   27.17
         max:                                  735.86
         95th percentile:                       34.33
         sum:                            312004927.99

Threads fairness:
    events (avg/stddev):           28713.2225/354.46
    execution time (avg/stddev):   780.0123/0.13

