sysbench 1.0.20-ebf1c90 (using bundled LuaJIT 2.1.0-beta2)

Running the test with following options:
Number of threads: 400
Report intermediate results every 10 second(s)
Initializing random number generator from current time


Initializing worker threads...

Threads started!

[ 10s ] thds: 400 tps: 9165.45 qps: 183738.31 (r/w/o: 128670.73/36706.59/18360.99) lat (ms,95%): 161.51 err/s: 0.00 reconn/s: 0.00
[ 20s ] thds: 400 tps: 12713.58 qps: 254240.17 (r/w/o: 177983.50/50820.01/25436.66) lat (ms,95%): 112.67 err/s: 0.00 reconn/s: 0.00
[ 30s ] thds: 400 tps: 14240.01 qps: 284752.37 (r/w/o: 199287.02/56984.83/28480.52) lat (ms,95%): 33.12 err/s: 0.00 reconn/s: 0.00
[ 40s ] thds: 400 tps: 15112.50 qps: 302277.63 (r/w/o: 211586.12/60470.01/30221.50) lat (ms,95%): 31.37 err/s: 0.00 reconn/s: 0.00
[ 50s ] thds: 400 tps: 15294.90 qps: 305815.90 (r/w/o: 214095.70/61127.10/30593.10) lat (ms,95%): 30.26 err/s: 0.00 reconn/s: 0.00
[ 60s ] thds: 400 tps: 15547.31 qps: 311305.33 (r/w/o: 217950.16/62259.95/31095.22) lat (ms,95%): 30.26 err/s: 0.10 reconn/s: 0.00
[ 70s ] thds: 400 tps: 15383.72 qps: 307241.02 (r/w/o: 215009.79/61464.78/30766.44) lat (ms,95%): 30.26 err/s: 0.00 reconn/s: 0.00
[ 80s ] thds: 400 tps: 15904.20 qps: 318197.21 (r/w/o: 222756.21/63647.10/31793.90) lat (ms,95%): 29.19 err/s: 0.10 reconn/s: 0.00
[ 90s ] thds: 400 tps: 15802.93 qps: 316112.89 (r/w/o: 221248.11/63244.72/31620.06) lat (ms,95%): 29.19 err/s: 0.00 reconn/s: 0.00
[ 100s ] thds: 400 tps: 15316.33 qps: 306333.71 (r/w/o: 214450.86/61257.10/30625.75) lat (ms,95%): 29.72 err/s: 0.20 reconn/s: 0.00
[ 110s ] thds: 400 tps: 15693.65 qps: 314103.63 (r/w/o: 219890.25/62817.09/31396.29) lat (ms,95%): 29.19 err/s: 0.00 reconn/s: 0.00
[ 120s ] thds: 400 tps: 15874.45 qps: 317046.46 (r/w/o: 221895.37/63402.89/31748.20) lat (ms,95%): 29.19 err/s: 0.00 reconn/s: 0.00
[ 130s ] thds: 400 tps: 15901.87 qps: 318473.77 (r/w/o: 223006.56/63663.07/31804.14) lat (ms,95%): 28.67 err/s: 0.00 reconn/s: 0.00
[ 140s ] thds: 400 tps: 15937.56 qps: 318638.49 (r/w/o: 223072.63/63690.34/31875.52) lat (ms,95%): 28.67 err/s: 0.00 reconn/s: 0.00
[ 150s ] thds: 400 tps: 13047.84 qps: 260954.77 (r/w/o: 182617.14/52241.75/26095.88) lat (ms,95%): 70.55 err/s: 0.00 reconn/s: 0.00
[ 160s ] thds: 400 tps: 11780.25 qps: 235451.62 (r/w/o: 164799.92/47092.61/23559.10) lat (ms,95%): 71.83 err/s: 0.00 reconn/s: 0.00
[ 170s ] thds: 400 tps: 13861.86 qps: 277510.00 (r/w/o: 194303.74/55480.94/27725.32) lat (ms,95%): 52.89 err/s: 0.00 reconn/s: 0.00
[ 180s ] thds: 400 tps: 15466.31 qps: 309138.81 (r/w/o: 216395.85/61810.24/30932.72) lat (ms,95%): 29.72 err/s: 0.00 reconn/s: 0.00
[ 190s ] thds: 400 tps: 15504.25 qps: 310159.78 (r/w/o: 217067.65/62092.62/30999.51) lat (ms,95%): 29.72 err/s: 0.00 reconn/s: 0.00
[ 200s ] thds: 400 tps: 15722.35 qps: 314248.53 (r/w/o: 219974.45/62821.79/31452.29) lat (ms,95%): 29.19 err/s: 0.00 reconn/s: 0.00
[ 210s ] thds: 400 tps: 15311.50 qps: 306240.91 (r/w/o: 214341.50/61275.80/30623.60) lat (ms,95%): 30.26 err/s: 0.00 reconn/s: 0.00
[ 220s ] thds: 400 tps: 15603.67 qps: 311968.09 (r/w/o: 218391.37/62376.08/31200.64) lat (ms,95%): 29.19 err/s: 0.10 reconn/s: 0.00
[ 230s ] thds: 400 tps: 15648.53 qps: 313399.01 (r/w/o: 219436.15/62658.00/31304.85) lat (ms,95%): 29.19 err/s: 0.00 reconn/s: 0.00
[ 240s ] thds: 400 tps: 15248.85 qps: 304938.54 (r/w/o: 213461.66/60979.59/30497.29) lat (ms,95%): 30.81 err/s: 0.00 reconn/s: 0.00
[ 250s ] thds: 400 tps: 15419.30 qps: 308263.78 (r/w/o: 215756.29/61669.20/30838.30) lat (ms,95%): 29.72 err/s: 0.00 reconn/s: 0.00
[ 260s ] thds: 400 tps: 15693.81 qps: 313634.92 (r/w/o: 219499.29/62767.22/31368.41) lat (ms,95%): 29.19 err/s: 0.10 reconn/s: 0.00
[ 270s ] thds: 400 tps: 15605.02 qps: 312376.30 (r/w/o: 218744.15/62402.00/31230.15) lat (ms,95%): 29.19 err/s: 0.00 reconn/s: 0.00
[ 280s ] thds: 400 tps: 15515.20 qps: 310055.50 (r/w/o: 216967.87/62057.22/31030.41) lat (ms,95%): 29.72 err/s: 0.00 reconn/s: 0.00
[ 290s ] thds: 400 tps: 15067.46 qps: 301411.19 (r/w/o: 211016.61/60259.76/30134.83) lat (ms,95%): 31.37 err/s: 0.00 reconn/s: 0.00
[ 300s ] thds: 400 tps: 14002.59 qps: 280049.09 (r/w/o: 196025.25/56018.56/28005.28) lat (ms,95%): 53.85 err/s: 0.10 reconn/s: 0.00
[ 310s ] thds: 400 tps: 12343.28 qps: 246832.36 (r/w/o: 172779.99/49366.21/24686.16) lat (ms,95%): 57.87 err/s: 0.00 reconn/s: 0.00
[ 320s ] thds: 400 tps: 12967.53 qps: 259505.16 (r/w/o: 181692.66/51877.43/25935.07) lat (ms,95%): 55.82 err/s: 0.00 reconn/s: 0.00
[ 330s ] thds: 400 tps: 15262.72 qps: 305397.43 (r/w/o: 213787.40/61084.39/30525.64) lat (ms,95%): 30.81 err/s: 0.00 reconn/s: 0.00
[ 340s ] thds: 400 tps: 15390.85 qps: 307764.79 (r/w/o: 215448.97/61533.42/30782.41) lat (ms,95%): 29.72 err/s: 0.10 reconn/s: 0.00
[ 350s ] thds: 400 tps: 15549.10 qps: 311029.80 (r/w/o: 217653.33/62278.08/31098.39) lat (ms,95%): 29.72 err/s: 0.00 reconn/s: 0.00
[ 360s ] thds: 400 tps: 15170.88 qps: 303405.59 (r/w/o: 212414.81/60649.82/30340.96) lat (ms,95%): 30.81 err/s: 0.10 reconn/s: 0.00
[ 370s ] thds: 400 tps: 15547.14 qps: 310674.81 (r/w/o: 217446.16/62133.86/31094.78) lat (ms,95%): 29.72 err/s: 0.00 reconn/s: 0.00
[ 380s ] thds: 400 tps: 15445.39 qps: 308985.48 (r/w/o: 216317.85/61776.56/30891.08) lat (ms,95%): 30.26 err/s: 0.00 reconn/s: 0.00
[ 390s ] thds: 400 tps: 15292.81 qps: 305899.45 (r/w/o: 214087.58/61230.25/30581.63) lat (ms,95%): 30.81 err/s: 0.00 reconn/s: 0.00
[ 400s ] thds: 400 tps: 15313.92 qps: 306337.67 (r/w/o: 214492.36/61213.97/30631.34) lat (ms,95%): 30.26 err/s: 0.00 reconn/s: 0.00
[ 410s ] thds: 400 tps: 15615.85 qps: 312382.88 (r/w/o: 218649.99/62500.60/31232.30) lat (ms,95%): 29.72 err/s: 0.00 reconn/s: 0.00
[ 420s ] thds: 400 tps: 15535.70 qps: 310545.24 (r/w/o: 217383.66/62090.69/31070.89) lat (ms,95%): 29.72 err/s: 0.00 reconn/s: 0.00
[ 430s ] thds: 400 tps: 15285.81 qps: 305521.49 (r/w/o: 213796.80/61156.16/30568.53) lat (ms,95%): 30.26 err/s: 0.00 reconn/s: 0.00
[ 440s ] thds: 400 tps: 14810.33 qps: 296316.49 (r/w/o: 207466.31/59225.92/29624.26) lat (ms,95%): 32.53 err/s: 0.10 reconn/s: 0.00
[ 450s ] thds: 400 tps: 14142.58 qps: 282983.26 (r/w/o: 198126.59/56571.31/28285.36) lat (ms,95%): 52.89 err/s: 0.00 reconn/s: 0.00
[ 460s ] thds: 400 tps: 12610.41 qps: 252050.67 (r/w/o: 176363.62/50475.93/25211.12) lat (ms,95%): 57.87 err/s: 0.10 reconn/s: 0.00
[ 470s ] thds: 400 tps: 12791.37 qps: 255747.99 (r/w/o: 179025.44/51130.00/25592.55) lat (ms,95%): 57.87 err/s: 0.00 reconn/s: 0.00
[ 480s ] thds: 400 tps: 15304.25 qps: 306243.38 (r/w/o: 214374.76/61260.52/30608.11) lat (ms,95%): 30.26 err/s: 0.00 reconn/s: 0.00
[ 490s ] thds: 400 tps: 15364.87 qps: 307395.80 (r/w/o: 215241.75/61424.40/30729.65) lat (ms,95%): 30.26 err/s: 0.00 reconn/s: 0.00
[ 500s ] thds: 400 tps: 15534.04 qps: 310786.99 (r/w/o: 217573.25/62144.46/31069.28) lat (ms,95%): 29.72 err/s: 0.20 reconn/s: 0.00
[ 510s ] thds: 400 tps: 15336.16 qps: 306442.48 (r/w/o: 214435.60/61334.86/30672.03) lat (ms,95%): 30.26 err/s: 0.00 reconn/s: 0.00
[ 520s ] thds: 400 tps: 15259.60 qps: 305609.81 (r/w/o: 213946.21/61143.90/30519.70) lat (ms,95%): 30.26 err/s: 0.00 reconn/s: 0.00
[ 530s ] thds: 400 tps: 14632.91 qps: 292403.97 (r/w/o: 204705.49/58434.95/29263.53) lat (ms,95%): 33.12 err/s: 0.00 reconn/s: 0.00
[ 540s ] thds: 400 tps: 13746.95 qps: 274919.74 (r/w/o: 192449.73/54975.81/27494.20) lat (ms,95%): 55.82 err/s: 0.00 reconn/s: 0.00
[ 550s ] thds: 400 tps: 13066.45 qps: 261282.46 (r/w/o: 182852.37/52295.39/26134.70) lat (ms,95%): 57.87 err/s: 0.00 reconn/s: 0.00
[ 560s ] thds: 400 tps: 13271.71 qps: 265441.05 (r/w/o: 185836.80/53061.43/26542.81) lat (ms,95%): 56.84 err/s: 0.10 reconn/s: 0.00
[ 570s ] thds: 400 tps: 15370.88 qps: 307623.46 (r/w/o: 215324.26/61560.63/30738.57) lat (ms,95%): 30.26 err/s: 0.00 reconn/s: 0.00
[ 580s ] thds: 400 tps: 15236.20 qps: 304676.12 (r/w/o: 213336.75/60862.88/30476.49) lat (ms,95%): 30.26 err/s: 0.00 reconn/s: 0.00
[ 590s ] thds: 400 tps: 14825.29 qps: 296640.23 (r/w/o: 207572.58/59417.97/29649.68) lat (ms,95%): 32.53 err/s: 0.00 reconn/s: 0.00
[ 600s ] thds: 400 tps: 14071.18 qps: 281226.65 (r/w/o: 196918.09/56165.21/28143.36) lat (ms,95%): 53.85 err/s: 0.00 reconn/s: 0.00
[ 610s ] thds: 400 tps: 13664.58 qps: 273061.82 (r/w/o: 191064.57/54669.70/27327.55) lat (ms,95%): 54.83 err/s: 0.00 reconn/s: 0.00
[ 620s ] thds: 400 tps: 12797.49 qps: 256274.67 (r/w/o: 179454.11/51224.17/25596.39) lat (ms,95%): 56.84 err/s: 0.00 reconn/s: 0.00
[ 630s ] thds: 400 tps: 13784.08 qps: 275585.80 (r/w/o: 192910.15/55107.70/27567.95) lat (ms,95%): 51.02 err/s: 0.00 reconn/s: 0.00
[ 640s ] thds: 400 tps: 15386.51 qps: 307769.72 (r/w/o: 215444.05/61554.94/30770.72) lat (ms,95%): 30.26 err/s: 0.10 reconn/s: 0.00
[ 650s ] thds: 400 tps: 15395.78 qps: 307870.96 (r/w/o: 215516.89/61560.01/30794.06) lat (ms,95%): 30.26 err/s: 0.00 reconn/s: 0.00
[ 660s ] thds: 400 tps: 15288.96 qps: 305652.51 (r/w/o: 213917.27/61157.52/30577.71) lat (ms,95%): 30.26 err/s: 0.00 reconn/s: 0.00
[ 670s ] thds: 400 tps: 15315.55 qps: 306293.54 (r/w/o: 214403.83/61258.51/30631.20) lat (ms,95%): 30.26 err/s: 0.00 reconn/s: 0.00
[ 680s ] thds: 400 tps: 15429.41 qps: 308592.91 (r/w/o: 216010.68/61722.82/30859.41) lat (ms,95%): 29.72 err/s: 0.00 reconn/s: 0.00
[ 690s ] thds: 400 tps: 15206.92 qps: 304471.81 (r/w/o: 213132.51/60925.66/30413.63) lat (ms,95%): 30.26 err/s: 0.00 reconn/s: 0.00
[ 700s ] thds: 400 tps: 15059.59 qps: 300812.64 (r/w/o: 210558.12/60135.05/30119.47) lat (ms,95%): 31.37 err/s: 0.10 reconn/s: 0.00
[ 710s ] thds: 400 tps: 15332.01 qps: 306701.22 (r/w/o: 214709.19/61328.12/30663.91) lat (ms,95%): 30.26 err/s: 0.00 reconn/s: 0.00
[ 720s ] thds: 400 tps: 15393.13 qps: 308061.52 (r/w/o: 215629.84/61646.92/30784.76) lat (ms,95%): 29.72 err/s: 0.00 reconn/s: 0.00
[ 730s ] thds: 400 tps: 15192.88 qps: 303865.65 (r/w/o: 212761.19/60717.01/30387.46) lat (ms,95%): 30.26 err/s: 0.00 reconn/s: 0.00
[ 740s ] thds: 400 tps: 14853.15 qps: 297031.84 (r/w/o: 207894.66/59435.39/29701.79) lat (ms,95%): 33.12 err/s: 0.00 reconn/s: 0.00
[ 750s ] thds: 400 tps: 13881.35 qps: 277425.01 (r/w/o: 194173.21/55484.80/27767.00) lat (ms,95%): 54.83 err/s: 0.00 reconn/s: 0.00
[ 760s ] thds: 400 tps: 13530.91 qps: 270676.70 (r/w/o: 189481.64/54139.14/27055.92) lat (ms,95%): 54.83 err/s: 0.00 reconn/s: 0.00
[ 770s ] thds: 400 tps: 12467.29 qps: 249565.15 (r/w/o: 174732.50/49892.57/24940.09) lat (ms,95%): 57.87 err/s: 0.00 reconn/s: 0.00
[ 780s ] thds: 400 tps: 13201.88 qps: 263761.37 (r/w/o: 184574.80/52782.01/26404.56) lat (ms,95%): 54.83 err/s: 0.10 reconn/s: 0.00
SQL statistics:
    queries performed:
        read:                            160679092
        write:                           45908254
        other:                           22954180
        total:                           229541526
    transactions:                        11477061 (14681.42 per sec.)
    queries:                             229541526 (293628.88 per sec.)
    ignored errors:                      17     (0.02 per sec.)
    reconnects:                          0      (0.00 per sec.)

General statistics:
    total time:                          781.7393s
    total number of events:              11477061

Latency (ms):
         min:                                   19.49
         avg:                                   27.19
         max:                                 1790.13
         95th percentile:                       34.33
         sum:                            312113867.68

Threads fairness:
    events (avg/stddev):           28692.6525/352.06
    execution time (avg/stddev):   780.2847/0.23

