sysbench 1.0.20-ebf1c90 (using bundled LuaJIT 2.1.0-beta2)

Running the test with following options:
Number of threads: 400
Report intermediate results every 10 second(s)
Initializing random number generator from current time


Initializing worker threads...

Threads started!

[ 10s ] thds: 400 tps: 9103.21 qps: 182549.40 (r/w/o: 127848.96/36461.73/18238.71) lat (ms,95%): 161.51 err/s: 0.00 reconn/s: 0.00
[ 20s ] thds: 400 tps: 12742.62 qps: 254676.63 (r/w/o: 178253.03/50942.77/25480.83) lat (ms,95%): 110.66 err/s: 0.00 reconn/s: 0.00
[ 30s ] thds: 400 tps: 14222.74 qps: 284330.12 (r/w/o: 198991.47/56882.66/28455.98) lat (ms,95%): 33.12 err/s: 0.00 reconn/s: 0.00
[ 40s ] thds: 400 tps: 15105.11 qps: 302281.17 (r/w/o: 211627.92/60453.73/30199.52) lat (ms,95%): 31.37 err/s: 0.00 reconn/s: 0.00
[ 50s ] thds: 400 tps: 15307.30 qps: 306087.54 (r/w/o: 214269.26/61192.19/30626.09) lat (ms,95%): 30.26 err/s: 0.00 reconn/s: 0.00
[ 60s ] thds: 400 tps: 15559.46 qps: 311543.88 (r/w/o: 218095.50/62328.66/31119.73) lat (ms,95%): 30.26 err/s: 0.00 reconn/s: 0.00
[ 70s ] thds: 400 tps: 15377.76 qps: 307061.37 (r/w/o: 214891.39/61416.75/30753.23) lat (ms,95%): 30.26 err/s: 0.00 reconn/s: 0.00
[ 80s ] thds: 400 tps: 15895.39 qps: 318271.42 (r/w/o: 222817.88/63660.46/31793.08) lat (ms,95%): 29.19 err/s: 0.00 reconn/s: 0.00
[ 90s ] thds: 400 tps: 15803.15 qps: 316031.08 (r/w/o: 221236.78/63192.79/31601.50) lat (ms,95%): 29.19 err/s: 0.10 reconn/s: 0.00
[ 100s ] thds: 400 tps: 15304.03 qps: 306155.89 (r/w/o: 214324.78/61221.44/30609.67) lat (ms,95%): 29.72 err/s: 0.00 reconn/s: 0.00
[ 110s ] thds: 400 tps: 15707.60 qps: 314166.58 (r/w/o: 219892.85/62857.41/31416.31) lat (ms,95%): 29.19 err/s: 0.00 reconn/s: 0.00
[ 120s ] thds: 400 tps: 15872.16 qps: 317034.36 (r/w/o: 221883.78/63407.45/31743.13) lat (ms,95%): 29.19 err/s: 0.00 reconn/s: 0.00
[ 130s ] thds: 400 tps: 15912.50 qps: 318687.11 (r/w/o: 223144.93/63713.58/31828.59) lat (ms,95%): 28.67 err/s: 0.00 reconn/s: 0.00
[ 140s ] thds: 400 tps: 15933.12 qps: 318482.45 (r/w/o: 222953.42/63662.79/31866.25) lat (ms,95%): 28.67 err/s: 0.20 reconn/s: 0.00
[ 150s ] thds: 400 tps: 13075.39 qps: 261553.21 (r/w/o: 183090.00/52313.54/26149.67) lat (ms,95%): 70.55 err/s: 0.00 reconn/s: 0.00
[ 160s ] thds: 400 tps: 11710.73 qps: 234164.23 (r/w/o: 163866.37/46878.81/23419.05) lat (ms,95%): 71.83 err/s: 0.00 reconn/s: 0.00
[ 170s ] thds: 400 tps: 13819.04 qps: 276571.35 (r/w/o: 193662.02/55267.65/27641.68) lat (ms,95%): 53.85 err/s: 0.00 reconn/s: 0.00
[ 180s ] thds: 400 tps: 15462.88 qps: 309055.88 (r/w/o: 216326.67/61803.03/30926.17) lat (ms,95%): 29.72 err/s: 0.00 reconn/s: 0.00
[ 190s ] thds: 400 tps: 15491.76 qps: 310048.81 (r/w/o: 217004.74/62060.44/30983.62) lat (ms,95%): 29.72 err/s: 0.00 reconn/s: 0.00
[ 200s ] thds: 400 tps: 15718.57 qps: 314028.38 (r/w/o: 219799.24/62792.50/31436.65) lat (ms,95%): 29.19 err/s: 0.00 reconn/s: 0.00
[ 210s ] thds: 400 tps: 15305.66 qps: 306131.92 (r/w/o: 214271.18/61252.62/30608.11) lat (ms,95%): 30.26 err/s: 0.00 reconn/s: 0.00
[ 220s ] thds: 400 tps: 15599.51 qps: 311997.40 (r/w/o: 218427.11/62368.96/31201.33) lat (ms,95%): 29.19 err/s: 0.10 reconn/s: 0.00
[ 230s ] thds: 400 tps: 15643.96 qps: 313203.83 (r/w/o: 219288.39/62626.03/31289.41) lat (ms,95%): 29.19 err/s: 0.00 reconn/s: 0.00
[ 240s ] thds: 400 tps: 15253.83 qps: 305041.30 (r/w/o: 213542.75/60991.10/30507.45) lat (ms,95%): 30.81 err/s: 0.00 reconn/s: 0.00
[ 250s ] thds: 400 tps: 15410.03 qps: 308211.92 (r/w/o: 215712.74/61678.82/30820.36) lat (ms,95%): 29.72 err/s: 0.00 reconn/s: 0.00
[ 260s ] thds: 400 tps: 15685.40 qps: 313544.65 (r/w/o: 219440.74/62742.21/31361.70) lat (ms,95%): 29.19 err/s: 0.00 reconn/s: 0.00
[ 270s ] thds: 400 tps: 15621.75 qps: 312500.61 (r/w/o: 218837.00/62410.70/31252.90) lat (ms,95%): 29.19 err/s: 0.10 reconn/s: 0.00
[ 280s ] thds: 400 tps: 15517.86 qps: 310106.04 (r/w/o: 216997.90/62073.03/31035.11) lat (ms,95%): 29.72 err/s: 0.00 reconn/s: 0.00
[ 290s ] thds: 400 tps: 15065.56 qps: 301398.29 (r/w/o: 211005.13/60261.54/30131.62) lat (ms,95%): 31.37 err/s: 0.00 reconn/s: 0.00
[ 300s ] thds: 400 tps: 13974.50 qps: 279460.86 (r/w/o: 195600.08/55914.79/27946.00) lat (ms,95%): 54.83 err/s: 0.10 reconn/s: 0.00
[ 310s ] thds: 400 tps: 12281.92 qps: 245555.61 (r/w/o: 171873.72/49116.66/24565.23) lat (ms,95%): 57.87 err/s: 0.00 reconn/s: 0.00
[ 320s ] thds: 400 tps: 12912.69 qps: 258535.53 (r/w/o: 181058.69/51649.46/25827.38) lat (ms,95%): 55.82 err/s: 0.00 reconn/s: 0.00
[ 330s ] thds: 400 tps: 15266.15 qps: 305319.93 (r/w/o: 213673.65/61119.49/30526.79) lat (ms,95%): 30.81 err/s: 0.00 reconn/s: 0.00
[ 340s ] thds: 400 tps: 15377.13 qps: 307551.31 (r/w/o: 215335.35/61456.00/30759.95) lat (ms,95%): 29.72 err/s: 0.10 reconn/s: 0.00
[ 350s ] thds: 400 tps: 15556.78 qps: 310860.77 (r/w/o: 217506.37/62253.63/31100.77) lat (ms,95%): 29.72 err/s: 0.00 reconn/s: 0.00
[ 360s ] thds: 400 tps: 15149.42 qps: 303367.05 (r/w/o: 212399.25/60656.27/30311.53) lat (ms,95%): 30.81 err/s: 0.00 reconn/s: 0.00
[ 370s ] thds: 400 tps: 15550.08 qps: 310658.69 (r/w/o: 217449.68/62109.44/31099.57) lat (ms,95%): 29.72 err/s: 0.00 reconn/s: 0.00
[ 380s ] thds: 400 tps: 15438.57 qps: 308936.85 (r/w/o: 216300.92/61758.09/30877.85) lat (ms,95%): 30.26 err/s: 0.00 reconn/s: 0.00
[ 390s ] thds: 400 tps: 15285.84 qps: 305674.24 (r/w/o: 213902.02/61200.35/30571.87) lat (ms,95%): 30.81 err/s: 0.10 reconn/s: 0.00
[ 400s ] thds: 400 tps: 15306.73 qps: 306269.02 (r/w/o: 214473.43/61182.42/30613.16) lat (ms,95%): 30.26 err/s: 0.00 reconn/s: 0.00
[ 410s ] thds: 400 tps: 15623.67 qps: 312481.06 (r/w/o: 218698.35/62539.27/31243.44) lat (ms,95%): 29.72 err/s: 0.00 reconn/s: 0.00
[ 420s ] thds: 400 tps: 15538.85 qps: 310619.92 (r/w/o: 217438.55/62099.78/31081.59) lat (ms,95%): 29.72 err/s: 0.00 reconn/s: 0.00
[ 430s ] thds: 400 tps: 15283.93 qps: 305593.33 (r/w/o: 213860.87/61169.71/30562.75) lat (ms,95%): 30.26 err/s: 0.00 reconn/s: 0.00
[ 440s ] thds: 400 tps: 14794.61 qps: 295908.29 (r/w/o: 207176.90/59136.76/29594.63) lat (ms,95%): 32.53 err/s: 0.00 reconn/s: 0.00
[ 450s ] thds: 400 tps: 14107.31 qps: 282317.91 (r/w/o: 197663.75/56439.54/28214.62) lat (ms,95%): 53.85 err/s: 0.00 reconn/s: 0.00
[ 460s ] thds: 400 tps: 12552.05 qps: 250880.28 (r/w/o: 175551.86/50225.12/25103.31) lat (ms,95%): 58.92 err/s: 0.00 reconn/s: 0.00
[ 470s ] thds: 400 tps: 12737.90 qps: 254665.68 (r/w/o: 178265.46/50923.62/25476.61) lat (ms,95%): 57.87 err/s: 0.00 reconn/s: 0.00
[ 480s ] thds: 400 tps: 15320.01 qps: 306331.52 (r/w/o: 214405.55/61289.24/30636.72) lat (ms,95%): 30.26 err/s: 0.00 reconn/s: 0.00
[ 490s ] thds: 400 tps: 15357.34 qps: 307396.49 (r/w/o: 215252.72/61425.88/30717.89) lat (ms,95%): 30.26 err/s: 0.00 reconn/s: 0.00
[ 500s ] thds: 400 tps: 15533.43 qps: 310764.60 (r/w/o: 217564.35/62133.50/31066.75) lat (ms,95%): 29.72 err/s: 0.00 reconn/s: 0.00
[ 510s ] thds: 400 tps: 15330.42 qps: 306363.46 (r/w/o: 214379.62/61323.59/30660.25) lat (ms,95%): 30.26 err/s: 0.10 reconn/s: 0.00
[ 520s ] thds: 400 tps: 15273.07 qps: 305691.58 (r/w/o: 213999.94/61147.30/30544.35) lat (ms,95%): 30.26 err/s: 0.00 reconn/s: 0.00
[ 530s ] thds: 400 tps: 14647.56 qps: 293019.00 (r/w/o: 205137.34/58585.14/29296.52) lat (ms,95%): 33.12 err/s: 0.00 reconn/s: 0.00
[ 540s ] thds: 400 tps: 13661.66 qps: 273083.77 (r/w/o: 191163.79/54595.16/27324.83) lat (ms,95%): 56.84 err/s: 0.00 reconn/s: 0.00
[ 550s ] thds: 400 tps: 13039.92 qps: 260757.37 (r/w/o: 182503.53/52177.30/26076.55) lat (ms,95%): 57.87 err/s: 0.00 reconn/s: 0.00
[ 560s ] thds: 400 tps: 13221.54 qps: 264382.24 (r/w/o: 185066.49/52869.87/26445.88) lat (ms,95%): 56.84 err/s: 0.00 reconn/s: 0.00
[ 570s ] thds: 400 tps: 15362.79 qps: 307577.50 (r/w/o: 215299.63/61551.68/30726.19) lat (ms,95%): 30.26 err/s: 0.00 reconn/s: 0.00
[ 580s ] thds: 400 tps: 15244.71 qps: 304818.18 (r/w/o: 213421.80/60907.16/30489.23) lat (ms,95%): 30.26 err/s: 0.00 reconn/s: 0.00
[ 590s ] thds: 400 tps: 14845.91 qps: 296585.45 (r/w/o: 207533.10/59379.33/29673.01) lat (ms,95%): 33.12 err/s: 0.00 reconn/s: 0.00
[ 600s ] thds: 400 tps: 14033.79 qps: 280893.58 (r/w/o: 196692.24/56115.16/28086.18) lat (ms,95%): 53.85 err/s: 0.00 reconn/s: 0.00
[ 610s ] thds: 400 tps: 13634.19 qps: 272673.06 (r/w/o: 190856.13/54548.45/27268.48) lat (ms,95%): 54.83 err/s: 0.00 reconn/s: 0.00
[ 620s ] thds: 400 tps: 12775.20 qps: 255544.91 (r/w/o: 178880.71/51113.50/25550.70) lat (ms,95%): 57.87 err/s: 0.00 reconn/s: 0.00
[ 630s ] thds: 400 tps: 13751.01 qps: 274942.40 (r/w/o: 192471.31/54969.26/27501.83) lat (ms,95%): 51.02 err/s: 0.00 reconn/s: 0.00
[ 640s ] thds: 400 tps: 15375.96 qps: 307625.36 (r/w/o: 215345.28/61529.05/30751.03) lat (ms,95%): 30.26 err/s: 0.00 reconn/s: 0.00
[ 650s ] thds: 400 tps: 15393.00 qps: 307861.91 (r/w/o: 215513.21/61561.50/30787.20) lat (ms,95%): 30.26 err/s: 0.00 reconn/s: 0.00
[ 660s ] thds: 400 tps: 15288.81 qps: 305575.82 (r/w/o: 213856.98/61141.22/30577.61) lat (ms,95%): 30.26 err/s: 0.00 reconn/s: 0.00
[ 670s ] thds: 400 tps: 15315.06 qps: 306383.89 (r/w/o: 214490.33/61263.54/30630.02) lat (ms,95%): 30.26 err/s: 0.00 reconn/s: 0.00
[ 680s ] thds: 400 tps: 15424.97 qps: 308448.19 (r/w/o: 215896.34/61701.90/30849.95) lat (ms,95%): 29.72 err/s: 0.10 reconn/s: 0.00
[ 690s ] thds: 400 tps: 15207.80 qps: 304380.35 (r/w/o: 213043.56/60920.89/30415.89) lat (ms,95%): 30.26 err/s: 0.00 reconn/s: 0.00
[ 700s ] thds: 400 tps: 15038.94 qps: 300501.57 (r/w/o: 210356.44/60067.55/30077.58) lat (ms,95%): 31.37 err/s: 0.00 reconn/s: 0.00
[ 710s ] thds: 400 tps: 15335.70 qps: 306807.61 (r/w/o: 214800.94/61334.78/30671.89) lat (ms,95%): 30.26 err/s: 0.00 reconn/s: 0.00
[ 720s ] thds: 400 tps: 15379.90 qps: 307799.95 (r/w/o: 215457.64/61582.41/30759.91) lat (ms,95%): 29.72 err/s: 0.00 reconn/s: 0.00
[ 730s ] thds: 400 tps: 15203.19 qps: 304013.14 (r/w/o: 212831.09/60776.57/30405.48) lat (ms,95%): 30.26 err/s: 0.00 reconn/s: 0.00
[ 740s ] thds: 400 tps: 14840.69 qps: 296840.57 (r/w/o: 207779.11/59379.37/29682.09) lat (ms,95%): 33.12 err/s: 0.00 reconn/s: 0.00
[ 750s ] thds: 400 tps: 13852.69 qps: 276884.51 (r/w/o: 193802.70/55377.24/27704.57) lat (ms,95%): 54.83 err/s: 0.00 reconn/s: 0.00
[ 760s ] thds: 400 tps: 13528.29 qps: 270472.78 (r/w/o: 189316.61/54107.68/27048.49) lat (ms,95%): 54.83 err/s: 0.00 reconn/s: 0.00
[ 770s ] thds: 400 tps: 12426.20 qps: 248853.79 (r/w/o: 174205.70/49787.10/24861.00) lat (ms,95%): 57.87 err/s: 0.00 reconn/s: 0.00
[ 780s ] thds: 400 tps: 13234.74 qps: 264354.87 (r/w/o: 185017.63/52874.95/26462.29) lat (ms,95%): 54.83 err/s: 0.00 reconn/s: 0.00
SQL statistics:
    queries performed:
        read:                            160565552
        write:                           45875840
        other:                           22937948
        total:                           229379340
    transactions:                        11468958 (14671.48 per sec.)
    queries:                             229379340 (293429.85 per sec.)
    ignored errors:                      10     (0.01 per sec.)
    reconnects:                          0      (0.00 per sec.)

General statistics:
    total time:                          781.7168s
    total number of events:              11468958

Latency (ms):
         min:                                   19.56
         avg:                                   27.21
         max:                                 1723.68
         95th percentile:                       34.33
         sum:                            312101335.31

Threads fairness:
    events (avg/stddev):           28672.3950/358.10
    execution time (avg/stddev):   780.2533/0.27

