sysbench 1.0.20-ebf1c90 (using bundled LuaJIT 2.1.0-beta2)

Running the test with following options:
Number of threads: 400
Report intermediate results every 10 second(s)
Initializing random number generator from current time


Initializing worker threads...

Threads started!

[ 10s ] thds: 400 tps: 8837.06 qps: 177146.68 (r/w/o: 124047.75/35385.22/17713.71) lat (ms,95%): 161.51 err/s: 0.00 reconn/s: 0.00
[ 20s ] thds: 400 tps: 12048.42 qps: 240980.10 (r/w/o: 168714.78/48167.98/24097.34) lat (ms,95%): 123.28 err/s: 0.00 reconn/s: 0.00
[ 30s ] thds: 400 tps: 13769.26 qps: 275475.79 (r/w/o: 192832.93/55104.44/27538.42) lat (ms,95%): 36.24 err/s: 0.00 reconn/s: 0.00
[ 40s ] thds: 400 tps: 14693.84 qps: 293668.91 (r/w/o: 205537.27/58750.96/29380.68) lat (ms,95%): 33.12 err/s: 0.10 reconn/s: 0.00
[ 50s ] thds: 400 tps: 14580.35 qps: 291686.98 (r/w/o: 204189.76/58333.32/29163.91) lat (ms,95%): 34.33 err/s: 0.00 reconn/s: 0.00
[ 60s ] thds: 400 tps: 15017.04 qps: 300346.76 (r/w/o: 210229.93/60082.45/30034.38) lat (ms,95%): 33.12 err/s: 0.00 reconn/s: 0.00
[ 70s ] thds: 400 tps: 15102.89 qps: 302102.22 (r/w/o: 211493.28/60399.36/30209.58) lat (ms,95%): 32.53 err/s: 0.00 reconn/s: 0.00
[ 80s ] thds: 400 tps: 15234.08 qps: 304713.50 (r/w/o: 213324.02/60923.42/30466.06) lat (ms,95%): 31.94 err/s: 0.10 reconn/s: 0.00
[ 90s ] thds: 400 tps: 15064.47 qps: 301276.01 (r/w/o: 210892.79/60252.08/30131.14) lat (ms,95%): 32.53 err/s: 0.00 reconn/s: 0.00
[ 100s ] thds: 400 tps: 15123.82 qps: 302494.92 (r/w/o: 211736.99/60514.48/30243.44) lat (ms,95%): 31.94 err/s: 0.00 reconn/s: 0.00
[ 110s ] thds: 400 tps: 15058.43 qps: 301168.67 (r/w/o: 210830.77/60219.23/30118.67) lat (ms,95%): 31.94 err/s: 0.00 reconn/s: 0.00
[ 120s ] thds: 400 tps: 15218.89 qps: 304413.32 (r/w/o: 213071.97/60901.86/30439.48) lat (ms,95%): 31.94 err/s: 0.00 reconn/s: 0.00
[ 130s ] thds: 400 tps: 15514.28 qps: 310019.50 (r/w/o: 216958.25/62032.20/31029.05) lat (ms,95%): 31.37 err/s: 0.00 reconn/s: 0.00
[ 140s ] thds: 400 tps: 15484.66 qps: 309854.72 (r/w/o: 216953.45/61931.34/30969.92) lat (ms,95%): 31.37 err/s: 0.00 reconn/s: 0.00
[ 150s ] thds: 400 tps: 15424.36 qps: 308455.93 (r/w/o: 215887.69/61734.43/30833.81) lat (ms,95%): 31.37 err/s: 0.00 reconn/s: 0.00
[ 160s ] thds: 400 tps: 12593.82 qps: 251991.56 (r/w/o: 176412.12/50376.79/25202.65) lat (ms,95%): 68.05 err/s: 0.00 reconn/s: 0.00
[ 170s ] thds: 400 tps: 10841.05 qps: 216954.68 (r/w/o: 151895.16/43377.42/21682.11) lat (ms,95%): 71.83 err/s: 0.00 reconn/s: 0.00
[ 180s ] thds: 400 tps: 13999.88 qps: 279874.29 (r/w/o: 195909.68/55964.84/27999.77) lat (ms,95%): 44.98 err/s: 0.00 reconn/s: 0.00
[ 190s ] thds: 400 tps: 15594.28 qps: 311893.79 (r/w/o: 218305.81/62401.62/31186.36) lat (ms,95%): 31.37 err/s: 0.00 reconn/s: 0.00
[ 200s ] thds: 400 tps: 15238.88 qps: 304763.77 (r/w/o: 213370.30/60913.51/30479.96) lat (ms,95%): 31.94 err/s: 0.10 reconn/s: 0.00
[ 210s ] thds: 400 tps: 15268.28 qps: 305227.08 (r/w/o: 213602.11/61088.92/30536.06) lat (ms,95%): 31.94 err/s: 0.00 reconn/s: 0.00
[ 220s ] thds: 400 tps: 15315.65 qps: 306284.24 (r/w/o: 214400.16/61261.29/30622.79) lat (ms,95%): 31.94 err/s: 0.00 reconn/s: 0.00
[ 230s ] thds: 400 tps: 15358.93 qps: 307286.05 (r/w/o: 215144.35/61414.63/30727.06) lat (ms,95%): 31.94 err/s: 0.00 reconn/s: 0.00
[ 240s ] thds: 400 tps: 15342.47 qps: 306862.78 (r/w/o: 214756.44/61421.39/30684.95) lat (ms,95%): 31.94 err/s: 0.00 reconn/s: 0.00
[ 250s ] thds: 400 tps: 15419.91 qps: 308166.72 (r/w/o: 215694.48/61632.92/30839.31) lat (ms,95%): 31.37 err/s: 0.00 reconn/s: 0.00
[ 260s ] thds: 400 tps: 15290.80 qps: 306160.81 (r/w/o: 214384.21/61195.10/30581.50) lat (ms,95%): 31.94 err/s: 0.00 reconn/s: 0.00
[ 270s ] thds: 400 tps: 15427.82 qps: 308267.73 (r/w/o: 215730.80/61682.79/30854.14) lat (ms,95%): 31.37 err/s: 0.00 reconn/s: 0.00
[ 280s ] thds: 400 tps: 15437.65 qps: 308925.02 (r/w/o: 216268.65/61781.28/30875.09) lat (ms,95%): 31.37 err/s: 0.00 reconn/s: 0.00
[ 290s ] thds: 400 tps: 15476.09 qps: 309450.92 (r/w/o: 216626.97/61871.36/30952.58) lat (ms,95%): 31.37 err/s: 0.00 reconn/s: 0.00
[ 300s ] thds: 400 tps: 15379.71 qps: 307752.55 (r/w/o: 215464.31/61528.13/30760.12) lat (ms,95%): 31.37 err/s: 0.00 reconn/s: 0.00
[ 310s ] thds: 400 tps: 13632.57 qps: 272581.16 (r/w/o: 190783.92/54530.89/27266.35) lat (ms,95%): 52.89 err/s: 0.00 reconn/s: 0.00
[ 320s ] thds: 400 tps: 12282.42 qps: 245631.01 (r/w/o: 171926.09/49144.68/24560.24) lat (ms,95%): 56.84 err/s: 0.00 reconn/s: 0.00
[ 330s ] thds: 400 tps: 13332.21 qps: 266680.38 (r/w/o: 186670.50/53340.86/26669.03) lat (ms,95%): 51.02 err/s: 0.00 reconn/s: 0.00
[ 340s ] thds: 400 tps: 15345.20 qps: 306766.10 (r/w/o: 214731.03/61345.58/30689.49) lat (ms,95%): 31.94 err/s: 0.10 reconn/s: 0.00
[ 350s ] thds: 400 tps: 15295.48 qps: 305895.61 (r/w/o: 214124.62/61183.12/30587.86) lat (ms,95%): 31.94 err/s: 0.00 reconn/s: 0.00
[ 360s ] thds: 400 tps: 15217.00 qps: 304367.69 (r/w/o: 213052.96/60878.32/30436.41) lat (ms,95%): 32.53 err/s: 0.00 reconn/s: 0.00
[ 370s ] thds: 400 tps: 15404.41 qps: 308238.05 (r/w/o: 215817.67/61610.55/30809.82) lat (ms,95%): 31.37 err/s: 0.00 reconn/s: 0.00
[ 380s ] thds: 400 tps: 15462.09 qps: 309205.81 (r/w/o: 216441.00/61839.54/30925.27) lat (ms,95%): 31.37 err/s: 0.00 reconn/s: 0.00
[ 390s ] thds: 400 tps: 15320.40 qps: 306333.73 (r/w/o: 214410.25/61282.69/30640.79) lat (ms,95%): 31.94 err/s: 0.00 reconn/s: 0.00
[ 400s ] thds: 400 tps: 15229.48 qps: 304533.55 (r/w/o: 213150.06/60926.63/30456.87) lat (ms,95%): 31.94 err/s: 0.00 reconn/s: 0.00
[ 410s ] thds: 400 tps: 15439.19 qps: 308715.11 (r/w/o: 216073.17/61769.56/30872.38) lat (ms,95%): 31.37 err/s: 0.00 reconn/s: 0.00
[ 420s ] thds: 400 tps: 15393.68 qps: 308055.53 (r/w/o: 215704.14/61557.13/30794.26) lat (ms,95%): 31.37 err/s: 0.00 reconn/s: 0.00
[ 430s ] thds: 400 tps: 15449.69 qps: 309146.93 (r/w/o: 216395.91/61850.65/30900.37) lat (ms,95%): 31.37 err/s: 0.00 reconn/s: 0.00
[ 440s ] thds: 400 tps: 15445.01 qps: 308541.84 (r/w/o: 215923.67/61730.55/30887.62) lat (ms,95%): 31.37 err/s: 0.00 reconn/s: 0.00
[ 450s ] thds: 400 tps: 15152.67 qps: 303296.20 (r/w/o: 212384.28/60605.28/30306.64) lat (ms,95%): 32.53 err/s: 0.00 reconn/s: 0.00
[ 460s ] thds: 400 tps: 13578.94 qps: 271501.36 (r/w/o: 190013.13/54330.15/27158.08) lat (ms,95%): 52.89 err/s: 0.00 reconn/s: 0.00
[ 470s ] thds: 400 tps: 12484.96 qps: 249757.42 (r/w/o: 174843.75/49943.74/24969.92) lat (ms,95%): 55.82 err/s: 0.00 reconn/s: 0.00
[ 480s ] thds: 400 tps: 13026.77 qps: 260674.46 (r/w/o: 182494.75/52125.07/26054.64) lat (ms,95%): 51.94 err/s: 0.00 reconn/s: 0.00
[ 490s ] thds: 400 tps: 15384.47 qps: 307344.26 (r/w/o: 215073.42/61502.59/30768.25) lat (ms,95%): 31.94 err/s: 0.00 reconn/s: 0.00
[ 500s ] thds: 400 tps: 15136.17 qps: 302871.80 (r/w/o: 212011.41/60590.26/30270.13) lat (ms,95%): 32.53 err/s: 0.00 reconn/s: 0.00
[ 510s ] thds: 400 tps: 15375.04 qps: 307430.69 (r/w/o: 215222.72/61455.58/30752.39) lat (ms,95%): 31.94 err/s: 0.00 reconn/s: 0.00
[ 520s ] thds: 400 tps: 15305.81 qps: 306166.94 (r/w/o: 214313.77/61242.45/30610.72) lat (ms,95%): 31.94 err/s: 0.10 reconn/s: 0.00
[ 530s ] thds: 400 tps: 14909.14 qps: 298214.54 (r/w/o: 208765.52/59629.45/29819.57) lat (ms,95%): 34.33 err/s: 0.00 reconn/s: 0.00
[ 540s ] thds: 400 tps: 14248.07 qps: 285010.25 (r/w/o: 199515.24/57001.47/28493.53) lat (ms,95%): 46.63 err/s: 0.00 reconn/s: 0.00
[ 550s ] thds: 400 tps: 14043.96 qps: 280861.61 (r/w/o: 196603.24/56167.74/28090.62) lat (ms,95%): 48.34 err/s: 0.10 reconn/s: 0.00
[ 560s ] thds: 400 tps: 13520.95 qps: 270500.98 (r/w/o: 189366.85/54091.62/27042.51) lat (ms,95%): 54.83 err/s: 0.00 reconn/s: 0.00
[ 570s ] thds: 400 tps: 13991.68 qps: 279668.00 (r/w/o: 195728.32/55964.92/27974.76) lat (ms,95%): 41.85 err/s: 0.00 reconn/s: 0.00
[ 580s ] thds: 400 tps: 15266.21 qps: 305402.98 (r/w/o: 213815.62/61046.14/30541.22) lat (ms,95%): 32.53 err/s: 0.00 reconn/s: 0.00
[ 590s ] thds: 400 tps: 15355.61 qps: 307076.06 (r/w/o: 214919.31/61448.63/30708.12) lat (ms,95%): 31.94 err/s: 0.00 reconn/s: 0.00
[ 600s ] thds: 400 tps: 15229.82 qps: 304587.88 (r/w/o: 213202.04/60934.90/30450.95) lat (ms,95%): 31.94 err/s: 0.00 reconn/s: 0.00
[ 610s ] thds: 400 tps: 13962.40 qps: 279264.83 (r/w/o: 195500.92/55827.71/27936.20) lat (ms,95%): 49.21 err/s: 0.00 reconn/s: 0.00
[ 620s ] thds: 400 tps: 13240.60 qps: 264771.17 (r/w/o: 185338.95/52951.91/26480.31) lat (ms,95%): 51.02 err/s: 0.00 reconn/s: 0.00
[ 630s ] thds: 400 tps: 12456.90 qps: 249196.78 (r/w/o: 174440.95/49842.22/24913.61) lat (ms,95%): 53.85 err/s: 0.00 reconn/s: 0.00
[ 640s ] thds: 400 tps: 14371.91 qps: 287460.94 (r/w/o: 201246.50/57470.83/28743.61) lat (ms,95%): 40.37 err/s: 0.00 reconn/s: 0.00
[ 650s ] thds: 400 tps: 15175.75 qps: 303362.58 (r/w/o: 212309.88/60706.00/30346.70) lat (ms,95%): 32.53 err/s: 0.00 reconn/s: 0.00
[ 660s ] thds: 400 tps: 15221.81 qps: 304599.79 (r/w/o: 213221.44/60928.84/30449.52) lat (ms,95%): 31.94 err/s: 0.10 reconn/s: 0.00
[ 670s ] thds: 400 tps: 15355.19 qps: 307015.35 (r/w/o: 214923.32/61382.75/30709.27) lat (ms,95%): 31.94 err/s: 0.00 reconn/s: 0.00
[ 680s ] thds: 400 tps: 15321.80 qps: 306480.82 (r/w/o: 214557.14/61279.78/30643.89) lat (ms,95%): 31.94 err/s: 0.10 reconn/s: 0.00
[ 690s ] thds: 400 tps: 15280.22 qps: 305636.17 (r/w/o: 213946.73/61128.99/30560.45) lat (ms,95%): 31.94 err/s: 0.00 reconn/s: 0.00
[ 700s ] thds: 400 tps: 15256.33 qps: 305177.97 (r/w/o: 213657.17/61006.13/30514.67) lat (ms,95%): 31.94 err/s: 0.00 reconn/s: 0.00
[ 710s ] thds: 400 tps: 15036.59 qps: 300599.74 (r/w/o: 210381.62/60146.95/30071.17) lat (ms,95%): 33.12 err/s: 0.00 reconn/s: 0.00
[ 720s ] thds: 400 tps: 15228.39 qps: 304633.89 (r/w/o: 213262.25/60912.86/30458.78) lat (ms,95%): 31.94 err/s: 0.00 reconn/s: 0.00
[ 730s ] thds: 400 tps: 15303.08 qps: 306076.21 (r/w/o: 214243.66/61226.20/30606.35) lat (ms,95%): 31.94 err/s: 0.00 reconn/s: 0.00
[ 740s ] thds: 400 tps: 15233.57 qps: 304511.04 (r/w/o: 213127.84/60919.97/30463.23) lat (ms,95%): 32.53 err/s: 0.00 reconn/s: 0.00
[ 750s ] thds: 400 tps: 15174.70 qps: 303617.03 (r/w/o: 212534.55/60729.29/30353.19) lat (ms,95%): 31.94 err/s: 0.00 reconn/s: 0.00
[ 760s ] thds: 400 tps: 13909.18 qps: 278096.59 (r/w/o: 194651.08/55627.74/27817.77) lat (ms,95%): 50.11 err/s: 0.00 reconn/s: 0.00
[ 770s ] thds: 400 tps: 13157.58 qps: 263325.81 (r/w/o: 184350.45/52660.90/26314.45) lat (ms,95%): 51.02 err/s: 0.10 reconn/s: 0.00
[ 780s ] thds: 400 tps: 12518.22 qps: 250276.96 (r/w/o: 175201.42/50038.49/25037.05) lat (ms,95%): 51.94 err/s: 0.10 reconn/s: 0.00
SQL statistics:
    queries performed:
        read:                            159552694
        write:                           45586448
        other:                           22793258
        total:                           227932400
    transactions:                        11396611 (14582.31 per sec.)
    queries:                             227932400 (291646.36 per sec.)
    ignored errors:                      10     (0.01 per sec.)
    reconnects:                          0      (0.00 per sec.)

General statistics:
    total time:                          781.5359s
    total number of events:              11396611

Latency (ms):
         min:                                   19.88
         avg:                                   27.38
         max:                                 1691.17
         95th percentile:                       36.24
         sum:                            312033484.53

Threads fairness:
    events (avg/stddev):           28491.5275/261.19
    execution time (avg/stddev):   780.0837/0.16

