sysbench 1.0.20-ebf1c90 (using bundled LuaJIT 2.1.0-beta2)

Running the test with following options:
Number of threads: 400
Report intermediate results every 10 second(s)
Initializing random number generator from current time


Initializing worker threads...

Threads started!

[ 10s ] thds: 400 tps: 8591.83 qps: 172341.52 (r/w/o: 120703.68/34416.30/17221.54) lat (ms,95%): 164.45 err/s: 0.00 reconn/s: 0.00
[ 20s ] thds: 400 tps: 12187.51 qps: 243724.46 (r/w/o: 170631.62/48715.83/24377.02) lat (ms,95%): 118.92 err/s: 0.00 reconn/s: 0.00
[ 30s ] thds: 400 tps: 13642.39 qps: 272813.74 (r/w/o: 190948.32/54583.65/27281.77) lat (ms,95%): 36.24 err/s: 0.00 reconn/s: 0.00
[ 40s ] thds: 400 tps: 14702.51 qps: 293909.24 (r/w/o: 205710.27/58792.45/29406.52) lat (ms,95%): 33.12 err/s: 0.00 reconn/s: 0.00
[ 50s ] thds: 400 tps: 14572.02 qps: 291400.89 (r/w/o: 203963.54/58291.60/29145.75) lat (ms,95%): 34.33 err/s: 0.00 reconn/s: 0.00
[ 60s ] thds: 400 tps: 15020.29 qps: 300443.98 (r/w/o: 210323.62/60079.08/30041.29) lat (ms,95%): 33.12 err/s: 0.20 reconn/s: 0.00
[ 70s ] thds: 400 tps: 15101.61 qps: 302058.67 (r/w/o: 211440.72/60415.63/30202.32) lat (ms,95%): 32.53 err/s: 0.00 reconn/s: 0.00
[ 80s ] thds: 400 tps: 15208.27 qps: 304381.93 (r/w/o: 213122.13/60842.27/30417.53) lat (ms,95%): 31.94 err/s: 0.00 reconn/s: 0.00
[ 90s ] thds: 400 tps: 15060.83 qps: 301262.44 (r/w/o: 210875.75/60265.13/30121.56) lat (ms,95%): 32.53 err/s: 0.00 reconn/s: 0.00
[ 100s ] thds: 400 tps: 15107.25 qps: 302176.05 (r/w/o: 211517.47/60443.89/30214.70) lat (ms,95%): 31.94 err/s: 0.10 reconn/s: 0.00
[ 110s ] thds: 400 tps: 15055.65 qps: 301041.65 (r/w/o: 210717.07/60215.29/30109.30) lat (ms,95%): 31.94 err/s: 0.00 reconn/s: 0.00
[ 120s ] thds: 400 tps: 15197.58 qps: 303831.70 (r/w/o: 212668.59/60766.54/30396.57) lat (ms,95%): 31.94 err/s: 0.00 reconn/s: 0.00
[ 130s ] thds: 400 tps: 15506.95 qps: 309975.90 (r/w/o: 216967.40/61995.50/31013.00) lat (ms,95%): 31.37 err/s: 0.00 reconn/s: 0.00
[ 140s ] thds: 400 tps: 15468.55 qps: 309593.66 (r/w/o: 216761.47/61893.79/30938.40) lat (ms,95%): 31.37 err/s: 0.00 reconn/s: 0.00
[ 150s ] thds: 400 tps: 15400.11 qps: 308072.04 (r/w/o: 215629.47/61646.55/30796.02) lat (ms,95%): 31.94 err/s: 0.00 reconn/s: 0.00
[ 160s ] thds: 400 tps: 12647.91 qps: 252833.44 (r/w/o: 176985.67/50549.75/25298.02) lat (ms,95%): 68.05 err/s: 0.00 reconn/s: 0.00
[ 170s ] thds: 400 tps: 10807.32 qps: 216162.22 (r/w/o: 151321.49/43223.98/21616.74) lat (ms,95%): 73.13 err/s: 0.00 reconn/s: 0.00
[ 180s ] thds: 400 tps: 13919.98 qps: 278542.52 (r/w/o: 194980.37/55722.50/27839.65) lat (ms,95%): 46.63 err/s: 0.00 reconn/s: 0.00
[ 190s ] thds: 400 tps: 15597.24 qps: 311770.09 (r/w/o: 218212.96/62362.36/31194.78) lat (ms,95%): 31.37 err/s: 0.00 reconn/s: 0.00
[ 200s ] thds: 400 tps: 15233.19 qps: 304828.90 (r/w/o: 213428.16/60934.26/30466.48) lat (ms,95%): 31.94 err/s: 0.00 reconn/s: 0.00
[ 210s ] thds: 400 tps: 15251.48 qps: 304895.46 (r/w/o: 213410.26/60982.13/30503.07) lat (ms,95%): 31.94 err/s: 0.00 reconn/s: 0.00
[ 220s ] thds: 400 tps: 15307.32 qps: 305999.40 (r/w/o: 214168.85/61215.90/30614.65) lat (ms,95%): 31.94 err/s: 0.00 reconn/s: 0.00
[ 230s ] thds: 400 tps: 15343.71 qps: 307138.44 (r/w/o: 215064.90/61386.13/30687.41) lat (ms,95%): 31.94 err/s: 0.00 reconn/s: 0.00
[ 240s ] thds: 400 tps: 15336.95 qps: 306605.85 (r/w/o: 214553.83/61385.51/30666.50) lat (ms,95%): 31.94 err/s: 0.00 reconn/s: 0.00
[ 250s ] thds: 400 tps: 15393.47 qps: 307822.62 (r/w/o: 215465.50/61563.48/30793.64) lat (ms,95%): 31.37 err/s: 0.00 reconn/s: 0.00
[ 260s ] thds: 400 tps: 15302.42 qps: 306037.96 (r/w/o: 214234.65/61201.37/30601.94) lat (ms,95%): 31.94 err/s: 0.00 reconn/s: 0.00
[ 270s ] thds: 400 tps: 15403.81 qps: 308046.55 (r/w/o: 215651.38/61584.05/30811.13) lat (ms,95%): 31.37 err/s: 0.00 reconn/s: 0.00
[ 280s ] thds: 400 tps: 15411.68 qps: 308452.62 (r/w/o: 215924.43/61704.72/30823.46) lat (ms,95%): 31.37 err/s: 0.00 reconn/s: 0.00
[ 290s ] thds: 400 tps: 15484.21 qps: 309543.45 (r/w/o: 216671.91/61905.23/30966.32) lat (ms,95%): 31.37 err/s: 0.00 reconn/s: 0.00
[ 300s ] thds: 400 tps: 15381.33 qps: 307761.99 (r/w/o: 215421.88/61575.34/30764.77) lat (ms,95%): 31.37 err/s: 0.00 reconn/s: 0.00
[ 310s ] thds: 400 tps: 13679.65 qps: 273387.61 (r/w/o: 191362.03/54674.68/27350.89) lat (ms,95%): 52.89 err/s: 0.00 reconn/s: 0.00
[ 320s ] thds: 400 tps: 12267.64 qps: 245374.93 (r/w/o: 171787.91/49045.25/24541.77) lat (ms,95%): 56.84 err/s: 0.00 reconn/s: 0.00
[ 330s ] thds: 400 tps: 13285.64 qps: 265650.76 (r/w/o: 185925.43/53152.15/26573.18) lat (ms,95%): 51.02 err/s: 0.00 reconn/s: 0.00
[ 340s ] thds: 400 tps: 15325.20 qps: 306641.88 (r/w/o: 214705.68/61285.70/30650.50) lat (ms,95%): 31.94 err/s: 0.00 reconn/s: 0.00
[ 350s ] thds: 400 tps: 15286.98 qps: 305753.09 (r/w/o: 214007.72/61171.42/30573.96) lat (ms,95%): 31.94 err/s: 0.00 reconn/s: 0.00
[ 360s ] thds: 400 tps: 15201.82 qps: 303981.85 (r/w/o: 212774.91/60805.49/30401.44) lat (ms,95%): 32.53 err/s: 0.00 reconn/s: 0.00
[ 370s ] thds: 400 tps: 15404.37 qps: 308296.11 (r/w/o: 215843.98/61641.28/30810.84) lat (ms,95%): 31.37 err/s: 0.00 reconn/s: 0.00
[ 380s ] thds: 400 tps: 15463.53 qps: 309206.14 (r/w/o: 216427.38/61851.91/30926.85) lat (ms,95%): 31.37 err/s: 0.00 reconn/s: 0.00
[ 390s ] thds: 400 tps: 15315.57 qps: 306332.76 (r/w/o: 214447.92/61254.39/30630.45) lat (ms,95%): 31.94 err/s: 0.00 reconn/s: 0.00
[ 400s ] thds: 400 tps: 15200.54 qps: 303879.66 (r/w/o: 212679.03/60799.85/30400.78) lat (ms,95%): 32.53 err/s: 0.10 reconn/s: 0.00
[ 410s ] thds: 400 tps: 15456.59 qps: 308999.15 (r/w/o: 216288.69/61796.27/30914.18) lat (ms,95%): 31.37 err/s: 0.00 reconn/s: 0.00
[ 420s ] thds: 400 tps: 15366.57 qps: 307530.76 (r/w/o: 215305.42/61491.79/30733.55) lat (ms,95%): 31.94 err/s: 0.00 reconn/s: 0.00
[ 430s ] thds: 400 tps: 15463.60 qps: 309099.70 (r/w/o: 216321.63/61850.78/30927.29) lat (ms,95%): 31.37 err/s: 0.00 reconn/s: 0.00
[ 440s ] thds: 400 tps: 15406.74 qps: 308201.79 (r/w/o: 215754.45/61635.76/30811.58) lat (ms,95%): 31.37 err/s: 0.00 reconn/s: 0.00
[ 450s ] thds: 400 tps: 15170.88 qps: 303426.19 (r/w/o: 212393.28/60692.14/30340.77) lat (ms,95%): 32.53 err/s: 0.00 reconn/s: 0.00
[ 460s ] thds: 400 tps: 13613.70 qps: 272423.00 (r/w/o: 190743.50/54448.90/27230.60) lat (ms,95%): 52.89 err/s: 0.10 reconn/s: 0.00
[ 470s ] thds: 400 tps: 12460.00 qps: 248910.72 (r/w/o: 174187.31/49804.20/24919.20) lat (ms,95%): 55.82 err/s: 0.00 reconn/s: 0.00
[ 480s ] thds: 400 tps: 12980.21 qps: 259744.58 (r/w/o: 181838.09/51952.36/25954.13) lat (ms,95%): 52.89 err/s: 0.00 reconn/s: 0.00
[ 490s ] thds: 400 tps: 15359.97 qps: 307138.10 (r/w/o: 215005.15/61406.10/30726.85) lat (ms,95%): 31.94 err/s: 0.00 reconn/s: 0.00
[ 500s ] thds: 400 tps: 15099.63 qps: 302079.73 (r/w/o: 211454.57/60426.31/30198.85) lat (ms,95%): 32.53 err/s: 0.00 reconn/s: 0.00
[ 510s ] thds: 400 tps: 15369.98 qps: 307298.04 (r/w/o: 215097.18/61460.41/30740.45) lat (ms,95%): 31.94 err/s: 0.00 reconn/s: 0.00
[ 520s ] thds: 400 tps: 15306.51 qps: 306083.93 (r/w/o: 214234.16/61237.95/30611.82) lat (ms,95%): 31.94 err/s: 0.00 reconn/s: 0.00
[ 530s ] thds: 400 tps: 14922.74 qps: 298612.80 (r/w/o: 209040.63/59726.88/29845.29) lat (ms,95%): 34.33 err/s: 0.10 reconn/s: 0.00
[ 540s ] thds: 400 tps: 14196.69 qps: 283956.71 (r/w/o: 198802.57/56759.06/28395.08) lat (ms,95%): 47.47 err/s: 0.10 reconn/s: 0.00
[ 550s ] thds: 400 tps: 14052.04 qps: 280994.38 (r/w/o: 196699.72/56193.08/28101.59) lat (ms,95%): 49.21 err/s: 0.00 reconn/s: 0.00
[ 560s ] thds: 400 tps: 13538.51 qps: 270859.13 (r/w/o: 189609.56/54169.55/27080.02) lat (ms,95%): 53.85 err/s: 0.00 reconn/s: 0.00
[ 570s ] thds: 400 tps: 13912.97 qps: 278178.69 (r/w/o: 194696.97/55655.48/27826.24) lat (ms,95%): 45.79 err/s: 0.00 reconn/s: 0.00
[ 580s ] thds: 400 tps: 15256.23 qps: 305157.67 (r/w/o: 213644.17/61002.43/30511.07) lat (ms,95%): 32.53 err/s: 0.00 reconn/s: 0.00
[ 590s ] thds: 400 tps: 15354.41 qps: 307038.06 (r/w/o: 214913.21/61416.13/30708.72) lat (ms,95%): 31.37 err/s: 0.00 reconn/s: 0.00
[ 600s ] thds: 400 tps: 15240.99 qps: 304859.16 (r/w/o: 213404.13/60971.35/30483.68) lat (ms,95%): 31.94 err/s: 0.10 reconn/s: 0.00
[ 610s ] thds: 400 tps: 13963.15 qps: 279164.69 (r/w/o: 195391.77/55847.82/27925.11) lat (ms,95%): 49.21 err/s: 0.00 reconn/s: 0.00
[ 620s ] thds: 400 tps: 13231.19 qps: 264734.99 (r/w/o: 185335.85/52935.76/26463.38) lat (ms,95%): 51.02 err/s: 0.00 reconn/s: 0.00
[ 630s ] thds: 400 tps: 12461.24 qps: 249059.23 (r/w/o: 174290.68/49846.87/24921.68) lat (ms,95%): 53.85 err/s: 0.00 reconn/s: 0.00
[ 640s ] thds: 400 tps: 14314.00 qps: 286439.04 (r/w/o: 200561.13/57250.61/28627.30) lat (ms,95%): 41.10 err/s: 0.00 reconn/s: 0.00
[ 650s ] thds: 400 tps: 15161.75 qps: 303154.94 (r/w/o: 212167.06/60664.59/30323.29) lat (ms,95%): 32.53 err/s: 0.00 reconn/s: 0.00
[ 660s ] thds: 400 tps: 15221.08 qps: 304536.84 (r/w/o: 213201.28/60892.91/30442.65) lat (ms,95%): 31.94 err/s: 0.10 reconn/s: 0.00
[ 670s ] thds: 400 tps: 15338.49 qps: 306734.83 (r/w/o: 214711.81/61344.45/30678.57) lat (ms,95%): 31.94 err/s: 0.00 reconn/s: 0.00
[ 680s ] thds: 400 tps: 15305.62 qps: 306294.58 (r/w/o: 214434.83/61248.50/30611.25) lat (ms,95%): 32.53 err/s: 0.00 reconn/s: 0.00
[ 690s ] thds: 400 tps: 15286.52 qps: 305481.82 (r/w/o: 213811.69/61097.88/30572.24) lat (ms,95%): 31.94 err/s: 0.00 reconn/s: 0.00
[ 700s ] thds: 400 tps: 15252.00 qps: 305188.21 (r/w/o: 213634.81/61049.50/30503.90) lat (ms,95%): 31.94 err/s: 0.00 reconn/s: 0.00
[ 710s ] thds: 400 tps: 15025.46 qps: 300401.91 (r/w/o: 210280.98/60069.12/30051.81) lat (ms,95%): 33.12 err/s: 0.10 reconn/s: 0.00
[ 720s ] thds: 400 tps: 15219.76 qps: 304472.69 (r/w/o: 213127.44/60909.34/30435.92) lat (ms,95%): 31.94 err/s: 0.00 reconn/s: 0.00
[ 730s ] thds: 400 tps: 15296.42 qps: 305851.07 (r/w/o: 214116.16/61138.27/30596.64) lat (ms,95%): 31.94 err/s: 0.10 reconn/s: 0.00
[ 740s ] thds: 400 tps: 15218.59 qps: 304218.57 (r/w/o: 212909.54/60874.65/30434.38) lat (ms,95%): 32.53 err/s: 0.00 reconn/s: 0.00
[ 750s ] thds: 400 tps: 15157.72 qps: 303344.78 (r/w/o: 212350.27/60676.18/30318.34) lat (ms,95%): 32.53 err/s: 0.00 reconn/s: 0.00
[ 760s ] thds: 400 tps: 13936.91 qps: 278654.58 (r/w/o: 195070.32/55710.64/27873.62) lat (ms,95%): 50.11 err/s: 0.00 reconn/s: 0.00
[ 770s ] thds: 400 tps: 13195.10 qps: 264001.47 (r/w/o: 184841.08/52769.59/26390.80) lat (ms,95%): 51.02 err/s: 0.00 reconn/s: 0.00
[ 780s ] thds: 400 tps: 12663.99 qps: 253191.50 (r/w/o: 177192.86/50672.76/25325.88) lat (ms,95%): 51.94 err/s: 0.00 reconn/s: 0.00
SQL statistics:
    queries performed:
        read:                            159445538
        write:                           45555830
        other:                           22777950
        total:                           227779318
    transactions:                        11388956 (14589.26 per sec.)
    queries:                             227779318 (291785.47 per sec.)
    ignored errors:                      11     (0.01 per sec.)
    reconnects:                          0      (0.00 per sec.)

General statistics:
    total time:                          780.6387s
    total number of events:              11388956

Latency (ms):
         min:                                   19.44
         avg:                                   27.40
         max:                                  665.64
         95th percentile:                       36.24
         sum:                            312029426.69

Threads fairness:
    events (avg/stddev):           28472.3900/247.53
    execution time (avg/stddev):   780.0736/0.12

