sysbench 1.0.20-ebf1c90 (using bundled LuaJIT 2.1.0-beta2)

Running the test with following options:
Number of threads: 400
Report intermediate results every 10 second(s)
Initializing random number generator from current time


Initializing worker threads...

Threads started!

[ 10s ] thds: 400 tps: 8545.16 qps: 171294.32 (r/w/o: 119954.68/34210.33/17129.31) lat (ms,95%): 164.45 err/s: 0.00 reconn/s: 0.00
[ 20s ] thds: 400 tps: 12175.84 qps: 243735.07 (r/w/o: 170651.81/48730.58/24352.69) lat (ms,95%): 121.08 err/s: 0.10 reconn/s: 0.00
[ 30s ] thds: 400 tps: 13648.11 qps: 272764.10 (r/w/o: 190904.14/54564.34/27295.62) lat (ms,95%): 36.24 err/s: 0.00 reconn/s: 0.00
[ 40s ] thds: 400 tps: 14695.03 qps: 293977.52 (r/w/o: 205824.47/58762.30/29390.75) lat (ms,95%): 33.12 err/s: 0.00 reconn/s: 0.00
[ 50s ] thds: 400 tps: 14583.27 qps: 291565.22 (r/w/o: 204067.42/58333.16/29164.63) lat (ms,95%): 34.33 err/s: 0.00 reconn/s: 0.00
[ 60s ] thds: 400 tps: 15030.16 qps: 300707.97 (r/w/o: 210503.32/60143.03/30061.62) lat (ms,95%): 33.12 err/s: 0.00 reconn/s: 0.00
[ 70s ] thds: 400 tps: 15098.64 qps: 301868.31 (r/w/o: 211300.06/60370.66/30197.58) lat (ms,95%): 32.53 err/s: 0.00 reconn/s: 0.00
[ 80s ] thds: 400 tps: 15216.36 qps: 304347.51 (r/w/o: 213020.18/60903.52/30423.81) lat (ms,95%): 31.94 err/s: 0.10 reconn/s: 0.00
[ 90s ] thds: 400 tps: 15067.18 qps: 301382.67 (r/w/o: 210969.00/60275.81/30137.86) lat (ms,95%): 31.94 err/s: 0.00 reconn/s: 0.00
[ 100s ] thds: 400 tps: 15109.00 qps: 302101.75 (r/w/o: 211452.46/60430.39/30218.90) lat (ms,95%): 31.94 err/s: 0.00 reconn/s: 0.00
[ 110s ] thds: 400 tps: 15061.82 qps: 301139.36 (r/w/o: 210799.85/60218.67/30120.84) lat (ms,95%): 31.94 err/s: 0.10 reconn/s: 0.00
[ 120s ] thds: 400 tps: 15168.61 qps: 303528.16 (r/w/o: 212495.51/60687.33/30345.32) lat (ms,95%): 31.94 err/s: 0.00 reconn/s: 0.00
[ 130s ] thds: 400 tps: 15492.93 qps: 309818.44 (r/w/o: 216892.45/61941.53/30984.46) lat (ms,95%): 31.37 err/s: 0.10 reconn/s: 0.00
[ 140s ] thds: 400 tps: 15481.68 qps: 309702.11 (r/w/o: 216768.06/61970.80/30963.25) lat (ms,95%): 31.37 err/s: 0.00 reconn/s: 0.00
[ 150s ] thds: 400 tps: 15429.54 qps: 308380.91 (r/w/o: 215842.24/61682.58/30856.09) lat (ms,95%): 31.94 err/s: 0.00 reconn/s: 0.00
[ 160s ] thds: 400 tps: 12671.25 qps: 253644.57 (r/w/o: 177594.45/50703.71/25346.41) lat (ms,95%): 68.05 err/s: 0.00 reconn/s: 0.00
[ 170s ] thds: 400 tps: 10778.83 qps: 215494.52 (r/w/o: 150829.56/43110.20/21554.75) lat (ms,95%): 73.13 err/s: 0.00 reconn/s: 0.00
[ 180s ] thds: 400 tps: 13905.09 qps: 278106.70 (r/w/o: 194670.66/55621.96/27814.08) lat (ms,95%): 47.47 err/s: 0.00 reconn/s: 0.00
[ 190s ] thds: 400 tps: 15583.28 qps: 311588.93 (r/w/o: 218107.67/62317.61/31163.65) lat (ms,95%): 31.37 err/s: 0.00 reconn/s: 0.00
[ 200s ] thds: 400 tps: 15240.56 qps: 304751.50 (r/w/o: 213294.71/60973.86/30482.93) lat (ms,95%): 31.94 err/s: 0.00 reconn/s: 0.00
[ 210s ] thds: 400 tps: 15238.92 qps: 305032.22 (r/w/o: 213579.80/60975.28/30477.14) lat (ms,95%): 31.94 err/s: 0.00 reconn/s: 0.00
[ 220s ] thds: 400 tps: 15311.50 qps: 306235.26 (r/w/o: 214383.77/61226.49/30625.00) lat (ms,95%): 31.94 err/s: 0.10 reconn/s: 0.00
[ 230s ] thds: 400 tps: 15362.32 qps: 307004.11 (r/w/o: 214846.56/61453.00/30704.55) lat (ms,95%): 31.94 err/s: 0.00 reconn/s: 0.00
[ 240s ] thds: 400 tps: 15321.95 qps: 306431.46 (r/w/o: 214500.04/61267.51/30663.91) lat (ms,95%): 31.94 err/s: 0.00 reconn/s: 0.00
[ 250s ] thds: 400 tps: 15389.67 qps: 307771.12 (r/w/o: 215433.42/61560.86/30776.83) lat (ms,95%): 31.37 err/s: 0.00 reconn/s: 0.00
[ 260s ] thds: 400 tps: 15300.82 qps: 306140.23 (r/w/o: 214322.43/61216.06/30601.73) lat (ms,95%): 31.94 err/s: 0.00 reconn/s: 0.00
[ 270s ] thds: 400 tps: 15391.66 qps: 307888.33 (r/w/o: 215552.65/61550.25/30785.42) lat (ms,95%): 31.37 err/s: 0.00 reconn/s: 0.00
[ 280s ] thds: 400 tps: 15434.89 qps: 308615.61 (r/w/o: 215990.96/61754.56/30870.08) lat (ms,95%): 31.37 err/s: 0.20 reconn/s: 0.00
[ 290s ] thds: 400 tps: 15470.67 qps: 309415.55 (r/w/o: 216602.32/61873.59/30939.65) lat (ms,95%): 31.37 err/s: 0.00 reconn/s: 0.00
[ 300s ] thds: 400 tps: 15401.95 qps: 308154.95 (r/w/o: 215697.84/61650.81/30806.31) lat (ms,95%): 31.37 err/s: 0.00 reconn/s: 0.00
[ 310s ] thds: 400 tps: 13664.45 qps: 273232.66 (r/w/o: 191298.17/54605.99/27328.50) lat (ms,95%): 52.89 err/s: 0.00 reconn/s: 0.00
[ 320s ] thds: 400 tps: 12245.79 qps: 245047.33 (r/w/o: 171533.98/49021.47/24491.88) lat (ms,95%): 56.84 err/s: 0.00 reconn/s: 0.00
[ 330s ] thds: 400 tps: 13270.80 qps: 265330.03 (r/w/o: 185743.02/53045.51/26541.50) lat (ms,95%): 51.94 err/s: 0.00 reconn/s: 0.00
[ 340s ] thds: 400 tps: 15310.16 qps: 306348.47 (r/w/o: 214435.29/61294.25/30618.93) lat (ms,95%): 31.94 err/s: 0.00 reconn/s: 0.00
[ 350s ] thds: 400 tps: 15279.68 qps: 305470.80 (r/w/o: 213827.02/61082.82/30560.96) lat (ms,95%): 31.94 err/s: 0.00 reconn/s: 0.00
[ 360s ] thds: 400 tps: 15205.66 qps: 304157.53 (r/w/o: 212911.66/60834.65/30411.22) lat (ms,95%): 31.94 err/s: 0.00 reconn/s: 0.00
[ 370s ] thds: 400 tps: 15418.96 qps: 308252.35 (r/w/o: 215734.90/61679.53/30837.91) lat (ms,95%): 31.37 err/s: 0.00 reconn/s: 0.00
[ 380s ] thds: 400 tps: 15456.96 qps: 309096.97 (r/w/o: 216362.99/61824.95/30909.03) lat (ms,95%): 31.37 err/s: 0.10 reconn/s: 0.00
[ 390s ] thds: 400 tps: 15293.17 qps: 305940.78 (r/w/o: 214162.23/61190.60/30587.95) lat (ms,95%): 31.94 err/s: 0.00 reconn/s: 0.00
[ 400s ] thds: 400 tps: 15204.09 qps: 304025.82 (r/w/o: 212816.18/60806.26/30403.38) lat (ms,95%): 31.94 err/s: 0.10 reconn/s: 0.00
[ 410s ] thds: 400 tps: 15454.44 qps: 309220.52 (r/w/o: 216513.08/61790.06/30917.38) lat (ms,95%): 31.37 err/s: 0.00 reconn/s: 0.00
[ 420s ] thds: 400 tps: 15367.87 qps: 307413.95 (r/w/o: 215178.34/61499.57/30736.03) lat (ms,95%): 31.94 err/s: 0.00 reconn/s: 0.00
[ 430s ] thds: 400 tps: 15461.67 qps: 309057.61 (r/w/o: 216327.52/61807.36/30922.73) lat (ms,95%): 31.37 err/s: 0.00 reconn/s: 0.00
[ 440s ] thds: 400 tps: 15413.34 qps: 308330.56 (r/w/o: 215828.63/61674.35/30827.58) lat (ms,95%): 31.37 err/s: 0.10 reconn/s: 0.00
[ 450s ] thds: 400 tps: 15171.09 qps: 303346.33 (r/w/o: 212319.59/60687.17/30339.58) lat (ms,95%): 32.53 err/s: 0.00 reconn/s: 0.00
[ 460s ] thds: 400 tps: 13609.67 qps: 272172.00 (r/w/o: 190523.65/54428.70/27219.65) lat (ms,95%): 52.89 err/s: 0.00 reconn/s: 0.00
[ 470s ] thds: 400 tps: 12451.14 qps: 249204.55 (r/w/o: 174468.39/49831.37/24904.79) lat (ms,95%): 55.82 err/s: 0.20 reconn/s: 0.00
[ 480s ] thds: 400 tps: 12943.43 qps: 258587.95 (r/w/o: 180961.48/51741.91/25884.56) lat (ms,95%): 52.89 err/s: 0.00 reconn/s: 0.00
[ 490s ] thds: 400 tps: 15341.38 qps: 307186.32 (r/w/o: 215107.06/61394.10/30685.15) lat (ms,95%): 31.94 err/s: 0.00 reconn/s: 0.00
[ 500s ] thds: 400 tps: 15130.89 qps: 302258.03 (r/w/o: 211506.81/60499.55/30251.67) lat (ms,95%): 32.53 err/s: 0.00 reconn/s: 0.00
[ 510s ] thds: 400 tps: 15349.42 qps: 307196.08 (r/w/o: 215084.37/61404.28/30707.44) lat (ms,95%): 31.94 err/s: 0.00 reconn/s: 0.00
[ 520s ] thds: 400 tps: 15306.17 qps: 306091.94 (r/w/o: 214262.13/61216.07/30613.73) lat (ms,95%): 31.94 err/s: 0.00 reconn/s: 0.00
[ 530s ] thds: 400 tps: 14931.67 qps: 298587.39 (r/w/o: 209002.64/59721.80/29862.95) lat (ms,95%): 34.33 err/s: 0.00 reconn/s: 0.00
[ 540s ] thds: 400 tps: 14188.92 qps: 283749.35 (r/w/o: 198606.91/56769.09/28373.34) lat (ms,95%): 47.47 err/s: 0.00 reconn/s: 0.00
[ 550s ] thds: 400 tps: 14036.21 qps: 280878.80 (r/w/o: 196651.07/56155.32/28072.41) lat (ms,95%): 49.21 err/s: 0.00 reconn/s: 0.00
[ 560s ] thds: 400 tps: 13558.84 qps: 271230.41 (r/w/o: 189884.40/54223.24/27122.77) lat (ms,95%): 53.85 err/s: 0.00 reconn/s: 0.00
[ 570s ] thds: 400 tps: 13861.12 qps: 277094.01 (r/w/o: 193930.12/55441.46/27722.43) lat (ms,95%): 46.63 err/s: 0.00 reconn/s: 0.00
[ 580s ] thds: 400 tps: 15239.18 qps: 304859.93 (r/w/o: 213397.67/60985.21/30477.05) lat (ms,95%): 32.53 err/s: 0.00 reconn/s: 0.00
[ 590s ] thds: 400 tps: 15341.21 qps: 306906.10 (r/w/o: 214852.24/61370.84/30683.02) lat (ms,95%): 31.94 err/s: 0.00 reconn/s: 0.00
[ 600s ] thds: 400 tps: 15241.04 qps: 304738.31 (r/w/o: 213304.50/60957.04/30476.77) lat (ms,95%): 31.94 err/s: 0.00 reconn/s: 0.00
[ 610s ] thds: 400 tps: 13976.85 qps: 279491.53 (r/w/o: 195655.75/55877.09/27958.69) lat (ms,95%): 49.21 err/s: 0.00 reconn/s: 0.00
[ 620s ] thds: 400 tps: 13267.98 qps: 265440.57 (r/w/o: 185813.27/53090.23/26537.07) lat (ms,95%): 51.02 err/s: 0.00 reconn/s: 0.00
[ 630s ] thds: 400 tps: 12429.04 qps: 248473.99 (r/w/o: 173922.02/49694.88/24857.09) lat (ms,95%): 53.85 err/s: 0.00 reconn/s: 0.00
[ 640s ] thds: 400 tps: 14299.09 qps: 286124.91 (r/w/o: 200284.17/57242.06/28598.68) lat (ms,95%): 41.85 err/s: 0.00 reconn/s: 0.00
[ 650s ] thds: 400 tps: 15155.80 qps: 302897.21 (r/w/o: 212010.10/60576.20/30310.90) lat (ms,95%): 32.53 err/s: 0.00 reconn/s: 0.00
[ 660s ] thds: 400 tps: 15221.37 qps: 304468.09 (r/w/o: 213109.04/60915.10/30443.95) lat (ms,95%): 31.94 err/s: 0.00 reconn/s: 0.00
[ 670s ] thds: 400 tps: 15334.43 qps: 306675.57 (r/w/o: 214698.50/61308.71/30668.36) lat (ms,95%): 31.94 err/s: 0.00 reconn/s: 0.00
[ 680s ] thds: 400 tps: 15313.21 qps: 306203.22 (r/w/o: 214305.18/61278.22/30619.81) lat (ms,95%): 32.53 err/s: 0.00 reconn/s: 0.00
[ 690s ] thds: 400 tps: 15258.84 qps: 305295.93 (r/w/o: 213751.58/61019.47/30524.88) lat (ms,95%): 31.94 err/s: 0.00 reconn/s: 0.00
[ 700s ] thds: 400 tps: 15258.57 qps: 305078.39 (r/w/o: 213527.14/61035.00/30516.25) lat (ms,95%): 31.94 err/s: 0.00 reconn/s: 0.00
[ 710s ] thds: 400 tps: 15012.01 qps: 300417.20 (r/w/o: 210326.44/60070.74/30020.02) lat (ms,95%): 33.12 err/s: 0.00 reconn/s: 0.00
[ 720s ] thds: 400 tps: 15236.65 qps: 304522.00 (r/w/o: 213128.13/60915.28/30478.59) lat (ms,95%): 31.94 err/s: 0.00 reconn/s: 0.00
[ 730s ] thds: 400 tps: 15258.98 qps: 305451.93 (r/w/o: 213855.54/61079.13/30517.26) lat (ms,95%): 31.94 err/s: 0.00 reconn/s: 0.00
[ 740s ] thds: 400 tps: 15221.46 qps: 304327.35 (r/w/o: 213048.77/60835.65/30442.92) lat (ms,95%): 32.53 err/s: 0.00 reconn/s: 0.00
[ 750s ] thds: 400 tps: 15159.53 qps: 303018.87 (r/w/o: 212064.67/60641.93/30312.27) lat (ms,95%): 32.53 err/s: 0.00 reconn/s: 0.00
[ 760s ] thds: 400 tps: 13954.33 qps: 279219.07 (r/w/o: 195476.30/55829.71/27913.06) lat (ms,95%): 50.11 err/s: 0.10 reconn/s: 0.00
[ 770s ] thds: 400 tps: 13159.12 qps: 263177.24 (r/w/o: 184201.51/52654.19/26321.54) lat (ms,95%): 51.02 err/s: 0.00 reconn/s: 0.00
[ 780s ] thds: 400 tps: 12688.44 qps: 253740.87 (r/w/o: 177624.54/50742.05/25374.28) lat (ms,95%): 51.94 err/s: 0.00 reconn/s: 0.00
SQL statistics:
    queries performed:
        read:                            159404322
        write:                           45544050
        other:                           22772062
        total:                           227720434
    transactions:                        11386010 (14588.47 per sec.)
    queries:                             227720434 (291769.67 per sec.)
    ignored errors:                      13     (0.02 per sec.)
    reconnects:                          0      (0.00 per sec.)

General statistics:
    total time:                          780.4792s
    total number of events:              11386010

Latency (ms):
         min:                                   19.57
         avg:                                   27.40
         max:                                  481.08
         95th percentile:                       36.24
         sum:                            311994938.75

Threads fairness:
    events (avg/stddev):           28465.0250/253.13
    execution time (avg/stddev):   779.9873/0.08

