sysbench 1.0.20-ebf1c90 (using bundled LuaJIT 2.1.0-beta2)

Running the test with following options:
Number of threads: 400
Report intermediate results every 10 second(s)
Initializing random number generator from current time


Initializing worker threads...

Threads started!

[ 10s ] thds: 400 tps: 9511.38 qps: 190773.72 (r/w/o: 133628.35/38082.72/19062.65) lat (ms,95%): 155.80 err/s: 0.00 reconn/s: 0.00
[ 20s ] thds: 400 tps: 12517.27 qps: 250153.06 (r/w/o: 175056.02/50063.89/25033.15) lat (ms,95%): 114.72 err/s: 0.00 reconn/s: 0.00
[ 30s ] thds: 400 tps: 14144.11 qps: 282844.19 (r/w/o: 197998.54/56556.44/28289.22) lat (ms,95%): 33.72 err/s: 0.00 reconn/s: 0.00
[ 40s ] thds: 400 tps: 14743.43 qps: 295035.19 (r/w/o: 206575.28/58972.84/29487.07) lat (ms,95%): 32.53 err/s: 0.00 reconn/s: 0.00
[ 50s ] thds: 400 tps: 15022.59 qps: 300267.37 (r/w/o: 210126.14/60095.35/30045.88) lat (ms,95%): 31.37 err/s: 0.00 reconn/s: 0.00
[ 60s ] thds: 400 tps: 15122.94 qps: 302775.77 (r/w/o: 211999.11/60531.57/30245.09) lat (ms,95%): 30.81 err/s: 0.00 reconn/s: 0.00
[ 70s ] thds: 400 tps: 15209.78 qps: 303942.73 (r/w/o: 212690.87/60834.51/30417.35) lat (ms,95%): 30.81 err/s: 0.00 reconn/s: 0.00
[ 80s ] thds: 400 tps: 15455.00 qps: 309355.97 (r/w/o: 216622.88/61820.19/30912.90) lat (ms,95%): 30.26 err/s: 0.00 reconn/s: 0.00
[ 90s ] thds: 400 tps: 15459.48 qps: 309169.06 (r/w/o: 216378.86/61871.13/30919.07) lat (ms,95%): 29.72 err/s: 0.00 reconn/s: 0.00
[ 100s ] thds: 400 tps: 15167.69 qps: 303438.56 (r/w/o: 212422.83/60680.25/30335.48) lat (ms,95%): 30.26 err/s: 0.00 reconn/s: 0.00
[ 110s ] thds: 400 tps: 15470.90 qps: 309319.59 (r/w/o: 216559.39/61818.20/30942.00) lat (ms,95%): 29.72 err/s: 0.00 reconn/s: 0.00
[ 120s ] thds: 400 tps: 15521.72 qps: 310057.25 (r/w/o: 216953.22/62061.19/31042.85) lat (ms,95%): 29.72 err/s: 0.00 reconn/s: 0.00
[ 130s ] thds: 400 tps: 15599.52 qps: 312363.79 (r/w/o: 218729.14/62435.60/31199.05) lat (ms,95%): 29.72 err/s: 0.10 reconn/s: 0.00
[ 140s ] thds: 400 tps: 15697.00 qps: 313713.30 (r/w/o: 219571.43/62747.28/31394.59) lat (ms,95%): 29.72 err/s: 0.00 reconn/s: 0.00
[ 150s ] thds: 400 tps: 12901.74 qps: 258073.86 (r/w/o: 180641.70/51629.57/25802.59) lat (ms,95%): 69.29 err/s: 0.00 reconn/s: 0.00
[ 160s ] thds: 400 tps: 11249.98 qps: 224806.92 (r/w/o: 157319.43/44989.32/22498.16) lat (ms,95%): 69.29 err/s: 0.00 reconn/s: 0.00
[ 170s ] thds: 400 tps: 13610.01 qps: 272504.87 (r/w/o: 190802.09/54482.15/27220.63) lat (ms,95%): 52.89 err/s: 0.10 reconn/s: 0.00
[ 180s ] thds: 400 tps: 15273.97 qps: 305195.99 (r/w/o: 213600.04/61046.40/30549.55) lat (ms,95%): 31.37 err/s: 0.10 reconn/s: 0.00
[ 190s ] thds: 400 tps: 15443.74 qps: 308984.00 (r/w/o: 216301.26/61797.26/30885.48) lat (ms,95%): 30.26 err/s: 0.00 reconn/s: 0.00
[ 200s ] thds: 400 tps: 15372.09 qps: 307468.19 (r/w/o: 215246.95/61474.06/30747.18) lat (ms,95%): 30.81 err/s: 0.00 reconn/s: 0.00
[ 210s ] thds: 400 tps: 15224.16 qps: 304509.44 (r/w/o: 213173.00/60888.13/30448.31) lat (ms,95%): 30.81 err/s: 0.00 reconn/s: 0.00
[ 220s ] thds: 400 tps: 15211.49 qps: 304274.47 (r/w/o: 212952.11/60901.47/30420.89) lat (ms,95%): 30.81 err/s: 0.00 reconn/s: 0.00
[ 230s ] thds: 400 tps: 15522.47 qps: 310348.69 (r/w/o: 217225.67/62075.98/31047.04) lat (ms,95%): 30.26 err/s: 0.00 reconn/s: 0.00
[ 240s ] thds: 400 tps: 15398.70 qps: 307975.71 (r/w/o: 215620.64/61558.08/30796.99) lat (ms,95%): 30.26 err/s: 0.00 reconn/s: 0.00
[ 250s ] thds: 400 tps: 15270.50 qps: 305454.23 (r/w/o: 213819.25/61101.59/30533.39) lat (ms,95%): 30.81 err/s: 0.00 reconn/s: 0.00
[ 260s ] thds: 400 tps: 15331.30 qps: 306558.45 (r/w/o: 214582.94/61308.01/30667.51) lat (ms,95%): 30.81 err/s: 0.00 reconn/s: 0.00
[ 270s ] thds: 400 tps: 15434.99 qps: 308884.07 (r/w/o: 216265.71/61744.77/30873.59) lat (ms,95%): 30.26 err/s: 0.20 reconn/s: 0.00
[ 280s ] thds: 400 tps: 15454.22 qps: 308864.42 (r/w/o: 216136.22/61821.86/30906.33) lat (ms,95%): 30.26 err/s: 0.00 reconn/s: 0.00
[ 290s ] thds: 400 tps: 15561.48 qps: 311286.43 (r/w/o: 217919.87/62243.10/31123.45) lat (ms,95%): 30.26 err/s: 0.00 reconn/s: 0.00
[ 300s ] thds: 400 tps: 13899.30 qps: 278168.62 (r/w/o: 194748.95/55619.38/27800.29) lat (ms,95%): 51.94 err/s: 0.10 reconn/s: 0.00
[ 310s ] thds: 400 tps: 12535.41 qps: 250694.16 (r/w/o: 175501.91/50121.33/25070.92) lat (ms,95%): 57.87 err/s: 0.00 reconn/s: 0.00
[ 320s ] thds: 400 tps: 13081.38 qps: 261622.59 (r/w/o: 183142.01/52318.02/26162.56) lat (ms,95%): 51.94 err/s: 0.00 reconn/s: 0.00
[ 330s ] thds: 400 tps: 15252.72 qps: 305120.45 (r/w/o: 213574.52/61041.19/30504.75) lat (ms,95%): 30.81 err/s: 0.00 reconn/s: 0.00
[ 340s ] thds: 400 tps: 15340.39 qps: 306750.66 (r/w/o: 214686.20/61392.17/30672.29) lat (ms,95%): 30.81 err/s: 0.00 reconn/s: 0.00
[ 350s ] thds: 400 tps: 15225.61 qps: 304534.63 (r/w/o: 213182.89/60894.53/30457.21) lat (ms,95%): 30.81 err/s: 0.00 reconn/s: 0.00
[ 360s ] thds: 400 tps: 15256.81 qps: 304924.83 (r/w/o: 213430.66/60977.45/30516.72) lat (ms,95%): 30.81 err/s: 0.10 reconn/s: 0.00
[ 370s ] thds: 400 tps: 15217.59 qps: 304450.96 (r/w/o: 213152.70/60862.67/30435.59) lat (ms,95%): 30.81 err/s: 0.00 reconn/s: 0.00
[ 380s ] thds: 400 tps: 15348.47 qps: 307121.83 (r/w/o: 214979.70/61445.19/30696.94) lat (ms,95%): 30.26 err/s: 0.00 reconn/s: 0.00
[ 390s ] thds: 400 tps: 15292.31 qps: 305546.25 (r/w/o: 213850.48/61111.05/30584.73) lat (ms,95%): 30.81 err/s: 0.00 reconn/s: 0.00
[ 400s ] thds: 400 tps: 15254.00 qps: 305070.56 (r/w/o: 213541.04/61023.11/30506.41) lat (ms,95%): 30.81 err/s: 0.00 reconn/s: 0.00
[ 410s ] thds: 400 tps: 15308.84 qps: 306378.08 (r/w/o: 214528.71/61230.08/30619.29) lat (ms,95%): 30.81 err/s: 0.00 reconn/s: 0.00
[ 420s ] thds: 400 tps: 15292.25 qps: 305636.27 (r/w/o: 213873.35/61181.81/30581.11) lat (ms,95%): 30.26 err/s: 0.00 reconn/s: 0.00
[ 430s ] thds: 400 tps: 15375.19 qps: 307708.00 (r/w/o: 215460.43/61493.38/30754.19) lat (ms,95%): 30.81 err/s: 0.10 reconn/s: 0.00
[ 440s ] thds: 400 tps: 15474.70 qps: 309570.51 (r/w/o: 216684.44/61941.48/30944.59) lat (ms,95%): 30.26 err/s: 0.00 reconn/s: 0.00
[ 450s ] thds: 400 tps: 13726.16 qps: 274422.71 (r/w/o: 192067.75/54897.64/27457.32) lat (ms,95%): 53.85 err/s: 0.20 reconn/s: 0.00
[ 460s ] thds: 400 tps: 12387.59 qps: 247767.80 (r/w/o: 173467.96/49527.16/24772.68) lat (ms,95%): 57.87 err/s: 0.00 reconn/s: 0.00
[ 470s ] thds: 400 tps: 12819.42 qps: 256385.38 (r/w/o: 179477.07/51266.88/25641.44) lat (ms,95%): 52.89 err/s: 0.00 reconn/s: 0.00
[ 480s ] thds: 400 tps: 15050.32 qps: 301177.44 (r/w/o: 210856.81/60219.79/30100.84) lat (ms,95%): 31.37 err/s: 0.00 reconn/s: 0.00
[ 490s ] thds: 400 tps: 15174.84 qps: 303254.93 (r/w/o: 212214.48/60696.07/30344.38) lat (ms,95%): 31.37 err/s: 0.10 reconn/s: 0.00
[ 500s ] thds: 400 tps: 15256.48 qps: 305119.36 (r/w/o: 213559.67/61044.53/30515.17) lat (ms,95%): 31.37 err/s: 0.00 reconn/s: 0.00
[ 510s ] thds: 400 tps: 15238.62 qps: 305003.79 (r/w/o: 213579.44/60944.40/30479.95) lat (ms,95%): 30.81 err/s: 0.00 reconn/s: 0.00
[ 520s ] thds: 400 tps: 15278.38 qps: 305303.68 (r/w/o: 213664.87/61081.33/30557.47) lat (ms,95%): 30.81 err/s: 0.00 reconn/s: 0.00
[ 530s ] thds: 400 tps: 14806.93 qps: 296308.23 (r/w/o: 207422.24/59272.33/29613.66) lat (ms,95%): 36.24 err/s: 0.00 reconn/s: 0.00
[ 540s ] thds: 400 tps: 13695.07 qps: 273966.10 (r/w/o: 191789.38/54786.28/27390.44) lat (ms,95%): 54.83 err/s: 0.00 reconn/s: 0.00
[ 550s ] thds: 400 tps: 13518.73 qps: 270352.70 (r/w/o: 189256.72/54059.02/27036.96) lat (ms,95%): 54.83 err/s: 0.00 reconn/s: 0.00
[ 560s ] thds: 400 tps: 13712.75 qps: 274042.57 (r/w/o: 191789.05/54828.81/27424.71) lat (ms,95%): 53.85 err/s: 0.00 reconn/s: 0.00
[ 570s ] thds: 400 tps: 13843.01 qps: 277133.91 (r/w/o: 194025.78/55420.62/27687.51) lat (ms,95%): 51.02 err/s: 0.00 reconn/s: 0.00
[ 580s ] thds: 400 tps: 15422.60 qps: 308414.28 (r/w/o: 215905.26/61667.12/30841.91) lat (ms,95%): 30.81 err/s: 0.00 reconn/s: 0.00
[ 590s ] thds: 400 tps: 15322.60 qps: 306455.37 (r/w/o: 214543.05/61263.61/30648.71) lat (ms,95%): 30.81 err/s: 0.00 reconn/s: 0.00
[ 600s ] thds: 400 tps: 14134.50 qps: 282512.33 (r/w/o: 197716.65/56527.09/28268.59) lat (ms,95%): 50.11 err/s: 0.00 reconn/s: 0.00
[ 610s ] thds: 400 tps: 13581.60 qps: 271665.17 (r/w/o: 190176.05/54325.71/27163.41) lat (ms,95%): 54.83 err/s: 0.00 reconn/s: 0.00
[ 620s ] thds: 400 tps: 12479.57 qps: 249600.47 (r/w/o: 174704.36/49938.17/24957.94) lat (ms,95%): 55.82 err/s: 0.00 reconn/s: 0.00
[ 630s ] thds: 400 tps: 13844.92 qps: 276994.24 (r/w/o: 193922.94/55380.07/27691.23) lat (ms,95%): 49.21 err/s: 0.10 reconn/s: 0.00
[ 640s ] thds: 400 tps: 15142.49 qps: 302948.15 (r/w/o: 212036.40/60628.67/30283.09) lat (ms,95%): 31.37 err/s: 0.00 reconn/s: 0.00
[ 650s ] thds: 400 tps: 14999.22 qps: 299845.20 (r/w/o: 209923.38/59921.58/30000.24) lat (ms,95%): 31.37 err/s: 0.00 reconn/s: 0.00
[ 660s ] thds: 400 tps: 15215.44 qps: 303986.65 (r/w/o: 212694.00/60862.97/30429.68) lat (ms,95%): 30.81 err/s: 0.00 reconn/s: 0.00
[ 670s ] thds: 400 tps: 15155.06 qps: 303182.83 (r/w/o: 212253.16/60618.65/30311.02) lat (ms,95%): 31.37 err/s: 0.00 reconn/s: 0.00
[ 680s ] thds: 400 tps: 15289.63 qps: 306074.12 (r/w/o: 214276.97/61224.60/30572.55) lat (ms,95%): 30.81 err/s: 0.00 reconn/s: 0.00
[ 690s ] thds: 400 tps: 15322.77 qps: 306473.13 (r/w/o: 214586.63/61233.67/30652.83) lat (ms,95%): 30.81 err/s: 0.00 reconn/s: 0.00
[ 700s ] thds: 400 tps: 15161.79 qps: 303050.55 (r/w/o: 212089.72/60637.45/30323.37) lat (ms,95%): 31.37 err/s: 0.00 reconn/s: 0.00
[ 710s ] thds: 400 tps: 15072.83 qps: 301323.05 (r/w/o: 210882.26/60298.83/30141.97) lat (ms,95%): 31.94 err/s: 0.00 reconn/s: 0.00
[ 720s ] thds: 400 tps: 15067.69 qps: 301702.15 (r/w/o: 211265.52/60297.25/30139.37) lat (ms,95%): 31.37 err/s: 0.00 reconn/s: 0.00
[ 730s ] thds: 400 tps: 15384.80 qps: 307489.73 (r/w/o: 215202.15/61518.39/30769.19) lat (ms,95%): 30.81 err/s: 0.00 reconn/s: 0.00
[ 740s ] thds: 400 tps: 15333.70 qps: 306978.01 (r/w/o: 214904.80/61405.20/30668.00) lat (ms,95%): 30.81 err/s: 0.20 reconn/s: 0.00
[ 750s ] thds: 400 tps: 13914.30 qps: 277991.11 (r/w/o: 194585.51/55577.70/27827.90) lat (ms,95%): 51.94 err/s: 0.00 reconn/s: 0.00
[ 760s ] thds: 400 tps: 13702.67 qps: 274322.03 (r/w/o: 192030.80/54884.99/27406.24) lat (ms,95%): 51.94 err/s: 0.00 reconn/s: 0.00
[ 770s ] thds: 400 tps: 12695.06 qps: 253821.10 (r/w/o: 177690.84/50740.64/25389.62) lat (ms,95%): 55.82 err/s: 0.00 reconn/s: 0.00
[ 780s ] thds: 400 tps: 12980.50 qps: 259352.64 (r/w/o: 181496.06/51899.39/25957.19) lat (ms,95%): 53.85 err/s: 0.00 reconn/s: 0.00
SQL statistics:
    queries performed:
        read:                            159576550
        write:                           45593254
        other:                           22796668
        total:                           227966472
    transactions:                        11398311 (14592.16 per sec.)
    queries:                             227966472 (291843.49 per sec.)
    ignored errors:                      14     (0.02 per sec.)
    reconnects:                          0      (0.00 per sec.)

General statistics:
    total time:                          781.1248s
    total number of events:              11398311

Latency (ms):
         min:                                   19.59
         avg:                                   27.38
         max:                                 1137.78
         95th percentile:                       34.95
         sum:                            312122067.15

Threads fairness:
    events (avg/stddev):           28495.7775/356.52
    execution time (avg/stddev):   780.3052/0.26

