sysbench 1.0.20-ebf1c90 (using bundled LuaJIT 2.1.0-beta2)

Running the test with following options:
Number of threads: 400
Report intermediate results every 10 second(s)
Initializing random number generator from current time


Initializing worker threads...

Threads started!

[ 10s ] thds: 400 tps: 9492.21 qps: 190170.77 (r/w/o: 133173.01/37975.34/19022.42) lat (ms,95%): 155.80 err/s: 0.00 reconn/s: 0.00
[ 20s ] thds: 400 tps: 12500.39 qps: 250227.59 (r/w/o: 175166.12/50059.68/25001.79) lat (ms,95%): 112.67 err/s: 0.00 reconn/s: 0.00
[ 30s ] thds: 400 tps: 14151.84 qps: 282876.87 (r/w/o: 197991.24/56581.15/28304.48) lat (ms,95%): 33.72 err/s: 0.00 reconn/s: 0.00
[ 40s ] thds: 400 tps: 14754.55 qps: 294974.99 (r/w/o: 206485.09/58982.10/29507.80) lat (ms,95%): 32.53 err/s: 0.00 reconn/s: 0.00
[ 50s ] thds: 400 tps: 14983.80 qps: 300054.76 (r/w/o: 210058.54/60026.91/29969.30) lat (ms,95%): 31.37 err/s: 0.10 reconn/s: 0.00
[ 60s ] thds: 400 tps: 15149.24 qps: 302738.97 (r/w/o: 211936.14/60504.26/30298.58) lat (ms,95%): 30.81 err/s: 0.20 reconn/s: 0.00
[ 70s ] thds: 400 tps: 15185.21 qps: 303803.67 (r/w/o: 212681.82/60751.23/30370.62) lat (ms,95%): 30.81 err/s: 0.00 reconn/s: 0.00
[ 80s ] thds: 400 tps: 15454.31 qps: 309025.29 (r/w/o: 216307.73/61808.64/30908.92) lat (ms,95%): 30.26 err/s: 0.10 reconn/s: 0.00
[ 90s ] thds: 400 tps: 15448.29 qps: 309015.14 (r/w/o: 216320.69/61797.97/30896.48) lat (ms,95%): 29.72 err/s: 0.00 reconn/s: 0.00
[ 100s ] thds: 400 tps: 15149.38 qps: 302909.53 (r/w/o: 212018.54/60591.82/30299.16) lat (ms,95%): 30.26 err/s: 0.10 reconn/s: 0.00
[ 110s ] thds: 400 tps: 15458.94 qps: 309080.88 (r/w/o: 216328.01/61834.88/30917.99) lat (ms,95%): 29.72 err/s: 0.00 reconn/s: 0.00
[ 120s ] thds: 400 tps: 15459.53 qps: 309462.09 (r/w/o: 216630.72/61917.32/30914.06) lat (ms,95%): 29.72 err/s: 0.00 reconn/s: 0.00
[ 130s ] thds: 400 tps: 15602.03 qps: 311863.71 (r/w/o: 218324.26/62330.50/31208.95) lat (ms,95%): 29.72 err/s: 0.00 reconn/s: 0.00
[ 140s ] thds: 400 tps: 15663.46 qps: 313170.13 (r/w/o: 219157.06/62694.85/31318.22) lat (ms,95%): 29.72 err/s: 0.00 reconn/s: 0.00
[ 150s ] thds: 400 tps: 12878.19 qps: 257659.15 (r/w/o: 180400.62/51496.45/25762.07) lat (ms,95%): 69.29 err/s: 0.00 reconn/s: 0.00
[ 160s ] thds: 400 tps: 11177.88 qps: 223718.41 (r/w/o: 156623.76/44735.70/22358.95) lat (ms,95%): 70.55 err/s: 0.00 reconn/s: 0.00
[ 170s ] thds: 400 tps: 13590.52 qps: 271769.37 (r/w/o: 190267.86/54320.47/27181.04) lat (ms,95%): 53.85 err/s: 0.00 reconn/s: 0.00
[ 180s ] thds: 400 tps: 15214.14 qps: 304412.71 (r/w/o: 213051.16/60933.16/30428.38) lat (ms,95%): 31.37 err/s: 0.00 reconn/s: 0.00
[ 190s ] thds: 400 tps: 15429.37 qps: 308537.75 (r/w/o: 215993.55/61685.37/30858.84) lat (ms,95%): 30.26 err/s: 0.10 reconn/s: 0.00
[ 200s ] thds: 400 tps: 15373.89 qps: 307159.27 (r/w/o: 214964.04/61462.15/30733.08) lat (ms,95%): 30.81 err/s: 0.00 reconn/s: 0.00
[ 210s ] thds: 400 tps: 15214.30 qps: 304195.50 (r/w/o: 212910.87/60854.22/30430.41) lat (ms,95%): 30.81 err/s: 0.00 reconn/s: 0.00
[ 220s ] thds: 400 tps: 15182.32 qps: 304003.76 (r/w/o: 212910.24/60715.68/30377.84) lat (ms,95%): 30.81 err/s: 0.00 reconn/s: 0.00
[ 230s ] thds: 400 tps: 15505.04 qps: 310155.32 (r/w/o: 217093.60/62051.54/31010.17) lat (ms,95%): 30.26 err/s: 0.00 reconn/s: 0.00
[ 240s ] thds: 400 tps: 15373.13 qps: 307334.60 (r/w/o: 215060.92/61527.52/30746.16) lat (ms,95%): 30.26 err/s: 0.00 reconn/s: 0.00
[ 250s ] thds: 400 tps: 15257.49 qps: 305130.08 (r/w/o: 213646.64/60968.36/30515.08) lat (ms,95%): 30.81 err/s: 0.00 reconn/s: 0.00
[ 260s ] thds: 400 tps: 15299.39 qps: 306066.80 (r/w/o: 214218.86/61249.26/30598.68) lat (ms,95%): 30.81 err/s: 0.00 reconn/s: 0.00
[ 270s ] thds: 400 tps: 15442.38 qps: 308523.62 (r/w/o: 215925.80/61713.94/30883.87) lat (ms,95%): 30.26 err/s: 0.00 reconn/s: 0.00
[ 280s ] thds: 400 tps: 15406.25 qps: 308504.68 (r/w/o: 216012.89/61678.30/30813.50) lat (ms,95%): 30.26 err/s: 0.00 reconn/s: 0.00
[ 290s ] thds: 400 tps: 15550.73 qps: 310963.81 (r/w/o: 217679.23/62183.92/31100.66) lat (ms,95%): 30.26 err/s: 0.00 reconn/s: 0.00
[ 300s ] thds: 400 tps: 13889.76 qps: 277626.40 (r/w/o: 194310.94/55535.14/27780.32) lat (ms,95%): 51.94 err/s: 0.00 reconn/s: 0.00
[ 310s ] thds: 400 tps: 12489.23 qps: 249770.36 (r/w/o: 174829.66/49964.03/24976.67) lat (ms,95%): 57.87 err/s: 0.00 reconn/s: 0.00
[ 320s ] thds: 400 tps: 13030.05 qps: 260543.82 (r/w/o: 182375.64/52107.08/26061.09) lat (ms,95%): 51.94 err/s: 0.00 reconn/s: 0.00
[ 330s ] thds: 400 tps: 15241.19 qps: 304918.64 (r/w/o: 213478.98/60956.07/30483.58) lat (ms,95%): 30.81 err/s: 0.00 reconn/s: 0.00
[ 340s ] thds: 400 tps: 15303.03 qps: 306196.94 (r/w/o: 214372.75/61218.53/30605.66) lat (ms,95%): 30.81 err/s: 0.00 reconn/s: 0.00
[ 350s ] thds: 400 tps: 15197.80 qps: 303965.55 (r/w/o: 212779.56/60790.09/30395.89) lat (ms,95%): 30.81 err/s: 0.00 reconn/s: 0.00
[ 360s ] thds: 400 tps: 15211.56 qps: 304315.24 (r/w/o: 212945.30/60947.43/30422.51) lat (ms,95%): 30.81 err/s: 0.00 reconn/s: 0.00
[ 370s ] thds: 400 tps: 15235.44 qps: 304270.56 (r/w/o: 212955.03/60845.55/30469.98) lat (ms,95%): 30.81 err/s: 0.10 reconn/s: 0.00
[ 380s ] thds: 400 tps: 15314.38 qps: 306640.43 (r/w/o: 214728.47/61282.41/30629.55) lat (ms,95%): 30.26 err/s: 0.00 reconn/s: 0.00
[ 390s ] thds: 400 tps: 15260.77 qps: 305278.42 (r/w/o: 213647.12/61108.86/30522.43) lat (ms,95%): 30.81 err/s: 0.00 reconn/s: 0.00
[ 400s ] thds: 400 tps: 15244.05 qps: 304774.71 (r/w/o: 213350.60/60942.70/30481.40) lat (ms,95%): 30.81 err/s: 0.00 reconn/s: 0.00
[ 410s ] thds: 400 tps: 15299.13 qps: 305746.69 (r/w/o: 214000.91/61145.52/30600.26) lat (ms,95%): 30.81 err/s: 0.00 reconn/s: 0.00
[ 420s ] thds: 400 tps: 15261.85 qps: 305579.52 (r/w/o: 213963.55/61087.18/30528.79) lat (ms,95%): 30.26 err/s: 0.10 reconn/s: 0.00
[ 430s ] thds: 400 tps: 15379.99 qps: 307212.25 (r/w/o: 214981.79/61471.47/30758.99) lat (ms,95%): 30.81 err/s: 0.00 reconn/s: 0.00
[ 440s ] thds: 400 tps: 15442.85 qps: 309088.23 (r/w/o: 216430.82/61770.61/30886.80) lat (ms,95%): 30.26 err/s: 0.00 reconn/s: 0.00
[ 450s ] thds: 400 tps: 13720.71 qps: 274408.42 (r/w/o: 192088.25/54879.54/27440.62) lat (ms,95%): 53.85 err/s: 0.00 reconn/s: 0.00
[ 460s ] thds: 400 tps: 12329.76 qps: 246527.70 (r/w/o: 172531.97/49338.52/24657.21) lat (ms,95%): 58.92 err/s: 0.00 reconn/s: 0.00
[ 470s ] thds: 400 tps: 12766.13 qps: 255164.84 (r/w/o: 178587.98/51041.91/25534.95) lat (ms,95%): 53.85 err/s: 0.00 reconn/s: 0.00
[ 480s ] thds: 400 tps: 15031.63 qps: 300821.08 (r/w/o: 210630.57/60126.83/30063.67) lat (ms,95%): 31.37 err/s: 0.00 reconn/s: 0.00
[ 490s ] thds: 400 tps: 15133.04 qps: 302737.64 (r/w/o: 211909.09/60562.37/30266.18) lat (ms,95%): 31.37 err/s: 0.10 reconn/s: 0.00
[ 500s ] thds: 400 tps: 15250.03 qps: 305018.60 (r/w/o: 213497.25/61029.20/30492.15) lat (ms,95%): 31.37 err/s: 0.00 reconn/s: 0.00
[ 510s ] thds: 400 tps: 15241.17 qps: 304676.60 (r/w/o: 213280.91/60905.66/30490.03) lat (ms,95%): 30.81 err/s: 0.00 reconn/s: 0.00
[ 520s ] thds: 400 tps: 15234.31 qps: 304577.47 (r/w/o: 213147.49/60963.75/30466.23) lat (ms,95%): 30.81 err/s: 0.00 reconn/s: 0.00
[ 530s ] thds: 400 tps: 14824.37 qps: 296609.35 (r/w/o: 207684.82/59274.19/29650.34) lat (ms,95%): 35.59 err/s: 0.00 reconn/s: 0.00
[ 540s ] thds: 400 tps: 13664.54 qps: 273374.24 (r/w/o: 191390.62/54653.55/27330.07) lat (ms,95%): 54.83 err/s: 0.00 reconn/s: 0.00
[ 550s ] thds: 400 tps: 13443.08 qps: 268857.38 (r/w/o: 188182.47/53789.24/26885.67) lat (ms,95%): 54.83 err/s: 0.00 reconn/s: 0.00
[ 560s ] thds: 400 tps: 13662.01 qps: 273309.57 (r/w/o: 191308.62/54676.53/27324.42) lat (ms,95%): 53.85 err/s: 0.00 reconn/s: 0.00
[ 570s ] thds: 400 tps: 13833.61 qps: 276649.41 (r/w/o: 193689.44/55292.64/27667.32) lat (ms,95%): 51.94 err/s: 0.00 reconn/s: 0.00
[ 580s ] thds: 400 tps: 15393.83 qps: 307799.46 (r/w/o: 215438.36/61573.23/30787.87) lat (ms,95%): 30.81 err/s: 0.00 reconn/s: 0.00
[ 590s ] thds: 400 tps: 15308.36 qps: 306049.65 (r/w/o: 214199.40/61233.73/30616.52) lat (ms,95%): 30.81 err/s: 0.20 reconn/s: 0.00
[ 600s ] thds: 400 tps: 14105.80 qps: 282004.77 (r/w/o: 197358.35/56435.81/28210.61) lat (ms,95%): 51.02 err/s: 0.00 reconn/s: 0.00
[ 610s ] thds: 400 tps: 13563.32 qps: 271346.34 (r/w/o: 189970.00/54254.99/27121.34) lat (ms,95%): 54.83 err/s: 0.00 reconn/s: 0.00
[ 620s ] thds: 400 tps: 12457.81 qps: 249329.36 (r/w/o: 174567.01/49840.73/24921.62) lat (ms,95%): 55.82 err/s: 0.00 reconn/s: 0.00
[ 630s ] thds: 400 tps: 13804.51 qps: 275976.33 (r/w/o: 193170.49/55196.43/27609.41) lat (ms,95%): 49.21 err/s: 0.00 reconn/s: 0.00
[ 640s ] thds: 400 tps: 15134.69 qps: 302818.72 (r/w/o: 212006.51/60543.34/30268.87) lat (ms,95%): 31.37 err/s: 0.00 reconn/s: 0.00
[ 650s ] thds: 400 tps: 14981.49 qps: 299418.53 (r/w/o: 209534.78/59920.77/29962.98) lat (ms,95%): 31.37 err/s: 0.00 reconn/s: 0.00
[ 660s ] thds: 400 tps: 15152.38 qps: 303471.99 (r/w/o: 212484.12/60681.92/30305.96) lat (ms,95%): 31.37 err/s: 0.00 reconn/s: 0.00
[ 670s ] thds: 400 tps: 15157.54 qps: 303056.54 (r/w/o: 212107.32/60640.85/30308.37) lat (ms,95%): 30.81 err/s: 0.00 reconn/s: 0.00
[ 680s ] thds: 400 tps: 15297.18 qps: 305878.80 (r/w/o: 214160.42/61117.22/30601.16) lat (ms,95%): 30.81 err/s: 0.00 reconn/s: 0.00
[ 690s ] thds: 400 tps: 15307.75 qps: 306050.42 (r/w/o: 214208.72/61226.60/30615.10) lat (ms,95%): 30.81 err/s: 0.00 reconn/s: 0.00
[ 700s ] thds: 400 tps: 15136.16 qps: 302611.75 (r/w/o: 211772.90/60572.23/30266.62) lat (ms,95%): 31.37 err/s: 0.00 reconn/s: 0.00
[ 710s ] thds: 400 tps: 15034.87 qps: 301051.83 (r/w/o: 210809.63/60166.46/30075.73) lat (ms,95%): 31.94 err/s: 0.00 reconn/s: 0.00
[ 720s ] thds: 400 tps: 15088.58 qps: 301560.24 (r/w/o: 211087.85/60295.83/30176.56) lat (ms,95%): 31.37 err/s: 0.00 reconn/s: 0.00
[ 730s ] thds: 400 tps: 15343.44 qps: 307012.25 (r/w/o: 214880.72/61443.95/30687.57) lat (ms,95%): 30.81 err/s: 0.00 reconn/s: 0.00
[ 740s ] thds: 400 tps: 15346.73 qps: 306876.88 (r/w/o: 214867.10/61316.52/30693.26) lat (ms,95%): 30.81 err/s: 0.00 reconn/s: 0.00
[ 750s ] thds: 400 tps: 13879.64 qps: 277389.45 (r/w/o: 194096.09/55537.27/27756.09) lat (ms,95%): 52.89 err/s: 0.00 reconn/s: 0.00
[ 760s ] thds: 400 tps: 13695.19 qps: 274128.85 (r/w/o: 191916.69/54819.17/27392.98) lat (ms,95%): 51.94 err/s: 0.00 reconn/s: 0.00
[ 770s ] thds: 400 tps: 12619.62 qps: 252417.63 (r/w/o: 176727.80/50449.69/25240.14) lat (ms,95%): 55.82 err/s: 0.00 reconn/s: 0.00
[ 780s ] thds: 400 tps: 12958.68 qps: 259003.20 (r/w/o: 181281.09/51804.84/25917.27) lat (ms,95%): 54.83 err/s: 0.00 reconn/s: 0.00
SQL statistics:
    queries performed:
        read:                            159333090
        write:                           45523700
        other:                           22761888
        total:                           227618678
    transactions:                        11380924 (14578.34 per sec.)
    queries:                             227618678 (291567.00 per sec.)
    ignored errors:                      11     (0.01 per sec.)
    reconnects:                          0      (0.00 per sec.)

General statistics:
    total time:                          780.6727s
    total number of events:              11380924

Latency (ms):
         min:                                   19.32
         avg:                                   27.41
         max:                                  671.73
         95th percentile:                       34.95
         sum:                            311995319.33

Threads fairness:
    events (avg/stddev):           28452.3100/360.03
    execution time (avg/stddev):   779.9883/0.09

