sysbench 1.0.20-ebf1c90 (using bundled LuaJIT 2.1.0-beta2)

Running the test with following options:
Number of threads: 400
Report intermediate results every 10 second(s)
Initializing random number generator from current time


Initializing worker threads...

Threads started!

[ 10s ] thds: 400 tps: 9546.14 qps: 191208.04 (r/w/o: 133881.98/38194.07/19131.98) lat (ms,95%): 155.80 err/s: 0.00 reconn/s: 0.00
[ 20s ] thds: 400 tps: 12497.31 qps: 250181.59 (r/w/o: 175167.80/50018.66/24995.13) lat (ms,95%): 112.67 err/s: 0.00 reconn/s: 0.00
[ 30s ] thds: 400 tps: 14148.42 qps: 282834.43 (r/w/o: 197954.80/56582.79/28296.84) lat (ms,95%): 33.72 err/s: 0.00 reconn/s: 0.00
[ 40s ] thds: 400 tps: 14756.35 qps: 294985.19 (r/w/o: 206462.37/59012.42/29510.41) lat (ms,95%): 32.53 err/s: 0.00 reconn/s: 0.00
[ 50s ] thds: 400 tps: 14988.63 qps: 300130.97 (r/w/o: 210168.97/59982.63/29979.37) lat (ms,95%): 31.37 err/s: 0.00 reconn/s: 0.00
[ 60s ] thds: 400 tps: 15142.08 qps: 302561.95 (r/w/o: 211749.78/60527.81/30284.35) lat (ms,95%): 30.81 err/s: 0.00 reconn/s: 0.00
[ 70s ] thds: 400 tps: 15185.06 qps: 303873.17 (r/w/o: 212765.29/60737.55/30370.33) lat (ms,95%): 30.81 err/s: 0.00 reconn/s: 0.00
[ 80s ] thds: 400 tps: 15459.96 qps: 309079.92 (r/w/o: 216316.19/61843.73/30920.01) lat (ms,95%): 30.26 err/s: 0.00 reconn/s: 0.00
[ 90s ] thds: 400 tps: 15448.16 qps: 309025.73 (r/w/o: 216332.76/61797.15/30895.82) lat (ms,95%): 29.72 err/s: 0.00 reconn/s: 0.00
[ 100s ] thds: 400 tps: 15164.84 qps: 303252.10 (r/w/o: 212270.79/60651.04/30330.27) lat (ms,95%): 30.26 err/s: 0.00 reconn/s: 0.00
[ 110s ] thds: 400 tps: 15458.81 qps: 309017.97 (r/w/o: 216265.69/61835.25/30917.03) lat (ms,95%): 29.72 err/s: 0.10 reconn/s: 0.00
[ 120s ] thds: 400 tps: 15456.84 qps: 309486.61 (r/w/o: 216708.36/61864.06/30914.18) lat (ms,95%): 29.72 err/s: 0.10 reconn/s: 0.00
[ 130s ] thds: 400 tps: 15605.78 qps: 311866.71 (r/w/o: 218267.43/62387.42/31211.86) lat (ms,95%): 29.72 err/s: 0.00 reconn/s: 0.00
[ 140s ] thds: 400 tps: 15665.15 qps: 313293.91 (r/w/o: 219263.84/62706.08/31323.99) lat (ms,95%): 29.72 err/s: 0.00 reconn/s: 0.00
[ 150s ] thds: 400 tps: 12894.47 qps: 258070.47 (r/w/o: 180689.83/51585.29/25795.35) lat (ms,95%): 69.29 err/s: 0.00 reconn/s: 0.00
[ 160s ] thds: 400 tps: 11256.44 qps: 225001.14 (r/w/o: 157511.19/44977.77/22512.18) lat (ms,95%): 69.29 err/s: 0.10 reconn/s: 0.00
[ 170s ] thds: 400 tps: 13624.68 qps: 272577.57 (r/w/o: 190820.70/54506.51/27250.36) lat (ms,95%): 52.89 err/s: 0.00 reconn/s: 0.00
[ 180s ] thds: 400 tps: 15225.25 qps: 304680.82 (r/w/o: 213277.75/60952.68/30450.39) lat (ms,95%): 31.37 err/s: 0.00 reconn/s: 0.00
[ 190s ] thds: 400 tps: 15439.90 qps: 308713.71 (r/w/o: 216088.83/61744.98/30879.89) lat (ms,95%): 30.26 err/s: 0.00 reconn/s: 0.00
[ 200s ] thds: 400 tps: 15362.92 qps: 307261.54 (r/w/o: 215062.54/61473.17/30725.83) lat (ms,95%): 30.81 err/s: 0.00 reconn/s: 0.00
[ 210s ] thds: 400 tps: 15200.52 qps: 303974.29 (r/w/o: 212781.14/60795.30/30397.85) lat (ms,95%): 30.81 err/s: 0.00 reconn/s: 0.00
[ 220s ] thds: 400 tps: 15211.60 qps: 304205.65 (r/w/o: 212992.13/60787.01/30426.50) lat (ms,95%): 30.81 err/s: 0.00 reconn/s: 0.00
[ 230s ] thds: 400 tps: 15497.73 qps: 309999.82 (r/w/o: 217008.97/61995.50/30995.35) lat (ms,95%): 30.26 err/s: 0.00 reconn/s: 0.00
[ 240s ] thds: 400 tps: 15368.83 qps: 307409.39 (r/w/o: 215140.31/61531.32/30737.76) lat (ms,95%): 30.26 err/s: 0.00 reconn/s: 0.00
[ 250s ] thds: 400 tps: 15258.35 qps: 305020.00 (r/w/o: 213527.30/60976.00/30516.70) lat (ms,95%): 30.81 err/s: 0.00 reconn/s: 0.00
[ 260s ] thds: 400 tps: 15304.42 qps: 306226.25 (r/w/o: 214344.85/61273.27/30608.14) lat (ms,95%): 30.81 err/s: 0.00 reconn/s: 0.00
[ 270s ] thds: 400 tps: 15442.28 qps: 308564.23 (r/w/o: 215958.44/61725.23/30880.56) lat (ms,95%): 30.26 err/s: 0.00 reconn/s: 0.00
[ 280s ] thds: 400 tps: 15410.31 qps: 308503.25 (r/w/o: 216014.91/61662.93/30825.42) lat (ms,95%): 30.26 err/s: 0.00 reconn/s: 0.00
[ 290s ] thds: 400 tps: 15543.38 qps: 310772.96 (r/w/o: 217525.36/62162.63/31084.97) lat (ms,95%): 30.26 err/s: 0.00 reconn/s: 0.00
[ 300s ] thds: 400 tps: 13905.54 qps: 277943.19 (r/w/o: 194521.46/55612.66/27809.08) lat (ms,95%): 51.94 err/s: 0.10 reconn/s: 0.00
[ 310s ] thds: 400 tps: 12524.79 qps: 250502.07 (r/w/o: 175329.94/50122.96/25049.18) lat (ms,95%): 57.87 err/s: 0.00 reconn/s: 0.00
[ 320s ] thds: 400 tps: 13084.97 qps: 261616.20 (r/w/o: 183136.31/52316.06/26163.83) lat (ms,95%): 51.94 err/s: 0.10 reconn/s: 0.00
[ 330s ] thds: 400 tps: 15241.80 qps: 304879.28 (r/w/o: 213438.66/60946.02/30494.61) lat (ms,95%): 30.81 err/s: 0.10 reconn/s: 0.00
[ 340s ] thds: 400 tps: 15298.08 qps: 306143.61 (r/w/o: 214351.36/61196.20/30596.05) lat (ms,95%): 30.81 err/s: 0.00 reconn/s: 0.00
[ 350s ] thds: 400 tps: 15205.96 qps: 304139.29 (r/w/o: 212901.20/60826.06/30412.03) lat (ms,95%): 30.81 err/s: 0.00 reconn/s: 0.00
[ 360s ] thds: 400 tps: 15214.47 qps: 304388.66 (r/w/o: 213078.55/60881.47/30428.64) lat (ms,95%): 30.81 err/s: 0.00 reconn/s: 0.00
[ 370s ] thds: 400 tps: 15200.51 qps: 304050.38 (r/w/o: 212780.09/60869.06/30401.23) lat (ms,95%): 30.81 err/s: 0.00 reconn/s: 0.00
[ 380s ] thds: 400 tps: 15346.87 qps: 306720.22 (r/w/o: 214716.69/61311.68/30691.84) lat (ms,95%): 30.26 err/s: 0.00 reconn/s: 0.00
[ 390s ] thds: 400 tps: 15248.25 qps: 305173.42 (r/w/o: 213635.41/61039.50/30498.50) lat (ms,95%): 30.81 err/s: 0.00 reconn/s: 0.00
[ 400s ] thds: 400 tps: 15238.48 qps: 304757.57 (r/w/o: 213344.07/60936.33/30477.17) lat (ms,95%): 30.81 err/s: 0.00 reconn/s: 0.00
[ 410s ] thds: 400 tps: 15301.92 qps: 305800.21 (r/w/o: 213991.52/61210.76/30597.93) lat (ms,95%): 30.81 err/s: 0.00 reconn/s: 0.00
[ 420s ] thds: 400 tps: 15261.63 qps: 305397.91 (r/w/o: 213848.32/61021.62/30527.96) lat (ms,95%): 30.26 err/s: 0.10 reconn/s: 0.00
[ 430s ] thds: 400 tps: 15366.72 qps: 307060.27 (r/w/o: 214859.72/61469.90/30730.65) lat (ms,95%): 30.81 err/s: 0.00 reconn/s: 0.00
[ 440s ] thds: 400 tps: 15436.78 qps: 308858.25 (r/w/o: 216260.78/61719.91/30877.56) lat (ms,95%): 30.26 err/s: 0.00 reconn/s: 0.00
[ 450s ] thds: 400 tps: 13696.55 qps: 274024.77 (r/w/o: 191832.08/54799.89/27392.80) lat (ms,95%): 54.83 err/s: 0.10 reconn/s: 0.00
[ 460s ] thds: 400 tps: 12369.73 qps: 247389.36 (r/w/o: 173129.06/49519.83/24740.47) lat (ms,95%): 57.87 err/s: 0.10 reconn/s: 0.00
[ 470s ] thds: 400 tps: 12799.50 qps: 255776.38 (r/w/o: 179023.19/51166.30/25586.90) lat (ms,95%): 53.85 err/s: 0.00 reconn/s: 0.00
[ 480s ] thds: 400 tps: 15038.97 qps: 300784.82 (r/w/o: 210565.02/60130.06/30089.73) lat (ms,95%): 31.37 err/s: 0.00 reconn/s: 0.00
[ 490s ] thds: 400 tps: 15137.00 qps: 302907.52 (r/w/o: 212070.95/60564.18/30272.39) lat (ms,95%): 31.37 err/s: 0.00 reconn/s: 0.00
[ 500s ] thds: 400 tps: 15247.03 qps: 305030.44 (r/w/o: 213549.45/60985.03/30495.96) lat (ms,95%): 31.37 err/s: 0.00 reconn/s: 0.00
[ 510s ] thds: 400 tps: 15235.81 qps: 304460.76 (r/w/o: 213060.11/60929.23/30471.42) lat (ms,95%): 30.81 err/s: 0.00 reconn/s: 0.00
[ 520s ] thds: 400 tps: 15202.45 qps: 304461.73 (r/w/o: 213157.55/60899.19/30404.99) lat (ms,95%): 31.37 err/s: 0.00 reconn/s: 0.00
[ 530s ] thds: 400 tps: 14821.96 qps: 296211.83 (r/w/o: 207345.79/59221.73/29644.31) lat (ms,95%): 36.89 err/s: 0.10 reconn/s: 0.00
[ 540s ] thds: 400 tps: 13680.85 qps: 273567.53 (r/w/o: 191495.65/54710.69/27361.19) lat (ms,95%): 54.83 err/s: 0.00 reconn/s: 0.00
[ 550s ] thds: 400 tps: 13505.20 qps: 270035.05 (r/w/o: 189005.37/54020.49/27009.20) lat (ms,95%): 53.85 err/s: 0.00 reconn/s: 0.00
[ 560s ] thds: 400 tps: 13668.34 qps: 273518.38 (r/w/o: 191492.42/54688.28/27337.69) lat (ms,95%): 53.85 err/s: 0.00 reconn/s: 0.00
[ 570s ] thds: 400 tps: 13848.84 qps: 276909.23 (r/w/o: 193834.61/55376.65/27697.97) lat (ms,95%): 51.02 err/s: 0.00 reconn/s: 0.00
[ 580s ] thds: 400 tps: 15405.14 qps: 308010.90 (r/w/o: 215585.36/61615.16/30810.38) lat (ms,95%): 30.81 err/s: 0.00 reconn/s: 0.00
[ 590s ] thds: 400 tps: 15308.14 qps: 306116.78 (r/w/o: 214262.92/61238.68/30615.19) lat (ms,95%): 30.81 err/s: 0.10 reconn/s: 0.00
[ 600s ] thds: 400 tps: 14075.41 qps: 281845.61 (r/w/o: 197318.95/56374.04/28152.62) lat (ms,95%): 51.02 err/s: 0.00 reconn/s: 0.00
[ 610s ] thds: 400 tps: 13571.60 qps: 271242.21 (r/w/o: 189827.81/54271.70/27142.70) lat (ms,95%): 54.83 err/s: 0.00 reconn/s: 0.00
[ 620s ] thds: 400 tps: 12465.32 qps: 249270.11 (r/w/o: 174522.02/49818.56/24929.53) lat (ms,95%): 55.82 err/s: 0.00 reconn/s: 0.00
[ 630s ] thds: 400 tps: 13831.96 qps: 276459.56 (r/w/o: 193490.11/55313.83/27655.62) lat (ms,95%): 49.21 err/s: 0.00 reconn/s: 0.00
[ 640s ] thds: 400 tps: 15119.25 qps: 302590.07 (r/w/o: 211870.25/60471.51/30248.31) lat (ms,95%): 31.37 err/s: 0.00 reconn/s: 0.00
[ 650s ] thds: 400 tps: 14967.28 qps: 299137.48 (r/w/o: 209331.58/59873.43/29932.47) lat (ms,95%): 31.37 err/s: 0.00 reconn/s: 0.00
[ 660s ] thds: 400 tps: 15147.56 qps: 303305.79 (r/w/o: 212421.40/60587.36/30297.03) lat (ms,95%): 31.37 err/s: 0.00 reconn/s: 0.00
[ 670s ] thds: 400 tps: 15139.36 qps: 302854.00 (r/w/o: 211969.74/60604.94/30279.32) lat (ms,95%): 30.81 err/s: 0.00 reconn/s: 0.00
[ 680s ] thds: 400 tps: 15290.18 qps: 305654.46 (r/w/o: 213958.09/61116.11/30580.26) lat (ms,95%): 30.81 err/s: 0.00 reconn/s: 0.00
[ 690s ] thds: 400 tps: 15310.29 qps: 306013.03 (r/w/o: 214149.68/61243.96/30619.38) lat (ms,95%): 30.81 err/s: 0.00 reconn/s: 0.00
[ 700s ] thds: 400 tps: 15117.40 qps: 302496.66 (r/w/o: 211757.24/60506.11/30233.31) lat (ms,95%): 31.37 err/s: 0.00 reconn/s: 0.00
[ 710s ] thds: 400 tps: 15042.11 qps: 300972.25 (r/w/o: 210744.28/60141.35/30086.62) lat (ms,95%): 31.94 err/s: 0.10 reconn/s: 0.00
[ 720s ] thds: 400 tps: 15083.71 qps: 301407.47 (r/w/o: 210916.32/60323.33/30167.82) lat (ms,95%): 31.37 err/s: 0.00 reconn/s: 0.00
[ 730s ] thds: 400 tps: 15333.33 qps: 306959.24 (r/w/o: 214927.08/61365.31/30666.85) lat (ms,95%): 30.81 err/s: 0.00 reconn/s: 0.00
[ 740s ] thds: 400 tps: 15335.46 qps: 306536.03 (r/w/o: 214557.39/61307.73/30670.91) lat (ms,95%): 30.81 err/s: 0.00 reconn/s: 0.00
[ 750s ] thds: 400 tps: 13895.05 qps: 277846.45 (r/w/o: 194455.57/55602.99/27787.90) lat (ms,95%): 52.89 err/s: 0.00 reconn/s: 0.00
[ 760s ] thds: 400 tps: 13683.54 qps: 273680.85 (r/w/o: 191597.80/54714.97/27368.09) lat (ms,95%): 51.94 err/s: 0.00 reconn/s: 0.00
[ 770s ] thds: 400 tps: 12656.61 qps: 253123.36 (r/w/o: 177183.78/50624.35/25315.23) lat (ms,95%): 55.82 err/s: 0.00 reconn/s: 0.00
[ 780s ] thds: 400 tps: 12925.78 qps: 258544.16 (r/w/o: 180973.26/51720.23/25850.67) lat (ms,95%): 53.85 err/s: 0.00 reconn/s: 0.00
SQL statistics:
    queries performed:
        read:                            159381628
        write:                           45537558
        other:                           22768830
        total:                           227688016
    transactions:                        11384390 (14575.18 per sec.)
    queries:                             227688016 (291503.86 per sec.)
    ignored errors:                      12     (0.02 per sec.)
    reconnects:                          0      (0.00 per sec.)

General statistics:
    total time:                          781.0796s
    total number of events:              11384390

Latency (ms):
         min:                                   19.66
         avg:                                   27.42
         max:                                 1087.75
         95th percentile:                       34.95
         sum:                            312129031.52

Threads fairness:
    events (avg/stddev):           28460.9750/369.67
    execution time (avg/stddev):   780.3226/0.26

