sysbench 1.0.20-ebf1c90 (using bundled LuaJIT 2.1.0-beta2)

Running the test with following options:
Number of threads: 400
Report intermediate results every 10 second(s)
Initializing random number generator from current time


Initializing worker threads...

Threads started!

[ 10s ] thds: 400 tps: 9449.04 qps: 189352.30 (r/w/o: 132600.26/37814.87/18937.18) lat (ms,95%): 155.80 err/s: 0.00 reconn/s: 0.00
[ 20s ] thds: 400 tps: 12604.81 qps: 252126.47 (r/w/o: 176467.89/50448.05/25210.53) lat (ms,95%): 116.80 err/s: 0.00 reconn/s: 0.00
[ 30s ] thds: 400 tps: 14350.07 qps: 286963.31 (r/w/o: 200884.71/57385.16/28693.43) lat (ms,95%): 31.94 err/s: 0.00 reconn/s: 0.00
[ 40s ] thds: 400 tps: 15133.50 qps: 302629.91 (r/w/o: 211852.61/60503.80/30273.50) lat (ms,95%): 30.81 err/s: 0.00 reconn/s: 0.00
[ 50s ] thds: 400 tps: 15493.06 qps: 309753.35 (r/w/o: 216785.77/61983.25/30984.32) lat (ms,95%): 29.72 err/s: 0.00 reconn/s: 0.00
[ 60s ] thds: 400 tps: 15640.08 qps: 312938.97 (r/w/o: 219109.97/62547.13/31281.87) lat (ms,95%): 29.72 err/s: 0.00 reconn/s: 0.00
[ 70s ] thds: 400 tps: 15447.65 qps: 309192.67 (r/w/o: 216464.55/61832.31/30895.81) lat (ms,95%): 30.26 err/s: 0.00 reconn/s: 0.00
[ 80s ] thds: 400 tps: 15992.29 qps: 319725.32 (r/w/o: 223797.51/63944.04/31983.77) lat (ms,95%): 28.67 err/s: 0.00 reconn/s: 0.00
[ 90s ] thds: 400 tps: 15808.31 qps: 316296.29 (r/w/o: 221413.94/63265.04/31617.32) lat (ms,95%): 29.19 err/s: 0.00 reconn/s: 0.00
[ 100s ] thds: 400 tps: 15705.22 qps: 313968.56 (r/w/o: 219777.92/62780.29/31410.35) lat (ms,95%): 29.19 err/s: 0.00 reconn/s: 0.00
[ 110s ] thds: 400 tps: 15738.78 qps: 314904.79 (r/w/o: 220418.31/63008.72/31477.76) lat (ms,95%): 29.19 err/s: 0.10 reconn/s: 0.00
[ 120s ] thds: 400 tps: 16005.55 qps: 320004.93 (r/w/o: 224017.42/63976.51/32011.00) lat (ms,95%): 28.67 err/s: 0.00 reconn/s: 0.00
[ 130s ] thds: 400 tps: 16125.93 qps: 322339.35 (r/w/o: 225595.15/64492.03/32252.16) lat (ms,95%): 28.16 err/s: 0.00 reconn/s: 0.00
[ 140s ] thds: 400 tps: 15982.52 qps: 319768.79 (r/w/o: 223876.44/63927.20/31965.15) lat (ms,95%): 28.67 err/s: 0.00 reconn/s: 0.00
[ 150s ] thds: 400 tps: 13176.53 qps: 263487.71 (r/w/o: 184425.03/52709.52/26353.16) lat (ms,95%): 62.19 err/s: 0.00 reconn/s: 0.00
[ 160s ] thds: 400 tps: 11186.24 qps: 223707.06 (r/w/o: 156565.70/44774.97/22366.39) lat (ms,95%): 65.65 err/s: 0.00 reconn/s: 0.00
[ 170s ] thds: 400 tps: 14972.89 qps: 299666.78 (r/w/o: 209817.12/59898.08/29951.59) lat (ms,95%): 33.72 err/s: 0.00 reconn/s: 0.00
[ 180s ] thds: 400 tps: 15559.51 qps: 311174.90 (r/w/o: 217811.54/62245.64/31117.72) lat (ms,95%): 29.72 err/s: 0.00 reconn/s: 0.00
[ 190s ] thds: 400 tps: 15726.81 qps: 314517.63 (r/w/o: 220189.19/62874.33/31454.11) lat (ms,95%): 29.19 err/s: 0.10 reconn/s: 0.00
[ 200s ] thds: 400 tps: 15803.23 qps: 315772.34 (r/w/o: 220966.25/63198.43/31607.67) lat (ms,95%): 29.19 err/s: 0.00 reconn/s: 0.00
[ 210s ] thds: 400 tps: 15654.91 qps: 313347.93 (r/w/o: 219408.39/62629.92/31309.61) lat (ms,95%): 29.72 err/s: 0.10 reconn/s: 0.00
[ 220s ] thds: 400 tps: 15791.72 qps: 315891.10 (r/w/o: 221126.58/63180.58/31583.94) lat (ms,95%): 29.19 err/s: 0.00 reconn/s: 0.00
[ 230s ] thds: 400 tps: 15722.40 qps: 314175.24 (r/w/o: 219847.83/62901.41/31426.00) lat (ms,95%): 29.72 err/s: 0.00 reconn/s: 0.00
[ 240s ] thds: 400 tps: 15745.60 qps: 314900.01 (r/w/o: 220418.14/62978.48/31503.39) lat (ms,95%): 29.19 err/s: 0.00 reconn/s: 0.00
[ 250s ] thds: 400 tps: 15732.11 qps: 314976.18 (r/w/o: 220559.73/62945.24/31471.22) lat (ms,95%): 29.72 err/s: 0.00 reconn/s: 0.00
[ 260s ] thds: 400 tps: 15784.44 qps: 315496.27 (r/w/o: 220784.21/63151.17/31560.89) lat (ms,95%): 29.19 err/s: 0.00 reconn/s: 0.00
[ 270s ] thds: 400 tps: 15826.47 qps: 316635.45 (r/w/o: 221722.41/63252.09/31660.94) lat (ms,95%): 29.19 err/s: 0.00 reconn/s: 0.00
[ 280s ] thds: 400 tps: 15804.10 qps: 316008.68 (r/w/o: 221190.66/63209.82/31608.21) lat (ms,95%): 29.19 err/s: 0.10 reconn/s: 0.00
[ 290s ] thds: 400 tps: 14485.63 qps: 289603.86 (r/w/o: 202690.39/57941.91/28971.56) lat (ms,95%): 48.34 err/s: 0.00 reconn/s: 0.00
[ 300s ] thds: 400 tps: 14134.96 qps: 282728.95 (r/w/o: 197890.21/56573.83/28264.91) lat (ms,95%): 49.21 err/s: 0.00 reconn/s: 0.00
[ 310s ] thds: 400 tps: 12341.91 qps: 247031.93 (r/w/o: 172970.89/49372.13/24688.91) lat (ms,95%): 54.83 err/s: 0.00 reconn/s: 0.00
[ 320s ] thds: 400 tps: 15284.58 qps: 305537.57 (r/w/o: 213864.70/61104.71/30568.16) lat (ms,95%): 31.37 err/s: 0.00 reconn/s: 0.00
[ 330s ] thds: 400 tps: 15617.32 qps: 312136.58 (r/w/o: 218437.26/62468.98/31230.34) lat (ms,95%): 29.72 err/s: 0.00 reconn/s: 0.00
[ 340s ] thds: 400 tps: 15638.96 qps: 312911.32 (r/w/o: 219069.39/62560.52/31281.41) lat (ms,95%): 29.72 err/s: 0.00 reconn/s: 0.00
[ 350s ] thds: 400 tps: 15366.41 qps: 307188.38 (r/w/o: 214997.60/61458.36/30732.43) lat (ms,95%): 30.81 err/s: 0.00 reconn/s: 0.00
[ 360s ] thds: 400 tps: 15708.35 qps: 314239.55 (r/w/o: 219957.63/62863.01/31418.90) lat (ms,95%): 29.19 err/s: 0.00 reconn/s: 0.00
[ 370s ] thds: 400 tps: 15644.43 qps: 312901.57 (r/w/o: 219061.47/62551.93/31288.17) lat (ms,95%): 29.19 err/s: 0.10 reconn/s: 0.00
[ 380s ] thds: 400 tps: 15522.48 qps: 310445.53 (r/w/o: 217308.74/62091.43/31045.36) lat (ms,95%): 29.72 err/s: 0.00 reconn/s: 0.00
[ 390s ] thds: 400 tps: 15642.30 qps: 313062.54 (r/w/o: 219215.96/62561.99/31284.59) lat (ms,95%): 29.72 err/s: 0.00 reconn/s: 0.00
[ 400s ] thds: 400 tps: 15702.76 qps: 314095.83 (r/w/o: 219795.49/62894.42/31405.91) lat (ms,95%): 29.72 err/s: 0.00 reconn/s: 0.00
[ 410s ] thds: 400 tps: 15762.05 qps: 315242.99 (r/w/o: 220688.19/63035.50/31519.30) lat (ms,95%): 29.19 err/s: 0.20 reconn/s: 0.00
[ 420s ] thds: 400 tps: 15693.68 qps: 313664.49 (r/w/o: 219549.28/62739.14/31376.07) lat (ms,95%): 29.19 err/s: 0.00 reconn/s: 0.00
[ 430s ] thds: 400 tps: 14561.30 qps: 291422.19 (r/w/o: 204064.99/58217.90/29139.30) lat (ms,95%): 47.47 err/s: 0.00 reconn/s: 0.00
[ 440s ] thds: 400 tps: 14219.95 qps: 284451.77 (r/w/o: 199065.08/56946.59/28440.10) lat (ms,95%): 50.11 err/s: 0.00 reconn/s: 0.00
[ 450s ] thds: 400 tps: 14232.80 qps: 284600.26 (r/w/o: 199244.04/56890.71/28465.51) lat (ms,95%): 49.21 err/s: 0.00 reconn/s: 0.00
[ 460s ] thds: 400 tps: 12633.42 qps: 252727.12 (r/w/o: 176910.23/50550.76/25266.13) lat (ms,95%): 56.84 err/s: 0.00 reconn/s: 0.00
[ 470s ] thds: 400 tps: 15365.27 qps: 307288.13 (r/w/o: 215058.10/61500.69/30729.34) lat (ms,95%): 30.81 err/s: 0.00 reconn/s: 0.00
[ 480s ] thds: 400 tps: 15544.41 qps: 310878.18 (r/w/o: 217690.13/62098.74/31089.32) lat (ms,95%): 29.72 err/s: 0.10 reconn/s: 0.00
[ 490s ] thds: 400 tps: 15486.89 qps: 309827.64 (r/w/o: 216848.18/62003.67/30975.78) lat (ms,95%): 30.26 err/s: 0.10 reconn/s: 0.00
[ 500s ] thds: 400 tps: 15668.91 qps: 313130.11 (r/w/o: 219174.94/62617.54/31337.62) lat (ms,95%): 29.72 err/s: 0.00 reconn/s: 0.00
[ 510s ] thds: 400 tps: 15457.83 qps: 308985.99 (r/w/o: 216247.41/61823.62/30914.96) lat (ms,95%): 30.26 err/s: 0.10 reconn/s: 0.00
[ 520s ] thds: 400 tps: 15145.09 qps: 303271.06 (r/w/o: 212367.90/60611.97/30291.19) lat (ms,95%): 31.94 err/s: 0.00 reconn/s: 0.00
[ 530s ] thds: 400 tps: 14044.59 qps: 280832.40 (r/w/o: 196586.06/56157.26/28089.08) lat (ms,95%): 52.89 err/s: 0.00 reconn/s: 0.00
[ 540s ] thds: 400 tps: 13529.88 qps: 270275.25 (r/w/o: 189104.78/54122.81/27047.65) lat (ms,95%): 53.85 err/s: 0.00 reconn/s: 0.00
[ 550s ] thds: 400 tps: 13558.01 qps: 271417.96 (r/w/o: 190072.71/54216.83/27128.42) lat (ms,95%): 51.02 err/s: 0.00 reconn/s: 0.00
[ 560s ] thds: 400 tps: 15443.06 qps: 308923.00 (r/w/o: 216193.07/61844.12/30885.81) lat (ms,95%): 30.26 err/s: 0.00 reconn/s: 0.00
[ 570s ] thds: 400 tps: 15632.78 qps: 312488.03 (r/w/o: 218725.47/62503.71/31258.85) lat (ms,95%): 29.72 err/s: 0.00 reconn/s: 0.00
[ 580s ] thds: 400 tps: 14522.38 qps: 290487.09 (r/w/o: 203366.12/58069.22/29051.76) lat (ms,95%): 47.47 err/s: 0.00 reconn/s: 0.00
[ 590s ] thds: 400 tps: 14265.76 qps: 285350.19 (r/w/o: 199760.23/57060.34/28529.62) lat (ms,95%): 49.21 err/s: 0.00 reconn/s: 0.00
[ 600s ] thds: 400 tps: 13904.69 qps: 278052.12 (r/w/o: 194634.57/55607.56/27809.98) lat (ms,95%): 52.89 err/s: 0.00 reconn/s: 0.00
[ 610s ] thds: 400 tps: 13031.53 qps: 260705.10 (r/w/o: 182495.52/52149.72/26059.86) lat (ms,95%): 51.02 err/s: 0.00 reconn/s: 0.00
[ 620s ] thds: 400 tps: 14553.32 qps: 291101.31 (r/w/o: 203802.92/58187.46/29110.93) lat (ms,95%): 42.61 err/s: 0.00 reconn/s: 0.00
[ 630s ] thds: 400 tps: 15513.07 qps: 310108.10 (r/w/o: 217036.61/62045.36/31026.13) lat (ms,95%): 30.26 err/s: 0.10 reconn/s: 0.00
[ 640s ] thds: 400 tps: 15381.46 qps: 307829.66 (r/w/o: 215530.71/61535.83/30763.12) lat (ms,95%): 30.26 err/s: 0.00 reconn/s: 0.00
[ 650s ] thds: 400 tps: 15569.15 qps: 311090.57 (r/w/o: 217684.88/62267.99/31137.70) lat (ms,95%): 29.72 err/s: 0.00 reconn/s: 0.00
[ 660s ] thds: 400 tps: 15454.24 qps: 309090.10 (r/w/o: 216360.13/61821.48/30908.49) lat (ms,95%): 30.26 err/s: 0.00 reconn/s: 0.00
[ 670s ] thds: 400 tps: 15505.09 qps: 310443.92 (r/w/o: 217378.88/62054.76/31010.28) lat (ms,95%): 29.72 err/s: 0.00 reconn/s: 0.00
[ 680s ] thds: 400 tps: 15520.93 qps: 310049.57 (r/w/o: 216953.80/62055.01/31040.76) lat (ms,95%): 30.26 err/s: 0.00 reconn/s: 0.00
[ 690s ] thds: 400 tps: 15255.42 qps: 305377.62 (r/w/o: 213801.82/61069.96/30505.83) lat (ms,95%): 30.81 err/s: 0.10 reconn/s: 0.00
[ 700s ] thds: 400 tps: 15633.20 qps: 312506.53 (r/w/o: 218761.25/62471.78/31273.49) lat (ms,95%): 29.72 err/s: 0.00 reconn/s: 0.00
[ 710s ] thds: 400 tps: 15587.63 qps: 311831.91 (r/w/o: 218304.13/62353.02/31174.76) lat (ms,95%): 29.72 err/s: 0.00 reconn/s: 0.00
[ 720s ] thds: 400 tps: 15289.49 qps: 305781.71 (r/w/o: 213996.10/61214.14/30571.47) lat (ms,95%): 30.81 err/s: 0.00 reconn/s: 0.00
[ 730s ] thds: 400 tps: 14260.66 qps: 285077.85 (r/w/o: 199546.97/57003.95/28526.92) lat (ms,95%): 50.11 err/s: 0.00 reconn/s: 0.00
[ 740s ] thds: 400 tps: 14328.42 qps: 286611.22 (r/w/o: 200657.50/57295.98/28657.74) lat (ms,95%): 48.34 err/s: 0.00 reconn/s: 0.00
[ 750s ] thds: 400 tps: 13656.78 qps: 273249.59 (r/w/o: 191288.41/54646.82/27314.36) lat (ms,95%): 51.94 err/s: 0.00 reconn/s: 0.00
[ 760s ] thds: 400 tps: 12859.16 qps: 257175.48 (r/w/o: 180031.30/51425.36/25718.83) lat (ms,95%): 51.02 err/s: 0.00 reconn/s: 0.00
[ 770s ] thds: 400 tps: 15035.74 qps: 300744.79 (r/w/o: 210535.12/60138.38/30071.29) lat (ms,95%): 31.94 err/s: 0.00 reconn/s: 0.00
[ 780s ] thds: 400 tps: 15243.95 qps: 304919.22 (r/w/o: 213391.94/61038.88/30488.39) lat (ms,95%): 30.81 err/s: 0.00 reconn/s: 0.00
SQL statistics:
    queries performed:
        read:                            163162748
        write:                           46617885
        other:                           23308983
        total:                           233089616
    transactions:                        11654470 (14934.74 per sec.)
    queries:                             233089616 (298695.03 per sec.)
    ignored errors:                      12     (0.02 per sec.)
    reconnects:                          0      (0.00 per sec.)

General statistics:
    total time:                          780.3588s
    total number of events:              11654470

Latency (ms):
         min:                                   19.57
         avg:                                   26.77
         max:                                  302.13
         95th percentile:                       33.72
         sum:                            311995909.01

Threads fairness:
    events (avg/stddev):           29136.1750/317.10
    execution time (avg/stddev):   779.9898/0.06

