sysbench 1.0.20-ebf1c90 (using bundled LuaJIT 2.1.0-beta2)

Running the test with following options:
Number of threads: 400
Report intermediate results every 10 second(s)
Initializing random number generator from current time


Initializing worker threads...

Threads started!

[ 10s ] thds: 400 tps: 9675.63 qps: 194002.26 (r/w/o: 135876.91/38734.10/19391.25) lat (ms,95%): 153.02 err/s: 0.00 reconn/s: 0.00
[ 20s ] thds: 400 tps: 12797.60 qps: 255918.12 (r/w/o: 179120.55/51203.68/25593.89) lat (ms,95%): 108.68 err/s: 0.00 reconn/s: 0.00
[ 30s ] thds: 400 tps: 14330.12 qps: 286723.71 (r/w/o: 200718.39/57347.08/28658.24) lat (ms,95%): 31.94 err/s: 0.00 reconn/s: 0.00
[ 40s ] thds: 400 tps: 15136.18 qps: 302513.38 (r/w/o: 211757.88/60480.34/30275.17) lat (ms,95%): 30.81 err/s: 0.00 reconn/s: 0.00
[ 50s ] thds: 400 tps: 15476.41 qps: 309373.17 (r/w/o: 216514.19/61908.35/30950.63) lat (ms,95%): 29.72 err/s: 0.00 reconn/s: 0.00
[ 60s ] thds: 400 tps: 15633.99 qps: 312825.36 (r/w/o: 219025.83/62529.05/31270.48) lat (ms,95%): 29.72 err/s: 0.00 reconn/s: 0.00
[ 70s ] thds: 400 tps: 15423.84 qps: 308695.57 (r/w/o: 216083.81/61765.27/30846.49) lat (ms,95%): 30.26 err/s: 0.00 reconn/s: 0.00
[ 80s ] thds: 400 tps: 15975.70 qps: 319492.86 (r/w/o: 223649.57/63890.69/31952.60) lat (ms,95%): 28.67 err/s: 0.10 reconn/s: 0.00
[ 90s ] thds: 400 tps: 15796.35 qps: 315965.00 (r/w/o: 221163.80/63208.00/31593.20) lat (ms,95%): 29.19 err/s: 0.00 reconn/s: 0.00
[ 100s ] thds: 400 tps: 15678.81 qps: 313528.29 (r/w/o: 219516.94/62654.94/31356.42) lat (ms,95%): 29.19 err/s: 0.00 reconn/s: 0.00
[ 110s ] thds: 400 tps: 15751.60 qps: 314646.98 (r/w/o: 220152.99/62993.50/31500.50) lat (ms,95%): 29.19 err/s: 0.00 reconn/s: 0.00
[ 120s ] thds: 400 tps: 15960.00 qps: 319651.98 (r/w/o: 223820.86/63910.92/31920.21) lat (ms,95%): 28.67 err/s: 0.10 reconn/s: 0.00
[ 130s ] thds: 400 tps: 16107.22 qps: 322080.18 (r/w/o: 225507.84/64354.60/32217.75) lat (ms,95%): 28.67 err/s: 0.00 reconn/s: 0.00
[ 140s ] thds: 400 tps: 15965.86 qps: 319362.71 (r/w/o: 223503.27/63929.12/31930.31) lat (ms,95%): 28.67 err/s: 0.10 reconn/s: 0.00
[ 150s ] thds: 400 tps: 12967.91 qps: 259240.21 (r/w/o: 181470.04/51833.14/25937.02) lat (ms,95%): 63.32 err/s: 0.00 reconn/s: 0.00
[ 160s ] thds: 400 tps: 11164.59 qps: 223276.37 (r/w/o: 156314.54/44631.95/22329.88) lat (ms,95%): 66.84 err/s: 0.00 reconn/s: 0.00
[ 170s ] thds: 400 tps: 15068.71 qps: 301364.58 (r/w/o: 210954.82/60272.54/30137.22) lat (ms,95%): 32.53 err/s: 0.00 reconn/s: 0.00
[ 180s ] thds: 400 tps: 15561.67 qps: 311139.53 (r/w/o: 217739.40/62293.29/31106.84) lat (ms,95%): 29.72 err/s: 0.00 reconn/s: 0.00
[ 190s ] thds: 400 tps: 15695.02 qps: 314198.63 (r/w/o: 219988.20/62803.39/31407.04) lat (ms,95%): 29.72 err/s: 0.00 reconn/s: 0.00
[ 200s ] thds: 400 tps: 15781.01 qps: 315423.54 (r/w/o: 220807.17/63054.55/31561.82) lat (ms,95%): 29.19 err/s: 0.00 reconn/s: 0.00
[ 210s ] thds: 400 tps: 15631.71 qps: 312688.52 (r/w/o: 218894.78/62530.02/31263.71) lat (ms,95%): 29.72 err/s: 0.00 reconn/s: 0.00
[ 220s ] thds: 400 tps: 15765.05 qps: 315366.09 (r/w/o: 220741.60/63094.70/31529.80) lat (ms,95%): 29.19 err/s: 0.00 reconn/s: 0.00
[ 230s ] thds: 400 tps: 15701.90 qps: 313895.03 (r/w/o: 219664.85/62826.29/31403.89) lat (ms,95%): 29.72 err/s: 0.00 reconn/s: 0.00
[ 240s ] thds: 400 tps: 15749.55 qps: 314850.20 (r/w/o: 220402.00/62949.90/31498.30) lat (ms,95%): 29.19 err/s: 0.00 reconn/s: 0.00
[ 250s ] thds: 400 tps: 15702.81 qps: 314356.50 (r/w/o: 220098.67/62850.92/31406.91) lat (ms,95%): 29.72 err/s: 0.00 reconn/s: 0.00
[ 260s ] thds: 400 tps: 15751.30 qps: 314965.88 (r/w/o: 220494.76/62969.22/31501.91) lat (ms,95%): 29.19 err/s: 0.00 reconn/s: 0.00
[ 270s ] thds: 400 tps: 15826.80 qps: 316328.28 (r/w/o: 221380.65/63293.82/31653.81) lat (ms,95%): 29.19 err/s: 0.00 reconn/s: 0.00
[ 280s ] thds: 400 tps: 15773.80 qps: 315761.37 (r/w/o: 221073.78/63140.09/31547.50) lat (ms,95%): 29.19 err/s: 0.10 reconn/s: 0.00
[ 290s ] thds: 400 tps: 14455.39 qps: 288892.53 (r/w/o: 202162.01/57826.05/28904.47) lat (ms,95%): 48.34 err/s: 0.10 reconn/s: 0.00
[ 300s ] thds: 400 tps: 14002.30 qps: 280038.77 (r/w/o: 196033.68/56009.99/27995.10) lat (ms,95%): 50.11 err/s: 0.00 reconn/s: 0.00
[ 310s ] thds: 400 tps: 12408.49 qps: 248348.73 (r/w/o: 173895.48/49619.37/24833.88) lat (ms,95%): 54.83 err/s: 0.00 reconn/s: 0.00
[ 320s ] thds: 400 tps: 15282.59 qps: 305314.67 (r/w/o: 213655.44/61094.45/30564.78) lat (ms,95%): 30.81 err/s: 0.00 reconn/s: 0.00
[ 330s ] thds: 400 tps: 15591.11 qps: 311987.78 (r/w/o: 218401.83/62406.54/31179.42) lat (ms,95%): 29.72 err/s: 0.00 reconn/s: 0.00
[ 340s ] thds: 400 tps: 15642.31 qps: 312658.29 (r/w/o: 218844.40/62526.36/31287.53) lat (ms,95%): 29.72 err/s: 0.00 reconn/s: 0.00
[ 350s ] thds: 400 tps: 15351.40 qps: 307187.89 (r/w/o: 215061.49/61423.30/30703.10) lat (ms,95%): 30.81 err/s: 0.00 reconn/s: 0.00
[ 360s ] thds: 400 tps: 15687.89 qps: 313678.09 (r/w/o: 219534.96/62771.56/31371.58) lat (ms,95%): 29.72 err/s: 0.00 reconn/s: 0.00
[ 370s ] thds: 400 tps: 15594.31 qps: 312247.96 (r/w/o: 218601.78/62454.45/31191.73) lat (ms,95%): 29.19 err/s: 0.00 reconn/s: 0.00
[ 380s ] thds: 400 tps: 15528.09 qps: 310150.79 (r/w/o: 217097.22/61996.58/31056.99) lat (ms,95%): 29.72 err/s: 0.10 reconn/s: 0.00
[ 390s ] thds: 400 tps: 15628.00 qps: 312754.39 (r/w/o: 218984.96/62512.72/31256.71) lat (ms,95%): 29.72 err/s: 0.00 reconn/s: 0.00
[ 400s ] thds: 400 tps: 15663.49 qps: 313268.33 (r/w/o: 219284.51/62656.75/31327.07) lat (ms,95%): 29.72 err/s: 0.00 reconn/s: 0.00
[ 410s ] thds: 400 tps: 15747.10 qps: 315166.94 (r/w/o: 220587.96/63084.99/31493.99) lat (ms,95%): 29.19 err/s: 0.00 reconn/s: 0.00
[ 420s ] thds: 400 tps: 15656.28 qps: 313034.15 (r/w/o: 219182.09/62539.21/31312.86) lat (ms,95%): 29.19 err/s: 0.00 reconn/s: 0.00
[ 430s ] thds: 400 tps: 14553.98 qps: 290948.37 (r/w/o: 203637.40/58203.01/29107.96) lat (ms,95%): 48.34 err/s: 0.00 reconn/s: 0.00
[ 440s ] thds: 400 tps: 14188.75 qps: 283963.65 (r/w/o: 198784.04/56802.01/28377.61) lat (ms,95%): 50.11 err/s: 0.00 reconn/s: 0.00
[ 450s ] thds: 400 tps: 14111.59 qps: 282162.29 (r/w/o: 197504.55/56434.76/28222.98) lat (ms,95%): 50.11 err/s: 0.00 reconn/s: 0.00
[ 460s ] thds: 400 tps: 12678.49 qps: 253234.22 (r/w/o: 177192.98/50696.76/25344.48) lat (ms,95%): 56.84 err/s: 0.10 reconn/s: 0.00
[ 470s ] thds: 400 tps: 15350.91 qps: 307315.43 (r/w/o: 215209.16/61391.75/30714.52) lat (ms,95%): 30.26 err/s: 0.00 reconn/s: 0.00
[ 480s ] thds: 400 tps: 15536.21 qps: 310509.79 (r/w/o: 217291.63/62146.74/31071.42) lat (ms,95%): 29.72 err/s: 0.00 reconn/s: 0.00
[ 490s ] thds: 400 tps: 15480.69 qps: 309876.53 (r/w/o: 216967.58/61947.57/30961.38) lat (ms,95%): 29.72 err/s: 0.00 reconn/s: 0.00
[ 500s ] thds: 400 tps: 15646.19 qps: 312834.90 (r/w/o: 218983.23/62558.18/31293.49) lat (ms,95%): 29.72 err/s: 0.00 reconn/s: 0.00
[ 510s ] thds: 400 tps: 15429.47 qps: 308416.38 (r/w/o: 215827.23/61736.19/30852.95) lat (ms,95%): 30.26 err/s: 0.00 reconn/s: 0.00
[ 520s ] thds: 400 tps: 15075.13 qps: 301642.40 (r/w/o: 211207.52/60278.82/30156.06) lat (ms,95%): 31.94 err/s: 0.10 reconn/s: 0.00
[ 530s ] thds: 400 tps: 14005.69 qps: 280053.44 (r/w/o: 196016.19/56026.17/28011.08) lat (ms,95%): 52.89 err/s: 0.00 reconn/s: 0.00
[ 540s ] thds: 400 tps: 13400.30 qps: 268003.63 (r/w/o: 187594.85/53613.29/26795.49) lat (ms,95%): 54.83 err/s: 0.00 reconn/s: 0.00
[ 550s ] thds: 400 tps: 13675.61 qps: 273377.65 (r/w/o: 191312.60/54707.83/27357.21) lat (ms,95%): 51.02 err/s: 0.00 reconn/s: 0.00
[ 560s ] thds: 400 tps: 15413.08 qps: 308590.06 (r/w/o: 216071.39/61696.51/30822.16) lat (ms,95%): 30.26 err/s: 0.00 reconn/s: 0.00
[ 570s ] thds: 400 tps: 15629.27 qps: 312513.05 (r/w/o: 218724.74/62525.57/31262.73) lat (ms,95%): 29.72 err/s: 0.10 reconn/s: 0.00
[ 580s ] thds: 400 tps: 14495.84 qps: 289865.33 (r/w/o: 202965.81/57908.64/28990.87) lat (ms,95%): 48.34 err/s: 0.00 reconn/s: 0.00
[ 590s ] thds: 400 tps: 14140.37 qps: 282760.69 (r/w/o: 197919.17/56561.08/28280.44) lat (ms,95%): 51.02 err/s: 0.00 reconn/s: 0.00
[ 600s ] thds: 400 tps: 13887.63 qps: 277858.09 (r/w/o: 194469.88/55614.74/27773.47) lat (ms,95%): 52.89 err/s: 0.10 reconn/s: 0.00
[ 610s ] thds: 400 tps: 12997.41 qps: 260003.60 (r/w/o: 182010.67/51995.02/25997.91) lat (ms,95%): 51.02 err/s: 0.00 reconn/s: 0.00
[ 620s ] thds: 400 tps: 14622.20 qps: 292296.22 (r/w/o: 204632.24/58419.58/29244.39) lat (ms,95%): 40.37 err/s: 0.00 reconn/s: 0.00
[ 630s ] thds: 400 tps: 15478.39 qps: 309387.88 (r/w/o: 216513.41/61921.58/30952.89) lat (ms,95%): 30.26 err/s: 0.00 reconn/s: 0.00
[ 640s ] thds: 400 tps: 15372.02 qps: 307458.12 (r/w/o: 215229.62/61481.46/30747.03) lat (ms,95%): 30.26 err/s: 0.00 reconn/s: 0.00
[ 650s ] thds: 400 tps: 15524.10 qps: 310801.08 (r/w/o: 217580.89/62172.80/31047.40) lat (ms,95%): 29.72 err/s: 0.00 reconn/s: 0.00
[ 660s ] thds: 400 tps: 15445.00 qps: 308792.06 (r/w/o: 216143.87/61767.09/30881.10) lat (ms,95%): 30.26 err/s: 0.00 reconn/s: 0.00
[ 670s ] thds: 400 tps: 15497.09 qps: 309973.78 (r/w/o: 217039.94/61929.16/31004.68) lat (ms,95%): 30.26 err/s: 0.00 reconn/s: 0.00
[ 680s ] thds: 400 tps: 15504.60 qps: 310091.10 (r/w/o: 217003.37/62078.52/31009.21) lat (ms,95%): 30.26 err/s: 0.00 reconn/s: 0.00
[ 690s ] thds: 400 tps: 15230.38 qps: 304650.78 (r/w/o: 213323.38/60866.14/30461.27) lat (ms,95%): 30.81 err/s: 0.00 reconn/s: 0.00
[ 700s ] thds: 400 tps: 15622.92 qps: 312253.08 (r/w/o: 218527.13/62480.80/31245.15) lat (ms,95%): 29.72 err/s: 0.00 reconn/s: 0.00
[ 710s ] thds: 400 tps: 15554.01 qps: 311223.21 (r/w/o: 217841.17/62275.12/31106.91) lat (ms,95%): 29.72 err/s: 0.00 reconn/s: 0.00
[ 720s ] thds: 400 tps: 15272.60 qps: 305490.76 (r/w/o: 213884.67/61062.59/30543.50) lat (ms,95%): 30.81 err/s: 0.00 reconn/s: 0.00
[ 730s ] thds: 400 tps: 14181.89 qps: 283551.44 (r/w/o: 198473.89/56710.17/28367.38) lat (ms,95%): 50.11 err/s: 0.10 reconn/s: 0.00
[ 740s ] thds: 400 tps: 14244.11 qps: 284850.72 (r/w/o: 199378.79/56985.42/28486.51) lat (ms,95%): 49.21 err/s: 0.00 reconn/s: 0.00
[ 750s ] thds: 400 tps: 13615.96 qps: 272228.80 (r/w/o: 190527.11/54472.56/27229.13) lat (ms,95%): 51.94 err/s: 0.00 reconn/s: 0.00
[ 760s ] thds: 400 tps: 12850.50 qps: 257091.45 (r/w/o: 180007.03/51379.11/25705.30) lat (ms,95%): 51.02 err/s: 0.10 reconn/s: 0.00
[ 770s ] thds: 400 tps: 15114.06 qps: 302461.80 (r/w/o: 211765.87/60467.22/30228.71) lat (ms,95%): 31.37 err/s: 0.00 reconn/s: 0.00
[ 780s ] thds: 400 tps: 14888.68 qps: 297646.70 (r/w/o: 208313.65/59557.40/29775.65) lat (ms,95%): 30.81 err/s: 0.00 reconn/s: 0.00
SQL statistics:
    queries performed:
        read:                            162938608
        write:                           46553843
        other:                           23276965
        total:                           232769416
    transactions:                        11638460 (14892.44 per sec.)
    queries:                             232769416 (297849.12 per sec.)
    ignored errors:                      12     (0.02 per sec.)
    reconnects:                          0      (0.00 per sec.)

General statistics:
    total time:                          781.5001s
    total number of events:              11638460

Latency (ms):
         min:                                   19.59
         avg:                                   26.81
         max:                                 1508.20
         95th percentile:                       33.72
         sum:                            312024272.24

Threads fairness:
    events (avg/stddev):           29096.1500/308.89
    execution time (avg/stddev):   780.0607/0.14

