sysbench 1.0.20-ebf1c90 (using bundled LuaJIT 2.1.0-beta2)

Running the test with following options:
Number of threads: 400
Report intermediate results every 10 second(s)
Initializing random number generator from current time


Initializing worker threads...

Threads started!

[ 10s ] thds: 400 tps: 9672.28 qps: 193897.69 (r/w/o: 135815.60/38697.53/19384.56) lat (ms,95%): 153.02 err/s: 0.00 reconn/s: 0.00
[ 20s ] thds: 400 tps: 12752.31 qps: 254895.86 (r/w/o: 178382.41/51013.03/25500.42) lat (ms,95%): 112.67 err/s: 0.10 reconn/s: 0.00
[ 30s ] thds: 400 tps: 14337.74 qps: 286666.31 (r/w/o: 200645.57/57342.66/28678.08) lat (ms,95%): 31.94 err/s: 0.00 reconn/s: 0.00
[ 40s ] thds: 400 tps: 15106.65 qps: 302365.86 (r/w/o: 211708.57/60446.09/30211.19) lat (ms,95%): 30.81 err/s: 0.00 reconn/s: 0.00
[ 50s ] thds: 400 tps: 15483.39 qps: 309537.79 (r/w/o: 216653.62/61913.78/30970.39) lat (ms,95%): 29.72 err/s: 0.00 reconn/s: 0.00
[ 60s ] thds: 400 tps: 15645.43 qps: 313088.20 (r/w/o: 219217.89/62579.44/31290.87) lat (ms,95%): 29.72 err/s: 0.00 reconn/s: 0.00
[ 70s ] thds: 400 tps: 15473.49 qps: 309149.64 (r/w/o: 216304.09/61902.67/30942.88) lat (ms,95%): 30.26 err/s: 0.00 reconn/s: 0.00
[ 80s ] thds: 400 tps: 15974.94 qps: 319608.74 (r/w/o: 223746.72/63908.95/31953.07) lat (ms,95%): 28.67 err/s: 0.00 reconn/s: 0.00
[ 90s ] thds: 400 tps: 15813.11 qps: 316176.36 (r/w/o: 221308.32/63243.43/31624.62) lat (ms,95%): 29.19 err/s: 0.00 reconn/s: 0.00
[ 100s ] thds: 400 tps: 15660.23 qps: 313617.63 (r/w/o: 219571.07/62723.31/31323.25) lat (ms,95%): 29.19 err/s: 0.00 reconn/s: 0.00
[ 110s ] thds: 400 tps: 15763.06 qps: 314930.45 (r/w/o: 220443.90/62960.43/31526.11) lat (ms,95%): 29.19 err/s: 0.00 reconn/s: 0.00
[ 120s ] thds: 400 tps: 16003.24 qps: 319927.18 (r/w/o: 223904.35/64018.46/32004.38) lat (ms,95%): 28.67 err/s: 0.00 reconn/s: 0.00
[ 130s ] thds: 400 tps: 16085.79 qps: 322175.48 (r/w/o: 225590.31/64411.48/32173.69) lat (ms,95%): 28.16 err/s: 0.00 reconn/s: 0.00
[ 140s ] thds: 400 tps: 15991.78 qps: 319510.87 (r/w/o: 223622.40/63905.31/31983.16) lat (ms,95%): 28.67 err/s: 0.00 reconn/s: 0.00
[ 150s ] thds: 400 tps: 13021.50 qps: 260447.91 (r/w/o: 182319.00/52086.80/26042.10) lat (ms,95%): 63.32 err/s: 0.00 reconn/s: 0.00
[ 160s ] thds: 400 tps: 11154.21 qps: 223084.43 (r/w/o: 156159.46/44617.95/22307.02) lat (ms,95%): 66.84 err/s: 0.00 reconn/s: 0.00
[ 170s ] thds: 400 tps: 15054.53 qps: 301416.80 (r/w/o: 211015.99/60289.14/30111.67) lat (ms,95%): 32.53 err/s: 0.00 reconn/s: 0.00
[ 180s ] thds: 400 tps: 15571.54 qps: 311012.81 (r/w/o: 217665.17/62204.56/31143.08) lat (ms,95%): 29.72 err/s: 0.10 reconn/s: 0.00
[ 190s ] thds: 400 tps: 15707.11 qps: 314351.31 (r/w/o: 220051.18/62889.62/31410.51) lat (ms,95%): 29.19 err/s: 0.00 reconn/s: 0.00
[ 200s ] thds: 400 tps: 15770.97 qps: 315584.08 (r/w/o: 220986.24/63052.50/31545.35) lat (ms,95%): 29.19 err/s: 0.10 reconn/s: 0.00
[ 210s ] thds: 400 tps: 15644.64 qps: 312863.32 (r/w/o: 218945.21/62631.64/31286.47) lat (ms,95%): 29.72 err/s: 0.00 reconn/s: 0.00
[ 220s ] thds: 400 tps: 15783.99 qps: 315642.31 (r/w/o: 220931.17/63140.76/31570.38) lat (ms,95%): 29.19 err/s: 0.00 reconn/s: 0.00
[ 230s ] thds: 400 tps: 15706.56 qps: 313889.47 (r/w/o: 219736.42/62738.33/31414.72) lat (ms,95%): 29.72 err/s: 0.10 reconn/s: 0.00
[ 240s ] thds: 400 tps: 15733.34 qps: 314875.80 (r/w/o: 220472.16/62936.36/31467.28) lat (ms,95%): 29.19 err/s: 0.20 reconn/s: 0.00
[ 250s ] thds: 400 tps: 15723.27 qps: 314294.03 (r/w/o: 219929.40/62918.09/31446.54) lat (ms,95%): 29.72 err/s: 0.00 reconn/s: 0.00
[ 260s ] thds: 400 tps: 15733.60 qps: 315017.40 (r/w/o: 220537.50/63012.90/31467.00) lat (ms,95%): 29.19 err/s: 0.00 reconn/s: 0.00
[ 270s ] thds: 400 tps: 15824.29 qps: 316320.43 (r/w/o: 221473.38/63198.17/31648.88) lat (ms,95%): 29.19 err/s: 0.00 reconn/s: 0.00
[ 280s ] thds: 400 tps: 15791.70 qps: 315806.59 (r/w/o: 221003.76/63219.32/31583.51) lat (ms,95%): 29.19 err/s: 0.00 reconn/s: 0.00
[ 290s ] thds: 400 tps: 14456.14 qps: 288920.91 (r/w/o: 202243.97/57765.66/28911.28) lat (ms,95%): 48.34 err/s: 0.00 reconn/s: 0.00
[ 300s ] thds: 400 tps: 14013.05 qps: 280374.35 (r/w/o: 196298.23/56049.11/28027.00) lat (ms,95%): 50.11 err/s: 0.00 reconn/s: 0.00
[ 310s ] thds: 400 tps: 12398.03 qps: 247956.46 (r/w/o: 173526.16/49634.33/24795.97) lat (ms,95%): 54.83 err/s: 0.00 reconn/s: 0.00
[ 320s ] thds: 400 tps: 15263.27 qps: 305311.40 (r/w/o: 213772.15/61012.50/30526.75) lat (ms,95%): 30.81 err/s: 0.00 reconn/s: 0.00
[ 330s ] thds: 400 tps: 15602.93 qps: 312066.84 (r/w/o: 218440.35/62421.23/31205.26) lat (ms,95%): 29.72 err/s: 0.00 reconn/s: 0.00
[ 340s ] thds: 400 tps: 15628.06 qps: 312590.33 (r/w/o: 218832.76/62500.85/31256.72) lat (ms,95%): 29.72 err/s: 0.00 reconn/s: 0.00
[ 350s ] thds: 400 tps: 15355.80 qps: 307038.62 (r/w/o: 214891.64/61435.78/30711.19) lat (ms,95%): 30.81 err/s: 0.00 reconn/s: 0.00
[ 360s ] thds: 400 tps: 15699.43 qps: 313919.32 (r/w/o: 219730.76/62789.80/31398.75) lat (ms,95%): 29.72 err/s: 0.10 reconn/s: 0.00
[ 370s ] thds: 400 tps: 15624.28 qps: 312422.81 (r/w/o: 218681.63/62492.52/31248.66) lat (ms,95%): 29.19 err/s: 0.00 reconn/s: 0.00
[ 380s ] thds: 400 tps: 15498.94 qps: 310206.96 (r/w/o: 217213.03/61995.35/30998.58) lat (ms,95%): 29.72 err/s: 0.00 reconn/s: 0.00
[ 390s ] thds: 400 tps: 15641.18 qps: 312948.27 (r/w/o: 219062.60/62603.41/31282.26) lat (ms,95%): 29.72 err/s: 0.00 reconn/s: 0.00
[ 400s ] thds: 400 tps: 15668.80 qps: 313359.41 (r/w/o: 219326.74/62696.28/31336.39) lat (ms,95%): 29.72 err/s: 0.00 reconn/s: 0.00
[ 410s ] thds: 400 tps: 15771.72 qps: 315112.57 (r/w/o: 220536.73/63031.89/31543.95) lat (ms,95%): 29.19 err/s: 0.00 reconn/s: 0.00
[ 420s ] thds: 400 tps: 15662.02 qps: 313203.47 (r/w/o: 219222.96/62659.77/31320.74) lat (ms,95%): 29.19 err/s: 0.00 reconn/s: 0.00
[ 430s ] thds: 400 tps: 14525.01 qps: 290930.27 (r/w/o: 203726.72/58149.73/29053.82) lat (ms,95%): 48.34 err/s: 0.00 reconn/s: 0.00
[ 440s ] thds: 400 tps: 14236.00 qps: 284278.70 (r/w/o: 198915.68/56894.32/28468.71) lat (ms,95%): 50.11 err/s: 0.00 reconn/s: 0.00
[ 450s ] thds: 400 tps: 14106.61 qps: 282246.97 (r/w/o: 197604.22/56431.43/28211.32) lat (ms,95%): 50.11 err/s: 0.00 reconn/s: 0.00
[ 460s ] thds: 400 tps: 12679.36 qps: 253698.83 (r/w/o: 177636.26/50698.45/25364.12) lat (ms,95%): 56.84 err/s: 0.00 reconn/s: 0.00
[ 470s ] thds: 400 tps: 15359.71 qps: 307400.28 (r/w/o: 215141.79/61541.16/30717.33) lat (ms,95%): 30.26 err/s: 0.00 reconn/s: 0.00
[ 480s ] thds: 400 tps: 15545.48 qps: 310666.78 (r/w/o: 217490.70/62083.21/31092.86) lat (ms,95%): 29.72 err/s: 0.00 reconn/s: 0.00
[ 490s ] thds: 400 tps: 15504.31 qps: 310053.59 (r/w/o: 216991.44/62060.84/31001.32) lat (ms,95%): 29.72 err/s: 0.00 reconn/s: 0.00
[ 500s ] thds: 400 tps: 15631.15 qps: 312885.63 (r/w/o: 219087.42/62528.70/31269.50) lat (ms,95%): 29.72 err/s: 0.00 reconn/s: 0.00
[ 510s ] thds: 400 tps: 15447.89 qps: 308648.04 (r/w/o: 216013.29/61738.47/30896.29) lat (ms,95%): 30.26 err/s: 0.00 reconn/s: 0.00
[ 520s ] thds: 400 tps: 15100.78 qps: 302173.85 (r/w/o: 211568.25/60404.13/30201.46) lat (ms,95%): 31.94 err/s: 0.00 reconn/s: 0.00
[ 530s ] thds: 400 tps: 13985.12 qps: 279573.62 (r/w/o: 195630.19/55978.58/27964.84) lat (ms,95%): 52.89 err/s: 0.00 reconn/s: 0.00
[ 540s ] thds: 400 tps: 13411.77 qps: 268451.66 (r/w/o: 187973.15/53649.57/26828.94) lat (ms,95%): 54.83 err/s: 0.00 reconn/s: 0.00
[ 550s ] thds: 400 tps: 13629.90 qps: 272469.60 (r/w/o: 190730.47/54479.02/27260.11) lat (ms,95%): 51.02 err/s: 0.00 reconn/s: 0.00
[ 560s ] thds: 400 tps: 15435.42 qps: 308553.42 (r/w/o: 215935.39/61749.08/30868.94) lat (ms,95%): 30.26 err/s: 0.00 reconn/s: 0.00
[ 570s ] thds: 400 tps: 15618.79 qps: 312434.91 (r/w/o: 218725.87/62469.66/31239.38) lat (ms,95%): 29.72 err/s: 0.00 reconn/s: 0.00
[ 580s ] thds: 400 tps: 14469.11 qps: 289651.36 (r/w/o: 202791.91/57921.03/28938.42) lat (ms,95%): 48.34 err/s: 0.00 reconn/s: 0.00
[ 590s ] thds: 400 tps: 14132.90 qps: 282598.25 (r/w/o: 197809.43/56523.41/28265.40) lat (ms,95%): 51.02 err/s: 0.00 reconn/s: 0.00
[ 600s ] thds: 400 tps: 13898.17 qps: 277805.21 (r/w/o: 194454.69/55553.68/27796.84) lat (ms,95%): 52.89 err/s: 0.10 reconn/s: 0.00
[ 610s ] thds: 400 tps: 13005.43 qps: 260060.27 (r/w/o: 182024.77/52025.03/26010.47) lat (ms,95%): 51.02 err/s: 0.00 reconn/s: 0.00
[ 620s ] thds: 400 tps: 14609.41 qps: 292430.71 (r/w/o: 204745.54/58465.74/29219.42) lat (ms,95%): 40.37 err/s: 0.00 reconn/s: 0.00
[ 630s ] thds: 400 tps: 15500.33 qps: 309800.53 (r/w/o: 216829.07/61971.31/31000.15) lat (ms,95%): 30.26 err/s: 0.00 reconn/s: 0.00
[ 640s ] thds: 400 tps: 15373.51 qps: 307590.94 (r/w/o: 215345.47/61497.65/30747.82) lat (ms,95%): 30.26 err/s: 0.00 reconn/s: 0.00
[ 650s ] thds: 400 tps: 15550.69 qps: 310764.41 (r/w/o: 217463.36/62200.26/31100.78) lat (ms,95%): 29.72 err/s: 0.00 reconn/s: 0.00
[ 660s ] thds: 400 tps: 15451.06 qps: 309067.64 (r/w/o: 216362.00/61802.83/30902.81) lat (ms,95%): 30.26 err/s: 0.00 reconn/s: 0.00
[ 670s ] thds: 400 tps: 15493.73 qps: 310163.51 (r/w/o: 217136.56/62039.60/30987.35) lat (ms,95%): 30.26 err/s: 0.00 reconn/s: 0.00
[ 680s ] thds: 400 tps: 15511.15 qps: 309870.74 (r/w/o: 216873.73/61988.51/31008.50) lat (ms,95%): 30.26 err/s: 0.10 reconn/s: 0.00
[ 690s ] thds: 400 tps: 15224.96 qps: 304870.06 (r/w/o: 213426.81/60982.03/30461.22) lat (ms,95%): 30.81 err/s: 0.00 reconn/s: 0.00
[ 700s ] thds: 400 tps: 15622.65 qps: 312354.08 (r/w/o: 218700.48/62406.10/31247.50) lat (ms,95%): 29.72 err/s: 0.00 reconn/s: 0.00
[ 710s ] thds: 400 tps: 15575.73 qps: 311275.35 (r/w/o: 217827.78/62296.31/31151.25) lat (ms,95%): 29.72 err/s: 0.00 reconn/s: 0.00
[ 720s ] thds: 400 tps: 15270.02 qps: 305603.62 (r/w/o: 213931.19/61132.48/30539.94) lat (ms,95%): 30.81 err/s: 0.10 reconn/s: 0.00
[ 730s ] thds: 400 tps: 14192.35 qps: 283704.35 (r/w/o: 198591.13/56728.71/28384.50) lat (ms,95%): 50.11 err/s: 0.00 reconn/s: 0.00
[ 740s ] thds: 400 tps: 14235.06 qps: 284740.64 (r/w/o: 199335.00/56936.23/28469.41) lat (ms,95%): 50.11 err/s: 0.00 reconn/s: 0.00
[ 750s ] thds: 400 tps: 13614.88 qps: 272459.21 (r/w/o: 190755.43/54472.02/27231.76) lat (ms,95%): 51.94 err/s: 0.00 reconn/s: 0.00
[ 760s ] thds: 400 tps: 12838.15 qps: 256741.79 (r/w/o: 179694.99/51372.60/25674.20) lat (ms,95%): 51.94 err/s: 0.00 reconn/s: 0.00
[ 770s ] thds: 400 tps: 15135.69 qps: 302538.72 (r/w/o: 211743.08/60524.86/30270.78) lat (ms,95%): 31.37 err/s: 0.00 reconn/s: 0.00
[ 780s ] thds: 400 tps: 14921.63 qps: 298539.77 (r/w/o: 209010.70/59684.51/29844.56) lat (ms,95%): 31.37 err/s: 0.00 reconn/s: 0.00
SQL statistics:
    queries performed:
        read:                            162981616
        write:                           46566139
        other:                           23283105
        total:                           232830860
    transactions:                        11641534 (14911.11 per sec.)
    queries:                             232830860 (298222.37 per sec.)
    ignored errors:                      10     (0.01 per sec.)
    reconnects:                          0      (0.00 per sec.)

General statistics:
    total time:                          780.7280s
    total number of events:              11641534

Latency (ms):
         min:                                   19.63
         avg:                                   26.80
         max:                                  762.71
         95th percentile:                       33.72
         sum:                            311994735.24

Threads fairness:
    events (avg/stddev):           29103.8350/319.06
    execution time (avg/stddev):   779.9868/0.09

