sysbench 1.0.20-ebf1c90 (using bundled LuaJIT 2.1.0-beta2)

Running the test with following options:
Number of threads: 400
Report intermediate results every 10 second(s)
Initializing random number generator from current time


Initializing worker threads...

Threads started!

[ 10s ] thds: 400 tps: 9413.86 qps: 188630.54 (r/w/o: 132104.46/37658.76/18867.32) lat (ms,95%): 155.80 err/s: 0.00 reconn/s: 0.00
[ 20s ] thds: 400 tps: 12648.25 qps: 253212.35 (r/w/o: 177235.64/50679.91/25296.81) lat (ms,95%): 108.68 err/s: 0.00 reconn/s: 0.00
[ 30s ] thds: 400 tps: 14219.63 qps: 284414.81 (r/w/o: 199111.76/56863.40/28439.65) lat (ms,95%): 33.12 err/s: 0.00 reconn/s: 0.00
[ 40s ] thds: 400 tps: 14915.33 qps: 298251.02 (r/w/o: 208786.83/59633.42/29830.76) lat (ms,95%): 31.37 err/s: 0.00 reconn/s: 0.00
[ 50s ] thds: 400 tps: 15086.87 qps: 301462.79 (r/w/o: 210986.97/60302.18/30173.64) lat (ms,95%): 30.81 err/s: 0.00 reconn/s: 0.00
[ 60s ] thds: 400 tps: 15340.17 qps: 306735.30 (r/w/o: 214691.58/61364.98/30678.74) lat (ms,95%): 30.81 err/s: 0.00 reconn/s: 0.00
[ 70s ] thds: 400 tps: 15242.82 qps: 304787.38 (r/w/o: 213326.43/60974.10/30486.85) lat (ms,95%): 30.26 err/s: 0.10 reconn/s: 0.00
[ 80s ] thds: 400 tps: 15697.01 qps: 314186.38 (r/w/o: 220011.99/62779.56/31394.83) lat (ms,95%): 29.72 err/s: 0.00 reconn/s: 0.00
[ 90s ] thds: 400 tps: 15583.07 qps: 311476.63 (r/w/o: 217960.30/62355.99/31160.34) lat (ms,95%): 29.72 err/s: 0.00 reconn/s: 0.00
[ 100s ] thds: 400 tps: 15270.50 qps: 305608.42 (r/w/o: 214001.12/61060.60/30546.70) lat (ms,95%): 30.26 err/s: 0.00 reconn/s: 0.00
[ 110s ] thds: 400 tps: 15521.94 qps: 310565.43 (r/w/o: 217420.51/62100.85/31044.07) lat (ms,95%): 29.72 err/s: 0.00 reconn/s: 0.00
[ 120s ] thds: 400 tps: 15707.16 qps: 313763.19 (r/w/o: 219530.66/62818.52/31414.01) lat (ms,95%): 29.72 err/s: 0.00 reconn/s: 0.00
[ 130s ] thds: 400 tps: 15777.56 qps: 315975.18 (r/w/o: 221259.33/63162.14/31553.72) lat (ms,95%): 29.19 err/s: 0.00 reconn/s: 0.00
[ 140s ] thds: 400 tps: 15761.02 qps: 315173.26 (r/w/o: 220644.82/63005.09/31523.35) lat (ms,95%): 29.19 err/s: 0.00 reconn/s: 0.00
[ 150s ] thds: 400 tps: 12913.12 qps: 257970.60 (r/w/o: 180503.75/51640.80/25826.05) lat (ms,95%): 70.55 err/s: 0.10 reconn/s: 0.00
[ 160s ] thds: 400 tps: 11372.25 qps: 227489.92 (r/w/o: 159255.11/45490.70/22744.10) lat (ms,95%): 73.13 err/s: 0.00 reconn/s: 0.00
[ 170s ] thds: 400 tps: 13668.41 qps: 273319.95 (r/w/o: 191316.11/54665.93/27337.92) lat (ms,95%): 52.89 err/s: 0.10 reconn/s: 0.00
[ 180s ] thds: 400 tps: 15360.65 qps: 307367.87 (r/w/o: 215149.15/61497.21/30721.51) lat (ms,95%): 30.26 err/s: 0.10 reconn/s: 0.00
[ 190s ] thds: 400 tps: 15482.87 qps: 309800.95 (r/w/o: 216950.95/61883.97/30966.03) lat (ms,95%): 29.72 err/s: 0.00 reconn/s: 0.00
[ 200s ] thds: 400 tps: 15493.37 qps: 309553.81 (r/w/o: 216591.99/61988.48/30973.34) lat (ms,95%): 30.26 err/s: 0.00 reconn/s: 0.00
[ 210s ] thds: 400 tps: 15459.24 qps: 309505.52 (r/w/o: 216692.50/61884.44/30928.57) lat (ms,95%): 30.26 err/s: 0.00 reconn/s: 0.00
[ 220s ] thds: 400 tps: 15450.57 qps: 308891.64 (r/w/o: 216254.74/61732.57/30904.33) lat (ms,95%): 29.72 err/s: 0.00 reconn/s: 0.00
[ 230s ] thds: 400 tps: 15587.72 qps: 311598.47 (r/w/o: 218043.13/62387.69/31167.65) lat (ms,95%): 29.72 err/s: 0.00 reconn/s: 0.00
[ 240s ] thds: 400 tps: 15187.18 qps: 303724.43 (r/w/o: 212624.84/60717.22/30382.36) lat (ms,95%): 30.81 err/s: 0.00 reconn/s: 0.00
[ 250s ] thds: 400 tps: 15420.05 qps: 308847.54 (r/w/o: 216218.73/61788.71/30840.10) lat (ms,95%): 30.26 err/s: 0.00 reconn/s: 0.00
[ 260s ] thds: 400 tps: 15596.83 qps: 311694.86 (r/w/o: 218218.39/62283.11/31193.36) lat (ms,95%): 29.72 err/s: 0.00 reconn/s: 0.00
[ 270s ] thds: 400 tps: 15493.74 qps: 309694.16 (r/w/o: 216735.33/61971.55/30987.27) lat (ms,95%): 29.72 err/s: 0.00 reconn/s: 0.00
[ 280s ] thds: 400 tps: 15517.22 qps: 310588.95 (r/w/o: 217474.25/62081.17/31033.53) lat (ms,95%): 29.72 err/s: 0.10 reconn/s: 0.00
[ 290s ] thds: 400 tps: 15282.78 qps: 305594.21 (r/w/o: 213909.56/61118.60/30566.05) lat (ms,95%): 30.81 err/s: 0.00 reconn/s: 0.00
[ 300s ] thds: 400 tps: 13863.09 qps: 277092.94 (r/w/o: 193919.89/55446.17/27726.88) lat (ms,95%): 52.89 err/s: 0.00 reconn/s: 0.00
[ 310s ] thds: 400 tps: 12684.93 qps: 253881.42 (r/w/o: 177743.86/50767.90/25369.65) lat (ms,95%): 56.84 err/s: 0.00 reconn/s: 0.00
[ 320s ] thds: 400 tps: 13313.09 qps: 266099.93 (r/w/o: 186241.51/53232.24/26626.17) lat (ms,95%): 51.94 err/s: 0.00 reconn/s: 0.00
[ 330s ] thds: 400 tps: 15335.40 qps: 306863.76 (r/w/o: 214803.84/61388.71/30671.21) lat (ms,95%): 30.26 err/s: 0.00 reconn/s: 0.00
[ 340s ] thds: 400 tps: 15126.74 qps: 302595.98 (r/w/o: 211809.02/60541.08/30245.89) lat (ms,95%): 30.81 err/s: 0.00 reconn/s: 0.00
[ 350s ] thds: 400 tps: 15451.11 qps: 308984.70 (r/w/o: 216357.74/61716.74/30910.22) lat (ms,95%): 30.26 err/s: 0.00 reconn/s: 0.00
[ 360s ] thds: 400 tps: 15332.59 qps: 306552.88 (r/w/o: 214532.25/61355.96/30664.68) lat (ms,95%): 30.26 err/s: 0.00 reconn/s: 0.00
[ 370s ] thds: 400 tps: 15519.92 qps: 310643.78 (r/w/o: 217488.36/62115.28/31040.14) lat (ms,95%): 29.72 err/s: 0.00 reconn/s: 0.00
[ 380s ] thds: 400 tps: 15424.59 qps: 308483.40 (r/w/o: 215937.13/61696.78/30849.49) lat (ms,95%): 29.72 err/s: 0.00 reconn/s: 0.00
[ 390s ] thds: 400 tps: 15192.08 qps: 303592.16 (r/w/o: 212460.39/60753.81/30377.96) lat (ms,95%): 30.81 err/s: 0.10 reconn/s: 0.00
[ 400s ] thds: 400 tps: 15438.05 qps: 309079.34 (r/w/o: 216377.16/61819.79/30882.39) lat (ms,95%): 29.72 err/s: 0.00 reconn/s: 0.00
[ 410s ] thds: 400 tps: 15440.36 qps: 308646.96 (r/w/o: 216108.18/61658.15/30880.63) lat (ms,95%): 29.72 err/s: 0.00 reconn/s: 0.00
[ 420s ] thds: 400 tps: 15540.42 qps: 310711.13 (r/w/o: 217471.60/62158.68/31080.84) lat (ms,95%): 29.72 err/s: 0.00 reconn/s: 0.00
[ 430s ] thds: 400 tps: 15434.10 qps: 308421.28 (r/w/o: 215822.66/61731.11/30867.51) lat (ms,95%): 30.26 err/s: 0.10 reconn/s: 0.00
[ 440s ] thds: 400 tps: 15063.89 qps: 301416.33 (r/w/o: 211033.58/60254.16/30128.58) lat (ms,95%): 31.37 err/s: 0.00 reconn/s: 0.00
[ 450s ] thds: 400 tps: 14031.57 qps: 280765.71 (r/w/o: 196566.22/56139.16/28060.33) lat (ms,95%): 52.89 err/s: 0.00 reconn/s: 0.00
[ 460s ] thds: 400 tps: 12256.54 qps: 245104.00 (r/w/o: 171562.49/49026.74/24514.77) lat (ms,95%): 58.92 err/s: 0.00 reconn/s: 0.00
[ 470s ] thds: 400 tps: 13354.83 qps: 267290.11 (r/w/o: 187105.16/53473.70/26711.25) lat (ms,95%): 51.94 err/s: 0.00 reconn/s: 0.00
[ 480s ] thds: 400 tps: 15173.91 qps: 303332.29 (r/w/o: 212353.73/60630.64/30347.92) lat (ms,95%): 30.81 err/s: 0.00 reconn/s: 0.00
[ 490s ] thds: 400 tps: 15159.71 qps: 303328.83 (r/w/o: 212285.36/60725.95/30317.52) lat (ms,95%): 31.37 err/s: 0.00 reconn/s: 0.00
[ 500s ] thds: 400 tps: 15383.28 qps: 307413.52 (r/w/o: 215196.66/61448.80/30768.05) lat (ms,95%): 30.26 err/s: 0.00 reconn/s: 0.00
[ 510s ] thds: 400 tps: 15392.68 qps: 307847.40 (r/w/o: 215497.22/61564.12/30786.06) lat (ms,95%): 30.26 err/s: 0.00 reconn/s: 0.00
[ 520s ] thds: 400 tps: 15277.62 qps: 305723.97 (r/w/o: 214052.73/61116.19/30555.05) lat (ms,95%): 30.81 err/s: 0.00 reconn/s: 0.00
[ 530s ] thds: 400 tps: 14060.53 qps: 281002.74 (r/w/o: 196640.08/56241.71/28120.95) lat (ms,95%): 55.82 err/s: 0.00 reconn/s: 0.00
[ 540s ] thds: 400 tps: 14014.29 qps: 280337.55 (r/w/o: 196246.20/56064.57/28026.79) lat (ms,95%): 53.85 err/s: 0.00 reconn/s: 0.00
[ 550s ] thds: 400 tps: 13493.81 qps: 269867.63 (r/w/o: 188913.06/53966.65/26987.92) lat (ms,95%): 56.84 err/s: 0.00 reconn/s: 0.00
[ 560s ] thds: 400 tps: 13319.31 qps: 266559.89 (r/w/o: 186622.43/53298.14/26639.32) lat (ms,95%): 54.83 err/s: 0.00 reconn/s: 0.00
[ 570s ] thds: 400 tps: 15265.84 qps: 305079.19 (r/w/o: 213503.56/61042.56/30533.08) lat (ms,95%): 30.81 err/s: 0.00 reconn/s: 0.00
[ 580s ] thds: 400 tps: 15259.93 qps: 305506.37 (r/w/o: 213882.90/61105.21/30518.26) lat (ms,95%): 30.81 err/s: 0.10 reconn/s: 0.00
[ 590s ] thds: 400 tps: 15197.14 qps: 303765.87 (r/w/o: 212590.51/60780.47/30394.89) lat (ms,95%): 30.81 err/s: 0.00 reconn/s: 0.00
[ 600s ] thds: 400 tps: 14924.88 qps: 298486.39 (r/w/o: 208958.28/59677.14/29850.97) lat (ms,95%): 31.37 err/s: 0.00 reconn/s: 0.00
[ 610s ] thds: 400 tps: 12417.62 qps: 248372.53 (r/w/o: 173884.63/49655.67/24832.23) lat (ms,95%): 57.87 err/s: 0.10 reconn/s: 0.00
[ 620s ] thds: 400 tps: 12702.51 qps: 254102.45 (r/w/o: 177885.70/50813.03/25403.71) lat (ms,95%): 54.83 err/s: 0.00 reconn/s: 0.00
[ 630s ] thds: 400 tps: 14036.43 qps: 280826.04 (r/w/o: 196594.84/56153.93/28077.26) lat (ms,95%): 47.47 err/s: 0.10 reconn/s: 0.00
[ 640s ] thds: 400 tps: 15195.37 qps: 303778.05 (r/w/o: 212617.54/60769.27/30391.23) lat (ms,95%): 30.81 err/s: 0.00 reconn/s: 0.00
[ 650s ] thds: 400 tps: 15380.28 qps: 307696.45 (r/w/o: 215423.48/61512.21/30760.75) lat (ms,95%): 30.26 err/s: 0.10 reconn/s: 0.00
[ 660s ] thds: 400 tps: 15270.54 qps: 305103.55 (r/w/o: 213485.30/61077.97/30540.28) lat (ms,95%): 30.26 err/s: 0.00 reconn/s: 0.00
[ 670s ] thds: 400 tps: 15354.96 qps: 307421.10 (r/w/o: 215266.14/61444.04/30710.92) lat (ms,95%): 30.26 err/s: 0.10 reconn/s: 0.00
[ 680s ] thds: 400 tps: 15306.28 qps: 305847.53 (r/w/o: 214018.94/61221.03/30607.56) lat (ms,95%): 30.26 err/s: 0.00 reconn/s: 0.00
[ 690s ] thds: 400 tps: 15247.32 qps: 304863.73 (r/w/o: 213391.10/60975.59/30497.04) lat (ms,95%): 30.26 err/s: 0.10 reconn/s: 0.00
[ 700s ] thds: 400 tps: 15198.79 qps: 304261.53 (r/w/o: 213072.29/60788.56/30400.68) lat (ms,95%): 30.81 err/s: 0.00 reconn/s: 0.00
[ 710s ] thds: 400 tps: 15216.16 qps: 304500.34 (r/w/o: 213145.17/60922.75/30432.42) lat (ms,95%): 30.81 err/s: 0.00 reconn/s: 0.00
[ 720s ] thds: 400 tps: 15405.60 qps: 308024.55 (r/w/o: 215626.97/61587.69/30809.89) lat (ms,95%): 30.26 err/s: 0.00 reconn/s: 0.00
[ 730s ] thds: 400 tps: 15280.70 qps: 305434.72 (r/w/o: 213781.31/61091.10/30562.30) lat (ms,95%): 30.81 err/s: 0.00 reconn/s: 0.00
[ 740s ] thds: 400 tps: 15189.23 qps: 303726.88 (r/w/o: 212579.61/60769.12/30378.16) lat (ms,95%): 31.37 err/s: 0.00 reconn/s: 0.00
[ 750s ] thds: 400 tps: 14882.93 qps: 297883.72 (r/w/o: 208551.86/59565.40/29766.45) lat (ms,95%): 32.53 err/s: 0.00 reconn/s: 0.00
[ 760s ] thds: 400 tps: 12972.78 qps: 259290.44 (r/w/o: 181498.18/51847.21/25945.05) lat (ms,95%): 55.82 err/s: 0.00 reconn/s: 0.00
[ 770s ] thds: 400 tps: 12792.61 qps: 255892.39 (r/w/o: 179101.84/51207.44/25583.12) lat (ms,95%): 54.83 err/s: 0.10 reconn/s: 0.00
[ 780s ] thds: 400 tps: 13839.32 qps: 276672.84 (r/w/o: 193654.74/55336.87/27681.23) lat (ms,95%): 48.34 err/s: 0.00 reconn/s: 0.00
SQL statistics:
    queries performed:
        read:                            160570102
        write:                           45877116
        other:                           22938614
        total:                           229385832
    transactions:                        11469279 (14678.08 per sec.)
    queries:                             229385832 (293561.89 per sec.)
    ignored errors:                      14     (0.02 per sec.)
    reconnects:                          0      (0.00 per sec.)

General statistics:
    total time:                          781.3873s
    total number of events:              11469279

Latency (ms):
         min:                                   19.53
         avg:                                   27.21
         max:                                 1424.46
         95th percentile:                       34.33
         sum:                            312046115.48

Threads fairness:
    events (avg/stddev):           28673.1975/334.17
    execution time (avg/stddev):   780.1153/0.14

