sysbench 1.0.20-ebf1c90 (using bundled LuaJIT 2.1.0-beta2)

Running the test with following options:
Number of threads: 400
Report intermediate results every 10 second(s)
Initializing random number generator from current time


Initializing worker threads...

Threads started!

[ 10s ] thds: 400 tps: 9379.28 qps: 187890.39 (r/w/o: 131576.33/37522.01/18792.05) lat (ms,95%): 155.80 err/s: 0.00 reconn/s: 0.00
[ 20s ] thds: 400 tps: 12650.61 qps: 253270.26 (r/w/o: 177291.81/50670.73/25307.72) lat (ms,95%): 108.68 err/s: 0.00 reconn/s: 0.00
[ 30s ] thds: 400 tps: 14221.62 qps: 284459.09 (r/w/o: 199127.77/56888.48/28442.84) lat (ms,95%): 33.12 err/s: 0.00 reconn/s: 0.00
[ 40s ] thds: 400 tps: 14907.68 qps: 298115.81 (r/w/o: 208712.43/59587.62/29815.76) lat (ms,95%): 31.37 err/s: 0.00 reconn/s: 0.00
[ 50s ] thds: 400 tps: 15098.08 qps: 301701.76 (r/w/o: 211143.80/60361.71/30196.26) lat (ms,95%): 30.81 err/s: 0.00 reconn/s: 0.00
[ 60s ] thds: 400 tps: 15331.41 qps: 306550.58 (r/w/o: 214563.20/61324.86/30662.53) lat (ms,95%): 30.81 err/s: 0.00 reconn/s: 0.00
[ 70s ] thds: 400 tps: 15239.82 qps: 304786.08 (r/w/o: 213331.74/60980.00/30474.35) lat (ms,95%): 30.26 err/s: 0.00 reconn/s: 0.00
[ 80s ] thds: 400 tps: 15716.99 qps: 314554.28 (r/w/o: 220268.25/62846.46/31439.58) lat (ms,95%): 29.72 err/s: 0.00 reconn/s: 0.00
[ 90s ] thds: 400 tps: 15583.38 qps: 311533.70 (r/w/o: 217999.32/62371.82/31162.56) lat (ms,95%): 29.72 err/s: 0.00 reconn/s: 0.00
[ 100s ] thds: 400 tps: 15275.09 qps: 305593.20 (r/w/o: 213972.53/61065.98/30554.69) lat (ms,95%): 30.26 err/s: 0.20 reconn/s: 0.00
[ 110s ] thds: 400 tps: 15522.80 qps: 310617.14 (r/w/o: 217471.93/62099.31/31045.90) lat (ms,95%): 29.72 err/s: 0.10 reconn/s: 0.00
[ 120s ] thds: 400 tps: 15704.12 qps: 313698.37 (r/w/o: 219483.76/62807.18/31407.44) lat (ms,95%): 29.72 err/s: 0.00 reconn/s: 0.00
[ 130s ] thds: 400 tps: 15777.26 qps: 315994.73 (r/w/o: 221290.29/63149.23/31555.21) lat (ms,95%): 29.19 err/s: 0.10 reconn/s: 0.00
[ 140s ] thds: 400 tps: 15755.62 qps: 315069.21 (r/w/o: 220555.02/63002.26/31511.93) lat (ms,95%): 29.19 err/s: 0.10 reconn/s: 0.00
[ 150s ] thds: 400 tps: 12940.59 qps: 258499.72 (r/w/o: 180873.71/51745.34/25880.67) lat (ms,95%): 69.29 err/s: 0.00 reconn/s: 0.00
[ 160s ] thds: 400 tps: 11424.10 qps: 228563.73 (r/w/o: 160011.15/45705.49/22847.09) lat (ms,95%): 73.13 err/s: 0.00 reconn/s: 0.00
[ 170s ] thds: 400 tps: 13698.15 qps: 273883.12 (r/w/o: 191703.31/54782.30/27397.50) lat (ms,95%): 51.94 err/s: 0.00 reconn/s: 0.00
[ 180s ] thds: 400 tps: 15354.07 qps: 307163.70 (r/w/o: 215007.41/61450.36/30705.93) lat (ms,95%): 30.26 err/s: 0.00 reconn/s: 0.00
[ 190s ] thds: 400 tps: 15479.56 qps: 309781.21 (r/w/o: 216930.48/61888.82/30961.91) lat (ms,95%): 30.26 err/s: 0.00 reconn/s: 0.00
[ 200s ] thds: 400 tps: 15496.74 qps: 309602.35 (r/w/o: 216625.13/61987.45/30989.77) lat (ms,95%): 30.26 err/s: 0.00 reconn/s: 0.00
[ 210s ] thds: 400 tps: 15458.40 qps: 309539.17 (r/w/o: 216708.25/61917.61/30913.31) lat (ms,95%): 30.26 err/s: 0.00 reconn/s: 0.00
[ 220s ] thds: 400 tps: 15452.15 qps: 308898.91 (r/w/o: 216271.70/61715.70/30911.50) lat (ms,95%): 29.72 err/s: 0.00 reconn/s: 0.00
[ 230s ] thds: 400 tps: 15597.79 qps: 311774.01 (r/w/o: 218174.90/62424.74/31174.37) lat (ms,95%): 29.72 err/s: 0.00 reconn/s: 0.00
[ 240s ] thds: 400 tps: 15189.78 qps: 303847.04 (r/w/o: 212716.45/60730.23/30400.36) lat (ms,95%): 30.81 err/s: 0.00 reconn/s: 0.00
[ 250s ] thds: 400 tps: 15433.02 qps: 308830.11 (r/w/o: 216196.92/61778.06/30855.13) lat (ms,95%): 30.26 err/s: 0.00 reconn/s: 0.00
[ 260s ] thds: 400 tps: 15578.65 qps: 311537.93 (r/w/o: 218101.22/62268.21/31168.50) lat (ms,95%): 29.72 err/s: 0.00 reconn/s: 0.00
[ 270s ] thds: 400 tps: 15501.70 qps: 309880.14 (r/w/o: 216873.23/62003.31/31003.60) lat (ms,95%): 29.72 err/s: 0.00 reconn/s: 0.00
[ 280s ] thds: 400 tps: 15513.06 qps: 310576.27 (r/w/o: 217464.99/62084.95/31026.33) lat (ms,95%): 29.72 err/s: 0.00 reconn/s: 0.00
[ 290s ] thds: 400 tps: 15293.57 qps: 305737.17 (r/w/o: 214005.46/61144.77/30586.94) lat (ms,95%): 30.81 err/s: 0.00 reconn/s: 0.00
[ 300s ] thds: 400 tps: 13886.49 qps: 277633.24 (r/w/o: 194318.72/55541.35/27773.17) lat (ms,95%): 52.89 err/s: 0.00 reconn/s: 0.00
[ 310s ] thds: 400 tps: 12702.86 qps: 254155.41 (r/w/o: 177905.24/50847.04/25403.12) lat (ms,95%): 56.84 err/s: 0.00 reconn/s: 0.00
[ 320s ] thds: 400 tps: 13346.35 qps: 266842.15 (r/w/o: 186787.04/53360.21/26694.91) lat (ms,95%): 51.94 err/s: 0.00 reconn/s: 0.00
[ 330s ] thds: 400 tps: 15341.55 qps: 306782.71 (r/w/o: 214725.54/61377.38/30679.79) lat (ms,95%): 30.26 err/s: 0.00 reconn/s: 0.00
[ 340s ] thds: 400 tps: 15126.40 qps: 302812.98 (r/w/o: 211974.45/60588.32/30250.21) lat (ms,95%): 30.81 err/s: 0.00 reconn/s: 0.00
[ 350s ] thds: 400 tps: 15448.66 qps: 308852.54 (r/w/o: 216255.30/61693.53/30903.71) lat (ms,95%): 30.26 err/s: 0.00 reconn/s: 0.00
[ 360s ] thds: 400 tps: 15333.26 qps: 306541.30 (r/w/o: 214536.64/61338.44/30666.22) lat (ms,95%): 30.26 err/s: 0.00 reconn/s: 0.00
[ 370s ] thds: 400 tps: 15518.76 qps: 310689.87 (r/w/o: 217499.99/62151.76/31038.13) lat (ms,95%): 29.72 err/s: 0.00 reconn/s: 0.00
[ 380s ] thds: 400 tps: 15417.49 qps: 308278.04 (r/w/o: 215819.02/61624.15/30834.87) lat (ms,95%): 29.72 err/s: 0.10 reconn/s: 0.00
[ 390s ] thds: 400 tps: 15200.08 qps: 303612.26 (r/w/o: 212454.19/60773.71/30384.36) lat (ms,95%): 30.81 err/s: 0.00 reconn/s: 0.00
[ 400s ] thds: 400 tps: 15442.70 qps: 309182.00 (r/w/o: 216456.17/61831.92/30893.91) lat (ms,95%): 29.72 err/s: 0.00 reconn/s: 0.00
[ 410s ] thds: 400 tps: 15426.43 qps: 308576.75 (r/w/o: 216073.96/61642.33/30860.47) lat (ms,95%): 29.72 err/s: 0.00 reconn/s: 0.00
[ 420s ] thds: 400 tps: 15537.01 qps: 310654.27 (r/w/o: 217429.09/62152.15/31073.03) lat (ms,95%): 29.72 err/s: 0.00 reconn/s: 0.00
[ 430s ] thds: 400 tps: 15442.60 qps: 308526.32 (r/w/o: 215879.72/61761.60/30885.00) lat (ms,95%): 30.26 err/s: 0.00 reconn/s: 0.00
[ 440s ] thds: 400 tps: 15058.37 qps: 301370.79 (r/w/o: 211021.14/60231.80/30117.85) lat (ms,95%): 31.37 err/s: 0.00 reconn/s: 0.00
[ 450s ] thds: 400 tps: 14047.00 qps: 281101.50 (r/w/o: 196782.50/56224.80/28094.20) lat (ms,95%): 52.89 err/s: 0.00 reconn/s: 0.00
[ 460s ] thds: 400 tps: 12291.42 qps: 245755.33 (r/w/o: 172029.30/49149.19/24576.84) lat (ms,95%): 58.92 err/s: 0.00 reconn/s: 0.00
[ 470s ] thds: 400 tps: 13401.79 qps: 268160.12 (r/w/o: 187703.47/53647.36/26809.28) lat (ms,95%): 51.94 err/s: 0.00 reconn/s: 0.00
[ 480s ] thds: 400 tps: 15183.51 qps: 303625.60 (r/w/o: 212573.64/60684.64/30367.32) lat (ms,95%): 30.81 err/s: 0.00 reconn/s: 0.00
[ 490s ] thds: 400 tps: 15191.05 qps: 303572.76 (r/w/o: 212418.84/60794.51/30359.41) lat (ms,95%): 31.37 err/s: 0.00 reconn/s: 0.00
[ 500s ] thds: 400 tps: 15354.36 qps: 307190.85 (r/w/o: 215075.60/61384.03/30731.21) lat (ms,95%): 30.26 err/s: 0.10 reconn/s: 0.00
[ 510s ] thds: 400 tps: 15383.58 qps: 307682.24 (r/w/o: 215390.58/61524.01/30767.65) lat (ms,95%): 30.26 err/s: 0.10 reconn/s: 0.00
[ 520s ] thds: 400 tps: 15283.96 qps: 305791.59 (r/w/o: 214080.93/61142.44/30568.22) lat (ms,95%): 30.26 err/s: 0.00 reconn/s: 0.00
[ 530s ] thds: 400 tps: 14076.88 qps: 281346.34 (r/w/o: 196888.18/56304.81/28153.35) lat (ms,95%): 54.83 err/s: 0.00 reconn/s: 0.00
[ 540s ] thds: 400 tps: 14032.09 qps: 280683.79 (r/w/o: 196483.02/56137.28/28063.49) lat (ms,95%): 53.85 err/s: 0.00 reconn/s: 0.00
[ 550s ] thds: 400 tps: 13514.00 qps: 270285.39 (r/w/o: 189203.69/54053.90/27027.80) lat (ms,95%): 56.84 err/s: 0.00 reconn/s: 0.00
[ 560s ] thds: 400 tps: 13365.23 qps: 267475.95 (r/w/o: 187268.58/53477.01/26730.35) lat (ms,95%): 54.83 err/s: 0.00 reconn/s: 0.00
[ 570s ] thds: 400 tps: 15272.17 qps: 305341.68 (r/w/o: 213732.04/61064.20/30545.45) lat (ms,95%): 30.81 err/s: 0.00 reconn/s: 0.00
[ 580s ] thds: 400 tps: 15248.90 qps: 305189.46 (r/w/o: 213598.04/61093.61/30497.81) lat (ms,95%): 30.81 err/s: 0.00 reconn/s: 0.00
[ 590s ] thds: 400 tps: 15216.17 qps: 303984.82 (r/w/o: 212767.93/60802.46/30414.43) lat (ms,95%): 30.81 err/s: 0.00 reconn/s: 0.00
[ 600s ] thds: 400 tps: 14930.35 qps: 298650.55 (r/w/o: 209072.16/59701.19/29877.19) lat (ms,95%): 31.37 err/s: 0.00 reconn/s: 0.00
[ 610s ] thds: 400 tps: 12497.56 qps: 250059.32 (r/w/o: 175078.78/49984.02/24996.51) lat (ms,95%): 57.87 err/s: 0.00 reconn/s: 0.00
[ 620s ] thds: 400 tps: 12761.88 qps: 255194.00 (r/w/o: 178623.65/51046.60/25523.75) lat (ms,95%): 54.83 err/s: 0.10 reconn/s: 0.00
[ 630s ] thds: 400 tps: 14055.49 qps: 281309.18 (r/w/o: 196919.62/56277.98/28111.59) lat (ms,95%): 46.63 err/s: 0.00 reconn/s: 0.00
[ 640s ] thds: 400 tps: 15194.65 qps: 303670.16 (r/w/o: 212562.54/60718.11/30389.51) lat (ms,95%): 30.81 err/s: 0.00 reconn/s: 0.00
[ 650s ] thds: 400 tps: 15386.86 qps: 307866.23 (r/w/o: 215542.39/61550.43/30773.41) lat (ms,95%): 30.26 err/s: 0.00 reconn/s: 0.00
[ 660s ] thds: 400 tps: 15277.36 qps: 305261.48 (r/w/o: 213602.52/61105.14/30553.82) lat (ms,95%): 30.26 err/s: 0.00 reconn/s: 0.00
[ 670s ] thds: 400 tps: 15349.30 qps: 307270.25 (r/w/o: 215156.57/61414.19/30699.50) lat (ms,95%): 30.26 err/s: 0.00 reconn/s: 0.00
[ 680s ] thds: 400 tps: 15326.35 qps: 306142.94 (r/w/o: 214199.43/61291.71/30651.80) lat (ms,95%): 30.26 err/s: 0.00 reconn/s: 0.00
[ 690s ] thds: 400 tps: 15252.69 qps: 305079.24 (r/w/o: 213563.09/61012.27/30503.88) lat (ms,95%): 30.26 err/s: 0.00 reconn/s: 0.00
[ 700s ] thds: 400 tps: 15250.24 qps: 305190.40 (r/w/o: 213689.23/60999.28/30501.89) lat (ms,95%): 30.81 err/s: 0.00 reconn/s: 0.00
[ 710s ] thds: 400 tps: 15184.38 qps: 303981.61 (r/w/o: 212811.53/60800.02/30370.06) lat (ms,95%): 30.81 err/s: 0.00 reconn/s: 0.00
[ 720s ] thds: 400 tps: 15402.75 qps: 308024.27 (r/w/o: 215630.38/61588.69/30805.20) lat (ms,95%): 30.26 err/s: 0.00 reconn/s: 0.00
[ 730s ] thds: 400 tps: 15277.44 qps: 305324.87 (r/w/o: 213697.41/61079.17/30548.29) lat (ms,95%): 30.81 err/s: 0.00 reconn/s: 0.00
[ 740s ] thds: 400 tps: 15206.58 qps: 304114.88 (r/w/o: 212874.81/60821.42/30418.66) lat (ms,95%): 30.81 err/s: 0.00 reconn/s: 0.00
[ 750s ] thds: 400 tps: 14932.39 qps: 298614.96 (r/w/o: 209011.40/59747.07/29856.49) lat (ms,95%): 32.53 err/s: 0.00 reconn/s: 0.00
[ 760s ] thds: 400 tps: 12982.22 qps: 259675.74 (r/w/o: 181800.01/51901.69/25974.04) lat (ms,95%): 55.82 err/s: 0.00 reconn/s: 0.00
[ 770s ] thds: 400 tps: 12829.80 qps: 256647.98 (r/w/o: 179632.08/51357.09/25658.80) lat (ms,95%): 53.85 err/s: 0.00 reconn/s: 0.00
[ 780s ] thds: 400 tps: 13892.28 qps: 277687.16 (r/w/o: 194353.29/55553.81/27780.06) lat (ms,95%): 48.34 err/s: 0.00 reconn/s: 0.00
SQL statistics:
    queries performed:
        read:                            160677804
        write:                           45907905
        other:                           22953993
        total:                           229539702
    transactions:                        11476977 (14683.15 per sec.)
    queries:                             229539702 (293663.17 per sec.)
    ignored errors:                      9      (0.01 per sec.)
    reconnects:                          0      (0.00 per sec.)

General statistics:
    total time:                          781.6418s
    total number of events:              11476977

Latency (ms):
         min:                                   19.47
         avg:                                   27.19
         max:                                 1648.33
         95th percentile:                       34.33
         sum:                            312041217.58

Threads fairness:
    events (avg/stddev):           28692.4425/341.36
    execution time (avg/stddev):   780.1030/0.14

