sysbench 1.0.20-ebf1c90 (using bundled LuaJIT 2.1.0-beta2)

Running the test with following options:
Number of threads: 400
Report intermediate results every 10 second(s)
Initializing random number generator from current time


Initializing worker threads...

Threads started!

[ 10s ] thds: 400 tps: 8931.40 qps: 179170.96 (r/w/o: 125500.26/35768.20/17902.50) lat (ms,95%): 155.80 err/s: 0.00 reconn/s: 0.00
[ 20s ] thds: 400 tps: 12022.40 qps: 240251.90 (r/w/o: 168148.20/48059.30/24044.40) lat (ms,95%): 116.80 err/s: 0.00 reconn/s: 0.00
[ 30s ] thds: 400 tps: 13805.76 qps: 276099.58 (r/w/o: 193268.33/55220.24/27611.02) lat (ms,95%): 34.95 err/s: 0.00 reconn/s: 0.00
[ 40s ] thds: 400 tps: 14253.36 qps: 285228.26 (r/w/o: 199696.38/57023.95/28507.93) lat (ms,95%): 34.33 err/s: 0.00 reconn/s: 0.00
[ 50s ] thds: 400 tps: 14472.37 qps: 289328.21 (r/w/o: 202493.39/57891.98/28942.84) lat (ms,95%): 34.95 err/s: 0.00 reconn/s: 0.00
[ 60s ] thds: 400 tps: 14594.26 qps: 292058.58 (r/w/o: 204468.73/58399.44/29190.42) lat (ms,95%): 33.72 err/s: 0.00 reconn/s: 0.00
[ 70s ] thds: 400 tps: 14773.37 qps: 295403.16 (r/w/o: 206776.13/59081.59/29545.45) lat (ms,95%): 33.12 err/s: 0.00 reconn/s: 0.00
[ 80s ] thds: 400 tps: 15183.93 qps: 303605.22 (r/w/o: 212489.73/60750.52/30364.96) lat (ms,95%): 31.94 err/s: 0.10 reconn/s: 0.00
[ 90s ] thds: 400 tps: 15015.32 qps: 300535.95 (r/w/o: 210388.72/60112.59/30034.64) lat (ms,95%): 32.53 err/s: 0.00 reconn/s: 0.00
[ 100s ] thds: 400 tps: 14722.60 qps: 294390.40 (r/w/o: 206109.00/58835.90/29445.50) lat (ms,95%): 33.72 err/s: 0.00 reconn/s: 0.00
[ 110s ] thds: 400 tps: 15053.00 qps: 300759.32 (r/w/o: 210461.02/60199.70/30098.60) lat (ms,95%): 33.12 err/s: 0.00 reconn/s: 0.00
[ 120s ] thds: 400 tps: 15136.29 qps: 302798.62 (r/w/o: 212004.58/60513.96/30280.08) lat (ms,95%): 31.94 err/s: 0.00 reconn/s: 0.00
[ 130s ] thds: 400 tps: 15246.66 qps: 305028.11 (r/w/o: 213539.08/60995.62/30493.41) lat (ms,95%): 31.94 err/s: 0.00 reconn/s: 0.00
[ 140s ] thds: 400 tps: 15293.37 qps: 305771.06 (r/w/o: 214012.65/61171.97/30586.44) lat (ms,95%): 31.94 err/s: 0.00 reconn/s: 0.00
[ 150s ] thds: 400 tps: 13832.55 qps: 276774.01 (r/w/o: 193765.34/55343.18/27665.49) lat (ms,95%): 50.11 err/s: 0.00 reconn/s: 0.00
[ 160s ] thds: 400 tps: 10995.34 qps: 219865.83 (r/w/o: 153878.61/43996.65/21990.57) lat (ms,95%): 74.46 err/s: 0.00 reconn/s: 0.00
[ 170s ] thds: 400 tps: 11692.47 qps: 233882.25 (r/w/o: 163727.22/46770.09/23384.95) lat (ms,95%): 66.84 err/s: 0.00 reconn/s: 0.00
[ 180s ] thds: 400 tps: 13734.63 qps: 274553.70 (r/w/o: 192151.52/54935.52/27466.66) lat (ms,95%): 48.34 err/s: 0.00 reconn/s: 0.00
[ 190s ] thds: 400 tps: 15209.99 qps: 304157.33 (r/w/o: 212903.31/60834.35/30419.67) lat (ms,95%): 32.53 err/s: 0.00 reconn/s: 0.00
[ 200s ] thds: 400 tps: 14913.12 qps: 298356.13 (r/w/o: 208896.63/59630.67/29828.83) lat (ms,95%): 33.12 err/s: 0.00 reconn/s: 0.00
[ 210s ] thds: 400 tps: 14944.17 qps: 298944.68 (r/w/o: 209259.84/59796.10/29888.75) lat (ms,95%): 33.12 err/s: 0.00 reconn/s: 0.00
[ 220s ] thds: 400 tps: 15052.44 qps: 301043.74 (r/w/o: 210745.09/60193.77/30104.88) lat (ms,95%): 33.12 err/s: 0.00 reconn/s: 0.00
[ 230s ] thds: 400 tps: 15054.93 qps: 301168.45 (r/w/o: 210785.68/60273.41/30109.35) lat (ms,95%): 32.53 err/s: 0.00 reconn/s: 0.00
[ 240s ] thds: 400 tps: 15140.17 qps: 302513.42 (r/w/o: 211720.12/60515.56/30277.73) lat (ms,95%): 32.53 err/s: 0.10 reconn/s: 0.00
[ 250s ] thds: 400 tps: 14921.22 qps: 298553.09 (r/w/o: 209023.47/59700.18/29829.44) lat (ms,95%): 33.12 err/s: 0.00 reconn/s: 0.00
[ 260s ] thds: 400 tps: 15107.22 qps: 302369.02 (r/w/o: 211715.30/60423.48/30230.24) lat (ms,95%): 32.53 err/s: 0.00 reconn/s: 0.00
[ 270s ] thds: 400 tps: 15141.27 qps: 302750.41 (r/w/o: 211896.42/60570.96/30283.03) lat (ms,95%): 32.53 err/s: 0.10 reconn/s: 0.00
[ 280s ] thds: 400 tps: 15192.93 qps: 303972.59 (r/w/o: 212783.38/60803.24/30385.97) lat (ms,95%): 31.94 err/s: 0.00 reconn/s: 0.00
[ 290s ] thds: 400 tps: 15121.30 qps: 302370.71 (r/w/o: 211668.11/60460.20/30242.40) lat (ms,95%): 31.94 err/s: 0.00 reconn/s: 0.00
[ 300s ] thds: 400 tps: 14449.83 qps: 288836.40 (r/w/o: 202142.09/57797.34/28896.97) lat (ms,95%): 38.94 err/s: 0.00 reconn/s: 0.00
[ 310s ] thds: 400 tps: 13187.30 qps: 263636.04 (r/w/o: 184537.76/52723.79/26374.49) lat (ms,95%): 55.82 err/s: 0.00 reconn/s: 0.00
[ 320s ] thds: 400 tps: 12080.59 qps: 241798.71 (r/w/o: 169301.17/48335.16/24162.38) lat (ms,95%): 61.08 err/s: 0.00 reconn/s: 0.00
[ 330s ] thds: 400 tps: 12634.01 qps: 252660.14 (r/w/o: 176846.07/50545.45/25268.62) lat (ms,95%): 55.82 err/s: 0.00 reconn/s: 0.00
[ 340s ] thds: 400 tps: 14979.46 qps: 299446.45 (r/w/o: 209597.87/59888.55/29960.02) lat (ms,95%): 33.12 err/s: 0.00 reconn/s: 0.00
[ 350s ] thds: 400 tps: 15077.80 qps: 301634.81 (r/w/o: 211162.21/60317.00/30155.60) lat (ms,95%): 33.12 err/s: 0.00 reconn/s: 0.00
[ 360s ] thds: 400 tps: 14783.64 qps: 295583.30 (r/w/o: 206882.59/59135.44/29565.27) lat (ms,95%): 33.72 err/s: 0.00 reconn/s: 0.00
[ 370s ] thds: 400 tps: 15019.56 qps: 300344.77 (r/w/o: 210236.32/60067.83/30040.62) lat (ms,95%): 33.12 err/s: 0.00 reconn/s: 0.00
[ 380s ] thds: 400 tps: 15075.58 qps: 301632.52 (r/w/o: 211146.73/60338.02/30147.76) lat (ms,95%): 31.94 err/s: 0.00 reconn/s: 0.00
[ 390s ] thds: 400 tps: 14986.48 qps: 299723.33 (r/w/o: 209805.77/59941.51/29976.05) lat (ms,95%): 32.53 err/s: 0.10 reconn/s: 0.00
[ 400s ] thds: 400 tps: 14923.09 qps: 298668.78 (r/w/o: 209094.85/59726.66/29847.28) lat (ms,95%): 33.12 err/s: 0.00 reconn/s: 0.00
[ 410s ] thds: 400 tps: 15101.92 qps: 301792.18 (r/w/o: 211215.54/60373.00/30203.65) lat (ms,95%): 31.94 err/s: 0.00 reconn/s: 0.00
[ 420s ] thds: 400 tps: 15048.24 qps: 300861.88 (r/w/o: 210603.42/60162.88/30095.59) lat (ms,95%): 32.53 err/s: 0.00 reconn/s: 0.00
[ 430s ] thds: 400 tps: 15245.75 qps: 305196.71 (r/w/o: 213683.54/61022.68/30490.49) lat (ms,95%): 31.94 err/s: 0.00 reconn/s: 0.00
[ 440s ] thds: 400 tps: 15150.46 qps: 302994.83 (r/w/o: 212081.06/60610.45/30303.32) lat (ms,95%): 32.53 err/s: 0.00 reconn/s: 0.00
[ 450s ] thds: 400 tps: 14892.15 qps: 297754.51 (r/w/o: 208431.34/59539.58/29783.59) lat (ms,95%): 33.12 err/s: 0.00 reconn/s: 0.00
[ 460s ] thds: 400 tps: 13129.54 qps: 262620.41 (r/w/o: 183847.27/52513.56/26259.58) lat (ms,95%): 55.82 err/s: 0.00 reconn/s: 0.00
[ 470s ] thds: 400 tps: 12678.87 qps: 253431.15 (r/w/o: 177368.05/50709.87/25353.24) lat (ms,95%): 56.84 err/s: 0.00 reconn/s: 0.00
[ 480s ] thds: 400 tps: 12431.26 qps: 248830.67 (r/w/o: 174215.39/49747.55/24867.73) lat (ms,95%): 56.84 err/s: 0.10 reconn/s: 0.00
[ 490s ] thds: 400 tps: 13936.06 qps: 278692.64 (r/w/o: 195090.87/55729.75/27872.02) lat (ms,95%): 44.98 err/s: 0.00 reconn/s: 0.00
[ 500s ] thds: 400 tps: 14894.99 qps: 297858.05 (r/w/o: 208479.22/59588.95/29789.87) lat (ms,95%): 33.12 err/s: 0.00 reconn/s: 0.00
[ 510s ] thds: 400 tps: 14861.34 qps: 297238.19 (r/w/o: 208069.65/59447.06/29721.48) lat (ms,95%): 33.12 err/s: 0.00 reconn/s: 0.00
[ 520s ] thds: 400 tps: 14936.82 qps: 298566.79 (r/w/o: 208973.87/59724.68/29868.24) lat (ms,95%): 33.12 err/s: 0.00 reconn/s: 0.00
[ 530s ] thds: 400 tps: 15066.95 qps: 301654.96 (r/w/o: 211186.04/60328.21/30140.71) lat (ms,95%): 31.94 err/s: 0.00 reconn/s: 0.00
[ 540s ] thds: 400 tps: 15013.86 qps: 300182.20 (r/w/o: 210125.54/60036.54/30020.12) lat (ms,95%): 32.53 err/s: 0.00 reconn/s: 0.00
[ 550s ] thds: 400 tps: 14169.43 qps: 283272.49 (r/w/o: 198287.18/56644.64/28340.67) lat (ms,95%): 44.17 err/s: 0.00 reconn/s: 0.00
[ 560s ] thds: 400 tps: 13444.27 qps: 269024.77 (r/w/o: 188343.96/53787.17/26893.64) lat (ms,95%): 54.83 err/s: 0.00 reconn/s: 0.00
[ 570s ] thds: 400 tps: 13521.34 qps: 270229.05 (r/w/o: 189110.52/54079.25/27039.27) lat (ms,95%): 51.94 err/s: 0.10 reconn/s: 0.00
[ 580s ] thds: 400 tps: 13043.61 qps: 261047.16 (r/w/o: 182767.31/52188.93/26090.92) lat (ms,95%): 57.87 err/s: 0.00 reconn/s: 0.00
[ 590s ] thds: 400 tps: 14451.61 qps: 288868.31 (r/w/o: 202188.58/57776.42/28903.31) lat (ms,95%): 36.89 err/s: 0.00 reconn/s: 0.00
[ 600s ] thds: 400 tps: 14647.07 qps: 293079.17 (r/w/o: 205177.53/58606.79/29294.85) lat (ms,95%): 34.33 err/s: 0.00 reconn/s: 0.00
[ 610s ] thds: 400 tps: 14584.61 qps: 291585.92 (r/w/o: 204084.75/58333.44/29167.72) lat (ms,95%): 35.59 err/s: 0.00 reconn/s: 0.00
[ 620s ] thds: 400 tps: 12969.16 qps: 259528.87 (r/w/o: 181705.12/51884.23/25939.52) lat (ms,95%): 54.83 err/s: 0.00 reconn/s: 0.00
[ 630s ] thds: 400 tps: 12627.90 qps: 252593.04 (r/w/o: 176825.66/50511.19/25256.19) lat (ms,95%): 55.82 err/s: 0.10 reconn/s: 0.00
[ 640s ] thds: 400 tps: 12447.31 qps: 248843.38 (r/w/o: 174168.33/49781.04/24894.02) lat (ms,95%): 54.83 err/s: 0.10 reconn/s: 0.00
[ 650s ] thds: 400 tps: 14681.56 qps: 293622.81 (r/w/o: 205525.75/58735.54/29361.52) lat (ms,95%): 34.33 err/s: 0.00 reconn/s: 0.00
[ 660s ] thds: 400 tps: 14813.98 qps: 296266.03 (r/w/o: 207375.14/59260.53/29630.36) lat (ms,95%): 33.72 err/s: 0.00 reconn/s: 0.00
[ 670s ] thds: 400 tps: 14922.65 qps: 298420.93 (r/w/o: 208885.92/59690.21/29844.80) lat (ms,95%): 33.12 err/s: 0.00 reconn/s: 0.00
[ 680s ] thds: 400 tps: 14956.10 qps: 299125.11 (r/w/o: 209393.94/59822.88/29908.29) lat (ms,95%): 33.12 err/s: 0.00 reconn/s: 0.00
[ 690s ] thds: 400 tps: 15033.39 qps: 300784.83 (r/w/o: 210583.51/60129.75/30071.57) lat (ms,95%): 32.53 err/s: 0.00 reconn/s: 0.00
[ 700s ] thds: 400 tps: 15136.07 qps: 302659.42 (r/w/o: 211836.59/60552.59/30270.24) lat (ms,95%): 32.53 err/s: 0.00 reconn/s: 0.00
[ 710s ] thds: 400 tps: 14783.19 qps: 295543.30 (r/w/o: 206872.89/59103.24/29567.17) lat (ms,95%): 33.12 err/s: 0.00 reconn/s: 0.00
[ 720s ] thds: 400 tps: 14765.23 qps: 295296.54 (r/w/o: 206687.98/59079.11/29529.45) lat (ms,95%): 33.72 err/s: 0.00 reconn/s: 0.00
[ 730s ] thds: 400 tps: 14742.32 qps: 295100.00 (r/w/o: 206625.15/58988.10/29486.75) lat (ms,95%): 34.33 err/s: 0.00 reconn/s: 0.00
[ 740s ] thds: 400 tps: 15053.61 qps: 301097.42 (r/w/o: 210755.66/60234.44/30107.32) lat (ms,95%): 32.53 err/s: 0.00 reconn/s: 0.00
[ 750s ] thds: 400 tps: 15181.90 qps: 303599.14 (r/w/o: 212548.46/60687.19/30363.49) lat (ms,95%): 32.53 err/s: 0.00 reconn/s: 0.00
[ 760s ] thds: 400 tps: 14359.96 qps: 287292.48 (r/w/o: 201048.30/57524.36/28719.83) lat (ms,95%): 36.89 err/s: 0.00 reconn/s: 0.00
[ 770s ] thds: 400 tps: 12876.06 qps: 257347.51 (r/w/o: 180193.18/51404.52/25749.81) lat (ms,95%): 56.84 err/s: 0.00 reconn/s: 0.00
[ 780s ] thds: 400 tps: 12874.80 qps: 257475.98 (r/w/o: 180210.69/51514.90/25750.40) lat (ms,95%): 55.82 err/s: 0.00 reconn/s: 0.00
SQL statistics:
    queries performed:
        read:                            155998094
        write:                           44570853
        other:                           22285457
        total:                           222854404
    transactions:                        11142713 (14275.05 per sec.)
    queries:                             222854404 (285501.21 per sec.)
    ignored errors:                      8      (0.01 per sec.)
    reconnects:                          0      (0.00 per sec.)

General statistics:
    total time:                          780.5716s
    total number of events:              11142713

Latency (ms):
         min:                                   19.77
         avg:                                   28.00
         max:                                  568.52
         95th percentile:                       37.56
         sum:                            311998801.56

Threads fairness:
    events (avg/stddev):           27856.7825/266.70
    execution time (avg/stddev):   779.9970/0.09

