sysbench 1.0.20-ebf1c90 (using bundled LuaJIT 2.1.0-beta2)

Running the test with following options:
Number of threads: 400
Report intermediate results every 10 second(s)
Initializing random number generator from current time


Initializing worker threads...

Threads started!

[ 10s ] thds: 400 tps: 8987.95 qps: 180139.16 (r/w/o: 126138.41/35987.77/18012.98) lat (ms,95%): 155.80 err/s: 0.00 reconn/s: 0.00
[ 20s ] thds: 400 tps: 12016.89 qps: 240379.40 (r/w/o: 168296.36/48050.36/24032.68) lat (ms,95%): 116.80 err/s: 0.00 reconn/s: 0.00
[ 30s ] thds: 400 tps: 13796.11 qps: 276049.36 (r/w/o: 193230.81/55223.03/27595.52) lat (ms,95%): 34.95 err/s: 0.00 reconn/s: 0.00
[ 40s ] thds: 400 tps: 14262.29 qps: 285142.28 (r/w/o: 199580.95/57038.56/28522.78) lat (ms,95%): 34.33 err/s: 0.00 reconn/s: 0.00
[ 50s ] thds: 400 tps: 14487.07 qps: 289658.17 (r/w/o: 202768.26/57914.37/28975.54) lat (ms,95%): 34.95 err/s: 0.00 reconn/s: 0.00
[ 60s ] thds: 400 tps: 14611.01 qps: 292152.00 (r/w/o: 204483.04/58447.04/29221.92) lat (ms,95%): 33.72 err/s: 0.00 reconn/s: 0.00
[ 70s ] thds: 400 tps: 14798.36 qps: 295901.59 (r/w/o: 207117.00/59188.76/29595.83) lat (ms,95%): 33.12 err/s: 0.00 reconn/s: 0.00
[ 80s ] thds: 400 tps: 15175.33 qps: 303722.29 (r/w/o: 212663.61/60705.92/30352.76) lat (ms,95%): 31.94 err/s: 0.00 reconn/s: 0.00
[ 90s ] thds: 400 tps: 15044.43 qps: 300795.34 (r/w/o: 210537.55/60169.63/30088.16) lat (ms,95%): 32.53 err/s: 0.00 reconn/s: 0.00
[ 100s ] thds: 400 tps: 14739.98 qps: 294678.90 (r/w/o: 206238.42/58961.82/29478.66) lat (ms,95%): 33.72 err/s: 0.10 reconn/s: 0.00
[ 110s ] thds: 400 tps: 15024.36 qps: 300765.12 (r/w/o: 210611.65/60102.44/30051.02) lat (ms,95%): 33.12 err/s: 0.00 reconn/s: 0.00
[ 120s ] thds: 400 tps: 15141.72 qps: 302889.05 (r/w/o: 212007.42/60600.09/30281.55) lat (ms,95%): 31.94 err/s: 0.10 reconn/s: 0.00
[ 130s ] thds: 400 tps: 15248.04 qps: 304993.47 (r/w/o: 213467.41/61027.97/30498.09) lat (ms,95%): 31.94 err/s: 0.00 reconn/s: 0.00
[ 140s ] thds: 400 tps: 15290.94 qps: 305815.44 (r/w/o: 214067.29/61165.97/30582.18) lat (ms,95%): 31.94 err/s: 0.00 reconn/s: 0.00
[ 150s ] thds: 400 tps: 13839.15 qps: 276644.45 (r/w/o: 193675.44/55290.91/27678.11) lat (ms,95%): 49.21 err/s: 0.10 reconn/s: 0.00
[ 160s ] thds: 400 tps: 11143.09 qps: 222799.75 (r/w/o: 155938.30/44575.27/22286.19) lat (ms,95%): 73.13 err/s: 0.00 reconn/s: 0.00
[ 170s ] thds: 400 tps: 11785.12 qps: 235761.22 (r/w/o: 165054.83/47135.56/23570.83) lat (ms,95%): 65.65 err/s: 0.10 reconn/s: 0.00
[ 180s ] thds: 400 tps: 13782.21 qps: 275635.17 (r/w/o: 192952.22/55118.43/27564.52) lat (ms,95%): 47.47 err/s: 0.10 reconn/s: 0.00
[ 190s ] thds: 400 tps: 15210.26 qps: 304230.81 (r/w/o: 212964.87/60845.52/30420.41) lat (ms,95%): 32.53 err/s: 0.00 reconn/s: 0.00
[ 200s ] thds: 400 tps: 14907.63 qps: 298312.19 (r/w/o: 208824.81/59671.72/29815.66) lat (ms,95%): 33.12 err/s: 0.00 reconn/s: 0.00
[ 210s ] thds: 400 tps: 14957.38 qps: 299027.37 (r/w/o: 209302.97/59813.03/29911.37) lat (ms,95%): 33.12 err/s: 0.00 reconn/s: 0.00
[ 220s ] thds: 400 tps: 15036.26 qps: 300774.77 (r/w/o: 210533.59/60168.05/30073.13) lat (ms,95%): 33.12 err/s: 0.00 reconn/s: 0.00
[ 230s ] thds: 400 tps: 15076.02 qps: 301412.08 (r/w/o: 210985.34/60272.70/30154.05) lat (ms,95%): 32.53 err/s: 0.10 reconn/s: 0.00
[ 240s ] thds: 400 tps: 15130.43 qps: 302625.04 (r/w/o: 211866.58/60496.51/30261.95) lat (ms,95%): 32.53 err/s: 0.10 reconn/s: 0.00
[ 250s ] thds: 400 tps: 14935.61 qps: 298637.53 (r/w/o: 209020.29/59746.53/29870.71) lat (ms,95%): 33.12 err/s: 0.00 reconn/s: 0.00
[ 260s ] thds: 400 tps: 15116.70 qps: 302175.73 (r/w/o: 211473.92/60468.41/30233.40) lat (ms,95%): 32.53 err/s: 0.00 reconn/s: 0.00
[ 270s ] thds: 400 tps: 15151.01 qps: 303191.77 (r/w/o: 212283.69/60605.95/30302.13) lat (ms,95%): 32.53 err/s: 0.00 reconn/s: 0.00
[ 280s ] thds: 400 tps: 15205.82 qps: 304087.19 (r/w/o: 212846.14/60829.50/30411.55) lat (ms,95%): 31.94 err/s: 0.00 reconn/s: 0.00
[ 290s ] thds: 400 tps: 15118.35 qps: 302281.80 (r/w/o: 211575.83/60473.58/30232.39) lat (ms,95%): 32.53 err/s: 0.00 reconn/s: 0.00
[ 300s ] thds: 400 tps: 14457.71 qps: 289296.36 (r/w/o: 202556.18/57820.85/28919.33) lat (ms,95%): 38.25 err/s: 0.00 reconn/s: 0.00
[ 310s ] thds: 400 tps: 13187.42 qps: 263692.10 (r/w/o: 184543.61/52778.06/26370.43) lat (ms,95%): 55.82 err/s: 0.00 reconn/s: 0.00
[ 320s ] thds: 400 tps: 12155.00 qps: 243054.81 (r/w/o: 170145.04/48610.38/24299.39) lat (ms,95%): 59.99 err/s: 0.00 reconn/s: 0.00
[ 330s ] thds: 400 tps: 12661.90 qps: 253377.82 (r/w/o: 177380.65/50657.48/25339.69) lat (ms,95%): 55.82 err/s: 0.00 reconn/s: 0.00
[ 340s ] thds: 400 tps: 14973.69 qps: 299587.79 (r/w/o: 209740.03/59900.28/29947.49) lat (ms,95%): 33.12 err/s: 0.00 reconn/s: 0.00
[ 350s ] thds: 400 tps: 15085.18 qps: 301654.09 (r/w/o: 211149.98/60333.64/30170.47) lat (ms,95%): 33.12 err/s: 0.10 reconn/s: 0.00
[ 360s ] thds: 400 tps: 14788.00 qps: 295786.66 (r/w/o: 207051.67/59159.39/29575.60) lat (ms,95%): 33.12 err/s: 0.00 reconn/s: 0.00
[ 370s ] thds: 400 tps: 15036.00 qps: 300680.90 (r/w/o: 210492.40/60115.90/30072.60) lat (ms,95%): 33.12 err/s: 0.00 reconn/s: 0.00
[ 380s ] thds: 400 tps: 15092.75 qps: 301726.62 (r/w/o: 211171.91/60371.00/30183.70) lat (ms,95%): 31.94 err/s: 0.00 reconn/s: 0.00
[ 390s ] thds: 400 tps: 14984.57 qps: 299776.42 (r/w/o: 209861.29/59944.78/29970.34) lat (ms,95%): 32.53 err/s: 0.10 reconn/s: 0.00
[ 400s ] thds: 400 tps: 14956.44 qps: 299041.01 (r/w/o: 209298.70/59828.64/29913.67) lat (ms,95%): 33.12 err/s: 0.00 reconn/s: 0.00
[ 410s ] thds: 400 tps: 15092.15 qps: 301934.55 (r/w/o: 211389.87/60361.99/30182.70) lat (ms,95%): 31.94 err/s: 0.00 reconn/s: 0.00
[ 420s ] thds: 400 tps: 15040.67 qps: 300837.65 (r/w/o: 210599.84/60154.87/30082.93) lat (ms,95%): 32.53 err/s: 0.00 reconn/s: 0.00
[ 430s ] thds: 400 tps: 15262.93 qps: 305260.31 (r/w/o: 213642.73/61093.12/30524.46) lat (ms,95%): 31.94 err/s: 0.00 reconn/s: 0.00
[ 440s ] thds: 400 tps: 15160.32 qps: 303115.24 (r/w/o: 212172.84/60621.37/30321.03) lat (ms,95%): 32.53 err/s: 0.10 reconn/s: 0.00
[ 450s ] thds: 400 tps: 14891.89 qps: 297899.64 (r/w/o: 208537.82/59577.05/29784.77) lat (ms,95%): 33.12 err/s: 0.00 reconn/s: 0.00
[ 460s ] thds: 400 tps: 13129.61 qps: 262644.27 (r/w/o: 183868.59/52517.95/26257.73) lat (ms,95%): 55.82 err/s: 0.00 reconn/s: 0.00
[ 470s ] thds: 400 tps: 12690.09 qps: 253704.58 (r/w/o: 177577.71/50747.88/25378.99) lat (ms,95%): 56.84 err/s: 0.00 reconn/s: 0.00
[ 480s ] thds: 400 tps: 12477.68 qps: 249706.75 (r/w/o: 174803.89/49944.51/24958.36) lat (ms,95%): 56.84 err/s: 0.00 reconn/s: 0.00
[ 490s ] thds: 400 tps: 13998.59 qps: 279694.23 (r/w/o: 195734.78/55964.67/27994.78) lat (ms,95%): 44.98 err/s: 0.00 reconn/s: 0.00
[ 500s ] thds: 400 tps: 14890.35 qps: 298024.73 (r/w/o: 208672.52/59569.81/29782.40) lat (ms,95%): 33.12 err/s: 0.00 reconn/s: 0.00
[ 510s ] thds: 400 tps: 14870.81 qps: 297343.08 (r/w/o: 208123.33/59477.94/29741.82) lat (ms,95%): 33.12 err/s: 0.10 reconn/s: 0.00
[ 520s ] thds: 400 tps: 14917.16 qps: 298456.81 (r/w/o: 208957.95/59663.84/29835.02) lat (ms,95%): 33.12 err/s: 0.00 reconn/s: 0.00
[ 530s ] thds: 400 tps: 15092.88 qps: 301743.82 (r/w/o: 211175.06/60383.10/30185.65) lat (ms,95%): 31.94 err/s: 0.00 reconn/s: 0.00
[ 540s ] thds: 400 tps: 15011.86 qps: 300119.62 (r/w/o: 210081.98/60015.12/30022.51) lat (ms,95%): 32.53 err/s: 0.00 reconn/s: 0.00
[ 550s ] thds: 400 tps: 14167.56 qps: 283506.85 (r/w/o: 198470.57/56702.05/28334.22) lat (ms,95%): 44.17 err/s: 0.00 reconn/s: 0.00
[ 560s ] thds: 400 tps: 13488.64 qps: 269650.01 (r/w/o: 188725.87/53945.86/26978.28) lat (ms,95%): 54.83 err/s: 0.00 reconn/s: 0.00
[ 570s ] thds: 400 tps: 13540.10 qps: 270928.79 (r/w/o: 189695.79/54151.50/27081.50) lat (ms,95%): 51.94 err/s: 0.00 reconn/s: 0.00
[ 580s ] thds: 400 tps: 13091.79 qps: 261689.41 (r/w/o: 183143.49/52368.84/26177.07) lat (ms,95%): 56.84 err/s: 0.00 reconn/s: 0.00
[ 590s ] thds: 400 tps: 14433.74 qps: 288848.58 (r/w/o: 202235.34/57742.16/28871.08) lat (ms,95%): 36.89 err/s: 0.00 reconn/s: 0.00
[ 600s ] thds: 400 tps: 14642.64 qps: 292852.01 (r/w/o: 204985.00/58579.34/29287.67) lat (ms,95%): 34.33 err/s: 0.10 reconn/s: 0.00
[ 610s ] thds: 400 tps: 14606.41 qps: 292030.98 (r/w/o: 204422.23/58395.24/29213.52) lat (ms,95%): 35.59 err/s: 0.00 reconn/s: 0.00
[ 620s ] thds: 400 tps: 12998.54 qps: 260105.76 (r/w/o: 182068.30/52040.37/25997.09) lat (ms,95%): 54.83 err/s: 0.00 reconn/s: 0.00
[ 630s ] thds: 400 tps: 12679.15 qps: 253321.20 (r/w/o: 177281.80/50681.70/25357.70) lat (ms,95%): 55.82 err/s: 0.10 reconn/s: 0.00
[ 640s ] thds: 400 tps: 12445.11 qps: 249070.80 (r/w/o: 174397.51/49784.06/24889.23) lat (ms,95%): 54.83 err/s: 0.00 reconn/s: 0.00
[ 650s ] thds: 400 tps: 14737.20 qps: 294661.30 (r/w/o: 206245.47/58939.52/29476.31) lat (ms,95%): 33.72 err/s: 0.00 reconn/s: 0.00
[ 660s ] thds: 400 tps: 14802.29 qps: 296101.48 (r/w/o: 207287.02/59210.68/29603.79) lat (ms,95%): 33.72 err/s: 0.00 reconn/s: 0.00
[ 670s ] thds: 400 tps: 14916.39 qps: 298312.36 (r/w/o: 208826.81/59652.37/29833.19) lat (ms,95%): 33.12 err/s: 0.00 reconn/s: 0.00
[ 680s ] thds: 400 tps: 14961.94 qps: 299147.33 (r/w/o: 209372.21/59853.35/29921.77) lat (ms,95%): 33.12 err/s: 0.00 reconn/s: 0.00
[ 690s ] thds: 400 tps: 15032.41 qps: 300778.32 (r/w/o: 210553.09/60157.82/30067.41) lat (ms,95%): 32.53 err/s: 0.00 reconn/s: 0.00
[ 700s ] thds: 400 tps: 15136.09 qps: 302691.09 (r/w/o: 211900.15/60518.76/30272.18) lat (ms,95%): 32.53 err/s: 0.10 reconn/s: 0.00
[ 710s ] thds: 400 tps: 14770.00 qps: 295423.24 (r/w/o: 206787.03/59096.11/29540.10) lat (ms,95%): 33.12 err/s: 0.00 reconn/s: 0.00
[ 720s ] thds: 400 tps: 14781.18 qps: 295615.90 (r/w/o: 206952.79/59100.54/29562.57) lat (ms,95%): 33.72 err/s: 0.00 reconn/s: 0.00
[ 730s ] thds: 400 tps: 14775.51 qps: 295392.70 (r/w/o: 206723.71/59117.96/29551.03) lat (ms,95%): 33.72 err/s: 0.00 reconn/s: 0.00
[ 740s ] thds: 400 tps: 15032.77 qps: 300749.88 (r/w/o: 210533.44/60150.80/30065.65) lat (ms,95%): 32.53 err/s: 0.00 reconn/s: 0.00
[ 750s ] thds: 400 tps: 15181.58 qps: 303628.30 (r/w/o: 212532.92/60732.42/30362.96) lat (ms,95%): 32.53 err/s: 0.00 reconn/s: 0.00
[ 760s ] thds: 400 tps: 14382.01 qps: 287633.07 (r/w/o: 201374.62/57495.03/28763.42) lat (ms,95%): 36.89 err/s: 0.10 reconn/s: 0.00
[ 770s ] thds: 400 tps: 12869.81 qps: 257517.76 (r/w/o: 180266.11/51511.03/25740.62) lat (ms,95%): 56.84 err/s: 0.00 reconn/s: 0.00
[ 780s ] thds: 400 tps: 12907.78 qps: 258010.57 (r/w/o: 180581.90/51618.11/25810.56) lat (ms,95%): 54.83 err/s: 0.10 reconn/s: 0.00
SQL statistics:
    queries performed:
        read:                            156149084
        write:                           44613980
        other:                           22307024
        total:                           223070088
    transactions:                        11153490 (14279.71 per sec.)
    queries:                             223070088 (285594.63 per sec.)
    ignored errors:                      16     (0.02 per sec.)
    reconnects:                          0      (0.00 per sec.)

General statistics:
    total time:                          781.0714s
    total number of events:              11153490

Latency (ms):
         min:                                   19.78
         avg:                                   27.98
         max:                                 1084.63
         95th percentile:                       37.56
         sum:                            312052053.69

Threads fairness:
    events (avg/stddev):           27883.7250/279.95
    execution time (avg/stddev):   780.1301/0.18

