sysbench 1.0.20-ebf1c90 (using bundled LuaJIT 2.1.0-beta2)

Running the test with following options:
Number of threads: 400
Report intermediate results every 10 second(s)
Initializing random number generator from current time


Initializing worker threads...

Threads started!

[ 10s ] thds: 400 tps: 8936.71 qps: 179367.89 (r/w/o: 125627.02/35827.34/17913.52) lat (ms,95%): 155.80 err/s: 0.10 reconn/s: 0.00
[ 20s ] thds: 400 tps: 12017.69 qps: 240123.15 (r/w/o: 168077.49/48011.17/24034.49) lat (ms,95%): 116.80 err/s: 0.00 reconn/s: 0.00
[ 30s ] thds: 400 tps: 13800.54 qps: 276021.45 (r/w/o: 193223.50/55196.37/27601.59) lat (ms,95%): 34.95 err/s: 0.00 reconn/s: 0.00
[ 40s ] thds: 400 tps: 14253.59 qps: 285152.00 (r/w/o: 199624.39/57020.54/28507.07) lat (ms,95%): 34.33 err/s: 0.00 reconn/s: 0.00
[ 50s ] thds: 400 tps: 14467.73 qps: 289272.61 (r/w/o: 202459.03/57881.32/28932.26) lat (ms,95%): 34.95 err/s: 0.00 reconn/s: 0.00
[ 60s ] thds: 400 tps: 14597.50 qps: 292049.20 (r/w/o: 204432.90/58417.50/29198.80) lat (ms,95%): 34.33 err/s: 0.10 reconn/s: 0.00
[ 70s ] thds: 400 tps: 14767.01 qps: 295402.43 (r/w/o: 206798.89/59068.93/29534.61) lat (ms,95%): 33.12 err/s: 0.10 reconn/s: 0.00
[ 80s ] thds: 400 tps: 15184.64 qps: 303522.46 (r/w/o: 212424.93/60728.65/30368.88) lat (ms,95%): 31.94 err/s: 0.00 reconn/s: 0.00
[ 90s ] thds: 400 tps: 15030.72 qps: 300527.60 (r/w/o: 210366.71/60099.16/30061.73) lat (ms,95%): 32.53 err/s: 0.00 reconn/s: 0.00
[ 100s ] thds: 400 tps: 14716.77 qps: 294512.81 (r/w/o: 206201.69/58883.08/29428.04) lat (ms,95%): 33.72 err/s: 0.00 reconn/s: 0.00
[ 110s ] thds: 400 tps: 15049.87 qps: 300741.98 (r/w/o: 210478.03/60158.50/30105.45) lat (ms,95%): 33.12 err/s: 0.00 reconn/s: 0.00
[ 120s ] thds: 400 tps: 15120.84 qps: 302640.33 (r/w/o: 211905.41/60493.15/30241.77) lat (ms,95%): 32.53 err/s: 0.00 reconn/s: 0.00
[ 130s ] thds: 400 tps: 15243.45 qps: 304947.19 (r/w/o: 213446.96/61013.42/30486.81) lat (ms,95%): 31.94 err/s: 0.00 reconn/s: 0.00
[ 140s ] thds: 400 tps: 15298.02 qps: 305816.45 (r/w/o: 214078.35/61142.67/30595.44) lat (ms,95%): 31.94 err/s: 0.00 reconn/s: 0.00
[ 150s ] thds: 400 tps: 13838.01 qps: 276828.47 (r/w/o: 193782.32/55369.53/27676.62) lat (ms,95%): 49.21 err/s: 0.00 reconn/s: 0.00
[ 160s ] thds: 400 tps: 11057.15 qps: 221100.09 (r/w/o: 154750.46/44236.12/22113.51) lat (ms,95%): 73.13 err/s: 0.00 reconn/s: 0.00
[ 170s ] thds: 400 tps: 11777.79 qps: 235499.85 (r/w/o: 164843.22/47102.35/23554.27) lat (ms,95%): 65.65 err/s: 0.00 reconn/s: 0.00
[ 180s ] thds: 400 tps: 13753.75 qps: 274990.40 (r/w/o: 192474.60/55010.80/27505.00) lat (ms,95%): 47.47 err/s: 0.00 reconn/s: 0.00
[ 190s ] thds: 400 tps: 15199.78 qps: 303970.12 (r/w/o: 212776.74/60789.52/30403.86) lat (ms,95%): 32.53 err/s: 0.00 reconn/s: 0.00
[ 200s ] thds: 400 tps: 14898.24 qps: 298165.27 (r/w/o: 208773.34/59594.65/29797.28) lat (ms,95%): 33.12 err/s: 0.10 reconn/s: 0.00
[ 210s ] thds: 400 tps: 14955.78 qps: 299086.42 (r/w/o: 209346.53/59829.22/29910.66) lat (ms,95%): 33.12 err/s: 0.00 reconn/s: 0.00
[ 220s ] thds: 400 tps: 15039.00 qps: 300861.82 (r/w/o: 210623.45/60159.78/30078.59) lat (ms,95%): 33.12 err/s: 0.00 reconn/s: 0.00
[ 230s ] thds: 400 tps: 15071.72 qps: 301243.88 (r/w/o: 210812.17/60288.78/30142.94) lat (ms,95%): 32.53 err/s: 0.00 reconn/s: 0.00
[ 240s ] thds: 400 tps: 15136.07 qps: 302655.46 (r/w/o: 211848.35/60536.07/30271.04) lat (ms,95%): 32.53 err/s: 0.00 reconn/s: 0.00
[ 250s ] thds: 400 tps: 14930.52 qps: 298646.94 (r/w/o: 209051.91/59734.49/29860.54) lat (ms,95%): 33.12 err/s: 0.00 reconn/s: 0.00
[ 260s ] thds: 400 tps: 15094.05 qps: 302175.99 (r/w/o: 211573.86/60413.02/30189.11) lat (ms,95%): 32.53 err/s: 0.00 reconn/s: 0.00
[ 270s ] thds: 400 tps: 15158.03 qps: 303116.82 (r/w/o: 212159.46/60639.70/30317.65) lat (ms,95%): 32.53 err/s: 0.00 reconn/s: 0.00
[ 280s ] thds: 400 tps: 15196.03 qps: 303812.80 (r/w/o: 212658.55/60763.60/30390.65) lat (ms,95%): 31.94 err/s: 0.00 reconn/s: 0.00
[ 290s ] thds: 400 tps: 15100.40 qps: 302090.22 (r/w/o: 211483.15/60410.68/30196.39) lat (ms,95%): 32.53 err/s: 0.00 reconn/s: 0.00
[ 300s ] thds: 400 tps: 14449.89 qps: 288787.25 (r/w/o: 202126.40/57761.57/28899.29) lat (ms,95%): 38.25 err/s: 0.00 reconn/s: 0.00
[ 310s ] thds: 400 tps: 13188.24 qps: 263786.35 (r/w/o: 184657.69/52746.07/26382.58) lat (ms,95%): 55.82 err/s: 0.00 reconn/s: 0.00
[ 320s ] thds: 400 tps: 12095.52 qps: 242033.33 (r/w/o: 169452.10/48395.29/24185.94) lat (ms,95%): 61.08 err/s: 0.00 reconn/s: 0.00
[ 330s ] thds: 400 tps: 12640.70 qps: 252869.20 (r/w/o: 176983.00/50601.50/25284.70) lat (ms,95%): 55.82 err/s: 0.00 reconn/s: 0.00
[ 340s ] thds: 400 tps: 14978.33 qps: 299461.71 (r/w/o: 209637.73/59865.62/29958.36) lat (ms,95%): 33.12 err/s: 0.00 reconn/s: 0.00
[ 350s ] thds: 400 tps: 15090.20 qps: 301849.68 (r/w/o: 211300.08/60369.10/30180.50) lat (ms,95%): 32.53 err/s: 0.00 reconn/s: 0.00
[ 360s ] thds: 400 tps: 14781.60 qps: 295536.41 (r/w/o: 206866.54/59107.28/29562.59) lat (ms,95%): 33.72 err/s: 0.00 reconn/s: 0.00
[ 370s ] thds: 400 tps: 15032.21 qps: 300649.65 (r/w/o: 210456.30/60128.13/30065.21) lat (ms,95%): 33.12 err/s: 0.00 reconn/s: 0.00
[ 380s ] thds: 400 tps: 15078.61 qps: 301548.73 (r/w/o: 211053.86/60337.55/30157.32) lat (ms,95%): 31.94 err/s: 0.00 reconn/s: 0.00
[ 390s ] thds: 400 tps: 14992.58 qps: 299852.32 (r/w/o: 209900.16/59969.50/29982.65) lat (ms,95%): 32.53 err/s: 0.00 reconn/s: 0.00
[ 400s ] thds: 400 tps: 14945.32 qps: 298935.28 (r/w/o: 209246.13/59799.60/29889.55) lat (ms,95%): 33.12 err/s: 0.00 reconn/s: 0.00
[ 410s ] thds: 400 tps: 15084.43 qps: 301625.38 (r/w/o: 211141.50/60311.42/30172.46) lat (ms,95%): 31.94 err/s: 0.00 reconn/s: 0.00
[ 420s ] thds: 400 tps: 15048.61 qps: 301014.85 (r/w/o: 210737.37/60180.55/30096.92) lat (ms,95%): 32.53 err/s: 0.00 reconn/s: 0.00
[ 430s ] thds: 400 tps: 15263.37 qps: 305365.68 (r/w/o: 213764.44/61078.10/30523.15) lat (ms,95%): 31.94 err/s: 0.00 reconn/s: 0.00
[ 440s ] thds: 400 tps: 15139.57 qps: 302898.49 (r/w/o: 212011.37/60603.88/30283.24) lat (ms,95%): 32.53 err/s: 0.00 reconn/s: 0.00
[ 450s ] thds: 400 tps: 14907.80 qps: 298061.95 (r/w/o: 208653.23/59593.21/29815.50) lat (ms,95%): 33.12 err/s: 0.00 reconn/s: 0.00
[ 460s ] thds: 400 tps: 13142.81 qps: 262889.20 (r/w/o: 184043.54/52560.24/26285.42) lat (ms,95%): 55.82 err/s: 0.00 reconn/s: 0.00
[ 470s ] thds: 400 tps: 12703.28 qps: 253884.45 (r/w/o: 177677.99/50805.51/25400.96) lat (ms,95%): 56.84 err/s: 0.00 reconn/s: 0.00
[ 480s ] thds: 400 tps: 12481.42 qps: 249785.07 (r/w/o: 174878.13/49941.89/24965.05) lat (ms,95%): 56.84 err/s: 0.00 reconn/s: 0.00
[ 490s ] thds: 400 tps: 13944.09 qps: 278969.52 (r/w/o: 195288.27/55789.26/27891.98) lat (ms,95%): 44.98 err/s: 0.00 reconn/s: 0.00
[ 500s ] thds: 400 tps: 14910.13 qps: 298074.43 (r/w/o: 208634.44/59620.23/29819.76) lat (ms,95%): 33.12 err/s: 0.00 reconn/s: 0.00
[ 510s ] thds: 400 tps: 14877.87 qps: 297507.52 (r/w/o: 208246.52/59506.66/29754.33) lat (ms,95%): 33.12 err/s: 0.00 reconn/s: 0.00
[ 520s ] thds: 400 tps: 14937.90 qps: 298729.49 (r/w/o: 209117.90/59734.10/29877.50) lat (ms,95%): 33.12 err/s: 0.00 reconn/s: 0.00
[ 530s ] thds: 400 tps: 15086.40 qps: 301682.38 (r/w/o: 211153.25/60368.72/30160.41) lat (ms,95%): 31.94 err/s: 0.10 reconn/s: 0.00
[ 540s ] thds: 400 tps: 15009.48 qps: 300306.95 (r/w/o: 210225.29/60050.01/30031.66) lat (ms,95%): 32.53 err/s: 0.00 reconn/s: 0.00
[ 550s ] thds: 400 tps: 14185.81 qps: 283676.44 (r/w/o: 198592.80/56713.63/28370.01) lat (ms,95%): 44.17 err/s: 0.00 reconn/s: 0.00
[ 560s ] thds: 400 tps: 13467.37 qps: 269514.61 (r/w/o: 188670.98/53907.68/26935.94) lat (ms,95%): 54.83 err/s: 0.00 reconn/s: 0.00
[ 570s ] thds: 400 tps: 13541.92 qps: 270598.27 (r/w/o: 189391.93/54127.19/27079.15) lat (ms,95%): 51.94 err/s: 0.00 reconn/s: 0.00
[ 580s ] thds: 400 tps: 13049.71 qps: 261106.03 (r/w/o: 182784.69/52223.23/26098.11) lat (ms,95%): 57.87 err/s: 0.20 reconn/s: 0.00
[ 590s ] thds: 400 tps: 14444.83 qps: 288877.30 (r/w/o: 202227.95/57752.50/28896.85) lat (ms,95%): 36.24 err/s: 0.00 reconn/s: 0.00
[ 600s ] thds: 400 tps: 14657.94 qps: 293237.08 (r/w/o: 205268.24/58655.16/29313.68) lat (ms,95%): 34.33 err/s: 0.00 reconn/s: 0.00
[ 610s ] thds: 400 tps: 14592.00 qps: 291778.30 (r/w/o: 204215.07/58377.12/29186.11) lat (ms,95%): 35.59 err/s: 0.00 reconn/s: 0.00
[ 620s ] thds: 400 tps: 12997.04 qps: 260053.15 (r/w/o: 182067.93/51992.55/25992.68) lat (ms,95%): 54.83 err/s: 0.00 reconn/s: 0.00
[ 630s ] thds: 400 tps: 12653.90 qps: 253161.33 (r/w/o: 177218.72/50633.11/25309.50) lat (ms,95%): 55.82 err/s: 0.10 reconn/s: 0.00
[ 640s ] thds: 400 tps: 12484.69 qps: 249544.76 (r/w/o: 174676.23/49900.45/24968.08) lat (ms,95%): 54.83 err/s: 0.00 reconn/s: 0.00
[ 650s ] thds: 400 tps: 14690.34 qps: 293867.47 (r/w/o: 205684.24/58801.15/29382.08) lat (ms,95%): 33.72 err/s: 0.00 reconn/s: 0.00
[ 660s ] thds: 400 tps: 14824.85 qps: 296328.44 (r/w/o: 207428.16/59250.79/29649.49) lat (ms,95%): 33.72 err/s: 0.00 reconn/s: 0.00
[ 670s ] thds: 400 tps: 14915.32 qps: 298296.36 (r/w/o: 208799.05/59669.27/29828.04) lat (ms,95%): 33.12 err/s: 0.00 reconn/s: 0.00
[ 680s ] thds: 400 tps: 14949.89 qps: 299011.45 (r/w/o: 209308.20/59801.27/29901.99) lat (ms,95%): 33.12 err/s: 0.00 reconn/s: 0.00
[ 690s ] thds: 400 tps: 15020.53 qps: 300555.18 (r/w/o: 210415.08/60099.94/30040.17) lat (ms,95%): 32.53 err/s: 0.00 reconn/s: 0.00
[ 700s ] thds: 400 tps: 15128.87 qps: 302550.60 (r/w/o: 211760.35/60531.00/30259.25) lat (ms,95%): 32.53 err/s: 0.00 reconn/s: 0.00
[ 710s ] thds: 400 tps: 14789.29 qps: 295700.90 (r/w/o: 207015.53/59106.68/29578.69) lat (ms,95%): 33.12 err/s: 0.10 reconn/s: 0.00
[ 720s ] thds: 400 tps: 14775.50 qps: 295420.11 (r/w/o: 206761.51/59113.10/29545.50) lat (ms,95%): 33.72 err/s: 0.00 reconn/s: 0.00
[ 730s ] thds: 400 tps: 14748.50 qps: 295127.35 (r/w/o: 206618.34/59011.51/29497.51) lat (ms,95%): 34.33 err/s: 0.00 reconn/s: 0.00
[ 740s ] thds: 400 tps: 15035.38 qps: 300907.87 (r/w/o: 210625.07/60206.93/30075.87) lat (ms,95%): 32.53 err/s: 0.00 reconn/s: 0.00
[ 750s ] thds: 400 tps: 15184.02 qps: 303625.90 (r/w/o: 212580.28/60677.68/30367.94) lat (ms,95%): 32.53 err/s: 0.00 reconn/s: 0.00
[ 760s ] thds: 400 tps: 14404.10 qps: 287656.95 (r/w/o: 201263.74/57586.31/28806.91) lat (ms,95%): 36.89 err/s: 0.10 reconn/s: 0.00
[ 770s ] thds: 400 tps: 12873.92 qps: 257785.01 (r/w/o: 180544.12/51492.46/25748.43) lat (ms,95%): 56.84 err/s: 0.00 reconn/s: 0.00
[ 780s ] thds: 400 tps: 12917.28 qps: 258319.96 (r/w/o: 180802.59/51682.81/25834.56) lat (ms,95%): 54.83 err/s: 0.00 reconn/s: 0.00
SQL statistics:
    queries performed:
        read:                            156082696
        write:                           44595017
        other:                           22297547
        total:                           222975260
    transactions:                        11148754 (14283.21 per sec.)
    queries:                             222975260 (285664.45 per sec.)
    ignored errors:                      10     (0.01 per sec.)
    reconnects:                          0      (0.00 per sec.)

General statistics:
    total time:                          780.5486s
    total number of events:              11148754

Latency (ms):
         min:                                   19.78
         avg:                                   27.99
         max:                                  546.37
         95th percentile:                       37.56
         sum:                            312002978.25

Threads fairness:
    events (avg/stddev):           27871.8850/288.36
    execution time (avg/stddev):   780.0074/0.11

