sysbench 1.0.20-ebf1c90 (using bundled LuaJIT 2.1.0-beta2)

Running the test with following options:
Number of threads: 256
Report intermediate results every 10 second(s)
Initializing random number generator from current time


Initializing worker threads...

Threads started!

[ 10s ] thds: 256 tps: 15521.08 qps: 310709.72 (r/w/o: 217532.56/62110.31/31066.85) lat (ms,95%): 29.19 err/s: 0.10 reconn/s: 0.00
[ 20s ] thds: 256 tps: 16443.91 qps: 328955.30 (r/w/o: 230284.01/65782.26/32889.03) lat (ms,95%): 28.16 err/s: 0.00 reconn/s: 0.00
[ 30s ] thds: 256 tps: 16736.79 qps: 334753.43 (r/w/o: 234334.18/66945.77/33473.48) lat (ms,95%): 27.66 err/s: 0.00 reconn/s: 0.00
[ 40s ] thds: 256 tps: 17084.00 qps: 341607.03 (r/w/o: 239110.45/68329.29/34167.29) lat (ms,95%): 26.68 err/s: 0.00 reconn/s: 0.00
[ 50s ] thds: 256 tps: 17328.80 qps: 346563.34 (r/w/o: 242591.56/69313.59/34658.19) lat (ms,95%): 26.20 err/s: 0.00 reconn/s: 0.00
[ 60s ] thds: 256 tps: 17366.56 qps: 347428.28 (r/w/o: 243193.43/69501.74/34733.12) lat (ms,95%): 26.20 err/s: 0.00 reconn/s: 0.00
[ 70s ] thds: 256 tps: 17323.56 qps: 346402.01 (r/w/o: 242495.95/69258.64/34647.42) lat (ms,95%): 26.20 err/s: 0.00 reconn/s: 0.00
[ 80s ] thds: 256 tps: 17449.00 qps: 348958.67 (r/w/o: 244270.35/69790.21/34898.11) lat (ms,95%): 26.20 err/s: 0.00 reconn/s: 0.00
[ 90s ] thds: 256 tps: 17348.95 qps: 347016.45 (r/w/o: 242908.53/69409.81/34698.10) lat (ms,95%): 26.68 err/s: 0.00 reconn/s: 0.00
[ 100s ] thds: 256 tps: 17452.73 qps: 349058.91 (r/w/o: 244350.63/69803.02/34905.26) lat (ms,95%): 26.68 err/s: 0.00 reconn/s: 0.00
[ 110s ] thds: 256 tps: 17368.99 qps: 347304.07 (r/w/o: 243095.41/69471.57/34737.09) lat (ms,95%): 26.68 err/s: 0.00 reconn/s: 0.00
[ 120s ] thds: 256 tps: 17405.14 qps: 348133.29 (r/w/o: 243690.93/69632.38/34809.99) lat (ms,95%): 26.68 err/s: 0.00 reconn/s: 0.00
[ 130s ] thds: 256 tps: 17370.96 qps: 347407.24 (r/w/o: 243186.90/69477.73/34742.61) lat (ms,95%): 26.68 err/s: 0.00 reconn/s: 0.00
[ 140s ] thds: 256 tps: 17344.78 qps: 346991.01 (r/w/o: 242893.66/69406.90/34690.45) lat (ms,95%): 26.68 err/s: 0.00 reconn/s: 0.00
[ 150s ] thds: 256 tps: 17462.90 qps: 349200.96 (r/w/o: 244434.87/69840.19/34925.90) lat (ms,95%): 26.20 err/s: 0.10 reconn/s: 0.00
[ 160s ] thds: 256 tps: 17438.58 qps: 348783.93 (r/w/o: 244169.57/69737.11/34877.25) lat (ms,95%): 26.20 err/s: 0.00 reconn/s: 0.00
[ 170s ] thds: 256 tps: 17401.64 qps: 348070.21 (r/w/o: 243657.20/69609.54/34803.47) lat (ms,95%): 26.68 err/s: 0.00 reconn/s: 0.00
[ 180s ] thds: 256 tps: 17406.25 qps: 348085.47 (r/w/o: 243634.08/69638.99/34812.40) lat (ms,95%): 26.20 err/s: 0.10 reconn/s: 0.00
[ 190s ] thds: 256 tps: 17451.66 qps: 348922.76 (r/w/o: 244245.29/69774.65/34902.83) lat (ms,95%): 26.68 err/s: 0.00 reconn/s: 0.00
[ 200s ] thds: 256 tps: 17440.61 qps: 348976.64 (r/w/o: 244295.60/69798.73/34882.31) lat (ms,95%): 26.20 err/s: 0.00 reconn/s: 0.00
[ 210s ] thds: 256 tps: 17346.19 qps: 346911.97 (r/w/o: 242824.04/69395.85/34692.08) lat (ms,95%): 26.68 err/s: 0.00 reconn/s: 0.00
[ 220s ] thds: 256 tps: 17415.51 qps: 348206.41 (r/w/o: 243763.18/69612.92/34830.31) lat (ms,95%): 26.68 err/s: 0.00 reconn/s: 0.00
[ 230s ] thds: 256 tps: 17386.83 qps: 347896.79 (r/w/o: 243517.88/69604.24/34774.67) lat (ms,95%): 26.68 err/s: 0.00 reconn/s: 0.00
[ 240s ] thds: 256 tps: 17389.42 qps: 347738.80 (r/w/o: 243426.85/69533.10/34778.85) lat (ms,95%): 26.68 err/s: 0.00 reconn/s: 0.00
[ 250s ] thds: 256 tps: 17379.92 qps: 347531.25 (r/w/o: 243271.55/69500.27/34759.44) lat (ms,95%): 26.68 err/s: 0.00 reconn/s: 0.00
[ 260s ] thds: 256 tps: 17348.32 qps: 346948.67 (r/w/o: 242854.23/69398.29/34696.15) lat (ms,95%): 26.20 err/s: 0.00 reconn/s: 0.00
[ 270s ] thds: 256 tps: 17166.06 qps: 343272.61 (r/w/o: 240280.25/68660.34/34332.02) lat (ms,95%): 26.68 err/s: 0.00 reconn/s: 0.00
[ 280s ] thds: 256 tps: 17226.28 qps: 344577.05 (r/w/o: 241222.26/68901.33/34453.47) lat (ms,95%): 26.68 err/s: 0.00 reconn/s: 0.00
[ 290s ] thds: 256 tps: 17122.45 qps: 342454.81 (r/w/o: 239718.31/68491.60/34244.90) lat (ms,95%): 27.17 err/s: 0.00 reconn/s: 0.00
[ 300s ] thds: 256 tps: 17175.08 qps: 343498.50 (r/w/o: 240427.32/68722.02/34349.16) lat (ms,95%): 26.68 err/s: 0.00 reconn/s: 0.00
[ 310s ] thds: 256 tps: 17157.95 qps: 343202.64 (r/w/o: 240278.23/68607.31/34317.10) lat (ms,95%): 26.68 err/s: 0.00 reconn/s: 0.00
[ 320s ] thds: 256 tps: 17113.88 qps: 342247.55 (r/w/o: 239554.59/68465.11/34227.86) lat (ms,95%): 26.68 err/s: 0.00 reconn/s: 0.00
[ 330s ] thds: 256 tps: 17208.32 qps: 344211.33 (r/w/o: 240949.70/68845.09/34416.54) lat (ms,95%): 26.68 err/s: 0.00 reconn/s: 0.00
[ 340s ] thds: 256 tps: 17066.28 qps: 341270.29 (r/w/o: 238885.42/68253.32/34131.56) lat (ms,95%): 27.17 err/s: 0.00 reconn/s: 0.00
[ 350s ] thds: 256 tps: 17157.30 qps: 343151.22 (r/w/o: 240214.64/68621.88/34314.69) lat (ms,95%): 26.68 err/s: 0.00 reconn/s: 0.00
[ 360s ] thds: 256 tps: 17064.67 qps: 341298.91 (r/w/o: 238886.99/68282.08/34129.84) lat (ms,95%): 27.17 err/s: 0.00 reconn/s: 0.00
[ 370s ] thds: 256 tps: 17101.21 qps: 341955.18 (r/w/o: 239383.63/68369.94/34201.62) lat (ms,95%): 27.17 err/s: 0.00 reconn/s: 0.00
[ 380s ] thds: 256 tps: 16871.38 qps: 337476.84 (r/w/o: 236224.95/67508.23/33743.66) lat (ms,95%): 27.17 err/s: 0.00 reconn/s: 0.00
SQL statistics:
    queries performed:
        read:                            91542038
        write:                           26154847
        other:                           13077449
        total:                           130774334
    transactions:                        6538714 (17187.65 per sec.)
    queries:                             130774334 (343753.14 per sec.)
    ignored errors:                      3      (0.01 per sec.)
    reconnects:                          0      (0.00 per sec.)

General statistics:
    total time:                          380.4300s
    total number of events:              6538714

Latency (ms):
         min:                                    2.67
         avg:                                   14.88
         max:                                  469.82
         95th percentile:                       26.68
         sum:                             97316639.03

Threads fairness:
    events (avg/stddev):           25541.8516/798.71
    execution time (avg/stddev):   380.1431/0.08

