sysbench 1.0.20-ebf1c90 (using bundled LuaJIT 2.1.0-beta2)

Running the test with following options:
Number of threads: 256
Report intermediate results every 10 second(s)
Initializing random number generator from current time


Initializing worker threads...

Threads started!

[ 10s ] thds: 256 tps: 15496.37 qps: 310263.51 (r/w/o: 217208.98/62036.59/31017.94) lat (ms,95%): 29.19 err/s: 0.00 reconn/s: 0.00
[ 20s ] thds: 256 tps: 16411.68 qps: 328239.48 (r/w/o: 229772.61/65643.42/32823.46) lat (ms,95%): 28.16 err/s: 0.10 reconn/s: 0.00
[ 30s ] thds: 256 tps: 16785.60 qps: 335661.32 (r/w/o: 234970.51/67119.70/33571.10) lat (ms,95%): 27.17 err/s: 0.00 reconn/s: 0.00
[ 40s ] thds: 256 tps: 17110.04 qps: 342201.65 (r/w/o: 239548.62/68432.75/34220.27) lat (ms,95%): 26.68 err/s: 0.00 reconn/s: 0.00
[ 50s ] thds: 256 tps: 17371.94 qps: 347532.67 (r/w/o: 243273.31/69515.17/34744.19) lat (ms,95%): 26.20 err/s: 0.00 reconn/s: 0.00
[ 60s ] thds: 256 tps: 17385.50 qps: 347713.32 (r/w/o: 243395.12/69547.00/34771.20) lat (ms,95%): 26.20 err/s: 0.00 reconn/s: 0.00
[ 70s ] thds: 256 tps: 17329.58 qps: 346520.48 (r/w/o: 242569.48/69292.34/34658.67) lat (ms,95%): 26.20 err/s: 0.00 reconn/s: 0.00
[ 80s ] thds: 256 tps: 17444.26 qps: 348892.02 (r/w/o: 244236.46/69766.24/34889.32) lat (ms,95%): 26.20 err/s: 0.00 reconn/s: 0.00
[ 90s ] thds: 256 tps: 17374.02 qps: 347434.90 (r/w/o: 243160.95/69526.60/34747.35) lat (ms,95%): 26.68 err/s: 0.00 reconn/s: 0.00
[ 100s ] thds: 256 tps: 17497.74 qps: 349998.04 (r/w/o: 245036.29/69965.47/34996.28) lat (ms,95%): 26.68 err/s: 0.00 reconn/s: 0.00
[ 110s ] thds: 256 tps: 17399.94 qps: 348079.41 (r/w/o: 243651.47/69628.86/34799.08) lat (ms,95%): 26.20 err/s: 0.00 reconn/s: 0.00
[ 120s ] thds: 256 tps: 17400.04 qps: 347969.89 (r/w/o: 243583.33/69585.58/34800.99) lat (ms,95%): 26.68 err/s: 0.00 reconn/s: 0.00
[ 130s ] thds: 256 tps: 17447.10 qps: 349013.83 (r/w/o: 244294.75/69824.89/34894.19) lat (ms,95%): 26.68 err/s: 0.00 reconn/s: 0.00
[ 140s ] thds: 256 tps: 17392.79 qps: 347755.52 (r/w/o: 243448.17/69521.67/34785.68) lat (ms,95%): 26.68 err/s: 0.00 reconn/s: 0.00
[ 150s ] thds: 256 tps: 17502.12 qps: 350015.47 (r/w/o: 244994.53/70016.79/35004.15) lat (ms,95%): 26.20 err/s: 0.00 reconn/s: 0.00
[ 160s ] thds: 256 tps: 17454.81 qps: 349114.75 (r/w/o: 244369.37/69837.15/34908.22) lat (ms,95%): 26.20 err/s: 0.00 reconn/s: 0.00
[ 170s ] thds: 256 tps: 17484.78 qps: 349746.93 (r/w/o: 244837.74/69938.22/34970.96) lat (ms,95%): 26.68 err/s: 0.00 reconn/s: 0.00
[ 180s ] thds: 256 tps: 17426.11 qps: 348479.00 (r/w/o: 243950.31/69676.46/34852.23) lat (ms,95%): 26.20 err/s: 0.00 reconn/s: 0.00
[ 190s ] thds: 256 tps: 17494.00 qps: 349926.95 (r/w/o: 244936.74/70002.81/34987.41) lat (ms,95%): 26.20 err/s: 0.00 reconn/s: 0.00
[ 200s ] thds: 256 tps: 17512.38 qps: 350149.64 (r/w/o: 245088.45/70036.53/35024.66) lat (ms,95%): 26.20 err/s: 0.10 reconn/s: 0.00
[ 210s ] thds: 256 tps: 17380.96 qps: 347731.65 (r/w/o: 243430.68/69537.95/34763.03) lat (ms,95%): 26.68 err/s: 0.00 reconn/s: 0.00
[ 220s ] thds: 256 tps: 17463.11 qps: 349248.75 (r/w/o: 244471.20/69851.33/34926.21) lat (ms,95%): 26.68 err/s: 0.10 reconn/s: 0.00
[ 230s ] thds: 256 tps: 17397.26 qps: 347940.02 (r/w/o: 243556.66/69590.04/34793.32) lat (ms,95%): 26.20 err/s: 0.10 reconn/s: 0.00
[ 240s ] thds: 256 tps: 17375.69 qps: 347590.17 (r/w/o: 243297.71/69539.57/34752.89) lat (ms,95%): 26.68 err/s: 0.00 reconn/s: 0.00
[ 250s ] thds: 256 tps: 17456.71 qps: 349043.10 (r/w/o: 244348.34/69782.24/34912.52) lat (ms,95%): 26.68 err/s: 0.00 reconn/s: 0.00
[ 260s ] thds: 256 tps: 17435.54 qps: 348733.39 (r/w/o: 244111.02/69750.08/34872.29) lat (ms,95%): 26.20 err/s: 0.10 reconn/s: 0.00
[ 270s ] thds: 256 tps: 17170.24 qps: 343375.85 (r/w/o: 240348.80/68687.87/34339.19) lat (ms,95%): 26.68 err/s: 0.00 reconn/s: 0.00
[ 280s ] thds: 256 tps: 17262.61 qps: 345218.01 (r/w/o: 241663.55/69028.94/34525.52) lat (ms,95%): 26.68 err/s: 0.10 reconn/s: 0.00
[ 290s ] thds: 256 tps: 17187.22 qps: 343708.23 (r/w/o: 240591.03/68742.87/34374.33) lat (ms,95%): 26.68 err/s: 0.00 reconn/s: 0.00
[ 300s ] thds: 256 tps: 17185.47 qps: 343799.17 (r/w/o: 240655.26/68772.87/34371.04) lat (ms,95%): 26.68 err/s: 0.00 reconn/s: 0.00
[ 310s ] thds: 256 tps: 17185.65 qps: 343715.48 (r/w/o: 240608.86/68733.92/34372.71) lat (ms,95%): 26.68 err/s: 0.00 reconn/s: 0.00
[ 320s ] thds: 256 tps: 17188.40 qps: 343820.89 (r/w/o: 240675.89/68768.10/34376.90) lat (ms,95%): 26.68 err/s: 0.00 reconn/s: 0.00
[ 330s ] thds: 256 tps: 17239.70 qps: 344771.92 (r/w/o: 241343.92/68948.60/34479.40) lat (ms,95%): 26.68 err/s: 0.00 reconn/s: 0.00
[ 340s ] thds: 256 tps: 17112.80 qps: 342296.48 (r/w/o: 239592.98/68478.20/34225.30) lat (ms,95%): 27.17 err/s: 0.00 reconn/s: 0.00
[ 350s ] thds: 256 tps: 17174.40 qps: 343292.65 (r/w/o: 240311.84/68632.51/34348.31) lat (ms,95%): 26.68 err/s: 0.10 reconn/s: 0.00
[ 360s ] thds: 256 tps: 17113.55 qps: 342299.65 (r/w/o: 239600.94/68471.21/34227.51) lat (ms,95%): 27.17 err/s: 0.00 reconn/s: 0.00
[ 370s ] thds: 256 tps: 17149.03 qps: 343042.11 (r/w/o: 240138.73/68605.32/34298.06) lat (ms,95%): 27.17 err/s: 0.00 reconn/s: 0.00
[ 380s ] thds: 256 tps: 17023.40 qps: 340352.85 (r/w/o: 238240.47/68073.19/34039.19) lat (ms,95%): 27.17 err/s: 0.00 reconn/s: 0.00
SQL statistics:
    queries performed:
        read:                            91734930
        write:                           26209955
        other:                           13105001
        total:                           131049886
    transactions:                        6552488 (17230.26 per sec.)
    queries:                             131049886 (344605.57 per sec.)
    ignored errors:                      7      (0.02 per sec.)
    reconnects:                          0      (0.00 per sec.)

General statistics:
    total time:                          380.2885s
    total number of events:              6552488

Latency (ms):
         min:                                    2.63
         avg:                                   14.85
         max:                                  285.36
         95th percentile:                       26.68
         sum:                             97272032.38

Threads fairness:
    events (avg/stddev):           25595.6562/816.12
    execution time (avg/stddev):   379.9689/0.03

