sysbench 1.0.20-ebf1c90 (using bundled LuaJIT 2.1.0-beta2)

Running the test with following options:
Number of threads: 128
Report intermediate results every 10 second(s)
Initializing random number generator from current time


Initializing worker threads...

Threads started!

[ 10s ] thds: 128 tps: 33331.68 qps: 666785.69 (r/w/o: 466777.14/133332.80/66675.75) lat (ms,95%): 4.74 err/s: 0.00 reconn/s: 0.00
[ 20s ] thds: 128 tps: 34786.61 qps: 695725.81 (r/w/o: 487002.07/139150.42/69573.31) lat (ms,95%): 4.49 err/s: 0.00 reconn/s: 0.00
[ 30s ] thds: 128 tps: 34712.78 qps: 694240.71 (r/w/o: 485969.43/138846.22/69425.06) lat (ms,95%): 4.57 err/s: 0.00 reconn/s: 0.00
[ 40s ] thds: 128 tps: 34268.60 qps: 685368.10 (r/w/o: 479755.17/137075.52/68537.41) lat (ms,95%): 4.57 err/s: 0.00 reconn/s: 0.00
[ 50s ] thds: 128 tps: 34554.32 qps: 691096.96 (r/w/o: 483771.25/138216.97/69108.74) lat (ms,95%): 4.57 err/s: 0.00 reconn/s: 0.00
[ 60s ] thds: 128 tps: 34530.61 qps: 690611.62 (r/w/o: 483426.68/138123.72/69061.21) lat (ms,95%): 4.57 err/s: 0.00 reconn/s: 0.00
[ 70s ] thds: 128 tps: 34443.86 qps: 688877.62 (r/w/o: 482215.29/137774.52/68887.81) lat (ms,95%): 4.57 err/s: 0.00 reconn/s: 0.00
[ 80s ] thds: 128 tps: 34539.65 qps: 690779.76 (r/w/o: 483543.57/138157.29/69078.90) lat (ms,95%): 4.57 err/s: 0.00 reconn/s: 0.00
[ 90s ] thds: 128 tps: 34098.98 qps: 681970.62 (r/w/o: 477377.36/136395.30/68197.95) lat (ms,95%): 4.57 err/s: 0.00 reconn/s: 0.00
[ 100s ] thds: 128 tps: 34287.35 qps: 685753.23 (r/w/o: 480029.52/137148.61/68575.10) lat (ms,95%): 4.57 err/s: 0.00 reconn/s: 0.00
[ 110s ] thds: 128 tps: 34286.09 qps: 685727.84 (r/w/o: 480009.42/137146.25/68572.17) lat (ms,95%): 4.57 err/s: 0.00 reconn/s: 0.00
[ 120s ] thds: 128 tps: 33893.40 qps: 677868.23 (r/w/o: 474508.65/135572.89/67786.69) lat (ms,95%): 4.57 err/s: 0.00 reconn/s: 0.00
[ 130s ] thds: 128 tps: 34206.81 qps: 684135.76 (r/w/o: 478895.58/136826.55/68413.63) lat (ms,95%): 4.57 err/s: 0.00 reconn/s: 0.00
[ 140s ] thds: 128 tps: 34211.83 qps: 684241.22 (r/w/o: 478968.34/136848.92/68423.96) lat (ms,95%): 4.57 err/s: 0.00 reconn/s: 0.00
[ 150s ] thds: 128 tps: 34122.06 qps: 682437.90 (r/w/o: 477706.07/136488.02/68243.81) lat (ms,95%): 4.57 err/s: 0.00 reconn/s: 0.00
[ 160s ] thds: 128 tps: 33795.81 qps: 675933.35 (r/w/o: 473154.58/135186.85/67591.93) lat (ms,95%): 4.57 err/s: 0.00 reconn/s: 0.00
[ 170s ] thds: 128 tps: 34207.76 qps: 684130.02 (r/w/o: 478888.99/136825.72/68415.31) lat (ms,95%): 4.57 err/s: 0.00 reconn/s: 0.00
[ 180s ] thds: 128 tps: 34061.26 qps: 681231.76 (r/w/o: 476860.31/136249.13/68122.32) lat (ms,95%): 4.57 err/s: 0.00 reconn/s: 0.00
[ 190s ] thds: 128 tps: 33741.46 qps: 674826.80 (r/w/o: 472381.51/134962.66/67482.63) lat (ms,95%): 4.57 err/s: 0.00 reconn/s: 0.00
[ 200s ] thds: 128 tps: 34129.33 qps: 682586.09 (r/w/o: 477808.88/136518.04/68259.17) lat (ms,95%): 4.57 err/s: 0.00 reconn/s: 0.00
[ 210s ] thds: 128 tps: 34091.95 qps: 681836.56 (r/w/o: 477284.94/136367.81/68183.81) lat (ms,95%): 4.57 err/s: 0.00 reconn/s: 0.00
[ 220s ] thds: 128 tps: 33745.15 qps: 674920.80 (r/w/o: 472447.27/134983.02/67490.51) lat (ms,95%): 4.65 err/s: 0.00 reconn/s: 0.00
[ 230s ] thds: 128 tps: 34061.01 qps: 681204.29 (r/w/o: 476841.13/136241.64/68121.52) lat (ms,95%): 4.57 err/s: 0.00 reconn/s: 0.00
[ 240s ] thds: 128 tps: 34048.16 qps: 680969.18 (r/w/o: 476679.49/136192.86/68096.83) lat (ms,95%): 4.57 err/s: 0.00 reconn/s: 0.00
[ 250s ] thds: 128 tps: 34126.55 qps: 682528.10 (r/w/o: 477770.57/136504.52/68253.01) lat (ms,95%): 4.57 err/s: 0.00 reconn/s: 0.00
[ 260s ] thds: 128 tps: 34069.87 qps: 681414.05 (r/w/o: 476994.54/136279.57/68139.94) lat (ms,95%): 4.57 err/s: 0.00 reconn/s: 0.00
[ 270s ] thds: 128 tps: 33786.57 qps: 675715.13 (r/w/o: 472992.83/135149.87/67572.43) lat (ms,95%): 4.57 err/s: 0.00 reconn/s: 0.00
[ 280s ] thds: 128 tps: 33957.97 qps: 679166.83 (r/w/o: 475422.83/135827.67/67916.33) lat (ms,95%): 4.57 err/s: 0.00 reconn/s: 0.00
[ 290s ] thds: 128 tps: 33940.90 qps: 678808.40 (r/w/o: 475163.30/135763.70/67881.40) lat (ms,95%): 4.65 err/s: 0.00 reconn/s: 0.00
[ 300s ] thds: 128 tps: 33852.62 qps: 677056.35 (r/w/o: 473939.55/135410.87/67705.94) lat (ms,95%): 4.65 err/s: 0.10 reconn/s: 0.00
[ 310s ] thds: 128 tps: 33971.54 qps: 679445.13 (r/w/o: 475616.48/135885.17/67943.48) lat (ms,95%): 4.57 err/s: 0.00 reconn/s: 0.00
[ 320s ] thds: 128 tps: 33892.36 qps: 677833.68 (r/w/o: 474477.40/135572.06/67784.23) lat (ms,95%): 4.65 err/s: 0.00 reconn/s: 0.00
[ 330s ] thds: 128 tps: 33693.15 qps: 673855.99 (r/w/o: 471697.99/134771.50/67386.50) lat (ms,95%): 4.57 err/s: 0.00 reconn/s: 0.00
[ 340s ] thds: 128 tps: 33840.19 qps: 676815.84 (r/w/o: 473775.19/135360.37/67680.28) lat (ms,95%): 4.57 err/s: 0.00 reconn/s: 0.00
[ 350s ] thds: 128 tps: 33903.19 qps: 678070.15 (r/w/o: 474649.62/135614.05/67806.47) lat (ms,95%): 4.57 err/s: 0.00 reconn/s: 0.00
[ 360s ] thds: 128 tps: 33906.18 qps: 678118.96 (r/w/o: 474681.29/135625.11/67812.56) lat (ms,95%): 4.65 err/s: 0.00 reconn/s: 0.00
[ 370s ] thds: 128 tps: 33871.93 qps: 677434.92 (r/w/o: 474201.97/135489.20/67743.75) lat (ms,95%): 4.57 err/s: 0.00 reconn/s: 0.00
[ 380s ] thds: 128 tps: 33725.24 qps: 674507.01 (r/w/o: 472157.40/134901.04/67448.57) lat (ms,95%): 4.65 err/s: 0.00 reconn/s: 0.00
SQL statistics:
    queries performed:
        read:                            181259624
        write:                           51788461
        other:                           25894233
        total:                           258942318
    transactions:                        12947115 (34064.93 per sec.)
    queries:                             258942318 (681298.63 per sec.)
    ignored errors:                      1      (0.00 per sec.)
    reconnects:                          0      (0.00 per sec.)

General statistics:
    total time:                          380.0707s
    total number of events:              12947115

Latency (ms):
         min:                                    1.75
         avg:                                    3.76
         max:                                  225.33
         95th percentile:                        4.57
         sum:                             48628844.17

Threads fairness:
    events (avg/stddev):           101149.3359/3856.18
    execution time (avg/stddev):   379.9128/0.02

