sysbench 1.0.20-ebf1c90 (using bundled LuaJIT 2.1.0-beta2)

Running the test with following options:
Number of threads: 64
Report intermediate results every 10 second(s)
Initializing random number generator from current time


Initializing worker threads...

Threads started!

[ 10s ] thds: 64 tps: 23089.35 qps: 461855.58 (r/w/o: 323309.59/92361.00/46185.00) lat (ms,95%): 3.55 err/s: 0.00 reconn/s: 0.00
[ 20s ] thds: 64 tps: 23696.65 qps: 473928.57 (r/w/o: 331750.58/94784.79/47393.20) lat (ms,95%): 3.43 err/s: 0.00 reconn/s: 0.00
[ 30s ] thds: 64 tps: 23726.38 qps: 474533.23 (r/w/o: 332174.24/94906.43/47452.56) lat (ms,95%): 3.43 err/s: 0.00 reconn/s: 0.00
[ 40s ] thds: 64 tps: 23556.87 qps: 471132.93 (r/w/o: 329789.90/94228.99/47114.04) lat (ms,95%): 3.49 err/s: 0.00 reconn/s: 0.00
[ 50s ] thds: 64 tps: 23852.62 qps: 477050.01 (r/w/o: 333937.12/95407.76/47705.13) lat (ms,95%): 3.36 err/s: 0.00 reconn/s: 0.00
[ 60s ] thds: 64 tps: 23652.04 qps: 473039.81 (r/w/o: 331127.60/94608.24/47303.97) lat (ms,95%): 3.49 err/s: 0.00 reconn/s: 0.00
[ 70s ] thds: 64 tps: 23769.26 qps: 475387.99 (r/w/o: 332770.14/95079.64/47538.22) lat (ms,95%): 3.36 err/s: 0.00 reconn/s: 0.00
[ 80s ] thds: 64 tps: 24048.97 qps: 480978.09 (r/w/o: 336685.34/96194.40/48098.35) lat (ms,95%): 3.30 err/s: 0.00 reconn/s: 0.00
[ 90s ] thds: 64 tps: 23755.50 qps: 475108.19 (r/w/o: 332575.97/95021.32/47510.91) lat (ms,95%): 3.43 err/s: 0.00 reconn/s: 0.00
[ 100s ] thds: 64 tps: 23664.15 qps: 473291.01 (r/w/o: 331304.54/94657.98/47328.49) lat (ms,95%): 3.43 err/s: 0.00 reconn/s: 0.00
[ 110s ] thds: 64 tps: 23990.32 qps: 479802.27 (r/w/o: 335860.53/95961.29/47980.45) lat (ms,95%): 3.36 err/s: 0.00 reconn/s: 0.00
[ 120s ] thds: 64 tps: 23923.73 qps: 478477.00 (r/w/o: 334934.75/95694.60/47847.65) lat (ms,95%): 3.36 err/s: 0.00 reconn/s: 0.00
[ 130s ] thds: 64 tps: 23500.66 qps: 470008.98 (r/w/o: 329005.63/94002.14/47001.22) lat (ms,95%): 3.43 err/s: 0.00 reconn/s: 0.00
[ 140s ] thds: 64 tps: 23330.24 qps: 466608.30 (r/w/o: 326626.83/93320.78/46660.69) lat (ms,95%): 3.49 err/s: 0.00 reconn/s: 0.00
[ 150s ] thds: 64 tps: 23734.72 qps: 474690.57 (r/w/o: 332281.56/94939.87/47469.14) lat (ms,95%): 3.36 err/s: 0.00 reconn/s: 0.00
[ 160s ] thds: 64 tps: 23767.41 qps: 475345.95 (r/w/o: 332743.21/95067.63/47535.12) lat (ms,95%): 3.43 err/s: 0.00 reconn/s: 0.00
[ 170s ] thds: 64 tps: 23517.89 qps: 470358.20 (r/w/o: 329250.16/94072.46/47035.58) lat (ms,95%): 3.49 err/s: 0.00 reconn/s: 0.00
[ 180s ] thds: 64 tps: 23344.49 qps: 466891.81 (r/w/o: 326824.30/93378.84/46688.67) lat (ms,95%): 3.55 err/s: 0.00 reconn/s: 0.00
[ 190s ] thds: 64 tps: 23725.12 qps: 474493.93 (r/w/o: 332144.13/94899.57/47450.23) lat (ms,95%): 3.43 err/s: 0.00 reconn/s: 0.00
[ 200s ] thds: 64 tps: 23854.91 qps: 477101.73 (r/w/o: 333971.79/95419.83/47710.11) lat (ms,95%): 3.43 err/s: 0.00 reconn/s: 0.00
[ 210s ] thds: 64 tps: 23679.01 qps: 473579.87 (r/w/o: 331506.72/94715.53/47357.62) lat (ms,95%): 3.36 err/s: 0.00 reconn/s: 0.00
[ 220s ] thds: 64 tps: 23651.86 qps: 473043.21 (r/w/o: 331130.65/94608.64/47303.92) lat (ms,95%): 3.43 err/s: 0.00 reconn/s: 0.00
[ 230s ] thds: 64 tps: 23816.57 qps: 476325.24 (r/w/o: 333426.43/95265.57/47633.23) lat (ms,95%): 3.36 err/s: 0.00 reconn/s: 0.00
[ 240s ] thds: 64 tps: 23798.94 qps: 475984.27 (r/w/o: 333190.51/95195.77/47597.99) lat (ms,95%): 3.36 err/s: 0.00 reconn/s: 0.00
[ 250s ] thds: 64 tps: 23593.68 qps: 471871.76 (r/w/o: 330309.46/94375.13/47187.17) lat (ms,95%): 3.43 err/s: 0.00 reconn/s: 0.00
[ 260s ] thds: 64 tps: 23722.46 qps: 474452.10 (r/w/o: 332118.37/94888.52/47445.21) lat (ms,95%): 3.43 err/s: 0.00 reconn/s: 0.00
[ 270s ] thds: 64 tps: 23440.74 qps: 468803.68 (r/w/o: 328159.71/93762.58/46881.39) lat (ms,95%): 3.49 err/s: 0.00 reconn/s: 0.00
[ 280s ] thds: 64 tps: 23288.46 qps: 465782.42 (r/w/o: 326049.68/93155.92/46576.81) lat (ms,95%): 3.49 err/s: 0.00 reconn/s: 0.00
[ 290s ] thds: 64 tps: 23408.61 qps: 468164.07 (r/w/o: 327713.09/93633.75/46817.23) lat (ms,95%): 3.49 err/s: 0.00 reconn/s: 0.00
[ 300s ] thds: 64 tps: 23640.59 qps: 472819.87 (r/w/o: 330974.84/94563.75/47281.28) lat (ms,95%): 3.43 err/s: 0.00 reconn/s: 0.00
[ 310s ] thds: 64 tps: 23274.94 qps: 465484.99 (r/w/o: 325837.45/93098.16/46549.38) lat (ms,95%): 3.55 err/s: 0.00 reconn/s: 0.00
[ 320s ] thds: 64 tps: 23442.74 qps: 468867.70 (r/w/o: 328209.63/93771.88/46886.19) lat (ms,95%): 3.49 err/s: 0.00 reconn/s: 0.00
[ 330s ] thds: 64 tps: 23684.81 qps: 473693.62 (r/w/o: 331586.25/94738.04/47369.32) lat (ms,95%): 3.43 err/s: 0.00 reconn/s: 0.00
[ 340s ] thds: 64 tps: 23499.47 qps: 469990.43 (r/w/o: 328992.80/93998.99/46998.64) lat (ms,95%): 3.43 err/s: 0.00 reconn/s: 0.00
[ 350s ] thds: 64 tps: 23528.89 qps: 470583.33 (r/w/o: 329410.08/94115.37/47057.88) lat (ms,95%): 3.43 err/s: 0.00 reconn/s: 0.00
[ 360s ] thds: 64 tps: 23154.06 qps: 463072.61 (r/w/o: 324148.37/92616.02/46308.21) lat (ms,95%): 3.55 err/s: 0.00 reconn/s: 0.00
[ 370s ] thds: 64 tps: 23205.47 qps: 464119.65 (r/w/o: 324884.71/92823.79/46411.14) lat (ms,95%): 3.55 err/s: 0.00 reconn/s: 0.00
[ 380s ] thds: 64 tps: 23154.19 qps: 463077.66 (r/w/o: 324154.93/92615.05/46307.68) lat (ms,95%): 3.55 err/s: 0.00 reconn/s: 0.00
SQL statistics:
    queries performed:
        read:                            125509342
        write:                           35859812
        other:                           17929906
        total:                           179299060
    transactions:                        8964953 (23590.10 per sec.)
    queries:                             179299060 (471802.01 per sec.)
    ignored errors:                      0      (0.00 per sec.)
    reconnects:                          0      (0.00 per sec.)

General statistics:
    total time:                          380.0293s
    total number of events:              8964953

Latency (ms):
         min:                                    1.73
         avg:                                    2.71
         max:                                  128.17
         95th percentile:                        3.43
         sum:                             24313582.39

Threads fairness:
    events (avg/stddev):           140077.3906/4283.72
    execution time (avg/stddev):   379.8997/0.01

