sysbench 1.0.20-ebf1c90 (using bundled LuaJIT 2.1.0-beta2)

Running the test with following options:
Number of threads: 256
Report intermediate results every 10 second(s)
Initializing random number generator from current time


Initializing worker threads...

Threads started!

[ 10s ] thds: 256 tps: 15488.62 qps: 310102.60 (r/w/o: 217126.00/61974.27/31002.33) lat (ms,95%): 29.19 err/s: 0.00 reconn/s: 0.00
[ 20s ] thds: 256 tps: 16388.71 qps: 327852.54 (r/w/o: 229477.50/65597.63/32777.41) lat (ms,95%): 28.16 err/s: 0.00 reconn/s: 0.00
[ 30s ] thds: 256 tps: 16736.37 qps: 334709.94 (r/w/o: 234308.04/66928.67/33473.23) lat (ms,95%): 27.17 err/s: 0.00 reconn/s: 0.00
[ 40s ] thds: 256 tps: 17070.18 qps: 341218.76 (r/w/o: 238833.36/68245.73/34139.67) lat (ms,95%): 26.68 err/s: 0.10 reconn/s: 0.00
[ 50s ] thds: 256 tps: 17291.39 qps: 345965.50 (r/w/o: 242209.86/69172.66/34582.98) lat (ms,95%): 26.68 err/s: 0.00 reconn/s: 0.00
[ 60s ] thds: 256 tps: 17372.07 qps: 347467.29 (r/w/o: 243214.44/69508.00/34744.85) lat (ms,95%): 26.20 err/s: 0.00 reconn/s: 0.00
[ 70s ] thds: 256 tps: 17284.44 qps: 345657.67 (r/w/o: 241942.14/69148.85/34566.68) lat (ms,95%): 26.68 err/s: 0.00 reconn/s: 0.00
[ 80s ] thds: 256 tps: 17477.07 qps: 349572.48 (r/w/o: 244717.84/69898.30/34956.35) lat (ms,95%): 26.20 err/s: 0.00 reconn/s: 0.00
[ 90s ] thds: 256 tps: 17363.66 qps: 347255.41 (r/w/o: 243090.97/69437.12/34727.31) lat (ms,95%): 26.68 err/s: 0.00 reconn/s: 0.00
[ 100s ] thds: 256 tps: 17382.79 qps: 347701.65 (r/w/o: 243366.42/69569.75/34765.47) lat (ms,95%): 26.68 err/s: 0.00 reconn/s: 0.00
[ 110s ] thds: 256 tps: 17361.16 qps: 347198.40 (r/w/o: 243066.97/69409.02/34722.41) lat (ms,95%): 26.68 err/s: 0.00 reconn/s: 0.00
[ 120s ] thds: 256 tps: 17354.10 qps: 347075.09 (r/w/o: 242943.40/69423.40/34708.30) lat (ms,95%): 26.68 err/s: 0.00 reconn/s: 0.00
[ 130s ] thds: 256 tps: 17401.05 qps: 347986.39 (r/w/o: 243594.99/69589.30/34802.10) lat (ms,95%): 26.68 err/s: 0.00 reconn/s: 0.00
[ 140s ] thds: 256 tps: 17360.32 qps: 347127.49 (r/w/o: 242950.08/69458.78/34718.64) lat (ms,95%): 26.68 err/s: 0.00 reconn/s: 0.00
[ 150s ] thds: 256 tps: 17455.00 qps: 349155.79 (r/w/o: 244438.40/69805.80/34911.60) lat (ms,95%): 26.20 err/s: 0.00 reconn/s: 0.00
[ 160s ] thds: 256 tps: 17456.35 qps: 349204.83 (r/w/o: 244438.15/69853.59/34913.09) lat (ms,95%): 26.20 err/s: 0.00 reconn/s: 0.00
[ 170s ] thds: 256 tps: 17419.69 qps: 348281.65 (r/w/o: 243785.72/69657.35/34838.57) lat (ms,95%): 26.68 err/s: 0.00 reconn/s: 0.00
[ 180s ] thds: 256 tps: 17410.71 qps: 348253.21 (r/w/o: 243767.34/69665.24/34820.62) lat (ms,95%): 26.20 err/s: 0.00 reconn/s: 0.00
[ 190s ] thds: 256 tps: 17437.00 qps: 348818.01 (r/w/o: 244202.61/69739.40/34876.00) lat (ms,95%): 26.68 err/s: 0.00 reconn/s: 0.00
[ 200s ] thds: 256 tps: 17439.48 qps: 348769.55 (r/w/o: 244121.35/69769.53/34878.66) lat (ms,95%): 26.20 err/s: 0.00 reconn/s: 0.00
[ 210s ] thds: 256 tps: 17337.96 qps: 346691.85 (r/w/o: 242696.00/69319.73/34676.11) lat (ms,95%): 26.68 err/s: 0.10 reconn/s: 0.00
[ 220s ] thds: 256 tps: 17463.72 qps: 349315.45 (r/w/o: 244510.54/69877.67/34927.23) lat (ms,95%): 26.68 err/s: 0.10 reconn/s: 0.00
[ 230s ] thds: 256 tps: 17374.63 qps: 347521.11 (r/w/o: 243293.15/69477.90/34750.05) lat (ms,95%): 26.68 err/s: 0.00 reconn/s: 0.00
[ 240s ] thds: 256 tps: 17387.67 qps: 347719.13 (r/w/o: 243389.20/69554.39/34775.54) lat (ms,95%): 26.68 err/s: 0.10 reconn/s: 0.00
[ 250s ] thds: 256 tps: 17413.52 qps: 348373.12 (r/w/o: 243847.32/69698.56/34827.23) lat (ms,95%): 26.68 err/s: 0.00 reconn/s: 0.00
[ 260s ] thds: 256 tps: 17382.56 qps: 347471.91 (r/w/o: 243235.18/69472.22/34764.51) lat (ms,95%): 26.20 err/s: 0.00 reconn/s: 0.00
[ 270s ] thds: 256 tps: 17167.74 qps: 343512.48 (r/w/o: 240465.74/68710.56/34336.18) lat (ms,95%): 26.68 err/s: 0.00 reconn/s: 0.00
[ 280s ] thds: 256 tps: 17221.33 qps: 344342.00 (r/w/o: 241032.52/68867.02/34442.46) lat (ms,95%): 26.68 err/s: 0.00 reconn/s: 0.00
[ 290s ] thds: 256 tps: 17178.13 qps: 343618.00 (r/w/o: 240543.95/68717.60/34356.45) lat (ms,95%): 26.68 err/s: 0.00 reconn/s: 0.00
[ 300s ] thds: 256 tps: 17128.42 qps: 342473.53 (r/w/o: 239728.43/68488.77/34256.33) lat (ms,95%): 26.68 err/s: 0.00 reconn/s: 0.00
[ 310s ] thds: 256 tps: 17162.35 qps: 343300.25 (r/w/o: 240320.24/68654.71/34325.30) lat (ms,95%): 26.68 err/s: 0.10 reconn/s: 0.00
[ 320s ] thds: 256 tps: 17150.32 qps: 343007.18 (r/w/o: 240097.73/68608.70/34300.75) lat (ms,95%): 26.68 err/s: 0.00 reconn/s: 0.00
[ 330s ] thds: 256 tps: 17185.93 qps: 343701.90 (r/w/o: 240582.19/68748.24/34371.47) lat (ms,95%): 26.68 err/s: 0.00 reconn/s: 0.00
[ 340s ] thds: 256 tps: 17083.21 qps: 341594.74 (r/w/o: 239110.07/68318.55/34166.12) lat (ms,95%): 27.17 err/s: 0.00 reconn/s: 0.00
[ 350s ] thds: 256 tps: 17147.58 qps: 343029.31 (r/w/o: 240130.02/68603.72/34295.56) lat (ms,95%): 26.68 err/s: 0.00 reconn/s: 0.00
[ 360s ] thds: 256 tps: 17083.84 qps: 341719.97 (r/w/o: 239212.94/68338.95/34168.08) lat (ms,95%): 27.17 err/s: 0.00 reconn/s: 0.00
[ 370s ] thds: 256 tps: 17108.44 qps: 342104.60 (r/w/o: 239443.73/68444.28/34216.59) lat (ms,95%): 27.17 err/s: 0.00 reconn/s: 0.00
[ 380s ] thds: 256 tps: 16933.49 qps: 338701.37 (r/w/o: 237109.70/67724.88/33866.79) lat (ms,95%): 27.17 err/s: 0.00 reconn/s: 0.00
SQL statistics:
    queries performed:
        read:                            91544838
        write:                           26155648
        other:                           13077844
        total:                           130778330
    transactions:                        6538912 (17188.87 per sec.)
    queries:                             130778330 (343777.58 per sec.)
    ignored errors:                      5      (0.01 per sec.)
    reconnects:                          0      (0.00 per sec.)

General statistics:
    total time:                          380.4146s
    total number of events:              6538912

Latency (ms):
         min:                                    2.61
         avg:                                   14.88
         max:                                  420.21
         95th percentile:                       26.68
         sum:                             97275218.41

Threads fairness:
    events (avg/stddev):           25542.6250/822.79
    execution time (avg/stddev):   379.9813/0.06

