sysbench 1.0.20-ebf1c90 (using bundled LuaJIT 2.1.0-beta2)

Running the test with following options:
Number of threads: 32
Report intermediate results every 10 second(s)
Initializing random number generator from current time


Initializing worker threads...

Threads started!

[ 10s ] thds: 32 tps: 8388.82 qps: 167809.71 (r/w/o: 117471.72/33557.16/16780.83) lat (ms,95%): 4.65 err/s: 0.00 reconn/s: 0.00
[ 20s ] thds: 32 tps: 9470.71 qps: 189413.46 (r/w/o: 132590.41/37881.63/18941.42) lat (ms,95%): 4.65 err/s: 0.00 reconn/s: 0.00
[ 30s ] thds: 32 tps: 10801.37 qps: 216033.51 (r/w/o: 151223.92/43206.96/21602.63) lat (ms,95%): 4.10 err/s: 0.00 reconn/s: 0.00
[ 40s ] thds: 32 tps: 11437.51 qps: 228742.66 (r/w/o: 160118.48/45749.25/22874.93) lat (ms,95%): 3.96 err/s: 0.00 reconn/s: 0.00
[ 50s ] thds: 32 tps: 11798.47 qps: 235967.28 (r/w/o: 165177.24/47193.20/23596.85) lat (ms,95%): 3.89 err/s: 0.00 reconn/s: 0.00
[ 60s ] thds: 32 tps: 12011.00 qps: 240222.56 (r/w/o: 168155.05/48045.21/24022.31) lat (ms,95%): 3.82 err/s: 0.00 reconn/s: 0.00
[ 70s ] thds: 32 tps: 12156.07 qps: 243120.29 (r/w/o: 170183.94/48624.30/24312.05) lat (ms,95%): 3.82 err/s: 0.00 reconn/s: 0.00
[ 80s ] thds: 32 tps: 11997.23 qps: 239942.34 (r/w/o: 167958.68/47989.21/23994.45) lat (ms,95%): 3.89 err/s: 0.00 reconn/s: 0.00
[ 90s ] thds: 32 tps: 12868.91 qps: 257380.46 (r/w/o: 180168.18/51474.45/25737.83) lat (ms,95%): 3.62 err/s: 0.00 reconn/s: 0.00
[ 100s ] thds: 32 tps: 12556.60 qps: 251137.09 (r/w/o: 175795.96/50227.82/25113.31) lat (ms,95%): 3.82 err/s: 0.00 reconn/s: 0.00
[ 110s ] thds: 32 tps: 12281.83 qps: 245637.19 (r/w/o: 171946.72/49126.82/24563.66) lat (ms,95%): 3.96 err/s: 0.00 reconn/s: 0.00
[ 120s ] thds: 32 tps: 12449.21 qps: 248976.26 (r/w/o: 174282.51/49795.53/24898.22) lat (ms,95%): 3.82 err/s: 0.00 reconn/s: 0.00
[ 130s ] thds: 32 tps: 13043.07 qps: 260863.71 (r/w/o: 182604.62/52172.76/26086.33) lat (ms,95%): 3.55 err/s: 0.00 reconn/s: 0.00
[ 140s ] thds: 32 tps: 12878.75 qps: 257579.56 (r/w/o: 180306.45/51515.81/25757.31) lat (ms,95%): 3.62 err/s: 0.00 reconn/s: 0.00
[ 150s ] thds: 32 tps: 12531.06 qps: 250617.19 (r/w/o: 175431.13/50123.94/25062.12) lat (ms,95%): 3.75 err/s: 0.00 reconn/s: 0.00
[ 160s ] thds: 32 tps: 13072.49 qps: 261454.10 (r/w/o: 183018.63/52290.28/26145.19) lat (ms,95%): 3.36 err/s: 0.00 reconn/s: 0.00
[ 170s ] thds: 32 tps: 13209.47 qps: 264186.17 (r/w/o: 184930.66/52836.57/26418.94) lat (ms,95%): 3.43 err/s: 0.00 reconn/s: 0.00
[ 180s ] thds: 32 tps: 12619.78 qps: 252393.91 (r/w/o: 176675.73/50478.92/25239.26) lat (ms,95%): 3.75 err/s: 0.00 reconn/s: 0.00
[ 190s ] thds: 32 tps: 13188.39 qps: 263770.62 (r/w/o: 184638.90/52754.74/26376.97) lat (ms,95%): 3.43 err/s: 0.00 reconn/s: 0.00
[ 200s ] thds: 32 tps: 13107.84 qps: 262153.84 (r/w/o: 183507.49/52430.77/26215.58) lat (ms,95%): 3.49 err/s: 0.00 reconn/s: 0.00
[ 210s ] thds: 32 tps: 13011.44 qps: 260232.95 (r/w/o: 182164.20/52045.87/26022.89) lat (ms,95%): 3.49 err/s: 0.00 reconn/s: 0.00
[ 220s ] thds: 32 tps: 12172.49 qps: 243450.74 (r/w/o: 170414.82/48690.95/24344.97) lat (ms,95%): 4.33 err/s: 0.00 reconn/s: 0.00
[ 230s ] thds: 32 tps: 12788.72 qps: 255769.44 (r/w/o: 179038.01/51153.89/25577.54) lat (ms,95%): 3.62 err/s: 0.00 reconn/s: 0.00
[ 240s ] thds: 32 tps: 13104.06 qps: 262081.44 (r/w/o: 183456.70/52416.63/26208.11) lat (ms,95%): 3.49 err/s: 0.00 reconn/s: 0.00
[ 250s ] thds: 32 tps: 13118.14 qps: 262363.73 (r/w/o: 183655.11/52472.35/26236.27) lat (ms,95%): 3.43 err/s: 0.00 reconn/s: 0.00
[ 260s ] thds: 32 tps: 12654.91 qps: 253102.14 (r/w/o: 177172.17/50620.35/25309.62) lat (ms,95%): 3.75 err/s: 0.00 reconn/s: 0.00
[ 270s ] thds: 32 tps: 12927.16 qps: 258541.25 (r/w/o: 180978.27/51708.45/25854.52) lat (ms,95%): 3.68 err/s: 0.00 reconn/s: 0.00
[ 280s ] thds: 32 tps: 13154.92 qps: 263094.29 (r/w/o: 184166.44/52618.10/26309.75) lat (ms,95%): 3.49 err/s: 0.00 reconn/s: 0.00
[ 290s ] thds: 32 tps: 12892.58 qps: 257850.98 (r/w/o: 180494.88/51570.84/25785.27) lat (ms,95%): 3.55 err/s: 0.00 reconn/s: 0.00
[ 300s ] thds: 32 tps: 12970.94 qps: 259422.48 (r/w/o: 181595.75/51884.86/25941.88) lat (ms,95%): 3.68 err/s: 0.00 reconn/s: 0.00
[ 310s ] thds: 32 tps: 12614.54 qps: 252289.20 (r/w/o: 176602.76/50457.66/25228.78) lat (ms,95%): 3.82 err/s: 0.00 reconn/s: 0.00
[ 320s ] thds: 32 tps: 12484.83 qps: 249699.34 (r/w/o: 174788.48/49940.91/24969.95) lat (ms,95%): 3.96 err/s: 0.00 reconn/s: 0.00
[ 330s ] thds: 32 tps: 12831.87 qps: 256631.90 (r/w/o: 179642.81/51325.36/25663.73) lat (ms,95%): 3.68 err/s: 0.00 reconn/s: 0.00
[ 340s ] thds: 32 tps: 12962.81 qps: 259259.32 (r/w/o: 181482.39/51851.32/25925.61) lat (ms,95%): 3.62 err/s: 0.00 reconn/s: 0.00
[ 350s ] thds: 32 tps: 12529.47 qps: 250587.94 (r/w/o: 175410.61/50118.39/25058.94) lat (ms,95%): 3.82 err/s: 0.00 reconn/s: 0.00
[ 360s ] thds: 32 tps: 12743.26 qps: 254863.79 (r/w/o: 178404.90/50972.66/25486.23) lat (ms,95%): 3.68 err/s: 0.00 reconn/s: 0.00
[ 370s ] thds: 32 tps: 12801.59 qps: 256036.99 (r/w/o: 179226.56/51206.96/25603.48) lat (ms,95%): 3.82 err/s: 0.00 reconn/s: 0.00
[ 380s ] thds: 32 tps: 13020.18 qps: 260400.21 (r/w/o: 182280.23/52079.92/26040.06) lat (ms,95%): 3.68 err/s: 0.00 reconn/s: 0.00
SQL statistics:
    queries performed:
        read:                            66171924
        write:                           18906264
        other:                           9453132
        total:                           94531320
    transactions:                        4726566 (12437.81 per sec.)
    queries:                             94531320 (248756.16 per sec.)
    ignored errors:                      0      (0.00 per sec.)
    reconnects:                          0      (0.00 per sec.)

General statistics:
    total time:                          380.0150s
    total number of events:              4726566

Latency (ms):
         min:                                    1.55
         avg:                                    2.57
         max:                                  117.00
         95th percentile:                        3.75
         sum:                             12156768.93

Threads fairness:
    events (avg/stddev):           147705.1875/9898.44
    execution time (avg/stddev):   379.8990/0.01

