sysbench 1.0.20-ebf1c90 (using bundled LuaJIT 2.1.0-beta2)

Running the test with following options:
Number of threads: 256
Report intermediate results every 10 second(s)
Initializing random number generator from current time


Initializing worker threads...

Threads started!

[ 10s ] thds: 256 tps: 48946.77 qps: 979203.80 (r/w/o: 685485.57/195800.09/97918.14) lat (ms,95%): 7.43 err/s: 0.00 reconn/s: 0.00
[ 20s ] thds: 256 tps: 49759.07 qps: 995175.25 (r/w/o: 696619.81/199036.99/99518.44) lat (ms,95%): 7.17 err/s: 0.00 reconn/s: 0.00
[ 30s ] thds: 256 tps: 50913.73 qps: 1018307.49 (r/w/o: 712824.69/203655.54/101827.27) lat (ms,95%): 7.04 err/s: 0.00 reconn/s: 0.00
[ 40s ] thds: 256 tps: 51197.86 qps: 1023933.18 (r/w/o: 716747.63/204789.84/102395.72) lat (ms,95%): 7.04 err/s: 0.00 reconn/s: 0.00
[ 50s ] thds: 256 tps: 51407.36 qps: 1028129.06 (r/w/o: 719684.41/205629.83/102814.82) lat (ms,95%): 7.04 err/s: 0.00 reconn/s: 0.00
[ 60s ] thds: 256 tps: 51241.66 qps: 1024846.03 (r/w/o: 717396.99/204966.13/102482.91) lat (ms,95%): 7.04 err/s: 0.00 reconn/s: 0.00
[ 70s ] thds: 256 tps: 51137.66 qps: 1022736.44 (r/w/o: 715911.27/204549.75/102275.42) lat (ms,95%): 7.04 err/s: 0.00 reconn/s: 0.00
[ 80s ] thds: 256 tps: 51004.91 qps: 1020105.02 (r/w/o: 714076.46/204017.84/102010.72) lat (ms,95%): 7.04 err/s: 0.00 reconn/s: 0.00
[ 90s ] thds: 256 tps: 51099.19 qps: 1022007.62 (r/w/o: 715410.88/204398.46/102198.28) lat (ms,95%): 7.04 err/s: 0.00 reconn/s: 0.00
[ 100s ] thds: 256 tps: 51321.70 qps: 1026414.83 (r/w/o: 718483.62/205288.01/102643.20) lat (ms,95%): 7.04 err/s: 0.00 reconn/s: 0.00
[ 110s ] thds: 256 tps: 51088.89 qps: 1021779.24 (r/w/o: 715248.18/204352.87/102178.18) lat (ms,95%): 7.04 err/s: 0.00 reconn/s: 0.00
[ 120s ] thds: 256 tps: 51057.50 qps: 1021157.17 (r/w/o: 714805.58/204237.39/102114.20) lat (ms,95%): 7.04 err/s: 0.00 reconn/s: 0.00
[ 130s ] thds: 256 tps: 51131.63 qps: 1022664.19 (r/w/o: 715871.61/204529.32/102263.26) lat (ms,95%): 7.04 err/s: 0.00 reconn/s: 0.00
[ 140s ] thds: 256 tps: 51080.17 qps: 1021609.38 (r/w/o: 715134.47/204313.58/102161.34) lat (ms,95%): 7.04 err/s: 0.00 reconn/s: 0.00
[ 150s ] thds: 256 tps: 51135.04 qps: 1022695.38 (r/w/o: 715881.11/204545.08/102269.19) lat (ms,95%): 7.04 err/s: 0.00 reconn/s: 0.00
[ 160s ] thds: 256 tps: 51217.88 qps: 1024338.14 (r/w/o: 717034.35/204867.53/102436.26) lat (ms,95%): 7.04 err/s: 0.00 reconn/s: 0.00
[ 170s ] thds: 256 tps: 51251.03 qps: 1025014.22 (r/w/o: 717506.63/205005.22/102502.36) lat (ms,95%): 7.04 err/s: 0.00 reconn/s: 0.00
[ 180s ] thds: 256 tps: 51119.79 qps: 1022357.73 (r/w/o: 715646.41/204472.75/102238.57) lat (ms,95%): 7.04 err/s: 0.00 reconn/s: 0.00
[ 190s ] thds: 256 tps: 50992.26 qps: 1019891.99 (r/w/o: 713933.40/203973.46/101985.13) lat (ms,95%): 7.04 err/s: 0.00 reconn/s: 0.00
[ 200s ] thds: 256 tps: 50791.45 qps: 1015802.81 (r/w/o: 711057.54/203162.68/101582.59) lat (ms,95%): 7.04 err/s: 0.00 reconn/s: 0.00
[ 210s ] thds: 256 tps: 50745.27 qps: 1014932.91 (r/w/o: 710450.42/202992.96/101489.53) lat (ms,95%): 7.04 err/s: 0.00 reconn/s: 0.00
[ 220s ] thds: 256 tps: 50747.23 qps: 1014912.20 (r/w/o: 710435.25/202980.80/101496.15) lat (ms,95%): 7.04 err/s: 0.00 reconn/s: 0.00
[ 230s ] thds: 256 tps: 50762.93 qps: 1015299.87 (r/w/o: 710721.10/203052.71/101526.06) lat (ms,95%): 7.04 err/s: 0.00 reconn/s: 0.00
[ 240s ] thds: 256 tps: 50738.56 qps: 1014751.35 (r/w/o: 710323.58/202951.25/101476.53) lat (ms,95%): 7.04 err/s: 0.00 reconn/s: 0.00
[ 250s ] thds: 256 tps: 50764.10 qps: 1015254.78 (r/w/o: 710673.45/203053.82/101527.51) lat (ms,95%): 7.04 err/s: 0.00 reconn/s: 0.00
[ 260s ] thds: 256 tps: 50683.71 qps: 1013686.42 (r/w/o: 709586.78/202731.22/101368.41) lat (ms,95%): 7.04 err/s: 0.00 reconn/s: 0.00
[ 270s ] thds: 256 tps: 50764.79 qps: 1015346.28 (r/w/o: 710749.65/203066.76/101529.88) lat (ms,95%): 7.04 err/s: 0.00 reconn/s: 0.00
[ 280s ] thds: 256 tps: 50596.78 qps: 1011906.48 (r/w/o: 708326.51/202387.72/101192.26) lat (ms,95%): 7.04 err/s: 0.00 reconn/s: 0.00
[ 290s ] thds: 256 tps: 50353.13 qps: 1007057.37 (r/w/o: 704940.07/201410.23/100707.07) lat (ms,95%): 7.04 err/s: 0.00 reconn/s: 0.00
[ 300s ] thds: 256 tps: 50280.46 qps: 1005644.56 (r/w/o: 703952.98/201130.45/100561.13) lat (ms,95%): 7.04 err/s: 0.00 reconn/s: 0.00
[ 310s ] thds: 256 tps: 50369.74 qps: 1007351.39 (r/w/o: 705142.12/201470.78/100738.49) lat (ms,95%): 7.17 err/s: 0.00 reconn/s: 0.00
[ 320s ] thds: 256 tps: 50374.96 qps: 1007514.57 (r/w/o: 705261.99/201501.85/100750.73) lat (ms,95%): 7.17 err/s: 0.00 reconn/s: 0.00
[ 330s ] thds: 256 tps: 50237.60 qps: 1004777.97 (r/w/o: 703342.45/200960.11/100475.41) lat (ms,95%): 7.17 err/s: 0.00 reconn/s: 0.00
[ 340s ] thds: 256 tps: 50371.55 qps: 1007368.78 (r/w/o: 705153.18/201473.00/100742.60) lat (ms,95%): 7.17 err/s: 0.00 reconn/s: 0.00
[ 350s ] thds: 256 tps: 50197.82 qps: 1003997.37 (r/w/o: 702805.76/200796.07/100395.54) lat (ms,95%): 7.17 err/s: 0.00 reconn/s: 0.00
[ 360s ] thds: 256 tps: 50330.53 qps: 1006606.02 (r/w/o: 704630.66/201313.70/100661.65) lat (ms,95%): 7.17 err/s: 0.00 reconn/s: 0.00
[ 370s ] thds: 256 tps: 50194.24 qps: 1003865.87 (r/w/o: 702698.11/200779.87/100387.89) lat (ms,95%): 7.17 err/s: 0.00 reconn/s: 0.00
[ 380s ] thds: 256 tps: 50146.19 qps: 1002943.96 (r/w/o: 702060.90/200593.67/100289.39) lat (ms,95%): 7.17 err/s: 0.00 reconn/s: 0.00
SQL statistics:
    queries performed:
        read:                            269861900
        write:                           77103398
        other:                           38551702
        total:                           385517000
    transactions:                        19275850 (50702.98 per sec.)
    queries:                             385517000 (1014059.61 per sec.)
    ignored errors:                      0      (0.00 per sec.)
    reconnects:                          0      (0.00 per sec.)

General statistics:
    total time:                          380.1710s
    total number of events:              19275850

Latency (ms):
         min:                                    2.02
         avg:                                    5.05
         max:                                  129.56
         95th percentile:                        7.04
         sum:                             97259826.99

Threads fairness:
    events (avg/stddev):           75296.2891/3686.92
    execution time (avg/stddev):   379.9212/0.01

