sysbench 1.0.20-ebf1c90 (using bundled LuaJIT 2.1.0-beta2)

Running the test with following options:
Number of threads: 256
Report intermediate results every 10 second(s)
Initializing random number generator from current time


Initializing worker threads...

Threads started!

[ 10s ] thds: 256 tps: 32399.81 qps: 648301.43 (r/w/o: 453859.99/129617.03/64824.41) lat (ms,95%): 12.75 err/s: 0.00 reconn/s: 0.00
[ 20s ] thds: 256 tps: 34176.03 qps: 683531.86 (r/w/o: 478466.09/136714.11/68351.66) lat (ms,95%): 11.87 err/s: 0.00 reconn/s: 0.00
[ 30s ] thds: 256 tps: 35134.39 qps: 702717.82 (r/w/o: 491920.07/140527.76/70269.98) lat (ms,95%): 11.45 err/s: 0.00 reconn/s: 0.00
[ 40s ] thds: 256 tps: 35025.17 qps: 700485.14 (r/w/o: 490321.84/140113.07/70050.23) lat (ms,95%): 11.45 err/s: 0.00 reconn/s: 0.00
[ 50s ] thds: 256 tps: 35264.99 qps: 705236.02 (r/w/o: 493666.78/141039.86/70529.38) lat (ms,95%): 11.24 err/s: 0.00 reconn/s: 0.00
[ 60s ] thds: 256 tps: 35292.11 qps: 705852.70 (r/w/o: 494097.84/141170.64/70584.22) lat (ms,95%): 11.45 err/s: 0.00 reconn/s: 0.00
[ 70s ] thds: 256 tps: 35370.02 qps: 707395.83 (r/w/o: 495168.70/141489.99/70737.14) lat (ms,95%): 11.24 err/s: 0.00 reconn/s: 0.00
[ 80s ] thds: 256 tps: 35154.18 qps: 703084.12 (r/w/o: 492164.64/140607.73/70311.76) lat (ms,95%): 11.45 err/s: 0.00 reconn/s: 0.00
[ 90s ] thds: 256 tps: 35195.29 qps: 703933.18 (r/w/o: 492749.81/140792.78/70390.59) lat (ms,95%): 11.45 err/s: 0.00 reconn/s: 0.00
[ 100s ] thds: 256 tps: 35229.18 qps: 704572.81 (r/w/o: 493205.45/140911.00/70456.35) lat (ms,95%): 11.24 err/s: 0.00 reconn/s: 0.00
[ 110s ] thds: 256 tps: 35268.49 qps: 705415.21 (r/w/o: 493798.70/141077.44/70539.07) lat (ms,95%): 11.24 err/s: 0.00 reconn/s: 0.00
[ 120s ] thds: 256 tps: 35162.97 qps: 703302.12 (r/w/o: 492301.42/140674.46/70326.23) lat (ms,95%): 11.45 err/s: 0.10 reconn/s: 0.00
[ 130s ] thds: 256 tps: 35118.85 qps: 702279.80 (r/w/o: 491590.43/140452.48/70236.89) lat (ms,95%): 11.65 err/s: 0.00 reconn/s: 0.00
[ 140s ] thds: 256 tps: 35108.68 qps: 702186.44 (r/w/o: 491536.54/140431.63/70218.26) lat (ms,95%): 11.45 err/s: 0.00 reconn/s: 0.00
[ 150s ] thds: 256 tps: 35230.17 qps: 704587.24 (r/w/o: 493219.73/140907.97/70459.53) lat (ms,95%): 11.45 err/s: 0.00 reconn/s: 0.00
[ 160s ] thds: 256 tps: 35062.93 qps: 701319.05 (r/w/o: 490914.29/140279.21/70125.56) lat (ms,95%): 11.45 err/s: 0.00 reconn/s: 0.00
[ 170s ] thds: 256 tps: 34910.79 qps: 698187.97 (r/w/o: 488748.91/139616.27/69822.79) lat (ms,95%): 11.87 err/s: 0.00 reconn/s: 0.00
[ 180s ] thds: 256 tps: 34918.04 qps: 698402.56 (r/w/o: 488871.23/139695.25/69836.08) lat (ms,95%): 11.87 err/s: 0.00 reconn/s: 0.00
[ 190s ] thds: 256 tps: 35056.20 qps: 701098.02 (r/w/o: 490773.05/140212.58/70112.39) lat (ms,95%): 11.65 err/s: 0.00 reconn/s: 0.00
[ 200s ] thds: 256 tps: 34774.16 qps: 695542.89 (r/w/o: 486865.43/139129.14/69548.32) lat (ms,95%): 11.87 err/s: 0.00 reconn/s: 0.00
[ 210s ] thds: 256 tps: 34699.16 qps: 693854.42 (r/w/o: 485693.28/138763.42/69397.71) lat (ms,95%): 11.87 err/s: 0.00 reconn/s: 0.00
[ 220s ] thds: 256 tps: 34760.32 qps: 695241.18 (r/w/o: 486678.63/139042.30/69520.25) lat (ms,95%): 11.87 err/s: 0.00 reconn/s: 0.00
[ 230s ] thds: 256 tps: 34718.06 qps: 694388.98 (r/w/o: 486070.09/138882.06/69436.83) lat (ms,95%): 11.87 err/s: 0.00 reconn/s: 0.00
[ 240s ] thds: 256 tps: 34760.45 qps: 695151.28 (r/w/o: 486601.96/139028.62/69520.71) lat (ms,95%): 11.65 err/s: 0.00 reconn/s: 0.00
[ 250s ] thds: 256 tps: 34796.94 qps: 695984.44 (r/w/o: 487195.72/139197.15/69591.57) lat (ms,95%): 11.65 err/s: 0.00 reconn/s: 0.00
[ 260s ] thds: 256 tps: 34796.72 qps: 695927.84 (r/w/o: 487153.61/139179.29/69594.94) lat (ms,95%): 11.65 err/s: 0.00 reconn/s: 0.00
[ 270s ] thds: 256 tps: 34634.79 qps: 692655.52 (r/w/o: 484847.98/138536.56/69270.98) lat (ms,95%): 11.87 err/s: 0.00 reconn/s: 0.00
[ 280s ] thds: 256 tps: 34643.85 qps: 692845.69 (r/w/o: 484982.86/138575.22/69287.61) lat (ms,95%): 11.65 err/s: 0.10 reconn/s: 0.00
[ 290s ] thds: 256 tps: 34682.30 qps: 693692.47 (r/w/o: 485602.15/138725.91/69364.41) lat (ms,95%): 11.65 err/s: 0.00 reconn/s: 0.00
[ 300s ] thds: 256 tps: 34644.34 qps: 692982.29 (r/w/o: 485089.56/138603.46/69289.28) lat (ms,95%): 11.65 err/s: 0.00 reconn/s: 0.00
[ 310s ] thds: 256 tps: 34684.50 qps: 693616.73 (r/w/o: 485528.05/138720.09/69368.59) lat (ms,95%): 11.87 err/s: 0.10 reconn/s: 0.00
[ 320s ] thds: 256 tps: 34739.70 qps: 694800.87 (r/w/o: 486366.58/138954.89/69479.40) lat (ms,95%): 11.87 err/s: 0.00 reconn/s: 0.00
[ 330s ] thds: 256 tps: 34694.27 qps: 693930.92 (r/w/o: 485739.73/138802.16/69389.03) lat (ms,95%): 11.65 err/s: 0.00 reconn/s: 0.00
[ 340s ] thds: 256 tps: 34549.57 qps: 690971.59 (r/w/o: 483687.67/138185.28/69098.64) lat (ms,95%): 11.65 err/s: 0.00 reconn/s: 0.00
[ 350s ] thds: 256 tps: 34474.09 qps: 689495.85 (r/w/o: 482655.72/137891.25/68948.87) lat (ms,95%): 11.87 err/s: 0.00 reconn/s: 0.00
[ 360s ] thds: 256 tps: 34481.93 qps: 689630.82 (r/w/o: 482744.63/137922.62/68963.56) lat (ms,95%): 11.87 err/s: 0.10 reconn/s: 0.00
[ 370s ] thds: 256 tps: 34429.28 qps: 688614.16 (r/w/o: 482018.79/137736.41/68858.96) lat (ms,95%): 12.08 err/s: 0.00 reconn/s: 0.00
[ 380s ] thds: 256 tps: 34526.19 qps: 690514.48 (r/w/o: 483362.21/138099.88/69052.39) lat (ms,95%): 11.87 err/s: 0.00 reconn/s: 0.00
SQL statistics:
    queries performed:
        read:                            185163818
        write:                           52903935
        other:                           26451979
        total:                           264519732
    transactions:                        13225983 (34790.62 per sec.)
    queries:                             264519732 (695812.56 per sec.)
    ignored errors:                      4      (0.01 per sec.)
    reconnects:                          0      (0.00 per sec.)

General statistics:
    total time:                          380.1585s
    total number of events:              13225983

Latency (ms):
         min:                                    2.34
         avg:                                    7.35
         max:                                  158.67
         95th percentile:                       11.65
         sum:                             97262817.11

Threads fairness:
    events (avg/stddev):           51663.9961/1813.35
    execution time (avg/stddev):   379.9329/0.01

