sysbench 1.0.20-ebf1c90 (using bundled LuaJIT 2.1.0-beta2)

Running the test with following options:
Number of threads: 64
Report intermediate results every 10 second(s)
Initializing random number generator from current time


Initializing worker threads...

Threads started!

[ 10s ] thds: 64 tps: 24103.43 qps: 482130.28 (r/w/o: 337500.20/96417.02/48213.06) lat (ms,95%): 3.43 err/s: 0.00 reconn/s: 0.00
[ 20s ] thds: 64 tps: 24715.54 qps: 494308.36 (r/w/o: 346015.60/98861.77/49430.99) lat (ms,95%): 3.30 err/s: 0.00 reconn/s: 0.00
[ 30s ] thds: 64 tps: 24609.53 qps: 492191.50 (r/w/o: 344534.92/98437.52/49219.06) lat (ms,95%): 3.30 err/s: 0.00 reconn/s: 0.00
[ 40s ] thds: 64 tps: 24701.57 qps: 494035.40 (r/w/o: 345825.85/98806.40/49403.15) lat (ms,95%): 3.30 err/s: 0.00 reconn/s: 0.00
[ 50s ] thds: 64 tps: 24601.09 qps: 492022.09 (r/w/o: 344415.55/98404.26/49202.28) lat (ms,95%): 3.30 err/s: 0.00 reconn/s: 0.00
[ 60s ] thds: 64 tps: 24912.19 qps: 498245.43 (r/w/o: 348772.01/99649.05/49824.37) lat (ms,95%): 3.25 err/s: 0.00 reconn/s: 0.00
[ 70s ] thds: 64 tps: 24930.36 qps: 498613.71 (r/w/o: 349031.58/99721.42/49860.71) lat (ms,95%): 3.25 err/s: 0.00 reconn/s: 0.00
[ 80s ] thds: 64 tps: 24851.44 qps: 497030.48 (r/w/o: 347920.42/99407.28/49702.79) lat (ms,95%): 3.25 err/s: 0.00 reconn/s: 0.00
[ 90s ] thds: 64 tps: 24961.34 qps: 499216.62 (r/w/o: 349449.18/99844.86/49922.58) lat (ms,95%): 3.19 err/s: 0.00 reconn/s: 0.00
[ 100s ] thds: 64 tps: 24457.61 qps: 489151.91 (r/w/o: 342407.28/97829.32/48915.31) lat (ms,95%): 3.36 err/s: 0.00 reconn/s: 0.00
[ 110s ] thds: 64 tps: 24653.55 qps: 493077.97 (r/w/o: 345156.08/98614.89/49307.00) lat (ms,95%): 3.30 err/s: 0.00 reconn/s: 0.00
[ 120s ] thds: 64 tps: 24779.66 qps: 495582.28 (r/w/o: 346904.42/99118.24/49559.62) lat (ms,95%): 3.25 err/s: 0.00 reconn/s: 0.00
[ 130s ] thds: 64 tps: 24698.64 qps: 493978.39 (r/w/o: 345786.95/98794.06/49397.38) lat (ms,95%): 3.30 err/s: 0.00 reconn/s: 0.00
[ 140s ] thds: 64 tps: 24440.87 qps: 488815.97 (r/w/o: 342170.46/97763.97/48881.54) lat (ms,95%): 3.30 err/s: 0.00 reconn/s: 0.00
[ 150s ] thds: 64 tps: 24409.85 qps: 488204.94 (r/w/o: 341745.03/97640.11/48819.80) lat (ms,95%): 3.30 err/s: 0.00 reconn/s: 0.00
[ 160s ] thds: 64 tps: 24763.94 qps: 495271.99 (r/w/o: 346689.93/99054.48/49527.59) lat (ms,95%): 3.25 err/s: 0.00 reconn/s: 0.00
[ 170s ] thds: 64 tps: 24776.72 qps: 495531.51 (r/w/o: 346871.82/99106.06/49553.63) lat (ms,95%): 3.25 err/s: 0.00 reconn/s: 0.00
[ 180s ] thds: 64 tps: 24290.88 qps: 485815.31 (r/w/o: 340068.86/97164.60/48581.85) lat (ms,95%): 3.36 err/s: 0.00 reconn/s: 0.00
[ 190s ] thds: 64 tps: 24364.81 qps: 487298.80 (r/w/o: 341110.34/97458.94/48729.52) lat (ms,95%): 3.36 err/s: 0.00 reconn/s: 0.00
[ 200s ] thds: 64 tps: 24443.02 qps: 488854.09 (r/w/o: 342196.94/97771.10/48886.05) lat (ms,95%): 3.30 err/s: 0.00 reconn/s: 0.00
[ 210s ] thds: 64 tps: 24715.74 qps: 494323.37 (r/w/o: 346028.34/98863.45/49431.58) lat (ms,95%): 3.25 err/s: 0.10 reconn/s: 0.00
[ 220s ] thds: 64 tps: 24518.98 qps: 490371.35 (r/w/o: 343255.95/98077.23/49038.16) lat (ms,95%): 3.30 err/s: 0.00 reconn/s: 0.00
[ 230s ] thds: 64 tps: 24701.28 qps: 494034.69 (r/w/o: 345826.38/98805.94/49402.37) lat (ms,95%): 3.30 err/s: 0.00 reconn/s: 0.00
[ 240s ] thds: 64 tps: 24299.84 qps: 485998.26 (r/w/o: 340199.60/97198.87/48599.79) lat (ms,95%): 3.36 err/s: 0.00 reconn/s: 0.00
[ 250s ] thds: 64 tps: 24700.27 qps: 494003.01 (r/w/o: 345801.62/98800.76/49400.63) lat (ms,95%): 3.30 err/s: 0.00 reconn/s: 0.00
[ 260s ] thds: 64 tps: 24818.95 qps: 496383.51 (r/w/o: 347469.74/99275.98/49637.79) lat (ms,95%): 3.25 err/s: 0.00 reconn/s: 0.00
[ 270s ] thds: 64 tps: 24675.97 qps: 493513.00 (r/w/o: 345456.91/98704.16/49351.93) lat (ms,95%): 3.30 err/s: 0.00 reconn/s: 0.00
[ 280s ] thds: 64 tps: 24359.20 qps: 487187.30 (r/w/o: 341032.73/97436.18/48718.39) lat (ms,95%): 3.36 err/s: 0.00 reconn/s: 0.00
[ 290s ] thds: 64 tps: 24361.84 qps: 487235.25 (r/w/o: 341063.70/97448.17/48723.39) lat (ms,95%): 3.30 err/s: 0.00 reconn/s: 0.00
[ 300s ] thds: 64 tps: 24326.43 qps: 486527.60 (r/w/o: 340569.19/97305.24/48653.17) lat (ms,95%): 3.30 err/s: 0.00 reconn/s: 0.00
[ 310s ] thds: 64 tps: 24566.58 qps: 491332.30 (r/w/o: 343933.42/98265.72/49133.16) lat (ms,95%): 3.30 err/s: 0.00 reconn/s: 0.00
[ 320s ] thds: 64 tps: 24405.91 qps: 488117.76 (r/w/o: 341683.18/97622.65/48811.93) lat (ms,95%): 3.36 err/s: 0.00 reconn/s: 0.00
[ 330s ] thds: 64 tps: 24102.57 qps: 482057.51 (r/w/o: 337439.79/96412.58/48205.14) lat (ms,95%): 3.36 err/s: 0.00 reconn/s: 0.00
[ 340s ] thds: 64 tps: 24729.60 qps: 494585.26 (r/w/o: 346209.14/98917.21/49458.91) lat (ms,95%): 3.25 err/s: 0.00 reconn/s: 0.00
[ 350s ] thds: 64 tps: 24644.13 qps: 492877.14 (r/w/o: 345013.25/98575.43/49288.46) lat (ms,95%): 3.30 err/s: 0.00 reconn/s: 0.00
[ 360s ] thds: 64 tps: 24735.60 qps: 494716.24 (r/w/o: 346301.33/98943.81/49471.10) lat (ms,95%): 3.25 err/s: 0.00 reconn/s: 0.00
[ 370s ] thds: 64 tps: 24365.70 qps: 487323.33 (r/w/o: 341125.45/97466.49/48731.39) lat (ms,95%): 3.30 err/s: 0.00 reconn/s: 0.00
[ 380s ] thds: 64 tps: 24254.68 qps: 485094.77 (r/w/o: 339569.77/97015.93/48509.07) lat (ms,95%): 3.36 err/s: 0.00 reconn/s: 0.00
SQL statistics:
    queries performed:
        read:                            130726218
        write:                           37350346
        other:                           18675174
        total:                           186751738
    transactions:                        9337586 (24570.51 per sec.)
    queries:                             186751738 (491410.34 per sec.)
    ignored errors:                      1      (0.00 per sec.)
    reconnects:                          0      (0.00 per sec.)

General statistics:
    total time:                          380.0312s
    total number of events:              9337586

Latency (ms):
         min:                                    1.61
         avg:                                    2.60
         max:                                  120.89
         95th percentile:                        3.30
         sum:                             24313193.48

Threads fairness:
    events (avg/stddev):           145899.7812/6393.11
    execution time (avg/stddev):   379.8936/0.01

