sysbench 1.0.20-ebf1c90 (using bundled LuaJIT 2.1.0-beta2)

Running the test with following options:
Number of threads: 256
Report intermediate results every 10 second(s)
Initializing random number generator from current time


Initializing worker threads...

Threads started!

[ 10s ] thds: 256 tps: 50778.27 qps: 1015844.33 (r/w/o: 711137.92/203124.87/101581.53) lat (ms,95%): 7.04 err/s: 0.00 reconn/s: 0.00
[ 20s ] thds: 256 tps: 51510.87 qps: 1030267.77 (r/w/o: 721182.46/206064.87/103020.44) lat (ms,95%): 7.17 err/s: 0.00 reconn/s: 0.00
[ 30s ] thds: 256 tps: 51696.60 qps: 1033881.37 (r/w/o: 723719.65/206767.81/103393.91) lat (ms,95%): 7.04 err/s: 0.00 reconn/s: 0.00
[ 40s ] thds: 256 tps: 52266.34 qps: 1045309.96 (r/w/o: 731715.70/209061.37/104532.89) lat (ms,95%): 6.91 err/s: 0.00 reconn/s: 0.00
[ 50s ] thds: 256 tps: 52317.22 qps: 1046348.61 (r/w/o: 732442.81/209270.76/104635.03) lat (ms,95%): 7.04 err/s: 0.00 reconn/s: 0.00
[ 60s ] thds: 256 tps: 52042.50 qps: 1040853.39 (r/w/o: 728591.56/208176.62/104085.21) lat (ms,95%): 6.91 err/s: 0.00 reconn/s: 0.00
[ 70s ] thds: 256 tps: 52033.64 qps: 1040652.39 (r/w/o: 728458.52/208127.08/104066.79) lat (ms,95%): 6.91 err/s: 0.00 reconn/s: 0.00
[ 80s ] thds: 256 tps: 51842.63 qps: 1036870.14 (r/w/o: 725815.38/207369.91/103684.85) lat (ms,95%): 7.04 err/s: 0.00 reconn/s: 0.00
[ 90s ] thds: 256 tps: 52247.27 qps: 1044949.26 (r/w/o: 731467.85/208986.87/104494.54) lat (ms,95%): 6.91 err/s: 0.00 reconn/s: 0.00
[ 100s ] thds: 256 tps: 53143.54 qps: 1062833.63 (r/w/o: 743968.01/212578.45/106287.17) lat (ms,95%): 6.79 err/s: 0.00 reconn/s: 0.00
[ 110s ] thds: 256 tps: 52990.14 qps: 1059835.94 (r/w/o: 741901.49/211953.67/105980.78) lat (ms,95%): 6.79 err/s: 0.00 reconn/s: 0.00
[ 120s ] thds: 256 tps: 53014.01 qps: 1060297.40 (r/w/o: 742204.74/212064.84/106027.82) lat (ms,95%): 6.79 err/s: 0.00 reconn/s: 0.00
[ 130s ] thds: 256 tps: 53016.46 qps: 1060330.61 (r/w/o: 742234.98/212062.12/106033.51) lat (ms,95%): 6.79 err/s: 0.00 reconn/s: 0.00
[ 140s ] thds: 256 tps: 52979.69 qps: 1059547.71 (r/w/o: 741666.66/211922.76/105958.28) lat (ms,95%): 6.79 err/s: 0.00 reconn/s: 0.00
[ 150s ] thds: 256 tps: 53053.19 qps: 1061086.06 (r/w/o: 742775.30/212203.27/106107.49) lat (ms,95%): 6.79 err/s: 0.00 reconn/s: 0.00
[ 160s ] thds: 256 tps: 52879.81 qps: 1057582.28 (r/w/o: 740301.40/211523.06/105757.83) lat (ms,95%): 6.79 err/s: 0.00 reconn/s: 0.00
[ 170s ] thds: 256 tps: 52611.52 qps: 1052334.86 (r/w/o: 736638.05/210473.37/105223.44) lat (ms,95%): 6.79 err/s: 0.00 reconn/s: 0.00
[ 180s ] thds: 256 tps: 52615.63 qps: 1052218.88 (r/w/o: 736550.90/210436.32/105231.66) lat (ms,95%): 6.91 err/s: 0.00 reconn/s: 0.00
[ 190s ] thds: 256 tps: 52698.09 qps: 1053908.69 (r/w/o: 737726.25/210785.76/105396.68) lat (ms,95%): 6.79 err/s: 0.10 reconn/s: 0.00
[ 200s ] thds: 256 tps: 52704.15 qps: 1054165.33 (r/w/o: 737928.35/210827.79/105409.19) lat (ms,95%): 6.79 err/s: 0.10 reconn/s: 0.00
[ 210s ] thds: 256 tps: 52641.57 qps: 1052779.77 (r/w/o: 736938.93/210560.09/105280.75) lat (ms,95%): 6.91 err/s: 0.00 reconn/s: 0.00
[ 220s ] thds: 256 tps: 53008.18 qps: 1060219.56 (r/w/o: 742157.69/212043.41/106018.46) lat (ms,95%): 6.79 err/s: 0.00 reconn/s: 0.00
[ 230s ] thds: 256 tps: 52938.73 qps: 1058749.45 (r/w/o: 741115.89/211756.31/105877.26) lat (ms,95%): 6.79 err/s: 0.00 reconn/s: 0.00
[ 240s ] thds: 256 tps: 53127.01 qps: 1062510.43 (r/w/o: 743755.56/212501.95/106252.92) lat (ms,95%): 6.79 err/s: 0.00 reconn/s: 0.00
[ 250s ] thds: 256 tps: 53762.24 qps: 1075262.79 (r/w/o: 752693.45/215044.46/107524.88) lat (ms,95%): 6.79 err/s: 0.00 reconn/s: 0.00
[ 260s ] thds: 256 tps: 53674.36 qps: 1073515.90 (r/w/o: 751466.54/214699.64/107349.72) lat (ms,95%): 6.67 err/s: 0.00 reconn/s: 0.00
[ 270s ] thds: 256 tps: 53365.58 qps: 1067289.12 (r/w/o: 747096.56/213462.70/106729.85) lat (ms,95%): 6.79 err/s: 0.00 reconn/s: 0.00
[ 280s ] thds: 256 tps: 53672.90 qps: 1073551.91 (r/w/o: 751499.94/214704.48/107347.49) lat (ms,95%): 6.67 err/s: 0.00 reconn/s: 0.00
[ 290s ] thds: 256 tps: 53507.97 qps: 1070065.40 (r/w/o: 749030.38/214019.98/107015.04) lat (ms,95%): 6.79 err/s: 0.00 reconn/s: 0.00
[ 300s ] thds: 256 tps: 53483.41 qps: 1069677.05 (r/w/o: 748775.11/213934.13/106967.82) lat (ms,95%): 6.79 err/s: 0.00 reconn/s: 0.00
[ 310s ] thds: 256 tps: 53393.70 qps: 1067857.95 (r/w/o: 747501.94/213569.61/106786.41) lat (ms,95%): 6.79 err/s: 0.00 reconn/s: 0.00
[ 320s ] thds: 256 tps: 53298.50 qps: 1066009.84 (r/w/o: 746210.36/213201.59/106597.89) lat (ms,95%): 6.79 err/s: 0.00 reconn/s: 0.00
[ 330s ] thds: 256 tps: 53251.01 qps: 1064991.74 (r/w/o: 745490.40/212999.73/106501.61) lat (ms,95%): 6.79 err/s: 0.00 reconn/s: 0.00
[ 340s ] thds: 256 tps: 53269.37 qps: 1065370.64 (r/w/o: 745758.91/213073.69/106538.04) lat (ms,95%): 6.79 err/s: 0.00 reconn/s: 0.00
[ 350s ] thds: 256 tps: 52974.87 qps: 1059554.46 (r/w/o: 741700.82/211903.09/105950.55) lat (ms,95%): 6.79 err/s: 0.00 reconn/s: 0.00
[ 360s ] thds: 256 tps: 52867.58 qps: 1057314.67 (r/w/o: 740106.47/211473.43/105734.77) lat (ms,95%): 6.79 err/s: 0.00 reconn/s: 0.00
[ 370s ] thds: 256 tps: 52818.98 qps: 1056374.30 (r/w/o: 739465.59/211271.14/105637.57) lat (ms,95%): 6.91 err/s: 0.00 reconn/s: 0.00
[ 380s ] thds: 256 tps: 52675.47 qps: 1053554.49 (r/w/o: 737499.24/210704.50/105350.75) lat (ms,95%): 6.91 err/s: 0.00 reconn/s: 0.00
SQL statistics:
    queries performed:
        read:                            280868784
        write:                           80248216
        other:                           40124116
        total:                           401241116
    transactions:                        20062054 (52762.04 per sec.)
    queries:                             401241116 (1055240.82 per sec.)
    ignored errors:                      2      (0.01 per sec.)
    reconnects:                          0      (0.00 per sec.)

General statistics:
    total time:                          380.2356s
    total number of events:              20062054

Latency (ms):
         min:                                    1.81
         avg:                                    4.85
         max:                                  234.18
         95th percentile:                        6.91
         sum:                             97261256.31

Threads fairness:
    events (avg/stddev):           78367.3984/2186.37
    execution time (avg/stddev):   379.9268/0.04

