sysbench 1.0.20-ebf1c90 (using bundled LuaJIT 2.1.0-beta2)

Running the test with following options:
Number of threads: 256
Report intermediate results every 10 second(s)
Initializing random number generator from current time


Initializing worker threads...

Threads started!

[ 10s ] thds: 256 tps: 17821.70 qps: 356765.77 (r/w/o: 249757.30/71340.38/35668.09) lat (ms,95%): 25.74 err/s: 0.00 reconn/s: 0.00
[ 20s ] thds: 256 tps: 18388.70 qps: 367766.53 (r/w/o: 257456.85/73531.29/36778.39) lat (ms,95%): 25.28 err/s: 0.00 reconn/s: 0.00
[ 30s ] thds: 256 tps: 18772.18 qps: 375504.74 (r/w/o: 262858.65/75101.73/37544.36) lat (ms,95%): 24.38 err/s: 0.00 reconn/s: 0.00
[ 40s ] thds: 256 tps: 19099.74 qps: 381952.84 (r/w/o: 267354.69/76399.77/38198.38) lat (ms,95%): 23.52 err/s: 0.00 reconn/s: 0.00
[ 50s ] thds: 256 tps: 19362.82 qps: 387271.35 (r/w/o: 271105.55/77439.27/38726.54) lat (ms,95%): 23.52 err/s: 0.00 reconn/s: 0.00
[ 60s ] thds: 256 tps: 19379.44 qps: 387541.55 (r/w/o: 271280.50/77502.17/38758.89) lat (ms,95%): 23.52 err/s: 0.10 reconn/s: 0.00
[ 70s ] thds: 256 tps: 19335.31 qps: 386721.82 (r/w/o: 270696.98/77354.12/38670.71) lat (ms,95%): 23.52 err/s: 0.00 reconn/s: 0.00
[ 80s ] thds: 256 tps: 19359.49 qps: 387260.26 (r/w/o: 271071.53/77469.25/38719.48) lat (ms,95%): 23.52 err/s: 0.00 reconn/s: 0.00
[ 90s ] thds: 256 tps: 19314.06 qps: 386181.44 (r/w/o: 270343.87/77209.65/38627.92) lat (ms,95%): 23.52 err/s: 0.00 reconn/s: 0.00
[ 100s ] thds: 256 tps: 19367.34 qps: 387464.15 (r/w/o: 271223.90/77505.37/38734.89) lat (ms,95%): 23.52 err/s: 0.00 reconn/s: 0.00
[ 110s ] thds: 256 tps: 19462.18 qps: 389133.29 (r/w/o: 272363.11/77847.92/38922.26) lat (ms,95%): 23.10 err/s: 0.00 reconn/s: 0.00
[ 120s ] thds: 256 tps: 19273.50 qps: 385529.75 (r/w/o: 269894.44/77086.21/38549.11) lat (ms,95%): 23.95 err/s: 0.00 reconn/s: 0.00
[ 130s ] thds: 256 tps: 19277.41 qps: 385504.51 (r/w/o: 269825.95/77125.04/38553.52) lat (ms,95%): 23.95 err/s: 0.00 reconn/s: 0.00
[ 140s ] thds: 256 tps: 19201.76 qps: 384142.73 (r/w/o: 268913.29/76825.03/38404.41) lat (ms,95%): 23.95 err/s: 0.00 reconn/s: 0.00
[ 150s ] thds: 256 tps: 19383.27 qps: 387627.45 (r/w/o: 271357.25/77502.97/38767.24) lat (ms,95%): 23.95 err/s: 0.10 reconn/s: 0.00
[ 160s ] thds: 256 tps: 19358.40 qps: 387171.28 (r/w/o: 271004.65/77450.12/38716.51) lat (ms,95%): 23.95 err/s: 0.00 reconn/s: 0.00
[ 170s ] thds: 256 tps: 19368.64 qps: 387318.87 (r/w/o: 271126.21/77455.07/38737.59) lat (ms,95%): 23.52 err/s: 0.00 reconn/s: 0.00
[ 180s ] thds: 256 tps: 19307.11 qps: 386193.82 (r/w/o: 270350.09/77229.22/38614.51) lat (ms,95%): 23.52 err/s: 0.10 reconn/s: 0.00
[ 190s ] thds: 256 tps: 19297.26 qps: 385918.88 (r/w/o: 270153.53/77170.84/38594.52) lat (ms,95%): 23.95 err/s: 0.00 reconn/s: 0.00
[ 200s ] thds: 256 tps: 19307.23 qps: 386112.32 (r/w/o: 270272.23/77225.82/38614.26) lat (ms,95%): 23.95 err/s: 0.00 reconn/s: 0.00
[ 210s ] thds: 256 tps: 19282.99 qps: 385699.74 (r/w/o: 269966.39/77167.47/38565.88) lat (ms,95%): 23.95 err/s: 0.00 reconn/s: 0.00
[ 220s ] thds: 256 tps: 19284.83 qps: 385689.76 (r/w/o: 269999.17/77120.63/38569.97) lat (ms,95%): 23.95 err/s: 0.00 reconn/s: 0.00
[ 230s ] thds: 256 tps: 19235.91 qps: 384712.42 (r/w/o: 269298.16/76942.54/38471.72) lat (ms,95%): 23.95 err/s: 0.00 reconn/s: 0.00
[ 240s ] thds: 256 tps: 19210.73 qps: 384118.92 (r/w/o: 268876.33/76821.92/38420.66) lat (ms,95%): 23.95 err/s: 0.00 reconn/s: 0.00
[ 250s ] thds: 256 tps: 19230.65 qps: 384648.86 (r/w/o: 269271.17/76916.19/38461.50) lat (ms,95%): 23.95 err/s: 0.00 reconn/s: 0.00
[ 260s ] thds: 256 tps: 19238.02 qps: 384786.02 (r/w/o: 269339.89/76969.08/38477.04) lat (ms,95%): 24.38 err/s: 0.10 reconn/s: 0.00
[ 270s ] thds: 256 tps: 19214.08 qps: 384287.70 (r/w/o: 268987.99/76871.84/38427.87) lat (ms,95%): 23.95 err/s: 0.00 reconn/s: 0.00
[ 280s ] thds: 256 tps: 19156.89 qps: 383167.34 (r/w/o: 268248.08/76604.97/38314.28) lat (ms,95%): 23.95 err/s: 0.10 reconn/s: 0.00
[ 290s ] thds: 256 tps: 19158.91 qps: 383141.43 (r/w/o: 268178.79/76645.03/38317.61) lat (ms,95%): 23.95 err/s: 0.00 reconn/s: 0.00
[ 300s ] thds: 256 tps: 19244.21 qps: 384847.23 (r/w/o: 269386.29/76973.13/38487.81) lat (ms,95%): 23.95 err/s: 0.00 reconn/s: 0.00
[ 310s ] thds: 256 tps: 19140.01 qps: 382900.17 (r/w/o: 268055.62/76563.43/38281.12) lat (ms,95%): 23.95 err/s: 0.00 reconn/s: 0.00
[ 320s ] thds: 256 tps: 19139.12 qps: 382663.25 (r/w/o: 267842.32/76543.49/38277.45) lat (ms,95%): 23.95 err/s: 0.00 reconn/s: 0.00
[ 330s ] thds: 256 tps: 19188.84 qps: 383822.35 (r/w/o: 268675.12/76768.75/38378.47) lat (ms,95%): 23.95 err/s: 0.00 reconn/s: 0.00
[ 340s ] thds: 256 tps: 19084.21 qps: 381696.09 (r/w/o: 267202.70/76325.46/38167.93) lat (ms,95%): 23.95 err/s: 0.00 reconn/s: 0.00
[ 350s ] thds: 256 tps: 19096.64 qps: 381997.71 (r/w/o: 267398.87/76405.16/38193.68) lat (ms,95%): 23.95 err/s: 0.00 reconn/s: 0.00
[ 360s ] thds: 256 tps: 18937.22 qps: 378664.97 (r/w/o: 265047.53/75743.39/37874.05) lat (ms,95%): 24.38 err/s: 0.00 reconn/s: 0.00
[ 370s ] thds: 256 tps: 18981.11 qps: 379666.05 (r/w/o: 265767.57/75935.95/37962.52) lat (ms,95%): 24.38 err/s: 0.00 reconn/s: 0.00
[ 380s ] thds: 256 tps: 19070.34 qps: 381420.70 (r/w/o: 266999.99/76281.04/38139.67) lat (ms,95%): 23.95 err/s: 0.00 reconn/s: 0.00
SQL statistics:
    queries performed:
        read:                            101970960
        write:                           29134541
        other:                           14567289
        total:                           145672790
    transactions:                        7283635 (19157.05 per sec.)
    queries:                             145672790 (383141.18 per sec.)
    ignored errors:                      5      (0.01 per sec.)
    reconnects:                          0      (0.00 per sec.)

General statistics:
    total time:                          380.2056s
    total number of events:              7283635

Latency (ms):
         min:                                    2.42
         avg:                                   13.35
         max:                                  170.86
         95th percentile:                       23.95
         sum:                             97271851.96

Threads fairness:
    events (avg/stddev):           28451.6992/830.67
    execution time (avg/stddev):   379.9682/0.02

