sysbench 1.0.20-ebf1c90 (using bundled LuaJIT 2.1.0-beta2)

Running the test with following options:
Number of threads: 32
Report intermediate results every 10 second(s)
Initializing random number generator from current time


Initializing worker threads...

Threads started!

[ 10s ] thds: 32 tps: 8873.25 qps: 177497.76 (r/w/o: 124253.64/35494.41/17749.71) lat (ms,95%): 4.25 err/s: 0.00 reconn/s: 0.00
[ 20s ] thds: 32 tps: 10549.01 qps: 210970.74 (r/w/o: 147677.47/42195.35/21097.92) lat (ms,95%): 3.75 err/s: 0.00 reconn/s: 0.00
[ 30s ] thds: 32 tps: 11419.04 qps: 228389.62 (r/w/o: 159874.97/45676.56/22838.08) lat (ms,95%): 3.49 err/s: 0.00 reconn/s: 0.00
[ 40s ] thds: 32 tps: 12228.13 qps: 244565.27 (r/w/o: 171195.80/48913.31/24456.16) lat (ms,95%): 3.30 err/s: 0.00 reconn/s: 0.00
[ 50s ] thds: 32 tps: 12726.28 qps: 254520.42 (r/w/o: 178163.57/50904.40/25452.45) lat (ms,95%): 3.36 err/s: 0.00 reconn/s: 0.00
[ 60s ] thds: 32 tps: 12901.77 qps: 258041.15 (r/w/o: 180630.04/51607.37/25803.73) lat (ms,95%): 3.36 err/s: 0.00 reconn/s: 0.00
[ 70s ] thds: 32 tps: 13290.25 qps: 265808.64 (r/w/o: 186066.36/53161.79/26580.49) lat (ms,95%): 3.36 err/s: 0.00 reconn/s: 0.00
[ 80s ] thds: 32 tps: 13320.50 qps: 266398.56 (r/w/o: 186477.25/53280.21/26641.11) lat (ms,95%): 3.30 err/s: 0.00 reconn/s: 0.00
[ 90s ] thds: 32 tps: 13407.37 qps: 268154.29 (r/w/o: 187709.54/53630.20/26814.55) lat (ms,95%): 3.36 err/s: 0.00 reconn/s: 0.00
[ 100s ] thds: 32 tps: 13419.17 qps: 268384.36 (r/w/o: 187868.55/53677.27/26838.54) lat (ms,95%): 3.43 err/s: 0.00 reconn/s: 0.00
[ 110s ] thds: 32 tps: 12800.14 qps: 256004.44 (r/w/o: 179203.62/51200.65/25600.17) lat (ms,95%): 3.68 err/s: 0.00 reconn/s: 0.00
[ 120s ] thds: 32 tps: 13245.13 qps: 264899.78 (r/w/o: 185428.90/52980.62/26490.26) lat (ms,95%): 3.55 err/s: 0.00 reconn/s: 0.00
[ 130s ] thds: 32 tps: 12919.89 qps: 258397.80 (r/w/o: 180879.26/51678.66/25839.88) lat (ms,95%): 3.75 err/s: 0.00 reconn/s: 0.00
[ 140s ] thds: 32 tps: 13379.77 qps: 267590.67 (r/w/o: 187312.36/53518.87/26759.44) lat (ms,95%): 3.36 err/s: 0.00 reconn/s: 0.00
[ 150s ] thds: 32 tps: 13571.20 qps: 271426.71 (r/w/o: 189998.91/54285.40/27142.40) lat (ms,95%): 3.19 err/s: 0.00 reconn/s: 0.00
[ 160s ] thds: 32 tps: 13184.72 qps: 263692.82 (r/w/o: 184584.92/52738.56/26369.33) lat (ms,95%): 3.55 err/s: 0.00 reconn/s: 0.00
[ 170s ] thds: 32 tps: 12985.80 qps: 259709.34 (r/w/o: 181794.83/51943.11/25971.40) lat (ms,95%): 3.68 err/s: 0.00 reconn/s: 0.00
[ 180s ] thds: 32 tps: 13408.80 qps: 268187.61 (r/w/o: 187733.71/53636.10/26817.80) lat (ms,95%): 3.43 err/s: 0.00 reconn/s: 0.00
[ 190s ] thds: 32 tps: 13369.44 qps: 267388.90 (r/w/o: 187171.99/53477.84/26739.07) lat (ms,95%): 3.36 err/s: 0.00 reconn/s: 0.00
[ 200s ] thds: 32 tps: 13383.56 qps: 267665.97 (r/w/o: 187365.92/53533.13/26766.92) lat (ms,95%): 3.43 err/s: 0.00 reconn/s: 0.00
[ 210s ] thds: 32 tps: 13545.87 qps: 270919.07 (r/w/o: 189643.93/54183.19/27091.95) lat (ms,95%): 3.30 err/s: 0.00 reconn/s: 0.00
[ 220s ] thds: 32 tps: 13641.87 qps: 272837.20 (r/w/o: 190985.68/54567.98/27283.54) lat (ms,95%): 3.19 err/s: 0.00 reconn/s: 0.00
[ 230s ] thds: 32 tps: 13600.40 qps: 272001.84 (r/w/o: 190400.23/54400.81/27200.80) lat (ms,95%): 3.30 err/s: 0.00 reconn/s: 0.00
[ 240s ] thds: 32 tps: 13478.09 qps: 269570.53 (r/w/o: 188701.48/53912.67/26956.38) lat (ms,95%): 3.43 err/s: 0.00 reconn/s: 0.00
[ 250s ] thds: 32 tps: 13617.00 qps: 272333.31 (r/w/o: 190631.11/54468.60/27233.60) lat (ms,95%): 3.36 err/s: 0.00 reconn/s: 0.00
[ 260s ] thds: 32 tps: 13656.37 qps: 273125.83 (r/w/o: 191188.23/54624.77/27312.83) lat (ms,95%): 3.30 err/s: 0.00 reconn/s: 0.00
[ 270s ] thds: 32 tps: 13538.56 qps: 270776.95 (r/w/o: 189544.38/54155.15/27077.43) lat (ms,95%): 3.36 err/s: 0.00 reconn/s: 0.00
[ 280s ] thds: 32 tps: 13058.62 qps: 261166.17 (r/w/o: 182815.36/52233.67/26117.14) lat (ms,95%): 3.55 err/s: 0.00 reconn/s: 0.00
[ 290s ] thds: 32 tps: 13429.70 qps: 268601.28 (r/w/o: 188022.48/53719.50/26859.30) lat (ms,95%): 3.43 err/s: 0.00 reconn/s: 0.00
[ 300s ] thds: 32 tps: 13189.50 qps: 263792.24 (r/w/o: 184655.76/52757.39/26379.09) lat (ms,95%): 3.55 err/s: 0.00 reconn/s: 0.00
[ 310s ] thds: 32 tps: 13070.67 qps: 261410.53 (r/w/o: 182985.23/52283.87/26141.43) lat (ms,95%): 3.68 err/s: 0.00 reconn/s: 0.00
[ 320s ] thds: 32 tps: 13131.60 qps: 262633.73 (r/w/o: 183843.65/52526.99/26263.09) lat (ms,95%): 3.62 err/s: 0.00 reconn/s: 0.00
[ 330s ] thds: 32 tps: 12969.72 qps: 259390.78 (r/w/o: 181574.17/51877.18/25939.44) lat (ms,95%): 3.68 err/s: 0.00 reconn/s: 0.00
[ 340s ] thds: 32 tps: 12994.64 qps: 259894.91 (r/w/o: 181927.10/51978.54/25989.27) lat (ms,95%): 3.75 err/s: 0.00 reconn/s: 0.00
[ 350s ] thds: 32 tps: 13034.63 qps: 260694.07 (r/w/o: 182485.27/52139.53/26069.27) lat (ms,95%): 3.68 err/s: 0.00 reconn/s: 0.00
[ 360s ] thds: 32 tps: 13058.41 qps: 261167.80 (r/w/o: 182817.37/52233.52/26116.91) lat (ms,95%): 3.55 err/s: 0.00 reconn/s: 0.00
[ 370s ] thds: 32 tps: 13460.28 qps: 269203.76 (r/w/o: 188441.36/53841.93/26920.47) lat (ms,95%): 3.55 err/s: 0.00 reconn/s: 0.00
[ 380s ] thds: 32 tps: 13580.59 qps: 271612.22 (r/w/o: 190130.47/54320.46/27161.28) lat (ms,95%): 3.30 err/s: 0.00 reconn/s: 0.00
SQL statistics:
    queries performed:
        read:                            69222132
        write:                           19777752
        other:                           9888876
        total:                           98888760
    transactions:                        4944438 (13011.02 per sec.)
    queries:                             98888760 (260220.48 per sec.)
    ignored errors:                      0      (0.00 per sec.)
    reconnects:                          0      (0.00 per sec.)

General statistics:
    total time:                          380.0182s
    total number of events:              4944438

Latency (ms):
         min:                                    1.53
         avg:                                    2.46
         max:                                  121.45
         95th percentile:                        3.49
         sum:                             12156542.50

Threads fairness:
    events (avg/stddev):           154513.6875/9186.20
    execution time (avg/stddev):   379.8920/0.01

