sysbench 1.0.20-ebf1c90 (using bundled LuaJIT 2.1.0-beta2)

Running the test with following options:
Number of threads: 256
Report intermediate results every 10 second(s)
Initializing random number generator from current time


Initializing worker threads...

Threads started!

[ 10s ] thds: 256 tps: 50740.50 qps: 1015093.00 (r/w/o: 710612.99/202974.51/101505.50) lat (ms,95%): 7.04 err/s: 0.00 reconn/s: 0.00
[ 20s ] thds: 256 tps: 52363.44 qps: 1047257.54 (r/w/o: 733076.99/209453.27/104727.28) lat (ms,95%): 6.91 err/s: 0.00 reconn/s: 0.00
[ 30s ] thds: 256 tps: 52997.27 qps: 1059950.87 (r/w/o: 741964.43/211992.79/105993.65) lat (ms,95%): 6.79 err/s: 0.00 reconn/s: 0.00
[ 40s ] thds: 256 tps: 53228.49 qps: 1064566.62 (r/w/o: 745192.37/212917.36/106456.88) lat (ms,95%): 6.79 err/s: 0.00 reconn/s: 0.00
[ 50s ] thds: 256 tps: 53345.18 qps: 1066866.25 (r/w/o: 746804.98/213370.11/106691.15) lat (ms,95%): 6.79 err/s: 0.00 reconn/s: 0.00
[ 60s ] thds: 256 tps: 53407.62 qps: 1068213.15 (r/w/o: 747759.04/213638.97/106815.13) lat (ms,95%): 6.67 err/s: 0.00 reconn/s: 0.00
[ 70s ] thds: 256 tps: 53121.38 qps: 1062382.44 (r/w/o: 743661.35/212478.03/106243.06) lat (ms,95%): 6.67 err/s: 0.00 reconn/s: 0.00
[ 80s ] thds: 256 tps: 53151.73 qps: 1063061.06 (r/w/o: 744145.66/212611.73/106303.67) lat (ms,95%): 6.67 err/s: 0.00 reconn/s: 0.00
[ 90s ] thds: 256 tps: 53097.50 qps: 1061916.80 (r/w/o: 743334.63/212387.48/106194.69) lat (ms,95%): 6.67 err/s: 0.00 reconn/s: 0.00
[ 100s ] thds: 256 tps: 53177.84 qps: 1063533.55 (r/w/o: 744462.79/212715.67/106355.08) lat (ms,95%): 6.67 err/s: 0.00 reconn/s: 0.00
[ 110s ] thds: 256 tps: 53029.92 qps: 1060645.50 (r/w/o: 742467.31/212117.36/106060.83) lat (ms,95%): 6.67 err/s: 0.00 reconn/s: 0.00
[ 120s ] thds: 256 tps: 53254.15 qps: 1065104.01 (r/w/o: 745575.80/213020.50/106507.70) lat (ms,95%): 6.67 err/s: 0.00 reconn/s: 0.00
[ 130s ] thds: 256 tps: 52990.52 qps: 1059770.87 (r/w/o: 741829.13/211960.29/105981.45) lat (ms,95%): 6.67 err/s: 0.00 reconn/s: 0.00
[ 140s ] thds: 256 tps: 53120.34 qps: 1062493.54 (r/w/o: 743771.19/212481.17/106241.18) lat (ms,95%): 6.67 err/s: 0.00 reconn/s: 0.00
[ 150s ] thds: 256 tps: 53274.75 qps: 1065444.22 (r/w/o: 745798.21/213096.40/106549.60) lat (ms,95%): 6.67 err/s: 0.00 reconn/s: 0.00
[ 160s ] thds: 256 tps: 52934.98 qps: 1058771.94 (r/w/o: 741139.15/211762.63/105870.16) lat (ms,95%): 6.67 err/s: 0.00 reconn/s: 0.00
[ 170s ] thds: 256 tps: 52954.56 qps: 1059032.75 (r/w/o: 741326.18/211797.95/105908.63) lat (ms,95%): 6.67 err/s: 0.00 reconn/s: 0.00
[ 180s ] thds: 256 tps: 53089.45 qps: 1061751.53 (r/w/o: 743214.32/212358.81/106178.40) lat (ms,95%): 6.67 err/s: 0.00 reconn/s: 0.00
[ 190s ] thds: 256 tps: 53282.50 qps: 1065646.74 (r/w/o: 745954.63/213128.01/106564.10) lat (ms,95%): 6.67 err/s: 0.00 reconn/s: 0.00
[ 200s ] thds: 256 tps: 53522.37 qps: 1070484.27 (r/w/o: 749345.13/214092.69/107046.45) lat (ms,95%): 6.67 err/s: 0.00 reconn/s: 0.00
[ 210s ] thds: 256 tps: 51662.79 qps: 1033214.25 (r/w/o: 723246.62/206643.25/103324.37) lat (ms,95%): 7.17 err/s: 0.00 reconn/s: 0.00
[ 220s ] thds: 256 tps: 51621.01 qps: 1032420.81 (r/w/o: 722688.04/206490.84/103241.92) lat (ms,95%): 7.04 err/s: 0.00 reconn/s: 0.00
[ 230s ] thds: 256 tps: 51799.14 qps: 1035983.01 (r/w/o: 725191.70/207192.44/103598.87) lat (ms,95%): 6.91 err/s: 0.00 reconn/s: 0.00
[ 240s ] thds: 256 tps: 51698.90 qps: 1033966.42 (r/w/o: 723771.81/206799.50/103395.10) lat (ms,95%): 7.04 err/s: 0.00 reconn/s: 0.00
[ 250s ] thds: 256 tps: 52846.09 qps: 1056981.99 (r/w/o: 739892.85/211393.96/105695.18) lat (ms,95%): 6.67 err/s: 0.00 reconn/s: 0.00
[ 260s ] thds: 256 tps: 52776.04 qps: 1055451.88 (r/w/o: 738814.62/211085.48/105551.79) lat (ms,95%): 6.67 err/s: 0.10 reconn/s: 0.00
[ 270s ] thds: 256 tps: 52842.04 qps: 1056858.66 (r/w/o: 739802.10/211372.67/105683.89) lat (ms,95%): 6.67 err/s: 0.00 reconn/s: 0.00
[ 280s ] thds: 256 tps: 52614.52 qps: 1052302.56 (r/w/o: 736615.32/210457.69/105229.55) lat (ms,95%): 6.79 err/s: 0.00 reconn/s: 0.00
[ 290s ] thds: 256 tps: 52589.93 qps: 1051814.08 (r/w/o: 736278.68/210355.14/105180.27) lat (ms,95%): 6.79 err/s: 0.00 reconn/s: 0.00
[ 300s ] thds: 256 tps: 52621.45 qps: 1052416.60 (r/w/o: 736680.97/210493.42/105242.21) lat (ms,95%): 6.79 err/s: 0.00 reconn/s: 0.00
[ 310s ] thds: 256 tps: 52633.67 qps: 1052672.20 (r/w/o: 736873.55/210531.10/105267.55) lat (ms,95%): 6.79 err/s: 0.00 reconn/s: 0.00
[ 320s ] thds: 256 tps: 52702.98 qps: 1054076.90 (r/w/o: 737856.82/210814.22/105405.86) lat (ms,95%): 6.79 err/s: 0.00 reconn/s: 0.00
[ 330s ] thds: 256 tps: 52651.79 qps: 1053034.83 (r/w/o: 737124.31/210606.55/105303.97) lat (ms,95%): 6.67 err/s: 0.00 reconn/s: 0.00
[ 340s ] thds: 256 tps: 52661.08 qps: 1053217.91 (r/w/o: 737246.23/210650.22/105321.46) lat (ms,95%): 6.67 err/s: 0.00 reconn/s: 0.00
[ 350s ] thds: 256 tps: 52326.47 qps: 1046535.70 (r/w/o: 732580.28/209301.68/104653.74) lat (ms,95%): 6.79 err/s: 0.00 reconn/s: 0.00
[ 360s ] thds: 256 tps: 52506.13 qps: 1050115.04 (r/w/o: 735079.88/210023.21/105011.95) lat (ms,95%): 6.67 err/s: 0.00 reconn/s: 0.00
[ 370s ] thds: 256 tps: 52492.42 qps: 1049892.70 (r/w/o: 734937.91/209970.06/104984.73) lat (ms,95%): 6.79 err/s: 0.00 reconn/s: 0.00
[ 380s ] thds: 256 tps: 52452.37 qps: 1049013.91 (r/w/o: 734302.92/209807.96/104903.03) lat (ms,95%): 6.79 err/s: 0.00 reconn/s: 0.00
SQL statistics:
    queries performed:
        read:                            280506478
        write:                           80144705
        other:                           40072355
        total:                           400723538
    transactions:                        20036176 (52698.76 per sec.)
    queries:                             400723538 (1053975.20 per sec.)
    ignored errors:                      1      (0.00 per sec.)
    reconnects:                          0      (0.00 per sec.)

General statistics:
    total time:                          380.2011s
    total number of events:              20036176

Latency (ms):
         min:                                    1.62
         avg:                                    4.85
         max:                                  198.36
         95th percentile:                        6.79
         sum:                             97261262.43

Threads fairness:
    events (avg/stddev):           78266.3125/3355.92
    execution time (avg/stddev):   379.9268/0.04

