sysbench 1.0.20-ebf1c90 (using bundled LuaJIT 2.1.0-beta2)

Running the test with following options:
Number of threads: 64
Report intermediate results every 10 second(s)
Initializing random number generator from current time


Initializing worker threads...

Threads started!

[ 10s ] thds: 64 tps: 23765.94 qps: 475379.51 (r/w/o: 332776.30/95065.14/47538.07) lat (ms,95%): 3.43 err/s: 0.00 reconn/s: 0.00
[ 20s ] thds: 64 tps: 24860.81 qps: 497218.58 (r/w/o: 348051.19/99445.66/49721.73) lat (ms,95%): 3.25 err/s: 0.00 reconn/s: 0.00
[ 30s ] thds: 64 tps: 24687.38 qps: 493748.43 (r/w/o: 345626.14/98747.73/49374.56) lat (ms,95%): 3.25 err/s: 0.00 reconn/s: 0.00
[ 40s ] thds: 64 tps: 25094.78 qps: 501896.06 (r/w/o: 351327.29/100379.41/50189.36) lat (ms,95%): 3.25 err/s: 0.00 reconn/s: 0.00
[ 50s ] thds: 64 tps: 24341.04 qps: 486824.32 (r/w/o: 340775.87/97365.96/48682.48) lat (ms,95%): 3.30 err/s: 0.00 reconn/s: 0.00
[ 60s ] thds: 64 tps: 24399.39 qps: 487979.02 (r/w/o: 341584.70/97595.44/48798.87) lat (ms,95%): 3.30 err/s: 0.00 reconn/s: 0.00
[ 70s ] thds: 64 tps: 24779.77 qps: 495602.37 (r/w/o: 346923.56/99119.57/49559.24) lat (ms,95%): 3.25 err/s: 0.00 reconn/s: 0.00
[ 80s ] thds: 64 tps: 24831.04 qps: 496620.94 (r/w/o: 347634.19/99324.57/49662.18) lat (ms,95%): 3.25 err/s: 0.00 reconn/s: 0.00
[ 90s ] thds: 64 tps: 24715.15 qps: 494299.33 (r/w/o: 346009.12/98860.01/49430.20) lat (ms,95%): 3.25 err/s: 0.00 reconn/s: 0.00
[ 100s ] thds: 64 tps: 24699.99 qps: 494000.05 (r/w/o: 345800.73/98799.35/49399.98) lat (ms,95%): 3.30 err/s: 0.00 reconn/s: 0.00
[ 110s ] thds: 64 tps: 24703.65 qps: 494072.01 (r/w/o: 345849.93/98815.08/49406.99) lat (ms,95%): 3.25 err/s: 0.00 reconn/s: 0.00
[ 120s ] thds: 64 tps: 24375.59 qps: 487508.51 (r/w/o: 341255.27/97501.56/48751.68) lat (ms,95%): 3.30 err/s: 0.00 reconn/s: 0.00
[ 130s ] thds: 64 tps: 24709.97 qps: 494210.10 (r/w/o: 345947.78/98842.58/49419.74) lat (ms,95%): 3.30 err/s: 0.00 reconn/s: 0.00
[ 140s ] thds: 64 tps: 24310.58 qps: 486204.61 (r/w/o: 340343.06/97240.40/48621.15) lat (ms,95%): 3.36 err/s: 0.00 reconn/s: 0.00
[ 150s ] thds: 64 tps: 24668.57 qps: 493377.40 (r/w/o: 345365.45/98674.80/49337.15) lat (ms,95%): 3.30 err/s: 0.00 reconn/s: 0.00
[ 160s ] thds: 64 tps: 24566.11 qps: 491311.16 (r/w/o: 343915.01/98264.13/49132.02) lat (ms,95%): 3.30 err/s: 0.00 reconn/s: 0.00
[ 170s ] thds: 64 tps: 24595.30 qps: 491919.00 (r/w/o: 344347.07/98381.12/49190.81) lat (ms,95%): 3.30 err/s: 0.00 reconn/s: 0.00
[ 180s ] thds: 64 tps: 24553.59 qps: 491067.83 (r/w/o: 343745.61/98215.15/49107.07) lat (ms,95%): 3.30 err/s: 0.00 reconn/s: 0.00
[ 190s ] thds: 64 tps: 24677.65 qps: 493547.55 (r/w/o: 345483.17/98709.19/49355.20) lat (ms,95%): 3.30 err/s: 0.00 reconn/s: 0.00
[ 200s ] thds: 64 tps: 24318.04 qps: 486363.25 (r/w/o: 340454.29/97272.67/48636.28) lat (ms,95%): 3.30 err/s: 0.00 reconn/s: 0.00
[ 210s ] thds: 64 tps: 24605.44 qps: 492106.98 (r/w/o: 344474.45/98421.66/49210.88) lat (ms,95%): 3.30 err/s: 0.00 reconn/s: 0.00
[ 220s ] thds: 64 tps: 24567.67 qps: 491352.49 (r/w/o: 343947.04/98270.30/49135.15) lat (ms,95%): 3.30 err/s: 0.00 reconn/s: 0.00
[ 230s ] thds: 64 tps: 24705.82 qps: 494121.99 (r/w/o: 345885.05/98825.10/49411.85) lat (ms,95%): 3.25 err/s: 0.00 reconn/s: 0.00
[ 240s ] thds: 64 tps: 24313.00 qps: 486254.90 (r/w/o: 340377.70/97251.40/48625.80) lat (ms,95%): 3.30 err/s: 0.00 reconn/s: 0.00
[ 250s ] thds: 64 tps: 24574.98 qps: 491503.32 (r/w/o: 344054.13/98299.02/49150.16) lat (ms,95%): 3.30 err/s: 0.00 reconn/s: 0.00
[ 260s ] thds: 64 tps: 24758.88 qps: 495180.23 (r/w/o: 346626.24/99036.03/49517.96) lat (ms,95%): 3.25 err/s: 0.00 reconn/s: 0.00
[ 270s ] thds: 64 tps: 24724.20 qps: 494479.50 (r/w/o: 346134.10/98897.10/49448.30) lat (ms,95%): 3.30 err/s: 0.00 reconn/s: 0.00
[ 280s ] thds: 64 tps: 24655.08 qps: 493103.69 (r/w/o: 345173.18/98620.34/49310.17) lat (ms,95%): 3.25 err/s: 0.00 reconn/s: 0.00
[ 290s ] thds: 64 tps: 24384.95 qps: 487697.45 (r/w/o: 341388.73/97539.01/48769.70) lat (ms,95%): 3.30 err/s: 0.00 reconn/s: 0.00
[ 300s ] thds: 64 tps: 24431.86 qps: 488643.64 (r/w/o: 342051.47/97728.05/48864.12) lat (ms,95%): 3.30 err/s: 0.00 reconn/s: 0.00
[ 310s ] thds: 64 tps: 24540.40 qps: 490804.49 (r/w/o: 343562.06/98161.72/49080.71) lat (ms,95%): 3.30 err/s: 0.00 reconn/s: 0.00
[ 320s ] thds: 64 tps: 24375.87 qps: 487515.29 (r/w/o: 341260.84/97502.80/48751.65) lat (ms,95%): 3.30 err/s: 0.00 reconn/s: 0.00
[ 330s ] thds: 64 tps: 24477.30 qps: 489550.72 (r/w/o: 342685.94/97910.28/48954.49) lat (ms,95%): 3.30 err/s: 0.00 reconn/s: 0.00
[ 340s ] thds: 64 tps: 24260.34 qps: 485201.62 (r/w/o: 339639.31/97041.54/48520.77) lat (ms,95%): 3.30 err/s: 0.00 reconn/s: 0.00
[ 350s ] thds: 64 tps: 24648.92 qps: 492978.32 (r/w/o: 345084.70/98595.58/49298.04) lat (ms,95%): 3.30 err/s: 0.00 reconn/s: 0.00
[ 360s ] thds: 64 tps: 24175.71 qps: 483517.85 (r/w/o: 338465.08/96701.55/48351.23) lat (ms,95%): 3.36 err/s: 0.00 reconn/s: 0.00
[ 370s ] thds: 64 tps: 24486.49 qps: 489723.46 (r/w/o: 342804.33/97946.15/48972.98) lat (ms,95%): 3.30 err/s: 0.00 reconn/s: 0.00
[ 380s ] thds: 64 tps: 24239.48 qps: 484786.65 (r/w/o: 339351.06/96957.83/48477.77) lat (ms,95%): 3.36 err/s: 0.00 reconn/s: 0.00
SQL statistics:
    queries performed:
        read:                            130562474
        write:                           37303564
        other:                           18651782
        total:                           186517820
    transactions:                        9325891 (24539.38 per sec.)
    queries:                             186517820 (490787.67 per sec.)
    ignored errors:                      0      (0.00 per sec.)
    reconnects:                          0      (0.00 per sec.)

General statistics:
    total time:                          380.0368s
    total number of events:              9325891

Latency (ms):
         min:                                    1.55
         avg:                                    2.61
         max:                                  118.37
         95th percentile:                        3.30
         sum:                             24313243.70

Threads fairness:
    events (avg/stddev):           145717.0469/6562.75
    execution time (avg/stddev):   379.8944/0.01

