sysbench 1.0.20-ebf1c90 (using bundled LuaJIT 2.1.0-beta2)

Running the test with following options:
Number of threads: 256
Report intermediate results every 10 second(s)
Initializing random number generator from current time


Initializing worker threads...

Threads started!

[ 10s ] thds: 256 tps: 17074.76 qps: 341774.02 (r/w/o: 239285.58/68313.53/34174.91) lat (ms,95%): 26.68 err/s: 0.00 reconn/s: 0.00
[ 20s ] thds: 256 tps: 17817.21 qps: 356373.57 (r/w/o: 249477.52/71262.23/35633.82) lat (ms,95%): 25.28 err/s: 0.00 reconn/s: 0.00
[ 30s ] thds: 256 tps: 18172.62 qps: 363510.64 (r/w/o: 254441.94/72723.77/36344.93) lat (ms,95%): 24.38 err/s: 0.00 reconn/s: 0.00
[ 40s ] thds: 256 tps: 18461.86 qps: 369178.43 (r/w/o: 258416.86/73837.15/36924.42) lat (ms,95%): 24.38 err/s: 0.00 reconn/s: 0.00
[ 50s ] thds: 256 tps: 18791.39 qps: 375836.98 (r/w/o: 263092.12/75161.78/37583.09) lat (ms,95%): 23.52 err/s: 0.00 reconn/s: 0.00
[ 60s ] thds: 256 tps: 18787.80 qps: 375814.32 (r/w/o: 263077.45/75161.28/37575.59) lat (ms,95%): 23.95 err/s: 0.00 reconn/s: 0.00
[ 70s ] thds: 256 tps: 18881.31 qps: 377604.88 (r/w/o: 264305.82/75537.74/37761.32) lat (ms,95%): 23.95 err/s: 0.00 reconn/s: 0.00
[ 80s ] thds: 256 tps: 18891.29 qps: 377838.77 (r/w/o: 264497.04/75557.55/37784.18) lat (ms,95%): 23.95 err/s: 0.00 reconn/s: 0.00
[ 90s ] thds: 256 tps: 18855.86 qps: 377070.66 (r/w/o: 263927.11/75432.33/37711.22) lat (ms,95%): 23.52 err/s: 0.00 reconn/s: 0.00
[ 100s ] thds: 256 tps: 18958.40 qps: 379314.87 (r/w/o: 265525.35/75872.11/37917.41) lat (ms,95%): 23.52 err/s: 0.00 reconn/s: 0.00
[ 110s ] thds: 256 tps: 18879.43 qps: 377418.64 (r/w/o: 264216.48/75443.31/37758.85) lat (ms,95%): 23.52 err/s: 0.00 reconn/s: 0.00
[ 120s ] thds: 256 tps: 18827.31 qps: 376629.01 (r/w/o: 263636.48/75337.92/37654.61) lat (ms,95%): 23.95 err/s: 0.00 reconn/s: 0.00
[ 130s ] thds: 256 tps: 18883.82 qps: 377581.60 (r/w/o: 264310.28/75504.08/37767.24) lat (ms,95%): 23.95 err/s: 0.00 reconn/s: 0.00
[ 140s ] thds: 256 tps: 18870.06 qps: 377474.18 (r/w/o: 264228.13/75505.34/37740.72) lat (ms,95%): 23.95 err/s: 0.00 reconn/s: 0.00
[ 150s ] thds: 256 tps: 18791.74 qps: 375814.62 (r/w/o: 263074.67/75156.66/37583.28) lat (ms,95%): 23.95 err/s: 0.00 reconn/s: 0.00
[ 160s ] thds: 256 tps: 18853.32 qps: 377106.64 (r/w/o: 263973.24/75426.57/37706.83) lat (ms,95%): 23.95 err/s: 0.00 reconn/s: 0.00
[ 170s ] thds: 256 tps: 18865.77 qps: 377290.67 (r/w/o: 264110.03/75448.89/37731.75) lat (ms,95%): 23.95 err/s: 0.10 reconn/s: 0.00
[ 180s ] thds: 256 tps: 18715.08 qps: 374307.51 (r/w/o: 262002.82/74874.82/37429.86) lat (ms,95%): 23.95 err/s: 0.00 reconn/s: 0.00
[ 190s ] thds: 256 tps: 18801.06 qps: 375982.07 (r/w/o: 263178.09/75202.65/37601.33) lat (ms,95%): 23.52 err/s: 0.00 reconn/s: 0.00
[ 200s ] thds: 256 tps: 18806.97 qps: 376000.98 (r/w/o: 263185.13/75201.80/37614.05) lat (ms,95%): 23.95 err/s: 0.00 reconn/s: 0.00
[ 210s ] thds: 256 tps: 18781.65 qps: 375839.00 (r/w/o: 263123.57/75150.82/37564.61) lat (ms,95%): 23.95 err/s: 0.10 reconn/s: 0.00
[ 220s ] thds: 256 tps: 18795.48 qps: 375974.53 (r/w/o: 263161.97/75221.61/37590.95) lat (ms,95%): 23.95 err/s: 0.00 reconn/s: 0.00
[ 230s ] thds: 256 tps: 18800.59 qps: 375857.29 (r/w/o: 263120.76/75135.66/37600.88) lat (ms,95%): 23.95 err/s: 0.00 reconn/s: 0.00
[ 240s ] thds: 256 tps: 18794.98 qps: 375900.67 (r/w/o: 263118.47/75191.73/37590.47) lat (ms,95%): 23.95 err/s: 0.00 reconn/s: 0.00
[ 250s ] thds: 256 tps: 18770.78 qps: 375500.92 (r/w/o: 262844.63/75114.72/37541.56) lat (ms,95%): 23.95 err/s: 0.00 reconn/s: 0.00
[ 260s ] thds: 256 tps: 18733.14 qps: 374729.52 (r/w/o: 262309.58/74953.66/37466.28) lat (ms,95%): 23.95 err/s: 0.00 reconn/s: 0.00
[ 270s ] thds: 256 tps: 18771.28 qps: 375358.15 (r/w/o: 262759.59/75057.11/37541.46) lat (ms,95%): 23.95 err/s: 0.00 reconn/s: 0.00
[ 280s ] thds: 256 tps: 18799.26 qps: 375885.07 (r/w/o: 263106.52/75179.73/37598.82) lat (ms,95%): 23.95 err/s: 0.00 reconn/s: 0.00
[ 290s ] thds: 256 tps: 18789.70 qps: 375898.90 (r/w/o: 263146.07/75172.62/37580.21) lat (ms,95%): 23.95 err/s: 0.00 reconn/s: 0.00
[ 300s ] thds: 256 tps: 18698.36 qps: 373982.87 (r/w/o: 261781.62/74804.73/37396.52) lat (ms,95%): 23.95 err/s: 0.00 reconn/s: 0.00
[ 310s ] thds: 256 tps: 18733.71 qps: 374639.47 (r/w/o: 262264.02/74907.93/37467.52) lat (ms,95%): 23.95 err/s: 0.00 reconn/s: 0.00
[ 320s ] thds: 256 tps: 18666.16 qps: 373255.92 (r/w/o: 261247.49/74676.22/37332.21) lat (ms,95%): 23.95 err/s: 0.10 reconn/s: 0.00
[ 330s ] thds: 256 tps: 18720.64 qps: 374484.61 (r/w/o: 262156.17/74886.66/37441.78) lat (ms,95%): 23.95 err/s: 0.10 reconn/s: 0.00
[ 340s ] thds: 256 tps: 18657.25 qps: 373143.52 (r/w/o: 261201.05/74627.78/37314.69) lat (ms,95%): 23.95 err/s: 0.00 reconn/s: 0.00
[ 350s ] thds: 256 tps: 18647.81 qps: 372992.49 (r/w/o: 261099.13/74597.84/37295.52) lat (ms,95%): 24.38 err/s: 0.00 reconn/s: 0.00
[ 360s ] thds: 256 tps: 18632.64 qps: 372565.87 (r/w/o: 260780.04/74520.65/37265.18) lat (ms,95%): 24.38 err/s: 0.00 reconn/s: 0.00
[ 370s ] thds: 256 tps: 18719.06 qps: 374478.29 (r/w/o: 262151.60/74888.26/37438.43) lat (ms,95%): 23.95 err/s: 0.00 reconn/s: 0.00
[ 380s ] thds: 256 tps: 18570.65 qps: 371175.11 (r/w/o: 259800.80/74236.60/37137.70) lat (ms,95%): 24.38 err/s: 0.00 reconn/s: 0.00
SQL statistics:
    queries performed:
        read:                            99413776
        write:                           28403918
        other:                           14201978
        total:                           142019672
    transactions:                        7100980 (18676.98 per sec.)
    queries:                             142019672 (373539.73 per sec.)
    ignored errors:                      4      (0.01 per sec.)
    reconnects:                          0      (0.00 per sec.)

General statistics:
    total time:                          380.1987s
    total number of events:              7100980

Latency (ms):
         min:                                    2.23
         avg:                                   13.70
         max:                                  162.06
         95th percentile:                       23.95
         sum:                             97272183.08

Threads fairness:
    events (avg/stddev):           27738.2031/749.91
    execution time (avg/stddev):   379.9695/0.02

