sysbench 1.0.20-ebf1c90 (using bundled LuaJIT 2.1.0-beta2)

Running the test with following options:
Number of threads: 128
Report intermediate results every 10 second(s)
Initializing random number generator from current time


Initializing worker threads...

Threads started!

[ 10s ] thds: 128 tps: 35758.46 qps: 715309.82 (r/w/o: 500739.05/143041.35/71529.42) lat (ms,95%): 4.49 err/s: 0.00 reconn/s: 0.00
[ 20s ] thds: 128 tps: 36633.24 qps: 732659.49 (r/w/o: 512860.33/146532.88/73266.29) lat (ms,95%): 4.25 err/s: 0.00 reconn/s: 0.00
[ 30s ] thds: 128 tps: 36737.34 qps: 734739.96 (r/w/o: 514316.83/146948.45/73474.68) lat (ms,95%): 4.33 err/s: 0.00 reconn/s: 0.00
[ 40s ] thds: 128 tps: 36836.26 qps: 736719.83 (r/w/o: 515703.66/147344.25/73671.92) lat (ms,95%): 4.33 err/s: 0.00 reconn/s: 0.00
[ 50s ] thds: 128 tps: 36749.91 qps: 734988.20 (r/w/o: 514489.67/146997.82/73500.71) lat (ms,95%): 4.33 err/s: 0.00 reconn/s: 0.00
[ 60s ] thds: 128 tps: 36418.37 qps: 728389.12 (r/w/o: 509876.13/145676.26/72836.73) lat (ms,95%): 4.33 err/s: 0.00 reconn/s: 0.00
[ 70s ] thds: 128 tps: 36345.91 qps: 726916.65 (r/w/o: 508842.27/145382.55/72691.82) lat (ms,95%): 4.33 err/s: 0.00 reconn/s: 0.00
[ 80s ] thds: 128 tps: 36270.53 qps: 725369.97 (r/w/o: 507749.00/145079.91/72541.06) lat (ms,95%): 4.33 err/s: 0.00 reconn/s: 0.00
[ 90s ] thds: 128 tps: 36312.46 qps: 726291.41 (r/w/o: 508414.15/145252.54/72624.72) lat (ms,95%): 4.33 err/s: 0.00 reconn/s: 0.00
[ 100s ] thds: 128 tps: 36088.55 qps: 721779.03 (r/w/o: 505247.22/144354.51/72177.30) lat (ms,95%): 4.33 err/s: 0.00 reconn/s: 0.00
[ 110s ] thds: 128 tps: 36364.70 qps: 727289.78 (r/w/o: 509102.29/145458.20/72729.30) lat (ms,95%): 4.33 err/s: 0.00 reconn/s: 0.00
[ 120s ] thds: 128 tps: 36318.69 qps: 726369.81 (r/w/o: 508458.17/145274.76/72636.88) lat (ms,95%): 4.33 err/s: 0.00 reconn/s: 0.00
[ 130s ] thds: 128 tps: 36009.03 qps: 720177.47 (r/w/o: 504121.30/144037.51/72018.66) lat (ms,95%): 4.33 err/s: 0.00 reconn/s: 0.00
[ 140s ] thds: 128 tps: 36387.15 qps: 727737.39 (r/w/o: 509415.69/145547.60/72774.10) lat (ms,95%): 4.33 err/s: 0.00 reconn/s: 0.00
[ 150s ] thds: 128 tps: 36494.51 qps: 729899.56 (r/w/o: 510932.18/145978.25/72989.13) lat (ms,95%): 4.33 err/s: 0.00 reconn/s: 0.00
[ 160s ] thds: 128 tps: 36078.42 qps: 721563.57 (r/w/o: 505092.96/144313.87/72156.74) lat (ms,95%): 4.33 err/s: 0.00 reconn/s: 0.00
[ 170s ] thds: 128 tps: 36388.80 qps: 727773.99 (r/w/o: 509440.47/145556.02/72777.51) lat (ms,95%): 4.33 err/s: 0.00 reconn/s: 0.00
[ 180s ] thds: 128 tps: 36355.98 qps: 727123.70 (r/w/o: 508990.35/145421.10/72712.25) lat (ms,95%): 4.33 err/s: 0.00 reconn/s: 0.00
[ 190s ] thds: 128 tps: 36011.32 qps: 720217.37 (r/w/o: 504150.53/144044.29/72022.55) lat (ms,95%): 4.33 err/s: 0.00 reconn/s: 0.00
[ 200s ] thds: 128 tps: 36300.07 qps: 726002.46 (r/w/o: 508201.12/145201.59/72599.75) lat (ms,95%): 4.33 err/s: 0.00 reconn/s: 0.00
[ 210s ] thds: 128 tps: 36283.17 qps: 725671.26 (r/w/o: 507970.95/145133.57/72566.74) lat (ms,95%): 4.33 err/s: 0.00 reconn/s: 0.00
[ 220s ] thds: 128 tps: 36308.64 qps: 726170.08 (r/w/o: 508317.92/145234.78/72617.39) lat (ms,95%): 4.33 err/s: 0.00 reconn/s: 0.00
[ 230s ] thds: 128 tps: 36103.36 qps: 722072.31 (r/w/o: 505451.98/144413.82/72206.51) lat (ms,95%): 4.33 err/s: 0.00 reconn/s: 0.00
[ 240s ] thds: 128 tps: 36236.04 qps: 724744.03 (r/w/o: 507326.31/144945.35/72472.37) lat (ms,95%): 4.33 err/s: 0.00 reconn/s: 0.00
[ 250s ] thds: 128 tps: 36292.68 qps: 725830.25 (r/w/o: 508078.39/145166.61/72585.26) lat (ms,95%): 4.33 err/s: 0.00 reconn/s: 0.00
[ 260s ] thds: 128 tps: 36165.35 qps: 723292.46 (r/w/o: 506297.64/144664.21/72330.61) lat (ms,95%): 4.33 err/s: 0.00 reconn/s: 0.00
[ 270s ] thds: 128 tps: 36204.06 qps: 724089.75 (r/w/o: 506864.47/144817.05/72408.22) lat (ms,95%): 4.33 err/s: 0.00 reconn/s: 0.00
[ 280s ] thds: 128 tps: 36083.94 qps: 721672.15 (r/w/o: 505170.73/144334.35/72167.08) lat (ms,95%): 4.33 err/s: 0.00 reconn/s: 0.00
[ 290s ] thds: 128 tps: 36037.57 qps: 720758.76 (r/w/o: 504532.25/144150.97/72075.54) lat (ms,95%): 4.33 err/s: 0.00 reconn/s: 0.00
[ 300s ] thds: 128 tps: 36266.86 qps: 725326.54 (r/w/o: 507726.30/145066.53/72533.71) lat (ms,95%): 4.33 err/s: 0.00 reconn/s: 0.00
[ 310s ] thds: 128 tps: 36100.79 qps: 722019.32 (r/w/o: 505414.80/144402.84/72201.67) lat (ms,95%): 4.41 err/s: 0.00 reconn/s: 0.00
[ 320s ] thds: 128 tps: 36073.76 qps: 721479.39 (r/w/o: 505036.31/144295.66/72147.43) lat (ms,95%): 4.41 err/s: 0.00 reconn/s: 0.00
[ 330s ] thds: 128 tps: 35977.87 qps: 719557.37 (r/w/o: 503687.93/143913.29/71956.15) lat (ms,95%): 4.41 err/s: 0.00 reconn/s: 0.00
[ 340s ] thds: 128 tps: 36105.46 qps: 722096.59 (r/w/o: 505468.90/144416.46/72211.23) lat (ms,95%): 4.41 err/s: 0.00 reconn/s: 0.00
[ 350s ] thds: 128 tps: 35964.20 qps: 719304.68 (r/w/o: 503514.96/143861.82/71927.91) lat (ms,95%): 4.33 err/s: 0.00 reconn/s: 0.00
[ 360s ] thds: 128 tps: 35954.63 qps: 719097.81 (r/w/o: 503368.45/143820.20/71909.15) lat (ms,95%): 4.41 err/s: 0.00 reconn/s: 0.00
[ 370s ] thds: 128 tps: 35849.47 qps: 716974.03 (r/w/o: 501881.70/143393.49/71698.84) lat (ms,95%): 4.33 err/s: 0.00 reconn/s: 0.00
[ 380s ] thds: 128 tps: 35746.40 qps: 714929.94 (r/w/o: 500449.93/142987.01/71493.00) lat (ms,95%): 4.41 err/s: 0.00 reconn/s: 0.00
SQL statistics:
    queries performed:
        read:                            192728270
        write:                           55065219
        other:                           27532611
        total:                           275326100
    transactions:                        13766305 (36219.84 per sec.)
    queries:                             275326100 (724396.88 per sec.)
    ignored errors:                      0      (0.00 per sec.)
    reconnects:                          0      (0.00 per sec.)

General statistics:
    total time:                          380.0754s
    total number of events:              13766305

Latency (ms):
         min:                                    1.55
         avg:                                    3.53
         max:                                  122.63
         95th percentile:                        4.33
         sum:                             48627059.32

Threads fairness:
    events (avg/stddev):           107549.2578/5239.28
    execution time (avg/stddev):   379.8989/0.01

