sysbench 1.0.20-ebf1c90 (using bundled LuaJIT 2.1.0-beta2)

Running the test with following options:
Number of threads: 256
Report intermediate results every 10 second(s)
Initializing random number generator from current time


Initializing worker threads...

Threads started!

[ 10s ] thds: 256 tps: 34603.92 qps: 692377.92 (r/w/o: 484713.58/138431.59/69232.74) lat (ms,95%): 11.87 err/s: 0.00 reconn/s: 0.00
[ 20s ] thds: 256 tps: 35784.20 qps: 715698.80 (r/w/o: 500980.60/143149.60/71568.60) lat (ms,95%): 11.24 err/s: 0.00 reconn/s: 0.00
[ 30s ] thds: 256 tps: 36877.34 qps: 737532.98 (r/w/o: 516285.85/147492.06/73755.08) lat (ms,95%): 10.84 err/s: 0.00 reconn/s: 0.00
[ 40s ] thds: 256 tps: 37086.84 qps: 741778.58 (r/w/o: 519233.82/148372.28/74172.49) lat (ms,95%): 10.84 err/s: 0.00 reconn/s: 0.00
[ 50s ] thds: 256 tps: 37216.22 qps: 744230.02 (r/w/o: 520955.12/148842.16/74432.73) lat (ms,95%): 10.65 err/s: 0.00 reconn/s: 0.00
[ 60s ] thds: 256 tps: 37241.95 qps: 744837.77 (r/w/o: 521379.95/148977.01/74480.81) lat (ms,95%): 10.84 err/s: 0.00 reconn/s: 0.00
[ 70s ] thds: 256 tps: 36987.44 qps: 739764.76 (r/w/o: 517849.50/147936.77/73978.49) lat (ms,95%): 10.84 err/s: 0.00 reconn/s: 0.00
[ 80s ] thds: 256 tps: 37131.12 qps: 742655.36 (r/w/o: 519863.32/148529.89/74262.15) lat (ms,95%): 10.84 err/s: 0.00 reconn/s: 0.00
[ 90s ] thds: 256 tps: 37040.16 qps: 740804.64 (r/w/o: 518559.97/148163.95/74080.72) lat (ms,95%): 10.84 err/s: 0.00 reconn/s: 0.00
[ 100s ] thds: 256 tps: 36957.69 qps: 739140.56 (r/w/o: 517405.13/147819.85/73915.58) lat (ms,95%): 10.84 err/s: 0.00 reconn/s: 0.00
[ 110s ] thds: 256 tps: 37057.97 qps: 741169.17 (r/w/o: 518818.03/148236.09/74115.05) lat (ms,95%): 10.84 err/s: 0.00 reconn/s: 0.00
[ 120s ] thds: 256 tps: 37004.68 qps: 740069.57 (r/w/o: 518028.67/148030.74/74010.17) lat (ms,95%): 10.84 err/s: 0.00 reconn/s: 0.00
[ 130s ] thds: 256 tps: 36866.00 qps: 737308.67 (r/w/o: 516126.35/147453.31/73729.01) lat (ms,95%): 11.04 err/s: 0.00 reconn/s: 0.00
[ 140s ] thds: 256 tps: 36862.94 qps: 737284.62 (r/w/o: 516102.00/147453.94/73728.67) lat (ms,95%): 11.04 err/s: 0.00 reconn/s: 0.00
[ 150s ] thds: 256 tps: 37073.38 qps: 741450.76 (r/w/o: 519008.26/148299.03/74143.47) lat (ms,95%): 10.84 err/s: 0.00 reconn/s: 0.00
[ 160s ] thds: 256 tps: 36895.01 qps: 737956.62 (r/w/o: 516592.28/147571.12/73793.21) lat (ms,95%): 11.04 err/s: 0.00 reconn/s: 0.00
[ 170s ] thds: 256 tps: 36730.95 qps: 734582.43 (r/w/o: 514192.12/146928.21/73462.10) lat (ms,95%): 11.04 err/s: 0.00 reconn/s: 0.00
[ 180s ] thds: 256 tps: 36757.66 qps: 735136.78 (r/w/o: 514588.53/147032.74/73515.52) lat (ms,95%): 11.04 err/s: 0.10 reconn/s: 0.00
[ 190s ] thds: 256 tps: 36905.76 qps: 738134.22 (r/w/o: 516708.56/147614.14/73811.52) lat (ms,95%): 10.84 err/s: 0.00 reconn/s: 0.00
[ 200s ] thds: 256 tps: 36957.22 qps: 739154.98 (r/w/o: 517398.37/147845.08/73911.54) lat (ms,95%): 10.84 err/s: 0.10 reconn/s: 0.00
[ 210s ] thds: 256 tps: 36881.03 qps: 737651.59 (r/w/o: 516362.38/147525.84/73763.37) lat (ms,95%): 10.84 err/s: 0.00 reconn/s: 0.00
[ 220s ] thds: 256 tps: 36863.02 qps: 737276.19 (r/w/o: 516097.34/147451.40/73727.45) lat (ms,95%): 10.84 err/s: 0.00 reconn/s: 0.00
[ 230s ] thds: 256 tps: 36803.30 qps: 736051.08 (r/w/o: 515232.96/147210.92/73607.21) lat (ms,95%): 10.84 err/s: 0.00 reconn/s: 0.00
[ 240s ] thds: 256 tps: 36745.61 qps: 734910.51 (r/w/o: 514427.85/146991.34/73491.32) lat (ms,95%): 11.04 err/s: 0.00 reconn/s: 0.00
[ 250s ] thds: 256 tps: 36671.56 qps: 733466.58 (r/w/o: 513435.20/146688.36/73343.03) lat (ms,95%): 11.04 err/s: 0.00 reconn/s: 0.00
[ 260s ] thds: 256 tps: 36660.42 qps: 733127.76 (r/w/o: 513188.52/146618.49/73320.75) lat (ms,95%): 11.04 err/s: 0.20 reconn/s: 0.00
[ 270s ] thds: 256 tps: 36828.04 qps: 736535.86 (r/w/o: 515567.70/147315.27/73652.89) lat (ms,95%): 10.84 err/s: 0.00 reconn/s: 0.00
[ 280s ] thds: 256 tps: 36715.11 qps: 734312.82 (r/w/o: 514012.85/146866.84/73433.12) lat (ms,95%): 11.04 err/s: 0.00 reconn/s: 0.00
[ 290s ] thds: 256 tps: 36837.11 qps: 736787.13 (r/w/o: 515756.99/147355.33/73674.81) lat (ms,95%): 10.84 err/s: 0.10 reconn/s: 0.00
[ 300s ] thds: 256 tps: 36892.37 qps: 737800.49 (r/w/o: 516464.78/147550.68/73785.04) lat (ms,95%): 10.84 err/s: 0.00 reconn/s: 0.00
[ 310s ] thds: 256 tps: 36763.80 qps: 735373.55 (r/w/o: 514767.63/147078.21/73527.70) lat (ms,95%): 10.84 err/s: 0.00 reconn/s: 0.00
[ 320s ] thds: 256 tps: 36749.51 qps: 734939.59 (r/w/o: 514458.83/146981.54/73499.22) lat (ms,95%): 10.84 err/s: 0.00 reconn/s: 0.00
[ 330s ] thds: 256 tps: 36755.23 qps: 735071.51 (r/w/o: 514543.55/147018.60/73509.35) lat (ms,95%): 10.84 err/s: 0.00 reconn/s: 0.00
[ 340s ] thds: 256 tps: 36566.01 qps: 731374.61 (r/w/o: 511965.98/146275.72/73132.91) lat (ms,95%): 10.84 err/s: 0.00 reconn/s: 0.00
[ 350s ] thds: 256 tps: 36702.17 qps: 733994.84 (r/w/o: 513794.01/146796.49/73404.34) lat (ms,95%): 10.84 err/s: 0.00 reconn/s: 0.00
[ 360s ] thds: 256 tps: 36357.05 qps: 727101.41 (r/w/o: 508959.83/145428.38/72713.19) lat (ms,95%): 11.04 err/s: 0.00 reconn/s: 0.00
[ 370s ] thds: 256 tps: 36599.78 qps: 732100.97 (r/w/o: 512488.07/146412.23/73200.67) lat (ms,95%): 11.04 err/s: 0.00 reconn/s: 0.00
[ 380s ] thds: 256 tps: 36543.71 qps: 730817.31 (r/w/o: 511567.98/146166.52/73082.81) lat (ms,95%): 10.84 err/s: 0.00 reconn/s: 0.00
SQL statistics:
    queries performed:
        read:                            195580504
        write:                           55880132
        other:                           27940074
        total:                           279400710
    transactions:                        13970031 (36747.04 per sec.)
    queries:                             279400710 (734941.06 per sec.)
    ignored errors:                      5      (0.01 per sec.)
    reconnects:                          0      (0.00 per sec.)

General statistics:
    total time:                          380.1665s
    total number of events:              13970031

Latency (ms):
         min:                                    2.30
         avg:                                    6.96
         max:                                  129.05
         95th percentile:                       10.84
         sum:                             97263016.48

Threads fairness:
    events (avg/stddev):           54570.4336/1707.56
    execution time (avg/stddev):   379.9337/0.01

