sysbench 1.0.20-ebf1c90 (using bundled LuaJIT 2.1.0-beta2)

Running the test with following options:
Number of threads: 256
Report intermediate results every 10 second(s)
Initializing random number generator from current time


Initializing worker threads...

Threads started!

[ 10s ] thds: 256 tps: 17126.28 qps: 342895.26 (r/w/o: 240072.72/68544.60/34277.95) lat (ms,95%): 26.20 err/s: 0.00 reconn/s: 0.00
[ 20s ] thds: 256 tps: 17855.50 qps: 357067.82 (r/w/o: 249951.91/71406.10/35709.80) lat (ms,95%): 25.28 err/s: 0.00 reconn/s: 0.00
[ 30s ] thds: 256 tps: 18184.69 qps: 363708.31 (r/w/o: 254589.00/72749.34/36369.97) lat (ms,95%): 24.83 err/s: 0.00 reconn/s: 0.00
[ 40s ] thds: 256 tps: 18470.78 qps: 369489.07 (r/w/o: 258627.37/73919.23/36942.47) lat (ms,95%): 24.38 err/s: 0.10 reconn/s: 0.00
[ 50s ] thds: 256 tps: 18800.15 qps: 375913.03 (r/w/o: 263158.55/75154.48/37599.99) lat (ms,95%): 23.52 err/s: 0.00 reconn/s: 0.00
[ 60s ] thds: 256 tps: 18841.55 qps: 376788.16 (r/w/o: 263738.77/75367.69/37681.70) lat (ms,95%): 23.95 err/s: 0.00 reconn/s: 0.00
[ 70s ] thds: 256 tps: 18893.71 qps: 377983.14 (r/w/o: 264606.57/75587.35/37789.22) lat (ms,95%): 23.95 err/s: 0.00 reconn/s: 0.00
[ 80s ] thds: 256 tps: 18890.70 qps: 377793.38 (r/w/o: 264443.56/75568.62/37781.21) lat (ms,95%): 23.95 err/s: 0.00 reconn/s: 0.00
[ 90s ] thds: 256 tps: 18886.43 qps: 377824.15 (r/w/o: 264460.55/75590.43/37773.16) lat (ms,95%): 23.52 err/s: 0.00 reconn/s: 0.00
[ 100s ] thds: 256 tps: 18965.18 qps: 379220.62 (r/w/o: 265463.23/75827.23/37930.16) lat (ms,95%): 23.52 err/s: 0.00 reconn/s: 0.00
[ 110s ] thds: 256 tps: 18895.43 qps: 377847.84 (r/w/o: 264505.45/75551.53/37790.86) lat (ms,95%): 23.52 err/s: 0.00 reconn/s: 0.00
[ 120s ] thds: 256 tps: 18841.78 qps: 376838.65 (r/w/o: 263786.76/75368.13/37683.77) lat (ms,95%): 23.95 err/s: 0.00 reconn/s: 0.00
[ 130s ] thds: 256 tps: 18908.80 qps: 378234.87 (r/w/o: 264781.48/75635.59/37817.80) lat (ms,95%): 23.95 err/s: 0.00 reconn/s: 0.00
[ 140s ] thds: 256 tps: 18899.64 qps: 377975.46 (r/w/o: 264561.93/75614.35/37799.18) lat (ms,95%): 23.95 err/s: 0.00 reconn/s: 0.00
[ 150s ] thds: 256 tps: 18806.36 qps: 376063.18 (r/w/o: 263244.39/75206.66/37612.13) lat (ms,95%): 23.95 err/s: 0.00 reconn/s: 0.00
[ 160s ] thds: 256 tps: 18854.98 qps: 377207.71 (r/w/o: 264059.43/75437.62/37710.66) lat (ms,95%): 23.95 err/s: 0.00 reconn/s: 0.00
[ 170s ] thds: 256 tps: 18892.56 qps: 377826.65 (r/w/o: 264462.60/75578.93/37785.11) lat (ms,95%): 23.95 err/s: 0.00 reconn/s: 0.00
[ 180s ] thds: 256 tps: 18793.10 qps: 375783.45 (r/w/o: 263049.04/75148.41/37586.01) lat (ms,95%): 23.95 err/s: 0.00 reconn/s: 0.00
[ 190s ] thds: 256 tps: 18823.02 qps: 376514.52 (r/w/o: 263572.00/75297.38/37645.14) lat (ms,95%): 23.52 err/s: 0.00 reconn/s: 0.00
[ 200s ] thds: 256 tps: 18873.41 qps: 377453.40 (r/w/o: 264211.41/75494.06/37747.93) lat (ms,95%): 23.95 err/s: 0.00 reconn/s: 0.00
[ 210s ] thds: 256 tps: 18835.78 qps: 376742.54 (r/w/o: 263720.08/75350.61/37671.85) lat (ms,95%): 23.95 err/s: 0.10 reconn/s: 0.00
[ 220s ] thds: 256 tps: 18830.15 qps: 376672.82 (r/w/o: 263649.61/75363.40/37659.80) lat (ms,95%): 23.95 err/s: 0.00 reconn/s: 0.00
[ 230s ] thds: 256 tps: 18787.14 qps: 375652.06 (r/w/o: 262978.83/75098.85/37574.38) lat (ms,95%): 23.95 err/s: 0.00 reconn/s: 0.00
[ 240s ] thds: 256 tps: 18876.88 qps: 377468.41 (r/w/o: 264213.22/75501.32/37753.86) lat (ms,95%): 23.95 err/s: 0.00 reconn/s: 0.00
[ 250s ] thds: 256 tps: 18801.19 qps: 376041.30 (r/w/o: 263236.06/75202.76/37602.48) lat (ms,95%): 23.95 err/s: 0.00 reconn/s: 0.00
[ 260s ] thds: 256 tps: 18777.65 qps: 375533.44 (r/w/o: 262864.46/75113.89/37555.09) lat (ms,95%): 23.95 err/s: 0.00 reconn/s: 0.00
[ 270s ] thds: 256 tps: 18844.38 qps: 376991.22 (r/w/o: 263919.57/75382.40/37689.25) lat (ms,95%): 23.95 err/s: 0.00 reconn/s: 0.00
[ 280s ] thds: 256 tps: 18837.43 qps: 376728.27 (r/w/o: 263711.27/75342.13/37674.87) lat (ms,95%): 23.95 err/s: 0.00 reconn/s: 0.00
[ 290s ] thds: 256 tps: 18825.92 qps: 376443.45 (r/w/o: 263489.85/75301.77/37651.84) lat (ms,95%): 23.95 err/s: 0.00 reconn/s: 0.00
[ 300s ] thds: 256 tps: 18741.83 qps: 374866.19 (r/w/o: 262414.21/74968.52/37483.46) lat (ms,95%): 23.95 err/s: 0.10 reconn/s: 0.00
[ 310s ] thds: 256 tps: 18782.89 qps: 375768.58 (r/w/o: 263033.42/75168.88/37566.29) lat (ms,95%): 23.95 err/s: 0.00 reconn/s: 0.00
[ 320s ] thds: 256 tps: 18756.79 qps: 375079.40 (r/w/o: 262538.16/75028.86/37512.38) lat (ms,95%): 23.95 err/s: 0.00 reconn/s: 0.00
[ 330s ] thds: 256 tps: 18783.58 qps: 375716.27 (r/w/o: 263011.70/75136.11/37568.46) lat (ms,95%): 23.95 err/s: 0.10 reconn/s: 0.00
[ 340s ] thds: 256 tps: 18734.80 qps: 374547.22 (r/w/o: 262194.64/74883.19/37469.39) lat (ms,95%): 23.95 err/s: 0.00 reconn/s: 0.00
[ 350s ] thds: 256 tps: 18670.38 qps: 373571.65 (r/w/o: 261499.19/74731.41/37341.06) lat (ms,95%): 24.38 err/s: 0.00 reconn/s: 0.00
[ 360s ] thds: 256 tps: 18690.69 qps: 373655.58 (r/w/o: 261560.82/74713.68/37381.09) lat (ms,95%): 24.38 err/s: 0.00 reconn/s: 0.00
[ 370s ] thds: 256 tps: 18770.75 qps: 375542.97 (r/w/o: 262868.08/75133.50/37541.40) lat (ms,95%): 23.95 err/s: 0.00 reconn/s: 0.00
[ 380s ] thds: 256 tps: 18680.91 qps: 373545.68 (r/w/o: 261502.80/74680.66/37362.23) lat (ms,95%): 23.95 err/s: 0.00 reconn/s: 0.00
SQL statistics:
    queries performed:
        read:                            99618652
        write:                           28462458
        other:                           14231242
        total:                           142312352
    transactions:                        7115614 (18714.88 per sec.)
    queries:                             142312352 (374297.75 per sec.)
    ignored errors:                      4      (0.01 per sec.)
    reconnects:                          0      (0.00 per sec.)

General statistics:
    total time:                          380.2107s
    total number of events:              7115614

Latency (ms):
         min:                                    2.38
         avg:                                   13.67
         max:                                  148.57
         95th percentile:                       23.95
         sum:                             97271105.39

Threads fairness:
    events (avg/stddev):           27795.3672/792.58
    execution time (avg/stddev):   379.9653/0.01

