sysbench 1.0.20-ebf1c90 (using bundled LuaJIT 2.1.0-beta2)

Running the test with following options:
Number of threads: 256
Report intermediate results every 10 second(s)
Initializing random number generator from current time


Initializing worker threads...

Threads started!

[ 10s ] thds: 256 tps: 49006.72 qps: 980390.94 (r/w/o: 686313.93/196038.67/98038.33) lat (ms,95%): 7.30 err/s: 0.00 reconn/s: 0.00
[ 20s ] thds: 256 tps: 49816.79 qps: 996358.82 (r/w/o: 697457.50/199267.04/99634.27) lat (ms,95%): 7.30 err/s: 0.00 reconn/s: 0.00
[ 30s ] thds: 256 tps: 50360.89 qps: 1007208.22 (r/w/o: 705043.61/201443.24/100721.37) lat (ms,95%): 7.17 err/s: 0.00 reconn/s: 0.00
[ 40s ] thds: 256 tps: 50674.77 qps: 1013532.17 (r/w/o: 709485.53/202696.89/101349.75) lat (ms,95%): 7.30 err/s: 0.00 reconn/s: 0.00
[ 50s ] thds: 256 tps: 51136.23 qps: 1022683.58 (r/w/o: 715861.08/204550.04/102272.47) lat (ms,95%): 7.17 err/s: 0.00 reconn/s: 0.00
[ 60s ] thds: 256 tps: 51097.97 qps: 1021951.43 (r/w/o: 715367.43/204388.17/102195.83) lat (ms,95%): 7.17 err/s: 0.00 reconn/s: 0.00
[ 70s ] thds: 256 tps: 51169.57 qps: 1023403.16 (r/w/o: 716380.32/204683.79/102339.05) lat (ms,95%): 7.17 err/s: 0.00 reconn/s: 0.00
[ 80s ] thds: 256 tps: 51213.40 qps: 1024252.90 (r/w/o: 716975.70/204850.80/102426.40) lat (ms,95%): 7.04 err/s: 0.00 reconn/s: 0.00
[ 90s ] thds: 256 tps: 51320.04 qps: 1026361.95 (r/w/o: 718448.33/205272.45/102641.18) lat (ms,95%): 7.04 err/s: 0.00 reconn/s: 0.00
[ 100s ] thds: 256 tps: 52045.38 qps: 1040948.85 (r/w/o: 728673.49/208185.31/104090.06) lat (ms,95%): 7.04 err/s: 0.00 reconn/s: 0.00
[ 110s ] thds: 256 tps: 52010.14 qps: 1040182.53 (r/w/o: 728114.31/208047.85/104020.37) lat (ms,95%): 7.04 err/s: 0.00 reconn/s: 0.00
[ 120s ] thds: 256 tps: 51904.25 qps: 1038113.29 (r/w/o: 726686.46/207620.72/103806.11) lat (ms,95%): 7.04 err/s: 0.00 reconn/s: 0.00
[ 130s ] thds: 256 tps: 51925.66 qps: 1038509.65 (r/w/o: 726960.28/207696.05/103853.33) lat (ms,95%): 7.04 err/s: 0.00 reconn/s: 0.00
[ 140s ] thds: 256 tps: 52203.25 qps: 1044060.35 (r/w/o: 730843.46/208810.69/104406.19) lat (ms,95%): 7.04 err/s: 0.00 reconn/s: 0.00
[ 150s ] thds: 256 tps: 52044.45 qps: 1040964.55 (r/w/o: 728678.04/208199.11/104087.40) lat (ms,95%): 7.04 err/s: 0.00 reconn/s: 0.00
[ 160s ] thds: 256 tps: 51939.00 qps: 1038721.88 (r/w/o: 727113.26/207727.82/103880.81) lat (ms,95%): 7.04 err/s: 0.00 reconn/s: 0.00
[ 170s ] thds: 256 tps: 52134.52 qps: 1042692.16 (r/w/o: 729878.25/208544.87/104269.04) lat (ms,95%): 7.04 err/s: 0.00 reconn/s: 0.00
[ 180s ] thds: 256 tps: 51770.12 qps: 1035379.45 (r/w/o: 724761.31/207078.89/103539.24) lat (ms,95%): 7.04 err/s: 0.00 reconn/s: 0.00
[ 190s ] thds: 256 tps: 52079.57 qps: 1041612.09 (r/w/o: 729132.84/208320.20/104159.05) lat (ms,95%): 7.04 err/s: 0.00 reconn/s: 0.00
[ 200s ] thds: 256 tps: 52059.16 qps: 1041177.04 (r/w/o: 728821.20/208238.23/104117.61) lat (ms,95%): 7.04 err/s: 0.00 reconn/s: 0.00
[ 210s ] thds: 256 tps: 52151.02 qps: 1043043.89 (r/w/o: 730133.35/208606.90/104303.65) lat (ms,95%): 6.91 err/s: 0.00 reconn/s: 0.00
[ 220s ] thds: 256 tps: 52137.00 qps: 1042712.74 (r/w/o: 729894.76/208544.89/104273.09) lat (ms,95%): 6.91 err/s: 0.00 reconn/s: 0.00
[ 230s ] thds: 256 tps: 52237.78 qps: 1044812.76 (r/w/o: 731386.59/208950.11/104476.06) lat (ms,95%): 7.04 err/s: 0.00 reconn/s: 0.00
[ 240s ] thds: 256 tps: 52343.15 qps: 1046826.27 (r/w/o: 732768.65/209371.01/104686.61) lat (ms,95%): 6.91 err/s: 0.00 reconn/s: 0.00
[ 250s ] thds: 256 tps: 52245.87 qps: 1044897.85 (r/w/o: 731419.71/208987.99/104490.14) lat (ms,95%): 6.91 err/s: 0.00 reconn/s: 0.00
[ 260s ] thds: 256 tps: 52076.97 qps: 1041579.48 (r/w/o: 729120.84/208303.00/104155.65) lat (ms,95%): 6.91 err/s: 0.00 reconn/s: 0.00
[ 270s ] thds: 256 tps: 51881.37 qps: 1037611.39 (r/w/o: 726307.27/207541.58/103762.54) lat (ms,95%): 6.91 err/s: 0.00 reconn/s: 0.00
[ 280s ] thds: 256 tps: 51554.42 qps: 1031090.08 (r/w/o: 721777.87/206203.28/103108.94) lat (ms,95%): 7.04 err/s: 0.00 reconn/s: 0.00
[ 290s ] thds: 256 tps: 51655.14 qps: 1033055.93 (r/w/o: 723132.71/206613.35/103309.87) lat (ms,95%): 7.04 err/s: 0.00 reconn/s: 0.00
[ 300s ] thds: 256 tps: 51479.45 qps: 1029622.10 (r/w/o: 720731.60/205931.00/102959.50) lat (ms,95%): 7.04 err/s: 0.00 reconn/s: 0.00
[ 310s ] thds: 256 tps: 51501.39 qps: 1030043.11 (r/w/o: 721037.20/206003.24/103002.67) lat (ms,95%): 7.04 err/s: 0.10 reconn/s: 0.00
[ 320s ] thds: 256 tps: 51083.40 qps: 1021606.99 (r/w/o: 715111.59/204330.00/102165.40) lat (ms,95%): 7.04 err/s: 0.00 reconn/s: 0.00
[ 330s ] thds: 256 tps: 51147.82 qps: 1022993.13 (r/w/o: 716104.00/204593.79/102295.34) lat (ms,95%): 7.04 err/s: 0.00 reconn/s: 0.00
[ 340s ] thds: 256 tps: 51009.36 qps: 1020194.53 (r/w/o: 714139.06/204035.35/102020.12) lat (ms,95%): 7.04 err/s: 0.00 reconn/s: 0.00
[ 350s ] thds: 256 tps: 50761.41 qps: 1015224.76 (r/w/o: 710653.38/203049.55/101521.83) lat (ms,95%): 7.17 err/s: 0.00 reconn/s: 0.00
[ 360s ] thds: 256 tps: 50699.94 qps: 1013993.48 (r/w/o: 709803.02/202791.28/101399.19) lat (ms,95%): 7.17 err/s: 0.00 reconn/s: 0.00
[ 370s ] thds: 256 tps: 50696.21 qps: 1013917.42 (r/w/o: 709735.76/202787.74/101393.92) lat (ms,95%): 7.17 err/s: 0.00 reconn/s: 0.00
[ 380s ] thds: 256 tps: 50540.80 qps: 1010811.15 (r/w/o: 707569.63/202163.31/101078.21) lat (ms,95%): 7.17 err/s: 0.00 reconn/s: 0.00
SQL statistics:
    queries performed:
        read:                            273720384
        write:                           78205816
        other:                           39102918
        total:                           391029118
    transactions:                        19551455 (51422.11 per sec.)
    queries:                             391029118 (1028442.27 per sec.)
    ignored errors:                      1      (0.00 per sec.)
    reconnects:                          0      (0.00 per sec.)

General statistics:
    total time:                          380.2140s
    total number of events:              19551455

Latency (ms):
         min:                                    1.87
         avg:                                    4.97
         max:                                  211.78
         95th percentile:                        7.04
         sum:                             97261971.38

Threads fairness:
    events (avg/stddev):           76372.8711/2366.19
    execution time (avg/stddev):   379.9296/0.03

