sysbench 1.0.20-ebf1c90 (using bundled LuaJIT 2.1.0-beta2)

Running the test with following options:
Number of threads: 128
Report intermediate results every 10 second(s)
Initializing random number generator from current time


Initializing worker threads...

Threads started!

[ 10s ] thds: 128 tps: 35158.57 qps: 703283.63 (r/w/o: 492316.23/140637.97/70329.43) lat (ms,95%): 4.57 err/s: 0.00 reconn/s: 0.00
[ 20s ] thds: 128 tps: 36154.95 qps: 723120.69 (r/w/o: 506190.26/144620.42/72310.01) lat (ms,95%): 4.41 err/s: 0.00 reconn/s: 0.00
[ 30s ] thds: 128 tps: 36371.07 qps: 727413.20 (r/w/o: 509185.05/145485.90/72742.25) lat (ms,95%): 4.41 err/s: 0.00 reconn/s: 0.00
[ 40s ] thds: 128 tps: 36189.69 qps: 723805.13 (r/w/o: 506668.28/144757.37/72379.48) lat (ms,95%): 4.41 err/s: 0.00 reconn/s: 0.00
[ 50s ] thds: 128 tps: 36184.72 qps: 723695.17 (r/w/o: 506583.76/144741.97/72369.44) lat (ms,95%): 4.41 err/s: 0.00 reconn/s: 0.00
[ 60s ] thds: 128 tps: 36329.39 qps: 726577.26 (r/w/o: 508601.53/145317.15/72658.58) lat (ms,95%): 4.33 err/s: 0.00 reconn/s: 0.00
[ 70s ] thds: 128 tps: 35820.17 qps: 716399.22 (r/w/o: 501481.93/143277.06/71640.23) lat (ms,95%): 4.41 err/s: 0.00 reconn/s: 0.00
[ 80s ] thds: 128 tps: 36211.18 qps: 724240.28 (r/w/o: 506969.88/144847.74/72422.67) lat (ms,95%): 4.41 err/s: 0.00 reconn/s: 0.00
[ 90s ] thds: 128 tps: 36175.83 qps: 723502.90 (r/w/o: 506447.99/144703.84/72351.07) lat (ms,95%): 4.41 err/s: 0.00 reconn/s: 0.00
[ 100s ] thds: 128 tps: 35914.20 qps: 718286.80 (r/w/o: 502802.80/143654.90/71829.10) lat (ms,95%): 4.41 err/s: 0.00 reconn/s: 0.00
[ 110s ] thds: 128 tps: 36081.42 qps: 721625.39 (r/w/o: 505135.97/144327.08/72162.34) lat (ms,95%): 4.41 err/s: 0.00 reconn/s: 0.00
[ 120s ] thds: 128 tps: 36068.84 qps: 721381.21 (r/w/o: 504971.87/144271.76/72137.58) lat (ms,95%): 4.41 err/s: 0.00 reconn/s: 0.00
[ 130s ] thds: 128 tps: 35681.43 qps: 713629.76 (r/w/o: 499537.39/142729.41/71362.96) lat (ms,95%): 4.41 err/s: 0.00 reconn/s: 0.00
[ 140s ] thds: 128 tps: 35948.53 qps: 718962.64 (r/w/o: 503273.95/143791.63/71897.06) lat (ms,95%): 4.41 err/s: 0.00 reconn/s: 0.00
[ 150s ] thds: 128 tps: 35951.39 qps: 719051.90 (r/w/o: 503341.13/143807.38/71903.39) lat (ms,95%): 4.41 err/s: 0.00 reconn/s: 0.00
[ 160s ] thds: 128 tps: 35624.05 qps: 712463.33 (r/w/o: 498719.42/142496.21/71247.70) lat (ms,95%): 4.41 err/s: 0.00 reconn/s: 0.00
[ 170s ] thds: 128 tps: 35883.04 qps: 717666.64 (r/w/o: 502367.32/143533.25/71766.07) lat (ms,95%): 4.41 err/s: 0.00 reconn/s: 0.00
[ 180s ] thds: 128 tps: 35805.60 qps: 716099.23 (r/w/o: 501266.82/143221.61/71610.80) lat (ms,95%): 4.41 err/s: 0.00 reconn/s: 0.00
[ 190s ] thds: 128 tps: 35891.65 qps: 717844.21 (r/w/o: 502494.11/143566.20/71783.90) lat (ms,95%): 4.41 err/s: 0.00 reconn/s: 0.00
[ 200s ] thds: 128 tps: 35547.85 qps: 710951.92 (r/w/o: 497664.34/142191.78/71095.79) lat (ms,95%): 4.49 err/s: 0.00 reconn/s: 0.00
[ 210s ] thds: 128 tps: 35853.41 qps: 717057.46 (r/w/o: 501940.58/143410.45/71706.43) lat (ms,95%): 4.41 err/s: 0.00 reconn/s: 0.00
[ 220s ] thds: 128 tps: 35788.70 qps: 715783.50 (r/w/o: 501050.13/143155.88/71577.49) lat (ms,95%): 4.41 err/s: 0.00 reconn/s: 0.00
[ 230s ] thds: 128 tps: 35885.73 qps: 717714.22 (r/w/o: 502399.06/143543.70/71771.45) lat (ms,95%): 4.41 err/s: 0.00 reconn/s: 0.00
[ 240s ] thds: 128 tps: 35554.35 qps: 711090.74 (r/w/o: 497763.86/142218.29/71108.59) lat (ms,95%): 4.41 err/s: 0.00 reconn/s: 0.00
[ 250s ] thds: 128 tps: 35727.08 qps: 714540.42 (r/w/o: 500177.07/142909.20/71454.15) lat (ms,95%): 4.41 err/s: 0.00 reconn/s: 0.00
[ 260s ] thds: 128 tps: 35739.98 qps: 714811.12 (r/w/o: 500371.16/142959.70/71480.25) lat (ms,95%): 4.41 err/s: 0.00 reconn/s: 0.00
[ 270s ] thds: 128 tps: 35856.93 qps: 717131.06 (r/w/o: 501992.26/143425.03/71713.77) lat (ms,95%): 4.41 err/s: 0.00 reconn/s: 0.00
[ 280s ] thds: 128 tps: 35754.27 qps: 715076.49 (r/w/o: 500550.64/143017.70/71508.15) lat (ms,95%): 4.41 err/s: 0.00 reconn/s: 0.00
[ 290s ] thds: 128 tps: 35711.61 qps: 714227.41 (r/w/o: 499957.67/142846.12/71423.61) lat (ms,95%): 4.41 err/s: 0.00 reconn/s: 0.00
[ 300s ] thds: 128 tps: 35519.96 qps: 710402.44 (r/w/o: 497283.47/142079.35/71039.62) lat (ms,95%): 4.41 err/s: 0.00 reconn/s: 0.00
[ 310s ] thds: 128 tps: 35830.20 qps: 716603.45 (r/w/o: 501623.57/143319.29/71660.60) lat (ms,95%): 4.41 err/s: 0.00 reconn/s: 0.00
[ 320s ] thds: 128 tps: 35850.05 qps: 717010.33 (r/w/o: 501906.42/143403.91/71700.00) lat (ms,95%): 4.41 err/s: 0.00 reconn/s: 0.00
[ 330s ] thds: 128 tps: 35773.34 qps: 715484.16 (r/w/o: 500842.90/143094.37/71546.89) lat (ms,95%): 4.41 err/s: 0.00 reconn/s: 0.00
[ 340s ] thds: 128 tps: 35749.34 qps: 714989.10 (r/w/o: 500490.16/143000.56/71498.38) lat (ms,95%): 4.41 err/s: 0.00 reconn/s: 0.00
[ 350s ] thds: 128 tps: 35706.80 qps: 714149.52 (r/w/o: 499908.04/142827.58/71413.89) lat (ms,95%): 4.49 err/s: 0.00 reconn/s: 0.00
[ 360s ] thds: 128 tps: 35632.00 qps: 712608.26 (r/w/o: 498820.77/142523.59/71263.90) lat (ms,95%): 4.41 err/s: 0.00 reconn/s: 0.00
[ 370s ] thds: 128 tps: 35637.22 qps: 712751.09 (r/w/o: 498927.17/142549.28/71274.64) lat (ms,95%): 4.41 err/s: 0.00 reconn/s: 0.00
[ 380s ] thds: 128 tps: 35718.78 qps: 714348.11 (r/w/o: 500037.23/142873.82/71437.06) lat (ms,95%): 4.41 err/s: 0.00 reconn/s: 0.00
SQL statistics:
    queries performed:
        read:                            190721958
        write:                           54491988
        other:                           27245994
        total:                           272459940
    transactions:                        13622997 (35842.12 per sec.)
    queries:                             272459940 (716842.43 per sec.)
    ignored errors:                      0      (0.00 per sec.)
    reconnects:                          0      (0.00 per sec.)

General statistics:
    total time:                          380.0825s
    total number of events:              13622997

Latency (ms):
         min:                                    1.52
         avg:                                    3.57
         max:                                  122.39
         95th percentile:                        4.41
         sum:                             48627728.41

Threads fairness:
    events (avg/stddev):           106429.6641/3522.15
    execution time (avg/stddev):   379.9041/0.02

