sysbench 1.0.20-ebf1c90 (using bundled LuaJIT 2.1.0-beta2)

Running the test with following options:
Number of threads: 256
Report intermediate results every 10 second(s)
Initializing random number generator from current time


Initializing worker threads...

Threads started!

[ 10s ] thds: 256 tps: 17369.52 qps: 347784.90 (r/w/o: 243501.90/69518.37/34764.63) lat (ms,95%): 26.20 err/s: 0.00 reconn/s: 0.00
[ 20s ] thds: 256 tps: 18125.29 qps: 362434.50 (r/w/o: 253697.93/72486.98/36249.59) lat (ms,95%): 25.28 err/s: 0.00 reconn/s: 0.00
[ 30s ] thds: 256 tps: 18426.24 qps: 368526.68 (r/w/o: 257981.22/73692.27/36853.19) lat (ms,95%): 24.38 err/s: 0.00 reconn/s: 0.00
[ 40s ] thds: 256 tps: 18856.72 qps: 377071.85 (r/w/o: 263931.74/75426.87/37713.23) lat (ms,95%): 23.95 err/s: 0.00 reconn/s: 0.00
[ 50s ] thds: 256 tps: 19075.48 qps: 381582.42 (r/w/o: 267116.33/76314.62/38151.46) lat (ms,95%): 23.95 err/s: 0.00 reconn/s: 0.00
[ 60s ] thds: 256 tps: 19189.32 qps: 383857.97 (r/w/o: 268679.26/76800.87/38377.84) lat (ms,95%): 23.52 err/s: 0.10 reconn/s: 0.00
[ 70s ] thds: 256 tps: 19148.58 qps: 382944.37 (r/w/o: 268084.37/76562.13/38297.87) lat (ms,95%): 23.52 err/s: 0.00 reconn/s: 0.00
[ 80s ] thds: 256 tps: 19211.79 qps: 384209.52 (r/w/o: 268942.31/76843.24/38423.97) lat (ms,95%): 23.52 err/s: 0.10 reconn/s: 0.00
[ 90s ] thds: 256 tps: 19024.29 qps: 380496.76 (r/w/o: 266328.50/76120.87/38047.39) lat (ms,95%): 23.95 err/s: 0.00 reconn/s: 0.00
[ 100s ] thds: 256 tps: 19162.43 qps: 383221.29 (r/w/o: 268277.21/76617.92/38326.16) lat (ms,95%): 23.95 err/s: 0.00 reconn/s: 0.00
[ 110s ] thds: 256 tps: 19170.33 qps: 383373.31 (r/w/o: 268346.73/76686.82/38339.76) lat (ms,95%): 23.95 err/s: 0.00 reconn/s: 0.00
[ 120s ] thds: 256 tps: 19014.36 qps: 380356.13 (r/w/o: 266268.59/76058.03/38029.51) lat (ms,95%): 23.95 err/s: 0.00 reconn/s: 0.00
[ 130s ] thds: 256 tps: 19061.56 qps: 381191.45 (r/w/o: 266830.81/76237.23/38123.42) lat (ms,95%): 24.38 err/s: 0.10 reconn/s: 0.00
[ 140s ] thds: 256 tps: 19099.78 qps: 382023.83 (r/w/o: 267394.87/76429.21/38199.75) lat (ms,95%): 23.95 err/s: 0.00 reconn/s: 0.00
[ 150s ] thds: 256 tps: 19131.59 qps: 382515.71 (r/w/o: 267760.36/76493.96/38261.38) lat (ms,95%): 23.95 err/s: 0.00 reconn/s: 0.00
[ 160s ] thds: 256 tps: 19107.97 qps: 382288.29 (r/w/o: 267618.47/76452.28/38217.54) lat (ms,95%): 23.52 err/s: 0.00 reconn/s: 0.00
[ 170s ] thds: 256 tps: 19053.94 qps: 381060.21 (r/w/o: 266735.60/76216.24/38108.37) lat (ms,95%): 23.95 err/s: 0.10 reconn/s: 0.00
[ 180s ] thds: 256 tps: 19132.90 qps: 382674.48 (r/w/o: 267871.26/76539.02/38264.21) lat (ms,95%): 23.95 err/s: 0.00 reconn/s: 0.00
[ 190s ] thds: 256 tps: 19067.59 qps: 381376.34 (r/w/o: 266972.08/76268.57/38135.68) lat (ms,95%): 23.95 err/s: 0.20 reconn/s: 0.00
[ 200s ] thds: 256 tps: 19019.23 qps: 380399.27 (r/w/o: 266276.20/76084.21/38038.86) lat (ms,95%): 24.38 err/s: 0.00 reconn/s: 0.00
[ 210s ] thds: 256 tps: 19056.38 qps: 381019.97 (r/w/o: 266727.50/76178.51/38113.96) lat (ms,95%): 24.38 err/s: 0.00 reconn/s: 0.00
[ 220s ] thds: 256 tps: 19006.43 qps: 380252.32 (r/w/o: 266161.37/76078.10/38012.85) lat (ms,95%): 23.95 err/s: 0.00 reconn/s: 0.00
[ 230s ] thds: 256 tps: 19028.78 qps: 380482.38 (r/w/o: 266340.81/76084.42/38057.16) lat (ms,95%): 23.95 err/s: 0.00 reconn/s: 0.00
[ 240s ] thds: 256 tps: 18992.29 qps: 379860.03 (r/w/o: 265908.51/75966.95/37984.57) lat (ms,95%): 24.38 err/s: 0.00 reconn/s: 0.00
[ 250s ] thds: 256 tps: 19037.63 qps: 380772.54 (r/w/o: 266551.58/76145.31/38075.65) lat (ms,95%): 23.95 err/s: 0.00 reconn/s: 0.00
[ 260s ] thds: 256 tps: 19089.02 qps: 381777.91 (r/w/o: 267240.89/76359.28/38177.74) lat (ms,95%): 23.95 err/s: 0.00 reconn/s: 0.00
[ 270s ] thds: 256 tps: 18999.48 qps: 379933.32 (r/w/o: 265943.87/75990.90/37998.55) lat (ms,95%): 23.95 err/s: 0.00 reconn/s: 0.00
[ 280s ] thds: 256 tps: 18967.96 qps: 379433.03 (r/w/o: 265602.39/75893.93/37936.71) lat (ms,95%): 24.38 err/s: 0.00 reconn/s: 0.00
[ 290s ] thds: 256 tps: 18905.19 qps: 378132.35 (r/w/o: 264694.13/75627.75/37810.48) lat (ms,95%): 24.38 err/s: 0.00 reconn/s: 0.00
[ 300s ] thds: 256 tps: 19015.76 qps: 380225.37 (r/w/o: 266144.72/76050.83/38029.82) lat (ms,95%): 23.95 err/s: 0.00 reconn/s: 0.00
[ 310s ] thds: 256 tps: 18922.39 qps: 378437.67 (r/w/o: 264903.61/75687.87/37846.19) lat (ms,95%): 24.38 err/s: 0.00 reconn/s: 0.00
[ 320s ] thds: 256 tps: 18986.62 qps: 379795.60 (r/w/o: 265873.71/75948.46/37973.43) lat (ms,95%): 24.38 err/s: 0.00 reconn/s: 0.00
[ 330s ] thds: 256 tps: 18929.65 qps: 378596.46 (r/w/o: 265022.57/75714.19/37859.70) lat (ms,95%): 24.38 err/s: 0.20 reconn/s: 0.00
[ 340s ] thds: 256 tps: 18970.99 qps: 379442.43 (r/w/o: 265606.91/75893.55/37941.97) lat (ms,95%): 24.38 err/s: 0.00 reconn/s: 0.00
[ 350s ] thds: 256 tps: 19071.55 qps: 381401.43 (r/w/o: 266949.85/76309.59/38141.99) lat (ms,95%): 23.95 err/s: 0.00 reconn/s: 0.00
[ 360s ] thds: 256 tps: 18826.33 qps: 376567.53 (r/w/o: 263619.24/75294.43/37653.86) lat (ms,95%): 24.38 err/s: 0.10 reconn/s: 0.00
[ 370s ] thds: 256 tps: 18866.25 qps: 377333.96 (r/w/o: 264128.97/75472.19/37732.80) lat (ms,95%): 24.38 err/s: 0.10 reconn/s: 0.00
[ 380s ] thds: 256 tps: 18823.80 qps: 376344.32 (r/w/o: 263437.22/75259.70/37647.40) lat (ms,95%): 24.38 err/s: 0.00 reconn/s: 0.00
SQL statistics:
    queries performed:
        read:                            100796374
        write:                           28798938
        other:                           14399488
        total:                           143994800
    transactions:                        7199731 (18936.74 per sec.)
    queries:                             143994800 (378735.27 per sec.)
    ignored errors:                      10     (0.03 per sec.)
    reconnects:                          0      (0.00 per sec.)

General statistics:
    total time:                          380.1981s
    total number of events:              7199731

Latency (ms):
         min:                                    2.70
         avg:                                   13.51
         max:                                  228.38
         95th percentile:                       23.95
         sum:                             97269443.94

Threads fairness:
    events (avg/stddev):           28123.9492/820.82
    execution time (avg/stddev):   379.9588/0.02

