sysbench 1.0.20-ebf1c90 (using bundled LuaJIT 2.1.0-beta2)

Running the test with following options:
Number of threads: 256
Report intermediate results every 10 second(s)
Initializing random number generator from current time


Initializing worker threads...

Threads started!

[ 10s ] thds: 256 tps: 34951.28 qps: 699320.83 (r/w/o: 489575.07/139817.71/69928.05) lat (ms,95%): 11.87 err/s: 0.00 reconn/s: 0.00
[ 20s ] thds: 256 tps: 36281.29 qps: 725595.83 (r/w/o: 507907.91/145126.55/72561.37) lat (ms,95%): 11.24 err/s: 0.00 reconn/s: 0.00
[ 30s ] thds: 256 tps: 37345.04 qps: 746922.01 (r/w/o: 522843.40/149387.14/74691.47) lat (ms,95%): 10.84 err/s: 0.00 reconn/s: 0.00
[ 40s ] thds: 256 tps: 37376.87 qps: 747589.15 (r/w/o: 523320.94/149514.27/74753.93) lat (ms,95%): 10.84 err/s: 0.00 reconn/s: 0.00
[ 50s ] thds: 256 tps: 37107.01 qps: 742113.04 (r/w/o: 519471.00/148428.43/74213.61) lat (ms,95%): 10.84 err/s: 0.00 reconn/s: 0.00
[ 60s ] thds: 256 tps: 37240.53 qps: 744743.24 (r/w/o: 521317.95/148945.43/74479.86) lat (ms,95%): 10.84 err/s: 0.00 reconn/s: 0.00
[ 70s ] thds: 256 tps: 37265.43 qps: 745310.42 (r/w/o: 521710.04/149069.42/74530.96) lat (ms,95%): 10.84 err/s: 0.00 reconn/s: 0.00
[ 80s ] thds: 256 tps: 37254.64 qps: 745158.52 (r/w/o: 521636.20/149011.64/74510.67) lat (ms,95%): 10.84 err/s: 0.00 reconn/s: 0.00
[ 90s ] thds: 256 tps: 37318.21 qps: 746292.19 (r/w/o: 522376.80/149278.56/74636.83) lat (ms,95%): 10.84 err/s: 0.00 reconn/s: 0.00
[ 100s ] thds: 256 tps: 37268.39 qps: 745516.55 (r/w/o: 521873.72/149106.05/74536.78) lat (ms,95%): 10.84 err/s: 0.00 reconn/s: 0.00
[ 110s ] thds: 256 tps: 37181.64 qps: 743519.82 (r/w/o: 520462.90/148693.94/74362.97) lat (ms,95%): 10.84 err/s: 0.00 reconn/s: 0.00
[ 120s ] thds: 256 tps: 36978.55 qps: 739573.51 (r/w/o: 517702.11/147914.30/73957.10) lat (ms,95%): 11.04 err/s: 0.00 reconn/s: 0.00
[ 130s ] thds: 256 tps: 37119.13 qps: 742383.47 (r/w/o: 519669.77/148475.93/74237.77) lat (ms,95%): 10.84 err/s: 0.00 reconn/s: 0.00
[ 140s ] thds: 256 tps: 37243.27 qps: 744872.92 (r/w/o: 521416.62/148969.16/74487.13) lat (ms,95%): 10.84 err/s: 0.00 reconn/s: 0.00
[ 150s ] thds: 256 tps: 37097.29 qps: 741992.18 (r/w/o: 519394.95/148402.46/74194.78) lat (ms,95%): 10.84 err/s: 0.00 reconn/s: 0.00
[ 160s ] thds: 256 tps: 37078.14 qps: 741594.62 (r/w/o: 519112.58/148326.26/74155.78) lat (ms,95%): 10.84 err/s: 0.00 reconn/s: 0.00
[ 170s ] thds: 256 tps: 37088.41 qps: 741718.18 (r/w/o: 519196.69/148344.06/74177.43) lat (ms,95%): 10.84 err/s: 0.00 reconn/s: 0.00
[ 180s ] thds: 256 tps: 37068.95 qps: 741406.64 (r/w/o: 518994.73/148274.51/74137.40) lat (ms,95%): 10.84 err/s: 0.00 reconn/s: 0.00
[ 190s ] thds: 256 tps: 37062.64 qps: 741266.60 (r/w/o: 518886.59/148254.24/74125.77) lat (ms,95%): 10.84 err/s: 0.00 reconn/s: 0.00
[ 200s ] thds: 256 tps: 36957.71 qps: 739109.09 (r/w/o: 517381.91/147813.06/73914.13) lat (ms,95%): 10.84 err/s: 0.00 reconn/s: 0.00
[ 210s ] thds: 256 tps: 36991.53 qps: 739795.40 (r/w/o: 517847.95/147962.70/73984.75) lat (ms,95%): 10.84 err/s: 0.20 reconn/s: 0.00
[ 220s ] thds: 256 tps: 37051.55 qps: 741059.61 (r/w/o: 518751.64/148205.18/74102.79) lat (ms,95%): 10.84 err/s: 0.00 reconn/s: 0.00
[ 230s ] thds: 256 tps: 36927.61 qps: 738540.31 (r/w/o: 516972.25/147713.04/73855.02) lat (ms,95%): 11.04 err/s: 0.00 reconn/s: 0.00
[ 240s ] thds: 256 tps: 36747.21 qps: 735001.24 (r/w/o: 514502.37/147005.15/73493.72) lat (ms,95%): 11.04 err/s: 0.10 reconn/s: 0.00
[ 250s ] thds: 256 tps: 36734.16 qps: 734590.39 (r/w/o: 514191.70/146931.36/73467.33) lat (ms,95%): 10.84 err/s: 0.00 reconn/s: 0.00
[ 260s ] thds: 256 tps: 36677.49 qps: 733525.45 (r/w/o: 513465.82/146702.85/73356.77) lat (ms,95%): 11.04 err/s: 0.00 reconn/s: 0.00
[ 270s ] thds: 256 tps: 36787.25 qps: 735771.19 (r/w/o: 515048.06/147149.52/73573.61) lat (ms,95%): 11.04 err/s: 0.00 reconn/s: 0.00
[ 280s ] thds: 256 tps: 36883.37 qps: 737691.87 (r/w/o: 516382.96/147540.87/73768.04) lat (ms,95%): 10.84 err/s: 0.10 reconn/s: 0.00
[ 290s ] thds: 256 tps: 36760.35 qps: 735254.47 (r/w/o: 514688.05/147045.21/73521.21) lat (ms,95%): 10.84 err/s: 0.00 reconn/s: 0.00
[ 300s ] thds: 256 tps: 36792.84 qps: 735759.68 (r/w/o: 515020.14/147154.66/73584.88) lat (ms,95%): 11.04 err/s: 0.00 reconn/s: 0.00
[ 310s ] thds: 256 tps: 36825.29 qps: 736597.83 (r/w/o: 515622.01/147325.15/73650.67) lat (ms,95%): 11.04 err/s: 0.10 reconn/s: 0.00
[ 320s ] thds: 256 tps: 36820.86 qps: 736388.16 (r/w/o: 515470.48/147277.25/73640.43) lat (ms,95%): 11.04 err/s: 0.00 reconn/s: 0.00
[ 330s ] thds: 256 tps: 36625.48 qps: 732502.77 (r/w/o: 512764.00/146485.71/73253.06) lat (ms,95%): 11.04 err/s: 0.00 reconn/s: 0.00
[ 340s ] thds: 256 tps: 36703.68 qps: 734130.09 (r/w/o: 513894.82/146827.62/73407.66) lat (ms,95%): 11.04 err/s: 0.00 reconn/s: 0.00
[ 350s ] thds: 256 tps: 36727.15 qps: 734487.39 (r/w/o: 514128.76/146905.72/73452.91) lat (ms,95%): 11.04 err/s: 0.00 reconn/s: 0.00
[ 360s ] thds: 256 tps: 36746.50 qps: 734963.36 (r/w/o: 514478.87/146990.19/73494.30) lat (ms,95%): 11.04 err/s: 0.00 reconn/s: 0.00
[ 370s ] thds: 256 tps: 36324.61 qps: 726529.71 (r/w/o: 508571.98/145309.02/72648.71) lat (ms,95%): 11.24 err/s: 0.00 reconn/s: 0.00
[ 380s ] thds: 256 tps: 36461.93 qps: 729221.23 (r/w/o: 510457.77/145840.11/72923.35) lat (ms,95%): 11.04 err/s: 0.00 reconn/s: 0.00
SQL statistics:
    queries performed:
        read:                            196266364
        write:                           56076082
        other:                           28038064
        total:                           280380510
    transactions:                        14019021 (36859.99 per sec.)
    queries:                             280380510 (737200.11 per sec.)
    ignored errors:                      5      (0.01 per sec.)
    reconnects:                          0      (0.00 per sec.)

General statistics:
    total time:                          380.3307s
    total number of events:              14019021

Latency (ms):
         min:                                    2.24
         avg:                                    6.94
         max:                                  328.34
         95th percentile:                       11.04
         sum:                             97263634.83

Threads fairness:
    events (avg/stddev):           54761.8008/1877.19
    execution time (avg/stddev):   379.9361/0.04

