sysbench 1.0.20-ebf1c90 (using bundled LuaJIT 2.1.0-beta2)

Running the test with following options:
Number of threads: 64
Report intermediate results every 10 second(s)
Initializing random number generator from current time


Initializing worker threads...

Threads started!

[ 10s ] thds: 64 tps: 24157.95 qps: 483221.87 (r/w/o: 338265.68/96634.20/48322.00) lat (ms,95%): 3.36 err/s: 0.00 reconn/s: 0.00
[ 20s ] thds: 64 tps: 24803.82 qps: 496085.47 (r/w/o: 347261.93/99215.79/49607.75) lat (ms,95%): 3.25 err/s: 0.00 reconn/s: 0.00
[ 30s ] thds: 64 tps: 24777.30 qps: 495545.92 (r/w/o: 346881.44/99109.68/49554.79) lat (ms,95%): 3.25 err/s: 0.00 reconn/s: 0.00
[ 40s ] thds: 64 tps: 24837.61 qps: 496745.59 (r/w/o: 347720.60/99350.06/49674.93) lat (ms,95%): 3.25 err/s: 0.00 reconn/s: 0.00
[ 50s ] thds: 64 tps: 24898.82 qps: 497977.90 (r/w/o: 348584.45/99595.90/49797.55) lat (ms,95%): 3.25 err/s: 0.00 reconn/s: 0.00
[ 60s ] thds: 64 tps: 25097.18 qps: 501939.10 (r/w/o: 351357.62/100386.92/50194.56) lat (ms,95%): 3.19 err/s: 0.00 reconn/s: 0.00
[ 70s ] thds: 64 tps: 25091.30 qps: 501825.04 (r/w/o: 351276.26/100366.09/50182.69) lat (ms,95%): 3.19 err/s: 0.00 reconn/s: 0.00
[ 80s ] thds: 64 tps: 25074.79 qps: 501505.14 (r/w/o: 351055.39/100300.27/50149.48) lat (ms,95%): 3.19 err/s: 0.00 reconn/s: 0.00
[ 90s ] thds: 64 tps: 24779.41 qps: 495582.36 (r/w/o: 346906.68/99116.65/49559.03) lat (ms,95%): 3.25 err/s: 0.00 reconn/s: 0.00
[ 100s ] thds: 64 tps: 24915.99 qps: 498322.63 (r/w/o: 348827.31/99663.65/49831.67) lat (ms,95%): 3.25 err/s: 0.00 reconn/s: 0.00
[ 110s ] thds: 64 tps: 24811.11 qps: 496217.95 (r/w/o: 347350.87/99244.65/49622.42) lat (ms,95%): 3.25 err/s: 0.00 reconn/s: 0.00
[ 120s ] thds: 64 tps: 24870.29 qps: 497406.90 (r/w/o: 348185.59/99480.94/49740.37) lat (ms,95%): 3.25 err/s: 0.00 reconn/s: 0.00
[ 130s ] thds: 64 tps: 24615.09 qps: 492301.04 (r/w/o: 344609.79/98460.87/49230.38) lat (ms,95%): 3.25 err/s: 0.00 reconn/s: 0.00
[ 140s ] thds: 64 tps: 24785.22 qps: 495712.56 (r/w/o: 347000.72/99141.49/49570.35) lat (ms,95%): 3.25 err/s: 0.00 reconn/s: 0.00
[ 150s ] thds: 64 tps: 24666.90 qps: 493333.25 (r/w/o: 345331.87/98667.39/49334.00) lat (ms,95%): 3.30 err/s: 0.00 reconn/s: 0.00
[ 160s ] thds: 64 tps: 24988.40 qps: 499773.89 (r/w/o: 349843.09/99954.10/49976.70) lat (ms,95%): 3.25 err/s: 0.00 reconn/s: 0.00
[ 170s ] thds: 64 tps: 24850.45 qps: 497005.15 (r/w/o: 347901.47/99402.99/49700.70) lat (ms,95%): 3.25 err/s: 0.00 reconn/s: 0.00
[ 180s ] thds: 64 tps: 24576.34 qps: 491531.06 (r/w/o: 344074.60/98303.47/49152.99) lat (ms,95%): 3.30 err/s: 0.00 reconn/s: 0.00
[ 190s ] thds: 64 tps: 24818.41 qps: 496354.51 (r/w/o: 347445.44/99272.84/49636.22) lat (ms,95%): 3.25 err/s: 0.00 reconn/s: 0.00
[ 200s ] thds: 64 tps: 24687.61 qps: 493758.39 (r/w/o: 345631.43/98751.44/49375.52) lat (ms,95%): 3.25 err/s: 0.00 reconn/s: 0.00
[ 210s ] thds: 64 tps: 24653.39 qps: 493062.42 (r/w/o: 345143.68/98611.66/49307.08) lat (ms,95%): 3.30 err/s: 0.00 reconn/s: 0.00
[ 220s ] thds: 64 tps: 25050.59 qps: 501008.55 (r/w/o: 350704.19/100203.47/50100.88) lat (ms,95%): 3.19 err/s: 0.00 reconn/s: 0.00
[ 230s ] thds: 64 tps: 24854.52 qps: 497101.40 (r/w/o: 347973.58/99418.78/49709.04) lat (ms,95%): 3.25 err/s: 0.00 reconn/s: 0.00
[ 240s ] thds: 64 tps: 24944.67 qps: 498889.75 (r/w/o: 349221.55/99778.77/49889.44) lat (ms,95%): 3.25 err/s: 0.00 reconn/s: 0.00
[ 250s ] thds: 64 tps: 24924.00 qps: 498484.47 (r/w/o: 348940.05/99696.71/49847.71) lat (ms,95%): 3.25 err/s: 0.00 reconn/s: 0.00
[ 260s ] thds: 64 tps: 24846.83 qps: 496929.12 (r/w/o: 347850.34/99385.12/49693.66) lat (ms,95%): 3.25 err/s: 0.00 reconn/s: 0.00
[ 270s ] thds: 64 tps: 24737.38 qps: 494755.86 (r/w/o: 346328.36/98952.43/49475.07) lat (ms,95%): 3.25 err/s: 0.00 reconn/s: 0.00
[ 280s ] thds: 64 tps: 24871.83 qps: 497432.88 (r/w/o: 348202.90/99486.52/49743.46) lat (ms,95%): 3.25 err/s: 0.00 reconn/s: 0.00
[ 290s ] thds: 64 tps: 24834.27 qps: 496687.75 (r/w/o: 347682.24/99336.77/49668.73) lat (ms,95%): 3.25 err/s: 0.00 reconn/s: 0.00
[ 300s ] thds: 64 tps: 24853.97 qps: 497085.12 (r/w/o: 347960.99/99416.28/49707.84) lat (ms,95%): 3.19 err/s: 0.00 reconn/s: 0.00
[ 310s ] thds: 64 tps: 24613.34 qps: 492265.16 (r/w/o: 344584.90/98453.57/49226.69) lat (ms,95%): 3.30 err/s: 0.00 reconn/s: 0.00
[ 320s ] thds: 64 tps: 24591.07 qps: 491811.36 (r/w/o: 344265.72/98363.29/49182.35) lat (ms,95%): 3.25 err/s: 0.00 reconn/s: 0.00
[ 330s ] thds: 64 tps: 24625.80 qps: 492525.08 (r/w/o: 344769.45/98503.92/49251.71) lat (ms,95%): 3.30 err/s: 0.00 reconn/s: 0.00
[ 340s ] thds: 64 tps: 24587.23 qps: 491738.65 (r/w/o: 344216.55/98348.13/49173.96) lat (ms,95%): 3.30 err/s: 0.00 reconn/s: 0.00
[ 350s ] thds: 64 tps: 24623.55 qps: 492469.31 (r/w/o: 344728.90/98492.90/49247.50) lat (ms,95%): 3.25 err/s: 0.00 reconn/s: 0.00
[ 360s ] thds: 64 tps: 24815.71 qps: 496319.93 (r/w/o: 347424.19/99264.43/49631.31) lat (ms,95%): 3.25 err/s: 0.00 reconn/s: 0.00
[ 370s ] thds: 64 tps: 24534.33 qps: 490685.17 (r/w/o: 343479.80/98136.81/49068.56) lat (ms,95%): 3.30 err/s: 0.00 reconn/s: 0.00
[ 380s ] thds: 64 tps: 24523.83 qps: 490471.57 (r/w/o: 343328.27/98095.63/49047.67) lat (ms,95%): 3.30 err/s: 0.00 reconn/s: 0.00
SQL statistics:
    queries performed:
        read:                            131823874
        write:                           37663964
        other:                           18831982
        total:                           188319820
    transactions:                        9415991 (24776.63 per sec.)
    queries:                             188319820 (495532.51 per sec.)
    ignored errors:                      0      (0.00 per sec.)
    reconnects:                          0      (0.00 per sec.)

General statistics:
    total time:                          380.0343s
    total number of events:              9415991

Latency (ms):
         min:                                    1.60
         avg:                                    2.58
         max:                                  123.75
         95th percentile:                        3.25
         sum:                             24313040.07

Threads fairness:
    events (avg/stddev):           147124.8594/6011.52
    execution time (avg/stddev):   379.8913/0.01

