sysbench 1.0.20-ebf1c90 (using bundled LuaJIT 2.1.0-beta2)

Running the test with following options:
Number of threads: 256
Report intermediate results every 10 second(s)
Initializing random number generator from current time


Initializing worker threads...

Threads started!

[ 10s ] thds: 256 tps: 35625.40 qps: 712815.06 (r/w/o: 499010.67/142529.20/71275.20) lat (ms,95%): 11.45 err/s: 0.00 reconn/s: 0.00
[ 20s ] thds: 256 tps: 36820.16 qps: 736298.21 (r/w/o: 515386.25/147270.54/73641.42) lat (ms,95%): 10.84 err/s: 0.10 reconn/s: 0.00
[ 30s ] thds: 256 tps: 37699.50 qps: 754129.23 (r/w/o: 527919.29/150811.52/75398.41) lat (ms,95%): 10.65 err/s: 0.00 reconn/s: 0.00
[ 40s ] thds: 256 tps: 38034.79 qps: 760686.65 (r/w/o: 532472.09/152144.07/76070.48) lat (ms,95%): 10.46 err/s: 0.00 reconn/s: 0.00
[ 50s ] thds: 256 tps: 37991.14 qps: 759866.12 (r/w/o: 531925.01/151959.74/75981.37) lat (ms,95%): 10.46 err/s: 0.00 reconn/s: 0.00
[ 60s ] thds: 256 tps: 37973.46 qps: 759454.58 (r/w/o: 531605.20/151901.66/75947.73) lat (ms,95%): 10.46 err/s: 0.00 reconn/s: 0.00
[ 70s ] thds: 256 tps: 37963.99 qps: 759291.36 (r/w/o: 531508.03/151855.05/75928.28) lat (ms,95%): 10.46 err/s: 0.10 reconn/s: 0.00
[ 80s ] thds: 256 tps: 37966.69 qps: 759281.06 (r/w/o: 531501.70/151846.07/75933.29) lat (ms,95%): 10.46 err/s: 0.00 reconn/s: 0.00
[ 90s ] thds: 256 tps: 37807.37 qps: 756130.83 (r/w/o: 529274.00/151243.58/75613.24) lat (ms,95%): 10.46 err/s: 0.00 reconn/s: 0.00
[ 100s ] thds: 256 tps: 37815.13 qps: 756284.50 (r/w/o: 529412.52/151240.02/75631.96) lat (ms,95%): 10.46 err/s: 0.00 reconn/s: 0.00
[ 110s ] thds: 256 tps: 37876.42 qps: 757557.91 (r/w/o: 530279.49/151525.98/75752.44) lat (ms,95%): 10.46 err/s: 0.00 reconn/s: 0.00
[ 120s ] thds: 256 tps: 37749.69 qps: 754971.94 (r/w/o: 528484.08/150989.27/75498.58) lat (ms,95%): 10.65 err/s: 0.00 reconn/s: 0.00
[ 130s ] thds: 256 tps: 37715.09 qps: 754272.26 (r/w/o: 527982.70/150859.37/75430.19) lat (ms,95%): 10.65 err/s: 0.00 reconn/s: 0.00
[ 140s ] thds: 256 tps: 37614.13 qps: 752286.12 (r/w/o: 526610.13/150446.22/75229.76) lat (ms,95%): 10.65 err/s: 0.00 reconn/s: 0.00
[ 150s ] thds: 256 tps: 37875.95 qps: 757514.22 (r/w/o: 530249.51/151512.70/75752.00) lat (ms,95%): 10.46 err/s: 0.00 reconn/s: 0.00
[ 160s ] thds: 256 tps: 37805.95 qps: 756173.05 (r/w/o: 529337.83/151223.31/75611.90) lat (ms,95%): 10.46 err/s: 0.00 reconn/s: 0.00
[ 170s ] thds: 256 tps: 37606.81 qps: 752136.46 (r/w/o: 526492.81/150430.03/75213.62) lat (ms,95%): 10.65 err/s: 0.00 reconn/s: 0.00
[ 180s ] thds: 256 tps: 37686.45 qps: 753710.74 (r/w/o: 527586.86/150751.99/75371.89) lat (ms,95%): 10.65 err/s: 0.00 reconn/s: 0.00
[ 190s ] thds: 256 tps: 37812.38 qps: 756263.78 (r/w/o: 529389.98/151247.94/75625.87) lat (ms,95%): 10.46 err/s: 0.00 reconn/s: 0.00
[ 200s ] thds: 256 tps: 37425.22 qps: 748429.76 (r/w/o: 523896.32/149684.19/74849.25) lat (ms,95%): 10.65 err/s: 0.00 reconn/s: 0.00
[ 210s ] thds: 256 tps: 37708.78 qps: 754276.83 (r/w/o: 528003.24/150856.03/75417.56) lat (ms,95%): 10.65 err/s: 0.10 reconn/s: 0.00
[ 220s ] thds: 256 tps: 37612.76 qps: 752233.80 (r/w/o: 526565.51/150441.46/75226.83) lat (ms,95%): 10.65 err/s: 0.00 reconn/s: 0.00
[ 230s ] thds: 256 tps: 37733.72 qps: 754675.38 (r/w/o: 528273.37/150935.18/75466.84) lat (ms,95%): 10.46 err/s: 0.00 reconn/s: 0.00
[ 240s ] thds: 256 tps: 37652.60 qps: 753068.59 (r/w/o: 527144.76/150618.82/75305.01) lat (ms,95%): 10.65 err/s: 0.00 reconn/s: 0.00
[ 250s ] thds: 256 tps: 37715.21 qps: 754221.74 (r/w/o: 527941.70/150850.43/75429.61) lat (ms,95%): 10.46 err/s: 0.00 reconn/s: 0.00
[ 260s ] thds: 256 tps: 37729.61 qps: 754633.88 (r/w/o: 528249.73/150925.94/75458.22) lat (ms,95%): 10.46 err/s: 0.00 reconn/s: 0.00
[ 270s ] thds: 256 tps: 37751.82 qps: 755046.72 (r/w/o: 528550.90/150989.78/75506.04) lat (ms,95%): 10.46 err/s: 0.00 reconn/s: 0.00
[ 280s ] thds: 256 tps: 37642.64 qps: 752917.94 (r/w/o: 527029.12/150604.05/75284.77) lat (ms,95%): 10.65 err/s: 0.00 reconn/s: 0.00
[ 290s ] thds: 256 tps: 37720.00 qps: 754325.16 (r/w/o: 528038.27/150845.99/75440.90) lat (ms,95%): 10.46 err/s: 0.00 reconn/s: 0.00
[ 300s ] thds: 256 tps: 37807.70 qps: 756104.33 (r/w/o: 529252.72/151236.91/75614.70) lat (ms,95%): 10.46 err/s: 0.00 reconn/s: 0.00
[ 310s ] thds: 256 tps: 37775.50 qps: 755591.92 (r/w/o: 528928.21/151111.90/75551.80) lat (ms,95%): 10.46 err/s: 0.00 reconn/s: 0.00
[ 320s ] thds: 256 tps: 37503.86 qps: 750095.03 (r/w/o: 525058.56/150028.65/75007.82) lat (ms,95%): 10.65 err/s: 0.00 reconn/s: 0.00
[ 330s ] thds: 256 tps: 37498.22 qps: 749885.26 (r/w/o: 524912.62/149979.39/74993.25) lat (ms,95%): 10.65 err/s: 0.00 reconn/s: 0.00
[ 340s ] thds: 256 tps: 37185.00 qps: 743734.54 (r/w/o: 520627.06/148734.89/74372.59) lat (ms,95%): 10.84 err/s: 0.00 reconn/s: 0.00
[ 350s ] thds: 256 tps: 37414.41 qps: 748297.64 (r/w/o: 523809.57/149658.85/74829.22) lat (ms,95%): 10.84 err/s: 0.00 reconn/s: 0.00
[ 360s ] thds: 256 tps: 37266.78 qps: 745224.64 (r/w/o: 521632.78/149058.31/74533.55) lat (ms,95%): 10.84 err/s: 0.10 reconn/s: 0.00
[ 370s ] thds: 256 tps: 37222.80 qps: 744612.85 (r/w/o: 521263.96/148902.89/74445.99) lat (ms,95%): 10.84 err/s: 0.10 reconn/s: 0.00
[ 380s ] thds: 256 tps: 37318.93 qps: 746338.97 (r/w/o: 522433.70/149268.11/74637.16) lat (ms,95%): 10.84 err/s: 0.00 reconn/s: 0.00
SQL statistics:
    queries performed:
        read:                            200081756
        write:                           57166196
        other:                           28583118
        total:                           285831070
    transactions:                        14291549 (37593.19 per sec.)
    queries:                             285831070 (751863.96 per sec.)
    ignored errors:                      5      (0.01 per sec.)
    reconnects:                          0      (0.00 per sec.)

General statistics:
    total time:                          380.1623s
    total number of events:              14291549

Latency (ms):
         min:                                    2.22
         avg:                                    6.81
         max:                                  142.63
         95th percentile:                       10.65
         sum:                             97261925.23

Threads fairness:
    events (avg/stddev):           55826.3633/1916.39
    execution time (avg/stddev):   379.9294/0.02

