sysbench 1.0.20-ebf1c90 (using bundled LuaJIT 2.1.0-beta2)

Running the test with following options:
Number of threads: 256
Report intermediate results every 10 second(s)
Initializing random number generator from current time


Initializing worker threads...

Threads started!

[ 10s ] thds: 256 tps: 17764.42 qps: 355735.95 (r/w/o: 249051.34/71130.07/35554.54) lat (ms,95%): 25.74 err/s: 0.00 reconn/s: 0.00
[ 20s ] thds: 256 tps: 18555.86 qps: 371024.95 (r/w/o: 259713.70/74199.13/37112.11) lat (ms,95%): 24.38 err/s: 0.20 reconn/s: 0.00
[ 30s ] thds: 256 tps: 19054.33 qps: 381095.87 (r/w/o: 266758.50/76229.81/38107.56) lat (ms,95%): 23.52 err/s: 0.00 reconn/s: 0.00
[ 40s ] thds: 256 tps: 19321.19 qps: 386379.43 (r/w/o: 270492.28/77243.67/38643.48) lat (ms,95%): 23.10 err/s: 0.00 reconn/s: 0.00
[ 50s ] thds: 256 tps: 19533.11 qps: 390685.98 (r/w/o: 273485.42/78134.24/39066.32) lat (ms,95%): 22.69 err/s: 0.00 reconn/s: 0.00
[ 60s ] thds: 256 tps: 19537.68 qps: 390808.75 (r/w/o: 273549.78/78184.51/39074.45) lat (ms,95%): 23.10 err/s: 0.00 reconn/s: 0.00
[ 70s ] thds: 256 tps: 19533.59 qps: 390682.75 (r/w/o: 273481.09/78133.47/39068.18) lat (ms,95%): 23.10 err/s: 0.00 reconn/s: 0.00
[ 80s ] thds: 256 tps: 19624.51 qps: 392445.69 (r/w/o: 274712.90/78484.26/39248.53) lat (ms,95%): 22.69 err/s: 0.00 reconn/s: 0.00
[ 90s ] thds: 256 tps: 19580.87 qps: 391674.11 (r/w/o: 274175.49/78336.28/39162.34) lat (ms,95%): 23.10 err/s: 0.00 reconn/s: 0.00
[ 100s ] thds: 256 tps: 19600.70 qps: 391914.69 (r/w/o: 274333.99/78379.60/39201.10) lat (ms,95%): 22.69 err/s: 0.00 reconn/s: 0.00
[ 110s ] thds: 256 tps: 19660.32 qps: 393177.29 (r/w/o: 275214.57/78642.48/39320.24) lat (ms,95%): 22.69 err/s: 0.00 reconn/s: 0.00
[ 120s ] thds: 256 tps: 19567.30 qps: 391453.94 (r/w/o: 274033.96/78284.69/39135.29) lat (ms,95%): 23.10 err/s: 0.00 reconn/s: 0.00
[ 130s ] thds: 256 tps: 19571.29 qps: 391343.09 (r/w/o: 273929.85/78271.26/39141.98) lat (ms,95%): 23.10 err/s: 0.00 reconn/s: 0.00
[ 140s ] thds: 256 tps: 19622.38 qps: 392446.85 (r/w/o: 274722.15/78479.43/39245.26) lat (ms,95%): 23.10 err/s: 0.00 reconn/s: 0.00
[ 150s ] thds: 256 tps: 19654.86 qps: 393057.62 (r/w/o: 275121.69/78626.72/39309.21) lat (ms,95%): 22.69 err/s: 0.10 reconn/s: 0.00
[ 160s ] thds: 256 tps: 19495.09 qps: 390031.23 (r/w/o: 273039.21/78000.85/38991.17) lat (ms,95%): 22.69 err/s: 0.10 reconn/s: 0.00
[ 170s ] thds: 256 tps: 19518.00 qps: 390281.29 (r/w/o: 273176.39/78069.70/39035.20) lat (ms,95%): 23.10 err/s: 0.00 reconn/s: 0.00
[ 180s ] thds: 256 tps: 19644.91 qps: 393011.93 (r/w/o: 275110.79/78611.83/39289.31) lat (ms,95%): 22.69 err/s: 0.00 reconn/s: 0.00
[ 190s ] thds: 256 tps: 19635.84 qps: 392599.06 (r/w/o: 274825.03/78501.25/39272.78) lat (ms,95%): 23.10 err/s: 0.00 reconn/s: 0.00
[ 200s ] thds: 256 tps: 19630.47 qps: 392617.05 (r/w/o: 274849.62/78508.19/39259.25) lat (ms,95%): 23.10 err/s: 0.00 reconn/s: 0.00
[ 210s ] thds: 256 tps: 19555.26 qps: 391178.80 (r/w/o: 273828.01/78238.36/39112.43) lat (ms,95%): 23.10 err/s: 0.00 reconn/s: 0.00
[ 220s ] thds: 256 tps: 19514.05 qps: 390135.08 (r/w/o: 273087.46/78019.82/39027.81) lat (ms,95%): 23.10 err/s: 0.00 reconn/s: 0.00
[ 230s ] thds: 256 tps: 19602.97 qps: 392142.43 (r/w/o: 274493.90/78442.49/39206.04) lat (ms,95%): 23.10 err/s: 0.00 reconn/s: 0.00
[ 240s ] thds: 256 tps: 19618.41 qps: 392441.35 (r/w/o: 274704.48/78501.25/39235.63) lat (ms,95%): 23.10 err/s: 0.00 reconn/s: 0.00
[ 250s ] thds: 256 tps: 19545.83 qps: 390918.54 (r/w/o: 273650.38/78175.11/39093.05) lat (ms,95%): 23.10 err/s: 0.00 reconn/s: 0.00
[ 260s ] thds: 256 tps: 19460.35 qps: 389191.66 (r/w/o: 272430.67/77840.29/38920.70) lat (ms,95%): 23.10 err/s: 0.00 reconn/s: 0.00
[ 270s ] thds: 256 tps: 19509.00 qps: 390153.42 (r/w/o: 273117.21/78018.00/39018.20) lat (ms,95%): 23.10 err/s: 0.00 reconn/s: 0.00
[ 280s ] thds: 256 tps: 19551.39 qps: 390960.01 (r/w/o: 273672.37/78185.06/39102.58) lat (ms,95%): 23.10 err/s: 0.00 reconn/s: 0.00
[ 290s ] thds: 256 tps: 19545.11 qps: 390906.68 (r/w/o: 273637.00/78179.46/39090.23) lat (ms,95%): 23.10 err/s: 0.00 reconn/s: 0.00
[ 300s ] thds: 256 tps: 19451.79 qps: 389083.35 (r/w/o: 272353.22/77826.25/38903.87) lat (ms,95%): 23.10 err/s: 0.00 reconn/s: 0.00
[ 310s ] thds: 256 tps: 19594.25 qps: 391897.55 (r/w/o: 274327.43/78381.51/39188.60) lat (ms,95%): 23.10 err/s: 0.10 reconn/s: 0.00
[ 320s ] thds: 256 tps: 19602.13 qps: 391979.10 (r/w/o: 274393.22/78381.92/39203.96) lat (ms,95%): 22.69 err/s: 0.00 reconn/s: 0.00
[ 330s ] thds: 256 tps: 19469.95 qps: 389462.03 (r/w/o: 272623.12/77899.31/38939.60) lat (ms,95%): 22.69 err/s: 0.00 reconn/s: 0.00
[ 340s ] thds: 256 tps: 19465.44 qps: 389249.25 (r/w/o: 272468.93/77848.95/38931.38) lat (ms,95%): 23.10 err/s: 0.00 reconn/s: 0.00
[ 350s ] thds: 256 tps: 19516.18 qps: 390344.62 (r/w/o: 273222.46/78090.20/39031.95) lat (ms,95%): 23.10 err/s: 0.00 reconn/s: 0.00
[ 360s ] thds: 256 tps: 19364.10 qps: 387363.48 (r/w/o: 271159.96/77474.52/38729.01) lat (ms,95%): 23.52 err/s: 0.00 reconn/s: 0.00
[ 370s ] thds: 256 tps: 19465.73 qps: 389367.08 (r/w/o: 272551.78/77883.74/38931.57) lat (ms,95%): 23.10 err/s: 0.00 reconn/s: 0.00
[ 380s ] thds: 256 tps: 19434.31 qps: 388471.94 (r/w/o: 271935.37/77667.85/38868.73) lat (ms,95%): 23.10 err/s: 0.10 reconn/s: 0.00
SQL statistics:
    queries performed:
        read:                            103516182
        write:                           29576030
        other:                           14788036
        total:                           147880248
    transactions:                        7394007 (19447.49 per sec.)
    queries:                             147880248 (388950.08 per sec.)
    ignored errors:                      6      (0.02 per sec.)
    reconnects:                          0      (0.00 per sec.)

General statistics:
    total time:                          380.2026s
    total number of events:              7394007

Latency (ms):
         min:                                    2.43
         avg:                                   13.16
         max:                                  186.59
         95th percentile:                       23.10
         sum:                             97269225.96

Threads fairness:
    events (avg/stddev):           28882.8398/581.24
    execution time (avg/stddev):   379.9579/0.01

