sysbench 1.0.20-ebf1c90 (using bundled LuaJIT 2.1.0-beta2)

Running the test with following options:
Number of threads: 256
Report intermediate results every 10 second(s)
Initializing random number generator from current time


Initializing worker threads...

Threads started!

[ 10s ] thds: 256 tps: 17793.96 qps: 356269.53 (r/w/o: 249445.56/71210.55/35613.43) lat (ms,95%): 25.28 err/s: 0.00 reconn/s: 0.00
[ 20s ] thds: 256 tps: 18608.90 qps: 372202.38 (r/w/o: 260534.36/74450.02/37218.01) lat (ms,95%): 24.38 err/s: 0.00 reconn/s: 0.00
[ 30s ] thds: 256 tps: 19064.72 qps: 381075.05 (r/w/o: 266732.81/76213.89/38128.35) lat (ms,95%): 23.52 err/s: 0.00 reconn/s: 0.00
[ 40s ] thds: 256 tps: 19344.39 qps: 387021.50 (r/w/o: 270942.36/77389.06/38690.08) lat (ms,95%): 23.10 err/s: 0.00 reconn/s: 0.00
[ 50s ] thds: 256 tps: 19575.68 qps: 391564.03 (r/w/o: 274056.57/78356.71/39150.75) lat (ms,95%): 22.69 err/s: 0.10 reconn/s: 0.00
[ 60s ] thds: 256 tps: 19523.09 qps: 390463.35 (r/w/o: 273357.62/78058.85/39046.87) lat (ms,95%): 23.10 err/s: 0.00 reconn/s: 0.00
[ 70s ] thds: 256 tps: 19579.75 qps: 391565.49 (r/w/o: 274099.19/78307.60/39158.70) lat (ms,95%): 22.69 err/s: 0.00 reconn/s: 0.00
[ 80s ] thds: 256 tps: 19667.30 qps: 393358.25 (r/w/o: 275334.54/78688.31/39335.41) lat (ms,95%): 22.69 err/s: 0.00 reconn/s: 0.00
[ 90s ] thds: 256 tps: 19603.71 qps: 392007.71 (r/w/o: 274411.35/78389.24/39207.12) lat (ms,95%): 22.69 err/s: 0.00 reconn/s: 0.00
[ 100s ] thds: 256 tps: 19593.41 qps: 391928.40 (r/w/o: 274361.94/78378.74/39187.72) lat (ms,95%): 22.69 err/s: 0.20 reconn/s: 0.00
[ 110s ] thds: 256 tps: 19605.78 qps: 392161.89 (r/w/o: 274498.48/78451.84/39211.57) lat (ms,95%): 22.69 err/s: 0.00 reconn/s: 0.00
[ 120s ] thds: 256 tps: 19551.66 qps: 391002.85 (r/w/o: 273687.80/78213.13/39101.91) lat (ms,95%): 23.10 err/s: 0.00 reconn/s: 0.00
[ 130s ] thds: 256 tps: 19537.27 qps: 390694.42 (r/w/o: 273492.32/78127.36/39074.73) lat (ms,95%): 23.10 err/s: 0.00 reconn/s: 0.00
[ 140s ] thds: 256 tps: 19586.48 qps: 391630.96 (r/w/o: 274138.69/78318.11/39174.16) lat (ms,95%): 23.10 err/s: 0.00 reconn/s: 0.00
[ 150s ] thds: 256 tps: 19597.64 qps: 392079.11 (r/w/o: 274477.80/78407.64/39193.67) lat (ms,95%): 23.10 err/s: 0.00 reconn/s: 0.00
[ 160s ] thds: 256 tps: 19564.33 qps: 391334.15 (r/w/o: 273939.88/78263.91/39130.35) lat (ms,95%): 22.69 err/s: 0.00 reconn/s: 0.00
[ 170s ] thds: 256 tps: 19559.75 qps: 391189.90 (r/w/o: 273834.40/78235.70/39119.80) lat (ms,95%): 23.10 err/s: 0.10 reconn/s: 0.00
[ 180s ] thds: 256 tps: 19619.91 qps: 392414.72 (r/w/o: 274677.89/78496.32/39240.51) lat (ms,95%): 22.69 err/s: 0.30 reconn/s: 0.00
[ 190s ] thds: 256 tps: 19619.44 qps: 392262.54 (r/w/o: 274567.89/78456.67/39237.98) lat (ms,95%): 22.69 err/s: 0.00 reconn/s: 0.00
[ 200s ] thds: 256 tps: 19614.85 qps: 392320.71 (r/w/o: 274645.31/78444.90/39230.50) lat (ms,95%): 23.10 err/s: 0.00 reconn/s: 0.00
[ 210s ] thds: 256 tps: 19562.14 qps: 391286.10 (r/w/o: 273881.66/78281.16/39123.28) lat (ms,95%): 22.69 err/s: 0.10 reconn/s: 0.00
[ 220s ] thds: 256 tps: 19561.86 qps: 391170.46 (r/w/o: 273807.48/78238.85/39124.13) lat (ms,95%): 23.10 err/s: 0.00 reconn/s: 0.00
[ 230s ] thds: 256 tps: 19600.37 qps: 392114.46 (r/w/o: 274506.95/78405.77/39201.74) lat (ms,95%): 23.10 err/s: 0.00 reconn/s: 0.00
[ 240s ] thds: 256 tps: 19561.28 qps: 391196.34 (r/w/o: 273821.78/78252.31/39122.25) lat (ms,95%): 23.10 err/s: 0.00 reconn/s: 0.00
[ 250s ] thds: 256 tps: 19557.39 qps: 391175.65 (r/w/o: 273839.10/78220.87/39115.69) lat (ms,95%): 23.10 err/s: 0.10 reconn/s: 0.00
[ 260s ] thds: 256 tps: 19467.29 qps: 389379.56 (r/w/o: 272543.14/77902.45/38933.98) lat (ms,95%): 23.10 err/s: 0.00 reconn/s: 0.00
[ 270s ] thds: 256 tps: 19522.16 qps: 390358.86 (r/w/o: 273270.09/78043.95/39044.83) lat (ms,95%): 23.10 err/s: 0.10 reconn/s: 0.00
[ 280s ] thds: 256 tps: 19519.55 qps: 390413.41 (r/w/o: 273297.01/78077.00/39039.40) lat (ms,95%): 23.10 err/s: 0.00 reconn/s: 0.00
[ 290s ] thds: 256 tps: 19517.63 qps: 390359.70 (r/w/o: 273256.82/78067.92/39034.96) lat (ms,95%): 23.10 err/s: 0.00 reconn/s: 0.00
[ 300s ] thds: 256 tps: 19475.00 qps: 389476.87 (r/w/o: 272628.55/77898.31/38950.01) lat (ms,95%): 23.10 err/s: 0.00 reconn/s: 0.00
[ 310s ] thds: 256 tps: 19595.86 qps: 391925.82 (r/w/o: 274352.49/78381.32/39192.01) lat (ms,95%): 23.10 err/s: 0.10 reconn/s: 0.00
[ 320s ] thds: 256 tps: 19616.51 qps: 392340.70 (r/w/o: 274640.07/78467.22/39233.41) lat (ms,95%): 22.69 err/s: 0.00 reconn/s: 0.00
[ 330s ] thds: 256 tps: 19528.99 qps: 390611.48 (r/w/o: 273418.35/78135.26/39057.88) lat (ms,95%): 22.69 err/s: 0.00 reconn/s: 0.00
[ 340s ] thds: 256 tps: 19527.12 qps: 390513.59 (r/w/o: 273364.35/78094.80/39054.45) lat (ms,95%): 23.10 err/s: 0.00 reconn/s: 0.00
[ 350s ] thds: 256 tps: 19535.72 qps: 390704.75 (r/w/o: 273481.05/78153.07/39070.64) lat (ms,95%): 22.69 err/s: 0.00 reconn/s: 0.00
[ 360s ] thds: 256 tps: 19355.48 qps: 387199.84 (r/w/o: 271038.78/77449.31/38711.75) lat (ms,95%): 23.52 err/s: 0.00 reconn/s: 0.00
[ 370s ] thds: 256 tps: 19472.98 qps: 389443.17 (r/w/o: 272618.17/77879.03/38945.97) lat (ms,95%): 23.10 err/s: 0.00 reconn/s: 0.00
[ 380s ] thds: 256 tps: 19316.41 qps: 386165.09 (r/w/o: 270301.63/77231.44/38632.02) lat (ms,95%): 23.10 err/s: 0.00 reconn/s: 0.00
SQL statistics:
    queries performed:
        read:                            103534802
        write:                           29581333
        other:                           14790703
        total:                           147906838
    transactions:                        7395332 (19450.78 per sec.)
    queries:                             147906838 (389016.19 per sec.)
    ignored errors:                      11     (0.03 per sec.)
    reconnects:                          0      (0.00 per sec.)

General statistics:
    total time:                          380.2065s
    total number of events:              7395332

Latency (ms):
         min:                                    2.27
         avg:                                   13.15
         max:                                  295.21
         95th percentile:                       23.10
         sum:                             97281968.65

Threads fairness:
    events (avg/stddev):           28888.0156/547.84
    execution time (avg/stddev):   380.0077/0.06

