sysbench 1.0.20-ebf1c90 (using bundled LuaJIT 2.1.0-beta2)

Running the test with following options:
Number of threads: 256
Report intermediate results every 10 second(s)
Initializing random number generator from current time


Initializing worker threads...

Threads started!

[ 10s ] thds: 256 tps: 35711.08 qps: 714547.79 (r/w/o: 500225.41/142874.72/71447.66) lat (ms,95%): 11.24 err/s: 0.00 reconn/s: 0.00
[ 20s ] thds: 256 tps: 37187.67 qps: 743786.50 (r/w/o: 520652.71/148758.36/74375.43) lat (ms,95%): 10.84 err/s: 0.00 reconn/s: 0.00
[ 30s ] thds: 256 tps: 37866.03 qps: 757337.73 (r/w/o: 530139.74/151466.53/75731.46) lat (ms,95%): 10.46 err/s: 0.10 reconn/s: 0.00
[ 40s ] thds: 256 tps: 38185.06 qps: 763621.02 (r/w/o: 534526.49/152723.72/76370.81) lat (ms,95%): 10.46 err/s: 0.00 reconn/s: 0.00
[ 50s ] thds: 256 tps: 38118.50 qps: 762395.14 (r/w/o: 533682.06/152476.09/76236.99) lat (ms,95%): 10.46 err/s: 0.00 reconn/s: 0.00
[ 60s ] thds: 256 tps: 38008.46 qps: 760114.67 (r/w/o: 532075.82/152027.33/76011.52) lat (ms,95%): 10.46 err/s: 0.00 reconn/s: 0.00
[ 70s ] thds: 256 tps: 38048.78 qps: 760976.19 (r/w/o: 532682.18/152194.14/76099.87) lat (ms,95%): 10.46 err/s: 0.00 reconn/s: 0.00
[ 80s ] thds: 256 tps: 37990.79 qps: 759889.95 (r/w/o: 531927.39/151977.77/75984.78) lat (ms,95%): 10.46 err/s: 0.00 reconn/s: 0.00
[ 90s ] thds: 256 tps: 37854.03 qps: 757063.83 (r/w/o: 529943.57/151412.11/75708.15) lat (ms,95%): 10.46 err/s: 0.00 reconn/s: 0.00
[ 100s ] thds: 256 tps: 37991.18 qps: 759813.33 (r/w/o: 531885.74/151945.23/75982.36) lat (ms,95%): 10.46 err/s: 0.00 reconn/s: 0.00
[ 110s ] thds: 256 tps: 38050.58 qps: 760902.17 (r/w/o: 532596.27/152207.13/76098.77) lat (ms,95%): 10.46 err/s: 0.00 reconn/s: 0.00
[ 120s ] thds: 256 tps: 37916.43 qps: 758454.07 (r/w/o: 530952.07/151666.43/75835.57) lat (ms,95%): 10.65 err/s: 0.10 reconn/s: 0.00
[ 130s ] thds: 256 tps: 37879.59 qps: 757548.14 (r/w/o: 530271.32/151518.25/75758.57) lat (ms,95%): 10.46 err/s: 0.00 reconn/s: 0.00
[ 140s ] thds: 256 tps: 37810.11 qps: 756219.25 (r/w/o: 529366.40/151232.03/75620.81) lat (ms,95%): 10.65 err/s: 0.00 reconn/s: 0.00
[ 150s ] thds: 256 tps: 38064.50 qps: 761232.72 (r/w/o: 532832.65/152271.28/76128.79) lat (ms,95%): 10.46 err/s: 0.00 reconn/s: 0.00
[ 160s ] thds: 256 tps: 37918.43 qps: 758430.66 (r/w/o: 530916.96/151676.63/75837.07) lat (ms,95%): 10.46 err/s: 0.00 reconn/s: 0.00
[ 170s ] thds: 256 tps: 37719.59 qps: 754396.97 (r/w/o: 528081.01/150876.87/75439.09) lat (ms,95%): 10.46 err/s: 0.00 reconn/s: 0.00
[ 180s ] thds: 256 tps: 37849.63 qps: 756903.18 (r/w/o: 529819.50/151385.12/75698.56) lat (ms,95%): 10.46 err/s: 0.00 reconn/s: 0.00
[ 190s ] thds: 256 tps: 38038.62 qps: 760850.11 (r/w/o: 532615.32/152157.16/76077.63) lat (ms,95%): 10.46 err/s: 0.10 reconn/s: 0.00
[ 200s ] thds: 256 tps: 37564.43 qps: 751262.46 (r/w/o: 525871.59/150261.81/75129.06) lat (ms,95%): 10.65 err/s: 0.00 reconn/s: 0.00
[ 210s ] thds: 256 tps: 37809.97 qps: 756148.12 (r/w/o: 529279.19/151250.38/75618.54) lat (ms,95%): 10.46 err/s: 0.00 reconn/s: 0.00
[ 220s ] thds: 256 tps: 37711.43 qps: 754279.67 (r/w/o: 528027.50/150828.71/75423.46) lat (ms,95%): 10.65 err/s: 0.00 reconn/s: 0.00
[ 230s ] thds: 256 tps: 37731.63 qps: 754652.85 (r/w/o: 528248.49/150941.91/75462.46) lat (ms,95%): 10.46 err/s: 0.00 reconn/s: 0.00
[ 240s ] thds: 256 tps: 37686.35 qps: 753764.64 (r/w/o: 527641.56/150749.29/75373.79) lat (ms,95%): 10.65 err/s: 0.00 reconn/s: 0.00
[ 250s ] thds: 256 tps: 37750.35 qps: 755030.78 (r/w/o: 528537.96/150991.32/75501.51) lat (ms,95%): 10.46 err/s: 0.00 reconn/s: 0.00
[ 260s ] thds: 256 tps: 37762.12 qps: 755194.73 (r/w/o: 528618.50/151051.69/75524.54) lat (ms,95%): 10.46 err/s: 0.00 reconn/s: 0.00
[ 270s ] thds: 256 tps: 37857.45 qps: 757228.90 (r/w/o: 530059.97/151453.92/75715.01) lat (ms,95%): 10.46 err/s: 0.00 reconn/s: 0.00
[ 280s ] thds: 256 tps: 37692.21 qps: 753848.32 (r/w/o: 527685.05/150780.34/75382.92) lat (ms,95%): 10.65 err/s: 0.00 reconn/s: 0.00
[ 290s ] thds: 256 tps: 37634.30 qps: 752509.04 (r/w/o: 526738.03/150503.81/75267.20) lat (ms,95%): 10.46 err/s: 0.00 reconn/s: 0.00
[ 300s ] thds: 256 tps: 37747.28 qps: 755102.00 (r/w/o: 528585.82/151018.62/75497.56) lat (ms,95%): 10.46 err/s: 0.00 reconn/s: 0.00
[ 310s ] thds: 256 tps: 37807.69 qps: 756123.27 (r/w/o: 529303.24/151204.55/75615.48) lat (ms,95%): 10.46 err/s: 0.00 reconn/s: 0.00
[ 320s ] thds: 256 tps: 37550.69 qps: 750840.98 (r/w/o: 525555.15/150184.56/75101.28) lat (ms,95%): 10.65 err/s: 0.00 reconn/s: 0.00
[ 330s ] thds: 256 tps: 37621.40 qps: 752557.08 (r/w/o: 526820.15/150494.82/75242.11) lat (ms,95%): 10.65 err/s: 0.00 reconn/s: 0.00
[ 340s ] thds: 256 tps: 37239.72 qps: 744821.92 (r/w/o: 521377.53/148964.56/74479.83) lat (ms,95%): 10.84 err/s: 0.00 reconn/s: 0.00
[ 350s ] thds: 256 tps: 37543.27 qps: 750827.30 (r/w/o: 525582.28/150158.18/75086.84) lat (ms,95%): 10.65 err/s: 0.00 reconn/s: 0.00
[ 360s ] thds: 256 tps: 37407.47 qps: 748207.74 (r/w/o: 523735.34/149657.37/74815.03) lat (ms,95%): 10.84 err/s: 0.00 reconn/s: 0.00
[ 370s ] thds: 256 tps: 37199.16 qps: 743896.49 (r/w/o: 520717.00/148782.96/74396.53) lat (ms,95%): 10.84 err/s: 0.00 reconn/s: 0.00
[ 380s ] thds: 256 tps: 37259.08 qps: 745170.06 (r/w/o: 521628.39/149023.61/74518.06) lat (ms,95%): 10.84 err/s: 0.00 reconn/s: 0.00
SQL statistics:
    queries performed:
        read:                            200594086
        write:                           57312582
        other:                           28656306
        total:                           286562974
    transactions:                        14328146 (37686.31 per sec.)
    queries:                             286562974 (753726.37 per sec.)
    ignored errors:                      3      (0.01 per sec.)
    reconnects:                          0      (0.00 per sec.)

General statistics:
    total time:                          380.1940s
    total number of events:              14328146

Latency (ms):
         min:                                    2.12
         avg:                                    6.79
         max:                                  210.94
         95th percentile:                       10.65
         sum:                             97269113.72

Threads fairness:
    events (avg/stddev):           55969.3203/1971.89
    execution time (avg/stddev):   379.9575/0.05

