sysbench 1.0.20-ebf1c90 (using bundled LuaJIT 2.1.0-beta2)

Running the test with following options:
Number of threads: 256
Report intermediate results every 10 second(s)
Initializing random number generator from current time


Initializing worker threads...

Threads started!

[ 10s ] thds: 256 tps: 17752.17 qps: 355383.21 (r/w/o: 248814.38/71039.29/35529.54) lat (ms,95%): 25.74 err/s: 0.00 reconn/s: 0.00
[ 20s ] thds: 256 tps: 18584.03 qps: 371693.96 (r/w/o: 260199.36/74326.23/37168.37) lat (ms,95%): 24.38 err/s: 0.00 reconn/s: 0.00
[ 30s ] thds: 256 tps: 19055.69 qps: 381082.87 (r/w/o: 266731.01/76241.37/38110.49) lat (ms,95%): 23.52 err/s: 0.00 reconn/s: 0.00
[ 40s ] thds: 256 tps: 19300.54 qps: 386024.54 (r/w/o: 270213.99/77209.47/38601.08) lat (ms,95%): 23.10 err/s: 0.00 reconn/s: 0.00
[ 50s ] thds: 256 tps: 19544.97 qps: 390938.65 (r/w/o: 273682.24/78165.77/39090.63) lat (ms,95%): 22.69 err/s: 0.00 reconn/s: 0.00
[ 60s ] thds: 256 tps: 19532.77 qps: 390628.91 (r/w/o: 273438.32/78124.86/39065.73) lat (ms,95%): 23.10 err/s: 0.00 reconn/s: 0.00
[ 70s ] thds: 256 tps: 19566.73 qps: 391293.90 (r/w/o: 273895.75/78264.50/39133.65) lat (ms,95%): 23.10 err/s: 0.10 reconn/s: 0.00
[ 80s ] thds: 256 tps: 19624.66 qps: 392495.88 (r/w/o: 274760.19/78486.15/39249.53) lat (ms,95%): 22.69 err/s: 0.00 reconn/s: 0.00
[ 90s ] thds: 256 tps: 19550.32 qps: 391035.36 (r/w/o: 273712.42/78222.59/39100.35) lat (ms,95%): 23.10 err/s: 0.00 reconn/s: 0.00
[ 100s ] thds: 256 tps: 19558.17 qps: 391138.75 (r/w/o: 273802.71/78219.49/39116.54) lat (ms,95%): 22.69 err/s: 0.00 reconn/s: 0.00
[ 110s ] thds: 256 tps: 19601.61 qps: 392112.63 (r/w/o: 274453.96/78456.35/39202.32) lat (ms,95%): 22.69 err/s: 0.00 reconn/s: 0.00
[ 120s ] thds: 256 tps: 19505.15 qps: 390094.49 (r/w/o: 273089.66/77994.52/39010.31) lat (ms,95%): 23.10 err/s: 0.00 reconn/s: 0.00
[ 130s ] thds: 256 tps: 19522.95 qps: 390377.30 (r/w/o: 273235.17/78096.72/39045.41) lat (ms,95%): 23.10 err/s: 0.00 reconn/s: 0.00
[ 140s ] thds: 256 tps: 19579.93 qps: 391669.44 (r/w/o: 274200.05/78307.93/39161.46) lat (ms,95%): 23.10 err/s: 0.00 reconn/s: 0.00
[ 150s ] thds: 256 tps: 19629.25 qps: 392546.00 (r/w/o: 274779.40/78508.20/39258.40) lat (ms,95%): 22.69 err/s: 0.10 reconn/s: 0.00
[ 160s ] thds: 256 tps: 19502.34 qps: 390087.65 (r/w/o: 273038.42/78044.25/39004.97) lat (ms,95%): 23.10 err/s: 0.00 reconn/s: 0.00
[ 170s ] thds: 256 tps: 19480.26 qps: 389604.17 (r/w/o: 272748.99/77894.65/38960.53) lat (ms,95%): 23.10 err/s: 0.00 reconn/s: 0.00
[ 180s ] thds: 256 tps: 19653.93 qps: 393078.67 (r/w/o: 275148.20/78622.51/39307.96) lat (ms,95%): 22.69 err/s: 0.00 reconn/s: 0.00
[ 190s ] thds: 256 tps: 19583.18 qps: 391618.22 (r/w/o: 274130.96/78322.10/39165.15) lat (ms,95%): 22.69 err/s: 0.00 reconn/s: 0.00
[ 200s ] thds: 256 tps: 19573.14 qps: 391533.94 (r/w/o: 274065.02/78321.55/39147.37) lat (ms,95%): 23.10 err/s: 0.00 reconn/s: 0.00
[ 210s ] thds: 256 tps: 19532.31 qps: 390604.52 (r/w/o: 273415.95/78124.54/39064.02) lat (ms,95%): 23.10 err/s: 0.10 reconn/s: 0.00
[ 220s ] thds: 256 tps: 19526.21 qps: 390475.73 (r/w/o: 273354.26/78068.15/39053.32) lat (ms,95%): 23.10 err/s: 0.00 reconn/s: 0.00
[ 230s ] thds: 256 tps: 19568.15 qps: 391385.66 (r/w/o: 273958.87/78291.09/39135.70) lat (ms,95%): 23.10 err/s: 0.00 reconn/s: 0.00
[ 240s ] thds: 256 tps: 19590.64 qps: 391845.16 (r/w/o: 274293.61/78369.67/39181.89) lat (ms,95%): 23.10 err/s: 0.00 reconn/s: 0.00
[ 250s ] thds: 256 tps: 19531.72 qps: 390651.40 (r/w/o: 273464.51/78123.46/39063.43) lat (ms,95%): 23.10 err/s: 0.00 reconn/s: 0.00
[ 260s ] thds: 256 tps: 19481.21 qps: 389607.88 (r/w/o: 272731.03/77914.24/38962.62) lat (ms,95%): 23.10 err/s: 0.10 reconn/s: 0.00
[ 270s ] thds: 256 tps: 19505.15 qps: 390114.65 (r/w/o: 273071.44/78032.91/39010.31) lat (ms,95%): 23.10 err/s: 0.00 reconn/s: 0.00
[ 280s ] thds: 256 tps: 19537.03 qps: 390702.97 (r/w/o: 273516.20/78112.71/39074.06) lat (ms,95%): 23.10 err/s: 0.00 reconn/s: 0.00
[ 290s ] thds: 256 tps: 19486.05 qps: 389718.95 (r/w/o: 272784.83/77962.41/38971.70) lat (ms,95%): 23.10 err/s: 0.00 reconn/s: 0.00
[ 300s ] thds: 256 tps: 19453.65 qps: 389068.07 (r/w/o: 272353.05/77807.31/38907.71) lat (ms,95%): 23.10 err/s: 0.00 reconn/s: 0.00
[ 310s ] thds: 256 tps: 19606.55 qps: 392098.31 (r/w/o: 274452.04/78433.08/39213.19) lat (ms,95%): 23.10 err/s: 0.00 reconn/s: 0.00
[ 320s ] thds: 256 tps: 19566.68 qps: 391275.82 (r/w/o: 273898.66/78244.00/39133.15) lat (ms,95%): 22.69 err/s: 0.00 reconn/s: 0.00
[ 330s ] thds: 256 tps: 19423.38 qps: 388662.83 (r/w/o: 272061.27/77754.41/38847.15) lat (ms,95%): 22.69 err/s: 0.00 reconn/s: 0.00
[ 340s ] thds: 256 tps: 19494.75 qps: 389828.30 (r/w/o: 272881.40/77957.20/38989.70) lat (ms,95%): 23.10 err/s: 0.10 reconn/s: 0.00
[ 350s ] thds: 256 tps: 19472.50 qps: 389546.48 (r/w/o: 272671.56/77929.91/38945.01) lat (ms,95%): 23.10 err/s: 0.00 reconn/s: 0.00
[ 360s ] thds: 256 tps: 19318.28 qps: 386230.94 (r/w/o: 270355.67/77240.71/38634.55) lat (ms,95%): 23.52 err/s: 0.00 reconn/s: 0.00
[ 370s ] thds: 256 tps: 19399.87 qps: 388110.29 (r/w/o: 271688.27/77619.98/38802.04) lat (ms,95%): 23.10 err/s: 0.10 reconn/s: 0.00
[ 380s ] thds: 256 tps: 19319.22 qps: 386275.36 (r/w/o: 270387.95/77250.37/38637.04) lat (ms,95%): 23.10 err/s: 0.00 reconn/s: 0.00
SQL statistics:
    queries performed:
        read:                            103396104
        write:                           29541725
        other:                           14770879
        total:                           147708708
    transactions:                        7385430 (19422.20 per sec.)
    queries:                             147708708 (388444.27 per sec.)
    ignored errors:                      6      (0.02 per sec.)
    reconnects:                          0      (0.00 per sec.)

General statistics:
    total time:                          380.2561s
    total number of events:              7385430

Latency (ms):
         min:                                    2.29
         avg:                                   13.17
         max:                                  283.63
         95th percentile:                       23.10
         sum:                             97278669.19

Threads fairness:
    events (avg/stddev):           28849.3359/631.67
    execution time (avg/stddev):   379.9948/0.06

