sysbench 1.0.20-ebf1c90 (using bundled LuaJIT 2.1.0-beta2)

Running the test with following options:
Number of threads: 32
Report intermediate results every 10 second(s)
Initializing random number generator from current time


Initializing worker threads...

Threads started!

[ 10s ] thds: 32 tps: 8394.06 qps: 167912.01 (r/w/o: 117542.95/33577.74/16791.32) lat (ms,95%): 4.57 err/s: 0.00 reconn/s: 0.00
[ 20s ] thds: 32 tps: 9645.65 qps: 192909.70 (r/w/o: 135036.80/38581.60/19291.30) lat (ms,95%): 4.33 err/s: 0.00 reconn/s: 0.00
[ 30s ] thds: 32 tps: 10693.63 qps: 213875.31 (r/w/o: 149713.46/42774.60/21387.25) lat (ms,95%): 4.10 err/s: 0.00 reconn/s: 0.00
[ 40s ] thds: 32 tps: 11186.99 qps: 223742.64 (r/w/o: 156620.09/44748.87/22373.68) lat (ms,95%): 3.96 err/s: 0.00 reconn/s: 0.00
[ 50s ] thds: 32 tps: 11778.53 qps: 235570.22 (r/w/o: 164898.94/47114.02/23557.26) lat (ms,95%): 3.62 err/s: 0.00 reconn/s: 0.00
[ 60s ] thds: 32 tps: 12168.96 qps: 243370.96 (r/w/o: 170358.11/48675.03/24337.82) lat (ms,95%): 3.62 err/s: 0.00 reconn/s: 0.00
[ 70s ] thds: 32 tps: 12495.88 qps: 249927.52 (r/w/o: 174950.93/49984.72/24991.86) lat (ms,95%): 3.68 err/s: 0.00 reconn/s: 0.00
[ 80s ] thds: 32 tps: 12431.75 qps: 248636.32 (r/w/o: 174046.14/49726.68/24863.49) lat (ms,95%): 3.68 err/s: 0.00 reconn/s: 0.00
[ 90s ] thds: 32 tps: 12723.58 qps: 254468.52 (r/w/o: 178127.23/50894.02/25447.26) lat (ms,95%): 3.55 err/s: 0.00 reconn/s: 0.00
[ 100s ] thds: 32 tps: 12664.10 qps: 253286.04 (r/w/o: 177300.13/50657.71/25328.20) lat (ms,95%): 3.75 err/s: 0.00 reconn/s: 0.00
[ 110s ] thds: 32 tps: 12373.38 qps: 247465.63 (r/w/o: 173226.34/49492.53/24746.76) lat (ms,95%): 3.96 err/s: 0.00 reconn/s: 0.00
[ 120s ] thds: 32 tps: 13157.36 qps: 263144.78 (r/w/o: 184200.20/52629.96/26314.63) lat (ms,95%): 3.43 err/s: 0.00 reconn/s: 0.00
[ 130s ] thds: 32 tps: 13059.20 qps: 261184.43 (r/w/o: 182830.02/52236.01/26118.40) lat (ms,95%): 3.49 err/s: 0.00 reconn/s: 0.00
[ 140s ] thds: 32 tps: 13186.22 qps: 263722.81 (r/w/o: 184605.32/52745.06/26372.43) lat (ms,95%): 3.30 err/s: 0.00 reconn/s: 0.00
[ 150s ] thds: 32 tps: 12785.21 qps: 255700.95 (r/w/o: 178990.21/51140.33/25570.42) lat (ms,95%): 3.62 err/s: 0.00 reconn/s: 0.00
[ 160s ] thds: 32 tps: 12686.92 qps: 253737.33 (r/w/o: 177615.63/50748.07/25373.63) lat (ms,95%): 3.75 err/s: 0.00 reconn/s: 0.00
[ 170s ] thds: 32 tps: 12965.99 qps: 259320.67 (r/w/o: 181524.64/51863.95/25932.08) lat (ms,95%): 3.49 err/s: 0.00 reconn/s: 0.00
[ 180s ] thds: 32 tps: 13287.72 qps: 265757.68 (r/w/o: 186030.97/53151.28/26575.44) lat (ms,95%): 3.30 err/s: 0.00 reconn/s: 0.00
[ 190s ] thds: 32 tps: 13388.48 qps: 267770.85 (r/w/o: 187439.95/53553.93/26776.96) lat (ms,95%): 3.19 err/s: 0.00 reconn/s: 0.00
[ 200s ] thds: 32 tps: 13165.88 qps: 263318.59 (r/w/o: 184323.28/52663.54/26331.77) lat (ms,95%): 3.30 err/s: 0.00 reconn/s: 0.00
[ 210s ] thds: 32 tps: 13041.50 qps: 260829.10 (r/w/o: 182580.00/52165.90/26083.20) lat (ms,95%): 3.36 err/s: 0.00 reconn/s: 0.00
[ 220s ] thds: 32 tps: 13310.69 qps: 266213.80 (r/w/o: 186350.43/53241.98/26621.39) lat (ms,95%): 3.25 err/s: 0.00 reconn/s: 0.00
[ 230s ] thds: 32 tps: 12995.02 qps: 259904.85 (r/w/o: 181933.45/51981.47/25989.94) lat (ms,95%): 3.43 err/s: 0.00 reconn/s: 0.00
[ 240s ] thds: 32 tps: 12675.54 qps: 253502.78 (r/w/o: 177450.92/50700.88/25350.99) lat (ms,95%): 3.75 err/s: 0.00 reconn/s: 0.00
[ 250s ] thds: 32 tps: 12804.77 qps: 256101.50 (r/w/o: 179272.58/51219.38/25609.54) lat (ms,95%): 3.55 err/s: 0.00 reconn/s: 0.00
[ 260s ] thds: 32 tps: 13237.70 qps: 264747.48 (r/w/o: 185322.39/52949.70/26475.40) lat (ms,95%): 3.43 err/s: 0.00 reconn/s: 0.00
[ 270s ] thds: 32 tps: 13284.38 qps: 265696.42 (r/w/o: 185988.73/53138.72/26568.96) lat (ms,95%): 3.30 err/s: 0.00 reconn/s: 0.00
[ 280s ] thds: 32 tps: 13459.00 qps: 269175.50 (r/w/o: 188421.67/53836.12/26917.71) lat (ms,95%): 3.25 err/s: 0.00 reconn/s: 0.00
[ 290s ] thds: 32 tps: 13333.73 qps: 266677.14 (r/w/o: 186674.38/53335.11/26667.65) lat (ms,95%): 3.25 err/s: 0.00 reconn/s: 0.00
[ 300s ] thds: 32 tps: 12923.60 qps: 258468.95 (r/w/o: 180927.43/51694.31/25847.20) lat (ms,95%): 3.49 err/s: 0.00 reconn/s: 0.00
[ 310s ] thds: 32 tps: 12687.49 qps: 253749.41 (r/w/o: 177624.70/50749.84/25374.87) lat (ms,95%): 3.55 err/s: 0.00 reconn/s: 0.00
[ 320s ] thds: 32 tps: 12865.30 qps: 257307.15 (r/w/o: 180115.63/51460.81/25730.70) lat (ms,95%): 3.55 err/s: 0.00 reconn/s: 0.00
[ 330s ] thds: 32 tps: 12844.11 qps: 256881.08 (r/w/o: 179816.19/51376.66/25688.23) lat (ms,95%): 3.55 err/s: 0.00 reconn/s: 0.00
[ 340s ] thds: 32 tps: 12546.40 qps: 250928.22 (r/w/o: 175649.34/50186.08/25092.79) lat (ms,95%): 3.62 err/s: 0.00 reconn/s: 0.00
[ 350s ] thds: 32 tps: 13027.85 qps: 260558.60 (r/w/o: 182392.10/52110.80/26055.70) lat (ms,95%): 3.49 err/s: 0.00 reconn/s: 0.00
[ 360s ] thds: 32 tps: 13078.72 qps: 261576.17 (r/w/o: 183103.46/52315.17/26157.54) lat (ms,95%): 3.43 err/s: 0.00 reconn/s: 0.00
[ 370s ] thds: 32 tps: 13234.68 qps: 264691.06 (r/w/o: 185283.79/52938.11/26469.16) lat (ms,95%): 3.43 err/s: 0.00 reconn/s: 0.00
[ 380s ] thds: 32 tps: 13177.53 qps: 263553.35 (r/w/o: 184487.58/52710.71/26355.05) lat (ms,95%): 3.30 err/s: 0.00 reconn/s: 0.00
SQL statistics:
    queries performed:
        read:                            67028052
        write:                           19150872
        other:                           9575436
        total:                           95754360
    transactions:                        4787718 (12598.61 per sec.)
    queries:                             95754360 (251972.27 per sec.)
    ignored errors:                      0      (0.00 per sec.)
    reconnects:                          0      (0.00 per sec.)

General statistics:
    total time:                          380.0185s
    total number of events:              4787718

Latency (ms):
         min:                                    1.57
         avg:                                    2.54
         max:                                  116.61
         95th percentile:                        3.55
         sum:                             12156738.25

Threads fairness:
    events (avg/stddev):           149616.1875/10274.61
    execution time (avg/stddev):   379.8981/0.01

