sysbench 1.0.20-ebf1c90 (using bundled LuaJIT 2.1.0-beta2)

Running the test with following options:
Number of threads: 256
Report intermediate results every 10 second(s)
Initializing random number generator from current time


Initializing worker threads...

Threads started!

[ 10s ] thds: 256 tps: 32620.33 qps: 652703.20 (r/w/o: 456943.71/130493.23/65266.26) lat (ms,95%): 12.75 err/s: 0.00 reconn/s: 0.00
[ 20s ] thds: 256 tps: 34312.20 qps: 686325.82 (r/w/o: 480417.25/137284.19/68624.39) lat (ms,95%): 12.08 err/s: 0.00 reconn/s: 0.00
[ 30s ] thds: 256 tps: 35111.57 qps: 702175.73 (r/w/o: 491537.73/140415.07/70222.93) lat (ms,95%): 11.65 err/s: 0.00 reconn/s: 0.00
[ 40s ] thds: 256 tps: 34984.86 qps: 699717.61 (r/w/o: 489787.78/139961.62/69968.21) lat (ms,95%): 11.65 err/s: 0.10 reconn/s: 0.00
[ 50s ] thds: 256 tps: 35175.22 qps: 703458.89 (r/w/o: 492417.94/140688.90/70352.05) lat (ms,95%): 11.65 err/s: 0.00 reconn/s: 0.00
[ 60s ] thds: 256 tps: 35187.61 qps: 703762.60 (r/w/o: 492642.44/140747.54/70372.62) lat (ms,95%): 11.65 err/s: 0.20 reconn/s: 0.00
[ 70s ] thds: 256 tps: 35115.72 qps: 702328.83 (r/w/o: 491641.10/140453.19/70234.54) lat (ms,95%): 11.65 err/s: 0.00 reconn/s: 0.00
[ 80s ] thds: 256 tps: 35151.35 qps: 703104.95 (r/w/o: 492161.53/140640.41/70303.00) lat (ms,95%): 11.65 err/s: 0.00 reconn/s: 0.00
[ 90s ] thds: 256 tps: 35121.73 qps: 702395.85 (r/w/o: 491677.35/140474.93/70243.56) lat (ms,95%): 11.65 err/s: 0.00 reconn/s: 0.00
[ 100s ] thds: 256 tps: 35243.01 qps: 704879.18 (r/w/o: 493415.50/140977.76/70485.93) lat (ms,95%): 11.65 err/s: 0.00 reconn/s: 0.00
[ 110s ] thds: 256 tps: 35341.46 qps: 706731.28 (r/w/o: 494714.03/141335.44/70681.82) lat (ms,95%): 11.65 err/s: 0.00 reconn/s: 0.00
[ 120s ] thds: 256 tps: 35121.32 qps: 702425.62 (r/w/o: 491700.39/140481.78/70243.44) lat (ms,95%): 11.65 err/s: 0.00 reconn/s: 0.00
[ 130s ] thds: 256 tps: 35055.17 qps: 701087.72 (r/w/o: 490744.52/140233.16/70110.03) lat (ms,95%): 11.87 err/s: 0.00 reconn/s: 0.00
[ 140s ] thds: 256 tps: 35208.07 qps: 704139.69 (r/w/o: 492901.24/140822.60/70415.85) lat (ms,95%): 11.65 err/s: 0.10 reconn/s: 0.00
[ 150s ] thds: 256 tps: 35044.66 qps: 700995.91 (r/w/o: 490718.78/140186.62/70090.51) lat (ms,95%): 11.65 err/s: 0.00 reconn/s: 0.00
[ 160s ] thds: 256 tps: 35311.78 qps: 706183.35 (r/w/o: 494309.26/141251.13/70622.97) lat (ms,95%): 11.45 err/s: 0.00 reconn/s: 0.00
[ 170s ] thds: 256 tps: 35274.46 qps: 705438.12 (r/w/o: 493801.38/141088.32/70548.41) lat (ms,95%): 11.65 err/s: 0.00 reconn/s: 0.00
[ 180s ] thds: 256 tps: 35257.17 qps: 705181.63 (r/w/o: 493636.40/141030.79/70514.44) lat (ms,95%): 11.65 err/s: 0.00 reconn/s: 0.00
[ 190s ] thds: 256 tps: 34974.23 qps: 699512.76 (r/w/o: 489663.66/139899.83/69949.27) lat (ms,95%): 11.65 err/s: 0.00 reconn/s: 0.00
[ 200s ] thds: 256 tps: 34914.18 qps: 698190.83 (r/w/o: 488714.14/139648.13/69828.56) lat (ms,95%): 11.87 err/s: 0.00 reconn/s: 0.00
[ 210s ] thds: 256 tps: 35024.26 qps: 700582.62 (r/w/o: 490434.88/140099.32/70048.41) lat (ms,95%): 11.65 err/s: 0.00 reconn/s: 0.00
[ 220s ] thds: 256 tps: 34991.02 qps: 699854.46 (r/w/o: 489895.02/139977.29/69982.15) lat (ms,95%): 11.65 err/s: 0.00 reconn/s: 0.00
[ 230s ] thds: 256 tps: 35038.66 qps: 700732.19 (r/w/o: 490512.11/140142.96/70077.13) lat (ms,95%): 11.65 err/s: 0.00 reconn/s: 0.00
[ 240s ] thds: 256 tps: 35136.93 qps: 702727.73 (r/w/o: 491904.27/140549.41/70274.05) lat (ms,95%): 11.65 err/s: 0.00 reconn/s: 0.00
[ 250s ] thds: 256 tps: 35214.75 qps: 704302.42 (r/w/o: 493001.91/140874.00/70426.50) lat (ms,95%): 11.45 err/s: 0.00 reconn/s: 0.00
[ 260s ] thds: 256 tps: 35196.96 qps: 703983.07 (r/w/o: 492806.22/140780.73/70396.12) lat (ms,95%): 11.45 err/s: 0.00 reconn/s: 0.00
[ 270s ] thds: 256 tps: 35180.50 qps: 703622.06 (r/w/o: 492527.14/140733.01/70361.91) lat (ms,95%): 11.65 err/s: 0.00 reconn/s: 0.00
[ 280s ] thds: 256 tps: 35077.61 qps: 701485.97 (r/w/o: 491040.49/140290.25/70155.23) lat (ms,95%): 11.65 err/s: 0.00 reconn/s: 0.00
[ 290s ] thds: 256 tps: 34980.39 qps: 699602.72 (r/w/o: 489724.00/139918.34/69960.37) lat (ms,95%): 11.65 err/s: 0.00 reconn/s: 0.00
[ 300s ] thds: 256 tps: 34982.89 qps: 699721.19 (r/w/o: 489807.42/139947.48/69966.29) lat (ms,95%): 11.65 err/s: 0.00 reconn/s: 0.00
[ 310s ] thds: 256 tps: 35041.95 qps: 700771.28 (r/w/o: 490516.89/140172.90/70081.50) lat (ms,95%): 11.65 err/s: 0.00 reconn/s: 0.00
[ 320s ] thds: 256 tps: 34883.53 qps: 697680.97 (r/w/o: 488380.37/139533.43/69767.17) lat (ms,95%): 11.65 err/s: 0.00 reconn/s: 0.00
[ 330s ] thds: 256 tps: 35089.68 qps: 701815.49 (r/w/o: 491280.39/140353.34/70181.77) lat (ms,95%): 11.65 err/s: 0.00 reconn/s: 0.00
[ 340s ] thds: 256 tps: 35185.46 qps: 703698.01 (r/w/o: 492585.28/140744.02/70368.71) lat (ms,95%): 11.45 err/s: 0.00 reconn/s: 0.00
[ 350s ] thds: 256 tps: 35015.48 qps: 700372.17 (r/w/o: 490270.80/140068.01/70033.36) lat (ms,95%): 11.65 err/s: 0.10 reconn/s: 0.00
[ 360s ] thds: 256 tps: 34839.43 qps: 696727.53 (r/w/o: 487712.94/139335.53/69679.06) lat (ms,95%): 11.87 err/s: 0.10 reconn/s: 0.00
[ 370s ] thds: 256 tps: 34804.73 qps: 696077.17 (r/w/o: 487243.20/139225.31/69608.66) lat (ms,95%): 12.08 err/s: 0.00 reconn/s: 0.00
[ 380s ] thds: 256 tps: 34844.80 qps: 696853.18 (r/w/o: 487791.95/139371.02/69690.21) lat (ms,95%): 11.87 err/s: 0.00 reconn/s: 0.00
SQL statistics:
    queries performed:
        read:                            186211914
        write:                           53203386
        other:                           26601708
        total:                           266017008
    transactions:                        13300845 (34985.86 per sec.)
    queries:                             266017008 (699717.47 per sec.)
    ignored errors:                      6      (0.02 per sec.)
    reconnects:                          0      (0.00 per sec.)

General statistics:
    total time:                          380.1768s
    total number of events:              13300845

Latency (ms):
         min:                                    2.29
         avg:                                    7.31
         max:                                  174.37
         95th percentile:                       11.65
         sum:                             97263882.86

Threads fairness:
    events (avg/stddev):           51956.4258/2254.77
    execution time (avg/stddev):   379.9370/0.02

