sysbench 1.0.20-ebf1c90 (using bundled LuaJIT 2.1.0-beta2)

Running the test with following options:
Number of threads: 256
Report intermediate results every 10 second(s)
Initializing random number generator from current time


Initializing worker threads...

Threads started!

[ 10s ] thds: 256 tps: 48931.97 qps: 978895.22 (r/w/o: 685267.88/195738.29/97889.04) lat (ms,95%): 7.43 err/s: 0.00 reconn/s: 0.00
[ 20s ] thds: 256 tps: 50372.33 qps: 1007495.29 (r/w/o: 705256.19/201494.14/100744.97) lat (ms,95%): 7.17 err/s: 0.10 reconn/s: 0.00
[ 30s ] thds: 256 tps: 50953.24 qps: 1019061.21 (r/w/o: 713346.39/203807.84/101906.97) lat (ms,95%): 7.17 err/s: 0.00 reconn/s: 0.00
[ 40s ] thds: 256 tps: 51280.93 qps: 1025594.75 (r/w/o: 717904.76/205129.23/102560.77) lat (ms,95%): 7.04 err/s: 0.00 reconn/s: 0.00
[ 50s ] thds: 256 tps: 51492.22 qps: 1029808.87 (r/w/o: 720858.16/205965.87/102984.84) lat (ms,95%): 7.04 err/s: 0.00 reconn/s: 0.00
[ 60s ] thds: 256 tps: 51355.09 qps: 1027152.92 (r/w/o: 719018.30/205424.44/102710.17) lat (ms,95%): 7.04 err/s: 0.00 reconn/s: 0.00
[ 70s ] thds: 256 tps: 51442.98 qps: 1028823.39 (r/w/o: 720169.38/205768.34/102885.67) lat (ms,95%): 7.04 err/s: 0.00 reconn/s: 0.00
[ 80s ] thds: 256 tps: 51599.58 qps: 1032037.39 (r/w/o: 722435.88/206401.24/103200.27) lat (ms,95%): 7.04 err/s: 0.00 reconn/s: 0.00
[ 90s ] thds: 256 tps: 51611.08 qps: 1032184.29 (r/w/o: 722520.18/206442.84/103221.27) lat (ms,95%): 7.04 err/s: 0.00 reconn/s: 0.00
[ 100s ] thds: 256 tps: 51706.92 qps: 1034154.86 (r/w/o: 723915.82/206824.39/103414.65) lat (ms,95%): 7.04 err/s: 0.00 reconn/s: 0.00
[ 110s ] thds: 256 tps: 51060.50 qps: 1021266.28 (r/w/o: 714890.05/204255.22/102121.01) lat (ms,95%): 7.04 err/s: 0.10 reconn/s: 0.00
[ 120s ] thds: 256 tps: 50570.57 qps: 1011376.20 (r/w/o: 707957.88/202276.88/101141.44) lat (ms,95%): 7.17 err/s: 0.00 reconn/s: 0.00
[ 130s ] thds: 256 tps: 50775.39 qps: 1015469.43 (r/w/o: 710823.18/203096.27/101549.98) lat (ms,95%): 7.17 err/s: 0.00 reconn/s: 0.00
[ 140s ] thds: 256 tps: 51055.47 qps: 1021107.88 (r/w/o: 714776.26/204220.68/102110.94) lat (ms,95%): 7.04 err/s: 0.00 reconn/s: 0.00
[ 150s ] thds: 256 tps: 50839.41 qps: 1016822.15 (r/w/o: 711780.48/203362.65/101679.03) lat (ms,95%): 7.17 err/s: 0.00 reconn/s: 0.00
[ 160s ] thds: 256 tps: 50950.93 qps: 1018993.26 (r/w/o: 713291.76/203799.43/101902.07) lat (ms,95%): 7.04 err/s: 0.00 reconn/s: 0.00
[ 170s ] thds: 256 tps: 50930.89 qps: 1018613.08 (r/w/o: 713025.82/203725.18/101862.09) lat (ms,95%): 7.04 err/s: 0.00 reconn/s: 0.00
[ 180s ] thds: 256 tps: 51274.17 qps: 1025457.06 (r/w/o: 717810.85/205099.27/102546.94) lat (ms,95%): 7.04 err/s: 0.00 reconn/s: 0.00
[ 190s ] thds: 256 tps: 51072.69 qps: 1021483.68 (r/w/o: 715053.74/204283.16/102146.78) lat (ms,95%): 7.04 err/s: 0.00 reconn/s: 0.00
[ 200s ] thds: 256 tps: 50726.88 qps: 1014534.78 (r/w/o: 710173.97/202907.74/101453.07) lat (ms,95%): 7.17 err/s: 0.00 reconn/s: 0.00
[ 210s ] thds: 256 tps: 50423.42 qps: 1008508.85 (r/w/o: 705956.54/201705.87/100846.43) lat (ms,95%): 7.17 err/s: 0.00 reconn/s: 0.00
[ 220s ] thds: 256 tps: 50504.32 qps: 1010115.22 (r/w/o: 707077.32/202028.26/101009.63) lat (ms,95%): 7.17 err/s: 0.00 reconn/s: 0.00
[ 230s ] thds: 256 tps: 50572.31 qps: 1011384.69 (r/w/o: 707974.91/202265.56/101144.23) lat (ms,95%): 7.17 err/s: 0.00 reconn/s: 0.00
[ 240s ] thds: 256 tps: 50378.00 qps: 1007572.03 (r/w/o: 705301.82/201516.11/100754.10) lat (ms,95%): 7.17 err/s: 0.00 reconn/s: 0.00
[ 250s ] thds: 256 tps: 50372.52 qps: 1007451.53 (r/w/o: 705211.73/201492.57/100747.23) lat (ms,95%): 7.17 err/s: 0.00 reconn/s: 0.00
[ 260s ] thds: 256 tps: 50269.85 qps: 1005381.82 (r/w/o: 703762.14/201080.38/100539.29) lat (ms,95%): 7.17 err/s: 0.00 reconn/s: 0.00
[ 270s ] thds: 256 tps: 50042.45 qps: 1000892.15 (r/w/o: 700633.06/200173.69/100085.39) lat (ms,95%): 7.30 err/s: 0.00 reconn/s: 0.00
[ 280s ] thds: 256 tps: 50591.30 qps: 1011793.06 (r/w/o: 708253.34/202357.11/101182.61) lat (ms,95%): 7.17 err/s: 0.00 reconn/s: 0.00
[ 290s ] thds: 256 tps: 50524.36 qps: 1010505.66 (r/w/o: 707356.01/202101.13/101048.52) lat (ms,95%): 7.17 err/s: 0.00 reconn/s: 0.00
[ 300s ] thds: 256 tps: 50299.66 qps: 1005966.17 (r/w/o: 704169.89/201196.55/100599.73) lat (ms,95%): 7.30 err/s: 0.00 reconn/s: 0.00
[ 310s ] thds: 256 tps: 50357.06 qps: 1007172.06 (r/w/o: 705033.48/201424.85/100713.73) lat (ms,95%): 7.17 err/s: 0.00 reconn/s: 0.00
[ 320s ] thds: 256 tps: 50150.06 qps: 1002961.60 (r/w/o: 702064.11/200597.26/100300.23) lat (ms,95%): 7.30 err/s: 0.00 reconn/s: 0.00
[ 330s ] thds: 256 tps: 50244.07 qps: 1004907.20 (r/w/o: 703432.98/200985.78/100488.44) lat (ms,95%): 7.17 err/s: 0.00 reconn/s: 0.00
[ 340s ] thds: 256 tps: 50194.12 qps: 1003799.04 (r/w/o: 702636.74/200774.87/100387.43) lat (ms,95%): 7.17 err/s: 0.00 reconn/s: 0.00
[ 350s ] thds: 256 tps: 50201.94 qps: 1004077.68 (r/w/o: 702870.34/200803.46/100403.88) lat (ms,95%): 7.17 err/s: 0.00 reconn/s: 0.00
[ 360s ] thds: 256 tps: 50122.92 qps: 1002479.59 (r/w/o: 701741.28/200491.98/100246.34) lat (ms,95%): 7.17 err/s: 0.00 reconn/s: 0.00
[ 370s ] thds: 256 tps: 50030.89 qps: 1000596.00 (r/w/o: 700412.53/200123.28/100060.19) lat (ms,95%): 7.30 err/s: 0.00 reconn/s: 0.00
[ 380s ] thds: 256 tps: 49945.82 qps: 998905.15 (r/w/o: 699231.64/199786.97/99886.54) lat (ms,95%): 7.30 err/s: 0.10 reconn/s: 0.00
SQL statistics:
    queries performed:
        read:                            269538164
        write:                           77010894
        other:                           38505456
        total:                           385054514
    transactions:                        19252723 (50630.00 per sec.)
    queries:                             385054514 (1012600.22 per sec.)
    ignored errors:                      3      (0.01 per sec.)
    reconnects:                          0      (0.00 per sec.)

General statistics:
    total time:                          380.2621s
    total number of events:              19252723

Latency (ms):
         min:                                    1.99
         avg:                                    5.05
         max:                                  260.84
         95th percentile:                        7.17
         sum:                             97265203.60

Threads fairness:
    events (avg/stddev):           75205.9492/3678.12
    execution time (avg/stddev):   379.9422/0.06

