sysbench 1.0.20-ebf1c90 (using bundled LuaJIT 2.1.0-beta2)

Running the test with following options:
Number of threads: 256
Report intermediate results every 10 second(s)
Initializing random number generator from current time


Initializing worker threads...

Threads started!

[ 10s ] thds: 256 tps: 32665.45 qps: 653628.16 (r/w/o: 457591.87/130679.70/65356.60) lat (ms,95%): 12.75 err/s: 0.00 reconn/s: 0.00
[ 20s ] thds: 256 tps: 34067.82 qps: 681402.11 (r/w/o: 476973.29/136293.08/68135.74) lat (ms,95%): 12.08 err/s: 0.00 reconn/s: 0.00
[ 30s ] thds: 256 tps: 35180.41 qps: 703500.46 (r/w/o: 492444.81/140696.13/70359.52) lat (ms,95%): 11.65 err/s: 0.00 reconn/s: 0.00
[ 40s ] thds: 256 tps: 35187.76 qps: 703812.51 (r/w/o: 492661.75/140773.94/70376.82) lat (ms,95%): 11.65 err/s: 0.00 reconn/s: 0.00
[ 50s ] thds: 256 tps: 35304.03 qps: 706005.30 (r/w/o: 494205.12/141192.12/70608.06) lat (ms,95%): 11.65 err/s: 0.00 reconn/s: 0.00
[ 60s ] thds: 256 tps: 35241.04 qps: 704895.49 (r/w/o: 493453.05/140960.36/70482.08) lat (ms,95%): 11.65 err/s: 0.00 reconn/s: 0.00
[ 70s ] thds: 256 tps: 35192.02 qps: 703802.71 (r/w/o: 492638.88/140780.68/70383.14) lat (ms,95%): 11.65 err/s: 0.00 reconn/s: 0.00
[ 80s ] thds: 256 tps: 35312.69 qps: 706233.90 (r/w/o: 494364.13/141243.48/70626.29) lat (ms,95%): 11.45 err/s: 0.00 reconn/s: 0.00
[ 90s ] thds: 256 tps: 35217.05 qps: 704376.87 (r/w/o: 493072.05/140870.61/70434.21) lat (ms,95%): 11.45 err/s: 0.00 reconn/s: 0.00
[ 100s ] thds: 256 tps: 35270.77 qps: 705436.15 (r/w/o: 493806.65/141088.07/70541.44) lat (ms,95%): 11.65 err/s: 0.00 reconn/s: 0.00
[ 110s ] thds: 256 tps: 35379.58 qps: 707556.66 (r/w/o: 495285.76/141512.03/70758.87) lat (ms,95%): 11.65 err/s: 0.00 reconn/s: 0.00
[ 120s ] thds: 256 tps: 35048.94 qps: 700988.16 (r/w/o: 490697.80/140193.17/70097.19) lat (ms,95%): 11.65 err/s: 0.00 reconn/s: 0.00
[ 130s ] thds: 256 tps: 34977.29 qps: 699606.58 (r/w/o: 489729.21/139921.98/69955.39) lat (ms,95%): 11.87 err/s: 0.00 reconn/s: 0.00
[ 140s ] thds: 256 tps: 35193.30 qps: 703870.77 (r/w/o: 492696.35/140788.71/70385.71) lat (ms,95%): 11.65 err/s: 0.00 reconn/s: 0.00
[ 150s ] thds: 256 tps: 35090.82 qps: 701766.94 (r/w/o: 491240.31/140345.59/70181.04) lat (ms,95%): 11.65 err/s: 0.00 reconn/s: 0.00
[ 160s ] thds: 256 tps: 35232.67 qps: 704659.17 (r/w/o: 493257.13/140934.89/70467.15) lat (ms,95%): 11.65 err/s: 0.00 reconn/s: 0.00
[ 170s ] thds: 256 tps: 35168.96 qps: 703436.17 (r/w/o: 492419.42/140678.63/70338.12) lat (ms,95%): 11.65 err/s: 0.00 reconn/s: 0.00
[ 180s ] thds: 256 tps: 35174.42 qps: 703438.84 (r/w/o: 492411.31/140679.09/70348.44) lat (ms,95%): 11.65 err/s: 0.00 reconn/s: 0.00
[ 190s ] thds: 256 tps: 35082.28 qps: 701597.35 (r/w/o: 491087.29/140347.31/70162.76) lat (ms,95%): 11.65 err/s: 0.00 reconn/s: 0.00
[ 200s ] thds: 256 tps: 34970.85 qps: 699423.68 (r/w/o: 489617.28/139862.90/69943.50) lat (ms,95%): 11.65 err/s: 0.00 reconn/s: 0.00
[ 210s ] thds: 256 tps: 35004.77 qps: 700090.72 (r/w/o: 490057.93/140024.06/70008.73) lat (ms,95%): 11.65 err/s: 0.00 reconn/s: 0.00
[ 220s ] thds: 256 tps: 35001.63 qps: 700136.33 (r/w/o: 490107.14/140024.73/70004.46) lat (ms,95%): 11.65 err/s: 0.00 reconn/s: 0.00
[ 230s ] thds: 256 tps: 35110.71 qps: 702110.62 (r/w/o: 491467.88/140422.12/70220.61) lat (ms,95%): 11.65 err/s: 0.00 reconn/s: 0.00
[ 240s ] thds: 256 tps: 35075.06 qps: 701511.51 (r/w/o: 491057.77/140302.42/70151.31) lat (ms,95%): 11.65 err/s: 0.10 reconn/s: 0.00
[ 250s ] thds: 256 tps: 35084.15 qps: 701712.27 (r/w/o: 491208.68/140335.79/70167.80) lat (ms,95%): 11.65 err/s: 0.00 reconn/s: 0.00
[ 260s ] thds: 256 tps: 35078.19 qps: 701521.56 (r/w/o: 491048.94/140316.55/70156.08) lat (ms,95%): 11.45 err/s: 0.10 reconn/s: 0.00
[ 270s ] thds: 256 tps: 35106.02 qps: 702167.88 (r/w/o: 491521.93/140433.20/70212.75) lat (ms,95%): 11.65 err/s: 0.00 reconn/s: 0.00
[ 280s ] thds: 256 tps: 35085.87 qps: 701717.91 (r/w/o: 491205.49/140340.78/70171.64) lat (ms,95%): 11.65 err/s: 0.00 reconn/s: 0.00
[ 290s ] thds: 256 tps: 35050.58 qps: 700910.27 (r/w/o: 490623.37/140185.53/70101.37) lat (ms,95%): 11.65 err/s: 0.00 reconn/s: 0.00
[ 300s ] thds: 256 tps: 35045.28 qps: 700990.35 (r/w/o: 490711.16/140188.43/70090.77) lat (ms,95%): 11.65 err/s: 0.10 reconn/s: 0.00
[ 310s ] thds: 256 tps: 35057.17 qps: 701133.05 (r/w/o: 490785.45/140233.47/70114.14) lat (ms,95%): 11.65 err/s: 0.00 reconn/s: 0.00
[ 320s ] thds: 256 tps: 34950.84 qps: 699037.95 (r/w/o: 489335.60/139800.47/69901.89) lat (ms,95%): 11.65 err/s: 0.00 reconn/s: 0.00
[ 330s ] thds: 256 tps: 34998.66 qps: 699929.78 (r/w/o: 489943.53/139988.94/69997.32) lat (ms,95%): 11.65 err/s: 0.00 reconn/s: 0.00
[ 340s ] thds: 256 tps: 35149.14 qps: 703043.88 (r/w/o: 492129.74/140615.56/70298.58) lat (ms,95%): 11.45 err/s: 0.00 reconn/s: 0.00
[ 350s ] thds: 256 tps: 35027.87 qps: 700474.93 (r/w/o: 490331.53/140088.07/70055.33) lat (ms,95%): 11.65 err/s: 0.00 reconn/s: 0.00
[ 360s ] thds: 256 tps: 34712.17 qps: 694313.84 (r/w/o: 486025.34/138864.27/69424.23) lat (ms,95%): 11.87 err/s: 0.00 reconn/s: 0.00
[ 370s ] thds: 256 tps: 34716.53 qps: 694356.16 (r/w/o: 486048.36/138877.53/69430.27) lat (ms,95%): 12.08 err/s: 0.00 reconn/s: 0.00
[ 380s ] thds: 256 tps: 34700.55 qps: 693927.30 (r/w/o: 485745.00/138779.90/69402.40) lat (ms,95%): 12.08 err/s: 0.00 reconn/s: 0.00
SQL statistics:
    queries performed:
        read:                            186191936
        write:                           53197682
        other:                           26598856
        total:                           265988474
    transactions:                        13299421 (34982.08 per sec.)
    queries:                             265988474 (699641.76 per sec.)
    ignored errors:                      3      (0.01 per sec.)
    reconnects:                          0      (0.00 per sec.)

General statistics:
    total time:                          380.1772s
    total number of events:              13299421

Latency (ms):
         min:                                    2.31
         avg:                                    7.31
         max:                                  173.63
         95th percentile:                       11.65
         sum:                             97266112.48

Threads fairness:
    events (avg/stddev):           51950.8633/2149.81
    execution time (avg/stddev):   379.9458/0.02

