sysbench 1.0.20-ebf1c90 (using bundled LuaJIT 2.1.0-beta2)

Running the test with following options:
Number of threads: 64
Report intermediate results every 10 second(s)
Initializing random number generator from current time


Initializing worker threads...

Threads started!

[ 10s ] thds: 64 tps: 23063.88 qps: 461348.29 (r/w/o: 322956.48/92257.64/46134.17) lat (ms,95%): 3.49 err/s: 0.00 reconn/s: 0.00
[ 20s ] thds: 64 tps: 23461.11 qps: 469218.84 (r/w/o: 328452.37/93844.25/46922.22) lat (ms,95%): 3.43 err/s: 0.00 reconn/s: 0.00
[ 30s ] thds: 64 tps: 23582.45 qps: 471643.50 (r/w/o: 330148.70/94330.10/47164.70) lat (ms,95%): 3.43 err/s: 0.00 reconn/s: 0.00
[ 40s ] thds: 64 tps: 23555.01 qps: 471088.14 (r/w/o: 329759.50/94218.63/47110.01) lat (ms,95%): 3.43 err/s: 0.00 reconn/s: 0.00
[ 50s ] thds: 64 tps: 23277.65 qps: 465568.51 (r/w/o: 325899.81/93113.30/46555.40) lat (ms,95%): 3.49 err/s: 0.00 reconn/s: 0.00
[ 60s ] thds: 64 tps: 23648.48 qps: 472974.52 (r/w/o: 331083.43/94594.02/47297.06) lat (ms,95%): 3.43 err/s: 0.00 reconn/s: 0.00
[ 70s ] thds: 64 tps: 23576.59 qps: 471526.12 (r/w/o: 330068.18/94304.66/47153.28) lat (ms,95%): 3.43 err/s: 0.00 reconn/s: 0.00
[ 80s ] thds: 64 tps: 23629.10 qps: 472574.73 (r/w/o: 330799.02/94517.91/47257.80) lat (ms,95%): 3.43 err/s: 0.00 reconn/s: 0.00
[ 90s ] thds: 64 tps: 23493.29 qps: 469872.93 (r/w/o: 328914.31/93971.65/46986.97) lat (ms,95%): 3.43 err/s: 0.00 reconn/s: 0.00
[ 100s ] thds: 64 tps: 23465.75 qps: 469309.70 (r/w/o: 328515.40/93863.40/46930.90) lat (ms,95%): 3.43 err/s: 0.00 reconn/s: 0.00
[ 110s ] thds: 64 tps: 23276.99 qps: 465541.48 (r/w/o: 325879.95/93107.06/46554.48) lat (ms,95%): 3.49 err/s: 0.10 reconn/s: 0.00
[ 120s ] thds: 64 tps: 23611.18 qps: 472233.52 (r/w/o: 330565.23/94445.72/47222.56) lat (ms,95%): 3.43 err/s: 0.00 reconn/s: 0.00
[ 130s ] thds: 64 tps: 23281.01 qps: 465618.66 (r/w/o: 325931.98/93124.85/46561.83) lat (ms,95%): 3.49 err/s: 0.00 reconn/s: 0.00
[ 140s ] thds: 64 tps: 23273.16 qps: 465461.58 (r/w/o: 325823.10/93091.96/46546.53) lat (ms,95%): 3.49 err/s: 0.00 reconn/s: 0.00
[ 150s ] thds: 64 tps: 23505.11 qps: 470100.98 (r/w/o: 329069.80/94020.96/47010.23) lat (ms,95%): 3.43 err/s: 0.00 reconn/s: 0.00
[ 160s ] thds: 64 tps: 23153.52 qps: 463076.06 (r/w/o: 324154.85/92614.17/46307.04) lat (ms,95%): 3.49 err/s: 0.00 reconn/s: 0.00
[ 170s ] thds: 64 tps: 23554.92 qps: 471096.38 (r/w/o: 329767.23/94219.50/47109.65) lat (ms,95%): 3.43 err/s: 0.00 reconn/s: 0.00
[ 180s ] thds: 64 tps: 23520.30 qps: 470403.03 (r/w/o: 329281.45/94081.09/47040.49) lat (ms,95%): 3.43 err/s: 0.00 reconn/s: 0.00
[ 190s ] thds: 64 tps: 23418.02 qps: 468356.90 (r/w/o: 327848.28/93672.38/46836.24) lat (ms,95%): 3.43 err/s: 0.00 reconn/s: 0.00
[ 200s ] thds: 64 tps: 23434.02 qps: 468680.52 (r/w/o: 328077.83/93734.56/46868.13) lat (ms,95%): 3.43 err/s: 0.00 reconn/s: 0.00
[ 210s ] thds: 64 tps: 23465.20 qps: 469311.10 (r/w/o: 328518.40/93862.40/46930.30) lat (ms,95%): 3.43 err/s: 0.00 reconn/s: 0.00
[ 220s ] thds: 64 tps: 23670.20 qps: 473402.25 (r/w/o: 331380.83/94681.11/47340.30) lat (ms,95%): 3.36 err/s: 0.00 reconn/s: 0.00
[ 230s ] thds: 64 tps: 23510.24 qps: 470201.32 (r/w/o: 329140.38/94040.36/47020.58) lat (ms,95%): 3.43 err/s: 0.00 reconn/s: 0.00
[ 240s ] thds: 64 tps: 23492.47 qps: 469850.25 (r/w/o: 328895.95/93969.37/46984.94) lat (ms,95%): 3.43 err/s: 0.00 reconn/s: 0.00
[ 250s ] thds: 64 tps: 23316.69 qps: 466335.64 (r/w/o: 326435.02/93267.45/46633.17) lat (ms,95%): 3.49 err/s: 0.00 reconn/s: 0.00
[ 260s ] thds: 64 tps: 23534.27 qps: 470686.54 (r/w/o: 329480.34/94137.47/47068.73) lat (ms,95%): 3.43 err/s: 0.00 reconn/s: 0.00
[ 270s ] thds: 64 tps: 23506.25 qps: 470123.83 (r/w/o: 329086.75/94024.49/47012.59) lat (ms,95%): 3.43 err/s: 0.00 reconn/s: 0.00
[ 280s ] thds: 64 tps: 23366.57 qps: 467334.23 (r/w/o: 327133.60/93467.69/46732.94) lat (ms,95%): 3.43 err/s: 0.00 reconn/s: 0.00
[ 290s ] thds: 64 tps: 23389.29 qps: 467779.43 (r/w/o: 327445.11/93555.75/46778.57) lat (ms,95%): 3.43 err/s: 0.00 reconn/s: 0.00
[ 300s ] thds: 64 tps: 23264.24 qps: 465290.03 (r/w/o: 325705.08/93056.37/46528.58) lat (ms,95%): 3.49 err/s: 0.00 reconn/s: 0.00
[ 310s ] thds: 64 tps: 23532.89 qps: 470651.09 (r/w/o: 329454.75/94130.96/47065.38) lat (ms,95%): 3.43 err/s: 0.00 reconn/s: 0.00
[ 320s ] thds: 64 tps: 23100.80 qps: 462026.31 (r/w/o: 323419.60/92404.60/46202.10) lat (ms,95%): 3.49 err/s: 0.00 reconn/s: 0.00
[ 330s ] thds: 64 tps: 23437.72 qps: 468744.86 (r/w/o: 328119.15/93750.27/46875.44) lat (ms,95%): 3.43 err/s: 0.00 reconn/s: 0.00
[ 340s ] thds: 64 tps: 23331.45 qps: 466627.30 (r/w/o: 326638.67/93325.72/46662.91) lat (ms,95%): 3.43 err/s: 0.00 reconn/s: 0.00
[ 350s ] thds: 64 tps: 23403.73 qps: 468082.62 (r/w/o: 327659.77/93615.50/46807.35) lat (ms,95%): 3.43 err/s: 0.00 reconn/s: 0.00
[ 360s ] thds: 64 tps: 23250.16 qps: 464997.93 (r/w/o: 325498.76/92998.95/46500.22) lat (ms,95%): 3.49 err/s: 0.00 reconn/s: 0.00
[ 370s ] thds: 64 tps: 23166.29 qps: 463329.56 (r/w/o: 324330.74/92666.15/46332.68) lat (ms,95%): 3.49 err/s: 0.00 reconn/s: 0.00
[ 380s ] thds: 64 tps: 23340.43 qps: 466807.51 (r/w/o: 326765.63/93361.12/46680.76) lat (ms,95%): 3.43 err/s: 0.00 reconn/s: 0.00
SQL statistics:
    queries performed:
        read:                            124581702
        write:                           35594769
        other:                           17797387
        total:                           177973858
    transactions:                        8898692 (23415.67 per sec.)
    queries:                             177973858 (468313.49 per sec.)
    ignored errors:                      1      (0.00 per sec.)
    reconnects:                          0      (0.00 per sec.)

General statistics:
    total time:                          380.0305s
    total number of events:              8898692

Latency (ms):
         min:                                    1.71
         avg:                                    2.73
         max:                                  116.87
         95th percentile:                        3.43
         sum:                             24313535.30

Threads fairness:
    events (avg/stddev):           139042.0625/5562.28
    execution time (avg/stddev):   379.8990/0.01

