sysbench 1.0.20-ebf1c90 (using bundled LuaJIT 2.1.0-beta2)

Running the test with following options:
Number of threads: 128
Report intermediate results every 10 second(s)
Initializing random number generator from current time


Initializing worker threads...

Threads started!

[ 10s ] thds: 128 tps: 32646.12 qps: 653056.92 (r/w/o: 457160.99/130591.49/65304.44) lat (ms,95%): 4.91 err/s: 0.00 reconn/s: 0.00
[ 20s ] thds: 128 tps: 34122.41 qps: 682454.48 (r/w/o: 477718.79/136490.56/68245.13) lat (ms,95%): 4.65 err/s: 0.00 reconn/s: 0.00
[ 30s ] thds: 128 tps: 34186.79 qps: 683722.91 (r/w/o: 478604.37/136744.86/68373.68) lat (ms,95%): 4.65 err/s: 0.00 reconn/s: 0.00
[ 40s ] thds: 128 tps: 33875.17 qps: 677500.40 (r/w/o: 474247.45/135503.00/67749.95) lat (ms,95%): 4.65 err/s: 0.00 reconn/s: 0.00
[ 50s ] thds: 128 tps: 33901.74 qps: 678038.06 (r/w/o: 474630.70/135603.47/67803.89) lat (ms,95%): 4.65 err/s: 0.00 reconn/s: 0.00
[ 60s ] thds: 128 tps: 33776.27 qps: 675543.54 (r/w/o: 472880.31/135113.39/67549.84) lat (ms,95%): 4.74 err/s: 0.00 reconn/s: 0.00
[ 70s ] thds: 128 tps: 33819.15 qps: 676365.86 (r/w/o: 473453.44/135271.91/67640.51) lat (ms,95%): 4.65 err/s: 0.00 reconn/s: 0.00
[ 80s ] thds: 128 tps: 33785.57 qps: 675712.89 (r/w/o: 473003.04/135138.20/67571.65) lat (ms,95%): 4.65 err/s: 0.00 reconn/s: 0.00
[ 90s ] thds: 128 tps: 33516.77 qps: 670342.46 (r/w/o: 469239.42/134069.19/67033.85) lat (ms,95%): 4.74 err/s: 0.00 reconn/s: 0.00
[ 100s ] thds: 128 tps: 33682.32 qps: 673637.95 (r/w/o: 471548.61/134725.09/67364.24) lat (ms,95%): 4.74 err/s: 0.00 reconn/s: 0.00
[ 110s ] thds: 128 tps: 33719.77 qps: 674404.05 (r/w/o: 472078.22/134886.39/67439.45) lat (ms,95%): 4.74 err/s: 0.00 reconn/s: 0.00
[ 120s ] thds: 128 tps: 33703.60 qps: 674064.89 (r/w/o: 471843.57/134813.92/67407.41) lat (ms,95%): 4.65 err/s: 0.00 reconn/s: 0.00
[ 130s ] thds: 128 tps: 33397.05 qps: 667953.15 (r/w/o: 467568.47/133590.69/66794.00) lat (ms,95%): 4.74 err/s: 0.00 reconn/s: 0.00
[ 140s ] thds: 128 tps: 33524.22 qps: 670454.64 (r/w/o: 469316.84/134089.67/67048.13) lat (ms,95%): 4.74 err/s: 0.00 reconn/s: 0.00
[ 150s ] thds: 128 tps: 33504.92 qps: 670116.26 (r/w/o: 469083.32/134023.19/67009.75) lat (ms,95%): 4.74 err/s: 0.00 reconn/s: 0.00
[ 160s ] thds: 128 tps: 33269.32 qps: 665396.91 (r/w/o: 465781.69/133075.98/66539.24) lat (ms,95%): 4.74 err/s: 0.00 reconn/s: 0.00
[ 170s ] thds: 128 tps: 33519.03 qps: 670372.77 (r/w/o: 469258.10/134076.91/67037.76) lat (ms,95%): 4.74 err/s: 0.00 reconn/s: 0.00
[ 180s ] thds: 128 tps: 33527.33 qps: 670551.62 (r/w/o: 469387.87/134109.30/67054.45) lat (ms,95%): 4.74 err/s: 0.00 reconn/s: 0.00
[ 190s ] thds: 128 tps: 33188.67 qps: 663740.93 (r/w/o: 464611.63/132752.07/66377.23) lat (ms,95%): 4.74 err/s: 0.00 reconn/s: 0.00
[ 200s ] thds: 128 tps: 33370.52 qps: 667419.51 (r/w/o: 467196.42/133481.56/66741.53) lat (ms,95%): 4.74 err/s: 0.00 reconn/s: 0.00
[ 210s ] thds: 128 tps: 33451.57 qps: 669041.63 (r/w/o: 468332.83/133805.77/66903.03) lat (ms,95%): 4.74 err/s: 0.00 reconn/s: 0.00
[ 220s ] thds: 128 tps: 33396.87 qps: 667927.08 (r/w/o: 467546.24/133587.70/66793.15) lat (ms,95%): 4.74 err/s: 0.00 reconn/s: 0.00
[ 230s ] thds: 128 tps: 33131.93 qps: 662655.89 (r/w/o: 463860.88/132530.64/66264.37) lat (ms,95%): 4.74 err/s: 0.00 reconn/s: 0.00
[ 240s ] thds: 128 tps: 33368.34 qps: 667376.95 (r/w/o: 467165.20/133474.77/66736.99) lat (ms,95%): 4.82 err/s: 0.00 reconn/s: 0.00
[ 250s ] thds: 128 tps: 33443.86 qps: 668877.43 (r/w/o: 468216.19/133773.83/66887.41) lat (ms,95%): 4.74 err/s: 0.00 reconn/s: 0.00
[ 260s ] thds: 128 tps: 33288.69 qps: 665766.82 (r/w/o: 466035.71/133153.84/66577.27) lat (ms,95%): 4.74 err/s: 0.00 reconn/s: 0.00
[ 270s ] thds: 128 tps: 33088.94 qps: 661780.05 (r/w/o: 463244.20/132358.17/66177.69) lat (ms,95%): 4.82 err/s: 0.00 reconn/s: 0.00
[ 280s ] thds: 128 tps: 33401.56 qps: 668025.44 (r/w/o: 467617.17/133604.75/66803.52) lat (ms,95%): 4.74 err/s: 0.00 reconn/s: 0.00
[ 290s ] thds: 128 tps: 33396.69 qps: 667927.51 (r/w/o: 467549.60/133584.64/66793.27) lat (ms,95%): 4.82 err/s: 0.00 reconn/s: 0.00
[ 300s ] thds: 128 tps: 33382.28 qps: 667658.75 (r/w/o: 467363.15/133530.93/66764.66) lat (ms,95%): 4.74 err/s: 0.00 reconn/s: 0.00
[ 310s ] thds: 128 tps: 33380.28 qps: 667608.20 (r/w/o: 467324.49/133523.04/66760.67) lat (ms,95%): 4.74 err/s: 0.00 reconn/s: 0.00
[ 320s ] thds: 128 tps: 33316.22 qps: 666314.61 (r/w/o: 466419.59/133262.38/66632.64) lat (ms,95%): 4.74 err/s: 0.00 reconn/s: 0.00
[ 330s ] thds: 128 tps: 33286.99 qps: 665722.32 (r/w/o: 466002.31/133146.14/66573.87) lat (ms,95%): 4.74 err/s: 0.00 reconn/s: 0.00
[ 340s ] thds: 128 tps: 33081.35 qps: 661647.32 (r/w/o: 463157.31/132327.20/66162.80) lat (ms,95%): 4.74 err/s: 0.00 reconn/s: 0.00
[ 350s ] thds: 128 tps: 33313.80 qps: 666268.22 (r/w/o: 466387.25/133253.78/66627.19) lat (ms,95%): 4.74 err/s: 0.00 reconn/s: 0.00
[ 360s ] thds: 128 tps: 33300.97 qps: 666013.35 (r/w/o: 466206.62/133204.79/66601.95) lat (ms,95%): 4.74 err/s: 0.00 reconn/s: 0.00
[ 370s ] thds: 128 tps: 33219.17 qps: 664398.48 (r/w/o: 465082.33/132877.50/66438.65) lat (ms,95%): 4.74 err/s: 0.00 reconn/s: 0.00
[ 380s ] thds: 128 tps: 33147.59 qps: 662935.22 (r/w/o: 464051.07/132589.26/66294.88) lat (ms,95%): 4.74 err/s: 0.00 reconn/s: 0.00
SQL statistics:
    queries performed:
        read:                            178003168
        write:                           50858045
        other:                           25429027
        total:                           254290240
    transactions:                        12714512 (33452.58 per sec.)
    queries:                             254290240 (669051.52 per sec.)
    ignored errors:                      0      (0.00 per sec.)
    reconnects:                          0      (0.00 per sec.)

General statistics:
    total time:                          380.0748s
    total number of events:              12714512

Latency (ms):
         min:                                    1.68
         avg:                                    3.82
         max:                                  217.93
         95th percentile:                        4.74
         sum:                             48628855.64

Threads fairness:
    events (avg/stddev):           99332.1250/3661.90
    execution time (avg/stddev):   379.9129/0.01

