sysbench 1.0.20-ebf1c90 (using bundled LuaJIT 2.1.0-beta2)

Running the test with following options:
Number of threads: 256
Report intermediate results every 10 second(s)
Initializing random number generator from current time


Initializing worker threads...

Threads started!

[ 10s ] thds: 256 tps: 15618.44 qps: 312696.63 (r/w/o: 218911.28/62524.17/31261.18) lat (ms,95%): 29.72 err/s: 0.00 reconn/s: 0.00
[ 20s ] thds: 256 tps: 16603.23 qps: 332006.80 (r/w/o: 232405.82/66395.32/33205.66) lat (ms,95%): 27.66 err/s: 0.00 reconn/s: 0.00
[ 30s ] thds: 256 tps: 17009.59 qps: 340270.40 (r/w/o: 238231.46/68017.46/34021.48) lat (ms,95%): 27.17 err/s: 0.10 reconn/s: 0.00
[ 40s ] thds: 256 tps: 17410.94 qps: 348195.51 (r/w/o: 243718.26/69655.66/34821.58) lat (ms,95%): 26.20 err/s: 0.00 reconn/s: 0.00
[ 50s ] thds: 256 tps: 17661.33 qps: 353244.89 (r/w/o: 247284.71/70637.32/35322.86) lat (ms,95%): 25.74 err/s: 0.00 reconn/s: 0.00
[ 60s ] thds: 256 tps: 17757.05 qps: 355108.17 (r/w/o: 248568.65/71026.71/35512.81) lat (ms,95%): 25.74 err/s: 0.10 reconn/s: 0.00
[ 70s ] thds: 256 tps: 17787.97 qps: 355846.07 (r/w/o: 249091.16/71177.17/35577.74) lat (ms,95%): 25.74 err/s: 0.00 reconn/s: 0.00
[ 80s ] thds: 256 tps: 17670.45 qps: 353430.79 (r/w/o: 247379.86/70709.92/35341.01) lat (ms,95%): 26.20 err/s: 0.00 reconn/s: 0.00
[ 90s ] thds: 256 tps: 17753.28 qps: 354988.98 (r/w/o: 248502.18/70980.64/35506.17) lat (ms,95%): 25.74 err/s: 0.00 reconn/s: 0.00
[ 100s ] thds: 256 tps: 17783.97 qps: 355732.32 (r/w/o: 249022.39/71141.48/35568.44) lat (ms,95%): 25.74 err/s: 0.00 reconn/s: 0.00
[ 110s ] thds: 256 tps: 17805.91 qps: 356066.48 (r/w/o: 249247.10/71207.66/35611.73) lat (ms,95%): 25.74 err/s: 0.00 reconn/s: 0.00
[ 120s ] thds: 256 tps: 17622.95 qps: 352450.24 (r/w/o: 246688.96/70515.89/35245.39) lat (ms,95%): 26.20 err/s: 0.00 reconn/s: 0.00
[ 130s ] thds: 256 tps: 17761.90 qps: 355319.55 (r/w/o: 248747.66/71047.59/35524.29) lat (ms,95%): 25.74 err/s: 0.00 reconn/s: 0.00
[ 140s ] thds: 256 tps: 17666.21 qps: 353278.28 (r/w/o: 247302.43/70643.34/35332.52) lat (ms,95%): 26.20 err/s: 0.00 reconn/s: 0.00
[ 150s ] thds: 256 tps: 17792.75 qps: 355807.52 (r/w/o: 249056.12/71166.20/35585.20) lat (ms,95%): 25.74 err/s: 0.00 reconn/s: 0.00
[ 160s ] thds: 256 tps: 17844.61 qps: 356888.13 (r/w/o: 249813.69/71385.23/35689.21) lat (ms,95%): 25.74 err/s: 0.00 reconn/s: 0.00
[ 170s ] thds: 256 tps: 17719.49 qps: 354407.19 (r/w/o: 248097.62/70870.28/35439.29) lat (ms,95%): 25.74 err/s: 0.00 reconn/s: 0.00
[ 180s ] thds: 256 tps: 17761.44 qps: 355182.95 (r/w/o: 248630.10/71030.07/35522.79) lat (ms,95%): 25.74 err/s: 0.00 reconn/s: 0.00
[ 190s ] thds: 256 tps: 17768.65 qps: 355421.14 (r/w/o: 248778.06/71105.69/35537.39) lat (ms,95%): 25.28 err/s: 0.00 reconn/s: 0.00
[ 200s ] thds: 256 tps: 17777.77 qps: 355530.05 (r/w/o: 248880.01/71094.29/35555.74) lat (ms,95%): 25.74 err/s: 0.10 reconn/s: 0.00
[ 210s ] thds: 256 tps: 17762.76 qps: 355295.99 (r/w/o: 248720.84/71049.74/35525.42) lat (ms,95%): 25.74 err/s: 0.00 reconn/s: 0.00
[ 220s ] thds: 256 tps: 17740.42 qps: 354828.20 (r/w/o: 248370.61/70976.36/35481.23) lat (ms,95%): 25.74 err/s: 0.00 reconn/s: 0.00
[ 230s ] thds: 256 tps: 17657.18 qps: 353102.29 (r/w/o: 247169.59/70619.54/35313.17) lat (ms,95%): 26.20 err/s: 0.00 reconn/s: 0.00
[ 240s ] thds: 256 tps: 17694.42 qps: 353858.01 (r/w/o: 247695.72/70772.66/35389.63) lat (ms,95%): 25.74 err/s: 0.00 reconn/s: 0.00
[ 250s ] thds: 256 tps: 17678.81 qps: 353515.38 (r/w/o: 247456.59/70701.06/35357.73) lat (ms,95%): 26.20 err/s: 0.00 reconn/s: 0.00
[ 260s ] thds: 256 tps: 17647.42 qps: 353001.55 (r/w/o: 247104.74/70601.67/35295.13) lat (ms,95%): 26.20 err/s: 0.00 reconn/s: 0.00
[ 270s ] thds: 256 tps: 17686.32 qps: 353789.81 (r/w/o: 247663.39/70753.78/35372.64) lat (ms,95%): 26.20 err/s: 0.00 reconn/s: 0.00
[ 280s ] thds: 256 tps: 17704.16 qps: 354060.46 (r/w/o: 247844.21/70807.63/35408.62) lat (ms,95%): 25.74 err/s: 0.10 reconn/s: 0.00
[ 290s ] thds: 256 tps: 17666.30 qps: 353340.17 (r/w/o: 247314.25/70693.71/35332.21) lat (ms,95%): 26.20 err/s: 0.10 reconn/s: 0.00
[ 300s ] thds: 256 tps: 17725.66 qps: 354524.56 (r/w/o: 248196.71/70875.93/35451.92) lat (ms,95%): 25.74 err/s: 0.00 reconn/s: 0.00
[ 310s ] thds: 256 tps: 17620.56 qps: 352522.77 (r/w/o: 246733.32/70548.23/35241.22) lat (ms,95%): 26.20 err/s: 0.10 reconn/s: 0.00
[ 320s ] thds: 256 tps: 17690.46 qps: 353766.17 (r/w/o: 247650.32/70734.83/35381.02) lat (ms,95%): 25.74 err/s: 0.00 reconn/s: 0.00
[ 330s ] thds: 256 tps: 17606.09 qps: 352085.57 (r/w/o: 246464.61/70408.47/35212.49) lat (ms,95%): 25.74 err/s: 0.10 reconn/s: 0.00
[ 340s ] thds: 256 tps: 17649.53 qps: 353019.20 (r/w/o: 247114.55/70605.60/35299.05) lat (ms,95%): 26.20 err/s: 0.00 reconn/s: 0.00
[ 350s ] thds: 256 tps: 17590.98 qps: 351745.21 (r/w/o: 246222.32/70341.32/35181.56) lat (ms,95%): 26.20 err/s: 0.00 reconn/s: 0.00
[ 360s ] thds: 256 tps: 17543.79 qps: 350897.64 (r/w/o: 245633.69/70175.97/35087.98) lat (ms,95%): 26.20 err/s: 0.00 reconn/s: 0.00
[ 370s ] thds: 256 tps: 17568.32 qps: 351309.03 (r/w/o: 245889.73/70282.77/35136.53) lat (ms,95%): 26.20 err/s: 0.00 reconn/s: 0.00
[ 380s ] thds: 256 tps: 17491.72 qps: 349801.00 (r/w/o: 244875.98/69942.88/34982.14) lat (ms,95%): 26.20 err/s: 0.00 reconn/s: 0.00
SQL statistics:
    queries performed:
        read:                            93566256
        write:                           26733192
        other:                           13366618
        total:                           133666066
    transactions:                        6683297 (17572.04 per sec.)
    queries:                             133666066 (351441.14 per sec.)
    ignored errors:                      7      (0.02 per sec.)
    reconnects:                          0      (0.00 per sec.)

General statistics:
    total time:                          380.3360s
    total number of events:              6683297

Latency (ms):
         min:                                    2.27
         avg:                                   14.56
         max:                                  299.85
         95th percentile:                       26.20
         sum:                             97297618.42

Threads fairness:
    events (avg/stddev):           26106.6289/579.79
    execution time (avg/stddev):   380.0688/0.10

