=== pg-build afdolto 2026-10-01T23:22:14Z
    prefix=/opt/g15-pg18-afdolto
    src=/home/ec2-user/g15/pgsrc-afdolto (reuse=0)
    CFLAGS=-O3 -march=native -mtune=native -flto=96 -ffat-lto-objects -fauto-profile=/home/ec2-user/g15/work/pg18-g15-sysbench.afdo
    LDFLAGS=-flto=96 -ffat-lto-objects -fauto-profile=/home/ec2-user/g15/work/pg18-g15-sysbench.afdo -Wl,--build-id
    XLOGLOCKS=<stock 8>
gcc (GCC) 15.2.0
CFLAGS = -Wall -Wmissing-prototypes -Wpointer-arith -Wdeclaration-after-statement -Werror=vla -Wendif-labels -Wmissing-format-attribute -Wimplicit-fallthrough=3 -Wcast-function-type -Wshadow=compatible-local -Wformat-security -Wmissing-variable-declarations -fno-strict-aliasing -fwrapv -fexcess-precision=standard -Wno-format-truncation -Wno-stringop-truncation -O3 -march=native -mtune=native -flto=96 -ffat-lto-objects -fauto-profile=/home/ec2-user/g15/work/pg18-g15-sysbench.afdo
CFLAGS_SL = -fPIC
CFLAGS_SL_MODULE =  -fvisibility=hidden
CFLAGS_UNROLL_LOOPS =  -funroll-loops
--- gates for afdolto
-rwxr-xr-x. 1 root root 14589536 Oct  1 23:23 /opt/g15-pg18-afdolto/bin/postgres
postgres (PostgreSQL) 18.3
    source rev/tree     : 62d6c7d3df6 eacca3d098ca35d9cbc7705a290583135faa3b79  (REL_18_3 from /home/ec2-user/postgres)
    md5                 : 75e183fd7ae0
readelf: Warning: Gap in build notes detected from 0x64d857 to 0x64d864
    build-id           : OK
    .debug_info        : 1
    .debug_line        : 1
    .rela.text         : 0
    .text bytes        : 9107090
    -g in build log    : 0
    auto-profile in log: 1370
    profile-use in log : 0
    profile-gen in log : 0
    lto in log         : 1370
    WAL insert locks   : NUM_XLOGINSERT_LOCKS  8
    missing-profile warns: 0
    not-bolted         : OK
    no-instrumentation : OK
    prefix clean       : OK (no gcov syms anywhere in /opt/g15-pg18-afdolto)
    flag -flto: OK (1370 lines)
    flag -fauto-profile on compile lines: OK (1298 lines)
    smoke              : OK (rows=1000)
=== pg-build afdolto done 2026-10-01T23:23:13Z
BUILD_RC=0
