[WARNING:/home/ec2-user/g15/autofdo/third_party/perf_data_converter/src/quipper/perf_reader.cc:1322] Skipping 840 bytes of metadata: HEADER_CPU_TOPOLOGY
[WARNING:/home/ec2-user/g15/autofdo/third_party/perf_data_converter/src/quipper/perf_reader.cc:1069] Skipping unsupported event PERF_RECORD_ID_INDEX
[WARNING:/home/ec2-user/g15/autofdo/third_party/perf_data_converter/src/quipper/perf_reader.cc:1069] Skipping unsupported event PERF_RECORD_CPU_MAP
[WARNING:/home/ec2-user/g15/autofdo/third_party/perf_data_converter/src/quipper/perf_reader.cc:1069] Skipping unsupported event UNKNOWN_EVENT_17
[WARNING:/home/ec2-user/g15/autofdo/third_party/perf_data_converter/src/quipper/perf_reader.cc:1069] Skipping unsupported event UNKNOWN_EVENT_18
[WARNING:/home/ec2-user/g15/autofdo/third_party/perf_data_converter/src/quipper/perf_reader.cc:1069] Skipping unsupported event UNKNOWN_EVENT_17
[WARNING:/home/ec2-user/g15/autofdo/third_party/perf_data_converter/src/quipper/perf_reader.cc:1069] Skipping unsupported event UNKNOWN_EVENT_18
[WARNING:/home/ec2-user/g15/autofdo/third_party/perf_data_converter/src/quipper/perf_reader.cc:1069] Skipping unsupported event UNKNOWN_EVENT_17
[WARNING:/home/ec2-user/g15/autofdo/third_party/perf_data_converter/src/quipper/perf_reader.cc:1069] Skipping unsupported event UNKNOWN_EVENT_18
[WARNING:/home/ec2-user/g15/autofdo/third_party/perf_data_converter/src/quipper/perf_reader.cc:1069] Skipping unsupported event UNKNOWN_EVENT_17
[WARNING:/home/ec2-user/g15/autofdo/third_party/perf_data_converter/src/quipper/perf_reader.cc:1069] Skipping unsupported event UNKNOWN_EVENT_18
[WARNING:/home/ec2-user/g15/autofdo/third_party/perf_data_converter/src/quipper/perf_reader.cc:1069] Skipping unsupported event UNKNOWN_EVENT_17
[WARNING:/home/ec2-user/g15/autofdo/third_party/perf_data_converter/src/quipper/perf_reader.cc:1069] Skipping unsupported event UNKNOWN_EVENT_18
[WARNING:/home/ec2-user/g15/autofdo/third_party/perf_data_converter/src/quipper/perf_reader.cc:1069] Skipping unsupported event UNKNOWN_EVENT_17
[WARNING:/home/ec2-user/g15/autofdo/third_party/perf_data_converter/src/quipper/perf_reader.cc:1069] Skipping unsupported event UNKNOWN_EVENT_18
[WARNING:/home/ec2-user/g15/autofdo/third_party/perf_data_converter/src/quipper/perf_reader.cc:1069] Skipping unsupported event UNKNOWN_EVENT_17
[WARNING:/home/ec2-user/g15/autofdo/third_party/perf_data_converter/src/quipper/perf_reader.cc:1069] Skipping unsupported event UNKNOWN_EVENT_18
[WARNING:/home/ec2-user/g15/autofdo/third_party/perf_data_converter/src/quipper/perf_reader.cc:1069] Skipping unsupported event UNKNOWN_EVENT_17
[WARNING:/home/ec2-user/g15/autofdo/third_party/perf_data_converter/src/quipper/perf_reader.cc:1069] Skipping unsupported event UNKNOWN_EVENT_18
[WARNING:/home/ec2-user/g15/autofdo/third_party/perf_data_converter/src/quipper/perf_reader.cc:1069] Skipping unsupported event UNKNOWN_EVENT_17
[WARNING:/home/ec2-user/g15/autofdo/third_party/perf_data_converter/src/quipper/perf_reader.cc:1069] Skipping unsupported event UNKNOWN_EVENT_18
[WARNING:/home/ec2-user/g15/autofdo/third_party/perf_data_converter/src/quipper/perf_reader.cc:1069] Skipping unsupported event UNKNOWN_EVENT_17
[WARNING:/home/ec2-user/g15/autofdo/third_party/perf_data_converter/src/quipper/perf_reader.cc:1069] Skipping unsupported event UNKNOWN_EVENT_18
[WARNING:/home/ec2-user/g15/autofdo/third_party/perf_data_converter/src/quipper/perf_reader.cc:1069] Skipping unsupported event UNKNOWN_EVENT_17
[WARNING:/home/ec2-user/g15/autofdo/third_party/perf_data_converter/src/quipper/perf_reader.cc:1069] Skipping unsupported event UNKNOWN_EVENT_18
[WARNING:/home/ec2-user/g15/autofdo/third_party/perf_data_converter/src/quipper/perf_reader.cc:1069] Skipping unsupported event UNKNOWN_EVENT_17
[WARNING:/home/ec2-user/g15/autofdo/third_party/perf_data_converter/src/quipper/perf_reader.cc:1069] Skipping unsupported event UNKNOWN_EVENT_18
[WARNING:/home/ec2-user/g15/autofdo/third_party/perf_data_converter/src/quipper/perf_reader.cc:1069] Skipping unsupported event UNKNOWN_EVENT_17
[WARNING:/home/ec2-user/g15/autofdo/third_party/perf_data_converter/src/quipper/perf_reader.cc:1069] Skipping unsupported event UNKNOWN_EVENT_18
[WARNING:/home/ec2-user/g15/autofdo/third_party/perf_data_converter/src/quipper/perf_reader.cc:1069] Skipping unsupported event UNKNOWN_EVENT_17
[WARNING:/home/ec2-user/g15/autofdo/third_party/perf_data_converter/src/quipper/perf_reader.cc:1069] Skipping unsupported event UNKNOWN_EVENT_18
[WARNING:/home/ec2-user/g15/autofdo/third_party/perf_data_converter/src/quipper/perf_reader.cc:1069] Skipping unsupported event UNKNOWN_EVENT_17
[WARNING:/home/ec2-user/g15/autofdo/third_party/perf_data_converter/src/quipper/perf_reader.cc:1069] Skipping unsupported event UNKNOWN_EVENT_18
[WARNING:/home/ec2-user/g15/autofdo/third_party/perf_data_converter/src/quipper/perf_reader.cc:1069] Skipping unsupported event UNKNOWN_EVENT_17
[WARNING:/home/ec2-user/g15/autofdo/third_party/perf_data_converter/src/quipper/perf_reader.cc:1069] Skipping unsupported event UNKNOWN_EVENT_18
[WARNING:/home/ec2-user/g15/autofdo/third_party/perf_data_converter/src/quipper/perf_reader.cc:1069] Skipping unsupported event UNKNOWN_EVENT_17
[WARNING:/home/ec2-user/g15/autofdo/third_party/perf_data_converter/src/quipper/perf_reader.cc:1069] Skipping unsupported event UNKNOWN_EVENT_18
[WARNING:/home/ec2-user/g15/autofdo/third_party/perf_data_converter/src/quipper/perf_reader.cc:1069] Skipping unsupported event UNKNOWN_EVENT_17
[WARNING:/home/ec2-user/g15/autofdo/third_party/perf_data_converter/src/quipper/perf_reader.cc:1069] Skipping unsupported event UNKNOWN_EVENT_82
[WARNING:/home/ec2-user/g15/autofdo/third_party/perf_data_converter/src/quipper/perf_reader.cc:1069] Skipping unsupported event PERF_RECORD_HEADER_BUILD_ID
[WARNING:/home/ec2-user/g15/autofdo/third_party/perf_data_converter/src/quipper/perf_reader.cc:1069] Skipping unsupported event PERF_RECORD_HEADER_BUILD_ID
[WARNING:/home/ec2-user/g15/autofdo/third_party/perf_data_converter/src/quipper/perf_reader.cc:1069] Skipping unsupported event PERF_RECORD_HEADER_BUILD_ID
[WARNING:/home/ec2-user/g15/autofdo/third_party/perf_data_converter/src/quipper/perf_reader.cc:1069] Skipping unsupported event PERF_RECORD_HEADER_BUILD_ID
[WARNING:/home/ec2-user/g15/autofdo/third_party/perf_data_converter/src/quipper/perf_reader.cc:1069] Skipping unsupported event PERF_RECORD_HEADER_BUILD_ID
[WARNING:/home/ec2-user/g15/autofdo/third_party/perf_data_converter/src/quipper/perf_reader.cc:1069] Skipping unsupported event PERF_RECORD_HEADER_BUILD_ID
[WARNING:/home/ec2-user/g15/autofdo/third_party/perf_data_converter/src/quipper/perf_reader.cc:1069] Skipping unsupported event PERF_RECORD_HEADER_BUILD_ID
[WARNING:/home/ec2-user/g15/autofdo/third_party/perf_data_converter/src/quipper/perf_reader.cc:1069] Skipping unsupported event PERF_RECORD_HEADER_BUILD_ID
[WARNING:/home/ec2-user/g15/autofdo/third_party/perf_data_converter/src/quipper/perf_reader.cc:1069] Skipping unsupported event PERF_RECORD_HEADER_BUILD_ID
[WARNING:/home/ec2-user/g15/autofdo/third_party/perf_data_converter/src/quipper/perf_reader.cc:1069] Skipping unsupported event PERF_RECORD_HEADER_BUILD_ID
[WARNING:/home/ec2-user/g15/autofdo/third_party/perf_data_converter/src/quipper/perf_reader.cc:1069] Skipping unsupported event PERF_RECORD_HEADER_BUILD_ID
[WARNING:/home/ec2-user/g15/autofdo/third_party/perf_data_converter/src/quipper/perf_reader.cc:1069] Skipping unsupported event PERF_RECORD_HEADER_BUILD_ID
[INFO:/home/ec2-user/g15/autofdo/third_party/perf_data_converter/src/quipper/perf_reader.cc:1060] Number of events stored: 10448216
[INFO:/home/ec2-user/g15/autofdo/third_party/perf_data_converter/src/quipper/perf_parser.cc:272] Parser processed: 5085 MMAP/MMAP2 events, 1969 COMM events, 1975 FORK events, 23 EXIT events, 10438865 SAMPLE events, 10438865 of these were mapped, 0 SAMPLE events with a data address, 0 of these were mapped
WARNING: Logging before InitGoogleLogging() is written to STDERR
I20261002 07:31:47.445849 72204 symbol_map.cc:527] Adding loadable exec segment: offset=97000 vaddr=497000
W20261002 07:31:47.831590 72204 profile.cc:167] use_lbr was enabled but range_count_map was empty!
W20261002 07:31:47.832065 72204 profile.cc:167] use_lbr was enabled but range_count_map was empty!
W20261002 07:31:47.832427 72204 profile.cc:167] use_lbr was enabled but range_count_map was empty!
W20261002 07:31:47.833765 72204 profile.cc:167] use_lbr was enabled but range_count_map was empty!
W20261002 07:31:47.835425 72204 profile.cc:167] use_lbr was enabled but range_count_map was empty!
W20261002 07:31:47.842141 72204 profile.cc:167] use_lbr was enabled but range_count_map was empty!
W20261002 07:31:47.842448 72204 profile.cc:167] use_lbr was enabled but range_count_map was empty!
W20261002 07:31:47.842494 72204 profile.cc:167] use_lbr was enabled but range_count_map was empty!
W20261002 07:31:47.842675 72204 profile.cc:167] use_lbr was enabled but range_count_map was empty!
W20261002 07:31:47.842842 72204 profile.cc:167] use_lbr was enabled but range_count_map was empty!
W20261002 07:31:47.843441 72204 profile.cc:167] use_lbr was enabled but range_count_map was empty!
W20261002 07:31:47.845371 72204 profile.cc:167] use_lbr was enabled but range_count_map was empty!
W20261002 07:31:47.845418 72204 profile.cc:167] use_lbr was enabled but range_count_map was empty!
W20261002 07:31:47.847339 72204 profile.cc:167] use_lbr was enabled but range_count_map was empty!
W20261002 07:31:47.854652 72204 profile.cc:167] use_lbr was enabled but range_count_map was empty!
W20261002 07:31:47.855422 72204 profile.cc:167] use_lbr was enabled but range_count_map was empty!
W20261002 07:31:47.860831 72204 profile.cc:167] use_lbr was enabled but range_count_map was empty!
W20261002 07:31:47.867762 72204 profile.cc:167] use_lbr was enabled but range_count_map was empty!
W20261002 07:31:47.868423 72204 profile.cc:167] use_lbr was enabled but range_count_map was empty!
W20261002 07:31:47.868456 72204 profile.cc:167] use_lbr was enabled but range_count_map was empty!
W20261002 07:31:47.868603 72204 profile.cc:167] use_lbr was enabled but range_count_map was empty!
W20261002 07:31:47.869475 72204 profile.cc:167] use_lbr was enabled but range_count_map was empty!
W20261002 07:31:47.890386 72204 profile.cc:167] use_lbr was enabled but range_count_map was empty!
W20261002 07:31:47.910015 72204 profile.cc:167] use_lbr was enabled but range_count_map was empty!
W20261002 07:31:47.910091 72204 profile.cc:167] use_lbr was enabled but range_count_map was empty!
W20261002 07:31:47.917986 72204 profile.cc:167] use_lbr was enabled but range_count_map was empty!
W20261002 07:31:47.920928 72204 profile.cc:167] use_lbr was enabled but range_count_map was empty!
W20261002 07:31:47.921959 72204 profile.cc:167] use_lbr was enabled but range_count_map was empty!
W20261002 07:31:47.926167 72204 profile.cc:167] use_lbr was enabled but range_count_map was empty!
W20261002 07:31:47.926275 72204 profile.cc:167] use_lbr was enabled but range_count_map was empty!
W20261002 07:31:47.926841 72204 profile.cc:167] use_lbr was enabled but range_count_map was empty!
W20261002 07:31:47.927575 72204 profile.cc:167] use_lbr was enabled but range_count_map was empty!
W20261002 07:31:47.927623 72204 profile.cc:167] use_lbr was enabled but range_count_map was empty!
W20261002 07:31:47.928086 72204 profile.cc:167] use_lbr was enabled but range_count_map was empty!
W20261002 07:31:47.931021 72204 profile.cc:167] use_lbr was enabled but range_count_map was empty!
W20261002 07:31:47.932979 72204 profile.cc:167] use_lbr was enabled but range_count_map was empty!
W20261002 07:31:47.933305 72204 profile.cc:167] use_lbr was enabled but range_count_map was empty!
W20261002 07:31:47.933890 72204 profile.cc:167] use_lbr was enabled but range_count_map was empty!
W20261002 07:31:47.945196 72204 profile.cc:167] use_lbr was enabled but range_count_map was empty!
W20261002 07:31:47.945729 72204 profile.cc:167] use_lbr was enabled but range_count_map was empty!
W20261002 07:31:47.946120 72204 profile.cc:167] use_lbr was enabled but range_count_map was empty!
W20261002 07:31:47.946230 72204 profile.cc:167] use_lbr was enabled but range_count_map was empty!
W20261002 07:31:47.947510 72204 profile.cc:167] use_lbr was enabled but range_count_map was empty!
W20261002 07:31:47.951633 72204 profile.cc:167] use_lbr was enabled but range_count_map was empty!
W20261002 07:31:47.951782 72204 profile.cc:167] use_lbr was enabled but range_count_map was empty!
W20261002 07:31:47.952404 72204 profile.cc:167] use_lbr was enabled but range_count_map was empty!
W20261002 07:31:47.956436 72204 profile.cc:167] use_lbr was enabled but range_count_map was empty!
W20261002 07:31:47.957803 72204 profile.cc:167] use_lbr was enabled but range_count_map was empty!
W20261002 07:31:47.957983 72204 profile.cc:167] use_lbr was enabled but range_count_map was empty!
W20261002 07:31:47.958127 72204 profile.cc:167] use_lbr was enabled but range_count_map was empty!
W20261002 07:31:47.960335 72204 profile.cc:167] use_lbr was enabled but range_count_map was empty!
W20261002 07:31:47.960351 72204 profile.cc:167] use_lbr was enabled but range_count_map was empty!
W20261002 07:31:47.960387 72204 profile.cc:167] use_lbr was enabled but range_count_map was empty!
W20261002 07:31:47.960422 72204 profile.cc:167] use_lbr was enabled but range_count_map was empty!
W20261002 07:31:47.960584 72204 profile.cc:167] use_lbr was enabled but range_count_map was empty!
W20261002 07:31:47.963919 72204 profile.cc:167] use_lbr was enabled but range_count_map was empty!
W20261002 07:31:47.965148 72204 profile.cc:167] use_lbr was enabled but range_count_map was empty!
W20261002 07:31:47.967844 72204 profile.cc:167] use_lbr was enabled but range_count_map was empty!
W20261002 07:31:47.968309 72204 profile.cc:167] use_lbr was enabled but range_count_map was empty!
W20261002 07:31:47.970671 72204 profile.cc:167] use_lbr was enabled but range_count_map was empty!
W20261002 07:31:47.971136 72204 profile.cc:167] use_lbr was enabled but range_count_map was empty!
W20261002 07:31:47.971177 72204 profile.cc:167] use_lbr was enabled but range_count_map was empty!
W20261002 07:31:47.973091 72204 profile.cc:167] use_lbr was enabled but range_count_map was empty!
W20261002 07:31:47.974000 72204 profile.cc:167] use_lbr was enabled but range_count_map was empty!
W20261002 07:31:47.974049 72204 profile.cc:167] use_lbr was enabled but range_count_map was empty!
W20261002 07:31:47.974085 72204 profile.cc:167] use_lbr was enabled but range_count_map was empty!
W20261002 07:31:47.975471 72204 profile.cc:167] use_lbr was enabled but range_count_map was empty!
W20261002 07:31:47.978098 72204 profile.cc:167] use_lbr was enabled but range_count_map was empty!
W20261002 07:31:47.978168 72204 profile.cc:167] use_lbr was enabled but range_count_map was empty!
W20261002 07:31:47.978260 72204 profile.cc:167] use_lbr was enabled but range_count_map was empty!
W20261002 07:31:47.979007 72204 profile.cc:167] use_lbr was enabled but range_count_map was empty!
W20261002 07:31:47.979050 72204 profile.cc:167] use_lbr was enabled but range_count_map was empty!
W20261002 07:31:47.979998 72204 profile.cc:167] use_lbr was enabled but range_count_map was empty!
W20261002 07:31:47.980075 72204 profile.cc:167] use_lbr was enabled but range_count_map was empty!
W20261002 07:31:47.980211 72204 profile.cc:167] use_lbr was enabled but range_count_map was empty!
W20261002 07:31:47.981266 72204 profile.cc:167] use_lbr was enabled but range_count_map was empty!
W20261002 07:31:47.983719 72204 profile.cc:167] use_lbr was enabled but range_count_map was empty!
W20261002 07:31:47.995628 72204 profile.cc:167] use_lbr was enabled but range_count_map was empty!
W20261002 07:31:47.997929 72204 profile.cc:167] use_lbr was enabled but range_count_map was empty!
W20261002 07:31:48.000900 72204 profile.cc:167] use_lbr was enabled but range_count_map was empty!
W20261002 07:31:48.001758 72204 profile.cc:167] use_lbr was enabled but range_count_map was empty!
W20261002 07:31:48.005167 72204 profile.cc:167] use_lbr was enabled but range_count_map was empty!
W20261002 07:31:48.005585 72204 profile.cc:167] use_lbr was enabled but range_count_map was empty!
W20261002 07:31:48.006217 72204 profile.cc:167] use_lbr was enabled but range_count_map was empty!
W20261002 07:31:48.006857 72204 profile.cc:167] use_lbr was enabled but range_count_map was empty!
W20261002 07:31:48.009306 72204 profile.cc:167] use_lbr was enabled but range_count_map was empty!
W20261002 07:31:48.011624 72204 profile.cc:167] use_lbr was enabled but range_count_map was empty!
W20261002 07:31:48.012331 72204 profile.cc:167] use_lbr was enabled but range_count_map was empty!
W20261002 07:31:48.012965 72204 profile.cc:167] use_lbr was enabled but range_count_map was empty!
W20261002 07:31:48.013099 72204 profile.cc:167] use_lbr was enabled but range_count_map was empty!
W20261002 07:31:48.013826 72204 profile.cc:167] use_lbr was enabled but range_count_map was empty!
W20261002 07:31:48.015760 72204 profile.cc:167] use_lbr was enabled but range_count_map was empty!
W20261002 07:31:48.023571 72204 profile.cc:167] use_lbr was enabled but range_count_map was empty!
W20261002 07:31:48.027793 72204 profile.cc:167] use_lbr was enabled but range_count_map was empty!
W20261002 07:31:48.027839 72204 profile.cc:167] use_lbr was enabled but range_count_map was empty!
W20261002 07:31:48.028839 72204 profile.cc:167] use_lbr was enabled but range_count_map was empty!
W20261002 07:31:48.037734 72204 profile.cc:167] use_lbr was enabled but range_count_map was empty!
W20261002 07:31:48.038213 72204 profile.cc:167] use_lbr was enabled but range_count_map was empty!
W20261002 07:31:48.039089 72204 profile.cc:167] use_lbr was enabled but range_count_map was empty!
W20261002 07:31:48.051605 72204 profile.cc:167] use_lbr was enabled but range_count_map was empty!
W20261002 07:31:48.051779 72204 profile.cc:167] use_lbr was enabled but range_count_map was empty!
W20261002 07:31:48.058354 72204 profile.cc:167] use_lbr was enabled but range_count_map was empty!
W20261002 07:31:48.058419 72204 profile.cc:167] use_lbr was enabled but range_count_map was empty!
W20261002 07:31:48.058487 72204 profile.cc:167] use_lbr was enabled but range_count_map was empty!
W20261002 07:31:48.060964 72204 profile.cc:167] use_lbr was enabled but range_count_map was empty!
W20261002 07:31:48.063374 72204 profile.cc:167] use_lbr was enabled but range_count_map was empty!
W20261002 07:31:48.064627 72204 profile.cc:167] use_lbr was enabled but range_count_map was empty!
W20261002 07:31:48.064785 72204 profile.cc:167] use_lbr was enabled but range_count_map was empty!
W20261002 07:31:48.064826 72204 profile.cc:167] use_lbr was enabled but range_count_map was empty!
W20261002 07:31:48.064908 72204 profile.cc:167] use_lbr was enabled but range_count_map was empty!
W20261002 07:31:48.066457 72204 profile.cc:167] use_lbr was enabled but range_count_map was empty!
W20261002 07:31:48.066552 72204 profile.cc:167] use_lbr was enabled but range_count_map was empty!
W20261002 07:31:48.066594 72204 profile.cc:167] use_lbr was enabled but range_count_map was empty!
W20261002 07:31:48.066625 72204 profile.cc:167] use_lbr was enabled but range_count_map was empty!
W20261002 07:31:48.075706 72204 profile.cc:167] use_lbr was enabled but range_count_map was empty!
W20261002 07:31:48.094594 72204 profile.cc:167] use_lbr was enabled but range_count_map was empty!
W20261002 07:31:48.094992 72204 profile.cc:167] use_lbr was enabled but range_count_map was empty!
W20261002 07:31:48.095326 72204 profile.cc:167] use_lbr was enabled but range_count_map was empty!
W20261002 07:31:48.097013 72204 profile.cc:167] use_lbr was enabled but range_count_map was empty!
W20261002 07:31:48.097084 72204 profile.cc:167] use_lbr was enabled but range_count_map was empty!
W20261002 07:31:48.100153 72204 profile.cc:167] use_lbr was enabled but range_count_map was empty!
W20261002 07:31:48.101444 72204 profile.cc:167] use_lbr was enabled but range_count_map was empty!
W20261002 07:31:48.105043 72204 profile.cc:167] use_lbr was enabled but range_count_map was empty!
W20261002 07:31:48.105868 72204 profile.cc:167] use_lbr was enabled but range_count_map was empty!
W20261002 07:31:48.107331 72204 profile.cc:167] use_lbr was enabled but range_count_map was empty!
W20261002 07:31:48.108566 72204 profile.cc:167] use_lbr was enabled but range_count_map was empty!
W20261002 07:31:48.108785 72204 profile.cc:167] use_lbr was enabled but range_count_map was empty!
W20261002 07:31:48.108947 72204 profile.cc:167] use_lbr was enabled but range_count_map was empty!
W20261002 07:31:48.109311 72204 profile.cc:167] use_lbr was enabled but range_count_map was empty!
W20261002 07:31:48.118127 72204 profile.cc:167] use_lbr was enabled but range_count_map was empty!
W20261002 07:31:48.118153 72204 profile.cc:167] use_lbr was enabled but range_count_map was empty!
W20261002 07:31:48.126843 72204 profile.cc:167] use_lbr was enabled but range_count_map was empty!
W20261002 07:31:48.129890 72204 profile.cc:167] use_lbr was enabled but range_count_map was empty!
W20261002 07:31:48.130023 72204 profile.cc:167] use_lbr was enabled but range_count_map was empty!
W20261002 07:31:48.131283 72204 profile.cc:167] use_lbr was enabled but range_count_map was empty!
W20261002 07:31:48.131415 72204 profile.cc:167] use_lbr was enabled but range_count_map was empty!
W20261002 07:31:48.131433 72204 profile.cc:167] use_lbr was enabled but range_count_map was empty!
W20261002 07:31:48.134514 72204 profile.cc:167] use_lbr was enabled but range_count_map was empty!
W20261002 07:31:48.141738 72204 profile.cc:167] use_lbr was enabled but range_count_map was empty!
W20261002 07:31:48.141846 72204 profile.cc:167] use_lbr was enabled but range_count_map was empty!
W20261002 07:31:48.144290 72204 profile.cc:167] use_lbr was enabled but range_count_map was empty!
W20261002 07:31:48.144330 72204 profile.cc:167] use_lbr was enabled but range_count_map was empty!
W20261002 07:31:48.146014 72204 profile.cc:167] use_lbr was enabled but range_count_map was empty!
W20261002 07:31:48.146090 72204 profile.cc:167] use_lbr was enabled but range_count_map was empty!
W20261002 07:31:48.146471 72204 profile.cc:167] use_lbr was enabled but range_count_map was empty!
W20261002 07:31:48.148698 72204 profile.cc:167] use_lbr was enabled but range_count_map was empty!
W20261002 07:31:48.148844 72204 profile.cc:167] use_lbr was enabled but range_count_map was empty!
W20261002 07:31:48.148957 72204 profile.cc:167] use_lbr was enabled but range_count_map was empty!
W20261002 07:31:48.149021 72204 profile.cc:167] use_lbr was enabled but range_count_map was empty!
W20261002 07:31:48.152129 72204 profile.cc:167] use_lbr was enabled but range_count_map was empty!
W20261002 07:31:48.152254 72204 profile.cc:167] use_lbr was enabled but range_count_map was empty!
W20261002 07:31:48.153095 72204 profile.cc:167] use_lbr was enabled but range_count_map was empty!
W20261002 07:31:48.153677 72204 profile.cc:167] use_lbr was enabled but range_count_map was empty!
W20261002 07:31:48.153774 72204 profile.cc:167] use_lbr was enabled but range_count_map was empty!
W20261002 07:31:48.153955 72204 profile.cc:167] use_lbr was enabled but range_count_map was empty!
W20261002 07:31:48.159346 72204 profile.cc:167] use_lbr was enabled but range_count_map was empty!
W20261002 07:31:48.159505 72204 profile.cc:167] use_lbr was enabled but range_count_map was empty!
W20261002 07:31:48.164532 72204 profile.cc:167] use_lbr was enabled but range_count_map was empty!
W20261002 07:31:48.164870 72204 profile.cc:167] use_lbr was enabled but range_count_map was empty!
W20261002 07:31:48.164927 72204 profile.cc:167] use_lbr was enabled but range_count_map was empty!
W20261002 07:31:48.172097 72204 profile.cc:167] use_lbr was enabled but range_count_map was empty!
W20261002 07:31:48.172202 72204 profile.cc:167] use_lbr was enabled but range_count_map was empty!
W20261002 07:31:48.172487 72204 profile.cc:167] use_lbr was enabled but range_count_map was empty!
W20261002 07:31:48.173254 72204 profile.cc:167] use_lbr was enabled but range_count_map was empty!
W20261002 07:31:48.175010 72204 profile.cc:167] use_lbr was enabled but range_count_map was empty!
W20261002 07:31:48.175287 72204 profile.cc:167] use_lbr was enabled but range_count_map was empty!
W20261002 07:31:48.178086 72204 profile.cc:167] use_lbr was enabled but range_count_map was empty!
W20261002 07:31:48.178651 72204 profile.cc:167] use_lbr was enabled but range_count_map was empty!
W20261002 07:31:48.180045 72204 profile.cc:167] use_lbr was enabled but range_count_map was empty!
W20261002 07:31:48.181305 72204 profile.cc:167] use_lbr was enabled but range_count_map was empty!
W20261002 07:31:48.181658 72204 profile.cc:167] use_lbr was enabled but range_count_map was empty!
W20261002 07:31:48.182174 72204 profile.cc:167] use_lbr was enabled but range_count_map was empty!
W20261002 07:31:48.182284 72204 profile.cc:167] use_lbr was enabled but range_count_map was empty!
W20261002 07:31:48.205497 72204 profile.cc:167] use_lbr was enabled but range_count_map was empty!
W20261002 07:31:48.208894 72204 profile.cc:167] use_lbr was enabled but range_count_map was empty!
W20261002 07:31:48.219818 72204 profile.cc:167] use_lbr was enabled but range_count_map was empty!
W20261002 07:31:48.220130 72204 profile.cc:167] use_lbr was enabled but range_count_map was empty!
W20261002 07:31:48.225139 72204 profile.cc:167] use_lbr was enabled but range_count_map was empty!
W20261002 07:31:48.244076 72204 profile.cc:167] use_lbr was enabled but range_count_map was empty!
W20261002 07:31:48.244833 72204 profile.cc:167] use_lbr was enabled but range_count_map was empty!
W20261002 07:31:48.244957 72204 profile.cc:167] use_lbr was enabled but range_count_map was empty!
W20261002 07:31:48.247098 72204 profile.cc:167] use_lbr was enabled but range_count_map was empty!
W20261002 07:31:48.249287 72204 profile.cc:167] use_lbr was enabled but range_count_map was empty!
W20261002 07:31:48.251659 72204 profile.cc:167] use_lbr was enabled but range_count_map was empty!
W20261002 07:31:48.252110 72204 profile.cc:167] use_lbr was enabled but range_count_map was empty!
W20261002 07:31:48.252171 72204 profile.cc:167] use_lbr was enabled but range_count_map was empty!
W20261002 07:31:48.253363 72204 profile.cc:167] use_lbr was enabled but range_count_map was empty!
W20261002 07:31:48.254578 72204 profile.cc:167] use_lbr was enabled but range_count_map was empty!
W20261002 07:31:48.254647 72204 profile.cc:167] use_lbr was enabled but range_count_map was empty!
W20261002 07:31:48.255239 72204 profile.cc:167] use_lbr was enabled but range_count_map was empty!
W20261002 07:31:48.258127 72204 profile.cc:167] use_lbr was enabled but range_count_map was empty!
W20261002 07:31:48.262382 72204 profile.cc:167] use_lbr was enabled but range_count_map was empty!
W20261002 07:31:48.262452 72204 profile.cc:167] use_lbr was enabled but range_count_map was empty!
W20261002 07:31:48.266620 72204 profile.cc:167] use_lbr was enabled but range_count_map was empty!
W20261002 07:31:48.269292 72204 profile.cc:167] use_lbr was enabled but range_count_map was empty!
W20261002 07:31:48.275000 72204 profile.cc:167] use_lbr was enabled but range_count_map was empty!
W20261002 07:31:48.275161 72204 profile.cc:167] use_lbr was enabled but range_count_map was empty!
W20261002 07:31:48.275537 72204 profile.cc:167] use_lbr was enabled but range_count_map was empty!
W20261002 07:31:48.275842 72204 profile.cc:167] use_lbr was enabled but range_count_map was empty!
W20261002 07:31:48.275882 72204 profile.cc:167] use_lbr was enabled but range_count_map was empty!
W20261002 07:31:48.275969 72204 profile.cc:167] use_lbr was enabled but range_count_map was empty!
W20261002 07:31:48.277742 72204 profile.cc:167] use_lbr was enabled but range_count_map was empty!
W20261002 07:31:48.287982 72204 profile.cc:167] use_lbr was enabled but range_count_map was empty!
W20261002 07:31:48.288631 72204 profile.cc:167] use_lbr was enabled but range_count_map was empty!
W20261002 07:31:48.290311 72204 profile.cc:167] use_lbr was enabled but range_count_map was empty!
W20261002 07:31:48.294000 72204 profile.cc:167] use_lbr was enabled but range_count_map was empty!
W20261002 07:31:48.296608 72204 profile.cc:167] use_lbr was enabled but range_count_map was empty!
W20261002 07:31:48.296671 72204 profile.cc:167] use_lbr was enabled but range_count_map was empty!
W20261002 07:31:48.299253 72204 profile.cc:167] use_lbr was enabled but range_count_map was empty!
W20261002 07:31:48.299387 72204 profile.cc:167] use_lbr was enabled but range_count_map was empty!
W20261002 07:31:48.302083 72204 profile.cc:167] use_lbr was enabled but range_count_map was empty!
W20261002 07:31:48.318552 72204 profile.cc:167] use_lbr was enabled but range_count_map was empty!
W20261002 07:31:48.318576 72204 profile.cc:167] use_lbr was enabled but range_count_map was empty!
W20261002 07:31:48.318631 72204 profile.cc:167] use_lbr was enabled but range_count_map was empty!
W20261002 07:31:48.320622 72204 profile.cc:167] use_lbr was enabled but range_count_map was empty!
W20261002 07:31:48.325439 72204 profile.cc:167] use_lbr was enabled but range_count_map was empty!
W20261002 07:31:48.327762 72204 profile.cc:167] use_lbr was enabled but range_count_map was empty!
W20261002 07:31:48.328822 72204 profile.cc:167] use_lbr was enabled but range_count_map was empty!
W20261002 07:31:48.329919 72204 profile.cc:167] use_lbr was enabled but range_count_map was empty!
W20261002 07:31:48.330560 72204 profile.cc:167] use_lbr was enabled but range_count_map was empty!
W20261002 07:31:48.340598 72204 profile.cc:167] use_lbr was enabled but range_count_map was empty!
W20261002 07:31:48.342676 72204 profile.cc:167] use_lbr was enabled but range_count_map was empty!
W20261002 07:31:48.345431 72204 profile.cc:167] use_lbr was enabled but range_count_map was empty!
W20261002 07:31:48.346514 72204 profile.cc:167] use_lbr was enabled but range_count_map was empty!
W20261002 07:31:48.346585 72204 profile.cc:167] use_lbr was enabled but range_count_map was empty!
W20261002 07:31:48.346623 72204 profile.cc:167] use_lbr was enabled but range_count_map was empty!
W20261002 07:31:48.347527 72204 profile.cc:167] use_lbr was enabled but range_count_map was empty!
W20261002 07:31:48.347726 72204 profile.cc:167] use_lbr was enabled but range_count_map was empty!
W20261002 07:31:48.347874 72204 profile.cc:167] use_lbr was enabled but range_count_map was empty!
W20261002 07:31:48.348279 72204 profile.cc:167] use_lbr was enabled but range_count_map was empty!
W20261002 07:31:48.367290 72204 profile.cc:167] use_lbr was enabled but range_count_map was empty!
W20261002 07:31:48.367646 72204 profile.cc:167] use_lbr was enabled but range_count_map was empty!
W20261002 07:31:48.367693 72204 profile.cc:167] use_lbr was enabled but range_count_map was empty!
W20261002 07:31:48.369046 72204 profile.cc:167] use_lbr was enabled but range_count_map was empty!
W20261002 07:31:48.369122 72204 profile.cc:167] use_lbr was enabled but range_count_map was empty!
W20261002 07:31:48.369531 72204 profile.cc:167] use_lbr was enabled but range_count_map was empty!
W20261002 07:31:48.371212 72204 profile.cc:167] use_lbr was enabled but range_count_map was empty!
W20261002 07:31:48.371520 72204 profile.cc:167] use_lbr was enabled but range_count_map was empty!
W20261002 07:31:48.371649 72204 profile.cc:167] use_lbr was enabled but range_count_map was empty!
W20261002 07:31:48.372299 72204 profile.cc:167] use_lbr was enabled but range_count_map was empty!
W20261002 07:31:48.375306 72204 profile.cc:167] use_lbr was enabled but range_count_map was empty!
W20261002 07:31:48.375862 72204 profile.cc:167] use_lbr was enabled but range_count_map was empty!
W20261002 07:31:48.377310 72204 profile.cc:167] use_lbr was enabled but range_count_map was empty!
W20261002 07:31:48.377424 72204 profile.cc:167] use_lbr was enabled but range_count_map was empty!
W20261002 07:31:48.377749 72204 profile.cc:167] use_lbr was enabled but range_count_map was empty!
W20261002 07:31:48.378512 72204 profile.cc:167] use_lbr was enabled but range_count_map was empty!
W20261002 07:31:48.380678 72204 profile.cc:167] use_lbr was enabled but range_count_map was empty!
W20261002 07:31:48.380759 72204 profile.cc:167] use_lbr was enabled but range_count_map was empty!
W20261002 07:31:48.390161 72204 profile.cc:167] use_lbr was enabled but range_count_map was empty!
W20261002 07:31:48.392220 72204 profile.cc:167] use_lbr was enabled but range_count_map was empty!
W20261002 07:31:48.392455 72204 profile.cc:167] use_lbr was enabled but range_count_map was empty!
W20261002 07:31:48.397680 72204 profile.cc:167] use_lbr was enabled but range_count_map was empty!
W20261002 07:31:48.397768 72204 profile.cc:167] use_lbr was enabled but range_count_map was empty!
W20261002 07:31:48.402467 72204 profile.cc:167] use_lbr was enabled but range_count_map was empty!
W20261002 07:31:48.429883 72204 profile.cc:167] use_lbr was enabled but range_count_map was empty!
W20261002 07:31:48.429996 72204 profile.cc:167] use_lbr was enabled but range_count_map was empty!
W20261002 07:31:48.440402 72204 profile.cc:167] use_lbr was enabled but range_count_map was empty!
W20261002 07:31:48.440610 72204 profile.cc:167] use_lbr was enabled but range_count_map was empty!
W20261002 07:31:48.440676 72204 profile.cc:167] use_lbr was enabled but range_count_map was empty!
W20261002 07:31:48.441301 72204 profile.cc:167] use_lbr was enabled but range_count_map was empty!
W20261002 07:31:48.442005 72204 profile.cc:167] use_lbr was enabled but range_count_map was empty!
W20261002 07:31:48.443567 72204 profile.cc:167] use_lbr was enabled but range_count_map was empty!
W20261002 07:31:48.456552 72204 profile.cc:167] use_lbr was enabled but range_count_map was empty!
W20261002 07:31:48.461737 72204 profile.cc:167] use_lbr was enabled but range_count_map was empty!
W20261002 07:31:48.461841 72204 profile.cc:167] use_lbr was enabled but range_count_map was empty!
W20261002 07:31:48.461881 72204 profile.cc:167] use_lbr was enabled but range_count_map was empty!
W20261002 07:31:48.461954 72204 profile.cc:167] use_lbr was enabled but range_count_map was empty!
W20261002 07:31:48.465106 72204 profile.cc:167] use_lbr was enabled but range_count_map was empty!
W20261002 07:31:48.465484 72204 profile.cc:167] use_lbr was enabled but range_count_map was empty!
W20261002 07:31:48.467018 72204 profile.cc:167] use_lbr was enabled but range_count_map was empty!
W20261002 07:31:48.467401 72204 profile.cc:167] use_lbr was enabled but range_count_map was empty!
W20261002 07:31:48.478624 72204 profile.cc:167] use_lbr was enabled but range_count_map was empty!
W20261002 07:31:48.481261 72204 profile.cc:167] use_lbr was enabled but range_count_map was empty!
W20261002 07:31:48.482340 72204 profile.cc:167] use_lbr was enabled but range_count_map was empty!
W20261002 07:31:48.484094 72204 profile.cc:167] use_lbr was enabled but range_count_map was empty!
W20261002 07:31:48.496675 72204 profile.cc:167] use_lbr was enabled but range_count_map was empty!
W20261002 07:31:48.498581 72204 profile.cc:167] use_lbr was enabled but range_count_map was empty!
W20261002 07:31:48.501987 72204 profile.cc:167] use_lbr was enabled but range_count_map was empty!
W20261002 07:31:48.502039 72204 profile.cc:167] use_lbr was enabled but range_count_map was empty!
W20261002 07:31:48.502110 72204 profile.cc:167] use_lbr was enabled but range_count_map was empty!
W20261002 07:31:48.502416 72204 profile.cc:167] use_lbr was enabled but range_count_map was empty!
W20261002 07:31:48.504928 72204 profile.cc:167] use_lbr was enabled but range_count_map was empty!
W20261002 07:31:48.529520 72204 profile.cc:167] use_lbr was enabled but range_count_map was empty!
W20261002 07:31:48.532794 72204 profile.cc:167] use_lbr was enabled but range_count_map was empty!
W20261002 07:31:48.538947 72204 profile.cc:167] use_lbr was enabled but range_count_map was empty!
W20261002 07:31:48.549516 72204 profile.cc:167] use_lbr was enabled but range_count_map was empty!
W20261002 07:31:48.550377 72204 profile.cc:167] use_lbr was enabled but range_count_map was empty!
W20261002 07:31:48.550450 72204 profile.cc:167] use_lbr was enabled but range_count_map was empty!
W20261002 07:31:48.550632 72204 profile.cc:167] use_lbr was enabled but range_count_map was empty!
W20261002 07:31:48.551849 72204 profile.cc:167] use_lbr was enabled but range_count_map was empty!
W20261002 07:31:48.552004 72204 profile.cc:167] use_lbr was enabled but range_count_map was empty!
W20261002 07:31:48.552954 72204 profile.cc:167] use_lbr was enabled but range_count_map was empty!
W20261002 07:31:48.554198 72204 profile.cc:167] use_lbr was enabled but range_count_map was empty!
W20261002 07:31:48.558457 72204 profile.cc:167] use_lbr was enabled but range_count_map was empty!
W20261002 07:31:48.569212 72204 profile.cc:167] use_lbr was enabled but range_count_map was empty!
W20261002 07:31:48.569285 72204 profile.cc:167] use_lbr was enabled but range_count_map was empty!
W20261002 07:31:48.571736 72204 profile.cc:167] use_lbr was enabled but range_count_map was empty!
W20261002 07:31:48.571908 72204 profile.cc:167] use_lbr was enabled but range_count_map was empty!
W20261002 07:31:48.571954 72204 profile.cc:167] use_lbr was enabled but range_count_map was empty!
W20261002 07:31:48.574913 72204 profile.cc:167] use_lbr was enabled but range_count_map was empty!
W20261002 07:31:48.575091 72204 profile.cc:167] use_lbr was enabled but range_count_map was empty!
W20261002 07:31:48.578018 72204 profile.cc:167] use_lbr was enabled but range_count_map was empty!
W20261002 07:31:48.592146 72204 profile.cc:167] use_lbr was enabled but range_count_map was empty!
W20261002 07:31:48.592783 72204 profile.cc:167] use_lbr was enabled but range_count_map was empty!
W20261002 07:31:48.597249 72204 profile.cc:167] use_lbr was enabled but range_count_map was empty!
W20261002 07:31:48.597456 72204 profile.cc:167] use_lbr was enabled but range_count_map was empty!
W20261002 07:31:48.598686 72204 profile.cc:167] use_lbr was enabled but range_count_map was empty!
W20261002 07:31:48.601327 72204 profile.cc:167] use_lbr was enabled but range_count_map was empty!
W20261002 07:31:48.601370 72204 profile.cc:167] use_lbr was enabled but range_count_map was empty!
W20261002 07:31:48.607064 72204 profile.cc:167] use_lbr was enabled but range_count_map was empty!
W20261002 07:31:48.608228 72204 profile.cc:167] use_lbr was enabled but range_count_map was empty!
W20261002 07:31:48.610562 72204 profile.cc:167] use_lbr was enabled but range_count_map was empty!
W20261002 07:31:48.620543 72204 profile.cc:167] use_lbr was enabled but range_count_map was empty!
W20261002 07:31:48.623163 72204 profile.cc:167] use_lbr was enabled but range_count_map was empty!
W20261002 07:31:48.627604 72204 profile.cc:167] use_lbr was enabled but range_count_map was empty!
W20261002 07:31:48.628587 72204 profile.cc:167] use_lbr was enabled but range_count_map was empty!
W20261002 07:31:48.630015 72204 profile.cc:167] use_lbr was enabled but range_count_map was empty!
W20261002 07:31:48.631109 72204 profile.cc:167] use_lbr was enabled but range_count_map was empty!
W20261002 07:31:48.632660 72204 profile.cc:167] use_lbr was enabled but range_count_map was empty!
W20261002 07:31:48.632956 72204 profile.cc:167] use_lbr was enabled but range_count_map was empty!
W20261002 07:31:48.637778 72204 profile.cc:167] use_lbr was enabled but range_count_map was empty!
W20261002 07:31:48.640504 72204 profile.cc:167] use_lbr was enabled but range_count_map was empty!
W20261002 07:31:48.641068 72204 profile.cc:167] use_lbr was enabled but range_count_map was empty!
W20261002 07:31:48.643465 72204 profile.cc:167] use_lbr was enabled but range_count_map was empty!
W20261002 07:31:48.644552 72204 profile.cc:167] use_lbr was enabled but range_count_map was empty!
W20261002 07:31:48.648166 72204 profile.cc:167] use_lbr was enabled but range_count_map was empty!
W20261002 07:31:48.649739 72204 profile.cc:167] use_lbr was enabled but range_count_map was empty!
W20261002 07:31:48.651355 72204 profile.cc:167] use_lbr was enabled but range_count_map was empty!
W20261002 07:31:48.652912 72204 profile.cc:167] use_lbr was enabled but range_count_map was empty!
W20261002 07:31:48.653010 72204 profile.cc:167] use_lbr was enabled but range_count_map was empty!
W20261002 07:31:48.653656 72204 profile.cc:167] use_lbr was enabled but range_count_map was empty!
W20261002 07:31:48.653720 72204 profile.cc:167] use_lbr was enabled but range_count_map was empty!
W20261002 07:31:48.676307 72204 profile.cc:167] use_lbr was enabled but range_count_map was empty!
W20261002 07:31:48.678406 72204 profile.cc:167] use_lbr was enabled but range_count_map was empty!
W20261002 07:31:48.680799 72204 profile.cc:167] use_lbr was enabled but range_count_map was empty!
W20261002 07:31:48.686272 72204 profile.cc:167] use_lbr was enabled but range_count_map was empty!
W20261002 07:31:48.686468 72204 profile.cc:167] use_lbr was enabled but range_count_map was empty!
W20261002 07:31:48.687008 72204 profile.cc:167] use_lbr was enabled but range_count_map was empty!
W20261002 07:31:48.691478 72204 profile.cc:167] use_lbr was enabled but range_count_map was empty!
W20261002 07:31:48.691589 72204 profile.cc:167] use_lbr was enabled but range_count_map was empty!
W20261002 07:31:48.692673 72204 profile.cc:167] use_lbr was enabled but range_count_map was empty!
W20261002 07:31:48.695816 72204 profile.cc:167] use_lbr was enabled but range_count_map was empty!
W20261002 07:31:48.700264 72204 profile.cc:167] use_lbr was enabled but range_count_map was empty!
W20261002 07:31:48.700330 72204 profile.cc:167] use_lbr was enabled but range_count_map was empty!
W20261002 07:31:48.704170 72204 profile.cc:167] use_lbr was enabled but range_count_map was empty!
W20261002 07:31:48.704908 72204 profile.cc:167] use_lbr was enabled but range_count_map was empty!
W20261002 07:31:48.711817 72204 profile.cc:167] use_lbr was enabled but range_count_map was empty!
W20261002 07:31:48.712466 72204 profile.cc:167] use_lbr was enabled but range_count_map was empty!
W20261002 07:31:48.715440 72204 profile.cc:167] use_lbr was enabled but range_count_map was empty!
W20261002 07:31:48.715976 72204 profile.cc:167] use_lbr was enabled but range_count_map was empty!
W20261002 07:31:48.730397 72204 profile.cc:167] use_lbr was enabled but range_count_map was empty!
W20261002 07:31:48.736223 72204 profile.cc:167] use_lbr was enabled but range_count_map was empty!
W20261002 07:31:48.736263 72204 profile.cc:167] use_lbr was enabled but range_count_map was empty!
W20261002 07:31:48.740824 72204 profile.cc:167] use_lbr was enabled but range_count_map was empty!
W20261002 07:31:48.741155 72204 profile.cc:167] use_lbr was enabled but range_count_map was empty!
W20261002 07:31:48.741233 72204 profile.cc:167] use_lbr was enabled but range_count_map was empty!
W20261002 07:31:48.741621 72204 profile.cc:167] use_lbr was enabled but range_count_map was empty!
W20261002 07:31:48.741999 72204 profile.cc:167] use_lbr was enabled but range_count_map was empty!
W20261002 07:31:48.742079 72204 profile.cc:167] use_lbr was enabled but range_count_map was empty!
W20261002 07:31:48.743156 72204 profile.cc:167] use_lbr was enabled but range_count_map was empty!
W20261002 07:31:48.743616 72204 profile.cc:167] use_lbr was enabled but range_count_map was empty!
W20261002 07:31:48.743650 72204 profile.cc:167] use_lbr was enabled but range_count_map was empty!
W20261002 07:31:48.744362 72204 profile.cc:167] use_lbr was enabled but range_count_map was empty!
W20261002 07:31:48.746879 72204 profile.cc:167] use_lbr was enabled but range_count_map was empty!
W20261002 07:31:48.752442 72204 profile.cc:167] use_lbr was enabled but range_count_map was empty!
W20261002 07:31:48.760928 72204 profile.cc:167] use_lbr was enabled but range_count_map was empty!
W20261002 07:31:48.761072 72204 profile.cc:167] use_lbr was enabled but range_count_map was empty!
W20261002 07:31:48.768018 72204 profile.cc:167] use_lbr was enabled but range_count_map was empty!
W20261002 07:31:48.769413 72204 profile.cc:167] use_lbr was enabled but range_count_map was empty!
W20261002 07:31:48.771136 72204 profile.cc:167] use_lbr was enabled but range_count_map was empty!
W20261002 07:31:48.771588 72204 profile.cc:167] use_lbr was enabled but range_count_map was empty!
W20261002 07:31:48.771898 72204 profile.cc:167] use_lbr was enabled but range_count_map was empty!
W20261002 07:31:48.771916 72204 profile.cc:167] use_lbr was enabled but range_count_map was empty!
W20261002 07:31:48.773631 72204 profile.cc:167] use_lbr was enabled but range_count_map was empty!
W20261002 07:31:48.776388 72204 profile.cc:167] use_lbr was enabled but range_count_map was empty!
W20261002 07:31:48.777233 72204 profile.cc:167] use_lbr was enabled but range_count_map was empty!
W20261002 07:31:48.781082 72204 profile.cc:167] use_lbr was enabled but range_count_map was empty!
W20261002 07:31:48.781844 72204 profile.cc:167] use_lbr was enabled but range_count_map was empty!
W20261002 07:31:48.782159 72204 profile.cc:167] use_lbr was enabled but range_count_map was empty!
W20261002 07:31:48.783120 72204 profile.cc:167] use_lbr was enabled but range_count_map was empty!
W20261002 07:31:48.786610 72204 profile.cc:167] use_lbr was enabled but range_count_map was empty!
W20261002 07:31:48.786901 72204 profile.cc:167] use_lbr was enabled but range_count_map was empty!
W20261002 07:31:48.790803 72204 profile.cc:167] use_lbr was enabled but range_count_map was empty!
W20261002 07:31:48.791363 72204 profile.cc:167] use_lbr was enabled but range_count_map was empty!
W20261002 07:31:48.791908 72204 profile.cc:167] use_lbr was enabled but range_count_map was empty!
W20261002 07:31:48.793372 72204 profile.cc:167] use_lbr was enabled but range_count_map was empty!
W20261002 07:31:48.797669 72204 profile.cc:167] use_lbr was enabled but range_count_map was empty!
W20261002 07:31:48.798276 72204 profile.cc:167] use_lbr was enabled but range_count_map was empty!
W20261002 07:31:48.799522 72204 profile.cc:167] use_lbr was enabled but range_count_map was empty!
W20261002 07:31:48.799628 72204 profile.cc:167] use_lbr was enabled but range_count_map was empty!
W20261002 07:31:48.801138 72204 profile.cc:167] use_lbr was enabled but range_count_map was empty!
W20261002 07:31:48.801262 72204 profile.cc:167] use_lbr was enabled but range_count_map was empty!
W20261002 07:31:48.801518 72204 profile.cc:167] use_lbr was enabled but range_count_map was empty!
W20261002 07:31:48.814769 72204 profile.cc:167] use_lbr was enabled but range_count_map was empty!
W20261002 07:31:48.814975 72204 profile.cc:167] use_lbr was enabled but range_count_map was empty!
W20261002 07:31:48.815676 72204 profile.cc:167] use_lbr was enabled but range_count_map was empty!
W20261002 07:31:48.815717 72204 profile.cc:167] use_lbr was enabled but range_count_map was empty!
W20261002 07:31:48.817025 72204 profile.cc:167] use_lbr was enabled but range_count_map was empty!
W20261002 07:31:48.818637 72204 profile.cc:167] use_lbr was enabled but range_count_map was empty!
W20261002 07:31:48.818742 72204 profile.cc:167] use_lbr was enabled but range_count_map was empty!
W20261002 07:31:48.819427 72204 profile.cc:167] use_lbr was enabled but range_count_map was empty!
W20261002 07:31:48.820258 72204 profile.cc:167] use_lbr was enabled but range_count_map was empty!
W20261002 07:31:48.826769 72204 profile.cc:167] use_lbr was enabled but range_count_map was empty!
W20261002 07:31:48.828186 72204 profile.cc:167] use_lbr was enabled but range_count_map was empty!
W20261002 07:31:48.831624 72204 profile.cc:167] use_lbr was enabled but range_count_map was empty!
W20261002 07:31:48.834836 72204 profile.cc:167] use_lbr was enabled but range_count_map was empty!
W20261002 07:31:48.837275 72204 profile.cc:167] use_lbr was enabled but range_count_map was empty!
W20261002 07:31:48.842898 72204 profile.cc:167] use_lbr was enabled but range_count_map was empty!
W20261002 07:31:48.844525 72204 profile.cc:167] use_lbr was enabled but range_count_map was empty!
W20261002 07:31:48.844935 72204 profile.cc:167] use_lbr was enabled but range_count_map was empty!
W20261002 07:31:48.845503 72204 profile.cc:167] use_lbr was enabled but range_count_map was empty!
W20261002 07:31:48.846143 72204 profile.cc:167] use_lbr was enabled but range_count_map was empty!
W20261002 07:31:48.846179 72204 profile.cc:167] use_lbr was enabled but range_count_map was empty!
W20261002 07:31:48.847419 72204 profile.cc:167] use_lbr was enabled but range_count_map was empty!
W20261002 07:31:48.848693 72204 profile.cc:167] use_lbr was enabled but range_count_map was empty!
W20261002 07:31:48.848728 72204 profile.cc:167] use_lbr was enabled but range_count_map was empty!
W20261002 07:31:48.848876 72204 profile.cc:167] use_lbr was enabled but range_count_map was empty!
W20261002 07:31:48.854174 72204 profile.cc:167] use_lbr was enabled but range_count_map was empty!
W20261002 07:31:48.855254 72204 profile.cc:167] use_lbr was enabled but range_count_map was empty!
W20261002 07:31:48.855430 72204 profile.cc:167] use_lbr was enabled but range_count_map was empty!
W20261002 07:31:48.855680 72204 profile.cc:167] use_lbr was enabled but range_count_map was empty!
W20261002 07:31:48.873396 72204 profile.cc:167] use_lbr was enabled but range_count_map was empty!
W20261002 07:31:48.873468 72204 profile.cc:167] use_lbr was enabled but range_count_map was empty!
W20261002 07:31:48.878309 72204 profile.cc:167] use_lbr was enabled but range_count_map was empty!
W20261002 07:31:48.882138 72204 profile.cc:167] use_lbr was enabled but range_count_map was empty!
W20261002 07:31:48.883737 72204 profile.cc:167] use_lbr was enabled but range_count_map was empty!
W20261002 07:31:48.884949 72204 profile.cc:167] use_lbr was enabled but range_count_map was empty!
W20261002 07:31:48.886693 72204 profile.cc:167] use_lbr was enabled but range_count_map was empty!
W20261002 07:31:48.887630 72204 profile.cc:167] use_lbr was enabled but range_count_map was empty!
W20261002 07:31:48.890851 72204 profile.cc:167] use_lbr was enabled but range_count_map was empty!
W20261002 07:31:48.896365 72204 profile.cc:167] use_lbr was enabled but range_count_map was empty!
W20261002 07:31:48.896881 72204 profile.cc:167] use_lbr was enabled but range_count_map was empty!
W20261002 07:31:48.897086 72204 profile.cc:167] use_lbr was enabled but range_count_map was empty!
W20261002 07:31:48.899979 72204 profile.cc:167] use_lbr was enabled but range_count_map was empty!
W20261002 07:31:48.914178 72204 profile.cc:167] use_lbr was enabled but range_count_map was empty!
W20261002 07:31:48.917645 72204 profile.cc:167] use_lbr was enabled but range_count_map was empty!
W20261002 07:31:48.920446 72204 profile.cc:167] use_lbr was enabled but range_count_map was empty!
W20261002 07:31:48.920594 72204 profile.cc:167] use_lbr was enabled but range_count_map was empty!
W20261002 07:31:48.921418 72204 profile.cc:167] use_lbr was enabled but range_count_map was empty!
W20261002 07:31:48.921507 72204 profile.cc:167] use_lbr was enabled but range_count_map was empty!
W20261002 07:31:48.922251 72204 profile.cc:167] use_lbr was enabled but range_count_map was empty!
W20261002 07:31:48.923200 72204 profile.cc:167] use_lbr was enabled but range_count_map was empty!
W20261002 07:31:48.923909 72204 profile.cc:167] use_lbr was enabled but range_count_map was empty!
W20261002 07:31:48.924130 72204 profile.cc:167] use_lbr was enabled but range_count_map was empty!
W20261002 07:31:48.925640 72204 profile.cc:167] use_lbr was enabled but range_count_map was empty!
W20261002 07:31:48.927321 72204 profile.cc:167] use_lbr was enabled but range_count_map was empty!
W20261002 07:31:48.927716 72204 profile.cc:167] use_lbr was enabled but range_count_map was empty!
W20261002 07:31:48.944720 72204 profile.cc:167] use_lbr was enabled but range_count_map was empty!
W20261002 07:31:48.944794 72204 profile.cc:167] use_lbr was enabled but range_count_map was empty!
W20261002 07:31:48.944831 72204 profile.cc:167] use_lbr was enabled but range_count_map was empty!
W20261002 07:31:48.945180 72204 profile.cc:167] use_lbr was enabled but range_count_map was empty!
W20261002 07:31:48.948812 72204 profile.cc:167] use_lbr was enabled but range_count_map was empty!
W20261002 07:31:48.951138 72204 profile.cc:167] use_lbr was enabled but range_count_map was empty!
W20261002 07:31:48.954658 72204 profile.cc:167] use_lbr was enabled but range_count_map was empty!
W20261002 07:31:48.954675 72204 profile.cc:167] use_lbr was enabled but range_count_map was empty!
W20261002 07:31:48.957240 72204 profile.cc:167] use_lbr was enabled but range_count_map was empty!
W20261002 07:31:48.967705 72204 profile.cc:167] use_lbr was enabled but range_count_map was empty!
W20261002 07:31:48.968010 72204 profile.cc:167] use_lbr was enabled but range_count_map was empty!
W20261002 07:31:48.971705 72204 profile.cc:167] use_lbr was enabled but range_count_map was empty!
W20261002 07:31:48.971817 72204 profile.cc:167] use_lbr was enabled but range_count_map was empty!
W20261002 07:31:48.973970 72204 profile.cc:167] use_lbr was enabled but range_count_map was empty!
W20261002 07:31:48.974336 72204 profile.cc:167] use_lbr was enabled but range_count_map was empty!
W20261002 07:31:48.980890 72204 profile.cc:167] use_lbr was enabled but range_count_map was empty!
W20261002 07:31:48.980965 72204 profile.cc:167] use_lbr was enabled but range_count_map was empty!
W20261002 07:31:49.006546 72204 profile.cc:167] use_lbr was enabled but range_count_map was empty!
W20261002 07:31:49.012533 72204 profile.cc:167] use_lbr was enabled but range_count_map was empty!
W20261002 07:31:49.014743 72204 profile.cc:167] use_lbr was enabled but range_count_map was empty!
W20261002 07:31:49.014784 72204 profile.cc:167] use_lbr was enabled but range_count_map was empty!
W20261002 07:31:49.015184 72204 profile.cc:167] use_lbr was enabled but range_count_map was empty!
W20261002 07:31:49.015799 72204 profile.cc:167] use_lbr was enabled but range_count_map was empty!
W20261002 07:31:49.021414 72204 profile.cc:167] use_lbr was enabled but range_count_map was empty!
W20261002 07:31:49.028261 72204 profile.cc:167] use_lbr was enabled but range_count_map was empty!
W20261002 07:31:49.028396 72204 profile.cc:167] use_lbr was enabled but range_count_map was empty!
W20261002 07:31:49.028791 72204 profile.cc:167] use_lbr was enabled but range_count_map was empty!
W20261002 07:31:49.029387 72204 profile.cc:167] use_lbr was enabled but range_count_map was empty!
W20261002 07:31:49.029485 72204 profile.cc:167] use_lbr was enabled but range_count_map was empty!
W20261002 07:31:49.031872 72204 profile.cc:167] use_lbr was enabled but range_count_map was empty!
W20261002 07:31:49.032112 72204 profile.cc:167] use_lbr was enabled but range_count_map was empty!
W20261002 07:31:49.032146 72204 profile.cc:167] use_lbr was enabled but range_count_map was empty!
W20261002 07:31:49.033834 72204 profile.cc:167] use_lbr was enabled but range_count_map was empty!
W20261002 07:31:49.042389 72204 profile.cc:167] use_lbr was enabled but range_count_map was empty!
W20261002 07:31:49.043581 72204 profile.cc:167] use_lbr was enabled but range_count_map was empty!
W20261002 07:31:49.044142 72204 profile.cc:167] use_lbr was enabled but range_count_map was empty!
W20261002 07:31:49.044955 72204 profile.cc:167] use_lbr was enabled but range_count_map was empty!
W20261002 07:31:49.046257 72204 profile.cc:167] use_lbr was enabled but range_count_map was empty!
W20261002 07:31:49.046422 72204 profile.cc:167] use_lbr was enabled but range_count_map was empty!
W20261002 07:31:49.047703 72204 profile.cc:167] use_lbr was enabled but range_count_map was empty!
W20261002 07:31:49.048744 72204 profile.cc:167] use_lbr was enabled but range_count_map was empty!
W20261002 07:31:49.048812 72204 profile.cc:167] use_lbr was enabled but range_count_map was empty!
W20261002 07:31:49.054348 72204 profile.cc:167] use_lbr was enabled but range_count_map was empty!
W20261002 07:31:49.055495 72204 profile.cc:167] use_lbr was enabled but range_count_map was empty!
W20261002 07:31:49.056530 72204 profile.cc:167] use_lbr was enabled but range_count_map was empty!
W20261002 07:31:49.056622 72204 profile.cc:167] use_lbr was enabled but range_count_map was empty!
W20261002 07:31:49.057219 72204 profile.cc:167] use_lbr was enabled but range_count_map was empty!
W20261002 07:31:49.057641 72204 profile.cc:167] use_lbr was enabled but range_count_map was empty!
W20261002 07:31:49.059463 72204 profile.cc:167] use_lbr was enabled but range_count_map was empty!
W20261002 07:31:49.059751 72204 profile.cc:167] use_lbr was enabled but range_count_map was empty!
W20261002 07:31:49.073407 72204 profile.cc:167] use_lbr was enabled but range_count_map was empty!
W20261002 07:31:49.073585 72204 profile.cc:167] use_lbr was enabled but range_count_map was empty!
W20261002 07:31:49.073678 72204 profile.cc:167] use_lbr was enabled but range_count_map was empty!
W20261002 07:31:49.073698 72204 profile.cc:167] use_lbr was enabled but range_count_map was empty!
W20261002 07:31:49.073712 72204 profile.cc:167] use_lbr was enabled but range_count_map was empty!
W20261002 07:31:49.075457 72204 profile.cc:167] use_lbr was enabled but range_count_map was empty!
W20261002 07:31:49.075572 72204 profile.cc:167] use_lbr was enabled but range_count_map was empty!
W20261002 07:31:49.075922 72204 profile.cc:167] use_lbr was enabled but range_count_map was empty!
W20261002 07:31:49.090649 72204 profile.cc:167] use_lbr was enabled but range_count_map was empty!
W20261002 07:31:49.090692 72204 profile.cc:167] use_lbr was enabled but range_count_map was empty!
W20261002 07:31:49.090734 72204 profile.cc:167] use_lbr was enabled but range_count_map was empty!
W20261002 07:31:49.094442 72204 profile.cc:167] use_lbr was enabled but range_count_map was empty!
W20261002 07:31:49.094485 72204 profile.cc:167] use_lbr was enabled but range_count_map was empty!
W20261002 07:31:49.094532 72204 profile.cc:167] use_lbr was enabled but range_count_map was empty!
W20261002 07:31:49.103698 72204 profile.cc:167] use_lbr was enabled but range_count_map was empty!
W20261002 07:31:49.104374 72204 profile.cc:167] use_lbr was enabled but range_count_map was empty!
	Command being timed: "/home/ec2-user/g15/autofdo/build-gcov/create_gcov --binary=/opt/g15-pg18-prep/bin/postgres --profile=/home/ec2-user/g15/work-n1/afdo-prep.data --gcov=/home/ec2-user/g15/work-n1/pg18-g15n1-sysbench.afdo --gcov_version=2"
	User time (seconds): 138.77
	System time (seconds): 42.17
	Percent of CPU this job got: 99%
	Elapsed (wall clock) time (h:mm:ss or m:ss): 3:01.05
	Average shared text size (kbytes): 0
	Average unshared data size (kbytes): 0
	Average stack size (kbytes): 0
	Average total size (kbytes): 0
	Maximum resident set size (kbytes): 80002864
	Average resident set size (kbytes): 0
	Major (requiring I/O) page faults: 70
	Minor (reclaiming a frame) page faults: 42678814
	Voluntary context switches: 82
	Involuntary context switches: 1123
	Swaps: 0
	File system inputs: 9328
	File system outputs: 3240
	Socket messages sent: 0
	Socket messages received: 0
	Signals delivered: 0
	Page size (bytes): 4096
	Exit status: 0
