2026-10-01 23:03:19.063 GMT [238662] LOG:  starting PostgreSQL 18.3 on x86_64-pc-linux-gnu, compiled by gcc (GCC) 15.2.0, 64-bit
2026-10-01 23:03:19.063 GMT [238662] LOG:  listening on IPv4 address "0.0.0.0", port 5432
2026-10-01 23:03:19.063 GMT [238662] LOG:  listening on IPv6 address "::", port 5432
2026-10-01 23:03:19.063 GMT [238662] LOG:  listening on Unix socket "/tmp/.s.PGSQL.5432"
2026-10-01 23:03:19.066 GMT [238668] LOG:  database system was shut down at 2026-10-01 22:30:58 GMT
2026-10-01 23:03:19.067 GMT [238662] LOG:  database system is ready to accept connections
2026-10-01 23:03:30.103 GMT [239312] ERROR:  duplicate key value violates unique constraint "sbtest171_pkey"
2026-10-01 23:03:30.103 GMT [239312] DETAIL:  Key (id)=(744822) already exists.
2026-10-01 23:03:30.103 GMT [239312] STATEMENT:  INSERT INTO sbtest171 (id, k, c, pad) VALUES ($1, $2, $3, $4)
2026-10-01 23:03:37.955 GMT [238881] ERROR:  duplicate key value violates unique constraint "sbtest171_pkey"
2026-10-01 23:03:37.955 GMT [238881] DETAIL:  Key (id)=(271161) already exists.
2026-10-01 23:03:37.955 GMT [238881] STATEMENT:  INSERT INTO sbtest171 (id, k, c, pad) VALUES ($1, $2, $3, $4)
2026-10-01 23:03:55.977 GMT [238853] ERROR:  duplicate key value violates unique constraint "sbtest54_pkey"
2026-10-01 23:03:55.977 GMT [238853] DETAIL:  Key (id)=(396844) already exists.
2026-10-01 23:03:55.977 GMT [238853] STATEMENT:  INSERT INTO sbtest54 (id, k, c, pad) VALUES ($1, $2, $3, $4)
2026-10-01 23:03:59.861 GMT [238997] ERROR:  duplicate key value violates unique constraint "sbtest219_pkey"
2026-10-01 23:03:59.861 GMT [238997] DETAIL:  Key (id)=(83334) already exists.
2026-10-01 23:03:59.861 GMT [238997] STATEMENT:  INSERT INTO sbtest219 (id, k, c, pad) VALUES ($1, $2, $3, $4)
2026-10-01 23:04:57.626 GMT [239516] ERROR:  duplicate key value violates unique constraint "sbtest127_pkey"
2026-10-01 23:04:57.626 GMT [239516] DETAIL:  Key (id)=(171658) already exists.
2026-10-01 23:04:57.626 GMT [239516] STATEMENT:  INSERT INTO sbtest127 (id, k, c, pad) VALUES ($1, $2, $3, $4)
2026-10-01 23:05:00.406 GMT [239847] ERROR:  duplicate key value violates unique constraint "sbtest79_pkey"
2026-10-01 23:05:00.406 GMT [239847] DETAIL:  Key (id)=(336293) already exists.
2026-10-01 23:05:00.406 GMT [239847] STATEMENT:  INSERT INTO sbtest79 (id, k, c, pad) VALUES ($1, $2, $3, $4)
2026-10-01 23:05:14.640 GMT [239326] ERROR:  duplicate key value violates unique constraint "sbtest172_pkey"
2026-10-01 23:05:14.640 GMT [239326] DETAIL:  Key (id)=(673791) already exists.
2026-10-01 23:05:14.640 GMT [239326] STATEMENT:  INSERT INTO sbtest172 (id, k, c, pad) VALUES ($1, $2, $3, $4)
2026-10-01 23:05:44.788 GMT [238688] ERROR:  duplicate key value violates unique constraint "sbtest211_pkey"
2026-10-01 23:05:44.788 GMT [238688] DETAIL:  Key (id)=(734484) already exists.
2026-10-01 23:05:44.788 GMT [238688] STATEMENT:  INSERT INTO sbtest211 (id, k, c, pad) VALUES ($1, $2, $3, $4)
2026-10-01 23:05:59.121 GMT [239030] ERROR:  duplicate key value violates unique constraint "sbtest220_pkey"
2026-10-01 23:05:59.121 GMT [239030] DETAIL:  Key (id)=(19791) already exists.
2026-10-01 23:05:59.121 GMT [239030] STATEMENT:  INSERT INTO sbtest220 (id, k, c, pad) VALUES ($1, $2, $3, $4)
2026-10-01 23:06:24.218 GMT [239693] ERROR:  duplicate key value violates unique constraint "sbtest125_pkey"
2026-10-01 23:06:24.218 GMT [239693] DETAIL:  Key (id)=(293902) already exists.
2026-10-01 23:06:24.218 GMT [239693] STATEMENT:  INSERT INTO sbtest125 (id, k, c, pad) VALUES ($1, $2, $3, $4)
2026-10-01 23:06:28.247 GMT [239854] ERROR:  duplicate key value violates unique constraint "sbtest187_pkey"
2026-10-01 23:06:28.247 GMT [239854] DETAIL:  Key (id)=(601461) already exists.
2026-10-01 23:06:28.247 GMT [239854] STATEMENT:  INSERT INTO sbtest187 (id, k, c, pad) VALUES ($1, $2, $3, $4)
2026-10-01 23:06:42.215 GMT [238763] ERROR:  duplicate key value violates unique constraint "sbtest247_pkey"
2026-10-01 23:06:42.215 GMT [238763] DETAIL:  Key (id)=(633220) already exists.
2026-10-01 23:06:42.215 GMT [238763] STATEMENT:  INSERT INTO sbtest247 (id, k, c, pad) VALUES ($1, $2, $3, $4)
2026-10-01 23:07:02.026 GMT [239016] ERROR:  duplicate key value violates unique constraint "sbtest170_pkey"
2026-10-01 23:07:02.026 GMT [239016] DETAIL:  Key (id)=(871598) already exists.
2026-10-01 23:07:02.026 GMT [239016] STATEMENT:  INSERT INTO sbtest170 (id, k, c, pad) VALUES ($1, $2, $3, $4)
2026-10-01 23:07:08.846 GMT [239303] ERROR:  duplicate key value violates unique constraint "sbtest110_pkey"
2026-10-01 23:07:08.846 GMT [239303] DETAIL:  Key (id)=(364986) already exists.
2026-10-01 23:07:08.846 GMT [239303] STATEMENT:  INSERT INTO sbtest110 (id, k, c, pad) VALUES ($1, $2, $3, $4)
2026-10-01 23:07:20.058 GMT [239451] ERROR:  duplicate key value violates unique constraint "sbtest62_pkey"
2026-10-01 23:07:20.058 GMT [239451] DETAIL:  Key (id)=(281552) already exists.
2026-10-01 23:07:20.058 GMT [239451] STATEMENT:  INSERT INTO sbtest62 (id, k, c, pad) VALUES ($1, $2, $3, $4)
2026-10-01 23:07:26.037 GMT [239451] ERROR:  duplicate key value violates unique constraint "sbtest34_pkey"
2026-10-01 23:07:26.037 GMT [239451] DETAIL:  Key (id)=(337167) already exists.
2026-10-01 23:07:26.037 GMT [239451] STATEMENT:  INSERT INTO sbtest34 (id, k, c, pad) VALUES ($1, $2, $3, $4)
2026-10-01 23:07:29.791 GMT [239203] ERROR:  duplicate key value violates unique constraint "sbtest228_pkey"
2026-10-01 23:07:29.791 GMT [239203] DETAIL:  Key (id)=(298171) already exists.
2026-10-01 23:07:29.791 GMT [239203] STATEMENT:  INSERT INTO sbtest228 (id, k, c, pad) VALUES ($1, $2, $3, $4)
2026-10-01 23:07:34.683 GMT [239671] ERROR:  duplicate key value violates unique constraint "sbtest25_pkey"
2026-10-01 23:07:34.683 GMT [239671] DETAIL:  Key (id)=(502735) already exists.
2026-10-01 23:07:34.683 GMT [239671] STATEMENT:  INSERT INTO sbtest25 (id, k, c, pad) VALUES ($1, $2, $3, $4)
2026-10-01 23:07:35.099 GMT [239591] ERROR:  duplicate key value violates unique constraint "sbtest44_pkey"
2026-10-01 23:07:35.099 GMT [239591] DETAIL:  Key (id)=(360825) already exists.
2026-10-01 23:07:35.099 GMT [239591] STATEMENT:  INSERT INTO sbtest44 (id, k, c, pad) VALUES ($1, $2, $3, $4)
2026-10-01 23:07:53.339 GMT [239333] ERROR:  duplicate key value violates unique constraint "sbtest154_pkey"
2026-10-01 23:07:53.339 GMT [239333] DETAIL:  Key (id)=(744796) already exists.
2026-10-01 23:07:53.339 GMT [239333] STATEMENT:  INSERT INTO sbtest154 (id, k, c, pad) VALUES ($1, $2, $3, $4)
2026-10-01 23:08:10.096 GMT [239343] ERROR:  duplicate key value violates unique constraint "sbtest120_pkey"
2026-10-01 23:08:10.096 GMT [239343] DETAIL:  Key (id)=(561133) already exists.
2026-10-01 23:08:10.096 GMT [239343] STATEMENT:  INSERT INTO sbtest120 (id, k, c, pad) VALUES ($1, $2, $3, $4)
2026-10-01 23:08:14.027 GMT [239620] ERROR:  duplicate key value violates unique constraint "sbtest67_pkey"
2026-10-01 23:08:14.027 GMT [239620] DETAIL:  Key (id)=(685889) already exists.
2026-10-01 23:08:14.027 GMT [239620] STATEMENT:  INSERT INTO sbtest67 (id, k, c, pad) VALUES ($1, $2, $3, $4)
2026-10-01 23:08:17.453 GMT [239718] ERROR:  duplicate key value violates unique constraint "sbtest178_pkey"
2026-10-01 23:08:17.453 GMT [239718] DETAIL:  Key (id)=(487200) already exists.
2026-10-01 23:08:17.453 GMT [239718] STATEMENT:  INSERT INTO sbtest178 (id, k, c, pad) VALUES ($1, $2, $3, $4)
2026-10-01 23:08:19.099 GMT [238942] ERROR:  duplicate key value violates unique constraint "sbtest132_pkey"
2026-10-01 23:08:19.099 GMT [238942] DETAIL:  Key (id)=(923494) already exists.
2026-10-01 23:08:19.099 GMT [238942] STATEMENT:  INSERT INTO sbtest132 (id, k, c, pad) VALUES ($1, $2, $3, $4)
2026-10-01 23:08:19.584 GMT [238892] ERROR:  duplicate key value violates unique constraint "sbtest70_pkey"
2026-10-01 23:08:19.584 GMT [238892] DETAIL:  Key (id)=(691743) already exists.
2026-10-01 23:08:19.584 GMT [238892] STATEMENT:  INSERT INTO sbtest70 (id, k, c, pad) VALUES ($1, $2, $3, $4)
2026-10-01 23:08:35.133 GMT [239670] ERROR:  duplicate key value violates unique constraint "sbtest200_pkey"
2026-10-01 23:08:35.133 GMT [239670] DETAIL:  Key (id)=(4611) already exists.
2026-10-01 23:08:35.133 GMT [239670] STATEMENT:  INSERT INTO sbtest200 (id, k, c, pad) VALUES ($1, $2, $3, $4)
2026-10-01 23:08:53.104 GMT [239219] ERROR:  duplicate key value violates unique constraint "sbtest70_pkey"
2026-10-01 23:08:53.104 GMT [239219] DETAIL:  Key (id)=(981805) already exists.
2026-10-01 23:08:53.104 GMT [239219] STATEMENT:  INSERT INTO sbtest70 (id, k, c, pad) VALUES ($1, $2, $3, $4)
2026-10-01 23:08:56.395 GMT [238909] ERROR:  duplicate key value violates unique constraint "sbtest236_pkey"
2026-10-01 23:08:56.395 GMT [238909] DETAIL:  Key (id)=(10427) already exists.
2026-10-01 23:08:56.395 GMT [238909] STATEMENT:  INSERT INTO sbtest236 (id, k, c, pad) VALUES ($1, $2, $3, $4)
2026-10-01 23:08:58.049 GMT [239755] ERROR:  duplicate key value violates unique constraint "sbtest170_pkey"
2026-10-01 23:08:58.049 GMT [239755] DETAIL:  Key (id)=(813656) already exists.
2026-10-01 23:08:58.049 GMT [239755] STATEMENT:  INSERT INTO sbtest170 (id, k, c, pad) VALUES ($1, $2, $3, $4)
2026-10-01 23:09:06.360 GMT [239234] ERROR:  duplicate key value violates unique constraint "sbtest19_pkey"
2026-10-01 23:09:06.360 GMT [239234] DETAIL:  Key (id)=(148834) already exists.
2026-10-01 23:09:06.360 GMT [239234] STATEMENT:  INSERT INTO sbtest19 (id, k, c, pad) VALUES ($1, $2, $3, $4)
2026-10-01 23:09:09.978 GMT [239139] ERROR:  duplicate key value violates unique constraint "sbtest192_pkey"
2026-10-01 23:09:09.978 GMT [239139] DETAIL:  Key (id)=(844091) already exists.
2026-10-01 23:09:09.978 GMT [239139] STATEMENT:  INSERT INTO sbtest192 (id, k, c, pad) VALUES ($1, $2, $3, $4)
2026-10-01 23:09:15.485 GMT [239626] ERROR:  duplicate key value violates unique constraint "sbtest16_pkey"
2026-10-01 23:09:15.485 GMT [239626] DETAIL:  Key (id)=(629981) already exists.
2026-10-01 23:09:15.485 GMT [239626] STATEMENT:  INSERT INTO sbtest16 (id, k, c, pad) VALUES ($1, $2, $3, $4)
2026-10-01 23:09:20.142 GMT [239424] ERROR:  duplicate key value violates unique constraint "sbtest206_pkey"
2026-10-01 23:09:20.142 GMT [239424] DETAIL:  Key (id)=(964837) already exists.
2026-10-01 23:09:20.142 GMT [239424] STATEMENT:  INSERT INTO sbtest206 (id, k, c, pad) VALUES ($1, $2, $3, $4)
2026-10-01 23:09:34.348 GMT [238826] ERROR:  duplicate key value violates unique constraint "sbtest17_pkey"
2026-10-01 23:09:34.348 GMT [238826] DETAIL:  Key (id)=(297118) already exists.
2026-10-01 23:09:34.348 GMT [238826] STATEMENT:  INSERT INTO sbtest17 (id, k, c, pad) VALUES ($1, $2, $3, $4)
2026-10-01 23:10:04.582 GMT [238936] ERROR:  duplicate key value violates unique constraint "sbtest74_pkey"
2026-10-01 23:10:04.582 GMT [238936] DETAIL:  Key (id)=(678733) already exists.
2026-10-01 23:10:04.582 GMT [238936] STATEMENT:  INSERT INTO sbtest74 (id, k, c, pad) VALUES ($1, $2, $3, $4)
2026-10-01 23:10:09.915 GMT [239029] ERROR:  duplicate key value violates unique constraint "sbtest90_pkey"
2026-10-01 23:10:09.915 GMT [239029] DETAIL:  Key (id)=(323589) already exists.
2026-10-01 23:10:09.915 GMT [239029] STATEMENT:  INSERT INTO sbtest90 (id, k, c, pad) VALUES ($1, $2, $3, $4)
2026-10-01 23:10:27.763 GMT [238850] ERROR:  duplicate key value violates unique constraint "sbtest25_pkey"
2026-10-01 23:10:27.763 GMT [238850] DETAIL:  Key (id)=(152714) already exists.
2026-10-01 23:10:27.763 GMT [238850] STATEMENT:  INSERT INTO sbtest25 (id, k, c, pad) VALUES ($1, $2, $3, $4)
2026-10-01 23:10:36.142 GMT [238732] ERROR:  duplicate key value violates unique constraint "sbtest67_pkey"
2026-10-01 23:10:36.142 GMT [238732] DETAIL:  Key (id)=(506890) already exists.
2026-10-01 23:10:36.142 GMT [238732] STATEMENT:  INSERT INTO sbtest67 (id, k, c, pad) VALUES ($1, $2, $3, $4)
2026-10-01 23:10:46.685 GMT [238894] ERROR:  duplicate key value violates unique constraint "sbtest106_pkey"
2026-10-01 23:10:46.685 GMT [238894] DETAIL:  Key (id)=(392340) already exists.
2026-10-01 23:10:46.685 GMT [238894] STATEMENT:  INSERT INTO sbtest106 (id, k, c, pad) VALUES ($1, $2, $3, $4)
2026-10-01 23:10:53.555 GMT [238946] ERROR:  duplicate key value violates unique constraint "sbtest39_pkey"
2026-10-01 23:10:53.555 GMT [238946] DETAIL:  Key (id)=(516524) already exists.
2026-10-01 23:10:53.555 GMT [238946] STATEMENT:  INSERT INTO sbtest39 (id, k, c, pad) VALUES ($1, $2, $3, $4)
2026-10-01 23:11:04.401 GMT [239646] ERROR:  duplicate key value violates unique constraint "sbtest169_pkey"
2026-10-01 23:11:04.401 GMT [239646] DETAIL:  Key (id)=(917056) already exists.
2026-10-01 23:11:04.401 GMT [239646] STATEMENT:  INSERT INTO sbtest169 (id, k, c, pad) VALUES ($1, $2, $3, $4)
2026-10-01 23:11:31.209 GMT [238980] ERROR:  duplicate key value violates unique constraint "sbtest228_pkey"
2026-10-01 23:11:31.209 GMT [238980] DETAIL:  Key (id)=(321791) already exists.
2026-10-01 23:11:31.209 GMT [238980] STATEMENT:  INSERT INTO sbtest228 (id, k, c, pad) VALUES ($1, $2, $3, $4)
2026-10-01 23:11:34.917 GMT [238666] LOG:  checkpoint starting: wal
2026-10-01 23:11:59.968 GMT [239711] ERROR:  duplicate key value violates unique constraint "sbtest70_pkey"
2026-10-01 23:11:59.968 GMT [239711] DETAIL:  Key (id)=(490559) already exists.
2026-10-01 23:11:59.968 GMT [239711] STATEMENT:  INSERT INTO sbtest70 (id, k, c, pad) VALUES ($1, $2, $3, $4)
2026-10-01 23:12:06.057 GMT [239780] ERROR:  duplicate key value violates unique constraint "sbtest230_pkey"
2026-10-01 23:12:06.057 GMT [239780] DETAIL:  Key (id)=(131112) already exists.
2026-10-01 23:12:06.057 GMT [239780] STATEMENT:  INSERT INTO sbtest230 (id, k, c, pad) VALUES ($1, $2, $3, $4)
2026-10-01 23:12:09.319 GMT [239491] ERROR:  duplicate key value violates unique constraint "sbtest200_pkey"
2026-10-01 23:12:09.319 GMT [239491] DETAIL:  Key (id)=(603824) already exists.
2026-10-01 23:12:09.319 GMT [239491] STATEMENT:  INSERT INTO sbtest200 (id, k, c, pad) VALUES ($1, $2, $3, $4)
2026-10-01 23:12:59.871 GMT [238918] ERROR:  duplicate key value violates unique constraint "sbtest145_pkey"
2026-10-01 23:12:59.871 GMT [238918] DETAIL:  Key (id)=(781481) already exists.
2026-10-01 23:12:59.871 GMT [238918] STATEMENT:  INSERT INTO sbtest145 (id, k, c, pad) VALUES ($1, $2, $3, $4)
2026-10-01 23:13:00.889 GMT [238833] ERROR:  duplicate key value violates unique constraint "sbtest107_pkey"
2026-10-01 23:13:00.889 GMT [238833] DETAIL:  Key (id)=(973452) already exists.
2026-10-01 23:13:00.889 GMT [238833] STATEMENT:  INSERT INTO sbtest107 (id, k, c, pad) VALUES ($1, $2, $3, $4)
2026-10-01 23:13:08.151 GMT [238850] ERROR:  duplicate key value violates unique constraint "sbtest139_pkey"
2026-10-01 23:13:08.151 GMT [238850] DETAIL:  Key (id)=(419357) already exists.
2026-10-01 23:13:08.151 GMT [238850] STATEMENT:  INSERT INTO sbtest139 (id, k, c, pad) VALUES ($1, $2, $3, $4)
2026-10-01 23:13:09.822 GMT [238971] ERROR:  duplicate key value violates unique constraint "sbtest230_pkey"
2026-10-01 23:13:09.822 GMT [238971] DETAIL:  Key (id)=(554491) already exists.
2026-10-01 23:13:09.822 GMT [238971] STATEMENT:  INSERT INTO sbtest230 (id, k, c, pad) VALUES ($1, $2, $3, $4)
2026-10-01 23:13:20.143 GMT [239315] ERROR:  duplicate key value violates unique constraint "sbtest32_pkey"
2026-10-01 23:13:20.143 GMT [239315] DETAIL:  Key (id)=(445813) already exists.
2026-10-01 23:13:20.143 GMT [239315] STATEMENT:  INSERT INTO sbtest32 (id, k, c, pad) VALUES ($1, $2, $3, $4)
2026-10-01 23:13:22.573 GMT [238662] LOG:  received fast shutdown request
2026-10-01 23:13:22.578 GMT [238662] LOG:  aborting any active transactions
2026-10-01 23:13:22.579 GMT [238662] LOG:  background worker "logical replication launcher" (PID 238671) exited with exit code 1
2026-10-01 23:13:45.595 GMT [238666] LOG:  checkpoint complete: wrote 9936347 buffers (37.9%), wrote 1994 SLRU buffers; 0 WAL file(s) added, 0 removed, 2155 recycled; write=130.639 s, sync=0.001 s, total=130.680 s; sync files=1292, longest=0.001 s, average=0.000 s; distance=35298534 kB, estimate=35298534 kB; lsn=1C/B642A990, redo lsn=1B/D6E9678
2026-10-01 23:13:45.596 GMT [238666] LOG:  shutting down
2026-10-01 23:13:45.596 GMT [238666] LOG:  checkpoint starting: shutdown immediate
2026-10-01 23:13:50.355 GMT [238666] LOG:  checkpoint complete: wrote 1429868 buffers (5.5%), wrote 214 SLRU buffers; 0 WAL file(s) added, 0 removed, 425 recycled; write=4.752 s, sync=0.001 s, total=4.759 s; sync files=522, longest=0.001 s, average=0.000 s; distance=6960388 kB, estimate=32464720 kB; lsn=1C/B642AA08, redo lsn=1C/B642AA08
2026-10-01 23:13:50.358 GMT [238662] LOG:  database system is shut down
2026-10-02 07:18:09.617 GMT [71149] LOG:  starting PostgreSQL 18.3 on x86_64-pc-linux-gnu, compiled by gcc (GCC) 15.2.0, 64-bit
2026-10-02 07:18:09.619 GMT [71149] LOG:  listening on IPv4 address "0.0.0.0", port 5432
2026-10-02 07:18:09.619 GMT [71149] LOG:  listening on IPv6 address "::", port 5432
2026-10-02 07:18:09.619 GMT [71149] LOG:  listening on Unix socket "/tmp/.s.PGSQL.5432"
2026-10-02 07:18:09.622 GMT [71155] LOG:  database system was shut down at 2026-10-01 22:30:58 GMT
2026-10-02 07:18:09.624 GMT [71149] LOG:  database system is ready to accept connections
2026-10-02 07:25:37.133 GMT [71345] ERROR:  duplicate key value violates unique constraint "sbtest186_pkey"
2026-10-02 07:25:37.133 GMT [71345] DETAIL:  Key (id)=(451958) already exists.
2026-10-02 07:25:37.133 GMT [71345] STATEMENT:  INSERT INTO sbtest186 (id, k, c, pad) VALUES ($1, $2, $3, $4)
2026-10-02 07:26:34.999 GMT [71327] ERROR:  duplicate key value violates unique constraint "sbtest4_pkey"
2026-10-02 07:26:34.999 GMT [71327] DETAIL:  Key (id)=(36843) already exists.
2026-10-02 07:26:34.999 GMT [71327] STATEMENT:  INSERT INTO sbtest4 (id, k, c, pad) VALUES ($1, $2, $3, $4)
2026-10-02 07:26:42.942 GMT [71255] ERROR:  duplicate key value violates unique constraint "sbtest62_pkey"
2026-10-02 07:26:42.942 GMT [71255] DETAIL:  Key (id)=(737489) already exists.
2026-10-02 07:26:42.942 GMT [71255] STATEMENT:  INSERT INTO sbtest62 (id, k, c, pad) VALUES ($1, $2, $3, $4)
2026-10-02 07:28:12.085 GMT [71149] LOG:  received fast shutdown request
2026-10-02 07:28:12.085 GMT [71149] LOG:  aborting any active transactions
2026-10-02 07:28:12.085 GMT [72143] FATAL:  terminating autovacuum process due to administrator command
2026-10-02 07:28:12.086 GMT [71149] LOG:  background worker "logical replication launcher" (PID 71158) exited with exit code 1
2026-10-02 07:28:12.144 GMT [71153] LOG:  shutting down
2026-10-02 07:28:12.144 GMT [71153] LOG:  checkpoint starting: shutdown immediate
2026-10-02 07:28:36.141 GMT [71153] LOG:  checkpoint complete: wrote 9591316 buffers (36.6%), wrote 1848 SLRU buffers; 0 WAL file(s) added, 3 removed, 1955 recycled; write=23.971 s, sync=0.001 s, total=23.997 s; sync files=1287, longest=0.001 s, average=0.000 s; distance=32073089 kB, estimate=32073089 kB; lsn=1A/489103C0, redo lsn=1A/489103C0
2026-10-02 07:28:36.144 GMT [71149] LOG:  database system is shut down
