sysbench 1.0.20-ebf1c90 (using bundled LuaJIT 2.1.0-beta2)

Running the test with following options:
Number of threads: 200
Report intermediate results every 10 second(s)
Initializing random number generator from current time


Initializing worker threads...

Threads started!

[ 10s ] thds: 200 tps: 7293.30 qps: 146055.95 (r/w/o: 102269.56/29180.60/14605.80) lat (ms,95%): 26.68 err/s: 0.00 reconn/s: 0.00
[ 20s ] thds: 200 tps: 8405.43 qps: 168116.53 (r/w/o: 117681.47/33624.11/16810.95) lat (ms,95%): 23.52 err/s: 0.00 reconn/s: 0.00
[ 30s ] thds: 200 tps: 8706.70 qps: 174133.15 (r/w/o: 121890.24/34829.81/17413.11) lat (ms,95%): 23.10 err/s: 0.00 reconn/s: 0.00
[ 40s ] thds: 200 tps: 8795.10 qps: 175896.30 (r/w/o: 123130.10/35176.00/17590.20) lat (ms,95%): 23.10 err/s: 0.00 reconn/s: 0.00
[ 50s ] thds: 200 tps: 8799.39 qps: 175978.89 (r/w/o: 123182.75/35197.76/17598.38) lat (ms,95%): 23.10 err/s: 0.00 reconn/s: 0.00
[ 60s ] thds: 200 tps: 8799.50 qps: 176007.25 (r/w/o: 123206.16/35201.09/17599.99) lat (ms,95%): 23.10 err/s: 0.10 reconn/s: 0.00
[ 70s ] thds: 200 tps: 8789.42 qps: 175784.43 (r/w/o: 123049.83/35155.87/17578.73) lat (ms,95%): 23.10 err/s: 0.00 reconn/s: 0.00
[ 80s ] thds: 200 tps: 8785.09 qps: 175690.19 (r/w/o: 122980.75/35139.66/17569.78) lat (ms,95%): 23.10 err/s: 0.00 reconn/s: 0.00
[ 90s ] thds: 200 tps: 8792.41 qps: 175862.41 (r/w/o: 123108.07/35169.42/17584.91) lat (ms,95%): 23.10 err/s: 0.00 reconn/s: 0.00
[ 100s ] thds: 200 tps: 8791.89 qps: 175824.44 (r/w/o: 123075.69/35165.37/17583.38) lat (ms,95%): 23.10 err/s: 0.00 reconn/s: 0.00
[ 110s ] thds: 200 tps: 8792.50 qps: 175858.99 (r/w/o: 123101.76/35171.12/17586.11) lat (ms,95%): 23.10 err/s: 0.00 reconn/s: 0.00
[ 120s ] thds: 200 tps: 8798.98 qps: 175986.40 (r/w/o: 123190.49/35198.04/17597.87) lat (ms,95%): 23.10 err/s: 0.00 reconn/s: 0.00
[ 130s ] thds: 200 tps: 8763.02 qps: 175253.07 (r/w/o: 122675.06/35052.47/17525.54) lat (ms,95%): 23.52 err/s: 0.00 reconn/s: 0.00
[ 140s ] thds: 200 tps: 8740.09 qps: 174816.00 (r/w/o: 122373.19/34962.24/17480.57) lat (ms,95%): 23.52 err/s: 0.00 reconn/s: 0.00
[ 150s ] thds: 200 tps: 8783.30 qps: 175653.35 (r/w/o: 122955.43/35131.21/17566.70) lat (ms,95%): 23.52 err/s: 0.00 reconn/s: 0.00
[ 160s ] thds: 200 tps: 8785.90 qps: 175705.75 (r/w/o: 122992.54/35142.31/17570.91) lat (ms,95%): 23.52 err/s: 0.00 reconn/s: 0.00
[ 170s ] thds: 200 tps: 8783.01 qps: 175671.18 (r/w/o: 122971.83/35132.84/17566.52) lat (ms,95%): 23.52 err/s: 0.00 reconn/s: 0.00
[ 180s ] thds: 200 tps: 8791.19 qps: 175826.56 (r/w/o: 123077.80/35165.97/17582.79) lat (ms,95%): 23.10 err/s: 0.00 reconn/s: 0.00
[ 190s ] thds: 200 tps: 8781.41 qps: 175643.42 (r/w/o: 122954.09/35126.22/17563.11) lat (ms,95%): 23.52 err/s: 0.00 reconn/s: 0.00
[ 200s ] thds: 200 tps: 8785.19 qps: 175690.56 (r/w/o: 122983.23/35137.25/17570.08) lat (ms,95%): 23.52 err/s: 0.00 reconn/s: 0.00
[ 210s ] thds: 200 tps: 8782.51 qps: 175632.57 (r/w/o: 122935.82/35132.43/17564.32) lat (ms,95%): 23.52 err/s: 0.00 reconn/s: 0.00
[ 220s ] thds: 200 tps: 8778.21 qps: 175564.17 (r/w/o: 122896.72/35111.23/17556.22) lat (ms,95%): 23.52 err/s: 0.00 reconn/s: 0.00
[ 230s ] thds: 200 tps: 8784.59 qps: 175713.76 (r/w/o: 123003.03/35141.05/17569.68) lat (ms,95%): 23.52 err/s: 0.00 reconn/s: 0.00
[ 240s ] thds: 200 tps: 8779.99 qps: 175596.44 (r/w/o: 122919.59/35116.47/17560.38) lat (ms,95%): 23.52 err/s: 0.00 reconn/s: 0.00
[ 250s ] thds: 200 tps: 8774.11 qps: 175469.99 (r/w/o: 122825.40/35096.56/17548.03) lat (ms,95%): 23.52 err/s: 0.00 reconn/s: 0.00
[ 260s ] thds: 200 tps: 8744.58 qps: 174888.17 (r/w/o: 122420.67/34978.63/17488.87) lat (ms,95%): 23.52 err/s: 0.00 reconn/s: 0.00
[ 270s ] thds: 200 tps: 8725.69 qps: 174510.56 (r/w/o: 122153.83/34904.95/17451.78) lat (ms,95%): 23.52 err/s: 0.00 reconn/s: 0.00
[ 280s ] thds: 200 tps: 8776.91 qps: 175551.77 (r/w/o: 122892.29/35105.95/17553.53) lat (ms,95%): 23.52 err/s: 0.00 reconn/s: 0.00
[ 290s ] thds: 200 tps: 8776.50 qps: 175530.42 (r/w/o: 122870.32/35107.00/17553.10) lat (ms,95%): 23.52 err/s: 0.00 reconn/s: 0.00
[ 300s ] thds: 200 tps: 8779.45 qps: 175575.47 (r/w/o: 122902.28/35114.69/17558.50) lat (ms,95%): 23.52 err/s: 0.00 reconn/s: 0.00
[ 310s ] thds: 200 tps: 8775.82 qps: 175532.42 (r/w/o: 122872.02/35108.26/17552.13) lat (ms,95%): 23.52 err/s: 0.00 reconn/s: 0.00
SQL statistics:
    queries performed:
        read:                            37836666
        write:                           10810470
        other:                           5405242
        total:                           54052378
    transactions:                        2702618 (8714.63 per sec.)
    queries:                             54052378 (174292.65 per sec.)
    ignored errors:                      1      (0.00 per sec.)
    reconnects:                          0      (0.00 per sec.)

General statistics:
    total time:                          310.1233s
    total number of events:              2702618

Latency (ms):
         min:                                   21.32
         avg:                                   22.94
         max:                                  144.55
         95th percentile:                       23.52
         sum:                             62003467.03

Threads fairness:
    events (avg/stddev):           13513.0900/55.23
    execution time (avg/stddev):   310.0173/0.03

