sysbench 1.0.20-ebf1c90 (using bundled LuaJIT 2.1.0-beta2)

Running the test with following options:
Number of threads: 200
Report intermediate results every 10 second(s)
Initializing random number generator from current time


Initializing worker threads...

Threads started!

[ 10s ] thds: 200 tps: 7298.97 qps: 146172.87 (r/w/o: 102351.86/29203.78/14617.24) lat (ms,95%): 25.28 err/s: 0.00 reconn/s: 0.00
[ 20s ] thds: 200 tps: 8404.74 qps: 168084.35 (r/w/o: 117653.79/33621.47/16809.08) lat (ms,95%): 23.52 err/s: 0.00 reconn/s: 0.00
[ 30s ] thds: 200 tps: 8704.50 qps: 174105.65 (r/w/o: 121875.46/34820.99/17409.19) lat (ms,95%): 23.10 err/s: 0.00 reconn/s: 0.00
[ 40s ] thds: 200 tps: 8795.79 qps: 175910.59 (r/w/o: 123140.06/35178.96/17591.58) lat (ms,95%): 23.10 err/s: 0.00 reconn/s: 0.00
[ 50s ] thds: 200 tps: 8797.80 qps: 175955.90 (r/w/o: 123167.27/35193.62/17595.01) lat (ms,95%): 23.10 err/s: 0.00 reconn/s: 0.00
[ 60s ] thds: 200 tps: 8799.45 qps: 175995.84 (r/w/o: 123199.86/35196.99/17598.99) lat (ms,95%): 23.10 err/s: 0.00 reconn/s: 0.00
[ 70s ] thds: 200 tps: 8790.60 qps: 175803.62 (r/w/o: 123060.64/35161.08/17581.89) lat (ms,95%): 23.10 err/s: 0.00 reconn/s: 0.00
[ 80s ] thds: 200 tps: 8782.00 qps: 175650.76 (r/w/o: 122957.87/35128.99/17563.90) lat (ms,95%): 23.10 err/s: 0.00 reconn/s: 0.00
[ 90s ] thds: 200 tps: 8792.78 qps: 175837.94 (r/w/o: 123083.67/35168.91/17585.35) lat (ms,95%): 23.10 err/s: 0.00 reconn/s: 0.00
[ 100s ] thds: 200 tps: 8788.79 qps: 175781.77 (r/w/o: 123048.41/35155.37/17577.99) lat (ms,95%): 23.10 err/s: 0.00 reconn/s: 0.00
[ 110s ] thds: 200 tps: 8791.79 qps: 175836.77 (r/w/o: 123087.01/35166.37/17583.39) lat (ms,95%): 23.10 err/s: 0.00 reconn/s: 0.00
[ 120s ] thds: 200 tps: 8797.50 qps: 175967.65 (r/w/o: 123177.87/35194.59/17595.20) lat (ms,95%): 23.10 err/s: 0.00 reconn/s: 0.00
[ 130s ] thds: 200 tps: 8762.91 qps: 175240.56 (r/w/o: 122667.38/35047.35/17525.83) lat (ms,95%): 23.52 err/s: 0.10 reconn/s: 0.00
[ 140s ] thds: 200 tps: 8740.49 qps: 174798.36 (r/w/o: 122353.83/34963.95/17480.58) lat (ms,95%): 23.52 err/s: 0.00 reconn/s: 0.00
[ 150s ] thds: 200 tps: 8782.81 qps: 175665.97 (r/w/o: 122968.89/35130.95/17566.13) lat (ms,95%): 23.52 err/s: 0.00 reconn/s: 0.00
[ 160s ] thds: 200 tps: 8783.90 qps: 175682.78 (r/w/o: 122978.96/35136.32/17567.51) lat (ms,95%): 23.52 err/s: 0.00 reconn/s: 0.00
[ 170s ] thds: 200 tps: 8783.99 qps: 175668.03 (r/w/o: 122965.51/35134.55/17567.97) lat (ms,95%): 23.52 err/s: 0.00 reconn/s: 0.00
[ 180s ] thds: 200 tps: 8790.82 qps: 175823.88 (r/w/o: 123078.06/35163.78/17582.04) lat (ms,95%): 23.10 err/s: 0.00 reconn/s: 0.00
[ 190s ] thds: 200 tps: 8781.10 qps: 175620.46 (r/w/o: 122934.54/35123.61/17562.31) lat (ms,95%): 23.52 err/s: 0.00 reconn/s: 0.00
[ 200s ] thds: 200 tps: 8784.00 qps: 175685.63 (r/w/o: 122980.42/35137.51/17567.70) lat (ms,95%): 23.52 err/s: 0.00 reconn/s: 0.00
[ 210s ] thds: 200 tps: 8778.51 qps: 175579.65 (r/w/o: 122908.81/35113.53/17557.32) lat (ms,95%): 23.52 err/s: 0.00 reconn/s: 0.00
[ 220s ] thds: 200 tps: 8778.58 qps: 175550.13 (r/w/o: 122879.84/35113.83/17556.46) lat (ms,95%): 23.52 err/s: 0.00 reconn/s: 0.00
[ 230s ] thds: 200 tps: 8784.10 qps: 175681.48 (r/w/o: 122977.05/35136.32/17568.11) lat (ms,95%): 23.52 err/s: 0.00 reconn/s: 0.00
[ 240s ] thds: 200 tps: 8780.31 qps: 175600.90 (r/w/o: 122918.31/35121.76/17560.83) lat (ms,95%): 23.52 err/s: 0.00 reconn/s: 0.00
[ 250s ] thds: 200 tps: 8772.59 qps: 175464.96 (r/w/o: 122830.33/35088.55/17546.08) lat (ms,95%): 23.52 err/s: 0.10 reconn/s: 0.00
[ 260s ] thds: 200 tps: 8742.91 qps: 174867.22 (r/w/o: 122407.46/34974.54/17485.22) lat (ms,95%): 23.52 err/s: 0.00 reconn/s: 0.00
[ 270s ] thds: 200 tps: 8726.49 qps: 174528.54 (r/w/o: 122168.82/34906.15/17453.57) lat (ms,95%): 23.52 err/s: 0.00 reconn/s: 0.00
[ 280s ] thds: 200 tps: 8776.71 qps: 175531.48 (r/w/o: 122869.82/35108.44/17553.22) lat (ms,95%): 23.52 err/s: 0.00 reconn/s: 0.00
[ 290s ] thds: 200 tps: 8773.32 qps: 175464.54 (r/w/o: 122830.04/35088.07/17546.43) lat (ms,95%): 23.52 err/s: 0.00 reconn/s: 0.00
[ 300s ] thds: 200 tps: 8779.89 qps: 175606.32 (r/w/o: 122923.48/35123.36/17559.48) lat (ms,95%): 23.52 err/s: 0.00 reconn/s: 0.00
[ 310s ] thds: 200 tps: 8776.39 qps: 175529.18 (r/w/o: 122870.02/35105.98/17553.19) lat (ms,95%): 23.52 err/s: 0.00 reconn/s: 0.00
SQL statistics:
    queries performed:
        read:                            37834370
        write:                           10809815
        other:                           5404911
        total:                           54049096
    transactions:                        2702453 (8713.37 per sec.)
    queries:                             54049096 (174267.58 per sec.)
    ignored errors:                      2      (0.01 per sec.)
    reconnects:                          0      (0.00 per sec.)

General statistics:
    total time:                          310.1491s
    total number of events:              2702453

Latency (ms):
         min:                                   21.16
         avg:                                   22.95
         max:                                  152.71
         95th percentile:                       23.52
         sum:                             62008529.25

Threads fairness:
    events (avg/stddev):           13512.2650/53.03
    execution time (avg/stddev):   310.0426/0.04

