sysbench 1.0.20-ebf1c90 (using bundled LuaJIT 2.1.0-beta2)

Running the test with following options:
Number of threads: 200
Report intermediate results every 10 second(s)
Initializing random number generator from current time


Initializing worker threads...

Threads started!

[ 10s ] thds: 200 tps: 8657.42 qps: 173329.53 (r/w/o: 121356.13/34639.87/17333.53) lat (ms,95%): 23.52 err/s: 0.00 reconn/s: 0.00
[ 20s ] thds: 200 tps: 8706.85 qps: 174143.32 (r/w/o: 121905.64/34823.68/17413.99) lat (ms,95%): 23.52 err/s: 0.00 reconn/s: 0.00
[ 30s ] thds: 200 tps: 8728.90 qps: 174571.31 (r/w/o: 122196.14/34917.68/17457.49) lat (ms,95%): 23.52 err/s: 0.00 reconn/s: 0.00
[ 40s ] thds: 200 tps: 8731.20 qps: 174631.98 (r/w/o: 122243.86/34925.62/17462.51) lat (ms,95%): 23.52 err/s: 0.00 reconn/s: 0.00
[ 50s ] thds: 200 tps: 8695.04 qps: 173907.33 (r/w/o: 121736.28/34780.57/17390.48) lat (ms,95%): 23.52 err/s: 0.00 reconn/s: 0.00
[ 60s ] thds: 200 tps: 8636.64 qps: 172758.04 (r/w/o: 120934.19/34550.77/17273.08) lat (ms,95%): 24.38 err/s: 0.00 reconn/s: 0.00
[ 70s ] thds: 200 tps: 8699.29 qps: 173962.52 (r/w/o: 121769.68/34794.26/17398.58) lat (ms,95%): 23.52 err/s: 0.10 reconn/s: 0.00
[ 80s ] thds: 200 tps: 8706.48 qps: 174123.19 (r/w/o: 121884.92/34825.12/17413.16) lat (ms,95%): 23.52 err/s: 0.00 reconn/s: 0.00
[ 90s ] thds: 200 tps: 8719.68 qps: 174402.53 (r/w/o: 122086.07/34877.21/17439.25) lat (ms,95%): 23.52 err/s: 0.00 reconn/s: 0.00
[ 100s ] thds: 200 tps: 8713.17 qps: 174258.85 (r/w/o: 121978.74/34853.77/17426.33) lat (ms,95%): 23.52 err/s: 0.00 reconn/s: 0.00
[ 110s ] thds: 200 tps: 8653.60 qps: 173082.54 (r/w/o: 121156.95/34617.59/17307.99) lat (ms,95%): 24.38 err/s: 0.00 reconn/s: 0.00
[ 120s ] thds: 200 tps: 8706.61 qps: 174127.96 (r/w/o: 121893.02/34822.23/17412.72) lat (ms,95%): 23.52 err/s: 0.00 reconn/s: 0.00
[ 130s ] thds: 200 tps: 8716.90 qps: 174316.12 (r/w/o: 122016.65/34865.58/17433.89) lat (ms,95%): 23.52 err/s: 0.00 reconn/s: 0.00
[ 140s ] thds: 200 tps: 8695.46 qps: 173926.41 (r/w/o: 121750.27/34784.72/17391.41) lat (ms,95%): 23.52 err/s: 0.00 reconn/s: 0.00
[ 150s ] thds: 200 tps: 8652.44 qps: 173028.14 (r/w/o: 121117.92/34605.55/17304.67) lat (ms,95%): 24.38 err/s: 0.00 reconn/s: 0.00
[ 160s ] thds: 200 tps: 8682.03 qps: 173653.00 (r/w/o: 121559.45/34730.10/17363.45) lat (ms,95%): 23.95 err/s: 0.00 reconn/s: 0.00
[ 170s ] thds: 200 tps: 8711.99 qps: 174243.73 (r/w/o: 121972.51/34846.75/17424.47) lat (ms,95%): 23.52 err/s: 0.00 reconn/s: 0.00
[ 180s ] thds: 200 tps: 8713.77 qps: 174271.92 (r/w/o: 121985.69/34858.68/17427.54) lat (ms,95%): 23.52 err/s: 0.00 reconn/s: 0.00
[ 190s ] thds: 200 tps: 8717.20 qps: 174350.59 (r/w/o: 122046.66/34869.22/17434.71) lat (ms,95%): 23.52 err/s: 0.00 reconn/s: 0.00
[ 200s ] thds: 200 tps: 8713.52 qps: 174272.23 (r/w/o: 121991.43/34853.87/17426.93) lat (ms,95%): 23.52 err/s: 0.00 reconn/s: 0.00
[ 210s ] thds: 200 tps: 8716.46 qps: 174321.74 (r/w/o: 122022.27/34866.95/17432.52) lat (ms,95%): 23.52 err/s: 0.00 reconn/s: 0.00
[ 220s ] thds: 200 tps: 8716.58 qps: 174339.88 (r/w/o: 122039.51/34866.52/17433.86) lat (ms,95%): 23.52 err/s: 0.00 reconn/s: 0.00
[ 230s ] thds: 200 tps: 8696.41 qps: 173923.75 (r/w/o: 121746.67/34784.45/17392.62) lat (ms,95%): 23.52 err/s: 0.00 reconn/s: 0.00
[ 240s ] thds: 200 tps: 8635.09 qps: 172687.96 (r/w/o: 120881.53/34536.65/17269.78) lat (ms,95%): 24.38 err/s: 0.00 reconn/s: 0.00
[ 250s ] thds: 200 tps: 8676.14 qps: 173543.72 (r/w/o: 121482.81/34708.84/17352.07) lat (ms,95%): 23.52 err/s: 0.00 reconn/s: 0.00
[ 260s ] thds: 200 tps: 8704.39 qps: 174077.05 (r/w/o: 121853.79/34813.87/17409.38) lat (ms,95%): 23.52 err/s: 0.00 reconn/s: 0.00
[ 270s ] thds: 200 tps: 8708.01 qps: 174172.30 (r/w/o: 121921.81/34834.56/17415.93) lat (ms,95%): 23.52 err/s: 0.00 reconn/s: 0.00
[ 280s ] thds: 200 tps: 8705.19 qps: 174107.99 (r/w/o: 121874.32/34823.28/17410.39) lat (ms,95%): 23.52 err/s: 0.00 reconn/s: 0.00
[ 290s ] thds: 200 tps: 8703.31 qps: 174057.50 (r/w/o: 121837.81/34813.46/17406.23) lat (ms,95%): 23.52 err/s: 0.10 reconn/s: 0.00
[ 300s ] thds: 200 tps: 8704.05 qps: 174081.40 (r/w/o: 121859.50/34813.30/17408.60) lat (ms,95%): 23.52 err/s: 0.00 reconn/s: 0.00
[ 310s ] thds: 200 tps: 8695.64 qps: 173934.70 (r/w/o: 121756.99/34786.14/17391.57) lat (ms,95%): 23.52 err/s: 0.00 reconn/s: 0.00
SQL statistics:
    queries performed:
        read:                            37749698
        write:                           10785620
        other:                           5392818
        total:                           53928136
    transactions:                        2696405 (8691.00 per sec.)
    queries:                             53928136 (173820.17 per sec.)
    ignored errors:                      2      (0.01 per sec.)
    reconnects:                          0      (0.00 per sec.)

General statistics:
    total time:                          310.2515s
    total number of events:              2696405

Latency (ms):
         min:                                   21.50
         avg:                                   23.00
         max:                                  263.05
         95th percentile:                       23.52
         sum:                             62008679.37

Threads fairness:
    events (avg/stddev):           13482.0250/29.85
    execution time (avg/stddev):   310.0434/0.06

