sysbench 1.0.20-ebf1c90 (using bundled LuaJIT 2.1.0-beta2)

Running the test with following options:
Number of threads: 200
Report intermediate results every 10 second(s)
Initializing random number generator from current time


Initializing worker threads...

Threads started!

[ 10s ] thds: 200 tps: 8663.79 qps: 173468.23 (r/w/o: 121457.77/34663.97/17346.48) lat (ms,95%): 23.52 err/s: 0.00 reconn/s: 0.00
[ 20s ] thds: 200 tps: 8716.44 qps: 174322.77 (r/w/o: 122024.34/34865.35/17433.08) lat (ms,95%): 23.52 err/s: 0.00 reconn/s: 0.00
[ 30s ] thds: 200 tps: 8735.50 qps: 174717.19 (r/w/o: 122303.59/34942.30/17471.30) lat (ms,95%): 23.52 err/s: 0.10 reconn/s: 0.00
[ 40s ] thds: 200 tps: 8739.71 qps: 174792.84 (r/w/o: 122354.50/34958.83/17479.51) lat (ms,95%): 23.10 err/s: 0.00 reconn/s: 0.00
[ 50s ] thds: 200 tps: 8703.77 qps: 174077.13 (r/w/o: 121854.73/34815.47/17406.93) lat (ms,95%): 23.52 err/s: 0.00 reconn/s: 0.00
[ 60s ] thds: 200 tps: 8645.03 qps: 172915.48 (r/w/o: 121041.88/34582.54/17291.07) lat (ms,95%): 24.38 err/s: 0.10 reconn/s: 0.00
[ 70s ] thds: 200 tps: 8706.31 qps: 174105.78 (r/w/o: 121871.03/34822.84/17411.92) lat (ms,95%): 23.52 err/s: 0.00 reconn/s: 0.00
[ 80s ] thds: 200 tps: 8714.06 qps: 174292.41 (r/w/o: 122006.18/34857.82/17428.41) lat (ms,95%): 23.52 err/s: 0.00 reconn/s: 0.00
[ 90s ] thds: 200 tps: 8728.23 qps: 174557.51 (r/w/o: 122187.36/34913.70/17456.45) lat (ms,95%): 23.52 err/s: 0.00 reconn/s: 0.00
[ 100s ] thds: 200 tps: 8719.40 qps: 174379.80 (r/w/o: 122065.80/34875.00/17439.00) lat (ms,95%): 23.52 err/s: 0.00 reconn/s: 0.00
[ 110s ] thds: 200 tps: 8661.00 qps: 173215.19 (r/w/o: 121249.56/34643.82/17321.81) lat (ms,95%): 24.38 err/s: 0.00 reconn/s: 0.00
[ 120s ] thds: 200 tps: 8712.15 qps: 174256.20 (r/w/o: 121979.03/34853.28/17423.89) lat (ms,95%): 23.52 err/s: 0.00 reconn/s: 0.00
[ 130s ] thds: 200 tps: 8721.56 qps: 174443.55 (r/w/o: 122116.61/34882.63/17444.32) lat (ms,95%): 23.52 err/s: 0.00 reconn/s: 0.00
[ 140s ] thds: 200 tps: 8702.72 qps: 174051.48 (r/w/o: 121833.34/34813.20/17404.95) lat (ms,95%): 23.52 err/s: 0.00 reconn/s: 0.00
[ 150s ] thds: 200 tps: 8660.37 qps: 173200.32 (r/w/o: 121242.09/34637.98/17320.24) lat (ms,95%): 24.38 err/s: 0.00 reconn/s: 0.00
[ 160s ] thds: 200 tps: 8689.51 qps: 173796.67 (r/w/o: 121657.12/34760.33/17379.22) lat (ms,95%): 23.95 err/s: 0.00 reconn/s: 0.00
[ 170s ] thds: 200 tps: 8718.20 qps: 174373.77 (r/w/o: 122061.05/34876.51/17436.21) lat (ms,95%): 23.52 err/s: 0.00 reconn/s: 0.00
[ 180s ] thds: 200 tps: 8722.48 qps: 174436.98 (r/w/o: 122103.67/34887.64/17445.67) lat (ms,95%): 23.52 err/s: 0.20 reconn/s: 0.00
[ 190s ] thds: 200 tps: 8723.53 qps: 174466.83 (r/w/o: 122129.04/34891.03/17446.76) lat (ms,95%): 23.52 err/s: 0.00 reconn/s: 0.00
[ 200s ] thds: 200 tps: 8719.68 qps: 174393.47 (r/w/o: 122075.27/34879.23/17438.97) lat (ms,95%): 23.52 err/s: 0.00 reconn/s: 0.00
[ 210s ] thds: 200 tps: 8722.70 qps: 174456.06 (r/w/o: 122119.17/34890.79/17446.10) lat (ms,95%): 23.52 err/s: 0.00 reconn/s: 0.00
[ 220s ] thds: 200 tps: 8721.93 qps: 174433.61 (r/w/o: 122103.73/34886.42/17443.46) lat (ms,95%): 23.52 err/s: 0.00 reconn/s: 0.00
[ 230s ] thds: 200 tps: 8703.67 qps: 174061.24 (r/w/o: 121838.54/34814.97/17407.73) lat (ms,95%): 23.52 err/s: 0.00 reconn/s: 0.00
[ 240s ] thds: 200 tps: 8640.99 qps: 172836.29 (r/w/o: 120990.46/34563.96/17281.88) lat (ms,95%): 24.38 err/s: 0.00 reconn/s: 0.00
[ 250s ] thds: 200 tps: 8684.42 qps: 173693.54 (r/w/o: 121586.14/34738.57/17368.83) lat (ms,95%): 23.52 err/s: 0.00 reconn/s: 0.00
[ 260s ] thds: 200 tps: 8709.61 qps: 174181.88 (r/w/o: 121924.50/34838.56/17418.83) lat (ms,95%): 23.52 err/s: 0.00 reconn/s: 0.00
[ 270s ] thds: 200 tps: 8714.46 qps: 174294.34 (r/w/o: 122007.30/34858.53/17428.51) lat (ms,95%): 23.52 err/s: 0.00 reconn/s: 0.00
[ 280s ] thds: 200 tps: 8712.44 qps: 174241.11 (r/w/o: 121966.57/34849.26/17425.28) lat (ms,95%): 23.52 err/s: 0.00 reconn/s: 0.00
[ 290s ] thds: 200 tps: 8709.50 qps: 174206.46 (r/w/o: 121945.94/34841.21/17419.31) lat (ms,95%): 23.52 err/s: 0.00 reconn/s: 0.00
[ 300s ] thds: 200 tps: 8711.38 qps: 174220.28 (r/w/o: 121954.08/34843.34/17422.87) lat (ms,95%): 23.52 err/s: 0.00 reconn/s: 0.00
[ 310s ] thds: 200 tps: 8709.35 qps: 174182.94 (r/w/o: 121925.16/34839.29/17418.49) lat (ms,95%): 23.52 err/s: 0.10 reconn/s: 0.00
SQL statistics:
    queries performed:
        read:                            37781170
        write:                           10794610
        other:                           5397310
        total:                           53973090
    transactions:                        2698650 (8700.76 per sec.)
    queries:                             53973090 (174015.50 per sec.)
    ignored errors:                      5      (0.02 per sec.)
    reconnects:                          0      (0.00 per sec.)

General statistics:
    total time:                          310.1615s
    total number of events:              2698650

Latency (ms):
         min:                                   21.48
         avg:                                   22.98
         max:                                  160.35
         95th percentile:                       23.52
         sum:                             62002832.56

Threads fairness:
    events (avg/stddev):           13493.2500/29.66
    execution time (avg/stddev):   310.0142/0.04

