sysbench 1.0.20-ebf1c90 (using bundled LuaJIT 2.1.0-beta2)

Running the test with following options:
Number of threads: 200
Report intermediate results every 10 second(s)
Initializing random number generator from current time


Initializing worker threads...

Threads started!

[ 10s ] thds: 200 tps: 8655.62 qps: 173294.54 (r/w/o: 121334.21/34630.50/17329.84) lat (ms,95%): 23.52 err/s: 0.00 reconn/s: 0.00
[ 20s ] thds: 200 tps: 8704.04 qps: 174084.31 (r/w/o: 121859.37/34815.86/17409.08) lat (ms,95%): 23.52 err/s: 0.00 reconn/s: 0.00
[ 30s ] thds: 200 tps: 8724.69 qps: 174504.73 (r/w/o: 122152.78/34903.37/17448.58) lat (ms,95%): 23.52 err/s: 0.00 reconn/s: 0.00
[ 40s ] thds: 200 tps: 8728.68 qps: 174559.91 (r/w/o: 122192.43/34910.52/17456.96) lat (ms,95%): 23.52 err/s: 0.00 reconn/s: 0.00
[ 50s ] thds: 200 tps: 8688.78 qps: 173787.41 (r/w/o: 121650.63/34758.22/17378.56) lat (ms,95%): 23.95 err/s: 0.00 reconn/s: 0.00
[ 60s ] thds: 200 tps: 8635.75 qps: 172708.54 (r/w/o: 120897.05/34540.59/17270.89) lat (ms,95%): 24.38 err/s: 0.00 reconn/s: 0.00
[ 70s ] thds: 200 tps: 8693.10 qps: 173866.01 (r/w/o: 121706.91/34772.30/17386.80) lat (ms,95%): 23.52 err/s: 0.00 reconn/s: 0.00
[ 80s ] thds: 200 tps: 8700.06 qps: 174017.35 (r/w/o: 121814.88/34802.55/17399.93) lat (ms,95%): 23.52 err/s: 0.00 reconn/s: 0.00
[ 90s ] thds: 200 tps: 8718.91 qps: 174359.78 (r/w/o: 122045.89/34875.86/17438.03) lat (ms,95%): 23.52 err/s: 0.00 reconn/s: 0.00
[ 100s ] thds: 200 tps: 8709.43 qps: 174184.67 (r/w/o: 121931.90/34834.21/17418.56) lat (ms,95%): 23.52 err/s: 0.00 reconn/s: 0.00
[ 110s ] thds: 200 tps: 8647.06 qps: 172951.61 (r/w/o: 121068.28/34589.32/17294.01) lat (ms,95%): 24.38 err/s: 0.00 reconn/s: 0.00
[ 120s ] thds: 200 tps: 8704.35 qps: 174070.59 (r/w/o: 121843.99/34817.80/17408.80) lat (ms,95%): 23.52 err/s: 0.00 reconn/s: 0.00
[ 130s ] thds: 200 tps: 8711.49 qps: 174249.09 (r/w/o: 121976.32/34849.28/17423.49) lat (ms,95%): 23.52 err/s: 0.00 reconn/s: 0.00
[ 140s ] thds: 200 tps: 8692.91 qps: 173866.61 (r/w/o: 121709.08/34772.12/17385.41) lat (ms,95%): 23.52 err/s: 0.00 reconn/s: 0.00
[ 150s ] thds: 200 tps: 8646.58 qps: 172937.13 (r/w/o: 121057.07/34586.71/17293.35) lat (ms,95%): 24.38 err/s: 0.00 reconn/s: 0.00
[ 160s ] thds: 200 tps: 8680.21 qps: 173581.43 (r/w/o: 121504.66/34716.35/17360.42) lat (ms,95%): 23.95 err/s: 0.00 reconn/s: 0.00
[ 170s ] thds: 200 tps: 8708.20 qps: 174174.19 (r/w/o: 121922.16/34835.22/17416.81) lat (ms,95%): 23.52 err/s: 0.00 reconn/s: 0.00
[ 180s ] thds: 200 tps: 8710.06 qps: 174193.66 (r/w/o: 121936.61/34837.23/17419.82) lat (ms,95%): 23.52 err/s: 0.00 reconn/s: 0.00
[ 190s ] thds: 200 tps: 8713.34 qps: 174260.78 (r/w/o: 121981.12/34853.38/17426.29) lat (ms,95%): 23.52 err/s: 0.00 reconn/s: 0.00
[ 200s ] thds: 200 tps: 8709.79 qps: 174203.38 (r/w/o: 121942.72/34840.58/17420.09) lat (ms,95%): 23.52 err/s: 0.00 reconn/s: 0.00
[ 210s ] thds: 200 tps: 8713.30 qps: 174261.79 (r/w/o: 121985.87/34848.82/17427.11) lat (ms,95%): 23.52 err/s: 0.00 reconn/s: 0.00
[ 220s ] thds: 200 tps: 8712.90 qps: 174266.16 (r/w/o: 121985.35/34855.61/17425.21) lat (ms,95%): 23.52 err/s: 0.00 reconn/s: 0.00
[ 230s ] thds: 200 tps: 8690.20 qps: 173814.85 (r/w/o: 121671.57/34762.99/17380.30) lat (ms,95%): 23.52 err/s: 0.00 reconn/s: 0.00
[ 240s ] thds: 200 tps: 8630.20 qps: 172584.65 (r/w/o: 120804.16/34520.29/17260.19) lat (ms,95%): 24.38 err/s: 0.00 reconn/s: 0.00
[ 250s ] thds: 200 tps: 8675.59 qps: 173499.29 (r/w/o: 121447.52/34700.08/17351.69) lat (ms,95%): 23.52 err/s: 0.00 reconn/s: 0.00
[ 260s ] thds: 200 tps: 8699.01 qps: 173996.90 (r/w/o: 121802.54/34797.24/17397.12) lat (ms,95%): 23.52 err/s: 0.00 reconn/s: 0.00
[ 270s ] thds: 200 tps: 8704.20 qps: 174095.40 (r/w/o: 121867.70/34818.20/17409.50) lat (ms,95%): 23.52 err/s: 0.00 reconn/s: 0.00
[ 280s ] thds: 200 tps: 8702.10 qps: 174031.64 (r/w/o: 121819.46/34808.69/17403.49) lat (ms,95%): 23.52 err/s: 0.00 reconn/s: 0.00
[ 290s ] thds: 200 tps: 8698.49 qps: 173974.93 (r/w/o: 121785.48/34792.37/17397.08) lat (ms,95%): 23.52 err/s: 0.00 reconn/s: 0.00
[ 300s ] thds: 200 tps: 8700.40 qps: 174014.17 (r/w/o: 121810.58/34802.79/17400.80) lat (ms,95%): 23.52 err/s: 0.00 reconn/s: 0.00
[ 310s ] thds: 200 tps: 8683.27 qps: 173667.90 (r/w/o: 121565.88/34735.48/17366.54) lat (ms,95%): 23.52 err/s: 0.00 reconn/s: 0.00
SQL statistics:
    queries performed:
        read:                            37732016
        write:                           10780572
        other:                           5390292
        total:                           53902880
    transactions:                        2695144 (8687.28 per sec.)
    queries:                             53902880 (173745.62 per sec.)
    ignored errors:                      0      (0.00 per sec.)
    reconnects:                          0      (0.00 per sec.)

General statistics:
    total time:                          310.2393s
    total number of events:              2695144

Latency (ms):
         min:                                   21.45
         avg:                                   23.01
         max:                                  261.67
         95th percentile:                       23.52
         sum:                             62011995.77

Threads fairness:
    events (avg/stddev):           13475.7200/29.95
    execution time (avg/stddev):   310.0600/0.06

