sysbench 1.0.20-ebf1c90 (using bundled LuaJIT 2.1.0-beta2)

Running the test with following options:
Number of threads: 200
Report intermediate results every 10 second(s)
Initializing random number generator from current time


Initializing worker threads...

Threads started!

[ 10s ] thds: 200 tps: 8291.14 qps: 166119.67 (r/w/o: 116315.17/33203.74/16600.77) lat (ms,95%): 26.20 err/s: 0.00 reconn/s: 0.00
[ 20s ] thds: 200 tps: 8074.66 qps: 161396.78 (r/w/o: 112985.72/32260.13/16150.92) lat (ms,95%): 28.67 err/s: 0.00 reconn/s: 0.00
[ 30s ] thds: 200 tps: 8446.86 qps: 168986.36 (r/w/o: 118287.11/33806.23/16893.02) lat (ms,95%): 25.28 err/s: 0.00 reconn/s: 0.00
[ 40s ] thds: 200 tps: 8588.98 qps: 171743.46 (r/w/o: 120218.99/34346.41/17178.06) lat (ms,95%): 23.95 err/s: 0.00 reconn/s: 0.00
[ 50s ] thds: 200 tps: 8585.53 qps: 171680.10 (r/w/o: 120171.85/34336.60/17171.65) lat (ms,95%): 23.95 err/s: 0.00 reconn/s: 0.00
[ 60s ] thds: 200 tps: 8546.82 qps: 170965.49 (r/w/o: 119684.64/34187.60/17093.25) lat (ms,95%): 24.38 err/s: 0.00 reconn/s: 0.00
[ 70s ] thds: 200 tps: 8576.71 qps: 171567.17 (r/w/o: 120096.99/34317.25/17152.93) lat (ms,95%): 23.95 err/s: 0.00 reconn/s: 0.00
[ 80s ] thds: 200 tps: 8542.03 qps: 170855.89 (r/w/o: 119609.01/34161.82/17085.06) lat (ms,95%): 24.38 err/s: 0.00 reconn/s: 0.00
[ 90s ] thds: 200 tps: 8222.26 qps: 164424.54 (r/w/o: 115096.19/32883.23/16445.11) lat (ms,95%): 28.16 err/s: 0.20 reconn/s: 0.00
[ 100s ] thds: 200 tps: 8043.30 qps: 160867.06 (r/w/o: 112603.77/32177.39/16085.90) lat (ms,95%): 29.19 err/s: 0.10 reconn/s: 0.00
[ 110s ] thds: 200 tps: 8431.40 qps: 168487.67 (r/w/o: 117901.98/33723.19/16862.50) lat (ms,95%): 25.28 err/s: 0.00 reconn/s: 0.00
[ 120s ] thds: 200 tps: 8448.60 qps: 169112.55 (r/w/o: 118394.64/33821.91/16896.01) lat (ms,95%): 24.83 err/s: 0.00 reconn/s: 0.00
[ 130s ] thds: 200 tps: 8470.70 qps: 169296.60 (r/w/o: 118500.07/33853.02/16943.51) lat (ms,95%): 24.83 err/s: 0.00 reconn/s: 0.00
[ 140s ] thds: 200 tps: 8442.19 qps: 168982.17 (r/w/o: 118321.01/33776.67/16884.49) lat (ms,95%): 24.83 err/s: 0.00 reconn/s: 0.00
[ 150s ] thds: 200 tps: 8451.61 qps: 169037.38 (r/w/o: 118314.42/33820.54/16902.42) lat (ms,95%): 25.28 err/s: 0.10 reconn/s: 0.00
[ 160s ] thds: 200 tps: 8409.71 qps: 168160.33 (r/w/o: 117700.06/33643.25/16817.02) lat (ms,95%): 25.74 err/s: 0.00 reconn/s: 0.00
[ 170s ] thds: 200 tps: 8158.28 qps: 163182.10 (r/w/o: 114231.22/32632.22/16318.66) lat (ms,95%): 28.16 err/s: 0.10 reconn/s: 0.00
[ 180s ] thds: 200 tps: 8375.50 qps: 167548.97 (r/w/o: 117308.18/33488.19/16752.60) lat (ms,95%): 25.28 err/s: 0.00 reconn/s: 0.00
[ 190s ] thds: 200 tps: 8434.12 qps: 168631.62 (r/w/o: 118038.29/33724.98/16868.34) lat (ms,95%): 24.83 err/s: 0.00 reconn/s: 0.00
[ 200s ] thds: 200 tps: 8437.23 qps: 168668.12 (r/w/o: 118045.66/33747.90/16874.55) lat (ms,95%): 24.83 err/s: 0.00 reconn/s: 0.00
[ 210s ] thds: 200 tps: 8446.79 qps: 168967.23 (r/w/o: 118266.08/33809.67/16891.48) lat (ms,95%): 24.83 err/s: 0.10 reconn/s: 0.00
[ 220s ] thds: 200 tps: 8442.45 qps: 168921.93 (r/w/o: 118282.32/33752.41/16887.20) lat (ms,95%): 25.28 err/s: 0.00 reconn/s: 0.00
[ 230s ] thds: 200 tps: 8357.62 qps: 167077.96 (r/w/o: 116938.12/33424.49/16715.35) lat (ms,95%): 25.74 err/s: 0.00 reconn/s: 0.00
[ 240s ] thds: 200 tps: 8117.99 qps: 162343.12 (r/w/o: 113634.81/32472.54/16235.77) lat (ms,95%): 28.16 err/s: 0.00 reconn/s: 0.00
[ 250s ] thds: 200 tps: 8340.54 qps: 166905.75 (r/w/o: 116852.42/33372.35/16680.98) lat (ms,95%): 25.74 err/s: 0.00 reconn/s: 0.00
[ 260s ] thds: 200 tps: 8417.88 qps: 168208.35 (r/w/o: 117709.69/33663.41/16835.26) lat (ms,95%): 25.28 err/s: 0.00 reconn/s: 0.00
[ 270s ] thds: 200 tps: 8432.20 qps: 168667.42 (r/w/o: 118066.92/33739.30/16861.20) lat (ms,95%): 24.83 err/s: 0.00 reconn/s: 0.00
[ 280s ] thds: 200 tps: 8422.90 qps: 168430.31 (r/w/o: 117900.71/33680.50/16849.10) lat (ms,95%): 25.28 err/s: 0.00 reconn/s: 0.00
[ 290s ] thds: 200 tps: 8333.60 qps: 166667.16 (r/w/o: 116661.64/33339.31/16666.21) lat (ms,95%): 25.74 err/s: 0.00 reconn/s: 0.00
[ 300s ] thds: 200 tps: 8318.12 qps: 166388.47 (r/w/o: 116476.66/33274.97/16636.84) lat (ms,95%): 25.74 err/s: 0.00 reconn/s: 0.00
[ 310s ] thds: 200 tps: 8108.52 qps: 162180.87 (r/w/o: 113523.96/32440.47/16216.44) lat (ms,95%): 28.16 err/s: 0.00 reconn/s: 0.00
SQL statistics:
    queries performed:
        read:                            36363292
        write:                           10389491
        other:                           5194765
        total:                           51947548
    transactions:                        2597372 (8369.20 per sec.)
    queries:                             51947548 (167384.30 per sec.)
    ignored errors:                      6      (0.02 per sec.)
    reconnects:                          0      (0.00 per sec.)

General statistics:
    total time:                          310.3480s
    total number of events:              2597372

Latency (ms):
         min:                                   21.66
         avg:                                   23.88
         max:                                  349.83
         95th percentile:                       25.74
         sum:                             62014536.63

Threads fairness:
    events (avg/stddev):           12986.8600/19.28
    execution time (avg/stddev):   310.0727/0.07

