sysbench 1.0.20-ebf1c90 (using bundled LuaJIT 2.1.0-beta2)

Running the test with following options:
Number of threads: 200
Report intermediate results every 10 second(s)
Initializing random number generator from current time


Initializing worker threads...

Threads started!

[ 10s ] thds: 200 tps: 8292.63 qps: 166031.57 (r/w/o: 116238.80/33188.52/16604.26) lat (ms,95%): 26.20 err/s: 0.00 reconn/s: 0.00
[ 20s ] thds: 200 tps: 8063.33 qps: 161338.27 (r/w/o: 112972.17/32238.43/16127.67) lat (ms,95%): 28.67 err/s: 0.00 reconn/s: 0.00
[ 30s ] thds: 200 tps: 8452.91 qps: 168981.68 (r/w/o: 118254.60/33823.96/16903.13) lat (ms,95%): 25.28 err/s: 0.00 reconn/s: 0.00
[ 40s ] thds: 200 tps: 8584.99 qps: 171714.15 (r/w/o: 120205.63/34337.55/17170.98) lat (ms,95%): 23.95 err/s: 0.00 reconn/s: 0.00
[ 50s ] thds: 200 tps: 8578.30 qps: 171586.27 (r/w/o: 120124.55/34303.61/17158.11) lat (ms,95%): 23.95 err/s: 0.00 reconn/s: 0.00
[ 60s ] thds: 200 tps: 8543.31 qps: 170900.88 (r/w/o: 119627.80/34186.96/17086.13) lat (ms,95%): 24.38 err/s: 0.00 reconn/s: 0.00
[ 70s ] thds: 200 tps: 8581.80 qps: 171565.69 (r/w/o: 120081.16/34321.72/17162.81) lat (ms,95%): 23.95 err/s: 0.00 reconn/s: 0.00
[ 80s ] thds: 200 tps: 8531.00 qps: 170727.31 (r/w/o: 119526.04/34138.48/17062.79) lat (ms,95%): 24.38 err/s: 0.00 reconn/s: 0.00
[ 90s ] thds: 200 tps: 8217.30 qps: 164311.02 (r/w/o: 115028.71/32846.60/16435.70) lat (ms,95%): 28.16 err/s: 0.10 reconn/s: 0.00
[ 100s ] thds: 200 tps: 8045.51 qps: 160926.71 (r/w/o: 112638.18/32198.82/16089.71) lat (ms,95%): 29.19 err/s: 0.00 reconn/s: 0.00
[ 110s ] thds: 200 tps: 8432.39 qps: 168532.39 (r/w/o: 117956.26/33710.36/16865.78) lat (ms,95%): 25.28 err/s: 0.00 reconn/s: 0.00
[ 120s ] thds: 200 tps: 8459.41 qps: 169155.94 (r/w/o: 118393.10/33844.13/16918.71) lat (ms,95%): 24.83 err/s: 0.20 reconn/s: 0.00
[ 130s ] thds: 200 tps: 8461.99 qps: 169304.81 (r/w/o: 118538.09/33841.84/16924.87) lat (ms,95%): 24.83 err/s: 0.00 reconn/s: 0.00
[ 140s ] thds: 200 tps: 8447.51 qps: 169019.15 (r/w/o: 118314.90/33810.73/16893.51) lat (ms,95%): 24.83 err/s: 0.00 reconn/s: 0.00
[ 150s ] thds: 200 tps: 8455.50 qps: 169026.52 (r/w/o: 118298.02/33817.40/16911.10) lat (ms,95%): 25.28 err/s: 0.00 reconn/s: 0.00
[ 160s ] thds: 200 tps: 8409.50 qps: 168143.99 (r/w/o: 117694.57/33631.02/16818.41) lat (ms,95%): 25.74 err/s: 0.00 reconn/s: 0.00
[ 170s ] thds: 200 tps: 8157.48 qps: 163171.79 (r/w/o: 114221.51/32634.42/16315.86) lat (ms,95%): 28.16 err/s: 0.10 reconn/s: 0.00
[ 180s ] thds: 200 tps: 8370.62 qps: 167521.73 (r/w/o: 117286.63/33494.57/16740.53) lat (ms,95%): 25.28 err/s: 0.00 reconn/s: 0.00
[ 190s ] thds: 200 tps: 8432.50 qps: 168688.45 (r/w/o: 118102.36/33718.89/16867.19) lat (ms,95%): 24.83 err/s: 0.00 reconn/s: 0.00
[ 200s ] thds: 200 tps: 8440.01 qps: 168734.57 (r/w/o: 118107.02/33747.43/16880.12) lat (ms,95%): 24.83 err/s: 0.00 reconn/s: 0.00
[ 210s ] thds: 200 tps: 8456.30 qps: 169030.30 (r/w/o: 118292.60/33825.90/16911.80) lat (ms,95%): 24.83 err/s: 0.00 reconn/s: 0.00
[ 220s ] thds: 200 tps: 8437.40 qps: 168885.78 (r/w/o: 118258.76/33751.22/16875.81) lat (ms,95%): 25.28 err/s: 0.00 reconn/s: 0.00
[ 230s ] thds: 200 tps: 8359.89 qps: 167180.22 (r/w/o: 117025.77/33434.56/16719.88) lat (ms,95%): 25.74 err/s: 0.00 reconn/s: 0.00
[ 240s ] thds: 200 tps: 8121.09 qps: 162385.69 (r/w/o: 113658.52/32484.88/16242.29) lat (ms,95%): 28.16 err/s: 0.00 reconn/s: 0.00
[ 250s ] thds: 200 tps: 8346.30 qps: 166941.67 (r/w/o: 116846.28/33405.19/16690.20) lat (ms,95%): 25.74 err/s: 0.00 reconn/s: 0.00
[ 260s ] thds: 200 tps: 8414.40 qps: 168238.18 (r/w/o: 117768.76/33638.42/16831.01) lat (ms,95%): 25.28 err/s: 0.00 reconn/s: 0.00
[ 270s ] thds: 200 tps: 8435.81 qps: 168680.42 (r/w/o: 118064.86/33744.14/16871.42) lat (ms,95%): 24.83 err/s: 0.00 reconn/s: 0.00
[ 280s ] thds: 200 tps: 8421.11 qps: 168453.69 (r/w/o: 117928.64/33682.44/16842.62) lat (ms,95%): 25.28 err/s: 0.00 reconn/s: 0.00
[ 290s ] thds: 200 tps: 8337.83 qps: 166718.37 (r/w/o: 116689.30/33353.41/16675.66) lat (ms,95%): 25.74 err/s: 0.10 reconn/s: 0.00
[ 300s ] thds: 200 tps: 8320.14 qps: 166430.78 (r/w/o: 116510.45/33279.96/16640.38) lat (ms,95%): 25.74 err/s: 0.00 reconn/s: 0.00
[ 310s ] thds: 200 tps: 8094.73 qps: 161910.74 (r/w/o: 113336.25/32385.33/16189.16) lat (ms,95%): 28.16 err/s: 0.00 reconn/s: 0.00
SQL statistics:
    queries performed:
        read:                            36361444
        write:                           10388960
        other:                           5194506
        total:                           51944910
    transactions:                        2597241 (8370.46 per sec.)
    queries:                             51944910 (167409.42 per sec.)
    ignored errors:                      5      (0.02 per sec.)
    reconnects:                          0      (0.00 per sec.)

General statistics:
    total time:                          310.2857s
    total number of events:              2597241

Latency (ms):
         min:                                   21.66
         avg:                                   23.88
         max:                                  308.45
         95th percentile:                       25.74
         sum:                             62014591.86

Threads fairness:
    events (avg/stddev):           12986.2050/19.03
    execution time (avg/stddev):   310.0730/0.06

