sysbench 1.0.20-ebf1c90 (using bundled LuaJIT 2.1.0-beta2)

Running the test with following options:
Number of threads: 200
Report intermediate results every 10 second(s)
Initializing random number generator from current time


Initializing worker threads...

Threads started!

[ 10s ] thds: 200 tps: 7647.49 qps: 153092.04 (r/w/o: 107175.91/30604.35/15311.77) lat (ms,95%): 29.72 err/s: 0.00 reconn/s: 0.00
[ 20s ] thds: 200 tps: 7688.24 qps: 153834.69 (r/w/o: 107711.33/30743.58/15379.79) lat (ms,95%): 29.19 err/s: 0.10 reconn/s: 0.00
[ 30s ] thds: 200 tps: 7566.39 qps: 151372.64 (r/w/o: 105955.62/30285.45/15131.57) lat (ms,95%): 32.53 err/s: 0.00 reconn/s: 0.00
[ 40s ] thds: 200 tps: 7707.01 qps: 154112.10 (r/w/o: 107890.17/30806.72/15415.21) lat (ms,95%): 29.72 err/s: 0.00 reconn/s: 0.00
[ 50s ] thds: 200 tps: 7629.50 qps: 152589.77 (r/w/o: 106787.78/30544.49/15257.50) lat (ms,95%): 30.26 err/s: 0.10 reconn/s: 0.00
[ 60s ] thds: 200 tps: 7551.34 qps: 151042.36 (r/w/o: 105756.90/30181.07/15104.39) lat (ms,95%): 31.37 err/s: 0.00 reconn/s: 0.00
[ 70s ] thds: 200 tps: 7484.79 qps: 149654.94 (r/w/o: 104729.29/29956.57/14969.08) lat (ms,95%): 31.94 err/s: 0.00 reconn/s: 0.00
[ 80s ] thds: 200 tps: 7850.96 qps: 157086.00 (r/w/o: 109989.87/31393.42/15702.71) lat (ms,95%): 28.16 err/s: 0.00 reconn/s: 0.00
[ 90s ] thds: 200 tps: 7807.03 qps: 156118.67 (r/w/o: 109280.07/31224.63/15613.97) lat (ms,95%): 28.16 err/s: 0.00 reconn/s: 0.00
[ 100s ] thds: 200 tps: 7848.59 qps: 156882.30 (r/w/o: 109793.56/31392.16/15696.58) lat (ms,95%): 28.16 err/s: 0.00 reconn/s: 0.00
[ 110s ] thds: 200 tps: 7663.87 qps: 153237.70 (r/w/o: 107257.25/30652.70/15327.75) lat (ms,95%): 30.26 err/s: 0.00 reconn/s: 0.00
[ 120s ] thds: 200 tps: 7570.02 qps: 151539.22 (r/w/o: 106107.49/30291.18/15140.54) lat (ms,95%): 31.37 err/s: 0.00 reconn/s: 0.00
[ 130s ] thds: 200 tps: 7488.09 qps: 149711.97 (r/w/o: 104793.81/29941.77/14976.39) lat (ms,95%): 31.94 err/s: 0.00 reconn/s: 0.00
[ 140s ] thds: 200 tps: 7781.61 qps: 155554.06 (r/w/o: 108863.41/31128.63/15562.02) lat (ms,95%): 28.67 err/s: 0.00 reconn/s: 0.00
[ 150s ] thds: 200 tps: 7822.91 qps: 156586.33 (r/w/o: 109637.36/31302.35/15646.62) lat (ms,95%): 28.16 err/s: 0.00 reconn/s: 0.00
[ 160s ] thds: 200 tps: 7845.39 qps: 156841.83 (r/w/o: 109786.58/31363.87/15691.38) lat (ms,95%): 28.16 err/s: 0.00 reconn/s: 0.00
[ 170s ] thds: 200 tps: 7689.31 qps: 153781.77 (r/w/o: 107641.49/30762.05/15378.23) lat (ms,95%): 29.72 err/s: 0.00 reconn/s: 0.00
[ 180s ] thds: 200 tps: 7536.89 qps: 150686.99 (r/w/o: 105460.56/30153.66/15072.78) lat (ms,95%): 31.94 err/s: 0.00 reconn/s: 0.00
[ 190s ] thds: 200 tps: 7531.41 qps: 150734.48 (r/w/o: 105550.29/30119.86/15064.33) lat (ms,95%): 31.37 err/s: 0.00 reconn/s: 0.00
[ 200s ] thds: 200 tps: 7757.91 qps: 155180.61 (r/w/o: 108625.28/31039.72/15515.61) lat (ms,95%): 28.67 err/s: 0.00 reconn/s: 0.00
[ 210s ] thds: 200 tps: 7779.54 qps: 155461.13 (r/w/o: 108787.71/31115.45/15557.97) lat (ms,95%): 28.67 err/s: 0.00 reconn/s: 0.00
[ 220s ] thds: 200 tps: 7773.11 qps: 155468.35 (r/w/o: 108832.50/31090.43/15545.41) lat (ms,95%): 28.67 err/s: 0.00 reconn/s: 0.00
[ 230s ] thds: 200 tps: 7685.43 qps: 153848.92 (r/w/o: 107709.53/30767.12/15372.26) lat (ms,95%): 29.72 err/s: 0.10 reconn/s: 0.00
[ 240s ] thds: 200 tps: 7488.60 qps: 149765.53 (r/w/o: 104848.52/29938.81/14978.20) lat (ms,95%): 32.53 err/s: 0.00 reconn/s: 0.00
[ 250s ] thds: 200 tps: 7410.79 qps: 148187.13 (r/w/o: 103735.31/29630.35/14821.47) lat (ms,95%): 33.12 err/s: 0.00 reconn/s: 0.00
[ 260s ] thds: 200 tps: 7543.51 qps: 150870.31 (r/w/o: 105605.67/30177.72/15086.91) lat (ms,95%): 31.37 err/s: 0.00 reconn/s: 0.00
[ 270s ] thds: 200 tps: 7786.30 qps: 155609.89 (r/w/o: 108893.06/31145.02/15571.81) lat (ms,95%): 28.67 err/s: 0.20 reconn/s: 0.00
[ 280s ] thds: 200 tps: 7793.28 qps: 155940.92 (r/w/o: 109167.53/31188.62/15584.76) lat (ms,95%): 28.67 err/s: 0.10 reconn/s: 0.00
[ 290s ] thds: 200 tps: 7662.60 qps: 153263.05 (r/w/o: 107302.14/30631.91/15329.01) lat (ms,95%): 29.72 err/s: 0.00 reconn/s: 0.00
[ 300s ] thds: 200 tps: 7620.82 qps: 152470.39 (r/w/o: 106729.67/30501.38/15239.34) lat (ms,95%): 30.26 err/s: 0.00 reconn/s: 0.00
[ 310s ] thds: 200 tps: 7553.41 qps: 151001.95 (r/w/o: 105702.00/30190.83/15109.11) lat (ms,95%): 31.37 err/s: 0.00 reconn/s: 0.00
SQL statistics:
    queries performed:
        read:                            33262264
        write:                           9503481
        other:                           4751763
        total:                           47517508
    transactions:                        2375870 (7661.78 per sec.)
    queries:                             47517508 (153236.01 per sec.)
    ignored errors:                      6      (0.02 per sec.)
    reconnects:                          0      (0.00 per sec.)

General statistics:
    total time:                          310.0924s
    total number of events:              2375870

Latency (ms):
         min:                                   21.98
         avg:                                   26.10
         max:                                   89.97
         95th percentile:                       29.72
         sum:                             61998912.85

Threads fairness:
    events (avg/stddev):           11879.3500/70.27
    execution time (avg/stddev):   309.9946/0.01

