sysbench 1.0.20-ebf1c90 (using bundled LuaJIT 2.1.0-beta2)

Running the test with following options:
Number of threads: 200
Report intermediate results every 10 second(s)
Initializing random number generator from current time


Initializing worker threads...

Threads started!

[ 10s ] thds: 200 tps: 6571.52 qps: 131616.80 (r/w/o: 92163.27/26291.09/13162.44) lat (ms,95%): 38.25 err/s: 0.00 reconn/s: 0.00
[ 20s ] thds: 200 tps: 6947.81 qps: 138987.39 (r/w/o: 97291.93/27799.44/13896.02) lat (ms,95%): 33.72 err/s: 0.10 reconn/s: 0.00
[ 30s ] thds: 200 tps: 7100.04 qps: 142004.49 (r/w/o: 99403.35/28401.16/14199.98) lat (ms,95%): 32.53 err/s: 0.00 reconn/s: 0.00
[ 40s ] thds: 200 tps: 6849.56 qps: 136976.59 (r/w/o: 95874.53/27402.44/13699.62) lat (ms,95%): 36.24 err/s: 0.10 reconn/s: 0.00
[ 50s ] thds: 200 tps: 6725.00 qps: 134460.08 (r/w/o: 94122.39/26887.60/13450.10) lat (ms,95%): 38.25 err/s: 0.00 reconn/s: 0.00
[ 60s ] thds: 200 tps: 6626.74 qps: 132658.17 (r/w/o: 92875.61/26530.07/13252.49) lat (ms,95%): 38.94 err/s: 0.10 reconn/s: 0.00
[ 70s ] thds: 200 tps: 6793.11 qps: 135754.14 (r/w/o: 95020.90/27146.33/13586.91) lat (ms,95%): 36.24 err/s: 0.00 reconn/s: 0.00
[ 80s ] thds: 200 tps: 7061.95 qps: 141295.37 (r/w/o: 98908.28/28264.19/14122.90) lat (ms,95%): 33.12 err/s: 0.00 reconn/s: 0.00
[ 90s ] thds: 200 tps: 7103.11 qps: 142078.35 (r/w/o: 99459.97/28411.65/14206.72) lat (ms,95%): 32.53 err/s: 0.00 reconn/s: 0.00
[ 100s ] thds: 200 tps: 6853.20 qps: 137037.74 (r/w/o: 95920.96/27411.99/13704.79) lat (ms,95%): 35.59 err/s: 0.00 reconn/s: 0.00
[ 110s ] thds: 200 tps: 6869.20 qps: 137396.37 (r/w/o: 96169.05/27485.91/13741.41) lat (ms,95%): 35.59 err/s: 0.10 reconn/s: 0.00
[ 120s ] thds: 200 tps: 6548.88 qps: 130902.49 (r/w/o: 91632.51/26173.42/13096.56) lat (ms,95%): 39.65 err/s: 0.10 reconn/s: 0.00
[ 130s ] thds: 200 tps: 6700.60 qps: 134069.43 (r/w/o: 93862.85/26803.89/13402.69) lat (ms,95%): 36.89 err/s: 0.00 reconn/s: 0.00
[ 140s ] thds: 200 tps: 6653.68 qps: 133088.30 (r/w/o: 93163.12/26617.82/13307.36) lat (ms,95%): 38.25 err/s: 0.10 reconn/s: 0.00
[ 150s ] thds: 200 tps: 6699.42 qps: 133956.96 (r/w/o: 93749.32/26810.49/13397.15) lat (ms,95%): 37.56 err/s: 0.00 reconn/s: 0.00
[ 160s ] thds: 200 tps: 6827.77 qps: 136555.10 (r/w/o: 95593.95/27304.90/13656.25) lat (ms,95%): 35.59 err/s: 0.00 reconn/s: 0.00
[ 170s ] thds: 200 tps: 6738.10 qps: 134850.02 (r/w/o: 94407.74/26965.08/13477.19) lat (ms,95%): 36.89 err/s: 0.00 reconn/s: 0.00
[ 180s ] thds: 200 tps: 6592.31 qps: 131842.68 (r/w/o: 92296.02/26361.64/13185.02) lat (ms,95%): 38.94 err/s: 0.10 reconn/s: 0.00
[ 190s ] thds: 200 tps: 6844.95 qps: 136773.16 (r/w/o: 95718.48/27364.89/13689.80) lat (ms,95%): 34.95 err/s: 0.10 reconn/s: 0.00
[ 200s ] thds: 200 tps: 6853.93 qps: 137097.94 (r/w/o: 95967.38/27422.31/13708.25) lat (ms,95%): 35.59 err/s: 0.10 reconn/s: 0.00
[ 210s ] thds: 200 tps: 7033.87 qps: 140730.15 (r/w/o: 98519.04/28144.77/14066.33) lat (ms,95%): 33.12 err/s: 0.00 reconn/s: 0.00
[ 220s ] thds: 200 tps: 6804.25 qps: 136059.44 (r/w/o: 95238.56/27212.49/13608.39) lat (ms,95%): 36.24 err/s: 0.00 reconn/s: 0.00
[ 230s ] thds: 200 tps: 6620.50 qps: 132474.43 (r/w/o: 92745.02/26487.31/13242.10) lat (ms,95%): 38.25 err/s: 0.00 reconn/s: 0.00
[ 240s ] thds: 200 tps: 6576.41 qps: 131438.37 (r/w/o: 92000.09/26285.15/13153.13) lat (ms,95%): 38.94 err/s: 0.00 reconn/s: 0.00
[ 250s ] thds: 200 tps: 6962.22 qps: 139295.25 (r/w/o: 97504.81/27867.99/13922.44) lat (ms,95%): 33.72 err/s: 0.10 reconn/s: 0.00
[ 260s ] thds: 200 tps: 6819.20 qps: 136396.12 (r/w/o: 95482.12/27273.80/13640.20) lat (ms,95%): 35.59 err/s: 0.00 reconn/s: 0.00
[ 270s ] thds: 200 tps: 6963.81 qps: 139255.27 (r/w/o: 97481.42/27845.73/13928.12) lat (ms,95%): 33.72 err/s: 0.00 reconn/s: 0.00
[ 280s ] thds: 200 tps: 6749.26 qps: 135001.34 (r/w/o: 94509.87/26992.75/13498.72) lat (ms,95%): 36.24 err/s: 0.00 reconn/s: 0.00
[ 290s ] thds: 200 tps: 6669.93 qps: 133380.24 (r/w/o: 93348.98/26691.41/13339.85) lat (ms,95%): 38.25 err/s: 0.00 reconn/s: 0.00
[ 300s ] thds: 200 tps: 6609.18 qps: 132193.48 (r/w/o: 92544.67/26430.94/13217.87) lat (ms,95%): 38.25 err/s: 0.00 reconn/s: 0.00
[ 310s ] thds: 200 tps: 6896.92 qps: 137895.30 (r/w/o: 96517.38/27583.88/13794.04) lat (ms,95%): 34.33 err/s: 0.00 reconn/s: 0.00
SQL statistics:
    queries performed:
        read:                            29496432
        write:                           8427529
        other:                           4213779
        total:                           42137740
    transactions:                        2106878 (6784.86 per sec.)
    queries:                             42137740 (135697.82 per sec.)
    ignored errors:                      10     (0.03 per sec.)
    reconnects:                          0      (0.00 per sec.)

General statistics:
    total time:                          310.5253s
    total number of events:              2106878

Latency (ms):
         min:                                   22.01
         avg:                                   29.44
         max:                                  554.18
         95th percentile:                       36.24
         sum:                             62026993.83

Threads fairness:
    events (avg/stddev):           10534.3900/26.99
    execution time (avg/stddev):   310.1350/0.12

