sysbench 1.0.20-ebf1c90 (using bundled LuaJIT 2.1.0-beta2)

Running the test with following options:
Number of threads: 200
Report intermediate results every 10 second(s)
Initializing random number generator from current time


Initializing worker threads...

Threads started!

[ 10s ] thds: 200 tps: 6580.88 qps: 131798.10 (r/w/o: 92284.72/26332.02/13181.36) lat (ms,95%): 38.25 err/s: 0.00 reconn/s: 0.00
[ 20s ] thds: 200 tps: 6952.36 qps: 139113.00 (r/w/o: 97386.14/27821.64/13905.22) lat (ms,95%): 33.72 err/s: 0.00 reconn/s: 0.00
[ 30s ] thds: 200 tps: 7100.25 qps: 141949.64 (r/w/o: 99360.73/28389.71/14199.20) lat (ms,95%): 32.53 err/s: 0.00 reconn/s: 0.00
[ 40s ] thds: 200 tps: 6843.17 qps: 136911.39 (r/w/o: 95846.57/27378.08/13686.74) lat (ms,95%): 36.24 err/s: 0.00 reconn/s: 0.00
[ 50s ] thds: 200 tps: 6720.39 qps: 134336.00 (r/w/o: 94013.36/26884.06/13438.58) lat (ms,95%): 38.25 err/s: 0.00 reconn/s: 0.00
[ 60s ] thds: 200 tps: 6632.23 qps: 132686.05 (r/w/o: 92898.89/26519.61/13267.56) lat (ms,95%): 38.94 err/s: 0.00 reconn/s: 0.00
[ 70s ] thds: 200 tps: 6783.32 qps: 135641.37 (r/w/o: 94929.66/27146.57/13565.14) lat (ms,95%): 36.24 err/s: 0.00 reconn/s: 0.00
[ 80s ] thds: 200 tps: 7065.19 qps: 141322.19 (r/w/o: 98945.33/28245.28/14131.59) lat (ms,95%): 33.12 err/s: 0.00 reconn/s: 0.00
[ 90s ] thds: 200 tps: 7107.39 qps: 142135.06 (r/w/o: 99493.93/28426.45/14214.68) lat (ms,95%): 32.53 err/s: 0.00 reconn/s: 0.00
[ 100s ] thds: 200 tps: 6850.14 qps: 137002.23 (r/w/o: 95896.58/27405.07/13700.58) lat (ms,95%): 35.59 err/s: 0.10 reconn/s: 0.00
[ 110s ] thds: 200 tps: 6869.11 qps: 137442.39 (r/w/o: 96213.23/27492.24/13736.92) lat (ms,95%): 35.59 err/s: 0.00 reconn/s: 0.00
[ 120s ] thds: 200 tps: 6543.63 qps: 130876.41 (r/w/o: 91607.03/26183.12/13086.26) lat (ms,95%): 39.65 err/s: 0.00 reconn/s: 0.00
[ 130s ] thds: 200 tps: 6708.42 qps: 134036.59 (r/w/o: 93809.24/26809.00/13418.35) lat (ms,95%): 36.89 err/s: 0.00 reconn/s: 0.00
[ 140s ] thds: 200 tps: 6653.24 qps: 133129.44 (r/w/o: 93207.69/26614.67/13307.08) lat (ms,95%): 38.25 err/s: 0.00 reconn/s: 0.00
[ 150s ] thds: 200 tps: 6695.81 qps: 133956.41 (r/w/o: 93779.45/26786.74/13390.22) lat (ms,95%): 37.56 err/s: 0.00 reconn/s: 0.00
[ 160s ] thds: 200 tps: 6823.01 qps: 136469.67 (r/w/o: 95527.19/27294.75/13647.73) lat (ms,95%): 35.59 err/s: 0.00 reconn/s: 0.00
[ 170s ] thds: 200 tps: 6738.14 qps: 134740.13 (r/w/o: 94321.31/26942.45/13476.37) lat (ms,95%): 36.89 err/s: 0.00 reconn/s: 0.00
[ 180s ] thds: 200 tps: 6600.62 qps: 132009.58 (r/w/o: 92408.54/26399.60/13201.45) lat (ms,95%): 38.25 err/s: 0.00 reconn/s: 0.00
[ 190s ] thds: 200 tps: 6835.18 qps: 136726.90 (r/w/o: 95699.65/27358.40/13668.85) lat (ms,95%): 34.95 err/s: 0.00 reconn/s: 0.00
[ 200s ] thds: 200 tps: 6858.88 qps: 137200.79 (r/w/o: 96044.58/27436.84/13719.37) lat (ms,95%): 35.59 err/s: 0.00 reconn/s: 0.00
[ 210s ] thds: 200 tps: 7043.98 qps: 140864.08 (r/w/o: 98608.51/28168.42/14087.16) lat (ms,95%): 33.12 err/s: 0.00 reconn/s: 0.00
[ 220s ] thds: 200 tps: 6806.21 qps: 136108.42 (r/w/o: 95269.49/27226.42/13612.51) lat (ms,95%): 36.24 err/s: 0.00 reconn/s: 0.00
[ 230s ] thds: 200 tps: 6624.95 qps: 132479.61 (r/w/o: 92734.91/26494.30/13250.40) lat (ms,95%): 38.94 err/s: 0.00 reconn/s: 0.00
[ 240s ] thds: 200 tps: 6569.21 qps: 131357.22 (r/w/o: 91936.75/26282.74/13137.72) lat (ms,95%): 38.94 err/s: 0.00 reconn/s: 0.00
[ 250s ] thds: 200 tps: 6965.25 qps: 139354.42 (r/w/o: 97570.51/27852.90/13931.00) lat (ms,95%): 33.72 err/s: 0.00 reconn/s: 0.00
[ 260s ] thds: 200 tps: 6818.88 qps: 136361.31 (r/w/o: 95445.63/27277.72/13637.96) lat (ms,95%): 35.59 err/s: 0.00 reconn/s: 0.00
[ 270s ] thds: 200 tps: 6961.86 qps: 139207.26 (r/w/o: 97435.58/27848.25/13923.43) lat (ms,95%): 33.72 err/s: 0.00 reconn/s: 0.00
[ 280s ] thds: 200 tps: 6754.67 qps: 135050.56 (r/w/o: 94528.42/27013.09/13509.05) lat (ms,95%): 36.89 err/s: 0.00 reconn/s: 0.00
[ 290s ] thds: 200 tps: 6662.82 qps: 133359.95 (r/w/o: 93369.84/26663.37/13326.73) lat (ms,95%): 38.25 err/s: 0.00 reconn/s: 0.00
[ 300s ] thds: 200 tps: 6614.92 qps: 132265.17 (r/w/o: 92581.73/26454.79/13228.65) lat (ms,95%): 38.25 err/s: 0.00 reconn/s: 0.00
[ 310s ] thds: 200 tps: 6908.01 qps: 138104.55 (r/w/o: 96660.77/27629.05/13814.72) lat (ms,95%): 34.33 err/s: 0.00 reconn/s: 0.00
SQL statistics:
    queries performed:
        read:                            29499806
        write:                           8428506
        other:                           4214266
        total:                           42142578
    transactions:                        2107128 (6785.44 per sec.)
    queries:                             42142578 (135708.89 per sec.)
    ignored errors:                      1      (0.00 per sec.)
    reconnects:                          0      (0.00 per sec.)

General statistics:
    total time:                          310.5356s
    total number of events:              2107128

Latency (ms):
         min:                                   22.08
         avg:                                   29.44
         max:                                  545.49
         95th percentile:                       36.24
         sum:                             62025889.26

Threads fairness:
    events (avg/stddev):           10535.6400/23.84
    execution time (avg/stddev):   310.1294/0.13

