sysbench 1.0.20-ebf1c90 (using bundled LuaJIT 2.1.0-beta2)

Running the test with following options:
Number of threads: 200
Report intermediate results every 10 second(s)
Initializing random number generator from current time


Initializing worker threads...

Threads started!

[ 10s ] thds: 200 tps: 4578.89 qps: 91801.10 (r/w/o: 64293.68/18330.04/9177.37) lat (ms,95%): 63.32 err/s: 0.00 reconn/s: 0.00
[ 20s ] thds: 200 tps: 5004.41 qps: 100050.76 (r/w/o: 70021.31/20020.53/10008.92) lat (ms,95%): 53.85 err/s: 0.00 reconn/s: 0.00
[ 30s ] thds: 200 tps: 4812.29 qps: 96237.66 (r/w/o: 67366.60/19246.87/9624.19) lat (ms,95%): 58.92 err/s: 0.00 reconn/s: 0.00
[ 40s ] thds: 200 tps: 4675.70 qps: 93539.55 (r/w/o: 65487.26/18701.09/9351.19) lat (ms,95%): 62.19 err/s: 0.00 reconn/s: 0.00
[ 50s ] thds: 200 tps: 4841.51 qps: 96860.35 (r/w/o: 67804.57/19372.05/9683.72) lat (ms,95%): 58.92 err/s: 0.00 reconn/s: 0.00
[ 60s ] thds: 200 tps: 4805.50 qps: 96105.49 (r/w/o: 67274.29/19222.80/9608.40) lat (ms,95%): 59.99 err/s: 0.00 reconn/s: 0.00
[ 70s ] thds: 200 tps: 4689.90 qps: 93839.02 (r/w/o: 65696.75/18760.58/9381.69) lat (ms,95%): 62.19 err/s: 0.00 reconn/s: 0.00
[ 80s ] thds: 200 tps: 4863.81 qps: 97289.97 (r/w/o: 68108.09/19453.35/9728.53) lat (ms,95%): 58.92 err/s: 0.00 reconn/s: 0.00
[ 90s ] thds: 200 tps: 5019.45 qps: 100336.54 (r/w/o: 70227.26/20070.59/10038.69) lat (ms,95%): 54.83 err/s: 0.10 reconn/s: 0.00
[ 100s ] thds: 200 tps: 4924.29 qps: 98515.89 (r/w/o: 68956.53/19710.78/9848.59) lat (ms,95%): 56.84 err/s: 0.00 reconn/s: 0.00
[ 110s ] thds: 200 tps: 4946.95 qps: 98933.87 (r/w/o: 69251.48/19787.99/9894.40) lat (ms,95%): 55.82 err/s: 0.00 reconn/s: 0.00
[ 120s ] thds: 200 tps: 4945.20 qps: 98962.66 (r/w/o: 69279.67/19792.49/9890.50) lat (ms,95%): 55.82 err/s: 0.00 reconn/s: 0.00
[ 130s ] thds: 200 tps: 5047.22 qps: 100844.75 (r/w/o: 70587.74/20162.87/10094.13) lat (ms,95%): 54.83 err/s: 0.00 reconn/s: 0.00
[ 140s ] thds: 200 tps: 4744.51 qps: 94837.34 (r/w/o: 66374.77/18975.25/9487.32) lat (ms,95%): 59.99 err/s: 0.00 reconn/s: 0.00
[ 150s ] thds: 200 tps: 4864.24 qps: 97366.38 (r/w/o: 68179.42/19456.58/9730.39) lat (ms,95%): 56.84 err/s: 0.00 reconn/s: 0.00
[ 160s ] thds: 200 tps: 4962.37 qps: 99281.24 (r/w/o: 69473.31/19882.99/9924.94) lat (ms,95%): 54.83 err/s: 0.00 reconn/s: 0.00
[ 170s ] thds: 200 tps: 4691.25 qps: 93727.90 (r/w/o: 65607.37/18738.52/9382.01) lat (ms,95%): 59.99 err/s: 0.00 reconn/s: 0.00
[ 180s ] thds: 200 tps: 4929.90 qps: 98700.54 (r/w/o: 69117.43/19722.61/9860.50) lat (ms,95%): 55.82 err/s: 0.00 reconn/s: 0.00
[ 190s ] thds: 200 tps: 4953.99 qps: 98922.36 (r/w/o: 69215.73/19798.65/9907.98) lat (ms,95%): 55.82 err/s: 0.00 reconn/s: 0.00
[ 200s ] thds: 200 tps: 5037.70 qps: 100852.43 (r/w/o: 70615.12/20161.81/10075.50) lat (ms,95%): 53.85 err/s: 0.00 reconn/s: 0.00
[ 210s ] thds: 200 tps: 4892.60 qps: 97836.61 (r/w/o: 68491.11/19560.40/9785.10) lat (ms,95%): 56.84 err/s: 0.00 reconn/s: 0.00
[ 220s ] thds: 200 tps: 4604.00 qps: 92065.41 (r/w/o: 64433.84/18423.48/9208.09) lat (ms,95%): 63.32 err/s: 0.00 reconn/s: 0.00
[ 230s ] thds: 200 tps: 4787.72 qps: 95823.13 (r/w/o: 67088.50/19160.09/9574.54) lat (ms,95%): 58.92 err/s: 0.00 reconn/s: 0.00
[ 240s ] thds: 200 tps: 4934.38 qps: 98621.93 (r/w/o: 69024.37/19727.71/9869.85) lat (ms,95%): 55.82 err/s: 0.00 reconn/s: 0.00
[ 250s ] thds: 200 tps: 4784.42 qps: 95671.11 (r/w/o: 66959.42/19143.76/9567.93) lat (ms,95%): 58.92 err/s: 0.10 reconn/s: 0.00
[ 260s ] thds: 200 tps: 4851.31 qps: 97071.96 (r/w/o: 67963.31/19405.13/9703.52) lat (ms,95%): 56.84 err/s: 0.00 reconn/s: 0.00
[ 270s ] thds: 200 tps: 4764.67 qps: 95268.95 (r/w/o: 66678.34/19062.47/9528.13) lat (ms,95%): 61.08 err/s: 0.00 reconn/s: 0.00
[ 280s ] thds: 200 tps: 4518.92 qps: 90415.59 (r/w/o: 63302.78/18073.28/9039.54) lat (ms,95%): 66.84 err/s: 0.00 reconn/s: 0.00
[ 290s ] thds: 200 tps: 4297.80 qps: 85922.69 (r/w/o: 60144.89/17182.50/8595.30) lat (ms,95%): 69.29 err/s: 0.00 reconn/s: 0.00
[ 300s ] thds: 200 tps: 4854.00 qps: 97058.67 (r/w/o: 67934.95/19415.91/9707.81) lat (ms,95%): 57.87 err/s: 0.00 reconn/s: 0.00
[ 310s ] thds: 200 tps: 4960.30 qps: 99276.19 (r/w/o: 69481.26/19877.02/9917.91) lat (ms,95%): 54.83 err/s: 0.00 reconn/s: 0.00
SQL statistics:
    queries performed:
        read:                            20945372
        write:                           5984377
        other:                           2992207
        total:                           29921956
    transactions:                        1496096 (4817.93 per sec.)
    queries:                             29921956 (96358.74 per sec.)
    ignored errors:                      2      (0.01 per sec.)
    reconnects:                          0      (0.00 per sec.)

General statistics:
    total time:                          310.5257s
    total number of events:              1496096

Latency (ms):
         min:                                   23.31
         avg:                                   41.45
         max:                                  531.35
         95th percentile:                       58.92
         sum:                             62019032.55

Threads fairness:
    events (avg/stddev):           7480.4800/51.72
    execution time (avg/stddev):   310.0952/0.14

