22:07:22
sysbench 1.0.20-ebf1c90 (using bundled LuaJIT 2.1.0-beta2)

Initializing worker threads...

Creating table 'sbtest15'...
Creating table 'sbtest36'...
Creating table 'sbtest25'...
Creating table 'sbtest26'...
Inserting 1000000 records into 'sbtest15'
Creating table 'sbtest17'...
Inserting 1000000 records into 'sbtest36'
Creating table 'sbtest5'...
Inserting 1000000 records into 'sbtest25'
Inserting 1000000 records into 'sbtest26'
Inserting 1000000 records into 'sbtest17'
Inserting 1000000 records into 'sbtest5'
Creating table 'sbtest18'...
Creating table 'sbtest10'...
Creating table 'sbtest22'...
Creating table 'sbtest19'...
Creating table 'sbtest38'...
Creating table 'sbtest7'...
Creating table 'sbtest35'...
Creating table 'sbtest11'...
Creating table 'sbtest33'...
Creating table 'sbtest29'...
Creating table 'sbtest40'...
Creating table 'sbtest2'...
Creating table 'sbtest6'...
Inserting 1000000 records into 'sbtest18'
Creating table 'sbtest28'...
Creating table 'sbtest16'...
Creating table 'sbtest12'...
Creating table 'sbtest37'...
Creating table 'sbtest14'...
Creating table 'sbtest39'...
Creating table 'sbtest1'...
Creating table 'sbtest31'...
Creating table 'sbtest9'...
Creating table 'sbtest4'...
Inserting 1000000 records into 'sbtest10'
Inserting 1000000 records into 'sbtest22'
Creating table 'sbtest32'...
Creating table 'sbtest27'...
Creating table 'sbtest24'...
Creating table 'sbtest42'...
Creating table 'sbtest13'...
Creating table 'sbtest8'...
Creating table 'sbtest21'...
Creating table 'sbtest3'...
Creating table 'sbtest41'...
Creating table 'sbtest20'...
Inserting 1000000 records into 'sbtest7'
Inserting 1000000 records into 'sbtest35'
Inserting 1000000 records into 'sbtest19'
Creating table 'sbtest34'...
Inserting 1000000 records into 'sbtest38'
Inserting 1000000 records into 'sbtest11'
Inserting 1000000 records into 'sbtest29'
Inserting 1000000 records into 'sbtest33'
Inserting 1000000 records into 'sbtest6'
Inserting 1000000 records into 'sbtest2'
Inserting 1000000 records into 'sbtest16'
Inserting 1000000 records into 'sbtest12'
Inserting 1000000 records into 'sbtest28'
Inserting 1000000 records into 'sbtest14'
Inserting 1000000 records into 'sbtest27'
Inserting 1000000 records into 'sbtest37'
Inserting 1000000 records into 'sbtest39'
Inserting 1000000 records into 'sbtest4'
Inserting 1000000 records into 'sbtest31'
Inserting 1000000 records into 'sbtest40'
Inserting 1000000 records into 'sbtest1'
Inserting 1000000 records into 'sbtest9'
Creating table 'sbtest23'...
Inserting 1000000 records into 'sbtest24'
Inserting 1000000 records into 'sbtest13'
Creating table 'sbtest30'...
Inserting 1000000 records into 'sbtest42'
Inserting 1000000 records into 'sbtest32'
Inserting 1000000 records into 'sbtest3'Inserting 1000000 records into 'sbtest21'

Inserting 1000000 records into 'sbtest34'
Inserting 1000000 records into 'sbtest41'
Inserting 1000000 records into 'sbtest8'
Inserting 1000000 records into 'sbtest20'
Inserting 1000000 records into 'sbtest23'
Inserting 1000000 records into 'sbtest30'
Creating a secondary index on 'sbtest35'...
Creating a secondary index on 'sbtest10'...
Creating table 'sbtest77'...
Inserting 1000000 records into 'sbtest77'
Creating a secondary index on 'sbtest29'...
Creating a secondary index on 'sbtest25'...
Creating a secondary index on 'sbtest7'...
Creating table 'sbtest52'...
Inserting 1000000 records into 'sbtest52'
Creating a secondary index on 'sbtest12'...
Creating a secondary index on 'sbtest38'...
Creating a secondary index on 'sbtest26'...
Creating a secondary index on 'sbtest5'...
Creating a secondary index on 'sbtest39'...
Creating table 'sbtest71'...
Creating table 'sbtest67'...
Creating table 'sbtest49'...
Inserting 1000000 records into 'sbtest49'
Inserting 1000000 records into 'sbtest71'
Inserting 1000000 records into 'sbtest67'
Creating a secondary index on 'sbtest3'...
Creating a secondary index on 'sbtest22'...
Creating a secondary index on 'sbtest24'...
Creating a secondary index on 'sbtest19'...
Creating a secondary index on 'sbtest15'...
Creating a secondary index on 'sbtest31'...
Creating a secondary index on 'sbtest32'...
Creating table 'sbtest68'...
Inserting 1000000 records into 'sbtest68'
Creating table 'sbtest81'...
Creating a secondary index on 'sbtest6'...
Inserting 1000000 records into 'sbtest81'
Creating table 'sbtest54'...
Inserting 1000000 records into 'sbtest54'
Creating a secondary index on 'sbtest17'...
Creating a secondary index on 'sbtest40'...
Creating a secondary index on 'sbtest20'...
Creating a secondary index on 'sbtest36'...
Creating a secondary index on 'sbtest13'...
Creating a secondary index on 'sbtest14'...
Creating a secondary index on 'sbtest42'...
Creating a secondary index on 'sbtest30'...
Creating a secondary index on 'sbtest1'...
Creating a secondary index on 'sbtest34'...
Creating a secondary index on 'sbtest23'...
Creating a secondary index on 'sbtest4'...
Creating a secondary index on 'sbtest41'...
Creating a secondary index on 'sbtest21'...
Creating a secondary index on 'sbtest18'...
Creating a secondary index on 'sbtest37'...
Creating a secondary index on 'sbtest11'...
Creating a secondary index on 'sbtest33'...
Creating a secondary index on 'sbtest27'...
Creating table 'sbtest47'...
Creating a secondary index on 'sbtest9'...
Inserting 1000000 records into 'sbtest47'
Creating a secondary index on 'sbtest8'...
Creating a secondary index on 'sbtest28'...
Creating a secondary index on 'sbtest2'...
Creating table 'sbtest45'...
Inserting 1000000 records into 'sbtest45'
Creating table 'sbtest64'...
Inserting 1000000 records into 'sbtest64'
Creating table 'sbtest66'...
Inserting 1000000 records into 'sbtest66'
Creating a secondary index on 'sbtest16'...
Creating table 'sbtest80'...
Inserting 1000000 records into 'sbtest80'
Creating table 'sbtest61'...
Inserting 1000000 records into 'sbtest61'
Creating table 'sbtest43'...
Inserting 1000000 records into 'sbtest43'
Creating table 'sbtest72'...
Inserting 1000000 records into 'sbtest72'
Creating table 'sbtest78'...
Inserting 1000000 records into 'sbtest78'
Creating table 'sbtest76'...
Inserting 1000000 records into 'sbtest76'
Creating table 'sbtest46'...
Inserting 1000000 records into 'sbtest46'
Creating table 'sbtest62'...
Inserting 1000000 records into 'sbtest62'
Creating table 'sbtest56'...
Inserting 1000000 records into 'sbtest56'
Creating table 'sbtest58'...
Inserting 1000000 records into 'sbtest58'
Creating table 'sbtest74'...
Inserting 1000000 records into 'sbtest74'
Creating table 'sbtest60'...
Inserting 1000000 records into 'sbtest60'
Creating table 'sbtest57'...
Inserting 1000000 records into 'sbtest57'
Creating table 'sbtest73'...
Inserting 1000000 records into 'sbtest73'
Creating table 'sbtest53'...
Inserting 1000000 records into 'sbtest53'
Creating table 'sbtest51'...
Inserting 1000000 records into 'sbtest51'
Creating table 'sbtest59'...
Inserting 1000000 records into 'sbtest59'
Creating table 'sbtest48'...
Inserting 1000000 records into 'sbtest48'
Creating table 'sbtest82'...
Inserting 1000000 records into 'sbtest82'
Creating table 'sbtest55'...
Inserting 1000000 records into 'sbtest55'
Creating table 'sbtest84'...
Inserting 1000000 records into 'sbtest84'
Creating table 'sbtest63'...
Inserting 1000000 records into 'sbtest63'
Creating table 'sbtest65'...
Inserting 1000000 records into 'sbtest65'
Creating table 'sbtest83'...
Inserting 1000000 records into 'sbtest83'
Creating table 'sbtest75'...
Creating table 'sbtest70'...
Inserting 1000000 records into 'sbtest75'
Inserting 1000000 records into 'sbtest70'
Creating table 'sbtest44'...
Inserting 1000000 records into 'sbtest44'
Creating table 'sbtest79'...
Inserting 1000000 records into 'sbtest79'
Creating table 'sbtest50'...
Inserting 1000000 records into 'sbtest50'
Creating table 'sbtest69'...
Inserting 1000000 records into 'sbtest69'
Creating a secondary index on 'sbtest67'...
Creating a secondary index on 'sbtest52'...
Creating a secondary index on 'sbtest49'...
Creating a secondary index on 'sbtest71'...
Creating a secondary index on 'sbtest77'...
Creating a secondary index on 'sbtest54'...
Creating a secondary index on 'sbtest68'...
Creating a secondary index on 'sbtest81'...
Creating a secondary index on 'sbtest47'...
Creating a secondary index on 'sbtest45'...
Creating a secondary index on 'sbtest80'...
Creating a secondary index on 'sbtest66'...
Creating a secondary index on 'sbtest64'...
Creating a secondary index on 'sbtest61'...
Creating a secondary index on 'sbtest78'...
Creating a secondary index on 'sbtest46'...
Creating a secondary index on 'sbtest74'...
Creating a secondary index on 'sbtest73'...
Creating a secondary index on 'sbtest76'...
Creating a secondary index on 'sbtest62'...
Creating a secondary index on 'sbtest43'...
Creating a secondary index on 'sbtest58'...
Creating a secondary index on 'sbtest72'...
Creating a secondary index on 'sbtest75'...
Creating a secondary index on 'sbtest82'...
Creating a secondary index on 'sbtest48'...
Creating a secondary index on 'sbtest60'...
Creating a secondary index on 'sbtest59'...
Creating a secondary index on 'sbtest70'...
Creating a secondary index on 'sbtest44'...
Creating a secondary index on 'sbtest57'...
Creating a secondary index on 'sbtest53'...
Creating a secondary index on 'sbtest65'...
Creating a secondary index on 'sbtest55'...
Creating a secondary index on 'sbtest69'...
Creating a secondary index on 'sbtest56'...
Creating a secondary index on 'sbtest84'...
Creating a secondary index on 'sbtest51'...
Creating a secondary index on 'sbtest83'...
Creating a secondary index on 'sbtest63'...
Creating a secondary index on 'sbtest79'...
Creating a secondary index on 'sbtest50'...

real	0m43.688s
user	1m10.436s
sys	0m3.768s
PREPARE_EXIT=0
22:08:05
