=== [16:39:22] sb16 start
=== [16:39:22] 1 dataset 250 x 0.8M
tmpfs           300G     0  300G   0% /mnt/pgramdisk
1G hugepages: 134 (want 134), per node 134
CREATE ROLE
CREATE DATABASE
init done
sbtest size: 49 GB
WARNING:  permission denied to vacuum "pg_database", skipping it
WARNING:  permission denied to vacuum "pg_tablespace", skipping it
WARNING:  permission denied to vacuum "pg_shdescription", skipping it
WARNING:  permission denied to vacuum "pg_auth_members", skipping it
WARNING:  permission denied to vacuum "pg_authid", skipping it
WARNING:  permission denied to vacuum "pg_db_role_setting", skipping it
WARNING:  permission denied to vacuum "pg_shdepend", skipping it
WARNING:  permission denied to vacuum "pg_replication_origin", skipping it
WARNING:  permission denied to vacuum "pg_shseclabel", skipping it
WARNING:  permission denied to vacuum "pg_parameter_acl", skipping it
WARNING:  permission denied to vacuum "pg_subscription", skipping it
golden: 109G
/opt/g15-pg18-base 6085cabc1498 bolt=0
/opt/g15sb-pg18-pgoltob 81a3c772a9b4 bolt=1
/opt/g15-pg18-pgoltob 2b4d8844dc0c bolt=1
=== [16:42:31] 2 ladder: mirrored, 32..1024 threads, 120 s warm + 240 s each
started base md5=6085cabc1498 aff=0-63 autovacuum=off ckpt=1h age=75295
01-base	32	13352.9	15.5	7.3	3.66	0	0	0
01-base	64	25781.6	35.6	14.4	3.24	0	0	0
01-base	128	39165.8	72.4	23.7	4.02	0	0	0
01-base	256	51296.3	88.1	34.1	7.00	0	0	0
01-base	512	55247.1	98.2	39.5	15.93	0	0	0
01-base	1024	50469.7	99.1	37.3	45.28	0	0	0
started sbpgoltob md5=81a3c772a9b4 aff=0-63 autovacuum=off ckpt=1h age=75295
02-sbpgoltob	32	14162.4	14.3	7.6	3.39	0	0	0
02-sbpgoltob	64	27353.9	31.8	14.8	3.07	0	0	0
02-sbpgoltob	128	41828.0	66.4	25.8	3.81	0	0	0
02-sbpgoltob	256	56505.4	85.4	39.2	6.20	0	0	0
02-sbpgoltob	512	62793.0	96.8	45.3	13.58	0	0	0
02-sbpgoltob	1024	56876.8	98.7	43.5	37.55	0	0	0
started hdbpgoltob md5=2b4d8844dc0c aff=0-63 autovacuum=off ckpt=1h age=75295
03-hdbpgoltob	32	13873.3	14.5	7.5	3.53	0	0	0
03-hdbpgoltob	64	27391.8	34.0	15.2	3.05	0	0	0
03-hdbpgoltob	128	40595.3	67.9	24.3	3.89	0	0	0
03-hdbpgoltob	256	54824.7	86.2	38.0	6.43	0	0	0
03-hdbpgoltob	512	60083.1	96.9	43.7	14.53	0	0	0
03-hdbpgoltob	1024	54833.9	99.0	41.9	39.96	0	0	0
started hdbpgoltob md5=2b4d8844dc0c aff=0-63 autovacuum=off ckpt=1h age=75295
04-hdbpgoltob	32	13889.0	14.8	7.3	3.51	0	0	0
04-hdbpgoltob	64	27603.0	35.1	15.2	3.01	0	0	0
04-hdbpgoltob	128	41151.0	67.4	25.3	3.83	0	0	0
04-hdbpgoltob	256	54866.6	86.6	37.1	6.40	0	0	0
04-hdbpgoltob	512	60350.2	97.6	42.3	14.37	0	0	0
04-hdbpgoltob	1024	54853.2	99.0	40.4	39.57	0	0	0
started sbpgoltob md5=81a3c772a9b4 aff=0-63 autovacuum=off ckpt=1h age=75295
05-sbpgoltob	32	14274.0	14.2	7.9	3.28	0	0	0
05-sbpgoltob	64	27400.3	32.5	15.1	3.04	0	0	0
05-sbpgoltob	128	41952.9	67.1	25.8	3.78	0	0	0
05-sbpgoltob	256	56464.2	85.4	38.5	6.17	0	0	0
05-sbpgoltob	512	62866.2	96.9	45.5	13.60	0	0	0
05-sbpgoltob	1024	56921.1	98.8	43.8	37.38	0	0	0
started base md5=6085cabc1498 aff=0-63 autovacuum=off ckpt=1h age=75295
06-base	32	13287.9	15.6	7.2	3.72	0	0	0
06-base	64	26324.8	36.6	15.0	3.17	0	0	0
06-base	128	39162.2	72.3	23.7	4.02	0	0	0
06-base	256	51320.3	88.3	34.2	6.95	0	0	0
06-base	512	55239.8	98.5	39.3	15.92	0	0	0
06-base	1024	50291.3	99.1	37.2	45.39	0	0	0
=== [20:35:31] 3 summary
| threads | base tps | sbpgoltob | vs base | hdbpgoltob | vs base | busy base/sb/hdb | CPU/txn sb / hdb |
|---|---|---|---|---|---|---|---|
| 32 | 13320 | 14218 | +6.74% | 13881 | +4.21% | 15.6/14.2/14.7 | -14.1% / -9.6% |
| 64 | 26053 | 27377 | +5.08% | 27497 | +5.54% | 36.1/32.1/34.5 | -15.2% / -9.3% |
| 128 | 39164 | 41890 | +6.96% | 40873 | +4.36% | 72.3/66.8/67.7 | -13.7% / -10.4% |
| 256 | 51308 | 56485 | +10.09% | 54846 | +6.89% | 88.2/85.4/86.4 | -12.0% / -8.4% |
| 512 | 55243 | 62830 | +13.73% | 60217 | +9.00% | 98.3/96.8/97.2 | -13.4% / -9.3% |
| 1024 | 50380 | 56899 | +12.94% | 54844 | +8.86% | 99.1/98.8/99.0 | -11.8% / -8.2% |
| mean | | | +9.26% | | +6.48% | | |
=== [20:35:32] SB16_DONE
